[INFO] [1783940918.590248346] [acados_nmpc_node]: acados NMPC node starting, building/loading solver...
Code reuse possible, skipping code generation.
acados was compiled without OpenMP.
[INFO] [1783940918.598777962] [acados_nmpc_node]: Warming up acados solver...
[INFO] [1783940918.603981994] [acados_nmpc_node]: Solver warmup complete, took 4.7 ms
[INFO] [1783940918.618715926] [acados_nmpc_node]: Decoupled publish enabled: solve @10Hz, body_rate/thrust @50Hz (trajectory interpolation)
[INFO] [1783940918.619236082] [acados_nmpc_node]: acados NMPC node initialized! Waiting for EKF2 convergence...
[INFO] [1783940938.621991876] [acados_nmpc_node]: Waiting for EKF2 convergence... 10/10 s
[INFO] [1783940938.722700126] [acados_nmpc_node]: Switching to OFFBOARD mode
[INFO] [1783940938.822517130] [acados_nmpc_node]: Sending arm command
[INFO] [1783940939.822228483] [acados_nmpc_node]: Armed, preparing to move to trajectory start...
[INFO] [1783940944.723387868] [acados_nmpc_node]: Moving to trajectory start... xy=0.023m z=0.629m v=0.36m/s
[INFO] [1783940947.522455408] [acados_nmpc_node]: Reached trajectory start, NMPC tracking begins!
[INFO] [1783940949.647401016] [acados_nmpc_node]: t=2.1s | pos_err=0.026m | T=20.08N | tau=[r0.002 p0.001 y0.102]Nm | peak=[r0.009 p0.004 y0.102]Nm | res_stat=1.790e-07(peak 9.543e-07) sqp_iter=5 | solve=6.6ms
[WARN] [1783940950.426944896] [acados_nmpc_node]: t=2.90s | Torque near constraint limit! roll=5% pitch=0% yaw=86% | pos_err=0.036m | peak roll=0.027 pitch=0.004 yaw=0.173 Nm
[WARN] [1783940953.630262109] [acados_nmpc_node]: t=6.10s | Torque near constraint limit! roll=4% pitch=0% yaw=85% | pos_err=0.048m | peak roll=0.027 pitch=0.006 yaw=0.173 Nm
[INFO] [1783940954.627484136] [acados_nmpc_node]: t=7.1s | pos_err=0.013m | T=20.14N | tau=[r-0.005 p0.003 y-0.040]Nm | peak=[r0.027 p0.006 y0.173]Nm | res_stat=5.688e-07(peak 9.763e-07) sqp_iter=3 | solve=1.6ms
[INFO] [1783940959.649302803] [acados_nmpc_node]: t=12.1s | pos_err=0.017m | T=20.21N | tau=[r0.001 p-0.001 y0.006]Nm | peak=[r0.027 p0.006 y0.173]Nm | res_stat=9.254e-08(peak 9.983e-07) sqp_iter=3 | solve=4.7ms
[INFO] [1783940964.630567390] [acados_nmpc_node]: t=17.1s | pos_err=0.035m | T=20.27N | tau=[r0.005 p0.001 y0.004]Nm | peak=[r0.027 p0.006 y0.173]Nm | res_stat=1.980e-07(peak 9.983e-07) sqp_iter=3 | solve=1.6ms
[INFO] [1783940969.632518283] [acados_nmpc_node]: t=22.1s | pos_err=0.032m | T=20.31N | tau=[r0.002 p-0.001 y0.006]Nm | peak=[r0.027 p0.006 y0.173]Nm | res_stat=9.835e-08(peak 9.983e-07) sqp_iter=3 | solve=2.0ms
[INFO] [1783940974.629045756] [acados_nmpc_node]: t=27.1s | pos_err=0.036m | T=20.05N | tau=[r0.001 p0.000 y0.044]Nm | peak=[r0.027 p0.006 y0.173]Nm | res_stat=5.194e-07(peak 9.983e-07) sqp_iter=3 | solve=1.5ms
[INFO] [1783940977.547629731] [acados_nmpc_node]: t=30.0s | Drop triggered (mass switched to empty).
[INFO] [1783940977.555900624] [acados_nmpc_node]: [drop-window] t=30.02s pos_err=0.025m T=20.09N z=3.423 m_est=2.059
[INFO] [1783940977.626359338] [acados_nmpc_node]: [drop-window] t=30.10s pos_err=0.027m T=20.10N z=3.415 m_est=2.059
[INFO] [1783940977.729410251] [acados_nmpc_node]: [drop-window] t=30.20s pos_err=0.028m T=20.06N z=3.408 m_est=2.059
[INFO] [1783940977.831589648] [acados_nmpc_node]: [drop-window] t=30.31s pos_err=0.028m T=20.01N z=3.401 m_est=2.059
[INFO] [1783940977.949064676] [acados_nmpc_node]: [drop-window] t=30.42s pos_err=0.026m T=19.97N z=3.394 m_est=2.059
[INFO] [1783940978.054840702] [acados_nmpc_node]: [drop-window] t=30.53s pos_err=0.025m T=19.95N z=3.386 m_est=2.058
[INFO] [1783940978.133750138] [acados_nmpc_node]: [drop-window] t=30.61s pos_err=0.026m T=20.05N z=3.376 m_est=2.058
[INFO] [1783940978.249103124] [acados_nmpc_node]: [drop-window] t=30.72s pos_err=0.024m T=20.07N z=3.366 m_est=2.057
[INFO] [1783940978.349136154] [acados_nmpc_node]: [drop-window] t=30.82s pos_err=0.024m T=20.14N z=3.353 m_est=2.057
[INFO] [1783940978.448136377] [acados_nmpc_node]: [drop-window] t=30.92s pos_err=0.024m T=20.18N z=3.340 m_est=2.056
[INFO] [1783940978.530481270] [acados_nmpc_node]: [drop-window] t=31.01s pos_err=0.027m T=17.33N z=3.336 m_est=2.056
[INFO] [1783940978.629785017] [acados_nmpc_node]: [drop-window] t=31.10s pos_err=0.055m T=13.52N z=3.368 m_est=2.056
[INFO] [1783940978.748739787] [acados_nmpc_node]: [drop-window] t=31.22s pos_err=0.131m T=10.14N z=3.436 m_est=2.050
[INFO] [1783940978.849919719] [acados_nmpc_node]: [drop-window] t=31.32s pos_err=0.220m T=7.37N z=3.513 m_est=1.983
[INFO] [1783940978.950362928] [acados_nmpc_node]: [drop-window] t=31.42s pos_err=0.316m T=4.30N z=3.597 m_est=1.678
[INFO] [1783940979.050926129] [acados_nmpc_node]: [drop-window] t=31.52s pos_err=0.393m T=3.61N z=3.662 m_est=1.534
[INFO] [1783940979.149931671] [acados_nmpc_node]: [drop-window] t=31.62s pos_err=0.446m T=4.76N z=3.702 m_est=1.463
[INFO] [1783940979.250140920] [acados_nmpc_node]: [drop-window] t=31.72s pos_err=0.464m T=6.36N z=3.707 m_est=1.413
[INFO] [1783940979.350230715] [acados_nmpc_node]: [drop-window] t=31.82s pos_err=0.450m T=8.16N z=3.680 m_est=1.366
[INFO] [1783940979.430203643] [acados_nmpc_node]: [drop-window] t=31.91s pos_err=0.415m T=9.59N z=3.633 m_est=1.319
[INFO] [1783940979.528138166] [acados_nmpc_node]: [drop-window] t=32.00s pos_err=0.361m T=10.90N z=3.566 m_est=1.280
[INFO] [1783940979.627177776] [acados_nmpc_node]: Payload drop settled.
[INFO] [1783940979.630234575] [acados_nmpc_node]: [drop-window] t=32.11s pos_err=0.306m T=11.77N z=3.495 m_est=1.248
[INFO] [1783940979.631215460] [acados_nmpc_node]: t=32.1s | pos_err=0.306m | T=11.77N | tau=[r0.005 p0.005 y0.038]Nm | peak=[r0.027 p0.006 y0.173]Nm | res_stat=3.254e-07(peak 9.983e-07) sqp_iter=4 | solve=1.7ms
[INFO] [1783940979.729131943] [acados_nmpc_node]: [drop-window] t=32.20s pos_err=0.241m T=12.60N z=3.416 m_est=1.225
[INFO] [1783940979.854487480] [acados_nmpc_node]: [drop-window] t=32.33s pos_err=0.188m T=13.17N z=3.344 m_est=1.211
[INFO] [1783940979.929377088] [acados_nmpc_node]: [drop-window] t=32.40s pos_err=0.126m T=13.80N z=3.270 m_est=1.204
[INFO] [1783940980.031216459] [acados_nmpc_node]: [drop-window] t=32.51s pos_err=0.081m T=14.12N z=3.205 m_est=1.202
[INFO] [1783940980.135886918] [acados_nmpc_node]: [drop-window] t=32.61s pos_err=0.048m T=14.30N z=3.144 m_est=1.203
[INFO] [1783940980.229382382] [acados_nmpc_node]: [drop-window] t=32.70s pos_err=0.043m T=14.31N z=3.095 m_est=1.205
[INFO] [1783940980.355224997] [acados_nmpc_node]: [drop-window] t=32.83s pos_err=0.059m T=14.13N z=3.052 m_est=1.208
[INFO] [1783940980.455205264] [acados_nmpc_node]: [drop-window] t=32.93s pos_err=0.071m T=13.95N z=3.020 m_est=1.212
[INFO] [1783940980.549423650] [acados_nmpc_node]: [drop-window] t=33.02s pos_err=0.078m T=13.67N z=2.993 m_est=1.215
[INFO] [1783940980.629965542] [acados_nmpc_node]: [drop-window] t=33.11s pos_err=0.081m T=13.40N z=2.974 m_est=1.219
[INFO] [1783940980.730174322] [acados_nmpc_node]: [drop-window] t=33.21s pos_err=0.081m T=13.11N z=2.958 m_est=1.222
[INFO] [1783940980.828602751] [acados_nmpc_node]: [drop-window] t=33.30s pos_err=0.077m T=12.87N z=2.946 m_est=1.224
[INFO] [1783940980.930172819] [acados_nmpc_node]: [drop-window] t=33.41s pos_err=0.071m T=12.71N z=2.936 m_est=1.230
[INFO] [1783940981.033442656] [acados_nmpc_node]: [drop-window] t=33.51s pos_err=0.066m T=12.63N z=2.928 m_est=1.238
[INFO] [1783940981.149805534] [acados_nmpc_node]: [drop-window] t=33.62s pos_err=0.062m T=12.56N z=2.919 m_est=1.247
[INFO] [1783940981.249483572] [acados_nmpc_node]: [drop-window] t=33.72s pos_err=0.058m T=12.52N z=2.911 m_est=1.255
[INFO] [1783940981.328988314] [acados_nmpc_node]: [drop-window] t=33.80s pos_err=0.050m T=12.50N z=2.903 m_est=1.263
[INFO] [1783940981.432093567] [acados_nmpc_node]: [drop-window] t=33.91s pos_err=0.047m T=12.41N z=2.896 m_est=1.268
[INFO] [1783940981.530891116] [acados_nmpc_node]: [drop-window] t=34.01s pos_err=0.043m T=12.34N z=2.888 m_est=1.271
[INFO] [1783940981.629972482] [acados_nmpc_node]: [drop-window] t=34.11s pos_err=0.042m T=12.26N z=2.880 m_est=1.272
[INFO] [1783940981.728929152] [acados_nmpc_node]: [drop-window] t=34.20s pos_err=0.040m T=12.21N z=2.872 m_est=1.272
[INFO] [1783940981.829278843] [acados_nmpc_node]: [drop-window] t=34.30s pos_err=0.042m T=12.16N z=2.864 m_est=1.272
[INFO] [1783940981.935789539] [acados_nmpc_node]: [drop-window] t=34.41s pos_err=0.042m T=12.15N z=2.854 m_est=1.271
[INFO] [1783940982.029803763] [acados_nmpc_node]: [drop-window] t=34.51s pos_err=0.041m T=12.15N z=2.844 m_est=1.270
[INFO] [1783940982.129852229] [acados_nmpc_node]: [drop-window] t=34.61s pos_err=0.039m T=12.16N z=2.833 m_est=1.269
[INFO] [1783940982.228833578] [acados_nmpc_node]: [drop-window] t=34.70s pos_err=0.037m T=12.15N z=2.823 m_est=1.267
[INFO] [1783940982.355034853] [acados_nmpc_node]: [drop-window] t=34.83s pos_err=0.038m T=12.12N z=2.812 m_est=1.266
[INFO] [1783940982.428575340] [acados_nmpc_node]: [drop-window] t=34.90s pos_err=0.034m T=12.17N z=2.801 m_est=1.265
[INFO] [1783940982.555634235] [acados_nmpc_node]: [drop-window] t=35.03s pos_err=0.032m T=12.20N z=2.787 m_est=1.263
[INFO] [1783940982.633060038] [acados_nmpc_node]: [drop-window] t=35.11s pos_err=0.026m T=12.29N z=2.772 m_est=1.262
[INFO] [1783940982.755102626] [acados_nmpc_node]: [drop-window] t=35.23s pos_err=0.021m T=12.35N z=2.756 m_est=1.261
[INFO] [1783940982.829733654] [acados_nmpc_node]: [drop-window] t=35.31s pos_err=0.019m T=12.44N z=2.741 m_est=1.261
[INFO] [1783940982.952141826] [acados_nmpc_node]: [drop-window] t=35.42s pos_err=0.016m T=12.47N z=2.724 m_est=1.261
[INFO] [1783940983.056915349] [acados_nmpc_node]: [drop-window] t=35.53s pos_err=0.015m T=12.48N z=2.710 m_est=1.261
[INFO] [1783940983.130284255] [acados_nmpc_node]: [drop-window] t=35.61s pos_err=0.023m T=12.53N z=2.695 m_est=1.261
[INFO] [1783940983.233942252] [acados_nmpc_node]: [drop-window] t=35.71s pos_err=0.023m T=12.51N z=2.682 m_est=1.261
[INFO] [1783940983.325414386] [acados_nmpc_node]: [drop-window] t=35.80s pos_err=0.025m T=12.48N z=2.669 m_est=1.261
[INFO] [1783940983.427753154] [acados_nmpc_node]: [drop-window] t=35.90s pos_err=0.024m T=12.43N z=2.659 m_est=1.261
[INFO] [1783940983.549843775] [acados_nmpc_node]: [drop-window] t=36.02s pos_err=0.022m T=12.36N z=2.648 m_est=1.261
[INFO] [1783940983.650954775] [acados_nmpc_node]: [drop-window] t=36.12s pos_err=0.021m T=12.31N z=2.639 m_est=1.261
[INFO] [1783940983.730356867] [acados_nmpc_node]: [drop-window] t=36.21s pos_err=0.021m T=12.30N z=2.631 m_est=1.261
[INFO] [1783940983.849405547] [acados_nmpc_node]: [drop-window] t=36.32s pos_err=0.020m T=12.26N z=2.623 m_est=1.261
[INFO] [1783940983.949010307] [acados_nmpc_node]: [drop-window] t=36.42s pos_err=0.021m T=12.26N z=2.614 m_est=1.262
[INFO] [1783940984.050896807] [acados_nmpc_node]: [drop-window] t=36.52s pos_err=0.022m T=12.28N z=2.606 m_est=1.262
[INFO] [1783940984.151575667] [acados_nmpc_node]: [drop-window] t=36.62s pos_err=0.024m T=12.32N z=2.597 m_est=1.262
[INFO] [1783940984.251579973] [acados_nmpc_node]: [drop-window] t=36.72s pos_err=0.028m T=12.35N z=2.589 m_est=1.262
[INFO] [1783940984.330863400] [acados_nmpc_node]: [drop-window] t=36.81s pos_err=0.030m T=12.41N z=2.580 m_est=1.262
[INFO] [1783940984.431390284] [acados_nmpc_node]: [drop-window] t=36.91s pos_err=0.037m T=12.43N z=2.572 m_est=1.262
[INFO] [1783940984.554066801] [acados_nmpc_node]: [drop-window] t=37.02s pos_err=0.048m T=12.42N z=2.564 m_est=1.262
[INFO] [1783940984.659540678] [acados_nmpc_node]: [drop-window] t=37.13s pos_err=0.055m T=12.41N z=2.556 m_est=1.262
[INFO] [1783940984.662111627] [acados_nmpc_node]: t=37.1s | pos_err=0.055m | T=12.41N | tau=[r-0.013 p0.005 y-0.110]Nm | peak=[r0.027 p0.006 y0.173]Nm | res_stat=3.667e-07(peak 9.983e-07) sqp_iter=4 | solve=5.3ms
[INFO] [1783940984.734608211] [acados_nmpc_node]: [drop-window] t=37.21s pos_err=0.056m T=12.42N z=2.550 m_est=1.261
[INFO] [1783940984.830575730] [acados_nmpc_node]: [drop-window] t=37.31s pos_err=0.061m T=12.41N z=2.544 m_est=1.261
[INFO] [1783940984.956711277] [acados_nmpc_node]: [drop-window] t=37.43s pos_err=0.069m T=12.37N z=2.537 m_est=1.260
[INFO] [1783940985.031227338] [acados_nmpc_node]: [drop-window] t=37.51s pos_err=0.067m T=12.34N z=2.532 m_est=1.258
[INFO] [1783940985.156242129] [acados_nmpc_node]: [drop-window] t=37.63s pos_err=0.073m T=12.31N z=2.528 m_est=1.257
[INFO] [1783940985.230839386] [acados_nmpc_node]: [drop-window] t=37.71s pos_err=0.070m T=12.29N z=2.525 m_est=1.255
[INFO] [1783940985.331063923] [acados_nmpc_node]: [drop-window] t=37.81s pos_err=0.070m T=12.29N z=2.521 m_est=1.253
[INFO] [1783940985.430306442] [acados_nmpc_node]: [drop-window] t=37.91s pos_err=0.069m T=12.32N z=2.517 m_est=1.250
[INFO] [1783940989.631000004] [acados_nmpc_node]: t=42.1s | pos_err=0.038m | T=12.14N | tau=[r-0.006 p0.004 y-0.088]Nm | peak=[r0.027 p0.012 y0.173]Nm | res_stat=6.129e-07(peak 9.983e-07) sqp_iter=4 | solve=1.8ms
[ros2run]: Killed
