[INFO] [1785137696.982798455] [acados_nmpc_node]: acados NMPC node starting, building/loading solver...
Code reuse possible, skipping code generation.
acados was compiled without OpenMP.
[INFO] [1785137696.991858598] [acados_nmpc_node]: Warming up acados solver...
[INFO] [1785137696.997316133] [acados_nmpc_node]: Solver warmup complete, took 4.9 ms
[INFO] [1785137697.013977702] [acados_nmpc_node]: Decoupled publish enabled: solve @10Hz, body_rate/thrust @50Hz (trajectory interpolation)
[INFO] [1785137697.014447636] [acados_nmpc_node]: acados NMPC node initialized! Waiting for EKF2 convergence...
[INFO] [1785137717.016953055] [acados_nmpc_node]: Waiting for EKF2 convergence... 10/10 s
[INFO] [1785137717.128484121] [acados_nmpc_node]: Switching to OFFBOARD mode
[INFO] [1785137718.128301493] [acados_nmpc_node]: Sending arm command
[INFO] [1785137719.117246049] [acados_nmpc_node]: Armed, preparing to move to trajectory start...
[INFO] [1785137724.018176459] [acados_nmpc_node]: Moving to trajectory start... xy=0.048m z=0.656m v=0.38m/s
[INFO] [1785137727.133159430] [acados_nmpc_node]: Reached trajectory start, NMPC tracking begins!
[INFO] [1785137728.941303082] [acados_nmpc_node]: t=1.8s | pos_err=0.012m | T=20.04N | tau=[r0.005 p0.001 y0.051]Nm | res_stat=1.907e-07(peak 7.233e-07) sqp_iter=5 | solve=6.3ms
[INFO] [1785137733.939129976] [acados_nmpc_node]: t=6.8s | pos_err=0.016m | T=19.95N | tau=[r-0.003 p0.002 y0.016]Nm | res_stat=8.094e-07(peak 9.982e-07) sqp_iter=3 | solve=3.7ms
[INFO] [1785137738.944341708] [acados_nmpc_node]: t=11.8s | pos_err=0.305m | T=20.32N | tau=[r-0.009 p0.008 y-0.001]Nm | res_stat=2.833e-07(peak 9.982e-07) sqp_iter=5 | solve=6.2ms
[INFO] [1785137743.934479725] [acados_nmpc_node]: t=16.8s | pos_err=0.285m | T=20.38N | tau=[r0.007 p0.003 y-0.025]Nm | res_stat=8.627e-07(peak 9.982e-07) sqp_iter=5 | solve=2.0ms
[INFO] [1785137748.943709854] [acados_nmpc_node]: t=21.8s | pos_err=0.257m | T=20.47N | tau=[r-0.008 p-0.003 y0.003]Nm | res_stat=7.594e-07(peak 9.982e-07) sqp_iter=5 | solve=3.8ms
[INFO] [1785137753.947374105] [acados_nmpc_node]: t=26.8s | pos_err=0.298m | T=20.26N | tau=[r0.017 p-0.003 y0.066]Nm | res_stat=9.832e-07(peak 9.982e-07) sqp_iter=5 | solve=4.7ms
[INFO] [1785137757.142509114] [acados_nmpc_node]: t=30.0s | Drop triggered (mass switched to empty).
[INFO] [1785137757.151339340] [acados_nmpc_node]: [drop-window] t=30.01s pos_err=0.283m T=20.21N z=3.444 m_est=2.061
[INFO] [1785137757.222856993] [acados_nmpc_node]: [drop-window] t=30.09s pos_err=0.281m T=20.18N z=3.437 m_est=2.061
[INFO] [1785137757.340196913] [acados_nmpc_node]: [drop-window] t=30.20s pos_err=0.284m T=20.13N z=3.429 m_est=2.061
[INFO] [1785137757.423889687] [acados_nmpc_node]: [drop-window] t=30.29s pos_err=0.282m T=20.12N z=3.422 m_est=2.061
[INFO] [1785137757.524882881] [acados_nmpc_node]: [drop-window] t=30.39s pos_err=0.284m T=20.09N z=3.415 m_est=2.061
[INFO] [1785137757.644332330] [acados_nmpc_node]: [drop-window] t=30.51s pos_err=0.287m T=20.05N z=3.407 m_est=2.060
[INFO] [1785137757.744496852] [acados_nmpc_node]: [drop-window] t=30.61s pos_err=0.289m T=20.03N z=3.399 m_est=2.060
[INFO] [1785137757.845181552] [acados_nmpc_node]: [drop-window] t=30.71s pos_err=0.289m T=20.07N z=3.391 m_est=2.059
[INFO] [1785137757.945111255] [acados_nmpc_node]: [drop-window] t=30.81s pos_err=0.291m T=20.11N z=3.382 m_est=2.058
[INFO] [1785137758.025957418] [acados_nmpc_node]: [drop-window] t=30.89s pos_err=0.289m T=20.19N z=3.371 m_est=2.058
[INFO] [1785137758.149266602] [acados_nmpc_node]: [drop-window] t=31.01s pos_err=0.296m T=20.17N z=3.360 m_est=2.057
[INFO] [1785137758.234263275] [acados_nmpc_node]: [drop-window] t=31.10s pos_err=0.293m T=20.18N z=3.348 m_est=2.056
[INFO] [1785137758.343057236] [acados_nmpc_node]: [drop-window] t=31.21s pos_err=0.296m T=20.16N z=3.337 m_est=2.055
[INFO] [1785137758.439716925] [acados_nmpc_node]: [drop-window] t=31.31s pos_err=0.295m T=20.16N z=3.324 m_est=2.054
[INFO] [1785137758.547969516] [acados_nmpc_node]: [drop-window] t=31.41s pos_err=0.297m T=20.13N z=3.313 m_est=2.053
[INFO] [1785137758.637283487] [acados_nmpc_node]: [drop-window] t=31.50s pos_err=0.292m T=20.16N z=3.299 m_est=2.052
[INFO] [1785137758.746313619] [acados_nmpc_node]: [drop-window] t=31.61s pos_err=0.294m T=20.15N z=3.286 m_est=2.051
[INFO] [1785137758.849893023] [acados_nmpc_node]: [drop-window] t=31.71s pos_err=0.291m T=20.18N z=3.271 m_est=2.050
[INFO] [1785137758.950247172] [acados_nmpc_node]: [drop-window] t=31.81s pos_err=0.290m T=20.20N z=3.257 m_est=2.049
[INFO] [1785137758.952479205] [acados_nmpc_node]: t=31.8s | pos_err=0.290m | T=20.20N | tau=[r-0.008 p0.009 y0.033]Nm | res_stat=8.754e-07(peak 9.982e-07) sqp_iter=5 | solve=5.5ms
[INFO] [1785137759.025013435] [acados_nmpc_node]: [drop-window] t=31.89s pos_err=0.282m T=20.28N z=3.241 m_est=2.048
[INFO] [1785137759.124891422] [acados_nmpc_node]: [drop-window] t=31.99s pos_err=0.283m T=20.31N z=3.227 m_est=2.047
[INFO] [1785137759.225262357] [acados_nmpc_node]: Payload drop settled.
[INFO] [1785137759.228956942] [acados_nmpc_node]: [drop-window] t=32.09s pos_err=0.283m T=20.32N z=3.210 m_est=2.047
[INFO] [1785137759.348415183] [acados_nmpc_node]: [drop-window] t=32.21s pos_err=0.290m T=20.29N z=3.195 m_est=2.046
[INFO] [1785137759.444213254] [acados_nmpc_node]: [drop-window] t=32.31s pos_err=0.290m T=20.30N z=3.179 m_est=2.047
[INFO] [1785137759.550056301] [acados_nmpc_node]: [drop-window] t=32.41s pos_err=0.297m T=20.30N z=3.165 m_est=2.047
[INFO] [1785137759.647419471] [acados_nmpc_node]: [drop-window] t=32.51s pos_err=0.300m T=20.33N z=3.151 m_est=2.048
[INFO] [1785137759.742869808] [acados_nmpc_node]: [drop-window] t=32.61s pos_err=0.302m T=20.38N z=3.135 m_est=2.048
[INFO] [1785137759.844440326] [acados_nmpc_node]: [drop-window] t=32.71s pos_err=0.306m T=20.39N z=3.121 m_est=2.050
[INFO] [1785137759.949933732] [acados_nmpc_node]: [drop-window] t=32.81s pos_err=0.311m T=20.35N z=3.108 m_est=2.051
[INFO] [1785137760.049173972] [acados_nmpc_node]: [drop-window] t=32.91s pos_err=0.311m T=20.33N z=3.092 m_est=2.052
[INFO] [1785137760.152783237] [acados_nmpc_node]: [drop-window] t=33.01s pos_err=0.315m T=20.29N z=3.079 m_est=2.054
[INFO] [1785137760.236431588] [acados_nmpc_node]: [drop-window] t=33.10s pos_err=0.311m T=20.31N z=3.065 m_est=2.055
[INFO] [1785137760.323232397] [acados_nmpc_node]: [drop-window] t=33.19s pos_err=0.309m T=20.32N z=3.052 m_est=2.056
[INFO] [1785137760.440808219] [acados_nmpc_node]: [drop-window] t=33.31s pos_err=0.314m T=20.28N z=3.037 m_est=2.057
[INFO] [1785137760.530311596] [acados_nmpc_node]: [drop-window] t=33.40s pos_err=0.313m T=20.26N z=3.024 m_est=2.058
[INFO] [1785137760.639335437] [acados_nmpc_node]: [drop-window] t=33.50s pos_err=0.315m T=20.25N z=3.009 m_est=2.058
[INFO] [1785137760.722166914] [acados_nmpc_node]: [drop-window] t=33.59s pos_err=0.314m T=20.26N z=2.996 m_est=2.059
[INFO] [1785137760.821289542] [acados_nmpc_node]: [drop-window] t=33.69s pos_err=0.316m T=20.27N z=2.982 m_est=2.059
[INFO] [1785137760.934451514] [acados_nmpc_node]: [drop-window] t=33.80s pos_err=0.324m T=20.21N z=2.970 m_est=2.059
[INFO] [1785137761.024728379] [acados_nmpc_node]: [drop-window] t=33.89s pos_err=0.323m T=20.22N z=2.956 m_est=2.059
[INFO] [1785137761.149326516] [acados_nmpc_node]: [drop-window] t=34.01s pos_err=0.334m T=20.17N z=2.944 m_est=2.059
[INFO] [1785137761.232437814] [acados_nmpc_node]: [drop-window] t=34.09s pos_err=0.329m T=20.20N z=2.930 m_est=2.059
[INFO] [1785137761.338615329] [acados_nmpc_node]: [drop-window] t=34.20s pos_err=0.333m T=20.21N z=2.917 m_est=2.059
[INFO] [1785137761.445956935] [acados_nmpc_node]: [drop-window] t=34.31s pos_err=0.333m T=20.23N z=2.902 m_est=2.059
[INFO] [1785137761.545723593] [acados_nmpc_node]: [drop-window] t=34.41s pos_err=0.332m T=20.24N z=2.888 m_est=2.058
[INFO] [1785137761.645133087] [acados_nmpc_node]: [drop-window] t=34.51s pos_err=0.329m T=20.27N z=2.873 m_est=2.058
[INFO] [1785137761.723985058] [acados_nmpc_node]: [drop-window] t=34.59s pos_err=0.324m T=20.32N z=2.858 m_est=2.058
[INFO] [1785137761.846299859] [acados_nmpc_node]: [drop-window] t=34.71s pos_err=0.328m T=20.30N z=2.843 m_est=2.058
[INFO] [1785137761.923573414] [acados_nmpc_node]: [drop-window] t=34.79s pos_err=0.323m T=20.32N z=2.829 m_est=2.058
[INFO] [1785137762.051220943] [acados_nmpc_node]: [drop-window] t=34.91s pos_err=0.329m T=20.28N z=2.815 m_est=2.058
[INFO] [1785137762.144556265] [acados_nmpc_node]: [drop-window] t=35.01s pos_err=0.331m T=20.26N z=2.802 m_est=2.058
[INFO] [1785137762.224496486] [acados_nmpc_node]: [drop-window] t=35.09s pos_err=0.325m T=20.32N z=2.788 m_est=2.058
[INFO] [1785137762.344887786] [acados_nmpc_node]: [drop-window] t=35.21s pos_err=0.332m T=20.30N z=2.775 m_est=2.058
[INFO] [1785137762.425061519] [acados_nmpc_node]: [drop-window] t=35.29s pos_err=0.325m T=20.29N z=2.763 m_est=2.058
[INFO] [1785137762.525123935] [acados_nmpc_node]: [drop-window] t=35.39s pos_err=0.325m T=20.24N z=2.752 m_est=2.058
[INFO] [1785137762.630228551] [acados_nmpc_node]: [drop-window] t=35.49s pos_err=0.321m T=20.20N z=2.741 m_est=2.058
[INFO] [1785137762.752112502] [acados_nmpc_node]: [drop-window] t=35.61s pos_err=0.326m T=20.13N z=2.730 m_est=2.058
[INFO] [1785137762.852107730] [acados_nmpc_node]: [drop-window] t=35.71s pos_err=0.323m T=20.13N z=2.718 m_est=2.057
[INFO] [1785137762.926206599] [acados_nmpc_node]: [drop-window] t=35.79s pos_err=0.319m T=20.19N z=2.707 m_est=2.057
[INFO] [1785137763.050828354] [acados_nmpc_node]: [drop-window] t=35.91s pos_err=0.325m T=20.22N z=2.695 m_est=2.056
[INFO] [1785137763.150722141] [acados_nmpc_node]: [drop-window] t=36.01s pos_err=0.328m T=20.21N z=2.685 m_est=2.055
[INFO] [1785137763.252804419] [acados_nmpc_node]: [drop-window] t=36.11s pos_err=0.329m T=20.19N z=2.675 m_est=2.055
[INFO] [1785137763.323932783] [acados_nmpc_node]: [drop-window] t=36.19s pos_err=0.327m T=20.20N z=2.666 m_est=2.054
[INFO] [1785137763.425166766] [acados_nmpc_node]: [drop-window] t=36.29s pos_err=0.328m T=20.21N z=2.656 m_est=2.053
[INFO] [1785137763.551649985] [acados_nmpc_node]: [drop-window] t=36.41s pos_err=0.333m T=20.20N z=2.647 m_est=2.052
[INFO] [1785137763.651382871] [acados_nmpc_node]: [drop-window] t=36.51s pos_err=0.331m T=20.22N z=2.636 m_est=2.052
[INFO] [1785137763.720231617] [acados_nmpc_node]: [drop-window] t=36.59s pos_err=0.326m T=20.29N z=2.627 m_est=2.051
[INFO] [1785137763.851131852] [acados_nmpc_node]: [drop-window] t=36.71s pos_err=0.327m T=20.34N z=2.617 m_est=2.051
[INFO] [1785137763.947886431] [acados_nmpc_node]: [drop-window] t=36.81s pos_err=0.325m T=20.37N z=2.607 m_est=2.051
[INFO] [1785137763.948778787] [acados_nmpc_node]: t=36.8s | pos_err=0.325m | T=20.37N | tau=[r0.003 p0.012 y-0.057]Nm | res_stat=9.902e-07(peak 9.982e-07) sqp_iter=5 | solve=2.3ms
[INFO] [1785137764.050560680] [acados_nmpc_node]: [drop-window] t=36.91s pos_err=0.322m T=20.43N z=2.596 m_est=2.051
[INFO] [1785137764.149395506] [acados_nmpc_node]: [drop-window] t=37.01s pos_err=0.320m T=20.46N z=2.586 m_est=2.051
[INFO] [1785137764.251615696] [acados_nmpc_node]: [drop-window] t=37.11s pos_err=0.316m T=20.48N z=2.577 m_est=2.051
[INFO] [1785137764.328154361] [acados_nmpc_node]: [drop-window] t=37.20s pos_err=0.311m T=20.46N z=2.569 m_est=2.051
[INFO] [1785137764.448685959] [acados_nmpc_node]: [drop-window] t=37.31s pos_err=0.309m T=20.41N z=2.561 m_est=2.051
[INFO] [1785137764.531936814] [acados_nmpc_node]: [drop-window] t=37.40s pos_err=0.305m T=20.36N z=2.555 m_est=2.050
[INFO] [1785137764.645362874] [acados_nmpc_node]: [drop-window] t=37.51s pos_err=0.302m T=20.33N z=2.549 m_est=2.050
[INFO] [1785137764.752050138] [acados_nmpc_node]: [drop-window] t=37.61s pos_err=0.299m T=20.31N z=2.544 m_est=2.049
[INFO] [1785137764.842263144] [acados_nmpc_node]: [drop-window] t=37.71s pos_err=0.295m T=20.31N z=2.539 m_est=2.049
[INFO] [1785137764.921147631] [acados_nmpc_node]: [drop-window] t=37.79s pos_err=0.291m T=20.35N z=2.535 m_est=2.048
[INFO] [1785137765.032691443] [acados_nmpc_node]: [drop-window] t=37.90s pos_err=0.290m T=20.39N z=2.529 m_est=2.047
[INFO] [1785137765.123476218] [acados_nmpc_node]: [drop-window] t=37.99s pos_err=0.289m T=20.40N z=2.525 m_est=2.047
[INFO] [1785137768.946657876] [acados_nmpc_node]: t=41.8s | pos_err=0.281m | T=20.38N | tau=[r-0.010 p-0.007 y-0.082]Nm | res_stat=9.266e-07(peak 9.982e-07) sqp_iter=5 | solve=5.1ms
[ros2run]: Killed
