[INFO] [1783940392.913277912] [acados_nmpc_node]: acados NMPC node starting, building/loading solver...
Code reuse possible, skipping code generation.
acados was compiled without OpenMP.
[INFO] [1783940392.922097173] [acados_nmpc_node]: Warming up acados solver...
[INFO] [1783940392.927285303] [acados_nmpc_node]: Solver warmup complete, took 4.7 ms
[INFO] [1783940392.941491188] [acados_nmpc_node]: Decoupled publish enabled: solve @10Hz, body_rate/thrust @50Hz (trajectory interpolation)
[INFO] [1783940392.942032897] [acados_nmpc_node]: acados NMPC node initialized! Waiting for EKF2 convergence...
[INFO] [1783940412.945042612] [acados_nmpc_node]: Waiting for EKF2 convergence... 10/10 s
[INFO] [1783940413.045349907] [acados_nmpc_node]: Switching to OFFBOARD mode
[INFO] [1783940413.153922098] [acados_nmpc_node]: Sending arm command
[INFO] [1783940414.153389052] [acados_nmpc_node]: Armed, preparing to move to trajectory start...
[INFO] [1783940419.046425121] [acados_nmpc_node]: Moving to trajectory start... xy=0.014m z=0.611m v=0.35m/s
[INFO] [1783940421.953592613] [acados_nmpc_node]: Reached trajectory start, NMPC tracking begins!
[INFO] [1783940423.945818572] [acados_nmpc_node]: t=2.0s | pos_err=0.004m | T=20.15N | tau=[r0.002 p0.001 y0.074]Nm | peak=[r0.010 p0.002 y0.074]Nm | res_stat=7.211e-07(peak 9.780e-07) sqp_iter=5 | solve=1.2ms
[WARN] [1783940424.852066550] [acados_nmpc_node]: t=2.90s | Torque near constraint limit! roll=5% pitch=0% yaw=86% | pos_err=0.031m | peak roll=0.026 pitch=0.002 yaw=0.172 Nm
[INFO] [1783940428.949773264] [acados_nmpc_node]: t=7.0s | pos_err=0.013m | T=20.07N | tau=[r-0.004 p0.001 y-0.024]Nm | peak=[r0.026 p0.006 y0.172]Nm | res_stat=1.995e-07(peak 9.946e-07) sqp_iter=3 | solve=1.5ms
[INFO] [1783940433.966284153] [acados_nmpc_node]: t=12.0s | pos_err=0.015m | T=20.21N | tau=[r0.001 p0.000 y0.002]Nm | peak=[r0.026 p0.006 y0.172]Nm | res_stat=5.356e-08(peak 9.946e-07) sqp_iter=3 | solve=4.0ms
[INFO] [1783940438.969224575] [acados_nmpc_node]: t=17.0s | pos_err=0.043m | T=20.35N | tau=[r0.002 p0.002 y-0.003]Nm | peak=[r0.026 p0.006 y0.172]Nm | res_stat=2.431e-07(peak 9.946e-07) sqp_iter=3 | solve=4.3ms
[INFO] [1783940443.975498660] [acados_nmpc_node]: t=22.0s | pos_err=0.026m | T=20.30N | tau=[r0.003 p0.001 y0.004]Nm | peak=[r0.026 p0.006 y0.172]Nm | res_stat=1.114e-07(peak 9.946e-07) sqp_iter=3 | solve=4.7ms
[INFO] [1783940448.949141029] [acados_nmpc_node]: t=27.0s | pos_err=0.051m | T=20.06N | tau=[r0.002 p0.000 y0.054]Nm | peak=[r0.026 p0.006 y0.172]Nm | res_stat=6.682e-07(peak 9.946e-07) sqp_iter=3 | solve=1.1ms
[INFO] [1783940452.050173521] [acados_nmpc_node]: t=30.1s | Drop triggered (mass switched to empty).
[INFO] [1783940452.056859148] [acados_nmpc_node]: [drop-window] t=30.10s pos_err=0.026m T=20.01N z=3.415 m_est=2.060
[INFO] [1783940452.147386645] [acados_nmpc_node]: [drop-window] t=30.19s pos_err=0.028m T=19.98N z=3.409 m_est=2.059
[INFO] [1783940452.251993836] [acados_nmpc_node]: [drop-window] t=30.30s pos_err=0.029m T=19.97N z=3.403 m_est=2.059
[INFO] [1783940452.351805074] [acados_nmpc_node]: [drop-window] t=30.40s pos_err=0.030m T=19.96N z=3.396 m_est=2.058
[INFO] [1783940452.452490660] [acados_nmpc_node]: [drop-window] t=30.50s pos_err=0.030m T=19.97N z=3.389 m_est=2.058
[INFO] [1783940452.575986045] [acados_nmpc_node]: [drop-window] t=30.62s pos_err=0.029m T=19.94N z=3.381 m_est=2.058
[INFO] [1783940452.672564085] [acados_nmpc_node]: [drop-window] t=30.71s pos_err=0.029m T=19.99N z=3.372 m_est=2.057
[INFO] [1783940452.772377910] [acados_nmpc_node]: [drop-window] t=30.81s pos_err=0.028m T=20.03N z=3.363 m_est=2.056
[INFO] [1783940452.872564511] [acados_nmpc_node]: [drop-window] t=30.91s pos_err=0.029m T=20.07N z=3.352 m_est=2.056
[INFO] [1783940452.972566730] [acados_nmpc_node]: [drop-window] t=31.01s pos_err=0.028m T=20.08N z=3.342 m_est=2.056
[INFO] [1783940453.072980209] [acados_nmpc_node]: [drop-window] t=31.11s pos_err=0.040m T=16.14N z=3.348 m_est=2.056
[INFO] [1783940453.176755217] [acados_nmpc_node]: [drop-window] t=31.22s pos_err=0.090m T=11.90N z=3.393 m_est=2.048
[INFO] [1783940453.278724693] [acados_nmpc_node]: [drop-window] t=31.32s pos_err=0.183m T=8.32N z=3.475 m_est=2.032
[INFO] [1783940453.353122516] [acados_nmpc_node]: [drop-window] t=31.40s pos_err=0.280m T=6.47N z=3.563 m_est=2.032
[INFO] [1783940453.453048123] [acados_nmpc_node]: [drop-window] t=31.50s pos_err=0.378m T=6.12N z=3.649 m_est=2.007
[INFO] [1783940453.553531933] [acados_nmpc_node]: [drop-window] t=31.60s pos_err=0.450m T=6.28N z=3.709 m_est=1.975
[INFO] [1783940453.673069486] [acados_nmpc_node]: [drop-window] t=31.71s pos_err=0.506m T=6.75N z=3.750 m_est=1.938
[INFO] [1783940453.753663738] [acados_nmpc_node]: [drop-window] t=31.80s pos_err=0.537m T=6.88N z=3.769 m_est=1.849
[INFO] [1783940453.871926179] [acados_nmpc_node]: [drop-window] t=31.91s pos_err=0.553m T=8.26N z=3.771 m_est=1.849
[INFO] [1783940453.975888642] [acados_nmpc_node]: [drop-window] t=32.02s pos_err=0.553m T=8.85N z=3.756 m_est=1.800
[INFO] [1783940453.978032433] [acados_nmpc_node]: t=32.0s | pos_err=0.553m | T=8.85N | tau=[r0.001 p0.001 y0.044]Nm | peak=[r0.026 p0.006 y0.172]Nm | res_stat=5.672e-07(peak 9.946e-07) sqp_iter=5 | solve=4.2ms
[INFO] [1783940454.052818908] [acados_nmpc_node]: [drop-window] t=32.10s pos_err=0.537m T=9.55N z=3.729 m_est=1.748
[INFO] [1783940454.169064998] [acados_nmpc_node]: Payload drop settled.
[INFO] [1783940454.176277022] [acados_nmpc_node]: [drop-window] t=32.22s pos_err=0.519m T=10.08N z=3.694 m_est=1.694
[INFO] [1783940454.279821252] [acados_nmpc_node]: [drop-window] t=32.32s pos_err=0.491m T=10.28N z=3.651 m_est=1.639
[INFO] [1783940454.352742837] [acados_nmpc_node]: [drop-window] t=32.40s pos_err=0.460m T=10.56N z=3.609 m_est=1.584
[INFO] [1783940454.478217219] [acados_nmpc_node]: [drop-window] t=32.52s pos_err=0.429m T=10.92N z=3.559 m_est=1.529
[INFO] [1783940454.553500701] [acados_nmpc_node]: [drop-window] t=32.60s pos_err=0.394m T=10.95N z=3.513 m_est=1.477
[INFO] [1783940454.660680149] [acados_nmpc_node]: [drop-window] t=32.71s pos_err=0.360m T=11.22N z=3.463 m_est=1.427
[INFO] [1783940454.753441575] [acados_nmpc_node]: [drop-window] t=32.80s pos_err=0.327m T=10.99N z=3.415 m_est=1.344
[INFO] [1783940454.856766870] [acados_nmpc_node]: [drop-window] t=32.90s pos_err=0.290m T=11.40N z=3.363 m_est=1.313
[INFO] [1783940454.968270860] [acados_nmpc_node]: [drop-window] t=33.01s pos_err=0.257m T=11.80N z=3.313 m_est=1.291
[INFO] [1783940455.051849171] [acados_nmpc_node]: [drop-window] t=33.10s pos_err=0.214m T=12.36N z=3.258 m_est=1.278
[INFO] [1783940455.152220043] [acados_nmpc_node]: [drop-window] t=33.20s pos_err=0.177m T=12.89N z=3.206 m_est=1.278
[INFO] [1783940455.252537590] [acados_nmpc_node]: [drop-window] t=33.30s pos_err=0.138m T=13.18N z=3.152 m_est=1.269
[INFO] [1783940455.359047638] [acados_nmpc_node]: [drop-window] t=33.40s pos_err=0.107m T=13.38N z=3.105 m_est=1.270
[INFO] [1783940455.452262506] [acados_nmpc_node]: [drop-window] t=33.50s pos_err=0.076m T=13.51N z=3.060 m_est=1.272
[INFO] [1783940455.577927569] [acados_nmpc_node]: [drop-window] t=33.62s pos_err=0.061m T=13.45N z=3.023 m_est=1.275
[INFO] [1783940455.652457897] [acados_nmpc_node]: [drop-window] t=33.70s pos_err=0.037m T=13.42N z=2.989 m_est=1.277
[INFO] [1783940455.753142259] [acados_nmpc_node]: [drop-window] t=33.80s pos_err=0.027m T=13.24N z=2.962 m_est=1.277
[INFO] [1783940455.874509253] [acados_nmpc_node]: [drop-window] t=33.92s pos_err=0.024m T=13.03N z=2.938 m_est=1.279
[INFO] [1783940455.967670288] [acados_nmpc_node]: [drop-window] t=34.01s pos_err=0.019m T=12.88N z=2.920 m_est=1.282
[INFO] [1783940456.079518388] [acados_nmpc_node]: [drop-window] t=34.12s pos_err=0.017m T=12.68N z=2.903 m_est=1.282
[INFO] [1783940456.178473622] [acados_nmpc_node]: [drop-window] t=34.22s pos_err=0.016m T=12.51N z=2.890 m_est=1.283
[INFO] [1783940456.279382856] [acados_nmpc_node]: [drop-window] t=34.32s pos_err=0.015m T=12.39N z=2.878 m_est=1.284
[INFO] [1783940456.359472407] [acados_nmpc_node]: [drop-window] t=34.40s pos_err=0.017m T=12.33N z=2.867 m_est=1.284
[INFO] [1783940456.453162699] [acados_nmpc_node]: [drop-window] t=34.50s pos_err=0.021m T=12.30N z=2.854 m_est=1.284
[INFO] [1783940456.552734547] [acados_nmpc_node]: [drop-window] t=34.60s pos_err=0.024m T=12.27N z=2.842 m_est=1.283
[INFO] [1783940456.652652667] [acados_nmpc_node]: [drop-window] t=34.70s pos_err=0.026m T=12.23N z=2.831 m_est=1.283
[INFO] [1783940456.773036516] [acados_nmpc_node]: [drop-window] t=34.81s pos_err=0.028m T=12.17N z=2.821 m_est=1.282
[INFO] [1783940456.858623883] [acados_nmpc_node]: [drop-window] t=34.90s pos_err=0.032m T=12.19N z=2.809 m_est=1.281
[INFO] [1783940456.953939425] [acados_nmpc_node]: [drop-window] t=35.00s pos_err=0.035m T=12.21N z=2.797 m_est=1.281
[INFO] [1783940457.078893706] [acados_nmpc_node]: [drop-window] t=35.12s pos_err=0.037m T=12.22N z=2.783 m_est=1.280
[INFO] [1783940457.156461086] [acados_nmpc_node]: [drop-window] t=35.20s pos_err=0.039m T=12.29N z=2.769 m_est=1.279
[INFO] [1783940457.278046441] [acados_nmpc_node]: [drop-window] t=35.32s pos_err=0.041m T=12.33N z=2.754 m_est=1.279
[INFO] [1783940457.353506189] [acados_nmpc_node]: [drop-window] t=35.40s pos_err=0.040m T=12.36N z=2.740 m_est=1.276
[INFO] [1783940457.477985716] [acados_nmpc_node]: [drop-window] t=35.52s pos_err=0.040m T=12.36N z=2.725 m_est=1.274
[INFO] [1783940457.577940992] [acados_nmpc_node]: [drop-window] t=35.62s pos_err=0.038m T=12.35N z=2.711 m_est=1.273
[INFO] [1783940457.680368495] [acados_nmpc_node]: [drop-window] t=35.72s pos_err=0.034m T=12.35N z=2.697 m_est=1.271
[INFO] [1783940457.780025043] [acados_nmpc_node]: [drop-window] t=35.82s pos_err=0.032m T=12.35N z=2.684 m_est=1.271
[INFO] [1783940457.881132730] [acados_nmpc_node]: [drop-window] t=35.92s pos_err=0.030m T=12.34N z=2.671 m_est=1.270
[INFO] [1783940457.979327980] [acados_nmpc_node]: [drop-window] t=36.02s pos_err=0.029m T=12.31N z=2.659 m_est=1.267
[INFO] [1783940458.074055457] [acados_nmpc_node]: [drop-window] t=36.11s pos_err=0.027m T=12.32N z=2.647 m_est=1.267
[INFO] [1783940458.174498966] [acados_nmpc_node]: [drop-window] t=36.21s pos_err=0.028m T=12.29N z=2.637 m_est=1.266
[INFO] [1783940458.273104349] [acados_nmpc_node]: [drop-window] t=36.31s pos_err=0.029m T=12.29N z=2.627 m_est=1.266
[INFO] [1783940458.374005708] [acados_nmpc_node]: [drop-window] t=36.41s pos_err=0.032m T=12.29N z=2.617 m_est=1.265
[INFO] [1783940458.474911809] [acados_nmpc_node]: [drop-window] t=36.52s pos_err=0.034m T=12.31N z=2.607 m_est=1.264
[INFO] [1783940458.552952567] [acados_nmpc_node]: [drop-window] t=36.60s pos_err=0.035m T=12.35N z=2.598 m_est=1.263
[INFO] [1783940458.653210838] [acados_nmpc_node]: [drop-window] t=36.70s pos_err=0.035m T=12.39N z=2.588 m_est=1.263
[INFO] [1783940458.779781485] [acados_nmpc_node]: [drop-window] t=36.82s pos_err=0.032m T=12.39N z=2.579 m_est=1.262
[INFO] [1783940458.879268821] [acados_nmpc_node]: [drop-window] t=36.92s pos_err=0.028m T=12.43N z=2.570 m_est=1.262
[INFO] [1783940458.948200367] [acados_nmpc_node]: [drop-window] t=36.99s pos_err=0.025m T=12.47N z=2.561 m_est=1.262
[INFO] [1783940458.948768932] [acados_nmpc_node]: t=37.0s | pos_err=0.025m | T=12.47N | tau=[r-0.010 p-0.000 y-0.104]Nm | peak=[r0.026 p0.006 y0.172]Nm | res_stat=1.373e-07(peak 9.946e-07) sqp_iter=4 | solve=1.1ms
[INFO] [1783940459.053932034] [acados_nmpc_node]: [drop-window] t=37.10s pos_err=0.018m T=12.48N z=2.552 m_est=1.261
[INFO] [1783940459.180661614] [acados_nmpc_node]: [drop-window] t=37.22s pos_err=0.010m T=12.45N z=2.545 m_est=1.261
[INFO] [1783940459.280383468] [acados_nmpc_node]: [drop-window] t=37.32s pos_err=0.008m T=12.41N z=2.539 m_est=1.260
[INFO] [1783940459.380781209] [acados_nmpc_node]: [drop-window] t=37.42s pos_err=0.014m T=12.35N z=2.534 m_est=1.258
[INFO] [1783940459.453569724] [acados_nmpc_node]: [drop-window] t=37.50s pos_err=0.014m T=12.32N z=2.531 m_est=1.258
[INFO] [1783940459.573953904] [acados_nmpc_node]: [drop-window] t=37.61s pos_err=0.026m T=12.27N z=2.530 m_est=1.257
[INFO] [1783940459.655063183] [acados_nmpc_node]: [drop-window] t=37.70s pos_err=0.027m T=12.23N z=2.528 m_est=1.255
[INFO] [1783940459.753456538] [acados_nmpc_node]: [drop-window] t=37.80s pos_err=0.033m T=12.19N z=2.527 m_est=1.251
[INFO] [1783940459.879341486] [acados_nmpc_node]: [drop-window] t=37.92s pos_err=0.042m T=12.20N z=2.526 m_est=1.250
[INFO] [1783940459.953711281] [acados_nmpc_node]: [drop-window] t=38.00s pos_err=0.040m T=12.24N z=2.523 m_est=1.248
[INFO] [1783940463.954773727] [acados_nmpc_node]: t=42.0s | pos_err=0.035m | T=12.32N | tau=[r-0.008 p-0.002 y-0.093]Nm | peak=[r0.026 p0.006 y0.172]Nm | res_stat=7.437e-07(peak 9.946e-07) sqp_iter=4 | solve=1.9ms
[ros2run]: Killed
