[INFO] [1783942139.510485355] [acados_nmpc_node]: acados NMPC node starting, building/loading solver...
Code reuse possible, skipping code generation.
acados was compiled without OpenMP.
[INFO] [1783942139.518977716] [acados_nmpc_node]: Warming up acados solver...
[INFO] [1783942139.524288626] [acados_nmpc_node]: Solver warmup complete, took 4.8 ms
[INFO] [1783942139.538813031] [acados_nmpc_node]: Decoupled publish enabled: solve @10Hz, body_rate/thrust @50Hz (trajectory interpolation)
[INFO] [1783942139.539373215] [acados_nmpc_node]: acados NMPC node initialized! Waiting for EKF2 convergence...
[INFO] [1783942159.552627510] [acados_nmpc_node]: Waiting for EKF2 convergence... 10/10 s
[INFO] [1783942159.753474179] [acados_nmpc_node]: Switching to OFFBOARD mode
[INFO] [1783942160.643380339] [acados_nmpc_node]: Sending arm command
[INFO] [1783942161.650900293] [acados_nmpc_node]: Armed, preparing to move to trajectory start...
[INFO] [1783942166.453319284] [acados_nmpc_node]: Moving to trajectory start... xy=0.013m z=0.647m v=0.38m/s
[INFO] [1783942169.441652915] [acados_nmpc_node]: Reached trajectory start, NMPC tracking begins!
[INFO] [1783942171.361261491] [acados_nmpc_node]: t=1.9s | pos_err=0.008m | T=20.05N | tau=[r0.005 p-0.001 y0.055]Nm | peak=[r0.008 p0.006 y0.055]Nm | res_stat=3.340e-07(peak 6.533e-07) sqp_iter=5 | solve=2.8ms
[WARN] [1783942175.544886696] [acados_nmpc_node]: t=6.10s | Torque near constraint limit! roll=4% pitch=0% yaw=86% | pos_err=0.031m | peak roll=0.025 pitch=0.006 yaw=0.171 Nm
[INFO] [1783942176.346726939] [acados_nmpc_node]: t=6.9s | pos_err=0.027m | T=20.07N | tau=[r-0.007 p0.001 y-0.011]Nm | peak=[r0.025 p0.006 y0.171]Nm | res_stat=2.198e-07(peak 9.578e-07) sqp_iter=3 | solve=1.4ms
[INFO] [1783942181.354925641] [acados_nmpc_node]: t=11.9s | pos_err=0.029m | T=20.27N | tau=[r0.001 p-0.001 y0.002]Nm | peak=[r0.025 p0.006 y0.171]Nm | res_stat=6.623e-08(peak 9.578e-07) sqp_iter=3 | solve=2.5ms
[INFO] [1783942186.348357736] [acados_nmpc_node]: t=16.9s | pos_err=0.046m | T=20.20N | tau=[r0.005 p-0.003 y-0.014]Nm | peak=[r0.025 p0.006 y0.171]Nm | res_stat=2.524e-07(peak 9.891e-07) sqp_iter=3 | solve=1.5ms
[INFO] [1783942191.348938011] [acados_nmpc_node]: t=21.9s | pos_err=0.026m | T=20.29N | tau=[r0.002 p0.001 y0.004]Nm | peak=[r0.025 p0.006 y0.171]Nm | res_stat=1.126e-07(peak 9.914e-07) sqp_iter=3 | solve=1.5ms
[INFO] [1783942196.349744844] [acados_nmpc_node]: t=26.9s | pos_err=0.007m | T=19.97N | tau=[r0.004 p-0.001 y0.064]Nm | peak=[r0.025 p0.006 y0.171]Nm | res_stat=3.756e-07(peak 9.914e-07) sqp_iter=4 | solve=1.7ms
[INFO] [1783942199.462517637] [acados_nmpc_node]: t=30.0s | Drop triggered (mass switched to empty).
[INFO] [1783942199.470478149] [acados_nmpc_node]: [drop-window] t=30.02s pos_err=0.014m T=20.12N z=3.427 m_est=2.060
[INFO] [1783942199.544753989] [acados_nmpc_node]: [drop-window] t=30.10s pos_err=0.020m T=20.15N z=3.418 m_est=2.060
[INFO] [1783942199.647507710] [acados_nmpc_node]: [drop-window] t=30.20s pos_err=0.023m T=20.14N z=3.409 m_est=2.060
[INFO] [1783942199.747905777] [acados_nmpc_node]: [drop-window] t=30.30s pos_err=0.027m T=20.13N z=3.399 m_est=2.060
[INFO] [1783942199.854598926] [acados_nmpc_node]: [drop-window] t=30.41s pos_err=0.030m T=20.11N z=3.389 m_est=2.059
[INFO] [1783942199.952027263] [acados_nmpc_node]: [drop-window] t=30.51s pos_err=0.033m T=20.11N z=3.379 m_est=2.059
[INFO] [1783942200.056685487] [acados_nmpc_node]: [drop-window] t=30.61s pos_err=0.035m T=20.10N z=3.369 m_est=2.059
[INFO] [1783942200.149744478] [acados_nmpc_node]: [drop-window] t=30.71s pos_err=0.038m T=20.14N z=3.358 m_est=2.059
[INFO] [1783942200.249486245] [acados_nmpc_node]: [drop-window] t=30.81s pos_err=0.038m T=20.14N z=3.348 m_est=2.059
[INFO] [1783942200.369419712] [acados_nmpc_node]: [drop-window] t=30.92s pos_err=0.035m T=20.13N z=3.336 m_est=2.058
[INFO] [1783942200.470003636] [acados_nmpc_node]: [drop-window] t=31.02s pos_err=0.032m T=17.36N z=3.334 m_est=2.058
[INFO] [1783942200.550138775] [acados_nmpc_node]: [drop-window] t=31.11s pos_err=0.062m T=12.89N z=3.373 m_est=2.058
[INFO] [1783942200.651115435] [acados_nmpc_node]: [drop-window] t=31.21s pos_err=0.137m T=9.14N z=3.442 m_est=1.979
[INFO] [1783942200.747216485] [acados_nmpc_node]: [drop-window] t=31.30s pos_err=0.236m T=7.15N z=3.531 m_est=1.979
[INFO] [1783942200.851475436] [acados_nmpc_node]: [drop-window] t=31.41s pos_err=0.325m T=3.68N z=3.608 m_est=1.548
[INFO] [1783942200.956146403] [acados_nmpc_node]: [drop-window] t=31.51s pos_err=0.404m T=4.16N z=3.675 m_est=1.548
[INFO] [1783942201.050582324] [acados_nmpc_node]: [drop-window] t=31.61s pos_err=0.451m T=5.02N z=3.709 m_est=1.459
[INFO] [1783942201.148194402] [acados_nmpc_node]: [drop-window] t=31.70s pos_err=0.467m T=6.19N z=3.712 m_est=1.357
[INFO] [1783942201.251317026] [acados_nmpc_node]: [drop-window] t=31.81s pos_err=0.455m T=7.71N z=3.687 m_est=1.315
[INFO] [1783942201.350778209] [acados_nmpc_node]: [drop-window] t=31.91s pos_err=0.417m T=9.66N z=3.635 m_est=1.315
[INFO] [1783942201.351818795] [acados_nmpc_node]: t=31.9s | pos_err=0.417m | T=9.66N | tau=[r0.006 p0.001 y0.062]Nm | peak=[r0.025 p0.006 y0.171]Nm | res_stat=5.691e-07(peak 9.914e-07) sqp_iter=4 | solve=1.8ms
[INFO] [1783942201.450446949] [acados_nmpc_node]: [drop-window] t=32.01s pos_err=0.367m T=10.79N z=3.572 m_est=1.268
[INFO] [1783942201.546836555] [acados_nmpc_node]: Payload drop settled.
[INFO] [1783942201.549976226] [acados_nmpc_node]: [drop-window] t=32.11s pos_err=0.304m T=12.04N z=3.494 m_est=1.254
[INFO] [1783942201.649812094] [acados_nmpc_node]: [drop-window] t=32.21s pos_err=0.244m T=12.96N z=3.420 m_est=1.246
[INFO] [1783942201.746081204] [acados_nmpc_node]: [drop-window] t=32.30s pos_err=0.181m T=13.67N z=3.342 m_est=1.240
[INFO] [1783942201.853589480] [acados_nmpc_node]: [drop-window] t=32.41s pos_err=0.130m T=14.05N z=3.274 m_est=1.237
[INFO] [1783942201.951100151] [acados_nmpc_node]: [drop-window] t=32.51s pos_err=0.081m T=14.26N z=3.208 m_est=1.236
[INFO] [1783942202.050443498] [acados_nmpc_node]: [drop-window] t=32.61s pos_err=0.048m T=14.28N z=3.155 m_est=1.237
[INFO] [1783942202.150352996] [acados_nmpc_node]: [drop-window] t=32.71s pos_err=0.030m T=14.17N z=3.106 m_est=1.239
[INFO] [1783942202.253098682] [acados_nmpc_node]: [drop-window] t=32.81s pos_err=0.036m T=13.96N z=3.070 m_est=1.241
[INFO] [1783942202.346881408] [acados_nmpc_node]: [drop-window] t=32.90s pos_err=0.044m T=13.66N z=3.039 m_est=1.241
[INFO] [1783942202.471699969] [acados_nmpc_node]: [drop-window] t=33.02s pos_err=0.049m T=13.32N z=3.018 m_est=1.243
[INFO] [1783942202.574461589] [acados_nmpc_node]: [drop-window] t=33.13s pos_err=0.050m T=13.09N z=2.999 m_est=1.247
[INFO] [1783942202.664752643] [acados_nmpc_node]: [drop-window] t=33.22s pos_err=0.049m T=12.85N z=2.985 m_est=1.247
[INFO] [1783942202.769881368] [acados_nmpc_node]: [drop-window] t=33.32s pos_err=0.045m T=12.64N z=2.973 m_est=1.250
[INFO] [1783942202.872900081] [acados_nmpc_node]: [drop-window] t=33.42s pos_err=0.039m T=12.52N z=2.963 m_est=1.256
[INFO] [1783942202.952319625] [acados_nmpc_node]: [drop-window] t=33.51s pos_err=0.037m T=12.48N z=2.954 m_est=1.262
[INFO] [1783942203.073932327] [acados_nmpc_node]: [drop-window] t=33.63s pos_err=0.028m T=12.31N z=2.946 m_est=1.262
[INFO] [1783942203.169005703] [acados_nmpc_node]: [drop-window] t=33.72s pos_err=0.025m T=12.31N z=2.938 m_est=1.272
[INFO] [1783942203.250648355] [acados_nmpc_node]: [drop-window] t=33.81s pos_err=0.023m T=12.29N z=2.930 m_est=1.275
[INFO] [1783942203.350356608] [acados_nmpc_node]: [drop-window] t=33.91s pos_err=0.021m T=12.23N z=2.922 m_est=1.276
[INFO] [1783942203.472921852] [acados_nmpc_node]: [drop-window] t=34.02s pos_err=0.019m T=12.13N z=2.914 m_est=1.277
[INFO] [1783942203.576294367] [acados_nmpc_node]: [drop-window] t=34.13s pos_err=0.020m T=12.09N z=2.904 m_est=1.277
[INFO] [1783942203.668890932] [acados_nmpc_node]: [drop-window] t=34.22s pos_err=0.022m T=12.08N z=2.895 m_est=1.276
[INFO] [1783942203.770630216] [acados_nmpc_node]: [drop-window] t=34.32s pos_err=0.026m T=12.09N z=2.885 m_est=1.274
[INFO] [1783942203.876431990] [acados_nmpc_node]: [drop-window] t=34.43s pos_err=0.033m T=12.10N z=2.874 m_est=1.274
[INFO] [1783942203.949310063] [acados_nmpc_node]: [drop-window] t=34.51s pos_err=0.028m T=12.17N z=2.861 m_est=1.270
[INFO] [1783942204.050042095] [acados_nmpc_node]: [drop-window] t=34.61s pos_err=0.032m T=12.20N z=2.848 m_est=1.268
[INFO] [1783942204.145402313] [acados_nmpc_node]: [drop-window] t=34.70s pos_err=0.033m T=12.24N z=2.834 m_est=1.266
[INFO] [1783942204.274582180] [acados_nmpc_node]: [drop-window] t=34.83s pos_err=0.045m T=12.23N z=2.820 m_est=1.265
[INFO] [1783942204.349993461] [acados_nmpc_node]: [drop-window] t=34.91s pos_err=0.038m T=12.31N z=2.804 m_est=1.263
[INFO] [1783942204.448776910] [acados_nmpc_node]: [drop-window] t=35.01s pos_err=0.041m T=12.35N z=2.789 m_est=1.262
[INFO] [1783942204.569853351] [acados_nmpc_node]: [drop-window] t=35.12s pos_err=0.046m T=12.37N z=2.773 m_est=1.261
[INFO] [1783942204.670687030] [acados_nmpc_node]: [drop-window] t=35.22s pos_err=0.048m T=12.40N z=2.759 m_est=1.261
[INFO] [1783942204.770271139] [acados_nmpc_node]: [drop-window] t=35.32s pos_err=0.048m T=12.44N z=2.743 m_est=1.260
[INFO] [1783942204.850391909] [acados_nmpc_node]: [drop-window] t=35.41s pos_err=0.045m T=12.49N z=2.728 m_est=1.260
[INFO] [1783942204.950058354] [acados_nmpc_node]: [drop-window] t=35.51s pos_err=0.045m T=12.52N z=2.712 m_est=1.261
[INFO] [1783942205.070936647] [acados_nmpc_node]: [drop-window] t=35.62s pos_err=0.050m T=12.49N z=2.698 m_est=1.261
[INFO] [1783942205.169970635] [acados_nmpc_node]: [drop-window] t=35.72s pos_err=0.050m T=12.49N z=2.684 m_est=1.261
[INFO] [1783942205.271237281] [acados_nmpc_node]: [drop-window] t=35.82s pos_err=0.052m T=12.46N z=2.672 m_est=1.262
[INFO] [1783942205.370740673] [acados_nmpc_node]: [drop-window] t=35.92s pos_err=0.051m T=12.42N z=2.661 m_est=1.262
[INFO] [1783942205.471067515] [acados_nmpc_node]: [drop-window] t=36.02s pos_err=0.052m T=12.37N z=2.651 m_est=1.262
[INFO] [1783942205.570471827] [acados_nmpc_node]: [drop-window] t=36.12s pos_err=0.049m T=12.34N z=2.641 m_est=1.263
[INFO] [1783942205.669979702] [acados_nmpc_node]: [drop-window] t=36.22s pos_err=0.048m T=12.30N z=2.633 m_est=1.263
[INFO] [1783942205.770359432] [acados_nmpc_node]: [drop-window] t=36.32s pos_err=0.045m T=12.28N z=2.624 m_est=1.263
[INFO] [1783942205.871148867] [acados_nmpc_node]: [drop-window] t=36.42s pos_err=0.043m T=12.28N z=2.616 m_est=1.263
[INFO] [1783942205.971186091] [acados_nmpc_node]: [drop-window] t=36.52s pos_err=0.041m T=12.29N z=2.607 m_est=1.263
[INFO] [1783942206.070979113] [acados_nmpc_node]: [drop-window] t=36.62s pos_err=0.040m T=12.31N z=2.599 m_est=1.263
[INFO] [1783942206.171304279] [acados_nmpc_node]: [drop-window] t=36.72s pos_err=0.038m T=12.35N z=2.591 m_est=1.263
[INFO] [1783942206.270778519] [acados_nmpc_node]: [drop-window] t=36.82s pos_err=0.037m T=12.39N z=2.583 m_est=1.263
[INFO] [1783942206.351159447] [acados_nmpc_node]: [drop-window] t=36.91s pos_err=0.032m T=12.43N z=2.574 m_est=1.263
[INFO] [1783942206.352206893] [acados_nmpc_node]: t=36.9s | pos_err=0.032m | T=12.43N | tau=[r-0.007 p-0.001 y-0.097]Nm | peak=[r0.025 p0.006 y0.171]Nm | res_stat=7.998e-07(peak 9.914e-07) sqp_iter=3 | solve=1.6ms
[INFO] [1783942206.452363780] [acados_nmpc_node]: [drop-window] t=37.01s pos_err=0.032m T=12.44N z=2.566 m_est=1.263
[INFO] [1783942206.552500975] [acados_nmpc_node]: [drop-window] t=37.11s pos_err=0.030m T=12.41N z=2.559 m_est=1.262
[INFO] [1783942206.652494460] [acados_nmpc_node]: [drop-window] t=37.21s pos_err=0.031m T=12.38N z=2.553 m_est=1.262
[INFO] [1783942206.751498186] [acados_nmpc_node]: [drop-window] t=37.31s pos_err=0.030m T=12.34N z=2.547 m_est=1.261
[INFO] [1783942206.850370529] [acados_nmpc_node]: [drop-window] t=37.41s pos_err=0.032m T=12.30N z=2.542 m_est=1.259
[INFO] [1783942206.971069192] [acados_nmpc_node]: [drop-window] t=37.52s pos_err=0.036m T=12.28N z=2.538 m_est=1.259
[INFO] [1783942207.071482262] [acados_nmpc_node]: [drop-window] t=37.62s pos_err=0.037m T=12.26N z=2.534 m_est=1.257
[INFO] [1783942207.154499062] [acados_nmpc_node]: [drop-window] t=37.71s pos_err=0.032m T=12.26N z=2.530 m_est=1.255
[INFO] [1783942207.247462419] [acados_nmpc_node]: [drop-window] t=37.80s pos_err=0.030m T=12.28N z=2.527 m_est=1.253
[INFO] [1783942207.345195883] [acados_nmpc_node]: [drop-window] t=37.90s pos_err=0.025m T=12.29N z=2.523 m_est=1.249
[INFO] [1783942207.450129691] [acados_nmpc_node]: [drop-window] t=38.01s pos_err=0.023m T=12.34N z=2.519 m_est=1.249
[INFO] [1783942211.346046026] [acados_nmpc_node]: t=41.9s | pos_err=0.032m | T=12.30N | tau=[r-0.007 p0.001 y-0.102]Nm | peak=[r0.025 p0.006 y0.171]Nm | res_stat=8.083e-08(peak 9.989e-07) sqp_iter=4 | solve=1.1ms
[ros2run]: Killed
