[INFO] [1783941232.176657058] [acados_nmpc_node]: acados NMPC node starting, building/loading solver...
Code reuse possible, skipping code generation.
acados was compiled without OpenMP.
[INFO] [1783941232.185364886] [acados_nmpc_node]: Warming up acados solver...
[INFO] [1783941232.190725358] [acados_nmpc_node]: Solver warmup complete, took 4.9 ms
[INFO] [1783941232.205227113] [acados_nmpc_node]: Decoupled publish enabled: solve @10Hz, body_rate/thrust @50Hz (trajectory interpolation)
[INFO] [1783941232.205762584] [acados_nmpc_node]: acados NMPC node initialized! Waiting for EKF2 convergence...
[INFO] [1783941252.209210340] [acados_nmpc_node]: Waiting for EKF2 convergence... 10/10 s
[INFO] [1783941252.309410478] [acados_nmpc_node]: Switching to OFFBOARD mode
[INFO] [1783941252.409186950] [acados_nmpc_node]: Sending arm command
[INFO] [1783941253.419701266] [acados_nmpc_node]: Armed, preparing to move to trajectory start...
[INFO] [1783941258.310140217] [acados_nmpc_node]: Moving to trajectory start... xy=0.004m z=0.595m v=0.34m/s
[INFO] [1783941261.010969942] [acados_nmpc_node]: Reached trajectory start, NMPC tracking begins!
[INFO] [1783941263.213530972] [acados_nmpc_node]: t=2.2s | pos_err=0.024m | T=19.86N | tau=[r0.005 p0.001 y0.139]Nm | peak=[r0.009 p0.003 y0.139]Nm | res_stat=8.480e-07(peak 8.480e-07) sqp_iter=4 | solve=2.0ms
[WARN] [1783941263.813645276] [acados_nmpc_node]: t=2.80s | Torque near constraint limit! roll=5% pitch=0% yaw=86% | pos_err=0.028m | peak roll=0.024 pitch=0.003 yaw=0.172 Nm
[WARN] [1783941263.913199614] [acados_nmpc_node]: t=2.90s | Torque near constraint limit! roll=5% pitch=0% yaw=91% | pos_err=0.026m | peak roll=0.026 pitch=0.003 yaw=0.183 Nm
[WARN] [1783941264.034084310] [acados_nmpc_node]: t=3.01s | Torque near constraint limit! roll=4% pitch=1% yaw=89% | pos_err=0.021m | peak roll=0.026 pitch=0.003 yaw=0.183 Nm
[WARN] [1783941267.114648367] [acados_nmpc_node]: t=6.10s | Torque near constraint limit! roll=4% pitch=0% yaw=90% | pos_err=0.050m | peak roll=0.026 pitch=0.004 yaw=0.183 Nm
[WARN] [1783941267.216183516] [acados_nmpc_node]: t=6.20s | Torque near constraint limit! roll=4% pitch=0% yaw=89% | pos_err=0.042m | peak roll=0.026 pitch=0.004 yaw=0.183 Nm
[INFO] [1783941268.214274781] [acados_nmpc_node]: t=7.2s | pos_err=0.041m | T=20.30N | tau=[r-0.005 p-0.001 y-0.053]Nm | peak=[r0.026 p0.006 y0.183]Nm | res_stat=7.788e-07(peak 9.843e-07) sqp_iter=3 | solve=1.6ms
[INFO] [1783941273.217664174] [acados_nmpc_node]: t=12.2s | pos_err=0.016m | T=20.35N | tau=[r-0.000 p0.000 y0.008]Nm | peak=[r0.026 p0.006 y0.183]Nm | res_stat=5.765e-08(peak 9.843e-07) sqp_iter=3 | solve=2.0ms
[INFO] [1783941278.215575114] [acados_nmpc_node]: t=17.2s | pos_err=0.047m | T=20.38N | tau=[r0.005 p0.001 y0.009]Nm | peak=[r0.026 p0.006 y0.183]Nm | res_stat=3.941e-07(peak 9.855e-07) sqp_iter=3 | solve=1.7ms
[INFO] [1783941283.214357923] [acados_nmpc_node]: t=22.2s | pos_err=0.045m | T=20.34N | tau=[r0.002 p0.000 y0.005]Nm | peak=[r0.026 p0.006 y0.183]Nm | res_stat=1.351e-07(peak 9.855e-07) sqp_iter=3 | solve=0.9ms
[INFO] [1783941288.215316249] [acados_nmpc_node]: t=27.2s | pos_err=0.039m | T=20.04N | tau=[r0.003 p0.003 y0.036]Nm | peak=[r0.026 p0.006 y0.183]Nm | res_stat=6.881e-07(peak 9.855e-07) sqp_iter=3 | solve=1.4ms
[INFO] [1783941291.014283686] [acados_nmpc_node]: t=30.0s | Drop triggered (mass switched to empty).
[INFO] [1783941291.017340218] [acados_nmpc_node]: [drop-window] t=30.00s pos_err=0.009m T=19.94N z=3.433 m_est=2.059
[INFO] [1783941291.111372412] [acados_nmpc_node]: [drop-window] t=30.10s pos_err=0.010m T=19.94N z=3.428 m_est=2.059
[INFO] [1783941291.211080621] [acados_nmpc_node]: [drop-window] t=30.20s pos_err=0.012m T=19.93N z=3.422 m_est=2.058
[INFO] [1783941291.337828448] [acados_nmpc_node]: [drop-window] t=30.32s pos_err=0.015m T=19.91N z=3.415 m_est=2.058
[INFO] [1783941291.416330184] [acados_nmpc_node]: [drop-window] t=30.40s pos_err=0.015m T=19.95N z=3.408 m_est=2.057
[INFO] [1783941291.514304159] [acados_nmpc_node]: [drop-window] t=30.50s pos_err=0.016m T=20.01N z=3.399 m_est=2.057
[INFO] [1783941291.638298065] [acados_nmpc_node]: [drop-window] t=30.62s pos_err=0.018m T=19.99N z=3.390 m_est=2.056
[INFO] [1783941291.723909638] [acados_nmpc_node]: [drop-window] t=30.71s pos_err=0.016m T=20.06N z=3.379 m_est=2.056
[INFO] [1783941291.822288421] [acados_nmpc_node]: [drop-window] t=30.81s pos_err=0.015m T=20.12N z=3.367 m_est=2.055
[INFO] [1783941291.913921146] [acados_nmpc_node]: [drop-window] t=30.90s pos_err=0.012m T=20.19N z=3.354 m_est=2.055
[INFO] [1783941292.027503327] [acados_nmpc_node]: [drop-window] t=31.01s pos_err=0.021m T=17.25N z=3.351 m_est=2.055
[INFO] [1783941292.141956974] [acados_nmpc_node]: [drop-window] t=31.12s pos_err=0.072m T=12.81N z=3.389 m_est=2.055
[INFO] [1783941292.241382397] [acados_nmpc_node]: [drop-window] t=31.22s pos_err=0.153m T=9.04N z=3.459 m_est=2.050
[INFO] [1783941292.340979179] [acados_nmpc_node]: [drop-window] t=31.32s pos_err=0.260m T=6.07N z=3.554 m_est=1.979
[INFO] [1783941292.415835813] [acados_nmpc_node]: [drop-window] t=31.40s pos_err=0.357m T=3.00N z=3.641 m_est=1.629
[INFO] [1783941292.516690490] [acados_nmpc_node]: [drop-window] t=31.50s pos_err=0.443m T=2.95N z=3.714 m_est=1.467
[INFO] [1783941292.616316250] [acados_nmpc_node]: [drop-window] t=31.60s pos_err=0.489m T=4.15N z=3.747 m_est=1.388
[INFO] [1783941292.711495083] [acados_nmpc_node]: [drop-window] t=31.70s pos_err=0.498m T=6.21N z=3.744 m_est=1.348
[INFO] [1783941292.815760528] [acados_nmpc_node]: [drop-window] t=31.80s pos_err=0.476m T=8.06N z=3.708 m_est=1.310
[INFO] [1783941292.920226118] [acados_nmpc_node]: [drop-window] t=31.91s pos_err=0.426m T=9.86N z=3.644 m_est=1.278
[INFO] [1783941293.011435003] [acados_nmpc_node]: [drop-window] t=32.00s pos_err=0.365m T=11.25N z=3.570 m_est=1.250
[INFO] [1783941293.124582446] [acados_nmpc_node]: Payload drop settled.
[INFO] [1783941293.131222005] [acados_nmpc_node]: [drop-window] t=32.11s pos_err=0.293m T=12.52N z=3.482 m_est=1.231
[INFO] [1783941293.217069274] [acados_nmpc_node]: [drop-window] t=32.20s pos_err=0.224m T=13.42N z=3.400 m_est=1.219
[INFO] [1783941293.218143309] [acados_nmpc_node]: t=32.2s | pos_err=0.224m | T=13.42N | tau=[r-0.001 p0.000 y0.022]Nm | peak=[r0.026 p0.008 y0.183]Nm | res_stat=1.766e-07(peak 9.855e-07) sqp_iter=4 | solve=1.8ms
[INFO] [1783941293.311520316] [acados_nmpc_node]: [drop-window] t=32.30s pos_err=0.154m T=14.15N z=3.314 m_est=1.213
[INFO] [1783941293.426894230] [acados_nmpc_node]: [drop-window] t=32.41s pos_err=0.100m T=14.50N z=3.240 m_est=1.211
[INFO] [1783941293.516126955] [acados_nmpc_node]: [drop-window] t=32.50s pos_err=0.053m T=14.72N z=3.170 m_est=1.212
[INFO] [1783941293.638765082] [acados_nmpc_node]: [drop-window] t=32.62s pos_err=0.042m T=14.63N z=3.111 m_est=1.214
[INFO] [1783941293.716263332] [acados_nmpc_node]: [drop-window] t=32.70s pos_err=0.055m T=14.52N z=3.067 m_est=1.218
[INFO] [1783941293.815732151] [acados_nmpc_node]: [drop-window] t=32.80s pos_err=0.070m T=14.19N z=3.033 m_est=1.222
[INFO] [1783941293.911467606] [acados_nmpc_node]: [drop-window] t=32.90s pos_err=0.079m T=13.80N z=3.006 m_est=1.226
[INFO] [1783941294.016958005] [acados_nmpc_node]: [drop-window] t=33.00s pos_err=0.079m T=13.40N z=2.989 m_est=1.230
[INFO] [1783941294.119070141] [acados_nmpc_node]: [drop-window] t=33.10s pos_err=0.074m T=13.03N z=2.978 m_est=1.233
[INFO] [1783941294.240375812] [acados_nmpc_node]: [drop-window] t=33.22s pos_err=0.065m T=12.68N z=2.969 m_est=1.236
[INFO] [1783941294.314014690] [acados_nmpc_node]: [drop-window] t=33.30s pos_err=0.057m T=12.51N z=2.964 m_est=1.239
[INFO] [1783941294.419131537] [acados_nmpc_node]: [drop-window] t=33.41s pos_err=0.046m T=12.35N z=2.959 m_est=1.245
[INFO] [1783941294.540423127] [acados_nmpc_node]: [drop-window] t=33.52s pos_err=0.035m T=12.25N z=2.953 m_est=1.251
[INFO] [1783941294.616829817] [acados_nmpc_node]: [drop-window] t=33.60s pos_err=0.028m T=12.27N z=2.947 m_est=1.257
[INFO] [1783941294.735145213] [acados_nmpc_node]: [drop-window] t=33.72s pos_err=0.020m T=12.24N z=2.940 m_est=1.263
[INFO] [1783941294.842406850] [acados_nmpc_node]: [drop-window] t=33.82s pos_err=0.017m T=12.21N z=2.932 m_est=1.268
[INFO] [1783941294.932239598] [acados_nmpc_node]: [drop-window] t=33.91s pos_err=0.014m T=12.22N z=2.923 m_est=1.270
[INFO] [1783941295.040840956] [acados_nmpc_node]: [drop-window] t=34.02s pos_err=0.018m T=12.18N z=2.915 m_est=1.272
[INFO] [1783941295.117121007] [acados_nmpc_node]: [drop-window] t=34.10s pos_err=0.015m T=12.20N z=2.905 m_est=1.272
[INFO] [1783941295.216492215] [acados_nmpc_node]: [drop-window] t=34.20s pos_err=0.018m T=12.19N z=2.895 m_est=1.271
[INFO] [1783941295.322524936] [acados_nmpc_node]: [drop-window] t=34.31s pos_err=0.021m T=12.18N z=2.882 m_est=1.270
[INFO] [1783941295.442325174] [acados_nmpc_node]: [drop-window] t=34.42s pos_err=0.028m T=12.16N z=2.870 m_est=1.268
[INFO] [1783941295.543089499] [acados_nmpc_node]: [drop-window] t=34.53s pos_err=0.028m T=12.20N z=2.856 m_est=1.267
[INFO] [1783941295.642501877] [acados_nmpc_node]: [drop-window] t=34.62s pos_err=0.029m T=12.24N z=2.841 m_est=1.265
[INFO] [1783941295.717102830] [acados_nmpc_node]: [drop-window] t=34.70s pos_err=0.020m T=12.36N z=2.825 m_est=1.263
[INFO] [1783941295.840183522] [acados_nmpc_node]: [drop-window] t=34.82s pos_err=0.026m T=12.38N z=2.809 m_est=1.262
[INFO] [1783941295.912119731] [acados_nmpc_node]: [drop-window] t=34.90s pos_err=0.015m T=12.48N z=2.791 m_est=1.261
[INFO] [1783941296.016770553] [acados_nmpc_node]: [drop-window] t=35.00s pos_err=0.017m T=12.52N z=2.774 m_est=1.260
[INFO] [1783941296.143219047] [acados_nmpc_node]: [drop-window] t=35.12s pos_err=0.022m T=12.52N z=2.756 m_est=1.260
[INFO] [1783941296.217917056] [acados_nmpc_node]: [drop-window] t=35.20s pos_err=0.017m T=12.55N z=2.742 m_est=1.260
[INFO] [1783941296.341963480] [acados_nmpc_node]: [drop-window] t=35.32s pos_err=0.021m T=12.50N z=2.727 m_est=1.260
[INFO] [1783941296.419477884] [acados_nmpc_node]: [drop-window] t=35.41s pos_err=0.017m T=12.51N z=2.714 m_est=1.261
[INFO] [1783941296.515244291] [acados_nmpc_node]: [drop-window] t=35.50s pos_err=0.015m T=12.49N z=2.701 m_est=1.261
[INFO] [1783941296.636979101] [acados_nmpc_node]: [drop-window] t=35.62s pos_err=0.017m T=12.44N z=2.689 m_est=1.262
[INFO] [1783941296.742469720] [acados_nmpc_node]: [drop-window] t=35.72s pos_err=0.016m T=12.41N z=2.678 m_est=1.262
[INFO] [1783941296.817161295] [acados_nmpc_node]: [drop-window] t=35.80s pos_err=0.013m T=12.41N z=2.667 m_est=1.263
[INFO] [1783941296.936367171] [acados_nmpc_node]: [drop-window] t=35.92s pos_err=0.016m T=12.36N z=2.656 m_est=1.263
[INFO] [1783941297.023581154] [acados_nmpc_node]: [drop-window] t=36.01s pos_err=0.017m T=12.34N z=2.647 m_est=1.263
[INFO] [1783941297.115609650] [acados_nmpc_node]: [drop-window] t=36.10s pos_err=0.020m T=12.32N z=2.638 m_est=1.264
[INFO] [1783941297.216545665] [acados_nmpc_node]: [drop-window] t=36.20s pos_err=0.025m T=12.28N z=2.630 m_est=1.264
[INFO] [1783941297.338144670] [acados_nmpc_node]: [drop-window] t=36.32s pos_err=0.033m T=12.25N z=2.622 m_est=1.264
[INFO] [1783941297.437925740] [acados_nmpc_node]: [drop-window] t=36.42s pos_err=0.038m T=12.24N z=2.614 m_est=1.264
[INFO] [1783941297.537484313] [acados_nmpc_node]: [drop-window] t=36.52s pos_err=0.040m T=12.26N z=2.605 m_est=1.263
[INFO] [1783941297.637999146] [acados_nmpc_node]: [drop-window] t=36.62s pos_err=0.044m T=12.29N z=2.597 m_est=1.263
[INFO] [1783941297.736939441] [acados_nmpc_node]: [drop-window] t=36.72s pos_err=0.045m T=12.33N z=2.589 m_est=1.263
[INFO] [1783941297.817105470] [acados_nmpc_node]: [drop-window] t=36.80s pos_err=0.042m T=12.39N z=2.580 m_est=1.263
[INFO] [1783941297.927567067] [acados_nmpc_node]: [drop-window] t=36.91s pos_err=0.046m T=12.40N z=2.573 m_est=1.263
[INFO] [1783941298.037581560] [acados_nmpc_node]: [drop-window] t=37.02s pos_err=0.048m T=12.41N z=2.565 m_est=1.262
[INFO] [1783941298.138588227] [acados_nmpc_node]: [drop-window] t=37.12s pos_err=0.048m T=12.42N z=2.557 m_est=1.262
[INFO] [1783941298.238157764] [acados_nmpc_node]: [drop-window] t=37.22s pos_err=0.050m T=12.40N z=2.550 m_est=1.261
[INFO] [1783941298.240480186] [acados_nmpc_node]: t=37.2s | pos_err=0.050m | T=12.40N | tau=[r-0.011 p0.003 y-0.118]Nm | peak=[r0.026 p0.008 y0.183]Nm | res_stat=2.597e-07(peak 9.963e-07) sqp_iter=4 | solve=5.2ms
[INFO] [1783941298.338519164] [acados_nmpc_node]: [drop-window] t=37.32s pos_err=0.052m T=12.36N z=2.545 m_est=1.260
[INFO] [1783941298.437976405] [acados_nmpc_node]: [drop-window] t=37.42s pos_err=0.057m T=12.30N z=2.542 m_est=1.259
[INFO] [1783941298.543223263] [acados_nmpc_node]: [drop-window] t=37.53s pos_err=0.061m T=12.23N z=2.540 m_est=1.258
[INFO] [1783941298.633272734] [acados_nmpc_node]: [drop-window] t=37.61s pos_err=0.064m T=12.17N z=2.539 m_est=1.256
[INFO] [1783941298.744177337] [acados_nmpc_node]: [drop-window] t=37.73s pos_err=0.070m T=12.14N z=2.538 m_est=1.254
[INFO] [1783941298.812029835] [acados_nmpc_node]: [drop-window] t=37.80s pos_err=0.068m T=12.14N z=2.537 m_est=1.251
[INFO] [1783941298.938352671] [acados_nmpc_node]: [drop-window] t=37.92s pos_err=0.075m T=12.18N z=2.534 m_est=1.249
[INFO] [1783941303.232421564] [acados_nmpc_node]: t=42.2s | pos_err=0.058m | T=12.23N | tau=[r-0.005 p0.000 y-0.072]Nm | peak=[r0.026 p0.008 y0.183]Nm | res_stat=4.955e-07(peak 9.963e-07) sqp_iter=4 | solve=4.5ms
[ros2run]: Killed
