[INFO] [1783939446.172438581] [acados_nmpc_node]: acados NMPC node starting, building/loading solver...
Code reuse possible, skipping code generation.
acados was compiled without OpenMP.
[INFO] [1783939446.180864036] [acados_nmpc_node]: Warming up acados solver...
[INFO] [1783939446.186206725] [acados_nmpc_node]: Solver warmup complete, took 4.9 ms
[INFO] [1783939446.200641405] [acados_nmpc_node]: Decoupled publish enabled: solve @10Hz, body_rate/thrust @50Hz (trajectory interpolation)
[INFO] [1783939446.201181786] [acados_nmpc_node]: acados NMPC node initialized! Waiting for EKF2 convergence...
[INFO] [1783939466.212336836] [acados_nmpc_node]: Waiting for EKF2 convergence... 10/10 s
[INFO] [1783939466.304698155] [acados_nmpc_node]: Switching to OFFBOARD mode
[INFO] [1783939467.315901398] [acados_nmpc_node]: Switching to OFFBOARD mode
[INFO] [1783939467.404849827] [acados_nmpc_node]: Sending arm command
[INFO] [1783939468.404514229] [acados_nmpc_node]: Armed, preparing to move to trajectory start...
[INFO] [1783939473.305683852] [acados_nmpc_node]: Moving to trajectory start... xy=0.005m z=0.643m v=0.36m/s
[INFO] [1783939476.320838354] [acados_nmpc_node]: Reached trajectory start, NMPC tracking begins!
[INFO] [1783939478.209283282] [acados_nmpc_node]: t=1.9s | pos_err=0.010m | T=20.06N | tau=[r0.004 p0.001 y0.058]Nm | peak=[r0.008 p0.003 y0.058]Nm | res_stat=9.624e-07(peak 9.624e-07) sqp_iter=5 | solve=2.0ms
[WARN] [1783939479.209061808] [acados_nmpc_node]: t=2.89s | Torque near constraint limit! roll=5% pitch=0% yaw=87% | pos_err=0.035m | peak roll=0.023 pitch=0.003 yaw=0.174 Nm
[WARN] [1783939482.425772449] [acados_nmpc_node]: t=6.10s | Torque near constraint limit! roll=4% pitch=1% yaw=87% | pos_err=0.049m | peak roll=0.023 pitch=0.005 yaw=0.174 Nm
[WARN] [1783939482.525806451] [acados_nmpc_node]: t=6.20s | Torque near constraint limit! roll=4% pitch=0% yaw=86% | pos_err=0.042m | peak roll=0.023 pitch=0.005 yaw=0.174 Nm
[INFO] [1783939483.229949922] [acados_nmpc_node]: t=6.9s | pos_err=0.017m | T=20.09N | tau=[r-0.004 p0.003 y-0.007]Nm | peak=[r0.023 p0.005 y0.174]Nm | res_stat=2.166e-07(peak 9.971e-07) sqp_iter=3 | solve=4.7ms
[INFO] [1783939488.207636641] [acados_nmpc_node]: t=11.9s | pos_err=0.013m | T=20.23N | tau=[r-0.001 p-0.002 y-0.000]Nm | peak=[r0.023 p0.005 y0.174]Nm | res_stat=4.795e-08(peak 9.971e-07) sqp_iter=3 | solve=1.2ms
[INFO] [1783939493.227869482] [acados_nmpc_node]: t=16.9s | pos_err=0.005m | T=20.26N | tau=[r0.000 p0.003 y-0.017]Nm | peak=[r0.023 p0.005 y0.174]Nm | res_stat=1.569e-07(peak 9.971e-07) sqp_iter=3 | solve=4.7ms
[INFO] [1783939498.211214047] [acados_nmpc_node]: t=21.9s | pos_err=0.016m | T=20.32N | tau=[r0.003 p-0.001 y0.006]Nm | peak=[r0.023 p0.005 y0.174]Nm | res_stat=8.541e-08(peak 9.971e-07) sqp_iter=3 | solve=1.5ms
[INFO] [1783939503.230645086] [acados_nmpc_node]: t=26.9s | pos_err=0.032m | T=20.10N | tau=[r0.003 p-0.001 y0.073]Nm | peak=[r0.023 p0.005 y0.174]Nm | res_stat=4.483e-07(peak 9.971e-07) sqp_iter=4 | solve=4.9ms
[INFO] [1783939506.410129628] [acados_nmpc_node]: t=30.1s | Drop triggered (mass switched to empty).
[INFO] [1783939506.413258337] [acados_nmpc_node]: [drop-window] t=30.09s pos_err=0.022m T=20.07N z=3.416 m_est=2.059
[INFO] [1783939506.506803875] [acados_nmpc_node]: [drop-window] t=30.19s pos_err=0.026m T=20.08N z=3.408 m_est=2.059
[INFO] [1783939506.608989445] [acados_nmpc_node]: [drop-window] t=30.29s pos_err=0.028m T=20.07N z=3.399 m_est=2.058
[INFO] [1783939506.710044829] [acados_nmpc_node]: [drop-window] t=30.39s pos_err=0.031m T=20.08N z=3.390 m_est=2.058
[INFO] [1783939506.811733729] [acados_nmpc_node]: [drop-window] t=30.49s pos_err=0.035m T=20.09N z=3.380 m_est=2.057
[INFO] [1783939506.911857839] [acados_nmpc_node]: [drop-window] t=30.59s pos_err=0.037m T=20.09N z=3.371 m_est=2.057
[INFO] [1783939507.034878770] [acados_nmpc_node]: [drop-window] t=30.71s pos_err=0.035m T=20.05N z=3.362 m_est=2.057
[INFO] [1783939507.132818846] [acados_nmpc_node]: [drop-window] t=30.81s pos_err=0.035m T=20.08N z=3.351 m_est=2.056
[INFO] [1783939507.208521085] [acados_nmpc_node]: [drop-window] t=30.89s pos_err=0.038m T=20.16N z=3.340 m_est=2.056
[INFO] [1783939507.309036733] [acados_nmpc_node]: [drop-window] t=30.99s pos_err=0.038m T=20.19N z=3.328 m_est=2.056
[INFO] [1783939507.430541941] [acados_nmpc_node]: [drop-window] t=31.11s pos_err=0.032m T=18.96N z=3.321 m_est=2.056
[INFO] [1783939507.531560913] [acados_nmpc_node]: [drop-window] t=31.21s pos_err=0.038m T=17.22N z=3.329 m_est=2.054
[INFO] [1783939507.631465346] [acados_nmpc_node]: [drop-window] t=31.31s pos_err=0.061m T=15.83N z=3.349 m_est=2.048
[INFO] [1783939507.732354104] [acados_nmpc_node]: [drop-window] t=31.41s pos_err=0.099m T=14.63N z=3.378 m_est=2.008
[INFO] [1783939507.832460588] [acados_nmpc_node]: [drop-window] t=31.51s pos_err=0.135m T=13.27N z=3.403 m_est=1.880
[INFO] [1783939507.931083419] [acados_nmpc_node]: [drop-window] t=31.60s pos_err=0.166m T=13.10N z=3.422 m_est=1.816
[INFO] [1783939508.032224447] [acados_nmpc_node]: [drop-window] t=31.71s pos_err=0.182m T=13.91N z=3.426 m_est=1.796
[INFO] [1783939508.118766788] [acados_nmpc_node]: [drop-window] t=31.80s pos_err=0.181m T=15.19N z=3.412 m_est=1.779
[INFO] [1783939508.212379141] [acados_nmpc_node]: [drop-window] t=31.89s pos_err=0.166m T=16.40N z=3.385 m_est=1.779
[INFO] [1783939508.213439085] [acados_nmpc_node]: t=31.9s | pos_err=0.166m | T=16.40N | tau=[r0.000 p-0.001 y0.039]Nm | peak=[r0.023 p0.005 y0.174]Nm | res_stat=5.600e-07(peak 9.971e-07) sqp_iter=4 | solve=1.7ms
[INFO] [1783939508.320152999] [acados_nmpc_node]: [drop-window] t=32.00s pos_err=0.140m T=17.12N z=3.345 m_est=1.760
[INFO] [1783939508.412506661] [acados_nmpc_node]: [drop-window] t=32.09s pos_err=0.113m T=17.63N z=3.304 m_est=1.755
[INFO] [1783939508.509852239] [acados_nmpc_node]: Payload drop settled.
[INFO] [1783939508.512869835] [acados_nmpc_node]: [drop-window] t=32.19s pos_err=0.083m T=18.01N z=3.260 m_est=1.752
[INFO] [1783939508.612306661] [acados_nmpc_node]: [drop-window] t=32.29s pos_err=0.059m T=18.16N z=3.222 m_est=1.752
[INFO] [1783939508.716715681] [acados_nmpc_node]: [drop-window] t=32.39s pos_err=0.037m T=18.16N z=3.186 m_est=1.751
[INFO] [1783939508.836437658] [acados_nmpc_node]: [drop-window] t=32.51s pos_err=0.031m T=18.02N z=3.157 m_est=1.752
[INFO] [1783939508.919114971] [acados_nmpc_node]: [drop-window] t=32.59s pos_err=0.018m T=17.93N z=3.130 m_est=1.752
[INFO] [1783939509.014590466] [acados_nmpc_node]: [drop-window] t=32.69s pos_err=0.020m T=17.77N z=3.109 m_est=1.753
[INFO] [1783939509.113748211] [acados_nmpc_node]: [drop-window] t=32.79s pos_err=0.021m T=17.63N z=3.088 m_est=1.753
[INFO] [1783939509.207456728] [acados_nmpc_node]: [drop-window] t=32.89s pos_err=0.022m T=17.52N z=3.072 m_est=1.754
[INFO] [1783939509.327985288] [acados_nmpc_node]: [drop-window] t=33.00s pos_err=0.026m T=17.41N z=3.055 m_est=1.755
[INFO] [1783939509.412300933] [acados_nmpc_node]: [drop-window] t=33.09s pos_err=0.024m T=17.37N z=3.040 m_est=1.755
[INFO] [1783939509.510454409] [acados_nmpc_node]: [drop-window] t=33.19s pos_err=0.022m T=17.35N z=3.024 m_est=1.755
[INFO] [1783939509.612971872] [acados_nmpc_node]: [drop-window] t=33.29s pos_err=0.024m T=17.34N z=3.009 m_est=1.756
[INFO] [1783939509.712568239] [acados_nmpc_node]: [drop-window] t=33.39s pos_err=0.022m T=17.35N z=2.993 m_est=1.757
[INFO] [1783939509.811954264] [acados_nmpc_node]: [drop-window] t=33.49s pos_err=0.022m T=17.33N z=2.979 m_est=1.757
[INFO] [1783939509.914639089] [acados_nmpc_node]: [drop-window] t=33.59s pos_err=0.020m T=17.34N z=2.964 m_est=1.759
[INFO] [1783939510.011482205] [acados_nmpc_node]: [drop-window] t=33.69s pos_err=0.020m T=17.32N z=2.951 m_est=1.761
[INFO] [1783939510.132175177] [acados_nmpc_node]: [drop-window] t=33.81s pos_err=0.022m T=17.26N z=2.938 m_est=1.762
[INFO] [1783939510.212427062] [acados_nmpc_node]: [drop-window] t=33.89s pos_err=0.021m T=17.25N z=2.926 m_est=1.763
[INFO] [1783939510.312893473] [acados_nmpc_node]: [drop-window] t=33.99s pos_err=0.022m T=17.23N z=2.913 m_est=1.763
[INFO] [1783939510.412087137] [acados_nmpc_node]: [drop-window] t=34.09s pos_err=0.024m T=17.20N z=2.902 m_est=1.763
[INFO] [1783939510.538565309] [acados_nmpc_node]: [drop-window] t=34.21s pos_err=0.027m T=17.15N z=2.889 m_est=1.763
[INFO] [1783939510.637954495] [acados_nmpc_node]: [drop-window] t=34.31s pos_err=0.029m T=17.14N z=2.877 m_est=1.763
[INFO] [1783939510.730785011] [acados_nmpc_node]: [drop-window] t=34.41s pos_err=0.027m T=17.19N z=2.864 m_est=1.763
[INFO] [1783939510.831599762] [acados_nmpc_node]: [drop-window] t=34.51s pos_err=0.027m T=17.21N z=2.851 m_est=1.762
[INFO] [1783939510.916094447] [acados_nmpc_node]: [drop-window] t=34.59s pos_err=0.023m T=17.28N z=2.836 m_est=1.761
[INFO] [1783939511.016368318] [acados_nmpc_node]: [drop-window] t=34.70s pos_err=0.023m T=17.31N z=2.822 m_est=1.761
[INFO] [1783939511.108985677] [acados_nmpc_node]: [drop-window] t=34.79s pos_err=0.020m T=17.37N z=2.805 m_est=1.761
[INFO] [1783939511.224299843] [acados_nmpc_node]: [drop-window] t=34.90s pos_err=0.023m T=17.35N z=2.791 m_est=1.761
[INFO] [1783939511.317018759] [acados_nmpc_node]: [drop-window] t=34.99s pos_err=0.020m T=17.38N z=2.775 m_est=1.761
[INFO] [1783939511.439470030] [acados_nmpc_node]: [drop-window] t=35.11s pos_err=0.027m T=17.34N z=2.761 m_est=1.761
[INFO] [1783939511.511945403] [acados_nmpc_node]: [drop-window] t=35.19s pos_err=0.024m T=17.40N z=2.746 m_est=1.761
[INFO] [1783939511.629485228] [acados_nmpc_node]: [drop-window] t=35.30s pos_err=0.031m T=17.36N z=2.733 m_est=1.761
[INFO] [1783939511.732536000] [acados_nmpc_node]: [drop-window] t=35.41s pos_err=0.033m T=17.32N z=2.720 m_est=1.762
[INFO] [1783939511.832576373] [acados_nmpc_node]: [drop-window] t=35.51s pos_err=0.035m T=17.28N z=2.709 m_est=1.762
[INFO] [1783939511.932636756] [acados_nmpc_node]: [drop-window] t=35.61s pos_err=0.036m T=17.26N z=2.698 m_est=1.762
[INFO] [1783939512.013190441] [acados_nmpc_node]: [drop-window] t=35.69s pos_err=0.035m T=17.25N z=2.687 m_est=1.762
[INFO] [1783939512.111470021] [acados_nmpc_node]: [drop-window] t=35.79s pos_err=0.034m T=17.24N z=2.677 m_est=1.762
[INFO] [1783939512.212572347] [acados_nmpc_node]: [drop-window] t=35.89s pos_err=0.034m T=17.21N z=2.667 m_est=1.762
[INFO] [1783939512.335765671] [acados_nmpc_node]: [drop-window] t=36.01s pos_err=0.033m T=17.17N z=2.657 m_est=1.761
[INFO] [1783939512.412374580] [acados_nmpc_node]: [drop-window] t=36.09s pos_err=0.030m T=17.18N z=2.648 m_est=1.761
[INFO] [1783939512.511309308] [acados_nmpc_node]: [drop-window] t=36.19s pos_err=0.028m T=17.18N z=2.639 m_est=1.760
[INFO] [1783939512.614946455] [acados_nmpc_node]: [drop-window] t=36.29s pos_err=0.026m T=17.18N z=2.630 m_est=1.760
[INFO] [1783939512.732769423] [acados_nmpc_node]: [drop-window] t=36.41s pos_err=0.026m T=17.16N z=2.622 m_est=1.759
[INFO] [1783939512.832514050] [acados_nmpc_node]: [drop-window] t=36.51s pos_err=0.026m T=17.16N z=2.615 m_est=1.759
[INFO] [1783939512.932589334] [acados_nmpc_node]: [drop-window] t=36.61s pos_err=0.026m T=17.17N z=2.608 m_est=1.758
[INFO] [1783939513.032944896] [acados_nmpc_node]: [drop-window] t=36.71s pos_err=0.028m T=17.17N z=2.602 m_est=1.758
[INFO] [1783939513.132449230] [acados_nmpc_node]: [drop-window] t=36.81s pos_err=0.030m T=17.19N z=2.595 m_est=1.758
[INFO] [1783939513.211848937] [acados_nmpc_node]: [drop-window] t=36.89s pos_err=0.031m T=17.24N z=2.588 m_est=1.757
[INFO] [1783939513.212803103] [acados_nmpc_node]: t=36.9s | pos_err=0.031m | T=17.24N | tau=[r-0.006 p0.000 y-0.085]Nm | peak=[r0.023 p0.005 y0.174]Nm | res_stat=6.512e-07(peak 9.971e-07) sqp_iter=3 | solve=1.4ms
[INFO] [1783939513.312039252] [acados_nmpc_node]: [drop-window] t=36.99s pos_err=0.032m T=17.29N z=2.579 m_est=1.757
[INFO] [1783939513.412709654] [acados_nmpc_node]: [drop-window] t=37.09s pos_err=0.034m T=17.32N z=2.571 m_est=1.757
[INFO] [1783939513.513353071] [acados_nmpc_node]: [drop-window] t=37.19s pos_err=0.035m T=17.34N z=2.562 m_est=1.756
[INFO] [1783939513.613945909] [acados_nmpc_node]: [drop-window] t=37.29s pos_err=0.036m T=17.35N z=2.554 m_est=1.756
[INFO] [1783939513.739650713] [acados_nmpc_node]: [drop-window] t=37.41s pos_err=0.040m T=17.33N z=2.546 m_est=1.754
[INFO] [1783939513.807969354] [acados_nmpc_node]: [drop-window] t=37.49s pos_err=0.035m T=17.33N z=2.539 m_est=1.753
[INFO] [1783939513.907994923] [acados_nmpc_node]: [drop-window] t=37.59s pos_err=0.034m T=17.34N z=2.533 m_est=1.753
[INFO] [1783939514.010586579] [acados_nmpc_node]: [drop-window] t=37.69s pos_err=0.036m T=17.32N z=2.528 m_est=1.750
[INFO] [1783939514.111061340] [acados_nmpc_node]: [drop-window] t=37.79s pos_err=0.035m T=17.31N z=2.524 m_est=1.749
[INFO] [1783939514.211924691] [acados_nmpc_node]: [drop-window] t=37.89s pos_err=0.037m T=17.30N z=2.521 m_est=1.748
[INFO] [1783939514.329468777] [acados_nmpc_node]: [drop-window] t=38.01s pos_err=0.039m T=17.32N z=2.518 m_est=1.748
[INFO] [1783939518.233565990] [acados_nmpc_node]: t=41.9s | pos_err=0.020m | T=17.37N | tau=[r-0.005 p0.002 y-0.078]Nm | peak=[r0.023 p0.005 y0.174]Nm | res_stat=4.978e-07(peak 9.971e-07) sqp_iter=4 | solve=4.7ms
[INFO] [1783939523.238959055] [acados_nmpc_node]: t=46.9s | pos_err=0.014m | T=16.98N | tau=[r0.005 p0.001 y-0.010]Nm | peak=[r0.023 p0.006 y0.174]Nm | res_stat=3.363e-07(peak 9.971e-07) sqp_iter=3 | solve=4.4ms
[ros2run]: Killed
