[INFO] [1785136976.384725418] [acados_nmpc_node]: acados NMPC node starting, building/loading solver...
Code reuse possible, skipping code generation.
acados was compiled without OpenMP.
[INFO] [1785136976.396400711] [acados_nmpc_node]: Warming up acados solver...
[INFO] [1785136976.402382076] [acados_nmpc_node]: Solver warmup complete, took 5.3 ms
[INFO] [1785136976.424697341] [acados_nmpc_node]: Decoupled publish enabled: solve @10Hz, body_rate/thrust @50Hz (trajectory interpolation)
[INFO] [1785136976.425833275] [acados_nmpc_node]: acados NMPC node initialized! Waiting for EKF2 convergence...
[INFO] [1785136996.436563068] [acados_nmpc_node]: Waiting for EKF2 convergence... 10/10 s
[INFO] [1785136996.534819626] [acados_nmpc_node]: Switching to OFFBOARD mode
[INFO] [1785136997.338058634] [acados_nmpc_node]: Sending arm command
[INFO] [1785136998.337719332] [acados_nmpc_node]: Armed, preparing to move to trajectory start...
[INFO] [1785137003.227675127] [acados_nmpc_node]: Moving to trajectory start... xy=0.020m z=0.629m v=0.38m/s
[INFO] [1785137006.143424733] [acados_nmpc_node]: Reached trajectory start, NMPC tracking begins!
[INFO] [1785137008.150922399] [acados_nmpc_node]: t=2.0s | pos_err=0.007m | T=20.13N | tau=[r0.003 p-0.000 y0.076]Nm | res_stat=7.364e-07(peak 9.824e-07) sqp_iter=5 | solve=6.3ms
[INFO] [1785137013.150155511] [acados_nmpc_node]: t=7.0s | pos_err=0.015m | T=20.11N | tau=[r-0.004 p0.007 y-0.030]Nm | res_stat=2.517e-07(peak 9.824e-07) sqp_iter=3 | solve=4.7ms
[INFO] [1785137018.152265085] [acados_nmpc_node]: t=12.0s | pos_err=0.034m | T=20.86N | tau=[r-0.000 p-0.001 y0.002]Nm | res_stat=7.852e-08(peak 9.824e-07) sqp_iter=3 | solve=4.6ms
[INFO] [1785137023.129521635] [acados_nmpc_node]: t=17.0s | pos_err=0.032m | T=20.69N | tau=[r0.005 p0.002 y-0.007]Nm | res_stat=2.301e-07(peak 9.824e-07) sqp_iter=3 | solve=1.2ms
[INFO] [1785137028.132924913] [acados_nmpc_node]: t=22.0s | pos_err=0.024m | T=20.85N | tau=[r0.001 p-0.003 y0.007]Nm | res_stat=7.931e-08(peak 9.824e-07) sqp_iter=3 | solve=1.8ms
[INFO] [1785137033.155865382] [acados_nmpc_node]: t=27.0s | pos_err=0.028m | T=20.55N | tau=[r0.004 p0.000 y0.060]Nm | res_stat=3.532e-07(peak 9.824e-07) sqp_iter=4 | solve=5.2ms
[INFO] [1785137036.146189572] [acados_nmpc_node]: t=30.0s | Drop triggered (mass switched to empty).
[INFO] [1785137036.153950697] [acados_nmpc_node]: [drop-window] t=30.00s pos_err=0.009m T=20.48N z=3.434 m_est=2.110
[INFO] [1785137036.237411986] [acados_nmpc_node]: [drop-window] t=30.09s pos_err=0.013m T=20.50N z=3.427 m_est=2.109
[INFO] [1785137036.358154266] [acados_nmpc_node]: [drop-window] t=30.21s pos_err=0.016m T=20.48N z=3.419 m_est=2.109
[INFO] [1785137036.457725291] [acados_nmpc_node]: [drop-window] t=30.31s pos_err=0.019m T=20.48N z=3.411 m_est=2.108
[INFO] [1785137036.559011550] [acados_nmpc_node]: [drop-window] t=30.41s pos_err=0.023m T=20.51N z=3.401 m_est=2.108
[INFO] [1785137036.657401771] [acados_nmpc_node]: [drop-window] t=30.51s pos_err=0.025m T=20.55N z=3.391 m_est=2.107
[INFO] [1785137036.737336834] [acados_nmpc_node]: [drop-window] t=30.59s pos_err=0.031m T=20.66N z=3.379 m_est=2.106
[INFO] [1785137036.857872506] [acados_nmpc_node]: [drop-window] t=30.71s pos_err=0.030m T=20.66N z=3.366 m_est=2.106
[INFO] [1785137036.936185468] [acados_nmpc_node]: [drop-window] t=30.79s pos_err=0.037m T=20.71N z=3.353 m_est=2.106
[INFO] [1785137037.058343277] [acados_nmpc_node]: [drop-window] t=30.91s pos_err=0.035m T=20.68N z=3.341 m_est=2.106
[INFO] [1785137037.159054096] [acados_nmpc_node]: [drop-window] t=31.01s pos_err=0.037m T=20.68N z=3.328 m_est=2.106
[INFO] [1785137037.234042668] [acados_nmpc_node]: [drop-window] t=31.09s pos_err=0.042m T=20.72N z=3.316 m_est=2.106
[INFO] [1785137037.358109347] [acados_nmpc_node]: [drop-window] t=31.21s pos_err=0.038m T=20.66N z=3.303 m_est=2.105
[INFO] [1785137037.458602558] [acados_nmpc_node]: [drop-window] t=31.31s pos_err=0.038m T=20.61N z=3.292 m_est=2.105
[INFO] [1785137037.556195307] [acados_nmpc_node]: [drop-window] t=31.41s pos_err=0.040m T=20.59N z=3.280 m_est=2.104
[INFO] [1785137037.659883139] [acados_nmpc_node]: [drop-window] t=31.51s pos_err=0.039m T=20.55N z=3.269 m_est=2.103
[INFO] [1785137037.759376240] [acados_nmpc_node]: [drop-window] t=31.61s pos_err=0.041m T=20.54N z=3.257 m_est=2.101
[INFO] [1785137037.857512786] [acados_nmpc_node]: [drop-window] t=31.71s pos_err=0.040m T=20.53N z=3.245 m_est=2.100
[INFO] [1785137037.958835271] [acados_nmpc_node]: [drop-window] t=31.81s pos_err=0.041m T=20.54N z=3.233 m_est=2.098
[INFO] [1785137038.035700364] [acados_nmpc_node]: [drop-window] t=31.89s pos_err=0.045m T=20.61N z=3.220 m_est=2.096
[INFO] [1785137038.146429185] [acados_nmpc_node]: Payload drop settled.
[INFO] [1785137038.154068975] [acados_nmpc_node]: [drop-window] t=32.01s pos_err=0.041m T=20.63N z=3.205 m_est=2.095
[INFO] [1785137038.156071365] [acados_nmpc_node]: t=32.0s | pos_err=0.041m | T=20.63N | tau=[r0.000 p0.003 y0.014]Nm | res_stat=2.024e-07(peak 9.824e-07) sqp_iter=3 | solve=4.2ms
[INFO] [1785137038.252287607] [acados_nmpc_node]: [drop-window] t=32.10s pos_err=0.038m T=20.67N z=3.191 m_est=2.093
[INFO] [1785137038.352321312] [acados_nmpc_node]: [drop-window] t=32.20s pos_err=0.037m T=20.74N z=3.174 m_est=2.093
[INFO] [1785137038.452847533] [acados_nmpc_node]: [drop-window] t=32.31s pos_err=0.032m T=20.78N z=3.159 m_est=2.092
[INFO] [1785137038.553220785] [acados_nmpc_node]: [drop-window] t=32.40s pos_err=0.030m T=20.83N z=3.141 m_est=2.093
[INFO] [1785137038.652119256] [acados_nmpc_node]: [drop-window] t=32.50s pos_err=0.025m T=20.85N z=3.126 m_est=2.094
[INFO] [1785137038.753112568] [acados_nmpc_node]: [drop-window] t=32.61s pos_err=0.022m T=20.86N z=3.109 m_est=2.096
[INFO] [1785137038.852364181] [acados_nmpc_node]: [drop-window] t=32.70s pos_err=0.018m T=20.86N z=3.093 m_est=2.098
[INFO] [1785137038.952445170] [acados_nmpc_node]: [drop-window] t=32.80s pos_err=0.019m T=20.87N z=3.077 m_est=2.101
[INFO] [1785137039.052956659] [acados_nmpc_node]: [drop-window] t=32.91s pos_err=0.020m T=20.87N z=3.061 m_est=2.103
[INFO] [1785137039.152534498] [acados_nmpc_node]: [drop-window] t=33.00s pos_err=0.024m T=20.88N z=3.045 m_est=2.106
[INFO] [1785137039.253330933] [acados_nmpc_node]: [drop-window] t=33.11s pos_err=0.027m T=20.86N z=3.030 m_est=2.108
[INFO] [1785137039.353035787] [acados_nmpc_node]: [drop-window] t=33.21s pos_err=0.030m T=20.84N z=3.014 m_est=2.110
[INFO] [1785137039.453771255] [acados_nmpc_node]: [drop-window] t=33.31s pos_err=0.031m T=20.80N z=3.000 m_est=2.111
[INFO] [1785137039.552656160] [acados_nmpc_node]: [drop-window] t=33.40s pos_err=0.031m T=20.78N z=2.985 m_est=2.112
[INFO] [1785137039.653764987] [acados_nmpc_node]: [drop-window] t=33.51s pos_err=0.030m T=20.76N z=2.971 m_est=2.113
[INFO] [1785137039.759358134] [acados_nmpc_node]: [drop-window] t=33.61s pos_err=0.029m T=20.74N z=2.956 m_est=2.113
[INFO] [1785137039.858478070] [acados_nmpc_node]: [drop-window] t=33.71s pos_err=0.027m T=20.73N z=2.943 m_est=2.113
[INFO] [1785137039.959607159] [acados_nmpc_node]: [drop-window] t=33.81s pos_err=0.025m T=20.73N z=2.928 m_est=2.113
[INFO] [1785137040.043320465] [acados_nmpc_node]: [drop-window] t=33.90s pos_err=0.023m T=20.76N z=2.915 m_est=2.113
[INFO] [1785137040.158865768] [acados_nmpc_node]: [drop-window] t=34.01s pos_err=0.025m T=20.73N z=2.901 m_est=2.113
[INFO] [1785137040.258456085] [acados_nmpc_node]: [drop-window] t=34.11s pos_err=0.027m T=20.71N z=2.887 m_est=2.113
[INFO] [1785137040.359202960] [acados_nmpc_node]: [drop-window] t=34.21s pos_err=0.026m T=20.71N z=2.873 m_est=2.113
[INFO] [1785137040.459414559] [acados_nmpc_node]: [drop-window] t=34.31s pos_err=0.027m T=20.70N z=2.861 m_est=2.113
[INFO] [1785137040.549200194] [acados_nmpc_node]: [drop-window] t=34.40s pos_err=0.024m T=20.72N z=2.848 m_est=2.113
[INFO] [1785137040.654467253] [acados_nmpc_node]: [drop-window] t=34.51s pos_err=0.029m T=20.69N z=2.835 m_est=2.113
[INFO] [1785137040.742166875] [acados_nmpc_node]: [drop-window] t=34.59s pos_err=0.024m T=20.73N z=2.822 m_est=2.112
[INFO] [1785137040.859036401] [acados_nmpc_node]: [drop-window] t=34.71s pos_err=0.031m T=20.69N z=2.810 m_est=2.112
[INFO] [1785137040.959288829] [acados_nmpc_node]: [drop-window] t=34.81s pos_err=0.031m T=20.68N z=2.797 m_est=2.112
[INFO] [1785137041.060105616] [acados_nmpc_node]: [drop-window] t=34.91s pos_err=0.033m T=20.68N z=2.785 m_est=2.112
[INFO] [1785137041.136285327] [acados_nmpc_node]: [drop-window] t=34.99s pos_err=0.028m T=20.73N z=2.772 m_est=2.112
[INFO] [1785137041.235827857] [acados_nmpc_node]: [drop-window] t=35.09s pos_err=0.029m T=20.73N z=2.760 m_est=2.112
[INFO] [1785137041.354385572] [acados_nmpc_node]: [drop-window] t=35.21s pos_err=0.032m T=20.71N z=2.747 m_est=2.112
[INFO] [1785137041.455166230] [acados_nmpc_node]: [drop-window] t=35.31s pos_err=0.033m T=20.71N z=2.735 m_est=2.112
[INFO] [1785137041.555716314] [acados_nmpc_node]: [drop-window] t=35.41s pos_err=0.032m T=20.73N z=2.722 m_est=2.111
[INFO] [1785137041.649933472] [acados_nmpc_node]: [drop-window] t=35.51s pos_err=0.031m T=20.72N z=2.711 m_est=2.111
[INFO] [1785137041.758656232] [acados_nmpc_node]: [drop-window] t=35.61s pos_err=0.030m T=20.70N z=2.699 m_est=2.111
[INFO] [1785137041.861350362] [acados_nmpc_node]: [drop-window] t=35.71s pos_err=0.030m T=20.66N z=2.689 m_est=2.111
[INFO] [1785137041.958830657] [acados_nmpc_node]: [drop-window] t=35.81s pos_err=0.028m T=20.65N z=2.678 m_est=2.111
[INFO] [1785137042.058481377] [acados_nmpc_node]: [drop-window] t=35.91s pos_err=0.027m T=20.64N z=2.669 m_est=2.111
[INFO] [1785137042.157237695] [acados_nmpc_node]: [drop-window] t=36.01s pos_err=0.026m T=20.62N z=2.659 m_est=2.110
[INFO] [1785137042.236578933] [acados_nmpc_node]: [drop-window] t=36.09s pos_err=0.024m T=20.62N z=2.650 m_est=2.109
[INFO] [1785137042.337066232] [acados_nmpc_node]: [drop-window] t=36.19s pos_err=0.024m T=20.63N z=2.641 m_est=2.109
[INFO] [1785137042.455516396] [acados_nmpc_node]: [drop-window] t=36.31s pos_err=0.026m T=20.60N z=2.633 m_est=2.108
[INFO] [1785137042.534933143] [acados_nmpc_node]: [drop-window] t=36.39s pos_err=0.022m T=20.64N z=2.623 m_est=2.107
[INFO] [1785137042.639845838] [acados_nmpc_node]: [drop-window] t=36.50s pos_err=0.021m T=20.66N z=2.615 m_est=2.106
[INFO] [1785137042.759598362] [acados_nmpc_node]: [drop-window] t=36.61s pos_err=0.021m T=20.68N z=2.606 m_est=2.106
[INFO] [1785137042.835269301] [acados_nmpc_node]: [drop-window] t=36.69s pos_err=0.018m T=20.73N z=2.597 m_est=2.105
[INFO] [1785137042.935236988] [acados_nmpc_node]: [drop-window] t=36.79s pos_err=0.016m T=20.79N z=2.587 m_est=2.105
[INFO] [1785137043.059974264] [acados_nmpc_node]: [drop-window] t=36.91s pos_err=0.022m T=20.81N z=2.577 m_est=2.105
[INFO] [1785137043.160367239] [acados_nmpc_node]: [drop-window] t=37.01s pos_err=0.024m T=20.86N z=2.567 m_est=2.105
[INFO] [1785137043.162480615] [acados_nmpc_node]: t=37.0s | pos_err=0.024m | T=20.86N | tau=[r-0.010 p0.003 y-0.075]Nm | res_stat=8.183e-07(peak 9.824e-07) sqp_iter=3 | solve=4.2ms
[INFO] [1785137043.251035186] [acados_nmpc_node]: [drop-window] t=37.10s pos_err=0.027m T=20.91N z=2.557 m_est=2.105
[INFO] [1785137043.329065431] [acados_nmpc_node]: [drop-window] t=37.19s pos_err=0.026m T=20.93N z=2.547 m_est=2.105
[INFO] [1785137043.437809430] [acados_nmpc_node]: [drop-window] t=37.29s pos_err=0.033m T=20.88N z=2.539 m_est=2.105
[INFO] [1785137043.560644230] [acados_nmpc_node]: [drop-window] t=37.41s pos_err=0.038m T=20.81N z=2.533 m_est=2.104
[INFO] [1785137043.659704019] [acados_nmpc_node]: [drop-window] t=37.51s pos_err=0.041m T=20.75N z=2.528 m_est=2.103
[INFO] [1785137043.757473872] [acados_nmpc_node]: [drop-window] t=37.61s pos_err=0.040m T=20.72N z=2.523 m_est=2.103
[INFO] [1785137043.859671078] [acados_nmpc_node]: [drop-window] t=37.71s pos_err=0.042m T=20.72N z=2.519 m_est=2.101
[INFO] [1785137043.960356449] [acados_nmpc_node]: [drop-window] t=37.81s pos_err=0.042m T=20.75N z=2.515 m_est=2.100
[INFO] [1785137044.059257813] [acados_nmpc_node]: [drop-window] t=37.91s pos_err=0.044m T=20.78N z=2.511 m_est=2.099
[INFO] [1785137044.133609384] [acados_nmpc_node]: [drop-window] t=37.99s pos_err=0.043m T=20.81N z=2.507 m_est=2.098
[INFO] [1785137048.137162983] [acados_nmpc_node]: t=42.0s | pos_err=0.010m | T=20.60N | tau=[r-0.001 p-0.001 y-0.071]Nm | res_stat=4.350e-07(peak 9.824e-07) sqp_iter=4 | solve=2.1ms
[ros2run]: Killed
