[INFO] [1783938400.902191655] [acados_nmpc_node]: acados NMPC node starting, building/loading solver...
Code reuse possible, skipping code generation.
acados was compiled without OpenMP.
[INFO] [1783938400.910755406] [acados_nmpc_node]: Warming up acados solver...
[INFO] [1783938400.916077407] [acados_nmpc_node]: Solver warmup complete, took 4.9 ms
[INFO] [1783938400.930870580] [acados_nmpc_node]: Decoupled publish enabled: solve @10Hz, body_rate/thrust @50Hz (trajectory interpolation)
[INFO] [1783938400.931414500] [acados_nmpc_node]: acados NMPC node initialized! Waiting for EKF2 convergence...
[INFO] [1783938420.934397582] [acados_nmpc_node]: Waiting for EKF2 convergence... 10/10 s
[INFO] [1783938421.034643980] [acados_nmpc_node]: Switching to OFFBOARD mode
[INFO] [1783938422.046337020] [acados_nmpc_node]: Sending arm command
[INFO] [1783938423.035044613] [acados_nmpc_node]: Armed, preparing to move to trajectory start...
[INFO] [1783938427.945529645] [acados_nmpc_node]: Moving to trajectory start... xy=0.018m z=0.642m v=0.37m/s
[INFO] [1783938430.750806393] [acados_nmpc_node]: Reached trajectory start, NMPC tracking begins!
[INFO] [1783938432.843757302] [acados_nmpc_node]: t=2.1s | pos_err=0.020m | T=20.07N | tau=[r0.003 p0.001 y0.102]Nm | peak=[r0.011 p0.003 y0.102]Nm | res_stat=2.718e-07(peak 7.586e-07) sqp_iter=5 | solve=4.0ms
[WARN] [1783938433.639489195] [acados_nmpc_node]: t=2.89s | Torque near constraint limit! roll=5% pitch=0% yaw=88% | pos_err=0.033m | peak roll=0.025 pitch=0.003 yaw=0.175 Nm
[INFO] [1783938437.859895498] [acados_nmpc_node]: t=7.1s | pos_err=0.017m | T=20.20N | tau=[r-0.009 p0.002 y-0.040]Nm | peak=[r0.025 p0.005 y0.175]Nm | res_stat=4.512e-07(peak 9.974e-07) sqp_iter=3 | solve=4.7ms
[INFO] [1783938442.859945073] [acados_nmpc_node]: t=12.1s | pos_err=0.016m | T=20.23N | tau=[r0.001 p0.005 y0.004]Nm | peak=[r0.025 p0.005 y0.175]Nm | res_stat=4.000e-08(peak 9.974e-07) sqp_iter=3 | solve=4.1ms
[INFO] [1783938447.840414649] [acados_nmpc_node]: t=17.1s | pos_err=0.030m | T=20.37N | tau=[r0.002 p0.000 y-0.002]Nm | peak=[r0.025 p0.005 y0.175]Nm | res_stat=1.652e-07(peak 9.974e-07) sqp_iter=3 | solve=1.5ms
[INFO] [1783938452.840088307] [acados_nmpc_node]: t=22.1s | pos_err=0.030m | T=20.24N | tau=[r0.001 p0.001 y0.004]Nm | peak=[r0.025 p0.007 y0.175]Nm | res_stat=8.621e-08(peak 9.974e-07) sqp_iter=3 | solve=1.4ms
[INFO] [1783938457.841824510] [acados_nmpc_node]: t=27.1s | pos_err=0.033m | T=20.09N | tau=[r0.005 p0.000 y0.049]Nm | peak=[r0.025 p0.007 y0.175]Nm | res_stat=4.998e-07(peak 9.974e-07) sqp_iter=3 | solve=1.7ms
[INFO] [1783938460.756115304] [acados_nmpc_node]: t=30.0s | Drop triggered (mass switched to empty).
[INFO] [1783938460.764106539] [acados_nmpc_node]: [drop-window] t=30.01s pos_err=0.015m T=19.98N z=3.431 m_est=2.060
[INFO] [1783938460.860360805] [acados_nmpc_node]: [drop-window] t=30.10s pos_err=0.015m T=19.99N z=3.424 m_est=2.059
[INFO] [1783938460.941728933] [acados_nmpc_node]: [drop-window] t=30.19s pos_err=0.014m T=20.03N z=3.416 m_est=2.059
[INFO] [1783938461.065212609] [acados_nmpc_node]: [drop-window] t=30.31s pos_err=0.017m T=20.01N z=3.407 m_est=2.058
[INFO] [1783938461.164961445] [acados_nmpc_node]: [drop-window] t=30.41s pos_err=0.018m T=20.03N z=3.397 m_est=2.058
[INFO] [1783938461.260796190] [acados_nmpc_node]: [drop-window] t=30.51s pos_err=0.020m T=20.07N z=3.387 m_est=2.057
[INFO] [1783938461.368381743] [acados_nmpc_node]: [drop-window] t=30.61s pos_err=0.022m T=20.11N z=3.376 m_est=2.056
[INFO] [1783938461.442433556] [acados_nmpc_node]: [drop-window] t=30.69s pos_err=0.026m T=20.18N z=3.364 m_est=2.056
[INFO] [1783938461.541991417] [acados_nmpc_node]: [drop-window] t=30.79s pos_err=0.028m T=20.21N z=3.352 m_est=2.056
[INFO] [1783938461.661829911] [acados_nmpc_node]: [drop-window] t=30.91s pos_err=0.025m T=20.16N z=3.340 m_est=2.056
[INFO] [1783938461.743193243] [acados_nmpc_node]: [drop-window] t=30.99s pos_err=0.028m T=19.03N z=3.332 m_est=2.056
[INFO] [1783938461.862764326] [acados_nmpc_node]: [drop-window] t=31.11s pos_err=0.031m T=17.51N z=3.339 m_est=2.056
[INFO] [1783938461.968478422] [acados_nmpc_node]: [drop-window] t=31.21s pos_err=0.057m T=16.06N z=3.359 m_est=2.053
[INFO] [1783938462.062366886] [acados_nmpc_node]: [drop-window] t=31.31s pos_err=0.092m T=15.10N z=3.385 m_est=2.048
[INFO] [1783938462.161522884] [acados_nmpc_node]: [drop-window] t=31.41s pos_err=0.131m T=14.68N z=3.412 m_est=2.039
[INFO] [1783938462.263109468] [acados_nmpc_node]: [drop-window] t=31.51s pos_err=0.161m T=14.65N z=3.431 m_est=2.027
[INFO] [1783938462.346325733] [acados_nmpc_node]: [drop-window] t=31.59s pos_err=0.184m T=14.93N z=3.442 m_est=2.012
[INFO] [1783938462.461585424] [acados_nmpc_node]: [drop-window] t=31.71s pos_err=0.198m T=15.27N z=3.442 m_est=1.994
[INFO] [1783938462.562284812] [acados_nmpc_node]: [drop-window] t=31.81s pos_err=0.203m T=15.58N z=3.434 m_est=1.974
[INFO] [1783938462.662616851] [acados_nmpc_node]: [drop-window] t=31.91s pos_err=0.203m T=15.88N z=3.420 m_est=1.953
[INFO] [1783938462.741462939] [acados_nmpc_node]: [drop-window] t=31.99s pos_err=0.194m T=16.26N z=3.399 m_est=1.932
[INFO] [1783938462.838745992] [acados_nmpc_node]: Payload drop settled.
[INFO] [1783938462.841618254] [acados_nmpc_node]: [drop-window] t=32.09s pos_err=0.185m T=16.50N z=3.376 m_est=1.910
[INFO] [1783938462.842536390] [acados_nmpc_node]: t=32.1s | pos_err=0.185m | T=16.50N | tau=[r-0.003 p-0.000 y0.012]Nm | peak=[r0.025 p0.007 y0.175]Nm | res_stat=2.527e-07(peak 9.974e-07) sqp_iter=4 | solve=1.5ms
[INFO] [1783938462.966698774] [acados_nmpc_node]: [drop-window] t=32.21s pos_err=0.175m T=16.60N z=3.349 m_est=1.888
[INFO] [1783938463.042526638] [acados_nmpc_node]: [drop-window] t=32.29s pos_err=0.161m T=16.66N z=3.323 m_est=1.866
[INFO] [1783938463.141752490] [acados_nmpc_node]: [drop-window] t=32.39s pos_err=0.148m T=16.81N z=3.295 m_est=1.846
[INFO] [1783938463.250070179] [acados_nmpc_node]: [drop-window] t=32.50s pos_err=0.137m T=16.85N z=3.270 m_est=1.828
[INFO] [1783938463.342735750] [acados_nmpc_node]: [drop-window] t=32.59s pos_err=0.123m T=16.96N z=3.241 m_est=1.812
[INFO] [1783938463.441937922] [acados_nmpc_node]: [drop-window] t=32.69s pos_err=0.111m T=17.06N z=3.215 m_est=1.798
[INFO] [1783938463.542922999] [acados_nmpc_node]: [drop-window] t=32.79s pos_err=0.097m T=17.20N z=3.185 m_est=1.787
[INFO] [1783938463.642178603] [acados_nmpc_node]: [drop-window] t=32.89s pos_err=0.086m T=17.30N z=3.159 m_est=1.779
[INFO] [1783938463.768150058] [acados_nmpc_node]: [drop-window] t=33.01s pos_err=0.075m T=17.35N z=3.131 m_est=1.775
[INFO] [1783938463.843272130] [acados_nmpc_node]: [drop-window] t=33.09s pos_err=0.066m T=17.45N z=3.107 m_est=1.773
[INFO] [1783938463.967151436] [acados_nmpc_node]: [drop-window] t=33.21s pos_err=0.058m T=17.47N z=3.083 m_est=1.772
[INFO] [1783938464.042581398] [acados_nmpc_node]: [drop-window] t=33.29s pos_err=0.052m T=17.53N z=3.061 m_est=1.772
[INFO] [1783938464.142489905] [acados_nmpc_node]: [drop-window] t=33.39s pos_err=0.045m T=17.55N z=3.037 m_est=1.773
[INFO] [1783938464.242628753] [acados_nmpc_node]: [drop-window] t=33.49s pos_err=0.039m T=17.52N z=3.017 m_est=1.773
[INFO] [1783938464.342056733] [acados_nmpc_node]: [drop-window] t=33.59s pos_err=0.033m T=17.49N z=2.996 m_est=1.773
[INFO] [1783938464.453905126] [acados_nmpc_node]: [drop-window] t=33.70s pos_err=0.028m T=17.41N z=2.978 m_est=1.772
[INFO] [1783938464.542299190] [acados_nmpc_node]: [drop-window] t=33.79s pos_err=0.024m T=17.37N z=2.961 m_est=1.772
[INFO] [1783938464.642189387] [acados_nmpc_node]: [drop-window] t=33.89s pos_err=0.021m T=17.31N z=2.946 m_est=1.771
[INFO] [1783938464.742242415] [acados_nmpc_node]: [drop-window] t=33.99s pos_err=0.019m T=17.28N z=2.930 m_est=1.771
[INFO] [1783938464.839567631] [acados_nmpc_node]: [drop-window] t=34.09s pos_err=0.018m T=17.27N z=2.915 m_est=1.770
[INFO] [1783938464.962102684] [acados_nmpc_node]: [drop-window] t=34.21s pos_err=0.021m T=17.25N z=2.898 m_est=1.769
[INFO] [1783938465.042646307] [acados_nmpc_node]: [drop-window] t=34.29s pos_err=0.015m T=17.31N z=2.882 m_est=1.768
[INFO] [1783938465.142776115] [acados_nmpc_node]: [drop-window] t=34.39s pos_err=0.012m T=17.35N z=2.865 m_est=1.768
[INFO] [1783938465.237492419] [acados_nmpc_node]: [drop-window] t=34.49s pos_err=0.011m T=17.36N z=2.849 m_est=1.767
[INFO] [1783938465.337136845] [acados_nmpc_node]: [drop-window] t=34.59s pos_err=0.010m T=17.36N z=2.833 m_est=1.767
[INFO] [1783938465.442908176] [acados_nmpc_node]: [drop-window] t=34.69s pos_err=0.012m T=17.33N z=2.819 m_est=1.767
[INFO] [1783938465.554266284] [acados_nmpc_node]: [drop-window] t=34.80s pos_err=0.014m T=17.32N z=2.804 m_est=1.767
[INFO] [1783938465.641709487] [acados_nmpc_node]: [drop-window] t=34.89s pos_err=0.013m T=17.33N z=2.790 m_est=1.766
[INFO] [1783938465.742549058] [acados_nmpc_node]: [drop-window] t=34.99s pos_err=0.013m T=17.34N z=2.775 m_est=1.766
[INFO] [1783938465.842329138] [acados_nmpc_node]: [drop-window] t=35.09s pos_err=0.016m T=17.34N z=2.761 m_est=1.766
[INFO] [1783938465.942003616] [acados_nmpc_node]: [drop-window] t=35.19s pos_err=0.017m T=17.33N z=2.747 m_est=1.766
[INFO] [1783938466.042259435] [acados_nmpc_node]: [drop-window] t=35.29s pos_err=0.022m T=17.30N z=2.735 m_est=1.766
[INFO] [1783938466.141995549] [acados_nmpc_node]: [drop-window] t=35.39s pos_err=0.025m T=17.27N z=2.723 m_est=1.765
[INFO] [1783938466.242635056] [acados_nmpc_node]: [drop-window] t=35.49s pos_err=0.029m T=17.23N z=2.713 m_est=1.765
[INFO] [1783938466.346527324] [acados_nmpc_node]: [drop-window] t=35.59s pos_err=0.030m T=17.20N z=2.703 m_est=1.765
[INFO] [1783938466.441084017] [acados_nmpc_node]: [drop-window] t=35.69s pos_err=0.032m T=17.18N z=2.693 m_est=1.764
[INFO] [1783938466.542465906] [acados_nmpc_node]: [drop-window] t=35.79s pos_err=0.032m T=17.18N z=2.682 m_est=1.764
[INFO] [1783938466.662583956] [acados_nmpc_node]: [drop-window] t=35.91s pos_err=0.036m T=17.16N z=2.671 m_est=1.763
[INFO] [1783938466.742303482] [acados_nmpc_node]: [drop-window] t=35.99s pos_err=0.032m T=17.21N z=2.659 m_est=1.763
[INFO] [1783938466.852900723] [acados_nmpc_node]: [drop-window] t=36.10s pos_err=0.033m T=17.21N z=2.649 m_est=1.762
[INFO] [1783938466.964309165] [acados_nmpc_node]: [drop-window] t=36.21s pos_err=0.033m T=17.21N z=2.638 m_est=1.762
[INFO] [1783938467.040860992] [acados_nmpc_node]: [drop-window] t=36.29s pos_err=0.029m T=17.26N z=2.627 m_est=1.761
[INFO] [1783938467.141011904] [acados_nmpc_node]: [drop-window] t=36.39s pos_err=0.026m T=17.30N z=2.615 m_est=1.761
[INFO] [1783938467.241785690] [acados_nmpc_node]: [drop-window] t=36.49s pos_err=0.023m T=17.33N z=2.604 m_est=1.760
[INFO] [1783938467.351212879] [acados_nmpc_node]: [drop-window] t=36.60s pos_err=0.019m T=17.36N z=2.592 m_est=1.760
[INFO] [1783938467.441966393] [acados_nmpc_node]: [drop-window] t=36.69s pos_err=0.015m T=17.40N z=2.582 m_est=1.760
[INFO] [1783938467.569380913] [acados_nmpc_node]: [drop-window] t=36.81s pos_err=0.015m T=17.41N z=2.571 m_est=1.760
[INFO] [1783938467.642674953] [acados_nmpc_node]: [drop-window] t=36.89s pos_err=0.012m T=17.44N z=2.562 m_est=1.760
[INFO] [1783938467.742535427] [acados_nmpc_node]: [drop-window] t=36.99s pos_err=0.013m T=17.42N z=2.554 m_est=1.760
[INFO] [1783938467.843518649] [acados_nmpc_node]: [drop-window] t=37.09s pos_err=0.014m T=17.37N z=2.548 m_est=1.760
[INFO] [1783938467.844553919] [acados_nmpc_node]: t=37.1s | pos_err=0.014m | T=17.37N | tau=[r-0.007 p0.000 y-0.090]Nm | peak=[r0.025 p0.007 y0.175]Nm | res_stat=6.091e-07(peak 9.974e-07) sqp_iter=4 | solve=1.8ms
[INFO] [1783938467.942838454] [acados_nmpc_node]: [drop-window] t=37.19s pos_err=0.017m T=17.31N z=2.543 m_est=1.759
[INFO] [1783938468.041585102] [acados_nmpc_node]: [drop-window] t=37.29s pos_err=0.019m T=17.27N z=2.539 m_est=1.759
[INFO] [1783938468.142353827] [acados_nmpc_node]: [drop-window] t=37.39s pos_err=0.020m T=17.24N z=2.534 m_est=1.758
[INFO] [1783938468.243484497] [acados_nmpc_node]: [drop-window] t=37.49s pos_err=0.023m T=17.22N z=2.531 m_est=1.757
[INFO] [1783938468.346767717] [acados_nmpc_node]: [drop-window] t=37.59s pos_err=0.023m T=17.20N z=2.528 m_est=1.756
[INFO] [1783938468.448299977] [acados_nmpc_node]: [drop-window] t=37.70s pos_err=0.026m T=17.19N z=2.526 m_est=1.754
[INFO] [1783938468.543875298] [acados_nmpc_node]: [drop-window] t=37.79s pos_err=0.026m T=17.19N z=2.524 m_est=1.752
[INFO] [1783938468.637256974] [acados_nmpc_node]: [drop-window] t=37.89s pos_err=0.027m T=17.21N z=2.522 m_est=1.751
[INFO] [1783938468.737276984] [acados_nmpc_node]: [drop-window] t=37.99s pos_err=0.027m T=17.23N z=2.520 m_est=1.750
[INFO] [1783938472.869383134] [acados_nmpc_node]: t=42.1s | pos_err=0.022m | T=17.16N | tau=[r-0.002 p0.004 y-0.056]Nm | peak=[r0.025 p0.007 y0.175]Nm | res_stat=3.330e-07(peak 9.974e-07) sqp_iter=4 | solve=4.7ms
[ros2run]: Killed
