[INFO] [1789064070.292042057] [mhe_node]: MHE node starting, building/loading solver... (geom_coupled=True, N=20, m_min=1.961, m_B=2.0643)
Code reuse possible, skipping code generation.
acados was compiled without OpenMP.
[INFO] [1789064070.298869900] [mhe_node]: [prior] geom_coupled=True → 载荷质量信息**完全不生效**(grip_payload_envelope=0.3 是死代码:coupled 档下 _payload_geometry 根本不被调用);模型只吃可测杆臂 r_p + 被估质量,m 的先验仅有 Q0 质量维=0.1 (σ=3.16kg,实质无先验)
[WARN] [1789064070.299349642] [mhe_node]: geom_release_mode='self':估计器不被告知 drop。⚠️ 2026-08-24 实测,**NMPC 侧也设成 'self' 会必然坠机**——drop 后控制器继续按幽灵偏心载荷配平,指令 0.424N·m(tau_max 的 85%)作用在空机 J_xx=0.0142 上 = 29.8 rad/s²,而 MHE 10Hz/2s 窗口要 1~2s 才纠得过来,飞机先翻。**正确组合 = MHE 'self' + NMPC 'event'**(控制器是发释放指令的一方,它知道不构成认知作弊)。
[INFO] [1789064070.301253820] [mhe_node]: [moment-ref] 物理上限由平台包线派生: 0.0390 kg·m = 0.30kg x 0.13m
[INFO] [1789064070.301889548] [mhe_node]: [c_xy_est] 质量域卸载判据已开:先武装(m_p>0.090kg),再判 m_p<0.03kg 持续 20 帧 -> 释放偏心估计
[INFO] [1789064070.302538420] [mhe_node]: [c_xy] 来源 = 一阶质量矩 s/m_T(窗口内估计,**无稳态门控**),替代窗外 EMA —— 机动中也会更新
[INFO] [1789064070.303634918] [mhe_node]: weight schedule theta = [-4.00, 0.00, 0.00, 0.00], signal mode = residual (residual self-trigger: thresh=4.4N persist=2 baseline_tau=3.0s)
[INFO] [1789064070.307772732] [mhe_node]: MHE node initialized! tau_source=command (roll/pitch NMPC意图值, yaw NMPC意图值), motor_window_avg=False, geom_release_mode=self. Waiting for odometry + control data...
[INFO] [1789064092.407449206] [mhe_node]: [no-signal] baseline settled at 19.94N (quiet 20 frames); detector armed
[INFO] [1789064092.407744893] [mhe_node]: arrival prior seeded: m=2.064 kg (m_nominal prior)
[INFO] [1789064092.408126556] [mhe_node]: [geom] model_geom_on=True (release_mode=self, truth_attached=False) mode=coupled(r_p) -> geom=[ 0.    0.   -0.47] dJ=0.0000 c_xy=[+0.0000,+0.0000] (dJ/c 为按当前 m_est 折算的诊断当量,模型内部随 m 实时生成)
[INFO] [1789064094.324257332] [mhe_node]: MHE mass estimate: 2.054 kg (T_phys=20.08N) | solve=4.7ms (max15.9)
[INFO] [1789064094.324800877] [mhe_node]: [truth] m_hat=2.0542 m_true=2.0643 err=-0.49% | c_hat=[+0.0000,+0.0000] c_true=[+0.0000,+0.0000] | Jxx_hat=0.01420 Jxx_true=0.01420 Jyz_hat=+0.00000 Jyz_true=+0.00000 | s_hat=[-0.0015,-0.0001] s_true=[+0.0000,+0.0000] kg·m
[INFO] [1789064094.325317017] [mhe_node]: [tau_phys] roll=+0.006 pitch=-0.065 Nm
[INFO] [1789064094.325903789] [mhe_node]: [mass-diag] m_est=2.0542 T=20.077N tilt=4.71deg cos=0.99662 | T/g=2.0465 T*cos/g=2.0396 | m_est-T*cos/g=+0.0146kg (+0.72%) vz=+0.117
[INFO] [1789064094.326482260] [mhe_node]: [c_xy_est] cx=-0.0004 cy=-0.0000 m
[INFO] [1789064096.314029124] [mhe_node]: MHE mass estimate: 2.059 kg (T_phys=20.14N) | solve=9.9ms (max15.7)
[INFO] [1789064096.314430474] [mhe_node]: [truth] m_hat=2.0587 m_true=2.0643 err=-0.27% | c_hat=[+0.0000,+0.0000] c_true=[+0.0000,+0.0000] | Jxx_hat=0.01420 Jxx_true=0.01420 Jyz_hat=+0.00000 Jyz_true=+0.00000 | s_hat=[-0.0010,+0.0001] s_true=[+0.0000,+0.0000] kg·m
[INFO] [1789064096.314796003] [mhe_node]: [tau_phys] roll=+0.001 pitch=+0.005 Nm
[INFO] [1789064096.315215312] [mhe_node]: [mass-diag] m_est=2.0587 T=20.137N tilt=2.42deg cos=0.99911 | T/g=2.0527 T*cos/g=2.0509 | m_est-T*cos/g=+0.0078kg (+0.38%) vz=+0.021
[INFO] [1789064096.315620502] [mhe_node]: [c_xy_est] cx=-0.0005 cy=+0.0000 m
[INFO] [1789064098.314018168] [mhe_node]: MHE mass estimate: 2.063 kg (T_phys=20.24N) | solve=5.7ms (max8.7)
[INFO] [1789064098.314580926] [mhe_node]: [truth] m_hat=2.0627 m_true=2.0643 err=-0.08% | c_hat=[+0.0000,+0.0000] c_true=[+0.0000,+0.0000] | Jxx_hat=0.01420 Jxx_true=0.01420 Jyz_hat=+0.00000 Jyz_true=+0.00000 | s_hat=[+0.0003,+0.0000] s_true=[+0.0000,+0.0000] kg·m
[INFO] [1789064098.315109602] [mhe_node]: [tau_phys] roll=-0.002 pitch=+0.002 Nm
[INFO] [1789064098.315698033] [mhe_node]: [mass-diag] m_est=2.0627 T=20.240N tilt=0.26deg cos=0.99999 | T/g=2.0632 T*cos/g=2.0632 | m_est-T*cos/g=-0.0005kg (-0.02%) vz=+0.010
[INFO] [1789064098.316277920] [mhe_node]: [c_xy_est] cx=+0.0001 cy=+0.0000 m
[INFO] [1789064100.307432396] [mhe_node]: [release-resid] STRONG 票: ΔT=-1.00N x4帧 (floor 0.9N)
[INFO] [1789064100.313331066] [mhe_node]: MHE mass estimate: 2.049 kg (T_phys=17.76N) | solve=4.8ms (max9.8)
[INFO] [1789064100.313861162] [mhe_node]: [truth] m_hat=2.0492 m_true=2.0643 err=-0.73% | c_hat=[+0.0000,+0.0000] c_true=[+0.0000,+0.0000] | Jxx_hat=0.01420 Jxx_true=0.01420 Jyz_hat=+0.00000 Jyz_true=+0.00000 | s_hat=[-0.0001,-0.0001] s_true=[+0.0000,+0.0000] kg·m
[INFO] [1789064100.314378793] [mhe_node]: [tau_phys] roll=-0.004 pitch=+0.002 Nm
[INFO] [1789064100.314965404] [mhe_node]: [mass-diag] m_est=2.0492 T=17.763N tilt=0.22deg cos=0.99999 | T/g=1.8107 T*cos/g=1.8107 | m_est-T*cos/g=+0.2385kg (+13.17%) vz=-0.350
[INFO] [1789064100.315551008] [mhe_node]: [c_xy_est] cx=-0.0000 cy=-0.0000 m
[INFO] [1789064102.311075463] [mhe_node]: MHE mass estimate: 2.059 kg (T_phys=20.34N) | solve=4.7ms (max9.2)
[INFO] [1789064102.311467689] [mhe_node]: [truth] m_hat=2.0592 m_true=2.0643 err=-0.25% | c_hat=[+0.0000,+0.0000] c_true=[+0.0000,+0.0000] | Jxx_hat=0.01420 Jxx_true=0.01420 Jyz_hat=+0.00000 Jyz_true=+0.00000 | s_hat=[+0.0000,+0.0000] s_true=[+0.0000,+0.0000] kg·m
[INFO] [1789064102.311824236] [mhe_node]: [tau_phys] roll=+0.004 pitch=+0.004 Nm
[INFO] [1789064102.312238261] [mhe_node]: [mass-diag] m_est=2.0592 T=20.341N tilt=0.17deg cos=1.00000 | T/g=2.0735 T*cos/g=2.0735 | m_est-T*cos/g=-0.0143kg (-0.69%) vz=-0.057
[INFO] [1789064102.312637738] [mhe_node]: [c_xy_est] cx=+0.0000 cy=+0.0000 m
[INFO] [1789064104.327873646] [mhe_node]: MHE mass estimate: 1.961 kg (T_phys=18.29N) | solve=8.8ms (max19.6)
[INFO] [1789064104.328415001] [mhe_node]: [truth] m_hat=1.9611 m_true=2.0643 err=-5.00% | c_hat=[+0.0000,+0.0000] c_true=[+0.0000,+0.0000] | Jxx_hat=0.01420 Jxx_true=0.01420 Jyz_hat=+0.00000 Jyz_true=+0.00000 | s_hat=[-0.0051,-0.0023] s_true=[+0.0000,+0.0000] kg·m
[INFO] [1789064104.328933649] [mhe_node]: [tau_phys] roll=-0.064 pitch=+0.177 Nm
[INFO] [1789064104.329526935] [mhe_node]: [mass-diag] m_est=1.9611 T=18.294N tilt=0.09deg cos=1.00000 | T/g=1.8648 T*cos/g=1.8648 | m_est-T*cos/g=+0.0962kg (+5.16%) vz=+0.007
[INFO] [1789064104.330107773] [mhe_node]: [c_xy_est] cx=-0.0021 cy=-0.0010 m
[INFO] [1789064106.343640405] [mhe_node]: MHE mass estimate: 1.961 kg (T_phys=18.34N) | solve=22.3ms (max35.3)
[INFO] [1789064106.344184306] [mhe_node]: [truth] m_hat=1.9611 m_true=2.0643 err=-5.00% | c_hat=[+0.0000,+0.0000] c_true=[+0.0000,+0.0000] | Jxx_hat=0.01420 Jxx_true=0.01420 Jyz_hat=+0.00000 Jyz_true=+0.00000 | s_hat=[-0.0197,-0.0056] s_true=[+0.0000,+0.0000] kg·m
[INFO] [1789064106.344701477] [mhe_node]: [tau_phys] roll=+0.045 pitch=+0.188 Nm
[INFO] [1789064106.345290432] [mhe_node]: [mass-diag] m_est=1.9611 T=18.336N tilt=0.21deg cos=0.99999 | T/g=1.8691 T*cos/g=1.8691 | m_est-T*cos/g=+0.0920kg (+4.92%) vz=+0.009
[INFO] [1789064106.345871411] [mhe_node]: [c_xy_est] cx=-0.0102 cy=-0.0032 m
[INFO] [1789064108.322390497] [mhe_node]: MHE mass estimate: 2.031 kg (T_phys=23.56N) | solve=22.8ms (max38.5)
[INFO] [1789064108.322782907] [mhe_node]: [truth] m_hat=2.0309 m_true=2.0643 err=-1.62% | c_hat=[+0.0000,+0.0000] c_true=[+0.0000,+0.0000] | Jxx_hat=0.01420 Jxx_true=0.01420 Jyz_hat=+0.00000 Jyz_true=+0.00000 | s_hat=[-0.0053,-0.0050] s_true=[+0.0000,+0.0000] kg·m
[INFO] [1789064108.323145967] [mhe_node]: [tau_phys] roll=-0.216 pitch=+0.073 Nm
[INFO] [1789064108.323557677] [mhe_node]: [mass-diag] m_est=2.0309 T=23.556N tilt=0.70deg cos=0.99992 | T/g=2.4012 T*cos/g=2.4010 | m_est-T*cos/g=-0.3701kg (-15.42%) vz=+0.656
[INFO] [1789064108.323957768] [mhe_node]: [c_xy_est] cx=-0.0027 cy=-0.0019 m
[INFO] [1789064110.313831719] [mhe_node]: MHE mass estimate: 2.225 kg (T_phys=22.35N) | solve=7.6ms (max27.9)
[INFO] [1789064110.314413632] [mhe_node]: [truth] m_hat=2.2248 m_true=2.0643 err=+7.78% | c_hat=[+0.0000,+0.0000] c_true=[+0.0000,+0.0000] | Jxx_hat=0.01420 Jxx_true=0.01420 Jyz_hat=+0.00000 Jyz_true=+0.00000 | s_hat=[-0.0071,-0.0124] s_true=[+0.0000,+0.0000] kg·m
[INFO] [1789064110.314935217] [mhe_node]: [tau_phys] roll=-0.120 pitch=+0.068 Nm
[INFO] [1789064110.315537208] [mhe_node]: [mass-diag] m_est=2.2248 T=22.352N tilt=0.31deg cos=0.99999 | T/g=2.2785 T*cos/g=2.2784 | m_est-T*cos/g=-0.0536kg (-2.35%) vz=+1.204
[INFO] [1789064110.316129052] [mhe_node]: [c_xy_est] cx=-0.0032 cy=-0.0056 m
[INFO] [1789064110.607246334] [mhe_node]: [payload-state] EMPTY->LOADED (sustained m_p evidence, m_p=+0.164kg)
[INFO] [1789064110.707496983] [mhe_node]: [s-collapse] moment 基准未就绪(窗口 2/20, 越界剔除 0) — 暂不判决
[INFO] [1789064111.707477443] [mhe_node]: [s-collapse] moment 基准未就绪(窗口 12/20, 越界剔除 0) — 暂不判决
[INFO] [1789064112.312742404] [mhe_node]: MHE mass estimate: 2.242 kg (T_phys=21.02N) | solve=3.9ms (max5.6)
[INFO] [1789064112.313307038] [mhe_node]: [truth] m_hat=2.2415 m_true=2.0643 err=+8.59% | c_hat=[+0.0000,+0.0000] c_true=[+0.0000,+0.0000] | Jxx_hat=0.01420 Jxx_true=0.01420 Jyz_hat=+0.00000 Jyz_true=+0.00000 | s_hat=[-0.0073,-0.0127] s_true=[+0.0000,+0.0000] kg·m
[INFO] [1789064112.313820895] [mhe_node]: [tau_phys] roll=-0.116 pitch=+0.123 Nm
[INFO] [1789064112.314405492] [mhe_node]: [mass-diag] m_est=2.2415 T=21.020N tilt=0.09deg cos=1.00000 | T/g=2.1427 T*cos/g=2.1427 | m_est-T*cos/g=+0.0988kg (+4.61%) vz=+0.784
[INFO] [1789064112.314990883] [mhe_node]: [c_xy_est] cx=-0.0032 cy=-0.0056 m
[INFO] [1789064112.507384166] [mhe_node]: [c_xy_est] 质量域判据已武装(m_p=0.175kg 连续20帧高于水位)
[INFO] [1789064112.507789787] [mhe_node]: [moment-ref] 基准已建立并冻结: |s_ref|=0.01459 kg·m (窗口 20 帧, 中位 0.01459, 离散 0.00, 方向一致度 1.00, 越界剔除 0 帧) — 此后不再更新
[INFO] [1789064112.607595958] [mhe_node]: [s-collapse] |s|=0.01461 ref=0.01459 peak=0.01466 ovr=0 ratio=1.001 (thr 0.30) moment=0 quantity=0 resid=0 health=1 age=0.10 solve_ok=1 reanch=0 m_p=+0.1738 slow=0/5
[INFO] [1789064113.607551271] [mhe_node]: [s-collapse] |s|=0.01456 ref=0.01459 peak=0.01466 ovr=0 ratio=0.998 (thr 0.30) moment=0 quantity=0 resid=0 health=1 age=0.09 solve_ok=1 reanch=0 m_p=+0.1641 slow=0/5
[INFO] [1789064114.312830654] [mhe_node]: MHE mass estimate: 2.218 kg (T_phys=21.34N) | solve=3.9ms (max4.7)
[INFO] [1789064114.313397693] [mhe_node]: [truth] m_hat=2.2177 m_true=2.0643 err=+7.43% | c_hat=[+0.0000,+0.0000] c_true=[+0.0000,+0.0000] | Jxx_hat=0.01420 Jxx_true=0.01420 Jyz_hat=+0.00000 Jyz_true=+0.00000 | s_hat=[-0.0070,-0.0125] s_true=[+0.0000,+0.0000] kg·m
[INFO] [1789064114.313914932] [mhe_node]: [tau_phys] roll=-0.126 pitch=+0.062 Nm
[INFO] [1789064114.314498457] [mhe_node]: [mass-diag] m_est=2.2177 T=21.342N tilt=0.29deg cos=0.99999 | T/g=2.1755 T*cos/g=2.1755 | m_est-T*cos/g=+0.0422kg (+1.94%) vz=+0.064
[INFO] [1789064114.315080733] [mhe_node]: [c_xy_est] cx=-0.0032 cy=-0.0056 m
[INFO] [1789064114.607594553] [mhe_node]: [s-collapse] |s|=0.01437 ref=0.01459 peak=0.01466 ovr=0 ratio=0.985 (thr 0.30) moment=0 quantity=0 resid=0 health=1 age=0.10 solve_ok=1 reanch=0 m_p=+0.1514 slow=0/5
[INFO] [1789064115.607577619] [mhe_node]: [s-collapse] |s|=0.01429 ref=0.01459 peak=0.01466 ovr=0 ratio=0.979 (thr 0.30) moment=0 quantity=0 resid=0 health=1 age=0.10 solve_ok=1 reanch=0 m_p=+0.1498 slow=0/5
[INFO] [1789064116.311869180] [mhe_node]: MHE mass estimate: 2.209 kg (T_phys=21.68N) | solve=3.6ms (max4.5)
[INFO] [1789064116.312435425] [mhe_node]: [truth] m_hat=2.2087 m_true=2.0643 err=+6.99% | c_hat=[+0.0000,+0.0000] c_true=[+0.0000,+0.0000] | Jxx_hat=0.01420 Jxx_true=0.01420 Jyz_hat=+0.00000 Jyz_true=+0.00000 | s_hat=[-0.0070,-0.0124] s_true=[+0.0000,+0.0000] kg·m
[INFO] [1789064116.312953167] [mhe_node]: [tau_phys] roll=-0.127 pitch=+0.072 Nm
[INFO] [1789064116.313538356] [mhe_node]: [mass-diag] m_est=2.2087 T=21.677N tilt=0.35deg cos=0.99998 | T/g=2.2096 T*cos/g=2.2096 | m_est-T*cos/g=-0.0009kg (-0.04%) vz=-0.021
[INFO] [1789064116.314136845] [mhe_node]: [c_xy_est] cx=-0.0032 cy=-0.0056 m
[INFO] [1789064116.607513392] [mhe_node]: [s-collapse] |s|=0.01428 ref=0.01459 peak=0.01466 ovr=0 ratio=0.978 (thr 0.30) moment=0 quantity=0 resid=0 health=1 age=0.10 solve_ok=1 reanch=0 m_p=+0.1440 slow=0/5
[INFO] [1789064117.607580930] [mhe_node]: [s-collapse] |s|=0.01431 ref=0.01459 peak=0.01466 ovr=0 ratio=0.981 (thr 0.30) moment=0 quantity=0 resid=0 health=1 age=0.10 solve_ok=1 reanch=0 m_p=+0.1472 slow=0/5
[INFO] [1789064118.311839723] [mhe_node]: MHE mass estimate: 2.210 kg (T_phys=21.63N) | solve=3.6ms (max3.7)
[INFO] [1789064118.312516264] [mhe_node]: [truth] m_hat=2.2103 m_true=2.0643 err=+7.07% | c_hat=[+0.0000,+0.0000] c_true=[+0.0000,+0.0000] | Jxx_hat=0.01420 Jxx_true=0.01420 Jyz_hat=+0.00000 Jyz_true=+0.00000 | s_hat=[-0.0071,-0.0124] s_true=[+0.0000,+0.0000] kg·m
[INFO] [1789064118.313035115] [mhe_node]: [tau_phys] roll=-0.130 pitch=+0.064 Nm
[INFO] [1789064118.313618839] [mhe_node]: [mass-diag] m_est=2.2103 T=21.628N tilt=0.25deg cos=0.99999 | T/g=2.2047 T*cos/g=2.2047 | m_est-T*cos/g=+0.0056kg (+0.25%) vz=-0.013
[INFO] [1789064118.314206956] [mhe_node]: [c_xy_est] cx=-0.0032 cy=-0.0056 m
[INFO] [1789064118.607568651] [mhe_node]: [s-collapse] |s|=0.01431 ref=0.01459 peak=0.01466 ovr=0 ratio=0.981 (thr 0.30) moment=0 quantity=0 resid=0 health=1 age=0.10 solve_ok=1 reanch=0 m_p=+0.1455 slow=0/5
[INFO] [1789064119.607585166] [mhe_node]: [s-collapse] |s|=0.01440 ref=0.01459 peak=0.01466 ovr=0 ratio=0.987 (thr 0.30) moment=0 quantity=0 resid=0 health=1 age=0.09 solve_ok=1 reanch=0 m_p=+0.1451 slow=0/5
[INFO] [1789064120.320992107] [mhe_node]: MHE mass estimate: 2.201 kg (T_phys=21.77N) | solve=6.7ms (max16.2)
[INFO] [1789064120.321402146] [mhe_node]: [truth] m_hat=2.2014 m_true=2.0643 err=+6.64% | c_hat=[+0.0000,+0.0000] c_true=[+0.0000,+0.0000] | Jxx_hat=0.01420 Jxx_true=0.01420 Jyz_hat=+0.00000 Jyz_true=+0.00000 | s_hat=[-0.0091,-0.0117] s_true=[+0.0000,+0.0000] kg·m
[INFO] [1789064120.321762302] [mhe_node]: [tau_phys] roll=-0.102 pitch=+0.081 Nm
[INFO] [1789064120.322170365] [mhe_node]: [mass-diag] m_est=2.2014 T=21.770N tilt=1.39deg cos=0.99971 | T/g=2.2192 T*cos/g=2.2185 | m_est-T*cos/g=-0.0171kg (-0.77%) vz=-0.000
[INFO] [1789064120.322567998] [mhe_node]: [c_xy_est] cx=-0.0040 cy=-0.0053 m
[INFO] [1789064120.607569286] [mhe_node]: [s-collapse] |s|=0.01505 ref=0.01459 peak=0.01505 ovr=0 ratio=1.032 (thr 0.30) moment=0 quantity=0 resid=0 health=1 age=0.09 solve_ok=1 reanch=0 m_p=+0.1360 slow=0/5
[INFO] [1789064121.607581277] [mhe_node]: [s-collapse] |s|=0.01714 ref=0.01459 peak=0.01714 ovr=0 ratio=1.174 (thr 0.30) moment=0 quantity=0 resid=0 health=1 age=0.09 solve_ok=1 reanch=0 m_p=+0.1352 slow=0/5
[INFO] [1789064122.207656152] [mhe_node]: [c_xy-clamp] 越界剔除 0/300 (0.0%) 上限 0.0390 kg·m clamp=1
[INFO] [1789064122.314615202] [mhe_node]: MHE mass estimate: 2.198 kg (T_phys=21.67N) | solve=8.4ms (max12.7)
[INFO] [1789064122.315174287] [mhe_node]: [truth] m_hat=2.1979 m_true=2.0643 err=+6.47% | c_hat=[+0.0000,+0.0000] c_true=[+0.0000,+0.0000] | Jxx_hat=0.01420 Jxx_true=0.01420 Jyz_hat=+0.00000 Jyz_true=+0.00000 | s_hat=[-0.0166,-0.0117] s_true=[+0.0000,+0.0000] kg·m
[INFO] [1789064122.315693750] [mhe_node]: [tau_phys] roll=-0.133 pitch=+0.313 Nm
[INFO] [1789064122.316272336] [mhe_node]: [mass-diag] m_est=2.1979 T=21.674N tilt=4.61deg cos=0.99676 | T/g=2.2094 T*cos/g=2.2022 | m_est-T*cos/g=-0.0044kg (-0.20%) vz=+0.070
[INFO] [1789064122.316848599] [mhe_node]: [c_xy_est] cx=-0.0072 cy=-0.0054 m
[INFO] [1789064122.607538163] [mhe_node]: [s-collapse] |s|=0.02161 ref=0.01459 peak=0.02161 ovr=0 ratio=1.481 (thr 0.30) moment=0 quantity=0 resid=0 health=1 age=0.10 solve_ok=1 reanch=0 m_p=+0.1330 slow=0/5
[INFO] [1789064123.607580493] [mhe_node]: [s-collapse] |s|=0.02365 ref=0.01459 peak=0.02365 ovr=0 ratio=1.621 (thr 0.30) moment=0 quantity=0 resid=0 health=1 age=0.09 solve_ok=1 reanch=0 m_p=+0.1242 slow=0/5
[INFO] [1789064124.326154597] [mhe_node]: MHE mass estimate: 2.182 kg (T_phys=21.65N) | solve=9.0ms (max17.8)
[INFO] [1789064124.326718583] [mhe_node]: [truth] m_hat=2.1821 m_true=2.0643 err=+5.71% | c_hat=[+0.0000,+0.0000] c_true=[+0.0000,+0.0000] | Jxx_hat=0.01420 Jxx_true=0.01420 Jyz_hat=+0.00000 Jyz_true=+0.00000 | s_hat=[-0.0257,-0.0108] s_true=[+0.0000,+0.0000] kg·m
[INFO] [1789064124.327237684] [mhe_node]: [tau_phys] roll=-0.089 pitch=+0.496 Nm
[INFO] [1789064124.327819201] [mhe_node]: [mass-diag] m_est=2.1821 T=21.650N tilt=2.50deg cos=0.99905 | T/g=2.2069 T*cos/g=2.2048 | m_est-T*cos/g=-0.0227kg (-1.03%) vz=+0.128
[INFO] [1789064124.328401338] [mhe_node]: [c_xy_est] cx=-0.0115 cy=-0.0050 m
[INFO] [1789064124.607585437] [mhe_node]: [s-collapse] |s|=0.03029 ref=0.01459 peak=0.03029 ovr=0 ratio=2.076 (thr 0.30) moment=0 quantity=0 resid=0 health=1 age=0.09 solve_ok=1 reanch=0 m_p=+0.1247 slow=0/5
[INFO] [1789064125.607573476] [mhe_node]: [s-collapse] |s|=0.02789 ref=0.01459 peak=0.03249 ovr=0 ratio=1.911 (thr 0.30) moment=0 quantity=0 resid=0 health=1 age=0.09 solve_ok=1 reanch=0 m_p=+0.1156 slow=0/5
[INFO] [1789064126.317860734] [mhe_node]: MHE mass estimate: 2.192 kg (T_phys=21.56N) | solve=10.6ms (max19.3)
[INFO] [1789064126.318434096] [mhe_node]: [truth] m_hat=2.1921 m_true=2.0643 err=+6.19% | c_hat=[+0.0000,+0.0000] c_true=[+0.0000,+0.0000] | Jxx_hat=0.01420 Jxx_true=0.01420 Jyz_hat=+0.00000 Jyz_true=+0.00000 | s_hat=[-0.0219,-0.0115] s_true=[+0.0000,+0.0000] kg·m
[INFO] [1789064126.318958171] [mhe_node]: [tau_phys] roll=-0.120 pitch=+0.203 Nm
[INFO] [1789064126.319543827] [mhe_node]: [mass-diag] m_est=2.1921 T=21.559N tilt=4.98deg cos=0.99622 | T/g=2.1977 T*cos/g=2.1894 | m_est-T*cos/g=+0.0027kg (+0.13%) vz=+0.127
[INFO] [1789064126.320129099] [mhe_node]: [c_xy_est] cx=-0.0102 cy=-0.0052 m
[INFO] [1789064126.607578223] [mhe_node]: [s-collapse] |s|=0.02450 ref=0.01459 peak=0.03249 ovr=0 ratio=1.680 (thr 0.30) moment=0 quantity=0 resid=0 health=1 age=0.09 solve_ok=1 reanch=0 m_p=+0.1276 slow=0/5
[INFO] [1789064127.607574682] [mhe_node]: [s-collapse] |s|=0.02371 ref=0.01459 peak=0.03249 ovr=0 ratio=1.625 (thr 0.30) moment=0 quantity=0 resid=0 health=1 age=0.09 solve_ok=1 reanch=0 m_p=+0.1331 slow=0/5
[INFO] [1789064128.314580112] [mhe_node]: MHE mass estimate: 2.202 kg (T_phys=21.58N) | solve=9.3ms (max15.9)
[INFO] [1789064128.315142563] [mhe_node]: [truth] m_hat=2.2018 m_true=2.0643 err=+6.66% | c_hat=[+0.0000,+0.0000] c_true=[+0.0000,+0.0000] | Jxx_hat=0.01420 Jxx_true=0.01420 Jyz_hat=+0.00000 Jyz_true=+0.00000 | s_hat=[-0.0210,-0.0112] s_true=[+0.0000,+0.0000] kg·m
[INFO] [1789064128.315656374] [mhe_node]: [tau_phys] roll=-0.114 pitch=+0.180 Nm
[INFO] [1789064128.316239312] [mhe_node]: [mass-diag] m_est=2.2018 T=21.575N tilt=2.66deg cos=0.99893 | T/g=2.1993 T*cos/g=2.1970 | m_est-T*cos/g=+0.0049kg (+0.22%) vz=+0.041
[INFO] [1789064128.316819853] [mhe_node]: [c_xy_est] cx=-0.0095 cy=-0.0052 m
[INFO] [1789064128.607583731] [mhe_node]: [s-collapse] |s|=0.02382 ref=0.01459 peak=0.03249 ovr=0 ratio=1.632 (thr 0.30) moment=0 quantity=0 resid=0 health=1 age=0.09 solve_ok=1 reanch=0 m_p=+0.1375 slow=0/5
[INFO] [1789064129.607586735] [mhe_node]: [s-collapse] |s|=0.02225 ref=0.01459 peak=0.03249 ovr=0 ratio=1.525 (thr 0.30) moment=0 quantity=0 resid=0 health=1 age=0.09 solve_ok=1 reanch=0 m_p=+0.1335 slow=0/5
[INFO] [1789064130.314808290] [mhe_node]: MHE mass estimate: 2.196 kg (T_phys=21.52N) | solve=5.9ms (max8.8)
[INFO] [1789064130.315369264] [mhe_node]: [truth] m_hat=2.1963 m_true=2.0643 err=+6.39% | c_hat=[+0.0000,+0.0000] c_true=[+0.0000,+0.0000] | Jxx_hat=0.01420 Jxx_true=0.01420 Jyz_hat=+0.00000 Jyz_true=+0.00000 | s_hat=[-0.0197,-0.0112] s_true=[+0.0000,+0.0000] kg·m
[INFO] [1789064130.315885971] [mhe_node]: [tau_phys] roll=-0.094 pitch=+0.201 Nm
[INFO] [1789064130.316465682] [mhe_node]: [mass-diag] m_est=2.1963 T=21.517N tilt=1.69deg cos=0.99957 | T/g=2.1934 T*cos/g=2.1924 | m_est-T*cos/g=+0.0039kg (+0.18%) vz=-0.008
[INFO] [1789064130.317046347] [mhe_node]: [c_xy_est] cx=-0.0088 cy=-0.0051 m
[INFO] [1789064130.607428044] [mhe_node]: [s-collapse] |s|=0.02327 ref=0.01459 peak=0.03249 ovr=0 ratio=1.595 (thr 0.30) moment=0 quantity=0 resid=0 health=1 age=0.09 solve_ok=1 reanch=0 m_p=+0.1321 slow=0/5
[INFO] [1789064131.607573673] [mhe_node]: [s-collapse] |s|=0.02255 ref=0.01459 peak=0.03249 ovr=0 ratio=1.546 (thr 0.30) moment=0 quantity=0 resid=0 health=1 age=0.09 solve_ok=1 reanch=0 m_p=+0.1309 slow=0/5
[INFO] [1789064132.314446030] [mhe_node]: MHE mass estimate: 2.195 kg (T_phys=21.50N) | solve=6.7ms (max12.8)
[INFO] [1789064132.315009787] [mhe_node]: [truth] m_hat=2.1951 m_true=2.0643 err=+6.34% | c_hat=[+0.0000,+0.0000] c_true=[+0.0000,+0.0000] | Jxx_hat=0.01420 Jxx_true=0.01420 Jyz_hat=+0.00000 Jyz_true=+0.00000 | s_hat=[-0.0201,-0.0113] s_true=[+0.0000,+0.0000] kg·m
[INFO] [1789064132.315535130] [mhe_node]: [tau_phys] roll=-0.109 pitch=+0.317 Nm
[INFO] [1789064132.316120344] [mhe_node]: [mass-diag] m_est=2.1951 T=21.499N tilt=1.21deg cos=0.99978 | T/g=2.1915 T*cos/g=2.1910 | m_est-T*cos/g=+0.0041kg (+0.19%) vz=-0.044
[INFO] [1789064132.316702893] [mhe_node]: [c_xy_est] cx=-0.0091 cy=-0.0051 m
[INFO] [1789064132.607541037] [mhe_node]: [s-collapse] |s|=0.02352 ref=0.01459 peak=0.03249 ovr=0 ratio=1.612 (thr 0.30) moment=0 quantity=0 resid=0 health=1 age=0.09 solve_ok=1 reanch=0 m_p=+0.1313 slow=0/5
[INFO] [1789064133.607634012] [mhe_node]: [s-collapse] |s|=0.02242 ref=0.01459 peak=0.03249 ovr=0 ratio=1.537 (thr 0.30) moment=0 quantity=0 resid=0 health=1 age=0.09 solve_ok=1 reanch=0 m_p=+0.1334 slow=0/5
[INFO] [1789064134.315561008] [mhe_node]: MHE mass estimate: 2.197 kg (T_phys=21.53N) | solve=8.9ms (max20.1)
[INFO] [1789064134.316122867] [mhe_node]: [truth] m_hat=2.1969 m_true=2.0643 err=+6.42% | c_hat=[+0.0000,+0.0000] c_true=[+0.0000,+0.0000] | Jxx_hat=0.01420 Jxx_true=0.01420 Jyz_hat=+0.00000 Jyz_true=+0.00000 | s_hat=[-0.0134,-0.0121] s_true=[+0.0000,+0.0000] kg·m
[INFO] [1789064134.316645177] [mhe_node]: [tau_phys] roll=-0.099 pitch=+0.172 Nm
[INFO] [1789064134.317232315] [mhe_node]: [mass-diag] m_est=2.1969 T=21.533N tilt=1.94deg cos=0.99942 | T/g=2.1950 T*cos/g=2.1937 | m_est-T*cos/g=+0.0032kg (+0.15%) vz=-0.065
[INFO] [1789064134.317814348] [mhe_node]: [c_xy_est] cx=-0.0063 cy=-0.0055 m
[INFO] [1789064134.607582574] [mhe_node]: [s-collapse] |s|=0.01796 ref=0.01459 peak=0.03249 ovr=0 ratio=1.231 (thr 0.30) moment=0 quantity=0 resid=0 health=1 age=0.08 solve_ok=1 reanch=0 m_p=+0.1320 slow=0/5
[INFO] [1789064135.607672420] [mhe_node]: [s-collapse] |s|=0.02044 ref=0.01459 peak=0.03249 ovr=0 ratio=1.401 (thr 0.30) moment=0 quantity=0 resid=0 health=1 age=0.09 solve_ok=1 reanch=0 m_p=+0.1371 slow=0/5
[INFO] [1789064136.313742096] [mhe_node]: MHE mass estimate: 2.203 kg (T_phys=21.55N) | solve=6.2ms (max14.8)
[INFO] [1789064136.314310948] [mhe_node]: [truth] m_hat=2.2026 m_true=2.0643 err=+6.70% | c_hat=[+0.0000,+0.0000] c_true=[+0.0000,+0.0000] | Jxx_hat=0.01420 Jxx_true=0.01420 Jyz_hat=+0.00000 Jyz_true=+0.00000 | s_hat=[-0.0150,-0.0120] s_true=[+0.0000,+0.0000] kg·m
[INFO] [1789064136.314835035] [mhe_node]: [tau_phys] roll=-0.114 pitch=+0.177 Nm
[INFO] [1789064136.315425270] [mhe_node]: [mass-diag] m_est=2.2026 T=21.545N tilt=2.92deg cos=0.99871 | T/g=2.1963 T*cos/g=2.1934 | m_est-T*cos/g=+0.0092kg (+0.42%) vz=-0.073
[INFO] [1789064136.316007163] [mhe_node]: [c_xy_est] cx=-0.0068 cy=-0.0055 m
[INFO] [1789064136.607412461] [mhe_node]: [s-collapse] |s|=0.01936 ref=0.01459 peak=0.03249 ovr=0 ratio=1.327 (thr 0.30) moment=0 quantity=0 resid=0 health=1 age=0.09 solve_ok=1 reanch=0 m_p=+0.1374 slow=0/5
[INFO] [1789064137.607636740] [mhe_node]: [s-collapse] |s|=0.02323 ref=0.01459 peak=0.03249 ovr=0 ratio=1.592 (thr 0.30) moment=0 quantity=0 resid=0 health=1 age=0.09 solve_ok=1 reanch=0 m_p=+0.1309 slow=0/5
[INFO] [1789064138.322098082] [mhe_node]: MHE mass estimate: 2.192 kg (T_phys=21.46N) | solve=7.5ms (max13.8)
[INFO] [1789064138.322669367] [mhe_node]: [truth] m_hat=2.1924 m_true=2.0643 err=+6.20% | c_hat=[+0.0000,+0.0000] c_true=[+0.0000,+0.0000] | Jxx_hat=0.01420 Jxx_true=0.01420 Jyz_hat=+0.00000 Jyz_true=+0.00000 | s_hat=[-0.0205,-0.0113] s_true=[+0.0000,+0.0000] kg·m
[INFO] [1789064138.323201952] [mhe_node]: [tau_phys] roll=-0.107 pitch=+0.321 Nm
[INFO] [1789064138.323787020] [mhe_node]: [mass-diag] m_est=2.1924 T=21.462N tilt=2.45deg cos=0.99909 | T/g=2.1877 T*cos/g=2.1857 | m_est-T*cos/g=+0.0067kg (+0.30%) vz=-0.092
[INFO] [1789064138.324372707] [mhe_node]: [c_xy_est] cx=-0.0094 cy=-0.0052 m
[INFO] [1789064138.607603175] [mhe_node]: [s-collapse] |s|=0.02285 ref=0.01459 peak=0.03249 ovr=0 ratio=1.566 (thr 0.30) moment=0 quantity=0 resid=0 health=1 age=0.09 solve_ok=1 reanch=0 m_p=+0.1267 slow=0/5
[INFO] [1789064139.607581735] [mhe_node]: [s-collapse] |s|=0.02156 ref=0.01459 peak=0.03249 ovr=0 ratio=1.478 (thr 0.30) moment=0 quantity=0 resid=0 health=1 age=0.09 solve_ok=1 reanch=0 m_p=+0.1258 slow=0/5
[INFO] [1789064140.315546019] [mhe_node]: MHE mass estimate: 2.186 kg (T_phys=21.64N) | solve=8.3ms (max13.9)
[INFO] [1789064140.316107182] [mhe_node]: [truth] m_hat=2.1863 m_true=2.0643 err=+5.91% | c_hat=[+0.0000,+0.0000] c_true=[+0.0000,+0.0000] | Jxx_hat=0.01420 Jxx_true=0.01420 Jyz_hat=+0.00000 Jyz_true=+0.00000 | s_hat=[-0.0237,-0.0113] s_true=[+0.0000,+0.0000] kg·m
[INFO] [1789064140.316629925] [mhe_node]: [tau_phys] roll=-0.122 pitch=+0.252 Nm
[INFO] [1789064140.317225580] [mhe_node]: [mass-diag] m_est=2.1863 T=21.636N tilt=2.10deg cos=0.99933 | T/g=2.2055 T*cos/g=2.2041 | m_est-T*cos/g=-0.0178kg (-0.81%) vz=-0.131
[INFO] [1789064140.317817303] [mhe_node]: [c_xy_est] cx=-0.0105 cy=-0.0052 m
[INFO] [1789064140.607593388] [mhe_node]: [s-collapse] |s|=0.02775 ref=0.01459 peak=0.03249 ovr=0 ratio=1.902 (thr 0.30) moment=0 quantity=0 resid=0 health=1 age=0.09 solve_ok=1 reanch=0 m_p=+0.1264 slow=0/5
[INFO] [1789064141.607575368] [mhe_node]: [s-collapse] |s|=0.02374 ref=0.01459 peak=0.03249 ovr=0 ratio=1.627 (thr 0.30) moment=0 quantity=0 resid=0 health=1 age=0.09 solve_ok=1 reanch=0 m_p=+0.1208 slow=0/5
[INFO] [1789064142.315512027] [mhe_node]: MHE mass estimate: 2.186 kg (T_phys=21.54N) | solve=9.5ms (max21.0)
[INFO] [1789064142.316077020] [mhe_node]: [truth] m_hat=2.1860 m_true=2.0643 err=+5.90% | c_hat=[+0.0000,+0.0000] c_true=[+0.0000,+0.0000] | Jxx_hat=0.01420 Jxx_true=0.01420 Jyz_hat=+0.00000 Jyz_true=+0.00000 | s_hat=[-0.0207,-0.0112] s_true=[+0.0000,+0.0000] kg·m
[INFO] [1789064142.316601180] [mhe_node]: [tau_phys] roll=-0.120 pitch=+0.166 Nm
[INFO] [1789064142.317180942] [mhe_node]: [mass-diag] m_est=2.1860 T=21.542N tilt=1.02deg cos=0.99984 | T/g=2.1959 T*cos/g=2.1956 | m_est-T*cos/g=-0.0096kg (-0.44%) vz=-0.119
[INFO] [1789064142.317760077] [mhe_node]: [c_xy_est] cx=-0.0093 cy=-0.0051 m
[INFO] [1789064142.607588781] [mhe_node]: [s-collapse] |s|=0.02475 ref=0.01459 peak=0.03249 ovr=0 ratio=1.697 (thr 0.30) moment=0 quantity=0 resid=0 health=1 age=0.09 solve_ok=1 reanch=0 m_p=+0.1255 slow=0/5
[INFO] [1789064143.607574681] [mhe_node]: [s-collapse] |s|=0.02627 ref=0.01459 peak=0.03249 ovr=0 ratio=1.800 (thr 0.30) moment=0 quantity=0 resid=0 health=1 age=0.09 solve_ok=1 reanch=0 m_p=+0.1317 slow=0/5
[INFO] [1789064144.313829988] [mhe_node]: MHE mass estimate: 2.194 kg (T_phys=21.58N) | solve=7.1ms (max17.0)
[INFO] [1789064144.314398040] [mhe_node]: [truth] m_hat=2.1939 m_true=2.0643 err=+6.28% | c_hat=[+0.0000,+0.0000] c_true=[+0.0000,+0.0000] | Jxx_hat=0.01420 Jxx_true=0.01420 Jyz_hat=+0.00000 Jyz_true=+0.00000 | s_hat=[-0.0239,-0.0118] s_true=[+0.0000,+0.0000] kg·m
[INFO] [1789064144.314920556] [mhe_node]: [tau_phys] roll=-0.118 pitch=+0.171 Nm
[INFO] [1789064144.315505993] [mhe_node]: [mass-diag] m_est=2.1939 T=21.578N tilt=1.15deg cos=0.99980 | T/g=2.1996 T*cos/g=2.1991 | m_est-T*cos/g=-0.0053kg (-0.24%) vz=-0.124
[INFO] [1789064144.316087083] [mhe_node]: [c_xy_est] cx=-0.0108 cy=-0.0054 m
[INFO] [1789064144.607610116] [mhe_node]: [s-collapse] |s|=0.02699 ref=0.01459 peak=0.03249 ovr=0 ratio=1.850 (thr 0.30) moment=0 quantity=0 resid=0 health=1 age=0.09 solve_ok=1 reanch=0 m_p=+0.1300 slow=0/5
[INFO] [1789064145.607581892] [mhe_node]: [s-collapse] |s|=0.02290 ref=0.01459 peak=0.03249 ovr=0 ratio=1.570 (thr 0.30) moment=0 quantity=0 resid=0 health=1 age=0.09 solve_ok=1 reanch=0 m_p=+0.1324 slow=0/5
[INFO] [1789064146.311632944] [mhe_node]: MHE mass estimate: 2.203 kg (T_phys=21.76N) | solve=8.0ms (max15.2)
[INFO] [1789064146.312037374] [mhe_node]: [truth] m_hat=2.2026 m_true=2.0643 err=+6.70% | c_hat=[+0.0000,+0.0000] c_true=[+0.0000,+0.0000] | Jxx_hat=0.01420 Jxx_true=0.01420 Jyz_hat=+0.00000 Jyz_true=+0.00000 | s_hat=[-0.0196,-0.0121] s_true=[+0.0000,+0.0000] kg·m
[INFO] [1789064146.312405850] [mhe_node]: [tau_phys] roll=-0.135 pitch=+0.114 Nm
[INFO] [1789064146.312816588] [mhe_node]: [mass-diag] m_est=2.2026 T=21.765N tilt=2.02deg cos=0.99938 | T/g=2.2186 T*cos/g=2.2173 | m_est-T*cos/g=-0.0146kg (-0.66%) vz=-0.083
[INFO] [1789064146.313222355] [mhe_node]: [c_xy_est] cx=-0.0088 cy=-0.0055 m
[INFO] [1789064146.607484346] [mhe_node]: [s-collapse] |s|=0.02345 ref=0.01459 peak=0.03249 ovr=0 ratio=1.607 (thr 0.30) moment=0 quantity=0 resid=0 health=1 age=0.10 solve_ok=1 reanch=0 m_p=+0.1398 slow=0/5
[INFO] [1789064147.607466173] [mhe_node]: [s-collapse] |s|=0.01733 ref=0.01459 peak=0.03249 ovr=0 ratio=1.187 (thr 0.30) moment=0 quantity=0 resid=0 health=1 age=0.09 solve_ok=1 reanch=0 m_p=+0.1325 slow=0/5
[INFO] [1789064148.314696642] [mhe_node]: MHE mass estimate: 2.201 kg (T_phys=21.62N) | solve=7.5ms (max18.9)
[INFO] [1789064148.315264611] [mhe_node]: [truth] m_hat=2.2007 m_true=2.0643 err=+6.61% | c_hat=[+0.0000,+0.0000] c_true=[+0.0000,+0.0000] | Jxx_hat=0.01420 Jxx_true=0.01420 Jyz_hat=+0.00000 Jyz_true=+0.00000 | s_hat=[-0.0098,-0.0113] s_true=[+0.0000,+0.0000] kg·m
[INFO] [1789064148.315785565] [mhe_node]: [tau_phys] roll=-0.097 pitch=+0.067 Nm
[INFO] [1789064148.316370725] [mhe_node]: [mass-diag] m_est=2.2007 T=21.618N tilt=2.51deg cos=0.99904 | T/g=2.2036 T*cos/g=2.2015 | m_est-T*cos/g=-0.0008kg (-0.04%) vz=-0.061
[INFO] [1789064148.316951403] [mhe_node]: [c_xy_est] cx=-0.0044 cy=-0.0051 m
[INFO] [1789064148.607586546] [mhe_node]: [s-collapse] |s|=0.01530 ref=0.01459 peak=0.03249 ovr=0 ratio=1.048 (thr 0.30) moment=0 quantity=0 resid=0 health=1 age=0.09 solve_ok=1 reanch=0 m_p=+0.1363 slow=0/5
[INFO] [1789064149.607578456] [mhe_node]: [s-collapse] |s|=0.01905 ref=0.01459 peak=0.03249 ovr=0 ratio=1.306 (thr 0.30) moment=0 quantity=0 resid=0 health=1 age=0.09 solve_ok=1 reanch=0 m_p=+0.1367 slow=0/5
[INFO] [1789064150.314136530] [mhe_node]: MHE mass estimate: 2.204 kg (T_phys=21.69N) | solve=6.3ms (max9.7)
[INFO] [1789064150.314540745] [mhe_node]: [truth] m_hat=2.2040 m_true=2.0643 err=+6.77% | c_hat=[+0.0000,+0.0000] c_true=[+0.0000,+0.0000] | Jxx_hat=0.01420 Jxx_true=0.01420 Jyz_hat=+0.00000 Jyz_true=+0.00000 | s_hat=[-0.0179,-0.0120] s_true=[+0.0000,+0.0000] kg·m
[INFO] [1789064150.314908419] [mhe_node]: [tau_phys] roll=-0.109 pitch=+0.036 Nm
[INFO] [1789064150.315318238] [mhe_node]: [mass-diag] m_est=2.2040 T=21.691N tilt=2.07deg cos=0.99935 | T/g=2.2111 T*cos/g=2.2097 | m_est-T*cos/g=-0.0057kg (-0.26%) vz=-0.014
[INFO] [1789064150.315726671] [mhe_node]: [c_xy_est] cx=-0.0082 cy=-0.0055 m
[INFO] [1789064150.607439659] [mhe_node]: [s-collapse] |s|=0.02057 ref=0.01459 peak=0.03249 ovr=0 ratio=1.410 (thr 0.30) moment=0 quantity=0 resid=0 health=1 age=0.09 solve_ok=1 reanch=0 m_p=+0.1376 slow=0/5
[INFO] [1789064151.607433572] [mhe_node]: [s-collapse] |s|=0.01864 ref=0.01459 peak=0.03249 ovr=0 ratio=1.277 (thr 0.30) moment=0 quantity=0 resid=0 health=1 age=0.09 solve_ok=1 reanch=0 m_p=+0.1240 slow=0/5
[INFO] [1789064152.207664445] [mhe_node]: [c_xy-clamp] 越界剔除 0/600 (0.0%) 上限 0.0390 kg·m clamp=1
[INFO] [1789064152.315736397] [mhe_node]: MHE mass estimate: 2.203 kg (T_phys=21.68N) | solve=8.3ms (max13.7)
[INFO] [1789064152.316297050] [mhe_node]: [truth] m_hat=2.2030 m_true=2.0643 err=+6.72% | c_hat=[+0.0000,+0.0000] c_true=[+0.0000,+0.0000] | Jxx_hat=0.01420 Jxx_true=0.01420 Jyz_hat=+0.00000 Jyz_true=+0.00000 | s_hat=[-0.0214,-0.0119] s_true=[+0.0000,+0.0000] kg·m
[INFO] [1789064152.316815982] [mhe_node]: [tau_phys] roll=-0.124 pitch=+0.206 Nm
[INFO] [1789064152.317400915] [mhe_node]: [mass-diag] m_est=2.2030 T=21.679N tilt=1.33deg cos=0.99973 | T/g=2.2099 T*cos/g=2.2093 | m_est-T*cos/g=-0.0063kg (-0.29%) vz=+0.010
[INFO] [1789064152.317996680] [mhe_node]: [c_xy_est] cx=-0.0094 cy=-0.0054 m
[INFO] [1789064152.607704083] [mhe_node]: [s-collapse] |s|=0.02532 ref=0.01459 peak=0.03249 ovr=0 ratio=1.735 (thr 0.30) moment=0 quantity=0 resid=0 health=1 age=0.10 solve_ok=1 reanch=0 m_p=+0.1391 slow=0/5
[INFO] [1789064153.007462725] [mhe_node]: [release-resid] STRONG 票: ΔT=-1.42N x4帧 (floor 0.9N)
[INFO] [1789064153.607765776] [mhe_node]: [s-collapse] |s|=0.01696 ref=0.01459 peak=0.03249 ovr=0 ratio=1.162 (thr 0.30) moment=0 quantity=1 resid=1S health=1 age=0.08 solve_ok=1 reanch=0 m_p=-0.0083 slow=0/5
[INFO] [1789064154.323640665] [mhe_node]: MHE mass estimate: 2.035 kg (T_phys=20.84N) | solve=14.1ms (max27.4)
[INFO] [1789064154.324280669] [mhe_node]: [truth] m_hat=2.0353 m_true=2.0643 err=-1.40% | c_hat=[+0.0000,+0.0000] c_true=[+0.0000,+0.0000] | Jxx_hat=0.01420 Jxx_true=0.01420 Jyz_hat=+0.00000 Jyz_true=+0.00000 | s_hat=[-0.0093,+0.0002] s_true=[+0.0000,+0.0000] kg·m
[INFO] [1789064154.324799019] [mhe_node]: [tau_phys] roll=+0.006 pitch=+0.019 Nm
[INFO] [1789064154.325379400] [mhe_node]: [mass-diag] m_est=2.0353 T=20.842N tilt=1.57deg cos=0.99962 | T/g=2.1246 T*cos/g=2.1238 | m_est-T*cos/g=-0.0884kg (-4.16%) vz=-0.011
[INFO] [1789064154.325961848] [mhe_node]: [c_xy_est] cx=-0.0049 cy=-0.0001 m
[INFO] [1789064154.607573361] [mhe_node]: [s-collapse] |s|=0.00797 ref=0.01459 peak=0.03249 ovr=0 ratio=0.546 (thr 0.30) moment=0 quantity=1 resid=1S health=1 age=0.09 solve_ok=1 reanch=0 m_p=-0.0196 slow=0/5
[INFO] [1789064155.607552510] [mhe_node]: [s-collapse] |s|=0.00468 ref=0.01459 peak=0.03249 ovr=0 ratio=0.321 (thr 0.30) moment=0 quantity=1 resid=1S health=1 age=0.09 solve_ok=1 reanch=0 m_p=-0.0105 slow=0/5
[INFO] [1789064156.317259695] [mhe_node]: MHE mass estimate: 2.055 kg (T_phys=20.33N) | solve=8.1ms (max12.5)
[INFO] [1789064156.317798237] [mhe_node]: [truth] m_hat=2.0552 m_true=2.0643 err=-0.44% | c_hat=[+0.0000,+0.0000] c_true=[+0.0000,+0.0000] | Jxx_hat=0.01420 Jxx_true=0.01420 Jyz_hat=+0.00000 Jyz_true=+0.00000 | s_hat=[-0.0060,+0.0002] s_true=[+0.0000,+0.0000] kg·m
[INFO] [1789064156.318327489] [mhe_node]: [tau_phys] roll=-0.004 pitch=+0.080 Nm
[INFO] [1789064156.318911204] [mhe_node]: [mass-diag] m_est=2.0552 T=20.332N tilt=2.29deg cos=0.99920 | T/g=2.0725 T*cos/g=2.0709 | m_est-T*cos/g=-0.0157kg (-0.76%) vz=+0.061
[INFO] [1789064156.319499360] [mhe_node]: [c_xy_est] cx=-0.0028 cy=+0.0001 m
[INFO] [1789064156.607573147] [mhe_node]: [s-collapse] |s|=0.00653 ref=0.01459 peak=0.03249 ovr=0 ratio=0.447 (thr 0.30) moment=0 quantity=1 resid=0 health=1 age=0.09 solve_ok=1 reanch=0 m_p=-0.0052 slow=0/5
[INFO] [1789064157.607563842] [mhe_node]: [s-collapse] |s|=0.00633 ref=0.01459 peak=0.03249 ovr=0 ratio=0.434 (thr 0.30) moment=0 quantity=1 resid=0 health=1 age=0.09 solve_ok=1 reanch=0 m_p=-0.0053 slow=0/5
[INFO] [1789064158.312791762] [mhe_node]: MHE mass estimate: 2.060 kg (T_phys=20.22N) | solve=6.2ms (max9.6)
[INFO] [1789064158.313330636] [mhe_node]: [truth] m_hat=2.0600 m_true=2.0643 err=-0.21% | c_hat=[+0.0000,+0.0000] c_true=[+0.0000,+0.0000] | Jxx_hat=0.01420 Jxx_true=0.01420 Jyz_hat=+0.00000 Jyz_true=+0.00000 | s_hat=[-0.0061,-0.0000] s_true=[+0.0000,+0.0000] kg·m
[INFO] [1789064158.313843426] [mhe_node]: [tau_phys] roll=+0.005 pitch=+0.014 Nm
[INFO] [1789064158.314432083] [mhe_node]: [mass-diag] m_est=2.0600 T=20.224N tilt=3.10deg cos=0.99854 | T/g=2.0616 T*cos/g=2.0585 | m_est-T*cos/g=+0.0014kg (+0.07%) vz=+0.097
[INFO] [1789064158.315013504] [mhe_node]: [c_xy_est] cx=-0.0030 cy=-0.0000 m
[INFO] [1789064158.607648586] [mhe_node]: [s-collapse] |s|=0.00597 ref=0.01459 peak=0.03249 ovr=0 ratio=0.409 (thr 0.30) moment=0 quantity=1 resid=0 health=1 age=0.09 solve_ok=1 reanch=0 m_p=-0.0043 slow=0/5
[INFO] [1789064159.607552275] [mhe_node]: [s-collapse] |s|=0.00665 ref=0.01459 peak=0.03249 ovr=0 ratio=0.456 (thr 0.30) moment=0 quantity=1 resid=0 health=1 age=0.09 solve_ok=1 reanch=0 m_p=-0.0124 slow=0/5
[INFO] [1789064160.312541325] [mhe_node]: MHE mass estimate: 2.055 kg (T_phys=20.15N) | solve=8.1ms (max14.6)
[INFO] [1789064160.312927859] [mhe_node]: [truth] m_hat=2.0553 m_true=2.0643 err=-0.44% | c_hat=[+0.0000,+0.0000] c_true=[+0.0000,+0.0000] | Jxx_hat=0.01420 Jxx_true=0.01420 Jyz_hat=+0.00000 Jyz_true=+0.00000 | s_hat=[-0.0090,+0.0003] s_true=[+0.0000,+0.0000] kg·m
[INFO] [1789064160.313293978] [mhe_node]: [tau_phys] roll=+0.006 pitch=+0.087 Nm
[INFO] [1789064160.313710717] [mhe_node]: [mass-diag] m_est=2.0553 T=20.155N tilt=2.76deg cos=0.99884 | T/g=2.0545 T*cos/g=2.0521 | m_est-T*cos/g=+0.0031kg (+0.15%) vz=+0.090
[INFO] [1789064160.314125573] [mhe_node]: [c_xy_est] cx=-0.0042 cy=+0.0001 m
[INFO] [1789064160.607631535] [mhe_node]: [s-collapse] |s|=0.00951 ref=0.01459 peak=0.03249 ovr=0 ratio=0.652 (thr 0.30) moment=0 quantity=1 resid=0 health=1 age=0.09 solve_ok=1 reanch=0 m_p=-0.0094 slow=0/5
[INFO] [1789064161.607563488] [mhe_node]: [s-collapse] |s|=0.01010 ref=0.01459 peak=0.03249 ovr=0 ratio=0.692 (thr 0.30) moment=0 quantity=1 resid=0 health=1 age=0.09 solve_ok=1 reanch=0 m_p=-0.0081 slow=0/5
[INFO] [1789064162.314053244] [mhe_node]: MHE mass estimate: 2.054 kg (T_phys=20.18N) | solve=7.2ms (max19.1)
[INFO] [1789064162.314594886] [mhe_node]: [truth] m_hat=2.0542 m_true=2.0643 err=-0.49% | c_hat=[+0.0000,+0.0000] c_true=[+0.0000,+0.0000] | Jxx_hat=0.01420 Jxx_true=0.01420 Jyz_hat=+0.00000 Jyz_true=+0.00000 | s_hat=[-0.0110,+0.0005] s_true=[+0.0000,+0.0000] kg·m
[INFO] [1789064162.315107811] [mhe_node]: [tau_phys] roll=+0.007 pitch=+0.108 Nm
[INFO] [1789064162.315694813] [mhe_node]: [mass-diag] m_est=2.0542 T=20.179N tilt=2.21deg cos=0.99926 | T/g=2.0570 T*cos/g=2.0554 | m_est-T*cos/g=-0.0013kg (-0.06%) vz=+0.118
[INFO] [1789064162.316278865] [mhe_node]: [c_xy_est] cx=-0.0053 cy=+0.0003 m
[INFO] [1789064162.607386724] [mhe_node]: [s-collapse] |s|=0.01104 ref=0.01459 peak=0.03249 ovr=0 ratio=0.757 (thr 0.30) moment=0 quantity=1 resid=0 health=1 age=0.09 solve_ok=1 reanch=0 m_p=-0.0109 slow=0/5
[INFO] [1789064163.607623968] [mhe_node]: [s-collapse] |s|=0.01163 ref=0.01459 peak=0.03249 ovr=0 ratio=0.797 (thr 0.30) moment=0 quantity=1 resid=0 health=1 age=0.09 solve_ok=1 reanch=0 m_p=-0.0098 slow=0/5
[INFO] [1789064164.314082098] [mhe_node]: MHE mass estimate: 2.051 kg (T_phys=20.10N) | solve=7.5ms (max12.6)
[INFO] [1789064164.314465749] [mhe_node]: [truth] m_hat=2.0514 m_true=2.0643 err=-0.63% | c_hat=[+0.0000,+0.0000] c_true=[+0.0000,+0.0000] | Jxx_hat=0.01420 Jxx_true=0.01420 Jyz_hat=+0.00000 Jyz_true=+0.00000 | s_hat=[-0.0129,+0.0007] s_true=[+0.0000,+0.0000] kg·m
[INFO] [1789064164.314819999] [mhe_node]: [tau_phys] roll=+0.009 pitch=+0.101 Nm
[INFO] [1789064164.315229236] [mhe_node]: [mass-diag] m_est=2.0514 T=20.102N tilt=0.97deg cos=0.99986 | T/g=2.0492 T*cos/g=2.0489 | m_est-T*cos/g=+0.0025kg (+0.12%) vz=+0.114
[INFO] [1789064164.315635346] [mhe_node]: [c_xy_est] cx=-0.0062 cy=+0.0003 m
[INFO] [1789064164.607553486] [mhe_node]: [s-collapse] |s|=0.01301 ref=0.01459 peak=0.03249 ovr=0 ratio=0.892 (thr 0.30) moment=0 quantity=1 resid=0 health=1 age=0.09 solve_ok=1 reanch=0 m_p=-0.0131 slow=0/5
[INFO] [1789064165.607566387] [mhe_node]: [s-collapse] |s|=0.01220 ref=0.01459 peak=0.03249 ovr=0 ratio=0.836 (thr 0.30) moment=0 quantity=1 resid=0 health=1 age=0.09 solve_ok=1 reanch=0 m_p=-0.0075 slow=0/5
[INFO] [1789064166.318403494] [mhe_node]: MHE mass estimate: 2.054 kg (T_phys=20.09N) | solve=9.0ms (max14.9)
[INFO] [1789064166.318940045] [mhe_node]: [truth] m_hat=2.0539 m_true=2.0643 err=-0.50% | c_hat=[+0.0000,+0.0000] c_true=[+0.0000,+0.0000] | Jxx_hat=0.01420 Jxx_true=0.01420 Jyz_hat=+0.00000 Jyz_true=+0.00000 | s_hat=[-0.0097,+0.0007] s_true=[+0.0000,+0.0000] kg·m
[INFO] [1789064166.319460791] [mhe_node]: [tau_phys] roll=+0.008 pitch=+0.119 Nm
[INFO] [1789064166.320048325] [mhe_node]: [mass-diag] m_est=2.0539 T=20.091N tilt=0.99deg cos=0.99985 | T/g=2.0481 T*cos/g=2.0478 | m_est-T*cos/g=+0.0061kg (+0.30%) vz=+0.113
[INFO] [1789064166.320632661] [mhe_node]: [c_xy_est] cx=-0.0048 cy=+0.0003 m
[INFO] [1789064166.607562412] [mhe_node]: [s-collapse] |s|=0.00957 ref=0.01459 peak=0.03249 ovr=0 ratio=0.656 (thr 0.30) moment=0 quantity=1 resid=0 health=1 age=0.09 solve_ok=1 reanch=0 m_p=-0.0113 slow=0/5
[INFO] [1789064167.607579682] [mhe_node]: [s-collapse] |s|=0.00884 ref=0.01459 peak=0.03249 ovr=0 ratio=0.606 (thr 0.30) moment=0 quantity=1 resid=0 health=1 age=0.09 solve_ok=1 reanch=0 m_p=-0.0105 slow=0/5
[INFO] [1789064168.313360198] [mhe_node]: MHE mass estimate: 2.050 kg (T_phys=20.16N) | solve=7.5ms (max11.2)
[INFO] [1789064168.313742397] [mhe_node]: [truth] m_hat=2.0497 m_true=2.0643 err=-0.71% | c_hat=[+0.0000,+0.0000] c_true=[+0.0000,+0.0000] | Jxx_hat=0.01420 Jxx_true=0.01420 Jyz_hat=+0.00000 Jyz_true=+0.00000 | s_hat=[-0.0056,+0.0005] s_true=[+0.0000,+0.0000] kg·m
[INFO] [1789064168.314099627] [mhe_node]: [tau_phys] roll=+0.011 pitch=+0.061 Nm
[INFO] [1789064168.314511688] [mhe_node]: [mass-diag] m_est=2.0497 T=20.162N tilt=1.89deg cos=0.99945 | T/g=2.0553 T*cos/g=2.0542 | m_est-T*cos/g=-0.0045kg (-0.22%) vz=+0.075
[INFO] [1789064168.314912871] [mhe_node]: [c_xy_est] cx=-0.0029 cy=+0.0003 m
[INFO] [1789064168.607549495] [mhe_node]: [s-collapse] |s|=0.00521 ref=0.01459 peak=0.03249 ovr=0 ratio=0.357 (thr 0.30) moment=0 quantity=1 resid=0 health=1 age=0.09 solve_ok=1 reanch=0 m_p=-0.0125 slow=0/5
[INFO] [1789064169.607558370] [mhe_node]: [s-collapse] |s|=0.00564 ref=0.01459 peak=0.03249 ovr=0 ratio=0.386 (thr 0.30) moment=0 quantity=1 resid=0 health=1 age=0.09 solve_ok=1 reanch=0 m_p=-0.0079 slow=0/5
[INFO] [1789064170.314147481] [mhe_node]: MHE mass estimate: 2.057 kg (T_phys=20.25N) | solve=7.9ms (max16.7)
[INFO] [1789064170.314678491] [mhe_node]: [truth] m_hat=2.0572 m_true=2.0643 err=-0.34% | c_hat=[+0.0000,+0.0000] c_true=[+0.0000,+0.0000] | Jxx_hat=0.01420 Jxx_true=0.01420 Jyz_hat=+0.00000 Jyz_true=+0.00000 | s_hat=[-0.0061,+0.0007] s_true=[+0.0000,+0.0000] kg·m
[INFO] [1789064170.315266612] [mhe_node]: [tau_phys] roll=+0.003 pitch=+0.054 Nm
[INFO] [1789064170.315847516] [mhe_node]: [mass-diag] m_est=2.0572 T=20.249N tilt=2.17deg cos=0.99928 | T/g=2.0642 T*cos/g=2.0627 | m_est-T*cos/g=-0.0055kg (-0.27%) vz=+0.055
[INFO] [1789064170.316431502] [mhe_node]: [c_xy_est] cx=-0.0029 cy=+0.0003 m
[INFO] [1789064170.607453720] [mhe_node]: [s-collapse] |s|=0.00614 ref=0.01459 peak=0.03249 ovr=0 ratio=0.421 (thr 0.30) moment=0 quantity=1 resid=0 health=1 age=0.09 solve_ok=1 reanch=0 m_p=-0.0066 slow=0/5
[INFO] [1789064171.607563775] [mhe_node]: [s-collapse] |s|=0.00613 ref=0.01459 peak=0.03249 ovr=0 ratio=0.420 (thr 0.30) moment=0 quantity=1 resid=0 health=1 age=0.09 solve_ok=1 reanch=0 m_p=-0.0063 slow=0/5
[INFO] [1789064172.314971529] [mhe_node]: MHE mass estimate: 2.055 kg (T_phys=20.22N) | solve=6.7ms (max10.0)
[INFO] [1789064172.315625651] [mhe_node]: [truth] m_hat=2.0547 m_true=2.0643 err=-0.47% | c_hat=[+0.0000,+0.0000] c_true=[+0.0000,+0.0000] | Jxx_hat=0.01420 Jxx_true=0.01420 Jyz_hat=+0.00000 Jyz_true=+0.00000 | s_hat=[-0.0072,+0.0006] s_true=[+0.0000,+0.0000] kg·m
[INFO] [1789064172.316144811] [mhe_node]: [tau_phys] roll=+0.004 pitch=+0.073 Nm
[INFO] [1789064172.316727514] [mhe_node]: [mass-diag] m_est=2.0547 T=20.217N tilt=2.55deg cos=0.99901 | T/g=2.0609 T*cos/g=2.0588 | m_est-T*cos/g=-0.0042kg (-0.20%) vz=+0.029
[INFO] [1789064172.317315439] [mhe_node]: [c_xy_est] cx=-0.0034 cy=+0.0003 m
[INFO] [1789064172.607421231] [mhe_node]: [s-collapse] |s|=0.00758 ref=0.01459 peak=0.03249 ovr=0 ratio=0.519 (thr 0.30) moment=0 quantity=1 resid=0 health=1 age=0.09 solve_ok=1 reanch=0 m_p=-0.0083 slow=0/5
[INFO] [1789064173.607556269] [mhe_node]: [s-collapse] |s|=0.00758 ref=0.01459 peak=0.03249 ovr=0 ratio=0.519 (thr 0.30) moment=0 quantity=1 resid=0 health=1 age=0.09 solve_ok=1 reanch=0 m_p=-0.0091 slow=0/5
[INFO] [1789064174.316178539] [mhe_node]: MHE mass estimate: 2.050 kg (T_phys=20.16N) | solve=6.8ms (max10.4)
[INFO] [1789064174.316715681] [mhe_node]: [truth] m_hat=2.0496 m_true=2.0643 err=-0.71% | c_hat=[+0.0000,+0.0000] c_true=[+0.0000,+0.0000] | Jxx_hat=0.01420 Jxx_true=0.01420 Jyz_hat=+0.00000 Jyz_true=+0.00000 | s_hat=[-0.0083,+0.0007] s_true=[+0.0000,+0.0000] kg·m
[INFO] [1789064174.317242486] [mhe_node]: [tau_phys] roll=+0.002 pitch=+0.025 Nm
[INFO] [1789064174.317823411] [mhe_node]: [mass-diag] m_est=2.0496 T=20.162N tilt=1.78deg cos=0.99952 | T/g=2.0553 T*cos/g=2.0543 | m_est-T*cos/g=-0.0046kg (-0.23%) vz=-0.015
[INFO] [1789064174.318406291] [mhe_node]: [c_xy_est] cx=-0.0040 cy=+0.0003 m
[INFO] [1789064174.607561007] [mhe_node]: [s-collapse] |s|=0.00840 ref=0.01459 peak=0.03249 ovr=0 ratio=0.576 (thr 0.30) moment=0 quantity=1 resid=0 health=1 age=0.09 solve_ok=1 reanch=0 m_p=-0.0133 slow=0/5
[INFO] [1789064175.607671610] [mhe_node]: [s-collapse] |s|=0.00789 ref=0.01459 peak=0.03249 ovr=0 ratio=0.541 (thr 0.30) moment=0 quantity=1 resid=0 health=1 age=0.09 solve_ok=1 reanch=0 m_p=-0.0088 slow=0/5
[INFO] [1789064176.314953537] [mhe_node]: MHE mass estimate: 2.056 kg (T_phys=20.18N) | solve=7.4ms (max12.6)
[INFO] [1789064176.315496868] [mhe_node]: [truth] m_hat=2.0565 m_true=2.0643 err=-0.38% | c_hat=[+0.0000,+0.0000] c_true=[+0.0000,+0.0000] | Jxx_hat=0.01420 Jxx_true=0.01420 Jyz_hat=+0.00000 Jyz_true=+0.00000 | s_hat=[-0.0078,+0.0006] s_true=[+0.0000,+0.0000] kg·m
[INFO] [1789064176.316013528] [mhe_node]: [tau_phys] roll=+0.002 pitch=+0.070 Nm
[INFO] [1789064176.316600155] [mhe_node]: [mass-diag] m_est=2.0565 T=20.179N tilt=1.46deg cos=0.99968 | T/g=2.0570 T*cos/g=2.0563 | m_est-T*cos/g=+0.0002kg (+0.01%) vz=-0.015
[INFO] [1789064176.317184448] [mhe_node]: [c_xy_est] cx=-0.0038 cy=+0.0003 m
[INFO] [1789064176.607550236] [mhe_node]: [s-collapse] |s|=0.00790 ref=0.01459 peak=0.03249 ovr=0 ratio=0.542 (thr 0.30) moment=0 quantity=1 resid=0 health=1 age=0.10 solve_ok=1 reanch=0 m_p=-0.0079 slow=0/5
[INFO] [1789064177.607561085] [mhe_node]: [s-collapse] |s|=0.00736 ref=0.01459 peak=0.03249 ovr=0 ratio=0.504 (thr 0.30) moment=0 quantity=1 resid=0 health=1 age=0.09 solve_ok=1 reanch=0 m_p=-0.0092 slow=0/5
[INFO] [1789064178.312975178] [mhe_node]: MHE mass estimate: 2.055 kg (T_phys=20.16N) | solve=6.2ms (max12.6)
[INFO] [1789064178.313517586] [mhe_node]: [truth] m_hat=2.0548 m_true=2.0643 err=-0.46% | c_hat=[+0.0000,+0.0000] c_true=[+0.0000,+0.0000] | Jxx_hat=0.01420 Jxx_true=0.01420 Jyz_hat=+0.00000 Jyz_true=+0.00000 | s_hat=[-0.0072,+0.0007] s_true=[+0.0000,+0.0000] kg·m
[INFO] [1789064178.314035640] [mhe_node]: [tau_phys] roll=+0.006 pitch=+0.052 Nm
[INFO] [1789064178.314619969] [mhe_node]: [mass-diag] m_est=2.0548 T=20.162N tilt=2.19deg cos=0.99927 | T/g=2.0553 T*cos/g=2.0538 | m_est-T*cos/g=+0.0010kg (+0.05%) vz=-0.073
[INFO] [1789064178.315204246] [mhe_node]: [c_xy_est] cx=-0.0035 cy=+0.0003 m
[INFO] [1789064178.607641434] [mhe_node]: [s-collapse] |s|=0.00717 ref=0.01459 peak=0.03249 ovr=0 ratio=0.491 (thr 0.30) moment=0 quantity=1 resid=0 health=1 age=0.09 solve_ok=1 reanch=0 m_p=-0.0090 slow=0/5
[INFO] [1789064179.607550097] [mhe_node]: [s-collapse] |s|=0.00617 ref=0.01459 peak=0.03249 ovr=0 ratio=0.423 (thr 0.30) moment=0 quantity=1 resid=0 health=1 age=0.09 solve_ok=1 reanch=0 m_p=-0.0073 slow=0/5
[INFO] [1789064180.319467371] [mhe_node]: MHE mass estimate: 2.056 kg (T_phys=20.22N) | solve=8.5ms (max13.5)
[INFO] [1789064180.320002725] [mhe_node]: [truth] m_hat=2.0563 m_true=2.0643 err=-0.39% | c_hat=[+0.0000,+0.0000] c_true=[+0.0000,+0.0000] | Jxx_hat=0.01420 Jxx_true=0.01420 Jyz_hat=+0.00000 Jyz_true=+0.00000 | s_hat=[-0.0071,+0.0008] s_true=[+0.0000,+0.0000] kg·m
[INFO] [1789064180.320518318] [mhe_node]: [tau_phys] roll=+0.010 pitch=+0.067 Nm
[INFO] [1789064180.321097513] [mhe_node]: [mass-diag] m_est=2.0563 T=20.215N tilt=2.87deg cos=0.99875 | T/g=2.0607 T*cos/g=2.0581 | m_est-T*cos/g=-0.0018kg (-0.09%) vz=-0.076
[INFO] [1789064180.321674597] [mhe_node]: [c_xy_est] cx=-0.0034 cy=+0.0004 m
[INFO] [1789064180.607544077] [mhe_node]: [s-collapse] |s|=0.00742 ref=0.01459 peak=0.03249 ovr=0 ratio=0.508 (thr 0.30) moment=0 quantity=1 resid=0 health=1 age=0.09 solve_ok=1 reanch=0 m_p=-0.0070 slow=0/5
[INFO] [1789064181.607573869] [mhe_node]: [s-collapse] |s|=0.00797 ref=0.01459 peak=0.03249 ovr=0 ratio=0.547 (thr 0.30) moment=0 quantity=1 resid=0 health=1 age=0.09 solve_ok=1 reanch=0 m_p=-0.0075 slow=0/5
[INFO] [1789064182.207628966] [mhe_node]: [c_xy-clamp] 越界剔除 0/900 (0.0%) 上限 0.0390 kg·m clamp=1
[INFO] [1789064182.319806809] [mhe_node]: MHE mass estimate: 2.055 kg (T_phys=20.13N) | solve=7.7ms (max14.6)
[INFO] [1789064182.320337687] [mhe_node]: [truth] m_hat=2.0549 m_true=2.0643 err=-0.46% | c_hat=[+0.0000,+0.0000] c_true=[+0.0000,+0.0000] | Jxx_hat=0.01420 Jxx_true=0.01420 Jyz_hat=+0.00000 Jyz_true=+0.00000 | s_hat=[-0.0089,+0.0007] s_true=[+0.0000,+0.0000] kg·m
[INFO] [1789064182.320850446] [mhe_node]: [tau_phys] roll=+0.008 pitch=+0.126 Nm
[INFO] [1789064182.321429836] [mhe_node]: [mass-diag] m_est=2.0549 T=20.127N tilt=2.65deg cos=0.99893 | T/g=2.0517 T*cos/g=2.0495 | m_est-T*cos/g=+0.0054kg (+0.26%) vz=-0.102
[INFO] [1789064182.322005684] [mhe_node]: [c_xy_est] cx=-0.0042 cy=+0.0003 m
[INFO] [1789064182.607505952] [mhe_node]: [s-collapse] |s|=0.00933 ref=0.01459 peak=0.03249 ovr=0 ratio=0.639 (thr 0.30) moment=0 quantity=1 resid=0 health=1 age=0.09 solve_ok=1 reanch=0 m_p=-0.0110 slow=0/5
[INFO] [1789064183.607581844] [mhe_node]: [s-collapse] |s|=0.00994 ref=0.01459 peak=0.03249 ovr=0 ratio=0.682 (thr 0.30) moment=0 quantity=1 resid=0 health=1 age=0.08 solve_ok=1 reanch=0 m_p=-0.0125 slow=0/5
[INFO] [1789064184.317255056] [mhe_node]: MHE mass estimate: 2.051 kg (T_phys=20.10N) | solve=9.6ms (max16.0)
[INFO] [1789064184.317790197] [mhe_node]: [truth] m_hat=2.0510 m_true=2.0643 err=-0.64% | c_hat=[+0.0000,+0.0000] c_true=[+0.0000,+0.0000] | Jxx_hat=0.01420 Jxx_true=0.01420 Jyz_hat=+0.00000 Jyz_true=+0.00000 | s_hat=[-0.0098,+0.0006] s_true=[+0.0000,+0.0000] kg·m
[INFO] [1789064184.318308560] [mhe_node]: [tau_phys] roll=+0.006 pitch=+0.114 Nm
[INFO] [1789064184.318891971] [mhe_node]: [mass-diag] m_est=2.0510 T=20.098N tilt=2.34deg cos=0.99917 | T/g=2.0487 T*cos/g=2.0470 | m_est-T*cos/g=+0.0040kg (+0.20%) vz=-0.113
[INFO] [1789064184.319477291] [mhe_node]: [c_xy_est] cx=-0.0047 cy=+0.0003 m
[INFO] [1789064184.607433603] [mhe_node]: [s-collapse] |s|=0.01029 ref=0.01459 peak=0.03249 ovr=0 ratio=0.705 (thr 0.30) moment=0 quantity=1 resid=0 health=1 age=0.09 solve_ok=1 reanch=0 m_p=-0.0151 slow=0/5
[INFO] [1789064185.607409323] [mhe_node]: [s-collapse] |s|=0.01212 ref=0.01459 peak=0.03249 ovr=0 ratio=0.831 (thr 0.30) moment=0 quantity=1 resid=0 health=1 age=0.10 solve_ok=1 reanch=0 m_p=-0.0128 slow=0/5
[INFO] [1789064186.315110290] [mhe_node]: MHE mass estimate: 2.052 kg (T_phys=20.20N) | solve=6.9ms (max12.3)
[INFO] [1789064186.315644311] [mhe_node]: [truth] m_hat=2.0517 m_true=2.0643 err=-0.61% | c_hat=[+0.0000,+0.0000] c_true=[+0.0000,+0.0000] | Jxx_hat=0.01420 Jxx_true=0.01420 Jyz_hat=+0.00000 Jyz_true=+0.00000 | s_hat=[-0.0135,+0.0006] s_true=[+0.0000,+0.0000] kg·m
[INFO] [1789064186.316156971] [mhe_node]: [tau_phys] roll=+0.003 pitch=+0.113 Nm
[INFO] [1789064186.316740096] [mhe_node]: [mass-diag] m_est=2.0517 T=20.197N tilt=1.24deg cos=0.99977 | T/g=2.0588 T*cos/g=2.0583 | m_est-T*cos/g=-0.0066kg (-0.32%) vz=-0.103
[INFO] [1789064186.317321127] [mhe_node]: [c_xy_est] cx=-0.0064 cy=+0.0003 m
[INFO] [1789064186.607520441] [mhe_node]: [s-collapse] |s|=0.01396 ref=0.01459 peak=0.03249 ovr=0 ratio=0.957 (thr 0.30) moment=0 quantity=1 resid=0 health=1 age=0.09 solve_ok=1 reanch=0 m_p=-0.0120 slow=0/5
[INFO] [1789064187.607570060] [mhe_node]: [s-collapse] |s|=0.01295 ref=0.01459 peak=0.03249 ovr=0 ratio=0.888 (thr 0.30) moment=0 quantity=1 resid=0 health=1 age=0.09 solve_ok=1 reanch=0 m_p=-0.0174 slow=0/5
[INFO] [1789064188.316329731] [mhe_node]: MHE mass estimate: 2.050 kg (T_phys=20.22N) | solve=10.0ms (max22.4)
[INFO] [1789064188.316852835] [mhe_node]: [truth] m_hat=2.0500 m_true=2.0643 err=-0.69% | c_hat=[+0.0000,+0.0000] c_true=[+0.0000,+0.0000] | Jxx_hat=0.01420 Jxx_true=0.01420 Jyz_hat=+0.00000 Jyz_true=+0.00000 | s_hat=[-0.0110,+0.0004] s_true=[+0.0000,+0.0000] kg·m
[INFO] [1789064188.317368094] [mhe_node]: [tau_phys] roll=+0.001 pitch=+0.094 Nm
[INFO] [1789064188.317938109] [mhe_node]: [mass-diag] m_est=2.0500 T=20.217N tilt=0.69deg cos=0.99993 | T/g=2.0608 T*cos/g=2.0607 | m_est-T*cos/g=-0.0107kg (-0.52%) vz=-0.119
[INFO] [1789064188.318525278] [mhe_node]: [c_xy_est] cx=-0.0054 cy=+0.0002 m
[INFO] [1789064188.607598843] [mhe_node]: [s-collapse] |s|=0.01097 ref=0.01459 peak=0.03249 ovr=0 ratio=0.752 (thr 0.30) moment=0 quantity=1 resid=0 health=1 age=0.09 solve_ok=1 reanch=0 m_p=-0.0133 slow=0/5
[INFO] [1789064189.607555015] [mhe_node]: [s-collapse] |s|=0.01092 ref=0.01459 peak=0.03249 ovr=0 ratio=0.748 (thr 0.30) moment=0 quantity=1 resid=0 health=1 age=0.09 solve_ok=1 reanch=0 m_p=-0.0077 slow=0/5
[INFO] [1789064190.316123869] [mhe_node]: MHE mass estimate: 2.054 kg (T_phys=20.14N) | solve=7.4ms (max11.4)
[INFO] [1789064190.316780641] [mhe_node]: [truth] m_hat=2.0543 m_true=2.0643 err=-0.48% | c_hat=[+0.0000,+0.0000] c_true=[+0.0000,+0.0000] | Jxx_hat=0.01420 Jxx_true=0.01420 Jyz_hat=+0.00000 Jyz_true=+0.00000 | s_hat=[-0.0090,+0.0002] s_true=[+0.0000,+0.0000] kg·m
[INFO] [1789064190.317305243] [mhe_node]: [tau_phys] roll=-0.001 pitch=+0.062 Nm
[INFO] [1789064190.317893925] [mhe_node]: [mass-diag] m_est=2.0543 T=20.139N tilt=1.93deg cos=0.99943 | T/g=2.0529 T*cos/g=2.0518 | m_est-T*cos/g=+0.0026kg (+0.13%) vz=-0.087
[INFO] [1789064190.318485732] [mhe_node]: [c_xy_est] cx=-0.0045 cy=+0.0001 m
[INFO] [1789064190.607695187] [mhe_node]: [s-collapse] |s|=0.00825 ref=0.01459 peak=0.03249 ovr=0 ratio=0.565 (thr 0.30) moment=0 quantity=1 resid=0 health=1 age=0.09 solve_ok=1 reanch=0 m_p=-0.0119 slow=0/5
[INFO] [1789064191.607559431] [mhe_node]: [s-collapse] |s|=0.00596 ref=0.01459 peak=0.03249 ovr=0 ratio=0.408 (thr 0.30) moment=0 quantity=1 resid=0 health=1 age=0.09 solve_ok=1 reanch=0 m_p=-0.0086 slow=0/5
[INFO] [1789064192.322136888] [mhe_node]: MHE mass estimate: 2.058 kg (T_phys=20.27N) | solve=7.6ms (max13.7)
[INFO] [1789064192.322676421] [mhe_node]: [truth] m_hat=2.0582 m_true=2.0643 err=-0.30% | c_hat=[+0.0000,+0.0000] c_true=[+0.0000,+0.0000] | Jxx_hat=0.01420 Jxx_true=0.01420 Jyz_hat=+0.00000 Jyz_true=+0.00000 | s_hat=[-0.0056,-0.0001] s_true=[+0.0000,+0.0000] kg·m
[INFO] [1789064192.323194912] [mhe_node]: [tau_phys] roll=-0.002 pitch=+0.061 Nm
[INFO] [1789064192.323781745] [mhe_node]: [mass-diag] m_est=2.0582 T=20.265N tilt=2.37deg cos=0.99915 | T/g=2.0658 T*cos/g=2.0640 | m_est-T*cos/g=-0.0058kg (-0.28%) vz=-0.066
[INFO] [1789064192.324365001] [mhe_node]: [c_xy_est] cx=-0.0028 cy=-0.0000 m
[INFO] [1789064192.607561575] [mhe_node]: [s-collapse] |s|=0.00547 ref=0.01459 peak=0.03249 ovr=0 ratio=0.375 (thr 0.30) moment=0 quantity=1 resid=0 health=1 age=0.09 solve_ok=1 reanch=0 m_p=-0.0062 slow=0/5
[INFO] [1789064193.607707660] [mhe_node]: [s-collapse] |s|=0.00567 ref=0.01459 peak=0.03249 ovr=0 ratio=0.388 (thr 0.30) moment=0 quantity=1 resid=0 health=1 age=0.09 solve_ok=1 reanch=0 m_p=-0.0068 slow=0/5
[INFO] [1789064194.311803650] [mhe_node]: MHE mass estimate: 2.053 kg (T_phys=20.23N) | solve=7.2ms (max11.2)
[INFO] [1789064194.312191797] [mhe_node]: [truth] m_hat=2.0533 m_true=2.0643 err=-0.53% | c_hat=[+0.0000,+0.0000] c_true=[+0.0000,+0.0000] | Jxx_hat=0.01420 Jxx_true=0.01420 Jyz_hat=+0.00000 Jyz_true=+0.00000 | s_hat=[-0.0073,+0.0001] s_true=[+0.0000,+0.0000] kg·m
[INFO] [1789064194.312557707] [mhe_node]: [tau_phys] roll=-0.002 pitch=+0.098 Nm
[INFO] [1789064194.312971212] [mhe_node]: [mass-diag] m_est=2.0533 T=20.227N tilt=2.51deg cos=0.99904 | T/g=2.0619 T*cos/g=2.0599 | m_est-T*cos/g=-0.0066kg (-0.32%) vz=-0.049
[INFO] [1789064194.313386167] [mhe_node]: [c_xy_est] cx=-0.0035 cy=+0.0000 m
[INFO] [1789064194.607408715] [mhe_node]: [s-collapse] |s|=0.00773 ref=0.01459 peak=0.03249 ovr=0 ratio=0.530 (thr 0.30) moment=0 quantity=1 resid=0 health=1 age=0.09 solve_ok=1 reanch=0 m_p=-0.0109 slow=0/5
[INFO] [1789064195.607406701] [mhe_node]: [s-collapse] |s|=0.00893 ref=0.01459 peak=0.03249 ovr=0 ratio=0.612 (thr 0.30) moment=0 quantity=1 resid=0 health=1 age=0.10 solve_ok=1 reanch=0 m_p=-0.0063 slow=0/5
[INFO] [1789064196.316191445] [mhe_node]: MHE mass estimate: 2.056 kg (T_phys=20.20N) | solve=5.5ms (max8.7)
[INFO] [1789064196.316723357] [mhe_node]: [truth] m_hat=2.0564 m_true=2.0643 err=-0.38% | c_hat=[+0.0000,+0.0000] c_true=[+0.0000,+0.0000] | Jxx_hat=0.01420 Jxx_true=0.01420 Jyz_hat=+0.00000 Jyz_true=+0.00000 | s_hat=[-0.0085,+0.0002] s_true=[+0.0000,+0.0000] kg·m
[INFO] [1789064196.317243665] [mhe_node]: [tau_phys] roll=+0.005 pitch=+0.080 Nm
[INFO] [1789064196.317823676] [mhe_node]: [mass-diag] m_est=2.0564 T=20.198N tilt=1.85deg cos=0.99948 | T/g=2.0589 T*cos/g=2.0578 | m_est-T*cos/g=-0.0014kg (-0.07%) vz=-0.004
[INFO] [1789064196.318408663] [mhe_node]: [c_xy_est] cx=-0.0042 cy=+0.0001 m
[INFO] [1789064196.607418179] [mhe_node]: [s-collapse] |s|=0.00842 ref=0.01459 peak=0.03249 ovr=0 ratio=0.577 (thr 0.30) moment=0 quantity=1 resid=0 health=1 age=0.09 solve_ok=1 reanch=0 m_p=-0.0086 slow=0/5
[ros2run]: Killed
