[INFO] [1785424415.426111127] [acados_nmpc_node]: acados NMPC node starting, building/loading solver...
Code reuse possible, skipping code generation.
acados was compiled without OpenMP.
[INFO] [1785424415.436464750] [acados_nmpc_node]: GRIPPER MODE: hover over box (1.0,0.1) z 0.55->2.5m, lift after 1.5s, empty m_est=2.06kg
[INFO] [1785424415.436919143] [acados_nmpc_node]: Warming up acados solver...
[INFO] [1785424415.442909827] [acados_nmpc_node]: Solver warmup complete, took 5.5 ms
[INFO] [1785424415.449920733] [acados_nmpc_node]: Decoupled publish enabled: solve @20Hz, body_rate/thrust @50Hz (trajectory interpolation)
[INFO] [1785424415.450431956] [acados_nmpc_node]: acados NMPC node initialized! Waiting for EKF2 convergence...
[INFO] [1785424425.451288335] [acados_nmpc_node]: Waiting for EKF2 convergence... 5/10 s
[INFO] [1785424430.450764764] [acados_nmpc_node]: Waiting for EKF2 convergence... 10/10 s
[INFO] [1785424430.499775634] [acados_nmpc_node]: Switching to OFFBOARD mode
[INFO] [1785424431.351763952] [acados_nmpc_node]: Sending arm command
[INFO] [1785424432.351690505] [acados_nmpc_node]: Armed, preparing to move to trajectory start...
[INFO] [1785424434.799827972] [acados_nmpc_node]: Gripper approach (climb): rising at spawn to z=1.50m | z=0.12m v=0.37m/s
[INFO] [1785424437.299848178] [acados_nmpc_node]: Gripper approach (climb): rising at spawn to z=1.50m | z=1.02m v=0.23m/s
[INFO] [1785424439.252176133] [acados_nmpc_node]: Gripper approach: climbed to safe altitude at spawn, now translating over box
[INFO] [1785424439.799771740] [acados_nmpc_node]: Gripper approach (high): aligning over box at z=1.50m | xy=0.934m z_err=0.150m v=0.38m/s
[INFO] [1785424441.551714170] [acados_nmpc_node]: Gripper approach: aligned above box, NMPC will take over here (z=1.50m), settle 3.0s then descend to z=0.55m to trigger attach
[INFO] [1785424441.599943916] [acados_nmpc_node]: Reached trajectory start, NMPC tracking begins!
[INFO] [1785424442.254331384] [acados_nmpc_node]: t=0.7s | pos_err=0.075m | T=20.01N | tau=[r-0.007 p0.021 y-0.018]Nm | res_stat=2.227e-07(peak 8.713e-07) sqp_iter=3 | solve=1.5ms
[INFO] [1785424444.652537948] [acados_nmpc_node]: t=3.1s | DESCEND: settle done, lowering 1.5->0.55m, will enable gripper at bottom
[INFO] [1785424447.254874004] [acados_nmpc_node]: t=5.7s | pos_err=0.070m | T=20.34N | tau=[r0.002 p-0.001 y-0.001]Nm | res_stat=3.557e-08(peak 9.871e-07) sqp_iter=3 | solve=1.4ms
[INFO] [1785424448.252660905] [acados_nmpc_node]: t=6.7s | DESCEND done at z=0.567m (target 0.550m, z_err=0.017m, v=0.05m/s), gripper ENABLED (attach will trigger now)
[INFO] [1785424448.320093480] [acados_nmpc_node]: attach offset received: box-drone = [+0.016, -0.121, -0.462] m
[INFO] [1785424448.352917572] [acados_nmpc_node]: PX4 MC_ROLLRATE_K: 1.000 -> 5.000 (inertia ratio 5.07, cap 5.0)
[INFO] [1785424448.353133538] [acados_nmpc_node]: PX4 MC_PITCHRATE_K: 1.000 -> 5.000 (inertia ratio 5.07, cap 5.0)
[INFO] [1785424448.353328124] [acados_nmpc_node]: t=6.8s | ATTACH (geom_source=online): dJ/gain init from prior m_p=0.30kg arm=0.47m (dJ=0.0579); c_xy+dJ refine online, attach truth eval-only
[INFO] [1785424448.355539612] [acados_nmpc_node]: [attach-window] t=6.75s pos_err=0.022m T=19.12N z=0.563 m_est=1.974
[INFO] [1785424448.401459218] [acados_nmpc_node]: [attach-window] t=6.80s pos_err=0.022m T=19.12N z=0.563 m_est=1.974
[INFO] [1785424448.454495895] [acados_nmpc_node]: [attach-window] t=6.85s pos_err=0.022m T=19.17N z=0.564 m_est=1.980
[INFO] [1785424448.501476032] [acados_nmpc_node]: [attach-window] t=6.90s pos_err=0.023m T=19.17N z=0.564 m_est=1.980
[INFO] [1785424448.554392530] [acados_nmpc_node]: [attach-window] t=6.95s pos_err=0.024m T=19.15N z=0.565 m_est=1.981
[INFO] [1785424448.601781303] [acados_nmpc_node]: [attach-window] t=7.00s pos_err=0.024m T=19.15N z=0.565 m_est=1.981
[INFO] [1785424448.654664754] [acados_nmpc_node]: [attach-window] t=7.05s pos_err=0.026m T=19.12N z=0.565 m_est=1.979
[INFO] [1785424448.701610901] [acados_nmpc_node]: [attach-window] t=7.10s pos_err=0.027m T=19.11N z=0.566 m_est=1.979
[INFO] [1785424448.754669409] [acados_nmpc_node]: [attach-window] t=7.15s pos_err=0.028m T=19.07N z=0.566 m_est=1.977
[INFO] [1785424448.801652001] [acados_nmpc_node]: [attach-window] t=7.20s pos_err=0.030m T=19.06N z=0.567 m_est=1.977
[INFO] [1785424448.854649351] [acados_nmpc_node]: [attach-window] t=7.25s pos_err=0.032m T=19.01N z=0.568 m_est=1.973
[INFO] [1785424448.901659873] [acados_nmpc_node]: [attach-window] t=7.30s pos_err=0.032m T=19.00N z=0.568 m_est=1.973
[INFO] [1785424448.954772998] [acados_nmpc_node]: [attach-window] t=7.35s pos_err=0.034m T=18.99N z=0.568 m_est=1.973
[INFO] [1785424449.001723887] [acados_nmpc_node]: [attach-window] t=7.40s pos_err=0.034m T=18.94N z=0.568 m_est=1.967
[INFO] [1785424449.054734107] [acados_nmpc_node]: [attach-window] t=7.45s pos_err=0.035m T=18.89N z=0.568 m_est=1.961
[INFO] [1785424449.101698729] [acados_nmpc_node]: [attach-window] t=7.50s pos_err=0.035m T=18.89N z=0.568 m_est=1.961
[INFO] [1785424449.154774332] [acados_nmpc_node]: [attach-window] t=7.55s pos_err=0.035m T=18.91N z=0.567 m_est=1.961
[INFO] [1785424449.201669443] [acados_nmpc_node]: [attach-window] t=7.60s pos_err=0.034m T=18.93N z=0.566 m_est=1.961
[INFO] [1785424449.254628972] [acados_nmpc_node]: [attach-window] t=7.65s pos_err=0.034m T=18.96N z=0.565 m_est=1.961
[INFO] [1785424449.301640398] [acados_nmpc_node]: [attach-window] t=7.70s pos_err=0.033m T=18.97N z=0.564 m_est=1.961
[INFO] [1785424449.354836791] [acados_nmpc_node]: [attach-window] t=7.75s pos_err=0.032m T=19.00N z=0.563 m_est=1.961
[INFO] [1785424449.401654580] [acados_nmpc_node]: [attach-window] t=7.80s pos_err=0.032m T=19.01N z=0.563 m_est=1.961
[INFO] [1785424449.454809334] [acados_nmpc_node]: [attach-window] t=7.85s pos_err=0.031m T=19.03N z=0.562 m_est=1.961
[INFO] [1785424449.501653788] [acados_nmpc_node]: [attach-window] t=7.90s pos_err=0.030m T=19.04N z=0.561 m_est=1.961
[INFO] [1785424449.554748266] [acados_nmpc_node]: [attach-window] t=7.95s pos_err=0.030m T=19.05N z=0.561 m_est=1.961
[INFO] [1785424449.601697874] [acados_nmpc_node]: [attach-window] t=8.00s pos_err=0.030m T=19.05N z=0.561 m_est=1.961
[INFO] [1785424449.654705425] [acados_nmpc_node]: [attach-window] t=8.05s pos_err=0.030m T=19.05N z=0.561 m_est=1.961
[INFO] [1785424449.701663558] [acados_nmpc_node]: [attach-window] t=8.10s pos_err=0.030m T=19.04N z=0.561 m_est=1.961
[INFO] [1785424449.754971846] [acados_nmpc_node]: [attach-window] t=8.15s pos_err=0.031m T=19.03N z=0.562 m_est=1.961
[INFO] [1785424449.801099749] [acados_nmpc_node]: [attach-window] t=8.20s pos_err=0.031m T=19.02N z=0.562 m_est=1.961
[INFO] [1785424449.854769436] [acados_nmpc_node]: [attach-window] t=8.25s pos_err=0.032m T=19.02N z=0.562 m_est=1.961
[INFO] [1785424449.899766467] [acados_nmpc_node]: t=8.3s | LIFT: raising hover 0.55->2.5m to lift payload
[INFO] [1785424449.902113367] [acados_nmpc_node]: [attach-window] t=8.30s pos_err=0.032m T=19.02N z=0.562 m_est=1.961
[INFO] [1785424449.954876338] [acados_nmpc_node]: [attach-window] t=8.35s pos_err=0.031m T=19.03N z=0.562 m_est=1.961
[INFO] [1785424450.001736132] [acados_nmpc_node]: [attach-window] t=8.40s pos_err=0.031m T=19.06N z=0.562 m_est=1.961
[INFO] [1785424450.054783936] [acados_nmpc_node]: [attach-window] t=8.45s pos_err=0.030m T=19.13N z=0.562 m_est=1.961
[INFO] [1785424450.101739705] [acados_nmpc_node]: [attach-window] t=8.50s pos_err=0.029m T=19.22N z=0.561 m_est=1.961
[INFO] [1785424450.155055674] [acados_nmpc_node]: [attach-window] t=8.55s pos_err=0.029m T=19.37N z=0.561 m_est=1.961
[INFO] [1785424450.201666471] [acados_nmpc_node]: [attach-window] t=8.60s pos_err=0.032m T=19.53N z=0.561 m_est=1.961
[INFO] [1785424450.254831462] [acados_nmpc_node]: [attach-window] t=8.65s pos_err=0.038m T=19.76N z=0.561 m_est=1.961
[INFO] [1785424450.301613437] [acados_nmpc_node]: [attach-window] t=8.70s pos_err=0.048m T=20.01N z=0.561 m_est=1.961
[INFO] [1785424450.354921432] [acados_nmpc_node]: [attach-window] t=8.75s pos_err=0.064m T=20.35N z=0.561 m_est=1.961
[INFO] [1785424450.401653187] [acados_nmpc_node]: [attach-window] t=8.80s pos_err=0.081m T=20.69N z=0.561 m_est=1.961
[INFO] [1785424450.454814986] [acados_nmpc_node]: [attach-window] t=8.85s pos_err=0.105m T=21.14N z=0.562 m_est=1.961
[INFO] [1785424450.501696369] [acados_nmpc_node]: [attach-window] t=8.90s pos_err=0.129m T=21.59N z=0.562 m_est=1.961
[INFO] [1785424450.555127130] [acados_nmpc_node]: [attach-window] t=8.95s pos_err=0.159m T=22.16N z=0.562 m_est=1.961
[INFO] [1785424450.601857314] [acados_nmpc_node]: [attach-window] t=9.00s pos_err=0.189m T=22.72N z=0.563 m_est=1.961
[INFO] [1785424450.655008296] [acados_nmpc_node]: [attach-window] t=9.05s pos_err=0.226m T=23.37N z=0.563 m_est=1.961
[INFO] [1785424450.701906460] [acados_nmpc_node]: [attach-window] t=9.10s pos_err=0.261m T=24.02N z=0.564 m_est=1.961
[INFO] [1785424450.755161444] [acados_nmpc_node]: [attach-window] t=9.15s pos_err=0.305m T=24.79N z=0.564 m_est=1.961
[INFO] [1785424450.802020529] [acados_nmpc_node]: [attach-window] t=9.20s pos_err=0.345m T=25.46N z=0.565 m_est=1.961
[INFO] [1785424450.855415553] [acados_nmpc_node]: [attach-window] t=9.25s pos_err=0.393m T=26.54N z=0.567 m_est=2.014
[INFO] [1785424450.902235972] [acados_nmpc_node]: [attach-window] t=9.30s pos_err=0.437m T=27.12N z=0.569 m_est=2.014
[INFO] [1785424450.955542733] [acados_nmpc_node]: [attach-window] t=9.35s pos_err=0.484m T=29.29N z=0.576 m_est=2.210
[INFO] [1785424451.002208598] [acados_nmpc_node]: [attach-window] t=9.40s pos_err=0.527m T=29.48N z=0.584 m_est=2.210
[INFO] [1785424451.055215822] [acados_nmpc_node]: [attach-window] t=9.45s pos_err=0.567m T=29.77N z=0.603 m_est=2.319
[INFO] [1785424451.101944230] [acados_nmpc_node]: [attach-window] t=9.50s pos_err=0.603m T=29.39N z=0.620 m_est=2.319
[INFO] [1785424451.155038908] [acados_nmpc_node]: [attach-window] t=9.55s pos_err=0.629m T=28.59N z=0.656 m_est=2.373
[INFO] [1785424451.201908051] [acados_nmpc_node]: [attach-window] t=9.60s pos_err=0.662m T=28.37N z=0.679 m_est=2.373
[INFO] [1785424451.255143146] [acados_nmpc_node]: [attach-window] t=9.65s pos_err=0.673m T=27.07N z=0.732 m_est=2.379
[INFO] [1785424451.301907472] [acados_nmpc_node]: [attach-window] t=9.70s pos_err=0.700m T=26.87N z=0.762 m_est=2.379
[INFO] [1785424451.355030743] [acados_nmpc_node]: [attach-window] t=9.75s pos_err=0.698m T=25.45N z=0.828 m_est=2.357
[INFO] [1785424451.401944157] [acados_nmpc_node]: [attach-window] t=9.80s pos_err=0.711m T=25.06N z=0.873 m_est=2.357
[INFO] [1785424451.455276417] [acados_nmpc_node]: [attach-window] t=9.85s pos_err=0.700m T=23.95N z=0.948 m_est=2.333
[INFO] [1785424451.501922065] [acados_nmpc_node]: [attach-window] t=9.90s pos_err=0.707m T=23.80N z=0.997 m_est=2.333
[INFO] [1785424451.555112011] [acados_nmpc_node]: [attach-window] t=9.95s pos_err=0.691m T=23.07N z=1.076 m_est=2.308
[INFO] [1785424451.601826221] [acados_nmpc_node]: [attach-window] t=10.00s pos_err=0.706m T=23.31N z=1.116 m_est=2.308
[INFO] [1785424451.655170851] [acados_nmpc_node]: [attach-window] t=10.05s pos_err=0.688m T=22.84N z=1.194 m_est=2.288
[INFO] [1785424451.701674547] [acados_nmpc_node]: [attach-window] t=10.10s pos_err=0.701m T=23.12N z=1.233 m_est=2.288
[INFO] [1785424451.755285603] [acados_nmpc_node]: [attach-window] t=10.15s pos_err=0.672m T=22.60N z=1.319 m_est=2.272
[INFO] [1785424451.801658743] [acados_nmpc_node]: [attach-window] t=10.20s pos_err=0.683m T=22.87N z=1.356 m_est=2.272
[INFO] [1785424451.855146080] [acados_nmpc_node]: [attach-window] t=10.25s pos_err=0.662m T=22.60N z=1.429 m_est=2.261
[INFO] [1785424451.901925969] [acados_nmpc_node]: [attach-window] t=10.30s pos_err=0.670m T=22.87N z=1.465 m_est=2.261
[INFO] [1785424451.955336902] [acados_nmpc_node]: [attach-window] t=10.35s pos_err=0.647m T=22.59N z=1.535 m_est=2.252
[INFO] [1785424452.001788368] [acados_nmpc_node]: [attach-window] t=10.40s pos_err=0.643m T=22.65N z=1.578 m_est=2.252
[INFO] [1785424452.055198817] [acados_nmpc_node]: [attach-window] t=10.45s pos_err=0.618m T=22.37N z=1.645 m_est=2.246
[INFO] [1785424452.101758910] [acados_nmpc_node]: [attach-window] t=10.50s pos_err=0.618m T=22.51N z=1.678 m_est=2.246
[INFO] [1785424452.154918541] [acados_nmpc_node]: [attach-window] t=10.55s pos_err=0.589m T=22.23N z=1.742 m_est=2.242
[INFO] [1785424452.201693154] [acados_nmpc_node]: [attach-window] t=10.60s pos_err=0.578m T=22.20N z=1.781 m_est=2.242
[INFO] [1785424452.254935877] [acados_nmpc_node]: [attach-window] t=10.65s pos_err=0.545m T=21.91N z=1.842 m_est=2.239
[INFO] [1785424452.255406223] [acados_nmpc_node]: t=10.7s | pos_err=0.545m | T=21.91N | tau=[r-0.175 p-0.034 y0.005]Nm | res_stat=6.196e-07(peak 9.871e-07) sqp_iter=3 | solve=1.5ms
[INFO] [1785424452.301692099] [acados_nmpc_node]: [attach-window] t=10.70s pos_err=0.538m T=21.96N z=1.871 m_est=2.239
[INFO] [1785424452.354975142] [acados_nmpc_node]: [attach-window] t=10.75s pos_err=0.496m T=21.62N z=1.935 m_est=2.237
[INFO] [1785424452.401649420] [acados_nmpc_node]: [attach-window] t=10.80s pos_err=0.484m T=21.64N z=1.963 m_est=2.237
[INFO] [1785424452.454983479] [acados_nmpc_node]: [attach-window] t=10.85s pos_err=0.447m T=21.42N z=2.016 m_est=2.237
[INFO] [1785424452.501732427] [acados_nmpc_node]: [attach-window] t=10.90s pos_err=0.432m T=21.41N z=2.041 m_est=2.237
[INFO] [1785424452.555010468] [acados_nmpc_node]: [attach-window] t=10.95s pos_err=0.394m T=21.24N z=2.090 m_est=2.237
[INFO] [1785424452.601671392] [acados_nmpc_node]: [attach-window] t=11.00s pos_err=0.372m T=21.18N z=2.118 m_est=2.237
[INFO] [1785424452.655043591] [acados_nmpc_node]: [attach-window] t=11.05s pos_err=0.334m T=21.08N z=2.161 m_est=2.238
[INFO] [1785424452.701729206] [acados_nmpc_node]: [attach-window] t=11.10s pos_err=0.316m T=21.07N z=2.181 m_est=2.238
[INFO] [1785424452.755096911] [acados_nmpc_node]: [attach-window] t=11.15s pos_err=0.277m T=21.05N z=2.223 m_est=2.239
[INFO] [1785424452.801650969] [acados_nmpc_node]: [attach-window] t=11.20s pos_err=0.261m T=21.08N z=2.239 m_est=2.239
[INFO] [1785424452.855131335] [acados_nmpc_node]: [attach-window] t=11.25s pos_err=0.230m T=21.20N z=2.270 m_est=2.244
[INFO] [1785424452.901803220] [acados_nmpc_node]: [attach-window] t=11.30s pos_err=0.217m T=21.27N z=2.283 m_est=2.244
[INFO] [1785424452.955326071] [acados_nmpc_node]: [attach-window] t=11.35s pos_err=0.193m T=21.49N z=2.308 m_est=2.252
[INFO] [1785424453.001651273] [acados_nmpc_node]: [attach-window] t=11.40s pos_err=0.179m T=21.61N z=2.321 m_est=2.252
[INFO] [1785424453.054859733] [acados_nmpc_node]: [attach-window] t=11.45s pos_err=0.161m T=21.88N z=2.339 m_est=2.261
[INFO] [1785424453.101719549] [acados_nmpc_node]: [attach-window] t=11.50s pos_err=0.153m T=21.98N z=2.347 m_est=2.261
[INFO] [1785424453.154990300] [acados_nmpc_node]: [attach-window] t=11.55s pos_err=0.140m T=22.24N z=2.361 m_est=2.272
[INFO] [1785424453.201635953] [acados_nmpc_node]: [attach-window] t=11.60s pos_err=0.132m T=22.34N z=2.368 m_est=2.272
[INFO] [1785424453.253448038] [acados_nmpc_node]: [attach-window] t=11.65s pos_err=0.122m T=22.57N z=2.378 m_est=2.284
[INFO] [1785424453.301050325] [acados_nmpc_node]: [attach-window] t=11.70s pos_err=0.118m T=22.62N z=2.383 m_est=2.284
[INFO] [1785424453.353376639] [acados_nmpc_node]: [attach-window] t=11.75s pos_err=0.109m T=22.77N z=2.391 m_est=2.295
[INFO] [1785424453.401832368] [acados_nmpc_node]: [attach-window] t=11.80s pos_err=0.105m T=22.80N z=2.395 m_est=2.295
[INFO] [1785424453.454949581] [acados_nmpc_node]: [attach-window] t=11.85s pos_err=0.098m T=22.91N z=2.402 m_est=2.304
[INFO] [1785424453.501414706] [acados_nmpc_node]: [attach-window] t=11.90s pos_err=0.095m T=22.92N z=2.405 m_est=2.304
[INFO] [1785424453.555023266] [acados_nmpc_node]: [attach-window] t=11.95s pos_err=0.089m T=22.99N z=2.411 m_est=2.313
[INFO] [1785424453.601466485] [acados_nmpc_node]: [attach-window] t=12.00s pos_err=0.086m T=22.99N z=2.414 m_est=2.313
[INFO] [1785424453.654997579] [acados_nmpc_node]: [attach-window] t=12.05s pos_err=0.081m T=23.04N z=2.419 m_est=2.320
[INFO] [1785424453.701082567] [acados_nmpc_node]: [attach-window] t=12.10s pos_err=0.079m T=23.03N z=2.421 m_est=2.320
[INFO] [1785424453.755120668] [acados_nmpc_node]: [attach-window] t=12.15s pos_err=0.075m T=23.07N z=2.426 m_est=2.327
[INFO] [1785424453.801647216] [acados_nmpc_node]: [attach-window] t=12.20s pos_err=0.072m T=23.04N z=2.428 m_est=2.327
[INFO] [1785424453.855191535] [acados_nmpc_node]: [attach-window] t=12.25s pos_err=0.068m T=23.06N z=2.433 m_est=2.333
[INFO] [1785424453.901091482] [acados_nmpc_node]: [attach-window] t=12.30s pos_err=0.066m T=23.04N z=2.435 m_est=2.333
[INFO] [1785424453.953833015] [acados_nmpc_node]: [attach-window] t=12.35s pos_err=0.063m T=23.05N z=2.439 m_est=2.339
[INFO] [1785424454.001720048] [acados_nmpc_node]: [attach-window] t=12.40s pos_err=0.061m T=23.03N z=2.442 m_est=2.339
[INFO] [1785424454.055188897] [acados_nmpc_node]: [attach-window] t=12.45s pos_err=0.058m T=23.04N z=2.446 m_est=2.344
[INFO] [1785424454.101685281] [acados_nmpc_node]: [attach-window] t=12.50s pos_err=0.056m T=23.03N z=2.448 m_est=2.344
[INFO] [1785424454.155246278] [acados_nmpc_node]: [attach-window] t=12.55s pos_err=0.053m T=23.04N z=2.451 m_est=2.348
[INFO] [1785424454.201509170] [acados_nmpc_node]: [attach-window] t=12.60s pos_err=0.051m T=23.02N z=2.454 m_est=2.348
[INFO] [1785424454.255060722] [acados_nmpc_node]: [attach-window] t=12.65s pos_err=0.049m T=23.03N z=2.457 m_est=2.352
[INFO] [1785424454.301516440] [acados_nmpc_node]: [attach-window] t=12.70s pos_err=0.048m T=23.02N z=2.458 m_est=2.352
[INFO] [1785424454.354895990] [acados_nmpc_node]: [attach-window] t=12.75s pos_err=0.045m T=23.02N z=2.462 m_est=2.355
[INFO] [1785424454.401489672] [acados_nmpc_node]: [attach-window] t=12.80s pos_err=0.043m T=23.01N z=2.464 m_est=2.355
[INFO] [1785424454.453522640] [acados_nmpc_node]: [attach-window] t=12.85s pos_err=0.041m T=23.00N z=2.467 m_est=2.357
[INFO] [1785424454.500890123] [acados_nmpc_node]: [attach-window] t=12.90s pos_err=0.040m T=22.99N z=2.468 m_est=2.357
[INFO] [1785424454.554856917] [acados_nmpc_node]: [attach-window] t=12.95s pos_err=0.037m T=22.98N z=2.472 m_est=2.358
[INFO] [1785424454.601549963] [acados_nmpc_node]: [attach-window] t=13.00s pos_err=0.035m T=22.97N z=2.473 m_est=2.358
[INFO] [1785424454.655023911] [acados_nmpc_node]: [attach-window] t=13.05s pos_err=0.032m T=22.96N z=2.476 m_est=2.358
[INFO] [1785424454.701435674] [acados_nmpc_node]: [attach-window] t=13.10s pos_err=0.031m T=22.95N z=2.478 m_est=2.358
[INFO] [1785424454.754924911] [acados_nmpc_node]: [attach-window] t=13.15s pos_err=0.028m T=22.94N z=2.481 m_est=2.358
[INFO] [1785424454.801417046] [acados_nmpc_node]: [attach-window] t=13.20s pos_err=0.026m T=22.93N z=2.483 m_est=2.358
[INFO] [1785424454.855079432] [acados_nmpc_node]: [attach-window] t=13.25s pos_err=0.024m T=22.92N z=2.486 m_est=2.358
[INFO] [1785424454.901478437] [acados_nmpc_node]: [attach-window] t=13.30s pos_err=0.022m T=22.92N z=2.487 m_est=2.358
[INFO] [1785424454.954979067] [acados_nmpc_node]: [attach-window] t=13.35s pos_err=0.020m T=22.91N z=2.490 m_est=2.357
[INFO] [1785424455.001683093] [acados_nmpc_node]: [attach-window] t=13.40s pos_err=0.019m T=22.92N z=2.491 m_est=2.357
[INFO] [1785424455.055054875] [acados_nmpc_node]: [attach-window] t=13.45s pos_err=0.018m T=22.93N z=2.493 m_est=2.356
[INFO] [1785424455.101643651] [acados_nmpc_node]: [attach-window] t=13.50s pos_err=0.018m T=22.94N z=2.495 m_est=2.356
[INFO] [1785424455.154995994] [acados_nmpc_node]: [attach-window] t=13.55s pos_err=0.017m T=22.95N z=2.496 m_est=2.355
[INFO] [1785424455.201413780] [acados_nmpc_node]: [attach-window] t=13.60s pos_err=0.017m T=22.96N z=2.497 m_est=2.355
[INFO] [1785424455.254967358] [acados_nmpc_node]: [attach-window] t=13.65s pos_err=0.017m T=22.99N z=2.498 m_est=2.355
[INFO] [1785424455.301434578] [acados_nmpc_node]: [attach-window] t=13.70s pos_err=0.017m T=23.00N z=2.498 m_est=2.355
[INFO] [1785424455.355044638] [acados_nmpc_node]: [attach-window] t=13.75s pos_err=0.016m T=23.03N z=2.499 m_est=2.355
[INFO] [1785424455.401431478] [acados_nmpc_node]: [attach-window] t=13.80s pos_err=0.016m T=23.05N z=2.499 m_est=2.355
[INFO] [1785424455.455171030] [acados_nmpc_node]: [attach-window] t=13.85s pos_err=0.015m T=23.08N z=2.499 m_est=2.354
[INFO] [1785424455.501523085] [acados_nmpc_node]: [attach-window] t=13.90s pos_err=0.014m T=23.09N z=2.499 m_est=2.354
[INFO] [1785424455.555006956] [acados_nmpc_node]: [attach-window] t=13.95s pos_err=0.013m T=23.12N z=2.498 m_est=2.355
[INFO] [1785424455.601414256] [acados_nmpc_node]: [attach-window] t=14.00s pos_err=0.011m T=23.14N z=2.498 m_est=2.355
[INFO] [1785424455.654929103] [acados_nmpc_node]: [attach-window] t=14.05s pos_err=0.010m T=23.16N z=2.497 m_est=2.355
[INFO] [1785424455.701728576] [acados_nmpc_node]: [attach-window] t=14.10s pos_err=0.009m T=23.17N z=2.496 m_est=2.355
[INFO] [1785424455.755175266] [acados_nmpc_node]: [attach-window] t=14.15s pos_err=0.008m T=23.19N z=2.495 m_est=2.356
[INFO] [1785424455.801791590] [acados_nmpc_node]: [attach-window] t=14.20s pos_err=0.007m T=23.20N z=2.495 m_est=2.356
[INFO] [1785424455.855148190] [acados_nmpc_node]: [attach-window] t=14.25s pos_err=0.008m T=23.20N z=2.494 m_est=2.356
[INFO] [1785424455.901700912] [acados_nmpc_node]: [attach-window] t=14.30s pos_err=0.009m T=23.20N z=2.494 m_est=2.356
[INFO] [1785424455.955446507] [acados_nmpc_node]: [attach-window] t=14.35s pos_err=0.011m T=23.20N z=2.493 m_est=2.357
[INFO] [1785424456.001761738] [acados_nmpc_node]: [attach-window] t=14.40s pos_err=0.012m T=23.19N z=2.493 m_est=2.357
[INFO] [1785424456.055254052] [acados_nmpc_node]: [attach-window] t=14.45s pos_err=0.015m T=23.18N z=2.492 m_est=2.358
[INFO] [1785424456.101807207] [acados_nmpc_node]: [attach-window] t=14.50s pos_err=0.016m T=23.17N z=2.492 m_est=2.358
[INFO] [1785424456.155123487] [acados_nmpc_node]: [attach-window] t=14.55s pos_err=0.018m T=23.18N z=2.492 m_est=2.359
[INFO] [1785424456.201716500] [acados_nmpc_node]: [attach-window] t=14.60s pos_err=0.020m T=23.17N z=2.492 m_est=2.359
[INFO] [1785424456.255183048] [acados_nmpc_node]: [attach-window] t=14.65s pos_err=0.021m T=23.17N z=2.491 m_est=2.359
[INFO] [1785424456.301644233] [acados_nmpc_node]: [attach-window] t=14.70s pos_err=0.022m T=23.16N z=2.491 m_est=2.359
[INFO] [1785424456.355294742] [acados_nmpc_node]: [attach-window] t=14.75s pos_err=0.024m T=23.16N z=2.491 m_est=2.360
[INFO] [1785424456.401822038] [acados_nmpc_node]: [attach-window] t=14.80s pos_err=0.024m T=23.16N z=2.491 m_est=2.360
[INFO] [1785424456.455276220] [acados_nmpc_node]: [attach-window] t=14.85s pos_err=0.025m T=23.16N z=2.490 m_est=2.360
[INFO] [1785424456.501703040] [acados_nmpc_node]: [attach-window] t=14.90s pos_err=0.025m T=23.16N z=2.490 m_est=2.360
[INFO] [1785424456.555477668] [acados_nmpc_node]: [attach-window] t=14.95s pos_err=0.025m T=23.15N z=2.490 m_est=2.361
[INFO] [1785424456.601699977] [acados_nmpc_node]: [attach-window] t=15.00s pos_err=0.025m T=23.14N z=2.490 m_est=2.361
[INFO] [1785424456.655223769] [acados_nmpc_node]: [attach-window] t=15.05s pos_err=0.025m T=23.14N z=2.491 m_est=2.361
[INFO] [1785424456.701655389] [acados_nmpc_node]: [attach-window] t=15.10s pos_err=0.024m T=23.13N z=2.491 m_est=2.361
[INFO] [1785424456.755287230] [acados_nmpc_node]: [attach-window] t=15.15s pos_err=0.023m T=23.13N z=2.491 m_est=2.361
[INFO] [1785424456.801673564] [acados_nmpc_node]: [attach-window] t=15.20s pos_err=0.022m T=23.11N z=2.491 m_est=2.361
[INFO] [1785424456.855484131] [acados_nmpc_node]: [attach-window] t=15.25s pos_err=0.021m T=23.10N z=2.492 m_est=2.362
[INFO] [1785424456.901694678] [acados_nmpc_node]: [attach-window] t=15.30s pos_err=0.020m T=23.09N z=2.493 m_est=2.362
[INFO] [1785424456.955388745] [acados_nmpc_node]: [attach-window] t=15.35s pos_err=0.019m T=23.07N z=2.494 m_est=2.361
[INFO] [1785424457.001707720] [acados_nmpc_node]: [attach-window] t=15.40s pos_err=0.018m T=23.06N z=2.495 m_est=2.361
[INFO] [1785424457.055297131] [acados_nmpc_node]: [attach-window] t=15.45s pos_err=0.017m T=23.03N z=2.497 m_est=2.361
[INFO] [1785424457.101648252] [acados_nmpc_node]: [attach-window] t=15.50s pos_err=0.016m T=23.03N z=2.498 m_est=2.361
[INFO] [1785424457.153722097] [acados_nmpc_node]: [attach-window] t=15.55s pos_err=0.016m T=23.00N z=2.500 m_est=2.361
[INFO] [1785424457.200909828] [acados_nmpc_node]: [attach-window] t=15.60s pos_err=0.016m T=22.99N z=2.501 m_est=2.361
[INFO] [1785424457.253377207] [acados_nmpc_node]: [attach-window] t=15.65s pos_err=0.015m T=22.97N z=2.503 m_est=2.360
[INFO] [1785424457.253721344] [acados_nmpc_node]: t=15.7s | pos_err=0.015m | T=22.97N | tau=[r-0.322 p-0.008 y0.006]Nm | res_stat=7.032e-07(peak 9.871e-07) sqp_iter=2 | solve=0.9ms
[INFO] [1785424457.301395545] [acados_nmpc_node]: [attach-window] t=15.70s pos_err=0.015m T=22.96N z=2.504 m_est=2.360
[INFO] [1785424457.354957498] [acados_nmpc_node]: [attach-window] t=15.75s pos_err=0.014m T=22.95N z=2.506 m_est=2.360
[INFO] [1785424457.401191022] [acados_nmpc_node]: [attach-window] t=15.80s pos_err=0.014m T=22.94N z=2.508 m_est=2.360
[INFO] [1785424457.453646715] [acados_nmpc_node]: [attach-window] t=15.85s pos_err=0.015m T=22.94N z=2.510 m_est=2.359
[INFO] [1785424457.501102969] [acados_nmpc_node]: [attach-window] t=15.90s pos_err=0.015m T=22.95N z=2.511 m_est=2.359
[INFO] [1785424457.554043058] [acados_nmpc_node]: [attach-window] t=15.95s pos_err=0.017m T=22.95N z=2.512 m_est=2.358
[INFO] [1785424457.601265885] [acados_nmpc_node]: [attach-window] t=16.00s pos_err=0.017m T=22.96N z=2.513 m_est=2.358
[INFO] [1785424457.653782857] [acados_nmpc_node]: [attach-window] t=16.05s pos_err=0.019m T=22.97N z=2.514 m_est=2.358
[INFO] [1785424457.701050847] [acados_nmpc_node]: [attach-window] t=16.10s pos_err=0.019m T=22.99N z=2.514 m_est=2.358
[INFO] [1785424457.753328186] [acados_nmpc_node]: [attach-window] t=16.15s pos_err=0.020m T=23.02N z=2.514 m_est=2.357
[INFO] [1785424457.801079425] [acados_nmpc_node]: [attach-window] t=16.20s pos_err=0.021m T=23.03N z=2.514 m_est=2.357
[INFO] [1785424457.853427088] [acados_nmpc_node]: [attach-window] t=16.25s pos_err=0.022m T=23.06N z=2.514 m_est=2.357
[INFO] [1785424457.900908837] [acados_nmpc_node]: [attach-window] t=16.30s pos_err=0.022m T=23.07N z=2.514 m_est=2.357
[INFO] [1785424457.955301372] [acados_nmpc_node]: [attach-window] t=16.35s pos_err=0.023m T=23.09N z=2.513 m_est=2.356
[INFO] [1785424458.001535247] [acados_nmpc_node]: [attach-window] t=16.40s pos_err=0.023m T=23.10N z=2.513 m_est=2.356
[INFO] [1785424458.055162586] [acados_nmpc_node]: [attach-window] t=16.45s pos_err=0.023m T=23.11N z=2.513 m_est=2.356
[INFO] [1785424458.101508569] [acados_nmpc_node]: [attach-window] t=16.50s pos_err=0.023m T=23.12N z=2.512 m_est=2.356
[INFO] [1785424458.155114525] [acados_nmpc_node]: [attach-window] t=16.55s pos_err=0.022m T=23.13N z=2.511 m_est=2.357
[INFO] [1785424458.201489229] [acados_nmpc_node]: [attach-window] t=16.60s pos_err=0.021m T=23.14N z=2.511 m_est=2.357
[INFO] [1785424458.255298503] [acados_nmpc_node]: [attach-window] t=16.65s pos_err=0.020m T=23.14N z=2.510 m_est=2.357
[INFO] [1785424458.301536792] [acados_nmpc_node]: [attach-window] t=16.70s pos_err=0.019m T=23.14N z=2.510 m_est=2.357
[INFO] [1785424458.355142708] [acados_nmpc_node]: [attach-window] t=16.75s pos_err=0.018m T=23.14N z=2.510 m_est=2.357
[INFO] [1785424458.401687537] [acados_nmpc_node]: [attach-window] t=16.80s pos_err=0.017m T=23.13N z=2.510 m_est=2.357
[INFO] [1785424458.455309167] [acados_nmpc_node]: [attach-window] t=16.85s pos_err=0.017m T=23.12N z=2.510 m_est=2.358
[INFO] [1785424458.501707883] [acados_nmpc_node]: [attach-window] t=16.90s pos_err=0.017m T=23.12N z=2.510 m_est=2.358
[INFO] [1785424458.555329839] [acados_nmpc_node]: [attach-window] t=16.95s pos_err=0.017m T=23.12N z=2.510 m_est=2.358
[INFO] [1785424458.601655139] [acados_nmpc_node]: [attach-window] t=17.00s pos_err=0.017m T=23.12N z=2.509 m_est=2.358
[INFO] [1785424458.655540135] [acados_nmpc_node]: [attach-window] t=17.05s pos_err=0.017m T=23.12N z=2.509 m_est=2.359
[INFO] [1785424458.701675521] [acados_nmpc_node]: [attach-window] t=17.10s pos_err=0.018m T=23.12N z=2.509 m_est=2.359
[INFO] [1785424458.755267608] [acados_nmpc_node]: [attach-window] t=17.15s pos_err=0.018m T=23.14N z=2.508 m_est=2.359
[INFO] [1785424458.801414787] [acados_nmpc_node]: [attach-window] t=17.20s pos_err=0.018m T=23.15N z=2.508 m_est=2.359
[INFO] [1785424458.855408031] [acados_nmpc_node]: [attach-window] t=17.25s pos_err=0.019m T=23.16N z=2.507 m_est=2.360
[INFO] [1785424458.901570964] [acados_nmpc_node]: [attach-window] t=17.30s pos_err=0.019m T=23.16N z=2.507 m_est=2.360
[INFO] [1785424458.955203938] [acados_nmpc_node]: [attach-window] t=17.35s pos_err=0.019m T=23.16N z=2.506 m_est=2.360
[INFO] [1785424459.001457821] [acados_nmpc_node]: [attach-window] t=17.40s pos_err=0.019m T=23.16N z=2.506 m_est=2.360
[INFO] [1785424459.055268989] [acados_nmpc_node]: [attach-window] t=17.45s pos_err=0.020m T=23.15N z=2.505 m_est=2.361
[INFO] [1785424459.101596857] [acados_nmpc_node]: [attach-window] t=17.50s pos_err=0.020m T=23.15N z=2.505 m_est=2.361
[INFO] [1785424459.155137902] [acados_nmpc_node]: [attach-window] t=17.55s pos_err=0.020m T=23.12N z=2.505 m_est=2.361
[INFO] [1785424459.201428323] [acados_nmpc_node]: [attach-window] t=17.60s pos_err=0.020m T=23.11N z=2.506 m_est=2.361
[INFO] [1785424459.253520408] [acados_nmpc_node]: [attach-window] t=17.65s pos_err=0.021m T=23.09N z=2.506 m_est=2.361
[INFO] [1785424459.300898658] [acados_nmpc_node]: [attach-window] t=17.70s pos_err=0.021m T=23.08N z=2.507 m_est=2.361
[INFO] [1785424459.355225906] [acados_nmpc_node]: [attach-window] t=17.75s pos_err=0.021m T=23.05N z=2.508 m_est=2.361
[INFO] [1785424459.401423218] [acados_nmpc_node]: [attach-window] t=17.80s pos_err=0.021m T=23.04N z=2.509 m_est=2.361
[INFO] [1785424459.455527084] [acados_nmpc_node]: [attach-window] t=17.85s pos_err=0.022m T=23.02N z=2.510 m_est=2.361
[INFO] [1785424459.501490325] [acados_nmpc_node]: [attach-window] t=17.90s pos_err=0.022m T=23.02N z=2.510 m_est=2.361
[INFO] [1785424459.555262475] [acados_nmpc_node]: [attach-window] t=17.95s pos_err=0.023m T=23.03N z=2.511 m_est=2.361
[INFO] [1785424459.601448830] [acados_nmpc_node]: [attach-window] t=18.00s pos_err=0.023m T=23.04N z=2.511 m_est=2.361
[INFO] [1785424459.653593283] [acados_nmpc_node]: [attach-window] t=18.05s pos_err=0.023m T=23.05N z=2.511 m_est=2.360
[INFO] [1785424459.700937687] [acados_nmpc_node]: [attach-window] t=18.10s pos_err=0.023m T=23.07N z=2.511 m_est=2.360
[INFO] [1785424459.753620828] [acados_nmpc_node]: [attach-window] t=18.15s pos_err=0.024m T=23.08N z=2.511 m_est=2.360
[INFO] [1785424459.801049200] [acados_nmpc_node]: [attach-window] t=18.20s pos_err=0.024m T=23.09N z=2.511 m_est=2.360
[INFO] [1785424459.853718543] [acados_nmpc_node]: [attach-window] t=18.25s pos_err=0.025m T=23.11N z=2.510 m_est=2.360
[INFO] [1785424459.901101694] [acados_nmpc_node]: [attach-window] t=18.30s pos_err=0.025m T=23.12N z=2.510 m_est=2.360
[INFO] [1785424459.955639037] [acados_nmpc_node]: [attach-window] t=18.35s pos_err=0.026m T=23.14N z=2.509 m_est=2.359
[INFO] [1785424460.001787069] [acados_nmpc_node]: [attach-window] t=18.40s pos_err=0.026m T=23.14N z=2.509 m_est=2.359
[INFO] [1785424460.055558015] [acados_nmpc_node]: [attach-window] t=18.45s pos_err=0.027m T=23.16N z=2.508 m_est=2.359
[INFO] [1785424460.101719507] [acados_nmpc_node]: [attach-window] t=18.50s pos_err=0.028m T=23.16N z=2.507 m_est=2.359
[INFO] [1785424460.155504004] [acados_nmpc_node]: [attach-window] t=18.55s pos_err=0.028m T=23.17N z=2.506 m_est=2.359
[INFO] [1785424460.201662963] [acados_nmpc_node]: [attach-window] t=18.60s pos_err=0.029m T=23.16N z=2.506 m_est=2.359
[INFO] [1785424460.255473627] [acados_nmpc_node]: [attach-window] t=18.65s pos_err=0.030m T=23.15N z=2.506 m_est=2.360
[INFO] [1785424460.301703025] [acados_nmpc_node]: [attach-window] t=18.70s pos_err=0.030m T=23.14N z=2.506 m_est=2.360
[INFO] [1785424460.355546183] [acados_nmpc_node]: [attach-window] t=18.75s pos_err=0.031m T=23.11N z=2.506 m_est=2.360
[INFO] [1785424460.401673791] [acados_nmpc_node]: [attach-window] t=18.80s pos_err=0.031m T=23.09N z=2.507 m_est=2.360
[INFO] [1785424460.455435127] [acados_nmpc_node]: [attach-window] t=18.85s pos_err=0.032m T=23.07N z=2.508 m_est=2.360
[INFO] [1785424460.501716823] [acados_nmpc_node]: [attach-window] t=18.90s pos_err=0.033m T=23.06N z=2.508 m_est=2.360
[INFO] [1785424460.555584450] [acados_nmpc_node]: [attach-window] t=18.95s pos_err=0.034m T=23.05N z=2.509 m_est=2.360
[INFO] [1785424460.601759433] [acados_nmpc_node]: [attach-window] t=19.00s pos_err=0.034m T=23.05N z=2.509 m_est=2.360
[INFO] [1785424460.655563373] [acados_nmpc_node]: [attach-window] t=19.05s pos_err=0.035m T=23.04N z=2.510 m_est=2.360
[INFO] [1785424460.701648469] [acados_nmpc_node]: [attach-window] t=19.10s pos_err=0.035m T=23.05N z=2.510 m_est=2.360
[INFO] [1785424460.755226877] [acados_nmpc_node]: [attach-window] t=19.15s pos_err=0.034m T=23.06N z=2.510 m_est=2.360
[INFO] [1785424460.801436295] [acados_nmpc_node]: [attach-window] t=19.20s pos_err=0.034m T=23.06N z=2.510 m_est=2.360
[INFO] [1785424460.855373144] [acados_nmpc_node]: [attach-window] t=19.25s pos_err=0.033m T=23.07N z=2.510 m_est=2.360
[INFO] [1785424460.901455622] [acados_nmpc_node]: [attach-window] t=19.30s pos_err=0.032m T=23.08N z=2.510 m_est=2.360
[INFO] [1785424460.953766993] [acados_nmpc_node]: [attach-window] t=19.35s pos_err=0.031m T=23.08N z=2.510 m_est=2.360
[INFO] [1785424461.000932734] [acados_nmpc_node]: [attach-window] t=19.40s pos_err=0.030m T=23.08N z=2.510 m_est=2.360
[INFO] [1785424461.053523452] [acados_nmpc_node]: [attach-window] t=19.45s pos_err=0.029m T=23.10N z=2.510 m_est=2.360
[INFO] [1785424461.100924382] [acados_nmpc_node]: [attach-window] t=19.50s pos_err=0.028m T=23.11N z=2.510 m_est=2.360
[INFO] [1785424461.155320167] [acados_nmpc_node]: [attach-window] t=19.55s pos_err=0.027m T=23.13N z=2.509 m_est=2.360
[INFO] [1785424461.201426924] [acados_nmpc_node]: [attach-window] t=19.60s pos_err=0.026m T=23.14N z=2.508 m_est=2.360
[INFO] [1785424461.255250166] [acados_nmpc_node]: [attach-window] t=19.65s pos_err=0.025m T=23.16N z=2.507 m_est=2.360
[INFO] [1785424461.301426901] [acados_nmpc_node]: [attach-window] t=19.70s pos_err=0.024m T=23.16N z=2.506 m_est=2.360
[INFO] [1785424461.355733229] [acados_nmpc_node]: [attach-window] t=19.75s pos_err=0.024m T=23.18N z=2.505 m_est=2.360
[INFO] [1785424461.401471147] [acados_nmpc_node]: [attach-window] t=19.80s pos_err=0.023m T=23.18N z=2.504 m_est=2.360
[INFO] [1785424461.455422402] [acados_nmpc_node]: [attach-window] t=19.85s pos_err=0.023m T=23.19N z=2.503 m_est=2.360
[INFO] [1785424461.501473320] [acados_nmpc_node]: [attach-window] t=19.90s pos_err=0.022m T=23.19N z=2.502 m_est=2.360
[INFO] [1785424461.555477646] [acados_nmpc_node]: [attach-window] t=19.95s pos_err=0.022m T=23.18N z=2.502 m_est=2.360
[INFO] [1785424461.601618606] [acados_nmpc_node]: [attach-window] t=20.00s pos_err=0.021m T=23.17N z=2.502 m_est=2.360
[INFO] [1785424461.655536704] [acados_nmpc_node]: [attach-window] t=20.05s pos_err=0.020m T=23.15N z=2.502 m_est=2.360
[INFO] [1785424461.701458137] [acados_nmpc_node]: [attach-window] t=20.10s pos_err=0.020m T=23.14N z=2.502 m_est=2.360
[INFO] [1785424461.755435776] [acados_nmpc_node]: [attach-window] t=20.15s pos_err=0.019m T=23.12N z=2.502 m_est=2.360
[INFO] [1785424461.800942476] [acados_nmpc_node]: [attach-window] t=20.20s pos_err=0.018m T=23.11N z=2.502 m_est=2.360
[INFO] [1785424461.853810810] [acados_nmpc_node]: [attach-window] t=20.25s pos_err=0.017m T=23.11N z=2.502 m_est=2.361
[INFO] [1785424461.900865996] [acados_nmpc_node]: [attach-window] t=20.30s pos_err=0.016m T=23.11N z=2.502 m_est=2.361
[INFO] [1785424461.955499432] [acados_nmpc_node]: [attach-window] t=20.35s pos_err=0.015m T=23.11N z=2.502 m_est=2.361
[INFO] [1785424462.001629080] [acados_nmpc_node]: [attach-window] t=20.40s pos_err=0.014m T=23.12N z=2.502 m_est=2.361
[INFO] [1785424462.055546630] [acados_nmpc_node]: [attach-window] t=20.45s pos_err=0.012m T=23.13N z=2.502 m_est=2.361
[INFO] [1785424462.101542525] [acados_nmpc_node]: [attach-window] t=20.50s pos_err=0.011m T=23.13N z=2.501 m_est=2.361
[INFO] [1785424462.155406220] [acados_nmpc_node]: [attach-window] t=20.55s pos_err=0.010m T=23.13N z=2.501 m_est=2.361
[INFO] [1785424462.201482658] [acados_nmpc_node]: [attach-window] t=20.60s pos_err=0.009m T=23.13N z=2.501 m_est=2.361
[INFO] [1785424462.255429612] [acados_nmpc_node]: [attach-window] t=20.65s pos_err=0.007m T=23.14N z=2.501 m_est=2.361
[INFO] [1785424462.255909826] [acados_nmpc_node]: t=20.7s | pos_err=0.007m | T=23.14N | tau=[r-0.367 p-0.016 y0.001]Nm | res_stat=3.169e-08(peak 9.871e-07) sqp_iter=2 | solve=1.3ms
[INFO] [1785424462.301427603] [acados_nmpc_node]: [attach-window] t=20.70s pos_err=0.007m T=23.14N z=2.500 m_est=2.361
[INFO] [1785424462.355382127] [acados_nmpc_node]: [attach-window] t=20.75s pos_err=0.005m T=23.14N z=2.500 m_est=2.361
[INFO] [1785424462.401517363] [acados_nmpc_node]: [attach-window] t=20.80s pos_err=0.005m T=23.13N z=2.500 m_est=2.361
[INFO] [1785424462.455750511] [acados_nmpc_node]: [attach-window] t=20.85s pos_err=0.004m T=23.12N z=2.500 m_est=2.361
[INFO] [1785424462.501481593] [acados_nmpc_node]: [attach-window] t=20.90s pos_err=0.004m T=23.12N z=2.500 m_est=2.361
[INFO] [1785424462.555467721] [acados_nmpc_node]: [attach-window] t=20.95s pos_err=0.003m T=23.11N z=2.501 m_est=2.361
[INFO] [1785424462.601495376] [acados_nmpc_node]: [attach-window] t=21.00s pos_err=0.003m T=23.10N z=2.501 m_est=2.361
[INFO] [1785424462.655425898] [acados_nmpc_node]: [attach-window] t=21.05s pos_err=0.004m T=23.09N z=2.501 m_est=2.361
[INFO] [1785424462.701481532] [acados_nmpc_node]: [attach-window] t=21.10s pos_err=0.004m T=23.08N z=2.502 m_est=2.361
[INFO] [1785424462.755621513] [acados_nmpc_node]: [attach-window] t=21.15s pos_err=0.005m T=23.07N z=2.502 m_est=2.361
[INFO] [1785424462.801455408] [acados_nmpc_node]: [attach-window] t=21.20s pos_err=0.006m T=23.07N z=2.503 m_est=2.361
[INFO] [1785424462.855759140] [acados_nmpc_node]: [attach-window] t=21.25s pos_err=0.007m T=23.07N z=2.503 m_est=2.360
[INFO] [1785424462.901660453] [acados_nmpc_node]: [attach-window] t=21.30s pos_err=0.007m T=23.07N z=2.503 m_est=2.360
[ros2run]: Killed
