[INFO] [1785424332.810891635] [mhe_node]: MHE node starting, building/loading solver...
Code reuse possible, skipping code generation.
acados was compiled without OpenMP.
[INFO] [1785424332.817222990] [mhe_node]: weight schedule theta = [-4.00, 0.00, 0.00, 0.00], signal mode = external
[INFO] [1785424332.820966815] [mhe_node]: MHE node initialized! Waiting for odometry + control data...
[INFO] [1785424360.921154249] [mhe_node]: [geom] payload_attached=False -> dJ=0.0000 c_xy=[+0.0000,+0.0000]
[INFO] [1785424362.823313553] [mhe_node]: MHE mass estimate: 2.059 kg (T_phys=18.65N)
[INFO] [1785424362.823718779] [mhe_node]: [tau_phys] roll=-0.003 pitch=+0.002 Nm
[INFO] [1785424362.824117209] [mhe_node]: [c_xy_est] cx=-0.0002 cy=-0.0000 m
[INFO] [1785424364.823247938] [mhe_node]: MHE mass estimate: 2.069 kg (T_phys=20.34N)
[INFO] [1785424364.823652881] [mhe_node]: [tau_phys] roll=-0.002 pitch=-0.002 Nm
[INFO] [1785424364.824049784] [mhe_node]: [c_xy_est] cx=-0.0000 cy=-0.0000 m
[INFO] [1785424365.485980466] [mhe_node]: mass event [attach (gripper)] received at frame 66: armed, waiting for T_phys confirmation (baseline=20.31N, thresh=1.5N)
[INFO] [1785424365.521106067] [mhe_node]: [geom] payload_attached=True -> dJ=0.0796 c_xy=[+0.0027,-0.0123]
[INFO] [1785424365.527615665] [mhe_node]: [post-event] m_est=2.024 kg (T_phys=20.32N)
[INFO] [1785424365.626116293] [mhe_node]: [post-event] m_est=2.026 kg (T_phys=19.60N)
[INFO] [1785424365.726541130] [mhe_node]: [post-event] m_est=2.025 kg (T_phys=19.60N)
[INFO] [1785424365.827084067] [mhe_node]: [post-event] m_est=2.024 kg (T_phys=19.57N)
[INFO] [1785424365.928193975] [mhe_node]: [post-event] m_est=2.022 kg (T_phys=19.54N)
[INFO] [1785424366.027068736] [mhe_node]: [post-event] m_est=2.019 kg (T_phys=19.50N)
[INFO] [1785424366.126159547] [mhe_node]: [post-event] m_est=2.015 kg (T_phys=19.45N)
[INFO] [1785424366.225721232] [mhe_node]: [post-event] m_est=2.010 kg (T_phys=19.40N)
[INFO] [1785424366.327035696] [mhe_node]: [post-event] m_est=2.005 kg (T_phys=19.33N)
[INFO] [1785424366.425744858] [mhe_node]: [post-event] m_est=2.000 kg (T_phys=19.30N)
[INFO] [1785424366.525310384] [mhe_node]: [post-event] m_est=1.995 kg (T_phys=19.25N)
[INFO] [1785424366.627787991] [mhe_node]: [post-event] m_est=1.990 kg (T_phys=19.20N)
[INFO] [1785424366.726545088] [mhe_node]: [post-event] m_est=1.985 kg (T_phys=19.13N)
[INFO] [1785424366.827149792] [mhe_node]: [post-event] m_est=1.981 kg (T_phys=19.06N)
[INFO] [1785424366.827606540] [mhe_node]: MHE mass estimate: 1.981 kg (T_phys=19.06N)
[INFO] [1785424366.828035608] [mhe_node]: [tau_phys] roll=-0.100 pitch=-0.030 Nm | model pred: roll=-0.000 pitch=-0.000 (m_p=0.000 r=[+0.021,-0.097])
[INFO] [1785424366.828547612] [mhe_node]: [c_xy_est] cx=+0.0008 cy=-0.0019 m | truth c=[+0.0000,-0.0000] (m_p=0.000)
[INFO] [1785424366.927068281] [mhe_node]: [post-event] m_est=1.976 kg (T_phys=18.98N)
[INFO] [1785424367.027713058] [mhe_node]: [post-event] m_est=1.972 kg (T_phys=18.90N)
[INFO] [1785424367.129086781] [mhe_node]: [post-event] m_est=1.967 kg (T_phys=18.83N)
[INFO] [1785424367.221066592] [mhe_node]: mass event confirmed by T_phys (18.79N vs baseline 20.31N) at frame 83: de-weighting pre-event stages
[INFO] [1785424367.221745006] [mhe_node]: event transition started: pre-event stages de-weighted
[INFO] [1785424367.227847719] [mhe_node]: [transition] m_est=1.962 kg (T_phys=18.79N)
[INFO] [1785424367.324603743] [mhe_node]: [transition] m_est=1.962 kg (T_phys=18.86N)
[INFO] [1785424367.424080109] [mhe_node]: [transition] m_est=1.961 kg (T_phys=19.10N)
[INFO] [1785424367.524184040] [mhe_node]: [transition] m_est=1.961 kg (T_phys=19.49N)
[INFO] [1785424367.624621446] [mhe_node]: [transition] m_est=1.961 kg (T_phys=20.08N)
[INFO] [1785424367.724803773] [mhe_node]: [transition] m_est=1.961 kg (T_phys=20.88N)
[INFO] [1785424367.825077248] [mhe_node]: [transition] m_est=1.979 kg (T_phys=21.88N)
[INFO] [1785424367.924852126] [mhe_node]: [transition] m_est=2.007 kg (T_phys=23.27N)
[INFO] [1785424368.025052584] [mhe_node]: [transition] m_est=2.042 kg (T_phys=24.83N)
[INFO] [1785424368.125691692] [mhe_node]: [transition] m_est=2.081 kg (T_phys=25.97N)
[INFO] [1785424368.225190398] [mhe_node]: [transition] m_est=2.118 kg (T_phys=26.39N)
[INFO] [1785424368.325559398] [mhe_node]: [transition] m_est=2.149 kg (T_phys=26.46N)
[INFO] [1785424368.425575835] [mhe_node]: [transition] m_est=2.174 kg (T_phys=25.94N)
[INFO] [1785424368.525546705] [mhe_node]: [transition] m_est=2.192 kg (T_phys=25.43N)
[INFO] [1785424368.628634502] [mhe_node]: [transition] m_est=2.206 kg (T_phys=24.59N)
[INFO] [1785424368.728446714] [mhe_node]: [transition] m_est=2.216 kg (T_phys=24.02N)
[INFO] [1785424368.825472561] [mhe_node]: [transition] m_est=2.223 kg (T_phys=23.32N)
[INFO] [1785424368.825903593] [mhe_node]: MHE mass estimate: 2.223 kg (T_phys=23.32N)
[INFO] [1785424368.826282227] [mhe_node]: [tau_phys] roll=-0.248 pitch=-0.017 Nm | model pred: roll=-0.152 pitch=-0.033 (m_p=0.159 r=[+0.021,-0.097])
[INFO] [1785424368.826682774] [mhe_node]: [c_xy_est] cx=+0.0015 cy=-0.0060 m | truth c=[+0.0015,-0.0070] (m_p=0.159)
[INFO] [1785424368.927035778] [mhe_node]: [transition] m_est=2.229 kg (T_phys=22.73N)
[INFO] [1785424369.025506495] [mhe_node]: [transition] m_est=2.233 kg (T_phys=22.43N)
[INFO] [1785424369.125550033] [mhe_node]: [transition] m_est=2.237 kg (T_phys=22.16N)
[INFO] [1785424369.221860205] [mhe_node]: event transition ended: nominal weights restored
[INFO] [1785424369.225457366] [mhe_node]: [post-event] m_est=2.240 kg (T_phys=21.79N)
[INFO] [1785424369.324141298] [mhe_node]: [post-event] m_est=2.253 kg (T_phys=21.59N)
[INFO] [1785424369.425575940] [mhe_node]: [post-event] m_est=2.266 kg (T_phys=21.41N)
[INFO] [1785424369.526787653] [mhe_node]: [post-event] m_est=2.276 kg (T_phys=21.31N)
[INFO] [1785424369.625183358] [mhe_node]: [post-event] m_est=2.283 kg (T_phys=21.13N)
[INFO] [1785424369.725843476] [mhe_node]: [post-event] m_est=2.288 kg (T_phys=21.02N)
[INFO] [1785424369.824778981] [mhe_node]: [post-event] m_est=2.292 kg (T_phys=20.92N)
[INFO] [1785424369.924793619] [mhe_node]: [post-event] m_est=2.294 kg (T_phys=20.92N)
[INFO] [1785424370.024366523] [mhe_node]: [post-event] m_est=2.297 kg (T_phys=21.01N)
[INFO] [1785424370.124899794] [mhe_node]: [post-event] m_est=2.301 kg (T_phys=21.21N)
[INFO] [1785424370.224412416] [mhe_node]: [post-event] m_est=2.307 kg (T_phys=21.53N)
[INFO] [1785424370.324453057] [mhe_node]: [post-event] m_est=2.313 kg (T_phys=21.85N)
[INFO] [1785424370.424366530] [mhe_node]: [post-event] m_est=2.320 kg (T_phys=22.18N)
[INFO] [1785424370.524396044] [mhe_node]: [post-event] m_est=2.328 kg (T_phys=22.43N)
[INFO] [1785424370.624444716] [mhe_node]: [post-event] m_est=2.334 kg (T_phys=22.64N)
[INFO] [1785424370.724540786] [mhe_node]: [post-event] m_est=2.340 kg (T_phys=22.78N)
[INFO] [1785424370.824424769] [mhe_node]: [post-event] m_est=2.345 kg (T_phys=22.85N)
[INFO] [1785424370.824844807] [mhe_node]: MHE mass estimate: 2.345 kg (T_phys=22.85N)
[INFO] [1785424370.825228668] [mhe_node]: [tau_phys] roll=-0.292 pitch=-0.041 Nm | model pred: roll=-0.268 pitch=-0.059 (m_p=0.281 r=[+0.021,-0.097])
[INFO] [1785424370.825624863] [mhe_node]: [c_xy_est] cx=+0.0020 cy=-0.0103 m | truth c=[+0.0026,-0.0117] (m_p=0.281)
[INFO] [1785424370.924458147] [mhe_node]: [post-event] m_est=2.350 kg (T_phys=22.88N)
[INFO] [1785424371.024433230] [mhe_node]: [post-event] m_est=2.353 kg (T_phys=22.89N)
[INFO] [1785424371.124438603] [mhe_node]: [post-event] m_est=2.356 kg (T_phys=22.91N)
[INFO] [1785424371.224429054] [mhe_node]: [post-event] m_est=2.359 kg (T_phys=22.91N)
[INFO] [1785424371.324478358] [mhe_node]: [post-event] m_est=2.360 kg (T_phys=22.91N)
[INFO] [1785424371.424127020] [mhe_node]: [post-event] m_est=2.361 kg (T_phys=22.92N)
[INFO] [1785424371.523974221] [mhe_node]: [post-event] m_est=2.361 kg (T_phys=22.93N)
[INFO] [1785424371.623987650] [mhe_node]: [post-event] m_est=2.362 kg (T_phys=22.97N)
[INFO] [1785424371.724061073] [mhe_node]: [post-event] m_est=2.361 kg (T_phys=23.02N)
[INFO] [1785424371.824004728] [mhe_node]: [post-event] m_est=2.361 kg (T_phys=23.08N)
[INFO] [1785424371.923960124] [mhe_node]: [post-event] m_est=2.361 kg (T_phys=23.11N)
[INFO] [1785424372.023983698] [mhe_node]: [post-event] m_est=2.360 kg (T_phys=23.12N)
[INFO] [1785424372.123315348] [mhe_node]: [post-event] m_est=2.360 kg (T_phys=23.13N)
[INFO] [1785424372.223388905] [mhe_node]: [post-event] m_est=2.360 kg (T_phys=23.14N)
[INFO] [1785424372.323563740] [mhe_node]: [post-event] m_est=2.360 kg (T_phys=23.15N)
[INFO] [1785424372.424000230] [mhe_node]: [post-event] m_est=2.360 kg (T_phys=23.18N)
[INFO] [1785424372.824078084] [mhe_node]: MHE mass estimate: 2.362 kg (T_phys=23.20N)
[INFO] [1785424372.824478932] [mhe_node]: [tau_phys] roll=-0.275 pitch=-0.054 Nm | model pred: roll=-0.284 pitch=-0.062 (m_p=0.298 r=[+0.021,-0.097])
[INFO] [1785424372.824884180] [mhe_node]: [c_xy_est] cx=+0.0020 cy=-0.0115 m | truth c=[+0.0027,-0.0122] (m_p=0.298)
[INFO] [1785424374.823713248] [mhe_node]: MHE mass estimate: 2.360 kg (T_phys=23.16N)
[INFO] [1785424374.824117453] [mhe_node]: [tau_phys] roll=-0.304 pitch=-0.034 Nm | model pred: roll=-0.282 pitch=-0.062 (m_p=0.295 r=[+0.021,-0.097])
[INFO] [1785424374.824523782] [mhe_node]: [c_xy_est] cx=+0.0020 cy=-0.0119 m | truth c=[+0.0027,-0.0122] (m_p=0.295)
[INFO] [1785424376.823735917] [mhe_node]: MHE mass estimate: 2.362 kg (T_phys=23.16N)
[INFO] [1785424376.824138515] [mhe_node]: [tau_phys] roll=-0.286 pitch=-0.058 Nm | model pred: roll=-0.284 pitch=-0.062 (m_p=0.297 r=[+0.021,-0.097])
[INFO] [1785424376.824541311] [mhe_node]: [c_xy_est] cx=+0.0020 cy=-0.0123 m | truth c=[+0.0027,-0.0122] (m_p=0.297)
[INFO] [1785424378.823094977] [mhe_node]: MHE mass estimate: 2.359 kg (T_phys=23.15N)
[INFO] [1785424378.823378270] [mhe_node]: [tau_phys] roll=-0.285 pitch=-0.036 Nm | model pred: roll=-0.281 pitch=-0.062 (m_p=0.294 r=[+0.021,-0.097])
[INFO] [1785424378.823665331] [mhe_node]: [c_xy_est] cx=+0.0020 cy=-0.0123 m | truth c=[+0.0027,-0.0121] (m_p=0.294)
[ros2run]: Killed
