[INFO] [1784803526.402602414] [mhe_node]: MHE node starting, building/loading solver...
Code reuse possible, skipping code generation.
acados was compiled without OpenMP.
[INFO] [1784803526.412918456] [mhe_node]: weight schedule theta = [-4.00, 0.00, 0.00, 0.00], signal mode = external
[INFO] [1784803526.420964836] [mhe_node]: MHE node initialized! Waiting for odometry + control data...
[INFO] [1784803559.222658929] [mhe_node]: [geom] payload_attached=False -> dJ=0.0000 c_xy=[+0.0000,+0.0000]
[INFO] [1784803561.135644243] [mhe_node]: MHE mass estimate: 2.063 kg (T_phys=17.62N)
[INFO] [1784803561.137991618] [mhe_node]: [tau_phys] roll=+0.004 pitch=-0.010 Nm
[INFO] [1784803561.140520299] [mhe_node]: [c_xy_est] cx=+0.0002 cy=-0.0000 m
[INFO] [1784803563.135405560] [mhe_node]: MHE mass estimate: 2.074 kg (T_phys=20.22N)
[INFO] [1784803563.137702392] [mhe_node]: [tau_phys] roll=+0.001 pitch=-0.001 Nm
[INFO] [1784803563.140026694] [mhe_node]: [c_xy_est] cx=+0.0001 cy=+0.0001 m
[INFO] [1784803563.868825340] [mhe_node]: mass event [attach (gripper)] received at frame 67: armed, waiting for T_phys confirmation (baseline=20.32N, thresh=1.5N)
[INFO] [1784803563.922352182] [mhe_node]: [geom] payload_attached=True -> dJ=0.0804 c_xy=[+0.0002,-0.0132]
[INFO] [1784803563.958700705] [mhe_node]: [post-event] m_est=2.020 kg (T_phys=20.33N)
[INFO] [1784803564.046911977] [mhe_node]: [post-event] m_est=2.023 kg (T_phys=20.07N)
[INFO] [1784803564.150480438] [mhe_node]: [post-event] m_est=2.024 kg (T_phys=20.07N)
[INFO] [1784803564.239177219] [mhe_node]: [post-event] m_est=2.025 kg (T_phys=20.07N)
[INFO] [1784803564.350859160] [mhe_node]: [post-event] m_est=2.026 kg (T_phys=20.08N)
[INFO] [1784803564.452186271] [mhe_node]: [post-event] m_est=2.026 kg (T_phys=20.08N)
[INFO] [1784803564.552971614] [mhe_node]: [post-event] m_est=2.026 kg (T_phys=20.08N)
[INFO] [1784803564.654591054] [mhe_node]: [post-event] m_est=2.026 kg (T_phys=20.08N)
[INFO] [1784803564.754904599] [mhe_node]: [post-event] m_est=2.025 kg (T_phys=20.09N)
[INFO] [1784803564.852187085] [mhe_node]: [post-event] m_est=2.025 kg (T_phys=20.08N)
[INFO] [1784803564.960578830] [mhe_node]: [post-event] m_est=2.023 kg (T_phys=20.09N)
[INFO] [1784803565.054976874] [mhe_node]: [post-event] m_est=2.022 kg (T_phys=20.07N)
[INFO] [1784803565.159363806] [mhe_node]: [post-event] m_est=2.021 kg (T_phys=20.03N)
[INFO] [1784803565.160935871] [mhe_node]: MHE mass estimate: 2.021 kg (T_phys=20.03N)
[INFO] [1784803565.162276649] [mhe_node]: [tau_phys] roll=+0.321 pitch=+0.237 Nm | model pred: roll=-0.000 pitch=-0.000 (m_p=0.000 r=[+0.001,-0.104])
[INFO] [1784803565.163734728] [mhe_node]: [c_xy_est] cx=-0.0058 cy=+0.0047 m | truth c=[+0.0000,-0.0000] (m_p=0.000)
[INFO] [1784803565.258403511] [mhe_node]: [post-event] m_est=2.020 kg (T_phys=19.99N)
[INFO] [1784803565.354680466] [mhe_node]: [post-event] m_est=2.019 kg (T_phys=19.94N)
[INFO] [1784803565.451805810] [mhe_node]: [post-event] m_est=2.018 kg (T_phys=19.89N)
[INFO] [1784803565.553823337] [mhe_node]: [post-event] m_est=2.017 kg (T_phys=19.85N)
[INFO] [1784803565.659188028] [mhe_node]: [post-event] m_est=2.015 kg (T_phys=19.89N)
[INFO] [1784803565.756328049] [mhe_node]: [post-event] m_est=2.015 kg (T_phys=20.03N)
[INFO] [1784803565.855912296] [mhe_node]: [post-event] m_est=2.014 kg (T_phys=20.35N)
[INFO] [1784803565.955566242] [mhe_node]: [post-event] m_est=2.013 kg (T_phys=20.82N)
[INFO] [1784803566.056719272] [mhe_node]: [post-event] m_est=2.012 kg (T_phys=21.46N)
[INFO] [1784803566.121143397] [mhe_node]: mass event confirmed by T_phys (22.31N vs baseline 20.32N) at frame 89: de-weighting pre-event stages
[INFO] [1784803566.122473039] [mhe_node]: event transition started: pre-event stages de-weighted
[INFO] [1784803566.135630589] [mhe_node]: [transition] m_est=2.012 kg (T_phys=22.31N)
[INFO] [1784803566.244914602] [mhe_node]: [transition] m_est=2.041 kg (T_phys=23.39N)
[INFO] [1784803566.336693478] [mhe_node]: [transition] m_est=2.132 kg (T_phys=24.78N)
[INFO] [1784803566.436658214] [mhe_node]: [transition] m_est=2.208 kg (T_phys=26.09N)
[INFO] [1784803566.538690896] [mhe_node]: [transition] m_est=2.251 kg (T_phys=27.14N)
[INFO] [1784803566.641528629] [mhe_node]: [transition] m_est=2.275 kg (T_phys=27.89N)
[INFO] [1784803566.740267720] [mhe_node]: [transition] m_est=2.274 kg (T_phys=28.17N)
[INFO] [1784803566.844979136] [mhe_node]: [transition] m_est=2.286 kg (T_phys=28.22N)
[INFO] [1784803566.940886097] [mhe_node]: [transition] m_est=2.288 kg (T_phys=27.78N)
[INFO] [1784803567.047458454] [mhe_node]: [transition] m_est=2.284 kg (T_phys=27.35N)
[INFO] [1784803567.141832580] [mhe_node]: [transition] m_est=2.271 kg (T_phys=26.60N)
[INFO] [1784803567.143425356] [mhe_node]: MHE mass estimate: 2.271 kg (T_phys=26.60N)
[INFO] [1784803567.144874864] [mhe_node]: [tau_phys] roll=-0.460 pitch=-0.045 Nm | model pred: roll=-0.211 pitch=-0.003 (m_p=0.206 r=[+0.001,-0.104])
[INFO] [1784803567.146423436] [mhe_node]: [c_xy_est] cx=-0.0030 cy=-0.0019 m | truth c=[+0.0001,-0.0095] (m_p=0.206)
[INFO] [1784803567.249302639] [mhe_node]: [transition] m_est=2.266 kg (T_phys=25.95N)
[INFO] [1784803567.364446249] [mhe_node]: [transition] m_est=2.260 kg (T_phys=25.05N)
[INFO] [1784803567.458335742] [mhe_node]: [transition] m_est=2.253 kg (T_phys=24.36N)
[INFO] [1784803567.561919616] [mhe_node]: [transition] m_est=2.242 kg (T_phys=23.52N)
[INFO] [1784803567.650363297] [mhe_node]: [transition] m_est=2.234 kg (T_phys=22.98N)
[INFO] [1784803567.731688830] [mhe_node]: [transition] m_est=2.227 kg (T_phys=22.16N)
[INFO] [1784803567.855145222] [mhe_node]: [transition] m_est=2.222 kg (T_phys=21.94N)
[INFO] [1784803567.958830590] [mhe_node]: [transition] m_est=2.218 kg (T_phys=21.66N)
[INFO] [1784803568.059606550] [mhe_node]: [transition] m_est=2.215 kg (T_phys=21.39N)
[INFO] [1784803568.127294135] [mhe_node]: event transition ended: nominal weights restored
[INFO] [1784803568.156801516] [mhe_node]: [post-event] m_est=2.213 kg (T_phys=21.17N)
[INFO] [1784803568.265030934] [mhe_node]: [post-event] m_est=2.214 kg (T_phys=21.06N)
[INFO] [1784803568.356238324] [mhe_node]: [post-event] m_est=2.217 kg (T_phys=21.02N)
[INFO] [1784803568.446797466] [mhe_node]: [post-event] m_est=2.222 kg (T_phys=21.11N)
[INFO] [1784803568.552112560] [mhe_node]: [post-event] m_est=2.228 kg (T_phys=21.35N)
[INFO] [1784803568.654201560] [mhe_node]: [post-event] m_est=2.235 kg (T_phys=21.68N)
[INFO] [1784803568.755919321] [mhe_node]: [post-event] m_est=2.244 kg (T_phys=22.06N)
[INFO] [1784803568.853455616] [mhe_node]: [post-event] m_est=2.254 kg (T_phys=22.40N)
[INFO] [1784803568.945576288] [mhe_node]: [post-event] m_est=2.265 kg (T_phys=22.73N)
[INFO] [1784803569.054286295] [mhe_node]: [post-event] m_est=2.275 kg (T_phys=22.96N)
[INFO] [1784803569.152948405] [mhe_node]: [post-event] m_est=2.284 kg (T_phys=23.12N)
[INFO] [1784803569.154731667] [mhe_node]: MHE mass estimate: 2.284 kg (T_phys=23.12N)
[INFO] [1784803569.156276271] [mhe_node]: [tau_phys] roll=-0.310 pitch=-0.008 Nm | model pred: roll=-0.224 pitch=-0.003 (m_p=0.219 r=[+0.001,-0.104])
[INFO] [1784803569.157835347] [mhe_node]: [c_xy_est] cx=-0.0011 cy=-0.0094 m | truth c=[+0.0001,-0.0100] (m_p=0.219)
[INFO] [1784803569.251134188] [mhe_node]: [post-event] m_est=2.292 kg (T_phys=23.20N)
[INFO] [1784803569.352313313] [mhe_node]: [post-event] m_est=2.297 kg (T_phys=23.22N)
[INFO] [1784803569.454108179] [mhe_node]: [post-event] m_est=2.301 kg (T_phys=23.21N)
[INFO] [1784803569.551008255] [mhe_node]: [post-event] m_est=2.304 kg (T_phys=23.20N)
[INFO] [1784803569.656088089] [mhe_node]: [post-event] m_est=2.306 kg (T_phys=23.20N)
[INFO] [1784803569.726800726] [mhe_node]: [post-event] m_est=2.307 kg (T_phys=23.11N)
[INFO] [1784803569.853539795] [mhe_node]: [post-event] m_est=2.307 kg (T_phys=23.19N)
[INFO] [1784803569.957594001] [mhe_node]: [post-event] m_est=2.307 kg (T_phys=23.19N)
[INFO] [1784803570.063972281] [mhe_node]: [post-event] m_est=2.306 kg (T_phys=23.19N)
[INFO] [1784803570.156908006] [mhe_node]: [post-event] m_est=2.306 kg (T_phys=23.19N)
[INFO] [1784803570.253741272] [mhe_node]: [post-event] m_est=2.305 kg (T_phys=23.19N)
[INFO] [1784803570.350418577] [mhe_node]: [post-event] m_est=2.304 kg (T_phys=23.19N)
[INFO] [1784803570.456845885] [mhe_node]: [post-event] m_est=2.304 kg (T_phys=23.20N)
[INFO] [1784803570.559880573] [mhe_node]: [post-event] m_est=2.303 kg (T_phys=23.20N)
[INFO] [1784803570.654592261] [mhe_node]: [post-event] m_est=2.304 kg (T_phys=23.19N)
[INFO] [1784803570.752131143] [mhe_node]: [post-event] m_est=2.304 kg (T_phys=23.18N)
[INFO] [1784803570.852474599] [mhe_node]: [post-event] m_est=2.304 kg (T_phys=23.17N)
[INFO] [1784803571.152374913] [mhe_node]: MHE mass estimate: 2.305 kg (T_phys=23.14N)
[INFO] [1784803571.153901252] [mhe_node]: [tau_phys] roll=-0.333 pitch=+0.009 Nm | model pred: roll=-0.246 pitch=-0.003 (m_p=0.241 r=[+0.001,-0.104])
[INFO] [1784803571.155485997] [mhe_node]: [c_xy_est] cx=-0.0008 cy=-0.0118 m | truth c=[+0.0001,-0.0109] (m_p=0.241)
[INFO] [1784803573.153878356] [mhe_node]: MHE mass estimate: 2.312 kg (T_phys=23.20N)
[INFO] [1784803573.155569821] [mhe_node]: [tau_phys] roll=-0.305 pitch=+0.010 Nm | model pred: roll=-0.253 pitch=-0.003 (m_p=0.247 r=[+0.001,-0.104])
[INFO] [1784803573.157139201] [mhe_node]: [c_xy_est] cx=-0.0009 cy=-0.0126 m | truth c=[+0.0001,-0.0111] (m_p=0.247)
[INFO] [1784803575.153471249] [mhe_node]: MHE mass estimate: 2.311 kg (T_phys=23.17N)
[INFO] [1784803575.154969483] [mhe_node]: [tau_phys] roll=-0.319 pitch=-0.007 Nm | model pred: roll=-0.252 pitch=-0.003 (m_p=0.247 r=[+0.001,-0.104])
[INFO] [1784803575.156552172] [mhe_node]: [c_xy_est] cx=-0.0007 cy=-0.0132 m | truth c=[+0.0001,-0.0111] (m_p=0.247)
[INFO] [1784803577.149456135] [mhe_node]: MHE mass estimate: 2.314 kg (T_phys=23.21N)
[INFO] [1784803577.151284799] [mhe_node]: [tau_phys] roll=-0.307 pitch=+0.012 Nm | model pred: roll=-0.255 pitch=-0.003 (m_p=0.250 r=[+0.001,-0.104])
[INFO] [1784803577.153120631] [mhe_node]: [c_xy_est] cx=-0.0011 cy=-0.0133 m | truth c=[+0.0001,-0.0112] (m_p=0.250)
[INFO] [1784803579.149695843] [mhe_node]: MHE mass estimate: 2.313 kg (T_phys=23.22N)
[INFO] [1784803579.151063231] [mhe_node]: [tau_phys] roll=-0.333 pitch=+0.033 Nm | model pred: roll=-0.255 pitch=-0.003 (m_p=0.249 r=[+0.001,-0.104])
[INFO] [1784803579.152475872] [mhe_node]: [c_xy_est] cx=-0.0007 cy=-0.0134 m | truth c=[+0.0001,-0.0112] (m_p=0.249)
[ros2run]: Killed
