[INFO] [1789409671.034357238] [mhe_node]: MHE node starting, building/loading solver... (geom_coupled=True, N=20, m_min=1.961, m_B=2.0643)
Code reuse possible, skipping code generation.
acados was compiled without OpenMP.
[INFO] [1789409671.041302034] [mhe_node]: [prior] geom_coupled=True → 载荷质量信息**完全不生效**(grip_payload_envelope=0.3 是死代码:coupled 档下 _payload_geometry 根本不被调用);模型只吃可测杆臂 r_p + 被估质量,m 的先验仅有 Q0 质量维=0.1 (σ=3.16kg,实质无先验)
[WARN] [1789409671.041777213] [mhe_node]: geom_release_mode='self':估计器不被告知 drop。⚠️ 2026-08-24 实测,**NMPC 侧也设成 'self' 会必然坠机**——drop 后控制器继续按幽灵偏心载荷配平,指令 0.424N·m(tau_max 的 85%)作用在空机 J_xx=0.0142 上 = 29.8 rad/s²,而 MHE 10Hz/2s 窗口要 1~2s 才纠得过来,飞机先翻。**正确组合 = MHE 'self' + NMPC 'event'**(控制器是发释放指令的一方,它知道不构成认知作弊)。
[INFO] [1789409671.043720672] [mhe_node]: [moment-ref] 物理上限由平台包线派生: 0.0390 kg·m = 0.30kg x 0.13m
[INFO] [1789409671.044426112] [mhe_node]: [c_xy_est] 质量域卸载判据已开:先武装(m_p>0.090kg),再判 m_p<0.03kg 持续 20 帧 -> 释放偏心估计
[INFO] [1789409671.045081544] [mhe_node]: [c_xy] 来源 = 一阶质量矩 s/m_T(窗口内估计,**无稳态门控**),替代窗外 EMA —— 机动中也会更新
[INFO] [1789409671.046370958] [mhe_node]: weight schedule theta = [-4.00, 0.00, 0.00, 0.00], signal mode = residual (residual self-trigger: thresh=4.4N persist=2 baseline_tau=3.0s)
[INFO] [1789409671.049894011] [mhe_node]: [release-selfcheck] READY: c_xy_est_enable=1, moment-state ns=2, ratio=0.30; legacy_mass=1, watchdog=3.0s
[INFO] [1789409671.050803023] [mhe_node]: MHE node initialized! tau_source=command (roll/pitch NMPC意图值, yaw NMPC意图值), motor_window_avg=False, geom_release_mode=self. Waiting for odometry + control data...
[INFO] [1789409693.250450407] [mhe_node]: arrival prior seeded: m=2.064 kg (m_nominal prior)
[INFO] [1789409693.250866879] [mhe_node]: [geom] model_geom_on=True (release_mode=self, truth_attached=False) mode=coupled(r_p) -> geom=[ 0.    0.   -0.47] dJ=0.0000 c_xy=[+0.0000,+0.0000] (dJ/c 为按当前 m_est 折算的诊断当量,模型内部随 m 实时生成)
[INFO] [1789409695.167507450] [mhe_node]: MHE mass estimate: 2.057 kg (T_phys=20.07N) | solve=4.5ms (max16.2)
[INFO] [1789409695.168059071] [mhe_node]: [truth] m_hat=2.0572 m_true=2.0643 err=-0.34% | c_hat=[+0.0000,+0.0000] c_true=[+0.0000,+0.0000] | Jxx_hat=0.01420 Jxx_true=0.01420 Jyz_hat=+0.00000 Jyz_true=+0.00000 | s_hat=[+0.0008,+0.0001] s_true=[+0.0000,+0.0000] kg·m
[INFO] [1789409695.168582503] [mhe_node]: [tau_phys] roll=+0.004 pitch=-0.028 Nm
[INFO] [1789409695.169183994] [mhe_node]: [mass-diag] m_est=2.0572 T=20.069N tilt=7.17deg cos=0.99219 | T/g=2.0458 T*cos/g=2.0298 | m_est-T*cos/g=+0.0274kg (+1.35%) vz=+0.091
[INFO] [1789409695.169769293] [mhe_node]: [c_xy_est] cx=+0.0003 cy=+0.0000 m
[INFO] [1789409697.156791186] [mhe_node]: MHE mass estimate: 2.060 kg (T_phys=20.11N) | solve=7.1ms (max12.4)
[INFO] [1789409697.157346517] [mhe_node]: [truth] m_hat=2.0599 m_true=2.0643 err=-0.21% | c_hat=[+0.0000,+0.0000] c_true=[+0.0000,+0.0000] | Jxx_hat=0.01420 Jxx_true=0.01420 Jyz_hat=+0.00000 Jyz_true=+0.00000 | s_hat=[-0.0010,+0.0000] s_true=[+0.0000,+0.0000] kg·m
[INFO] [1789409697.157868180] [mhe_node]: [tau_phys] roll=+0.001 pitch=+0.008 Nm
[INFO] [1789409697.158467877] [mhe_node]: [mass-diag] m_est=2.0599 T=20.112N tilt=2.09deg cos=0.99934 | T/g=2.0502 T*cos/g=2.0488 | m_est-T*cos/g=+0.0110kg (+0.54%) vz=+0.042
[INFO] [1789409697.159051214] [mhe_node]: [c_xy_est] cx=-0.0005 cy=+0.0000 m
[INFO] [1789409699.156701349] [mhe_node]: MHE mass estimate: 2.059 kg (T_phys=20.25N) | solve=4.8ms (max7.6)
[INFO] [1789409699.157249353] [mhe_node]: [truth] m_hat=2.0593 m_true=2.0643 err=-0.24% | c_hat=[+0.0000,+0.0000] c_true=[+0.0000,+0.0000] | Jxx_hat=0.01420 Jxx_true=0.01420 Jyz_hat=+0.00000 Jyz_true=+0.00000 | s_hat=[-0.0000,-0.0000] s_true=[+0.0000,+0.0000] kg·m
[INFO] [1789409699.157777131] [mhe_node]: [tau_phys] roll=+0.000 pitch=+0.001 Nm
[INFO] [1789409699.158367665] [mhe_node]: [mass-diag] m_est=2.0593 T=20.248N tilt=0.45deg cos=0.99997 | T/g=2.0641 T*cos/g=2.0640 | m_est-T*cos/g=-0.0047kg (-0.23%) vz=+0.006
[INFO] [1789409699.158946988] [mhe_node]: [c_xy_est] cx=-0.0000 cy=-0.0000 m
[INFO] [1789409701.154895531] [mhe_node]: MHE mass estimate: 2.048 kg (T_phys=18.41N) | solve=4.1ms (max7.6)
[INFO] [1789409701.155373542] [mhe_node]: [truth] m_hat=2.0481 m_true=2.0643 err=-0.79% | c_hat=[+0.0000,+0.0000] c_true=[+0.0000,+0.0000] | Jxx_hat=0.01420 Jxx_true=0.01420 Jyz_hat=+0.00000 Jyz_true=+0.00000 | s_hat=[+0.0001,+0.0000] s_true=[+0.0000,+0.0000] kg·m
[INFO] [1789409701.155747509] [mhe_node]: [tau_phys] roll=+0.000 pitch=-0.001 Nm
[INFO] [1789409701.156172041] [mhe_node]: [mass-diag] m_est=2.0481 T=18.405N tilt=0.11deg cos=1.00000 | T/g=1.8762 T*cos/g=1.8761 | m_est-T*cos/g=+0.1719kg (+9.16%) vz=-0.521
[INFO] [1789409701.156581747] [mhe_node]: [c_xy_est] cx=+0.0000 cy=+0.0000 m
[INFO] [1789409703.155963917] [mhe_node]: MHE mass estimate: 2.058 kg (T_phys=20.29N) | solve=4.1ms (max5.9)
[INFO] [1789409703.156512757] [mhe_node]: [truth] m_hat=2.0578 m_true=2.0643 err=-0.32% | c_hat=[+0.0000,+0.0000] c_true=[+0.0000,+0.0000] | Jxx_hat=0.01420 Jxx_true=0.01420 Jyz_hat=+0.00000 Jyz_true=+0.00000 | s_hat=[+0.0000,-0.0000] s_true=[+0.0000,+0.0000] kg·m
[INFO] [1789409703.157034193] [mhe_node]: [tau_phys] roll=+0.001 pitch=+0.000 Nm
[INFO] [1789409703.157631763] [mhe_node]: [mass-diag] m_est=2.0578 T=20.289N tilt=0.27deg cos=0.99999 | T/g=2.0682 T*cos/g=2.0682 | m_est-T*cos/g=-0.0104kg (-0.50%) vz=-0.058
[INFO] [1789409703.158218281] [mhe_node]: [c_xy_est] cx=+0.0000 cy=-0.0000 m
[INFO] [1789409705.164385179] [mhe_node]: MHE mass estimate: 1.984 kg (T_phys=19.56N) | solve=7.7ms (max16.8)
[INFO] [1789409705.164925256] [mhe_node]: [truth] m_hat=1.9837 m_true=2.0643 err=-3.90% | c_hat=[+0.0000,+0.0000] c_true=[+0.0000,+0.0000] | Jxx_hat=0.01420 Jxx_true=0.01420 Jyz_hat=+0.00000 Jyz_true=+0.00000 | s_hat=[-0.0022,-0.0019] s_true=[+0.0000,+0.0000] kg·m
[INFO] [1789409705.165446869] [mhe_node]: [tau_phys] roll=+0.149 pitch=+0.041 Nm
[INFO] [1789409705.166035520] [mhe_node]: [mass-diag] m_est=1.9837 T=19.565N tilt=0.66deg cos=0.99993 | T/g=1.9944 T*cos/g=1.9942 | m_est-T*cos/g=-0.0105kg (-0.53%) vz=+0.011
[INFO] [1789409705.166618541] [mhe_node]: [c_xy_est] cx=-0.0009 cy=-0.0008 m
[INFO] [1789409707.204684946] [mhe_node]: MHE mass estimate: 1.961 kg (T_phys=20.21N) | solve=43.0ms (max69.3)
[INFO] [1789409707.205086761] [mhe_node]: [truth] m_hat=1.9611 m_true=2.0643 err=-5.00% | c_hat=[+0.0000,+0.0000] c_true=[+0.0000,+0.0000] | Jxx_hat=0.01420 Jxx_true=0.01420 Jyz_hat=+0.00000 Jyz_true=+0.00000 | s_hat=[-0.0070,+0.0070] s_true=[+0.0000,+0.0000] kg·m
[INFO] [1789409707.205456018] [mhe_node]: [tau_phys] roll=-0.040 pitch=+0.101 Nm
[INFO] [1789409707.205877637] [mhe_node]: [mass-diag] m_est=1.9611 T=20.206N tilt=0.19deg cos=0.99999 | T/g=2.0598 T*cos/g=2.0597 | m_est-T*cos/g=-0.0987kg (-4.79%) vz=+0.003
[INFO] [1789409707.206288037] [mhe_node]: [c_xy_est] cx=-0.0033 cy=+0.0047 m
[INFO] [1789409709.169232135] [mhe_node]: MHE mass estimate: 2.221 kg (T_phys=21.97N) | solve=26.9ms (max41.2)
[INFO] [1789409709.169801325] [mhe_node]: [truth] m_hat=2.2212 m_true=2.0643 err=+7.60% | c_hat=[+0.0000,+0.0000] c_true=[+0.0000,+0.0000] | Jxx_hat=0.01420 Jxx_true=0.01420 Jyz_hat=+0.00000 Jyz_true=+0.00000 | s_hat=[+0.0006,-0.0196] s_true=[+0.0000,+0.0000] kg·m
[INFO] [1789409709.170326967] [mhe_node]: [tau_phys] roll=-0.290 pitch=-1.637 Nm
[INFO] [1789409709.170919416] [mhe_node]: [mass-diag] m_est=2.2212 T=21.968N tilt=0.45deg cos=0.99997 | T/g=2.2393 T*cos/g=2.2393 | m_est-T*cos/g=-0.0181kg (-0.81%) vz=+0.662
[INFO] [1789409709.171505693] [mhe_node]: [c_xy_est] cx=+0.0008 cy=-0.0084 m
[INFO] [1789409711.050395948] [mhe_node]: [payload-state] EMPTY->LOADED (sustained m_p evidence, m_p=+0.123kg)
[INFO] [1789409711.150565392] [mhe_node]: [s-collapse] moment 基准未就绪(窗口 0/20, 越界剔除 0) — 暂不判决
[INFO] [1789409711.170145145] [mhe_node]: MHE mass estimate: 2.187 kg (T_phys=22.21N) | solve=18.3ms (max22.7)
[INFO] [1789409711.170725984] [mhe_node]: [truth] m_hat=2.1870 m_true=2.0643 err=+5.95% | c_hat=[+0.0000,+0.0000] c_true=[+0.0000,+0.0000] | Jxx_hat=0.01420 Jxx_true=0.01420 Jyz_hat=+0.00000 Jyz_true=+0.00000 | s_hat=[+0.0015,-0.0178] s_true=[+0.0000,+0.0000] kg·m
[INFO] [1789409711.171248781] [mhe_node]: [tau_phys] roll=-0.233 pitch=-0.896 Nm
[INFO] [1789409711.171841325] [mhe_node]: [mass-diag] m_est=2.1870 T=22.207N tilt=0.59deg cos=0.99995 | T/g=2.2637 T*cos/g=2.2636 | m_est-T*cos/g=-0.0766kg (-3.38%) vz=+1.159
[INFO] [1789409711.172427673] [mhe_node]: [c_xy_est] cx=+0.0017 cy=-0.0079 m
[INFO] [1789409712.150446581] [mhe_node]: [s-collapse] moment 基准未就绪(窗口 4/20, 越界剔除 0) — 暂不判决
[INFO] [1789409712.950354645] [mhe_node]: [c_xy_est] 质量域判据已武装(m_p=0.195kg 连续20帧高于水位)
[INFO] [1789409713.150436330] [mhe_node]: [s-collapse] moment 基准未就绪(窗口 14/20, 越界剔除 0) — 暂不判决
[INFO] [1789409713.161054354] [mhe_node]: MHE mass estimate: 2.263 kg (T_phys=21.49N) | solve=17.0ms (max33.9)
[INFO] [1789409713.161613545] [mhe_node]: [truth] m_hat=2.2635 m_true=2.0643 err=+9.65% | c_hat=[+0.0000,+0.0000] c_true=[+0.0000,+0.0000] | Jxx_hat=0.01420 Jxx_true=0.01420 Jyz_hat=+0.00000 Jyz_true=+0.00000 | s_hat=[+0.0014,-0.0246] s_true=[+0.0000,+0.0000] kg·m
[INFO] [1789409713.162133489] [mhe_node]: [tau_phys] roll=-0.245 pitch=-0.008 Nm
[INFO] [1789409713.162720031] [mhe_node]: [mass-diag] m_est=2.2635 T=21.491N tilt=0.16deg cos=1.00000 | T/g=2.1907 T*cos/g=2.1907 | m_est-T*cos/g=+0.0727kg (+3.32%) vz=+0.836
[INFO] [1789409713.163303015] [mhe_node]: [c_xy_est] cx=+0.0017 cy=-0.0079 m
[INFO] [1789409713.750628573] [mhe_node]: [moment-ref] 基准已建立并冻结: |s_ref|=0.02328 kg·m (窗口 20 帧, 中位 0.02361, 离散 0.09, 方向一致度 1.00, 越界剔除 0 帧) — 此后不再更新
[INFO] [1789409714.050572897] [mhe_node]: [s-collapse] |s|=0.02558 ref=0.02328 peak=0.02558 ovr=0 ratio=1.099 (thr 0.30) moment=0 quantity=0 resid=0 health=1 age=0.09 solve_ok=1 reanch=0 m_p=+0.2059 slow=0/5
[INFO] [1789409715.050541212] [mhe_node]: [s-collapse] |s|=0.02559 ref=0.02328 peak=0.02568 ovr=0 ratio=1.099 (thr 0.30) moment=0 quantity=0 resid=0 health=1 age=0.10 solve_ok=1 reanch=0 m_p=+0.2008 slow=0/5
[INFO] [1789409715.154892590] [mhe_node]: MHE mass estimate: 2.264 kg (T_phys=21.73N) | solve=5.8ms (max14.8)
[INFO] [1789409715.155472190] [mhe_node]: [truth] m_hat=2.2642 m_true=2.0643 err=+9.68% | c_hat=[+0.0000,+0.0000] c_true=[+0.0000,+0.0000] | Jxx_hat=0.01420 Jxx_true=0.01420 Jyz_hat=+0.00000 Jyz_true=+0.00000 | s_hat=[+0.0022,-0.0254] s_true=[+0.0000,+0.0000] kg·m
[INFO] [1789409715.155994941] [mhe_node]: [tau_phys] roll=-0.245 pitch=-0.012 Nm
[INFO] [1789409715.156582040] [mhe_node]: [mass-diag] m_est=2.2642 T=21.731N tilt=0.28deg cos=0.99999 | T/g=2.2152 T*cos/g=2.2151 | m_est-T*cos/g=+0.0490kg (+2.21%) vz=+0.082
[INFO] [1789409715.157166690] [mhe_node]: [c_xy_est] cx=+0.0010 cy=-0.0112 m
[INFO] [1789409716.050607318] [mhe_node]: [s-collapse] |s|=0.02558 ref=0.02328 peak=0.02568 ovr=0 ratio=1.099 (thr 0.30) moment=0 quantity=0 resid=0 health=1 age=0.10 solve_ok=1 reanch=0 m_p=+0.2019 slow=0/5
[INFO] [1789409717.050542649] [mhe_node]: [s-collapse] |s|=0.02565 ref=0.02328 peak=0.02568 ovr=0 ratio=1.102 (thr 0.30) moment=0 quantity=0 resid=0 health=1 age=0.10 solve_ok=1 reanch=0 m_p=+0.1993 slow=0/5
[INFO] [1789409717.153468433] [mhe_node]: MHE mass estimate: 2.262 kg (T_phys=22.08N) | solve=3.4ms (max3.6)
[INFO] [1789409717.153883197] [mhe_node]: [truth] m_hat=2.2615 m_true=2.0643 err=+9.55% | c_hat=[+0.0000,+0.0000] c_true=[+0.0000,+0.0000] | Jxx_hat=0.01420 Jxx_true=0.01420 Jyz_hat=+0.00000 Jyz_true=+0.00000 | s_hat=[+0.0025,-0.0255] s_true=[+0.0000,+0.0000] kg·m
[INFO] [1789409717.154259948] [mhe_node]: [tau_phys] roll=-0.247 pitch=+0.025 Nm
[INFO] [1789409717.154674364] [mhe_node]: [mass-diag] m_est=2.2615 T=22.077N tilt=0.25deg cos=0.99999 | T/g=2.2505 T*cos/g=2.2505 | m_est-T*cos/g=+0.0111kg (+0.49%) vz=+0.003
[INFO] [1789409717.155087078] [mhe_node]: [c_xy_est] cx=+0.0011 cy=-0.0113 m
[INFO] [1789409718.050636056] [mhe_node]: [s-collapse] |s|=0.02548 ref=0.02328 peak=0.02568 ovr=0 ratio=1.095 (thr 0.30) moment=0 quantity=0 resid=0 health=1 age=0.10 solve_ok=1 reanch=0 m_p=+0.1943 slow=0/5
[INFO] [1789409719.050673411] [mhe_node]: [s-collapse] |s|=0.02533 ref=0.02328 peak=0.02568 ovr=0 ratio=1.088 (thr 0.30) moment=0 quantity=0 resid=0 health=1 age=0.10 solve_ok=1 reanch=0 m_p=+0.1916 slow=0/5
[INFO] [1789409719.155733583] [mhe_node]: MHE mass estimate: 2.254 kg (T_phys=22.06N) | solve=3.7ms (max4.6)
[INFO] [1789409719.156301256] [mhe_node]: [truth] m_hat=2.2545 m_true=2.0643 err=+9.21% | c_hat=[+0.0000,+0.0000] c_true=[+0.0000,+0.0000] | Jxx_hat=0.01420 Jxx_true=0.01420 Jyz_hat=+0.00000 Jyz_true=+0.00000 | s_hat=[+0.0021,-0.0253] s_true=[+0.0000,+0.0000] kg·m
[INFO] [1789409719.156818571] [mhe_node]: [tau_phys] roll=-0.252 pitch=-0.090 Nm
[INFO] [1789409719.157399907] [mhe_node]: [mass-diag] m_est=2.2545 T=22.056N tilt=0.14deg cos=1.00000 | T/g=2.2483 T*cos/g=2.2483 | m_est-T*cos/g=+0.0062kg (+0.27%) vz=-0.023
[INFO] [1789409719.157978342] [mhe_node]: [c_xy_est] cx=+0.0009 cy=-0.0112 m
[INFO] [1789409720.050644570] [mhe_node]: [s-collapse] |s|=0.02542 ref=0.02328 peak=0.02568 ovr=0 ratio=1.092 (thr 0.30) moment=0 quantity=0 resid=0 health=1 age=0.09 solve_ok=1 reanch=0 m_p=+0.1908 slow=0/5
[INFO] [1789409721.050603045] [mhe_node]: [s-collapse] |s|=0.02533 ref=0.02328 peak=0.02568 ovr=0 ratio=1.088 (thr 0.30) moment=0 quantity=0 resid=0 health=1 age=0.09 solve_ok=1 reanch=0 m_p=+0.1880 slow=0/5
[INFO] [1789409721.158627507] [mhe_node]: MHE mass estimate: 2.251 kg (T_phys=22.35N) | solve=8.0ms (max17.0)
[INFO] [1789409721.159197225] [mhe_node]: [truth] m_hat=2.2515 m_true=2.0643 err=+9.07% | c_hat=[+0.0000,+0.0000] c_true=[+0.0000,+0.0000] | Jxx_hat=0.01420 Jxx_true=0.01420 Jyz_hat=+0.00000 Jyz_true=+0.00000 | s_hat=[-0.0017,-0.0254] s_true=[+0.0000,+0.0000] kg·m
[INFO] [1789409721.159719759] [mhe_node]: [tau_phys] roll=-0.239 pitch=+0.046 Nm
[INFO] [1789409721.160308231] [mhe_node]: [mass-diag] m_est=2.2515 T=22.349N tilt=2.36deg cos=0.99915 | T/g=2.2782 T*cos/g=2.2763 | m_est-T*cos/g=-0.0248kg (-1.09%) vz=+0.023
[INFO] [1789409721.160885611] [mhe_node]: [c_xy_est] cx=-0.0007 cy=-0.0113 m
[INFO] [1789409722.050584531] [mhe_node]: [s-collapse] |s|=0.02511 ref=0.02328 peak=0.02568 ovr=0 ratio=1.079 (thr 0.30) moment=0 quantity=0 resid=0 health=1 age=0.09 solve_ok=1 reanch=0 m_p=+0.1823 slow=0/5
[INFO] [1789409723.050536744] [mhe_node]: [s-collapse] |s|=0.02493 ref=0.02328 peak=0.02568 ovr=0 ratio=1.071 (thr 0.30) moment=0 quantity=0 resid=0 health=1 age=0.09 solve_ok=1 reanch=0 m_p=+0.1724 slow=0/5
[INFO] [1789409723.163812131] [mhe_node]: MHE mass estimate: 2.239 kg (T_phys=22.33N) | solve=10.9ms (max15.5)
[INFO] [1789409723.164373287] [mhe_node]: [truth] m_hat=2.2392 m_true=2.0643 err=+8.47% | c_hat=[+0.0000,+0.0000] c_true=[+0.0000,+0.0000] | Jxx_hat=0.01420 Jxx_true=0.01420 Jyz_hat=+0.00000 Jyz_true=+0.00000 | s_hat=[-0.0129,-0.0226] s_true=[+0.0000,+0.0000] kg·m
[INFO] [1789409723.164892633] [mhe_node]: [tau_phys] roll=-0.206 pitch=+0.239 Nm
[INFO] [1789409723.165480211] [mhe_node]: [mass-diag] m_est=2.2392 T=22.328N tilt=5.51deg cos=0.99538 | T/g=2.2761 T*cos/g=2.2655 | m_est-T*cos/g=-0.0264kg (-1.16%) vz=+0.122
[INFO] [1789409723.166059309] [mhe_node]: [c_xy_est] cx=-0.0052 cy=-0.0101 m
[INFO] [1789409723.850623278] [mhe_node]: [c_xy-clamp] 越界剔除 0/300 (0.0%) 上限 0.0390 kg·m clamp=1
[INFO] [1789409724.050539466] [mhe_node]: [s-collapse] |s|=0.02971 ref=0.02328 peak=0.02971 ovr=0 ratio=1.276 (thr 0.30) moment=0 quantity=0 resid=0 health=1 age=0.09 solve_ok=1 reanch=0 m_p=+0.1791 slow=0/5
[INFO] [1789409725.050534926] [mhe_node]: [s-collapse] |s|=0.03209 ref=0.02328 peak=0.03209 ovr=0 ratio=1.379 (thr 0.30) moment=0 quantity=0 resid=0 health=1 age=0.09 solve_ok=1 reanch=0 m_p=+0.1731 slow=0/5
[INFO] [1789409725.161985815] [mhe_node]: MHE mass estimate: 2.237 kg (T_phys=22.23N) | solve=9.3ms (max15.9)
[INFO] [1789409725.162547512] [mhe_node]: [truth] m_hat=2.2370 m_true=2.0643 err=+8.37% | c_hat=[+0.0000,+0.0000] c_true=[+0.0000,+0.0000] | Jxx_hat=0.01420 Jxx_true=0.01420 Jyz_hat=+0.00000 Jyz_true=+0.00000 | s_hat=[-0.0244,-0.0214] s_true=[+0.0000,+0.0000] kg·m
[INFO] [1789409725.163064095] [mhe_node]: [tau_phys] roll=-0.212 pitch=+0.605 Nm
[INFO] [1789409725.163646186] [mhe_node]: [mass-diag] m_est=2.2370 T=22.233N tilt=7.79deg cos=0.99076 | T/g=2.2664 T*cos/g=2.2455 | m_est-T*cos/g=-0.0084kg (-0.38%) vz=+0.168
[INFO] [1789409725.164225484] [mhe_node]: [c_xy_est] cx=-0.0108 cy=-0.0096 m
[INFO] [1789409726.050579600] [mhe_node]: [s-collapse] |s|=0.03420 ref=0.02328 peak=0.03461 ovr=0 ratio=1.469 (thr 0.30) moment=0 quantity=0 resid=0 health=1 age=0.09 solve_ok=1 reanch=0 m_p=+0.1733 slow=0/5
[INFO] [1789409727.050600664] [mhe_node]: [s-collapse] |s|=0.03273 ref=0.02328 peak=0.03462 ovr=0 ratio=1.406 (thr 0.30) moment=0 quantity=0 resid=0 health=1 age=0.09 solve_ok=1 reanch=0 m_p=+0.1727 slow=0/5
[INFO] [1789409727.160780488] [mhe_node]: MHE mass estimate: 2.237 kg (T_phys=22.13N) | solve=10.0ms (max18.2)
[INFO] [1789409727.161531648] [mhe_node]: [truth] m_hat=2.2375 m_true=2.0643 err=+8.39% | c_hat=[+0.0000,+0.0000] c_true=[+0.0000,+0.0000] | Jxx_hat=0.01420 Jxx_true=0.01420 Jyz_hat=+0.00000 Jyz_true=+0.00000 | s_hat=[-0.0226,-0.0220] s_true=[+0.0000,+0.0000] kg·m
[INFO] [1789409727.162052303] [mhe_node]: [tau_phys] roll=-0.142 pitch=+0.299 Nm
[INFO] [1789409727.162640729] [mhe_node]: [mass-diag] m_est=2.2375 T=22.133N tilt=9.44deg cos=0.98646 | T/g=2.2562 T*cos/g=2.2256 | m_est-T*cos/g=+0.0118kg (+0.53%) vz=-0.031
[INFO] [1789409727.163449358] [mhe_node]: [c_xy_est] cx=-0.0106 cy=-0.0099 m
[INFO] [1789409728.050658430] [mhe_node]: [s-collapse] |s|=0.02664 ref=0.02328 peak=0.03462 ovr=0 ratio=1.144 (thr 0.30) moment=0 quantity=0 resid=0 health=1 age=0.08 solve_ok=1 reanch=0 m_p=+0.1760 slow=0/5
[INFO] [1789409729.050594349] [mhe_node]: [s-collapse] |s|=0.02555 ref=0.02328 peak=0.03462 ovr=0 ratio=1.098 (thr 0.30) moment=0 quantity=0 resid=0 health=1 age=0.09 solve_ok=1 reanch=0 m_p=+0.1659 slow=0/5
[INFO] [1789409729.168750477] [mhe_node]: MHE mass estimate: 2.226 kg (T_phys=22.00N) | solve=13.8ms (max24.1)
[INFO] [1789409729.169317327] [mhe_node]: [truth] m_hat=2.2262 m_true=2.0643 err=+7.84% | c_hat=[+0.0000,+0.0000] c_true=[+0.0000,+0.0000] | Jxx_hat=0.01420 Jxx_true=0.01420 Jyz_hat=+0.00000 Jyz_true=+0.00000 | s_hat=[-0.0211,-0.0182] s_true=[+0.0000,+0.0000] kg·m
[INFO] [1789409729.169837140] [mhe_node]: [tau_phys] roll=-0.281 pitch=+0.425 Nm
[INFO] [1789409729.170426440] [mhe_node]: [mass-diag] m_est=2.2262 T=21.998N tilt=11.24deg cos=0.98082 | T/g=2.2424 T*cos/g=2.1993 | m_est-T*cos/g=+0.0268kg (+1.22%) vz=-0.158
[INFO] [1789409729.171001637] [mhe_node]: [c_xy_est] cx=-0.0088 cy=-0.0082 m
[WARN] [1789409730.150564056] [mhe_node]: [s-collapse] |s|=0.04359 > 物理上限 0.039 — 动态失真,不参与 moment 投票(本轮累计 4 帧)
[WARN] [1789409731.150672938] [mhe_node]: [s-collapse] |s|=0.04872 > 物理上限 0.039 — 动态失真,不参与 moment 投票(本轮累计 14 帧)
[INFO] [1789409731.157005620] [mhe_node]: MHE mass estimate: 2.222 kg (T_phys=21.79N) | solve=10.9ms (max17.5)
[INFO] [1789409731.157407975] [mhe_node]: [truth] m_hat=2.2215 m_true=2.0643 err=+7.62% | c_hat=[+0.0000,+0.0000] c_true=[+0.0000,+0.0000] | Jxx_hat=0.01420 Jxx_true=0.01420 Jyz_hat=+0.00000 Jyz_true=+0.00000 | s_hat=[-0.0427,-0.0230] s_true=[+0.0000,+0.0000] kg·m
[INFO] [1789409731.157771545] [mhe_node]: [tau_phys] roll=-0.232 pitch=+0.450 Nm
[INFO] [1789409731.158194486] [mhe_node]: [mass-diag] m_est=2.2215 T=21.794N tilt=3.18deg cos=0.99846 | T/g=2.2216 T*cos/g=2.2182 | m_est-T*cos/g=+0.0033kg (+0.15%) vz=-0.262
[INFO] [1789409731.158608439] [mhe_node]: [c_xy_est] cx=-0.0144 cy=-0.0090 m
[WARN] [1789409732.150520146] [mhe_node]: [s-collapse] |s|=0.04660 > 物理上限 0.039 — 动态失真,不参与 moment 投票(本轮累计 24 帧)
[WARN] [1789409733.150527555] [mhe_node]: [s-collapse] |s|=0.04230 > 物理上限 0.039 — 动态失真,不参与 moment 投票(本轮累计 34 帧)
[INFO] [1789409733.162039445] [mhe_node]: MHE mass estimate: 2.229 kg (T_phys=22.41N) | solve=10.4ms (max16.1)
[INFO] [1789409733.162598767] [mhe_node]: [truth] m_hat=2.2295 m_true=2.0643 err=+8.00% | c_hat=[+0.0000,+0.0000] c_true=[+0.0000,+0.0000] | Jxx_hat=0.01420 Jxx_true=0.01420 Jyz_hat=+0.00000 Jyz_true=+0.00000 | s_hat=[-0.0335,-0.0248] s_true=[+0.0000,+0.0000] kg·m
[INFO] [1789409733.163120174] [mhe_node]: [tau_phys] roll=-0.285 pitch=+0.202 Nm
[INFO] [1789409733.163705618] [mhe_node]: [mass-diag] m_est=2.2295 T=22.414N tilt=7.14deg cos=0.99225 | T/g=2.2848 T*cos/g=2.2671 | m_est-T*cos/g=-0.0376kg (-1.66%) vz=-0.188
[INFO] [1789409733.164288448] [mhe_node]: [c_xy_est] cx=-0.0144 cy=-0.0090 m
[INFO] [1789409734.050579133] [mhe_node]: [s-collapse] |s|=0.03743 ref=0.02328 peak=0.04872 ovr=39 ratio=1.608 (thr 0.30) moment=0 quantity=0 resid=0 health=1 age=0.09 solve_ok=1 reanch=0 m_p=+0.1722 slow=0/5
[INFO] [1789409735.050575593] [mhe_node]: [s-collapse] |s|=0.03624 ref=0.02328 peak=0.04872 ovr=39 ratio=1.557 (thr 0.30) moment=0 quantity=0 resid=0 health=1 age=0.09 solve_ok=1 reanch=0 m_p=+0.1761 slow=0/5
[INFO] [1789409735.158653979] [mhe_node]: MHE mass estimate: 2.240 kg (T_phys=22.40N) | solve=10.6ms (max16.9)
[INFO] [1789409735.159232333] [mhe_node]: [truth] m_hat=2.2405 m_true=2.0643 err=+8.53% | c_hat=[+0.0000,+0.0000] c_true=[+0.0000,+0.0000] | Jxx_hat=0.01420 Jxx_true=0.01420 Jyz_hat=+0.00000 Jyz_true=+0.00000 | s_hat=[-0.0242,-0.0275] s_true=[+0.0000,+0.0000] kg·m
[INFO] [1789409735.159758280] [mhe_node]: [tau_phys] roll=-0.256 pitch=+0.332 Nm
[INFO] [1789409735.160348100] [mhe_node]: [mass-diag] m_est=2.2405 T=22.398N tilt=9.14deg cos=0.98731 | T/g=2.2832 T*cos/g=2.2542 | m_est-T*cos/g=-0.0137kg (-0.61%) vz=-0.075
[INFO] [1789409735.160931580] [mhe_node]: [c_xy_est] cx=-0.0107 cy=-0.0122 m
[INFO] [1789409736.050590055] [mhe_node]: [s-collapse] |s|=0.03807 ref=0.02328 peak=0.04872 ovr=39 ratio=1.636 (thr 0.30) moment=0 quantity=0 resid=0 health=1 age=0.09 solve_ok=1 reanch=0 m_p=+0.1709 slow=0/5
[WARN] [1789409737.150410614] [mhe_node]: [s-collapse] |s|=0.03914 > 物理上限 0.039 — 动态失真,不参与 moment 投票(本轮累计 45 帧)
[INFO] [1789409737.160613189] [mhe_node]: MHE mass estimate: 2.231 kg (T_phys=21.95N) | solve=11.3ms (max16.7)
[INFO] [1789409737.161021947] [mhe_node]: [truth] m_hat=2.2314 m_true=2.0643 err=+8.09% | c_hat=[+0.0000,+0.0000] c_true=[+0.0000,+0.0000] | Jxx_hat=0.01420 Jxx_true=0.01420 Jyz_hat=+0.00000 Jyz_true=+0.00000 | s_hat=[-0.0300,-0.0250] s_true=[+0.0000,+0.0000] kg·m
[INFO] [1789409737.161391713] [mhe_node]: [tau_phys] roll=-0.257 pitch=+0.193 Nm
[INFO] [1789409737.161807717] [mhe_node]: [mass-diag] m_est=2.2314 T=21.950N tilt=4.89deg cos=0.99636 | T/g=2.2375 T*cos/g=2.2294 | m_est-T*cos/g=+0.0020kg (+0.09%) vz=+0.012
[INFO] [1789409737.162221461] [mhe_node]: [c_xy_est] cx=-0.0130 cy=-0.0116 m
[INFO] [1789409738.050610981] [mhe_node]: [s-collapse] |s|=0.03422 ref=0.02328 peak=0.04872 ovr=46 ratio=1.470 (thr 0.30) moment=0 quantity=0 resid=0 health=1 age=0.09 solve_ok=1 reanch=0 m_p=+0.1596 slow=0/5
[INFO] [1789409739.050564956] [mhe_node]: [s-collapse] |s|=0.03409 ref=0.02328 peak=0.04872 ovr=46 ratio=1.464 (thr 0.30) moment=0 quantity=0 resid=0 health=1 age=0.09 solve_ok=1 reanch=0 m_p=+0.1744 slow=0/5
[INFO] [1789409739.169295069] [mhe_node]: MHE mass estimate: 2.240 kg (T_phys=22.64N) | solve=11.6ms (max18.0)
[INFO] [1789409739.169850874] [mhe_node]: [truth] m_hat=2.2400 m_true=2.0643 err=+8.51% | c_hat=[+0.0000,+0.0000] c_true=[+0.0000,+0.0000] | Jxx_hat=0.01420 Jxx_true=0.01420 Jyz_hat=+0.00000 Jyz_true=+0.00000 | s_hat=[-0.0223,-0.0260] s_true=[+0.0000,+0.0000] kg·m
[INFO] [1789409739.170367059] [mhe_node]: [tau_phys] roll=-0.316 pitch=+0.278 Nm
[INFO] [1789409739.170949608] [mhe_node]: [mass-diag] m_est=2.2400 T=22.642N tilt=9.78deg cos=0.98547 | T/g=2.3080 T*cos/g=2.2745 | m_est-T*cos/g=-0.0345kg (-1.51%) vz=+0.149
[INFO] [1789409739.171541401] [mhe_node]: [c_xy_est] cx=-0.0098 cy=-0.0116 m
[INFO] [1789409740.050584236] [mhe_node]: [s-collapse] |s|=0.03737 ref=0.02328 peak=0.04872 ovr=46 ratio=1.606 (thr 0.30) moment=0 quantity=0 resid=0 health=1 age=0.09 solve_ok=1 reanch=0 m_p=+0.1768 slow=0/5
[WARN] [1789409741.150526702] [mhe_node]: [s-collapse] |s|=0.04247 > 物理上限 0.039 — 动态失真,不参与 moment 投票(本轮累计 54 帧)
[INFO] [1789409741.164615013] [mhe_node]: MHE mass estimate: 2.223 kg (T_phys=22.05N) | solve=12.1ms (max18.5)
[INFO] [1789409741.165022194] [mhe_node]: [truth] m_hat=2.2228 m_true=2.0643 err=+7.68% | c_hat=[+0.0000,+0.0000] c_true=[+0.0000,+0.0000] | Jxx_hat=0.01420 Jxx_true=0.01420 Jyz_hat=+0.00000 Jyz_true=+0.00000 | s_hat=[-0.0343,-0.0254] s_true=[+0.0000,+0.0000] kg·m
[INFO] [1789409741.165390406] [mhe_node]: [tau_phys] roll=-0.236 pitch=+0.427 Nm
[INFO] [1789409741.165805420] [mhe_node]: [mass-diag] m_est=2.2228 T=22.045N tilt=8.06deg cos=0.99012 | T/g=2.2472 T*cos/g=2.2250 | m_est-T*cos/g=-0.0022kg (-0.10%) vz=+0.222
[INFO] [1789409741.166214577] [mhe_node]: [c_xy_est] cx=-0.0124 cy=-0.0123 m
[WARN] [1789409742.150442949] [mhe_node]: [s-collapse] |s|=0.04860 > 物理上限 0.039 — 动态失真,不参与 moment 投票(本轮累计 64 帧)
[WARN] [1789409743.150540267] [mhe_node]: [s-collapse] |s|=0.04680 > 物理上限 0.039 — 动态失真,不参与 moment 投票(本轮累计 74 帧)
[INFO] [1789409743.160767980] [mhe_node]: MHE mass estimate: 2.225 kg (T_phys=21.96N) | solve=15.1ms (max21.9)
[INFO] [1789409743.161360890] [mhe_node]: [truth] m_hat=2.2254 m_true=2.0643 err=+7.80% | c_hat=[+0.0000,+0.0000] c_true=[+0.0000,+0.0000] | Jxx_hat=0.01420 Jxx_true=0.01420 Jyz_hat=+0.00000 Jyz_true=+0.00000 | s_hat=[-0.0398,-0.0236] s_true=[+0.0000,+0.0000] kg·m
[INFO] [1789409743.161880589] [mhe_node]: [tau_phys] roll=-0.201 pitch=+0.448 Nm
[INFO] [1789409743.162469223] [mhe_node]: [mass-diag] m_est=2.2254 T=21.957N tilt=2.56deg cos=0.99900 | T/g=2.2382 T*cos/g=2.2360 | m_est-T*cos/g=-0.0106kg (-0.47%) vz=+0.219
[INFO] [1789409743.163057295] [mhe_node]: [c_xy_est] cx=-0.0124 cy=-0.0123 m
[WARN] [1789409744.150564055] [mhe_node]: [s-collapse] |s|=0.04135 > 物理上限 0.039 — 动态失真,不参与 moment 投票(本轮累计 84 帧)
[INFO] [1789409745.050584216] [mhe_node]: [s-collapse] |s|=0.03466 ref=0.02328 peak=0.04982 ovr=87 ratio=1.489 (thr 0.30) moment=0 quantity=0 resid=0 health=1 age=0.09 solve_ok=1 reanch=0 m_p=+0.1744 slow=0/5
[INFO] [1789409745.165804643] [mhe_node]: MHE mass estimate: 2.241 kg (T_phys=22.38N) | solve=12.1ms (max18.1)
[INFO] [1789409745.166495294] [mhe_node]: [truth] m_hat=2.2408 m_true=2.0643 err=+8.55% | c_hat=[+0.0000,+0.0000] c_true=[+0.0000,+0.0000] | Jxx_hat=0.01420 Jxx_true=0.01420 Jyz_hat=+0.00000 Jyz_true=+0.00000 | s_hat=[-0.0248,-0.0222] s_true=[+0.0000,+0.0000] kg·m
[INFO] [1789409745.167012426] [mhe_node]: [tau_phys] roll=-0.156 pitch=+0.122 Nm
[INFO] [1789409745.167601008] [mhe_node]: [mass-diag] m_est=2.2408 T=22.380N tilt=9.56deg cos=0.98611 | T/g=2.2814 T*cos/g=2.2497 | m_est-T*cos/g=-0.0089kg (-0.39%) vz=+0.174
[INFO] [1789409745.168183068] [mhe_node]: [c_xy_est] cx=-0.0114 cy=-0.0099 m
[INFO] [1789409746.050547416] [mhe_node]: [s-collapse] |s|=0.02967 ref=0.02328 peak=0.04982 ovr=87 ratio=1.275 (thr 0.30) moment=0 quantity=0 resid=0 health=1 age=0.09 solve_ok=1 reanch=0 m_p=+0.1778 slow=0/5
[INFO] [1789409747.050636677] [mhe_node]: [s-collapse] |s|=0.03473 ref=0.02328 peak=0.04982 ovr=87 ratio=1.492 (thr 0.30) moment=0 quantity=0 resid=0 health=1 age=0.09 solve_ok=1 reanch=0 m_p=+0.1698 slow=0/5
[INFO] [1789409747.159801517] [mhe_node]: MHE mass estimate: 2.235 kg (T_phys=21.93N) | solve=10.4ms (max14.8)
[INFO] [1789409747.160215792] [mhe_node]: [truth] m_hat=2.2351 m_true=2.0643 err=+8.28% | c_hat=[+0.0000,+0.0000] c_true=[+0.0000,+0.0000] | Jxx_hat=0.01420 Jxx_true=0.01420 Jyz_hat=+0.00000 Jyz_true=+0.00000 | s_hat=[-0.0302,-0.0206] s_true=[+0.0000,+0.0000] kg·m
[INFO] [1789409747.160583979] [mhe_node]: [tau_phys] roll=-0.212 pitch=+0.484 Nm
[INFO] [1789409747.161009678] [mhe_node]: [mass-diag] m_est=2.2351 T=21.928N tilt=6.96deg cos=0.99264 | T/g=2.2352 T*cos/g=2.2188 | m_est-T*cos/g=+0.0164kg (+0.74%) vz=+0.043
[INFO] [1789409747.161423104] [mhe_node]: [c_xy_est] cx=-0.0131 cy=-0.0091 m
[WARN] [1789409748.150495091] [mhe_node]: [s-collapse] |s|=0.03939 > 物理上限 0.039 — 动态失真,不参与 moment 投票(本轮累计 90 帧)
[INFO] [1789409749.050600325] [mhe_node]: [s-collapse] |s|=0.03782 ref=0.02328 peak=0.04982 ovr=94 ratio=1.625 (thr 0.30) moment=0 quantity=0 resid=0 health=1 age=0.09 solve_ok=1 reanch=0 m_p=+0.1708 slow=0/5
[INFO] [1789409749.158593357] [mhe_node]: MHE mass estimate: 2.235 kg (T_phys=22.04N) | solve=8.5ms (max16.8)
[INFO] [1789409749.159164490] [mhe_node]: [truth] m_hat=2.2352 m_true=2.0643 err=+8.28% | c_hat=[+0.0000,+0.0000] c_true=[+0.0000,+0.0000] | Jxx_hat=0.01420 Jxx_true=0.01420 Jyz_hat=+0.00000 Jyz_true=+0.00000 | s_hat=[-0.0303,-0.0214] s_true=[+0.0000,+0.0000] kg·m
[INFO] [1789409749.159692766] [mhe_node]: [tau_phys] roll=-0.180 pitch=+0.176 Nm
[INFO] [1789409749.160286154] [mhe_node]: [mass-diag] m_est=2.2352 T=22.038N tilt=6.87deg cos=0.99282 | T/g=2.2465 T*cos/g=2.2303 | m_est-T*cos/g=+0.0049kg (+0.22%) vz=-0.093
[INFO] [1789409749.160866104] [mhe_node]: [c_xy_est] cx=-0.0138 cy=-0.0096 m
[INFO] [1789409750.050586886] [mhe_node]: [s-collapse] |s|=0.03191 ref=0.02328 peak=0.04982 ovr=94 ratio=1.371 (thr 0.30) moment=0 quantity=0 resid=0 health=1 age=0.08 solve_ok=1 reanch=0 m_p=+0.1746 slow=0/5
[INFO] [1789409751.050624532] [mhe_node]: [s-collapse] |s|=0.02942 ref=0.02328 peak=0.04982 ovr=94 ratio=1.264 (thr 0.30) moment=0 quantity=0 resid=0 health=1 age=0.09 solve_ok=1 reanch=0 m_p=+0.1727 slow=0/5
[INFO] [1789409751.161458329] [mhe_node]: MHE mass estimate: 2.233 kg (T_phys=22.01N) | solve=11.2ms (max14.6)
[INFO] [1789409751.162027171] [mhe_node]: [truth] m_hat=2.2333 m_true=2.0643 err=+8.19% | c_hat=[+0.0000,+0.0000] c_true=[+0.0000,+0.0000] | Jxx_hat=0.01420 Jxx_true=0.01420 Jyz_hat=+0.00000 Jyz_true=+0.00000 | s_hat=[-0.0238,-0.0196] s_true=[+0.0000,+0.0000] kg·m
[INFO] [1789409751.162556337] [mhe_node]: [tau_phys] roll=-0.220 pitch=+0.266 Nm
[INFO] [1789409751.163151181] [mhe_node]: [mass-diag] m_est=2.2333 T=22.009N tilt=10.50deg cos=0.98326 | T/g=2.2435 T*cos/g=2.2060 | m_est-T*cos/g=+0.0274kg (+1.24%) vz=-0.154
[INFO] [1789409751.163739835] [mhe_node]: [c_xy_est] cx=-0.0101 cy=-0.0089 m
[WARN] [1789409752.150447350] [mhe_node]: [s-collapse] |s|=0.04183 > 物理上限 0.039 — 动态失真,不参与 moment 投票(本轮累计 97 帧)
[WARN] [1789409753.150545876] [mhe_node]: [s-collapse] |s|=0.04931 > 物理上限 0.039 — 动态失真,不参与 moment 投票(本轮累计 107 帧)
[INFO] [1789409753.165303694] [mhe_node]: MHE mass estimate: 2.221 kg (T_phys=21.72N) | solve=11.4ms (max16.9)
[INFO] [1789409753.165861376] [mhe_node]: [truth] m_hat=2.2214 m_true=2.0643 err=+7.61% | c_hat=[+0.0000,+0.0000] c_true=[+0.0000,+0.0000] | Jxx_hat=0.01420 Jxx_true=0.01420 Jyz_hat=+0.00000 Jyz_true=+0.00000 | s_hat=[-0.0440,-0.0229] s_true=[+0.0000,+0.0000] kg·m
[INFO] [1789409753.166384242] [mhe_node]: [tau_phys] roll=-0.227 pitch=+0.385 Nm
[INFO] [1789409753.166972015] [mhe_node]: [mass-diag] m_est=2.2214 T=21.725N tilt=3.80deg cos=0.99780 | T/g=2.2146 T*cos/g=2.2097 | m_est-T*cos/g=+0.0117kg (+0.53%) vz=-0.252
[INFO] [1789409753.167561709] [mhe_node]: [c_xy_est] cx=-0.0143 cy=-0.0091 m
[WARN] [1789409754.150495605] [mhe_node]: [s-collapse] |s|=0.04699 > 物理上限 0.039 — 动态失真,不参与 moment 投票(本轮累计 117 帧)
[WARN] [1789409755.150495307] [mhe_node]: [s-collapse] |s|=0.04384 > 物理上限 0.039 — 动态失真,不参与 moment 投票(本轮累计 127 帧)
[INFO] [1789409755.162282265] [mhe_node]: MHE mass estimate: 2.229 kg (T_phys=22.34N) | solve=11.1ms (max15.6)
[INFO] [1789409755.162850420] [mhe_node]: [truth] m_hat=2.2292 m_true=2.0643 err=+7.99% | c_hat=[+0.0000,+0.0000] c_true=[+0.0000,+0.0000] | Jxx_hat=0.01420 Jxx_true=0.01420 Jyz_hat=+0.00000 Jyz_true=+0.00000 | s_hat=[-0.0350,-0.0257] s_true=[+0.0000,+0.0000] kg·m
[INFO] [1789409755.163393818] [mhe_node]: [tau_phys] roll=-0.251 pitch=+0.242 Nm
[INFO] [1789409755.163981848] [mhe_node]: [mass-diag] m_est=2.2292 T=22.344N tilt=6.66deg cos=0.99326 | T/g=2.2777 T*cos/g=2.2623 | m_est-T*cos/g=-0.0331kg (-1.46%) vz=-0.201
[INFO] [1789409755.164566553] [mhe_node]: [c_xy_est] cx=-0.0143 cy=-0.0091 m
[INFO] [1789409757.050614810] [mhe_node]: [s-collapse] |s|=0.03685 ref=0.02328 peak=0.04982 ovr=136 ratio=1.583 (thr 0.30) moment=0 quantity=0 resid=0 health=1 age=0.09 solve_ok=1 reanch=0 m_p=+0.1756 slow=0/5
[INFO] [1789409757.159514973] [mhe_node]: MHE mass estimate: 2.242 kg (T_phys=22.47N) | solve=10.7ms (max19.3)
[INFO] [1789409757.159930415] [mhe_node]: [truth] m_hat=2.2415 m_true=2.0643 err=+8.58% | c_hat=[+0.0000,+0.0000] c_true=[+0.0000,+0.0000] | Jxx_hat=0.01420 Jxx_true=0.01420 Jyz_hat=+0.00000 Jyz_true=+0.00000 | s_hat=[-0.0244,-0.0282] s_true=[+0.0000,+0.0000] kg·m
[INFO] [1789409757.160302036] [mhe_node]: [tau_phys] roll=-0.260 pitch=+0.361 Nm
[INFO] [1789409757.160719660] [mhe_node]: [mass-diag] m_est=2.2415 T=22.469N tilt=9.38deg cos=0.98663 | T/g=2.2905 T*cos/g=2.2598 | m_est-T*cos/g=-0.0183kg (-0.81%) vz=-0.086
[INFO] [1789409757.161130490] [mhe_node]: [c_xy_est] cx=-0.0109 cy=-0.0125 m
[INFO] [1789409758.050529151] [mhe_node]: [s-collapse] |s|=0.03900 ref=0.02328 peak=0.04982 ovr=136 ratio=1.675 (thr 0.30) moment=0 quantity=0 resid=0 health=1 age=0.09 solve_ok=1 reanch=0 m_p=+0.1757 slow=0/5
[WARN] [1789409758.150583869] [mhe_node]: [s-collapse] |s|=0.03933 > 物理上限 0.039 — 动态失真,不参与 moment 投票(本轮累计 137 帧)
[WARN] [1789409759.150457162] [mhe_node]: [s-collapse] |s|=0.04227 > 物理上限 0.039 — 动态失真,不参与 moment 投票(本轮累计 147 帧)
[INFO] [1789409759.156372480] [mhe_node]: MHE mass estimate: 2.232 kg (T_phys=22.27N) | solve=8.5ms (max14.6)
[INFO] [1789409759.156772769] [mhe_node]: [truth] m_hat=2.2320 m_true=2.0643 err=+8.12% | c_hat=[+0.0000,+0.0000] c_true=[+0.0000,+0.0000] | Jxx_hat=0.01420 Jxx_true=0.01420 Jyz_hat=+0.00000 Jyz_true=+0.00000 | s_hat=[-0.0330,-0.0265] s_true=[+0.0000,+0.0000] kg·m
[INFO] [1789409759.157139800] [mhe_node]: [tau_phys] roll=-0.284 pitch=+0.427 Nm
[INFO] [1789409759.157556118] [mhe_node]: [mass-diag] m_est=2.2320 T=22.265N tilt=4.70deg cos=0.99664 | T/g=2.2696 T*cos/g=2.2620 | m_est-T*cos/g=-0.0300kg (-1.33%) vz=-0.007
[INFO] [1789409759.157958522] [mhe_node]: [c_xy_est] cx=-0.0119 cy=-0.0127 m
[WARN] [1789409760.150489877] [mhe_node]: [s-collapse] |s|=0.04160 > 物理上限 0.039 — 动态失真,不参与 moment 投票(本轮累计 157 帧)
[INFO] [1789409761.050647363] [mhe_node]: [s-collapse] |s|=0.03840 ref=0.02328 peak=0.04982 ovr=164 ratio=1.650 (thr 0.30) moment=0 quantity=0 resid=0 health=1 age=0.09 solve_ok=1 reanch=0 m_p=+0.1793 slow=0/5
[INFO] [1789409761.167395723] [mhe_node]: MHE mass estimate: 2.245 kg (T_phys=22.55N) | solve=9.4ms (max15.9)
[INFO] [1789409761.168004772] [mhe_node]: [truth] m_hat=2.2451 m_true=2.0643 err=+8.76% | c_hat=[+0.0000,+0.0000] c_true=[+0.0000,+0.0000] | Jxx_hat=0.01420 Jxx_true=0.01420 Jyz_hat=+0.00000 Jyz_true=+0.00000 | s_hat=[-0.0262,-0.0274] s_true=[+0.0000,+0.0000] kg·m
[INFO] [1789409761.168539606] [mhe_node]: [tau_phys] roll=-0.311 pitch=+0.215 Nm
[INFO] [1789409761.169142395] [mhe_node]: [mass-diag] m_est=2.2451 T=22.549N tilt=9.33deg cos=0.98678 | T/g=2.2986 T*cos/g=2.2682 | m_est-T*cos/g=-0.0230kg (-1.02%) vz=+0.151
[INFO] [1789409761.169722266] [mhe_node]: [c_xy_est] cx=-0.0119 cy=-0.0122 m
[INFO] [1789409762.050605220] [mhe_node]: [s-collapse] |s|=0.03802 ref=0.02328 peak=0.04982 ovr=164 ratio=1.633 (thr 0.30) moment=0 quantity=0 resid=0 health=1 age=0.09 solve_ok=1 reanch=0 m_p=+0.1797 slow=0/5
[WARN] [1789409763.150511599] [mhe_node]: [s-collapse] |s|=0.04241 > 物理上限 0.039 — 动态失真,不参与 moment 投票(本轮累计 173 帧)
[INFO] [1789409763.173429364] [mhe_node]: MHE mass estimate: 2.222 kg (T_phys=22.04N) | solve=11.1ms (max21.7)
[INFO] [1789409763.174141360] [mhe_node]: [truth] m_hat=2.2217 m_true=2.0643 err=+7.62% | c_hat=[+0.0000,+0.0000] c_true=[+0.0000,+0.0000] | Jxx_hat=0.01420 Jxx_true=0.01420 Jyz_hat=+0.00000 Jyz_true=+0.00000 | s_hat=[-0.0341,-0.0260] s_true=[+0.0000,+0.0000] kg·m
[INFO] [1789409763.174666931] [mhe_node]: [tau_phys] roll=-0.256 pitch=+0.428 Nm
[INFO] [1789409763.175265126] [mhe_node]: [mass-diag] m_est=2.2217 T=22.041N tilt=8.32deg cos=0.98948 | T/g=2.2468 T*cos/g=2.2232 | m_est-T*cos/g=-0.0015kg (-0.07%) vz=+0.227
[INFO] [1789409763.175846337] [mhe_node]: [c_xy_est] cx=-0.0118 cy=-0.0126 m
[WARN] [1789409764.150488771] [mhe_node]: [s-collapse] |s|=0.04881 > 物理上限 0.039 — 动态失真,不参与 moment 投票(本轮累计 183 帧)
[WARN] [1789409765.150517808] [mhe_node]: [s-collapse] |s|=0.04753 > 物理上限 0.039 — 动态失真,不参与 moment 投票(本轮累计 193 帧)
[INFO] [1789409765.159809376] [mhe_node]: MHE mass estimate: 2.231 kg (T_phys=21.84N) | solve=14.2ms (max25.9)
[INFO] [1789409765.160375684] [mhe_node]: [truth] m_hat=2.2305 m_true=2.0643 err=+8.05% | c_hat=[+0.0000,+0.0000] c_true=[+0.0000,+0.0000] | Jxx_hat=0.01420 Jxx_true=0.01420 Jyz_hat=+0.00000 Jyz_true=+0.00000 | s_hat=[-0.0405,-0.0242] s_true=[+0.0000,+0.0000] kg·m
[INFO] [1789409765.160895992] [mhe_node]: [tau_phys] roll=-0.213 pitch=+0.424 Nm
[INFO] [1789409765.161485029] [mhe_node]: [mass-diag] m_est=2.2305 T=21.838N tilt=1.74deg cos=0.99954 | T/g=2.2261 T*cos/g=2.2251 | m_est-T*cos/g=+0.0055kg (+0.25%) vz=+0.224
[INFO] [1789409765.162060092] [mhe_node]: [c_xy_est] cx=-0.0118 cy=-0.0126 m
[WARN] [1789409766.150561691] [mhe_node]: [s-collapse] |s|=0.04294 > 物理上限 0.039 — 动态失真,不参与 moment 投票(本轮累计 203 帧)
[INFO] [1789409767.050529837] [mhe_node]: [s-collapse] |s|=0.03527 ref=0.02328 peak=0.04982 ovr=207 ratio=1.515 (thr 0.30) moment=0 quantity=0 resid=0 health=1 age=0.09 solve_ok=1 reanch=0 m_p=+0.1683 slow=0/5
[INFO] [1789409767.162557605] [mhe_node]: MHE mass estimate: 2.236 kg (T_phys=22.38N) | solve=11.4ms (max23.4)
[INFO] [1789409767.162969113] [mhe_node]: [truth] m_hat=2.2357 m_true=2.0643 err=+8.30% | c_hat=[+0.0000,+0.0000] c_true=[+0.0000,+0.0000] | Jxx_hat=0.01420 Jxx_true=0.01420 Jyz_hat=+0.00000 Jyz_true=+0.00000 | s_hat=[-0.0248,-0.0227] s_true=[+0.0000,+0.0000] kg·m
[INFO] [1789409767.163340491] [mhe_node]: [tau_phys] roll=-0.181 pitch=+0.284 Nm
[INFO] [1789409767.163758004] [mhe_node]: [mass-diag] m_est=2.2357 T=22.383N tilt=9.23deg cos=0.98705 | T/g=2.2816 T*cos/g=2.2521 | m_est-T*cos/g=-0.0164kg (-0.73%) vz=+0.164
[INFO] [1789409767.164167896] [mhe_node]: [c_xy_est] cx=-0.0116 cy=-0.0101 m
[INFO] [1789409768.050548101] [mhe_node]: [s-collapse] |s|=0.02961 ref=0.02328 peak=0.04982 ovr=207 ratio=1.272 (thr 0.30) moment=0 quantity=0 resid=0 health=1 age=0.08 solve_ok=1 reanch=0 m_p=+0.1789 slow=0/5
[INFO] [1789409769.050582059] [mhe_node]: [s-collapse] |s|=0.03304 ref=0.02328 peak=0.04982 ovr=207 ratio=1.419 (thr 0.30) moment=0 quantity=0 resid=0 health=1 age=0.09 solve_ok=1 reanch=0 m_p=+0.1716 slow=0/5
[INFO] [1789409769.159472968] [mhe_node]: MHE mass estimate: 2.235 kg (T_phys=21.85N) | solve=12.3ms (max20.3)
[INFO] [1789409769.160039714] [mhe_node]: [truth] m_hat=2.2346 m_true=2.0643 err=+8.25% | c_hat=[+0.0000,+0.0000] c_true=[+0.0000,+0.0000] | Jxx_hat=0.01420 Jxx_true=0.01420 Jyz_hat=+0.00000 Jyz_true=+0.00000 | s_hat=[-0.0280,-0.0206] s_true=[+0.0000,+0.0000] kg·m
[INFO] [1789409769.160564174] [mhe_node]: [tau_phys] roll=-0.214 pitch=+0.305 Nm
[INFO] [1789409769.161153672] [mhe_node]: [mass-diag] m_est=2.2346 T=21.854N tilt=7.52deg cos=0.99140 | T/g=2.2277 T*cos/g=2.2086 | m_est-T*cos/g=+0.0260kg (+1.18%) vz=+0.052
[INFO] [1789409769.161737921] [mhe_node]: [c_xy_est] cx=-0.0121 cy=-0.0092 m
[WARN] [1789409770.150493410] [mhe_node]: [s-collapse] |s|=0.04040 > 物理上限 0.039 — 动态失真,不参与 moment 投票(本轮累计 211 帧)
[INFO] [1789409771.050678353] [mhe_node]: [s-collapse] |s|=0.03820 ref=0.02328 peak=0.04982 ovr=218 ratio=1.641 (thr 0.30) moment=0 quantity=0 resid=0 health=1 age=0.08 solve_ok=1 reanch=0 m_p=+0.1724 slow=0/5
[INFO] [1789409771.169286653] [mhe_node]: MHE mass estimate: 2.237 kg (T_phys=22.14N) | solve=9.9ms (max18.0)
[INFO] [1789409771.169853375] [mhe_node]: [truth] m_hat=2.2373 m_true=2.0643 err=+8.38% | c_hat=[+0.0000,+0.0000] c_true=[+0.0000,+0.0000] | Jxx_hat=0.01420 Jxx_true=0.01420 Jyz_hat=+0.00000 Jyz_true=+0.00000 | s_hat=[-0.0299,-0.0220] s_true=[+0.0000,+0.0000] kg·m
[INFO] [1789409771.170380347] [mhe_node]: [tau_phys] roll=-0.158 pitch=+0.337 Nm
[INFO] [1789409771.170970207] [mhe_node]: [mass-diag] m_est=2.2373 T=22.137N tilt=6.21deg cos=0.99413 | T/g=2.2566 T*cos/g=2.2434 | m_est-T*cos/g=-0.0061kg (-0.27%) vz=-0.065
[INFO] [1789409771.171556186] [mhe_node]: [c_xy_est] cx=-0.0136 cy=-0.0099 m
[INFO] [1789409772.050607686] [mhe_node]: [s-collapse] |s|=0.03221 ref=0.02328 peak=0.04982 ovr=218 ratio=1.384 (thr 0.30) moment=0 quantity=0 resid=0 health=1 age=0.09 solve_ok=1 reanch=0 m_p=+0.1766 slow=0/5
[INFO] [1789409773.050616243] [mhe_node]: [s-collapse] |s|=0.02928 ref=0.02328 peak=0.04982 ovr=218 ratio=1.258 (thr 0.30) moment=0 quantity=0 resid=0 health=1 age=0.09 solve_ok=1 reanch=0 m_p=+0.1687 slow=0/5
[INFO] [1789409773.163674692] [mhe_node]: MHE mass estimate: 2.230 kg (T_phys=22.19N) | solve=10.8ms (max15.5)
[INFO] [1789409773.164239433] [mhe_node]: [truth] m_hat=2.2304 m_true=2.0643 err=+8.05% | c_hat=[+0.0000,+0.0000] c_true=[+0.0000,+0.0000] | Jxx_hat=0.01420 Jxx_true=0.01420 Jyz_hat=+0.00000 Jyz_true=+0.00000 | s_hat=[-0.0219,-0.0197] s_true=[+0.0000,+0.0000] kg·m
[INFO] [1789409773.164756697] [mhe_node]: [tau_phys] roll=-0.274 pitch=+0.598 Nm
[INFO] [1789409773.165342307] [mhe_node]: [mass-diag] m_est=2.2304 T=22.193N tilt=10.56deg cos=0.98305 | T/g=2.2623 T*cos/g=2.2239 | m_est-T*cos/g=+0.0065kg (+0.29%) vz=-0.172
[INFO] [1789409773.165922752] [mhe_node]: [c_xy_est] cx=-0.0096 cy=-0.0089 m
[INFO] [1789409774.050609375] [mhe_node]: [s-collapse] |s|=0.03728 ref=0.02328 peak=0.04982 ovr=218 ratio=1.602 (thr 0.30) moment=0 quantity=0 resid=0 health=1 age=0.09 solve_ok=1 reanch=0 m_p=+0.1658 slow=0/5
[WARN] [1789409775.150490900] [mhe_node]: [s-collapse] |s|=0.04702 > 物理上限 0.039 — 动态失真,不参与 moment 投票(本轮累计 228 帧)
[INFO] [1789409775.164001191] [mhe_node]: MHE mass estimate: 2.221 kg (T_phys=21.77N) | solve=10.3ms (max13.5)
[INFO] [1789409775.164562006] [mhe_node]: [truth] m_hat=2.2207 m_true=2.0643 err=+7.58% | c_hat=[+0.0000,+0.0000] c_true=[+0.0000,+0.0000] | Jxx_hat=0.01420 Jxx_true=0.01420 Jyz_hat=+0.00000 Jyz_true=+0.00000 | s_hat=[-0.0411,-0.0227] s_true=[+0.0000,+0.0000] kg·m
[INFO] [1789409775.165083537] [mhe_node]: [tau_phys] roll=-0.245 pitch=+0.617 Nm
[INFO] [1789409775.165673241] [mhe_node]: [mass-diag] m_est=2.2207 T=21.772N tilt=5.55deg cos=0.99531 | T/g=2.2194 T*cos/g=2.2090 | m_est-T*cos/g=+0.0117kg (+0.53%) vz=-0.229
[INFO] [1789409775.166263409] [mhe_node]: [c_xy_est] cx=-0.0145 cy=-0.0093 m
[WARN] [1789409776.150481653] [mhe_node]: [s-collapse] |s|=0.04800 > 物理上限 0.039 — 动态失真,不参与 moment 投票(本轮累计 238 帧)
[WARN] [1789409777.150494415] [mhe_node]: [s-collapse] |s|=0.04598 > 物理上限 0.039 — 动态失真,不参与 moment 投票(本轮累计 248 帧)
[INFO] [1789409777.163807300] [mhe_node]: MHE mass estimate: 2.226 kg (T_phys=22.23N) | solve=11.3ms (max15.8)
[INFO] [1789409777.164364282] [mhe_node]: [truth] m_hat=2.2257 m_true=2.0643 err=+7.82% | c_hat=[+0.0000,+0.0000] c_true=[+0.0000,+0.0000] | Jxx_hat=0.01420 Jxx_true=0.01420 Jyz_hat=+0.00000 Jyz_true=+0.00000 | s_hat=[-0.0377,-0.0253] s_true=[+0.0000,+0.0000] kg·m
[INFO] [1789409777.164884728] [mhe_node]: [tau_phys] roll=-0.290 pitch=+0.314 Nm
[INFO] [1789409777.165510549] [mhe_node]: [mass-diag] m_est=2.2257 T=22.234N tilt=5.87deg cos=0.99476 | T/g=2.2664 T*cos/g=2.2546 | m_est-T*cos/g=-0.0288kg (-1.28%) vz=-0.218
[INFO] [1789409777.166099458] [mhe_node]: [c_xy_est] cx=-0.0145 cy=-0.0093 m
[WARN] [1789409778.150512875] [mhe_node]: [s-collapse] |s|=0.03967 > 物理上限 0.039 — 动态失真,不参与 moment 投票(本轮累计 258 帧)
[INFO] [1789409779.050587571] [mhe_node]: [s-collapse] |s|=0.03648 ref=0.02328 peak=0.04982 ovr=259 ratio=1.567 (thr 0.30) moment=0 quantity=0 resid=0 health=1 age=0.09 solve_ok=1 reanch=0 m_p=+0.1749 slow=0/5
[INFO] [1789409779.158624687] [mhe_node]: MHE mass estimate: 2.240 kg (T_phys=22.51N) | solve=12.8ms (max17.1)
[INFO] [1789409779.159201428] [mhe_node]: [truth] m_hat=2.2403 m_true=2.0643 err=+8.53% | c_hat=[+0.0000,+0.0000] c_true=[+0.0000,+0.0000] | Jxx_hat=0.01420 Jxx_true=0.01420 Jyz_hat=+0.00000 Jyz_true=+0.00000 | s_hat=[-0.0237,-0.0275] s_true=[+0.0000,+0.0000] kg·m
[INFO] [1789409779.159723114] [mhe_node]: [tau_phys] roll=-0.273 pitch=+0.340 Nm
[INFO] [1789409779.160313539] [mhe_node]: [mass-diag] m_est=2.2403 T=22.513N tilt=9.63deg cos=0.98592 | T/g=2.2949 T*cos/g=2.2626 | m_est-T*cos/g=-0.0223kg (-0.98%) vz=-0.104
[INFO] [1789409779.160894024] [mhe_node]: [c_xy_est] cx=-0.0107 cy=-0.0122 m
[INFO] [1789409779.750680231] [mhe_node]: [c_xy-clamp] 越界剔除 0/600 (0.0%) 上限 0.0390 kg·m clamp=1
[INFO] [1789409780.050626355] [mhe_node]: [s-collapse] |s|=0.03781 ref=0.02328 peak=0.04982 ovr=259 ratio=1.624 (thr 0.30) moment=0 quantity=0 resid=0 health=1 age=0.09 solve_ok=1 reanch=0 m_p=+0.1756 slow=0/5
[WARN] [1789409781.150501568] [mhe_node]: [s-collapse] |s|=0.04067 > 物理上限 0.039 — 动态失真,不参与 moment 投票(本轮累计 264 帧)
[INFO] [1789409781.160952789] [mhe_node]: MHE mass estimate: 2.233 kg (T_phys=22.16N) | solve=11.1ms (max20.1)
[INFO] [1789409781.161638258] [mhe_node]: [truth] m_hat=2.2330 m_true=2.0643 err=+8.17% | c_hat=[+0.0000,+0.0000] c_true=[+0.0000,+0.0000] | Jxx_hat=0.01420 Jxx_true=0.01420 Jyz_hat=+0.00000 Jyz_true=+0.00000 | s_hat=[-0.0310,-0.0265] s_true=[+0.0000,+0.0000] kg·m
[INFO] [1789409781.162159954] [mhe_node]: [tau_phys] roll=-0.299 pitch=+0.567 Nm
[INFO] [1789409781.162755434] [mhe_node]: [mass-diag] m_est=2.2330 T=22.158N tilt=5.49deg cos=0.99541 | T/g=2.2587 T*cos/g=2.2483 | m_est-T*cos/g=-0.0153kg (-0.68%) vz=-0.013
[INFO] [1789409781.163346383] [mhe_node]: [c_xy_est] cx=-0.0122 cy=-0.0122 m
[WARN] [1789409782.150548121] [mhe_node]: [s-collapse] |s|=0.04189 > 物理上限 0.039 — 动态失真,不参与 moment 投票(本轮累计 274 帧)
[INFO] [1789409783.050591863] [mhe_node]: [s-collapse] |s|=0.03871 ref=0.02328 peak=0.04982 ovr=281 ratio=1.663 (thr 0.30) moment=0 quantity=0 resid=0 health=1 age=0.09 solve_ok=1 reanch=0 m_p=+0.1776 slow=0/5
[INFO] [1789409783.164880776] [mhe_node]: MHE mass estimate: 2.242 kg (T_phys=22.46N) | solve=10.8ms (max17.8)
[INFO] [1789409783.165451273] [mhe_node]: [truth] m_hat=2.2421 m_true=2.0643 err=+8.61% | c_hat=[+0.0000,+0.0000] c_true=[+0.0000,+0.0000] | Jxx_hat=0.01420 Jxx_true=0.01420 Jyz_hat=+0.00000 Jyz_true=+0.00000 | s_hat=[-0.0264,-0.0275] s_true=[+0.0000,+0.0000] kg·m
[INFO] [1789409783.165972005] [mhe_node]: [tau_phys] roll=-0.300 pitch=+0.296 Nm
[INFO] [1789409783.166571788] [mhe_node]: [mass-diag] m_est=2.2421 T=22.465N tilt=8.32deg cos=0.98949 | T/g=2.2900 T*cos/g=2.2659 | m_est-T*cos/g=-0.0239kg (-1.05%) vz=+0.125
[INFO] [1789409783.167160605] [mhe_node]: [c_xy_est] cx=-0.0122 cy=-0.0122 m
[INFO] [1789409784.050642569] [mhe_node]: [s-collapse] |s|=0.03670 ref=0.02328 peak=0.04982 ovr=281 ratio=1.577 (thr 0.30) moment=0 quantity=0 resid=0 health=1 age=0.09 solve_ok=1 reanch=0 m_p=+0.1778 slow=0/5
[WARN] [1789409785.150491271] [mhe_node]: [s-collapse] |s|=0.03998 > 物理上限 0.039 — 动态失真,不参与 moment 投票(本轮累计 284 帧)
[INFO] [1789409785.166028160] [mhe_node]: MHE mass estimate: 2.228 kg (T_phys=22.07N) | solve=9.9ms (max15.5)
[INFO] [1789409785.166602966] [mhe_node]: [truth] m_hat=2.2278 m_true=2.0643 err=+7.92% | c_hat=[+0.0000,+0.0000] c_true=[+0.0000,+0.0000] | Jxx_hat=0.01420 Jxx_true=0.01420 Jyz_hat=+0.00000 Jyz_true=+0.00000 | s_hat=[-0.0306,-0.0263] s_true=[+0.0000,+0.0000] kg·m
[INFO] [1789409785.167139275] [mhe_node]: [tau_phys] roll=-0.235 pitch=+0.301 Nm
[INFO] [1789409785.167726809] [mhe_node]: [mass-diag] m_est=2.2278 T=22.066N tilt=9.11deg cos=0.98739 | T/g=2.2494 T*cos/g=2.2210 | m_est-T*cos/g=+0.0068kg (+0.31%) vz=+0.234
[INFO] [1789409785.168322637] [mhe_node]: [c_xy_est] cx=-0.0122 cy=-0.0123 m
[WARN] [1789409786.150504092] [mhe_node]: [s-collapse] |s|=0.04652 > 物理上限 0.039 — 动态失真,不参与 moment 投票(本轮累计 294 帧)
[WARN] [1789409787.150527900] [mhe_node]: [s-collapse] |s|=0.04993 > 物理上限 0.039 — 动态失真,不参与 moment 投票(本轮累计 304 帧)
[INFO] [1789409787.166150868] [mhe_node]: MHE mass estimate: 2.230 kg (T_phys=21.93N) | solve=18.0ms (max29.9)
[INFO] [1789409787.166712298] [mhe_node]: [truth] m_hat=2.2304 m_true=2.0643 err=+8.05% | c_hat=[+0.0000,+0.0000] c_true=[+0.0000,+0.0000] | Jxx_hat=0.01420 Jxx_true=0.01420 Jyz_hat=+0.00000 Jyz_true=+0.00000 | s_hat=[-0.0428,-0.0247] s_true=[+0.0000,+0.0000] kg·m
[INFO] [1789409787.167242208] [mhe_node]: [tau_phys] roll=-0.211 pitch=+0.362 Nm
[INFO] [1789409787.167832962] [mhe_node]: [mass-diag] m_est=2.2304 T=21.930N tilt=1.17deg cos=0.99979 | T/g=2.2355 T*cos/g=2.2350 | m_est-T*cos/g=-0.0047kg (-0.21%) vz=+0.231
[INFO] [1789409787.168419953] [mhe_node]: [c_xy_est] cx=-0.0122 cy=-0.0123 m
[WARN] [1789409788.150632314] [mhe_node]: [s-collapse] |s|=0.04321 > 物理上限 0.039 — 动态失真,不参与 moment 投票(本轮累计 314 帧)
[INFO] [1789409789.050595509] [mhe_node]: [s-collapse] |s|=0.03697 ref=0.02328 peak=0.05081 ovr=319 ratio=1.588 (thr 0.30) moment=0 quantity=0 resid=0 health=1 age=0.09 solve_ok=1 reanch=0 m_p=+0.1714 slow=0/5
[INFO] [1789409789.160668899] [mhe_node]: MHE mass estimate: 2.239 kg (T_phys=22.38N) | solve=10.6ms (max16.7)
[INFO] [1789409789.161237370] [mhe_node]: [truth] m_hat=2.2387 m_true=2.0643 err=+8.45% | c_hat=[+0.0000,+0.0000] c_true=[+0.0000,+0.0000] | Jxx_hat=0.01420 Jxx_true=0.01420 Jyz_hat=+0.00000 Jyz_true=+0.00000 | s_hat=[-0.0271,-0.0232] s_true=[+0.0000,+0.0000] kg·m
[INFO] [1789409789.161758177] [mhe_node]: [tau_phys] roll=-0.168 pitch=+0.267 Nm
[INFO] [1789409789.162349095] [mhe_node]: [mass-diag] m_est=2.2387 T=22.380N tilt=8.66deg cos=0.98859 | T/g=2.2814 T*cos/g=2.2554 | m_est-T*cos/g=-0.0166kg (-0.74%) vz=+0.185
[INFO] [1789409789.162929420] [mhe_node]: [c_xy_est] cx=-0.0125 cy=-0.0104 m
[INFO] [1789409790.050591902] [mhe_node]: [s-collapse] |s|=0.03083 ref=0.02328 peak=0.05081 ovr=319 ratio=1.324 (thr 0.30) moment=0 quantity=0 resid=0 health=1 age=0.09 solve_ok=1 reanch=0 m_p=+0.1767 slow=0/5
[INFO] [1789409791.050652636] [mhe_node]: [s-collapse] |s|=0.03096 ref=0.02328 peak=0.05081 ovr=319 ratio=1.330 (thr 0.30) moment=0 quantity=0 resid=0 health=1 age=0.09 solve_ok=1 reanch=0 m_p=+0.1737 slow=0/5
[INFO] [1789409791.161594014] [mhe_node]: MHE mass estimate: 2.237 kg (T_phys=21.91N) | solve=11.8ms (max15.8)
[INFO] [1789409791.162184473] [mhe_node]: [truth] m_hat=2.2366 m_true=2.0643 err=+8.35% | c_hat=[+0.0000,+0.0000] c_true=[+0.0000,+0.0000] | Jxx_hat=0.01420 Jxx_true=0.01420 Jyz_hat=+0.00000 Jyz_true=+0.00000 | s_hat=[-0.0247,-0.0211] s_true=[+0.0000,+0.0000] kg·m
[INFO] [1789409791.162710407] [mhe_node]: [tau_phys] roll=-0.224 pitch=+0.409 Nm
[INFO] [1789409791.163525928] [mhe_node]: [mass-diag] m_est=2.2366 T=21.910N tilt=8.27deg cos=0.98960 | T/g=2.2334 T*cos/g=2.2102 | m_est-T*cos/g=+0.0265kg (+1.20%) vz=+0.079
[INFO] [1789409791.164111124] [mhe_node]: [c_xy_est] cx=-0.0107 cy=-0.0094 m
[INFO] [1789409792.050599315] [mhe_node]: [s-collapse] |s|=0.03861 ref=0.02328 peak=0.05081 ovr=319 ratio=1.659 (thr 0.30) moment=0 quantity=0 resid=0 health=1 age=0.09 solve_ok=1 reanch=0 m_p=+0.1695 slow=0/5
[WARN] [1789409792.150443404] [mhe_node]: [s-collapse] |s|=0.03932 > 物理上限 0.039 — 动态失真,不参与 moment 投票(本轮累计 320 帧)
[WARN] [1789409793.150532296] [mhe_node]: [s-collapse] |s|=0.04001 > 物理上限 0.039 — 动态失真,不参与 moment 投票(本轮累计 330 帧)
[INFO] [1789409793.165265960] [mhe_node]: MHE mass estimate: 2.235 kg (T_phys=22.00N) | solve=8.1ms (max14.0)
[INFO] [1789409793.165826555] [mhe_node]: [truth] m_hat=2.2352 m_true=2.0643 err=+8.28% | c_hat=[+0.0000,+0.0000] c_true=[+0.0000,+0.0000] | Jxx_hat=0.01420 Jxx_true=0.01420 Jyz_hat=+0.00000 Jyz_true=+0.00000 | s_hat=[-0.0324,-0.0224] s_true=[+0.0000,+0.0000] kg·m
[INFO] [1789409793.166357863] [mhe_node]: [tau_phys] roll=-0.209 pitch=+0.282 Nm
[INFO] [1789409793.166946885] [mhe_node]: [mass-diag] m_est=2.2352 T=21.998N tilt=5.76deg cos=0.99496 | T/g=2.2424 T*cos/g=2.2311 | m_est-T*cos/g=+0.0041kg (+0.18%) vz=-0.074
[INFO] [1789409793.167533499] [mhe_node]: [c_xy_est] cx=-0.0142 cy=-0.0099 m
[INFO] [1789409794.050654816] [mhe_node]: [s-collapse] |s|=0.03386 ref=0.02328 peak=0.05081 ovr=331 ratio=1.455 (thr 0.30) moment=0 quantity=0 resid=0 health=1 age=0.09 solve_ok=1 reanch=0 m_p=+0.1729 slow=0/5
[INFO] [1789409795.050655650] [mhe_node]: [s-collapse] |s|=0.02895 ref=0.02328 peak=0.05081 ovr=331 ratio=1.244 (thr 0.30) moment=0 quantity=0 resid=0 health=1 age=0.09 solve_ok=1 reanch=0 m_p=+0.1761 slow=0/5
[INFO] [1789409795.163945747] [mhe_node]: MHE mass estimate: 2.239 kg (T_phys=22.22N) | solve=11.0ms (max16.8)
[INFO] [1789409795.164511040] [mhe_node]: [truth] m_hat=2.2392 m_true=2.0643 err=+8.47% | c_hat=[+0.0000,+0.0000] c_true=[+0.0000,+0.0000] | Jxx_hat=0.01420 Jxx_true=0.01420 Jyz_hat=+0.00000 Jyz_true=+0.00000 | s_hat=[-0.0205,-0.0205] s_true=[+0.0000,+0.0000] kg·m
[INFO] [1789409795.165032230] [mhe_node]: [tau_phys] roll=-0.185 pitch=+0.236 Nm
[INFO] [1789409795.165620007] [mhe_node]: [mass-diag] m_est=2.2392 T=22.222N tilt=10.08deg cos=0.98456 | T/g=2.2653 T*cos/g=2.2303 | m_est-T*cos/g=+0.0090kg (+0.40%) vz=-0.148
[INFO] [1789409795.166203909] [mhe_node]: [c_xy_est] cx=-0.0090 cy=-0.0092 m
[INFO] [1789409796.050547741] [mhe_node]: [s-collapse] |s|=0.03406 ref=0.02328 peak=0.05081 ovr=331 ratio=1.463 (thr 0.30) moment=0 quantity=0 resid=0 health=1 age=0.09 solve_ok=1 reanch=0 m_p=+0.1659 slow=0/5
[WARN] [1789409797.150444962] [mhe_node]: [s-collapse] |s|=0.04663 > 物理上限 0.039 — 动态失真,不参与 moment 投票(本轮累计 339 帧)
[INFO] [1789409797.158895475] [mhe_node]: MHE mass estimate: 2.225 kg (T_phys=21.69N) | solve=11.2ms (max19.3)
[INFO] [1789409797.159460859] [mhe_node]: [truth] m_hat=2.2251 m_true=2.0643 err=+7.79% | c_hat=[+0.0000,+0.0000] c_true=[+0.0000,+0.0000] | Jxx_hat=0.01420 Jxx_true=0.01420 Jyz_hat=+0.00000 Jyz_true=+0.00000 | s_hat=[-0.0416,-0.0229] s_true=[+0.0000,+0.0000] kg·m
[INFO] [1789409797.159974782] [mhe_node]: [tau_phys] roll=-0.221 pitch=+0.494 Nm
[INFO] [1789409797.160561226] [mhe_node]: [mass-diag] m_est=2.2251 T=21.685N tilt=5.60deg cos=0.99523 | T/g=2.2105 T*cos/g=2.2000 | m_est-T*cos/g=+0.0251kg (+1.14%) vz=-0.220
[INFO] [1789409797.161139927] [mhe_node]: [c_xy_est] cx=-0.0143 cy=-0.0092 m
[WARN] [1789409798.150530214] [mhe_node]: [s-collapse] |s|=0.04885 > 物理上限 0.039 — 动态失真,不参与 moment 投票(本轮累计 349 帧)
[WARN] [1789409799.150459154] [mhe_node]: [s-collapse] |s|=0.04551 > 物理上限 0.039 — 动态失真,不参与 moment 投票(本轮累计 359 帧)
[INFO] [1789409799.156185578] [mhe_node]: MHE mass estimate: 2.225 kg (T_phys=22.08N) | solve=11.1ms (max20.0)
[INFO] [1789409799.156682015] [mhe_node]: [truth] m_hat=2.2246 m_true=2.0643 err=+7.76% | c_hat=[+0.0000,+0.0000] c_true=[+0.0000,+0.0000] | Jxx_hat=0.01420 Jxx_true=0.01420 Jyz_hat=+0.00000 Jyz_true=+0.00000 | s_hat=[-0.0375,-0.0254] s_true=[+0.0000,+0.0000] kg·m
[INFO] [1789409799.157047451] [mhe_node]: [tau_phys] roll=-0.275 pitch=+0.293 Nm
[INFO] [1789409799.157458923] [mhe_node]: [mass-diag] m_est=2.2246 T=22.082N tilt=4.90deg cos=0.99635 | T/g=2.2510 T*cos/g=2.2428 | m_est-T*cos/g=-0.0182kg (-0.81%) vz=-0.239
[INFO] [1789409799.157857952] [mhe_node]: [c_xy_est] cx=-0.0143 cy=-0.0092 m
[WARN] [1789409800.150506210] [mhe_node]: [s-collapse] |s|=0.04186 > 物理上限 0.039 — 动态失真,不参与 moment 投票(本轮累计 369 帧)
[INFO] [1789409801.050591878] [mhe_node]: [s-collapse] |s|=0.03704 ref=0.02328 peak=0.05081 ovr=374 ratio=1.591 (thr 0.30) moment=0 quantity=0 resid=0 health=1 age=0.09 solve_ok=1 reanch=0 m_p=+0.1729 slow=0/5
[INFO] [1789409801.159437543] [mhe_node]: MHE mass estimate: 2.238 kg (T_phys=22.44N) | solve=13.2ms (max23.4)
[INFO] [1789409801.159997514] [mhe_node]: [truth] m_hat=2.2376 m_true=2.0643 err=+8.39% | c_hat=[+0.0000,+0.0000] c_true=[+0.0000,+0.0000] | Jxx_hat=0.01420 Jxx_true=0.01420 Jyz_hat=+0.00000 Jyz_true=+0.00000 | s_hat=[-0.0245,-0.0272] s_true=[+0.0000,+0.0000] kg·m
[INFO] [1789409801.160522801] [mhe_node]: [tau_phys] roll=-0.293 pitch=+0.273 Nm
[INFO] [1789409801.161105796] [mhe_node]: [mass-diag] m_est=2.2376 T=22.436N tilt=9.99deg cos=0.98483 | T/g=2.2870 T*cos/g=2.2523 | m_est-T*cos/g=-0.0148kg (-0.66%) vz=-0.127
[INFO] [1789409801.161689573] [mhe_node]: [c_xy_est] cx=-0.0112 cy=-0.0121 m
[INFO] [1789409802.050551862] [mhe_node]: [s-collapse] |s|=0.03738 ref=0.02328 peak=0.05081 ovr=374 ratio=1.606 (thr 0.30) moment=0 quantity=0 resid=0 health=1 age=0.09 solve_ok=1 reanch=0 m_p=+0.1753 slow=0/5
[WARN] [1789409803.150501921] [mhe_node]: [s-collapse] |s|=0.04150 > 物理上限 0.039 — 动态失真,不参与 moment 投票(本轮累计 381 帧)
[INFO] [1789409803.170950898] [mhe_node]: MHE mass estimate: 2.230 kg (T_phys=22.14N) | solve=10.1ms (max19.3)
[INFO] [1789409803.171508912] [mhe_node]: [truth] m_hat=2.2297 m_true=2.0643 err=+8.01% | c_hat=[+0.0000,+0.0000] c_true=[+0.0000,+0.0000] | Jxx_hat=0.01420 Jxx_true=0.01420 Jyz_hat=+0.00000 Jyz_true=+0.00000 | s_hat=[-0.0318,-0.0271] s_true=[+0.0000,+0.0000] kg·m
[INFO] [1789409803.172026146] [mhe_node]: [tau_phys] roll=-0.288 pitch=+0.535 Nm
[INFO] [1789409803.172611110] [mhe_node]: [mass-diag] m_est=2.2297 T=22.142N tilt=5.38deg cos=0.99559 | T/g=2.2571 T*cos/g=2.2471 | m_est-T*cos/g=-0.0174kg (-0.77%) vz=-0.025
[INFO] [1789409803.173196675] [mhe_node]: [c_xy_est] cx=-0.0119 cy=-0.0127 m
[WARN] [1789409804.150488155] [mhe_node]: [s-collapse] |s|=0.04313 > 物理上限 0.039 — 动态失真,不参与 moment 投票(本轮累计 391 帧)
[INFO] [1789409805.050697912] [mhe_node]: [s-collapse] |s|=0.03842 ref=0.02328 peak=0.05081 ovr=399 ratio=1.651 (thr 0.30) moment=0 quantity=0 resid=0 health=1 age=0.09 solve_ok=1 reanch=0 m_p=+0.1766 slow=0/5
[INFO] [1789409805.159710501] [mhe_node]: MHE mass estimate: 2.242 kg (T_phys=22.48N) | solve=11.7ms (max23.6)
[INFO] [1789409805.160277511] [mhe_node]: [truth] m_hat=2.2421 m_true=2.0643 err=+8.61% | c_hat=[+0.0000,+0.0000] c_true=[+0.0000,+0.0000] | Jxx_hat=0.01420 Jxx_true=0.01420 Jyz_hat=+0.00000 Jyz_true=+0.00000 | s_hat=[-0.0267,-0.0267] s_true=[+0.0000,+0.0000] kg·m
[INFO] [1789409805.160802182] [mhe_node]: [tau_phys] roll=-0.280 pitch=+0.016 Nm
[INFO] [1789409805.161386890] [mhe_node]: [mass-diag] m_est=2.2421 T=22.479N tilt=7.88deg cos=0.99056 | T/g=2.2915 T*cos/g=2.2698 | m_est-T*cos/g=-0.0277kg (-1.22%) vz=+0.132
[INFO] [1789409805.161966621] [mhe_node]: [c_xy_est] cx=-0.0120 cy=-0.0119 m
[INFO] [1789409806.050501887] [mhe_node]: [s-collapse] |s|=0.03658 ref=0.02328 peak=0.05081 ovr=399 ratio=1.571 (thr 0.30) moment=0 quantity=0 resid=0 health=1 age=0.09 solve_ok=1 reanch=0 m_p=+0.1775 slow=0/5
[WARN] [1789409807.150553068] [mhe_node]: [s-collapse] |s|=0.03904 > 物理上限 0.039 — 动态失真,不参与 moment 投票(本轮累计 401 帧)
[INFO] [1789409807.167498337] [mhe_node]: MHE mass estimate: 2.235 kg (T_phys=22.28N) | solve=10.2ms (max17.0)
[INFO] [1789409807.168076354] [mhe_node]: [truth] m_hat=2.2349 m_true=2.0643 err=+8.27% | c_hat=[+0.0000,+0.0000] c_true=[+0.0000,+0.0000] | Jxx_hat=0.01420 Jxx_true=0.01420 Jyz_hat=+0.00000 Jyz_true=+0.00000 | s_hat=[-0.0290,-0.0272] s_true=[+0.0000,+0.0000] kg·m
[INFO] [1789409807.168600386] [mhe_node]: [tau_phys] roll=-0.234 pitch=+0.454 Nm
[INFO] [1789409807.169196062] [mhe_node]: [mass-diag] m_est=2.2349 T=22.276N tilt=9.39deg cos=0.98661 | T/g=2.2708 T*cos/g=2.2404 | m_est-T*cos/g=-0.0054kg (-0.24%) vz=+0.233
[INFO] [1789409807.169778470] [mhe_node]: [c_xy_est] cx=-0.0123 cy=-0.0123 m
[WARN] [1789409808.150446421] [mhe_node]: [s-collapse] |s|=0.04340 > 物理上限 0.039 — 动态失真,不参与 moment 投票(本轮累计 411 帧)
[WARN] [1789409809.150489365] [mhe_node]: [s-collapse] |s|=0.04837 > 物理上限 0.039 — 动态失真,不参与 moment 投票(本轮累计 421 帧)
[INFO] [1789409809.162778602] [mhe_node]: MHE mass estimate: 2.226 kg (T_phys=21.88N) | solve=16.0ms (max24.0)
[INFO] [1789409809.163336788] [mhe_node]: [truth] m_hat=2.2255 m_true=2.0643 err=+7.81% | c_hat=[+0.0000,+0.0000] c_true=[+0.0000,+0.0000] | Jxx_hat=0.01420 Jxx_true=0.01420 Jyz_hat=+0.00000 Jyz_true=+0.00000 | s_hat=[-0.0420,-0.0242] s_true=[+0.0000,+0.0000] kg·m
[INFO] [1789409809.163857496] [mhe_node]: [tau_phys] roll=-0.218 pitch=+0.536 Nm
[INFO] [1789409809.164447635] [mhe_node]: [mass-diag] m_est=2.2255 T=21.884N tilt=2.05deg cos=0.99936 | T/g=2.2307 T*cos/g=2.2293 | m_est-T*cos/g=-0.0038kg (-0.17%) vz=+0.217
[INFO] [1789409809.165030674] [mhe_node]: [c_xy_est] cx=-0.0123 cy=-0.0123 m
[WARN] [1789409810.150550953] [mhe_node]: [s-collapse] |s|=0.04695 > 物理上限 0.039 — 动态失真,不参与 moment 投票(本轮累计 431 帧)
[WARN] [1789409811.150448401] [mhe_node]: [s-collapse] |s|=0.03910 > 物理上限 0.039 — 动态失真,不参与 moment 投票(本轮累计 441 帧)
[INFO] [1789409811.160676622] [mhe_node]: MHE mass estimate: 2.228 kg (T_phys=22.21N) | solve=11.6ms (max19.7)
[INFO] [1789409811.161232465] [mhe_node]: [truth] m_hat=2.2278 m_true=2.0643 err=+7.92% | c_hat=[+0.0000,+0.0000] c_true=[+0.0000,+0.0000] | Jxx_hat=0.01420 Jxx_true=0.01420 Jyz_hat=+0.00000 Jyz_true=+0.00000 | s_hat=[-0.0306,-0.0225] s_true=[+0.0000,+0.0000] kg·m
[INFO] [1789409811.161765410] [mhe_node]: [tau_phys] roll=-0.198 pitch=+0.200 Nm
[INFO] [1789409811.162361344] [mhe_node]: [mass-diag] m_est=2.2278 T=22.215N tilt=8.02deg cos=0.99023 | T/g=2.2645 T*cos/g=2.2424 | m_est-T*cos/g=-0.0146kg (-0.65%) vz=+0.159
[INFO] [1789409811.162941031] [mhe_node]: [c_xy_est] cx=-0.0123 cy=-0.0123 m
[INFO] [1789409812.050542214] [mhe_node]: [s-collapse] |s|=0.03126 ref=0.02328 peak=0.05081 ovr=441 ratio=1.343 (thr 0.30) moment=0 quantity=0 resid=0 health=1 age=0.09 solve_ok=1 reanch=0 m_p=+0.1734 slow=0/5
[INFO] [1789409813.050536833] [mhe_node]: [s-collapse] |s|=0.02979 ref=0.02328 peak=0.05081 ovr=441 ratio=1.280 (thr 0.30) moment=0 quantity=0 resid=0 health=1 age=0.09 solve_ok=1 reanch=0 m_p=+0.1772 slow=0/5
[INFO] [1789409813.158083436] [mhe_node]: MHE mass estimate: 2.239 kg (T_phys=21.96N) | solve=11.2ms (max15.5)
[INFO] [1789409813.158498836] [mhe_node]: [truth] m_hat=2.2395 m_true=2.0643 err=+8.49% | c_hat=[+0.0000,+0.0000] c_true=[+0.0000,+0.0000] | Jxx_hat=0.01420 Jxx_true=0.01420 Jyz_hat=+0.00000 Jyz_true=+0.00000 | s_hat=[-0.0224,-0.0209] s_true=[+0.0000,+0.0000] kg·m
[INFO] [1789409813.158864835] [mhe_node]: [tau_phys] roll=-0.263 pitch=+0.506 Nm
[INFO] [1789409813.159280969] [mhe_node]: [mass-diag] m_est=2.2395 T=21.962N tilt=8.46deg cos=0.98912 | T/g=2.2387 T*cos/g=2.2144 | m_est-T*cos/g=+0.0251kg (+1.13%) vz=+0.103
[INFO] [1789409813.159692201] [mhe_node]: [c_xy_est] cx=-0.0097 cy=-0.0093 m
[INFO] [1789409814.050701607] [mhe_node]: [s-collapse] |s|=0.03674 ref=0.02328 peak=0.05081 ovr=441 ratio=1.578 (thr 0.30) moment=0 quantity=0 resid=0 health=1 age=0.09 solve_ok=1 reanch=0 m_p=+0.1664 slow=0/5
[WARN] [1789409815.150490105] [mhe_node]: [s-collapse] |s|=0.03947 > 物理上限 0.039 — 动态失真,不参与 moment 投票(本轮累计 449 帧)
[INFO] [1789409815.159399619] [mhe_node]: MHE mass estimate: 2.235 kg (T_phys=21.86N) | solve=8.9ms (max15.7)
[INFO] [1789409815.160041609] [mhe_node]: [truth] m_hat=2.2353 m_true=2.0643 err=+8.29% | c_hat=[+0.0000,+0.0000] c_true=[+0.0000,+0.0000] | Jxx_hat=0.01420 Jxx_true=0.01420 Jyz_hat=+0.00000 Jyz_true=+0.00000 | s_hat=[-0.0319,-0.0224] s_true=[+0.0000,+0.0000] kg·m
[INFO] [1789409815.160572703] [mhe_node]: [tau_phys] roll=-0.190 pitch=+0.274 Nm
[INFO] [1789409815.161180414] [mhe_node]: [mass-diag] m_est=2.2353 T=21.864N tilt=5.19deg cos=0.99590 | T/g=2.2287 T*cos/g=2.2196 | m_est-T*cos/g=+0.0158kg (+0.71%) vz=-0.056
[INFO] [1789409815.161764639] [mhe_node]: [c_xy_est] cx=-0.0143 cy=-0.0097 m
[INFO] [1789409816.050676182] [mhe_node]: [s-collapse] |s|=0.03543 ref=0.02328 peak=0.05081 ovr=450 ratio=1.522 (thr 0.30) moment=0 quantity=0 resid=0 health=1 age=0.09 solve_ok=1 reanch=0 m_p=+0.1734 slow=0/5
[INFO] [1789409817.050638260] [mhe_node]: [s-collapse] |s|=0.03007 ref=0.02328 peak=0.05081 ovr=450 ratio=1.292 (thr 0.30) moment=0 quantity=0 resid=0 health=1 age=0.08 solve_ok=1 reanch=0 m_p=+0.1759 slow=0/5
[INFO] [1789409817.162596395] [mhe_node]: MHE mass estimate: 2.238 kg (T_phys=22.19N) | solve=10.5ms (max16.6)
[INFO] [1789409817.163287668] [mhe_node]: [truth] m_hat=2.2382 m_true=2.0643 err=+8.43% | c_hat=[+0.0000,+0.0000] c_true=[+0.0000,+0.0000] | Jxx_hat=0.01420 Jxx_true=0.01420 Jyz_hat=+0.00000 Jyz_true=+0.00000 | s_hat=[-0.0214,-0.0208] s_true=[+0.0000,+0.0000] kg·m
[INFO] [1789409817.163804711] [mhe_node]: [tau_phys] roll=-0.176 pitch=+0.406 Nm
[INFO] [1789409817.164389823] [mhe_node]: [mass-diag] m_est=2.2382 T=22.187N tilt=10.14deg cos=0.98439 | T/g=2.2617 T*cos/g=2.2264 | m_est-T*cos/g=+0.0119kg (+0.53%) vz=-0.150
[INFO] [1789409817.164966796] [mhe_node]: [c_xy_est] cx=-0.0096 cy=-0.0093 m
[INFO] [1789409818.050582120] [mhe_node]: [s-collapse] |s|=0.03298 ref=0.02328 peak=0.05081 ovr=450 ratio=1.417 (thr 0.30) moment=0 quantity=0 resid=0 health=1 age=0.09 solve_ok=1 reanch=0 m_p=+0.1663 slow=0/5
[WARN] [1789409819.150489717] [mhe_node]: [s-collapse] |s|=0.04629 > 物理上限 0.039 — 动态失真,不参与 moment 投票(本轮累计 457 帧)
[INFO] [1789409819.160975963] [mhe_node]: MHE mass estimate: 2.223 kg (T_phys=21.92N) | solve=10.9ms (max15.6)
[INFO] [1789409819.161534959] [mhe_node]: [truth] m_hat=2.2233 m_true=2.0643 err=+7.70% | c_hat=[+0.0000,+0.0000] c_true=[+0.0000,+0.0000] | Jxx_hat=0.01420 Jxx_true=0.01420 Jyz_hat=+0.00000 Jyz_true=+0.00000 | s_hat=[-0.0415,-0.0223] s_true=[+0.0000,+0.0000] kg·m
[INFO] [1789409819.162053752] [mhe_node]: [tau_phys] roll=-0.223 pitch=+0.578 Nm
[INFO] [1789409819.162643692] [mhe_node]: [mass-diag] m_est=2.2233 T=21.924N tilt=6.89deg cos=0.99277 | T/g=2.2349 T*cos/g=2.2187 | m_est-T*cos/g=+0.0046kg (+0.21%) vz=-0.214
[INFO] [1789409819.163229679] [mhe_node]: [c_xy_est] cx=-0.0143 cy=-0.0091 m
[WARN] [1789409820.150550210] [mhe_node]: [s-collapse] |s|=0.05123 > 物理上限 0.039 — 动态失真,不参与 moment 投票(本轮累计 467 帧)
[WARN] [1789409821.150554823] [mhe_node]: [s-collapse] |s|=0.04471 > 物理上限 0.039 — 动态失真,不参与 moment 投票(本轮累计 477 帧)
[INFO] [1789409821.160472071] [mhe_node]: MHE mass estimate: 2.216 kg (T_phys=21.99N) | solve=11.9ms (max27.6)
[INFO] [1789409821.160876002] [mhe_node]: [truth] m_hat=2.2160 m_true=2.0643 err=+7.35% | c_hat=[+0.0000,+0.0000] c_true=[+0.0000,+0.0000] | Jxx_hat=0.01420 Jxx_true=0.01420 Jyz_hat=+0.00000 Jyz_true=+0.00000 | s_hat=[-0.0369,-0.0246] s_true=[+0.0000,+0.0000] kg·m
[INFO] [1789409821.161244629] [mhe_node]: [tau_phys] roll=-0.279 pitch=+0.375 Nm
[INFO] [1789409821.161661449] [mhe_node]: [mass-diag] m_est=2.2160 T=21.994N tilt=4.03deg cos=0.99753 | T/g=2.2420 T*cos/g=2.2364 | m_est-T*cos/g=-0.0204kg (-0.91%) vz=-0.237
[INFO] [1789409821.162069488] [mhe_node]: [c_xy_est] cx=-0.0143 cy=-0.0091 m
[WARN] [1789409822.150574503] [mhe_node]: [s-collapse] |s|=0.04178 > 物理上限 0.039 — 动态失真,不参与 moment 投票(本轮累计 487 帧)
[INFO] [1789409823.050607672] [mhe_node]: [s-collapse] |s|=0.03740 ref=0.02328 peak=0.05164 ovr=492 ratio=1.607 (thr 0.30) moment=0 quantity=0 resid=0 health=1 age=0.09 solve_ok=1 reanch=0 m_p=+0.1726 slow=0/5
[INFO] [1789409823.161640853] [mhe_node]: MHE mass estimate: 2.238 kg (T_phys=22.45N) | solve=10.9ms (max18.1)
[INFO] [1789409823.162204166] [mhe_node]: [truth] m_hat=2.2383 m_true=2.0643 err=+8.43% | c_hat=[+0.0000,+0.0000] c_true=[+0.0000,+0.0000] | Jxx_hat=0.01420 Jxx_true=0.01420 Jyz_hat=+0.00000 Jyz_true=+0.00000 | s_hat=[-0.0249,-0.0270] s_true=[+0.0000,+0.0000] kg·m
[INFO] [1789409823.162720011] [mhe_node]: [tau_phys] roll=-0.323 pitch=+0.341 Nm
[INFO] [1789409823.163307967] [mhe_node]: [mass-diag] m_est=2.2383 T=22.447N tilt=9.56deg cos=0.98611 | T/g=2.2881 T*cos/g=2.2563 | m_est-T*cos/g=-0.0181kg (-0.80%) vz=-0.144
[INFO] [1789409823.164123029] [mhe_node]: [c_xy_est] cx=-0.0114 cy=-0.0120 m
[INFO] [1789409824.050562892] [mhe_node]: [s-collapse] |s|=0.03771 ref=0.02328 peak=0.05164 ovr=492 ratio=1.620 (thr 0.30) moment=0 quantity=0 resid=0 health=1 age=0.09 solve_ok=1 reanch=0 m_p=+0.1735 slow=0/5
[WARN] [1789409825.150452337] [mhe_node]: [s-collapse] |s|=0.04050 > 物理上限 0.039 — 动态失真,不参与 moment 投票(本轮累计 500 帧)
[INFO] [1789409825.160715221] [mhe_node]: MHE mass estimate: 2.233 kg (T_phys=22.20N) | solve=9.2ms (max19.1)
[INFO] [1789409825.161273085] [mhe_node]: [truth] m_hat=2.2334 m_true=2.0643 err=+8.19% | c_hat=[+0.0000,+0.0000] c_true=[+0.0000,+0.0000] | Jxx_hat=0.01420 Jxx_true=0.01420 Jyz_hat=+0.00000 Jyz_true=+0.00000 | s_hat=[-0.0299,-0.0273] s_true=[+0.0000,+0.0000] kg·m
[INFO] [1789409825.161802416] [mhe_node]: [tau_phys] roll=-0.298 pitch=+0.535 Nm
[INFO] [1789409825.162392309] [mhe_node]: [mass-diag] m_est=2.2334 T=22.203N tilt=6.20deg cos=0.99415 | T/g=2.2633 T*cos/g=2.2500 | m_est-T*cos/g=-0.0166kg (-0.74%) vz=-0.027
[INFO] [1789409825.162970397] [mhe_node]: [c_xy_est] cx=-0.0116 cy=-0.0128 m
[WARN] [1789409826.150451150] [mhe_node]: [s-collapse] |s|=0.04266 > 物理上限 0.039 — 动态失真,不参与 moment 投票(本轮累计 510 帧)
[WARN] [1789409827.150485279] [mhe_node]: [s-collapse] |s|=0.03980 > 物理上限 0.039 — 动态失真,不参与 moment 投票(本轮累计 520 帧)
[INFO] [1789409827.165418496] [mhe_node]: MHE mass estimate: 2.241 kg (T_phys=22.47N) | solve=10.2ms (max18.1)
[INFO] [1789409827.165973490] [mhe_node]: [truth] m_hat=2.2413 m_true=2.0643 err=+8.58% | c_hat=[+0.0000,+0.0000] c_true=[+0.0000,+0.0000] | Jxx_hat=0.01420 Jxx_true=0.01420 Jyz_hat=+0.00000 Jyz_true=+0.00000 | s_hat=[-0.0284,-0.0272] s_true=[+0.0000,+0.0000] kg·m
[INFO] [1789409827.166495065] [mhe_node]: [tau_phys] roll=-0.313 pitch=+0.193 Nm
[INFO] [1789409827.167078746] [mhe_node]: [mass-diag] m_est=2.2413 T=22.469N tilt=7.44deg cos=0.99158 | T/g=2.2904 T*cos/g=2.2711 | m_est-T*cos/g=-0.0298kg (-1.31%) vz=+0.087
[INFO] [1789409827.167658007] [mhe_node]: [c_xy_est] cx=-0.0116 cy=-0.0128 m
[INFO] [1789409828.050624348] [mhe_node]: [s-collapse] |s|=0.03737 ref=0.02328 peak=0.05164 ovr=522 ratio=1.605 (thr 0.30) moment=0 quantity=0 resid=0 health=1 age=0.09 solve_ok=1 reanch=0 m_p=+0.1808 slow=0/5
[INFO] [1789409829.050626841] [mhe_node]: [s-collapse] |s|=0.03856 ref=0.02328 peak=0.05164 ovr=522 ratio=1.657 (thr 0.30) moment=0 quantity=0 resid=0 health=1 age=0.09 solve_ok=1 reanch=0 m_p=+0.1776 slow=0/5
[INFO] [1789409829.158534750] [mhe_node]: MHE mass estimate: 2.239 kg (T_phys=22.25N) | solve=9.6ms (max22.3)
[INFO] [1789409829.159097891] [mhe_node]: [truth] m_hat=2.2387 m_true=2.0643 err=+8.45% | c_hat=[+0.0000,+0.0000] c_true=[+0.0000,+0.0000] | Jxx_hat=0.01420 Jxx_true=0.01420 Jyz_hat=+0.00000 Jyz_true=+0.00000 | s_hat=[-0.0276,-0.0279] s_true=[+0.0000,+0.0000] kg·m
[INFO] [1789409829.159620062] [mhe_node]: [tau_phys] roll=-0.218 pitch=+0.655 Nm
[INFO] [1789409829.160216446] [mhe_node]: [mass-diag] m_est=2.2387 T=22.251N tilt=9.82deg cos=0.98534 | T/g=2.2682 T*cos/g=2.2350 | m_est-T*cos/g=+0.0037kg (+0.17%) vz=+0.220
[INFO] [1789409829.160798182] [mhe_node]: [c_xy_est] cx=-0.0121 cy=-0.0125 m
[WARN] [1789409830.150512148] [mhe_node]: [s-collapse] |s|=0.04334 > 物理上限 0.039 — 动态失真,不参与 moment 投票(本轮累计 532 帧)
[WARN] [1789409831.150469973] [mhe_node]: [s-collapse] |s|=0.05011 > 物理上限 0.039 — 动态失真,不参与 moment 投票(本轮累计 542 帧)
[INFO] [1789409831.170422379] [mhe_node]: MHE mass estimate: 2.225 kg (T_phys=21.85N) | solve=15.3ms (max22.8)
[INFO] [1789409831.170993809] [mhe_node]: [truth] m_hat=2.2254 m_true=2.0643 err=+7.81% | c_hat=[+0.0000,+0.0000] c_true=[+0.0000,+0.0000] | Jxx_hat=0.01420 Jxx_true=0.01420 Jyz_hat=+0.00000 Jyz_true=+0.00000 | s_hat=[-0.0439,-0.0245] s_true=[+0.0000,+0.0000] kg·m
[INFO] [1789409831.171523279] [mhe_node]: [tau_phys] roll=-0.229 pitch=+0.411 Nm
[INFO] [1789409831.172118697] [mhe_node]: [mass-diag] m_est=2.2254 T=21.853N tilt=2.21deg cos=0.99926 | T/g=2.2277 T*cos/g=2.2260 | m_est-T*cos/g=-0.0006kg (-0.02%) vz=+0.230
[INFO] [1789409831.172704215] [mhe_node]: [c_xy_est] cx=-0.0121 cy=-0.0125 m
[WARN] [1789409832.150509411] [mhe_node]: [s-collapse] |s|=0.04841 > 物理上限 0.039 — 动态失真,不参与 moment 投票(本轮累计 552 帧)
[WARN] [1789409833.150502799] [mhe_node]: [s-collapse] |s|=0.03923 > 物理上限 0.039 — 动态失真,不参与 moment 投票(本轮累计 562 帧)
[INFO] [1789409833.158870019] [mhe_node]: MHE mass estimate: 2.233 kg (T_phys=22.21N) | solve=13.6ms (max25.4)
[INFO] [1789409833.159430874] [mhe_node]: [truth] m_hat=2.2330 m_true=2.0643 err=+8.17% | c_hat=[+0.0000,+0.0000] c_true=[+0.0000,+0.0000] | Jxx_hat=0.01420 Jxx_true=0.01420 Jyz_hat=+0.00000 Jyz_true=+0.00000 | s_hat=[-0.0307,-0.0233] s_true=[+0.0000,+0.0000] kg·m
[INFO] [1789409833.159949990] [mhe_node]: [tau_phys] roll=-0.162 pitch=+0.304 Nm
[INFO] [1789409833.160534897] [mhe_node]: [mass-diag] m_est=2.2330 T=22.213N tilt=7.30deg cos=0.99190 | T/g=2.2644 T*cos/g=2.2460 | m_est-T*cos/g=-0.0130kg (-0.58%) vz=+0.191
[INFO] [1789409833.161117075] [mhe_node]: [c_xy_est] cx=-0.0121 cy=-0.0125 m
[INFO] [1789409834.050759991] [mhe_node]: [s-collapse] |s|=0.03255 ref=0.02328 peak=0.05170 ovr=562 ratio=1.398 (thr 0.30) moment=0 quantity=0 resid=0 health=1 age=0.09 solve_ok=1 reanch=0 m_p=+0.1711 slow=0/5
[INFO] [1789409835.050675831] [mhe_node]: [s-collapse] |s|=0.02952 ref=0.02328 peak=0.05170 ovr=562 ratio=1.268 (thr 0.30) moment=0 quantity=0 resid=0 health=1 age=0.08 solve_ok=1 reanch=0 m_p=+0.1795 slow=0/5
[INFO] [1789409835.162499911] [mhe_node]: MHE mass estimate: 2.243 kg (T_phys=22.09N) | solve=12.3ms (max19.9)
[INFO] [1789409835.163200427] [mhe_node]: [truth] m_hat=2.2427 m_true=2.0643 err=+8.64% | c_hat=[+0.0000,+0.0000] c_true=[+0.0000,+0.0000] | Jxx_hat=0.01420 Jxx_true=0.01420 Jyz_hat=+0.00000 Jyz_true=+0.00000 | s_hat=[-0.0214,-0.0211] s_true=[+0.0000,+0.0000] kg·m
[INFO] [1789409835.163728507] [mhe_node]: [tau_phys] roll=-0.246 pitch=+0.395 Nm
[INFO] [1789409835.164319304] [mhe_node]: [mass-diag] m_est=2.2427 T=22.087N tilt=9.03deg cos=0.98759 | T/g=2.2515 T*cos/g=2.2236 | m_est-T*cos/g=+0.0191kg (+0.86%) vz=+0.127
[INFO] [1789409835.164902462] [mhe_node]: [c_xy_est] cx=-0.0093 cy=-0.0095 m
[INFO] [1789409836.050754746] [mhe_node]: [s-collapse] |s|=0.03585 ref=0.02328 peak=0.05170 ovr=562 ratio=1.540 (thr 0.30) moment=0 quantity=0 resid=0 health=1 age=0.09 solve_ok=1 reanch=0 m_p=+0.1716 slow=0/5
[WARN] [1789409837.150453335] [mhe_node]: [s-collapse] |s|=0.04046 > 物理上限 0.039 — 动态失真,不参与 moment 投票(本轮累计 569 帧)
[INFO] [1789409837.159978574] [mhe_node]: MHE mass estimate: 2.238 kg (T_phys=21.82N) | solve=8.0ms (max13.6)
[INFO] [1789409837.160539312] [mhe_node]: [truth] m_hat=2.2377 m_true=2.0643 err=+8.40% | c_hat=[+0.0000,+0.0000] c_true=[+0.0000,+0.0000] | Jxx_hat=0.01420 Jxx_true=0.01420 Jyz_hat=+0.00000 Jyz_true=+0.00000 | s_hat=[-0.0331,-0.0226] s_true=[+0.0000,+0.0000] kg·m
[INFO] [1789409837.161060773] [mhe_node]: [tau_phys] roll=-0.180 pitch=+0.414 Nm
[INFO] [1789409837.161652251] [mhe_node]: [mass-diag] m_est=2.2377 T=21.819N tilt=4.93deg cos=0.99630 | T/g=2.2242 T*cos/g=2.2159 | m_est-T*cos/g=+0.0218kg (+0.98%) vz=-0.023
[INFO] [1789409837.162237070] [mhe_node]: [c_xy_est] cx=-0.0141 cy=-0.0099 m
[INFO] [1789409838.050662611] [mhe_node]: [s-collapse] |s|=0.03680 ref=0.02328 peak=0.05170 ovr=573 ratio=1.581 (thr 0.30) moment=0 quantity=0 resid=0 health=1 age=0.09 solve_ok=1 reanch=0 m_p=+0.1689 slow=0/5
[INFO] [1789409839.050540996] [mhe_node]: [s-collapse] |s|=0.03034 ref=0.02328 peak=0.05170 ovr=573 ratio=1.303 (thr 0.30) moment=0 quantity=0 resid=0 health=1 age=0.09 solve_ok=1 reanch=0 m_p=+0.1739 slow=0/5
[INFO] [1789409839.166942531] [mhe_node]: MHE mass estimate: 2.238 kg (T_phys=22.16N) | solve=10.6ms (max15.7)
[INFO] [1789409839.167516388] [mhe_node]: [truth] m_hat=2.2384 m_true=2.0643 err=+8.43% | c_hat=[+0.0000,+0.0000] c_true=[+0.0000,+0.0000] | Jxx_hat=0.01420 Jxx_true=0.01420 Jyz_hat=+0.00000 Jyz_true=+0.00000 | s_hat=[-0.0211,-0.0209] s_true=[+0.0000,+0.0000] kg·m
[INFO] [1789409839.168044121] [mhe_node]: [tau_phys] roll=-0.153 pitch=+0.343 Nm
[INFO] [1789409839.168644077] [mhe_node]: [mass-diag] m_est=2.2384 T=22.164N tilt=9.60deg cos=0.98599 | T/g=2.2594 T*cos/g=2.2277 | m_est-T*cos/g=+0.0107kg (+0.48%) vz=-0.157
[INFO] [1789409839.169238668] [mhe_node]: [c_xy_est] cx=-0.0096 cy=-0.0094 m
[INFO] [1789409840.050628780] [mhe_node]: [s-collapse] |s|=0.03143 ref=0.02328 peak=0.05170 ovr=573 ratio=1.350 (thr 0.30) moment=0 quantity=0 resid=0 health=1 age=0.09 solve_ok=1 reanch=0 m_p=+0.1688 slow=0/5
[WARN] [1789409841.150493671] [mhe_node]: [s-collapse] |s|=0.04228 > 物理上限 0.039 — 动态失真,不参与 moment 投票(本轮累计 577 帧)
[INFO] [1789409841.158912344] [mhe_node]: MHE mass estimate: 2.229 kg (T_phys=21.98N) | solve=10.2ms (max17.9)
[INFO] [1789409841.159477723] [mhe_node]: [truth] m_hat=2.2290 m_true=2.0643 err=+7.98% | c_hat=[+0.0000,+0.0000] c_true=[+0.0000,+0.0000] | Jxx_hat=0.01420 Jxx_true=0.01420 Jyz_hat=+0.00000 Jyz_true=+0.00000 | s_hat=[-0.0367,-0.0222] s_true=[+0.0000,+0.0000] kg·m
[INFO] [1789409841.159998320] [mhe_node]: [tau_phys] roll=-0.215 pitch=+0.751 Nm
[INFO] [1789409841.160589517] [mhe_node]: [mass-diag] m_est=2.2290 T=21.982N tilt=7.95deg cos=0.99039 | T/g=2.2407 T*cos/g=2.2192 | m_est-T*cos/g=+0.0097kg (+0.44%) vz=-0.195
[INFO] [1789409841.161169845] [mhe_node]: [c_xy_est] cx=-0.0143 cy=-0.0093 m
[WARN] [1789409842.150534586] [mhe_node]: [s-collapse] |s|=0.04894 > 物理上限 0.039 — 动态失真,不参与 moment 投票(本轮累计 587 帧)
[WARN] [1789409843.150577312] [mhe_node]: [s-collapse] |s|=0.04619 > 物理上限 0.039 — 动态失真,不参与 moment 投票(本轮累计 597 帧)
[INFO] [1789409843.166288364] [mhe_node]: MHE mass estimate: 2.210 kg (T_phys=21.97N) | solve=13.9ms (max23.9)
[INFO] [1789409843.166865353] [mhe_node]: [truth] m_hat=2.2101 m_true=2.0643 err=+7.06% | c_hat=[+0.0000,+0.0000] c_true=[+0.0000,+0.0000] | Jxx_hat=0.01420 Jxx_true=0.01420 Jyz_hat=+0.00000 Jyz_true=+0.00000 | s_hat=[-0.0392,-0.0237] s_true=[+0.0000,+0.0000] kg·m
[INFO] [1789409843.167389994] [mhe_node]: [tau_phys] roll=-0.269 pitch=+0.325 Nm
[INFO] [1789409843.167989509] [mhe_node]: [mass-diag] m_est=2.2101 T=21.975N tilt=2.98deg cos=0.99865 | T/g=2.2401 T*cos/g=2.2370 | m_est-T*cos/g=-0.0270kg (-1.21%) vz=-0.239
[INFO] [1789409843.168588601] [mhe_node]: [c_xy_est] cx=-0.0143 cy=-0.0093 m
[WARN] [1789409844.150526002] [mhe_node]: [s-collapse] |s|=0.04230 > 物理上限 0.039 — 动态失真,不参与 moment 投票(本轮累计 607 帧)
[INFO] [1789409845.163571904] [mhe_node]: MHE mass estimate: 2.236 kg (T_phys=22.49N) | solve=10.9ms (max18.6)
[INFO] [1789409845.164137046] [mhe_node]: [truth] m_hat=2.2364 m_true=2.0643 err=+8.34% | c_hat=[+0.0000,+0.0000] c_true=[+0.0000,+0.0000] | Jxx_hat=0.01420 Jxx_true=0.01420 Jyz_hat=+0.00000 Jyz_true=+0.00000 | s_hat=[-0.0274,-0.0270] s_true=[+0.0000,+0.0000] kg·m
[INFO] [1789409845.164653732] [mhe_node]: [tau_phys] roll=-0.319 pitch=+0.345 Nm
[INFO] [1789409845.165237236] [mhe_node]: [mass-diag] m_est=2.2364 T=22.490N tilt=9.57deg cos=0.98609 | T/g=2.2925 T*cos/g=2.2606 | m_est-T*cos/g=-0.0242kg (-1.07%) vz=-0.149
[INFO] [1789409845.165815307] [mhe_node]: [c_xy_est] cx=-0.0126 cy=-0.0121 m
[INFO] [1789409845.450708289] [mhe_node]: [c_xy-clamp] 越界剔除 0/900 (0.0%) 上限 0.0390 kg·m clamp=1
[INFO] [1789409846.050596872] [mhe_node]: [s-collapse] |s|=0.03744 ref=0.02328 peak=0.05170 ovr=616 ratio=1.608 (thr 0.30) moment=0 quantity=0 resid=0 health=1 age=0.09 solve_ok=1 reanch=0 m_p=+0.1756 slow=0/5
[INFO] [1789409847.050580495] [mhe_node]: [s-collapse] |s|=0.03891 ref=0.02328 peak=0.05170 ovr=616 ratio=1.672 (thr 0.30) moment=0 quantity=0 resid=0 health=1 age=0.08 solve_ok=1 reanch=0 m_p=+0.1732 slow=0/5
[INFO] [1789409847.162486545] [mhe_node]: MHE mass estimate: 2.235 kg (T_phys=22.05N) | solve=9.5ms (max15.8)
[INFO] [1789409847.163060960] [mhe_node]: [truth] m_hat=2.2347 m_true=2.0643 err=+8.25% | c_hat=[+0.0000,+0.0000] c_true=[+0.0000,+0.0000] | Jxx_hat=0.01420 Jxx_true=0.01420 Jyz_hat=+0.00000 Jyz_true=+0.00000 | s_hat=[-0.0279,-0.0275] s_true=[+0.0000,+0.0000] kg·m
[INFO] [1789409847.163594443] [mhe_node]: [tau_phys] roll=-0.258 pitch=+0.118 Nm
[INFO] [1789409847.164415835] [mhe_node]: [mass-diag] m_est=2.2347 T=22.051N tilt=6.33deg cos=0.99390 | T/g=2.2478 T*cos/g=2.2341 | m_est-T*cos/g=+0.0006kg (+0.03%) vz=-0.031
[INFO] [1789409847.165002132] [mhe_node]: [c_xy_est] cx=-0.0122 cy=-0.0124 m
[WARN] [1789409848.150514662] [mhe_node]: [s-collapse] |s|=0.04095 > 物理上限 0.039 — 动态失真,不参与 moment 投票(本轮累计 626 帧)
[INFO] [1789409849.050550500] [mhe_node]: [s-collapse] |s|=0.03823 ref=0.02328 peak=0.05170 ovr=634 ratio=1.642 (thr 0.30) moment=0 quantity=0 resid=0 health=1 age=0.09 solve_ok=1 reanch=0 m_p=+0.1629 slow=0/5
[INFO] [1789409849.163546673] [mhe_node]: MHE mass estimate: 2.226 kg (T_phys=22.35N) | solve=12.5ms (max23.3)
[INFO] [1789409849.164105567] [mhe_node]: [truth] m_hat=2.2256 m_true=2.0643 err=+7.81% | c_hat=[+0.0000,+0.0000] c_true=[+0.0000,+0.0000] | Jxx_hat=0.01420 Jxx_true=0.01420 Jyz_hat=+0.00000 Jyz_true=+0.00000 | s_hat=[-0.0277,-0.0250] s_true=[+0.0000,+0.0000] kg·m
[INFO] [1789409849.164634271] [mhe_node]: [tau_phys] roll=-0.318 pitch=+0.002 Nm
[INFO] [1789409849.165220646] [mhe_node]: [mass-diag] m_est=2.2256 T=22.347N tilt=6.55deg cos=0.99348 | T/g=2.2780 T*cos/g=2.2631 | m_est-T*cos/g=-0.0375kg (-1.66%) vz=+0.092
[INFO] [1789409849.165798770] [mhe_node]: [c_xy_est] cx=-0.0127 cy=-0.0113 m
[INFO] [1789409850.050543065] [mhe_node]: [s-collapse] |s|=0.03394 ref=0.02328 peak=0.05170 ovr=634 ratio=1.458 (thr 0.30) moment=0 quantity=0 resid=0 health=1 age=0.08 solve_ok=1 reanch=0 m_p=+0.1704 slow=0/5
[INFO] [1789409851.050593359] [mhe_node]: [s-collapse] |s|=0.03710 ref=0.02328 peak=0.05170 ovr=634 ratio=1.594 (thr 0.30) moment=0 quantity=0 resid=0 health=1 age=0.08 solve_ok=1 reanch=0 m_p=+0.1769 slow=0/5
[INFO] [1789409851.167288953] [mhe_node]: MHE mass estimate: 2.240 kg (T_phys=22.27N) | solve=12.7ms (max20.0)
[INFO] [1789409851.167849416] [mhe_node]: [truth] m_hat=2.2403 m_true=2.0643 err=+8.53% | c_hat=[+0.0000,+0.0000] c_true=[+0.0000,+0.0000] | Jxx_hat=0.01420 Jxx_true=0.01420 Jyz_hat=+0.00000 Jyz_true=+0.00000 | s_hat=[-0.0261,-0.0279] s_true=[+0.0000,+0.0000] kg·m
[INFO] [1789409851.168373816] [mhe_node]: [tau_phys] roll=-0.229 pitch=+0.352 Nm
[INFO] [1789409851.168954314] [mhe_node]: [mass-diag] m_est=2.2403 T=22.269N tilt=9.76deg cos=0.98552 | T/g=2.2700 T*cos/g=2.2371 | m_est-T*cos/g=+0.0032kg (+0.14%) vz=+0.209
[INFO] [1789409851.169537055] [mhe_node]: [c_xy_est] cx=-0.0114 cy=-0.0124 m
[WARN] [1789409852.150454533] [mhe_node]: [s-collapse] |s|=0.04125 > 物理上限 0.039 — 动态失真,不参与 moment 投票(本轮累计 642 帧)
[WARN] [1789409853.150615015] [mhe_node]: [s-collapse] |s|=0.04916 > 物理上限 0.039 — 动态失真,不参与 moment 投票(本轮累计 652 帧)
[INFO] [1789409853.161567735] [mhe_node]: MHE mass estimate: 2.227 kg (T_phys=21.85N) | solve=14.0ms (max23.2)
[INFO] [1789409853.162062886] [mhe_node]: [truth] m_hat=2.2268 m_true=2.0643 err=+7.87% | c_hat=[+0.0000,+0.0000] c_true=[+0.0000,+0.0000] | Jxx_hat=0.01420 Jxx_true=0.01420 Jyz_hat=+0.00000 Jyz_true=+0.00000 | s_hat=[-0.0437,-0.0245] s_true=[+0.0000,+0.0000] kg·m
[INFO] [1789409853.162435900] [mhe_node]: [tau_phys] roll=-0.229 pitch=+0.465 Nm
[INFO] [1789409853.162851953] [mhe_node]: [mass-diag] m_est=2.2268 T=21.854N tilt=3.43deg cos=0.99821 | T/g=2.2277 T*cos/g=2.2237 | m_est-T*cos/g=+0.0031kg (+0.14%) vz=+0.243
[INFO] [1789409853.163258919] [mhe_node]: [c_xy_est] cx=-0.0118 cy=-0.0125 m
[WARN] [1789409854.150494292] [mhe_node]: [s-collapse] |s|=0.04936 > 物理上限 0.039 — 动态失真,不参与 moment 投票(本轮累计 662 帧)
[WARN] [1789409855.150536781] [mhe_node]: [s-collapse] |s|=0.04048 > 物理上限 0.039 — 动态失真,不参与 moment 投票(本轮累计 672 帧)
[INFO] [1789409855.159998380] [mhe_node]: MHE mass estimate: 2.231 kg (T_phys=22.26N) | solve=14.2ms (max22.9)
[INFO] [1789409855.160576574] [mhe_node]: [truth] m_hat=2.2310 m_true=2.0643 err=+8.07% | c_hat=[+0.0000,+0.0000] c_true=[+0.0000,+0.0000] | Jxx_hat=0.01420 Jxx_true=0.01420 Jyz_hat=+0.00000 Jyz_true=+0.00000 | s_hat=[-0.0320,-0.0235] s_true=[+0.0000,+0.0000] kg·m
[INFO] [1789409855.161096606] [mhe_node]: [tau_phys] roll=-0.187 pitch=+0.221 Nm
[INFO] [1789409855.161728679] [mhe_node]: [mass-diag] m_est=2.2310 T=22.263N tilt=6.96deg cos=0.99262 | T/g=2.2694 T*cos/g=2.2526 | m_est-T*cos/g=-0.0217kg (-0.96%) vz=+0.191
[INFO] [1789409855.162317828] [mhe_node]: [c_xy_est] cx=-0.0118 cy=-0.0125 m
[INFO] [1789409856.050611770] [mhe_node]: [s-collapse] |s|=0.03420 ref=0.02328 peak=0.05203 ovr=673 ratio=1.469 (thr 0.30) moment=0 quantity=0 resid=0 health=1 age=0.09 solve_ok=1 reanch=0 m_p=+0.1759 slow=0/5
[INFO] [1789409857.050603678] [mhe_node]: [s-collapse] |s|=0.02991 ref=0.02328 peak=0.05203 ovr=673 ratio=1.285 (thr 0.30) moment=0 quantity=0 resid=0 health=1 age=0.09 solve_ok=1 reanch=0 m_p=+0.1747 slow=0/5
[INFO] [1789409857.162591949] [mhe_node]: MHE mass estimate: 2.238 kg (T_phys=22.16N) | solve=12.1ms (max19.0)
[INFO] [1789409857.163162794] [mhe_node]: [truth] m_hat=2.2382 m_true=2.0643 err=+8.42% | c_hat=[+0.0000,+0.0000] c_true=[+0.0000,+0.0000] | Jxx_hat=0.01420 Jxx_true=0.01420 Jyz_hat=+0.00000 Jyz_true=+0.00000 | s_hat=[-0.0216,-0.0209] s_true=[+0.0000,+0.0000] kg·m
[INFO] [1789409857.163683234] [mhe_node]: [tau_phys] roll=-0.240 pitch=+0.298 Nm
[INFO] [1789409857.164274985] [mhe_node]: [mass-diag] m_est=2.2382 T=22.160N tilt=9.12deg cos=0.98735 | T/g=2.2589 T*cos/g=2.2303 | m_est-T*cos/g=+0.0079kg (+0.35%) vz=+0.118
[INFO] [1789409857.164852486] [mhe_node]: [c_xy_est] cx=-0.0094 cy=-0.0094 m
[ros2run]: Killed
