[INFO] [1785745092.805127791] [acados_nmpc_node]: acados NMPC node starting, building/loading solver...
Code reuse possible, skipping code generation.
acados was compiled without OpenMP.
[INFO] [1785745092.815862763] [acados_nmpc_node]: GRIPPER MODE: hover over box (1.0,0.05) z 0.55->2.5m, lift after 1.5s, empty m_est=2.06kg
[INFO] [1785745092.816291687] [acados_nmpc_node]: Warming up acados solver...
[INFO] [1785745092.822237969] [acados_nmpc_node]: Solver warmup complete, took 5.5 ms
[INFO] [1785745092.829690562] [acados_nmpc_node]: Decoupled publish enabled: solve @20Hz, body_rate/thrust @50Hz (trajectory interpolation)
[INFO] [1785745092.830198572] [acados_nmpc_node]: acados NMPC node initialized! Waiting for EKF2 convergence...
[INFO] [1785745102.830691076] [acados_nmpc_node]: Waiting for EKF2 convergence... 5/10 s
[INFO] [1785745107.830484895] [acados_nmpc_node]: Waiting for EKF2 convergence... 10/10 s
[INFO] [1785745107.930416899] [acados_nmpc_node]: Switching to OFFBOARD mode
[INFO] [1785745108.730418483] [acados_nmpc_node]: Sending arm command
[INFO] [1785745109.730378628] [acados_nmpc_node]: Armed, preparing to move to trajectory start...
[INFO] [1785745112.131586635] [acados_nmpc_node]: Gripper approach (climb): rising at spawn to z=1.50m | z=0.07m v=0.42m/s
[INFO] [1785745114.631650975] [acados_nmpc_node]: Gripper approach (climb): rising at spawn to z=1.50m | z=1.02m v=0.22m/s
[INFO] [1785745116.631704891] [acados_nmpc_node]: Gripper approach: climbed to safe altitude at spawn, now translating over box
[INFO] [1785745117.130831103] [acados_nmpc_node]: Gripper approach (high): aligning over box at z=1.50m | xy=0.948m z_err=0.147m v=0.35m/s
[INFO] [1785745118.931966609] [acados_nmpc_node]: Gripper approach: aligned above box, NMPC will take over here (z=1.50m), settle 3.0s then descend to z=0.55m to trigger attach
[INFO] [1785745118.979920382] [acados_nmpc_node]: Reached trajectory start, NMPC tracking begins!
[INFO] [1785745119.581513192] [acados_nmpc_node]: t=0.6s | pos_err=0.066m | T=20.12N | tau=[r-0.013 p0.022 y-0.015]Nm | res_stat=1.297e-07(peak 6.051e-07) sqp_iter=3 | solve=1.5ms
[INFO] [1785745121.979552768] [acados_nmpc_node]: t=3.0s | DESCEND: settle done, lowering 1.5->0.55m, will enable gripper at bottom
[INFO] [1785745124.580800100] [acados_nmpc_node]: t=5.6s | pos_err=0.061m | T=20.42N | tau=[r-0.003 p-0.000 y-0.000]Nm | res_stat=3.274e-08(peak 9.030e-07) sqp_iter=3 | solve=1.1ms
[INFO] [1785745125.632346813] [acados_nmpc_node]: t=6.7s | DESCEND done at z=0.568m (target 0.550m, z_err=0.018m, v=0.05m/s), gripper ENABLED (attach will trigger now)
[INFO] [1785745125.698354064] [acados_nmpc_node]: attach offset received: box-drone = [+0.008, -0.014, -0.471] m
[INFO] [1785745125.732349413] [acados_nmpc_node]: PX4 MC_ROLLRATE_K: 1.000 -> 4.156 (inertia ratio 4.16, cap 5.0)
[INFO] [1785745125.732560702] [acados_nmpc_node]: PX4 MC_PITCHRATE_K: 1.000 -> 4.156 (inertia ratio 4.16, cap 5.0)
[INFO] [1785745125.732759398] [acados_nmpc_node]: t=6.8s | ATTACH (geom_source=online): dJ/gain init from prior m_p=0.23kg arm=0.47m (dJ=0.0448); c_xy+dJ refine online, attach truth eval-only
[INFO] [1785745125.734992852] [acados_nmpc_node]: [attach-window] t=6.75s pos_err=0.019m T=19.79N z=0.564 m_est=2.056
[INFO] [1785745125.781450917] [acados_nmpc_node]: [attach-window] t=6.80s pos_err=0.020m T=19.79N z=0.565 m_est=2.056
[INFO] [1785745125.834154849] [acados_nmpc_node]: [attach-window] t=6.85s pos_err=0.021m T=19.78N z=0.566 m_est=2.056
[INFO] [1785745125.881390749] [acados_nmpc_node]: [attach-window] t=6.90s pos_err=0.022m T=19.76N z=0.566 m_est=2.056
[INFO] [1785745125.932553982] [acados_nmpc_node]: [attach-window] t=6.95s pos_err=0.023m T=19.74N z=0.567 m_est=2.055
[INFO] [1785745125.981568718] [acados_nmpc_node]: [attach-window] t=7.00s pos_err=0.023m T=19.73N z=0.568 m_est=2.055
[INFO] [1785745126.034327887] [acados_nmpc_node]: [attach-window] t=7.05s pos_err=0.024m T=19.71N z=0.568 m_est=2.054
[INFO] [1785745126.081502078] [acados_nmpc_node]: [attach-window] t=7.10s pos_err=0.024m T=19.70N z=0.569 m_est=2.054
[INFO] [1785745126.134359898] [acados_nmpc_node]: [attach-window] t=7.15s pos_err=0.024m T=19.68N z=0.569 m_est=2.053
[INFO] [1785745126.181481039] [acados_nmpc_node]: [attach-window] t=7.20s pos_err=0.024m T=19.67N z=0.569 m_est=2.053
[INFO] [1785745126.234251696] [acados_nmpc_node]: [attach-window] t=7.25s pos_err=0.024m T=19.66N z=0.569 m_est=2.051
[INFO] [1785745126.281808961] [acados_nmpc_node]: [attach-window] t=7.30s pos_err=0.023m T=19.66N z=0.569 m_est=2.051
[INFO] [1785745126.334436111] [acados_nmpc_node]: [attach-window] t=7.35s pos_err=0.023m T=19.65N z=0.568 m_est=2.049
[INFO] [1785745126.380923409] [acados_nmpc_node]: [attach-window] t=7.40s pos_err=0.022m T=19.66N z=0.568 m_est=2.049
[INFO] [1785745126.432778588] [acados_nmpc_node]: [attach-window] t=7.45s pos_err=0.021m T=19.65N z=0.567 m_est=2.046
[INFO] [1785745126.480902264] [acados_nmpc_node]: [attach-window] t=7.50s pos_err=0.020m T=19.66N z=0.567 m_est=2.046
[INFO] [1785745126.532658818] [acados_nmpc_node]: [attach-window] t=7.55s pos_err=0.019m T=19.64N z=0.566 m_est=2.042
[INFO] [1785745126.580610684] [acados_nmpc_node]: [attach-window] t=7.60s pos_err=0.018m T=19.65N z=0.566 m_est=2.042
[INFO] [1785745126.634279370] [acados_nmpc_node]: [attach-window] t=7.65s pos_err=0.016m T=19.64N z=0.565 m_est=2.038
[INFO] [1785745126.680700235] [acados_nmpc_node]: [attach-window] t=7.70s pos_err=0.016m T=19.65N z=0.564 m_est=2.038
[INFO] [1785745126.732439428] [acados_nmpc_node]: [attach-window] t=7.75s pos_err=0.014m T=19.62N z=0.564 m_est=2.034
[INFO] [1785745126.781131798] [acados_nmpc_node]: [attach-window] t=7.80s pos_err=0.014m T=19.63N z=0.564 m_est=2.034
[INFO] [1785745126.833975271] [acados_nmpc_node]: [attach-window] t=7.85s pos_err=0.013m T=19.59N z=0.563 m_est=2.030
[INFO] [1785745126.881207997] [acados_nmpc_node]: [attach-window] t=7.90s pos_err=0.013m T=19.60N z=0.563 m_est=2.030
[INFO] [1785745126.934015649] [acados_nmpc_node]: [attach-window] t=7.95s pos_err=0.014m T=19.55N z=0.564 m_est=2.025
[INFO] [1785745126.981169783] [acados_nmpc_node]: [attach-window] t=8.00s pos_err=0.014m T=19.55N z=0.564 m_est=2.025
[INFO] [1785745127.034106597] [acados_nmpc_node]: [attach-window] t=8.05s pos_err=0.014m T=19.50N z=0.564 m_est=2.021
[INFO] [1785745127.081491830] [acados_nmpc_node]: [attach-window] t=8.10s pos_err=0.014m T=19.50N z=0.564 m_est=2.021
[INFO] [1785745127.134334999] [acados_nmpc_node]: [attach-window] t=8.15s pos_err=0.014m T=19.46N z=0.564 m_est=2.017
[INFO] [1785745127.181471388] [acados_nmpc_node]: [attach-window] t=8.20s pos_err=0.014m T=19.47N z=0.564 m_est=2.017
[INFO] [1785745127.232837026] [acados_nmpc_node]: [attach-window] t=8.25s pos_err=0.013m T=19.44N z=0.563 m_est=2.013
[INFO] [1785745127.279428250] [acados_nmpc_node]: t=8.3s | LIFT: raising hover 0.55->2.5m to lift payload
[INFO] [1785745127.281035396] [acados_nmpc_node]: [attach-window] t=8.30s pos_err=0.013m T=19.45N z=0.563 m_est=2.013
[INFO] [1785745127.334345729] [acados_nmpc_node]: [attach-window] t=8.35s pos_err=0.012m T=19.34N z=0.562 m_est=2.001
[INFO] [1785745127.381369809] [acados_nmpc_node]: [attach-window] t=8.40s pos_err=0.010m T=19.38N z=0.562 m_est=2.001
[INFO] [1785745127.434264379] [acados_nmpc_node]: [attach-window] t=8.45s pos_err=0.006m T=19.37N z=0.562 m_est=1.994
[INFO] [1785745127.481336814] [acados_nmpc_node]: [attach-window] t=8.50s pos_err=0.002m T=19.46N z=0.561 m_est=1.994
[INFO] [1785745127.534099440] [acados_nmpc_node]: [attach-window] t=8.55s pos_err=0.006m T=19.55N z=0.561 m_est=1.988
[INFO] [1785745127.581210171] [acados_nmpc_node]: [attach-window] t=8.60s pos_err=0.015m T=19.72N z=0.561 m_est=1.988
[INFO] [1785745127.632740159] [acados_nmpc_node]: [attach-window] t=8.65s pos_err=0.027m T=19.93N z=0.560 m_est=1.985
[INFO] [1785745127.680916242] [acados_nmpc_node]: [attach-window] t=8.70s pos_err=0.041m T=20.19N z=0.560 m_est=1.985
[INFO] [1785745127.734253293] [acados_nmpc_node]: [attach-window] t=8.75s pos_err=0.060m T=20.54N z=0.560 m_est=1.985
[INFO] [1785745127.781454492] [acados_nmpc_node]: [attach-window] t=8.80s pos_err=0.079m T=20.90N z=0.560 m_est=1.985
[INFO] [1785745127.834488577] [acados_nmpc_node]: [attach-window] t=8.85s pos_err=0.104m T=21.40N z=0.560 m_est=1.989
[INFO] [1785745127.881671357] [acados_nmpc_node]: [attach-window] t=8.90s pos_err=0.129m T=21.86N z=0.559 m_est=1.989
[INFO] [1785745127.934721564] [acados_nmpc_node]: [attach-window] t=8.95s pos_err=0.161m T=22.53N z=0.559 m_est=1.997
[INFO] [1785745127.981694282] [acados_nmpc_node]: [attach-window] t=9.00s pos_err=0.191m T=23.10N z=0.559 m_est=1.997
[INFO] [1785745128.034558877] [acados_nmpc_node]: [attach-window] t=9.05s pos_err=0.228m T=23.92N z=0.560 m_est=2.010
[INFO] [1785745128.081776336] [acados_nmpc_node]: [attach-window] t=9.10s pos_err=0.264m T=24.53N z=0.561 m_est=2.010
[INFO] [1785745128.134828667] [acados_nmpc_node]: [attach-window] t=9.15s pos_err=0.306m T=25.17N z=0.563 m_est=2.028
[INFO] [1785745128.181874324] [acados_nmpc_node]: [attach-window] t=9.20s pos_err=0.346m T=25.68N z=0.565 m_est=2.028
[INFO] [1785745128.234789214] [acados_nmpc_node]: [attach-window] t=9.25s pos_err=0.389m T=26.03N z=0.571 m_est=2.049
[INFO] [1785745128.281716627] [acados_nmpc_node]: [attach-window] t=9.30s pos_err=0.428m T=26.27N z=0.578 m_est=2.049
[INFO] [1785745128.334857369] [acados_nmpc_node]: [attach-window] t=9.35s pos_err=0.467m T=26.29N z=0.594 m_est=2.070
[INFO] [1785745128.381681186] [acados_nmpc_node]: [attach-window] t=9.40s pos_err=0.507m T=26.56N z=0.604 m_est=2.070
[INFO] [1785745128.434780729] [acados_nmpc_node]: [attach-window] t=9.45s pos_err=0.540m T=26.35N z=0.630 m_est=2.088
[INFO] [1785745128.481797078] [acados_nmpc_node]: [attach-window] t=9.50s pos_err=0.573m T=26.34N z=0.650 m_est=2.088
[INFO] [1785745128.534882413] [acados_nmpc_node]: [attach-window] t=9.55s pos_err=0.598m T=25.93N z=0.687 m_est=2.103
[INFO] [1785745128.581714938] [acados_nmpc_node]: [attach-window] t=9.60s pos_err=0.632m T=26.07N z=0.708 m_est=2.103
[INFO] [1785745128.634721966] [acados_nmpc_node]: [attach-window] t=9.65s pos_err=0.648m T=25.58N z=0.756 m_est=2.115
[INFO] [1785745128.681508190] [acados_nmpc_node]: [attach-window] t=9.70s pos_err=0.673m T=25.48N z=0.788 m_est=2.115
[INFO] [1785745128.734396225] [acados_nmpc_node]: [attach-window] t=9.75s pos_err=0.681m T=24.89N z=0.844 m_est=2.125
[INFO] [1785745128.781455168] [acados_nmpc_node]: [attach-window] t=9.80s pos_err=0.709m T=25.03N z=0.874 m_est=2.125
[INFO] [1785745128.834430488] [acados_nmpc_node]: [attach-window] t=9.85s pos_err=0.710m T=24.49N z=0.937 m_est=2.133
[INFO] [1785745128.881626603] [acados_nmpc_node]: [attach-window] t=9.90s pos_err=0.725m T=24.40N z=0.978 m_est=2.133
[INFO] [1785745128.934458009] [acados_nmpc_node]: [attach-window] t=9.95s pos_err=0.720m T=23.84N z=1.046 m_est=2.139
[INFO] [1785745128.981477471] [acados_nmpc_node]: [attach-window] t=10.00s pos_err=0.740m T=24.01N z=1.081 m_est=2.139
[INFO] [1785745129.032829955] [acados_nmpc_node]: [attach-window] t=10.05s pos_err=0.729m T=23.50N z=1.151 m_est=2.143
[INFO] [1785745129.080880326] [acados_nmpc_node]: [attach-window] t=10.10s pos_err=0.738m T=23.46N z=1.196 m_est=2.143
[INFO] [1785745129.132920430] [acados_nmpc_node]: [attach-window] t=10.15s pos_err=0.721m T=22.95N z=1.268 m_est=2.147
[INFO] [1785745129.180980548] [acados_nmpc_node]: [attach-window] t=10.20s pos_err=0.734m T=23.13N z=1.305 m_est=2.147
[INFO] [1785745129.232856423] [acados_nmpc_node]: [attach-window] t=10.25s pos_err=0.712m T=22.73N z=1.378 m_est=2.158
[INFO] [1785745129.280885618] [acados_nmpc_node]: [attach-window] t=10.30s pos_err=0.712m T=22.69N z=1.423 m_est=2.158
[INFO] [1785745129.334383648] [acados_nmpc_node]: [attach-window] t=10.35s pos_err=0.686m T=22.31N z=1.496 m_est=2.169
[INFO] [1785745129.381474625] [acados_nmpc_node]: [attach-window] t=10.40s pos_err=0.680m T=22.24N z=1.541 m_est=2.169
[INFO] [1785745129.434785571] [acados_nmpc_node]: [attach-window] t=10.45s pos_err=0.659m T=22.04N z=1.603 m_est=2.179
[INFO] [1785745129.481385718] [acados_nmpc_node]: [attach-window] t=10.50s pos_err=0.649m T=21.96N z=1.647 m_est=2.179
[INFO] [1785745129.534442316] [acados_nmpc_node]: [attach-window] t=10.55s pos_err=0.615m T=21.60N z=1.716 m_est=2.188
[INFO] [1785745129.581460658] [acados_nmpc_node]: [attach-window] t=10.60s pos_err=0.609m T=21.63N z=1.750 m_est=2.188
[INFO] [1785745129.581946247] [acados_nmpc_node]: t=10.6s | pos_err=0.609m | T=21.63N | tau=[r-0.048 p0.021 y0.004]Nm | res_stat=3.752e-07(peak 9.962e-07) sqp_iter=3 | solve=1.5ms
[INFO] [1785745129.634475696] [acados_nmpc_node]: [attach-window] t=10.65s pos_err=0.564m T=21.18N z=1.823 m_est=2.194
[INFO] [1785745129.681371789] [acados_nmpc_node]: [attach-window] t=10.70s pos_err=0.554m T=21.17N z=1.855 m_est=2.194
[INFO] [1785745129.734676255] [acados_nmpc_node]: [attach-window] t=10.75s pos_err=0.514m T=20.89N z=1.917 m_est=2.198
[INFO] [1785745129.781381917] [acados_nmpc_node]: [attach-window] t=10.80s pos_err=0.494m T=20.80N z=1.954 m_est=2.198
[INFO] [1785745129.834387157] [acados_nmpc_node]: [attach-window] t=10.85s pos_err=0.460m T=20.65N z=2.003 m_est=2.201
[INFO] [1785745129.881353308] [acados_nmpc_node]: [attach-window] t=10.90s pos_err=0.437m T=20.58N z=2.037 m_est=2.201
[INFO] [1785745129.934441438] [acados_nmpc_node]: [attach-window] t=10.95s pos_err=0.397m T=20.43N z=2.087 m_est=2.203
[INFO] [1785745129.981564858] [acados_nmpc_node]: [attach-window] t=11.00s pos_err=0.379m T=20.42N z=2.111 m_est=2.203
[INFO] [1785745130.034507617] [acados_nmpc_node]: [attach-window] t=11.05s pos_err=0.340m T=20.35N z=2.155 m_est=2.205
[INFO] [1785745130.081517041] [acados_nmpc_node]: [attach-window] t=11.10s pos_err=0.317m T=20.33N z=2.181 m_est=2.205
[INFO] [1785745130.134751765] [acados_nmpc_node]: [attach-window] t=11.15s pos_err=0.282m T=20.36N z=2.218 m_est=2.207
[INFO] [1785745130.181428220] [acados_nmpc_node]: [attach-window] t=11.20s pos_err=0.261m T=20.40N z=2.239 m_est=2.207
[INFO] [1785745130.234580273] [acados_nmpc_node]: [attach-window] t=11.25s pos_err=0.234m T=20.51N z=2.266 m_est=2.211
[INFO] [1785745130.281464724] [acados_nmpc_node]: [attach-window] t=11.30s pos_err=0.217m T=20.60N z=2.283 m_est=2.211
[INFO] [1785745130.334581951] [acados_nmpc_node]: [attach-window] t=11.35s pos_err=0.193m T=20.81N z=2.308 m_est=2.216
[INFO] [1785745130.381424008] [acados_nmpc_node]: [attach-window] t=11.40s pos_err=0.182m T=20.91N z=2.318 m_est=2.216
[INFO] [1785745130.434509392] [acados_nmpc_node]: [attach-window] t=11.45s pos_err=0.164m T=21.15N z=2.337 m_est=2.221
[INFO] [1785745130.481492391] [acados_nmpc_node]: [attach-window] t=11.50s pos_err=0.154m T=21.27N z=2.347 m_est=2.221
[INFO] [1785745130.534524502] [acados_nmpc_node]: [attach-window] t=11.55s pos_err=0.139m T=21.50N z=2.361 m_est=2.228
[INFO] [1785745130.581426939] [acados_nmpc_node]: [attach-window] t=11.60s pos_err=0.133m T=21.58N z=2.367 m_est=2.228
[INFO] [1785745130.634383163] [acados_nmpc_node]: [attach-window] t=11.65s pos_err=0.120m T=21.78N z=2.380 m_est=2.235
[INFO] [1785745130.681431966] [acados_nmpc_node]: [attach-window] t=11.70s pos_err=0.116m T=21.84N z=2.385 m_est=2.235
[INFO] [1785745130.734587640] [acados_nmpc_node]: [attach-window] t=11.75s pos_err=0.107m T=21.98N z=2.394 m_est=2.242
[INFO] [1785745130.781392583] [acados_nmpc_node]: [attach-window] t=11.80s pos_err=0.103m T=22.01N z=2.398 m_est=2.242
[INFO] [1785745130.834574564] [acados_nmpc_node]: [attach-window] t=11.85s pos_err=0.095m T=22.11N z=2.405 m_est=2.249
[INFO] [1785745130.881151106] [acados_nmpc_node]: [attach-window] t=11.90s pos_err=0.091m T=22.13N z=2.409 m_est=2.249
[INFO] [1785745130.934680441] [acados_nmpc_node]: [attach-window] t=11.95s pos_err=0.085m T=22.20N z=2.416 m_est=2.256
[INFO] [1785745130.981219730] [acados_nmpc_node]: [attach-window] t=12.00s pos_err=0.082m T=22.21N z=2.419 m_est=2.256
[INFO] [1785745131.034655259] [acados_nmpc_node]: [attach-window] t=12.05s pos_err=0.076m T=22.25N z=2.424 m_est=2.262
[INFO] [1785745131.081288086] [acados_nmpc_node]: [attach-window] t=12.10s pos_err=0.073m T=22.25N z=2.428 m_est=2.262
[INFO] [1785745131.134517746] [acados_nmpc_node]: [attach-window] t=12.15s pos_err=0.067m T=22.27N z=2.433 m_est=2.268
[INFO] [1785745131.181203090] [acados_nmpc_node]: [attach-window] t=12.20s pos_err=0.065m T=22.26N z=2.436 m_est=2.268
[INFO] [1785745131.234470325] [acados_nmpc_node]: [attach-window] t=12.25s pos_err=0.060m T=22.28N z=2.441 m_est=2.272
[INFO] [1785745131.281146468] [acados_nmpc_node]: [attach-window] t=12.30s pos_err=0.057m T=22.26N z=2.444 m_est=2.272
[INFO] [1785745131.334483438] [acados_nmpc_node]: [attach-window] t=12.35s pos_err=0.052m T=22.27N z=2.448 m_est=2.276
[INFO] [1785745131.381220581] [acados_nmpc_node]: [attach-window] t=12.40s pos_err=0.050m T=22.25N z=2.451 m_est=2.276
[INFO] [1785745131.434535088] [acados_nmpc_node]: [attach-window] t=12.45s pos_err=0.045m T=22.25N z=2.455 m_est=2.279
[INFO] [1785745131.481197031] [acados_nmpc_node]: [attach-window] t=12.50s pos_err=0.043m T=22.24N z=2.458 m_est=2.279
[INFO] [1785745131.534434800] [acados_nmpc_node]: [attach-window] t=12.55s pos_err=0.039m T=22.25N z=2.462 m_est=2.282
[INFO] [1785745131.581142126] [acados_nmpc_node]: [attach-window] t=12.60s pos_err=0.037m T=22.25N z=2.464 m_est=2.282
[INFO] [1785745131.634335983] [acados_nmpc_node]: [attach-window] t=12.65s pos_err=0.034m T=22.27N z=2.467 m_est=2.283
[INFO] [1785745131.681086994] [acados_nmpc_node]: [attach-window] t=12.70s pos_err=0.032m T=22.27N z=2.469 m_est=2.283
[INFO] [1785745131.734611682] [acados_nmpc_node]: [attach-window] t=12.75s pos_err=0.029m T=22.28N z=2.472 m_est=2.284
[INFO] [1785745131.780702758] [acados_nmpc_node]: [attach-window] t=12.80s pos_err=0.028m T=22.28N z=2.473 m_est=2.284
[INFO] [1785745131.832627874] [acados_nmpc_node]: [attach-window] t=12.85s pos_err=0.025m T=22.28N z=2.476 m_est=2.285
[INFO] [1785745131.880665758] [acados_nmpc_node]: [attach-window] t=12.90s pos_err=0.023m T=22.28N z=2.478 m_est=2.285
[INFO] [1785745131.932991490] [acados_nmpc_node]: [attach-window] t=12.95s pos_err=0.021m T=22.28N z=2.480 m_est=2.285
[INFO] [1785745131.980787086] [acados_nmpc_node]: [attach-window] t=13.00s pos_err=0.020m T=22.29N z=2.481 m_est=2.285
[INFO] [1785745132.032914089] [acados_nmpc_node]: [attach-window] t=13.05s pos_err=0.019m T=22.31N z=2.483 m_est=2.285
[INFO] [1785745132.080796608] [acados_nmpc_node]: [attach-window] t=13.10s pos_err=0.018m T=22.32N z=2.483 m_est=2.285
[INFO] [1785745132.133154245] [acados_nmpc_node]: [attach-window] t=13.15s pos_err=0.017m T=22.33N z=2.485 m_est=2.285
[INFO] [1785745132.181188864] [acados_nmpc_node]: [attach-window] t=13.20s pos_err=0.017m T=22.34N z=2.485 m_est=2.285
[INFO] [1785745132.234588746] [acados_nmpc_node]: [attach-window] t=13.25s pos_err=0.016m T=22.36N z=2.486 m_est=2.284
[INFO] [1785745132.281226635] [acados_nmpc_node]: [attach-window] t=13.30s pos_err=0.016m T=22.37N z=2.487 m_est=2.284
[INFO] [1785745132.334435222] [acados_nmpc_node]: [attach-window] t=13.35s pos_err=0.016m T=22.37N z=2.487 m_est=2.284
[INFO] [1785745132.381182589] [acados_nmpc_node]: [attach-window] t=13.40s pos_err=0.016m T=22.38N z=2.488 m_est=2.284
[INFO] [1785745132.434543486] [acados_nmpc_node]: [attach-window] t=13.45s pos_err=0.015m T=22.38N z=2.488 m_est=2.284
[INFO] [1785745132.481083632] [acados_nmpc_node]: [attach-window] t=13.50s pos_err=0.015m T=22.38N z=2.489 m_est=2.284
[INFO] [1785745132.534475456] [acados_nmpc_node]: [attach-window] t=13.55s pos_err=0.014m T=22.38N z=2.489 m_est=2.284
[INFO] [1785745132.581193050] [acados_nmpc_node]: [attach-window] t=13.60s pos_err=0.014m T=22.39N z=2.490 m_est=2.284
[INFO] [1785745132.634587257] [acados_nmpc_node]: [attach-window] t=13.65s pos_err=0.013m T=22.38N z=2.491 m_est=2.284
[INFO] [1785745132.681150879] [acados_nmpc_node]: [attach-window] t=13.70s pos_err=0.013m T=22.38N z=2.491 m_est=2.284
[INFO] [1785745132.734444609] [acados_nmpc_node]: [attach-window] t=13.75s pos_err=0.013m T=22.39N z=2.491 m_est=2.284
[INFO] [1785745132.781123256] [acados_nmpc_node]: [attach-window] t=13.80s pos_err=0.013m T=22.39N z=2.492 m_est=2.284
[INFO] [1785745132.834327483] [acados_nmpc_node]: [attach-window] t=13.85s pos_err=0.013m T=22.41N z=2.492 m_est=2.284
[INFO] [1785745132.881173199] [acados_nmpc_node]: [attach-window] t=13.90s pos_err=0.013m T=22.41N z=2.492 m_est=2.284
[INFO] [1785745132.934402529] [acados_nmpc_node]: [attach-window] t=13.95s pos_err=0.013m T=22.42N z=2.492 m_est=2.285
[INFO] [1785745132.981215291] [acados_nmpc_node]: [attach-window] t=14.00s pos_err=0.012m T=22.42N z=2.492 m_est=2.285
[INFO] [1785745133.034340104] [acados_nmpc_node]: [attach-window] t=14.05s pos_err=0.012m T=22.42N z=2.493 m_est=2.285
[INFO] [1785745133.081168411] [acados_nmpc_node]: [attach-window] t=14.10s pos_err=0.011m T=22.41N z=2.493 m_est=2.285
[INFO] [1785745133.134450333] [acados_nmpc_node]: [attach-window] t=14.15s pos_err=0.011m T=22.42N z=2.493 m_est=2.285
[INFO] [1785745133.181156672] [acados_nmpc_node]: [attach-window] t=14.20s pos_err=0.011m T=22.42N z=2.493 m_est=2.285
[INFO] [1785745133.232796809] [acados_nmpc_node]: [attach-window] t=14.25s pos_err=0.011m T=22.43N z=2.493 m_est=2.285
[INFO] [1785745133.280662581] [acados_nmpc_node]: [attach-window] t=14.30s pos_err=0.011m T=22.43N z=2.493 m_est=2.285
[INFO] [1785745133.332643941] [acados_nmpc_node]: [attach-window] t=14.35s pos_err=0.011m T=22.44N z=2.493 m_est=2.285
[INFO] [1785745133.380735610] [acados_nmpc_node]: [attach-window] t=14.40s pos_err=0.011m T=22.44N z=2.493 m_est=2.285
[INFO] [1785745133.434574967] [acados_nmpc_node]: [attach-window] t=14.45s pos_err=0.011m T=22.44N z=2.492 m_est=2.285
[INFO] [1785745133.481386690] [acados_nmpc_node]: [attach-window] t=14.50s pos_err=0.012m T=22.44N z=2.492 m_est=2.285
[INFO] [1785745133.534551432] [acados_nmpc_node]: [attach-window] t=14.55s pos_err=0.012m T=22.44N z=2.493 m_est=2.286
[INFO] [1785745133.581280908] [acados_nmpc_node]: [attach-window] t=14.60s pos_err=0.012m T=22.43N z=2.493 m_est=2.286
[INFO] [1785745133.634597158] [acados_nmpc_node]: [attach-window] t=14.65s pos_err=0.013m T=22.42N z=2.493 m_est=2.286
[INFO] [1785745133.681469895] [acados_nmpc_node]: [attach-window] t=14.70s pos_err=0.014m T=22.42N z=2.493 m_est=2.286
[INFO] [1785745133.732944947] [acados_nmpc_node]: [attach-window] t=14.75s pos_err=0.015m T=22.41N z=2.494 m_est=2.286
[INFO] [1785745133.780872846] [acados_nmpc_node]: [attach-window] t=14.80s pos_err=0.015m T=22.41N z=2.494 m_est=2.286
[INFO] [1785745133.832944566] [acados_nmpc_node]: [attach-window] t=14.85s pos_err=0.017m T=22.41N z=2.494 m_est=2.286
[INFO] [1785745133.880977199] [acados_nmpc_node]: [attach-window] t=14.90s pos_err=0.018m T=22.42N z=2.494 m_est=2.286
[INFO] [1785745133.933144782] [acados_nmpc_node]: [attach-window] t=14.95s pos_err=0.020m T=22.42N z=2.494 m_est=2.285
[INFO] [1785745133.980880548] [acados_nmpc_node]: [attach-window] t=15.00s pos_err=0.021m T=22.42N z=2.495 m_est=2.285
[INFO] [1785745134.034569609] [acados_nmpc_node]: [attach-window] t=15.05s pos_err=0.022m T=22.42N z=2.495 m_est=2.285
[INFO] [1785745134.081418045] [acados_nmpc_node]: [attach-window] t=15.10s pos_err=0.023m T=22.42N z=2.495 m_est=2.285
[INFO] [1785745134.134765195] [acados_nmpc_node]: [attach-window] t=15.15s pos_err=0.024m T=22.42N z=2.495 m_est=2.285
[INFO] [1785745134.181281431] [acados_nmpc_node]: [attach-window] t=15.20s pos_err=0.024m T=22.42N z=2.495 m_est=2.285
[INFO] [1785745134.234835337] [acados_nmpc_node]: [attach-window] t=15.25s pos_err=0.024m T=22.43N z=2.495 m_est=2.285
[INFO] [1785745134.281333499] [acados_nmpc_node]: [attach-window] t=15.30s pos_err=0.025m T=22.44N z=2.495 m_est=2.285
[INFO] [1785745134.334620210] [acados_nmpc_node]: [attach-window] t=15.35s pos_err=0.025m T=22.45N z=2.494 m_est=2.285
[INFO] [1785745134.381222659] [acados_nmpc_node]: [attach-window] t=15.40s pos_err=0.025m T=22.45N z=2.494 m_est=2.285
[INFO] [1785745134.434583758] [acados_nmpc_node]: [attach-window] t=15.45s pos_err=0.025m T=22.46N z=2.493 m_est=2.285
[INFO] [1785745134.480756400] [acados_nmpc_node]: [attach-window] t=15.50s pos_err=0.025m T=22.47N z=2.493 m_est=2.285
[INFO] [1785745134.534903940] [acados_nmpc_node]: [attach-window] t=15.55s pos_err=0.024m T=22.47N z=2.493 m_est=2.286
[INFO] [1785745134.580747325] [acados_nmpc_node]: [attach-window] t=15.60s pos_err=0.024m T=22.47N z=2.492 m_est=2.286
[INFO] [1785745134.581087785] [acados_nmpc_node]: t=15.6s | pos_err=0.024m | T=22.47N | tau=[r-0.040 p-0.010 y0.001]Nm | res_stat=3.511e-07(peak 9.962e-07) sqp_iter=2 | solve=0.9ms
[INFO] [1785745134.634677398] [acados_nmpc_node]: [attach-window] t=15.65s pos_err=0.023m T=22.47N z=2.492 m_est=2.286
[INFO] [1785745134.681141981] [acados_nmpc_node]: [attach-window] t=15.70s pos_err=0.023m T=22.47N z=2.492 m_est=2.286
[INFO] [1785745134.734848846] [acados_nmpc_node]: [attach-window] t=15.75s pos_err=0.021m T=22.47N z=2.491 m_est=2.286
[INFO] [1785745134.781149910] [acados_nmpc_node]: [attach-window] t=15.80s pos_err=0.020m T=22.47N z=2.491 m_est=2.286
[INFO] [1785745134.835217135] [acados_nmpc_node]: [attach-window] t=15.85s pos_err=0.019m T=22.47N z=2.491 m_est=2.286
[INFO] [1785745134.881326724] [acados_nmpc_node]: [attach-window] t=15.90s pos_err=0.018m T=22.48N z=2.490 m_est=2.286
[INFO] [1785745134.934719000] [acados_nmpc_node]: [attach-window] t=15.95s pos_err=0.016m T=22.48N z=2.489 m_est=2.286
[INFO] [1785745134.981310312] [acados_nmpc_node]: [attach-window] t=16.00s pos_err=0.016m T=22.49N z=2.489 m_est=2.286
[INFO] [1785745135.034703629] [acados_nmpc_node]: [attach-window] t=16.05s pos_err=0.015m T=22.50N z=2.488 m_est=2.286
[INFO] [1785745135.081252409] [acados_nmpc_node]: [attach-window] t=16.10s pos_err=0.015m T=22.51N z=2.487 m_est=2.286
[INFO] [1785745135.134722474] [acados_nmpc_node]: [attach-window] t=16.15s pos_err=0.016m T=22.53N z=2.486 m_est=2.287
[INFO] [1785745135.181170168] [acados_nmpc_node]: [attach-window] t=16.20s pos_err=0.016m T=22.53N z=2.485 m_est=2.287
[INFO] [1785745135.234875243] [acados_nmpc_node]: [attach-window] t=16.25s pos_err=0.016m T=22.53N z=2.484 m_est=2.287
[INFO] [1785745135.281435158] [acados_nmpc_node]: [attach-window] t=16.30s pos_err=0.017m T=22.53N z=2.484 m_est=2.287
[INFO] [1785745135.334692498] [acados_nmpc_node]: [attach-window] t=16.35s pos_err=0.017m T=22.51N z=2.483 m_est=2.287
[INFO] [1785745135.381176247] [acados_nmpc_node]: [attach-window] t=16.40s pos_err=0.017m T=22.50N z=2.483 m_est=2.287
[INFO] [1785745135.434491758] [acados_nmpc_node]: [attach-window] t=16.45s pos_err=0.017m T=22.48N z=2.483 m_est=2.288
[INFO] [1785745135.481162730] [acados_nmpc_node]: [attach-window] t=16.50s pos_err=0.017m T=22.46N z=2.484 m_est=2.288
[INFO] [1785745135.534704924] [acados_nmpc_node]: [attach-window] t=16.55s pos_err=0.016m T=22.43N z=2.484 m_est=2.288
[INFO] [1785745135.581113153] [acados_nmpc_node]: [attach-window] t=16.60s pos_err=0.016m T=22.41N z=2.485 m_est=2.288
[INFO] [1785745135.634582359] [acados_nmpc_node]: [attach-window] t=16.65s pos_err=0.015m T=22.39N z=2.486 m_est=2.288
[INFO] [1785745135.681152746] [acados_nmpc_node]: [attach-window] t=16.70s pos_err=0.015m T=22.37N z=2.487 m_est=2.288
[INFO] [1785745135.734749842] [acados_nmpc_node]: [attach-window] t=16.75s pos_err=0.015m T=22.36N z=2.488 m_est=2.288
[INFO] [1785745135.781172409] [acados_nmpc_node]: [attach-window] t=16.80s pos_err=0.015m T=22.36N z=2.489 m_est=2.288
[INFO] [1785745135.834863708] [acados_nmpc_node]: [attach-window] t=16.85s pos_err=0.014m T=22.35N z=2.490 m_est=2.287
[INFO] [1785745135.881161898] [acados_nmpc_node]: [attach-window] t=16.90s pos_err=0.014m T=22.35N z=2.491 m_est=2.287
[INFO] [1785745135.934773011] [acados_nmpc_node]: [attach-window] t=16.95s pos_err=0.014m T=22.35N z=2.491 m_est=2.287
[INFO] [1785745135.981300894] [acados_nmpc_node]: [attach-window] t=17.00s pos_err=0.014m T=22.36N z=2.492 m_est=2.287
[INFO] [1785745136.034724192] [acados_nmpc_node]: [attach-window] t=17.05s pos_err=0.015m T=22.37N z=2.492 m_est=2.286
[INFO] [1785745136.081203213] [acados_nmpc_node]: [attach-window] t=17.10s pos_err=0.015m T=22.38N z=2.492 m_est=2.286
[INFO] [1785745136.133373018] [acados_nmpc_node]: [attach-window] t=17.15s pos_err=0.015m T=22.39N z=2.492 m_est=2.286
[INFO] [1785745136.180955167] [acados_nmpc_node]: [attach-window] t=17.20s pos_err=0.016m T=22.41N z=2.492 m_est=2.286
[INFO] [1785745136.233136053] [acados_nmpc_node]: [attach-window] t=17.25s pos_err=0.017m T=22.42N z=2.492 m_est=2.286
[INFO] [1785745136.280910843] [acados_nmpc_node]: [attach-window] t=17.30s pos_err=0.017m T=22.43N z=2.492 m_est=2.286
[INFO] [1785745136.334661153] [acados_nmpc_node]: [attach-window] t=17.35s pos_err=0.018m T=22.45N z=2.491 m_est=2.285
[INFO] [1785745136.381147866] [acados_nmpc_node]: [attach-window] t=17.40s pos_err=0.019m T=22.45N z=2.491 m_est=2.285
[INFO] [1785745136.435261490] [acados_nmpc_node]: [attach-window] t=17.45s pos_err=0.019m T=22.46N z=2.490 m_est=2.285
[INFO] [1785745136.481521658] [acados_nmpc_node]: [attach-window] t=17.50s pos_err=0.019m T=22.46N z=2.490 m_est=2.285
[INFO] [1785745136.535056302] [acados_nmpc_node]: [attach-window] t=17.55s pos_err=0.019m T=22.45N z=2.490 m_est=2.285
[INFO] [1785745136.581231331] [acados_nmpc_node]: [attach-window] t=17.60s pos_err=0.019m T=22.45N z=2.490 m_est=2.285
[INFO] [1785745136.634951099] [acados_nmpc_node]: [attach-window] t=17.65s pos_err=0.019m T=22.44N z=2.490 m_est=2.285
[INFO] [1785745136.681326713] [acados_nmpc_node]: [attach-window] t=17.70s pos_err=0.018m T=22.44N z=2.490 m_est=2.285
[INFO] [1785745136.734704522] [acados_nmpc_node]: [attach-window] t=17.75s pos_err=0.018m T=22.43N z=2.491 m_est=2.285
[INFO] [1785745136.781356257] [acados_nmpc_node]: [attach-window] t=17.80s pos_err=0.017m T=22.42N z=2.491 m_est=2.285
[INFO] [1785745136.834705464] [acados_nmpc_node]: [attach-window] t=17.85s pos_err=0.016m T=22.41N z=2.492 m_est=2.285
[INFO] [1785745136.881186151] [acados_nmpc_node]: [attach-window] t=17.90s pos_err=0.016m T=22.40N z=2.492 m_est=2.285
[INFO] [1785745136.934983291] [acados_nmpc_node]: [attach-window] t=17.95s pos_err=0.015m T=22.39N z=2.493 m_est=2.285
[INFO] [1785745136.981062430] [acados_nmpc_node]: [attach-window] t=18.00s pos_err=0.015m T=22.39N z=2.493 m_est=2.285
[INFO] [1785745137.033491388] [acados_nmpc_node]: [attach-window] t=18.05s pos_err=0.015m T=22.38N z=2.494 m_est=2.285
[INFO] [1785745137.081006185] [acados_nmpc_node]: [attach-window] t=18.10s pos_err=0.015m T=22.38N z=2.494 m_est=2.285
[INFO] [1785745137.133310561] [acados_nmpc_node]: [attach-window] t=18.15s pos_err=0.016m T=22.38N z=2.495 m_est=2.285
[INFO] [1785745137.180897535] [acados_nmpc_node]: [attach-window] t=18.20s pos_err=0.017m T=22.38N z=2.495 m_est=2.285
[INFO] [1785745137.233182927] [acados_nmpc_node]: [attach-window] t=18.25s pos_err=0.019m T=22.38N z=2.496 m_est=2.285
[INFO] [1785745137.280880992] [acados_nmpc_node]: [attach-window] t=18.30s pos_err=0.020m T=22.39N z=2.496 m_est=2.285
[INFO] [1785745137.335170203] [acados_nmpc_node]: [attach-window] t=18.35s pos_err=0.022m T=22.39N z=2.496 m_est=2.285
[INFO] [1785745137.381473246] [acados_nmpc_node]: [attach-window] t=18.40s pos_err=0.023m T=22.39N z=2.497 m_est=2.285
[INFO] [1785745137.435043994] [acados_nmpc_node]: [attach-window] t=18.45s pos_err=0.025m T=22.40N z=2.497 m_est=2.285
[INFO] [1785745137.481437204] [acados_nmpc_node]: [attach-window] t=18.50s pos_err=0.025m T=22.41N z=2.497 m_est=2.285
[INFO] [1785745137.534896905] [acados_nmpc_node]: [attach-window] t=18.55s pos_err=0.025m T=22.42N z=2.496 m_est=2.285
[INFO] [1785745137.581253314] [acados_nmpc_node]: [attach-window] t=18.60s pos_err=0.025m T=22.44N z=2.496 m_est=2.285
[INFO] [1785745137.634843200] [acados_nmpc_node]: [attach-window] t=18.65s pos_err=0.025m T=22.45N z=2.495 m_est=2.285
[INFO] [1785745137.681230833] [acados_nmpc_node]: [attach-window] t=18.70s pos_err=0.024m T=22.46N z=2.495 m_est=2.285
[INFO] [1785745137.734723268] [acados_nmpc_node]: [attach-window] t=18.75s pos_err=0.023m T=22.46N z=2.495 m_est=2.285
[INFO] [1785745137.781251951] [acados_nmpc_node]: [attach-window] t=18.80s pos_err=0.022m T=22.46N z=2.494 m_est=2.285
[INFO] [1785745137.834917978] [acados_nmpc_node]: [attach-window] t=18.85s pos_err=0.021m T=22.46N z=2.494 m_est=2.285
[INFO] [1785745137.881186346] [acados_nmpc_node]: [attach-window] t=18.90s pos_err=0.020m T=22.46N z=2.494 m_est=2.285
[INFO] [1785745137.934822586] [acados_nmpc_node]: [attach-window] t=18.95s pos_err=0.019m T=22.46N z=2.493 m_est=2.285
[INFO] [1785745137.981287265] [acados_nmpc_node]: [attach-window] t=19.00s pos_err=0.018m T=22.47N z=2.493 m_est=2.285
[INFO] [1785745138.034932335] [acados_nmpc_node]: [attach-window] t=19.05s pos_err=0.017m T=22.48N z=2.492 m_est=2.285
[INFO] [1785745138.081134714] [acados_nmpc_node]: [attach-window] t=19.10s pos_err=0.016m T=22.48N z=2.492 m_est=2.285
[INFO] [1785745138.135275492] [acados_nmpc_node]: [attach-window] t=19.15s pos_err=0.016m T=22.49N z=2.491 m_est=2.285
[INFO] [1785745138.181280876] [acados_nmpc_node]: [attach-window] t=19.20s pos_err=0.016m T=22.49N z=2.491 m_est=2.285
[INFO] [1785745138.233038402] [acados_nmpc_node]: [attach-window] t=19.25s pos_err=0.016m T=22.49N z=2.490 m_est=2.286
[INFO] [1785745138.280655864] [acados_nmpc_node]: [attach-window] t=19.30s pos_err=0.016m T=22.49N z=2.490 m_est=2.286
[INFO] [1785745138.334791593] [acados_nmpc_node]: [attach-window] t=19.35s pos_err=0.016m T=22.49N z=2.490 m_est=2.286
[INFO] [1785745138.381202216] [acados_nmpc_node]: [attach-window] t=19.40s pos_err=0.015m T=22.48N z=2.490 m_est=2.286
[INFO] [1785745138.434754574] [acados_nmpc_node]: [attach-window] t=19.45s pos_err=0.015m T=22.46N z=2.490 m_est=2.286
[INFO] [1785745138.481175707] [acados_nmpc_node]: [attach-window] t=19.50s pos_err=0.015m T=22.44N z=2.490 m_est=2.286
[INFO] [1785745138.534854809] [acados_nmpc_node]: [attach-window] t=19.55s pos_err=0.014m T=22.42N z=2.491 m_est=2.287
[INFO] [1785745138.581150178] [acados_nmpc_node]: [attach-window] t=19.60s pos_err=0.014m T=22.40N z=2.492 m_est=2.287
[INFO] [1785745138.634818505] [acados_nmpc_node]: [attach-window] t=19.65s pos_err=0.013m T=22.39N z=2.493 m_est=2.287
[INFO] [1785745138.681252842] [acados_nmpc_node]: [attach-window] t=19.70s pos_err=0.013m T=22.38N z=2.494 m_est=2.287
[INFO] [1785745138.734923311] [acados_nmpc_node]: [attach-window] t=19.75s pos_err=0.013m T=22.36N z=2.495 m_est=2.287
[INFO] [1785745138.781205117] [acados_nmpc_node]: [attach-window] t=19.80s pos_err=0.012m T=22.35N z=2.496 m_est=2.287
[INFO] [1785745138.834913195] [acados_nmpc_node]: [attach-window] t=19.85s pos_err=0.012m T=22.33N z=2.498 m_est=2.287
[INFO] [1785745138.881166697] [acados_nmpc_node]: [attach-window] t=19.90s pos_err=0.012m T=22.32N z=2.499 m_est=2.287
[INFO] [1785745138.934790027] [acados_nmpc_node]: [attach-window] t=19.95s pos_err=0.011m T=22.32N z=2.500 m_est=2.286
[INFO] [1785745138.981153508] [acados_nmpc_node]: [attach-window] t=20.00s pos_err=0.011m T=22.33N z=2.501 m_est=2.286
[INFO] [1785745139.034845806] [acados_nmpc_node]: [attach-window] t=20.05s pos_err=0.010m T=22.33N z=2.501 m_est=2.286
[INFO] [1785745139.081176929] [acados_nmpc_node]: [attach-window] t=20.10s pos_err=0.010m T=22.34N z=2.502 m_est=2.286
[INFO] [1785745139.134865331] [acados_nmpc_node]: [attach-window] t=20.15s pos_err=0.010m T=22.35N z=2.503 m_est=2.286
[INFO] [1785745139.181200140] [acados_nmpc_node]: [attach-window] t=20.20s pos_err=0.010m T=22.35N z=2.503 m_est=2.286
[INFO] [1785745139.234940677] [acados_nmpc_node]: [attach-window] t=20.25s pos_err=0.011m T=22.36N z=2.504 m_est=2.285
[INFO] [1785745139.281185444] [acados_nmpc_node]: [attach-window] t=20.30s pos_err=0.011m T=22.36N z=2.504 m_est=2.285
[INFO] [1785745139.334899195] [acados_nmpc_node]: [attach-window] t=20.35s pos_err=0.011m T=22.37N z=2.504 m_est=2.285
[INFO] [1785745139.381101068] [acados_nmpc_node]: [attach-window] t=20.40s pos_err=0.011m T=22.37N z=2.505 m_est=2.285
[INFO] [1785745139.434837115] [acados_nmpc_node]: [attach-window] t=20.45s pos_err=0.011m T=22.38N z=2.505 m_est=2.285
[INFO] [1785745139.481259279] [acados_nmpc_node]: [attach-window] t=20.50s pos_err=0.011m T=22.39N z=2.504 m_est=2.285
[INFO] [1785745139.534912446] [acados_nmpc_node]: [attach-window] t=20.55s pos_err=0.011m T=22.41N z=2.504 m_est=2.284
[INFO] [1785745139.581232362] [acados_nmpc_node]: [attach-window] t=20.60s pos_err=0.011m T=22.42N z=2.504 m_est=2.284
[INFO] [1785745139.581707107] [acados_nmpc_node]: t=20.6s | pos_err=0.011m | T=22.42N | tau=[r-0.039 p-0.010 y-0.000]Nm | res_stat=7.893e-08(peak 9.962e-07) sqp_iter=2 | solve=1.2ms
[INFO] [1785745139.634994921] [acados_nmpc_node]: [attach-window] t=20.65s pos_err=0.010m T=22.44N z=2.503 m_est=2.284
[INFO] [1785745139.681221612] [acados_nmpc_node]: [attach-window] t=20.70s pos_err=0.010m T=22.45N z=2.503 m_est=2.284
[INFO] [1785745139.734876801] [acados_nmpc_node]: [attach-window] t=20.75s pos_err=0.009m T=22.46N z=2.502 m_est=2.284
[INFO] [1785745139.780767975] [acados_nmpc_node]: [attach-window] t=20.80s pos_err=0.008m T=22.47N z=2.501 m_est=2.284
[INFO] [1785745139.833126652] [acados_nmpc_node]: [attach-window] t=20.85s pos_err=0.007m T=22.48N z=2.501 m_est=2.284
[INFO] [1785745139.880720947] [acados_nmpc_node]: [attach-window] t=20.90s pos_err=0.007m T=22.48N z=2.500 m_est=2.284
[INFO] [1785745139.933125814] [acados_nmpc_node]: [attach-window] t=20.95s pos_err=0.006m T=22.49N z=2.500 m_est=2.285
[INFO] [1785745139.980674679] [acados_nmpc_node]: [attach-window] t=21.00s pos_err=0.006m T=22.48N z=2.499 m_est=2.285
[INFO] [1785745140.035199457] [acados_nmpc_node]: [attach-window] t=21.05s pos_err=0.005m T=22.47N z=2.499 m_est=2.285
[INFO] [1785745140.081291470] [acados_nmpc_node]: [attach-window] t=21.10s pos_err=0.005m T=22.46N z=2.499 m_est=2.285
[INFO] [1785745140.135115006] [acados_nmpc_node]: [attach-window] t=21.15s pos_err=0.004m T=22.45N z=2.499 m_est=2.286
[INFO] [1785745140.181326850] [acados_nmpc_node]: [attach-window] t=21.20s pos_err=0.004m T=22.44N z=2.499 m_est=2.286
[INFO] [1785745140.235607250] [acados_nmpc_node]: [attach-window] t=21.25s pos_err=0.003m T=22.43N z=2.500 m_est=2.286
[INFO] [1785745140.281467316] [acados_nmpc_node]: [attach-window] t=21.30s pos_err=0.003m T=22.43N z=2.500 m_est=2.286
[ros2run]: Killed
