[INFO] [1788537439.988734790] [mhe_node]: MHE node starting, building/loading solver... (geom_coupled=True, N=20, m_min=1.961, m_B=2.0643)
Code reuse possible, skipping code generation.
acados was compiled without OpenMP.
[INFO] [1788537439.995557437] [mhe_node]: [prior] geom_coupled=True → 载荷质量信息**完全不生效**(grip_payload_envelope=0.3 是死代码:coupled 档下 _payload_geometry 根本不被调用);模型只吃可测杆臂 r_p + 被估质量,m 的先验仅有 Q0 质量维=0.1 (σ=3.16kg,实质无先验)
[WARN] [1788537439.996025345] [mhe_node]: geom_release_mode='self':估计器不被告知 drop。⚠️ 2026-08-24 实测,**NMPC 侧也设成 'self' 会必然坠机**——drop 后控制器继续按幽灵偏心载荷配平,指令 0.424N·m(tau_max 的 85%)作用在空机 J_xx=0.0142 上 = 29.8 rad/s²,而 MHE 10Hz/2s 窗口要 1~2s 才纠得过来,飞机先翻。**正确组合 = MHE 'self' + NMPC 'event'**(控制器是发释放指令的一方,它知道不构成认知作弊)。
[INFO] [1788537439.997449791] [mhe_node]: [c_xy_est] 质量域卸载判据已开:先武装(m_p>0.090kg),再判 m_p<0.03kg 持续 20 帧 -> 释放偏心估计
[INFO] [1788537439.997985450] [mhe_node]: [c_xy] 来源 = 一阶质量矩 s/m_T(窗口内估计,**无稳态门控**),替代窗外 EMA —— 机动中也会更新
[INFO] [1788537439.998983005] [mhe_node]: weight schedule theta = [-4.00, 0.00, 0.00, 0.00], signal mode = residual (residual self-trigger: thresh=4.4N persist=2 baseline_tau=3.0s)
[INFO] [1788537440.003100085] [mhe_node]: MHE node initialized! tau_source=command (roll/pitch NMPC意图值, yaw NMPC意图值), motor_window_avg=False, geom_release_mode=self. Waiting for odometry + control data...
[INFO] [1788537462.202866118] [mhe_node]: [no-signal] baseline settled at 19.88N (quiet 20 frames); detector armed
[INFO] [1788537462.203172562] [mhe_node]: arrival prior seeded: m=2.064 kg (m_nominal prior)
[INFO] [1788537462.203570051] [mhe_node]: [geom] model_geom_on=True (release_mode=self, truth_attached=False) mode=coupled(r_p) -> geom=[ 0.    0.   -0.47] dJ=0.0000 c_xy=[+0.0000,+0.0000] (dJ/c 为按当前 m_est 折算的诊断当量,模型内部随 m 实时生成)
[INFO] [1788537464.111374914] [mhe_node]: MHE mass estimate: 2.062 kg (T_phys=20.07N) | solve=3.4ms (max7.6)
[INFO] [1788537464.111922300] [mhe_node]: [truth] m_hat=2.0624 m_true=2.0643 err=-0.09% | c_hat=[+0.0000,+0.0000] c_true=[+0.0000,+0.0000] | Jxx_hat=0.01420 Jxx_true=0.01420 Jyz_hat=+0.00000 Jyz_true=+0.00000 | s_hat=[+0.0002,-0.0000] s_true=[+0.0000,+0.0000] kg·m
[INFO] [1788537464.112441882] [mhe_node]: [tau_phys] roll=+0.009 pitch=-0.078 Nm
[INFO] [1788537464.113031648] [mhe_node]: [mass-diag] m_est=2.0624 T=20.065N tilt=4.01deg cos=0.99755 | T/g=2.0454 T*cos/g=2.0404 | m_est-T*cos/g=+0.0220kg (+1.08%) vz=+0.121
[INFO] [1788537464.113613130] [mhe_node]: [c_xy_est] cx=+0.0000 cy=-0.0000 m
[INFO] [1788537466.109165976] [mhe_node]: MHE mass estimate: 2.061 kg (T_phys=20.19N) | solve=6.9ms (max10.6)
[INFO] [1788537466.109715860] [mhe_node]: [truth] m_hat=2.0606 m_true=2.0643 err=-0.18% | c_hat=[+0.0000,+0.0000] c_true=[+0.0000,+0.0000] | Jxx_hat=0.01420 Jxx_true=0.01420 Jyz_hat=+0.00000 Jyz_true=+0.00000 | s_hat=[-0.0011,+0.0000] s_true=[+0.0000,+0.0000] kg·m
[INFO] [1788537466.110239044] [mhe_node]: [tau_phys] roll=+0.001 pitch=+0.005 Nm
[INFO] [1788537466.110832373] [mhe_node]: [mass-diag] m_est=2.0606 T=20.195N tilt=2.48deg cos=0.99907 | T/g=2.0586 T*cos/g=2.0566 | m_est-T*cos/g=+0.0040kg (+0.19%) vz=+0.041
[INFO] [1788537466.111410457] [mhe_node]: [c_xy_est] cx=-0.0005 cy=+0.0000 m
[INFO] [1788537468.109340177] [mhe_node]: MHE mass estimate: 2.054 kg (T_phys=20.23N) | solve=5.2ms (max8.5)
[INFO] [1788537468.109884439] [mhe_node]: [truth] m_hat=2.0543 m_true=2.0643 err=-0.48% | c_hat=[+0.0000,+0.0000] c_true=[+0.0000,+0.0000] | Jxx_hat=0.01420 Jxx_true=0.01420 Jyz_hat=+0.00000 Jyz_true=+0.00000 | s_hat=[-0.0004,+0.0000] s_true=[+0.0000,+0.0000] kg·m
[INFO] [1788537468.110406131] [mhe_node]: [tau_phys] roll=+0.000 pitch=+0.002 Nm
[INFO] [1788537468.110991444] [mhe_node]: [mass-diag] m_est=2.0543 T=20.226N tilt=0.06deg cos=1.00000 | T/g=2.0618 T*cos/g=2.0618 | m_est-T*cos/g=-0.0075kg (-0.36%) vz=+0.010
[INFO] [1788537468.111579891] [mhe_node]: [c_xy_est] cx=-0.0002 cy=+0.0000 m
[INFO] [1788537470.107391189] [mhe_node]: MHE mass estimate: 2.057 kg (T_phys=18.64N) | solve=4.3ms (max8.8)
[INFO] [1788537470.107927852] [mhe_node]: [truth] m_hat=2.0568 m_true=2.0643 err=-0.36% | c_hat=[+0.0000,+0.0000] c_true=[+0.0000,+0.0000] | Jxx_hat=0.01420 Jxx_true=0.01420 Jyz_hat=+0.00000 Jyz_true=+0.00000 | s_hat=[-0.0001,-0.0000] s_true=[+0.0000,+0.0000] kg·m
[INFO] [1788537470.108450318] [mhe_node]: [tau_phys] roll=+0.001 pitch=+0.001 Nm
[INFO] [1788537470.109036020] [mhe_node]: [mass-diag] m_est=2.0568 T=18.637N tilt=0.15deg cos=1.00000 | T/g=1.8998 T*cos/g=1.8998 | m_est-T*cos/g=+0.1569kg (+8.26%) vz=-0.396
[INFO] [1788537470.109621050] [mhe_node]: [c_xy_est] cx=-0.0000 cy=-0.0000 m
[INFO] [1788537472.108243029] [mhe_node]: MHE mass estimate: 2.073 kg (T_phys=20.41N) | solve=4.3ms (max7.5)
[INFO] [1788537472.108814278] [mhe_node]: [truth] m_hat=2.0725 m_true=2.0643 err=+0.40% | c_hat=[+0.0000,+0.0000] c_true=[+0.0000,+0.0000] | Jxx_hat=0.01420 Jxx_true=0.01420 Jyz_hat=+0.00000 Jyz_true=+0.00000 | s_hat=[-0.0000,+0.0000] s_true=[+0.0000,+0.0000] kg·m
[INFO] [1788537472.109335365] [mhe_node]: [tau_phys] roll=+0.001 pitch=-0.001 Nm
[INFO] [1788537472.109922368] [mhe_node]: [mass-diag] m_est=2.0725 T=20.406N tilt=0.18deg cos=0.99999 | T/g=2.0801 T*cos/g=2.0801 | m_est-T*cos/g=-0.0075kg (-0.36%) vz=-0.057
[INFO] [1788537472.110505992] [mhe_node]: [c_xy_est] cx=-0.0000 cy=+0.0000 m
[INFO] [1788537474.119779902] [mhe_node]: MHE mass estimate: 1.985 kg (T_phys=19.75N) | solve=9.3ms (max21.9)
[INFO] [1788537474.120323935] [mhe_node]: [truth] m_hat=1.9851 m_true=2.0643 err=-3.84% | c_hat=[+0.0000,+0.0000] c_true=[+0.0000,+0.0000] | Jxx_hat=0.01420 Jxx_true=0.01420 Jyz_hat=+0.00000 Jyz_true=+0.00000 | s_hat=[-0.0045,+0.0005] s_true=[+0.0000,+0.0000] kg·m
[INFO] [1788537474.120841429] [mhe_node]: [tau_phys] roll=-0.040 pitch=+0.165 Nm
[INFO] [1788537474.121426850] [mhe_node]: [mass-diag] m_est=1.9851 T=19.748N tilt=0.10deg cos=1.00000 | T/g=2.0131 T*cos/g=2.0131 | m_est-T*cos/g=-0.0279kg (-1.39%) vz=+0.004
[INFO] [1788537474.122006777] [mhe_node]: [c_xy_est] cx=-0.0019 cy=+0.0002 m
[INFO] [1788537476.142952278] [mhe_node]: MHE mass estimate: 1.961 kg (T_phys=20.18N) | solve=24.5ms (max42.9)
[INFO] [1788537476.143494971] [mhe_node]: [truth] m_hat=1.9611 m_true=2.0643 err=-5.00% | c_hat=[+0.0000,+0.0000] c_true=[+0.0000,+0.0000] | Jxx_hat=0.01420 Jxx_true=0.01420 Jyz_hat=+0.00000 Jyz_true=+0.00000 | s_hat=[-0.0024,-0.0020] s_true=[+0.0000,+0.0000] kg·m
[INFO] [1788537476.144013351] [mhe_node]: [tau_phys] roll=+0.055 pitch=+0.157 Nm
[INFO] [1788537476.144601275] [mhe_node]: [mass-diag] m_est=1.9611 T=20.183N tilt=0.81deg cos=0.99990 | T/g=2.0574 T*cos/g=2.0572 | m_est-T*cos/g=-0.0961kg (-4.67%) vz=+0.001
[INFO] [1788537476.145183302] [mhe_node]: [c_xy_est] cx=-0.0006 cy=-0.0011 m
[INFO] [1788537478.124414428] [mhe_node]: MHE mass estimate: 2.101 kg (T_phys=21.47N) | solve=27.5ms (max42.8)
[INFO] [1788537478.124979823] [mhe_node]: [truth] m_hat=2.1009 m_true=2.0643 err=+1.77% | c_hat=[+0.0000,+0.0000] c_true=[+0.0000,+0.0000] | Jxx_hat=0.01420 Jxx_true=0.01420 Jyz_hat=+0.00000 Jyz_true=+0.00000 | s_hat=[-0.0092,-0.0084] s_true=[+0.0000,+0.0000] kg·m
[INFO] [1788537478.125497802] [mhe_node]: [tau_phys] roll=-0.115 pitch=-1.255 Nm
[INFO] [1788537478.126078629] [mhe_node]: [mass-diag] m_est=2.1009 T=21.467N tilt=2.11deg cos=0.99932 | T/g=2.1883 T*cos/g=2.1868 | m_est-T*cos/g=-0.0860kg (-3.93%) vz=+0.633
[INFO] [1788537478.126660525] [mhe_node]: [c_xy_est] cx=-0.0042 cy=-0.0037 m
[INFO] [1788537480.147645470] [mhe_node]: MHE mass estimate: 1.996 kg (T_phys=20.32N) | solve=24.5ms (max44.0)
[INFO] [1788537480.148203155] [mhe_node]: [truth] m_hat=1.9963 m_true=2.0643 err=-3.30% | c_hat=[+0.0000,+0.0000] c_true=[+0.0000,+0.0000] | Jxx_hat=0.01420 Jxx_true=0.01420 Jyz_hat=+0.00000 Jyz_true=+0.00000 | s_hat=[-0.0133,-0.0058] s_true=[+0.0000,+0.0000] kg·m
[INFO] [1788537480.148781024] [mhe_node]: [tau_phys] roll=-0.554 pitch=+0.481 Nm
[INFO] [1788537480.149375706] [mhe_node]: [mass-diag] m_est=1.9963 T=20.316N tilt=2.16deg cos=0.99929 | T/g=2.0709 T*cos/g=2.0695 | m_est-T*cos/g=-0.0732kg (-3.54%) vz=+1.198
[INFO] [1788537480.149958189] [mhe_node]: [c_xy_est] cx=-0.0059 cy=-0.0030 m
[INFO] [1788537482.138542054] [mhe_node]: MHE mass estimate: 1.961 kg (T_phys=20.80N) | solve=37.6ms (max54.0)
[INFO] [1788537482.139087020] [mhe_node]: [truth] m_hat=1.9611 m_true=2.0643 err=-5.00% | c_hat=[+0.0000,+0.0000] c_true=[+0.0000,+0.0000] | Jxx_hat=0.01420 Jxx_true=0.01420 Jyz_hat=+0.00000 Jyz_true=+0.00000 | s_hat=[-0.0112,-0.0056] s_true=[+0.0000,+0.0000] kg·m
[INFO] [1788537482.139612660] [mhe_node]: [tau_phys] roll=-0.046 pitch=+1.792 Nm
[INFO] [1788537482.140199685] [mhe_node]: [mass-diag] m_est=1.9611 T=20.805N tilt=1.30deg cos=0.99974 | T/g=2.1208 T*cos/g=2.1202 | m_est-T*cos/g=-0.1592kg (-7.51%) vz=+0.881
[INFO] [1788537482.140776588] [mhe_node]: [c_xy_est] cx=-0.0060 cy=-0.0029 m
[INFO] [1788537484.126543929] [mhe_node]: MHE mass estimate: 2.110 kg (T_phys=20.79N) | solve=32.8ms (max43.7)
[INFO] [1788537484.127128486] [mhe_node]: [truth] m_hat=2.1101 m_true=2.0643 err=+2.22% | c_hat=[+0.0000,+0.0000] c_true=[+0.0000,+0.0000] | Jxx_hat=0.01420 Jxx_true=0.01420 Jyz_hat=+0.00000 Jyz_true=+0.00000 | s_hat=[-0.0131,-0.0069] s_true=[+0.0000,+0.0000] kg·m
[INFO] [1788537484.127637808] [mhe_node]: [tau_phys] roll=+0.327 pitch=-1.091 Nm
[INFO] [1788537484.128229941] [mhe_node]: [mass-diag] m_est=2.1101 T=20.785N tilt=1.61deg cos=0.99960 | T/g=2.1188 T*cos/g=2.1179 | m_est-T*cos/g=-0.0078kg (-0.37%) vz=+0.116
[INFO] [1788537484.128804869] [mhe_node]: [c_xy_est] cx=-0.0068 cy=-0.0030 m
[INFO] [1788537486.141533709] [mhe_node]: MHE mass estimate: 1.961 kg (T_phys=20.63N) | solve=23.2ms (max37.8)
[INFO] [1788537486.142075352] [mhe_node]: [truth] m_hat=1.9611 m_true=2.0643 err=-5.00% | c_hat=[+0.0000,+0.0000] c_true=[+0.0000,+0.0000] | Jxx_hat=0.01420 Jxx_true=0.01420 Jyz_hat=+0.00000 Jyz_true=+0.00000 | s_hat=[-0.0101,-0.0055] s_true=[+0.0000,+0.0000] kg·m
[INFO] [1788537486.142595115] [mhe_node]: [tau_phys] roll=-0.378 pitch=+0.178 Nm
[INFO] [1788537486.143200635] [mhe_node]: [mass-diag] m_est=1.9611 T=20.633N tilt=1.29deg cos=0.99975 | T/g=2.1032 T*cos/g=2.1027 | m_est-T*cos/g=-0.1416kg (-6.74%) vz=+0.004
[INFO] [1788537486.143778468] [mhe_node]: [c_xy_est] cx=-0.0047 cy=-0.0028 m
[INFO] [1788537488.121932428] [mhe_node]: MHE mass estimate: 2.089 kg (T_phys=21.75N) | solve=36.7ms (max60.3)
[INFO] [1788537488.122348256] [mhe_node]: [truth] m_hat=2.0890 m_true=2.0643 err=+1.20% | c_hat=[+0.0000,+0.0000] c_true=[+0.0000,+0.0000] | Jxx_hat=0.01420 Jxx_true=0.01420 Jyz_hat=+0.00000 Jyz_true=+0.00000 | s_hat=[-0.0072,-0.0067] s_true=[+0.0000,+0.0000] kg·m
[INFO] [1788537488.122709309] [mhe_node]: [tau_phys] roll=-0.122 pitch=+0.045 Nm
[INFO] [1788537488.123125703] [mhe_node]: [mass-diag] m_est=2.0890 T=21.754N tilt=0.23deg cos=0.99999 | T/g=2.2176 T*cos/g=2.2176 | m_est-T*cos/g=-0.1285kg (-5.80%) vz=-0.050
[INFO] [1788537488.123531488] [mhe_node]: [c_xy_est] cx=-0.0035 cy=-0.0031 m
[INFO] [1788537490.112059684] [mhe_node]: MHE mass estimate: 2.194 kg (T_phys=21.74N) | solve=9.9ms (max20.8)
[INFO] [1788537490.112753380] [mhe_node]: [truth] m_hat=2.1941 m_true=2.0643 err=+6.29% | c_hat=[+0.0000,+0.0000] c_true=[+0.0000,+0.0000] | Jxx_hat=0.01420 Jxx_true=0.01420 Jyz_hat=+0.00000 Jyz_true=+0.00000 | s_hat=[-0.0067,-0.0107] s_true=[+0.0000,+0.0000] kg·m
[INFO] [1788537490.113275987] [mhe_node]: [tau_phys] roll=-0.126 pitch=+0.004 Nm
[INFO] [1788537490.113863528] [mhe_node]: [mass-diag] m_est=2.1941 T=21.736N tilt=2.89deg cos=0.99873 | T/g=2.2157 T*cos/g=2.2129 | m_est-T*cos/g=-0.0188kg (-0.85%) vz=+0.009
[INFO] [1788537490.114446002] [mhe_node]: [c_xy_est] cx=-0.0032 cy=-0.0049 m
[INFO] [1788537490.302817251] [mhe_node]: [payload-state] EMPTY->LOADED (sustained m_p evidence, m_p=+0.130kg)
[INFO] [1788537492.109958718] [mhe_node]: MHE mass estimate: 2.194 kg (T_phys=21.63N) | solve=11.3ms (max19.3)
[INFO] [1788537492.110525357] [mhe_node]: [truth] m_hat=2.1944 m_true=2.0643 err=+6.30% | c_hat=[+0.0000,+0.0000] c_true=[+0.0000,+0.0000] | Jxx_hat=0.01420 Jxx_true=0.01420 Jyz_hat=+0.00000 Jyz_true=+0.00000 | s_hat=[+0.0024,-0.0125] s_true=[+0.0000,+0.0000] kg·m
[INFO] [1788537492.111045197] [mhe_node]: [tau_phys] roll=-0.144 pitch=-0.010 Nm
[INFO] [1788537492.111631096] [mhe_node]: [mass-diag] m_est=2.1944 T=21.630N tilt=5.77deg cos=0.99494 | T/g=2.2049 T*cos/g=2.1938 | m_est-T*cos/g=+0.0006kg (+0.03%) vz=+0.135
[INFO] [1788537492.112211381] [mhe_node]: [c_xy_est] cx=+0.0010 cy=-0.0057 m
[INFO] [1788537492.202752969] [mhe_node]: [c_xy_est] 质量域判据已武装(m_p=0.130kg 连续20帧高于水位)
[INFO] [1788537492.203055588] [mhe_node]: [s-collapse] |s|=0.01273 peak=0.01273 ratio=1.000 (thr 0.20) mass_sc=0.000 inert_sc=0.000 m_p=+0.1301 low=0/5
[INFO] [1788537493.202867505] [mhe_node]: [s-collapse] |s|=0.01384 peak=0.01384 ratio=1.000 (thr 0.20) mass_sc=0.000 inert_sc=0.000 m_p=+0.1177 low=0/5
[INFO] [1788537494.110139779] [mhe_node]: MHE mass estimate: 2.181 kg (T_phys=21.54N) | solve=6.6ms (max16.0)
[INFO] [1788537494.110706079] [mhe_node]: [truth] m_hat=2.1805 m_true=2.0643 err=+5.63% | c_hat=[+0.0000,+0.0000] c_true=[+0.0000,+0.0000] | Jxx_hat=0.01420 Jxx_true=0.01420 Jyz_hat=+0.00000 Jyz_true=+0.00000 | s_hat=[+0.0059,-0.0147] s_true=[+0.0000,+0.0000] kg·m
[INFO] [1788537494.111227819] [mhe_node]: [tau_phys] roll=-0.148 pitch=+0.096 Nm
[INFO] [1788537494.111813385] [mhe_node]: [mass-diag] m_est=2.1805 T=21.535N tilt=7.97deg cos=0.99033 | T/g=2.1953 T*cos/g=2.1740 | m_est-T*cos/g=+0.0065kg (+0.30%) vz=+0.161
[INFO] [1788537494.112393719] [mhe_node]: [c_xy_est] cx=+0.0026 cy=-0.0067 m
[INFO] [1788537494.202891358] [mhe_node]: [s-collapse] |s|=0.01586 peak=0.01586 ratio=1.000 (thr 0.20) mass_sc=0.000 inert_sc=0.000 m_p=+0.1162 low=0/5
[INFO] [1788537495.202876929] [mhe_node]: [s-collapse] |s|=0.01654 peak=0.01670 ratio=0.991 (thr 0.20) mass_sc=0.000 inert_sc=0.000 m_p=+0.1128 low=0/5
[INFO] [1788537496.110152079] [mhe_node]: MHE mass estimate: 2.178 kg (T_phys=21.74N) | solve=7.1ms (max10.8)
[INFO] [1788537496.110718196] [mhe_node]: [truth] m_hat=2.1778 m_true=2.0643 err=+5.50% | c_hat=[+0.0000,+0.0000] c_true=[+0.0000,+0.0000] | Jxx_hat=0.01420 Jxx_true=0.01420 Jyz_hat=+0.00000 Jyz_true=+0.00000 | s_hat=[+0.0029,-0.0145] s_true=[+0.0000,+0.0000] kg·m
[INFO] [1788537496.111234587] [mhe_node]: [tau_phys] roll=-0.150 pitch=-0.056 Nm
[INFO] [1788537496.111814694] [mhe_node]: [mass-diag] m_est=2.1778 T=21.736N tilt=9.29deg cos=0.98690 | T/g=2.2157 T*cos/g=2.1866 | m_est-T*cos/g=-0.0089kg (-0.40%) vz=-0.026
[INFO] [1788537496.112397549] [mhe_node]: [c_xy_est] cx=+0.0015 cy=-0.0067 m
[INFO] [1788537496.202871576] [mhe_node]: [s-collapse] |s|=0.01475 peak=0.01670 ratio=0.883 (thr 0.20) mass_sc=0.000 inert_sc=0.000 m_p=+0.1135 low=0/5
[INFO] [1788537497.202923003] [mhe_node]: [s-collapse] |s|=0.01593 peak=0.01670 ratio=0.954 (thr 0.20) mass_sc=0.000 inert_sc=0.000 m_p=+0.1286 low=0/5
[INFO] [1788537498.118633955] [mhe_node]: MHE mass estimate: 2.185 kg (T_phys=21.53N) | solve=10.7ms (max15.7)
[INFO] [1788537498.119203043] [mhe_node]: [truth] m_hat=2.1854 m_true=2.0643 err=+5.87% | c_hat=[+0.0000,+0.0000] c_true=[+0.0000,+0.0000] | Jxx_hat=0.01420 Jxx_true=0.01420 Jyz_hat=+0.00000 Jyz_true=+0.00000 | s_hat=[+0.0027,-0.0180] s_true=[+0.0000,+0.0000] kg·m
[INFO] [1788537498.119721627] [mhe_node]: [tau_phys] roll=-0.129 pitch=-0.153 Nm
[INFO] [1788537498.120305727] [mhe_node]: [mass-diag] m_est=2.1854 T=21.530N tilt=11.58deg cos=0.97963 | T/g=2.1947 T*cos/g=2.1500 | m_est-T*cos/g=+0.0354kg (+1.64%) vz=-0.165
[INFO] [1788537498.120884328] [mhe_node]: [c_xy_est] cx=+0.0009 cy=-0.0082 m
[INFO] [1788537498.202759783] [mhe_node]: [s-collapse] |s|=0.01823 peak=0.01823 ratio=1.000 (thr 0.20) mass_sc=0.000 inert_sc=0.000 m_p=+0.1211 low=0/5
[INFO] [1788537499.202911206] [mhe_node]: [s-collapse] |s|=0.01780 peak=0.01836 ratio=0.970 (thr 0.20) mass_sc=0.000 inert_sc=0.000 m_p=+0.1050 low=0/5
[INFO] [1788537500.111147723] [mhe_node]: MHE mass estimate: 2.163 kg (T_phys=21.33N) | solve=9.7ms (max13.7)
[INFO] [1788537500.111711823] [mhe_node]: [truth] m_hat=2.1634 m_true=2.0643 err=+4.80% | c_hat=[+0.0000,+0.0000] c_true=[+0.0000,+0.0000] | Jxx_hat=0.01420 Jxx_true=0.01420 Jyz_hat=+0.00000 Jyz_true=+0.00000 | s_hat=[+0.0134,-0.0114] s_true=[+0.0000,+0.0000] kg·m
[INFO] [1788537500.112230891] [mhe_node]: [tau_phys] roll=-0.090 pitch=-0.151 Nm
[INFO] [1788537500.112813039] [mhe_node]: [mass-diag] m_est=2.1634 T=21.335N tilt=3.26deg cos=0.99839 | T/g=2.1748 T*cos/g=2.1713 | m_est-T*cos/g=-0.0079kg (-0.37%) vz=-0.267
[INFO] [1788537500.113393742] [mhe_node]: [c_xy_est] cx=+0.0063 cy=-0.0054 m
[INFO] [1788537500.202832593] [mhe_node]: [s-collapse] |s|=0.01757 peak=0.01836 ratio=0.957 (thr 0.20) mass_sc=0.000 inert_sc=0.000 m_p=+0.0991 low=0/5
[INFO] [1788537501.202952189] [mhe_node]: [s-collapse] |s|=0.01318 peak=0.01836 ratio=0.718 (thr 0.20) mass_sc=0.000 inert_sc=0.000 m_p=+0.1063 low=0/5
[INFO] [1788537502.110256676] [mhe_node]: MHE mass estimate: 2.183 kg (T_phys=21.96N) | solve=7.2ms (max10.7)
[INFO] [1788537502.110827311] [mhe_node]: [truth] m_hat=2.1831 m_true=2.0643 err=+5.76% | c_hat=[+0.0000,+0.0000] c_true=[+0.0000,+0.0000] | Jxx_hat=0.01420 Jxx_true=0.01420 Jyz_hat=+0.00000 Jyz_true=+0.00000 | s_hat=[+0.0031,-0.0078] s_true=[+0.0000,+0.0000] kg·m
[INFO] [1788537502.111346877] [mhe_node]: [tau_phys] roll=-0.057 pitch=-0.007 Nm
[INFO] [1788537502.111929106] [mhe_node]: [mass-diag] m_est=2.1831 T=21.958N tilt=6.97deg cos=0.99260 | T/g=2.2384 T*cos/g=2.2218 | m_est-T*cos/g=-0.0387kg (-1.74%) vz=-0.199
[INFO] [1788537502.112525435] [mhe_node]: [c_xy_est] cx=+0.0017 cy=-0.0036 m
[INFO] [1788537502.202889609] [mhe_node]: [s-collapse] |s|=0.00838 peak=0.01836 ratio=0.456 (thr 0.20) mass_sc=0.000 inert_sc=0.000 m_p=+0.1188 low=0/5
[INFO] [1788537503.202936136] [mhe_node]: [s-collapse] |s|=0.00629 peak=0.01836 ratio=0.343 (thr 0.20) mass_sc=0.000 inert_sc=0.000 m_p=+0.1310 low=0/5
[INFO] [1788537504.113154715] [mhe_node]: MHE mass estimate: 2.189 kg (T_phys=21.71N) | solve=7.0ms (max12.9)
[INFO] [1788537504.113725911] [mhe_node]: [truth] m_hat=2.1892 m_true=2.0643 err=+6.05% | c_hat=[+0.0000,+0.0000] c_true=[+0.0000,+0.0000] | Jxx_hat=0.01420 Jxx_true=0.01420 Jyz_hat=+0.00000 Jyz_true=+0.00000 | s_hat=[+0.0013,-0.0041] s_true=[+0.0000,+0.0000] kg·m
[INFO] [1788537504.114251776] [mhe_node]: [tau_phys] roll=-0.078 pitch=-0.142 Nm
[INFO] [1788537504.114833695] [mhe_node]: [mass-diag] m_est=2.1892 T=21.705N tilt=9.58deg cos=0.98606 | T/g=2.2126 T*cos/g=2.1817 | m_est-T*cos/g=+0.0075kg (+0.34%) vz=-0.090
[INFO] [1788537504.115415395] [mhe_node]: [c_xy_est] cx=+0.0003 cy=-0.0019 m
[INFO] [1788537504.202866899] [mhe_node]: [s-collapse] |s|=0.00430 peak=0.01836 ratio=0.234 (thr 0.20) mass_sc=0.000 inert_sc=0.000 m_p=+0.1249 low=0/5
[INFO] [1788537505.203049870] [mhe_node]: [s-collapse] |s|=0.00910 peak=0.01836 ratio=0.496 (thr 0.20) mass_sc=0.000 inert_sc=0.000 m_p=+0.1143 low=0/5
[INFO] [1788537506.109158435] [mhe_node]: MHE mass estimate: 2.178 kg (T_phys=21.60N) | solve=7.9ms (max14.8)
[INFO] [1788537506.109723490] [mhe_node]: [truth] m_hat=2.1775 m_true=2.0643 err=+5.48% | c_hat=[+0.0000,+0.0000] c_true=[+0.0000,+0.0000] | Jxx_hat=0.01420 Jxx_true=0.01420 Jyz_hat=+0.00000 Jyz_true=+0.00000 | s_hat=[+0.0065,-0.0077] s_true=[+0.0000,+0.0000] kg·m
[INFO] [1788537506.110245738] [mhe_node]: [tau_phys] roll=-0.087 pitch=+0.026 Nm
[INFO] [1788537506.110824878] [mhe_node]: [mass-diag] m_est=2.1775 T=21.603N tilt=4.84deg cos=0.99643 | T/g=2.2021 T*cos/g=2.1943 | m_est-T*cos/g=-0.0168kg (-0.76%) vz=+0.013
[INFO] [1788537506.111398388] [mhe_node]: [c_xy_est] cx=+0.0030 cy=-0.0035 m
[INFO] [1788537506.202884710] [mhe_node]: [s-collapse] |s|=0.01005 peak=0.01836 ratio=0.547 (thr 0.20) mass_sc=0.000 inert_sc=0.000 m_p=+0.1132 low=0/5
[INFO] [1788537507.202885187] [mhe_node]: [s-collapse] |s|=0.00854 peak=0.01836 ratio=0.465 (thr 0.20) mass_sc=0.000 inert_sc=0.000 m_p=+0.1157 low=0/5
[INFO] [1788537508.110057945] [mhe_node]: MHE mass estimate: 2.187 kg (T_phys=21.84N) | solve=7.3ms (max18.3)
[INFO] [1788537508.110635573] [mhe_node]: [truth] m_hat=2.1872 m_true=2.0643 err=+5.95% | c_hat=[+0.0000,+0.0000] c_true=[+0.0000,+0.0000] | Jxx_hat=0.01420 Jxx_true=0.01420 Jyz_hat=+0.00000 Jyz_true=+0.00000 | s_hat=[-0.0003,-0.0062] s_true=[+0.0000,+0.0000] kg·m
[INFO] [1788537508.111160403] [mhe_node]: [tau_phys] roll=-0.008 pitch=-0.081 Nm
[INFO] [1788537508.111744472] [mhe_node]: [mass-diag] m_est=2.1872 T=21.842N tilt=9.77deg cos=0.98550 | T/g=2.2265 T*cos/g=2.1942 | m_est-T*cos/g=-0.0070kg (-0.32%) vz=+0.147
[INFO] [1788537508.112326273] [mhe_node]: [c_xy_est] cx=+0.0000 cy=-0.0029 m
[INFO] [1788537508.202939403] [mhe_node]: [s-collapse] |s|=0.00621 peak=0.01836 ratio=0.338 (thr 0.20) mass_sc=0.000 inert_sc=0.000 m_p=+0.1229 low=0/5
[INFO] [1788537509.202856588] [mhe_node]: [s-collapse] |s|=0.00508 peak=0.01836 ratio=0.277 (thr 0.20) mass_sc=0.000 inert_sc=0.000 m_p=+0.1176 low=0/5
[INFO] [1788537510.110093837] [mhe_node]: MHE mass estimate: 2.165 kg (T_phys=21.41N) | solve=8.5ms (max15.0)
[INFO] [1788537510.110658814] [mhe_node]: [truth] m_hat=2.1645 m_true=2.0643 err=+4.86% | c_hat=[+0.0000,+0.0000] c_true=[+0.0000,+0.0000] | Jxx_hat=0.01420 Jxx_true=0.01420 Jyz_hat=+0.00000 Jyz_true=+0.00000 | s_hat=[+0.0087,-0.0065] s_true=[+0.0000,+0.0000] kg·m
[INFO] [1788537510.111181065] [mhe_node]: [tau_phys] roll=-0.089 pitch=-0.066 Nm
[INFO] [1788537510.111785374] [mhe_node]: [mass-diag] m_est=2.1645 T=21.407N tilt=8.08deg cos=0.99007 | T/g=2.1821 T*cos/g=2.1605 | m_est-T*cos/g=+0.0041kg (+0.19%) vz=+0.217
[INFO] [1788537510.112364978] [mhe_node]: [c_xy_est] cx=+0.0038 cy=-0.0029 m
[INFO] [1788537510.202867003] [mhe_node]: [s-collapse] |s|=0.01090 peak=0.01836 ratio=0.594 (thr 0.20) mass_sc=0.000 inert_sc=0.000 m_p=+0.1002 low=0/5
[INFO] [1788537511.202908576] [mhe_node]: [s-collapse] |s|=0.01279 peak=0.01836 ratio=0.697 (thr 0.20) mass_sc=0.000 inert_sc=0.000 m_p=+0.0996 low=0/5
[INFO] [1788537512.110332441] [mhe_node]: MHE mass estimate: 2.165 kg (T_phys=21.40N) | solve=7.2ms (max11.6)
[INFO] [1788537512.110906437] [mhe_node]: [truth] m_hat=2.1653 m_true=2.0643 err=+4.89% | c_hat=[+0.0000,+0.0000] c_true=[+0.0000,+0.0000] | Jxx_hat=0.01420 Jxx_true=0.01420 Jyz_hat=+0.00000 Jyz_true=+0.00000 | s_hat=[+0.0050,-0.0098] s_true=[+0.0000,+0.0000] kg·m
[INFO] [1788537512.111427016] [mhe_node]: [tau_phys] roll=-0.114 pitch=-0.026 Nm
[INFO] [1788537512.112011432] [mhe_node]: [mass-diag] m_est=2.1653 T=21.400N tilt=2.09deg cos=0.99934 | T/g=2.1814 T*cos/g=2.1800 | m_est-T*cos/g=-0.0147kg (-0.67%) vz=+0.230
[INFO] [1788537512.112593234] [mhe_node]: [c_xy_est] cx=+0.0025 cy=-0.0045 m
[INFO] [1788537512.202887012] [mhe_node]: [s-collapse] |s|=0.01103 peak=0.01836 ratio=0.601 (thr 0.20) mass_sc=0.000 inert_sc=0.000 m_p=+0.1010 low=0/5
[INFO] [1788537513.202839029] [mhe_node]: [s-collapse] |s|=0.01201 peak=0.01836 ratio=0.654 (thr 0.20) mass_sc=0.000 inert_sc=0.000 m_p=+0.1109 low=0/5
[INFO] [1788537514.116386880] [mhe_node]: MHE mass estimate: 2.190 kg (T_phys=21.82N) | solve=6.6ms (max12.9)
[INFO] [1788537514.116952157] [mhe_node]: [truth] m_hat=2.1898 m_true=2.0643 err=+6.08% | c_hat=[+0.0000,+0.0000] c_true=[+0.0000,+0.0000] | Jxx_hat=0.01420 Jxx_true=0.01420 Jyz_hat=+0.00000 Jyz_true=+0.00000 | s_hat=[-0.0009,-0.0141] s_true=[+0.0000,+0.0000] kg·m
[INFO] [1788537514.117475809] [mhe_node]: [tau_phys] roll=-0.141 pitch=+0.070 Nm
[INFO] [1788537514.118068761] [mhe_node]: [mass-diag] m_est=2.1898 T=21.824N tilt=9.50deg cos=0.98628 | T/g=2.2246 T*cos/g=2.1941 | m_est-T*cos/g=-0.0043kg (-0.20%) vz=+0.161
[INFO] [1788537514.118651454] [mhe_node]: [c_xy_est] cx=-0.0003 cy=-0.0063 m
[INFO] [1788537514.202926447] [mhe_node]: [s-collapse] |s|=0.01412 peak=0.01836 ratio=0.769 (thr 0.20) mass_sc=0.000 inert_sc=0.000 m_p=+0.1255 low=0/5
[INFO] [1788537515.202901667] [mhe_node]: [s-collapse] |s|=0.01569 peak=0.01836 ratio=0.855 (thr 0.20) mass_sc=0.000 inert_sc=0.000 m_p=+0.1244 low=0/5
[INFO] [1788537516.110071422] [mhe_node]: MHE mass estimate: 2.184 kg (T_phys=21.30N) | solve=7.3ms (max10.6)
[INFO] [1788537516.110654135] [mhe_node]: [truth] m_hat=2.1843 m_true=2.0643 err=+5.82% | c_hat=[+0.0000,+0.0000] c_true=[+0.0000,+0.0000] | Jxx_hat=0.01420 Jxx_true=0.01420 Jyz_hat=+0.00000 Jyz_true=+0.00000 | s_hat=[+0.0026,-0.0150] s_true=[+0.0000,+0.0000] kg·m
[INFO] [1788537516.111178435] [mhe_node]: [tau_phys] roll=-0.142 pitch=+0.073 Nm
[INFO] [1788537516.111758455] [mhe_node]: [mass-diag] m_est=2.1843 T=21.304N tilt=7.33deg cos=0.99182 | T/g=2.1717 T*cos/g=2.1539 | m_est-T*cos/g=+0.0304kg (+1.41%) vz=+0.044
[INFO] [1788537516.112342849] [mhe_node]: [c_xy_est] cx=+0.0010 cy=-0.0070 m
[INFO] [1788537516.202932093] [mhe_node]: [s-collapse] |s|=0.01525 peak=0.01836 ratio=0.831 (thr 0.20) mass_sc=0.000 inert_sc=0.000 m_p=+0.1200 low=0/5
[INFO] [1788537517.202852487] [mhe_node]: [s-collapse] |s|=0.01429 peak=0.01836 ratio=0.778 (thr 0.20) mass_sc=0.000 inert_sc=0.000 m_p=+0.1157 low=0/5
[INFO] [1788537518.107659158] [mhe_node]: MHE mass estimate: 2.186 kg (T_phys=21.68N) | solve=6.5ms (max9.7)
[INFO] [1788537518.108062993] [mhe_node]: [truth] m_hat=2.1857 m_true=2.0643 err=+5.88% | c_hat=[+0.0000,+0.0000] c_true=[+0.0000,+0.0000] | Jxx_hat=0.01420 Jxx_true=0.01420 Jyz_hat=+0.00000 Jyz_true=+0.00000 | s_hat=[+0.0028,-0.0130] s_true=[+0.0000,+0.0000] kg·m
[INFO] [1788537518.108429458] [mhe_node]: [tau_phys] roll=-0.145 pitch=+0.010 Nm
[INFO] [1788537518.108841494] [mhe_node]: [mass-diag] m_est=2.1857 T=21.684N tilt=6.00deg cos=0.99452 | T/g=2.2104 T*cos/g=2.1982 | m_est-T*cos/g=-0.0125kg (-0.57%) vz=-0.096
[INFO] [1788537518.109246903] [mhe_node]: [c_xy_est] cx=+0.0014 cy=-0.0059 m
[INFO] [1788537518.202996995] [mhe_node]: [s-collapse] |s|=0.01325 peak=0.01836 ratio=0.721 (thr 0.20) mass_sc=0.000 inert_sc=0.000 m_p=+0.1214 low=0/5
[INFO] [1788537519.202976761] [mhe_node]: [s-collapse] |s|=0.01422 peak=0.01836 ratio=0.774 (thr 0.20) mass_sc=0.000 inert_sc=0.000 m_p=+0.1324 low=0/5
[INFO] [1788537520.113092318] [mhe_node]: MHE mass estimate: 2.192 kg (T_phys=21.64N) | solve=7.2ms (max9.6)
[INFO] [1788537520.113653660] [mhe_node]: [truth] m_hat=2.1917 m_true=2.0643 err=+6.17% | c_hat=[+0.0000,+0.0000] c_true=[+0.0000,+0.0000] | Jxx_hat=0.01420 Jxx_true=0.01420 Jyz_hat=+0.00000 Jyz_true=+0.00000 | s_hat=[+0.0020,-0.0165] s_true=[+0.0000,+0.0000] kg·m
[INFO] [1788537520.114173463] [mhe_node]: [tau_phys] roll=-0.130 pitch=-0.006 Nm
[INFO] [1788537520.114751854] [mhe_node]: [mass-diag] m_est=2.1917 T=21.643N tilt=10.51deg cos=0.98321 | T/g=2.2063 T*cos/g=2.1692 | m_est-T*cos/g=+0.0225kg (+1.04%) vz=-0.164
[INFO] [1788537520.115332035] [mhe_node]: [c_xy_est] cx=+0.0007 cy=-0.0075 m
[INFO] [1788537520.202962301] [mhe_node]: [s-collapse] |s|=0.01666 peak=0.01836 ratio=0.907 (thr 0.20) mass_sc=0.000 inert_sc=0.000 m_p=+0.1274 low=0/5
[INFO] [1788537521.202922036] [mhe_node]: [s-collapse] |s|=0.01668 peak=0.01836 ratio=0.908 (thr 0.20) mass_sc=0.000 inert_sc=0.000 m_p=+0.1132 low=0/5
[INFO] [1788537522.109210509] [mhe_node]: MHE mass estimate: 2.171 kg (T_phys=21.29N) | solve=8.5ms (max17.1)
[INFO] [1788537522.109774412] [mhe_node]: [truth] m_hat=2.1705 m_true=2.0643 err=+5.15% | c_hat=[+0.0000,+0.0000] c_true=[+0.0000,+0.0000] | Jxx_hat=0.01420 Jxx_true=0.01420 Jyz_hat=+0.00000 Jyz_true=+0.00000 | s_hat=[+0.0102,-0.0121] s_true=[+0.0000,+0.0000] kg·m
[INFO] [1788537522.110297232] [mhe_node]: [tau_phys] roll=-0.111 pitch=-0.139 Nm
[INFO] [1788537522.110879162] [mhe_node]: [mass-diag] m_est=2.1705 T=21.293N tilt=4.44deg cos=0.99700 | T/g=2.1705 T*cos/g=2.1640 | m_est-T*cos/g=+0.0066kg (+0.30%) vz=-0.228
[INFO] [1788537522.111458131] [mhe_node]: [c_xy_est] cx=+0.0047 cy=-0.0057 m
[INFO] [1788537522.202932946] [mhe_node]: [s-collapse] |s|=0.01582 peak=0.01836 ratio=0.862 (thr 0.20) mass_sc=0.000 inert_sc=0.000 m_p=+0.1062 low=0/5
[INFO] [1788537523.202883858] [mhe_node]: [s-collapse] |s|=0.01360 peak=0.01836 ratio=0.741 (thr 0.20) mass_sc=0.000 inert_sc=0.000 m_p=+0.1046 low=0/5
[INFO] [1788537524.109984672] [mhe_node]: MHE mass estimate: 2.185 kg (T_phys=21.88N) | solve=7.2ms (max14.0)
[INFO] [1788537524.110561099] [mhe_node]: [truth] m_hat=2.1851 m_true=2.0643 err=+5.85% | c_hat=[+0.0000,+0.0000] c_true=[+0.0000,+0.0000] | Jxx_hat=0.01420 Jxx_true=0.01420 Jyz_hat=+0.00000 Jyz_true=+0.00000 | s_hat=[+0.0025,-0.0092] s_true=[+0.0000,+0.0000] kg·m
[INFO] [1788537524.111079569] [mhe_node]: [tau_phys] roll=-0.080 pitch=+0.100 Nm
[INFO] [1788537524.111668467] [mhe_node]: [mass-diag] m_est=2.1851 T=21.878N tilt=6.42deg cos=0.99373 | T/g=2.2302 T*cos/g=2.2162 | m_est-T*cos/g=-0.0311kg (-1.40%) vz=-0.213
[INFO] [1788537524.112253080] [mhe_node]: [c_xy_est] cx=+0.0015 cy=-0.0042 m
[INFO] [1788537524.202835482] [mhe_node]: [s-collapse] |s|=0.00949 peak=0.01836 ratio=0.517 (thr 0.20) mass_sc=0.000 inert_sc=0.000 m_p=+0.1208 low=0/5
[INFO] [1788537525.202955165] [mhe_node]: [s-collapse] |s|=0.00779 peak=0.01836 ratio=0.424 (thr 0.20) mass_sc=0.000 inert_sc=0.000 m_p=+0.1298 low=0/5
[INFO] [1788537526.113078416] [mhe_node]: MHE mass estimate: 2.194 kg (T_phys=21.94N) | solve=6.9ms (max9.5)
[INFO] [1788537526.113646588] [mhe_node]: [truth] m_hat=2.1944 m_true=2.0643 err=+6.30% | c_hat=[+0.0000,+0.0000] c_true=[+0.0000,+0.0000] | Jxx_hat=0.01420 Jxx_true=0.01420 Jyz_hat=+0.00000 Jyz_true=+0.00000 | s_hat=[-0.0016,-0.0051] s_true=[+0.0000,+0.0000] kg·m
[INFO] [1788537526.114170509] [mhe_node]: [tau_phys] roll=-0.075 pitch=-0.001 Nm
[INFO] [1788537526.114751255] [mhe_node]: [mass-diag] m_est=2.1944 T=21.944N tilt=9.34deg cos=0.98674 | T/g=2.2369 T*cos/g=2.2072 | m_est-T*cos/g=-0.0128kg (-0.58%) vz=-0.097
[INFO] [1788537526.115333954] [mhe_node]: [c_xy_est] cx=-0.0010 cy=-0.0024 m
[INFO] [1788537526.202927404] [mhe_node]: [s-collapse] |s|=0.00535 peak=0.01836 ratio=0.291 (thr 0.20) mass_sc=0.000 inert_sc=0.000 m_p=+0.1301 low=0/5
[INFO] [1788537527.202858380] [mhe_node]: [s-collapse] |s|=0.00739 peak=0.01836 ratio=0.402 (thr 0.20) mass_sc=0.000 inert_sc=0.000 m_p=+0.1214 low=0/5
[INFO] [1788537528.107071716] [mhe_node]: MHE mass estimate: 2.181 kg (T_phys=21.67N) | solve=7.3ms (max10.8)
[INFO] [1788537528.107489739] [mhe_node]: [truth] m_hat=2.1809 m_true=2.0643 err=+5.65% | c_hat=[+0.0000,+0.0000] c_true=[+0.0000,+0.0000] | Jxx_hat=0.01420 Jxx_true=0.01420 Jyz_hat=+0.00000 Jyz_true=+0.00000 | s_hat=[+0.0055,-0.0077] s_true=[+0.0000,+0.0000] kg·m
[INFO] [1788537528.107854342] [mhe_node]: [tau_phys] roll=-0.092 pitch=+0.056 Nm
[INFO] [1788537528.108275961] [mhe_node]: [mass-diag] m_est=2.1809 T=21.668N tilt=4.67deg cos=0.99668 | T/g=2.2087 T*cos/g=2.2014 | m_est-T*cos/g=-0.0205kg (-0.93%) vz=+0.025
[INFO] [1788537528.108679009] [mhe_node]: [c_xy_est] cx=+0.0026 cy=-0.0035 m
[INFO] [1788537528.202915936] [mhe_node]: [s-collapse] |s|=0.00947 peak=0.01836 ratio=0.516 (thr 0.20) mass_sc=0.000 inert_sc=0.000 m_p=+0.1166 low=0/5
[INFO] [1788537529.202891146] [mhe_node]: [s-collapse] |s|=0.00848 peak=0.01836 ratio=0.462 (thr 0.20) mass_sc=0.000 inert_sc=0.000 m_p=+0.1181 low=0/5
[INFO] [1788537530.109089072] [mhe_node]: MHE mass estimate: 2.190 kg (T_phys=21.95N) | solve=8.0ms (max15.0)
[INFO] [1788537530.109653295] [mhe_node]: [truth] m_hat=2.1897 m_true=2.0643 err=+6.07% | c_hat=[+0.0000,+0.0000] c_true=[+0.0000,+0.0000] | Jxx_hat=0.01420 Jxx_true=0.01420 Jyz_hat=+0.00000 Jyz_true=+0.00000 | s_hat=[-0.0009,-0.0071] s_true=[+0.0000,+0.0000] kg·m
[INFO] [1788537530.110186848] [mhe_node]: [tau_phys] roll=-0.059 pitch=+0.041 Nm
[INFO] [1788537530.110772962] [mhe_node]: [mass-diag] m_est=2.1897 T=21.946N tilt=9.04deg cos=0.98758 | T/g=2.2371 T*cos/g=2.2094 | m_est-T*cos/g=-0.0197kg (-0.89%) vz=+0.143
[INFO] [1788537530.111352388] [mhe_node]: [c_xy_est] cx=-0.0004 cy=-0.0033 m
[INFO] [1788537530.202898823] [mhe_node]: [s-collapse] |s|=0.00716 peak=0.01836 ratio=0.390 (thr 0.20) mass_sc=0.000 inert_sc=0.000 m_p=+0.1254 low=0/5
[INFO] [1788537531.202886438] [mhe_node]: [s-collapse] |s|=0.00542 peak=0.01836 ratio=0.295 (thr 0.20) mass_sc=0.000 inert_sc=0.000 m_p=+0.1220 low=0/5
[INFO] [1788537532.110953418] [mhe_node]: MHE mass estimate: 2.173 kg (T_phys=21.51N) | solve=7.7ms (max13.7)
[INFO] [1788537532.111522821] [mhe_node]: [truth] m_hat=2.1727 m_true=2.0643 err=+5.25% | c_hat=[+0.0000,+0.0000] c_true=[+0.0000,+0.0000] | Jxx_hat=0.01420 Jxx_true=0.01420 Jyz_hat=+0.00000 Jyz_true=+0.00000 | s_hat=[+0.0060,-0.0060] s_true=[+0.0000,+0.0000] kg·m
[INFO] [1788537532.112048401] [mhe_node]: [tau_phys] roll=-0.091 pitch=+0.110 Nm
[INFO] [1788537532.112652672] [mhe_node]: [mass-diag] m_est=2.1727 T=21.506N tilt=8.24deg cos=0.98966 | T/g=2.1923 T*cos/g=2.1696 | m_est-T*cos/g=+0.0031kg (+0.14%) vz=+0.229
[INFO] [1788537532.113272540] [mhe_node]: [c_xy_est] cx=+0.0025 cy=-0.0026 m
[INFO] [1788537532.202972594] [mhe_node]: [s-collapse] |s|=0.00849 peak=0.01836 ratio=0.463 (thr 0.20) mass_sc=0.000 inert_sc=0.000 m_p=+0.1084 low=0/5
[INFO] [1788537533.202861785] [mhe_node]: [s-collapse] |s|=0.01108 peak=0.01836 ratio=0.603 (thr 0.20) mass_sc=0.000 inert_sc=0.000 m_p=+0.1021 low=0/5
[INFO] [1788537534.110351281] [mhe_node]: MHE mass estimate: 2.165 kg (T_phys=21.37N) | solve=7.0ms (max10.8)
[INFO] [1788537534.110920712] [mhe_node]: [truth] m_hat=2.1652 m_true=2.0643 err=+4.89% | c_hat=[+0.0000,+0.0000] c_true=[+0.0000,+0.0000] | Jxx_hat=0.01420 Jxx_true=0.01420 Jyz_hat=+0.00000 Jyz_true=+0.00000 | s_hat=[+0.0058,-0.0100] s_true=[+0.0000,+0.0000] kg·m
[INFO] [1788537534.111444311] [mhe_node]: [tau_phys] roll=-0.133 pitch=-0.117 Nm
[INFO] [1788537534.112027846] [mhe_node]: [mass-diag] m_est=2.1652 T=21.375N tilt=1.97deg cos=0.99941 | T/g=2.1789 T*cos/g=2.1776 | m_est-T*cos/g=-0.0124kg (-0.57%) vz=+0.211
[INFO] [1788537534.112610802] [mhe_node]: [c_xy_est] cx=+0.0028 cy=-0.0046 m
[INFO] [1788537534.202885014] [mhe_node]: [s-collapse] |s|=0.01159 peak=0.01836 ratio=0.631 (thr 0.20) mass_sc=0.000 inert_sc=0.000 m_p=+0.1009 low=0/5
[INFO] [1788537535.202814576] [mhe_node]: [s-collapse] |s|=0.01273 peak=0.01836 ratio=0.693 (thr 0.20) mass_sc=0.000 inert_sc=0.000 m_p=+0.1086 low=0/5
[INFO] [1788537536.107732800] [mhe_node]: MHE mass estimate: 2.187 kg (T_phys=21.78N) | solve=6.2ms (max11.0)
[INFO] [1788537536.108146447] [mhe_node]: [truth] m_hat=2.1866 m_true=2.0643 err=+5.92% | c_hat=[+0.0000,+0.0000] c_true=[+0.0000,+0.0000] | Jxx_hat=0.01420 Jxx_true=0.01420 Jyz_hat=+0.00000 Jyz_true=+0.00000 | s_hat=[+0.0006,-0.0138] s_true=[+0.0000,+0.0000] kg·m
[INFO] [1788537536.108510650] [mhe_node]: [tau_phys] roll=-0.182 pitch=+0.042 Nm
[INFO] [1788537536.108925203] [mhe_node]: [mass-diag] m_est=2.1866 T=21.779N tilt=8.97deg cos=0.98776 | T/g=2.2201 T*cos/g=2.1929 | m_est-T*cos/g=-0.0064kg (-0.29%) vz=+0.180
[INFO] [1788537536.109329967] [mhe_node]: [c_xy_est] cx=+0.0004 cy=-0.0062 m
[INFO] [1788537536.202904785] [mhe_node]: [s-collapse] |s|=0.01386 peak=0.01836 ratio=0.755 (thr 0.20) mass_sc=0.000 inert_sc=0.000 m_p=+0.1223 low=0/5
[INFO] [1788537537.202885102] [mhe_node]: [s-collapse] |s|=0.01606 peak=0.01836 ratio=0.875 (thr 0.20) mass_sc=0.000 inert_sc=0.000 m_p=+0.1242 low=0/5
[INFO] [1788537538.110035168] [mhe_node]: MHE mass estimate: 2.185 kg (T_phys=21.36N) | solve=8.1ms (max16.2)
[INFO] [1788537538.110611034] [mhe_node]: [truth] m_hat=2.1847 m_true=2.0643 err=+5.83% | c_hat=[+0.0000,+0.0000] c_true=[+0.0000,+0.0000] | Jxx_hat=0.01420 Jxx_true=0.01420 Jyz_hat=+0.00000 Jyz_true=+0.00000 | s_hat=[+0.0030,-0.0156] s_true=[+0.0000,+0.0000] kg·m
[INFO] [1788537538.111133507] [mhe_node]: [tau_phys] roll=-0.133 pitch=+0.015 Nm
[INFO] [1788537538.111716392] [mhe_node]: [mass-diag] m_est=2.1847 T=21.360N tilt=7.95deg cos=0.99039 | T/g=2.1774 T*cos/g=2.1564 | m_est-T*cos/g=+0.0283kg (+1.31%) vz=+0.072
[INFO] [1788537538.112301741] [mhe_node]: [c_xy_est] cx=+0.0012 cy=-0.0072 m
[INFO] [1788537538.202962664] [mhe_node]: [s-collapse] |s|=0.01585 peak=0.01836 ratio=0.863 (thr 0.20) mass_sc=0.000 inert_sc=0.000 m_p=+0.1204 low=0/5
[INFO] [1788537539.202894600] [mhe_node]: [s-collapse] |s|=0.01446 peak=0.01836 ratio=0.787 (thr 0.20) mass_sc=0.000 inert_sc=0.000 m_p=+0.1155 low=0/5
[INFO] [1788537540.109278144] [mhe_node]: MHE mass estimate: 2.186 kg (T_phys=21.66N) | solve=6.9ms (max11.9)
[INFO] [1788537540.109835119] [mhe_node]: [truth] m_hat=2.1861 m_true=2.0643 err=+5.90% | c_hat=[+0.0000,+0.0000] c_true=[+0.0000,+0.0000] | Jxx_hat=0.01420 Jxx_true=0.01420 Jyz_hat=+0.00000 Jyz_true=+0.00000 | s_hat=[+0.0029,-0.0130] s_true=[+0.0000,+0.0000] kg·m
[INFO] [1788537540.110361775] [mhe_node]: [tau_phys] roll=-0.121 pitch=+0.091 Nm
[INFO] [1788537540.110946804] [mhe_node]: [mass-diag] m_est=2.1861 T=21.663N tilt=6.09deg cos=0.99436 | T/g=2.2083 T*cos/g=2.1958 | m_est-T*cos/g=-0.0097kg (-0.44%) vz=-0.084
[INFO] [1788537540.111533552] [mhe_node]: [c_xy_est] cx=+0.0014 cy=-0.0059 m
[INFO] [1788537540.202966378] [mhe_node]: [s-collapse] |s|=0.01329 peak=0.01836 ratio=0.724 (thr 0.20) mass_sc=0.000 inert_sc=0.000 m_p=+0.1218 low=0/5
[INFO] [1788537541.202891103] [mhe_node]: [s-collapse] |s|=0.01428 peak=0.01836 ratio=0.778 (thr 0.20) mass_sc=0.000 inert_sc=0.000 m_p=+0.1305 low=0/5
[INFO] [1788537542.119647255] [mhe_node]: MHE mass estimate: 2.192 kg (T_phys=21.56N) | solve=8.0ms (max16.9)
[INFO] [1788537542.120214978] [mhe_node]: [truth] m_hat=2.1920 m_true=2.0643 err=+6.18% | c_hat=[+0.0000,+0.0000] c_true=[+0.0000,+0.0000] | Jxx_hat=0.01420 Jxx_true=0.01420 Jyz_hat=+0.00000 Jyz_true=+0.00000 | s_hat=[+0.0017,-0.0161] s_true=[+0.0000,+0.0000] kg·m
[INFO] [1788537542.120734447] [mhe_node]: [tau_phys] roll=-0.169 pitch=-0.107 Nm
[INFO] [1788537542.121320312] [mhe_node]: [mass-diag] m_est=2.1920 T=21.561N tilt=10.95deg cos=0.98179 | T/g=2.1979 T*cos/g=2.1579 | m_est-T*cos/g=+0.0341kg (+1.58%) vz=-0.152
[INFO] [1788537542.121900410] [mhe_node]: [c_xy_est] cx=+0.0005 cy=-0.0072 m
[INFO] [1788537542.202762559] [mhe_node]: [s-collapse] |s|=0.01616 peak=0.01836 ratio=0.880 (thr 0.20) mass_sc=0.000 inert_sc=0.000 m_p=+0.1277 low=0/5
[INFO] [1788537543.202892145] [mhe_node]: [s-collapse] |s|=0.01779 peak=0.01836 ratio=0.969 (thr 0.20) mass_sc=0.000 inert_sc=0.000 m_p=+0.1133 low=0/5
[INFO] [1788537544.110039461] [mhe_node]: MHE mass estimate: 2.170 kg (T_phys=21.32N) | solve=9.8ms (max20.5)
[INFO] [1788537544.110741252] [mhe_node]: [truth] m_hat=2.1701 m_true=2.0643 err=+5.13% | c_hat=[+0.0000,+0.0000] c_true=[+0.0000,+0.0000] | Jxx_hat=0.01420 Jxx_true=0.01420 Jyz_hat=+0.00000 Jyz_true=+0.00000 | s_hat=[+0.0111,-0.0128] s_true=[+0.0000,+0.0000] kg·m
[INFO] [1788537544.111264874] [mhe_node]: [tau_phys] roll=-0.098 pitch=+0.027 Nm
[INFO] [1788537544.111844892] [mhe_node]: [mass-diag] m_est=2.1701 T=21.316N tilt=4.96deg cos=0.99625 | T/g=2.1729 T*cos/g=2.1648 | m_est-T*cos/g=+0.0053kg (+0.25%) vz=-0.224
[INFO] [1788537544.112425056] [mhe_node]: [c_xy_est] cx=+0.0050 cy=-0.0060 m
[INFO] [1788537544.202884221] [mhe_node]: [s-collapse] |s|=0.01690 peak=0.01836 ratio=0.921 (thr 0.20) mass_sc=0.000 inert_sc=0.000 m_p=+0.1058 low=0/5
[INFO] [1788537545.202914350] [mhe_node]: [s-collapse] |s|=0.01313 peak=0.01836 ratio=0.715 (thr 0.20) mass_sc=0.000 inert_sc=0.000 m_p=+0.1059 low=0/5
[INFO] [1788537546.109325603] [mhe_node]: MHE mass estimate: 2.183 kg (T_phys=21.79N) | solve=6.5ms (max8.7)
[INFO] [1788537546.109900956] [mhe_node]: [truth] m_hat=2.1831 m_true=2.0643 err=+5.75% | c_hat=[+0.0000,+0.0000] c_true=[+0.0000,+0.0000] | Jxx_hat=0.01420 Jxx_true=0.01420 Jyz_hat=+0.00000 Jyz_true=+0.00000 | s_hat=[+0.0031,-0.0096] s_true=[+0.0000,+0.0000] kg·m
[INFO] [1788537546.110434302] [mhe_node]: [tau_phys] roll=-0.094 pitch=+0.075 Nm
[INFO] [1788537546.111023707] [mhe_node]: [mass-diag] m_est=2.1831 T=21.792N tilt=5.14deg cos=0.99598 | T/g=2.2214 T*cos/g=2.2125 | m_est-T*cos/g=-0.0294kg (-1.33%) vz=-0.219
[INFO] [1788537546.111605367] [mhe_node]: [c_xy_est] cx=+0.0016 cy=-0.0045 m
[INFO] [1788537546.202874945] [mhe_node]: [s-collapse] |s|=0.01009 peak=0.01836 ratio=0.550 (thr 0.20) mass_sc=0.000 inert_sc=0.000 m_p=+0.1188 low=0/5
[INFO] [1788537547.202886410] [mhe_node]: [s-collapse] |s|=0.00824 peak=0.01836 ratio=0.449 (thr 0.20) mass_sc=0.000 inert_sc=0.000 m_p=+0.1280 low=0/5
[INFO] [1788537548.113286198] [mhe_node]: MHE mass estimate: 2.197 kg (T_phys=21.95N) | solve=6.4ms (max9.5)
[INFO] [1788537548.113849270] [mhe_node]: [truth] m_hat=2.1971 m_true=2.0643 err=+6.43% | c_hat=[+0.0000,+0.0000] c_true=[+0.0000,+0.0000] | Jxx_hat=0.01420 Jxx_true=0.01420 Jyz_hat=+0.00000 Jyz_true=+0.00000 | s_hat=[-0.0027,-0.0056] s_true=[+0.0000,+0.0000] kg·m
[INFO] [1788537548.114376846] [mhe_node]: [tau_phys] roll=-0.061 pitch=+0.006 Nm
[INFO] [1788537548.114955637] [mhe_node]: [mass-diag] m_est=2.1971 T=21.951N tilt=9.83deg cos=0.98531 | T/g=2.2376 T*cos/g=2.2048 | m_est-T*cos/g=-0.0076kg (-0.35%) vz=-0.101
[INFO] [1788537548.115534432] [mhe_node]: [c_xy_est] cx=-0.0014 cy=-0.0027 m
[INFO] [1788537548.202846100] [mhe_node]: [s-collapse] |s|=0.00622 peak=0.01836 ratio=0.339 (thr 0.20) mass_sc=0.000 inert_sc=0.000 m_p=+0.1328 low=0/5
[INFO] [1788537549.202888579] [mhe_node]: [s-collapse] |s|=0.00602 peak=0.01836 ratio=0.328 (thr 0.20) mass_sc=0.000 inert_sc=0.000 m_p=+0.1242 low=0/5
[INFO] [1788537550.109070949] [mhe_node]: MHE mass estimate: 2.184 kg (T_phys=21.58N) | solve=7.5ms (max14.0)
[INFO] [1788537550.109636638] [mhe_node]: [truth] m_hat=2.1835 m_true=2.0643 err=+5.77% | c_hat=[+0.0000,+0.0000] c_true=[+0.0000,+0.0000] | Jxx_hat=0.01420 Jxx_true=0.01420 Jyz_hat=+0.00000 Jyz_true=+0.00000 | s_hat=[+0.0048,-0.0076] s_true=[+0.0000,+0.0000] kg·m
[INFO] [1788537550.110158045] [mhe_node]: [tau_phys] roll=-0.074 pitch=-0.119 Nm
[INFO] [1788537550.110738667] [mhe_node]: [mass-diag] m_est=2.1835 T=21.580N tilt=5.22deg cos=0.99585 | T/g=2.1997 T*cos/g=2.1906 | m_est-T*cos/g=-0.0071kg (-0.32%) vz=+0.005
[INFO] [1788537550.111319130] [mhe_node]: [c_xy_est] cx=+0.0022 cy=-0.0034 m
[INFO] [1788537550.202846987] [mhe_node]: [s-collapse] |s|=0.00899 peak=0.01836 ratio=0.490 (thr 0.20) mass_sc=0.000 inert_sc=0.000 m_p=+0.1192 low=0/5
[INFO] [1788537551.202860567] [mhe_node]: [s-collapse] |s|=0.00821 peak=0.01836 ratio=0.447 (thr 0.20) mass_sc=1.000 inert_sc=1.000 m_p=-0.0415 low=0/5
[INFO] [1788537552.127899192] [mhe_node]: MHE mass estimate: 1.961 kg (T_phys=20.42N) | solve=19.1ms (max43.5)
[INFO] [1788537552.128439996] [mhe_node]: [truth] m_hat=1.9611 m_true=2.0643 err=-5.00% | c_hat=[+0.0000,+0.0000] c_true=[+0.0000,+0.0000] | Jxx_hat=0.01420 Jxx_true=0.01420 Jyz_hat=+0.00000 Jyz_true=+0.00000 | s_hat=[+0.0045,+0.0016] s_true=[+0.0000,+0.0000] kg·m
[INFO] [1788537552.128955881] [mhe_node]: [tau_phys] roll=+0.012 pitch=+0.011 Nm
[INFO] [1788537552.129543990] [mhe_node]: [mass-diag] m_est=1.9611 T=20.419N tilt=8.72deg cos=0.98844 | T/g=2.0814 T*cos/g=2.0574 | m_est-T*cos/g=-0.0963kg (-4.68%) vz=+0.050
[INFO] [1788537552.130126416] [mhe_node]: [c_xy_est] cx=+0.0029 cy=+0.0009 m
[INFO] [1788537552.202879340] [mhe_node]: [s-collapse] |s|=0.00481 peak=0.01836 ratio=0.262 (thr 0.20) mass_sc=1.000 inert_sc=1.000 m_p=-0.1032 low=0/5
[INFO] [1788537552.702872884] [mhe_node]: [c_xy_est] 载荷释放(|s|=0.0015 = 0.079x peak 0.0184 < 0.20 x5帧, mass_sc=1.00 inert_sc=1.00) → 在线偏心估计归零(重新播种)
[INFO] [1788537552.725951720] [mhe_node]: [s-decay] n=1 |s_est|=0.00253 |s_target|=0.00000 |s_out|=0.00091 d_s_out=-0.00045 conf=0.766 present=0 armed=0 latched=1 health=1
[INFO] [1788537552.817226069] [mhe_node]: [s-decay] n=2 |s_est|=0.00343 |s_target|=0.00000 |s_out|=0.00061 d_s_out=-0.00030 conf=0.843 present=0 armed=0 latched=1 health=1
[INFO] [1788537552.924830627] [mhe_node]: [s-decay] n=3 |s_est|=0.00356 |s_target|=0.00000 |s_out|=0.00041 d_s_out=-0.00020 conf=0.895 present=0 armed=0 latched=1 health=1
[INFO] [1788537553.021122803] [mhe_node]: [s-decay] n=4 |s_est|=0.00337 |s_target|=0.00000 |s_out|=0.00028 d_s_out=-0.00014 conf=0.929 present=0 armed=0 latched=1 health=1
[INFO] [1788537553.117463730] [mhe_node]: [s-decay] n=5 |s_est|=0.00382 |s_target|=0.00000 |s_out|=0.00018 d_s_out=-0.00009 conf=0.953 present=0 armed=0 latched=1 health=1
[INFO] [1788537553.217492230] [mhe_node]: [s-decay] n=6 |s_est|=0.00378 |s_target|=0.00000 |s_out|=0.00012 d_s_out=-0.00006 conf=0.968 present=0 armed=0 latched=1 health=1
[INFO] [1788537553.314508101] [mhe_node]: [s-decay] n=7 |s_est|=0.00382 |s_target|=0.00000 |s_out|=0.00008 d_s_out=-0.00004 conf=0.979 present=0 armed=0 latched=1 health=1
[INFO] [1788537553.413479035] [mhe_node]: [s-decay] n=8 |s_est|=0.00347 |s_target|=0.00000 |s_out|=0.00006 d_s_out=-0.00003 conf=0.986 present=0 armed=0 latched=1 health=1
[INFO] [1788537553.512245552] [mhe_node]: [s-decay] n=9 |s_est|=0.00310 |s_target|=0.00000 |s_out|=0.00004 d_s_out=-0.00002 conf=0.990 present=0 armed=0 latched=1 health=1
[INFO] [1788537553.611941910] [mhe_node]: [s-decay] n=10 |s_est|=0.00324 |s_target|=0.00000 |s_out|=0.00002 d_s_out=-0.00001 conf=0.994 present=0 armed=0 latched=1 health=1
[INFO] [1788537553.710155020] [mhe_node]: [s-decay] n=11 |s_est|=0.00363 |s_target|=0.00000 |s_out|=0.00002 d_s_out=-0.00001 conf=0.996 present=0 armed=0 latched=1 health=1
[INFO] [1788537553.812489075] [mhe_node]: [s-decay] n=12 |s_est|=0.00365 |s_target|=0.00000 |s_out|=0.00001 d_s_out=-0.00001 conf=0.997 present=0 armed=0 latched=1 health=1
[INFO] [1788537553.910386716] [mhe_node]: [s-decay] n=13 |s_est|=0.00389 |s_target|=0.00000 |s_out|=0.00001 d_s_out=-0.00000 conf=0.998 present=0 armed=0 latched=1 health=1
[INFO] [1788537554.010571756] [mhe_node]: [s-decay] n=14 |s_est|=0.00401 |s_target|=0.00000 |s_out|=0.00001 d_s_out=-0.00000 conf=0.999 present=0 armed=0 latched=1 health=1
[INFO] [1788537554.109551663] [mhe_node]: MHE mass estimate: 2.036 kg (T_phys=20.25N) | solve=13.8ms (max28.6)
[INFO] [1788537554.109942611] [mhe_node]: [truth] m_hat=2.0363 m_true=2.0643 err=-1.36% | c_hat=[+0.0000,+0.0000] c_true=[+0.0000,+0.0000] | Jxx_hat=0.01420 Jxx_true=0.01420 Jyz_hat=+0.00000 Jyz_true=+0.00000 | s_hat=[-0.0036,+0.0021] s_true=[+0.0000,+0.0000] kg·m
[INFO] [1788537554.110307738] [mhe_node]: [tau_phys] roll=+0.017 pitch=+0.053 Nm
[INFO] [1788537554.110721717] [mhe_node]: [mass-diag] m_est=2.0363 T=20.250N tilt=9.01deg cos=0.98767 | T/g=2.0642 T*cos/g=2.0388 | m_est-T*cos/g=-0.0025kg (-0.12%) vz=+0.210
[INFO] [1788537554.111133500] [mhe_node]: [c_xy_est] cx=-0.0017 cy=+0.0010 m
[INFO] [1788537554.111416657] [mhe_node]: [s-decay] n=15 |s_est|=0.00414 |s_target|=0.00000 |s_out|=0.00000 d_s_out=-0.00000 conf=0.999 present=0 armed=0 latched=1 health=1
[INFO] [1788537554.210181508] [mhe_node]: [s-decay] n=16 |s_est|=0.00425 |s_target|=0.00000 |s_out|=0.00000 d_s_out=-0.00000 conf=0.999 present=0 armed=0 latched=1 health=1
[INFO] [1788537554.313828478] [mhe_node]: [s-decay] n=17 |s_est|=0.00436 |s_target|=0.00000 |s_out|=0.00000 d_s_out=-0.00000 conf=1.000 present=0 armed=0 latched=1 health=1
[INFO] [1788537554.410511792] [mhe_node]: [s-decay] n=18 |s_est|=0.00445 |s_target|=0.00000 |s_out|=0.00000 d_s_out=-0.00000 conf=1.000 present=0 armed=0 latched=1 health=1
[INFO] [1788537554.510438676] [mhe_node]: [s-decay] n=19 |s_est|=0.00456 |s_target|=0.00000 |s_out|=0.00000 d_s_out=-0.00000 conf=1.000 present=0 armed=0 latched=1 health=1
[INFO] [1788537554.610254823] [mhe_node]: [s-decay] n=20 |s_est|=0.00467 |s_target|=0.00000 |s_out|=0.00000 d_s_out=-0.00000 conf=1.000 present=0 armed=0 latched=1 health=1
[INFO] [1788537554.710630069] [mhe_node]: [s-decay] n=21 |s_est|=0.00481 |s_target|=0.00000 |s_out|=0.00000 d_s_out=-0.00000 conf=1.000 present=0 armed=0 latched=1 health=1
[INFO] [1788537554.810304371] [mhe_node]: [s-decay] n=22 |s_est|=0.00491 |s_target|=0.00000 |s_out|=0.00000 d_s_out=-0.00000 conf=1.000 present=0 armed=0 latched=1 health=1
[INFO] [1788537554.910467539] [mhe_node]: [s-decay] n=23 |s_est|=0.00501 |s_target|=0.00000 |s_out|=0.00000 d_s_out=-0.00000 conf=1.000 present=0 armed=0 latched=1 health=1
[INFO] [1788537555.009424444] [mhe_node]: [s-decay] n=24 |s_est|=0.00510 |s_target|=0.00000 |s_out|=0.00000 d_s_out=-0.00000 conf=1.000 present=0 armed=0 latched=1 health=1
[INFO] [1788537555.110394306] [mhe_node]: [s-decay] n=25 |s_est|=0.00521 |s_target|=0.00000 |s_out|=0.00000 d_s_out=-0.00000 conf=1.000 present=0 armed=0 latched=1 health=1
[INFO] [1788537555.212488744] [mhe_node]: [s-decay] n=26 |s_est|=0.00531 |s_target|=0.00000 |s_out|=0.00000 d_s_out=-0.00000 conf=1.000 present=0 armed=0 latched=1 health=1
[INFO] [1788537555.310300307] [mhe_node]: [s-decay] n=27 |s_est|=0.00540 |s_target|=0.00000 |s_out|=0.00000 d_s_out=-0.00000 conf=1.000 present=0 armed=0 latched=1 health=1
[INFO] [1788537555.408389518] [mhe_node]: [s-decay] n=28 |s_est|=0.00549 |s_target|=0.00000 |s_out|=0.00000 d_s_out=-0.00000 conf=1.000 present=0 armed=0 latched=1 health=1
[INFO] [1788537555.509312685] [mhe_node]: [s-decay] n=29 |s_est|=0.00555 |s_target|=0.00000 |s_out|=0.00000 d_s_out=-0.00000 conf=1.000 present=0 armed=0 latched=1 health=1
[INFO] [1788537555.609371148] [mhe_node]: [s-decay] n=30 |s_est|=0.00558 |s_target|=0.00000 |s_out|=0.00000 d_s_out=-0.00000 conf=1.000 present=0 armed=0 latched=1 health=1
[INFO] [1788537555.706469735] [mhe_node]: [s-decay] n=31 |s_est|=0.00560 |s_target|=0.00000 |s_out|=0.00000 d_s_out=-0.00000 conf=1.000 present=0 armed=0 latched=1 health=1
[INFO] [1788537555.809728906] [mhe_node]: [s-decay] n=32 |s_est|=0.00562 |s_target|=0.00000 |s_out|=0.00000 d_s_out=-0.00000 conf=1.000 present=0 armed=0 latched=1 health=1
[INFO] [1788537555.909283165] [mhe_node]: [s-decay] n=33 |s_est|=0.00567 |s_target|=0.00000 |s_out|=0.00000 d_s_out=-0.00000 conf=1.000 present=0 armed=0 latched=1 health=1
[INFO] [1788537556.011376823] [mhe_node]: [s-decay] n=34 |s_est|=0.00570 |s_target|=0.00000 |s_out|=0.00000 d_s_out=-0.00000 conf=1.000 present=0 armed=0 latched=1 health=1
[INFO] [1788537556.109387808] [mhe_node]: MHE mass estimate: 2.027 kg (T_phys=20.01N) | solve=6.6ms (max10.3)
[INFO] [1788537556.109928285] [mhe_node]: [truth] m_hat=2.0273 m_true=2.0643 err=-1.79% | c_hat=[+0.0000,+0.0000] c_true=[+0.0000,+0.0000] | Jxx_hat=0.01420 Jxx_true=0.01420 Jyz_hat=+0.00000 Jyz_true=+0.00000 | s_hat=[-0.0056,+0.0012] s_true=[+0.0000,+0.0000] kg·m
[INFO] [1788537556.110446796] [mhe_node]: [tau_phys] roll=+0.009 pitch=+0.053 Nm
[INFO] [1788537556.111029827] [mhe_node]: [mass-diag] m_est=2.0273 T=20.010N tilt=1.37deg cos=0.99972 | T/g=2.0397 T*cos/g=2.0391 | m_est-T*cos/g=-0.0118kg (-0.58%) vz=+0.206
[INFO] [1788537556.111607024] [mhe_node]: [c_xy_est] cx=-0.0027 cy=+0.0006 m
[INFO] [1788537556.111978169] [mhe_node]: [s-decay] n=35 |s_est|=0.00572 |s_target|=0.00000 |s_out|=0.00000 d_s_out=-0.00000 conf=1.000 present=0 armed=0 latched=1 health=1
[INFO] [1788537556.212457062] [mhe_node]: [s-decay] n=36 |s_est|=0.00571 |s_target|=0.00000 |s_out|=0.00000 d_s_out=-0.00000 conf=1.000 present=0 armed=0 latched=1 health=1
[INFO] [1788537556.310348546] [mhe_node]: [s-decay] n=37 |s_est|=0.00569 |s_target|=0.00000 |s_out|=0.00000 d_s_out=-0.00000 conf=1.000 present=0 armed=0 latched=1 health=1
[INFO] [1788537556.410554444] [mhe_node]: [s-decay] n=38 |s_est|=0.00565 |s_target|=0.00000 |s_out|=0.00000 d_s_out=-0.00000 conf=1.000 present=0 armed=0 latched=1 health=1
[INFO] [1788537556.509322323] [mhe_node]: [s-decay] n=39 |s_est|=0.00563 |s_target|=0.00000 |s_out|=0.00000 d_s_out=-0.00000 conf=1.000 present=0 armed=0 latched=1 health=1
[INFO] [1788537556.610600972] [mhe_node]: [s-decay] n=40 |s_est|=0.00561 |s_target|=0.00000 |s_out|=0.00000 d_s_out=-0.00000 conf=1.000 present=0 armed=0 latched=1 health=1
[INFO] [1788537556.707319326] [mhe_node]: [s-decay] n=41 |s_est|=0.00560 |s_target|=0.00000 |s_out|=0.00000 d_s_out=-0.00000 conf=1.000 present=0 armed=0 latched=1 health=1
[INFO] [1788537556.807343919] [mhe_node]: [s-decay] n=42 |s_est|=0.00555 |s_target|=0.00000 |s_out|=0.00000 d_s_out=-0.00000 conf=1.000 present=0 armed=0 latched=1 health=1
[INFO] [1788537556.907102599] [mhe_node]: [s-decay] n=43 |s_est|=0.00549 |s_target|=0.00000 |s_out|=0.00000 d_s_out=-0.00000 conf=1.000 present=0 armed=0 latched=1 health=1
[INFO] [1788537557.012673739] [mhe_node]: [s-decay] n=44 |s_est|=0.00544 |s_target|=0.00000 |s_out|=0.00000 d_s_out=-0.00000 conf=1.000 present=0 armed=0 latched=1 health=1
[INFO] [1788537557.109291266] [mhe_node]: [s-decay] n=45 |s_est|=0.00538 |s_target|=0.00000 |s_out|=0.00000 d_s_out=-0.00000 conf=1.000 present=0 armed=0 latched=1 health=1
[INFO] [1788537557.213565206] [mhe_node]: [s-decay] n=46 |s_est|=0.00530 |s_target|=0.00000 |s_out|=0.00000 d_s_out=-0.00000 conf=1.000 present=0 armed=0 latched=1 health=1
[INFO] [1788537557.317155489] [mhe_node]: [s-decay] n=47 |s_est|=0.00523 |s_target|=0.00000 |s_out|=0.00000 d_s_out=-0.00000 conf=1.000 present=0 armed=0 latched=1 health=1
[INFO] [1788537557.410508377] [mhe_node]: [s-decay] n=48 |s_est|=0.00514 |s_target|=0.00000 |s_out|=0.00000 d_s_out=-0.00000 conf=1.000 present=0 armed=0 latched=1 health=1
[INFO] [1788537557.511075671] [mhe_node]: [s-decay] n=49 |s_est|=0.00504 |s_target|=0.00000 |s_out|=0.00000 d_s_out=-0.00000 conf=1.000 present=0 armed=0 latched=1 health=1
[INFO] [1788537557.615441164] [mhe_node]: [s-decay] n=50 |s_est|=0.00491 |s_target|=0.00000 |s_out|=0.00000 d_s_out=-0.00000 conf=1.000 present=0 armed=0 latched=1 health=1
[INFO] [1788537557.713533627] [mhe_node]: [s-decay] n=51 |s_est|=0.00479 |s_target|=0.00000 |s_out|=0.00000 d_s_out=-0.00000 conf=1.000 present=0 armed=0 latched=1 health=1
[INFO] [1788537557.809270995] [mhe_node]: [s-decay] n=52 |s_est|=0.00466 |s_target|=0.00000 |s_out|=0.00000 d_s_out=-0.00000 conf=1.000 present=0 armed=0 latched=1 health=1
[INFO] [1788537557.909260464] [mhe_node]: [s-decay] n=53 |s_est|=0.00455 |s_target|=0.00000 |s_out|=0.00000 d_s_out=-0.00000 conf=1.000 present=0 armed=0 latched=1 health=1
[INFO] [1788537558.010398089] [mhe_node]: [s-decay] n=54 |s_est|=0.00445 |s_target|=0.00000 |s_out|=0.00000 d_s_out=-0.00000 conf=1.000 present=0 armed=0 latched=1 health=1
[INFO] [1788537558.115897059] [mhe_node]: MHE mass estimate: 2.047 kg (T_phys=20.34N) | solve=7.6ms (max13.7)
[INFO] [1788537558.116436982] [mhe_node]: [truth] m_hat=2.0472 m_true=2.0643 err=-0.83% | c_hat=[+0.0000,+0.0000] c_true=[+0.0000,+0.0000] | Jxx_hat=0.01420 Jxx_true=0.01420 Jyz_hat=+0.00000 Jyz_true=+0.00000 | s_hat=[-0.0043,+0.0003] s_true=[+0.0000,+0.0000] kg·m
[INFO] [1788537558.116955695] [mhe_node]: [tau_phys] roll=-0.000 pitch=+0.036 Nm
[INFO] [1788537558.117544923] [mhe_node]: [mass-diag] m_est=2.0472 T=20.343N tilt=8.17deg cos=0.98986 | T/g=2.0737 T*cos/g=2.0526 | m_est-T*cos/g=-0.0054kg (-0.26%) vz=+0.189
[INFO] [1788537558.118144153] [mhe_node]: [c_xy_est] cx=-0.0022 cy=+0.0002 m
[INFO] [1788537558.118537616] [mhe_node]: [s-decay] n=55 |s_est|=0.00434 |s_target|=0.00000 |s_out|=0.00000 d_s_out=-0.00000 conf=1.000 present=0 armed=0 latched=1 health=1
[INFO] [1788537558.219148512] [mhe_node]: [s-decay] n=56 |s_est|=0.00423 |s_target|=0.00000 |s_out|=0.00000 d_s_out=-0.00000 conf=1.000 present=0 armed=0 latched=1 health=1
[INFO] [1788537558.317900669] [mhe_node]: [s-decay] n=57 |s_est|=0.00411 |s_target|=0.00000 |s_out|=0.00000 d_s_out=-0.00000 conf=1.000 present=0 armed=0 latched=1 health=1
[INFO] [1788537558.411471897] [mhe_node]: [s-decay] n=58 |s_est|=0.00398 |s_target|=0.00000 |s_out|=0.00000 d_s_out=-0.00000 conf=1.000 present=0 armed=0 latched=1 health=1
[INFO] [1788537558.511539537] [mhe_node]: [s-decay] n=59 |s_est|=0.00386 |s_target|=0.00000 |s_out|=0.00000 d_s_out=-0.00000 conf=1.000 present=0 armed=0 latched=1 health=1
[INFO] [1788537558.613716524] [mhe_node]: [s-decay] n=60 |s_est|=0.00375 |s_target|=0.00000 |s_out|=0.00000 d_s_out=-0.00000 conf=1.000 present=0 armed=0 latched=1 health=1
[INFO] [1788537558.710251446] [mhe_node]: [s-decay] n=61 |s_est|=0.00364 |s_target|=0.00000 |s_out|=0.00000 d_s_out=-0.00000 conf=1.000 present=0 armed=0 latched=1 health=1
[INFO] [1788537558.810331788] [mhe_node]: [s-decay] n=62 |s_est|=0.00352 |s_target|=0.00000 |s_out|=0.00000 d_s_out=-0.00000 conf=1.000 present=0 armed=0 latched=1 health=1
[INFO] [1788537558.913687967] [mhe_node]: [s-decay] n=63 |s_est|=0.00341 |s_target|=0.00000 |s_out|=0.00000 d_s_out=-0.00000 conf=1.000 present=0 armed=0 latched=1 health=1
[INFO] [1788537559.012589850] [mhe_node]: [s-decay] n=64 |s_est|=0.00332 |s_target|=0.00000 |s_out|=0.00000 d_s_out=-0.00000 conf=1.000 present=0 armed=0 latched=1 health=1
[INFO] [1788537559.110258084] [mhe_node]: [s-decay] n=65 |s_est|=0.00324 |s_target|=0.00000 |s_out|=0.00000 d_s_out=-0.00000 conf=1.000 present=0 armed=0 latched=1 health=1
[INFO] [1788537559.213854415] [mhe_node]: [s-decay] n=66 |s_est|=0.00318 |s_target|=0.00000 |s_out|=0.00000 d_s_out=-0.00000 conf=1.000 present=0 armed=0 latched=1 health=1
[INFO] [1788537559.310396560] [mhe_node]: [s-decay] n=67 |s_est|=0.00311 |s_target|=0.00000 |s_out|=0.00000 d_s_out=-0.00000 conf=1.000 present=0 armed=0 latched=1 health=1
[INFO] [1788537559.414737336] [mhe_node]: [s-decay] n=68 |s_est|=0.00304 |s_target|=0.00000 |s_out|=0.00000 d_s_out=-0.00000 conf=1.000 present=0 armed=0 latched=1 health=1
[INFO] [1788537559.513671890] [mhe_node]: [s-decay] n=69 |s_est|=0.00297 |s_target|=0.00000 |s_out|=0.00000 d_s_out=-0.00000 conf=1.000 present=0 armed=0 latched=1 health=1
[INFO] [1788537559.611365209] [mhe_node]: [s-decay] n=70 |s_est|=0.00291 |s_target|=0.00000 |s_out|=0.00000 d_s_out=-0.00000 conf=1.000 present=0 armed=0 latched=1 health=1
[INFO] [1788537559.713769457] [mhe_node]: [s-decay] n=71 |s_est|=0.00290 |s_target|=0.00000 |s_out|=0.00000 d_s_out=-0.00000 conf=1.000 present=0 armed=0 latched=1 health=1
[INFO] [1788537559.812610079] [mhe_node]: [s-decay] n=72 |s_est|=0.00288 |s_target|=0.00000 |s_out|=0.00000 d_s_out=-0.00000 conf=1.000 present=0 armed=0 latched=1 health=1
[INFO] [1788537559.911417735] [mhe_node]: [s-decay] n=73 |s_est|=0.00289 |s_target|=0.00000 |s_out|=0.00000 d_s_out=-0.00000 conf=1.000 present=0 armed=0 latched=1 health=1
[INFO] [1788537560.010395206] [mhe_node]: [s-decay] n=74 |s_est|=0.00290 |s_target|=0.00000 |s_out|=0.00000 d_s_out=-0.00000 conf=1.000 present=0 armed=0 latched=1 health=1
[INFO] [1788537560.113689160] [mhe_node]: MHE mass estimate: 2.044 kg (T_phys=20.09N) | solve=9.2ms (max15.6)
[INFO] [1788537560.114224578] [mhe_node]: [truth] m_hat=2.0440 m_true=2.0643 err=-0.99% | c_hat=[+0.0000,+0.0000] c_true=[+0.0000,+0.0000] | Jxx_hat=0.01420 Jxx_true=0.01420 Jyz_hat=+0.00000 Jyz_true=+0.00000 | s_hat=[-0.0028,-0.0009] s_true=[+0.0000,+0.0000] kg·m
[INFO] [1788537560.114741372] [mhe_node]: [tau_phys] roll=+0.001 pitch=+0.034 Nm
[INFO] [1788537560.115330044] [mhe_node]: [mass-diag] m_est=2.0440 T=20.095N tilt=8.23deg cos=0.98970 | T/g=2.0484 T*cos/g=2.0273 | m_est-T*cos/g=+0.0167kg (+0.82%) vz=+0.077
[INFO] [1788537560.115906723] [mhe_node]: [c_xy_est] cx=-0.0013 cy=-0.0004 m
[INFO] [1788537560.116275699] [mhe_node]: [s-decay] n=75 |s_est|=0.00294 |s_target|=0.00000 |s_out|=0.00000 d_s_out=-0.00000 conf=1.000 present=0 armed=0 latched=1 health=1
[INFO] [1788537560.209300235] [mhe_node]: [s-decay] n=76 |s_est|=0.00299 |s_target|=0.00000 |s_out|=0.00000 d_s_out=-0.00000 conf=1.000 present=0 armed=0 latched=1 health=1
[INFO] [1788537560.309457609] [mhe_node]: [s-decay] n=77 |s_est|=0.00302 |s_target|=0.00000 |s_out|=0.00000 d_s_out=-0.00000 conf=1.000 present=0 armed=0 latched=1 health=1
[INFO] [1788537560.412690940] [mhe_node]: [s-decay] n=78 |s_est|=0.00304 |s_target|=0.00000 |s_out|=0.00000 d_s_out=-0.00000 conf=1.000 present=0 armed=0 latched=1 health=1
[INFO] [1788537560.507183223] [mhe_node]: [s-decay] n=79 |s_est|=0.00308 |s_target|=0.00000 |s_out|=0.00000 d_s_out=-0.00000 conf=1.000 present=0 armed=0 latched=1 health=1
[INFO] [1788537560.608911492] [mhe_node]: [s-decay] n=80 |s_est|=0.00313 |s_target|=0.00000 |s_out|=0.00000 d_s_out=-0.00000 conf=1.000 present=0 armed=0 latched=1 health=1
[INFO] [1788537560.711436427] [mhe_node]: [s-decay] n=81 |s_est|=0.00319 |s_target|=0.00000 |s_out|=0.00000 d_s_out=-0.00000 conf=1.000 present=0 armed=0 latched=1 health=1
[INFO] [1788537560.809283629] [mhe_node]: [s-decay] n=82 |s_est|=0.00325 |s_target|=0.00000 |s_out|=0.00000 d_s_out=-0.00000 conf=1.000 present=0 armed=0 latched=1 health=1
[INFO] [1788537560.911583907] [mhe_node]: [s-decay] n=83 |s_est|=0.00331 |s_target|=0.00000 |s_out|=0.00000 d_s_out=-0.00000 conf=1.000 present=0 armed=0 latched=1 health=1
[INFO] [1788537561.012563265] [mhe_node]: [s-decay] n=84 |s_est|=0.00337 |s_target|=0.00000 |s_out|=0.00000 d_s_out=-0.00000 conf=1.000 present=0 armed=0 latched=1 health=1
[INFO] [1788537561.109229880] [mhe_node]: [s-decay] n=85 |s_est|=0.00343 |s_target|=0.00000 |s_out|=0.00000 d_s_out=-0.00000 conf=1.000 present=0 armed=0 latched=1 health=1
[INFO] [1788537561.209443881] [mhe_node]: [s-decay] n=86 |s_est|=0.00349 |s_target|=0.00000 |s_out|=0.00000 d_s_out=-0.00000 conf=1.000 present=0 armed=0 latched=1 health=1
[INFO] [1788537561.311382767] [mhe_node]: [s-decay] n=87 |s_est|=0.00356 |s_target|=0.00000 |s_out|=0.00000 d_s_out=-0.00000 conf=1.000 present=0 armed=0 latched=1 health=1
[INFO] [1788537561.409469585] [mhe_node]: [s-decay] n=88 |s_est|=0.00362 |s_target|=0.00000 |s_out|=0.00000 d_s_out=-0.00000 conf=1.000 present=0 armed=0 latched=1 health=1
[INFO] [1788537561.509426909] [mhe_node]: [s-decay] n=89 |s_est|=0.00367 |s_target|=0.00000 |s_out|=0.00000 d_s_out=-0.00000 conf=1.000 present=0 armed=0 latched=1 health=1
[INFO] [1788537561.609478117] [mhe_node]: [s-decay] n=90 |s_est|=0.00370 |s_target|=0.00000 |s_out|=0.00000 d_s_out=-0.00000 conf=1.000 present=0 armed=0 latched=1 health=1
[INFO] [1788537561.709581219] [mhe_node]: [s-decay] n=91 |s_est|=0.00375 |s_target|=0.00000 |s_out|=0.00000 d_s_out=-0.00000 conf=1.000 present=0 armed=0 latched=1 health=1
[INFO] [1788537561.809366208] [mhe_node]: [s-decay] n=92 |s_est|=0.00378 |s_target|=0.00000 |s_out|=0.00000 d_s_out=-0.00000 conf=1.000 present=0 armed=0 latched=1 health=1
[INFO] [1788537561.908362011] [mhe_node]: [s-decay] n=93 |s_est|=0.00382 |s_target|=0.00000 |s_out|=0.00000 d_s_out=-0.00000 conf=1.000 present=0 armed=0 latched=1 health=1
[INFO] [1788537562.008349448] [mhe_node]: [s-decay] n=94 |s_est|=0.00384 |s_target|=0.00000 |s_out|=0.00000 d_s_out=-0.00000 conf=1.000 present=0 armed=0 latched=1 health=1
[INFO] [1788537562.109612552] [mhe_node]: MHE mass estimate: 2.046 kg (T_phys=20.13N) | solve=6.2ms (max9.1)
[INFO] [1788537562.110354030] [mhe_node]: [truth] m_hat=2.0464 m_true=2.0643 err=-0.87% | c_hat=[+0.0000,+0.0000] c_true=[+0.0000,+0.0000] | Jxx_hat=0.01420 Jxx_true=0.01420 Jyz_hat=+0.00000 Jyz_true=+0.00000 | s_hat=[-0.0038,+0.0004] s_true=[+0.0000,+0.0000] kg·m
[INFO] [1788537562.110885351] [mhe_node]: [tau_phys] roll=+0.002 pitch=+0.032 Nm
[INFO] [1788537562.111485346] [mhe_node]: [mass-diag] m_est=2.0464 T=20.131N tilt=5.38deg cos=0.99560 | T/g=2.0521 T*cos/g=2.0430 | m_est-T*cos/g=+0.0033kg (+0.16%) vz=-0.051
[INFO] [1788537562.112066275] [mhe_node]: [c_xy_est] cx=-0.0019 cy=+0.0002 m
[INFO] [1788537562.112454115] [mhe_node]: [s-decay] n=95 |s_est|=0.00387 |s_target|=0.00000 |s_out|=0.00000 d_s_out=-0.00000 conf=1.000 present=0 armed=0 latched=1 health=1
[INFO] [1788537562.209524429] [mhe_node]: [s-decay] n=96 |s_est|=0.00388 |s_target|=0.00000 |s_out|=0.00000 d_s_out=-0.00000 conf=1.000 present=0 armed=0 latched=1 health=1
[INFO] [1788537562.311865745] [mhe_node]: [s-decay] n=97 |s_est|=0.00388 |s_target|=0.00000 |s_out|=0.00000 d_s_out=-0.00000 conf=1.000 present=0 armed=0 latched=1 health=1
[INFO] [1788537562.411578501] [mhe_node]: [s-decay] n=98 |s_est|=0.00386 |s_target|=0.00000 |s_out|=0.00000 d_s_out=-0.00000 conf=1.000 present=0 armed=0 latched=1 health=1
[INFO] [1788537562.507266417] [mhe_node]: [s-decay] n=99 |s_est|=0.00384 |s_target|=0.00000 |s_out|=0.00000 d_s_out=-0.00000 conf=1.000 present=0 armed=0 latched=1 health=1
[INFO] [1788537562.611454449] [mhe_node]: [s-decay] n=100 |s_est|=0.00384 |s_target|=0.00000 |s_out|=0.00000 d_s_out=-0.00000 conf=1.000 present=0 armed=0 latched=1 health=1
[INFO] [1788537564.110743978] [mhe_node]: MHE mass estimate: 2.051 kg (T_phys=20.28N) | solve=8.3ms (max18.3)
[INFO] [1788537564.111285511] [mhe_node]: [truth] m_hat=2.0512 m_true=2.0643 err=-0.63% | c_hat=[+0.0000,+0.0000] c_true=[+0.0000,+0.0000] | Jxx_hat=0.01420 Jxx_true=0.01420 Jyz_hat=+0.00000 Jyz_true=+0.00000 | s_hat=[-0.0032,-0.0004] s_true=[+0.0000,+0.0000] kg·m
[INFO] [1788537564.111802737] [mhe_node]: [tau_phys] roll=-0.011 pitch=+0.033 Nm
[INFO] [1788537564.112397621] [mhe_node]: [mass-diag] m_est=2.0512 T=20.280N tilt=10.26deg cos=0.98401 | T/g=2.0673 T*cos/g=2.0342 | m_est-T*cos/g=+0.0170kg (+0.84%) vz=-0.155
[INFO] [1788537564.112977545] [mhe_node]: [c_xy_est] cx=-0.0016 cy=-0.0001 m
[INFO] [1788537566.107191649] [mhe_node]: MHE mass estimate: 2.038 kg (T_phys=19.97N) | solve=7.6ms (max12.6)
[INFO] [1788537566.107578212] [mhe_node]: [truth] m_hat=2.0378 m_true=2.0643 err=-1.28% | c_hat=[+0.0000,+0.0000] c_true=[+0.0000,+0.0000] | Jxx_hat=0.01420 Jxx_true=0.01420 Jyz_hat=+0.00000 Jyz_true=+0.00000 | s_hat=[-0.0048,+0.0001] s_true=[+0.0000,+0.0000] kg·m
[INFO] [1788537566.107948077] [mhe_node]: [tau_phys] roll=+0.008 pitch=+0.049 Nm
[INFO] [1788537566.108370463] [mhe_node]: [mass-diag] m_est=2.0378 T=19.975N tilt=6.58deg cos=0.99342 | T/g=2.0361 T*cos/g=2.0227 | m_est-T*cos/g=+0.0151kg (+0.75%) vz=-0.238
[INFO] [1788537566.108779052] [mhe_node]: [c_xy_est] cx=-0.0023 cy=+0.0000 m
[INFO] [1788537568.109339751] [mhe_node]: MHE mass estimate: 2.045 kg (T_phys=20.30N) | solve=6.8ms (max13.6)
[INFO] [1788537568.109728080] [mhe_node]: [truth] m_hat=2.0450 m_true=2.0643 err=-0.93% | c_hat=[+0.0000,+0.0000] c_true=[+0.0000,+0.0000] | Jxx_hat=0.01420 Jxx_true=0.01420 Jyz_hat=+0.00000 Jyz_true=+0.00000 | s_hat=[-0.0055,+0.0010] s_true=[+0.0000,+0.0000] kg·m
[INFO] [1788537568.110092935] [mhe_node]: [tau_phys] roll=+0.012 pitch=+0.045 Nm
[INFO] [1788537568.110513951] [mhe_node]: [mass-diag] m_est=2.0450 T=20.299N tilt=4.29deg cos=0.99719 | T/g=2.0692 T*cos/g=2.0634 | m_est-T*cos/g=-0.0184kg (-0.89%) vz=-0.227
[INFO] [1788537568.110919122] [mhe_node]: [c_xy_est] cx=-0.0027 cy=+0.0005 m
[INFO] [1788537570.110375449] [mhe_node]: MHE mass estimate: 2.054 kg (T_phys=20.52N) | solve=8.5ms (max16.0)
[INFO] [1788537570.110916894] [mhe_node]: [truth] m_hat=2.0543 m_true=2.0643 err=-0.48% | c_hat=[+0.0000,+0.0000] c_true=[+0.0000,+0.0000] | Jxx_hat=0.01420 Jxx_true=0.01420 Jyz_hat=+0.00000 Jyz_true=+0.00000 | s_hat=[-0.0039,+0.0014] s_true=[+0.0000,+0.0000] kg·m
[INFO] [1788537570.111432556] [mhe_node]: [tau_phys] roll=+0.023 pitch=+0.023 Nm
[INFO] [1788537570.112020748] [mhe_node]: [mass-diag] m_est=2.0543 T=20.518N tilt=9.82deg cos=0.98535 | T/g=2.0916 T*cos/g=2.0609 | m_est-T*cos/g=-0.0066kg (-0.32%) vz=-0.118
[INFO] [1788537570.112605823] [mhe_node]: [c_xy_est] cx=-0.0019 cy=+0.0006 m
[INFO] [1788537572.109506852] [mhe_node]: MHE mass estimate: 2.045 kg (T_phys=20.31N) | solve=7.8ms (max14.5)
[INFO] [1788537572.110039319] [mhe_node]: [truth] m_hat=2.0448 m_true=2.0643 err=-0.95% | c_hat=[+0.0000,+0.0000] c_true=[+0.0000,+0.0000] | Jxx_hat=0.01420 Jxx_true=0.01420 Jyz_hat=+0.00000 Jyz_true=+0.00000 | s_hat=[-0.0035,+0.0016] s_true=[+0.0000,+0.0000] kg·m
[INFO] [1788537572.110558582] [mhe_node]: [tau_phys] roll=+0.010 pitch=+0.032 Nm
[INFO] [1788537572.111144444] [mhe_node]: [mass-diag] m_est=2.0448 T=20.309N tilt=5.47deg cos=0.99545 | T/g=2.0702 T*cos/g=2.0608 | m_est-T*cos/g=-0.0160kg (-0.78%) vz=-0.012
[INFO] [1788537572.111723922] [mhe_node]: [c_xy_est] cx=-0.0017 cy=+0.0008 m
[INFO] [1788537574.112663702] [mhe_node]: MHE mass estimate: 2.050 kg (T_phys=20.59N) | solve=6.3ms (max11.4)
[INFO] [1788537574.113210558] [mhe_node]: [truth] m_hat=2.0497 m_true=2.0643 err=-0.71% | c_hat=[+0.0000,+0.0000] c_true=[+0.0000,+0.0000] | Jxx_hat=0.01420 Jxx_true=0.01420 Jyz_hat=+0.00000 Jyz_true=+0.00000 | s_hat=[-0.0035,+0.0011] s_true=[+0.0000,+0.0000] kg·m
[INFO] [1788537574.113737124] [mhe_node]: [tau_phys] roll=+0.009 pitch=+0.036 Nm
[INFO] [1788537574.114366741] [mhe_node]: [mass-diag] m_est=2.0497 T=20.587N tilt=7.73deg cos=0.99090 | T/g=2.0986 T*cos/g=2.0795 | m_est-T*cos/g=-0.0298kg (-1.43%) vz=+0.107
[INFO] [1788537574.114958212] [mhe_node]: [c_xy_est] cx=-0.0017 cy=+0.0006 m
[INFO] [1788537576.110402739] [mhe_node]: MHE mass estimate: 2.040 kg (T_phys=20.21N) | solve=9.5ms (max14.6)
[INFO] [1788537576.110945371] [mhe_node]: [truth] m_hat=2.0402 m_true=2.0643 err=-1.17% | c_hat=[+0.0000,+0.0000] c_true=[+0.0000,+0.0000] | Jxx_hat=0.01420 Jxx_true=0.01420 Jyz_hat=+0.00000 Jyz_true=+0.00000 | s_hat=[-0.0035,+0.0021] s_true=[+0.0000,+0.0000] kg·m
[INFO] [1788537576.111467039] [mhe_node]: [tau_phys] roll=+0.017 pitch=+0.053 Nm
[INFO] [1788537576.112053722] [mhe_node]: [mass-diag] m_est=2.0402 T=20.211N tilt=9.56deg cos=0.98611 | T/g=2.0602 T*cos/g=2.0316 | m_est-T*cos/g=+0.0085kg (+0.42%) vz=+0.226
[INFO] [1788537576.112636154] [mhe_node]: [c_xy_est] cx=-0.0017 cy=+0.0010 m
[INFO] [1788537578.109448636] [mhe_node]: MHE mass estimate: 2.029 kg (T_phys=19.96N) | solve=8.0ms (max13.5)
[INFO] [1788537578.110012547] [mhe_node]: [truth] m_hat=2.0295 m_true=2.0643 err=-1.69% | c_hat=[+0.0000,+0.0000] c_true=[+0.0000,+0.0000] | Jxx_hat=0.01420 Jxx_true=0.01420 Jyz_hat=+0.00000 Jyz_true=+0.00000 | s_hat=[-0.0054,+0.0013] s_true=[+0.0000,+0.0000] kg·m
[INFO] [1788537578.110530760] [mhe_node]: [tau_phys] roll=+0.013 pitch=+0.051 Nm
[INFO] [1788537578.111119007] [mhe_node]: [mass-diag] m_est=2.0295 T=19.964N tilt=2.11deg cos=0.99932 | T/g=2.0351 T*cos/g=2.0337 | m_est-T*cos/g=-0.0043kg (-0.21%) vz=+0.235
[INFO] [1788537578.111713926] [mhe_node]: [c_xy_est] cx=-0.0026 cy=+0.0006 m
[INFO] [1788537580.116044731] [mhe_node]: MHE mass estimate: 2.044 kg (T_phys=20.39N) | solve=7.9ms (max12.4)
[INFO] [1788537580.116711124] [mhe_node]: [truth] m_hat=2.0439 m_true=2.0643 err=-0.99% | c_hat=[+0.0000,+0.0000] c_true=[+0.0000,+0.0000] | Jxx_hat=0.01420 Jxx_true=0.01420 Jyz_hat=+0.00000 Jyz_true=+0.00000 | s_hat=[-0.0043,+0.0003] s_true=[+0.0000,+0.0000] kg·m
[INFO] [1788537580.117239119] [mhe_node]: [tau_phys] roll=+0.001 pitch=+0.036 Nm
[INFO] [1788537580.117830961] [mhe_node]: [mass-diag] m_est=2.0439 T=20.395N tilt=8.10deg cos=0.99003 | T/g=2.0790 T*cos/g=2.0582 | m_est-T*cos/g=-0.0143kg (-0.70%) vz=+0.178
[INFO] [1788537580.118414734] [mhe_node]: [c_xy_est] cx=-0.0021 cy=+0.0002 m
[INFO] [1788537582.107352590] [mhe_node]: MHE mass estimate: 2.046 kg (T_phys=20.06N) | solve=9.0ms (max15.3)
[INFO] [1788537582.107740872] [mhe_node]: [truth] m_hat=2.0458 m_true=2.0643 err=-0.90% | c_hat=[+0.0000,+0.0000] c_true=[+0.0000,+0.0000] | Jxx_hat=0.01420 Jxx_true=0.01420 Jyz_hat=+0.00000 Jyz_true=+0.00000 | s_hat=[-0.0025,-0.0008] s_true=[+0.0000,+0.0000] kg·m
[INFO] [1788537582.108102038] [mhe_node]: [tau_phys] roll=-0.007 pitch=+0.028 Nm
[INFO] [1788537582.108522300] [mhe_node]: [mass-diag] m_est=2.0458 T=20.062N tilt=9.03deg cos=0.98761 | T/g=2.0450 T*cos/g=2.0197 | m_est-T*cos/g=+0.0261kg (+1.29%) vz=+0.105
[INFO] [1788537582.108924810] [mhe_node]: [c_xy_est] cx=-0.0012 cy=-0.0004 m
[INFO] [1788537584.108365635] [mhe_node]: MHE mass estimate: 2.046 kg (T_phys=20.10N) | solve=6.4ms (max15.5)
[INFO] [1788537584.108905278] [mhe_node]: [truth] m_hat=2.0456 m_true=2.0643 err=-0.91% | c_hat=[+0.0000,+0.0000] c_true=[+0.0000,+0.0000] | Jxx_hat=0.01420 Jxx_true=0.01420 Jyz_hat=+0.00000 Jyz_true=+0.00000 | s_hat=[-0.0037,+0.0004] s_true=[+0.0000,+0.0000] kg·m
[INFO] [1788537584.109423345] [mhe_node]: [tau_phys] roll=+0.004 pitch=+0.035 Nm
[INFO] [1788537584.110003992] [mhe_node]: [mass-diag] m_est=2.0456 T=20.098N tilt=5.06deg cos=0.99610 | T/g=2.0488 T*cos/g=2.0408 | m_est-T*cos/g=+0.0048kg (+0.23%) vz=-0.051
[INFO] [1788537584.110584840] [mhe_node]: [c_xy_est] cx=-0.0018 cy=+0.0002 m
[INFO] [1788537586.110322830] [mhe_node]: MHE mass estimate: 2.051 kg (T_phys=20.36N) | solve=7.7ms (max14.6)
[INFO] [1788537586.110861095] [mhe_node]: [truth] m_hat=2.0514 m_true=2.0643 err=-0.62% | c_hat=[+0.0000,+0.0000] c_true=[+0.0000,+0.0000] | Jxx_hat=0.01420 Jxx_true=0.01420 Jyz_hat=+0.00000 Jyz_true=+0.00000 | s_hat=[-0.0031,-0.0002] s_true=[+0.0000,+0.0000] kg·m
[INFO] [1788537586.111384612] [mhe_node]: [tau_phys] roll=-0.011 pitch=+0.028 Nm
[INFO] [1788537586.111973663] [mhe_node]: [mass-diag] m_est=2.0514 T=20.362N tilt=9.77deg cos=0.98550 | T/g=2.0757 T*cos/g=2.0455 | m_est-T*cos/g=+0.0059kg (+0.29%) vz=-0.168
[INFO] [1788537586.112553737] [mhe_node]: [c_xy_est] cx=-0.0015 cy=-0.0001 m
[INFO] [1788537588.110510075] [mhe_node]: MHE mass estimate: 2.039 kg (T_phys=19.98N) | solve=8.8ms (max17.0)
[INFO] [1788537588.111048256] [mhe_node]: [truth] m_hat=2.0391 m_true=2.0643 err=-1.22% | c_hat=[+0.0000,+0.0000] c_true=[+0.0000,+0.0000] | Jxx_hat=0.01420 Jxx_true=0.01420 Jyz_hat=+0.00000 Jyz_true=+0.00000 | s_hat=[-0.0048,-0.0001] s_true=[+0.0000,+0.0000] kg·m
[INFO] [1788537588.111570070] [mhe_node]: [tau_phys] roll=+0.007 pitch=+0.051 Nm
[INFO] [1788537588.112159620] [mhe_node]: [mass-diag] m_est=2.0391 T=19.982N tilt=7.06deg cos=0.99242 | T/g=2.0370 T*cos/g=2.0215 | m_est-T*cos/g=+0.0176kg (+0.87%) vz=-0.216
[INFO] [1788537588.112749152] [mhe_node]: [c_xy_est] cx=-0.0023 cy=-0.0001 m
[INFO] [1788537590.110639330] [mhe_node]: MHE mass estimate: 2.043 kg (T_phys=20.28N) | solve=7.9ms (max12.4)
[INFO] [1788537590.111193407] [mhe_node]: [truth] m_hat=2.0431 m_true=2.0643 err=-1.03% | c_hat=[+0.0000,+0.0000] c_true=[+0.0000,+0.0000] | Jxx_hat=0.01420 Jxx_true=0.01420 Jyz_hat=+0.00000 Jyz_true=+0.00000 | s_hat=[-0.0059,+0.0009] s_true=[+0.0000,+0.0000] kg·m
[INFO] [1788537590.111709573] [mhe_node]: [tau_phys] roll=+0.010 pitch=+0.056 Nm
[INFO] [1788537590.112302740] [mhe_node]: [mass-diag] m_est=2.0431 T=20.280N tilt=3.94deg cos=0.99764 | T/g=2.0673 T*cos/g=2.0624 | m_est-T*cos/g=-0.0193kg (-0.94%) vz=-0.238
[INFO] [1788537590.112882458] [mhe_node]: [c_xy_est] cx=-0.0029 cy=+0.0004 m
[INFO] [1788537592.110363856] [mhe_node]: MHE mass estimate: 2.056 kg (T_phys=20.52N) | solve=9.2ms (max22.1)
[INFO] [1788537592.110910436] [mhe_node]: [truth] m_hat=2.0563 m_true=2.0643 err=-0.39% | c_hat=[+0.0000,+0.0000] c_true=[+0.0000,+0.0000] | Jxx_hat=0.01420 Jxx_true=0.01420 Jyz_hat=+0.00000 Jyz_true=+0.00000 | s_hat=[-0.0039,+0.0014] s_true=[+0.0000,+0.0000] kg·m
[INFO] [1788537592.111429670] [mhe_node]: [tau_phys] roll=+0.018 pitch=+0.031 Nm
[INFO] [1788537592.112013086] [mhe_node]: [mass-diag] m_est=2.0563 T=20.520N tilt=9.77deg cos=0.98551 | T/g=2.0918 T*cos/g=2.0615 | m_est-T*cos/g=-0.0052kg (-0.25%) vz=-0.130
[INFO] [1788537592.112593640] [mhe_node]: [c_xy_est] cx=-0.0019 cy=+0.0007 m
[INFO] [1788537594.110454672] [mhe_node]: MHE mass estimate: 2.046 kg (T_phys=20.33N) | solve=7.8ms (max14.4)
[INFO] [1788537594.111005760] [mhe_node]: [truth] m_hat=2.0459 m_true=2.0643 err=-0.89% | c_hat=[+0.0000,+0.0000] c_true=[+0.0000,+0.0000] | Jxx_hat=0.01420 Jxx_true=0.01420 Jyz_hat=+0.00000 Jyz_true=+0.00000 | s_hat=[-0.0030,+0.0018] s_true=[+0.0000,+0.0000] kg·m
[INFO] [1788537594.111528137] [mhe_node]: [tau_phys] roll=+0.008 pitch=+0.032 Nm
[INFO] [1788537594.112121969] [mhe_node]: [mass-diag] m_est=2.0459 T=20.327N tilt=6.09deg cos=0.99436 | T/g=2.0720 T*cos/g=2.0603 | m_est-T*cos/g=-0.0145kg (-0.70%) vz=-0.030
[INFO] [1788537594.112700649] [mhe_node]: [c_xy_est] cx=-0.0015 cy=+0.0009 m
[INFO] [1788537596.109353011] [mhe_node]: MHE mass estimate: 2.046 kg (T_phys=20.53N) | solve=6.9ms (max8.1)
[INFO] [1788537596.109905534] [mhe_node]: [truth] m_hat=2.0462 m_true=2.0643 err=-0.88% | c_hat=[+0.0000,+0.0000] c_true=[+0.0000,+0.0000] | Jxx_hat=0.01420 Jxx_true=0.01420 Jyz_hat=+0.00000 Jyz_true=+0.00000 | s_hat=[-0.0036,+0.0012] s_true=[+0.0000,+0.0000] kg·m
[INFO] [1788537596.110430969] [mhe_node]: [tau_phys] roll=+0.006 pitch=+0.035 Nm
[INFO] [1788537596.111019385] [mhe_node]: [mass-diag] m_est=2.0462 T=20.528N tilt=7.25deg cos=0.99201 | T/g=2.0926 T*cos/g=2.0759 | m_est-T*cos/g=-0.0296kg (-1.43%) vz=+0.096
[INFO] [1788537596.111605334] [mhe_node]: [c_xy_est] cx=-0.0018 cy=+0.0006 m
[INFO] [1788537598.108418173] [mhe_node]: MHE mass estimate: 2.044 kg (T_phys=20.28N) | solve=9.4ms (max19.1)
[INFO] [1788537598.108906007] [mhe_node]: [truth] m_hat=2.0440 m_true=2.0643 err=-0.98% | c_hat=[+0.0000,+0.0000] c_true=[+0.0000,+0.0000] | Jxx_hat=0.01420 Jxx_true=0.01420 Jyz_hat=+0.00000 Jyz_true=+0.00000 | s_hat=[-0.0032,+0.0020] s_true=[+0.0000,+0.0000] kg·m
[INFO] [1788537598.109278604] [mhe_node]: [tau_phys] roll=+0.022 pitch=+0.037 Nm
[INFO] [1788537598.109693178] [mhe_node]: [mass-diag] m_est=2.0440 T=20.283N tilt=9.84deg cos=0.98528 | T/g=2.0676 T*cos/g=2.0371 | m_est-T*cos/g=+0.0068kg (+0.34%) vz=+0.223
[INFO] [1788537598.110099255] [mhe_node]: [c_xy_est] cx=-0.0015 cy=+0.0009 m
[INFO] [1788537600.113984213] [mhe_node]: MHE mass estimate: 2.026 kg (T_phys=19.91N) | solve=6.9ms (max13.8)
[INFO] [1788537600.114537325] [mhe_node]: [truth] m_hat=2.0264 m_true=2.0643 err=-1.83% | c_hat=[+0.0000,+0.0000] c_true=[+0.0000,+0.0000] | Jxx_hat=0.01420 Jxx_true=0.01420 Jyz_hat=+0.00000 Jyz_true=+0.00000 | s_hat=[-0.0052,+0.0013] s_true=[+0.0000,+0.0000] kg·m
[INFO] [1788537600.115053502] [mhe_node]: [tau_phys] roll=+0.011 pitch=+0.050 Nm
[INFO] [1788537600.115648652] [mhe_node]: [mass-diag] m_est=2.0264 T=19.914N tilt=3.15deg cos=0.99849 | T/g=2.0300 T*cos/g=2.0269 | m_est-T*cos/g=-0.0005kg (-0.02%) vz=+0.213
[INFO] [1788537600.116227932] [mhe_node]: [c_xy_est] cx=-0.0025 cy=+0.0007 m
[ros2run]: Killed
