[INFO] [1785422432.291566913] [acados_nmpc_node]: acados NMPC node starting, building/loading solver...
Code reuse possible, skipping code generation.
acados was compiled without OpenMP.
[INFO] [1785422432.302027942] [acados_nmpc_node]: GRIPPER MODE: hover over box (1.0,0.1) z 0.55->2.5m, lift after 1.5s, empty m_est=2.06kg
[INFO] [1785422432.302456780] [acados_nmpc_node]: Warming up acados solver...
[INFO] [1785422432.308461697] [acados_nmpc_node]: Solver warmup complete, took 5.6 ms
[INFO] [1785422432.315504103] [acados_nmpc_node]: Decoupled publish enabled: solve @20Hz, body_rate/thrust @50Hz (trajectory interpolation)
[INFO] [1785422432.316008649] [acados_nmpc_node]: acados NMPC node initialized! Waiting for EKF2 convergence...
[INFO] [1785422442.316604508] [acados_nmpc_node]: Waiting for EKF2 convergence... 5/10 s
[INFO] [1785422447.316993356] [acados_nmpc_node]: Waiting for EKF2 convergence... 10/10 s
[INFO] [1785422447.417255932] [acados_nmpc_node]: Switching to OFFBOARD mode
[INFO] [1785422448.216471736] [acados_nmpc_node]: Sending arm command
[INFO] [1785422449.217213596] [acados_nmpc_node]: Armed, preparing to move to trajectory start...
[INFO] [1785422451.617484841] [acados_nmpc_node]: Gripper approach (climb): rising at spawn to z=1.50m | z=0.08m v=0.35m/s
[INFO] [1785422454.117576924] [acados_nmpc_node]: Gripper approach (climb): rising at spawn to z=1.50m | z=1.01m v=0.23m/s
[INFO] [1785422456.165504009] [acados_nmpc_node]: Gripper approach: climbed to safe altitude at spawn, now translating over box
[INFO] [1785422456.617905218] [acados_nmpc_node]: Gripper approach (high): aligning over box at z=1.50m | xy=0.975m z_err=0.141m v=0.28m/s
[INFO] [1785422458.418017412] [acados_nmpc_node]: Gripper approach: aligned above box, NMPC will take over here (z=1.50m), settle 3.0s then descend to z=0.55m to trigger attach
[INFO] [1785422458.465736129] [acados_nmpc_node]: Reached trajectory start, NMPC tracking begins!
[INFO] [1785422459.067526604] [acados_nmpc_node]: t=0.6s | pos_err=0.073m | T=20.10N | tau=[r-0.016 p0.028 y-0.017]Nm | res_stat=3.336e-07(peak 8.127e-07) sqp_iter=3 | solve=1.5ms
[INFO] [1785422461.465420976] [acados_nmpc_node]: t=3.0s | DESCEND: settle done, lowering 1.5->0.55m, will enable gripper at bottom
[INFO] [1785422464.067558580] [acados_nmpc_node]: t=5.6s | pos_err=0.053m | T=20.49N | tau=[r0.006 p0.002 y0.001]Nm | res_stat=2.494e-08(peak 9.794e-07) sqp_iter=3 | solve=1.5ms
[INFO] [1785422464.965457444] [acados_nmpc_node]: t=6.5s | DESCEND done at z=0.569m (target 0.550m, z_err=0.019m, v=0.05m/s), gripper ENABLED (attach will trigger now)
[INFO] [1785422464.974073004] [acados_nmpc_node]: attach offset received: box-drone = [+0.000, -0.111, -0.463] m
[INFO] [1785422465.018250516] [acados_nmpc_node]: PX4 MC_ROLLRATE_K: 1.000 -> 5.000 (inertia ratio 5.07, cap 5.0)
[INFO] [1785422465.018482805] [acados_nmpc_node]: PX4 MC_PITCHRATE_K: 1.000 -> 5.000 (inertia ratio 5.07, cap 5.0)
[INFO] [1785422465.018686035] [acados_nmpc_node]: t=6.6s | ATTACH (geom_source=online): dJ/gain init from prior m_p=0.30kg arm=0.47m (dJ=0.0579); c_xy+dJ refine online, attach truth eval-only
[INFO] [1785422465.020891536] [acados_nmpc_node]: [attach-window] t=6.55s pos_err=0.019m T=19.13N z=0.569 m_est=1.985
[INFO] [1785422465.067306053] [acados_nmpc_node]: [attach-window] t=6.60s pos_err=0.020m T=19.11N z=0.570 m_est=1.985
[INFO] [1785422465.120346175] [acados_nmpc_node]: [attach-window] t=6.65s pos_err=0.020m T=19.15N z=0.570 m_est=1.990
[INFO] [1785422465.167269918] [acados_nmpc_node]: [attach-window] t=6.70s pos_err=0.021m T=19.13N z=0.571 m_est=1.990
[INFO] [1785422465.220235328] [acados_nmpc_node]: [attach-window] t=6.75s pos_err=0.021m T=19.12N z=0.571 m_est=1.989
[INFO] [1785422465.267350160] [acados_nmpc_node]: [attach-window] t=6.80s pos_err=0.022m T=19.12N z=0.571 m_est=1.989
[INFO] [1785422465.320211195] [acados_nmpc_node]: [attach-window] t=6.85s pos_err=0.022m T=19.10N z=0.570 m_est=1.987
[INFO] [1785422465.367340050] [acados_nmpc_node]: [attach-window] t=6.90s pos_err=0.023m T=19.11N z=0.570 m_est=1.987
[INFO] [1785422465.420178844] [acados_nmpc_node]: [attach-window] t=6.95s pos_err=0.023m T=19.09N z=0.570 m_est=1.984
[INFO] [1785422465.467352526] [acados_nmpc_node]: [attach-window] t=7.00s pos_err=0.024m T=19.10N z=0.569 m_est=1.984
[INFO] [1785422465.520259942] [acados_nmpc_node]: [attach-window] t=7.05s pos_err=0.024m T=19.07N z=0.569 m_est=1.980
[INFO] [1785422465.566790635] [acados_nmpc_node]: [attach-window] t=7.10s pos_err=0.024m T=19.09N z=0.568 m_est=1.980
[INFO] [1785422465.618567770] [acados_nmpc_node]: [attach-window] t=7.15s pos_err=0.023m T=19.06N z=0.568 m_est=1.976
[INFO] [1785422465.666609795] [acados_nmpc_node]: [attach-window] t=7.20s pos_err=0.023m T=19.08N z=0.567 m_est=1.976
[INFO] [1785422465.718590779] [acados_nmpc_node]: [attach-window] t=7.25s pos_err=0.022m T=19.05N z=0.567 m_est=1.972
[INFO] [1785422465.766673930] [acados_nmpc_node]: [attach-window] t=7.30s pos_err=0.021m T=19.05N z=0.567 m_est=1.972
[INFO] [1785422465.818574365] [acados_nmpc_node]: [attach-window] t=7.35s pos_err=0.021m T=19.01N z=0.567 m_est=1.968
[INFO] [1785422465.867000609] [acados_nmpc_node]: [attach-window] t=7.40s pos_err=0.020m T=19.01N z=0.567 m_est=1.968
[INFO] [1785422465.918699734] [acados_nmpc_node]: [attach-window] t=7.45s pos_err=0.020m T=18.97N z=0.568 m_est=1.964
[INFO] [1785422465.967307681] [acados_nmpc_node]: [attach-window] t=7.50s pos_err=0.019m T=18.96N z=0.568 m_est=1.964
[INFO] [1785422466.020122489] [acados_nmpc_node]: [attach-window] t=7.55s pos_err=0.019m T=18.92N z=0.568 m_est=1.961
[INFO] [1785422466.067475578] [acados_nmpc_node]: [attach-window] t=7.60s pos_err=0.019m T=18.92N z=0.568 m_est=1.961
[INFO] [1785422466.120407109] [acados_nmpc_node]: [attach-window] t=7.65s pos_err=0.019m T=18.91N z=0.569 m_est=1.961
[INFO] [1785422466.167391576] [acados_nmpc_node]: [attach-window] t=7.70s pos_err=0.019m T=18.90N z=0.569 m_est=1.961
[INFO] [1785422466.220308030] [acados_nmpc_node]: [attach-window] t=7.75s pos_err=0.019m T=18.89N z=0.569 m_est=1.961
[INFO] [1785422466.267305047] [acados_nmpc_node]: [attach-window] t=7.80s pos_err=0.020m T=18.88N z=0.570 m_est=1.961
[INFO] [1785422466.320286034] [acados_nmpc_node]: [attach-window] t=7.85s pos_err=0.020m T=18.88N z=0.570 m_est=1.961
[INFO] [1785422466.367266054] [acados_nmpc_node]: [attach-window] t=7.90s pos_err=0.021m T=18.87N z=0.570 m_est=1.961
[INFO] [1785422466.420163628] [acados_nmpc_node]: [attach-window] t=7.95s pos_err=0.021m T=18.86N z=0.571 m_est=1.961
[INFO] [1785422466.467186663] [acados_nmpc_node]: [attach-window] t=8.00s pos_err=0.021m T=18.85N z=0.571 m_est=1.961
[INFO] [1785422466.518394710] [acados_nmpc_node]: t=8.1s | LIFT: raising hover 0.55->2.5m to lift payload
[INFO] [1785422466.520332273] [acados_nmpc_node]: [attach-window] t=8.05s pos_err=0.021m T=18.85N z=0.571 m_est=1.961
[INFO] [1785422466.567102587] [acados_nmpc_node]: [attach-window] t=8.10s pos_err=0.021m T=18.85N z=0.571 m_est=1.961
[INFO] [1785422466.620216708] [acados_nmpc_node]: [attach-window] t=8.15s pos_err=0.021m T=18.85N z=0.571 m_est=1.961
[INFO] [1785422466.667354412] [acados_nmpc_node]: [attach-window] t=8.20s pos_err=0.019m T=18.88N z=0.571 m_est=1.961
[INFO] [1785422466.718641582] [acados_nmpc_node]: [attach-window] t=8.25s pos_err=0.016m T=18.94N z=0.571 m_est=1.961
[INFO] [1785422466.766929229] [acados_nmpc_node]: [attach-window] t=8.30s pos_err=0.012m T=19.04N z=0.570 m_est=1.961
[INFO] [1785422466.819131710] [acados_nmpc_node]: [attach-window] t=8.35s pos_err=0.006m T=19.18N z=0.570 m_est=1.961
[INFO] [1785422466.866667331] [acados_nmpc_node]: [attach-window] t=8.40s pos_err=0.009m T=19.37N z=0.568 m_est=1.961
[INFO] [1785422466.918586232] [acados_nmpc_node]: [attach-window] t=8.45s pos_err=0.021m T=19.61N z=0.568 m_est=1.961
[INFO] [1785422466.966827647] [acados_nmpc_node]: [attach-window] t=8.50s pos_err=0.036m T=19.89N z=0.566 m_est=1.961
[INFO] [1785422467.020308657] [acados_nmpc_node]: [attach-window] t=8.55s pos_err=0.054m T=20.25N z=0.566 m_est=1.961
[INFO] [1785422467.067442819] [acados_nmpc_node]: [attach-window] t=8.60s pos_err=0.074m T=20.63N z=0.565 m_est=1.961
[INFO] [1785422467.120615927] [acados_nmpc_node]: [attach-window] t=8.65s pos_err=0.100m T=21.10N z=0.564 m_est=1.961
[INFO] [1785422467.167515358] [acados_nmpc_node]: [attach-window] t=8.70s pos_err=0.126m T=21.59N z=0.562 m_est=1.961
[INFO] [1785422467.220600110] [acados_nmpc_node]: [attach-window] t=8.75s pos_err=0.158m T=22.19N z=0.562 m_est=1.961
[INFO] [1785422467.267478526] [acados_nmpc_node]: [attach-window] t=8.80s pos_err=0.189m T=22.79N z=0.561 m_est=1.961
[INFO] [1785422467.320585216] [acados_nmpc_node]: [attach-window] t=8.85s pos_err=0.228m T=23.50N z=0.561 m_est=1.961
[INFO] [1785422467.367540624] [acados_nmpc_node]: [attach-window] t=8.90s pos_err=0.264m T=24.19N z=0.560 m_est=1.961
[INFO] [1785422467.420722575] [acados_nmpc_node]: [attach-window] t=8.95s pos_err=0.309m T=25.01N z=0.560 m_est=1.961
[INFO] [1785422467.467467115] [acados_nmpc_node]: [attach-window] t=9.00s pos_err=0.350m T=25.56N z=0.560 m_est=1.961
[INFO] [1785422467.520657018] [acados_nmpc_node]: [attach-window] t=9.05s pos_err=0.399m T=26.77N z=0.561 m_est=2.006
[INFO] [1785422467.567548705] [acados_nmpc_node]: [attach-window] t=9.10s pos_err=0.440m T=26.85N z=0.565 m_est=2.006
[INFO] [1785422467.620770964] [acados_nmpc_node]: [attach-window] t=9.15s pos_err=0.491m T=28.74N z=0.569 m_est=2.134
[INFO] [1785422467.667597174] [acados_nmpc_node]: [attach-window] t=9.20s pos_err=0.529m T=28.39N z=0.582 m_est=2.134
[INFO] [1785422467.720670950] [acados_nmpc_node]: [attach-window] t=9.25s pos_err=0.578m T=29.76N z=0.591 m_est=2.246
[INFO] [1785422467.767482669] [acados_nmpc_node]: [attach-window] t=9.30s pos_err=0.602m T=28.49N z=0.621 m_est=2.246
[INFO] [1785422467.820789868] [acados_nmpc_node]: [attach-window] t=9.35s pos_err=0.646m T=29.12N z=0.638 m_est=2.312
[INFO] [1785422467.867655487] [acados_nmpc_node]: [attach-window] t=9.40s pos_err=0.659m T=27.77N z=0.681 m_est=2.312
[INFO] [1785422467.918963940] [acados_nmpc_node]: [attach-window] t=9.45s pos_err=0.696m T=27.81N z=0.706 m_est=2.327
[INFO] [1785422467.966875856] [acados_nmpc_node]: [attach-window] t=9.50s pos_err=0.689m T=26.13N z=0.772 m_est=2.327
[INFO] [1785422468.018836035] [acados_nmpc_node]: [attach-window] t=9.55s pos_err=0.720m T=26.13N z=0.804 m_est=2.330
[INFO] [1785422468.067511545] [acados_nmpc_node]: [attach-window] t=9.60s pos_err=0.709m T=25.00N z=0.873 m_est=2.330
[INFO] [1785422468.120799535] [acados_nmpc_node]: [attach-window] t=9.65s pos_err=0.737m T=25.02N z=0.910 m_est=2.314
[INFO] [1785422468.167365865] [acados_nmpc_node]: [attach-window] t=9.70s pos_err=0.708m T=23.84N z=0.995 m_est=2.314
[INFO] [1785422468.220606038] [acados_nmpc_node]: [attach-window] t=9.75s pos_err=0.732m T=24.03N z=1.034 m_est=2.305
[INFO] [1785422468.267395021] [acados_nmpc_node]: [attach-window] t=9.80s pos_err=0.708m T=23.35N z=1.113 m_est=2.305
[INFO] [1785422468.320508255] [acados_nmpc_node]: [attach-window] t=9.85s pos_err=0.729m T=23.58N z=1.152 m_est=2.293
[INFO] [1785422468.367309964] [acados_nmpc_node]: [attach-window] t=9.90s pos_err=0.693m T=22.83N z=1.241 m_est=2.293
[INFO] [1785422468.420426487] [acados_nmpc_node]: [attach-window] t=9.95s pos_err=0.710m T=23.15N z=1.280 m_est=2.290
[INFO] [1785422468.467423855] [acados_nmpc_node]: [attach-window] t=10.00s pos_err=0.681m T=22.71N z=1.357 m_est=2.290
[INFO] [1785422468.520587118] [acados_nmpc_node]: [attach-window] t=10.05s pos_err=0.686m T=22.84N z=1.405 m_est=2.285
[INFO] [1785422468.567267220] [acados_nmpc_node]: [attach-window] t=10.10s pos_err=0.655m T=22.43N z=1.480 m_est=2.285
[INFO] [1785422468.620576200] [acados_nmpc_node]: [attach-window] t=10.15s pos_err=0.666m T=22.72N z=1.517 m_est=2.282
[INFO] [1785422468.667540867] [acados_nmpc_node]: [attach-window] t=10.20s pos_err=0.633m T=22.34N z=1.589 m_est=2.282
[INFO] [1785422468.720519504] [acados_nmpc_node]: [attach-window] t=10.25s pos_err=0.639m T=22.60N z=1.624 m_est=2.284
[INFO] [1785422468.767421533] [acados_nmpc_node]: [attach-window] t=10.30s pos_err=0.595m T=22.08N z=1.701 m_est=2.284
[INFO] [1785422468.820512170] [acados_nmpc_node]: [attach-window] t=10.35s pos_err=0.597m T=22.29N z=1.735 m_est=2.287
[INFO] [1785422468.867409732] [acados_nmpc_node]: [attach-window] t=10.40s pos_err=0.559m T=21.93N z=1.800 m_est=2.287
[INFO] [1785422468.920467070] [acados_nmpc_node]: [attach-window] t=10.45s pos_err=0.556m T=22.06N z=1.831 m_est=2.290
[INFO] [1785422468.967221379] [acados_nmpc_node]: [attach-window] t=10.50s pos_err=0.509m T=21.63N z=1.900 m_est=2.290
[INFO] [1785422469.018810225] [acados_nmpc_node]: [attach-window] t=10.55s pos_err=0.501m T=21.72N z=1.929 m_est=2.293
[INFO] [1785422469.067273701] [acados_nmpc_node]: [attach-window] t=10.60s pos_err=0.461m T=21.44N z=1.986 m_est=2.293
[INFO] [1785422469.067766613] [acados_nmpc_node]: t=10.6s | pos_err=0.461m | T=21.44N | tau=[r-0.216 p-0.020 y0.004]Nm | res_stat=6.740e-07(peak 9.794e-07) sqp_iter=3 | solve=1.5ms
[INFO] [1785422469.120608792] [acados_nmpc_node]: [attach-window] t=10.65s pos_err=0.450m T=21.50N z=2.013 m_est=2.295
[INFO] [1785422469.167238518] [acados_nmpc_node]: [attach-window] t=10.70s pos_err=0.403m T=21.21N z=2.071 m_est=2.295
[INFO] [1785422469.220509033] [acados_nmpc_node]: [attach-window] t=10.75s pos_err=0.388m T=21.24N z=2.096 m_est=2.299
[INFO] [1785422469.267286176] [acados_nmpc_node]: [attach-window] t=10.80s pos_err=0.348m T=21.08N z=2.142 m_est=2.299
[INFO] [1785422469.320506420] [acados_nmpc_node]: [attach-window] t=10.85s pos_err=0.331m T=21.10N z=2.164 m_est=2.301
[INFO] [1785422469.367293947] [acados_nmpc_node]: [attach-window] t=10.90s pos_err=0.289m T=21.02N z=2.209 m_est=2.301
[INFO] [1785422469.420419031] [acados_nmpc_node]: [attach-window] t=10.95s pos_err=0.272m T=21.02N z=2.228 m_est=2.301
[INFO] [1785422469.467312324] [acados_nmpc_node]: [attach-window] t=11.00s pos_err=0.238m T=21.05N z=2.262 m_est=2.301
[INFO] [1785422469.520591326] [acados_nmpc_node]: [attach-window] t=11.05s pos_err=0.223m T=21.10N z=2.277 m_est=2.302
[INFO] [1785422469.567329093] [acados_nmpc_node]: [attach-window] t=11.10s pos_err=0.192m T=21.25N z=2.308 m_est=2.302
[INFO] [1785422469.620591878] [acados_nmpc_node]: [attach-window] t=11.15s pos_err=0.180m T=21.37N z=2.321 m_est=2.306
[INFO] [1785422469.667405868] [acados_nmpc_node]: [attach-window] t=11.20s pos_err=0.158m T=21.56N z=2.342 m_est=2.306
[INFO] [1785422469.720584296] [acados_nmpc_node]: [attach-window] t=11.25s pos_err=0.149m T=21.70N z=2.351 m_est=2.311
[INFO] [1785422469.767273046] [acados_nmpc_node]: [attach-window] t=11.30s pos_err=0.130m T=21.91N z=2.370 m_est=2.311
[INFO] [1785422469.820551938] [acados_nmpc_node]: [attach-window] t=11.35s pos_err=0.123m T=22.05N z=2.377 m_est=2.317
[INFO] [1785422469.867400229] [acados_nmpc_node]: [attach-window] t=11.40s pos_err=0.108m T=22.21N z=2.392 m_est=2.317
[INFO] [1785422469.920601571] [acados_nmpc_node]: [attach-window] t=11.45s pos_err=0.102m T=22.33N z=2.398 m_est=2.323
[INFO] [1785422469.967367181] [acados_nmpc_node]: [attach-window] t=11.50s pos_err=0.092m T=22.42N z=2.408 m_est=2.323
[INFO] [1785422470.020500929] [acados_nmpc_node]: [attach-window] t=11.55s pos_err=0.087m T=22.52N z=2.413 m_est=2.330
[INFO] [1785422470.067552681] [acados_nmpc_node]: [attach-window] t=11.60s pos_err=0.078m T=22.58N z=2.423 m_est=2.330
[INFO] [1785422470.120655507] [acados_nmpc_node]: [attach-window] t=11.65s pos_err=0.075m T=22.66N z=2.426 m_est=2.335
[INFO] [1785422470.167297953] [acados_nmpc_node]: [attach-window] t=11.70s pos_err=0.068m T=22.69N z=2.435 m_est=2.335
[INFO] [1785422470.220647367] [acados_nmpc_node]: [attach-window] t=11.75s pos_err=0.065m T=22.75N z=2.438 m_est=2.340
[INFO] [1785422470.267166166] [acados_nmpc_node]: [attach-window] t=11.80s pos_err=0.058m T=22.76N z=2.445 m_est=2.340
[INFO] [1785422470.320774532] [acados_nmpc_node]: [attach-window] t=11.85s pos_err=0.055m T=22.80N z=2.448 m_est=2.344
[INFO] [1785422470.367294885] [acados_nmpc_node]: [attach-window] t=11.90s pos_err=0.050m T=22.80N z=2.454 m_est=2.344
[INFO] [1785422470.420339327] [acados_nmpc_node]: [attach-window] t=11.95s pos_err=0.048m T=22.84N z=2.457 m_est=2.347
[INFO] [1785422470.466951204] [acados_nmpc_node]: [attach-window] t=12.00s pos_err=0.043m T=22.84N z=2.462 m_est=2.347
[INFO] [1785422470.520476022] [acados_nmpc_node]: [attach-window] t=12.05s pos_err=0.041m T=22.88N z=2.464 m_est=2.350
[INFO] [1785422470.567112474] [acados_nmpc_node]: [attach-window] t=12.10s pos_err=0.037m T=22.89N z=2.468 m_est=2.350
[INFO] [1785422470.620460542] [acados_nmpc_node]: [attach-window] t=12.15s pos_err=0.035m T=22.93N z=2.470 m_est=2.353
[INFO] [1785422470.667178826] [acados_nmpc_node]: [attach-window] t=12.20s pos_err=0.032m T=22.95N z=2.473 m_est=2.353
[INFO] [1785422470.720288116] [acados_nmpc_node]: [attach-window] t=12.25s pos_err=0.031m T=22.98N z=2.474 m_est=2.355
[INFO] [1785422470.767244730] [acados_nmpc_node]: [attach-window] t=12.30s pos_err=0.028m T=23.01N z=2.476 m_est=2.355
[INFO] [1785422470.820480865] [acados_nmpc_node]: [attach-window] t=12.35s pos_err=0.027m T=23.04N z=2.477 m_est=2.357
[INFO] [1785422470.867061543] [acados_nmpc_node]: [attach-window] t=12.40s pos_err=0.025m T=23.04N z=2.478 m_est=2.357
[INFO] [1785422470.920321651] [acados_nmpc_node]: [attach-window] t=12.45s pos_err=0.024m T=23.06N z=2.479 m_est=2.358
[INFO] [1785422470.967169782] [acados_nmpc_node]: [attach-window] t=12.50s pos_err=0.022m T=23.06N z=2.481 m_est=2.358
[INFO] [1785422471.020421501] [acados_nmpc_node]: [attach-window] t=12.55s pos_err=0.021m T=23.07N z=2.481 m_est=2.360
[INFO] [1785422471.067062810] [acados_nmpc_node]: [attach-window] t=12.60s pos_err=0.019m T=23.06N z=2.483 m_est=2.360
[INFO] [1785422471.120359470] [acados_nmpc_node]: [attach-window] t=12.65s pos_err=0.019m T=23.07N z=2.483 m_est=2.360
[INFO] [1785422471.166548897] [acados_nmpc_node]: [attach-window] t=12.70s pos_err=0.018m T=23.08N z=2.484 m_est=2.360
[INFO] [1785422471.218647756] [acados_nmpc_node]: [attach-window] t=12.75s pos_err=0.017m T=23.08N z=2.485 m_est=2.361
[INFO] [1785422471.266587212] [acados_nmpc_node]: [attach-window] t=12.80s pos_err=0.016m T=23.08N z=2.486 m_est=2.361
[INFO] [1785422471.318584406] [acados_nmpc_node]: [attach-window] t=12.85s pos_err=0.015m T=23.08N z=2.486 m_est=2.361
[INFO] [1785422471.366678820] [acados_nmpc_node]: [attach-window] t=12.90s pos_err=0.014m T=23.07N z=2.488 m_est=2.361
[INFO] [1785422471.419000883] [acados_nmpc_node]: [attach-window] t=12.95s pos_err=0.013m T=23.07N z=2.488 m_est=2.361
[INFO] [1785422471.466697490] [acados_nmpc_node]: [attach-window] t=13.00s pos_err=0.012m T=23.07N z=2.489 m_est=2.361
[INFO] [1785422471.520312677] [acados_nmpc_node]: [attach-window] t=13.05s pos_err=0.012m T=23.08N z=2.489 m_est=2.361
[INFO] [1785422471.567014040] [acados_nmpc_node]: [attach-window] t=13.10s pos_err=0.011m T=23.08N z=2.489 m_est=2.361
[INFO] [1785422471.620352047] [acados_nmpc_node]: [attach-window] t=13.15s pos_err=0.011m T=23.08N z=2.490 m_est=2.361
[INFO] [1785422471.667025967] [acados_nmpc_node]: [attach-window] t=13.20s pos_err=0.011m T=23.08N z=2.490 m_est=2.361
[INFO] [1785422471.720426727] [acados_nmpc_node]: [attach-window] t=13.25s pos_err=0.010m T=23.07N z=2.491 m_est=2.361
[INFO] [1785422471.767032222] [acados_nmpc_node]: [attach-window] t=13.30s pos_err=0.009m T=23.06N z=2.492 m_est=2.361
[INFO] [1785422471.820789059] [acados_nmpc_node]: [attach-window] t=13.35s pos_err=0.009m T=23.06N z=2.493 m_est=2.360
[INFO] [1785422471.867169567] [acados_nmpc_node]: [attach-window] t=13.40s pos_err=0.008m T=23.06N z=2.493 m_est=2.360
[INFO] [1785422471.918893985] [acados_nmpc_node]: [attach-window] t=13.45s pos_err=0.008m T=23.07N z=2.494 m_est=2.360
[INFO] [1785422471.966644444] [acados_nmpc_node]: [attach-window] t=13.50s pos_err=0.007m T=23.07N z=2.495 m_est=2.360
[INFO] [1785422472.018888453] [acados_nmpc_node]: [attach-window] t=13.55s pos_err=0.007m T=23.07N z=2.495 m_est=2.360
[INFO] [1785422472.066525864] [acados_nmpc_node]: [attach-window] t=13.60s pos_err=0.006m T=23.07N z=2.496 m_est=2.360
[INFO] [1785422472.118959870] [acados_nmpc_node]: [attach-window] t=13.65s pos_err=0.005m T=23.07N z=2.496 m_est=2.360
[INFO] [1785422472.166708912] [acados_nmpc_node]: [attach-window] t=13.70s pos_err=0.004m T=23.08N z=2.497 m_est=2.360
[INFO] [1785422472.218757809] [acados_nmpc_node]: [attach-window] t=13.75s pos_err=0.004m T=23.09N z=2.497 m_est=2.360
[INFO] [1785422472.266999714] [acados_nmpc_node]: [attach-window] t=13.80s pos_err=0.003m T=23.10N z=2.497 m_est=2.360
[INFO] [1785422472.320636457] [acados_nmpc_node]: [attach-window] t=13.85s pos_err=0.003m T=23.10N z=2.497 m_est=2.360
[INFO] [1785422472.367138926] [acados_nmpc_node]: [attach-window] t=13.90s pos_err=0.004m T=23.10N z=2.497 m_est=2.360
[INFO] [1785422472.420480211] [acados_nmpc_node]: [attach-window] t=13.95s pos_err=0.004m T=23.10N z=2.498 m_est=2.360
[INFO] [1785422472.467014085] [acados_nmpc_node]: [attach-window] t=14.00s pos_err=0.004m T=23.09N z=2.498 m_est=2.360
[INFO] [1785422472.520393248] [acados_nmpc_node]: [attach-window] t=14.05s pos_err=0.005m T=23.08N z=2.499 m_est=2.360
[INFO] [1785422472.567035666] [acados_nmpc_node]: [attach-window] t=14.10s pos_err=0.005m T=23.07N z=2.499 m_est=2.360
[INFO] [1785422472.620690481] [acados_nmpc_node]: [attach-window] t=14.15s pos_err=0.006m T=23.07N z=2.500 m_est=2.360
[INFO] [1785422472.667171607] [acados_nmpc_node]: [attach-window] t=14.20s pos_err=0.007m T=23.07N z=2.500 m_est=2.360
[INFO] [1785422472.720751362] [acados_nmpc_node]: [attach-window] t=14.25s pos_err=0.008m T=23.07N z=2.501 m_est=2.360
[INFO] [1785422472.767216939] [acados_nmpc_node]: [attach-window] t=14.30s pos_err=0.010m T=23.06N z=2.501 m_est=2.360
[INFO] [1785422472.820786051] [acados_nmpc_node]: [attach-window] t=14.35s pos_err=0.011m T=23.05N z=2.502 m_est=2.359
[INFO] [1785422472.867518023] [acados_nmpc_node]: [attach-window] t=14.40s pos_err=0.013m T=23.05N z=2.503 m_est=2.359
[INFO] [1785422472.921050126] [acados_nmpc_node]: [attach-window] t=14.45s pos_err=0.014m T=23.04N z=2.503 m_est=2.359
[INFO] [1785422472.966539763] [acados_nmpc_node]: [attach-window] t=14.50s pos_err=0.017m T=23.04N z=2.504 m_est=2.359
[INFO] [1785422473.018935964] [acados_nmpc_node]: [attach-window] t=14.55s pos_err=0.018m T=23.04N z=2.505 m_est=2.359
[INFO] [1785422473.066850779] [acados_nmpc_node]: [attach-window] t=14.60s pos_err=0.019m T=23.04N z=2.506 m_est=2.359
[INFO] [1785422473.118777192] [acados_nmpc_node]: [attach-window] t=14.65s pos_err=0.020m T=23.04N z=2.506 m_est=2.359
[INFO] [1785422473.166736099] [acados_nmpc_node]: [attach-window] t=14.70s pos_err=0.021m T=23.05N z=2.506 m_est=2.359
[INFO] [1785422473.220617226] [acados_nmpc_node]: [attach-window] t=14.75s pos_err=0.022m T=23.06N z=2.506 m_est=2.359
[INFO] [1785422473.267124003] [acados_nmpc_node]: [attach-window] t=14.80s pos_err=0.022m T=23.08N z=2.506 m_est=2.359
[INFO] [1785422473.320562248] [acados_nmpc_node]: [attach-window] t=14.85s pos_err=0.023m T=23.08N z=2.506 m_est=2.359
[INFO] [1785422473.367421353] [acados_nmpc_node]: [attach-window] t=14.90s pos_err=0.023m T=23.09N z=2.506 m_est=2.359
[INFO] [1785422473.420635898] [acados_nmpc_node]: [attach-window] t=14.95s pos_err=0.023m T=23.09N z=2.506 m_est=2.359
[INFO] [1785422473.467103549] [acados_nmpc_node]: [attach-window] t=15.00s pos_err=0.024m T=23.10N z=2.506 m_est=2.359
[INFO] [1785422473.520569572] [acados_nmpc_node]: [attach-window] t=15.05s pos_err=0.024m T=23.10N z=2.506 m_est=2.359
[INFO] [1785422473.567112076] [acados_nmpc_node]: [attach-window] t=15.10s pos_err=0.024m T=23.10N z=2.506 m_est=2.359
[INFO] [1785422473.620589096] [acados_nmpc_node]: [attach-window] t=15.15s pos_err=0.024m T=23.10N z=2.506 m_est=2.359
[INFO] [1785422473.667174558] [acados_nmpc_node]: [attach-window] t=15.20s pos_err=0.024m T=23.10N z=2.506 m_est=2.359
[INFO] [1785422473.720586341] [acados_nmpc_node]: [attach-window] t=15.25s pos_err=0.024m T=23.10N z=2.506 m_est=2.359
[INFO] [1785422473.767088069] [acados_nmpc_node]: [attach-window] t=15.30s pos_err=0.023m T=23.10N z=2.506 m_est=2.359
[INFO] [1785422473.818957258] [acados_nmpc_node]: [attach-window] t=15.35s pos_err=0.023m T=23.11N z=2.506 m_est=2.359
[INFO] [1785422473.867047438] [acados_nmpc_node]: [attach-window] t=15.40s pos_err=0.022m T=23.12N z=2.506 m_est=2.359
[INFO] [1785422473.920594552] [acados_nmpc_node]: [attach-window] t=15.45s pos_err=0.022m T=23.12N z=2.506 m_est=2.359
[INFO] [1785422473.967093915] [acados_nmpc_node]: [attach-window] t=15.50s pos_err=0.022m T=23.13N z=2.505 m_est=2.359
[INFO] [1785422474.021478227] [acados_nmpc_node]: [attach-window] t=15.55s pos_err=0.021m T=23.14N z=2.505 m_est=2.359
[INFO] [1785422474.067293768] [acados_nmpc_node]: [attach-window] t=15.60s pos_err=0.021m T=23.15N z=2.504 m_est=2.359
[INFO] [1785422474.067776608] [acados_nmpc_node]: t=15.6s | pos_err=0.021m | T=23.15N | tau=[r-0.306 p0.025 y-0.002]Nm | res_stat=3.492e-07(peak 9.823e-07) sqp_iter=2 | solve=1.3ms
[INFO] [1785422474.120853557] [acados_nmpc_node]: [attach-window] t=15.65s pos_err=0.021m T=23.16N z=2.504 m_est=2.359
[INFO] [1785422474.167202730] [acados_nmpc_node]: [attach-window] t=15.70s pos_err=0.022m T=23.16N z=2.503 m_est=2.359
[INFO] [1785422474.220612235] [acados_nmpc_node]: [attach-window] t=15.75s pos_err=0.022m T=23.16N z=2.503 m_est=2.360
[INFO] [1785422474.267130993] [acados_nmpc_node]: [attach-window] t=15.80s pos_err=0.022m T=23.16N z=2.502 m_est=2.360
[INFO] [1785422474.320690296] [acados_nmpc_node]: [attach-window] t=15.85s pos_err=0.022m T=23.16N z=2.502 m_est=2.360
[INFO] [1785422474.367040283] [acados_nmpc_node]: [attach-window] t=15.90s pos_err=0.022m T=23.15N z=2.502 m_est=2.360
[INFO] [1785422474.420997686] [acados_nmpc_node]: [attach-window] t=15.95s pos_err=0.022m T=23.15N z=2.502 m_est=2.360
[INFO] [1785422474.466714839] [acados_nmpc_node]: [attach-window] t=16.00s pos_err=0.022m T=23.14N z=2.502 m_est=2.360
[INFO] [1785422474.520808277] [acados_nmpc_node]: [attach-window] t=16.05s pos_err=0.021m T=23.14N z=2.501 m_est=2.360
[INFO] [1785422474.567031143] [acados_nmpc_node]: [attach-window] t=16.10s pos_err=0.021m T=23.14N z=2.501 m_est=2.360
[INFO] [1785422474.620693923] [acados_nmpc_node]: [attach-window] t=16.15s pos_err=0.020m T=23.14N z=2.501 m_est=2.361
[INFO] [1785422474.667029777] [acados_nmpc_node]: [attach-window] t=16.20s pos_err=0.019m T=23.14N z=2.501 m_est=2.361
[INFO] [1785422474.720706112] [acados_nmpc_node]: [attach-window] t=16.25s pos_err=0.018m T=23.14N z=2.500 m_est=2.361
[INFO] [1785422474.767189410] [acados_nmpc_node]: [attach-window] t=16.30s pos_err=0.016m T=23.14N z=2.500 m_est=2.361
[INFO] [1785422474.820877872] [acados_nmpc_node]: [attach-window] t=16.35s pos_err=0.015m T=23.14N z=2.500 m_est=2.361
[INFO] [1785422474.867274611] [acados_nmpc_node]: [attach-window] t=16.40s pos_err=0.013m T=23.14N z=2.500 m_est=2.361
[INFO] [1785422474.920768671] [acados_nmpc_node]: [attach-window] t=16.45s pos_err=0.012m T=23.14N z=2.500 m_est=2.361
[INFO] [1785422474.967104895] [acados_nmpc_node]: [attach-window] t=16.50s pos_err=0.009m T=23.14N z=2.500 m_est=2.361
[INFO] [1785422475.020665270] [acados_nmpc_node]: [attach-window] t=16.55s pos_err=0.008m T=23.14N z=2.500 m_est=2.361
[INFO] [1785422475.067066436] [acados_nmpc_node]: [attach-window] t=16.60s pos_err=0.005m T=23.14N z=2.499 m_est=2.361
[INFO] [1785422475.120897994] [acados_nmpc_node]: [attach-window] t=16.65s pos_err=0.004m T=23.14N z=2.499 m_est=2.361
[INFO] [1785422475.167085966] [acados_nmpc_node]: [attach-window] t=16.70s pos_err=0.003m T=23.14N z=2.499 m_est=2.361
[INFO] [1785422475.220939402] [acados_nmpc_node]: [attach-window] t=16.75s pos_err=0.003m T=23.15N z=2.499 m_est=2.361
[INFO] [1785422475.267247313] [acados_nmpc_node]: [attach-window] t=16.80s pos_err=0.004m T=23.15N z=2.499 m_est=2.361
[INFO] [1785422475.321009919] [acados_nmpc_node]: [attach-window] t=16.85s pos_err=0.005m T=23.14N z=2.499 m_est=2.361
[INFO] [1785422475.367278729] [acados_nmpc_node]: [attach-window] t=16.90s pos_err=0.007m T=23.13N z=2.499 m_est=2.361
[INFO] [1785422475.420800165] [acados_nmpc_node]: [attach-window] t=16.95s pos_err=0.008m T=23.12N z=2.499 m_est=2.361
[INFO] [1785422475.467245951] [acados_nmpc_node]: [attach-window] t=17.00s pos_err=0.010m T=23.11N z=2.499 m_est=2.361
[INFO] [1785422475.520896417] [acados_nmpc_node]: [attach-window] t=17.05s pos_err=0.011m T=23.10N z=2.500 m_est=2.361
[INFO] [1785422475.567475263] [acados_nmpc_node]: [attach-window] t=17.10s pos_err=0.013m T=23.09N z=2.500 m_est=2.361
[INFO] [1785422475.620975645] [acados_nmpc_node]: [attach-window] t=17.15s pos_err=0.014m T=23.08N z=2.501 m_est=2.361
[INFO] [1785422475.667226694] [acados_nmpc_node]: [attach-window] t=17.20s pos_err=0.015m T=23.09N z=2.501 m_est=2.361
[INFO] [1785422475.719056936] [acados_nmpc_node]: [attach-window] t=17.25s pos_err=0.016m T=23.08N z=2.501 m_est=2.361
[INFO] [1785422475.766834100] [acados_nmpc_node]: [attach-window] t=17.30s pos_err=0.018m T=23.08N z=2.502 m_est=2.361
[INFO] [1785422475.819075796] [acados_nmpc_node]: [attach-window] t=17.35s pos_err=0.019m T=23.07N z=2.502 m_est=2.361
[INFO] [1785422475.866564618] [acados_nmpc_node]: [attach-window] t=17.40s pos_err=0.020m T=23.06N z=2.503 m_est=2.361
[INFO] [1785422475.918785224] [acados_nmpc_node]: [attach-window] t=17.45s pos_err=0.021m T=23.05N z=2.504 m_est=2.361
[INFO] [1785422475.966656480] [acados_nmpc_node]: [attach-window] t=17.50s pos_err=0.022m T=23.04N z=2.505 m_est=2.361
[INFO] [1785422476.019011435] [acados_nmpc_node]: [attach-window] t=17.55s pos_err=0.023m T=23.03N z=2.506 m_est=2.360
[INFO] [1785422476.066432532] [acados_nmpc_node]: [attach-window] t=17.60s pos_err=0.023m T=23.03N z=2.506 m_est=2.360
[INFO] [1785422476.120883859] [acados_nmpc_node]: [attach-window] t=17.65s pos_err=0.023m T=23.04N z=2.507 m_est=2.360
[INFO] [1785422476.167154132] [acados_nmpc_node]: [attach-window] t=17.70s pos_err=0.022m T=23.05N z=2.507 m_est=2.360
[INFO] [1785422476.220859928] [acados_nmpc_node]: [attach-window] t=17.75s pos_err=0.021m T=23.06N z=2.507 m_est=2.360
[INFO] [1785422476.267032258] [acados_nmpc_node]: [attach-window] t=17.80s pos_err=0.020m T=23.08N z=2.507 m_est=2.360
[INFO] [1785422476.320910389] [acados_nmpc_node]: [attach-window] t=17.85s pos_err=0.019m T=23.09N z=2.507 m_est=2.360
[INFO] [1785422476.367204435] [acados_nmpc_node]: [attach-window] t=17.90s pos_err=0.017m T=23.12N z=2.506 m_est=2.360
[INFO] [1785422476.420831221] [acados_nmpc_node]: [attach-window] t=17.95s pos_err=0.016m T=23.12N z=2.506 m_est=2.359
[INFO] [1785422476.467085687] [acados_nmpc_node]: [attach-window] t=18.00s pos_err=0.014m T=23.14N z=2.505 m_est=2.359
[INFO] [1785422476.520691916] [acados_nmpc_node]: [attach-window] t=18.05s pos_err=0.013m T=23.15N z=2.505 m_est=2.359
[INFO] [1785422476.566704277] [acados_nmpc_node]: [attach-window] t=18.10s pos_err=0.011m T=23.17N z=2.503 m_est=2.359
[INFO] [1785422476.620754536] [acados_nmpc_node]: [attach-window] t=18.15s pos_err=0.009m T=23.19N z=2.502 m_est=2.359
[INFO] [1785422476.667150045] [acados_nmpc_node]: [attach-window] t=18.20s pos_err=0.007m T=23.21N z=2.500 m_est=2.359
[INFO] [1785422476.720823489] [acados_nmpc_node]: [attach-window] t=18.25s pos_err=0.006m T=23.22N z=2.499 m_est=2.360
[INFO] [1785422476.767295574] [acados_nmpc_node]: [attach-window] t=18.30s pos_err=0.006m T=23.23N z=2.498 m_est=2.360
[INFO] [1785422476.821147427] [acados_nmpc_node]: [attach-window] t=18.35s pos_err=0.007m T=23.23N z=2.497 m_est=2.360
[INFO] [1785422476.867081185] [acados_nmpc_node]: [attach-window] t=18.40s pos_err=0.008m T=23.23N z=2.495 m_est=2.360
[INFO] [1785422476.920677975] [acados_nmpc_node]: [attach-window] t=18.45s pos_err=0.009m T=23.24N z=2.495 m_est=2.360
[INFO] [1785422476.967048832] [acados_nmpc_node]: [attach-window] t=18.50s pos_err=0.010m T=23.23N z=2.493 m_est=2.360
[INFO] [1785422477.020911112] [acados_nmpc_node]: [attach-window] t=18.55s pos_err=0.011m T=23.23N z=2.493 m_est=2.361
[INFO] [1785422477.067018405] [acados_nmpc_node]: [attach-window] t=18.60s pos_err=0.012m T=23.20N z=2.493 m_est=2.361
[INFO] [1785422477.120787995] [acados_nmpc_node]: [attach-window] t=18.65s pos_err=0.012m T=23.20N z=2.492 m_est=2.361
[INFO] [1785422477.167045217] [acados_nmpc_node]: [attach-window] t=18.70s pos_err=0.013m T=23.17N z=2.492 m_est=2.361
[INFO] [1785422477.220827842] [acados_nmpc_node]: [attach-window] t=18.75s pos_err=0.013m T=23.16N z=2.493 m_est=2.362
[INFO] [1785422477.267082422] [acados_nmpc_node]: [attach-window] t=18.80s pos_err=0.013m T=23.12N z=2.493 m_est=2.362
[INFO] [1785422477.320778594] [acados_nmpc_node]: [attach-window] t=18.85s pos_err=0.013m T=23.11N z=2.494 m_est=2.362
[INFO] [1785422477.367058050] [acados_nmpc_node]: [attach-window] t=18.90s pos_err=0.012m T=23.07N z=2.496 m_est=2.362
[INFO] [1785422477.420830638] [acados_nmpc_node]: [attach-window] t=18.95s pos_err=0.012m T=23.06N z=2.496 m_est=2.362
[INFO] [1785422477.467065676] [acados_nmpc_node]: [attach-window] t=19.00s pos_err=0.012m T=23.04N z=2.498 m_est=2.362
[INFO] [1785422477.520879264] [acados_nmpc_node]: [attach-window] t=19.05s pos_err=0.012m T=23.03N z=2.498 m_est=2.362
[INFO] [1785422477.567008765] [acados_nmpc_node]: [attach-window] t=19.10s pos_err=0.013m T=23.03N z=2.500 m_est=2.362
[INFO] [1785422477.620795333] [acados_nmpc_node]: [attach-window] t=19.15s pos_err=0.013m T=23.03N z=2.500 m_est=2.362
[INFO] [1785422477.667064579] [acados_nmpc_node]: [attach-window] t=19.20s pos_err=0.014m T=23.03N z=2.501 m_est=2.362
[INFO] [1785422477.720825449] [acados_nmpc_node]: [attach-window] t=19.25s pos_err=0.015m T=23.03N z=2.501 m_est=2.361
[INFO] [1785422477.766685484] [acados_nmpc_node]: [attach-window] t=19.30s pos_err=0.016m T=23.05N z=2.502 m_est=2.361
[INFO] [1785422477.820829703] [acados_nmpc_node]: [attach-window] t=19.35s pos_err=0.016m T=23.05N z=2.503 m_est=2.361
[INFO] [1785422477.866675844] [acados_nmpc_node]: [attach-window] t=19.40s pos_err=0.016m T=23.06N z=2.503 m_est=2.361
[INFO] [1785422477.919005495] [acados_nmpc_node]: [attach-window] t=19.45s pos_err=0.016m T=23.06N z=2.503 m_est=2.360
[INFO] [1785422477.967050770] [acados_nmpc_node]: [attach-window] t=19.50s pos_err=0.015m T=23.08N z=2.503 m_est=2.360
[INFO] [1785422478.020662260] [acados_nmpc_node]: [attach-window] t=19.55s pos_err=0.015m T=23.09N z=2.503 m_est=2.360
[INFO] [1785422478.067100293] [acados_nmpc_node]: [attach-window] t=19.60s pos_err=0.013m T=23.10N z=2.503 m_est=2.360
[INFO] [1785422478.121124368] [acados_nmpc_node]: [attach-window] t=19.65s pos_err=0.013m T=23.10N z=2.503 m_est=2.359
[INFO] [1785422478.167077649] [acados_nmpc_node]: [attach-window] t=19.70s pos_err=0.011m T=23.12N z=2.503 m_est=2.359
[INFO] [1785422478.221082289] [acados_nmpc_node]: [attach-window] t=19.75s pos_err=0.011m T=23.13N z=2.502 m_est=2.359
[INFO] [1785422478.267087772] [acados_nmpc_node]: [attach-window] t=19.80s pos_err=0.010m T=23.14N z=2.502 m_est=2.359
[INFO] [1785422478.321149802] [acados_nmpc_node]: [attach-window] t=19.85s pos_err=0.009m T=23.14N z=2.502 m_est=2.359
[INFO] [1785422478.367103761] [acados_nmpc_node]: [attach-window] t=19.90s pos_err=0.009m T=23.15N z=2.501 m_est=2.359
[INFO] [1785422478.420882597] [acados_nmpc_node]: [attach-window] t=19.95s pos_err=0.009m T=23.16N z=2.501 m_est=2.359
[INFO] [1785422478.467085344] [acados_nmpc_node]: [attach-window] t=20.00s pos_err=0.009m T=23.17N z=2.500 m_est=2.359
[INFO] [1785422478.520749416] [acados_nmpc_node]: [attach-window] t=20.05s pos_err=0.009m T=23.18N z=2.499 m_est=2.359
[INFO] [1785422478.567010941] [acados_nmpc_node]: [attach-window] t=20.10s pos_err=0.009m T=23.19N z=2.498 m_est=2.359
[INFO] [1785422478.621141870] [acados_nmpc_node]: [attach-window] t=20.15s pos_err=0.010m T=23.20N z=2.498 m_est=2.359
[INFO] [1785422478.667063795] [acados_nmpc_node]: [attach-window] t=20.20s pos_err=0.011m T=23.19N z=2.497 m_est=2.359
[INFO] [1785422478.721151093] [acados_nmpc_node]: [attach-window] t=20.25s pos_err=0.011m T=23.19N z=2.497 m_est=2.360
[INFO] [1785422478.767137386] [acados_nmpc_node]: [attach-window] t=20.30s pos_err=0.012m T=23.19N z=2.496 m_est=2.360
[INFO] [1785422478.820981865] [acados_nmpc_node]: [attach-window] t=20.35s pos_err=0.013m T=23.19N z=2.496 m_est=2.361
[INFO] [1785422478.867330013] [acados_nmpc_node]: [attach-window] t=20.40s pos_err=0.014m T=23.18N z=2.495 m_est=2.361
[INFO] [1785422478.921036945] [acados_nmpc_node]: [attach-window] t=20.45s pos_err=0.015m T=23.18N z=2.495 m_est=2.361
[INFO] [1785422478.967157993] [acados_nmpc_node]: [attach-window] t=20.50s pos_err=0.016m T=23.17N z=2.495 m_est=2.361
[INFO] [1785422479.020940479] [acados_nmpc_node]: [attach-window] t=20.55s pos_err=0.017m T=23.17N z=2.495 m_est=2.362
[INFO] [1785422479.067065799] [acados_nmpc_node]: [attach-window] t=20.60s pos_err=0.018m T=23.15N z=2.495 m_est=2.362
[INFO] [1785422479.067541389] [acados_nmpc_node]: t=20.6s | pos_err=0.018m | T=23.15N | tau=[r-0.332 p0.030 y-0.001]Nm | res_stat=3.001e-07(peak 9.859e-07) sqp_iter=2 | solve=1.2ms
[INFO] [1785422479.121009998] [acados_nmpc_node]: [attach-window] t=20.65s pos_err=0.018m T=23.15N z=2.495 m_est=2.362
[INFO] [1785422479.166708360] [acados_nmpc_node]: [attach-window] t=20.70s pos_err=0.020m T=23.14N z=2.495 m_est=2.362
[INFO] [1785422479.219141897] [acados_nmpc_node]: [attach-window] t=20.75s pos_err=0.020m T=23.14N z=2.495 m_est=2.362
[INFO] [1785422479.266865530] [acados_nmpc_node]: [attach-window] t=20.80s pos_err=0.022m T=23.14N z=2.495 m_est=2.362
[INFO] [1785422479.319116585] [acados_nmpc_node]: [attach-window] t=20.85s pos_err=0.023m T=23.15N z=2.494 m_est=2.362
[INFO] [1785422479.366972349] [acados_nmpc_node]: [attach-window] t=20.90s pos_err=0.025m T=23.15N z=2.494 m_est=2.362
[INFO] [1785422479.419244598] [acados_nmpc_node]: [attach-window] t=20.95s pos_err=0.026m T=23.15N z=2.494 m_est=2.362
[INFO] [1785422479.467196021] [acados_nmpc_node]: [attach-window] t=21.00s pos_err=0.027m T=23.13N z=2.495 m_est=2.362
[INFO] [1785422479.521089719] [acados_nmpc_node]: [attach-window] t=21.05s pos_err=0.028m T=23.12N z=2.495 m_est=2.362
[INFO] [1785422479.567399107] [acados_nmpc_node]: [attach-window] t=21.10s pos_err=0.030m T=23.09N z=2.496 m_est=2.362
[INFO] [1785422479.621151123] [acados_nmpc_node]: [attach-window] t=21.15s pos_err=0.030m T=23.08N z=2.497 m_est=2.362
[INFO] [1785422479.667367560] [acados_nmpc_node]: [attach-window] t=21.20s pos_err=0.031m T=23.07N z=2.498 m_est=2.362
[INFO] [1785422479.721562229] [acados_nmpc_node]: [attach-window] t=21.25s pos_err=0.031m T=23.06N z=2.499 m_est=2.362
[INFO] [1785422479.767537414] [acados_nmpc_node]: [attach-window] t=21.30s pos_err=0.031m T=23.06N z=2.499 m_est=2.362
[ros2run]: Killed
