[INFO] [1789062055.611284944] [mhe_node]: MHE node starting, building/loading solver... (geom_coupled=True, N=20, m_min=1.961, m_B=2.0643)
Code reuse possible, skipping code generation.
acados was compiled without OpenMP.
[INFO] [1789062055.618103635] [mhe_node]: [prior] geom_coupled=True → 载荷质量信息**完全不生效**(grip_payload_envelope=0.3 是死代码:coupled 档下 _payload_geometry 根本不被调用);模型只吃可测杆臂 r_p + 被估质量,m 的先验仅有 Q0 质量维=0.1 (σ=3.16kg,实质无先验)
[WARN] [1789062055.618593508] [mhe_node]: geom_release_mode='self':估计器不被告知 drop。⚠️ 2026-08-24 实测,**NMPC 侧也设成 'self' 会必然坠机**——drop 后控制器继续按幽灵偏心载荷配平,指令 0.424N·m(tau_max 的 85%)作用在空机 J_xx=0.0142 上 = 29.8 rad/s²,而 MHE 10Hz/2s 窗口要 1~2s 才纠得过来,飞机先翻。**正确组合 = MHE 'self' + NMPC 'event'**(控制器是发释放指令的一方,它知道不构成认知作弊)。
[INFO] [1789062055.620482296] [mhe_node]: [moment-ref] 物理上限由平台包线派生: 0.0390 kg·m = 0.30kg x 0.13m
[INFO] [1789062055.621122920] [mhe_node]: [c_xy_est] 质量域卸载判据已开:先武装(m_p>0.090kg),再判 m_p<0.03kg 持续 20 帧 -> 释放偏心估计
[INFO] [1789062055.621760882] [mhe_node]: [c_xy] 来源 = 一阶质量矩 s/m_T(窗口内估计,**无稳态门控**),替代窗外 EMA —— 机动中也会更新
[INFO] [1789062055.622860125] [mhe_node]: weight schedule theta = [-4.00, 0.00, 0.00, 0.00], signal mode = residual (residual self-trigger: thresh=4.4N persist=2 baseline_tau=3.0s)
[INFO] [1789062055.627036780] [mhe_node]: MHE node initialized! tau_source=command (roll/pitch NMPC意图值, yaw NMPC意图值), motor_window_avg=False, geom_release_mode=self. Waiting for odometry + control data...
[INFO] [1789062077.726652472] [mhe_node]: [no-signal] baseline settled at 19.95N (quiet 20 frames); detector armed
[INFO] [1789062077.726929222] [mhe_node]: arrival prior seeded: m=2.064 kg (m_nominal prior)
[INFO] [1789062077.727309066] [mhe_node]: [geom] model_geom_on=True (release_mode=self, truth_attached=False) mode=coupled(r_p) -> geom=[ 0.    0.   -0.47] dJ=0.0000 c_xy=[+0.0000,+0.0000] (dJ/c 为按当前 m_est 折算的诊断当量,模型内部随 m 实时生成)
[INFO] [1789062079.636342953] [mhe_node]: MHE mass estimate: 2.047 kg (T_phys=20.02N) | solve=4.9ms (max16.7)
[INFO] [1789062079.636744412] [mhe_node]: [truth] m_hat=2.0466 m_true=2.0643 err=-0.86% | c_hat=[+0.0000,+0.0000] c_true=[+0.0000,+0.0000] | Jxx_hat=0.01420 Jxx_true=0.01420 Jyz_hat=+0.00000 Jyz_true=+0.00000 | s_hat=[-0.0019,-0.0001] s_true=[+0.0000,+0.0000] kg·m
[INFO] [1789062079.637111899] [mhe_node]: [tau_phys] roll=+0.006 pitch=-0.035 Nm
[INFO] [1789062079.637535287] [mhe_node]: [mass-diag] m_est=2.0466 T=20.016N tilt=6.42deg cos=0.99374 | T/g=2.0403 T*cos/g=2.0275 | m_est-T*cos/g=+0.0191kg (+0.94%) vz=+0.104
[INFO] [1789062079.637940173] [mhe_node]: [c_xy_est] cx=-0.0007 cy=-0.0000 m
[INFO] [1789062081.634466853] [mhe_node]: MHE mass estimate: 2.060 kg (T_phys=20.15N) | solve=9.4ms (max17.1)
[INFO] [1789062081.635062578] [mhe_node]: [truth] m_hat=2.0602 m_true=2.0643 err=-0.20% | c_hat=[+0.0000,+0.0000] c_true=[+0.0000,+0.0000] | Jxx_hat=0.01420 Jxx_true=0.01420 Jyz_hat=+0.00000 Jyz_true=+0.00000 | s_hat=[-0.0010,+0.0001] s_true=[+0.0000,+0.0000] kg·m
[INFO] [1789062081.635598669] [mhe_node]: [tau_phys] roll=-0.001 pitch=+0.010 Nm
[INFO] [1789062081.636284765] [mhe_node]: [mass-diag] m_est=2.0602 T=20.149N tilt=2.07deg cos=0.99935 | T/g=2.0539 T*cos/g=2.0526 | m_est-T*cos/g=+0.0077kg (+0.37%) vz=+0.028
[INFO] [1789062081.636864313] [mhe_node]: [c_xy_est] cx=-0.0005 cy=+0.0000 m
[INFO] [1789062083.632274073] [mhe_node]: MHE mass estimate: 2.059 kg (T_phys=20.26N) | solve=6.0ms (max11.4)
[INFO] [1789062083.632814894] [mhe_node]: [truth] m_hat=2.0586 m_true=2.0643 err=-0.28% | c_hat=[+0.0000,+0.0000] c_true=[+0.0000,+0.0000] | Jxx_hat=0.01420 Jxx_true=0.01420 Jyz_hat=+0.00000 Jyz_true=+0.00000 | s_hat=[+0.0003,-0.0001] s_true=[+0.0000,+0.0000] kg·m
[INFO] [1789062083.633347186] [mhe_node]: [tau_phys] roll=-0.002 pitch=-0.002 Nm
[INFO] [1789062083.633931974] [mhe_node]: [mass-diag] m_est=2.0586 T=20.261N tilt=0.24deg cos=0.99999 | T/g=2.0653 T*cos/g=2.0653 | m_est-T*cos/g=-0.0067kg (-0.33%) vz=+0.003
[INFO] [1789062083.634517448] [mhe_node]: [c_xy_est] cx=+0.0001 cy=-0.0000 m
[INFO] [1789062085.426680802] [mhe_node]: [release-resid] STRONG 票: ΔT=-1.09N x4帧 (floor 0.9N)
[INFO] [1789062085.632510905] [mhe_node]: MHE mass estimate: 2.040 kg (T_phys=17.98N) | solve=4.9ms (max9.9)
[INFO] [1789062085.633044883] [mhe_node]: [truth] m_hat=2.0395 m_true=2.0643 err=-1.20% | c_hat=[+0.0000,+0.0000] c_true=[+0.0000,+0.0000] | Jxx_hat=0.01420 Jxx_true=0.01420 Jyz_hat=+0.00000 Jyz_true=+0.00000 | s_hat=[+0.0002,-0.0000] s_true=[+0.0000,+0.0000] kg·m
[INFO] [1789062085.633564334] [mhe_node]: [tau_phys] roll=+0.000 pitch=+0.000 Nm
[INFO] [1789062085.634154516] [mhe_node]: [mass-diag] m_est=2.0395 T=17.979N tilt=0.17deg cos=1.00000 | T/g=1.8327 T*cos/g=1.8327 | m_est-T*cos/g=+0.2068kg (+11.29%) vz=-0.506
[INFO] [1789062085.634735108] [mhe_node]: [c_xy_est] cx=+0.0001 cy=-0.0000 m
[INFO] [1789062087.632303143] [mhe_node]: MHE mass estimate: 2.058 kg (T_phys=20.27N) | solve=5.4ms (max10.3)
[INFO] [1789062087.632838225] [mhe_node]: [truth] m_hat=2.0576 m_true=2.0643 err=-0.32% | c_hat=[+0.0000,+0.0000] c_true=[+0.0000,+0.0000] | Jxx_hat=0.01420 Jxx_true=0.01420 Jyz_hat=+0.00000 Jyz_true=+0.00000 | s_hat=[+0.0001,+0.0000] s_true=[+0.0000,+0.0000] kg·m
[INFO] [1789062087.633354747] [mhe_node]: [tau_phys] roll=+0.001 pitch=+0.001 Nm
[INFO] [1789062087.633933368] [mhe_node]: [mass-diag] m_est=2.0576 T=20.271N tilt=0.59deg cos=0.99995 | T/g=2.0664 T*cos/g=2.0663 | m_est-T*cos/g=-0.0087kg (-0.42%) vz=-0.039
[INFO] [1789062087.634512505] [mhe_node]: [c_xy_est] cx=+0.0001 cy=+0.0000 m
[INFO] [1789062089.652026815] [mhe_node]: MHE mass estimate: 1.961 kg (T_phys=19.88N) | solve=13.8ms (max27.5)
[INFO] [1789062089.652569406] [mhe_node]: [truth] m_hat=1.9611 m_true=2.0643 err=-5.00% | c_hat=[+0.0000,+0.0000] c_true=[+0.0000,+0.0000] | Jxx_hat=0.01420 Jxx_true=0.01420 Jyz_hat=+0.00000 Jyz_true=+0.00000 | s_hat=[-0.0065,-0.0065] s_true=[+0.0000,+0.0000] kg·m
[INFO] [1789062089.653090232] [mhe_node]: [tau_phys] roll=-0.118 pitch=+0.013 Nm
[INFO] [1789062089.653683121] [mhe_node]: [mass-diag] m_est=1.9611 T=19.876N tilt=0.97deg cos=0.99986 | T/g=2.0261 T*cos/g=2.0258 | m_est-T*cos/g=-0.0647kg (-3.20%) vz=+0.002
[INFO] [1789062089.654268868] [mhe_node]: [c_xy_est] cx=-0.0035 cy=-0.0029 m
[WARN] [1789062091.692722644] [mhe_node]: MHE solve failed [status=2], skipping this window (streak 1)
[INFO] [1789062091.780506129] [mhe_node]: MHE mass estimate: 1.961 kg (T_phys=21.84N) | solve=35.5ms (max65.8)
[INFO] [1789062091.780899350] [mhe_node]: [truth] m_hat=1.9611 m_true=2.0643 err=-5.00% | c_hat=[+0.0000,+0.0000] c_true=[+0.0000,+0.0000] | Jxx_hat=0.01420 Jxx_true=0.01420 Jyz_hat=+0.00000 Jyz_true=+0.00000 | s_hat=[+0.0142,-0.0091] s_true=[+0.0000,+0.0000] kg·m
[INFO] [1789062091.781264432] [mhe_node]: [tau_phys] roll=-0.135 pitch=-0.095 Nm
[INFO] [1789062091.781678713] [mhe_node]: [mass-diag] m_est=1.9611 T=21.841N tilt=0.95deg cos=0.99986 | T/g=2.2264 T*cos/g=2.2261 | m_est-T*cos/g=-0.2650kg (-11.91%) vz=-0.006
[INFO] [1789062091.782093214] [mhe_node]: [c_xy_est] cx=+0.0058 cy=-0.0039 m
[INFO] [1789062093.745715227] [mhe_node]: MHE mass estimate: 2.379 kg (T_phys=24.11N) | solve=23.6ms (max54.7)
[INFO] [1789062093.746284232] [mhe_node]: [truth] m_hat=2.3790 m_true=2.0643 err=+15.24% | c_hat=[+0.0000,+0.0000] c_true=[+0.0000,+0.0000] | Jxx_hat=0.01420 Jxx_true=0.01420 Jyz_hat=+0.00000 Jyz_true=+0.00000 | s_hat=[+0.0087,-0.0197] s_true=[+0.0000,+0.0000] kg·m
[INFO] [1789062093.746799618] [mhe_node]: [tau_phys] roll=-0.248 pitch=+1.385 Nm
[INFO] [1789062093.747377525] [mhe_node]: [mass-diag] m_est=2.3790 T=24.112N tilt=1.04deg cos=0.99983 | T/g=2.4579 T*cos/g=2.4575 | m_est-T*cos/g=-0.0786kg (-3.20%) vz=+0.928
[INFO] [1789062093.747951892] [mhe_node]: [c_xy_est] cx=+0.0035 cy=-0.0083 m
[INFO] [1789062094.726631429] [mhe_node]: [payload-state] EMPTY->LOADED (sustained m_p evidence, m_p=+0.284kg)
[INFO] [1789062094.826744456] [mhe_node]: [s-collapse] moment 基准未就绪(窗口 0/20, 越界剔除 0) — 暂不判决
[INFO] [1789062095.740991310] [mhe_node]: MHE mass estimate: 2.337 kg (T_phys=22.56N) | solve=15.2ms (max28.0)
[INFO] [1789062095.741548624] [mhe_node]: [truth] m_hat=2.3370 m_true=2.0643 err=+13.21% | c_hat=[+0.0000,+0.0000] c_true=[+0.0000,+0.0000] | Jxx_hat=0.01420 Jxx_true=0.01420 Jyz_hat=+0.00000 Jyz_true=+0.00000 | s_hat=[+0.0050,-0.0172] s_true=[+0.0000,+0.0000] kg·m
[INFO] [1789062095.742072198] [mhe_node]: [tau_phys] roll=-0.193 pitch=-0.311 Nm
[INFO] [1789062095.742658856] [mhe_node]: [mass-diag] m_est=2.3370 T=22.557N tilt=0.65deg cos=0.99993 | T/g=2.2994 T*cos/g=2.2993 | m_est-T*cos/g=+0.0377kg (+1.64%) vz=+1.186
[INFO] [1789062095.743242624] [mhe_node]: [c_xy_est] cx=+0.0034 cy=-0.0077 m
[INFO] [1789062095.826737814] [mhe_node]: [s-collapse] moment 基准未就绪(窗口 1/20, 越界剔除 0) — 暂不判决
[INFO] [1789062096.626716123] [mhe_node]: [c_xy_est] 质量域判据已武装(m_p=0.273kg 连续20帧高于水位)
[INFO] [1789062096.826754174] [mhe_node]: [s-collapse] moment 基准未就绪(窗口 0/20, 越界剔除 0) — 暂不判决
[INFO] [1789062097.742209400] [mhe_node]: MHE mass estimate: 2.316 kg (T_phys=22.05N) | solve=14.9ms (max24.7)
[INFO] [1789062097.742768731] [mhe_node]: [truth] m_hat=2.3162 m_true=2.0643 err=+12.20% | c_hat=[+0.0000,+0.0000] c_true=[+0.0000,+0.0000] | Jxx_hat=0.01420 Jxx_true=0.01420 Jyz_hat=+0.00000 Jyz_true=+0.00000 | s_hat=[+0.0012,-0.0174] s_true=[+0.0000,+0.0000] kg·m
[INFO] [1789062097.743290732] [mhe_node]: [tau_phys] roll=-0.164 pitch=-1.100 Nm
[INFO] [1789062097.743879511] [mhe_node]: [mass-diag] m_est=2.3162 T=22.050N tilt=0.47deg cos=0.99997 | T/g=2.2477 T*cos/g=2.2477 | m_est-T*cos/g=+0.0685kg (+3.05%) vz=+0.612
[INFO] [1789062097.744462636] [mhe_node]: [c_xy_est] cx=+0.0034 cy=-0.0077 m
[INFO] [1789062097.826732119] [mhe_node]: [s-collapse] moment 基准未就绪(窗口 0/20, 越界剔除 0) — 暂不判决
[INFO] [1789062098.826746189] [mhe_node]: [s-collapse] moment 基准未就绪(窗口 0/20, 越界剔除 0) — 暂不判决
[INFO] [1789062099.746280901] [mhe_node]: MHE mass estimate: 2.313 kg (T_phys=22.70N) | solve=13.4ms (max24.4)
[INFO] [1789062099.746847239] [mhe_node]: [truth] m_hat=2.3132 m_true=2.0643 err=+12.06% | c_hat=[+0.0000,+0.0000] c_true=[+0.0000,+0.0000] | Jxx_hat=0.01420 Jxx_true=0.01420 Jyz_hat=+0.00000 Jyz_true=+0.00000 | s_hat=[+0.0057,-0.0176] s_true=[+0.0000,+0.0000] kg·m
[INFO] [1789062099.747361121] [mhe_node]: [tau_phys] roll=-0.175 pitch=-1.132 Nm
[INFO] [1789062099.747942855] [mhe_node]: [mass-diag] m_est=2.3132 T=22.698N tilt=0.95deg cos=0.99986 | T/g=2.3138 T*cos/g=2.3135 | m_est-T*cos/g=-0.0002kg (-0.01%) vz=+0.015
[INFO] [1789062099.748522483] [mhe_node]: [c_xy_est] cx=+0.0034 cy=-0.0077 m
[INFO] [1789062099.826738671] [mhe_node]: [s-collapse] moment 基准未就绪(窗口 0/20, 越界剔除 0) — 暂不判决
[INFO] [1789062100.826928668] [mhe_node]: [s-collapse] moment 基准未就绪(窗口 0/20, 越界剔除 0) — 暂不判决
[INFO] [1789062101.735894425] [mhe_node]: MHE mass estimate: 2.314 kg (T_phys=22.85N) | solve=13.8ms (max17.9)
[INFO] [1789062101.736304866] [mhe_node]: [truth] m_hat=2.3142 m_true=2.0643 err=+12.11% | c_hat=[+0.0000,+0.0000] c_true=[+0.0000,+0.0000] | Jxx_hat=0.01420 Jxx_true=0.01420 Jyz_hat=+0.00000 Jyz_true=+0.00000 | s_hat=[+0.0050,-0.0180] s_true=[+0.0000,+0.0000] kg·m
[INFO] [1789062101.736668309] [mhe_node]: [tau_phys] roll=-0.186 pitch=-1.072 Nm
[INFO] [1789062101.737075528] [mhe_node]: [mass-diag] m_est=2.3142 T=22.848N tilt=1.22deg cos=0.99977 | T/g=2.3291 T*cos/g=2.3285 | m_est-T*cos/g=-0.0143kg (-0.62%) vz=+0.011
[INFO] [1789062101.737481292] [mhe_node]: [c_xy_est] cx=+0.0034 cy=-0.0077 m
[INFO] [1789062101.826698546] [mhe_node]: [s-collapse] moment 基准未就绪(窗口 0/20, 越界剔除 0) — 暂不判决
[INFO] [1789062102.826779189] [mhe_node]: [s-collapse] moment 基准未就绪(窗口 0/20, 越界剔除 0) — 暂不判决
[INFO] [1789062103.740075436] [mhe_node]: MHE mass estimate: 2.315 kg (T_phys=23.09N) | solve=13.1ms (max23.2)
[INFO] [1789062103.740640167] [mhe_node]: [truth] m_hat=2.3151 m_true=2.0643 err=+12.15% | c_hat=[+0.0000,+0.0000] c_true=[+0.0000,+0.0000] | Jxx_hat=0.01420 Jxx_true=0.01420 Jyz_hat=+0.00000 Jyz_true=+0.00000 | s_hat=[+0.0065,-0.0180] s_true=[+0.0000,+0.0000] kg·m
[INFO] [1789062103.741160206] [mhe_node]: [tau_phys] roll=-0.166 pitch=-1.042 Nm
[INFO] [1789062103.741736783] [mhe_node]: [mass-diag] m_est=2.3151 T=23.086N tilt=0.90deg cos=0.99988 | T/g=2.3534 T*cos/g=2.3531 | m_est-T*cos/g=-0.0380kg (-1.61%) vz=+0.002
[INFO] [1789062103.742323359] [mhe_node]: [c_xy_est] cx=+0.0034 cy=-0.0077 m
[INFO] [1789062103.826764014] [mhe_node]: [s-collapse] moment 基准未就绪(窗口 0/20, 越界剔除 0) — 暂不判决
[INFO] [1789062104.826821447] [mhe_node]: [s-collapse] moment 基准未就绪(窗口 0/20, 越界剔除 0) — 暂不判决
[INFO] [1789062105.742141943] [mhe_node]: MHE mass estimate: 2.288 kg (T_phys=20.51N) | solve=14.0ms (max21.7)
[INFO] [1789062105.742706513] [mhe_node]: [truth] m_hat=2.2879 m_true=2.0643 err=+10.83% | c_hat=[+0.0000,+0.0000] c_true=[+0.0000,+0.0000] | Jxx_hat=0.01420 Jxx_true=0.01420 Jyz_hat=+0.00000 Jyz_true=+0.00000 | s_hat=[+0.0020,-0.0177] s_true=[+0.0000,+0.0000] kg·m
[INFO] [1789062105.743227435] [mhe_node]: [tau_phys] roll=-0.420 pitch=-1.156 Nm
[INFO] [1789062105.743812024] [mhe_node]: [mass-diag] m_est=2.2879 T=20.513N tilt=4.88deg cos=0.99637 | T/g=2.0910 T*cos/g=2.0834 | m_est-T*cos/g=+0.2044kg (+9.81%) vz=-0.011
[INFO] [1789062105.744399214] [mhe_node]: [c_xy_est] cx=+0.0034 cy=-0.0077 m
[INFO] [1789062105.826738734] [mhe_node]: [s-collapse] moment 基准未就绪(窗口 0/20, 越界剔除 0) — 暂不判决
[INFO] [1789062106.826772589] [mhe_node]: [s-collapse] moment 基准未就绪(窗口 0/20, 越界剔除 0) — 暂不判决
[INFO] [1789062107.743268419] [mhe_node]: MHE mass estimate: 2.321 kg (T_phys=23.32N) | solve=14.8ms (max25.4)
[INFO] [1789062107.743836207] [mhe_node]: [truth] m_hat=2.3210 m_true=2.0643 err=+12.44% | c_hat=[+0.0000,+0.0000] c_true=[+0.0000,+0.0000] | Jxx_hat=0.01420 Jxx_true=0.01420 Jyz_hat=+0.00000 Jyz_true=+0.00000 | s_hat=[-0.0164,-0.0173] s_true=[+0.0000,+0.0000] kg·m
[INFO] [1789062107.744353843] [mhe_node]: [tau_phys] roll=-0.261 pitch=-0.313 Nm
[INFO] [1789062107.744935634] [mhe_node]: [mass-diag] m_est=2.3210 T=23.317N tilt=6.26deg cos=0.99403 | T/g=2.3769 T*cos/g=2.3627 | m_est-T*cos/g=-0.0417kg (-1.77%) vz=+0.151
[INFO] [1789062107.745518168] [mhe_node]: [c_xy_est] cx=+0.0034 cy=-0.0077 m
[INFO] [1789062107.826742948] [mhe_node]: [s-collapse] moment 基准未就绪(窗口 0/20, 越界剔除 0) — 暂不判决
[INFO] [1789062108.826736954] [mhe_node]: [s-collapse] moment 基准未就绪(窗口 0/20, 越界剔除 0) — 暂不判决
[INFO] [1789062109.738979369] [mhe_node]: MHE mass estimate: 2.321 kg (T_phys=22.69N) | solve=11.5ms (max16.1)
[INFO] [1789062109.739544997] [mhe_node]: [truth] m_hat=2.3207 m_true=2.0643 err=+12.42% | c_hat=[+0.0000,+0.0000] c_true=[+0.0000,+0.0000] | Jxx_hat=0.01420 Jxx_true=0.01420 Jyz_hat=+0.00000 Jyz_true=+0.00000 | s_hat=[-0.0323,-0.0180] s_true=[+0.0000,+0.0000] kg·m
[INFO] [1789062109.740062034] [mhe_node]: [tau_phys] roll=-0.182 pitch=-0.169 Nm
[INFO] [1789062109.740645748] [mhe_node]: [mass-diag] m_est=2.3207 T=22.687N tilt=7.76deg cos=0.99085 | T/g=2.3126 T*cos/g=2.2915 | m_est-T*cos/g=+0.0293kg (+1.28%) vz=+0.131
[INFO] [1789062109.741234290] [mhe_node]: [c_xy_est] cx=+0.0034 cy=-0.0077 m
[INFO] [1789062109.826962588] [mhe_node]: [s-collapse] moment 基准未就绪(窗口 0/20, 越界剔除 0) — 暂不判决
[INFO] [1789062110.826743276] [mhe_node]: [s-collapse] moment 基准未就绪(窗口 0/20, 越界剔除 0) — 暂不判决
[INFO] [1789062111.744325689] [mhe_node]: MHE mass estimate: 2.333 kg (T_phys=23.31N) | solve=9.0ms (max16.8)
[INFO] [1789062111.745011775] [mhe_node]: [truth] m_hat=2.3333 m_true=2.0643 err=+13.03% | c_hat=[+0.0000,+0.0000] c_true=[+0.0000,+0.0000] | Jxx_hat=0.01420 Jxx_true=0.01420 Jyz_hat=+0.00000 Jyz_true=+0.00000 | s_hat=[-0.0233,-0.0180] s_true=[+0.0000,+0.0000] kg·m
[INFO] [1789062111.745541518] [mhe_node]: [tau_phys] roll=-0.141 pitch=-0.197 Nm
[INFO] [1789062111.746132424] [mhe_node]: [mass-diag] m_est=2.3333 T=23.314N tilt=11.05deg cos=0.98146 | T/g=2.3765 T*cos/g=2.3324 | m_est-T*cos/g=+0.0009kg (+0.04%) vz=-0.078
[INFO] [1789062111.746717801] [mhe_node]: [c_xy_est] cx=+0.0034 cy=-0.0077 m
[INFO] [1789062111.826738736] [mhe_node]: [s-collapse] moment 基准未就绪(窗口 0/20, 越界剔除 0) — 暂不判决
[INFO] [1789062112.826755142] [mhe_node]: [s-collapse] moment 基准未就绪(窗口 0/20, 越界剔除 0) — 暂不判决
[INFO] [1789062113.737726426] [mhe_node]: MHE mass estimate: 2.305 kg (T_phys=22.58N) | solve=13.5ms (max19.9)
[INFO] [1789062113.738292353] [mhe_node]: [truth] m_hat=2.3048 m_true=2.0643 err=+11.65% | c_hat=[+0.0000,+0.0000] c_true=[+0.0000,+0.0000] | Jxx_hat=0.01420 Jxx_true=0.01420 Jyz_hat=+0.00000 Jyz_true=+0.00000 | s_hat=[-0.0364,-0.0151] s_true=[+0.0000,+0.0000] kg·m
[INFO] [1789062113.738812491] [mhe_node]: [tau_phys] roll=-0.233 pitch=+0.817 Nm
[INFO] [1789062113.739400510] [mhe_node]: [mass-diag] m_est=2.3048 T=22.577N tilt=9.28deg cos=0.98690 | T/g=2.3015 T*cos/g=2.2713 | m_est-T*cos/g=+0.0334kg (+1.47%) vz=-0.205
[INFO] [1789062113.739983672] [mhe_node]: [c_xy_est] cx=+0.0034 cy=-0.0077 m
[WARN] [1789062113.826748051] [mhe_node]: [s-collapse] |s|=0.03940 > 物理上限 0.039 — 动态失真,不参与 moment 投票(本轮累计 1 帧)
[WARN] [1789062114.826768341] [mhe_node]: [s-collapse] |s|=0.04853 > 物理上限 0.039 — 动态失真,不参与 moment 投票(本轮累计 11 帧)
[INFO] [1789062115.740118278] [mhe_node]: MHE mass estimate: 2.308 kg (T_phys=22.74N) | solve=11.3ms (max18.0)
[INFO] [1789062115.740672017] [mhe_node]: [truth] m_hat=2.3085 m_true=2.0643 err=+11.83% | c_hat=[+0.0000,+0.0000] c_true=[+0.0000,+0.0000] | Jxx_hat=0.01420 Jxx_true=0.01420 Jyz_hat=+0.00000 Jyz_true=+0.00000 | s_hat=[-0.0329,-0.0175] s_true=[+0.0000,+0.0000] kg·m
[INFO] [1789062115.741186157] [mhe_node]: [tau_phys] roll=-0.210 pitch=+0.478 Nm
[INFO] [1789062115.741759438] [mhe_node]: [mass-diag] m_est=2.3085 T=22.739N tilt=1.51deg cos=0.99965 | T/g=2.3179 T*cos/g=2.3171 | m_est-T*cos/g=-0.0087kg (-0.37%) vz=-0.239
[INFO] [1789062115.742334323] [mhe_node]: [c_xy_est] cx=+0.0034 cy=-0.0077 m
[INFO] [1789062115.826866039] [mhe_node]: [s-collapse] moment 基准未就绪(窗口 0/20, 越界剔除 18) — 暂不判决
[WARN] [1789062116.826775586] [mhe_node]: [s-collapse] |s|=0.04333 > 物理上限 0.039 — 动态失真,不参与 moment 投票(本轮累计 23 帧)
[INFO] [1789062117.736808075] [mhe_node]: MHE mass estimate: 2.323 kg (T_phys=23.46N) | solve=10.6ms (max15.9)
[INFO] [1789062117.737379289] [mhe_node]: [truth] m_hat=2.3226 m_true=2.0643 err=+12.51% | c_hat=[+0.0000,+0.0000] c_true=[+0.0000,+0.0000] | Jxx_hat=0.01420 Jxx_true=0.01420 Jyz_hat=+0.00000 Jyz_true=+0.00000 | s_hat=[-0.0332,-0.0206] s_true=[+0.0000,+0.0000] kg·m
[INFO] [1789062117.737912579] [mhe_node]: [tau_phys] roll=-0.263 pitch=+0.371 Nm
[INFO] [1789062117.738511261] [mhe_node]: [mass-diag] m_est=2.3226 T=23.462N tilt=8.72deg cos=0.98843 | T/g=2.3916 T*cos/g=2.3640 | m_est-T*cos/g=-0.0414kg (-1.75%) vz=-0.189
[INFO] [1789062117.739104591] [mhe_node]: [c_xy_est] cx=+0.0034 cy=-0.0077 m
[WARN] [1789062117.826753626] [mhe_node]: [s-collapse] |s|=0.03907 > 物理上限 0.039 — 动态失真,不参与 moment 投票(本轮累计 33 帧)
[INFO] [1789062118.826610650] [mhe_node]: [s-collapse] moment 基准未就绪(窗口 0/20, 越界剔除 33) — 暂不判决
[INFO] [1789062119.741633239] [mhe_node]: MHE mass estimate: 2.331 kg (T_phys=23.01N) | solve=9.0ms (max18.0)
[INFO] [1789062119.742201272] [mhe_node]: [truth] m_hat=2.3306 m_true=2.0643 err=+12.90% | c_hat=[+0.0000,+0.0000] c_true=[+0.0000,+0.0000] | Jxx_hat=0.01420 Jxx_true=0.01420 Jyz_hat=+0.00000 Jyz_true=+0.00000 | s_hat=[-0.0288,-0.0244] s_true=[+0.0000,+0.0000] kg·m
[INFO] [1789062119.742729162] [mhe_node]: [tau_phys] roll=-0.200 pitch=+0.201 Nm
[INFO] [1789062119.743317470] [mhe_node]: [mass-diag] m_est=2.3306 T=23.013N tilt=8.14deg cos=0.98991 | T/g=2.3459 T*cos/g=2.3222 | m_est-T*cos/g=+0.0084kg (+0.36%) vz=-0.038
[INFO] [1789062119.743896795] [mhe_node]: [c_xy_est] cx=+0.0034 cy=-0.0077 m
[INFO] [1789062119.826801948] [mhe_node]: [s-collapse] moment 基准未就绪(窗口 0/20, 越界剔除 33) — 暂不判决
[WARN] [1789062120.826779644] [mhe_node]: [s-collapse] |s|=0.04424 > 物理上限 0.039 — 动态失真,不参与 moment 投票(本轮累计 40 帧)
[INFO] [1789062121.742435755] [mhe_node]: MHE mass estimate: 2.329 kg (T_phys=23.21N) | solve=10.0ms (max20.6)
[INFO] [1789062121.743000255] [mhe_node]: [truth] m_hat=2.3293 m_true=2.0643 err=+12.84% | c_hat=[+0.0000,+0.0000] c_true=[+0.0000,+0.0000] | Jxx_hat=0.01420 Jxx_true=0.01420 Jyz_hat=+0.00000 Jyz_true=+0.00000 | s_hat=[-0.0406,-0.0224] s_true=[+0.0000,+0.0000] kg·m
[INFO] [1789062121.743750717] [mhe_node]: [tau_phys] roll=-0.240 pitch=+0.293 Nm
[INFO] [1789062121.744335733] [mhe_node]: [mass-diag] m_est=2.3293 T=23.208N tilt=5.29deg cos=0.99574 | T/g=2.3657 T*cos/g=2.3557 | m_est-T*cos/g=-0.0263kg (-1.12%) vz=+0.043
[INFO] [1789062121.744921663] [mhe_node]: [c_xy_est] cx=+0.0034 cy=-0.0077 m
[WARN] [1789062121.826741597] [mhe_node]: [s-collapse] |s|=0.04643 > 物理上限 0.039 — 动态失真,不参与 moment 投票(本轮累计 50 帧)
[INFO] [1789062122.826665451] [mhe_node]: [s-collapse] moment 基准未就绪(窗口 0/20, 越界剔除 58) — 暂不判决
[INFO] [1789062123.737035461] [mhe_node]: MHE mass estimate: 2.334 kg (T_phys=23.31N) | solve=9.1ms (max14.7)
[INFO] [1789062123.737604255] [mhe_node]: [truth] m_hat=2.3343 m_true=2.0643 err=+13.08% | c_hat=[+0.0000,+0.0000] c_true=[+0.0000,+0.0000] | Jxx_hat=0.01420 Jxx_true=0.01420 Jyz_hat=+0.00000 Jyz_true=+0.00000 | s_hat=[-0.0287,-0.0236] s_true=[+0.0000,+0.0000] kg·m
[INFO] [1789062123.738124597] [mhe_node]: [tau_phys] roll=-0.236 pitch=+0.642 Nm
[INFO] [1789062123.738714024] [mhe_node]: [mass-diag] m_est=2.3343 T=23.312N tilt=9.89deg cos=0.98514 | T/g=2.3763 T*cos/g=2.3410 | m_est-T*cos/g=-0.0067kg (-0.29%) vz=+0.167
[INFO] [1789062123.739300835] [mhe_node]: [c_xy_est] cx=+0.0034 cy=-0.0077 m
[INFO] [1789062123.826704406] [mhe_node]: [s-collapse] moment 基准未就绪(窗口 0/20, 越界剔除 58) — 暂不判决
[INFO] [1789062124.826756150] [mhe_node]: [s-collapse] moment 基准未就绪(窗口 0/20, 越界剔除 58) — 暂不判决
[INFO] [1789062125.740636805] [mhe_node]: MHE mass estimate: 2.299 kg (T_phys=22.82N) | solve=10.2ms (max16.0)
[INFO] [1789062125.741042319] [mhe_node]: [truth] m_hat=2.2986 m_true=2.0643 err=+11.35% | c_hat=[+0.0000,+0.0000] c_true=[+0.0000,+0.0000] | Jxx_hat=0.01420 Jxx_true=0.01420 Jyz_hat=+0.00000 Jyz_true=+0.00000 | s_hat=[-0.0370,-0.0202] s_true=[+0.0000,+0.0000] kg·m
[INFO] [1789062125.741407048] [mhe_node]: [tau_phys] roll=-0.191 pitch=+0.238 Nm
[INFO] [1789062125.741815822] [mhe_node]: [mass-diag] m_est=2.2986 T=22.816N tilt=5.92deg cos=0.99467 | T/g=2.3258 T*cos/g=2.3134 | m_est-T*cos/g=-0.0148kg (-0.64%) vz=+0.199
[INFO] [1789062125.742225316] [mhe_node]: [c_xy_est] cx=+0.0034 cy=-0.0077 m
[WARN] [1789062125.826719234] [mhe_node]: [s-collapse] |s|=0.04217 > 物理上限 0.039 — 动态失真,不参与 moment 投票(本轮累计 63 帧)
[WARN] [1789062126.827070166] [mhe_node]: [s-collapse] |s|=0.04827 > 物理上限 0.039 — 动态失真,不参与 moment 投票(本轮累计 73 帧)
[INFO] [1789062127.737717262] [mhe_node]: MHE mass estimate: 2.308 kg (T_phys=22.96N) | solve=10.2ms (max16.9)
[INFO] [1789062127.738281229] [mhe_node]: [truth] m_hat=2.3082 m_true=2.0643 err=+11.81% | c_hat=[+0.0000,+0.0000] c_true=[+0.0000,+0.0000] | Jxx_hat=0.01420 Jxx_true=0.01420 Jyz_hat=+0.00000 Jyz_true=+0.00000 | s_hat=[-0.0308,-0.0191] s_true=[+0.0000,+0.0000] kg·m
[INFO] [1789062127.738796499] [mhe_node]: [tau_phys] roll=-0.199 pitch=+0.121 Nm
[INFO] [1789062127.739383365] [mhe_node]: [mass-diag] m_est=2.3082 T=22.964N tilt=4.73deg cos=0.99659 | T/g=2.3409 T*cos/g=2.3329 | m_est-T*cos/g=-0.0247kg (-1.06%) vz=+0.189
[INFO] [1789062127.739972789] [mhe_node]: [c_xy_est] cx=+0.0034 cy=-0.0077 m
[INFO] [1789062127.826778508] [mhe_node]: [s-collapse] moment 基准未就绪(窗口 0/20, 越界剔除 81) — 暂不判决
[INFO] [1789062128.826708366] [mhe_node]: [s-collapse] moment 基准未就绪(窗口 0/20, 越界剔除 81) — 暂不判决
[INFO] [1789062129.745485764] [mhe_node]: MHE mass estimate: 2.340 kg (T_phys=23.01N) | solve=9.9ms (max17.9)
[INFO] [1789062129.746046124] [mhe_node]: [truth] m_hat=2.3398 m_true=2.0643 err=+13.34% | c_hat=[+0.0000,+0.0000] c_true=[+0.0000,+0.0000] | Jxx_hat=0.01420 Jxx_true=0.01420 Jyz_hat=+0.00000 Jyz_true=+0.00000 | s_hat=[-0.0208,-0.0193] s_true=[+0.0000,+0.0000] kg·m
[INFO] [1789062129.746568206] [mhe_node]: [tau_phys] roll=-0.132 pitch=+0.170 Nm
[INFO] [1789062129.747154340] [mhe_node]: [mass-diag] m_est=2.3398 T=23.014N tilt=9.91deg cos=0.98507 | T/g=2.3460 T*cos/g=2.3110 | m_est-T*cos/g=+0.0288kg (+1.25%) vz=+0.159
[INFO] [1789062129.747728918] [mhe_node]: [c_xy_est] cx=+0.0034 cy=-0.0077 m
[INFO] [1789062129.826756080] [mhe_node]: [s-collapse] moment 基准未就绪(窗口 0/20, 越界剔除 81) — 暂不判决
[INFO] [1789062130.826760858] [mhe_node]: [s-collapse] moment 基准未就绪(窗口 0/20, 越界剔除 81) — 暂不判决
[INFO] [1789062131.740608099] [mhe_node]: MHE mass estimate: 2.317 kg (T_phys=22.67N) | solve=9.1ms (max15.9)
[INFO] [1789062131.741170497] [mhe_node]: [truth] m_hat=2.3175 m_true=2.0643 err=+12.26% | c_hat=[+0.0000,+0.0000] c_true=[+0.0000,+0.0000] | Jxx_hat=0.01420 Jxx_true=0.01420 Jyz_hat=+0.00000 Jyz_true=+0.00000 | s_hat=[-0.0283,-0.0173] s_true=[+0.0000,+0.0000] kg·m
[INFO] [1789062131.741689666] [mhe_node]: [tau_phys] roll=-0.135 pitch=+0.604 Nm
[INFO] [1789062131.742278126] [mhe_node]: [mass-diag] m_est=2.3175 T=22.672N tilt=5.02deg cos=0.99617 | T/g=2.3111 T*cos/g=2.3022 | m_est-T*cos/g=+0.0152kg (+0.66%) vz=+0.009
[INFO] [1789062131.742859812] [mhe_node]: [c_xy_est] cx=+0.0034 cy=-0.0077 m
[INFO] [1789062131.826744121] [mhe_node]: [s-collapse] moment 基准未就绪(窗口 0/20, 越界剔除 81) — 暂不判决
[INFO] [1789062132.826765525] [mhe_node]: [s-collapse] moment 基准未就绪(窗口 0/20, 越界剔除 81) — 暂不判决
[INFO] [1789062133.740357962] [mhe_node]: MHE mass estimate: 2.329 kg (T_phys=23.12N) | solve=8.2ms (max12.9)
[INFO] [1789062133.740922397] [mhe_node]: [truth] m_hat=2.3289 m_true=2.0643 err=+12.82% | c_hat=[+0.0000,+0.0000] c_true=[+0.0000,+0.0000] | Jxx_hat=0.01420 Jxx_true=0.01420 Jyz_hat=+0.00000 Jyz_true=+0.00000 | s_hat=[-0.0244,-0.0178] s_true=[+0.0000,+0.0000] kg·m
[INFO] [1789062133.741445928] [mhe_node]: [tau_phys] roll=-0.115 pitch=+0.550 Nm
[INFO] [1789062133.742035411] [mhe_node]: [mass-diag] m_est=2.3289 T=23.117N tilt=8.21deg cos=0.98976 | T/g=2.3565 T*cos/g=2.3323 | m_est-T*cos/g=-0.0034kg (-0.15%) vz=-0.113
[INFO] [1789062133.742625595] [mhe_node]: [c_xy_est] cx=+0.0034 cy=-0.0077 m
[INFO] [1789062133.826737268] [mhe_node]: [s-collapse] moment 基准未就绪(窗口 0/20, 越界剔除 81) — 暂不判决
[INFO] [1789062134.826845520] [mhe_node]: [s-collapse] moment 基准未就绪(窗口 0/20, 越界剔除 81) — 暂不判决
[INFO] [1789062135.737082523] [mhe_node]: MHE mass estimate: 2.321 kg (T_phys=22.84N) | solve=10.7ms (max19.2)
[INFO] [1789062135.737655995] [mhe_node]: [truth] m_hat=2.3211 m_true=2.0643 err=+12.44% | c_hat=[+0.0000,+0.0000] c_true=[+0.0000,+0.0000] | Jxx_hat=0.01420 Jxx_true=0.01420 Jyz_hat=+0.00000 Jyz_true=+0.00000 | s_hat=[-0.0268,-0.0162] s_true=[+0.0000,+0.0000] kg·m
[INFO] [1789062135.738184323] [mhe_node]: [tau_phys] roll=-0.226 pitch=+0.296 Nm
[INFO] [1789062135.738773275] [mhe_node]: [mass-diag] m_est=2.3211 T=22.838N tilt=9.57deg cos=0.98609 | T/g=2.3281 T*cos/g=2.2957 | m_est-T*cos/g=+0.0254kg (+1.11%) vz=-0.193
[INFO] [1789062135.739356665] [mhe_node]: [c_xy_est] cx=+0.0034 cy=-0.0077 m
[INFO] [1789062135.826749361] [mhe_node]: [s-collapse] moment 基准未就绪(窗口 0/20, 越界剔除 81) — 暂不判决
[WARN] [1789062136.826670257] [mhe_node]: [s-collapse] |s|=0.04086 > 物理上限 0.039 — 动态失真,不参与 moment 投票(本轮累计 84 帧)
[INFO] [1789062137.733894790] [mhe_node]: MHE mass estimate: 2.315 kg (T_phys=22.80N) | solve=8.9ms (max18.1)
[INFO] [1789062137.734464007] [mhe_node]: [truth] m_hat=2.3155 m_true=2.0643 err=+12.17% | c_hat=[+0.0000,+0.0000] c_true=[+0.0000,+0.0000] | Jxx_hat=0.01420 Jxx_true=0.01420 Jyz_hat=+0.00000 Jyz_true=+0.00000 | s_hat=[-0.0425,-0.0193] s_true=[+0.0000,+0.0000] kg·m
[INFO] [1789062137.734989918] [mhe_node]: [tau_phys] roll=-0.196 pitch=+0.340 Nm
[INFO] [1789062137.735581258] [mhe_node]: [mass-diag] m_est=2.3155 T=22.796N tilt=1.90deg cos=0.99945 | T/g=2.3238 T*cos/g=2.3225 | m_est-T*cos/g=-0.0070kg (-0.30%) vz=-0.239
[INFO] [1789062137.736169750] [mhe_node]: [c_xy_est] cx=+0.0034 cy=-0.0077 m
[WARN] [1789062137.826836169] [mhe_node]: [s-collapse] |s|=0.04668 > 物理上限 0.039 — 动态失真,不参与 moment 投票(本轮累计 94 帧)
[WARN] [1789062138.826748444] [mhe_node]: [s-collapse] |s|=0.04322 > 物理上限 0.039 — 动态失真,不参与 moment 投票(本轮累计 104 帧)
[INFO] [1789062139.732915427] [mhe_node]: MHE mass estimate: 2.331 kg (T_phys=23.40N) | solve=6.8ms (max12.7)
[INFO] [1789062139.733322751] [mhe_node]: [truth] m_hat=2.3306 m_true=2.0643 err=+12.90% | c_hat=[+0.0000,+0.0000] c_true=[+0.0000,+0.0000] | Jxx_hat=0.01420 Jxx_true=0.01420 Jyz_hat=+0.00000 Jyz_true=+0.00000 | s_hat=[-0.0336,-0.0218] s_true=[+0.0000,+0.0000] kg·m
[INFO] [1789062139.733686349] [mhe_node]: [tau_phys] roll=-0.242 pitch=+0.257 Nm
[INFO] [1789062139.734099707] [mhe_node]: [mass-diag] m_est=2.3306 T=23.397N tilt=8.22deg cos=0.98973 | T/g=2.3850 T*cos/g=2.3605 | m_est-T*cos/g=-0.0299kg (-1.27%) vz=-0.168
[INFO] [1789062139.734506094] [mhe_node]: [c_xy_est] cx=+0.0034 cy=-0.0077 m
[WARN] [1789062139.826766213] [mhe_node]: [s-collapse] |s|=0.04011 > 物理上限 0.039 — 动态失真,不参与 moment 投票(本轮累计 114 帧)
[INFO] [1789062140.826790298] [mhe_node]: [s-collapse] moment 基准未就绪(窗口 0/20, 越界剔除 116) — 暂不判决
[INFO] [1789062141.735915523] [mhe_node]: MHE mass estimate: 2.333 kg (T_phys=23.09N) | solve=8.5ms (max14.8)
[INFO] [1789062141.736482500] [mhe_node]: [truth] m_hat=2.3333 m_true=2.0643 err=+13.03% | c_hat=[+0.0000,+0.0000] c_true=[+0.0000,+0.0000] | Jxx_hat=0.01420 Jxx_true=0.01420 Jyz_hat=+0.00000 Jyz_true=+0.00000 | s_hat=[-0.0240,-0.0241] s_true=[+0.0000,+0.0000] kg·m
[INFO] [1789062141.737002383] [mhe_node]: [tau_phys] roll=-0.174 pitch=+0.653 Nm
[INFO] [1789062141.737587185] [mhe_node]: [mass-diag] m_est=2.3333 T=23.093N tilt=8.40deg cos=0.98928 | T/g=2.3540 T*cos/g=2.3288 | m_est-T*cos/g=+0.0046kg (+0.20%) vz=-0.054
[INFO] [1789062141.738172876] [mhe_node]: [c_xy_est] cx=+0.0034 cy=-0.0077 m
[INFO] [1789062141.826755038] [mhe_node]: [s-collapse] moment 基准未就绪(窗口 0/20, 越界剔除 116) — 暂不判决
[INFO] [1789062142.826667567] [mhe_node]: [s-collapse] moment 基准未就绪(窗口 0/20, 越界剔除 116) — 暂不判决
[INFO] [1789062143.734855357] [mhe_node]: MHE mass estimate: 2.321 kg (T_phys=23.20N) | solve=8.2ms (max15.8)
[INFO] [1789062143.735409198] [mhe_node]: [truth] m_hat=2.3214 m_true=2.0643 err=+12.45% | c_hat=[+0.0000,+0.0000] c_true=[+0.0000,+0.0000] | Jxx_hat=0.01420 Jxx_true=0.01420 Jyz_hat=+0.00000 Jyz_true=+0.00000 | s_hat=[-0.0289,-0.0219] s_true=[+0.0000,+0.0000] kg·m
[INFO] [1789062143.735929083] [mhe_node]: [tau_phys] roll=-0.209 pitch=+0.051 Nm
[INFO] [1789062143.736514151] [mhe_node]: [mass-diag] m_est=2.3214 T=23.199N tilt=5.05deg cos=0.99612 | T/g=2.3649 T*cos/g=2.3557 | m_est-T*cos/g=-0.0344kg (-1.46%) vz=+0.024
[INFO] [1789062143.737093193] [mhe_node]: [c_xy_est] cx=+0.0034 cy=-0.0077 m
[INFO] [1789062143.826795395] [mhe_node]: [s-collapse] moment 基准未就绪(窗口 0/20, 越界剔除 116) — 暂不判决
[INFO] [1789062144.826755621] [mhe_node]: [s-collapse] moment 基准未就绪(窗口 0/20, 越界剔除 116) — 暂不判决
[INFO] [1789062145.736013600] [mhe_node]: MHE mass estimate: 2.328 kg (T_phys=23.24N) | solve=9.7ms (max19.4)
[INFO] [1789062145.736582790] [mhe_node]: [truth] m_hat=2.3284 m_true=2.0643 err=+12.79% | c_hat=[+0.0000,+0.0000] c_true=[+0.0000,+0.0000] | Jxx_hat=0.01420 Jxx_true=0.01420 Jyz_hat=+0.00000 Jyz_true=+0.00000 | s_hat=[-0.0235,-0.0224] s_true=[+0.0000,+0.0000] kg·m
[INFO] [1789062145.737101513] [mhe_node]: [tau_phys] roll=-0.154 pitch=-0.432 Nm
[INFO] [1789062145.737693407] [mhe_node]: [mass-diag] m_est=2.3284 T=23.237N tilt=10.13deg cos=0.98441 | T/g=2.3687 T*cos/g=2.3318 | m_est-T*cos/g=-0.0034kg (-0.15%) vz=+0.166
[INFO] [1789062145.738278105] [mhe_node]: [c_xy_est] cx=+0.0034 cy=-0.0077 m
[INFO] [1789062145.826733393] [mhe_node]: [s-collapse] moment 基准未就绪(窗口 0/20, 越界剔除 116) — 暂不判决
[INFO] [1789062146.826668216] [mhe_node]: [s-collapse] moment 基准未就绪(窗口 0/20, 越界剔除 116) — 暂不判决
[INFO] [1789062147.746071533] [mhe_node]: MHE mass estimate: 2.297 kg (T_phys=22.76N) | solve=10.4ms (max18.6)
[INFO] [1789062147.746760605] [mhe_node]: [truth] m_hat=2.2966 m_true=2.0643 err=+11.25% | c_hat=[+0.0000,+0.0000] c_true=[+0.0000,+0.0000] | Jxx_hat=0.01420 Jxx_true=0.01420 Jyz_hat=+0.00000 Jyz_true=+0.00000 | s_hat=[-0.0325,-0.0201] s_true=[+0.0000,+0.0000] kg·m
[INFO] [1789062147.747284640] [mhe_node]: [tau_phys] roll=-0.215 pitch=+0.446 Nm
[INFO] [1789062147.747866976] [mhe_node]: [mass-diag] m_est=2.2966 T=22.762N tilt=6.94deg cos=0.99267 | T/g=2.3203 T*cos/g=2.3033 | m_est-T*cos/g=-0.0067kg (-0.29%) vz=+0.236
[INFO] [1789062147.748449662] [mhe_node]: [c_xy_est] cx=+0.0034 cy=-0.0077 m
[INFO] [1789062147.826736714] [mhe_node]: [s-collapse] moment 基准未就绪(窗口 0/20, 越界剔除 116) — 暂不判决
[WARN] [1789062148.826660874] [mhe_node]: [s-collapse] |s|=0.05138 > 物理上限 0.039 — 动态失真,不参与 moment 投票(本轮累计 126 帧)
[INFO] [1789062149.739678267] [mhe_node]: MHE mass estimate: 2.305 kg (T_phys=22.98N) | solve=11.7ms (max18.3)
[INFO] [1789062149.740241722] [mhe_node]: [truth] m_hat=2.3047 m_true=2.0643 err=+11.65% | c_hat=[+0.0000,+0.0000] c_true=[+0.0000,+0.0000] | Jxx_hat=0.01420 Jxx_true=0.01420 Jyz_hat=+0.00000 Jyz_true=+0.00000 | s_hat=[-0.0297,-0.0194] s_true=[+0.0000,+0.0000] kg·m
[INFO] [1789062149.740762475] [mhe_node]: [tau_phys] roll=-0.190 pitch=+0.405 Nm
[INFO] [1789062149.741346916] [mhe_node]: [mass-diag] m_est=2.3047 T=22.975N tilt=3.61deg cos=0.99802 | T/g=2.3420 T*cos/g=2.3374 | m_est-T*cos/g=-0.0327kg (-1.40%) vz=+0.237
[INFO] [1789062149.741930383] [mhe_node]: [c_xy_est] cx=+0.0034 cy=-0.0077 m
[INFO] [1789062149.826741340] [mhe_node]: [s-collapse] moment 基准未就绪(窗口 0/20, 越界剔除 133) — 暂不判决
[INFO] [1789062150.826755696] [mhe_node]: [s-collapse] moment 基准未就绪(窗口 0/20, 越界剔除 133) — 暂不判决
[INFO] [1789062151.742185327] [mhe_node]: MHE mass estimate: 2.332 kg (T_phys=22.83N) | solve=9.8ms (max14.8)
[INFO] [1789062151.742750707] [mhe_node]: [truth] m_hat=2.3317 m_true=2.0643 err=+12.95% | c_hat=[+0.0000,+0.0000] c_true=[+0.0000,+0.0000] | Jxx_hat=0.01420 Jxx_true=0.01420 Jyz_hat=+0.00000 Jyz_true=+0.00000 | s_hat=[-0.0244,-0.0191] s_true=[+0.0000,+0.0000] kg·m
[INFO] [1789062151.743273536] [mhe_node]: [tau_phys] roll=-0.137 pitch=+0.545 Nm
[INFO] [1789062151.743852064] [mhe_node]: [mass-diag] m_est=2.3317 T=22.832N tilt=9.63deg cos=0.98591 | T/g=2.3274 T*cos/g=2.2946 | m_est-T*cos/g=+0.0370kg (+1.61%) vz=+0.163
[INFO] [1789062151.744432710] [mhe_node]: [c_xy_est] cx=+0.0034 cy=-0.0077 m
[INFO] [1789062151.826814509] [mhe_node]: [s-collapse] moment 基准未就绪(窗口 0/20, 越界剔除 133) — 暂不判决
[INFO] [1789062152.826764789] [mhe_node]: [s-collapse] moment 基准未就绪(窗口 0/20, 越界剔除 133) — 暂不判决
[INFO] [1789062153.734116791] [mhe_node]: MHE mass estimate: 2.318 kg (T_phys=22.64N) | solve=9.4ms (max18.3)
[INFO] [1789062153.734675791] [mhe_node]: [truth] m_hat=2.3176 m_true=2.0643 err=+12.27% | c_hat=[+0.0000,+0.0000] c_true=[+0.0000,+0.0000] | Jxx_hat=0.01420 Jxx_true=0.01420 Jyz_hat=+0.00000 Jyz_true=+0.00000 | s_hat=[-0.0244,-0.0178] s_true=[+0.0000,+0.0000] kg·m
[INFO] [1789062153.735201023] [mhe_node]: [tau_phys] roll=-0.195 pitch=+0.233 Nm
[INFO] [1789062153.735783580] [mhe_node]: [mass-diag] m_est=2.3176 T=22.640N tilt=5.71deg cos=0.99504 | T/g=2.3079 T*cos/g=2.2964 | m_est-T*cos/g=+0.0212kg (+0.92%) vz=+0.010
[INFO] [1789062153.736365348] [mhe_node]: [c_xy_est] cx=+0.0034 cy=-0.0077 m
[INFO] [1789062153.826751680] [mhe_node]: [s-collapse] moment 基准未就绪(窗口 0/20, 越界剔除 133) — 暂不判决
[INFO] [1789062154.826763287] [mhe_node]: [s-collapse] moment 基准未就绪(窗口 0/20, 越界剔除 133) — 暂不判决
[INFO] [1789062155.734913983] [mhe_node]: MHE mass estimate: 2.326 kg (T_phys=23.00N) | solve=7.9ms (max13.8)
[INFO] [1789062155.735489475] [mhe_node]: [truth] m_hat=2.3260 m_true=2.0643 err=+12.68% | c_hat=[+0.0000,+0.0000] c_true=[+0.0000,+0.0000] | Jxx_hat=0.01420 Jxx_true=0.01420 Jyz_hat=+0.00000 Jyz_true=+0.00000 | s_hat=[-0.0267,-0.0182] s_true=[+0.0000,+0.0000] kg·m
[INFO] [1789062155.736011321] [mhe_node]: [tau_phys] roll=-0.175 pitch=-0.012 Nm
[INFO] [1789062155.736605624] [mhe_node]: [mass-diag] m_est=2.3260 T=22.997N tilt=7.78deg cos=0.99080 | T/g=2.3442 T*cos/g=2.3227 | m_est-T*cos/g=+0.0033kg (+0.14%) vz=-0.098
[INFO] [1789062155.737189639] [mhe_node]: [c_xy_est] cx=+0.0034 cy=-0.0077 m
[INFO] [1789062155.826782018] [mhe_node]: [s-collapse] moment 基准未就绪(窗口 0/20, 越界剔除 133) — 暂不判决
[INFO] [1789062156.826790715] [mhe_node]: [s-collapse] moment 基准未就绪(窗口 0/20, 越界剔除 133) — 暂不判决
[INFO] [1789062157.740055676] [mhe_node]: MHE mass estimate: 2.317 kg (T_phys=22.83N) | solve=12.1ms (max19.3)
[INFO] [1789062157.740621566] [mhe_node]: [truth] m_hat=2.3174 m_true=2.0643 err=+12.26% | c_hat=[+0.0000,+0.0000] c_true=[+0.0000,+0.0000] | Jxx_hat=0.01420 Jxx_true=0.01420 Jyz_hat=+0.00000 Jyz_true=+0.00000 | s_hat=[-0.0251,-0.0160] s_true=[+0.0000,+0.0000] kg·m
[INFO] [1789062157.741143792] [mhe_node]: [tau_phys] roll=-0.172 pitch=-0.283 Nm
[INFO] [1789062157.741726624] [mhe_node]: [mass-diag] m_est=2.3174 T=22.833N tilt=10.72deg cos=0.98254 | T/g=2.3275 T*cos/g=2.2868 | m_est-T*cos/g=+0.0306kg (+1.34%) vz=-0.181
[INFO] [1789062157.742317809] [mhe_node]: [c_xy_est] cx=+0.0034 cy=-0.0077 m
[INFO] [1789062157.826791361] [mhe_node]: [s-collapse] moment 基准未就绪(窗口 0/20, 越界剔除 133) — 暂不判决
[WARN] [1789062158.826762212] [mhe_node]: [s-collapse] |s|=0.04273 > 物理上限 0.039 — 动态失真,不参与 moment 投票(本轮累计 137 帧)
[INFO] [1789062159.738068146] [mhe_node]: MHE mass estimate: 2.312 kg (T_phys=22.89N) | solve=8.4ms (max12.6)
[INFO] [1789062159.738634894] [mhe_node]: [truth] m_hat=2.3121 m_true=2.0643 err=+12.00% | c_hat=[+0.0000,+0.0000] c_true=[+0.0000,+0.0000] | Jxx_hat=0.01420 Jxx_true=0.01420 Jyz_hat=+0.00000 Jyz_true=+0.00000 | s_hat=[-0.0425,-0.0202] s_true=[+0.0000,+0.0000] kg·m
[INFO] [1789062159.739156780] [mhe_node]: [tau_phys] roll=-0.174 pitch=+0.369 Nm
[INFO] [1789062159.739740136] [mhe_node]: [mass-diag] m_est=2.3121 T=22.888N tilt=2.92deg cos=0.99870 | T/g=2.3331 T*cos/g=2.3301 | m_est-T*cos/g=-0.0180kg (-0.77%) vz=-0.246
[INFO] [1789062159.740325768] [mhe_node]: [c_xy_est] cx=+0.0034 cy=-0.0077 m
[WARN] [1789062159.826751247] [mhe_node]: [s-collapse] |s|=0.04701 > 物理上限 0.039 — 动态失真,不参与 moment 投票(本轮累计 147 帧)
[WARN] [1789062160.826658222] [mhe_node]: [s-collapse] |s|=0.04456 > 物理上限 0.039 — 动态失真,不参与 moment 投票(本轮累计 157 帧)
[INFO] [1789062161.737511662] [mhe_node]: MHE mass estimate: 2.325 kg (T_phys=23.33N) | solve=7.3ms (max13.1)
[INFO] [1789062161.737919042] [mhe_node]: [truth] m_hat=2.3253 m_true=2.0643 err=+12.64% | c_hat=[+0.0000,+0.0000] c_true=[+0.0000,+0.0000] | Jxx_hat=0.01420 Jxx_true=0.01420 Jyz_hat=+0.00000 Jyz_true=+0.00000 | s_hat=[-0.0345,-0.0224] s_true=[+0.0000,+0.0000] kg·m
[INFO] [1789062161.738287901] [mhe_node]: [tau_phys] roll=-0.225 pitch=+0.344 Nm
[INFO] [1789062161.738691673] [mhe_node]: [mass-diag] m_est=2.3253 T=23.330N tilt=7.80deg cos=0.99075 | T/g=2.3782 T*cos/g=2.3562 | m_est-T*cos/g=-0.0309kg (-1.31%) vz=-0.198
[INFO] [1789062161.739090682] [mhe_node]: [c_xy_est] cx=+0.0034 cy=-0.0077 m
[WARN] [1789062161.826637495] [mhe_node]: [s-collapse] |s|=0.04114 > 物理上限 0.039 — 动态失真,不参与 moment 投票(本轮累计 167 帧)
[INFO] [1789062162.826686758] [mhe_node]: [s-collapse] moment 基准未就绪(窗口 0/20, 越界剔除 169) — 暂不判决
[INFO] [1789062163.734811211] [mhe_node]: MHE mass estimate: 2.333 kg (T_phys=23.28N) | solve=8.2ms (max11.6)
[INFO] [1789062163.735376926] [mhe_node]: [truth] m_hat=2.3328 m_true=2.0643 err=+13.01% | c_hat=[+0.0000,+0.0000] c_true=[+0.0000,+0.0000] | Jxx_hat=0.01420 Jxx_true=0.01420 Jyz_hat=+0.00000 Jyz_true=+0.00000 | s_hat=[-0.0218,-0.0243] s_true=[+0.0000,+0.0000] kg·m
[INFO] [1789062163.735890831] [mhe_node]: [tau_phys] roll=-0.196 pitch=+0.318 Nm
[INFO] [1789062163.736475569] [mhe_node]: [mass-diag] m_est=2.3328 T=23.282N tilt=9.40deg cos=0.98656 | T/g=2.3733 T*cos/g=2.3414 | m_est-T*cos/g=-0.0086kg (-0.37%) vz=-0.072
[INFO] [1789062163.737057074] [mhe_node]: [c_xy_est] cx=+0.0034 cy=-0.0077 m
[INFO] [1789062163.826735380] [mhe_node]: [s-collapse] moment 基准未就绪(窗口 0/20, 越界剔除 169) — 暂不判决
[INFO] [1789062164.826809107] [mhe_node]: [s-collapse] moment 基准未就绪(窗口 0/20, 越界剔除 169) — 暂不判决
[INFO] [1789062165.726700254] [mhe_node]: [release-resid] STRONG 票: ΔT=-2.51N x4帧 (floor 0.9N)
[INFO] [1789062165.742242725] [mhe_node]: MHE mass estimate: 2.266 kg (T_phys=20.12N) | solve=10.4ms (max17.0)
[INFO] [1789062165.742916914] [mhe_node]: [truth] m_hat=2.2661 m_true=2.0643 err=+9.77% | c_hat=[+0.0000,+0.0000] c_true=[+0.0000,+0.0000] | Jxx_hat=0.01420 Jxx_true=0.01420 Jyz_hat=+0.00000 Jyz_true=+0.00000 | s_hat=[-0.0301,-0.0184] s_true=[+0.0000,+0.0000] kg·m
[INFO] [1789062165.743441135] [mhe_node]: [tau_phys] roll=+0.260 pitch=-0.157 Nm
[INFO] [1789062165.744018712] [mhe_node]: [mass-diag] m_est=2.2661 T=20.120N tilt=4.93deg cos=0.99630 | T/g=2.0510 T*cos/g=2.0434 | m_est-T*cos/g=+0.2227kg (+10.90%) vz=-0.028
[INFO] [1789062165.744596587] [mhe_node]: [c_xy_est] cx=+0.0034 cy=-0.0077 m
[INFO] [1789062165.826756367] [mhe_node]: [s-collapse] moment 基准未就绪(窗口 0/20, 越界剔除 169) — 暂不判决
[WARN] [1789062166.513127686] [mhe_node]: MHE solve failed [status=2], skipping this window (streak 1)
[WARN] [1789062166.597809477] [mhe_node]: MHE solve failed [status=2], skipping this window (streak 2)
[WARN] [1789062166.800394021] [mhe_node]: MHE solve failed [status=2], skipping this window (streak 1)
[WARN] [1789062166.826671172] [mhe_node]: [s-collapse] 估计不健康,释放判决暂停 (solve_ok=0 reanchored=0 age=0.16s) — 持续计数已清零
[WARN] [1789062166.898618184] [mhe_node]: MHE solve failed [status=2], skipping this window (streak 2)
[WARN] [1789062166.997658856] [mhe_node]: MHE solve failed [status=2], skipping this window (streak 3)
[INFO] [1789062167.826733109] [mhe_node]: [s-collapse] moment 基准未就绪(窗口 0/20, 越界剔除 169) — 暂不判决
[INFO] [1789062168.268161228] [mhe_node]: MHE mass estimate: 1.961 kg (T_phys=20.72N) | solve=46.2ms (max86.0)
[INFO] [1789062168.268545260] [mhe_node]: [truth] m_hat=1.9611 m_true=2.0643 err=-5.00% | c_hat=[+0.0000,+0.0000] c_true=[+0.0000,+0.0000] | Jxx_hat=0.01420 Jxx_true=0.01420 Jyz_hat=+0.00000 Jyz_true=+0.00000 | s_hat=[-0.0072,+0.0003] s_true=[+0.0000,+0.0000] kg·m
[INFO] [1789062168.268906003] [mhe_node]: [tau_phys] roll=+0.010 pitch=+0.176 Nm
[INFO] [1789062168.269322188] [mhe_node]: [mass-diag] m_est=1.9611 T=20.717N tilt=10.01deg cos=0.98476 | T/g=2.1118 T*cos/g=2.0797 | m_est-T*cos/g=-0.1186kg (-5.70%) vz=+0.116
[INFO] [1789062168.269727551] [mhe_node]: [c_xy_est] cx=+0.0034 cy=-0.0077 m
[INFO] [1789062168.826812024] [mhe_node]: [s-collapse] moment 基准未就绪(窗口 0/20, 越界剔除 169) — 暂不判决
[INFO] [1789062169.826728109] [mhe_node]: [s-collapse] moment 基准未就绪(窗口 0/20, 越界剔除 169) — 暂不判决
[INFO] [1789062170.244438915] [mhe_node]: MHE mass estimate: 2.035 kg (T_phys=20.26N) | solve=31.2ms (max47.6)
[INFO] [1789062170.245106243] [mhe_node]: [truth] m_hat=2.0352 m_true=2.0643 err=-1.41% | c_hat=[+0.0000,+0.0000] c_true=[+0.0000,+0.0000] | Jxx_hat=0.01420 Jxx_true=0.01420 Jyz_hat=+0.00000 Jyz_true=+0.00000 | s_hat=[-0.0253,+0.0001] s_true=[+0.0000,+0.0000] kg·m
[INFO] [1789062170.245629699] [mhe_node]: [tau_phys] roll=+0.009 pitch=+0.330 Nm
[INFO] [1789062170.246217411] [mhe_node]: [mass-diag] m_est=2.0352 T=20.259N tilt=5.79deg cos=0.99490 | T/g=2.0652 T*cos/g=2.0546 | m_est-T*cos/g=-0.0194kg (-0.95%) vz=+0.225
[INFO] [1789062170.246799714] [mhe_node]: [c_xy_est] cx=+0.0034 cy=-0.0077 m
[INFO] [1789062170.826676658] [mhe_node]: [s-collapse] moment 基准未就绪(窗口 0/20, 越界剔除 169) — 暂不判决
[INFO] [1789062171.826721719] [mhe_node]: [s-collapse] moment 基准未就绪(窗口 0/20, 越界剔除 169) — 暂不判决
[INFO] [1789062172.239287901] [mhe_node]: MHE mass estimate: 2.046 kg (T_phys=20.25N) | solve=13.7ms (max19.4)
[INFO] [1789062172.239823884] [mhe_node]: [truth] m_hat=2.0460 m_true=2.0643 err=-0.89% | c_hat=[+0.0000,+0.0000] c_true=[+0.0000,+0.0000] | Jxx_hat=0.01420 Jxx_true=0.01420 Jyz_hat=+0.00000 Jyz_true=+0.00000 | s_hat=[-0.0268,+0.0011] s_true=[+0.0000,+0.0000] kg·m
[INFO] [1789062172.240343986] [mhe_node]: [tau_phys] roll=+0.026 pitch=+0.215 Nm
[INFO] [1789062172.240926371] [mhe_node]: [mass-diag] m_est=2.0460 T=20.252N tilt=5.07deg cos=0.99609 | T/g=2.0644 T*cos/g=2.0563 | m_est-T*cos/g=-0.0104kg (-0.51%) vz=+0.209
[INFO] [1789062172.241509530] [mhe_node]: [c_xy_est] cx=+0.0034 cy=-0.0077 m
[INFO] [1789062172.826667641] [mhe_node]: [s-collapse] moment 基准未就绪(窗口 0/20, 越界剔除 169) — 暂不判决
[INFO] [1789062173.826792356] [mhe_node]: [s-collapse] moment 基准未就绪(窗口 0/20, 越界剔除 169) — 暂不判决
[INFO] [1789062174.238543080] [mhe_node]: MHE mass estimate: 2.051 kg (T_phys=20.35N) | solve=17.1ms (max22.9)
[INFO] [1789062174.239072656] [mhe_node]: [truth] m_hat=2.0508 m_true=2.0643 err=-0.65% | c_hat=[+0.0000,+0.0000] c_true=[+0.0000,+0.0000] | Jxx_hat=0.01420 Jxx_true=0.01420 Jyz_hat=+0.00000 Jyz_true=+0.00000 | s_hat=[-0.0143,+0.0019] s_true=[+0.0000,+0.0000] kg·m
[INFO] [1789062174.239591523] [mhe_node]: [tau_phys] roll=+0.036 pitch=+0.177 Nm
[INFO] [1789062174.240179964] [mhe_node]: [mass-diag] m_est=2.0508 T=20.347N tilt=9.12deg cos=0.98737 | T/g=2.0741 T*cos/g=2.0479 | m_est-T*cos/g=+0.0029kg (+0.14%) vz=+0.139
[INFO] [1789062174.240761172] [mhe_node]: [c_xy_est] cx=+0.0034 cy=-0.0077 m
[INFO] [1789062174.826773502] [mhe_node]: [s-collapse] moment 基准未就绪(窗口 0/20, 越界剔除 169) — 暂不判决
[INFO] [1789062175.826729605] [mhe_node]: [s-collapse] moment 基准未就绪(窗口 0/20, 越界剔除 169) — 暂不判决
[INFO] [1789062176.238485275] [mhe_node]: MHE mass estimate: 2.050 kg (T_phys=20.04N) | solve=12.6ms (max18.9)
[INFO] [1789062176.239035878] [mhe_node]: [truth] m_hat=2.0502 m_true=2.0643 err=-0.69% | c_hat=[+0.0000,+0.0000] c_true=[+0.0000,+0.0000] | Jxx_hat=0.01420 Jxx_true=0.01420 Jyz_hat=+0.00000 Jyz_true=+0.00000 | s_hat=[-0.0190,+0.0016] s_true=[+0.0000,+0.0000] kg·m
[INFO] [1789062176.239558753] [mhe_node]: [tau_phys] roll=+0.028 pitch=+0.223 Nm
[INFO] [1789062176.240154820] [mhe_node]: [mass-diag] m_est=2.0502 T=20.044N tilt=5.24deg cos=0.99583 | T/g=2.0432 T*cos/g=2.0347 | m_est-T*cos/g=+0.0155kg (+0.76%) vz=+0.029
[INFO] [1789062176.240737976] [mhe_node]: [c_xy_est] cx=+0.0034 cy=-0.0077 m
[INFO] [1789062176.826680001] [mhe_node]: [s-collapse] moment 基准未就绪(窗口 0/20, 越界剔除 169) — 暂不判决
[INFO] [1789062177.826724330] [mhe_node]: [s-collapse] moment 基准未就绪(窗口 0/20, 越界剔除 169) — 暂不判决
[INFO] [1789062178.245970177] [mhe_node]: MHE mass estimate: 2.014 kg (T_phys=20.15N) | solve=15.3ms (max27.7)
[INFO] [1789062178.246515763] [mhe_node]: [truth] m_hat=2.0140 m_true=2.0643 err=-2.43% | c_hat=[+0.0000,+0.0000] c_true=[+0.0000,+0.0000] | Jxx_hat=0.01420 Jxx_true=0.01420 Jyz_hat=+0.00000 Jyz_true=+0.00000 | s_hat=[-0.0152,-0.0001] s_true=[+0.0000,+0.0000] kg·m
[INFO] [1789062178.247030782] [mhe_node]: [tau_phys] roll=+0.020 pitch=+0.110 Nm
[INFO] [1789062178.247617433] [mhe_node]: [mass-diag] m_est=2.0140 T=20.151N tilt=4.41deg cos=0.99703 | T/g=2.0541 T*cos/g=2.0480 | m_est-T*cos/g=-0.0340kg (-1.66%) vz=-0.049
[INFO] [1789062178.248198743] [mhe_node]: [c_xy_est] cx=+0.0034 cy=-0.0077 m
[INFO] [1789062178.826594064] [mhe_node]: [s-collapse] moment 基准未就绪(窗口 0/20, 越界剔除 169) — 暂不判决
[INFO] [1789062179.826727211] [mhe_node]: [s-collapse] moment 基准未就绪(窗口 1/20, 越界剔除 169) — 暂不判决
[INFO] [1789062180.240930322] [mhe_node]: MHE mass estimate: 2.053 kg (T_phys=20.29N) | solve=14.8ms (max26.5)
[INFO] [1789062180.241472791] [mhe_node]: [truth] m_hat=2.0534 m_true=2.0643 err=-0.53% | c_hat=[+0.0000,+0.0000] c_true=[+0.0000,+0.0000] | Jxx_hat=0.01420 Jxx_true=0.01420 Jyz_hat=+0.00000 Jyz_true=+0.00000 | s_hat=[-0.0022,+0.0003] s_true=[+0.0000,+0.0000] kg·m
[INFO] [1789062180.241992229] [mhe_node]: [tau_phys] roll=-0.001 pitch=-0.010 Nm
[INFO] [1789062180.242589619] [mhe_node]: [mass-diag] m_est=2.0534 T=20.290N tilt=1.43deg cos=0.99969 | T/g=2.0683 T*cos/g=2.0676 | m_est-T*cos/g=-0.0142kg (-0.69%) vz=+0.002
[INFO] [1789062180.243179135] [mhe_node]: [c_xy_est] cx=+0.0034 cy=-0.0077 m
[INFO] [1789062180.826772888] [mhe_node]: [s-collapse] moment 基准未就绪(窗口 11/20, 越界剔除 169) — 暂不判决
[INFO] [1789062181.726654844] [mhe_node]: [payload-state] LOADED->EMPTY (drop, m_p=-0.005kg)
[INFO] [1789062181.726875582] [mhe_node]: [c_xy_est] 载荷释放(mass-based m_p<0.030kg x20帧) → 在线偏心估计归零(重新播种)
[INFO] [1789062181.738847205] [mhe_node]: [s-decay] n=1 |s_est|=0.00075 |s_target|=0.00000 |s_out|=0.00036 d_s_out=-0.00018 conf=0.998 present=0 armed=0 latched=1 health=1
[INFO] [1789062181.831894922] [mhe_node]: [s-decay] n=2 |s_est|=0.00078 |s_target|=0.00000 |s_out|=0.00024 d_s_out=-0.00012 conf=0.999 present=0 armed=0 latched=1 health=1
[INFO] [1789062181.932301475] [mhe_node]: [s-decay] n=3 |s_est|=0.00080 |s_target|=0.00000 |s_out|=0.00016 d_s_out=-0.00008 conf=0.999 present=0 armed=0 latched=1 health=1
[INFO] [1789062182.032250800] [mhe_node]: [s-decay] n=4 |s_est|=0.00082 |s_target|=0.00000 |s_out|=0.00011 d_s_out=-0.00005 conf=0.999 present=0 armed=0 latched=1 health=1
[INFO] [1789062182.132210027] [mhe_node]: [s-decay] n=5 |s_est|=0.00082 |s_target|=0.00000 |s_out|=0.00007 d_s_out=-0.00004 conf=1.000 present=0 armed=0 latched=1 health=1
[INFO] [1789062182.231387863] [mhe_node]: MHE mass estimate: 2.059 kg (T_phys=20.19N) | solve=5.6ms (max11.0)
[INFO] [1789062182.231919131] [mhe_node]: [truth] m_hat=2.0586 m_true=2.0643 err=-0.28% | c_hat=[+0.0000,+0.0000] c_true=[+0.0000,+0.0000] | Jxx_hat=0.01420 Jxx_true=0.01420 Jyz_hat=+0.00000 Jyz_true=+0.00000 | s_hat=[+0.0008,-0.0001] s_true=[+0.0000,+0.0000] kg·m
[INFO] [1789062182.232438688] [mhe_node]: [tau_phys] roll=-0.004 pitch=-0.007 Nm
[INFO] [1789062182.233020443] [mhe_node]: [mass-diag] m_est=2.0586 T=20.195N tilt=0.34deg cos=0.99998 | T/g=2.0586 T*cos/g=2.0586 | m_est-T*cos/g=-0.0000kg (-0.00%) vz=-0.012
[INFO] [1789062182.233639575] [mhe_node]: [c_xy_est] cx=+0.0004 cy=-0.0000 m
[INFO] [1789062182.234006635] [mhe_node]: [s-decay] n=6 |s_est|=0.00082 |s_target|=0.00000 |s_out|=0.00005 d_s_out=-0.00002 conf=1.000 present=0 armed=0 latched=1 health=1
[INFO] [1789062182.331165961] [mhe_node]: [s-decay] n=7 |s_est|=0.00082 |s_target|=0.00000 |s_out|=0.00003 d_s_out=-0.00002 conf=1.000 present=0 armed=0 latched=1 health=1
[INFO] [1789062182.430998841] [mhe_node]: [s-decay] n=8 |s_est|=0.00082 |s_target|=0.00000 |s_out|=0.00002 d_s_out=-0.00001 conf=1.000 present=0 armed=0 latched=1 health=1
[INFO] [1789062182.531043738] [mhe_node]: [s-decay] n=9 |s_est|=0.00081 |s_target|=0.00000 |s_out|=0.00001 d_s_out=-0.00001 conf=1.000 present=0 armed=0 latched=1 health=1
[INFO] [1789062182.631313104] [mhe_node]: [s-decay] n=10 |s_est|=0.00080 |s_target|=0.00000 |s_out|=0.00001 d_s_out=-0.00000 conf=1.000 present=0 armed=0 latched=1 health=1
[INFO] [1789062182.731279808] [mhe_node]: [s-decay] n=11 |s_est|=0.00078 |s_target|=0.00000 |s_out|=0.00001 d_s_out=-0.00000 conf=1.000 present=0 armed=0 latched=1 health=1
[INFO] [1789062182.830360657] [mhe_node]: [s-decay] n=12 |s_est|=0.00076 |s_target|=0.00000 |s_out|=0.00000 d_s_out=-0.00000 conf=1.000 present=0 armed=0 latched=1 health=1
[INFO] [1789062182.931963839] [mhe_node]: [s-decay] n=13 |s_est|=0.00074 |s_target|=0.00000 |s_out|=0.00000 d_s_out=-0.00000 conf=1.000 present=0 armed=0 latched=1 health=1
[INFO] [1789062183.031947405] [mhe_node]: [s-decay] n=14 |s_est|=0.00071 |s_target|=0.00000 |s_out|=0.00000 d_s_out=-0.00000 conf=1.000 present=0 armed=0 latched=1 health=1
[INFO] [1789062183.131910315] [mhe_node]: [s-decay] n=15 |s_est|=0.00068 |s_target|=0.00000 |s_out|=0.00000 d_s_out=-0.00000 conf=1.000 present=0 armed=0 latched=1 health=1
[INFO] [1789062183.231949716] [mhe_node]: [s-decay] n=16 |s_est|=0.00065 |s_target|=0.00000 |s_out|=0.00000 d_s_out=-0.00000 conf=1.000 present=0 armed=0 latched=1 health=1
[INFO] [1789062183.331057398] [mhe_node]: [s-decay] n=17 |s_est|=0.00063 |s_target|=0.00000 |s_out|=0.00000 d_s_out=-0.00000 conf=1.000 present=0 armed=0 latched=1 health=1
[INFO] [1789062183.431014449] [mhe_node]: [s-decay] n=18 |s_est|=0.00061 |s_target|=0.00000 |s_out|=0.00000 d_s_out=-0.00000 conf=1.000 present=0 armed=0 latched=1 health=1
[INFO] [1789062183.530987841] [mhe_node]: [s-decay] n=19 |s_est|=0.00058 |s_target|=0.00000 |s_out|=0.00000 d_s_out=-0.00000 conf=1.000 present=0 armed=0 latched=1 health=1
[INFO] [1789062183.631036688] [mhe_node]: [s-decay] n=20 |s_est|=0.00056 |s_target|=0.00000 |s_out|=0.00000 d_s_out=-0.00000 conf=1.000 present=0 armed=0 latched=1 health=1
[INFO] [1789062183.732132120] [mhe_node]: [s-decay] n=21 |s_est|=0.00053 |s_target|=0.00000 |s_out|=0.00000 d_s_out=-0.00000 conf=1.000 present=0 armed=0 latched=1 health=1
[INFO] [1789062183.831926703] [mhe_node]: [s-decay] n=22 |s_est|=0.00049 |s_target|=0.00000 |s_out|=0.00000 d_s_out=-0.00000 conf=1.000 present=0 armed=0 latched=1 health=1
[INFO] [1789062183.930956435] [mhe_node]: [s-decay] n=23 |s_est|=0.00046 |s_target|=0.00000 |s_out|=0.00000 d_s_out=-0.00000 conf=1.000 present=0 armed=0 latched=1 health=1
[INFO] [1789062184.032050718] [mhe_node]: [s-decay] n=24 |s_est|=0.00043 |s_target|=0.00000 |s_out|=0.00000 d_s_out=-0.00000 conf=1.000 present=0 armed=0 latched=1 health=1
[INFO] [1789062184.131981819] [mhe_node]: [s-decay] n=25 |s_est|=0.00040 |s_target|=0.00000 |s_out|=0.00000 d_s_out=-0.00000 conf=1.000 present=0 armed=0 latched=1 health=1
[INFO] [1789062184.230360752] [mhe_node]: MHE mass estimate: 2.063 kg (T_phys=20.23N) | solve=4.0ms (max4.6)
[INFO] [1789062184.230747650] [mhe_node]: [truth] m_hat=2.0627 m_true=2.0643 err=-0.08% | c_hat=[+0.0000,+0.0000] c_true=[+0.0000,+0.0000] | Jxx_hat=0.01420 Jxx_true=0.01420 Jyz_hat=+0.00000 Jyz_true=+0.00000 | s_hat=[+0.0002,-0.0003] s_true=[+0.0000,+0.0000] kg·m
[INFO] [1789062184.231114479] [mhe_node]: [tau_phys] roll=-0.003 pitch=+0.000 Nm
[INFO] [1789062184.231534575] [mhe_node]: [mass-diag] m_est=2.0627 T=20.232N tilt=0.93deg cos=0.99987 | T/g=2.0624 T*cos/g=2.0622 | m_est-T*cos/g=+0.0005kg (+0.03%) vz=+0.007
[INFO] [1789062184.231951988] [mhe_node]: [c_xy_est] cx=+0.0001 cy=-0.0002 m
[INFO] [1789062184.232228288] [mhe_node]: [s-decay] n=26 |s_est|=0.00037 |s_target|=0.00000 |s_out|=0.00000 d_s_out=-0.00000 conf=1.000 present=0 armed=0 latched=1 health=1
[INFO] [1789062184.330291604] [mhe_node]: [s-decay] n=27 |s_est|=0.00035 |s_target|=0.00000 |s_out|=0.00000 d_s_out=-0.00000 conf=1.000 present=0 armed=0 latched=1 health=1
[INFO] [1789062184.430203051] [mhe_node]: [s-decay] n=28 |s_est|=0.00032 |s_target|=0.00000 |s_out|=0.00000 d_s_out=-0.00000 conf=1.000 present=0 armed=0 latched=1 health=1
[INFO] [1789062184.531879274] [mhe_node]: [s-decay] n=29 |s_est|=0.00030 |s_target|=0.00000 |s_out|=0.00000 d_s_out=-0.00000 conf=1.000 present=0 armed=0 latched=1 health=1
[INFO] [1789062184.631995068] [mhe_node]: [s-decay] n=30 |s_est|=0.00029 |s_target|=0.00000 |s_out|=0.00000 d_s_out=-0.00000 conf=1.000 present=0 armed=0 latched=1 health=1
[INFO] [1789062184.730213679] [mhe_node]: [s-decay] n=31 |s_est|=0.00029 |s_target|=0.00000 |s_out|=0.00000 d_s_out=-0.00000 conf=1.000 present=0 armed=0 latched=1 health=1
[INFO] [1789062184.830924141] [mhe_node]: [s-decay] n=32 |s_est|=0.00029 |s_target|=0.00000 |s_out|=0.00000 d_s_out=-0.00000 conf=1.000 present=0 armed=0 latched=1 health=1
[INFO] [1789062184.930962475] [mhe_node]: [s-decay] n=33 |s_est|=0.00029 |s_target|=0.00000 |s_out|=0.00000 d_s_out=-0.00000 conf=1.000 present=0 armed=0 latched=1 health=1
[INFO] [1789062185.031069732] [mhe_node]: [s-decay] n=34 |s_est|=0.00030 |s_target|=0.00000 |s_out|=0.00000 d_s_out=-0.00000 conf=1.000 present=0 armed=0 latched=1 health=1
[INFO] [1789062185.130990868] [mhe_node]: [s-decay] n=35 |s_est|=0.00030 |s_target|=0.00000 |s_out|=0.00000 d_s_out=-0.00000 conf=1.000 present=0 armed=0 latched=1 health=1
[INFO] [1789062185.230955066] [mhe_node]: [s-decay] n=36 |s_est|=0.00030 |s_target|=0.00000 |s_out|=0.00000 d_s_out=-0.00000 conf=1.000 present=0 armed=0 latched=1 health=1
[INFO] [1789062185.330943511] [mhe_node]: [s-decay] n=37 |s_est|=0.00030 |s_target|=0.00000 |s_out|=0.00000 d_s_out=-0.00000 conf=1.000 present=0 armed=0 latched=1 health=1
[INFO] [1789062185.431217328] [mhe_node]: [s-decay] n=38 |s_est|=0.00030 |s_target|=0.00000 |s_out|=0.00000 d_s_out=-0.00000 conf=1.000 present=0 armed=0 latched=1 health=1
[INFO] [1789062185.531053563] [mhe_node]: [s-decay] n=39 |s_est|=0.00030 |s_target|=0.00000 |s_out|=0.00000 d_s_out=-0.00000 conf=1.000 present=0 armed=0 latched=1 health=1
[INFO] [1789062185.630902921] [mhe_node]: [s-decay] n=40 |s_est|=0.00031 |s_target|=0.00000 |s_out|=0.00000 d_s_out=-0.00000 conf=1.000 present=0 armed=0 latched=1 health=1
[INFO] [1789062185.730982579] [mhe_node]: [s-decay] n=41 |s_est|=0.00031 |s_target|=0.00000 |s_out|=0.00000 d_s_out=-0.00000 conf=1.000 present=0 armed=0 latched=1 health=1
[INFO] [1789062185.831006036] [mhe_node]: [s-decay] n=42 |s_est|=0.00032 |s_target|=0.00000 |s_out|=0.00000 d_s_out=-0.00000 conf=1.000 present=0 armed=0 latched=1 health=1
[INFO] [1789062185.930990616] [mhe_node]: [s-decay] n=43 |s_est|=0.00031 |s_target|=0.00000 |s_out|=0.00000 d_s_out=-0.00000 conf=1.000 present=0 armed=0 latched=1 health=1
[INFO] [1789062186.031233435] [mhe_node]: [s-decay] n=44 |s_est|=0.00031 |s_target|=0.00000 |s_out|=0.00000 d_s_out=-0.00000 conf=1.000 present=0 armed=0 latched=1 health=1
[INFO] [1789062186.130979520] [mhe_node]: [s-decay] n=45 |s_est|=0.00030 |s_target|=0.00000 |s_out|=0.00000 d_s_out=-0.00000 conf=1.000 present=0 armed=0 latched=1 health=1
[INFO] [1789062186.231053691] [mhe_node]: MHE mass estimate: 2.062 kg (T_phys=20.34N) | solve=3.6ms (max4.5)
[INFO] [1789062186.231587720] [mhe_node]: [truth] m_hat=2.0617 m_true=2.0643 err=-0.13% | c_hat=[+0.0000,+0.0000] c_true=[+0.0000,+0.0000] | Jxx_hat=0.01420 Jxx_true=0.01420 Jyz_hat=+0.00000 Jyz_true=+0.00000 | s_hat=[-0.0002,-0.0002] s_true=[+0.0000,+0.0000] kg·m
[INFO] [1789062186.232090046] [mhe_node]: [tau_phys] roll=+0.002 pitch=+0.004 Nm
[INFO] [1789062186.232666648] [mhe_node]: [mass-diag] m_est=2.0617 T=20.341N tilt=0.51deg cos=0.99996 | T/g=2.0735 T*cos/g=2.0735 | m_est-T*cos/g=-0.0118kg (-0.57%) vz=+0.003
[INFO] [1789062186.233247338] [mhe_node]: [c_xy_est] cx=-0.0001 cy=-0.0001 m
[INFO] [1789062186.233606728] [mhe_node]: [s-decay] n=46 |s_est|=0.00029 |s_target|=0.00000 |s_out|=0.00000 d_s_out=-0.00000 conf=1.000 present=0 armed=0 latched=1 health=1
[INFO] [1789062186.330888964] [mhe_node]: [s-decay] n=47 |s_est|=0.00028 |s_target|=0.00000 |s_out|=0.00000 d_s_out=-0.00000 conf=1.000 present=0 armed=0 latched=1 health=1
[INFO] [1789062186.431078541] [mhe_node]: [s-decay] n=48 |s_est|=0.00027 |s_target|=0.00000 |s_out|=0.00000 d_s_out=-0.00000 conf=1.000 present=0 armed=0 latched=1 health=1
[INFO] [1789062186.530894740] [mhe_node]: [s-decay] n=49 |s_est|=0.00026 |s_target|=0.00000 |s_out|=0.00000 d_s_out=-0.00000 conf=1.000 present=0 armed=0 latched=1 health=1
[INFO] [1789062186.630957783] [mhe_node]: [s-decay] n=50 |s_est|=0.00027 |s_target|=0.00000 |s_out|=0.00000 d_s_out=-0.00000 conf=1.000 present=0 armed=0 latched=1 health=1
[INFO] [1789062186.731008184] [mhe_node]: [s-decay] n=51 |s_est|=0.00027 |s_target|=0.00000 |s_out|=0.00000 d_s_out=-0.00000 conf=1.000 present=0 armed=0 latched=1 health=1
[INFO] [1789062186.832018395] [mhe_node]: [s-decay] n=52 |s_est|=0.00028 |s_target|=0.00000 |s_out|=0.00000 d_s_out=-0.00000 conf=1.000 present=0 armed=0 latched=1 health=1
[INFO] [1789062186.931957354] [mhe_node]: [s-decay] n=53 |s_est|=0.00030 |s_target|=0.00000 |s_out|=0.00000 d_s_out=-0.00000 conf=1.000 present=0 armed=0 latched=1 health=1
[INFO] [1789062187.031979786] [mhe_node]: [s-decay] n=54 |s_est|=0.00031 |s_target|=0.00000 |s_out|=0.00000 d_s_out=-0.00000 conf=1.000 present=0 armed=0 latched=1 health=1
[INFO] [1789062187.132940783] [mhe_node]: [s-decay] n=55 |s_est|=0.00033 |s_target|=0.00000 |s_out|=0.00000 d_s_out=-0.00000 conf=1.000 present=0 armed=0 latched=1 health=1
[INFO] [1789062187.231944795] [mhe_node]: [s-decay] n=56 |s_est|=0.00036 |s_target|=0.00000 |s_out|=0.00000 d_s_out=-0.00000 conf=1.000 present=0 armed=0 latched=1 health=1
[INFO] [1789062187.331156042] [mhe_node]: [s-decay] n=57 |s_est|=0.00038 |s_target|=0.00000 |s_out|=0.00000 d_s_out=-0.00000 conf=1.000 present=0 armed=0 latched=1 health=1
[INFO] [1789062187.432093714] [mhe_node]: [s-decay] n=58 |s_est|=0.00041 |s_target|=0.00000 |s_out|=0.00000 d_s_out=-0.00000 conf=1.000 present=0 armed=0 latched=1 health=1
[INFO] [1789062187.534017200] [mhe_node]: [s-decay] n=59 |s_est|=0.00043 |s_target|=0.00000 |s_out|=0.00000 d_s_out=-0.00000 conf=1.000 present=0 armed=0 latched=1 health=1
[INFO] [1789062187.632979474] [mhe_node]: [s-decay] n=60 |s_est|=0.00047 |s_target|=0.00000 |s_out|=0.00000 d_s_out=-0.00000 conf=1.000 present=0 armed=0 latched=1 health=1
[INFO] [1789062187.734028706] [mhe_node]: [s-decay] n=61 |s_est|=0.00050 |s_target|=0.00000 |s_out|=0.00000 d_s_out=-0.00000 conf=1.000 present=0 armed=0 latched=1 health=1
[INFO] [1789062187.834174841] [mhe_node]: [s-decay] n=62 |s_est|=0.00052 |s_target|=0.00000 |s_out|=0.00000 d_s_out=-0.00000 conf=1.000 present=0 armed=0 latched=1 health=1
[INFO] [1789062187.931905834] [mhe_node]: [s-decay] n=63 |s_est|=0.00053 |s_target|=0.00000 |s_out|=0.00000 d_s_out=-0.00000 conf=1.000 present=0 armed=0 latched=1 health=1
[INFO] [1789062188.030929839] [mhe_node]: [s-decay] n=64 |s_est|=0.00054 |s_target|=0.00000 |s_out|=0.00000 d_s_out=-0.00000 conf=1.000 present=0 armed=0 latched=1 health=1
[INFO] [1789062188.131002749] [mhe_node]: [s-decay] n=65 |s_est|=0.00055 |s_target|=0.00000 |s_out|=0.00000 d_s_out=-0.00000 conf=1.000 present=0 armed=0 latched=1 health=1
[INFO] [1789062188.231098958] [mhe_node]: MHE mass estimate: 2.061 kg (T_phys=20.26N) | solve=4.5ms (max6.8)
[INFO] [1789062188.231768053] [mhe_node]: [truth] m_hat=2.0609 m_true=2.0643 err=-0.16% | c_hat=[+0.0000,+0.0000] c_true=[+0.0000,+0.0000] | Jxx_hat=0.01420 Jxx_true=0.01420 Jyz_hat=+0.00000 Jyz_true=+0.00000 | s_hat=[-0.0005,-0.0000] s_true=[+0.0000,+0.0000] kg·m
[INFO] [1789062188.232292216] [mhe_node]: [tau_phys] roll=-0.001 pitch=+0.008 Nm
[INFO] [1789062188.232880411] [mhe_node]: [mass-diag] m_est=2.0609 T=20.257N tilt=0.60deg cos=0.99995 | T/g=2.0650 T*cos/g=2.0649 | m_est-T*cos/g=-0.0040kg (-0.19%) vz=-0.006
[INFO] [1789062188.233465236] [mhe_node]: [c_xy_est] cx=-0.0003 cy=-0.0000 m
[INFO] [1789062188.233833230] [mhe_node]: [s-decay] n=66 |s_est|=0.00055 |s_target|=0.00000 |s_out|=0.00000 d_s_out=-0.00000 conf=1.000 present=0 armed=0 latched=1 health=1
[INFO] [1789062188.330948591] [mhe_node]: [s-decay] n=67 |s_est|=0.00056 |s_target|=0.00000 |s_out|=0.00000 d_s_out=-0.00000 conf=1.000 present=0 armed=0 latched=1 health=1
[INFO] [1789062188.430970312] [mhe_node]: [s-decay] n=68 |s_est|=0.00056 |s_target|=0.00000 |s_out|=0.00000 d_s_out=-0.00000 conf=1.000 present=0 armed=0 latched=1 health=1
[INFO] [1789062188.530950484] [mhe_node]: [s-decay] n=69 |s_est|=0.00056 |s_target|=0.00000 |s_out|=0.00000 d_s_out=-0.00000 conf=1.000 present=0 armed=0 latched=1 health=1
[INFO] [1789062188.631010750] [mhe_node]: [s-decay] n=70 |s_est|=0.00056 |s_target|=0.00000 |s_out|=0.00000 d_s_out=-0.00000 conf=1.000 present=0 armed=0 latched=1 health=1
[INFO] [1789062188.730937590] [mhe_node]: [s-decay] n=71 |s_est|=0.00056 |s_target|=0.00000 |s_out|=0.00000 d_s_out=-0.00000 conf=1.000 present=0 armed=0 latched=1 health=1
[INFO] [1789062188.830896080] [mhe_node]: [s-decay] n=72 |s_est|=0.00056 |s_target|=0.00000 |s_out|=0.00000 d_s_out=-0.00000 conf=1.000 present=0 armed=0 latched=1 health=1
[INFO] [1789062188.930963762] [mhe_node]: [s-decay] n=73 |s_est|=0.00057 |s_target|=0.00000 |s_out|=0.00000 d_s_out=-0.00000 conf=1.000 present=0 armed=0 latched=1 health=1
[INFO] [1789062189.031212508] [mhe_node]: [s-decay] n=74 |s_est|=0.00057 |s_target|=0.00000 |s_out|=0.00000 d_s_out=-0.00000 conf=1.000 present=0 armed=0 latched=1 health=1
[INFO] [1789062189.131119420] [mhe_node]: [s-decay] n=75 |s_est|=0.00056 |s_target|=0.00000 |s_out|=0.00000 d_s_out=-0.00000 conf=1.000 present=0 armed=0 latched=1 health=1
[INFO] [1789062189.231263037] [mhe_node]: [s-decay] n=76 |s_est|=0.00055 |s_target|=0.00000 |s_out|=0.00000 d_s_out=-0.00000 conf=1.000 present=0 armed=0 latched=1 health=1
[INFO] [1789062189.331245887] [mhe_node]: [s-decay] n=77 |s_est|=0.00055 |s_target|=0.00000 |s_out|=0.00000 d_s_out=-0.00000 conf=1.000 present=0 armed=0 latched=1 health=1
[INFO] [1789062189.431054391] [mhe_node]: [s-decay] n=78 |s_est|=0.00054 |s_target|=0.00000 |s_out|=0.00000 d_s_out=-0.00000 conf=1.000 present=0 armed=0 latched=1 health=1
[INFO] [1789062189.531041551] [mhe_node]: [s-decay] n=79 |s_est|=0.00054 |s_target|=0.00000 |s_out|=0.00000 d_s_out=-0.00000 conf=1.000 present=0 armed=0 latched=1 health=1
[INFO] [1789062189.631001188] [mhe_node]: [s-decay] n=80 |s_est|=0.00054 |s_target|=0.00000 |s_out|=0.00000 d_s_out=-0.00000 conf=1.000 present=0 armed=0 latched=1 health=1
[INFO] [1789062189.731043008] [mhe_node]: [s-decay] n=81 |s_est|=0.00054 |s_target|=0.00000 |s_out|=0.00000 d_s_out=-0.00000 conf=1.000 present=0 armed=0 latched=1 health=1
[INFO] [1789062189.830993488] [mhe_node]: [s-decay] n=82 |s_est|=0.00055 |s_target|=0.00000 |s_out|=0.00000 d_s_out=-0.00000 conf=1.000 present=0 armed=0 latched=1 health=1
[INFO] [1789062189.930892164] [mhe_node]: [s-decay] n=83 |s_est|=0.00054 |s_target|=0.00000 |s_out|=0.00000 d_s_out=-0.00000 conf=1.000 present=0 armed=0 latched=1 health=1
[INFO] [1789062190.030982842] [mhe_node]: [s-decay] n=84 |s_est|=0.00053 |s_target|=0.00000 |s_out|=0.00000 d_s_out=-0.00000 conf=1.000 present=0 armed=0 latched=1 health=1
[INFO] [1789062190.130986776] [mhe_node]: [s-decay] n=85 |s_est|=0.00052 |s_target|=0.00000 |s_out|=0.00000 d_s_out=-0.00000 conf=1.000 present=0 armed=0 latched=1 health=1
[INFO] [1789062190.231144378] [mhe_node]: MHE mass estimate: 2.061 kg (T_phys=20.18N) | solve=3.6ms (max3.9)
[INFO] [1789062190.231670843] [mhe_node]: [truth] m_hat=2.0613 m_true=2.0643 err=-0.15% | c_hat=[+0.0000,+0.0000] c_true=[+0.0000,+0.0000] | Jxx_hat=0.01420 Jxx_true=0.01420 Jyz_hat=+0.00000 Jyz_true=+0.00000 | s_hat=[-0.0005,-0.0001] s_true=[+0.0000,+0.0000] kg·m
[INFO] [1789062190.232188889] [mhe_node]: [tau_phys] roll=-0.000 pitch=+0.008 Nm
[INFO] [1789062190.232770151] [mhe_node]: [mass-diag] m_est=2.0613 T=20.179N tilt=0.67deg cos=0.99993 | T/g=2.0570 T*cos/g=2.0568 | m_est-T*cos/g=+0.0045kg (+0.22%) vz=-0.008
[INFO] [1789062190.233344069] [mhe_node]: [c_xy_est] cx=-0.0002 cy=-0.0000 m
[INFO] [1789062190.233712611] [mhe_node]: [s-decay] n=86 |s_est|=0.00051 |s_target|=0.00000 |s_out|=0.00000 d_s_out=-0.00000 conf=1.000 present=0 armed=0 latched=1 health=1
[INFO] [1789062190.331008010] [mhe_node]: [s-decay] n=87 |s_est|=0.00051 |s_target|=0.00000 |s_out|=0.00000 d_s_out=-0.00000 conf=1.000 present=0 armed=0 latched=1 health=1
[INFO] [1789062190.430943521] [mhe_node]: [s-decay] n=88 |s_est|=0.00051 |s_target|=0.00000 |s_out|=0.00000 d_s_out=-0.00000 conf=1.000 present=0 armed=0 latched=1 health=1
[INFO] [1789062190.530950428] [mhe_node]: [s-decay] n=89 |s_est|=0.00051 |s_target|=0.00000 |s_out|=0.00000 d_s_out=-0.00000 conf=1.000 present=0 armed=0 latched=1 health=1
[INFO] [1789062190.630966987] [mhe_node]: [s-decay] n=90 |s_est|=0.00051 |s_target|=0.00000 |s_out|=0.00000 d_s_out=-0.00000 conf=1.000 present=0 armed=0 latched=1 health=1
[INFO] [1789062190.731042082] [mhe_node]: [s-decay] n=91 |s_est|=0.00051 |s_target|=0.00000 |s_out|=0.00000 d_s_out=-0.00000 conf=1.000 present=0 armed=0 latched=1 health=1
[INFO] [1789062190.829751700] [mhe_node]: [s-decay] n=92 |s_est|=0.00050 |s_target|=0.00000 |s_out|=0.00000 d_s_out=-0.00000 conf=1.000 present=0 armed=0 latched=1 health=1
[INFO] [1789062190.931158788] [mhe_node]: [s-decay] n=93 |s_est|=0.00049 |s_target|=0.00000 |s_out|=0.00000 d_s_out=-0.00000 conf=1.000 present=0 armed=0 latched=1 health=1
[INFO] [1789062191.031021817] [mhe_node]: [s-decay] n=94 |s_est|=0.00048 |s_target|=0.00000 |s_out|=0.00000 d_s_out=-0.00000 conf=1.000 present=0 armed=0 latched=1 health=1
[INFO] [1789062191.131017137] [mhe_node]: [s-decay] n=95 |s_est|=0.00047 |s_target|=0.00000 |s_out|=0.00000 d_s_out=-0.00000 conf=1.000 present=0 armed=0 latched=1 health=1
[INFO] [1789062191.231184136] [mhe_node]: [s-decay] n=96 |s_est|=0.00045 |s_target|=0.00000 |s_out|=0.00000 d_s_out=-0.00000 conf=1.000 present=0 armed=0 latched=1 health=1
[INFO] [1789062191.331263134] [mhe_node]: [s-decay] n=97 |s_est|=0.00045 |s_target|=0.00000 |s_out|=0.00000 d_s_out=-0.00000 conf=1.000 present=0 armed=0 latched=1 health=1
[INFO] [1789062191.431140924] [mhe_node]: [s-decay] n=98 |s_est|=0.00044 |s_target|=0.00000 |s_out|=0.00000 d_s_out=-0.00000 conf=1.000 present=0 armed=0 latched=1 health=1
[INFO] [1789062191.530988339] [mhe_node]: [s-decay] n=99 |s_est|=0.00043 |s_target|=0.00000 |s_out|=0.00000 d_s_out=-0.00000 conf=1.000 present=0 armed=0 latched=1 health=1
[INFO] [1789062191.631002687] [mhe_node]: [s-decay] n=100 |s_est|=0.00043 |s_target|=0.00000 |s_out|=0.00000 d_s_out=-0.00000 conf=1.000 present=0 armed=0 latched=1 health=1
[INFO] [1789062192.231072337] [mhe_node]: MHE mass estimate: 2.059 kg (T_phys=20.19N) | solve=3.6ms (max3.8)
[INFO] [1789062192.231609563] [mhe_node]: [truth] m_hat=2.0592 m_true=2.0643 err=-0.25% | c_hat=[+0.0000,+0.0000] c_true=[+0.0000,+0.0000] | Jxx_hat=0.01420 Jxx_true=0.01420 Jyz_hat=+0.00000 Jyz_true=+0.00000 | s_hat=[-0.0004,+0.0000] s_true=[+0.0000,+0.0000] kg·m
[INFO] [1789062192.232127933] [mhe_node]: [tau_phys] roll=+0.005 pitch=+0.006 Nm
[INFO] [1789062192.232708554] [mhe_node]: [mass-diag] m_est=2.0592 T=20.192N tilt=0.51deg cos=0.99996 | T/g=2.0583 T*cos/g=2.0582 | m_est-T*cos/g=+0.0009kg (+0.04%) vz=-0.024
[INFO] [1789062192.233283181] [mhe_node]: [c_xy_est] cx=-0.0002 cy=+0.0000 m
[INFO] [1789062192.726871545] [mhe_node]: [c_xy-clamp] 越界剔除 0/300 (0.0%) 上限 0.0390 kg·m clamp=1
[INFO] [1789062194.231060340] [mhe_node]: MHE mass estimate: 2.064 kg (T_phys=20.28N) | solve=3.4ms (max4.6)
[INFO] [1789062194.231600104] [mhe_node]: [truth] m_hat=2.0635 m_true=2.0643 err=-0.04% | c_hat=[+0.0000,+0.0000] c_true=[+0.0000,+0.0000] | Jxx_hat=0.01420 Jxx_true=0.01420 Jyz_hat=+0.00000 Jyz_true=+0.00000 | s_hat=[-0.0003,+0.0000] s_true=[+0.0000,+0.0000] kg·m
[INFO] [1789062194.232118321] [mhe_node]: [tau_phys] roll=-0.002 pitch=+0.002 Nm
[INFO] [1789062194.232703567] [mhe_node]: [mass-diag] m_est=2.0635 T=20.277N tilt=0.44deg cos=0.99997 | T/g=2.0670 T*cos/g=2.0669 | m_est-T*cos/g=-0.0034kg (-0.17%) vz=+0.007
[INFO] [1789062194.233300984] [mhe_node]: [c_xy_est] cx=-0.0001 cy=+0.0000 m
[INFO] [1789062196.234102359] [mhe_node]: MHE mass estimate: 2.059 kg (T_phys=20.24N) | solve=3.9ms (max6.6)
[INFO] [1789062196.234644144] [mhe_node]: [truth] m_hat=2.0592 m_true=2.0643 err=-0.25% | c_hat=[+0.0000,+0.0000] c_true=[+0.0000,+0.0000] | Jxx_hat=0.01420 Jxx_true=0.01420 Jyz_hat=+0.00000 Jyz_true=+0.00000 | s_hat=[-0.0004,-0.0000] s_true=[+0.0000,+0.0000] kg·m
[INFO] [1789062196.235174826] [mhe_node]: [tau_phys] roll=+0.001 pitch=+0.008 Nm
[INFO] [1789062196.235765326] [mhe_node]: [mass-diag] m_est=2.0592 T=20.243N tilt=0.55deg cos=0.99995 | T/g=2.0635 T*cos/g=2.0634 | m_est-T*cos/g=-0.0042kg (-0.20%) vz=-0.016
[INFO] [1789062196.236352421] [mhe_node]: [c_xy_est] cx=-0.0002 cy=-0.0000 m
[INFO] [1789062198.231119306] [mhe_node]: MHE mass estimate: 2.061 kg (T_phys=20.20N) | solve=3.8ms (max7.3)
[INFO] [1789062198.231649659] [mhe_node]: [truth] m_hat=2.0608 m_true=2.0643 err=-0.17% | c_hat=[+0.0000,+0.0000] c_true=[+0.0000,+0.0000] | Jxx_hat=0.01420 Jxx_true=0.01420 Jyz_hat=+0.00000 Jyz_true=+0.00000 | s_hat=[-0.0003,-0.0000] s_true=[+0.0000,+0.0000] kg·m
[INFO] [1789062198.232167471] [mhe_node]: [tau_phys] roll=-0.001 pitch=+0.005 Nm
[INFO] [1789062198.232743410] [mhe_node]: [mass-diag] m_est=2.0608 T=20.200N tilt=0.54deg cos=0.99995 | T/g=2.0591 T*cos/g=2.0590 | m_est-T*cos/g=+0.0018kg (+0.09%) vz=-0.009
[INFO] [1789062198.233314530] [mhe_node]: [c_xy_est] cx=-0.0002 cy=-0.0000 m
[INFO] [1789062200.231155962] [mhe_node]: MHE mass estimate: 2.060 kg (T_phys=20.14N) | solve=3.3ms (max3.6)
[INFO] [1789062200.231687605] [mhe_node]: [truth] m_hat=2.0600 m_true=2.0643 err=-0.21% | c_hat=[+0.0000,+0.0000] c_true=[+0.0000,+0.0000] | Jxx_hat=0.01420 Jxx_true=0.01420 Jyz_hat=+0.00000 Jyz_true=+0.00000 | s_hat=[-0.0003,+0.0001] s_true=[+0.0000,+0.0000] kg·m
[INFO] [1789062200.232206155] [mhe_node]: [tau_phys] roll=-0.003 pitch=+0.001 Nm
[INFO] [1789062200.232778116] [mhe_node]: [mass-diag] m_est=2.0600 T=20.145N tilt=0.26deg cos=0.99999 | T/g=2.0535 T*cos/g=2.0535 | m_est-T*cos/g=+0.0065kg (+0.32%) vz=-0.013
[INFO] [1789062200.233357929] [mhe_node]: [c_xy_est] cx=-0.0002 cy=+0.0001 m
[INFO] [1789062202.229714066] [mhe_node]: MHE mass estimate: 2.062 kg (T_phys=20.28N) | solve=3.6ms (max4.6)
[INFO] [1789062202.230101625] [mhe_node]: [truth] m_hat=2.0618 m_true=2.0643 err=-0.12% | c_hat=[+0.0000,+0.0000] c_true=[+0.0000,+0.0000] | Jxx_hat=0.01420 Jxx_true=0.01420 Jyz_hat=+0.00000 Jyz_true=+0.00000 | s_hat=[-0.0003,+0.0000] s_true=[+0.0000,+0.0000] kg·m
[INFO] [1789062202.230469417] [mhe_node]: [tau_phys] roll=-0.000 pitch=+0.005 Nm
[INFO] [1789062202.230884415] [mhe_node]: [mass-diag] m_est=2.0618 T=20.284N tilt=0.19deg cos=0.99999 | T/g=2.0677 T*cos/g=2.0677 | m_est-T*cos/g=-0.0059kg (-0.28%) vz=-0.005
[INFO] [1789062202.231290272] [mhe_node]: [c_xy_est] cx=-0.0001 cy=+0.0000 m
[INFO] [1789062204.231075678] [mhe_node]: MHE mass estimate: 2.061 kg (T_phys=20.19N) | solve=3.5ms (max3.7)
[INFO] [1789062204.231620509] [mhe_node]: [truth] m_hat=2.0610 m_true=2.0643 err=-0.16% | c_hat=[+0.0000,+0.0000] c_true=[+0.0000,+0.0000] | Jxx_hat=0.01420 Jxx_true=0.01420 Jyz_hat=+0.00000 Jyz_true=+0.00000 | s_hat=[-0.0004,-0.0000] s_true=[+0.0000,+0.0000] kg·m
[INFO] [1789062204.232143334] [mhe_node]: [tau_phys] roll=-0.004 pitch=+0.004 Nm
[INFO] [1789062204.232720700] [mhe_node]: [mass-diag] m_est=2.0610 T=20.193N tilt=0.40deg cos=0.99998 | T/g=2.0584 T*cos/g=2.0584 | m_est-T*cos/g=+0.0027kg (+0.13%) vz=+0.002
[INFO] [1789062204.233305526] [mhe_node]: [c_xy_est] cx=-0.0002 cy=-0.0000 m
[INFO] [1789062206.231077976] [mhe_node]: MHE mass estimate: 2.063 kg (T_phys=20.31N) | solve=3.5ms (max3.9)
[INFO] [1789062206.231621630] [mhe_node]: [truth] m_hat=2.0629 m_true=2.0643 err=-0.07% | c_hat=[+0.0000,+0.0000] c_true=[+0.0000,+0.0000] | Jxx_hat=0.01420 Jxx_true=0.01420 Jyz_hat=+0.00000 Jyz_true=+0.00000 | s_hat=[-0.0003,-0.0000] s_true=[+0.0000,+0.0000] kg·m
[INFO] [1789062206.232143238] [mhe_node]: [tau_phys] roll=-0.002 pitch=+0.005 Nm
[INFO] [1789062206.232723294] [mhe_node]: [mass-diag] m_est=2.0629 T=20.310N tilt=0.43deg cos=0.99997 | T/g=2.0704 T*cos/g=2.0703 | m_est-T*cos/g=-0.0074kg (-0.36%) vz=+0.008
[INFO] [1789062206.233308631] [mhe_node]: [c_xy_est] cx=-0.0001 cy=-0.0000 m
[INFO] [1789062208.231127230] [mhe_node]: MHE mass estimate: 2.060 kg (T_phys=20.27N) | solve=3.5ms (max4.5)
[INFO] [1789062208.231665204] [mhe_node]: [truth] m_hat=2.0599 m_true=2.0643 err=-0.21% | c_hat=[+0.0000,+0.0000] c_true=[+0.0000,+0.0000] | Jxx_hat=0.01420 Jxx_true=0.01420 Jyz_hat=+0.00000 Jyz_true=+0.00000 | s_hat=[-0.0003,+0.0000] s_true=[+0.0000,+0.0000] kg·m
[INFO] [1789062208.232184609] [mhe_node]: [tau_phys] roll=+0.002 pitch=+0.004 Nm
[INFO] [1789062208.232758137] [mhe_node]: [mass-diag] m_est=2.0599 T=20.272N tilt=0.37deg cos=0.99998 | T/g=2.0665 T*cos/g=2.0665 | m_est-T*cos/g=-0.0065kg (-0.32%) vz=-0.004
[INFO] [1789062208.233339808] [mhe_node]: [c_xy_est] cx=-0.0002 cy=+0.0000 m
[INFO] [1789062210.231106601] [mhe_node]: MHE mass estimate: 2.060 kg (T_phys=20.19N) | solve=3.2ms (max3.7)
[INFO] [1789062210.231647380] [mhe_node]: [truth] m_hat=2.0602 m_true=2.0643 err=-0.20% | c_hat=[+0.0000,+0.0000] c_true=[+0.0000,+0.0000] | Jxx_hat=0.01420 Jxx_true=0.01420 Jyz_hat=+0.00000 Jyz_true=+0.00000 | s_hat=[-0.0002,+0.0000] s_true=[+0.0000,+0.0000] kg·m
[INFO] [1789062210.232172066] [mhe_node]: [tau_phys] roll=-0.002 pitch=+0.002 Nm
[INFO] [1789062210.232756818] [mhe_node]: [mass-diag] m_est=2.0602 T=20.186N tilt=0.49deg cos=0.99996 | T/g=2.0577 T*cos/g=2.0576 | m_est-T*cos/g=+0.0026kg (+0.13%) vz=-0.008
[INFO] [1789062210.233338278] [mhe_node]: [c_xy_est] cx=-0.0001 cy=+0.0000 m
[INFO] [1789062212.231096417] [mhe_node]: MHE mass estimate: 2.062 kg (T_phys=20.25N) | solve=3.5ms (max3.7)
[INFO] [1789062212.231638573] [mhe_node]: [truth] m_hat=2.0620 m_true=2.0643 err=-0.11% | c_hat=[+0.0000,+0.0000] c_true=[+0.0000,+0.0000] | Jxx_hat=0.01420 Jxx_true=0.01420 Jyz_hat=+0.00000 Jyz_true=+0.00000 | s_hat=[-0.0003,+0.0000] s_true=[+0.0000,+0.0000] kg·m
[INFO] [1789062212.232162105] [mhe_node]: [tau_phys] roll=-0.003 pitch=+0.007 Nm
[INFO] [1789062212.232749366] [mhe_node]: [mass-diag] m_est=2.0620 T=20.251N tilt=0.62deg cos=0.99994 | T/g=2.0643 T*cos/g=2.0642 | m_est-T*cos/g=-0.0022kg (-0.11%) vz=-0.000
[INFO] [1789062212.233335925] [mhe_node]: [c_xy_est] cx=-0.0002 cy=+0.0000 m
[INFO] [1789062214.231045697] [mhe_node]: MHE mass estimate: 2.062 kg (T_phys=20.30N) | solve=3.3ms (max3.8)
[INFO] [1789062214.231586885] [mhe_node]: [truth] m_hat=2.0618 m_true=2.0643 err=-0.12% | c_hat=[+0.0000,+0.0000] c_true=[+0.0000,+0.0000] | Jxx_hat=0.01420 Jxx_true=0.01420 Jyz_hat=+0.00000 Jyz_true=+0.00000 | s_hat=[-0.0003,+0.0001] s_true=[+0.0000,+0.0000] kg·m
[INFO] [1789062214.232105414] [mhe_node]: [tau_phys] roll=+0.001 pitch=+0.002 Nm
[INFO] [1789062214.232689601] [mhe_node]: [mass-diag] m_est=2.0618 T=20.295N tilt=0.43deg cos=0.99997 | T/g=2.0688 T*cos/g=2.0688 | m_est-T*cos/g=-0.0069kg (-0.34%) vz=+0.000
[INFO] [1789062214.233272748] [mhe_node]: [c_xy_est] cx=-0.0002 cy=+0.0000 m
[INFO] [1789062216.231242359] [mhe_node]: MHE mass estimate: 2.061 kg (T_phys=20.22N) | solve=3.4ms (max3.8)
[INFO] [1789062216.231779759] [mhe_node]: [truth] m_hat=2.0612 m_true=2.0643 err=-0.15% | c_hat=[+0.0000,+0.0000] c_true=[+0.0000,+0.0000] | Jxx_hat=0.01420 Jxx_true=0.01420 Jyz_hat=+0.00000 Jyz_true=+0.00000 | s_hat=[-0.0003,-0.0001] s_true=[+0.0000,+0.0000] kg·m
[INFO] [1789062216.232298969] [mhe_node]: [tau_phys] roll=+0.001 pitch=+0.005 Nm
[INFO] [1789062216.232876754] [mhe_node]: [mass-diag] m_est=2.0612 T=20.219N tilt=0.19deg cos=0.99999 | T/g=2.0611 T*cos/g=2.0611 | m_est-T*cos/g=+0.0002kg (+0.01%) vz=+0.000
[INFO] [1789062216.233451428] [mhe_node]: [c_xy_est] cx=-0.0001 cy=-0.0001 m
[INFO] [1789062218.231057526] [mhe_node]: MHE mass estimate: 2.061 kg (T_phys=20.24N) | solve=3.5ms (max3.7)
[INFO] [1789062218.231597176] [mhe_node]: [truth] m_hat=2.0611 m_true=2.0643 err=-0.16% | c_hat=[+0.0000,+0.0000] c_true=[+0.0000,+0.0000] | Jxx_hat=0.01420 Jxx_true=0.01420 Jyz_hat=+0.00000 Jyz_true=+0.00000 | s_hat=[-0.0002,+0.0000] s_true=[+0.0000,+0.0000] kg·m
[INFO] [1789062218.232118264] [mhe_node]: [tau_phys] roll=-0.001 pitch=+0.004 Nm
[INFO] [1789062218.232704742] [mhe_node]: [mass-diag] m_est=2.0611 T=20.241N tilt=0.39deg cos=0.99998 | T/g=2.0633 T*cos/g=2.0632 | m_est-T*cos/g=-0.0022kg (-0.10%) vz=-0.002
[INFO] [1789062218.233302392] [mhe_node]: [c_xy_est] cx=-0.0001 cy=+0.0000 m
[INFO] [1789062220.229740837] [mhe_node]: MHE mass estimate: 2.060 kg (T_phys=20.15N) | solve=3.5ms (max3.8)
[INFO] [1789062220.230129541] [mhe_node]: [truth] m_hat=2.0600 m_true=2.0643 err=-0.21% | c_hat=[+0.0000,+0.0000] c_true=[+0.0000,+0.0000] | Jxx_hat=0.01420 Jxx_true=0.01420 Jyz_hat=+0.00000 Jyz_true=+0.00000 | s_hat=[-0.0004,+0.0001] s_true=[+0.0000,+0.0000] kg·m
[INFO] [1789062220.230491441] [mhe_node]: [tau_phys] roll=-0.002 pitch=+0.003 Nm
[INFO] [1789062220.230902128] [mhe_node]: [mass-diag] m_est=2.0600 T=20.153N tilt=0.39deg cos=0.99998 | T/g=2.0544 T*cos/g=2.0543 | m_est-T*cos/g=+0.0057kg (+0.28%) vz=-0.020
[INFO] [1789062220.231306112] [mhe_node]: [c_xy_est] cx=-0.0002 cy=+0.0000 m
[INFO] [1789062222.231154158] [mhe_node]: MHE mass estimate: 2.060 kg (T_phys=20.21N) | solve=3.5ms (max3.8)
[INFO] [1789062222.231693292] [mhe_node]: [truth] m_hat=2.0602 m_true=2.0643 err=-0.20% | c_hat=[+0.0000,+0.0000] c_true=[+0.0000,+0.0000] | Jxx_hat=0.01420 Jxx_true=0.01420 Jyz_hat=+0.00000 Jyz_true=+0.00000 | s_hat=[-0.0003,+0.0000] s_true=[+0.0000,+0.0000] kg·m
[INFO] [1789062222.232214147] [mhe_node]: [tau_phys] roll=+0.001 pitch=+0.004 Nm
[INFO] [1789062222.232794112] [mhe_node]: [mass-diag] m_est=2.0602 T=20.212N tilt=0.40deg cos=0.99998 | T/g=2.0603 T*cos/g=2.0603 | m_est-T*cos/g=-0.0001kg (-0.01%) vz=-0.020
[INFO] [1789062222.233378231] [mhe_node]: [c_xy_est] cx=-0.0001 cy=+0.0000 m
[ros2run]: Killed
