[INFO] [1789403739.158582574] [mhe_node]: MHE node starting, building/loading solver... (geom_coupled=True, N=20, m_min=1.961, m_B=2.0643)
Code reuse possible, skipping code generation.
acados was compiled without OpenMP.
[INFO] [1789403739.165465449] [mhe_node]: [prior] geom_coupled=True → 载荷质量信息**完全不生效**(grip_payload_envelope=0.3 是死代码:coupled 档下 _payload_geometry 根本不被调用);模型只吃可测杆臂 r_p + 被估质量,m 的先验仅有 Q0 质量维=0.1 (σ=3.16kg,实质无先验)
[WARN] [1789403739.165950414] [mhe_node]: geom_release_mode='self':估计器不被告知 drop。⚠️ 2026-08-24 实测,**NMPC 侧也设成 'self' 会必然坠机**——drop 后控制器继续按幽灵偏心载荷配平,指令 0.424N·m(tau_max 的 85%)作用在空机 J_xx=0.0142 上 = 29.8 rad/s²,而 MHE 10Hz/2s 窗口要 1~2s 才纠得过来,飞机先翻。**正确组合 = MHE 'self' + NMPC 'event'**(控制器是发释放指令的一方,它知道不构成认知作弊)。
[INFO] [1789403739.167889165] [mhe_node]: [moment-ref] 物理上限由平台包线派生: 0.0390 kg·m = 0.30kg x 0.13m
[INFO] [1789403739.168599043] [mhe_node]: [c_xy_est] 质量域卸载判据已开:先武装(m_p>0.090kg),再判 m_p<0.03kg 持续 20 帧 -> 释放偏心估计
[INFO] [1789403739.169263534] [mhe_node]: [c_xy] 来源 = 一阶质量矩 s/m_T(窗口内估计,**无稳态门控**),替代窗外 EMA —— 机动中也会更新
[INFO] [1789403739.170546361] [mhe_node]: weight schedule theta = [-4.00, 0.00, 0.00, 0.00], signal mode = residual (residual self-trigger: thresh=4.4N persist=2 baseline_tau=3.0s)
[INFO] [1789403739.174002066] [mhe_node]: [release-selfcheck] READY: c_xy_est_enable=1, moment-state ns=2, ratio=0.30; legacy_mass=1, watchdog=3.0s
[INFO] [1789403739.174914596] [mhe_node]: MHE node initialized! tau_source=command (roll/pitch NMPC意图值, yaw NMPC意图值), motor_window_avg=False, geom_release_mode=self. Waiting for odometry + control data...
[INFO] [1789403761.374506109] [mhe_node]: arrival prior seeded: m=2.064 kg (m_nominal prior)
[INFO] [1789403761.374912809] [mhe_node]: [geom] model_geom_on=True (release_mode=self, truth_attached=False) mode=coupled(r_p) -> geom=[ 0.    0.   -0.47] dJ=0.0000 c_xy=[+0.0000,+0.0000] (dJ/c 为按当前 m_est 折算的诊断当量,模型内部随 m 实时生成)
[INFO] [1789403763.283003769] [mhe_node]: MHE mass estimate: 2.064 kg (T_phys=20.00N) | solve=3.8ms (max7.7)
[INFO] [1789403763.283548224] [mhe_node]: [truth] m_hat=2.0637 m_true=2.0643 err=-0.03% | c_hat=[+0.0000,+0.0000] c_true=[+0.0000,+0.0000] | Jxx_hat=0.01420 Jxx_true=0.01420 Jyz_hat=+0.00000 Jyz_true=+0.00000 | s_hat=[-0.0002,-0.0001] s_true=[+0.0000,+0.0000] kg·m
[INFO] [1789403763.284062294] [mhe_node]: [tau_phys] roll=+0.006 pitch=-0.055 Nm
[INFO] [1789403763.284647065] [mhe_node]: [mass-diag] m_est=2.0637 T=20.001N tilt=5.58deg cos=0.99526 | T/g=2.0389 T*cos/g=2.0292 | m_est-T*cos/g=+0.0345kg (+1.70%) vz=+0.114
[INFO] [1789403763.285227432] [mhe_node]: [c_xy_est] cx=-0.0001 cy=-0.0000 m
[INFO] [1789403765.280864771] [mhe_node]: MHE mass estimate: 2.060 kg (T_phys=20.23N) | solve=6.1ms (max9.1)
[INFO] [1789403765.281411704] [mhe_node]: [truth] m_hat=2.0603 m_true=2.0643 err=-0.19% | c_hat=[+0.0000,+0.0000] c_true=[+0.0000,+0.0000] | Jxx_hat=0.01420 Jxx_true=0.01420 Jyz_hat=+0.00000 Jyz_true=+0.00000 | s_hat=[-0.0010,+0.0001] s_true=[+0.0000,+0.0000] kg·m
[INFO] [1789403765.281928233] [mhe_node]: [tau_phys] roll=+0.001 pitch=+0.004 Nm
[INFO] [1789403765.282517017] [mhe_node]: [mass-diag] m_est=2.0603 T=20.225N tilt=2.35deg cos=0.99916 | T/g=2.0617 T*cos/g=2.0600 | m_est-T*cos/g=+0.0004kg (+0.02%) vz=+0.015
[INFO] [1789403765.283095043] [mhe_node]: [c_xy_est] cx=-0.0005 cy=+0.0000 m
[INFO] [1789403767.281813112] [mhe_node]: MHE mass estimate: 2.059 kg (T_phys=20.26N) | solve=4.8ms (max6.5)
[INFO] [1789403767.282360704] [mhe_node]: [truth] m_hat=2.0591 m_true=2.0643 err=-0.25% | c_hat=[+0.0000,+0.0000] c_true=[+0.0000,+0.0000] | Jxx_hat=0.01420 Jxx_true=0.01420 Jyz_hat=+0.00000 Jyz_true=+0.00000 | s_hat=[-0.0000,-0.0000] s_true=[+0.0000,+0.0000] kg·m
[INFO] [1789403767.282888897] [mhe_node]: [tau_phys] roll=+0.003 pitch=-0.003 Nm
[INFO] [1789403767.283479841] [mhe_node]: [mass-diag] m_est=2.0591 T=20.260N tilt=0.24deg cos=0.99999 | T/g=2.0652 T*cos/g=2.0652 | m_est-T*cos/g=-0.0062kg (-0.30%) vz=+0.000
[INFO] [1789403767.284057915] [mhe_node]: [c_xy_est] cx=-0.0000 cy=+0.0000 m
[INFO] [1789403769.278190727] [mhe_node]: MHE mass estimate: 2.052 kg (T_phys=18.21N) | solve=4.3ms (max7.6)
[INFO] [1789403769.278649332] [mhe_node]: [truth] m_hat=2.0520 m_true=2.0643 err=-0.60% | c_hat=[+0.0000,+0.0000] c_true=[+0.0000,+0.0000] | Jxx_hat=0.01420 Jxx_true=0.01420 Jyz_hat=+0.00000 Jyz_true=+0.00000 | s_hat=[-0.0000,-0.0000] s_true=[+0.0000,+0.0000] kg·m
[INFO] [1789403769.279013231] [mhe_node]: [tau_phys] roll=-0.002 pitch=+0.000 Nm
[INFO] [1789403769.279428581] [mhe_node]: [mass-diag] m_est=2.0520 T=18.207N tilt=0.16deg cos=1.00000 | T/g=1.8559 T*cos/g=1.8559 | m_est-T*cos/g=+0.1961kg (+10.57%) vz=-0.437
[INFO] [1789403769.279831466] [mhe_node]: [c_xy_est] cx=-0.0000 cy=-0.0000 m
[INFO] [1789403771.279730792] [mhe_node]: MHE mass estimate: 2.062 kg (T_phys=20.33N) | solve=4.9ms (max8.1)
[INFO] [1789403771.280267709] [mhe_node]: [truth] m_hat=2.0617 m_true=2.0643 err=-0.13% | c_hat=[+0.0000,+0.0000] c_true=[+0.0000,+0.0000] | Jxx_hat=0.01420 Jxx_true=0.01420 Jyz_hat=+0.00000 Jyz_true=+0.00000 | s_hat=[+0.0000,-0.0001] s_true=[+0.0000,+0.0000] kg·m
[INFO] [1789403771.280782338] [mhe_node]: [tau_phys] roll=-0.002 pitch=+0.002 Nm
[INFO] [1789403771.281366604] [mhe_node]: [mass-diag] m_est=2.0617 T=20.325N tilt=0.26deg cos=0.99999 | T/g=2.0719 T*cos/g=2.0719 | m_est-T*cos/g=-0.0102kg (-0.49%) vz=-0.056
[INFO] [1789403771.281942450] [mhe_node]: [c_xy_est] cx=+0.0000 cy=-0.0000 m
[INFO] [1789403773.278898785] [mhe_node]: MHE mass estimate: 2.061 kg (T_phys=20.20N) | solve=4.3ms (max6.6)
[INFO] [1789403773.279445847] [mhe_node]: [truth] m_hat=2.0612 m_true=2.0643 err=-0.15% | c_hat=[+0.0000,+0.0000] c_true=[+0.0000,+0.0000] | Jxx_hat=0.01420 Jxx_true=0.01420 Jyz_hat=+0.00000 Jyz_true=+0.00000 | s_hat=[-0.0000,-0.0001] s_true=[+0.0000,+0.0000] kg·m
[INFO] [1789403773.279965092] [mhe_node]: [tau_phys] roll=+0.001 pitch=-0.004 Nm
[INFO] [1789403773.280551896] [mhe_node]: [mass-diag] m_est=2.0612 T=20.204N tilt=0.17deg cos=1.00000 | T/g=2.0595 T*cos/g=2.0595 | m_est-T*cos/g=+0.0017kg (+0.08%) vz=-0.018
[INFO] [1789403773.281132477] [mhe_node]: [c_xy_est] cx=-0.0000 cy=-0.0000 m
[INFO] [1789403775.305277306] [mhe_node]: MHE mass estimate: 1.961 kg (T_phys=20.32N) | solve=13.7ms (max30.7)
[INFO] [1789403775.305664922] [mhe_node]: [truth] m_hat=1.9611 m_true=2.0643 err=-5.00% | c_hat=[+0.0000,+0.0000] c_true=[+0.0000,+0.0000] | Jxx_hat=0.01420 Jxx_true=0.01420 Jyz_hat=+0.00000 Jyz_true=+0.00000 | s_hat=[-0.0030,-0.0070] s_true=[+0.0000,+0.0000] kg·m
[INFO] [1789403775.306027781] [mhe_node]: [tau_phys] roll=-0.219 pitch=+0.115 Nm
[INFO] [1789403775.306446060] [mhe_node]: [mass-diag] m_est=1.9611 T=20.322N tilt=1.16deg cos=0.99979 | T/g=2.0716 T*cos/g=2.0712 | m_est-T*cos/g=-0.1101kg (-5.31%) vz=+0.000
[INFO] [1789403775.306848608] [mhe_node]: [c_xy_est] cx=-0.0013 cy=-0.0027 m
[INFO] [1789403777.300847967] [mhe_node]: MHE mass estimate: 2.049 kg (T_phys=21.70N) | solve=25.4ms (max50.9)
[INFO] [1789403777.301392634] [mhe_node]: [truth] m_hat=2.0490 m_true=2.0643 err=-0.74% | c_hat=[+0.0000,+0.0000] c_true=[+0.0000,+0.0000] | Jxx_hat=0.01420 Jxx_true=0.01420 Jyz_hat=+0.00000 Jyz_true=+0.00000 | s_hat=[-0.0128,-0.0146] s_true=[+0.0000,+0.0000] kg·m
[INFO] [1789403777.301911928] [mhe_node]: [tau_phys] roll=-0.273 pitch=-0.033 Nm
[INFO] [1789403777.302502427] [mhe_node]: [mass-diag] m_est=2.0490 T=21.698N tilt=0.83deg cos=0.99989 | T/g=2.2118 T*cos/g=2.2116 | m_est-T*cos/g=-0.1626kg (-7.35%) vz=+0.532
[INFO] [1789403777.303082548] [mhe_node]: [c_xy_est] cx=-0.0061 cy=-0.0077 m
[INFO] [1789403779.320540274] [mhe_node]: MHE mass estimate: 1.961 kg (T_phys=21.30N) | solve=42.1ms (max82.1)
[INFO] [1789403779.320933023] [mhe_node]: [truth] m_hat=1.9611 m_true=2.0643 err=-5.00% | c_hat=[+0.0000,+0.0000] c_true=[+0.0000,+0.0000] | Jxx_hat=0.01420 Jxx_true=0.01420 Jyz_hat=+0.00000 Jyz_true=+0.00000 | s_hat=[+0.0018,-0.0095] s_true=[+0.0000,+0.0000] kg·m
[INFO] [1789403779.321316592] [mhe_node]: [tau_phys] roll=-0.358 pitch=-0.362 Nm
[INFO] [1789403779.321734963] [mhe_node]: [mass-diag] m_est=1.9611 T=21.303N tilt=0.39deg cos=0.99998 | T/g=2.1716 T*cos/g=2.1715 | m_est-T*cos/g=-0.2105kg (-9.69%) vz=+1.100
[INFO] [1789403779.322140193] [mhe_node]: [c_xy_est] cx=+0.0009 cy=-0.0048 m
[WARN] [1789403780.345320844] [mhe_node]: MHE solve failed [status=2], skipping this window (streak 1)
[WARN] [1789403780.449584074] [mhe_node]: MHE solve failed [status=2], skipping this window (streak 2)
[WARN] [1789403780.550069266] [mhe_node]: MHE solve failed [status=2], skipping this window (streak 3)
[WARN] [1789403780.649068020] [mhe_node]: MHE solve failed [status=2], skipping this window (streak 4)
[WARN] [1789403780.747962097] [mhe_node]: MHE solve failed [status=2], skipping this window (streak 5)
[WARN] [1789403780.748312070] [mhe_node]: re-anchored arrival prior to current window after 5 consecutive failures (m seeded from previous m_est (seed_from_thrust off/unavailable): 1.961 -> 1.961 kg; T_phys/g=2.132)
[WARN] [1789403780.847732881] [mhe_node]: MHE solve failed [status=2], skipping this window (streak 1)
[WARN] [1789403780.947509809] [mhe_node]: MHE solve failed [status=2], skipping this window (streak 2)
[WARN] [1789403781.450697461] [mhe_node]: MHE solve failed [status=2], skipping this window (streak 1)
[WARN] [1789403781.549865952] [mhe_node]: MHE solve failed [status=2], skipping this window (streak 2)
[WARN] [1789403781.647400298] [mhe_node]: MHE solve failed [status=2], skipping this window (streak 3)
[WARN] [1789403781.748764433] [mhe_node]: MHE solve failed [status=2], skipping this window (streak 4)
[WARN] [1789403781.847450620] [mhe_node]: MHE solve failed [status=2], skipping this window (streak 5)
[WARN] [1789403781.847784479] [mhe_node]: re-anchored arrival prior to current window after 5 consecutive failures (m seeded from previous m_est (seed_from_thrust off/unavailable): 1.961 -> 1.961 kg; T_phys/g=1.994)
[WARN] [1789403781.945753056] [mhe_node]: MHE solve failed [status=2], skipping this window (streak 1)
[INFO] [1789403782.602777307] [mhe_node]: MHE mass estimate: 1.961 kg (T_phys=19.98N) | solve=56.1ms (max75.9)
[INFO] [1789403782.603321260] [mhe_node]: [truth] m_hat=1.9611 m_true=2.0643 err=-5.00% | c_hat=[+0.0000,+0.0000] c_true=[+0.0000,+0.0000] | Jxx_hat=0.01420 Jxx_true=0.01420 Jyz_hat=+0.00000 Jyz_true=+0.00000 | s_hat=[-0.0033,-0.0107] s_true=[+0.0000,+0.0000] kg·m
[INFO] [1789403782.603841217] [mhe_node]: [tau_phys] roll=-0.378 pitch=+0.312 Nm
[INFO] [1789403782.604428674] [mhe_node]: [mass-diag] m_est=1.9611 T=19.983N tilt=1.48deg cos=0.99967 | T/g=2.0370 T*cos/g=2.0363 | m_est-T*cos/g=-0.0752kg (-3.70%) vz=+0.464
[INFO] [1789403782.605031474] [mhe_node]: [c_xy_est] cx=-0.0011 cy=-0.0054 m
[INFO] [1789403784.604039534] [mhe_node]: MHE mass estimate: 1.961 kg (T_phys=21.17N) | solve=36.4ms (max60.0)
[INFO] [1789403784.604438406] [mhe_node]: [truth] m_hat=1.9611 m_true=2.0643 err=-5.00% | c_hat=[+0.0000,+0.0000] c_true=[+0.0000,+0.0000] | Jxx_hat=0.01420 Jxx_true=0.01420 Jyz_hat=+0.00000 Jyz_true=+0.00000 | s_hat=[-0.0095,-0.0101] s_true=[+0.0000,+0.0000] kg·m
[INFO] [1789403784.604806419] [mhe_node]: [tau_phys] roll=-0.318 pitch=+1.249 Nm
[INFO] [1789403784.605234066] [mhe_node]: [mass-diag] m_est=1.9611 T=21.168N tilt=1.24deg cos=0.99976 | T/g=2.1578 T*cos/g=2.1573 | m_est-T*cos/g=-0.1963kg (-9.10%) vz=+0.023
[INFO] [1789403784.605640114] [mhe_node]: [c_xy_est] cx=-0.0044 cy=-0.0050 m
[INFO] [1789403786.598361466] [mhe_node]: MHE mass estimate: 1.961 kg (T_phys=21.32N) | solve=38.5ms (max66.9)
[INFO] [1789403786.598747192] [mhe_node]: [truth] m_hat=1.9611 m_true=2.0643 err=-5.00% | c_hat=[+0.0000,+0.0000] c_true=[+0.0000,+0.0000] | Jxx_hat=0.01420 Jxx_true=0.01420 Jyz_hat=+0.00000 Jyz_true=+0.00000 | s_hat=[+0.0003,-0.0101] s_true=[+0.0000,+0.0000] kg·m
[INFO] [1789403786.599116131] [mhe_node]: [tau_phys] roll=-0.364 pitch=-1.378 Nm
[INFO] [1789403786.599532870] [mhe_node]: [mass-diag] m_est=1.9611 T=21.317N tilt=0.71deg cos=0.99992 | T/g=2.1730 T*cos/g=2.1728 | m_est-T*cos/g=-0.2117kg (-9.74%) vz=+0.009
[INFO] [1789403786.599937255] [mhe_node]: [c_xy_est] cx=-0.0004 cy=-0.0051 m
[INFO] [1789403788.617911734] [mhe_node]: MHE mass estimate: 1.961 kg (T_phys=20.77N) | solve=37.3ms (max50.0)
[INFO] [1789403788.618470138] [mhe_node]: [truth] m_hat=1.9611 m_true=2.0643 err=-5.00% | c_hat=[+0.0000,+0.0000] c_true=[+0.0000,+0.0000] | Jxx_hat=0.01420 Jxx_true=0.01420 Jyz_hat=+0.00000 Jyz_true=+0.00000 | s_hat=[-0.0021,-0.0105] s_true=[+0.0000,+0.0000] kg·m
[INFO] [1789403788.618987066] [mhe_node]: [tau_phys] roll=-0.150 pitch=-0.488 Nm
[INFO] [1789403788.619583360] [mhe_node]: [mass-diag] m_est=1.9611 T=20.772N tilt=0.24deg cos=0.99999 | T/g=2.1174 T*cos/g=2.1174 | m_est-T*cos/g=-0.1563kg (-7.38%) vz=-0.009
[INFO] [1789403788.620166154] [mhe_node]: [c_xy_est] cx=-0.0006 cy=-0.0054 m
[INFO] [1789403789.274673530] [mhe_node]: [c_xy-clamp] 越界剔除 0/300 (0.0%) 上限 0.0390 kg·m clamp=1
[WARN] [1789403789.950585993] [mhe_node]: MHE solve failed [status=2], skipping this window (streak 1)
[WARN] [1789403790.247395629] [mhe_node]: MHE solve failed [status=2], skipping this window (streak 1)
[WARN] [1789403790.545145801] [mhe_node]: MHE solve failed [status=2], skipping this window (streak 1)
[INFO] [1789403790.931774029] [mhe_node]: MHE mass estimate: 1.961 kg (T_phys=20.14N) | solve=47.5ms (max75.6)
[INFO] [1789403790.932177104] [mhe_node]: [truth] m_hat=1.9611 m_true=2.0643 err=-5.00% | c_hat=[+0.0000,+0.0000] c_true=[+0.0000,+0.0000] | Jxx_hat=0.01420 Jxx_true=0.01420 Jyz_hat=+0.00000 Jyz_true=+0.00000 | s_hat=[-0.0068,-0.0074] s_true=[+0.0000,+0.0000] kg·m
[INFO] [1789403790.932542184] [mhe_node]: [tau_phys] roll=-0.189 pitch=+1.809 Nm
[INFO] [1789403790.932960287] [mhe_node]: [mass-diag] m_est=1.9611 T=20.141N tilt=4.14deg cos=0.99739 | T/g=2.0531 T*cos/g=2.0477 | m_est-T*cos/g=-0.0866kg (-4.23%) vz=+0.126
[INFO] [1789403790.933372620] [mhe_node]: [c_xy_est] cx=-0.0039 cy=-0.0037 m
[WARN] [1789403791.544939353] [mhe_node]: MHE solve failed [status=2], skipping this window (streak 1)
[WARN] [1789403791.649469106] [mhe_node]: MHE solve failed [status=2], skipping this window (streak 2)
[WARN] [1789403791.846672696] [mhe_node]: MHE solve failed [status=2], skipping this window (streak 1)
[WARN] [1789403791.949186117] [mhe_node]: MHE solve failed [status=2], skipping this window (streak 2)
[WARN] [1789403792.845835061] [mhe_node]: MHE solve failed [status=2], skipping this window (streak 1)
[INFO] [1789403793.437200131] [mhe_node]: MHE mass estimate: 1.961 kg (T_phys=21.10N) | solve=60.4ms (max74.7)
[INFO] [1789403793.437589306] [mhe_node]: [truth] m_hat=1.9611 m_true=2.0643 err=-5.00% | c_hat=[+0.0000,+0.0000] c_true=[+0.0000,+0.0000] | Jxx_hat=0.01420 Jxx_true=0.01420 Jyz_hat=+0.00000 Jyz_true=+0.00000 | s_hat=[-0.0127,-0.0113] s_true=[+0.0000,+0.0000] kg·m
[INFO] [1789403793.437953139] [mhe_node]: [tau_phys] roll=-0.481 pitch=-0.535 Nm
[INFO] [1789403793.438371247] [mhe_node]: [mass-diag] m_est=1.9611 T=21.096N tilt=3.29deg cos=0.99835 | T/g=2.1504 T*cos/g=2.1469 | m_est-T*cos/g=-0.1858kg (-8.65%) vz=+0.145
[INFO] [1789403793.438775029] [mhe_node]: [c_xy_est] cx=-0.0064 cy=-0.0061 m
[WARN] [1789403793.645851004] [mhe_node]: MHE solve failed [status=2], skipping this window (streak 1)
[WARN] [1789403793.745008796] [mhe_node]: MHE solve failed [status=2], skipping this window (streak 2)
[WARN] [1789403793.845303854] [mhe_node]: MHE solve failed [status=2], skipping this window (streak 3)
[WARN] [1789403793.944556551] [mhe_node]: MHE solve failed [status=2], skipping this window (streak 4)
[WARN] [1789403794.040684670] [mhe_node]: MHE solve failed [status=2], skipping this window (streak 5)
[WARN] [1789403794.041016885] [mhe_node]: re-anchored arrival prior to current window after 5 consecutive failures (m seeded from previous m_est (seed_from_thrust off/unavailable): 1.961 -> 1.961 kg; T_phys/g=2.109)
[WARN] [1789403794.144957683] [mhe_node]: MHE solve failed [status=2], skipping this window (streak 1)
[WARN] [1789403794.246891852] [mhe_node]: MHE solve failed [status=2], skipping this window (streak 2)
[WARN] [1789403794.348549475] [mhe_node]: MHE solve failed [status=2], skipping this window (streak 3)
[WARN] [1789403794.449277763] [mhe_node]: MHE solve failed [status=2], skipping this window (streak 4)
[WARN] [1789403795.545595260] [mhe_node]: MHE solve failed [status=2], skipping this window (streak 1)
[WARN] [1789403795.640877382] [mhe_node]: MHE solve failed [status=2], skipping this window (streak 2)
[WARN] [1789403796.045215091] [mhe_node]: MHE solve failed [status=2], skipping this window (streak 1)
[WARN] [1789403796.257365745] [mhe_node]: MHE solve failed [status=2], skipping this window (streak 1)
[WARN] [1789403796.345616253] [mhe_node]: MHE solve failed [status=2], skipping this window (streak 2)
[WARN] [1789403796.446080360] [mhe_node]: MHE solve failed [status=2], skipping this window (streak 3)
[WARN] [1789403796.545760585] [mhe_node]: MHE solve failed [status=2], skipping this window (streak 4)
[WARN] [1789403796.849983798] [mhe_node]: MHE solve failed [status=2], skipping this window (streak 1)
[INFO] [1789403797.109399664] [mhe_node]: MHE mass estimate: 1.961 kg (T_phys=20.81N) | solve=62.1ms (max82.4)
[INFO] [1789403797.109873732] [mhe_node]: [truth] m_hat=1.9611 m_true=2.0643 err=-5.00% | c_hat=[+0.0000,+0.0000] c_true=[+0.0000,+0.0000] | Jxx_hat=0.01420 Jxx_true=0.01420 Jyz_hat=+0.00000 Jyz_true=+0.00000 | s_hat=[-0.0061,-0.0058] s_true=[+0.0000,+0.0000] kg·m
[INFO] [1789403797.110244741] [mhe_node]: [tau_phys] roll=-0.468 pitch=-0.292 Nm
[INFO] [1789403797.110666469] [mhe_node]: [mass-diag] m_est=1.9611 T=20.814N tilt=4.86deg cos=0.99640 | T/g=2.1217 T*cos/g=2.1141 | m_est-T*cos/g=-0.1530kg (-7.24%) vz=+0.070
[INFO] [1789403797.111077137] [mhe_node]: [c_xy_est] cx=-0.0038 cy=-0.0031 m
[WARN] [1789403798.457419777] [mhe_node]: MHE solve failed [status=2], skipping this window (streak 1)
[WARN] [1789403798.956746190] [mhe_node]: MHE solve failed [status=2], skipping this window (streak 1)
[WARN] [1789403799.044761505] [mhe_node]: MHE solve failed [status=2], skipping this window (streak 2)
[WARN] [1789403799.245769804] [mhe_node]: MHE solve failed [status=2], skipping this window (streak 1)
[WARN] [1789403799.345464974] [mhe_node]: MHE solve failed [status=2], skipping this window (streak 2)
[WARN] [1789403799.445434202] [mhe_node]: MHE solve failed [status=2], skipping this window (streak 3)
[WARN] [1789403799.545352479] [mhe_node]: MHE solve failed [status=2], skipping this window (streak 4)
[WARN] [1789403799.646288330] [mhe_node]: MHE solve failed [status=2], skipping this window (streak 5)
[WARN] [1789403799.646630048] [mhe_node]: re-anchored arrival prior to current window after 5 consecutive failures (m seeded from previous m_est (seed_from_thrust off/unavailable): 1.961 -> 1.961 kg; T_phys/g=2.211)
[WARN] [1789403799.749817434] [mhe_node]: MHE solve failed [status=2], skipping this window (streak 1)
[WARN] [1789403799.850558686] [mhe_node]: MHE solve failed [status=2], skipping this window (streak 2)
[WARN] [1789403799.950109530] [mhe_node]: MHE solve failed [status=2], skipping this window (streak 3)
[INFO] [1789403800.221555884] [mhe_node]: MHE mass estimate: 1.961 kg (T_phys=20.30N) | solve=61.0ms (max82.5)
[INFO] [1789403800.221949653] [mhe_node]: [truth] m_hat=1.9611 m_true=2.0643 err=-5.00% | c_hat=[+0.0000,+0.0000] c_true=[+0.0000,+0.0000] | Jxx_hat=0.01420 Jxx_true=0.01420 Jyz_hat=+0.00000 Jyz_true=+0.00000 | s_hat=[-0.0164,-0.0078] s_true=[+0.0000,+0.0000] kg·m
[INFO] [1789403800.222319637] [mhe_node]: [tau_phys] roll=-0.224 pitch=+0.120 Nm
[INFO] [1789403800.222741416] [mhe_node]: [mass-diag] m_est=1.9611 T=20.297N tilt=3.00deg cos=0.99862 | T/g=2.0690 T*cos/g=2.0662 | m_est-T*cos/g=-0.1051kg (-5.09%) vz=+0.007
[INFO] [1789403800.223153197] [mhe_node]: [c_xy_est] cx=-0.0091 cy=-0.0042 m
[WARN] [1789403800.650037275] [mhe_node]: MHE solve failed [status=2], skipping this window (streak 1)
[WARN] [1789403800.846143781] [mhe_node]: MHE solve failed [status=2], skipping this window (streak 1)
[INFO] [1789403802.419603962] [mhe_node]: MHE mass estimate: 1.961 kg (T_phys=20.73N) | solve=41.0ms (max75.1)
[INFO] [1789403802.420154557] [mhe_node]: [truth] m_hat=1.9611 m_true=2.0643 err=-5.00% | c_hat=[+0.0000,+0.0000] c_true=[+0.0000,+0.0000] | Jxx_hat=0.01420 Jxx_true=0.01420 Jyz_hat=+0.00000 Jyz_true=+0.00000 | s_hat=[-0.0062,-0.0097] s_true=[+0.0000,+0.0000] kg·m
[INFO] [1789403802.420669649] [mhe_node]: [tau_phys] roll=-0.427 pitch=-0.626 Nm
[INFO] [1789403802.421268338] [mhe_node]: [mass-diag] m_est=1.9611 T=20.735N tilt=2.20deg cos=0.99927 | T/g=2.1137 T*cos/g=2.1121 | m_est-T*cos/g=-0.1510kg (-7.15%) vz=-0.024
[INFO] [1789403802.421851263] [mhe_node]: [c_xy_est] cx=-0.0030 cy=-0.0051 m
[INFO] [1789403804.433151608] [mhe_node]: MHE mass estimate: 1.961 kg (T_phys=21.71N) | solve=42.1ms (max74.6)
[INFO] [1789403804.433558952] [mhe_node]: [truth] m_hat=1.9611 m_true=2.0643 err=-5.00% | c_hat=[+0.0000,+0.0000] c_true=[+0.0000,+0.0000] | Jxx_hat=0.01420 Jxx_true=0.01420 Jyz_hat=+0.00000 Jyz_true=+0.00000 | s_hat=[-0.0145,-0.0106] s_true=[+0.0000,+0.0000] kg·m
[INFO] [1789403804.433924986] [mhe_node]: [tau_phys] roll=-0.564 pitch=-1.219 Nm
[INFO] [1789403804.434357610] [mhe_node]: [mass-diag] m_est=1.9611 T=21.712N tilt=3.51deg cos=0.99813 | T/g=2.2132 T*cos/g=2.2091 | m_est-T*cos/g=-0.2480kg (-11.23%) vz=-0.077
[INFO] [1789403804.434764493] [mhe_node]: [c_xy_est] cx=-0.0065 cy=-0.0056 m
[WARN] [1789403805.765616147] [mhe_node]: MHE solve failed [status=2], skipping this window (streak 1)
[WARN] [1789403806.041885150] [mhe_node]: MHE solve failed [status=2], skipping this window (streak 1)
[INFO] [1789403806.616099565] [mhe_node]: MHE mass estimate: 1.961 kg (T_phys=20.66N) | solve=46.9ms (max90.7)
[INFO] [1789403806.616488540] [mhe_node]: [truth] m_hat=1.9611 m_true=2.0643 err=-5.00% | c_hat=[+0.0000,+0.0000] c_true=[+0.0000,+0.0000] | Jxx_hat=0.01420 Jxx_true=0.01420 Jyz_hat=+0.00000 Jyz_true=+0.00000 | s_hat=[-0.0081,-0.0100] s_true=[+0.0000,+0.0000] kg·m
[INFO] [1789403806.616852904] [mhe_node]: [tau_phys] roll=+0.080 pitch=+0.102 Nm
[INFO] [1789403806.617273343] [mhe_node]: [mass-diag] m_est=1.9611 T=20.655N tilt=2.66deg cos=0.99892 | T/g=2.1055 T*cos/g=2.1033 | m_est-T*cos/g=-0.1422kg (-6.76%) vz=-0.134
[INFO] [1789403806.617680932] [mhe_node]: [c_xy_est] cx=-0.0047 cy=-0.0047 m
[WARN] [1789403808.440342386] [mhe_node]: MHE solve failed [status=2], skipping this window (streak 1)
[WARN] [1789403808.542438515] [mhe_node]: MHE solve failed [status=2], skipping this window (streak 2)
[INFO] [1789403808.802989809] [mhe_node]: MHE mass estimate: 1.961 kg (T_phys=20.28N) | solve=41.7ms (max67.7)
[INFO] [1789403808.803654397] [mhe_node]: [truth] m_hat=1.9611 m_true=2.0643 err=-5.00% | c_hat=[+0.0000,+0.0000] c_true=[+0.0000,+0.0000] | Jxx_hat=0.01420 Jxx_true=0.01420 Jyz_hat=+0.00000 Jyz_true=+0.00000 | s_hat=[-0.0047,-0.0105] s_true=[+0.0000,+0.0000] kg·m
[INFO] [1789403808.804176216] [mhe_node]: [tau_phys] roll=-0.197 pitch=-0.446 Nm
[INFO] [1789403808.804755626] [mhe_node]: [mass-diag] m_est=1.9611 T=20.280N tilt=0.96deg cos=0.99986 | T/g=2.0672 T*cos/g=2.0669 | m_est-T*cos/g=-0.1059kg (-5.12%) vz=-0.083
[INFO] [1789403808.805337872] [mhe_node]: [c_xy_est] cx=-0.0031 cy=-0.0053 m
[WARN] [1789403809.765079783] [mhe_node]: MHE solve failed [status=2], skipping this window (streak 1)
[WARN] [1789403809.851644251] [mhe_node]: MHE solve failed [status=2], skipping this window (streak 2)
[WARN] [1789403809.950707721] [mhe_node]: MHE solve failed [status=2], skipping this window (streak 3)
[WARN] [1789403810.047461034] [mhe_node]: MHE solve failed [status=2], skipping this window (streak 4)
[WARN] [1789403810.351619728] [mhe_node]: MHE solve failed [status=2], skipping this window (streak 1)
[WARN] [1789403810.447942102] [mhe_node]: MHE solve failed [status=2], skipping this window (streak 2)
[WARN] [1789403810.548362716] [mhe_node]: MHE solve failed [status=2], skipping this window (streak 3)
[WARN] [1789403810.649697443] [mhe_node]: MHE solve failed [status=2], skipping this window (streak 4)
[WARN] [1789403810.746758433] [mhe_node]: MHE solve failed [status=2], skipping this window (streak 5)
[WARN] [1789403810.747086653] [mhe_node]: re-anchored arrival prior to current window after 5 consecutive failures (m seeded from previous m_est (seed_from_thrust off/unavailable): 1.961 -> 1.961 kg; T_phys/g=2.094)
[WARN] [1789403810.842863417] [mhe_node]: MHE solve failed [status=2], skipping this window (streak 1)
[WARN] [1789403811.149916978] [mhe_node]: MHE solve failed [status=2], skipping this window (streak 1)
[WARN] [1789403811.450300661] [mhe_node]: MHE solve failed [status=2], skipping this window (streak 1)
[WARN] [1789403811.548321288] [mhe_node]: MHE solve failed [status=2], skipping this window (streak 2)
[WARN] [1789403811.647810046] [mhe_node]: MHE solve failed [status=2], skipping this window (streak 3)
[WARN] [1789403811.747293957] [mhe_node]: MHE solve failed [status=2], skipping this window (streak 4)
[WARN] [1789403811.849241214] [mhe_node]: MHE solve failed [status=2], skipping this window (streak 5)
[WARN] [1789403811.849569034] [mhe_node]: re-anchored arrival prior to current window after 5 consecutive failures (m seeded from previous m_est (seed_from_thrust off/unavailable): 1.961 -> 1.961 kg; T_phys/g=2.111)
[WARN] [1789403811.949276206] [mhe_node]: MHE solve failed [status=2], skipping this window (streak 1)
[WARN] [1789403812.051402934] [mhe_node]: MHE solve failed [status=2], skipping this window (streak 2)
[INFO] [1789403812.607967188] [mhe_node]: MHE mass estimate: 1.961 kg (T_phys=21.41N) | solve=58.9ms (max76.4)
[INFO] [1789403812.608509908] [mhe_node]: [truth] m_hat=1.9611 m_true=2.0643 err=-5.00% | c_hat=[+0.0000,+0.0000] c_true=[+0.0000,+0.0000] | Jxx_hat=0.01420 Jxx_true=0.01420 Jyz_hat=+0.00000 Jyz_true=+0.00000 | s_hat=[-0.0054,-0.0098] s_true=[+0.0000,+0.0000] kg·m
[INFO] [1789403812.609026631] [mhe_node]: [tau_phys] roll=-0.070 pitch=+1.094 Nm
[INFO] [1789403812.609613686] [mhe_node]: [mass-diag] m_est=1.9611 T=21.406N tilt=0.97deg cos=0.99986 | T/g=2.1820 T*cos/g=2.1817 | m_est-T*cos/g=-0.2206kg (-10.11%) vz=-0.116
[INFO] [1789403812.610195090] [mhe_node]: [c_xy_est] cx=-0.0030 cy=-0.0049 m
[INFO] [1789403814.609040777] [mhe_node]: MHE mass estimate: 1.961 kg (T_phys=20.86N) | solve=33.1ms (max43.6)
[INFO] [1789403814.609583978] [mhe_node]: [truth] m_hat=1.9611 m_true=2.0643 err=-5.00% | c_hat=[+0.0000,+0.0000] c_true=[+0.0000,+0.0000] | Jxx_hat=0.01420 Jxx_true=0.01420 Jyz_hat=+0.00000 Jyz_true=+0.00000 | s_hat=[-0.0050,-0.0103] s_true=[+0.0000,+0.0000] kg·m
[INFO] [1789403814.610100276] [mhe_node]: [tau_phys] roll=-0.189 pitch=-0.385 Nm
[INFO] [1789403814.610686547] [mhe_node]: [mass-diag] m_est=1.9611 T=20.857N tilt=1.27deg cos=0.99975 | T/g=2.1261 T*cos/g=2.1256 | m_est-T*cos/g=-0.1645kg (-7.74%) vz=-0.144
[INFO] [1789403814.611270935] [mhe_node]: [c_xy_est] cx=-0.0025 cy=-0.0052 m
[WARN] [1789403815.841073578] [mhe_node]: MHE solve failed [status=2], skipping this window (streak 1)
[WARN] [1789403815.945433881] [mhe_node]: MHE solve failed [status=2], skipping this window (streak 2)
[WARN] [1789403816.040514644] [mhe_node]: MHE solve failed [status=2], skipping this window (streak 3)
[WARN] [1789403816.136607478] [mhe_node]: MHE solve failed [status=2], skipping this window (streak 4)
[WARN] [1789403816.242497675] [mhe_node]: MHE solve failed [status=2], skipping this window (streak 5)
[WARN] [1789403816.242829898] [mhe_node]: re-anchored arrival prior to current window after 5 consecutive failures (m seeded from previous m_est (seed_from_thrust off/unavailable): 1.961 -> 1.961 kg; T_phys/g=2.143)
[WARN] [1789403816.343408431] [mhe_node]: MHE solve failed [status=2], skipping this window (streak 1)
[WARN] [1789403816.441652645] [mhe_node]: MHE solve failed [status=2], skipping this window (streak 2)
[WARN] [1789403816.540867461] [mhe_node]: MHE solve failed [status=2], skipping this window (streak 3)
[WARN] [1789403816.640028155] [mhe_node]: MHE solve failed [status=2], skipping this window (streak 4)
[WARN] [1789403816.740627213] [mhe_node]: MHE solve failed [status=2], skipping this window (streak 5)
[WARN] [1789403816.740952175] [mhe_node]: re-anchored arrival prior to current window after 5 consecutive failures (m seeded from previous m_est (seed_from_thrust off/unavailable): 1.961 -> 1.961 kg; T_phys/g=2.149)
[WARN] [1789403816.840437502] [mhe_node]: MHE solve failed [status=2], skipping this window (streak 1)
[WARN] [1789403816.941031580] [mhe_node]: MHE solve failed [status=2], skipping this window (streak 2)
[WARN] [1789403817.040234413] [mhe_node]: MHE solve failed [status=2], skipping this window (streak 3)
[WARN] [1789403817.836241425] [mhe_node]: MHE solve failed [status=2], skipping this window (streak 1)
[WARN] [1789403817.941097406] [mhe_node]: MHE solve failed [status=2], skipping this window (streak 2)
[WARN] [1789403818.140855402] [mhe_node]: MHE solve failed [status=2], skipping this window (streak 1)
[INFO] [1789403818.217716758] [mhe_node]: MHE mass estimate: 1.961 kg (T_phys=20.32N) | solve=58.0ms (max68.7)
[INFO] [1789403818.218106778] [mhe_node]: [truth] m_hat=1.9611 m_true=2.0643 err=-5.00% | c_hat=[+0.0000,+0.0000] c_true=[+0.0000,+0.0000] | Jxx_hat=0.01420 Jxx_true=0.01420 Jyz_hat=+0.00000 Jyz_true=+0.00000 | s_hat=[-0.0106,-0.0112] s_true=[+0.0000,+0.0000] kg·m
[INFO] [1789403818.218476227] [mhe_node]: [tau_phys] roll=-0.080 pitch=-0.136 Nm
[INFO] [1789403818.218900193] [mhe_node]: [mass-diag] m_est=1.9611 T=20.317N tilt=2.08deg cos=0.99934 | T/g=2.0711 T*cos/g=2.0697 | m_est-T*cos/g=-0.1086kg (-5.25%) vz=-0.015
[INFO] [1789403818.219313802] [mhe_node]: [c_xy_est] cx=-0.0068 cy=-0.0056 m
[INFO] [1789403819.274513043] [mhe_node]: [c_xy-clamp] 越界剔除 0/600 (0.0%) 上限 0.0390 kg·m clamp=1
[WARN] [1789403819.445720715] [mhe_node]: MHE solve failed [status=2], skipping this window (streak 1)
[WARN] [1789403820.048978419] [mhe_node]: MHE solve failed [status=2], skipping this window (streak 1)
[WARN] [1789403820.145385293] [mhe_node]: MHE solve failed [status=2], skipping this window (streak 2)
[WARN] [1789403820.445696395] [mhe_node]: MHE solve failed [status=2], skipping this window (streak 1)
[WARN] [1789403820.546131227] [mhe_node]: MHE solve failed [status=2], skipping this window (streak 2)
[WARN] [1789403820.645336107] [mhe_node]: MHE solve failed [status=2], skipping this window (streak 3)
[INFO] [1789403820.838085680] [mhe_node]: MHE mass estimate: 1.961 kg (T_phys=20.91N) | solve=59.2ms (max74.2)
[INFO] [1789403820.838478814] [mhe_node]: [truth] m_hat=1.9611 m_true=2.0643 err=-5.00% | c_hat=[+0.0000,+0.0000] c_true=[+0.0000,+0.0000] | Jxx_hat=0.01420 Jxx_true=0.01420 Jyz_hat=+0.00000 Jyz_true=+0.00000 | s_hat=[-0.0125,-0.0077] s_true=[+0.0000,+0.0000] kg·m
[INFO] [1789403820.838846031] [mhe_node]: [tau_phys] roll=-0.196 pitch=-1.152 Nm
[INFO] [1789403820.839266492] [mhe_node]: [mass-diag] m_est=1.9611 T=20.913N tilt=1.02deg cos=0.99984 | T/g=2.1318 T*cos/g=2.1315 | m_est-T*cos/g=-0.1704kg (-7.99%) vz=-0.009
[INFO] [1789403820.839672455] [mhe_node]: [c_xy_est] cx=-0.0060 cy=-0.0039 m
[WARN] [1789403821.046111899] [mhe_node]: MHE solve failed [status=2], skipping this window (streak 1)
[WARN] [1789403821.147059083] [mhe_node]: MHE solve failed [status=2], skipping this window (streak 2)
[WARN] [1789403821.246468895] [mhe_node]: MHE solve failed [status=2], skipping this window (streak 3)
[WARN] [1789403821.445243275] [mhe_node]: MHE solve failed [status=2], skipping this window (streak 1)
[WARN] [1789403821.744734272] [mhe_node]: MHE solve failed [status=2], skipping this window (streak 1)
[WARN] [1789403822.444989048] [mhe_node]: MHE solve failed [status=2], skipping this window (streak 1)
[WARN] [1789403822.848350957] [mhe_node]: MHE solve failed [status=2], skipping this window (streak 1)
[WARN] [1789403822.950050638] [mhe_node]: MHE solve failed [status=2], skipping this window (streak 2)
[WARN] [1789403823.050830850] [mhe_node]: MHE solve failed [status=2], skipping this window (streak 3)
[WARN] [1789403823.149933961] [mhe_node]: MHE solve failed [status=2], skipping this window (streak 4)
[WARN] [1789403823.848539369] [mhe_node]: MHE solve failed [status=2], skipping this window (streak 1)
[WARN] [1789403823.947724092] [mhe_node]: MHE solve failed [status=2], skipping this window (streak 2)
[WARN] [1789403824.049002462] [mhe_node]: MHE solve failed [status=2], skipping this window (streak 3)
[WARN] [1789403824.150290216] [mhe_node]: MHE solve failed [status=2], skipping this window (streak 4)
[WARN] [1789403824.250977949] [mhe_node]: MHE solve failed [status=2], skipping this window (streak 5)
[WARN] [1789403824.251330942] [mhe_node]: re-anchored arrival prior to current window after 5 consecutive failures (m seeded from previous m_est (seed_from_thrust off/unavailable): 1.961 -> 1.961 kg; T_phys/g=2.214)
[WARN] [1789403824.349899569] [mhe_node]: MHE solve failed [status=2], skipping this window (streak 1)
[WARN] [1789403824.451203367] [mhe_node]: MHE solve failed [status=2], skipping this window (streak 2)
[WARN] [1789403824.550402407] [mhe_node]: MHE solve failed [status=2], skipping this window (streak 3)
[WARN] [1789403824.650109648] [mhe_node]: MHE solve failed [status=2], skipping this window (streak 4)
[WARN] [1789403824.749658886] [mhe_node]: MHE solve failed [status=2], skipping this window (streak 5)
[WARN] [1789403824.749987822] [mhe_node]: re-anchored arrival prior to current window after 5 consecutive failures (m seeded from previous m_est (seed_from_thrust off/unavailable): 1.961 -> 1.961 kg; T_phys/g=2.097)
[WARN] [1789403824.850025960] [mhe_node]: MHE solve failed [status=2], skipping this window (streak 1)
[WARN] [1789403824.948618394] [mhe_node]: MHE solve failed [status=2], skipping this window (streak 2)
[WARN] [1789403825.049882024] [mhe_node]: MHE solve failed [status=2], skipping this window (streak 3)
[WARN] [1789403825.149951799] [mhe_node]: MHE solve failed [status=2], skipping this window (streak 4)
[WARN] [1789403825.249350048] [mhe_node]: MHE solve failed [status=2], skipping this window (streak 5)
[WARN] [1789403825.249675461] [mhe_node]: re-anchored arrival prior to current window after 5 consecutive failures (m seeded from previous m_est (seed_from_thrust off/unavailable): 1.961 -> 1.961 kg; T_phys/g=1.890)
[WARN] [1789403825.349009953] [mhe_node]: MHE solve failed [status=2], skipping this window (streak 1)
[WARN] [1789403825.448276065] [mhe_node]: MHE solve failed [status=2], skipping this window (streak 2)
[WARN] [1789403825.550251634] [mhe_node]: MHE solve failed [status=2], skipping this window (streak 3)
[WARN] [1789403825.650058508] [mhe_node]: MHE solve failed [status=2], skipping this window (streak 4)
[WARN] [1789403825.749535170] [mhe_node]: MHE solve failed [status=2], skipping this window (streak 5)
[WARN] [1789403825.749862160] [mhe_node]: re-anchored arrival prior to current window after 5 consecutive failures (m seeded from previous m_est (seed_from_thrust off/unavailable): 1.961 -> 1.961 kg; T_phys/g=1.948)
[WARN] [1789403825.850711066] [mhe_node]: MHE solve failed [status=2], skipping this window (streak 1)
[WARN] [1789403825.951096438] [mhe_node]: MHE solve failed [status=2], skipping this window (streak 2)
[WARN] [1789403826.048765119] [mhe_node]: MHE solve failed [status=2], skipping this window (streak 3)
[WARN] [1789403826.150250983] [mhe_node]: MHE solve failed [status=2], skipping this window (streak 4)
[WARN] [1789403826.248580668] [mhe_node]: MHE solve failed [status=2], skipping this window (streak 5)
[WARN] [1789403826.248913389] [mhe_node]: re-anchored arrival prior to current window after 5 consecutive failures (m seeded from previous m_est (seed_from_thrust off/unavailable): 1.961 -> 1.961 kg; T_phys/g=2.417)
[WARN] [1789403826.349191619] [mhe_node]: MHE solve failed [status=2], skipping this window (streak 1)
[WARN] [1789403826.449705470] [mhe_node]: MHE solve failed [status=2], skipping this window (streak 2)
[WARN] [1789403826.549098502] [mhe_node]: MHE solve failed [status=2], skipping this window (streak 3)
[WARN] [1789403826.650202114] [mhe_node]: MHE solve failed [status=2], skipping this window (streak 4)
[WARN] [1789403826.749618221] [mhe_node]: MHE solve failed [status=2], skipping this window (streak 5)
[WARN] [1789403826.749943389] [mhe_node]: re-anchored arrival prior to current window after 5 consecutive failures (m seeded from previous m_est (seed_from_thrust off/unavailable): 1.961 -> 1.961 kg; T_phys/g=2.083)
[WARN] [1789403826.849597607] [mhe_node]: MHE solve failed [status=2], skipping this window (streak 1)
[WARN] [1789403826.949361086] [mhe_node]: MHE solve failed [status=2], skipping this window (streak 2)
[WARN] [1789403827.050477178] [mhe_node]: MHE solve failed [status=2], skipping this window (streak 3)
[INFO] [1789403827.133136114] [mhe_node]: MHE mass estimate: 1.961 kg (T_phys=19.54N) | solve=74.0ms (max76.3)
[INFO] [1789403827.133524306] [mhe_node]: [truth] m_hat=1.9611 m_true=2.0643 err=-5.00% | c_hat=[+0.0000,+0.0000] c_true=[+0.0000,+0.0000] | Jxx_hat=0.01420 Jxx_true=0.01420 Jyz_hat=+0.00000 Jyz_true=+0.00000 | s_hat=[-0.0054,-0.0036] s_true=[+0.0000,+0.0000] kg·m
[INFO] [1789403827.133889914] [mhe_node]: [tau_phys] roll=-1.175 pitch=+0.857 Nm
[INFO] [1789403827.134312096] [mhe_node]: [mass-diag] m_est=1.9611 T=19.539N tilt=6.11deg cos=0.99432 | T/g=1.9917 T*cos/g=1.9804 | m_est-T*cos/g=-0.0193kg (-0.98%) vz=+0.146
[INFO] [1789403827.134725611] [mhe_node]: [c_xy_est] cx=+0.0000 cy=+0.0000 m
[WARN] [1789403827.845643842] [mhe_node]: MHE solve failed [status=2], skipping this window (streak 1)
[WARN] [1789403828.245548950] [mhe_node]: MHE solve failed [status=2], skipping this window (streak 1)
[WARN] [1789403828.345100002] [mhe_node]: MHE solve failed [status=2], skipping this window (streak 2)
[WARN] [1789403828.652574650] [mhe_node]: MHE solve failed [status=2], skipping this window (streak 1)
[WARN] [1789403829.348580545] [mhe_node]: MHE solve failed [status=2], skipping this window (streak 1)
[WARN] [1789403829.448054799] [mhe_node]: MHE solve failed [status=2], skipping this window (streak 2)
[WARN] [1789403829.548671956] [mhe_node]: MHE solve failed [status=2], skipping this window (streak 3)
[WARN] [1789403829.649616992] [mhe_node]: MHE solve failed [status=2], skipping this window (streak 4)
[WARN] [1789403829.750055290] [mhe_node]: MHE solve failed [status=2], skipping this window (streak 5)
[WARN] [1789403829.750380394] [mhe_node]: re-anchored arrival prior to current window after 5 consecutive failures (m seeded from previous m_est (seed_from_thrust off/unavailable): 1.961 -> 1.961 kg; T_phys/g=1.935)
[WARN] [1789403829.850139706] [mhe_node]: MHE solve failed [status=2], skipping this window (streak 1)
[WARN] [1789403829.950382460] [mhe_node]: MHE solve failed [status=2], skipping this window (streak 2)
[WARN] [1789403830.050266732] [mhe_node]: MHE solve failed [status=2], skipping this window (streak 3)
[WARN] [1789403830.150870998] [mhe_node]: MHE solve failed [status=2], skipping this window (streak 4)
[WARN] [1789403830.250968642] [mhe_node]: MHE solve failed [status=2], skipping this window (streak 5)
[WARN] [1789403830.251311231] [mhe_node]: re-anchored arrival prior to current window after 5 consecutive failures (m seeded from previous m_est (seed_from_thrust off/unavailable): 1.961 -> 1.961 kg; T_phys/g=1.927)
[WARN] [1789403830.350230940] [mhe_node]: MHE solve failed [status=2], skipping this window (streak 1)
[WARN] [1789403830.450071267] [mhe_node]: MHE solve failed [status=2], skipping this window (streak 2)
[WARN] [1789403830.550279389] [mhe_node]: MHE solve failed [status=2], skipping this window (streak 3)
[WARN] [1789403830.650784139] [mhe_node]: MHE solve failed [status=2], skipping this window (streak 4)
[WARN] [1789403830.751175363] [mhe_node]: MHE solve failed [status=2], skipping this window (streak 5)
[WARN] [1789403830.751507429] [mhe_node]: re-anchored arrival prior to current window after 5 consecutive failures (m seeded from previous m_est (seed_from_thrust off/unavailable): 1.961 -> 1.961 kg; T_phys/g=1.875)
[WARN] [1789403830.850306639] [mhe_node]: MHE solve failed [status=2], skipping this window (streak 1)
[WARN] [1789403830.949832392] [mhe_node]: MHE solve failed [status=2], skipping this window (streak 2)
[WARN] [1789403831.049739153] [mhe_node]: MHE solve failed [status=2], skipping this window (streak 3)
[WARN] [1789403831.149759953] [mhe_node]: MHE solve failed [status=2], skipping this window (streak 4)
[WARN] [1789403831.247951227] [mhe_node]: MHE solve failed [status=2], skipping this window (streak 5)
[WARN] [1789403831.248279684] [mhe_node]: re-anchored arrival prior to current window after 5 consecutive failures (m seeded from previous m_est (seed_from_thrust off/unavailable): 1.961 -> 1.961 kg; T_phys/g=1.774)
[WARN] [1789403831.445424484] [mhe_node]: MHE solve failed [status=2], skipping this window (streak 1)
[WARN] [1789403831.545144110] [mhe_node]: MHE solve failed [status=2], skipping this window (streak 2)
[WARN] [1789403831.750441725] [mhe_node]: MHE solve failed [status=2], skipping this window (streak 1)
[WARN] [1789403831.848894813] [mhe_node]: MHE solve failed [status=2], skipping this window (streak 2)
[WARN] [1789403831.948809958] [mhe_node]: MHE solve failed [status=2], skipping this window (streak 3)
[WARN] [1789403832.050561359] [mhe_node]: MHE solve failed [status=2], skipping this window (streak 4)
[WARN] [1789403832.152895263] [mhe_node]: MHE solve failed [status=2], skipping this window (streak 5)
[WARN] [1789403832.153243593] [mhe_node]: re-anchored arrival prior to current window after 5 consecutive failures (m seeded from previous m_est (seed_from_thrust off/unavailable): 1.961 -> 1.961 kg; T_phys/g=2.009)
[WARN] [1789403832.248862593] [mhe_node]: MHE solve failed [status=2], skipping this window (streak 1)
[WARN] [1789403832.352128357] [mhe_node]: MHE solve failed [status=2], skipping this window (streak 2)
[WARN] [1789403832.452406553] [mhe_node]: MHE solve failed [status=2], skipping this window (streak 3)
[WARN] [1789403832.548232359] [mhe_node]: MHE solve failed [status=2], skipping this window (streak 4)
[WARN] [1789403832.648117959] [mhe_node]: MHE solve failed [status=2], skipping this window (streak 5)
[WARN] [1789403832.648463474] [mhe_node]: re-anchored arrival prior to current window after 5 consecutive failures (m seeded from previous m_est (seed_from_thrust off/unavailable): 1.961 -> 1.961 kg; T_phys/g=2.009)
[WARN] [1789403832.747853970] [mhe_node]: MHE solve failed [status=2], skipping this window (streak 1)
[WARN] [1789403832.848370853] [mhe_node]: MHE solve failed [status=2], skipping this window (streak 2)
[WARN] [1789403832.940221683] [mhe_node]: MHE solve failed [status=2], skipping this window (streak 3)
[WARN] [1789403833.048277696] [mhe_node]: MHE solve failed [status=2], skipping this window (streak 4)
[WARN] [1789403833.152284018] [mhe_node]: MHE solve failed [status=2], skipping this window (streak 5)
[WARN] [1789403833.152611323] [mhe_node]: re-anchored arrival prior to current window after 5 consecutive failures (m seeded from previous m_est (seed_from_thrust off/unavailable): 1.961 -> 1.961 kg; T_phys/g=2.076)
[WARN] [1789403833.248454221] [mhe_node]: MHE solve failed [status=2], skipping this window (streak 1)
[WARN] [1789403833.347793339] [mhe_node]: MHE solve failed [status=2], skipping this window (streak 2)
[WARN] [1789403833.449579841] [mhe_node]: MHE solve failed [status=2], skipping this window (streak 3)
[INFO] [1789403833.547601106] [mhe_node]: MHE mass estimate: 1.961 kg (T_phys=20.85N) | solve=73.9ms (max78.1)
[INFO] [1789403833.547994723] [mhe_node]: [truth] m_hat=1.9611 m_true=2.0643 err=-5.00% | c_hat=[+0.0000,+0.0000] c_true=[+0.0000,+0.0000] | Jxx_hat=0.01420 Jxx_true=0.01420 Jyz_hat=+0.00000 Jyz_true=+0.00000 | s_hat=[-0.0123,+0.0095] s_true=[+0.0000,+0.0000] kg·m
[INFO] [1789403833.548361655] [mhe_node]: [tau_phys] roll=+0.322 pitch=-0.083 Nm
[INFO] [1789403833.548780512] [mhe_node]: [mass-diag] m_est=1.9611 T=20.848N tilt=2.61deg cos=0.99897 | T/g=2.1252 T*cos/g=2.1230 | m_est-T*cos/g=-0.1619kg (-7.63%) vz=+0.117
[INFO] [1789403833.549189207] [mhe_node]: [c_xy_est] cx=+0.0000 cy=+0.0000 m
[WARN] [1789403833.958210558] [mhe_node]: MHE solve failed [status=2], skipping this window (streak 1)
[WARN] [1789403834.047631387] [mhe_node]: MHE solve failed [status=2], skipping this window (streak 2)
[WARN] [1789403834.149777302] [mhe_node]: MHE solve failed [status=2], skipping this window (streak 3)
[WARN] [1789403834.250786116] [mhe_node]: MHE solve failed [status=2], skipping this window (streak 4)
[WARN] [1789403834.348449224] [mhe_node]: MHE solve failed [status=2], skipping this window (streak 5)
[WARN] [1789403834.348778739] [mhe_node]: re-anchored arrival prior to current window after 5 consecutive failures (m seeded from previous m_est (seed_from_thrust off/unavailable): 1.961 -> 1.961 kg; T_phys/g=1.588)
[WARN] [1789403834.445333618] [mhe_node]: MHE solve failed [status=2], skipping this window (streak 1)
[WARN] [1789403834.547270769] [mhe_node]: MHE solve failed [status=2], skipping this window (streak 2)
[WARN] [1789403834.650557370] [mhe_node]: MHE solve failed [status=2], skipping this window (streak 3)
[WARN] [1789403834.749704676] [mhe_node]: MHE solve failed [status=2], skipping this window (streak 4)
[WARN] [1789403834.849613468] [mhe_node]: MHE solve failed [status=2], skipping this window (streak 5)
[WARN] [1789403834.849943352] [mhe_node]: re-anchored arrival prior to current window after 5 consecutive failures (m seeded from previous m_est (seed_from_thrust off/unavailable): 1.961 -> 1.961 kg; T_phys/g=1.669)
[WARN] [1789403834.949706679] [mhe_node]: MHE solve failed [status=2], skipping this window (streak 1)
[WARN] [1789403835.050487328] [mhe_node]: MHE solve failed [status=2], skipping this window (streak 2)
[WARN] [1789403835.150479509] [mhe_node]: MHE solve failed [status=2], skipping this window (streak 3)
[WARN] [1789403835.250017480] [mhe_node]: MHE solve failed [status=2], skipping this window (streak 4)
[WARN] [1789403835.349607698] [mhe_node]: MHE solve failed [status=2], skipping this window (streak 5)
[WARN] [1789403835.349937834] [mhe_node]: re-anchored arrival prior to current window after 5 consecutive failures (m seeded from previous m_est (seed_from_thrust off/unavailable): 1.961 -> 1.961 kg; T_phys/g=1.967)
[WARN] [1789403835.449932929] [mhe_node]: MHE solve failed [status=2], skipping this window (streak 1)
[WARN] [1789403835.549977310] [mhe_node]: MHE solve failed [status=2], skipping this window (streak 2)
[WARN] [1789403835.650825230] [mhe_node]: MHE solve failed [status=2], skipping this window (streak 3)
[WARN] [1789403835.749623148] [mhe_node]: MHE solve failed [status=2], skipping this window (streak 4)
[WARN] [1789403835.848452192] [mhe_node]: MHE solve failed [status=2], skipping this window (streak 5)
[WARN] [1789403835.848787708] [mhe_node]: re-anchored arrival prior to current window after 5 consecutive failures (m seeded from previous m_est (seed_from_thrust off/unavailable): 1.961 -> 1.961 kg; T_phys/g=1.750)
[WARN] [1789403835.948491593] [mhe_node]: MHE solve failed [status=2], skipping this window (streak 1)
[WARN] [1789403836.046827328] [mhe_node]: MHE solve failed [status=2], skipping this window (streak 2)
[WARN] [1789403836.361654528] [mhe_node]: MHE solve failed [status=2], skipping this window (streak 1)
[WARN] [1789403836.445021048] [mhe_node]: MHE solve failed [status=2], skipping this window (streak 2)
[WARN] [1789403837.445339394] [mhe_node]: MHE solve failed [status=2], skipping this window (streak 1)
[WARN] [1789403837.646362376] [mhe_node]: MHE solve failed [status=2], skipping this window (streak 1)
[WARN] [1789403837.748612219] [mhe_node]: MHE solve failed [status=2], skipping this window (streak 2)
[WARN] [1789403837.848047439] [mhe_node]: MHE solve failed [status=2], skipping this window (streak 3)
[WARN] [1789403837.949008030] [mhe_node]: MHE solve failed [status=2], skipping this window (streak 4)
[WARN] [1789403838.051546336] [mhe_node]: MHE solve failed [status=2], skipping this window (streak 5)
[WARN] [1789403838.051874297] [mhe_node]: re-anchored arrival prior to current window after 5 consecutive failures (m seeded from previous m_est (seed_from_thrust off/unavailable): 1.961 -> 1.961 kg; T_phys/g=1.976)
[WARN] [1789403838.150302298] [mhe_node]: MHE solve failed [status=2], skipping this window (streak 1)
[WARN] [1789403838.250112489] [mhe_node]: MHE solve failed [status=2], skipping this window (streak 2)
[WARN] [1789403838.349128296] [mhe_node]: MHE solve failed [status=2], skipping this window (streak 3)
[WARN] [1789403838.449889459] [mhe_node]: MHE solve failed [status=2], skipping this window (streak 4)
[WARN] [1789403838.548737229] [mhe_node]: MHE solve failed [status=2], skipping this window (streak 5)
[WARN] [1789403838.549068598] [mhe_node]: re-anchored arrival prior to current window after 5 consecutive failures (m seeded from previous m_est (seed_from_thrust off/unavailable): 1.961 -> 1.961 kg; T_phys/g=2.028)
[WARN] [1789403838.649447152] [mhe_node]: MHE solve failed [status=2], skipping this window (streak 1)
[WARN] [1789403838.748439108] [mhe_node]: MHE solve failed [status=2], skipping this window (streak 2)
[WARN] [1789403838.848853701] [mhe_node]: MHE solve failed [status=2], skipping this window (streak 3)
[WARN] [1789403838.948838423] [mhe_node]: MHE solve failed [status=2], skipping this window (streak 4)
[WARN] [1789403839.048367956] [mhe_node]: MHE solve failed [status=2], skipping this window (streak 5)
[WARN] [1789403839.048701905] [mhe_node]: re-anchored arrival prior to current window after 5 consecutive failures (m seeded from previous m_est (seed_from_thrust off/unavailable): 1.961 -> 1.961 kg; T_phys/g=2.057)
[WARN] [1789403839.164311366] [mhe_node]: MHE solve failed [status=2], skipping this window (streak 1)
[WARN] [1789403839.250657621] [mhe_node]: MHE solve failed [status=2], skipping this window (streak 2)
[WARN] [1789403839.349047393] [mhe_node]: MHE solve failed [status=2], skipping this window (streak 3)
[WARN] [1789403839.449980050] [mhe_node]: MHE solve failed [status=2], skipping this window (streak 4)
[WARN] [1789403839.549890702] [mhe_node]: MHE solve failed [status=2], skipping this window (streak 5)
[WARN] [1789403839.550213748] [mhe_node]: re-anchored arrival prior to current window after 5 consecutive failures (m seeded from previous m_est (seed_from_thrust off/unavailable): 1.961 -> 1.961 kg; T_phys/g=1.955)
[WARN] [1789403839.649448771] [mhe_node]: MHE solve failed [status=2], skipping this window (streak 1)
[WARN] [1789403839.749916434] [mhe_node]: MHE solve failed [status=2], skipping this window (streak 2)
[WARN] [1789403839.849818463] [mhe_node]: MHE solve failed [status=2], skipping this window (streak 3)
[WARN] [1789403839.949492412] [mhe_node]: MHE solve failed [status=2], skipping this window (streak 4)
[WARN] [1789403840.048599018] [mhe_node]: MHE solve failed [status=2], skipping this window (streak 5)
[WARN] [1789403840.048926814] [mhe_node]: re-anchored arrival prior to current window after 5 consecutive failures (m seeded from previous m_est (seed_from_thrust off/unavailable): 1.961 -> 1.961 kg; T_phys/g=1.914)
[WARN] [1789403840.151158432] [mhe_node]: MHE solve failed [status=2], skipping this window (streak 1)
[WARN] [1789403840.249745337] [mhe_node]: MHE solve failed [status=2], skipping this window (streak 2)
[WARN] [1789403840.349071333] [mhe_node]: MHE solve failed [status=2], skipping this window (streak 3)
[WARN] [1789403840.449934769] [mhe_node]: MHE solve failed [status=2], skipping this window (streak 4)
[WARN] [1789403840.551340504] [mhe_node]: MHE solve failed [status=2], skipping this window (streak 5)
[WARN] [1789403840.551669461] [mhe_node]: re-anchored arrival prior to current window after 5 consecutive failures (m seeded from previous m_est (seed_from_thrust off/unavailable): 1.961 -> 1.961 kg; T_phys/g=1.946)
[WARN] [1789403840.651304849] [mhe_node]: MHE solve failed [status=2], skipping this window (streak 1)
[WARN] [1789403840.751316619] [mhe_node]: MHE solve failed [status=2], skipping this window (streak 2)
[WARN] [1789403840.850281066] [mhe_node]: MHE solve failed [status=2], skipping this window (streak 3)
[WARN] [1789403840.950454533] [mhe_node]: MHE solve failed [status=2], skipping this window (streak 4)
[WARN] [1789403841.050397442] [mhe_node]: MHE solve failed [status=2], skipping this window (streak 5)
[WARN] [1789403841.050731884] [mhe_node]: re-anchored arrival prior to current window after 5 consecutive failures (m seeded from previous m_est (seed_from_thrust off/unavailable): 1.961 -> 1.961 kg; T_phys/g=2.035)
[WARN] [1789403841.150506201] [mhe_node]: MHE solve failed [status=2], skipping this window (streak 1)
[WARN] [1789403841.248227665] [mhe_node]: MHE solve failed [status=2], skipping this window (streak 2)
[WARN] [1789403841.350895753] [mhe_node]: MHE solve failed [status=2], skipping this window (streak 3)
[WARN] [1789403841.449578000] [mhe_node]: MHE solve failed [status=2], skipping this window (streak 4)
[WARN] [1789403841.549028916] [mhe_node]: MHE solve failed [status=2], skipping this window (streak 5)
[WARN] [1789403841.549358669] [mhe_node]: re-anchored arrival prior to current window after 5 consecutive failures (m seeded from previous m_est (seed_from_thrust off/unavailable): 1.961 -> 1.961 kg; T_phys/g=1.951)
[WARN] [1789403841.745149791] [mhe_node]: MHE solve failed [status=2], skipping this window (streak 1)
[INFO] [1789403842.122881838] [mhe_node]: MHE mass estimate: 1.961 kg (T_phys=18.69N) | solve=71.0ms (max76.6)
[INFO] [1789403842.123365970] [mhe_node]: [truth] m_hat=1.9611 m_true=2.0643 err=-5.00% | c_hat=[+0.0000,+0.0000] c_true=[+0.0000,+0.0000] | Jxx_hat=0.01420 Jxx_true=0.01420 Jyz_hat=+0.00000 Jyz_true=+0.00000 | s_hat=[+0.0110,+0.0036] s_true=[+0.0000,+0.0000] kg·m
[INFO] [1789403842.123743591] [mhe_node]: [tau_phys] roll=-0.094 pitch=+2.555 Nm
[INFO] [1789403842.124160231] [mhe_node]: [mass-diag] m_est=1.9611 T=18.692N tilt=4.89deg cos=0.99636 | T/g=1.9054 T*cos/g=1.8985 | m_est-T*cos/g=+0.0626kg (+3.30%) vz=+0.096
[INFO] [1789403842.124568936] [mhe_node]: [c_xy_est] cx=+0.0051 cy=+0.0017 m
[WARN] [1789403842.449377489] [mhe_node]: MHE solve failed [status=2], skipping this window (streak 1)
[WARN] [1789403842.550767770] [mhe_node]: MHE solve failed [status=2], skipping this window (streak 2)
[WARN] [1789403842.650095468] [mhe_node]: MHE solve failed [status=2], skipping this window (streak 3)
[WARN] [1789403842.750486567] [mhe_node]: MHE solve failed [status=2], skipping this window (streak 4)
[WARN] [1789403842.852681863] [mhe_node]: MHE solve failed [status=2], skipping this window (streak 5)
[WARN] [1789403842.853020037] [mhe_node]: re-anchored arrival prior to current window after 5 consecutive failures (m seeded from previous m_est (seed_from_thrust off/unavailable): 1.961 -> 1.961 kg; T_phys/g=1.813)
[WARN] [1789403842.952481309] [mhe_node]: MHE solve failed [status=2], skipping this window (streak 1)
[WARN] [1789403843.052800301] [mhe_node]: MHE solve failed [status=2], skipping this window (streak 2)
[WARN] [1789403843.148974926] [mhe_node]: MHE solve failed [status=2], skipping this window (streak 3)
[WARN] [1789403843.450293411] [mhe_node]: MHE solve failed [status=2], skipping this window (streak 1)
[WARN] [1789403843.548309535] [mhe_node]: MHE solve failed [status=2], skipping this window (streak 2)
[WARN] [1789403843.648904461] [mhe_node]: MHE solve failed [status=2], skipping this window (streak 3)
[WARN] [1789403843.748892032] [mhe_node]: MHE solve failed [status=2], skipping this window (streak 4)
[WARN] [1789403844.264110628] [mhe_node]: MHE solve failed [status=2], skipping this window (streak 1)
[WARN] [1789403844.447541257] [mhe_node]: MHE solve failed [status=2], skipping this window (streak 1)
[WARN] [1789403844.549126641] [mhe_node]: MHE solve failed [status=2], skipping this window (streak 2)
[WARN] [1789403844.650233964] [mhe_node]: MHE solve failed [status=2], skipping this window (streak 3)
[WARN] [1789403844.750267418] [mhe_node]: MHE solve failed [status=2], skipping this window (streak 4)
[WARN] [1789403844.849610582] [mhe_node]: MHE solve failed [status=2], skipping this window (streak 5)
[WARN] [1789403844.849944606] [mhe_node]: re-anchored arrival prior to current window after 5 consecutive failures (m seeded from previous m_est (seed_from_thrust off/unavailable): 1.961 -> 1.961 kg; T_phys/g=2.058)
[WARN] [1789403844.951041783] [mhe_node]: MHE solve failed [status=2], skipping this window (streak 1)
[WARN] [1789403845.050878957] [mhe_node]: MHE solve failed [status=2], skipping this window (streak 2)
[WARN] [1789403845.150941804] [mhe_node]: MHE solve failed [status=2], skipping this window (streak 3)
[WARN] [1789403845.250999804] [mhe_node]: MHE solve failed [status=2], skipping this window (streak 4)
[WARN] [1789403845.349295162] [mhe_node]: MHE solve failed [status=2], skipping this window (streak 5)
[WARN] [1789403845.349627512] [mhe_node]: re-anchored arrival prior to current window after 5 consecutive failures (m seeded from previous m_est (seed_from_thrust off/unavailable): 1.961 -> 1.961 kg; T_phys/g=1.928)
[WARN] [1789403845.449484306] [mhe_node]: MHE solve failed [status=2], skipping this window (streak 1)
[WARN] [1789403845.548988641] [mhe_node]: MHE solve failed [status=2], skipping this window (streak 2)
[WARN] [1789403845.649747939] [mhe_node]: MHE solve failed [status=2], skipping this window (streak 3)
[WARN] [1789403845.749135638] [mhe_node]: MHE solve failed [status=2], skipping this window (streak 4)
[WARN] [1789403845.848618742] [mhe_node]: MHE solve failed [status=2], skipping this window (streak 5)
[WARN] [1789403845.848960865] [mhe_node]: re-anchored arrival prior to current window after 5 consecutive failures (m seeded from previous m_est (seed_from_thrust off/unavailable): 1.961 -> 1.961 kg; T_phys/g=1.829)
[WARN] [1789403845.947633440] [mhe_node]: MHE solve failed [status=2], skipping this window (streak 1)
[INFO] [1789403847.016651382] [mhe_node]: MHE mass estimate: 1.961 kg (T_phys=19.46N) | solve=56.4ms (max76.3)
[INFO] [1789403847.017046089] [mhe_node]: [truth] m_hat=1.9611 m_true=2.0643 err=-5.00% | c_hat=[+0.0000,+0.0000] c_true=[+0.0000,+0.0000] | Jxx_hat=0.01420 Jxx_true=0.01420 Jyz_hat=+0.00000 Jyz_true=+0.00000 | s_hat=[+0.0054,-0.0007] s_true=[+0.0000,+0.0000] kg·m
[INFO] [1789403847.017416081] [mhe_node]: [tau_phys] roll=+0.933 pitch=+0.202 Nm
[INFO] [1789403847.017840277] [mhe_node]: [mass-diag] m_est=1.9611 T=19.460N tilt=6.04deg cos=0.99445 | T/g=1.9837 T*cos/g=1.9727 | m_est-T*cos/g=-0.0116kg (-0.59%) vz=-0.032
[INFO] [1789403847.018251283] [mhe_node]: [c_xy_est] cx=+0.0026 cy=-0.0004 m
[WARN] [1789403847.352371260] [mhe_node]: MHE solve failed [status=2], skipping this window (streak 1)
[WARN] [1789403848.247340922] [mhe_node]: MHE solve failed [status=2], skipping this window (streak 1)
[WARN] [1789403848.546776884] [mhe_node]: MHE solve failed [status=2], skipping this window (streak 1)
[WARN] [1789403848.961863524] [mhe_node]: MHE solve failed [status=2], skipping this window (streak 1)
[INFO] [1789403849.274644677] [mhe_node]: [c_xy-clamp] 越界剔除 0/900 (0.0%) 上限 0.0390 kg·m clamp=1
[INFO] [1789403849.414960265] [mhe_node]: MHE mass estimate: 1.961 kg (T_phys=17.33N) | solve=56.3ms (max87.0)
[INFO] [1789403849.415356302] [mhe_node]: [truth] m_hat=1.9611 m_true=2.0643 err=-5.00% | c_hat=[+0.0000,+0.0000] c_true=[+0.0000,+0.0000] | Jxx_hat=0.01420 Jxx_true=0.01420 Jyz_hat=+0.00000 Jyz_true=+0.00000 | s_hat=[+0.0037,+0.0006] s_true=[+0.0000,+0.0000] kg·m
[INFO] [1789403849.415725450] [mhe_node]: [tau_phys] roll=-0.959 pitch=+1.649 Nm
[INFO] [1789403849.416148688] [mhe_node]: [mass-diag] m_est=1.9611 T=17.332N tilt=3.38deg cos=0.99826 | T/g=1.7668 T*cos/g=1.7637 | m_est-T*cos/g=+0.1974kg (+11.19%) vz=+0.033
[INFO] [1789403849.416556937] [mhe_node]: [c_xy_est] cx=+0.0018 cy=+0.0003 m
[WARN] [1789403850.745834594] [mhe_node]: MHE solve failed [status=2], skipping this window (streak 1)
[WARN] [1789403851.447709658] [mhe_node]: MHE solve failed [status=2], skipping this window (streak 1)
[WARN] [1789403851.547592386] [mhe_node]: MHE solve failed [status=2], skipping this window (streak 2)
[WARN] [1789403851.647715274] [mhe_node]: MHE solve failed [status=2], skipping this window (streak 3)
[WARN] [1789403851.748665512] [mhe_node]: MHE solve failed [status=2], skipping this window (streak 4)
[WARN] [1789403851.847363462] [mhe_node]: MHE solve failed [status=2], skipping this window (streak 5)
[WARN] [1789403851.847717278] [mhe_node]: re-anchored arrival prior to current window after 5 consecutive failures (m seeded from previous m_est (seed_from_thrust off/unavailable): 1.961 -> 1.961 kg; T_phys/g=1.583)
[INFO] [1789403852.026322756] [mhe_node]: MHE mass estimate: 1.961 kg (T_phys=19.66N) | solve=56.1ms (max74.8)
[INFO] [1789403852.026806224] [mhe_node]: [truth] m_hat=1.9611 m_true=2.0643 err=-5.00% | c_hat=[+0.0000,+0.0000] c_true=[+0.0000,+0.0000] | Jxx_hat=0.01420 Jxx_true=0.01420 Jyz_hat=+0.00000 Jyz_true=+0.00000 | s_hat=[+0.0208,+0.0001] s_true=[+0.0000,+0.0000] kg·m
[INFO] [1789403852.027178148] [mhe_node]: [tau_phys] roll=+0.184 pitch=+0.906 Nm
[INFO] [1789403852.027590499] [mhe_node]: [mass-diag] m_est=1.9611 T=19.660N tilt=1.97deg cos=0.99941 | T/g=2.0041 T*cos/g=2.0029 | m_est-T*cos/g=-0.0418kg (-2.09%) vz=-0.150
[INFO] [1789403852.027995964] [mhe_node]: [c_xy_est] cx=+0.0105 cy=+0.0001 m
[WARN] [1789403852.248512782] [mhe_node]: MHE solve failed [status=2], skipping this window (streak 1)
[WARN] [1789403852.347825018] [mhe_node]: MHE solve failed [status=2], skipping this window (streak 2)
[WARN] [1789403852.549391329] [mhe_node]: MHE solve failed [status=2], skipping this window (streak 1)
[WARN] [1789403853.761328365] [mhe_node]: MHE solve failed [status=2], skipping this window (streak 1)
[WARN] [1789403853.846273051] [mhe_node]: MHE solve failed [status=2], skipping this window (streak 2)
[WARN] [1789403854.050275234] [mhe_node]: MHE solve failed [status=2], skipping this window (streak 1)
[WARN] [1789403854.147786265] [mhe_node]: MHE solve failed [status=2], skipping this window (streak 2)
[WARN] [1789403854.249812159] [mhe_node]: MHE solve failed [status=2], skipping this window (streak 3)
[WARN] [1789403854.348267115] [mhe_node]: MHE solve failed [status=2], skipping this window (streak 4)
[WARN] [1789403854.448179367] [mhe_node]: MHE solve failed [status=2], skipping this window (streak 5)
[WARN] [1789403854.448507423] [mhe_node]: re-anchored arrival prior to current window after 5 consecutive failures (m seeded from previous m_est (seed_from_thrust off/unavailable): 1.961 -> 1.961 kg; T_phys/g=1.726)
[WARN] [1789403854.548267759] [mhe_node]: MHE solve failed [status=2], skipping this window (streak 1)
[WARN] [1789403854.648766025] [mhe_node]: MHE solve failed [status=2], skipping this window (streak 2)
[WARN] [1789403854.748629619] [mhe_node]: MHE solve failed [status=2], skipping this window (streak 3)
[WARN] [1789403855.151857714] [mhe_node]: MHE solve failed [status=2], skipping this window (streak 1)
[WARN] [1789403855.246781674] [mhe_node]: MHE solve failed [status=2], skipping this window (streak 2)
[INFO] [1789403855.495426375] [mhe_node]: MHE mass estimate: 1.961 kg (T_phys=18.86N) | solve=66.1ms (max86.4)
[INFO] [1789403855.495820172] [mhe_node]: [truth] m_hat=1.9611 m_true=2.0643 err=-5.00% | c_hat=[+0.0000,+0.0000] c_true=[+0.0000,+0.0000] | Jxx_hat=0.01420 Jxx_true=0.01420 Jyz_hat=+0.00000 Jyz_true=+0.00000 | s_hat=[+0.0072,+0.0027] s_true=[+0.0000,+0.0000] kg·m
[INFO] [1789403855.496187427] [mhe_node]: [tau_phys] roll=+0.173 pitch=-0.006 Nm
[INFO] [1789403855.496608945] [mhe_node]: [mass-diag] m_est=1.9611 T=18.863N tilt=3.60deg cos=0.99802 | T/g=1.9228 T*cos/g=1.9190 | m_est-T*cos/g=+0.0421kg (+2.19%) vz=-0.039
[INFO] [1789403855.497022227] [mhe_node]: [c_xy_est] cx=+0.0038 cy=+0.0017 m
[WARN] [1789403856.247694845] [mhe_node]: MHE solve failed [status=2], skipping this window (streak 1)
[WARN] [1789403856.445315328] [mhe_node]: MHE solve failed [status=2], skipping this window (streak 1)
[WARN] [1789403856.645011524] [mhe_node]: MHE solve failed [status=2], skipping this window (streak 1)
[WARN] [1789403856.740867974] [mhe_node]: MHE solve failed [status=2], skipping this window (streak 2)
[WARN] [1789403856.936324939] [mhe_node]: MHE solve failed [status=2], skipping this window (streak 1)
[WARN] [1789403857.242090000] [mhe_node]: MHE solve failed [status=2], skipping this window (streak 1)
[WARN] [1789403857.348757923] [mhe_node]: MHE solve failed [status=2], skipping this window (streak 2)
[WARN] [1789403857.450222622] [mhe_node]: MHE solve failed [status=2], skipping this window (streak 3)
[WARN] [1789403857.549753040] [mhe_node]: MHE solve failed [status=2], skipping this window (streak 4)
[WARN] [1789403857.651175412] [mhe_node]: MHE solve failed [status=2], skipping this window (streak 5)
[WARN] [1789403857.651504699] [mhe_node]: re-anchored arrival prior to current window after 5 consecutive failures (m seeded from previous m_est (seed_from_thrust off/unavailable): 1.961 -> 1.961 kg; T_phys/g=1.996)
[WARN] [1789403857.750497410] [mhe_node]: MHE solve failed [status=2], skipping this window (streak 1)
[WARN] [1789403857.848643495] [mhe_node]: MHE solve failed [status=2], skipping this window (streak 2)
[WARN] [1789403857.950081005] [mhe_node]: MHE solve failed [status=2], skipping this window (streak 3)
[WARN] [1789403858.049894695] [mhe_node]: MHE solve failed [status=2], skipping this window (streak 4)
[WARN] [1789403858.151395153] [mhe_node]: MHE solve failed [status=2], skipping this window (streak 5)
[WARN] [1789403858.151729074] [mhe_node]: re-anchored arrival prior to current window after 5 consecutive failures (m seeded from previous m_est (seed_from_thrust off/unavailable): 1.961 -> 1.961 kg; T_phys/g=2.769)
[WARN] [1789403858.250267751] [mhe_node]: MHE solve failed [status=2], skipping this window (streak 1)
[WARN] [1789403858.349429771] [mhe_node]: MHE solve failed [status=2], skipping this window (streak 2)
[WARN] [1789403858.450945462] [mhe_node]: MHE solve failed [status=2], skipping this window (streak 3)
[WARN] [1789403858.548464687] [mhe_node]: MHE solve failed [status=2], skipping this window (streak 4)
[WARN] [1789403858.650304289] [mhe_node]: MHE solve failed [status=2], skipping this window (streak 5)
[WARN] [1789403858.650631365] [mhe_node]: re-anchored arrival prior to current window after 5 consecutive failures (m seeded from previous m_est (seed_from_thrust off/unavailable): 1.961 -> 1.961 kg; T_phys/g=2.253)
[WARN] [1789403858.749792215] [mhe_node]: MHE solve failed [status=2], skipping this window (streak 1)
[WARN] [1789403858.850850791] [mhe_node]: MHE solve failed [status=2], skipping this window (streak 2)
[WARN] [1789403858.950011493] [mhe_node]: MHE solve failed [status=2], skipping this window (streak 3)
[WARN] [1789403859.050817457] [mhe_node]: MHE solve failed [status=2], skipping this window (streak 4)
[WARN] [1789403859.151052208] [mhe_node]: MHE solve failed [status=2], skipping this window (streak 5)
[WARN] [1789403859.151381253] [mhe_node]: re-anchored arrival prior to current window after 5 consecutive failures (m seeded from previous m_est (seed_from_thrust off/unavailable): 1.961 -> 1.961 kg; T_phys/g=1.772)
[WARN] [1789403859.250730167] [mhe_node]: MHE solve failed [status=2], skipping this window (streak 1)
[WARN] [1789403859.348863336] [mhe_node]: MHE solve failed [status=2], skipping this window (streak 2)
[WARN] [1789403859.449959001] [mhe_node]: MHE solve failed [status=2], skipping this window (streak 3)
[WARN] [1789403859.546253532] [mhe_node]: MHE solve failed [status=2], skipping this window (streak 4)
[WARN] [1789403859.643303408] [mhe_node]: MHE solve failed [status=2], skipping this window (streak 5)
[WARN] [1789403859.643635966] [mhe_node]: re-anchored arrival prior to current window after 5 consecutive failures (m seeded from previous m_est (seed_from_thrust off/unavailable): 1.961 -> 1.961 kg; T_phys/g=2.063)
[WARN] [1789403859.745701989] [mhe_node]: MHE solve failed [status=2], skipping this window (streak 1)
[WARN] [1789403859.848978510] [mhe_node]: MHE solve failed [status=2], skipping this window (streak 2)
[WARN] [1789403859.950097352] [mhe_node]: MHE solve failed [status=2], skipping this window (streak 3)
[WARN] [1789403860.048919772] [mhe_node]: MHE solve failed [status=2], skipping this window (streak 4)
[WARN] [1789403860.150148682] [mhe_node]: MHE solve failed [status=2], skipping this window (streak 5)
[WARN] [1789403860.150474677] [mhe_node]: re-anchored arrival prior to current window after 5 consecutive failures (m seeded from previous m_est (seed_from_thrust off/unavailable): 1.961 -> 1.961 kg; T_phys/g=1.892)
[WARN] [1789403860.249586332] [mhe_node]: MHE solve failed [status=2], skipping this window (streak 1)
[WARN] [1789403860.349564361] [mhe_node]: MHE solve failed [status=2], skipping this window (streak 2)
[WARN] [1789403860.450688211] [mhe_node]: MHE solve failed [status=2], skipping this window (streak 3)
[WARN] [1789403860.549302360] [mhe_node]: MHE solve failed [status=2], skipping this window (streak 4)
[WARN] [1789403860.649490896] [mhe_node]: MHE solve failed [status=2], skipping this window (streak 5)
[WARN] [1789403860.649832426] [mhe_node]: re-anchored arrival prior to current window after 5 consecutive failures (m seeded from previous m_est (seed_from_thrust off/unavailable): 1.961 -> 1.961 kg; T_phys/g=1.833)
[WARN] [1789403860.749437310] [mhe_node]: MHE solve failed [status=2], skipping this window (streak 1)
[WARN] [1789403860.848229844] [mhe_node]: MHE solve failed [status=2], skipping this window (streak 2)
[WARN] [1789403861.049029433] [mhe_node]: MHE solve failed [status=2], skipping this window (streak 1)
[WARN] [1789403861.149523581] [mhe_node]: MHE solve failed [status=2], skipping this window (streak 2)
[WARN] [1789403861.247768965] [mhe_node]: MHE solve failed [status=2], skipping this window (streak 3)
[WARN] [1789403861.347944895] [mhe_node]: MHE solve failed [status=2], skipping this window (streak 4)
[WARN] [1789403861.447692832] [mhe_node]: MHE solve failed [status=2], skipping this window (streak 5)
[WARN] [1789403861.448027295] [mhe_node]: re-anchored arrival prior to current window after 5 consecutive failures (m seeded from previous m_est (seed_from_thrust off/unavailable): 1.961 -> 1.961 kg; T_phys/g=2.101)
[WARN] [1789403861.549092330] [mhe_node]: MHE solve failed [status=2], skipping this window (streak 1)
[WARN] [1789403861.845530328] [mhe_node]: MHE solve failed [status=2], skipping this window (streak 1)
[WARN] [1789403861.945486073] [mhe_node]: MHE solve failed [status=2], skipping this window (streak 2)
[WARN] [1789403862.045111736] [mhe_node]: MHE solve failed [status=2], skipping this window (streak 3)
[WARN] [1789403862.256848269] [mhe_node]: MHE solve failed [status=2], skipping this window (streak 1)
[INFO] [1789403862.715192206] [mhe_node]: MHE mass estimate: 1.961 kg (T_phys=16.80N) | solve=64.9ms (max82.0)
[INFO] [1789403862.715583361] [mhe_node]: [truth] m_hat=1.9611 m_true=2.0643 err=-5.00% | c_hat=[+0.0000,+0.0000] c_true=[+0.0000,+0.0000] | Jxx_hat=0.01420 Jxx_true=0.01420 Jyz_hat=+0.00000 Jyz_true=+0.00000 | s_hat=[+0.0022,-0.0053] s_true=[+0.0000,+0.0000] kg·m
[INFO] [1789403862.715958611] [mhe_node]: [tau_phys] roll=-0.778 pitch=+1.889 Nm
[INFO] [1789403862.716380948] [mhe_node]: [mass-diag] m_est=1.9611 T=16.802N tilt=7.84deg cos=0.99064 | T/g=1.7127 T*cos/g=1.6967 | m_est-T*cos/g=+0.2644kg (+15.58%) vz=+0.013
[INFO] [1789403862.716786971] [mhe_node]: [c_xy_est] cx=+0.0004 cy=-0.0029 m
[WARN] [1789403863.645360569] [mhe_node]: MHE solve failed [status=2], skipping this window (streak 1)
[WARN] [1789403863.745231279] [mhe_node]: MHE solve failed [status=2], skipping this window (streak 2)
[WARN] [1789403864.045881471] [mhe_node]: MHE solve failed [status=2], skipping this window (streak 1)
[WARN] [1789403864.848165206] [mhe_node]: MHE solve failed [status=2], skipping this window (streak 1)
[WARN] [1789403865.048179403] [mhe_node]: MHE solve failed [status=2], skipping this window (streak 1)
[WARN] [1789403865.148990923] [mhe_node]: MHE solve failed [status=2], skipping this window (streak 2)
[WARN] [1789403865.250084952] [mhe_node]: MHE solve failed [status=2], skipping this window (streak 3)
[WARN] [1789403865.350595700] [mhe_node]: MHE solve failed [status=2], skipping this window (streak 4)
[WARN] [1789403865.451032359] [mhe_node]: MHE solve failed [status=2], skipping this window (streak 5)
[WARN] [1789403865.451366441] [mhe_node]: re-anchored arrival prior to current window after 5 consecutive failures (m seeded from previous m_est (seed_from_thrust off/unavailable): 1.961 -> 1.961 kg; T_phys/g=2.137)
[WARN] [1789403865.550682998] [mhe_node]: MHE solve failed [status=2], skipping this window (streak 1)
[WARN] [1789403865.652892151] [mhe_node]: MHE solve failed [status=2], skipping this window (streak 2)
[WARN] [1789403865.749650895] [mhe_node]: MHE solve failed [status=2], skipping this window (streak 3)
[WARN] [1789403865.851474469] [mhe_node]: MHE solve failed [status=2], skipping this window (streak 4)
[WARN] [1789403865.949003350] [mhe_node]: MHE solve failed [status=2], skipping this window (streak 5)
[WARN] [1789403865.949332138] [mhe_node]: re-anchored arrival prior to current window after 5 consecutive failures (m seeded from previous m_est (seed_from_thrust off/unavailable): 1.961 -> 1.961 kg; T_phys/g=1.612)
[WARN] [1789403866.048925276] [mhe_node]: MHE solve failed [status=2], skipping this window (streak 1)
[WARN] [1789403866.145160378] [mhe_node]: MHE solve failed [status=2], skipping this window (streak 2)
[WARN] [1789403866.245179706] [mhe_node]: MHE solve failed [status=2], skipping this window (streak 3)
[INFO] [1789403866.442001703] [mhe_node]: MHE mass estimate: 1.961 kg (T_phys=23.40N) | solve=72.2ms (max78.2)
[INFO] [1789403866.442488639] [mhe_node]: [truth] m_hat=1.9611 m_true=2.0643 err=-5.00% | c_hat=[+0.0000,+0.0000] c_true=[+0.0000,+0.0000] | Jxx_hat=0.01420 Jxx_true=0.01420 Jyz_hat=+0.00000 Jyz_true=+0.00000 | s_hat=[+0.0129,+0.0009] s_true=[+0.0000,+0.0000] kg·m
[INFO] [1789403866.442859335] [mhe_node]: [tau_phys] roll=-0.064 pitch=+0.348 Nm
[INFO] [1789403866.443280159] [mhe_node]: [mass-diag] m_est=1.9611 T=23.403N tilt=3.90deg cos=0.99768 | T/g=2.3857 T*cos/g=2.3801 | m_est-T*cos/g=-0.4191kg (-17.61%) vz=+0.010
[INFO] [1789403866.443685995] [mhe_node]: [c_xy_est] cx=+0.0049 cy=+0.0009 m
[WARN] [1789403866.649419944] [mhe_node]: MHE solve failed [status=2], skipping this window (streak 1)
[WARN] [1789403866.747864129] [mhe_node]: MHE solve failed [status=2], skipping this window (streak 2)
[WARN] [1789403866.850292754] [mhe_node]: MHE solve failed [status=2], skipping this window (streak 3)
[WARN] [1789403866.950922746] [mhe_node]: MHE solve failed [status=2], skipping this window (streak 4)
[WARN] [1789403867.048150523] [mhe_node]: MHE solve failed [status=2], skipping this window (streak 5)
[WARN] [1789403867.048476849] [mhe_node]: re-anchored arrival prior to current window after 5 consecutive failures (m seeded from previous m_est (seed_from_thrust off/unavailable): 1.961 -> 1.961 kg; T_phys/g=1.922)
[WARN] [1789403867.149600960] [mhe_node]: MHE solve failed [status=2], skipping this window (streak 1)
[WARN] [1789403867.248512091] [mhe_node]: MHE solve failed [status=2], skipping this window (streak 2)
[WARN] [1789403867.347652704] [mhe_node]: MHE solve failed [status=2], skipping this window (streak 3)
[WARN] [1789403867.446668452] [mhe_node]: MHE solve failed [status=2], skipping this window (streak 4)
[WARN] [1789403867.546218892] [mhe_node]: MHE solve failed [status=2], skipping this window (streak 5)
[WARN] [1789403867.546556600] [mhe_node]: re-anchored arrival prior to current window after 5 consecutive failures (m seeded from previous m_est (seed_from_thrust off/unavailable): 1.961 -> 1.961 kg; T_phys/g=2.105)
[WARN] [1789403867.646780925] [mhe_node]: MHE solve failed [status=2], skipping this window (streak 1)
[WARN] [1789403867.746973921] [mhe_node]: MHE solve failed [status=2], skipping this window (streak 2)
[WARN] [1789403867.847701644] [mhe_node]: MHE solve failed [status=2], skipping this window (streak 3)
[WARN] [1789403867.947409612] [mhe_node]: MHE solve failed [status=2], skipping this window (streak 4)
[WARN] [1789403868.048653220] [mhe_node]: MHE solve failed [status=2], skipping this window (streak 5)
[WARN] [1789403868.048993303] [mhe_node]: re-anchored arrival prior to current window after 5 consecutive failures (m seeded from previous m_est (seed_from_thrust off/unavailable): 1.961 -> 1.961 kg; T_phys/g=1.925)
[WARN] [1789403868.148480274] [mhe_node]: MHE solve failed [status=2], skipping this window (streak 1)
[WARN] [1789403868.247588401] [mhe_node]: MHE solve failed [status=2], skipping this window (streak 2)
[WARN] [1789403868.350628539] [mhe_node]: MHE solve failed [status=2], skipping this window (streak 3)
[WARN] [1789403868.448951409] [mhe_node]: MHE solve failed [status=2], skipping this window (streak 4)
[WARN] [1789403868.548912240] [mhe_node]: MHE solve failed [status=2], skipping this window (streak 5)
[WARN] [1789403868.549248212] [mhe_node]: re-anchored arrival prior to current window after 5 consecutive failures (m seeded from previous m_est (seed_from_thrust off/unavailable): 1.961 -> 1.961 kg; T_phys/g=1.654)
[WARN] [1789403868.648430684] [mhe_node]: MHE solve failed [status=2], skipping this window (streak 1)
[WARN] [1789403868.747432975] [mhe_node]: MHE solve failed [status=2], skipping this window (streak 2)
[WARN] [1789403869.045118517] [mhe_node]: MHE solve failed [status=2], skipping this window (streak 1)
[WARN] [1789403869.145942444] [mhe_node]: MHE solve failed [status=2], skipping this window (streak 2)
[WARN] [1789403869.245236791] [mhe_node]: MHE solve failed [status=2], skipping this window (streak 3)
[WARN] [1789403869.345152912] [mhe_node]: MHE solve failed [status=2], skipping this window (streak 4)
[WARN] [1789403869.445405397] [mhe_node]: MHE solve failed [status=2], skipping this window (streak 5)
[WARN] [1789403869.445735211] [mhe_node]: re-anchored arrival prior to current window after 5 consecutive failures (m seeded from previous m_est (seed_from_thrust off/unavailable): 1.961 -> 1.961 kg; T_phys/g=1.683)
[WARN] [1789403869.645637996] [mhe_node]: MHE solve failed [status=2], skipping this window (streak 1)
[WARN] [1789403869.745560568] [mhe_node]: MHE solve failed [status=2], skipping this window (streak 2)
[WARN] [1789403869.948961932] [mhe_node]: MHE solve failed [status=2], skipping this window (streak 1)
[WARN] [1789403870.049478250] [mhe_node]: MHE solve failed [status=2], skipping this window (streak 2)
[WARN] [1789403870.150233270] [mhe_node]: MHE solve failed [status=2], skipping this window (streak 3)
[WARN] [1789403870.250164739] [mhe_node]: MHE solve failed [status=2], skipping this window (streak 4)
[WARN] [1789403870.350173865] [mhe_node]: MHE solve failed [status=2], skipping this window (streak 5)
[WARN] [1789403870.350522736] [mhe_node]: re-anchored arrival prior to current window after 5 consecutive failures (m seeded from previous m_est (seed_from_thrust off/unavailable): 1.961 -> 1.961 kg; T_phys/g=1.650)
[WARN] [1789403870.449960700] [mhe_node]: MHE solve failed [status=2], skipping this window (streak 1)
[WARN] [1789403870.550307943] [mhe_node]: MHE solve failed [status=2], skipping this window (streak 2)
[WARN] [1789403870.649156121] [mhe_node]: MHE solve failed [status=2], skipping this window (streak 3)
[WARN] [1789403870.749036863] [mhe_node]: MHE solve failed [status=2], skipping this window (streak 4)
[WARN] [1789403870.848687389] [mhe_node]: MHE solve failed [status=2], skipping this window (streak 5)
[WARN] [1789403870.849040969] [mhe_node]: re-anchored arrival prior to current window after 5 consecutive failures (m seeded from previous m_est (seed_from_thrust off/unavailable): 1.961 -> 1.961 kg; T_phys/g=2.050)
[WARN] [1789403870.949292070] [mhe_node]: MHE solve failed [status=2], skipping this window (streak 1)
[WARN] [1789403871.049349491] [mhe_node]: MHE solve failed [status=2], skipping this window (streak 2)
[WARN] [1789403871.149769407] [mhe_node]: MHE solve failed [status=2], skipping this window (streak 3)
[WARN] [1789403871.249860420] [mhe_node]: MHE solve failed [status=2], skipping this window (streak 4)
[WARN] [1789403871.349435885] [mhe_node]: MHE solve failed [status=2], skipping this window (streak 5)
[WARN] [1789403871.349776083] [mhe_node]: re-anchored arrival prior to current window after 5 consecutive failures (m seeded from previous m_est (seed_from_thrust off/unavailable): 1.961 -> 1.961 kg; T_phys/g=1.897)
[WARN] [1789403871.450403175] [mhe_node]: MHE solve failed [status=2], skipping this window (streak 1)
[WARN] [1789403871.551032266] [mhe_node]: MHE solve failed [status=2], skipping this window (streak 2)
[WARN] [1789403871.647922578] [mhe_node]: MHE solve failed [status=2], skipping this window (streak 3)
[WARN] [1789403871.749792683] [mhe_node]: MHE solve failed [status=2], skipping this window (streak 4)
[WARN] [1789403871.850691597] [mhe_node]: MHE solve failed [status=2], skipping this window (streak 5)
[WARN] [1789403871.851021785] [mhe_node]: re-anchored arrival prior to current window after 5 consecutive failures (m seeded from previous m_est (seed_from_thrust off/unavailable): 1.961 -> 1.961 kg; T_phys/g=2.228)
[WARN] [1789403871.950737748] [mhe_node]: MHE solve failed [status=2], skipping this window (streak 1)
[WARN] [1789403872.045433069] [mhe_node]: MHE solve failed [status=2], skipping this window (streak 2)
[WARN] [1789403873.049730563] [mhe_node]: MHE solve failed [status=2], skipping this window (streak 1)
[WARN] [1789403873.449137407] [mhe_node]: MHE solve failed [status=2], skipping this window (streak 1)
[INFO] [1789403873.723354372] [mhe_node]: MHE mass estimate: 1.961 kg (T_phys=16.33N) | solve=57.4ms (max76.0)
[INFO] [1789403873.723743054] [mhe_node]: [truth] m_hat=1.9611 m_true=2.0643 err=-5.00% | c_hat=[+0.0000,+0.0000] c_true=[+0.0000,+0.0000] | Jxx_hat=0.01420 Jxx_true=0.01420 Jyz_hat=+0.00000 Jyz_true=+0.00000 | s_hat=[-0.0127,+0.0036] s_true=[+0.0000,+0.0000] kg·m
[INFO] [1789403873.724108914] [mhe_node]: [tau_phys] roll=+0.957 pitch=-1.686 Nm
[INFO] [1789403873.724536124] [mhe_node]: [mass-diag] m_est=1.9611 T=16.326N tilt=1.95deg cos=0.99942 | T/g=1.6642 T*cos/g=1.6632 | m_est-T*cos/g=+0.2979kg (+17.91%) vz=+0.073
[INFO] [1789403873.724943720] [mhe_node]: [c_xy_est] cx=-0.0061 cy=+0.0020 m
[WARN] [1789403873.951815585] [mhe_node]: MHE solve failed [status=2], skipping this window (streak 1)
[WARN] [1789403874.252044982] [mhe_node]: MHE solve failed [status=2], skipping this window (streak 1)
[WARN] [1789403874.346638138] [mhe_node]: MHE solve failed [status=2], skipping this window (streak 2)
[WARN] [1789403874.447272045] [mhe_node]: MHE solve failed [status=2], skipping this window (streak 3)
[WARN] [1789403874.646356320] [mhe_node]: MHE solve failed [status=2], skipping this window (streak 1)
[WARN] [1789403874.750724833] [mhe_node]: MHE solve failed [status=2], skipping this window (streak 2)
[WARN] [1789403874.848420019] [mhe_node]: MHE solve failed [status=2], skipping this window (streak 3)
[WARN] [1789403874.949455451] [mhe_node]: MHE solve failed [status=2], skipping this window (streak 4)
[WARN] [1789403875.049796794] [mhe_node]: MHE solve failed [status=2], skipping this window (streak 5)
[WARN] [1789403875.050135986] [mhe_node]: re-anchored arrival prior to current window after 5 consecutive failures (m seeded from previous m_est (seed_from_thrust off/unavailable): 1.961 -> 1.961 kg; T_phys/g=1.961)
[WARN] [1789403875.150544091] [mhe_node]: MHE solve failed [status=2], skipping this window (streak 1)
[WARN] [1789403875.242662481] [mhe_node]: MHE solve failed [status=2], skipping this window (streak 2)
[WARN] [1789403875.349843779] [mhe_node]: MHE solve failed [status=2], skipping this window (streak 3)
[WARN] [1789403875.451307878] [mhe_node]: MHE solve failed [status=2], skipping this window (streak 4)
[WARN] [1789403875.551557379] [mhe_node]: MHE solve failed [status=2], skipping this window (streak 5)
[WARN] [1789403875.551883911] [mhe_node]: re-anchored arrival prior to current window after 5 consecutive failures (m seeded from previous m_est (seed_from_thrust off/unavailable): 1.961 -> 1.961 kg; T_phys/g=2.041)
[WARN] [1789403875.651303958] [mhe_node]: MHE solve failed [status=2], skipping this window (streak 1)
[WARN] [1789403875.751613853] [mhe_node]: MHE solve failed [status=2], skipping this window (streak 2)
[WARN] [1789403875.849287219] [mhe_node]: MHE solve failed [status=2], skipping this window (streak 3)
[WARN] [1789403875.948958134] [mhe_node]: MHE solve failed [status=2], skipping this window (streak 4)
[WARN] [1789403876.048839928] [mhe_node]: MHE solve failed [status=2], skipping this window (streak 5)
[WARN] [1789403876.049174464] [mhe_node]: re-anchored arrival prior to current window after 5 consecutive failures (m seeded from previous m_est (seed_from_thrust off/unavailable): 1.961 -> 1.961 kg; T_phys/g=1.750)
[WARN] [1789403876.150355801] [mhe_node]: MHE solve failed [status=2], skipping this window (streak 1)
[WARN] [1789403876.445773855] [mhe_node]: MHE solve failed [status=2], skipping this window (streak 1)
[WARN] [1789403876.545465878] [mhe_node]: MHE solve failed [status=2], skipping this window (streak 2)
[WARN] [1789403876.648502996] [mhe_node]: MHE solve failed [status=2], skipping this window (streak 3)
[WARN] [1789403876.746703079] [mhe_node]: MHE solve failed [status=2], skipping this window (streak 4)
[WARN] [1789403876.845847261] [mhe_node]: MHE solve failed [status=2], skipping this window (streak 5)
[WARN] [1789403876.846179495] [mhe_node]: re-anchored arrival prior to current window after 5 consecutive failures (m seeded from previous m_est (seed_from_thrust off/unavailable): 1.961 -> 1.961 kg; T_phys/g=2.070)
[WARN] [1789403876.946657866] [mhe_node]: MHE solve failed [status=2], skipping this window (streak 1)
[WARN] [1789403877.144910103] [mhe_node]: MHE solve failed [status=2], skipping this window (streak 1)
[WARN] [1789403877.945795980] [mhe_node]: MHE solve failed [status=2], skipping this window (streak 1)
[WARN] [1789403878.051048979] [mhe_node]: MHE solve failed [status=2], skipping this window (streak 2)
[WARN] [1789403878.148737250] [mhe_node]: MHE solve failed [status=2], skipping this window (streak 3)
[WARN] [1789403878.248934082] [mhe_node]: MHE solve failed [status=2], skipping this window (streak 4)
[WARN] [1789403878.347684302] [mhe_node]: MHE solve failed [status=2], skipping this window (streak 5)
[WARN] [1789403878.348018329] [mhe_node]: re-anchored arrival prior to current window after 5 consecutive failures (m seeded from previous m_est (seed_from_thrust off/unavailable): 1.961 -> 1.961 kg; T_phys/g=1.505)
[WARN] [1789403878.449067809] [mhe_node]: MHE solve failed [status=2], skipping this window (streak 1)
[WARN] [1789403878.548288881] [mhe_node]: MHE solve failed [status=2], skipping this window (streak 2)
[WARN] [1789403878.649959981] [mhe_node]: MHE solve failed [status=2], skipping this window (streak 3)
[WARN] [1789403878.750758336] [mhe_node]: MHE solve failed [status=2], skipping this window (streak 4)
[WARN] [1789403878.847433365] [mhe_node]: MHE solve failed [status=2], skipping this window (streak 5)
[WARN] [1789403878.847770116] [mhe_node]: re-anchored arrival prior to current window after 5 consecutive failures (m seeded from previous m_est (seed_from_thrust off/unavailable): 1.961 -> 1.961 kg; T_phys/g=1.659)
[WARN] [1789403878.947978660] [mhe_node]: MHE solve failed [status=2], skipping this window (streak 1)
[WARN] [1789403879.048167369] [mhe_node]: MHE solve failed [status=2], skipping this window (streak 2)
[WARN] [1789403879.150982183] [mhe_node]: MHE solve failed [status=2], skipping this window (streak 3)
[WARN] [1789403879.250918555] [mhe_node]: MHE solve failed [status=2], skipping this window (streak 4)
[INFO] [1789403879.274852463] [mhe_node]: [c_xy-clamp] 越界剔除 0/1200 (0.0%) 上限 0.0390 kg·m clamp=1
[WARN] [1789403879.347634419] [mhe_node]: MHE solve failed [status=2], skipping this window (streak 5)
[WARN] [1789403879.347959827] [mhe_node]: re-anchored arrival prior to current window after 5 consecutive failures (m seeded from previous m_est (seed_from_thrust off/unavailable): 1.961 -> 1.961 kg; T_phys/g=1.857)
[INFO] [1789403879.925058422] [mhe_node]: MHE mass estimate: 1.961 kg (T_phys=16.93N) | solve=65.8ms (max76.3)
[INFO] [1789403879.925544249] [mhe_node]: [truth] m_hat=1.9611 m_true=2.0643 err=-5.00% | c_hat=[+0.0000,+0.0000] c_true=[+0.0000,+0.0000] | Jxx_hat=0.01420 Jxx_true=0.01420 Jyz_hat=+0.00000 Jyz_true=+0.00000 | s_hat=[+0.0087,-0.0020] s_true=[+0.0000,+0.0000] kg·m
[INFO] [1789403879.925916915] [mhe_node]: [tau_phys] roll=-0.639 pitch=+2.036 Nm
[INFO] [1789403879.926341874] [mhe_node]: [mass-diag] m_est=1.9611 T=16.928N tilt=1.74deg cos=0.99954 | T/g=1.7256 T*cos/g=1.7248 | m_est-T*cos/g=+0.2363kg (+13.70%) vz=+0.145
[INFO] [1789403879.926748475] [mhe_node]: [c_xy_est] cx=+0.0042 cy=-0.0011 m
[WARN] [1789403880.446544401] [mhe_node]: MHE solve failed [status=2], skipping this window (streak 1)
[ros2run]: Killed
