[INFO] [1785422845.441350681] [acados_nmpc_node]: acados NMPC node starting, building/loading solver...
Code reuse possible, skipping code generation.
acados was compiled without OpenMP.
[INFO] [1785422845.451683558] [acados_nmpc_node]: GRIPPER MODE: hover over box (1.0,0.1) z 0.55->2.5m, lift after 1.5s, empty m_est=2.06kg
[INFO] [1785422845.452119766] [acados_nmpc_node]: Warming up acados solver...
[INFO] [1785422845.458074286] [acados_nmpc_node]: Solver warmup complete, took 5.5 ms
[INFO] [1785422845.465146125] [acados_nmpc_node]: Decoupled publish enabled: solve @20Hz, body_rate/thrust @50Hz (trajectory interpolation)
[INFO] [1785422845.465657035] [acados_nmpc_node]: acados NMPC node initialized! Waiting for EKF2 convergence...
[INFO] [1785422855.466314844] [acados_nmpc_node]: Waiting for EKF2 convergence... 5/10 s
[INFO] [1785422860.466814753] [acados_nmpc_node]: Waiting for EKF2 convergence... 10/10 s
[INFO] [1785422860.515273470] [acados_nmpc_node]: Switching to OFFBOARD mode
[INFO] [1785422861.415088942] [acados_nmpc_node]: Sending arm command
[INFO] [1785422862.414991829] [acados_nmpc_node]: Armed, preparing to move to trajectory start...
[INFO] [1785422864.867096365] [acados_nmpc_node]: Gripper approach (climb): rising at spawn to z=1.50m | z=0.02m v=0.42m/s
[INFO] [1785422867.367451778] [acados_nmpc_node]: Gripper approach (climb): rising at spawn to z=1.50m | z=1.01m v=0.24m/s
[INFO] [1785422869.467367222] [acados_nmpc_node]: Gripper approach: climbed to safe altitude at spawn, now translating over box
[INFO] [1785422869.867436181] [acados_nmpc_node]: Gripper approach (high): aligning over box at z=1.50m | xy=0.989m z_err=0.161m v=0.22m/s
[INFO] [1785422871.715116859] [acados_nmpc_node]: Gripper approach: aligned above box, NMPC will take over here (z=1.50m), settle 3.0s then descend to z=0.55m to trigger attach
[INFO] [1785422871.767898013] [acados_nmpc_node]: Reached trajectory start, NMPC tracking begins!
[INFO] [1785422872.317296263] [acados_nmpc_node]: t=0.5s | pos_err=0.051m | T=19.94N | tau=[r-0.016 p0.031 y-0.014]Nm | res_stat=1.763e-07(peak 7.758e-07) sqp_iter=3 | solve=1.7ms
[INFO] [1785422874.767655160] [acados_nmpc_node]: t=3.0s | DESCEND: settle done, lowering 1.5->0.55m, will enable gripper at bottom
[INFO] [1785422877.316378362] [acados_nmpc_node]: t=5.5s | pos_err=0.074m | T=20.38N | tau=[r-0.001 p-0.001 y-0.000]Nm | res_stat=6.900e-08(peak 9.941e-07) sqp_iter=3 | solve=1.1ms
[INFO] [1785422878.314977638] [acados_nmpc_node]: t=6.5s | DESCEND done at z=0.568m (target 0.550m, z_err=0.018m, v=0.05m/s), gripper ENABLED (attach will trigger now)
[INFO] [1785422878.323676144] [acados_nmpc_node]: attach offset received: box-drone = [-0.008, -0.092, -0.511] m
[INFO] [1785422878.368001227] [acados_nmpc_node]: PX4 MC_ROLLRATE_K: 1.000 -> 5.000 (inertia ratio 5.07, cap 5.0)
[INFO] [1785422878.368216268] [acados_nmpc_node]: PX4 MC_PITCHRATE_K: 1.000 -> 5.000 (inertia ratio 5.07, cap 5.0)
[INFO] [1785422878.368412725] [acados_nmpc_node]: t=6.6s | ATTACH (geom_source=online): dJ/gain init from prior m_p=0.30kg arm=0.47m (dJ=0.0579); c_xy+dJ refine online, attach truth eval-only
[INFO] [1785422878.370676273] [acados_nmpc_node]: [attach-window] t=6.60s pos_err=0.022m T=19.75N z=0.566 m_est=2.020
[INFO] [1785422878.417002945] [acados_nmpc_node]: [attach-window] t=6.65s pos_err=0.023m T=19.45N z=0.567 m_est=2.020
[INFO] [1785422878.469865604] [acados_nmpc_node]: [attach-window] t=6.70s pos_err=0.024m T=19.46N z=0.567 m_est=2.022
[INFO] [1785422878.517036155] [acados_nmpc_node]: [attach-window] t=6.75s pos_err=0.025m T=19.44N z=0.568 m_est=2.022
[INFO] [1785422878.569907738] [acados_nmpc_node]: [attach-window] t=6.80s pos_err=0.026m T=19.44N z=0.568 m_est=2.022
[INFO] [1785422878.616921399] [acados_nmpc_node]: [attach-window] t=6.85s pos_err=0.026m T=19.45N z=0.568 m_est=2.022
[INFO] [1785422878.670099835] [acados_nmpc_node]: [attach-window] t=6.90s pos_err=0.027m T=19.44N z=0.567 m_est=2.021
[INFO] [1785422878.716890246] [acados_nmpc_node]: [attach-window] t=6.95s pos_err=0.027m T=19.45N z=0.567 m_est=2.021
[INFO] [1785422878.769987788] [acados_nmpc_node]: [attach-window] t=7.00s pos_err=0.027m T=19.45N z=0.566 m_est=2.019
[INFO] [1785422878.816944075] [acados_nmpc_node]: [attach-window] t=7.05s pos_err=0.027m T=19.47N z=0.565 m_est=2.019
[INFO] [1785422878.869995544] [acados_nmpc_node]: [attach-window] t=7.10s pos_err=0.027m T=19.46N z=0.565 m_est=2.017
[INFO] [1785422878.917128666] [acados_nmpc_node]: [attach-window] t=7.15s pos_err=0.027m T=19.49N z=0.564 m_est=2.017
[INFO] [1785422878.970311567] [acados_nmpc_node]: [attach-window] t=7.20s pos_err=0.027m T=19.47N z=0.563 m_est=2.014
[INFO] [1785422879.017136370] [acados_nmpc_node]: [attach-window] t=7.25s pos_err=0.028m T=19.48N z=0.562 m_est=2.014
[INFO] [1785422879.070271044] [acados_nmpc_node]: [attach-window] t=7.30s pos_err=0.028m T=19.45N z=0.562 m_est=2.010
[INFO] [1785422879.117118130] [acados_nmpc_node]: [attach-window] t=7.35s pos_err=0.028m T=19.47N z=0.561 m_est=2.010
[INFO] [1785422879.170304295] [acados_nmpc_node]: [attach-window] t=7.40s pos_err=0.028m T=19.44N z=0.561 m_est=2.006
[INFO] [1785422879.217122281] [acados_nmpc_node]: [attach-window] t=7.45s pos_err=0.028m T=19.45N z=0.560 m_est=2.006
[INFO] [1785422879.268410757] [acados_nmpc_node]: [attach-window] t=7.50s pos_err=0.028m T=19.41N z=0.560 m_est=2.001
[INFO] [1785422879.316262333] [acados_nmpc_node]: [attach-window] t=7.55s pos_err=0.028m T=19.41N z=0.560 m_est=2.001
[INFO] [1785422879.368289295] [acados_nmpc_node]: [attach-window] t=7.60s pos_err=0.028m T=19.37N z=0.560 m_est=1.996
[INFO] [1785422879.416248321] [acados_nmpc_node]: [attach-window] t=7.65s pos_err=0.027m T=19.38N z=0.559 m_est=1.996
[INFO] [1785422879.468678128] [acados_nmpc_node]: [attach-window] t=7.70s pos_err=0.026m T=19.33N z=0.559 m_est=1.991
[INFO] [1785422879.516255948] [acados_nmpc_node]: [attach-window] t=7.75s pos_err=0.025m T=19.34N z=0.559 m_est=1.991
[INFO] [1785422879.568379177] [acados_nmpc_node]: [attach-window] t=7.80s pos_err=0.025m T=19.28N z=0.559 m_est=1.986
[INFO] [1785422879.616806251] [acados_nmpc_node]: [attach-window] t=7.85s pos_err=0.024m T=19.28N z=0.559 m_est=1.986
[INFO] [1785422879.669975365] [acados_nmpc_node]: [attach-window] t=7.90s pos_err=0.024m T=19.24N z=0.559 m_est=1.981
[INFO] [1785422879.716866615] [acados_nmpc_node]: [attach-window] t=7.95s pos_err=0.023m T=19.25N z=0.559 m_est=1.981
[INFO] [1785422879.770192666] [acados_nmpc_node]: [attach-window] t=8.00s pos_err=0.023m T=19.21N z=0.559 m_est=1.976
[INFO] [1785422879.817188253] [acados_nmpc_node]: [attach-window] t=8.05s pos_err=0.022m T=19.22N z=0.558 m_est=1.976
[INFO] [1785422879.868460747] [acados_nmpc_node]: [attach-window] t=8.10s pos_err=0.022m T=19.19N z=0.558 m_est=1.972
[INFO] [1785422879.914807886] [acados_nmpc_node]: t=8.1s | LIFT: raising hover 0.55->2.5m to lift payload
[INFO] [1785422879.916503896] [acados_nmpc_node]: [attach-window] t=8.15s pos_err=0.022m T=19.20N z=0.557 m_est=1.972
[INFO] [1785422879.968496974] [acados_nmpc_node]: [attach-window] t=8.20s pos_err=0.022m T=19.19N z=0.557 m_est=1.968
[INFO] [1785422880.016252032] [acados_nmpc_node]: [attach-window] t=8.25s pos_err=0.022m T=19.23N z=0.557 m_est=1.968
[INFO] [1785422880.068466981] [acados_nmpc_node]: [attach-window] t=8.30s pos_err=0.022m T=19.26N z=0.556 m_est=1.965
[INFO] [1785422880.116455539] [acados_nmpc_node]: [attach-window] t=8.35s pos_err=0.022m T=19.35N z=0.556 m_est=1.965
[INFO] [1785422880.168420441] [acados_nmpc_node]: [attach-window] t=8.40s pos_err=0.024m T=19.46N z=0.556 m_est=1.963
[INFO] [1785422880.216266094] [acados_nmpc_node]: [attach-window] t=8.45s pos_err=0.029m T=19.63N z=0.556 m_est=1.963
[INFO] [1785422880.270117821] [acados_nmpc_node]: [attach-window] t=8.50s pos_err=0.039m T=19.84N z=0.556 m_est=1.961
[INFO] [1785422880.316861499] [acados_nmpc_node]: [attach-window] t=8.55s pos_err=0.050m T=20.09N z=0.556 m_est=1.961
[INFO] [1785422880.369949177] [acados_nmpc_node]: [attach-window] t=8.60s pos_err=0.067m T=20.42N z=0.556 m_est=1.961
[INFO] [1785422880.416853270] [acados_nmpc_node]: [attach-window] t=8.65s pos_err=0.084m T=20.76N z=0.557 m_est=1.961
[INFO] [1785422880.469899697] [acados_nmpc_node]: [attach-window] t=8.70s pos_err=0.108m T=21.21N z=0.557 m_est=1.961
[INFO] [1785422880.517128975] [acados_nmpc_node]: [attach-window] t=8.75s pos_err=0.131m T=21.65N z=0.558 m_est=1.961
[INFO] [1785422880.570131348] [acados_nmpc_node]: [attach-window] t=8.80s pos_err=0.162m T=22.24N z=0.559 m_est=1.962
[INFO] [1785422880.617194672] [acados_nmpc_node]: [attach-window] t=8.85s pos_err=0.191m T=22.78N z=0.560 m_est=1.962
[INFO] [1785422880.670524731] [acados_nmpc_node]: [attach-window] t=8.90s pos_err=0.228m T=23.50N z=0.561 m_est=1.965
[INFO] [1785422880.716575952] [acados_nmpc_node]: [attach-window] t=8.95s pos_err=0.262m T=24.15N z=0.562 m_est=1.965
[INFO] [1785422880.768679852] [acados_nmpc_node]: [attach-window] t=9.00s pos_err=0.305m T=25.00N z=0.563 m_est=1.971
[INFO] [1785422880.816459514] [acados_nmpc_node]: [attach-window] t=9.05s pos_err=0.345m T=25.57N z=0.565 m_est=1.971
[INFO] [1785422880.870258658] [acados_nmpc_node]: [attach-window] t=9.10s pos_err=0.394m T=26.85N z=0.566 m_est=2.019
[INFO] [1785422880.916914561] [acados_nmpc_node]: [attach-window] t=9.15s pos_err=0.435m T=27.05N z=0.571 m_est=2.019
[INFO] [1785422880.970245492] [acados_nmpc_node]: [attach-window] t=9.20s pos_err=0.485m T=28.91N z=0.575 m_est=2.147
[INFO] [1785422881.016878231] [acados_nmpc_node]: [attach-window] t=9.25s pos_err=0.522m T=28.65N z=0.588 m_est=2.147
[INFO] [1785422881.070295298] [acados_nmpc_node]: [attach-window] t=9.30s pos_err=0.572m T=30.06N z=0.597 m_est=2.264
[INFO] [1785422881.116927569] [acados_nmpc_node]: [attach-window] t=9.35s pos_err=0.595m T=28.81N z=0.627 m_est=2.264
[INFO] [1785422881.170562919] [acados_nmpc_node]: [attach-window] t=9.40s pos_err=0.640m T=29.43N z=0.645 m_est=2.335
[INFO] [1785422881.216870012] [acados_nmpc_node]: [attach-window] t=9.45s pos_err=0.646m T=27.64N z=0.694 m_est=2.335
[INFO] [1785422881.270124975] [acados_nmpc_node]: [attach-window] t=9.50s pos_err=0.684m T=27.66N z=0.720 m_est=2.351
[INFO] [1785422881.316916662] [acados_nmpc_node]: [attach-window] t=9.55s pos_err=0.681m T=26.21N z=0.779 m_est=2.351
[INFO] [1785422881.370071062] [acados_nmpc_node]: [attach-window] t=9.60s pos_err=0.713m T=26.09N z=0.812 m_est=2.339
[INFO] [1785422881.416947108] [acados_nmpc_node]: [attach-window] t=9.65s pos_err=0.700m T=24.86N z=0.882 m_est=2.339
[INFO] [1785422881.470062770] [acados_nmpc_node]: [attach-window] t=9.70s pos_err=0.718m T=24.61N z=0.929 m_est=2.330
[INFO] [1785422881.516823324] [acados_nmpc_node]: [attach-window] t=9.75s pos_err=0.696m T=23.67N z=1.007 m_est=2.330
[INFO] [1785422881.570463250] [acados_nmpc_node]: [attach-window] t=9.80s pos_err=0.720m T=23.79N z=1.047 m_est=2.311
[INFO] [1785422881.616849488] [acados_nmpc_node]: [attach-window] t=9.85s pos_err=0.684m T=22.91N z=1.137 m_est=2.311
[INFO] [1785422881.670274886] [acados_nmpc_node]: [attach-window] t=9.90s pos_err=0.715m T=23.38N z=1.167 m_est=2.302
[INFO] [1785422881.716929193] [acados_nmpc_node]: [attach-window] t=9.95s pos_err=0.677m T=22.72N z=1.256 m_est=2.302
[INFO] [1785422881.770159624] [acados_nmpc_node]: [attach-window] t=10.00s pos_err=0.695m T=23.05N z=1.295 m_est=2.298
[INFO] [1785422881.816915732] [acados_nmpc_node]: [attach-window] t=10.05s pos_err=0.667m T=22.66N z=1.372 m_est=2.298
[INFO] [1785422881.870329850] [acados_nmpc_node]: [attach-window] t=10.10s pos_err=0.682m T=22.97N z=1.409 m_est=2.293
[INFO] [1785422881.917045488] [acados_nmpc_node]: [attach-window] t=10.15s pos_err=0.643m T=22.45N z=1.492 m_est=2.293
[INFO] [1785422881.970379750] [acados_nmpc_node]: [attach-window] t=10.20s pos_err=0.655m T=22.76N z=1.528 m_est=2.293
[INFO] [1785422882.016915554] [acados_nmpc_node]: [attach-window] t=10.25s pos_err=0.623m T=22.43N z=1.598 m_est=2.293
[INFO] [1785422882.070101042] [acados_nmpc_node]: [attach-window] t=10.30s pos_err=0.631m T=22.68N z=1.632 m_est=2.294
[INFO] [1785422882.116629639] [acados_nmpc_node]: [attach-window] t=10.35s pos_err=0.590m T=22.22N z=1.707 m_est=2.294
[INFO] [1785422882.168686901] [acados_nmpc_node]: [attach-window] t=10.40s pos_err=0.592m T=22.42N z=1.739 m_est=2.298
[INFO] [1785422882.216268935] [acados_nmpc_node]: [attach-window] t=10.45s pos_err=0.557m T=22.09N z=1.802 m_est=2.298
[INFO] [1785422882.269007214] [acados_nmpc_node]: [attach-window] t=10.50s pos_err=0.555m T=22.22N z=1.833 m_est=2.301
[INFO] [1785422882.316854273] [acados_nmpc_node]: [attach-window] t=10.55s pos_err=0.510m T=21.80N z=1.899 m_est=2.301
[INFO] [1785422882.317336314] [acados_nmpc_node]: t=10.5s | pos_err=0.510m | T=21.80N | tau=[r-0.172 p0.036 y0.002]Nm | res_stat=8.277e-07(peak 9.941e-07) sqp_iter=3 | solve=1.5ms
[INFO] [1785422882.370195803] [acados_nmpc_node]: [attach-window] t=10.60s pos_err=0.504m T=21.89N z=1.928 m_est=2.306
[INFO] [1785422882.416854813] [acados_nmpc_node]: [attach-window] t=10.65s pos_err=0.465m T=21.60N z=1.983 m_est=2.306
[INFO] [1785422882.470134317] [acados_nmpc_node]: [attach-window] t=10.70s pos_err=0.454m T=21.66N z=2.009 m_est=2.310
[INFO] [1785422882.517095731] [acados_nmpc_node]: [attach-window] t=10.75s pos_err=0.409m T=21.36N z=2.065 m_est=2.310
[INFO] [1785422882.568651988] [acados_nmpc_node]: [attach-window] t=10.80s pos_err=0.394m T=21.38N z=2.089 m_est=2.315
[INFO] [1785422882.616486298] [acados_nmpc_node]: [attach-window] t=10.85s pos_err=0.355m T=21.21N z=2.135 m_est=2.315
[INFO] [1785422882.668573110] [acados_nmpc_node]: [attach-window] t=10.90s pos_err=0.339m T=21.21N z=2.156 m_est=2.318
[INFO] [1785422882.716835053] [acados_nmpc_node]: [attach-window] t=10.95s pos_err=0.297m T=21.12N z=2.200 m_est=2.318
[INFO] [1785422882.770079712] [acados_nmpc_node]: [attach-window] t=11.00s pos_err=0.281m T=21.10N z=2.219 m_est=2.316
[INFO] [1785422882.816890092] [acados_nmpc_node]: [attach-window] t=11.05s pos_err=0.248m T=21.12N z=2.252 m_est=2.316
[INFO] [1785422882.870042121] [acados_nmpc_node]: [attach-window] t=11.10s pos_err=0.233m T=21.15N z=2.267 m_est=2.316
[INFO] [1785422882.916916514] [acados_nmpc_node]: [attach-window] t=11.15s pos_err=0.202m T=21.29N z=2.298 m_est=2.316
[INFO] [1785422882.970017448] [acados_nmpc_node]: [attach-window] t=11.20s pos_err=0.189m T=21.39N z=2.311 m_est=2.318
[INFO] [1785422883.016863665] [acados_nmpc_node]: [attach-window] t=11.25s pos_err=0.167m T=21.57N z=2.333 m_est=2.318
[INFO] [1785422883.070230628] [acados_nmpc_node]: [attach-window] t=11.30s pos_err=0.157m T=21.69N z=2.343 m_est=2.321
[INFO] [1785422883.116310061] [acados_nmpc_node]: [attach-window] t=11.35s pos_err=0.138m T=21.91N z=2.362 m_est=2.321
[INFO] [1785422883.168398792] [acados_nmpc_node]: [attach-window] t=11.40s pos_err=0.130m T=22.04N z=2.370 m_est=2.326
[INFO] [1785422883.216119076] [acados_nmpc_node]: [attach-window] t=11.45s pos_err=0.117m T=22.21N z=2.383 m_est=2.326
[INFO] [1785422883.268697695] [acados_nmpc_node]: [attach-window] t=11.50s pos_err=0.112m T=22.34N z=2.388 m_est=2.332
[INFO] [1785422883.316250191] [acados_nmpc_node]: [attach-window] t=11.55s pos_err=0.101m T=22.50N z=2.399 m_est=2.332
[INFO] [1785422883.370056358] [acados_nmpc_node]: [attach-window] t=11.60s pos_err=0.097m T=22.61N z=2.403 m_est=2.338
[INFO] [1785422883.416617502] [acados_nmpc_node]: [attach-window] t=11.65s pos_err=0.090m T=22.71N z=2.410 m_est=2.338
[INFO] [1785422883.469946279] [acados_nmpc_node]: [attach-window] t=11.70s pos_err=0.086m T=22.80N z=2.415 m_est=2.343
[INFO] [1785422883.516627540] [acados_nmpc_node]: [attach-window] t=11.75s pos_err=0.079m T=22.85N z=2.421 m_est=2.343
[INFO] [1785422883.569943368] [acados_nmpc_node]: [attach-window] t=11.80s pos_err=0.077m T=22.90N z=2.424 m_est=2.347
[INFO] [1785422883.616609714] [acados_nmpc_node]: [attach-window] t=11.85s pos_err=0.071m T=22.91N z=2.429 m_est=2.347
[INFO] [1785422883.670265584] [acados_nmpc_node]: [attach-window] t=11.90s pos_err=0.068m T=22.94N z=2.432 m_est=2.351
[INFO] [1785422883.716706194] [acados_nmpc_node]: [attach-window] t=11.95s pos_err=0.063m T=22.93N z=2.438 m_est=2.351
[INFO] [1785422883.769943161] [acados_nmpc_node]: [attach-window] t=12.00s pos_err=0.060m T=22.95N z=2.440 m_est=2.354
[INFO] [1785422883.816625693] [acados_nmpc_node]: [attach-window] t=12.05s pos_err=0.055m T=22.93N z=2.445 m_est=2.354
[INFO] [1785422883.870088988] [acados_nmpc_node]: [attach-window] t=12.10s pos_err=0.053m T=22.95N z=2.448 m_est=2.357
[INFO] [1785422883.916607280] [acados_nmpc_node]: [attach-window] t=12.15s pos_err=0.048m T=22.93N z=2.452 m_est=2.357
[INFO] [1785422883.970139546] [acados_nmpc_node]: [attach-window] t=12.20s pos_err=0.046m T=22.94N z=2.455 m_est=2.359
[INFO] [1785422884.016638812] [acados_nmpc_node]: [attach-window] t=12.25s pos_err=0.041m T=22.93N z=2.459 m_est=2.359
[INFO] [1785422884.070259547] [acados_nmpc_node]: [attach-window] t=12.30s pos_err=0.039m T=22.94N z=2.461 m_est=2.361
[INFO] [1785422884.116743767] [acados_nmpc_node]: [attach-window] t=12.35s pos_err=0.035m T=22.93N z=2.466 m_est=2.361
[INFO] [1785422884.170109348] [acados_nmpc_node]: [attach-window] t=12.40s pos_err=0.033m T=22.94N z=2.467 m_est=2.362
[INFO] [1785422884.216655102] [acados_nmpc_node]: [attach-window] t=12.45s pos_err=0.030m T=22.95N z=2.471 m_est=2.362
[INFO] [1785422884.270211794] [acados_nmpc_node]: [attach-window] t=12.50s pos_err=0.028m T=22.96N z=2.472 m_est=2.363
[INFO] [1785422884.316856698] [acados_nmpc_node]: [attach-window] t=12.55s pos_err=0.025m T=22.97N z=2.476 m_est=2.363
[INFO] [1785422884.370126052] [acados_nmpc_node]: [attach-window] t=12.60s pos_err=0.024m T=22.98N z=2.477 m_est=2.364
[INFO] [1785422884.416735656] [acados_nmpc_node]: [attach-window] t=12.65s pos_err=0.022m T=23.00N z=2.479 m_est=2.364
[INFO] [1785422884.470123238] [acados_nmpc_node]: [attach-window] t=12.70s pos_err=0.021m T=23.02N z=2.479 m_est=2.364
[INFO] [1785422884.516702510] [acados_nmpc_node]: [attach-window] t=12.75s pos_err=0.020m T=23.04N z=2.481 m_est=2.364
[INFO] [1785422884.570201129] [acados_nmpc_node]: [attach-window] t=12.80s pos_err=0.019m T=23.05N z=2.482 m_est=2.364
[INFO] [1785422884.616693705] [acados_nmpc_node]: [attach-window] t=12.85s pos_err=0.019m T=23.07N z=2.483 m_est=2.364
[INFO] [1785422884.670248937] [acados_nmpc_node]: [attach-window] t=12.90s pos_err=0.019m T=23.08N z=2.483 m_est=2.364
[INFO] [1785422884.716704688] [acados_nmpc_node]: [attach-window] t=12.95s pos_err=0.018m T=23.09N z=2.484 m_est=2.364
[INFO] [1785422884.770136033] [acados_nmpc_node]: [attach-window] t=13.00s pos_err=0.018m T=23.09N z=2.484 m_est=2.363
[INFO] [1785422884.816655436] [acados_nmpc_node]: [attach-window] t=13.05s pos_err=0.018m T=23.10N z=2.485 m_est=2.363
[INFO] [1785422884.870264334] [acados_nmpc_node]: [attach-window] t=13.10s pos_err=0.018m T=23.10N z=2.485 m_est=2.363
[INFO] [1785422884.916671873] [acados_nmpc_node]: [attach-window] t=13.15s pos_err=0.018m T=23.12N z=2.486 m_est=2.363
[INFO] [1785422884.970097405] [acados_nmpc_node]: [attach-window] t=13.20s pos_err=0.018m T=23.11N z=2.486 m_est=2.363
[INFO] [1785422885.016627983] [acados_nmpc_node]: [attach-window] t=13.25s pos_err=0.018m T=23.12N z=2.486 m_est=2.363
[INFO] [1785422885.070068103] [acados_nmpc_node]: [attach-window] t=13.30s pos_err=0.018m T=23.11N z=2.487 m_est=2.362
[INFO] [1785422885.116710608] [acados_nmpc_node]: [attach-window] t=13.35s pos_err=0.017m T=23.11N z=2.487 m_est=2.362
[INFO] [1785422885.170627518] [acados_nmpc_node]: [attach-window] t=13.40s pos_err=0.017m T=23.11N z=2.488 m_est=2.362
[INFO] [1785422885.216115987] [acados_nmpc_node]: [attach-window] t=13.45s pos_err=0.016m T=23.11N z=2.488 m_est=2.362
[INFO] [1785422885.270113598] [acados_nmpc_node]: [attach-window] t=13.50s pos_err=0.015m T=23.11N z=2.489 m_est=2.362
[INFO] [1785422885.316669973] [acados_nmpc_node]: [attach-window] t=13.55s pos_err=0.015m T=23.11N z=2.489 m_est=2.362
[INFO] [1785422885.370078764] [acados_nmpc_node]: [attach-window] t=13.60s pos_err=0.014m T=23.11N z=2.489 m_est=2.362
[INFO] [1785422885.416603464] [acados_nmpc_node]: [attach-window] t=13.65s pos_err=0.014m T=23.12N z=2.490 m_est=2.362
[INFO] [1785422885.470155863] [acados_nmpc_node]: [attach-window] t=13.70s pos_err=0.013m T=23.12N z=2.490 m_est=2.362
[INFO] [1785422885.516672387] [acados_nmpc_node]: [attach-window] t=13.75s pos_err=0.012m T=23.12N z=2.491 m_est=2.362
[INFO] [1785422885.570292010] [acados_nmpc_node]: [attach-window] t=13.80s pos_err=0.012m T=23.12N z=2.491 m_est=2.362
[INFO] [1785422885.616637278] [acados_nmpc_node]: [attach-window] t=13.85s pos_err=0.011m T=23.13N z=2.491 m_est=2.362
[INFO] [1785422885.670230017] [acados_nmpc_node]: [attach-window] t=13.90s pos_err=0.011m T=23.13N z=2.492 m_est=2.362
[INFO] [1785422885.716661601] [acados_nmpc_node]: [attach-window] t=13.95s pos_err=0.011m T=23.13N z=2.492 m_est=2.362
[INFO] [1785422885.770125209] [acados_nmpc_node]: [attach-window] t=14.00s pos_err=0.011m T=23.14N z=2.492 m_est=2.362
[INFO] [1785422885.816665989] [acados_nmpc_node]: [attach-window] t=14.05s pos_err=0.011m T=23.14N z=2.492 m_est=2.362
[INFO] [1785422885.870159301] [acados_nmpc_node]: [attach-window] t=14.10s pos_err=0.011m T=23.14N z=2.492 m_est=2.362
[INFO] [1785422885.916761213] [acados_nmpc_node]: [attach-window] t=14.15s pos_err=0.011m T=23.13N z=2.493 m_est=2.362
[INFO] [1785422885.970500973] [acados_nmpc_node]: [attach-window] t=14.20s pos_err=0.011m T=23.12N z=2.493 m_est=2.362
[INFO] [1785422886.016645747] [acados_nmpc_node]: [attach-window] t=14.25s pos_err=0.011m T=23.11N z=2.494 m_est=2.362
[INFO] [1785422886.070221695] [acados_nmpc_node]: [attach-window] t=14.30s pos_err=0.011m T=23.10N z=2.494 m_est=2.362
[INFO] [1785422886.116675318] [acados_nmpc_node]: [attach-window] t=14.35s pos_err=0.012m T=23.09N z=2.495 m_est=2.362
[INFO] [1785422886.170708138] [acados_nmpc_node]: [attach-window] t=14.40s pos_err=0.013m T=23.08N z=2.496 m_est=2.362
[INFO] [1785422886.216678331] [acados_nmpc_node]: [attach-window] t=14.45s pos_err=0.014m T=23.08N z=2.496 m_est=2.362
[INFO] [1785422886.270312290] [acados_nmpc_node]: [attach-window] t=14.50s pos_err=0.014m T=23.08N z=2.497 m_est=2.362
[INFO] [1785422886.316618933] [acados_nmpc_node]: [attach-window] t=14.55s pos_err=0.015m T=23.10N z=2.497 m_est=2.362
[INFO] [1785422886.370222871] [acados_nmpc_node]: [attach-window] t=14.60s pos_err=0.015m T=23.10N z=2.497 m_est=2.361
[INFO] [1785422886.416739001] [acados_nmpc_node]: [attach-window] t=14.65s pos_err=0.016m T=23.12N z=2.497 m_est=2.361
[INFO] [1785422886.470262114] [acados_nmpc_node]: [attach-window] t=14.70s pos_err=0.017m T=23.13N z=2.497 m_est=2.361
[INFO] [1785422886.516906608] [acados_nmpc_node]: [attach-window] t=14.75s pos_err=0.017m T=23.14N z=2.497 m_est=2.361
[INFO] [1785422886.568898938] [acados_nmpc_node]: [attach-window] t=14.80s pos_err=0.018m T=23.15N z=2.496 m_est=2.361
[INFO] [1785422886.616723792] [acados_nmpc_node]: [attach-window] t=14.85s pos_err=0.018m T=23.16N z=2.496 m_est=2.361
[INFO] [1785422886.670496487] [acados_nmpc_node]: [attach-window] t=14.90s pos_err=0.018m T=23.16N z=2.496 m_est=2.361
[INFO] [1785422886.716839522] [acados_nmpc_node]: [attach-window] t=14.95s pos_err=0.018m T=23.16N z=2.496 m_est=2.361
[INFO] [1785422886.770332777] [acados_nmpc_node]: [attach-window] t=15.00s pos_err=0.018m T=23.16N z=2.495 m_est=2.361
[INFO] [1785422886.816714484] [acados_nmpc_node]: [attach-window] t=15.05s pos_err=0.018m T=23.16N z=2.495 m_est=2.361
[INFO] [1785422886.870628627] [acados_nmpc_node]: [attach-window] t=15.10s pos_err=0.018m T=23.16N z=2.495 m_est=2.361
[INFO] [1785422886.916622155] [acados_nmpc_node]: [attach-window] t=15.15s pos_err=0.017m T=23.14N z=2.496 m_est=2.361
[INFO] [1785422886.970189957] [acados_nmpc_node]: [attach-window] t=15.20s pos_err=0.017m T=23.13N z=2.496 m_est=2.361
[INFO] [1785422887.016681059] [acados_nmpc_node]: [attach-window] t=15.25s pos_err=0.017m T=23.11N z=2.497 m_est=2.361
[INFO] [1785422887.070386369] [acados_nmpc_node]: [attach-window] t=15.30s pos_err=0.016m T=23.11N z=2.497 m_est=2.361
[INFO] [1785422887.116645752] [acados_nmpc_node]: [attach-window] t=15.35s pos_err=0.016m T=23.09N z=2.498 m_est=2.361
[INFO] [1785422887.170441214] [acados_nmpc_node]: [attach-window] t=15.40s pos_err=0.015m T=23.08N z=2.499 m_est=2.361
[INFO] [1785422887.216633562] [acados_nmpc_node]: [attach-window] t=15.45s pos_err=0.015m T=23.07N z=2.500 m_est=2.361
[INFO] [1785422887.270532513] [acados_nmpc_node]: [attach-window] t=15.50s pos_err=0.015m T=23.07N z=2.500 m_est=2.361
[INFO] [1785422887.316693468] [acados_nmpc_node]: [attach-window] t=15.55s pos_err=0.014m T=23.06N z=2.501 m_est=2.361
[INFO] [1785422887.317176064] [acados_nmpc_node]: t=15.5s | pos_err=0.014m | T=23.06N | tau=[r-0.259 p0.028 y0.000]Nm | res_stat=6.549e-08(peak 9.941e-07) sqp_iter=2 | solve=1.3ms
[INFO] [1785422887.370256331] [acados_nmpc_node]: [attach-window] t=15.60s pos_err=0.014m T=23.06N z=2.502 m_est=2.361
[INFO] [1785422887.416749184] [acados_nmpc_node]: [attach-window] t=15.65s pos_err=0.013m T=23.06N z=2.503 m_est=2.361
[INFO] [1785422887.470343851] [acados_nmpc_node]: [attach-window] t=15.70s pos_err=0.012m T=23.06N z=2.503 m_est=2.361
[INFO] [1785422887.516734037] [acados_nmpc_node]: [attach-window] t=15.75s pos_err=0.011m T=23.05N z=2.504 m_est=2.361
[INFO] [1785422887.570205350] [acados_nmpc_node]: [attach-window] t=15.80s pos_err=0.011m T=23.05N z=2.505 m_est=2.361
[INFO] [1785422887.616646737] [acados_nmpc_node]: [attach-window] t=15.85s pos_err=0.011m T=23.06N z=2.505 m_est=2.361
[INFO] [1785422887.670393384] [acados_nmpc_node]: [attach-window] t=15.90s pos_err=0.010m T=23.06N z=2.506 m_est=2.361
[INFO] [1785422887.716152360] [acados_nmpc_node]: [attach-window] t=15.95s pos_err=0.011m T=23.07N z=2.507 m_est=2.361
[INFO] [1785422887.768948583] [acados_nmpc_node]: [attach-window] t=16.00s pos_err=0.011m T=23.07N z=2.507 m_est=2.360
[INFO] [1785422887.816705201] [acados_nmpc_node]: [attach-window] t=16.05s pos_err=0.011m T=23.09N z=2.507 m_est=2.360
[INFO] [1785422887.870537129] [acados_nmpc_node]: [attach-window] t=16.10s pos_err=0.011m T=23.10N z=2.507 m_est=2.360
[INFO] [1785422887.916710525] [acados_nmpc_node]: [attach-window] t=16.15s pos_err=0.011m T=23.11N z=2.506 m_est=2.360
[INFO] [1785422887.970357848] [acados_nmpc_node]: [attach-window] t=16.20s pos_err=0.011m T=23.12N z=2.506 m_est=2.360
[INFO] [1785422888.016672945] [acados_nmpc_node]: [attach-window] t=16.25s pos_err=0.011m T=23.13N z=2.506 m_est=2.360
[INFO] [1785422888.070375129] [acados_nmpc_node]: [attach-window] t=16.30s pos_err=0.012m T=23.13N z=2.506 m_est=2.360
[INFO] [1785422888.116677975] [acados_nmpc_node]: [attach-window] t=16.35s pos_err=0.012m T=23.14N z=2.505 m_est=2.360
[INFO] [1785422888.170495456] [acados_nmpc_node]: [attach-window] t=16.40s pos_err=0.012m T=23.14N z=2.505 m_est=2.360
[INFO] [1785422888.216663344] [acados_nmpc_node]: [attach-window] t=16.45s pos_err=0.013m T=23.15N z=2.505 m_est=2.360
[INFO] [1785422888.270541692] [acados_nmpc_node]: [attach-window] t=16.50s pos_err=0.014m T=23.15N z=2.505 m_est=2.360
[INFO] [1785422888.316908466] [acados_nmpc_node]: [attach-window] t=16.55s pos_err=0.015m T=23.15N z=2.504 m_est=2.360
[INFO] [1785422888.370727098] [acados_nmpc_node]: [attach-window] t=16.60s pos_err=0.015m T=23.15N z=2.504 m_est=2.360
[INFO] [1785422888.416644201] [acados_nmpc_node]: [attach-window] t=16.65s pos_err=0.016m T=23.14N z=2.504 m_est=2.360
[INFO] [1785422888.470388272] [acados_nmpc_node]: [attach-window] t=16.70s pos_err=0.016m T=23.13N z=2.504 m_est=2.360
[INFO] [1785422888.516658178] [acados_nmpc_node]: [attach-window] t=16.75s pos_err=0.016m T=23.11N z=2.505 m_est=2.360
[INFO] [1785422888.570780873] [acados_nmpc_node]: [attach-window] t=16.80s pos_err=0.016m T=23.10N z=2.506 m_est=2.360
[INFO] [1785422888.616728525] [acados_nmpc_node]: [attach-window] t=16.85s pos_err=0.017m T=23.08N z=2.507 m_est=2.360
[INFO] [1785422888.670608408] [acados_nmpc_node]: [attach-window] t=16.90s pos_err=0.017m T=23.08N z=2.507 m_est=2.361
[INFO] [1785422888.716183014] [acados_nmpc_node]: [attach-window] t=16.95s pos_err=0.018m T=23.06N z=2.508 m_est=2.361
[INFO] [1785422888.768742876] [acados_nmpc_node]: [attach-window] t=17.00s pos_err=0.018m T=23.06N z=2.508 m_est=2.361
[INFO] [1785422888.816597155] [acados_nmpc_node]: [attach-window] t=17.05s pos_err=0.018m T=23.06N z=2.509 m_est=2.361
[INFO] [1785422888.870364898] [acados_nmpc_node]: [attach-window] t=17.10s pos_err=0.018m T=23.06N z=2.509 m_est=2.361
[INFO] [1785422888.916872541] [acados_nmpc_node]: [attach-window] t=17.15s pos_err=0.018m T=23.07N z=2.510 m_est=2.361
[INFO] [1785422888.970382266] [acados_nmpc_node]: [attach-window] t=17.20s pos_err=0.018m T=23.08N z=2.510 m_est=2.361
[INFO] [1785422889.016785747] [acados_nmpc_node]: [attach-window] t=17.25s pos_err=0.017m T=23.08N z=2.510 m_est=2.361
[INFO] [1785422889.070489437] [acados_nmpc_node]: [attach-window] t=17.30s pos_err=0.017m T=23.08N z=2.510 m_est=2.360
[INFO] [1785422889.116649097] [acados_nmpc_node]: [attach-window] t=17.35s pos_err=0.016m T=23.09N z=2.511 m_est=2.360
[INFO] [1785422889.170394537] [acados_nmpc_node]: [attach-window] t=17.40s pos_err=0.016m T=23.10N z=2.511 m_est=2.360
[INFO] [1785422889.216752184] [acados_nmpc_node]: [attach-window] t=17.45s pos_err=0.015m T=23.12N z=2.510 m_est=2.360
[INFO] [1785422889.270456135] [acados_nmpc_node]: [attach-window] t=17.50s pos_err=0.014m T=23.13N z=2.510 m_est=2.360
[INFO] [1785422889.316787587] [acados_nmpc_node]: [attach-window] t=17.55s pos_err=0.014m T=23.15N z=2.509 m_est=2.360
[INFO] [1785422889.370552096] [acados_nmpc_node]: [attach-window] t=17.60s pos_err=0.013m T=23.15N z=2.509 m_est=2.360
[INFO] [1785422889.416609197] [acados_nmpc_node]: [attach-window] t=17.65s pos_err=0.013m T=23.16N z=2.508 m_est=2.360
[INFO] [1785422889.470308404] [acados_nmpc_node]: [attach-window] t=17.70s pos_err=0.013m T=23.17N z=2.508 m_est=2.360
[INFO] [1785422889.516630336] [acados_nmpc_node]: [attach-window] t=17.75s pos_err=0.013m T=23.18N z=2.507 m_est=2.360
[INFO] [1785422889.570440132] [acados_nmpc_node]: [attach-window] t=17.80s pos_err=0.013m T=23.18N z=2.507 m_est=2.360
[INFO] [1785422889.616824876] [acados_nmpc_node]: [attach-window] t=17.85s pos_err=0.013m T=23.17N z=2.506 m_est=2.360
[INFO] [1785422889.670852137] [acados_nmpc_node]: [attach-window] t=17.90s pos_err=0.013m T=23.16N z=2.506 m_est=2.360
[INFO] [1785422889.716870364] [acados_nmpc_node]: [attach-window] t=17.95s pos_err=0.014m T=23.13N z=2.507 m_est=2.360
[INFO] [1785422889.770848088] [acados_nmpc_node]: [attach-window] t=18.00s pos_err=0.014m T=23.12N z=2.507 m_est=2.360
[INFO] [1785422889.816125063] [acados_nmpc_node]: [attach-window] t=18.05s pos_err=0.014m T=23.10N z=2.508 m_est=2.360
[INFO] [1785422889.868989613] [acados_nmpc_node]: [attach-window] t=18.10s pos_err=0.014m T=23.09N z=2.509 m_est=2.361
[INFO] [1785422889.916190919] [acados_nmpc_node]: [attach-window] t=18.15s pos_err=0.015m T=23.06N z=2.510 m_est=2.361
[INFO] [1785422889.970535334] [acados_nmpc_node]: [attach-window] t=18.20s pos_err=0.015m T=23.05N z=2.511 m_est=2.361
[INFO] [1785422890.016626935] [acados_nmpc_node]: [attach-window] t=18.25s pos_err=0.015m T=23.04N z=2.511 m_est=2.361
[INFO] [1785422890.070709182] [acados_nmpc_node]: [attach-window] t=18.30s pos_err=0.015m T=23.05N z=2.512 m_est=2.361
[INFO] [1785422890.116835179] [acados_nmpc_node]: [attach-window] t=18.35s pos_err=0.015m T=23.06N z=2.512 m_est=2.361
[INFO] [1785422890.168701675] [acados_nmpc_node]: [attach-window] t=18.40s pos_err=0.014m T=23.07N z=2.512 m_est=2.361
[INFO] [1785422890.216262941] [acados_nmpc_node]: [attach-window] t=18.45s pos_err=0.014m T=23.08N z=2.512 m_est=2.361
[INFO] [1785422890.268760554] [acados_nmpc_node]: [attach-window] t=18.50s pos_err=0.014m T=23.08N z=2.513 m_est=2.361
[INFO] [1785422890.316089802] [acados_nmpc_node]: [attach-window] t=18.55s pos_err=0.014m T=23.09N z=2.513 m_est=2.361
[INFO] [1785422890.368577498] [acados_nmpc_node]: [attach-window] t=18.60s pos_err=0.014m T=23.09N z=2.513 m_est=2.361
[INFO] [1785422890.416168322] [acados_nmpc_node]: [attach-window] t=18.65s pos_err=0.014m T=23.10N z=2.513 m_est=2.361
[INFO] [1785422890.468786820] [acados_nmpc_node]: [attach-window] t=18.70s pos_err=0.014m T=23.10N z=2.513 m_est=2.361
[INFO] [1785422890.516338498] [acados_nmpc_node]: [attach-window] t=18.75s pos_err=0.014m T=23.11N z=2.512 m_est=2.361
[INFO] [1785422890.569197997] [acados_nmpc_node]: [attach-window] t=18.80s pos_err=0.014m T=23.11N z=2.512 m_est=2.360
[INFO] [1785422890.616633091] [acados_nmpc_node]: [attach-window] t=18.85s pos_err=0.015m T=23.11N z=2.512 m_est=2.360
[INFO] [1785422890.670556960] [acados_nmpc_node]: [attach-window] t=18.90s pos_err=0.015m T=23.11N z=2.512 m_est=2.360
[INFO] [1785422890.716846611] [acados_nmpc_node]: [attach-window] t=18.95s pos_err=0.016m T=23.10N z=2.513 m_est=2.360
[INFO] [1785422890.770884187] [acados_nmpc_node]: [attach-window] t=19.00s pos_err=0.017m T=23.10N z=2.513 m_est=2.360
[INFO] [1785422890.816899776] [acados_nmpc_node]: [attach-window] t=19.05s pos_err=0.018m T=23.10N z=2.513 m_est=2.360
[INFO] [1785422890.870862013] [acados_nmpc_node]: [attach-window] t=19.10s pos_err=0.019m T=23.10N z=2.513 m_est=2.360
[INFO] [1785422890.916852947] [acados_nmpc_node]: [attach-window] t=19.15s pos_err=0.021m T=23.10N z=2.513 m_est=2.360
[INFO] [1785422890.970874613] [acados_nmpc_node]: [attach-window] t=19.20s pos_err=0.021m T=23.11N z=2.513 m_est=2.360
[INFO] [1785422891.016648524] [acados_nmpc_node]: [attach-window] t=19.25s pos_err=0.022m T=23.11N z=2.513 m_est=2.360
[INFO] [1785422891.069081455] [acados_nmpc_node]: [attach-window] t=19.30s pos_err=0.023m T=23.11N z=2.513 m_est=2.360
[INFO] [1785422891.116046381] [acados_nmpc_node]: [attach-window] t=19.35s pos_err=0.023m T=23.12N z=2.513 m_est=2.360
[INFO] [1785422891.168655227] [acados_nmpc_node]: [attach-window] t=19.40s pos_err=0.023m T=23.12N z=2.512 m_est=2.360
[INFO] [1785422891.216108095] [acados_nmpc_node]: [attach-window] t=19.45s pos_err=0.023m T=23.12N z=2.512 m_est=2.360
[INFO] [1785422891.268818045] [acados_nmpc_node]: [attach-window] t=19.50s pos_err=0.023m T=23.13N z=2.512 m_est=2.360
[INFO] [1785422891.316609333] [acados_nmpc_node]: [attach-window] t=19.55s pos_err=0.022m T=23.13N z=2.512 m_est=2.360
[INFO] [1785422891.370517830] [acados_nmpc_node]: [attach-window] t=19.60s pos_err=0.022m T=23.13N z=2.512 m_est=2.360
[INFO] [1785422891.416605390] [acados_nmpc_node]: [attach-window] t=19.65s pos_err=0.021m T=23.12N z=2.512 m_est=2.360
[INFO] [1785422891.470463409] [acados_nmpc_node]: [attach-window] t=19.70s pos_err=0.020m T=23.12N z=2.512 m_est=2.360
[INFO] [1785422891.516602751] [acados_nmpc_node]: [attach-window] t=19.75s pos_err=0.019m T=23.11N z=2.512 m_est=2.360
[INFO] [1785422891.570470101] [acados_nmpc_node]: [attach-window] t=19.80s pos_err=0.019m T=23.11N z=2.512 m_est=2.360
[INFO] [1785422891.616636597] [acados_nmpc_node]: [attach-window] t=19.85s pos_err=0.018m T=23.11N z=2.512 m_est=2.360
[INFO] [1785422891.670692324] [acados_nmpc_node]: [attach-window] t=19.90s pos_err=0.017m T=23.12N z=2.512 m_est=2.360
[INFO] [1785422891.716694486] [acados_nmpc_node]: [attach-window] t=19.95s pos_err=0.016m T=23.12N z=2.512 m_est=2.360
[INFO] [1785422891.770638560] [acados_nmpc_node]: [attach-window] t=20.00s pos_err=0.016m T=23.13N z=2.512 m_est=2.360
[INFO] [1785422891.816682937] [acados_nmpc_node]: [attach-window] t=20.05s pos_err=0.015m T=23.14N z=2.511 m_est=2.360
[INFO] [1785422891.870688694] [acados_nmpc_node]: [attach-window] t=20.10s pos_err=0.015m T=23.15N z=2.510 m_est=2.360
[INFO] [1785422891.916782896] [acados_nmpc_node]: [attach-window] t=20.15s pos_err=0.014m T=23.17N z=2.509 m_est=2.360
[INFO] [1785422891.970792497] [acados_nmpc_node]: [attach-window] t=20.20s pos_err=0.013m T=23.18N z=2.509 m_est=2.361
[INFO] [1785422892.016636566] [acados_nmpc_node]: [attach-window] t=20.25s pos_err=0.012m T=23.19N z=2.508 m_est=2.361
[INFO] [1785422892.071007195] [acados_nmpc_node]: [attach-window] t=20.30s pos_err=0.012m T=23.19N z=2.507 m_est=2.361
[INFO] [1785422892.116624102] [acados_nmpc_node]: [attach-window] t=20.35s pos_err=0.011m T=23.19N z=2.506 m_est=2.361
[INFO] [1785422892.170630214] [acados_nmpc_node]: [attach-window] t=20.40s pos_err=0.011m T=23.19N z=2.506 m_est=2.361
[INFO] [1785422892.216670599] [acados_nmpc_node]: [attach-window] t=20.45s pos_err=0.010m T=23.19N z=2.505 m_est=2.361
[INFO] [1785422892.270756689] [acados_nmpc_node]: [attach-window] t=20.50s pos_err=0.009m T=23.18N z=2.505 m_est=2.361
[INFO] [1785422892.316667694] [acados_nmpc_node]: [attach-window] t=20.55s pos_err=0.008m T=23.17N z=2.504 m_est=2.361
[INFO] [1785422892.317158463] [acados_nmpc_node]: t=20.5s | pos_err=0.008m | T=23.17N | tau=[r-0.287 p0.025 y0.003]Nm | res_stat=1.708e-07(peak 9.999e-07) sqp_iter=2 | solve=1.3ms
[INFO] [1785422892.370770081] [acados_nmpc_node]: [attach-window] t=20.60s pos_err=0.007m T=23.17N z=2.504 m_est=2.361
[INFO] [1785422892.416665753] [acados_nmpc_node]: [attach-window] t=20.65s pos_err=0.006m T=23.15N z=2.504 m_est=2.361
[INFO] [1785422892.470782918] [acados_nmpc_node]: [attach-window] t=20.70s pos_err=0.006m T=23.15N z=2.504 m_est=2.362
[INFO] [1785422892.516646180] [acados_nmpc_node]: [attach-window] t=20.75s pos_err=0.005m T=23.15N z=2.504 m_est=2.362
[INFO] [1785422892.570954347] [acados_nmpc_node]: [attach-window] t=20.80s pos_err=0.005m T=23.15N z=2.504 m_est=2.362
[INFO] [1785422892.616717390] [acados_nmpc_node]: [attach-window] t=20.85s pos_err=0.004m T=23.15N z=2.504 m_est=2.362
[INFO] [1785422892.671067423] [acados_nmpc_node]: [attach-window] t=20.90s pos_err=0.004m T=23.15N z=2.503 m_est=2.362
[INFO] [1785422892.716715083] [acados_nmpc_node]: [attach-window] t=20.95s pos_err=0.005m T=23.15N z=2.503 m_est=2.362
[INFO] [1785422892.770900772] [acados_nmpc_node]: [attach-window] t=21.00s pos_err=0.005m T=23.15N z=2.503 m_est=2.362
[INFO] [1785422892.816686802] [acados_nmpc_node]: [attach-window] t=21.05s pos_err=0.005m T=23.14N z=2.503 m_est=2.362
[INFO] [1785422892.870889782] [acados_nmpc_node]: [attach-window] t=21.10s pos_err=0.005m T=23.14N z=2.503 m_est=2.362
[INFO] [1785422892.916868337] [acados_nmpc_node]: [attach-window] t=21.15s pos_err=0.005m T=23.14N z=2.503 m_est=2.362
[ros2run]: Killed
