[INFO] [1788475844.654714060] [mhe_node]: MHE node starting, building/loading solver... (geom_coupled=True, N=20, m_min=1.961, m_B=2.0643)
Code reuse possible, skipping code generation.
acados was compiled without OpenMP.
[INFO] [1788475844.661641327] [mhe_node]: [prior] geom_coupled=True → 载荷质量信息**完全不生效**(grip_payload_envelope=0.3 是死代码:coupled 档下 _payload_geometry 根本不被调用);模型只吃可测杆臂 r_p + 被估质量,m 的先验仅有 Q0 质量维=0.1 (σ=3.16kg,实质无先验)
[WARN] [1788475844.662125420] [mhe_node]: geom_release_mode='self':估计器不被告知 drop。⚠️ 2026-08-24 实测,**NMPC 侧也设成 'self' 会必然坠机**——drop 后控制器继续按幽灵偏心载荷配平,指令 0.424N·m(tau_max 的 85%)作用在空机 J_xx=0.0142 上 = 29.8 rad/s²,而 MHE 10Hz/2s 窗口要 1~2s 才纠得过来,飞机先翻。**正确组合 = MHE 'self' + NMPC 'event'**(控制器是发释放指令的一方,它知道不构成认知作弊)。
[INFO] [1788475844.663501164] [mhe_node]: [c_xy_est] 质量域卸载判据已开:先武装(m_p>0.090kg),再判 m_p<0.03kg 持续 20 帧 -> 释放偏心估计
[INFO] [1788475844.664026418] [mhe_node]: [c_xy] 来源 = 一阶质量矩 s/m_T(窗口内估计,**无稳态门控**),替代窗外 EMA —— 机动中也会更新
[INFO] [1788475844.665010026] [mhe_node]: weight schedule theta = [-4.00, 0.00, 0.00, 0.00], signal mode = residual (residual self-trigger: thresh=1.5N persist=2 baseline_tau=3.0s)
[INFO] [1788475844.669187150] [mhe_node]: MHE node initialized! tau_source=command (roll/pitch NMPC意图值, yaw NMPC意图值), motor_window_avg=False, geom_release_mode=self. Waiting for odometry + control data...
[INFO] [1788475866.968962977] [mhe_node]: [no-signal] baseline settled at 19.93N (quiet 20 frames); detector armed
[INFO] [1788475866.969248708] [mhe_node]: arrival prior seeded: m=2.064 kg (m_nominal prior)
[INFO] [1788475866.969630777] [mhe_node]: [geom] model_geom_on=True (release_mode=self, truth_attached=False) mode=coupled(r_p) -> geom=[ 0.    0.   -0.47] dJ=0.0000 c_xy=[+0.0000,+0.0000] (dJ/c 为按当前 m_est 折算的诊断当量,模型内部随 m 实时生成)
[INFO] [1788475868.875534138] [mhe_node]: MHE mass estimate: 2.058 kg (T_phys=20.12N) | solve=4.0ms (max5.7)
[INFO] [1788475868.876091161] [mhe_node]: [truth] m_hat=2.0578 m_true=2.0643 err=-0.32% | c_hat=[+0.0000,+0.0000] c_true=[+0.0000,+0.0000] | Jxx_hat=0.01420 Jxx_true=0.01420 Jyz_hat=+0.00000 Jyz_true=+0.00000 | s_hat=[+0.0010,+0.0000] s_true=[+0.0000,+0.0000] kg·m
[INFO] [1788475868.876610098] [mhe_node]: [tau_phys] roll=+0.005 pitch=-0.018 Nm
[INFO] [1788475868.877205318] [mhe_node]: [mass-diag] m_est=2.0578 T=20.119N tilt=6.98deg cos=0.99258 | T/g=2.0508 T*cos/g=2.0356 | m_est-T*cos/g=+0.0221kg (+1.09%) vz=+0.081
[INFO] [1788475868.877790158] [mhe_node]: [c_xy_est] cx=+0.0003 cy=+0.0000 m
[INFO] [1788475870.875598568] [mhe_node]: MHE mass estimate: 2.058 kg (T_phys=21.03N) | solve=8.6ms (max16.8)
[INFO] [1788475870.876145597] [mhe_node]: [truth] m_hat=2.0584 m_true=2.0643 err=-0.29% | c_hat=[+0.0000,+0.0000] c_true=[+0.0000,+0.0000] | Jxx_hat=0.01420 Jxx_true=0.01420 Jyz_hat=+0.00000 Jyz_true=+0.00000 | s_hat=[-0.0009,+0.0001] s_true=[+0.0000,+0.0000] kg·m
[INFO] [1788475870.876662574] [mhe_node]: [tau_phys] roll=+0.005 pitch=-0.033 Nm
[INFO] [1788475870.877254399] [mhe_node]: [mass-diag] m_est=2.0584 T=21.031N tilt=1.89deg cos=0.99945 | T/g=2.1439 T*cos/g=2.1427 | m_est-T*cos/g=-0.0843kg (-3.93%) vz=+0.041
[INFO] [1788475870.877838250] [mhe_node]: [c_xy_est] cx=-0.0005 cy=+0.0001 m
[INFO] [1788475872.872613876] [mhe_node]: MHE mass estimate: 2.058 kg (T_phys=20.21N) | solve=6.4ms (max10.8)
[INFO] [1788475872.873005442] [mhe_node]: [truth] m_hat=2.0582 m_true=2.0643 err=-0.29% | c_hat=[+0.0000,+0.0000] c_true=[+0.0000,+0.0000] | Jxx_hat=0.01420 Jxx_true=0.01420 Jyz_hat=+0.00000 Jyz_true=+0.00000 | s_hat=[+0.0001,+0.0000] s_true=[+0.0000,+0.0000] kg·m
[INFO] [1788475872.873368812] [mhe_node]: [tau_phys] roll=-0.005 pitch=-0.002 Nm
[INFO] [1788475872.873785209] [mhe_node]: [mass-diag] m_est=2.0582 T=20.205N tilt=0.22deg cos=0.99999 | T/g=2.0597 T*cos/g=2.0597 | m_est-T*cos/g=-0.0014kg (-0.07%) vz=+0.001
[INFO] [1788475872.874197003] [mhe_node]: [c_xy_est] cx=+0.0001 cy=+0.0000 m
[INFO] [1788475874.468970670] [mhe_node]: [no-signal] mass mutation self-detected at frame 94: T_phys=18.05N vs baseline 20.05N (dev 1.99N > 1.5N over 2 frames, direction=DROP); de-weighting pre-event stages
[INFO] [1788475874.469746026] [mhe_node]: event transition started: pre-event stages de-weighted
[INFO] [1788475874.873926051] [mhe_node]: MHE mass estimate: 2.041 kg (T_phys=18.75N) | solve=3.8ms (max6.2)
[INFO] [1788475874.874509703] [mhe_node]: [truth] m_hat=2.0409 m_true=2.0643 err=-1.13% | c_hat=[+0.0000,+0.0000] c_true=[+0.0000,+0.0000] | Jxx_hat=0.01420 Jxx_true=0.01420 Jyz_hat=+0.00000 Jyz_true=+0.00000 | s_hat=[-0.0001,-0.0002] s_true=[+0.0000,+0.0000] kg·m
[INFO] [1788475874.875037503] [mhe_node]: [tau_phys] roll=-0.004 pitch=+0.002 Nm
[INFO] [1788475874.875626576] [mhe_node]: [mass-diag] m_est=2.0409 T=18.746N tilt=0.34deg cos=0.99998 | T/g=1.9109 T*cos/g=1.9109 | m_est-T*cos/g=+0.1301kg (+6.81%) vz=-0.591
[INFO] [1788475874.876212625] [mhe_node]: [c_xy_est] cx=+0.0000 cy=-0.0001 m
[INFO] [1788475876.369472454] [mhe_node]: event transition ended: nominal weights restored
[INFO] [1788475876.874519473] [mhe_node]: MHE mass estimate: 2.054 kg (T_phys=20.29N) | solve=4.5ms (max9.8)
[INFO] [1788475876.875068436] [mhe_node]: [truth] m_hat=2.0544 m_true=2.0643 err=-0.48% | c_hat=[+0.0000,+0.0000] c_true=[+0.0000,+0.0000] | Jxx_hat=0.01420 Jxx_true=0.01420 Jyz_hat=+0.00000 Jyz_true=+0.00000 | s_hat=[+0.0002,+0.0000] s_true=[+0.0000,+0.0000] kg·m
[INFO] [1788475876.875587548] [mhe_node]: [tau_phys] roll=+0.002 pitch=+0.006 Nm
[INFO] [1788475876.876179510] [mhe_node]: [mass-diag] m_est=2.0544 T=20.294N tilt=0.23deg cos=0.99999 | T/g=2.0687 T*cos/g=2.0687 | m_est-T*cos/g=-0.0143kg (-0.69%) vz=-0.055
[INFO] [1788475876.876766123] [mhe_node]: [c_xy_est] cx=+0.0001 cy=+0.0000 m
[INFO] [1788475878.468917966] [mhe_node]: [no-signal] baseline settled at 20.21N (quiet 20 frames); detector armed
[INFO] [1788475878.898428490] [mhe_node]: MHE mass estimate: 1.961 kg (T_phys=19.86N) | solve=15.1ms (max36.7)
[INFO] [1788475878.898970337] [mhe_node]: [truth] m_hat=1.9611 m_true=2.0643 err=-5.00% | c_hat=[+0.0000,+0.0000] c_true=[+0.0000,+0.0000] | Jxx_hat=0.01420 Jxx_true=0.01420 Jyz_hat=+0.00000 Jyz_true=+0.00000 | s_hat=[+0.0086,-0.0008] s_true=[+0.0000,+0.0000] kg·m
[INFO] [1788475878.899483999] [mhe_node]: [tau_phys] roll=-0.003 pitch=+0.230 Nm
[INFO] [1788475878.900070848] [mhe_node]: [mass-diag] m_est=1.9611 T=19.861N tilt=0.89deg cos=0.99988 | T/g=2.0246 T*cos/g=2.0243 | m_est-T*cos/g=-0.0633kg (-3.12%) vz=+0.005
[INFO] [1788475878.900651544] [mhe_node]: [c_xy_est] cx=+0.0047 cy=-0.0003 m
[INFO] [1788475880.069015278] [mhe_node]: [no-signal] mass mutation self-detected at frame 150: T_phys=22.87N vs baseline 20.21N (dev 2.66N > 1.5N over 2 frames, direction=ATTACH); de-weighting pre-event stages
[INFO] [1788475880.069225503] [mhe_node]: [payload-state] EMPTY->LOADED (attach, m_p=-0.103kg)
[INFO] [1788475880.070281923] [mhe_node]: event transition started: pre-event stages de-weighted
[WARN] [1788475880.346826629] [mhe_node]: MHE solve failed [status=2], skipping this window (streak 1)
[WARN] [1788475880.446368552] [mhe_node]: MHE solve failed [status=2], skipping this window (streak 2)
[INFO] [1788475881.086416538] [mhe_node]: MHE mass estimate: 2.153 kg (T_phys=22.16N) | solve=33.5ms (max81.4)
[INFO] [1788475881.086991214] [mhe_node]: [truth] m_hat=2.1525 m_true=2.0643 err=+4.27% | c_hat=[+0.0000,+0.0000] c_true=[+0.0000,+0.0000] | Jxx_hat=0.01420 Jxx_true=0.01420 Jyz_hat=+0.00000 Jyz_true=+0.00000 | s_hat=[+0.0062,-0.0073] s_true=[+0.0000,+0.0000] kg·m
[INFO] [1788475881.087517714] [mhe_node]: [tau_phys] roll=-0.077 pitch=+0.941 Nm
[INFO] [1788475881.088118384] [mhe_node]: [mass-diag] m_est=2.1525 T=22.157N tilt=0.34deg cos=0.99998 | T/g=2.2586 T*cos/g=2.2586 | m_est-T*cos/g=-0.1060kg (-4.69%) vz=+0.586
[INFO] [1788475881.088710803] [mhe_node]: [c_xy_est] cx=+0.0019 cy=-0.0033 m
[INFO] [1788475881.969814751] [mhe_node]: event transition ended: nominal weights restored
[INFO] [1788475883.082200330] [mhe_node]: MHE mass estimate: 2.105 kg (T_phys=21.70N) | solve=16.7ms (max27.8)
[INFO] [1788475883.082770819] [mhe_node]: [truth] m_hat=2.1046 m_true=2.0643 err=+1.95% | c_hat=[+0.0000,+0.0000] c_true=[+0.0000,+0.0000] | Jxx_hat=0.01420 Jxx_true=0.01420 Jyz_hat=+0.00000 Jyz_true=+0.00000 | s_hat=[+0.0033,-0.0074] s_true=[+0.0000,+0.0000] kg·m
[INFO] [1788475883.083294180] [mhe_node]: [tau_phys] roll=-0.097 pitch=+0.116 Nm
[INFO] [1788475883.083887922] [mhe_node]: [mass-diag] m_est=2.1046 T=21.698N tilt=0.36deg cos=0.99998 | T/g=2.2118 T*cos/g=2.2118 | m_est-T*cos/g=-0.1072kg (-4.85%) vz=+1.097
[INFO] [1788475883.084473513] [mhe_node]: [c_xy_est] cx=+0.0011 cy=-0.0035 m
[INFO] [1788475884.568989229] [mhe_node]: [no-signal] baseline settled at 21.37N (quiet 20 frames); detector armed
[INFO] [1788475885.074338570] [mhe_node]: MHE mass estimate: 2.191 kg (T_phys=20.78N) | solve=13.4ms (max22.3)
[INFO] [1788475885.074910015] [mhe_node]: [truth] m_hat=2.1909 m_true=2.0643 err=+6.13% | c_hat=[+0.0000,+0.0000] c_true=[+0.0000,+0.0000] | Jxx_hat=0.01420 Jxx_true=0.01420 Jyz_hat=+0.00000 Jyz_true=+0.00000 | s_hat=[-0.0011,-0.0101] s_true=[+0.0000,+0.0000] kg·m
[INFO] [1788475885.075431775] [mhe_node]: [tau_phys] roll=-0.077 pitch=+0.019 Nm
[INFO] [1788475885.076029224] [mhe_node]: [mass-diag] m_est=2.1909 T=20.780N tilt=0.61deg cos=0.99994 | T/g=2.1183 T*cos/g=2.1182 | m_est-T*cos/g=+0.0727kg (+3.43%) vz=+0.926
[INFO] [1788475885.076616880] [mhe_node]: [c_xy_est] cx=-0.0007 cy=-0.0046 m
[INFO] [1788475885.868924965] [mhe_node]: [c_xy_est] 质量域判据已武装(m_p=0.134kg 连续20帧高于水位)
[INFO] [1788475887.073312360] [mhe_node]: MHE mass estimate: 2.209 kg (T_phys=21.10N) | solve=3.6ms (max4.6)
[INFO] [1788475887.073880847] [mhe_node]: [truth] m_hat=2.2086 m_true=2.0643 err=+6.99% | c_hat=[+0.0000,+0.0000] c_true=[+0.0000,+0.0000] | Jxx_hat=0.01420 Jxx_true=0.01420 Jyz_hat=+0.00000 Jyz_true=+0.00000 | s_hat=[-0.0009,-0.0102] s_true=[+0.0000,+0.0000] kg·m
[INFO] [1788475887.074400519] [mhe_node]: [tau_phys] roll=-0.099 pitch=+0.010 Nm
[INFO] [1788475887.074990835] [mhe_node]: [mass-diag] m_est=2.2086 T=21.104N tilt=0.50deg cos=0.99996 | T/g=2.1513 T*cos/g=2.1512 | m_est-T*cos/g=+0.0573kg (+2.66%) vz=+0.130
[INFO] [1788475887.075582053] [mhe_node]: [c_xy_est] cx=-0.0004 cy=-0.0046 m
[INFO] [1788475889.073273372] [mhe_node]: MHE mass estimate: 2.211 kg (T_phys=21.68N) | solve=3.6ms (max4.4)
[INFO] [1788475889.073844694] [mhe_node]: [truth] m_hat=2.2113 m_true=2.0643 err=+7.12% | c_hat=[+0.0000,+0.0000] c_true=[+0.0000,+0.0000] | Jxx_hat=0.01420 Jxx_true=0.01420 Jyz_hat=+0.00000 Jyz_true=+0.00000 | s_hat=[-0.0011,-0.0100] s_true=[+0.0000,+0.0000] kg·m
[INFO] [1788475889.074367912] [mhe_node]: [tau_phys] roll=-0.102 pitch=+0.014 Nm
[INFO] [1788475889.074957488] [mhe_node]: [mass-diag] m_est=2.2113 T=21.684N tilt=0.40deg cos=0.99998 | T/g=2.2104 T*cos/g=2.2104 | m_est-T*cos/g=+0.0009kg (+0.04%) vz=-0.009
[INFO] [1788475889.075536350] [mhe_node]: [c_xy_est] cx=-0.0005 cy=-0.0045 m
[INFO] [1788475891.073574385] [mhe_node]: MHE mass estimate: 2.208 kg (T_phys=21.72N) | solve=3.7ms (max5.6)
[INFO] [1788475891.074152528] [mhe_node]: [truth] m_hat=2.2079 m_true=2.0643 err=+6.96% | c_hat=[+0.0000,+0.0000] c_true=[+0.0000,+0.0000] | Jxx_hat=0.01420 Jxx_true=0.01420 Jyz_hat=+0.00000 Jyz_true=+0.00000 | s_hat=[-0.0010,-0.0098] s_true=[+0.0000,+0.0000] kg·m
[INFO] [1788475891.074677469] [mhe_node]: [tau_phys] roll=-0.114 pitch=+0.019 Nm
[INFO] [1788475891.075280027] [mhe_node]: [mass-diag] m_est=2.2079 T=21.717N tilt=0.04deg cos=1.00000 | T/g=2.2137 T*cos/g=2.2137 | m_est-T*cos/g=-0.0058kg (-0.26%) vz=-0.008
[INFO] [1788475891.075867205] [mhe_node]: [c_xy_est] cx=-0.0005 cy=-0.0044 m
[INFO] [1788475893.077146957] [mhe_node]: MHE mass estimate: 2.204 kg (T_phys=21.61N) | solve=5.1ms (max12.8)
[INFO] [1788475893.077712001] [mhe_node]: [truth] m_hat=2.2035 m_true=2.0643 err=+6.75% | c_hat=[+0.0000,+0.0000] c_true=[+0.0000,+0.0000] | Jxx_hat=0.01420 Jxx_true=0.01420 Jyz_hat=+0.00000 Jyz_true=+0.00000 | s_hat=[-0.0026,-0.0099] s_true=[+0.0000,+0.0000] kg·m
[INFO] [1788475893.078239882] [mhe_node]: [tau_phys] roll=-0.098 pitch=+0.030 Nm
[INFO] [1788475893.078830131] [mhe_node]: [mass-diag] m_est=2.2035 T=21.613N tilt=1.21deg cos=0.99978 | T/g=2.2032 T*cos/g=2.2027 | m_est-T*cos/g=+0.0008kg (+0.04%) vz=-0.004
[INFO] [1788475893.079408946] [mhe_node]: [c_xy_est] cx=-0.0011 cy=-0.0045 m
[INFO] [1788475895.077020207] [mhe_node]: MHE mass estimate: 2.204 kg (T_phys=21.85N) | solve=8.1ms (max11.8)
[INFO] [1788475895.077583098] [mhe_node]: [truth] m_hat=2.2036 m_true=2.0643 err=+6.75% | c_hat=[+0.0000,+0.0000] c_true=[+0.0000,+0.0000] | Jxx_hat=0.01420 Jxx_true=0.01420 Jyz_hat=+0.00000 Jyz_true=+0.00000 | s_hat=[-0.0056,-0.0097] s_true=[+0.0000,+0.0000] kg·m
[INFO] [1788475895.078108682] [mhe_node]: [tau_phys] roll=-0.091 pitch=+0.044 Nm
[INFO] [1788475895.078697928] [mhe_node]: [mass-diag] m_est=2.2036 T=21.851N tilt=5.12deg cos=0.99601 | T/g=2.2274 T*cos/g=2.2185 | m_est-T*cos/g=-0.0149kg (-0.67%) vz=+0.071
[INFO] [1788475895.079283251] [mhe_node]: [c_xy_est] cx=-0.0023 cy=-0.0044 m
[INFO] [1788475897.075183735] [mhe_node]: MHE mass estimate: 2.199 kg (T_phys=21.65N) | solve=7.8ms (max15.3)
[INFO] [1788475897.075754051] [mhe_node]: [truth] m_hat=2.1995 m_true=2.0643 err=+6.55% | c_hat=[+0.0000,+0.0000] c_true=[+0.0000,+0.0000] | Jxx_hat=0.01420 Jxx_true=0.01420 Jyz_hat=+0.00000 Jyz_true=+0.00000 | s_hat=[-0.0123,-0.0092] s_true=[+0.0000,+0.0000] kg·m
[INFO] [1788475897.076276957] [mhe_node]: [tau_phys] roll=-0.073 pitch=+0.197 Nm
[INFO] [1788475897.076863369] [mhe_node]: [mass-diag] m_est=2.1995 T=21.648N tilt=2.70deg cos=0.99889 | T/g=2.2068 T*cos/g=2.2043 | m_est-T*cos/g=-0.0048kg (-0.22%) vz=+0.153
[INFO] [1788475897.077441140] [mhe_node]: [c_xy_est] cx=-0.0055 cy=-0.0042 m
[INFO] [1788475899.075174277] [mhe_node]: MHE mass estimate: 2.200 kg (T_phys=21.64N) | solve=5.6ms (max9.8)
[INFO] [1788475899.075743108] [mhe_node]: [truth] m_hat=2.1996 m_true=2.0643 err=+6.55% | c_hat=[+0.0000,+0.0000] c_true=[+0.0000,+0.0000] | Jxx_hat=0.01420 Jxx_true=0.01420 Jyz_hat=+0.00000 Jyz_true=+0.00000 | s_hat=[-0.0123,-0.0088] s_true=[+0.0000,+0.0000] kg·m
[INFO] [1788475899.076265275] [mhe_node]: [tau_phys] roll=-0.075 pitch=+0.068 Nm
[INFO] [1788475899.076852259] [mhe_node]: [mass-diag] m_est=2.1996 T=21.636N tilt=4.22deg cos=0.99729 | T/g=2.2055 T*cos/g=2.1996 | m_est-T*cos/g=+0.0000kg (+0.00%) vz=+0.121
[INFO] [1788475899.077433423] [mhe_node]: [c_xy_est] cx=-0.0057 cy=-0.0040 m
[INFO] [1788475901.075229899] [mhe_node]: MHE mass estimate: 2.203 kg (T_phys=21.62N) | solve=6.2ms (max10.0)
[INFO] [1788475901.075922946] [mhe_node]: [truth] m_hat=2.2030 m_true=2.0643 err=+6.72% | c_hat=[+0.0000,+0.0000] c_true=[+0.0000,+0.0000] | Jxx_hat=0.01420 Jxx_true=0.01420 Jyz_hat=+0.00000 Jyz_true=+0.00000 | s_hat=[-0.0098,-0.0089] s_true=[+0.0000,+0.0000] kg·m
[INFO] [1788475901.076446750] [mhe_node]: [tau_phys] roll=-0.074 pitch=+0.084 Nm
[INFO] [1788475901.077035338] [mhe_node]: [mass-diag] m_est=2.2030 T=21.619N tilt=3.30deg cos=0.99835 | T/g=2.2038 T*cos/g=2.2001 | m_est-T*cos/g=+0.0029kg (+0.13%) vz=+0.046
[INFO] [1788475901.077615629] [mhe_node]: [c_xy_est] cx=-0.0044 cy=-0.0040 m
[INFO] [1788475903.075181841] [mhe_node]: MHE mass estimate: 2.205 kg (T_phys=21.54N) | solve=5.4ms (max7.6)
[INFO] [1788475903.075748849] [mhe_node]: [truth] m_hat=2.2050 m_true=2.0643 err=+6.82% | c_hat=[+0.0000,+0.0000] c_true=[+0.0000,+0.0000] | Jxx_hat=0.01420 Jxx_true=0.01420 Jyz_hat=+0.00000 Jyz_true=+0.00000 | s_hat=[-0.0089,-0.0099] s_true=[+0.0000,+0.0000] kg·m
[INFO] [1788475903.076269716] [mhe_node]: [tau_phys] roll=-0.081 pitch=+0.060 Nm
[INFO] [1788475903.076854775] [mhe_node]: [mass-diag] m_est=2.2050 T=21.540N tilt=1.53deg cos=0.99964 | T/g=2.1957 T*cos/g=2.1949 | m_est-T*cos/g=+0.0101kg (+0.46%) vz=+0.010
[INFO] [1788475903.077434853] [mhe_node]: [c_xy_est] cx=-0.0040 cy=-0.0045 m
[INFO] [1788475905.077295277] [mhe_node]: MHE mass estimate: 2.204 kg (T_phys=21.62N) | solve=5.7ms (max8.7)
[INFO] [1788475905.077861138] [mhe_node]: [truth] m_hat=2.2036 m_true=2.0643 err=+6.75% | c_hat=[+0.0000,+0.0000] c_true=[+0.0000,+0.0000] | Jxx_hat=0.01420 Jxx_true=0.01420 Jyz_hat=+0.00000 Jyz_true=+0.00000 | s_hat=[-0.0093,-0.0093] s_true=[+0.0000,+0.0000] kg·m
[INFO] [1788475905.078382841] [mhe_node]: [tau_phys] roll=-0.086 pitch=+0.074 Nm
[INFO] [1788475905.078971498] [mhe_node]: [mass-diag] m_est=2.2036 T=21.618N tilt=1.37deg cos=0.99971 | T/g=2.2037 T*cos/g=2.2031 | m_est-T*cos/g=+0.0006kg (+0.03%) vz=-0.030
[INFO] [1788475905.079551780] [mhe_node]: [c_xy_est] cx=-0.0044 cy=-0.0042 m
[INFO] [1788475907.075252324] [mhe_node]: MHE mass estimate: 2.205 kg (T_phys=21.66N) | solve=5.7ms (max7.7)
[INFO] [1788475907.075832708] [mhe_node]: [truth] m_hat=2.2055 m_true=2.0643 err=+6.84% | c_hat=[+0.0000,+0.0000] c_true=[+0.0000,+0.0000] | Jxx_hat=0.01420 Jxx_true=0.01420 Jyz_hat=+0.00000 Jyz_true=+0.00000 | s_hat=[-0.0076,-0.0093] s_true=[+0.0000,+0.0000] kg·m
[INFO] [1788475907.076355321] [mhe_node]: [tau_phys] roll=-0.084 pitch=+0.067 Nm
[INFO] [1788475907.076945094] [mhe_node]: [mass-diag] m_est=2.2055 T=21.659N tilt=2.14deg cos=0.99930 | T/g=2.2078 T*cos/g=2.2063 | m_est-T*cos/g=-0.0008kg (-0.04%) vz=-0.057
[INFO] [1788475907.077523401] [mhe_node]: [c_xy_est] cx=-0.0035 cy=-0.0042 m
[INFO] [1788475909.074419592] [mhe_node]: MHE mass estimate: 2.206 kg (T_phys=21.60N) | solve=5.9ms (max9.6)
[INFO] [1788475909.075028131] [mhe_node]: [truth] m_hat=2.2064 m_true=2.0643 err=+6.88% | c_hat=[+0.0000,+0.0000] c_true=[+0.0000,+0.0000] | Jxx_hat=0.01420 Jxx_true=0.01420 Jyz_hat=+0.00000 Jyz_true=+0.00000 | s_hat=[-0.0071,-0.0093] s_true=[+0.0000,+0.0000] kg·m
[INFO] [1788475909.075556448] [mhe_node]: [tau_phys] roll=-0.095 pitch=+0.058 Nm
[INFO] [1788475909.076154562] [mhe_node]: [mass-diag] m_est=2.2064 T=21.605N tilt=2.81deg cos=0.99880 | T/g=2.2023 T*cos/g=2.1997 | m_est-T*cos/g=+0.0067kg (+0.31%) vz=-0.073
[INFO] [1788475909.076739233] [mhe_node]: [c_xy_est] cx=-0.0032 cy=-0.0042 m
[INFO] [1788475911.074319099] [mhe_node]: MHE mass estimate: 2.204 kg (T_phys=21.57N) | solve=4.7ms (max6.6)
[INFO] [1788475911.075075867] [mhe_node]: [truth] m_hat=2.2041 m_true=2.0643 err=+6.77% | c_hat=[+0.0000,+0.0000] c_true=[+0.0000,+0.0000] | Jxx_hat=0.01420 Jxx_true=0.01420 Jyz_hat=+0.00000 Jyz_true=+0.00000 | s_hat=[-0.0087,-0.0092] s_true=[+0.0000,+0.0000] kg·m
[INFO] [1788475911.075604845] [mhe_node]: [tau_phys] roll=-0.082 pitch=+0.137 Nm
[INFO] [1788475911.076194058] [mhe_node]: [mass-diag] m_est=2.2041 T=21.569N tilt=3.08deg cos=0.99856 | T/g=2.1987 T*cos/g=2.1955 | m_est-T*cos/g=+0.0086kg (+0.39%) vz=-0.108
[INFO] [1788475911.076776274] [mhe_node]: [c_xy_est] cx=-0.0039 cy=-0.0042 m
[INFO] [1788475913.073249745] [mhe_node]: MHE mass estimate: 2.199 kg (T_phys=21.52N) | solve=4.6ms (max8.7)
[INFO] [1788475913.073656411] [mhe_node]: [truth] m_hat=2.1991 m_true=2.0643 err=+6.53% | c_hat=[+0.0000,+0.0000] c_true=[+0.0000,+0.0000] | Jxx_hat=0.01420 Jxx_true=0.01420 Jyz_hat=+0.00000 Jyz_true=+0.00000 | s_hat=[-0.0107,-0.0094] s_true=[+0.0000,+0.0000] kg·m
[INFO] [1788475913.074021627] [mhe_node]: [tau_phys] roll=-0.092 pitch=+0.131 Nm
[INFO] [1788475913.074428185] [mhe_node]: [mass-diag] m_est=2.1991 T=21.518N tilt=2.07deg cos=0.99935 | T/g=2.1935 T*cos/g=2.1921 | m_est-T*cos/g=+0.0071kg (+0.32%) vz=-0.115
[INFO] [1788475913.074831036] [mhe_node]: [c_xy_est] cx=-0.0047 cy=-0.0043 m
[INFO] [1788475915.074441996] [mhe_node]: MHE mass estimate: 2.201 kg (T_phys=21.67N) | solve=5.4ms (max10.7)
[INFO] [1788475915.075012959] [mhe_node]: [truth] m_hat=2.2006 m_true=2.0643 err=+6.60% | c_hat=[+0.0000,+0.0000] c_true=[+0.0000,+0.0000] | Jxx_hat=0.01420 Jxx_true=0.01420 Jyz_hat=+0.00000 Jyz_true=+0.00000 | s_hat=[-0.0117,-0.0093] s_true=[+0.0000,+0.0000] kg·m
[INFO] [1788475915.075540735] [mhe_node]: [tau_phys] roll=-0.088 pitch=+0.127 Nm
[INFO] [1788475915.076133746] [mhe_node]: [mass-diag] m_est=2.2006 T=21.671N tilt=1.03deg cos=0.99984 | T/g=2.2091 T*cos/g=2.2088 | m_est-T*cos/g=-0.0082kg (-0.37%) vz=-0.123
[INFO] [1788475915.076728065] [mhe_node]: [c_xy_est] cx=-0.0054 cy=-0.0042 m
[INFO] [1788475917.076330243] [mhe_node]: MHE mass estimate: 2.204 kg (T_phys=21.61N) | solve=5.6ms (max8.6)
[INFO] [1788475917.076898854] [mhe_node]: [truth] m_hat=2.2042 m_true=2.0643 err=+6.78% | c_hat=[+0.0000,+0.0000] c_true=[+0.0000,+0.0000] | Jxx_hat=0.01420 Jxx_true=0.01420 Jyz_hat=+0.00000 Jyz_true=+0.00000 | s_hat=[-0.0089,-0.0093] s_true=[+0.0000,+0.0000] kg·m
[INFO] [1788475917.077417770] [mhe_node]: [tau_phys] roll=-0.094 pitch=+0.133 Nm
[INFO] [1788475917.078004847] [mhe_node]: [mass-diag] m_est=2.2042 T=21.615N tilt=1.21deg cos=0.99978 | T/g=2.2033 T*cos/g=2.2029 | m_est-T*cos/g=+0.0013kg (+0.06%) vz=-0.101
[INFO] [1788475917.078583042] [mhe_node]: [c_xy_est] cx=-0.0042 cy=-0.0042 m
[INFO] [1788475919.074311827] [mhe_node]: MHE mass estimate: 2.207 kg (T_phys=21.64N) | solve=4.5ms (max4.6)
[INFO] [1788475919.075011806] [mhe_node]: [truth] m_hat=2.2067 m_true=2.0643 err=+6.90% | c_hat=[+0.0000,+0.0000] c_true=[+0.0000,+0.0000] | Jxx_hat=0.01420 Jxx_true=0.01420 Jyz_hat=+0.00000 Jyz_true=+0.00000 | s_hat=[-0.0077,-0.0097] s_true=[+0.0000,+0.0000] kg·m
[INFO] [1788475919.075531471] [mhe_node]: [tau_phys] roll=-0.099 pitch=+0.007 Nm
[INFO] [1788475919.076114110] [mhe_node]: [mass-diag] m_est=2.2067 T=21.636N tilt=1.99deg cos=0.99940 | T/g=2.2055 T*cos/g=2.2042 | m_est-T*cos/g=+0.0025kg (+0.12%) vz=-0.086
[INFO] [1788475919.076694316] [mhe_node]: [c_xy_est] cx=-0.0035 cy=-0.0044 m
[INFO] [1788475921.076193781] [mhe_node]: MHE mass estimate: 2.210 kg (T_phys=21.74N) | solve=5.5ms (max7.6)
[INFO] [1788475921.076761014] [mhe_node]: [truth] m_hat=2.2095 m_true=2.0643 err=+7.04% | c_hat=[+0.0000,+0.0000] c_true=[+0.0000,+0.0000] | Jxx_hat=0.01420 Jxx_true=0.01420 Jyz_hat=+0.00000 Jyz_true=+0.00000 | s_hat=[-0.0060,-0.0099] s_true=[+0.0000,+0.0000] kg·m
[INFO] [1788475921.077277515] [mhe_node]: [tau_phys] roll=-0.110 pitch=+0.082 Nm
[INFO] [1788475921.077863093] [mhe_node]: [mass-diag] m_est=2.2095 T=21.744N tilt=2.10deg cos=0.99933 | T/g=2.2165 T*cos/g=2.2151 | m_est-T*cos/g=-0.0055kg (-0.25%) vz=-0.060
[INFO] [1788475921.078443505] [mhe_node]: [c_xy_est] cx=-0.0028 cy=-0.0044 m
[INFO] [1788475923.074482267] [mhe_node]: MHE mass estimate: 2.207 kg (T_phys=21.67N) | solve=4.9ms (max5.7)
[INFO] [1788475923.075062379] [mhe_node]: [truth] m_hat=2.2066 m_true=2.0643 err=+6.89% | c_hat=[+0.0000,+0.0000] c_true=[+0.0000,+0.0000] | Jxx_hat=0.01420 Jxx_true=0.01420 Jyz_hat=+0.00000 Jyz_true=+0.00000 | s_hat=[-0.0064,-0.0098] s_true=[+0.0000,+0.0000] kg·m
[INFO] [1788475923.075589459] [mhe_node]: [tau_phys] roll=-0.103 pitch=+0.055 Nm
[INFO] [1788475923.076176917] [mhe_node]: [mass-diag] m_est=2.2066 T=21.672N tilt=2.42deg cos=0.99911 | T/g=2.2092 T*cos/g=2.2072 | m_est-T*cos/g=-0.0006kg (-0.03%) vz=-0.029
[INFO] [1788475923.076761419] [mhe_node]: [c_xy_est] cx=-0.0029 cy=-0.0045 m
[INFO] [1788475925.076424591] [mhe_node]: MHE mass estimate: 2.207 kg (T_phys=21.70N) | solve=4.8ms (max7.7)
[INFO] [1788475925.076994845] [mhe_node]: [truth] m_hat=2.2066 m_true=2.0643 err=+6.90% | c_hat=[+0.0000,+0.0000] c_true=[+0.0000,+0.0000] | Jxx_hat=0.01420 Jxx_true=0.01420 Jyz_hat=+0.00000 Jyz_true=+0.00000 | s_hat=[-0.0078,-0.0096] s_true=[+0.0000,+0.0000] kg·m
[INFO] [1788475925.077513084] [mhe_node]: [tau_phys] roll=-0.100 pitch=+0.067 Nm
[INFO] [1788475925.078098455] [mhe_node]: [mass-diag] m_est=2.2066 T=21.698N tilt=1.40deg cos=0.99970 | T/g=2.2118 T*cos/g=2.2112 | m_est-T*cos/g=-0.0045kg (-0.20%) vz=-0.006
[INFO] [1788475925.078676867] [mhe_node]: [c_xy_est] cx=-0.0035 cy=-0.0044 m
[INFO] [1788475925.869014459] [mhe_node]: [no-signal] mass mutation self-detected at frame 608: T_phys=19.67N vs baseline 21.63N (dev 1.96N > 1.5N over 2 frames, direction=DROP); de-weighting pre-event stages
[INFO] [1788475925.869227628] [mhe_node]: [payload-state] LOADED->EMPTY (drop, m_p=+0.134kg)
[INFO] [1788475925.869407559] [mhe_node]: [c_xy_est] 载荷释放(no-signal residual) → 在线偏心估计归零(重新播种)
[INFO] [1788475925.869682233] [mhe_node]: [no-signal] → 自主释放载荷几何(无外部 drop 信号)
[INFO] [1788475925.870733583] [mhe_node]: event transition started: pre-event stages de-weighted
[INFO] [1788475925.875815629] [mhe_node]: [s-decay] n=1 |s_est|=0.00927 |s_target|=0.00000 |s_out|=0.00806 d_s_out=-0.00397 conf=0.000 present=0 armed=0 latched=1 health=1
[INFO] [1788475925.997659971] [mhe_node]: [s-decay] n=2 |s_est|=0.03709 |s_target|=0.00000 |s_out|=0.00541 d_s_out=-0.00266 conf=0.000 present=0 armed=0 latched=1 health=1
[INFO] [1788475926.098062083] [mhe_node]: [s-decay] n=3 |s_est|=0.00769 |s_target|=0.00000 |s_out|=0.00362 d_s_out=-0.00178 conf=0.000 present=0 armed=0 latched=1 health=1
[INFO] [1788475926.192448348] [mhe_node]: [s-decay] n=4 |s_est|=0.00834 |s_target|=0.00000 |s_out|=0.00243 d_s_out=-0.00119 conf=0.009 present=0 armed=0 latched=1 health=1
[INFO] [1788475926.295390563] [mhe_node]: [s-decay] n=5 |s_est|=0.00191 |s_target|=0.00000 |s_out|=0.00163 d_s_out=-0.00080 conf=0.149 present=0 armed=0 latched=1 health=1
[INFO] [1788475926.395562222] [mhe_node]: [s-decay] n=6 |s_est|=0.00489 |s_target|=0.00000 |s_out|=0.00109 d_s_out=-0.00054 conf=0.377 present=0 armed=0 latched=1 health=1
[INFO] [1788475926.492972311] [mhe_node]: [s-decay] n=7 |s_est|=0.00159 |s_target|=0.00000 |s_out|=0.00073 d_s_out=-0.00036 conf=0.576 present=0 armed=0 latched=1 health=1
[INFO] [1788475926.588472449] [mhe_node]: [s-decay] n=8 |s_est|=0.00252 |s_target|=0.00000 |s_out|=0.00049 d_s_out=-0.00024 conf=0.716 present=0 armed=0 latched=1 health=1
[INFO] [1788475926.694667647] [mhe_node]: [s-decay] n=9 |s_est|=0.00214 |s_target|=0.00000 |s_out|=0.00033 d_s_out=-0.00016 conf=0.810 present=0 armed=0 latched=1 health=1
[INFO] [1788475926.792839932] [mhe_node]: [s-decay] n=10 |s_est|=0.00177 |s_target|=0.00000 |s_out|=0.00022 d_s_out=-0.00011 conf=0.872 present=0 armed=0 latched=1 health=1
[INFO] [1788475926.888283843] [mhe_node]: [s-decay] n=11 |s_est|=0.00199 |s_target|=0.00000 |s_out|=0.00015 d_s_out=-0.00007 conf=0.914 present=0 armed=0 latched=1 health=1
[INFO] [1788475926.991022520] [mhe_node]: [s-decay] n=12 |s_est|=0.00152 |s_target|=0.00000 |s_out|=0.00010 d_s_out=-0.00005 conf=0.943 present=0 armed=0 latched=1 health=1
[INFO] [1788475927.091240418] [mhe_node]: MHE mass estimate: 1.983 kg (T_phys=19.38N) | solve=15.8ms (max28.0)
[INFO] [1788475927.091772792] [mhe_node]: [truth] m_hat=1.9827 m_true=2.0643 err=-3.95% | c_hat=[+0.0000,+0.0000] c_true=[+0.0000,+0.0000] | Jxx_hat=0.01420 Jxx_true=0.01420 Jyz_hat=+0.00000 Jyz_true=+0.00000 | s_hat=[-0.0019,-0.0003] s_true=[+0.0000,+0.0000] kg·m
[INFO] [1788475927.092282770] [mhe_node]: [tau_phys] roll=+0.017 pitch=+0.065 Nm
[INFO] [1788475927.092870460] [mhe_node]: [mass-diag] m_est=1.9827 T=19.384N tilt=1.67deg cos=0.99957 | T/g=1.9760 T*cos/g=1.9751 | m_est-T*cos/g=+0.0076kg (+0.38%) vz=-0.025
[INFO] [1788475927.093446446] [mhe_node]: [c_xy_est] cx=-0.0007 cy=-0.0002 m
[INFO] [1788475927.093830799] [mhe_node]: [s-decay] n=13 |s_est|=0.00192 |s_target|=0.00000 |s_out|=0.00007 d_s_out=-0.00003 conf=0.962 present=0 armed=0 latched=1 health=1
[INFO] [1788475927.195487205] [mhe_node]: [s-decay] n=14 |s_est|=0.00162 |s_target|=0.00000 |s_out|=0.00004 d_s_out=-0.00002 conf=0.974 present=0 armed=0 latched=1 health=1
[INFO] [1788475927.282354792] [mhe_node]: [s-decay] n=15 |s_est|=0.00175 |s_target|=0.00000 |s_out|=0.00003 d_s_out=-0.00001 conf=0.983 present=0 armed=0 latched=1 health=1
[INFO] [1788475927.378587329] [mhe_node]: [s-decay] n=16 |s_est|=0.00167 |s_target|=0.00000 |s_out|=0.00002 d_s_out=-0.00001 conf=0.988 present=0 armed=0 latched=1 health=1
[INFO] [1788475927.490065704] [mhe_node]: [s-decay] n=17 |s_est|=0.00166 |s_target|=0.00000 |s_out|=0.00001 d_s_out=-0.00001 conf=0.992 present=0 armed=0 latched=1 health=1
[INFO] [1788475927.584370121] [mhe_node]: [s-decay] n=18 |s_est|=0.00164 |s_target|=0.00000 |s_out|=0.00001 d_s_out=-0.00000 conf=0.995 present=0 armed=0 latched=1 health=1
[INFO] [1788475927.680691322] [mhe_node]: [s-decay] n=19 |s_est|=0.00159 |s_target|=0.00000 |s_out|=0.00001 d_s_out=-0.00000 conf=0.997 present=0 armed=0 latched=1 health=1
[INFO] [1788475927.769737575] [mhe_node]: event transition ended: nominal weights restored
[INFO] [1788475927.783431859] [mhe_node]: [s-decay] n=20 |s_est|=0.00155 |s_target|=0.00000 |s_out|=0.00000 d_s_out=-0.00000 conf=0.998 present=0 armed=0 latched=1 health=1
[INFO] [1788475927.882757968] [mhe_node]: [s-decay] n=21 |s_est|=0.00155 |s_target|=0.00000 |s_out|=0.00000 d_s_out=-0.00000 conf=0.998 present=0 armed=0 latched=1 health=1
[INFO] [1788475927.980479892] [mhe_node]: [s-decay] n=22 |s_est|=0.00148 |s_target|=0.00000 |s_out|=0.00000 d_s_out=-0.00000 conf=0.999 present=0 armed=0 latched=1 health=1
[INFO] [1788475928.078125321] [mhe_node]: [s-decay] n=23 |s_est|=0.00153 |s_target|=0.00000 |s_out|=0.00000 d_s_out=-0.00000 conf=0.999 present=0 armed=0 latched=1 health=1
[INFO] [1788475928.180260256] [mhe_node]: [s-decay] n=24 |s_est|=0.00137 |s_target|=0.00000 |s_out|=0.00000 d_s_out=-0.00000 conf=1.000 present=0 armed=0 latched=1 health=1
[INFO] [1788475928.276480222] [mhe_node]: [s-decay] n=25 |s_est|=0.00145 |s_target|=0.00000 |s_out|=0.00000 d_s_out=-0.00000 conf=1.000 present=0 armed=0 latched=1 health=1
[INFO] [1788475928.378932503] [mhe_node]: [s-decay] n=26 |s_est|=0.00120 |s_target|=0.00000 |s_out|=0.00000 d_s_out=-0.00000 conf=1.000 present=0 armed=0 latched=1 health=1
[INFO] [1788475928.476403130] [mhe_node]: [s-decay] n=27 |s_est|=0.00137 |s_target|=0.00000 |s_out|=0.00000 d_s_out=-0.00000 conf=1.000 present=0 armed=0 latched=1 health=1
[INFO] [1788475928.578552023] [mhe_node]: [s-decay] n=28 |s_est|=0.00105 |s_target|=0.00000 |s_out|=0.00000 d_s_out=-0.00000 conf=1.000 present=0 armed=0 latched=1 health=1
[INFO] [1788475928.673475966] [mhe_node]: [s-decay] n=29 |s_est|=0.00135 |s_target|=0.00000 |s_out|=0.00000 d_s_out=-0.00000 conf=1.000 present=0 armed=0 latched=1 health=1
[INFO] [1788475928.773305416] [mhe_node]: [s-decay] n=30 |s_est|=0.00104 |s_target|=0.00000 |s_out|=0.00000 d_s_out=-0.00000 conf=1.000 present=0 armed=0 latched=1 health=1
[INFO] [1788475928.877764383] [mhe_node]: [s-decay] n=31 |s_est|=0.00122 |s_target|=0.00000 |s_out|=0.00000 d_s_out=-0.00000 conf=1.000 present=0 armed=0 latched=1 health=1
[INFO] [1788475928.975213696] [mhe_node]: [s-decay] n=32 |s_est|=0.00100 |s_target|=0.00000 |s_out|=0.00000 d_s_out=-0.00000 conf=1.000 present=0 armed=0 latched=1 health=1
[INFO] [1788475929.078445948] [mhe_node]: MHE mass estimate: 2.060 kg (T_phys=20.32N) | solve=10.5ms (max25.5)
[INFO] [1788475929.078996772] [mhe_node]: [truth] m_hat=2.0598 m_true=2.0643 err=-0.22% | c_hat=[+0.0000,+0.0000] c_true=[+0.0000,+0.0000] | Jxx_hat=0.01420 Jxx_true=0.01420 Jyz_hat=+0.00000 Jyz_true=+0.00000 | s_hat=[-0.0011,+0.0004] s_true=[+0.0000,+0.0000] kg·m
[INFO] [1788475929.079517236] [mhe_node]: [tau_phys] roll=+0.003 pitch=+0.010 Nm
[INFO] [1788475929.080116569] [mhe_node]: [mass-diag] m_est=2.0598 T=20.322N tilt=1.99deg cos=0.99940 | T/g=2.0716 T*cos/g=2.0703 | m_est-T*cos/g=-0.0105kg (-0.51%) vz=+0.059
[INFO] [1788475929.080713007] [mhe_node]: [c_xy_est] cx=-0.0004 cy=+0.0002 m
[INFO] [1788475929.081110617] [mhe_node]: [s-decay] n=33 |s_est|=0.00114 |s_target|=0.00000 |s_out|=0.00000 d_s_out=-0.00000 conf=1.000 present=0 armed=0 latched=1 health=1
[INFO] [1788475929.175241473] [mhe_node]: [s-decay] n=34 |s_est|=0.00102 |s_target|=0.00000 |s_out|=0.00000 d_s_out=-0.00000 conf=1.000 present=0 armed=0 latched=1 health=1
[INFO] [1788475929.274815930] [mhe_node]: [s-decay] n=35 |s_est|=0.00108 |s_target|=0.00000 |s_out|=0.00000 d_s_out=-0.00000 conf=1.000 present=0 armed=0 latched=1 health=1
[INFO] [1788475929.374303241] [mhe_node]: [s-decay] n=36 |s_est|=0.00104 |s_target|=0.00000 |s_out|=0.00000 d_s_out=-0.00000 conf=1.000 present=0 armed=0 latched=1 health=1
[INFO] [1788475929.474410271] [mhe_node]: [s-decay] n=37 |s_est|=0.00104 |s_target|=0.00000 |s_out|=0.00000 d_s_out=-0.00000 conf=1.000 present=0 armed=0 latched=1 health=1
[INFO] [1788475929.574407943] [mhe_node]: [s-decay] n=38 |s_est|=0.00103 |s_target|=0.00000 |s_out|=0.00000 d_s_out=-0.00000 conf=1.000 present=0 armed=0 latched=1 health=1
[INFO] [1788475929.674338400] [mhe_node]: [s-decay] n=39 |s_est|=0.00100 |s_target|=0.00000 |s_out|=0.00000 d_s_out=-0.00000 conf=1.000 present=0 armed=0 latched=1 health=1
[INFO] [1788475929.774322937] [mhe_node]: [s-decay] n=40 |s_est|=0.00098 |s_target|=0.00000 |s_out|=0.00000 d_s_out=-0.00000 conf=1.000 present=0 armed=0 latched=1 health=1
[INFO] [1788475929.868932805] [mhe_node]: [no-signal] baseline settled at 20.40N (quiet 20 frames); detector armed
[INFO] [1788475929.874795217] [mhe_node]: [s-decay] n=41 |s_est|=0.00097 |s_target|=0.00000 |s_out|=0.00000 d_s_out=-0.00000 conf=1.000 present=0 armed=0 latched=1 health=1
[INFO] [1788475929.974299483] [mhe_node]: [s-decay] n=42 |s_est|=0.00095 |s_target|=0.00000 |s_out|=0.00000 d_s_out=-0.00000 conf=1.000 present=0 armed=0 latched=1 health=1
[INFO] [1788475930.074368186] [mhe_node]: [s-decay] n=43 |s_est|=0.00095 |s_target|=0.00000 |s_out|=0.00000 d_s_out=-0.00000 conf=1.000 present=0 armed=0 latched=1 health=1
[INFO] [1788475930.172559259] [mhe_node]: [s-decay] n=44 |s_est|=0.00094 |s_target|=0.00000 |s_out|=0.00000 d_s_out=-0.00000 conf=1.000 present=0 armed=0 latched=1 health=1
[INFO] [1788475930.274218762] [mhe_node]: [s-decay] n=45 |s_est|=0.00094 |s_target|=0.00000 |s_out|=0.00000 d_s_out=-0.00000 conf=1.000 present=0 armed=0 latched=1 health=1
[INFO] [1788475930.379351429] [mhe_node]: [s-decay] n=46 |s_est|=0.00094 |s_target|=0.00000 |s_out|=0.00000 d_s_out=-0.00000 conf=1.000 present=0 armed=0 latched=1 health=1
[INFO] [1788475930.474118404] [mhe_node]: [s-decay] n=47 |s_est|=0.00094 |s_target|=0.00000 |s_out|=0.00000 d_s_out=-0.00000 conf=1.000 present=0 armed=0 latched=1 health=1
[INFO] [1788475930.574155309] [mhe_node]: [s-decay] n=48 |s_est|=0.00093 |s_target|=0.00000 |s_out|=0.00000 d_s_out=-0.00000 conf=1.000 present=0 armed=0 latched=1 health=1
[INFO] [1788475930.674163000] [mhe_node]: [s-decay] n=49 |s_est|=0.00092 |s_target|=0.00000 |s_out|=0.00000 d_s_out=-0.00000 conf=1.000 present=0 armed=0 latched=1 health=1
[INFO] [1788475930.774293841] [mhe_node]: [s-decay] n=50 |s_est|=0.00091 |s_target|=0.00000 |s_out|=0.00000 d_s_out=-0.00000 conf=1.000 present=0 armed=0 latched=1 health=1
[INFO] [1788475930.874213054] [mhe_node]: [s-decay] n=51 |s_est|=0.00090 |s_target|=0.00000 |s_out|=0.00000 d_s_out=-0.00000 conf=1.000 present=0 armed=0 latched=1 health=1
[INFO] [1788475930.974188272] [mhe_node]: [s-decay] n=52 |s_est|=0.00090 |s_target|=0.00000 |s_out|=0.00000 d_s_out=-0.00000 conf=1.000 present=0 armed=0 latched=1 health=1
[INFO] [1788475931.075359759] [mhe_node]: MHE mass estimate: 2.061 kg (T_phys=20.27N) | solve=4.9ms (max9.7)
[INFO] [1788475931.075901369] [mhe_node]: [truth] m_hat=2.0606 m_true=2.0643 err=-0.18% | c_hat=[+0.0000,+0.0000] c_true=[+0.0000,+0.0000] | Jxx_hat=0.01420 Jxx_true=0.01420 Jyz_hat=+0.00000 Jyz_true=+0.00000 | s_hat=[-0.0008,+0.0004] s_true=[+0.0000,+0.0000] kg·m
[INFO] [1788475931.076415000] [mhe_node]: [tau_phys] roll=+0.005 pitch=+0.011 Nm
[INFO] [1788475931.077001647] [mhe_node]: [mass-diag] m_est=2.0606 T=20.275N tilt=2.83deg cos=0.99878 | T/g=2.0667 T*cos/g=2.0642 | m_est-T*cos/g=-0.0036kg (-0.17%) vz=+0.086
[INFO] [1788475931.077585747] [mhe_node]: [c_xy_est] cx=-0.0004 cy=+0.0002 m
[INFO] [1788475931.077959232] [mhe_node]: [s-decay] n=53 |s_est|=0.00090 |s_target|=0.00000 |s_out|=0.00000 d_s_out=-0.00000 conf=1.000 present=0 armed=0 latched=1 health=1
[INFO] [1788475931.177186199] [mhe_node]: [s-decay] n=54 |s_est|=0.00091 |s_target|=0.00000 |s_out|=0.00000 d_s_out=-0.00000 conf=1.000 present=0 armed=0 latched=1 health=1
[INFO] [1788475931.274139222] [mhe_node]: [s-decay] n=55 |s_est|=0.00092 |s_target|=0.00000 |s_out|=0.00000 d_s_out=-0.00000 conf=1.000 present=0 armed=0 latched=1 health=1
[INFO] [1788475931.374161799] [mhe_node]: [s-decay] n=56 |s_est|=0.00093 |s_target|=0.00000 |s_out|=0.00000 d_s_out=-0.00000 conf=1.000 present=0 armed=0 latched=1 health=1
[INFO] [1788475931.474243397] [mhe_node]: [s-decay] n=57 |s_est|=0.00093 |s_target|=0.00000 |s_out|=0.00000 d_s_out=-0.00000 conf=1.000 present=0 armed=0 latched=1 health=1
[INFO] [1788475931.576382877] [mhe_node]: [s-decay] n=58 |s_est|=0.00093 |s_target|=0.00000 |s_out|=0.00000 d_s_out=-0.00000 conf=1.000 present=0 armed=0 latched=1 health=1
[INFO] [1788475931.675388472] [mhe_node]: [s-decay] n=59 |s_est|=0.00094 |s_target|=0.00000 |s_out|=0.00000 d_s_out=-0.00000 conf=1.000 present=0 armed=0 latched=1 health=1
[INFO] [1788475931.774161170] [mhe_node]: [s-decay] n=60 |s_est|=0.00094 |s_target|=0.00000 |s_out|=0.00000 d_s_out=-0.00000 conf=1.000 present=0 armed=0 latched=1 health=1
[INFO] [1788475931.874187521] [mhe_node]: [s-decay] n=61 |s_est|=0.00096 |s_target|=0.00000 |s_out|=0.00000 d_s_out=-0.00000 conf=1.000 present=0 armed=0 latched=1 health=1
[INFO] [1788475931.976235400] [mhe_node]: [s-decay] n=62 |s_est|=0.00097 |s_target|=0.00000 |s_out|=0.00000 d_s_out=-0.00000 conf=1.000 present=0 armed=0 latched=1 health=1
[INFO] [1788475932.074183117] [mhe_node]: [s-decay] n=63 |s_est|=0.00098 |s_target|=0.00000 |s_out|=0.00000 d_s_out=-0.00000 conf=1.000 present=0 armed=0 latched=1 health=1
[INFO] [1788475932.174206132] [mhe_node]: [s-decay] n=64 |s_est|=0.00100 |s_target|=0.00000 |s_out|=0.00000 d_s_out=-0.00000 conf=1.000 present=0 armed=0 latched=1 health=1
[INFO] [1788475932.275162503] [mhe_node]: [s-decay] n=65 |s_est|=0.00103 |s_target|=0.00000 |s_out|=0.00000 d_s_out=-0.00000 conf=1.000 present=0 armed=0 latched=1 health=1
[INFO] [1788475932.374118245] [mhe_node]: [s-decay] n=66 |s_est|=0.00107 |s_target|=0.00000 |s_out|=0.00000 d_s_out=-0.00000 conf=1.000 present=0 armed=0 latched=1 health=1
[INFO] [1788475932.474125582] [mhe_node]: [s-decay] n=67 |s_est|=0.00109 |s_target|=0.00000 |s_out|=0.00000 d_s_out=-0.00000 conf=1.000 present=0 armed=0 latched=1 health=1
[INFO] [1788475932.574252511] [mhe_node]: [s-decay] n=68 |s_est|=0.00111 |s_target|=0.00000 |s_out|=0.00000 d_s_out=-0.00000 conf=1.000 present=0 armed=0 latched=1 health=1
[INFO] [1788475932.672566183] [mhe_node]: [s-decay] n=69 |s_est|=0.00114 |s_target|=0.00000 |s_out|=0.00000 d_s_out=-0.00000 conf=1.000 present=0 armed=0 latched=1 health=1
[INFO] [1788475932.772497480] [mhe_node]: [s-decay] n=70 |s_est|=0.00117 |s_target|=0.00000 |s_out|=0.00000 d_s_out=-0.00000 conf=1.000 present=0 armed=0 latched=1 health=1
[INFO] [1788475932.872640812] [mhe_node]: [s-decay] n=71 |s_est|=0.00121 |s_target|=0.00000 |s_out|=0.00000 d_s_out=-0.00000 conf=1.000 present=0 armed=0 latched=1 health=1
[INFO] [1788475932.974145171] [mhe_node]: [s-decay] n=72 |s_est|=0.00125 |s_target|=0.00000 |s_out|=0.00000 d_s_out=-0.00000 conf=1.000 present=0 armed=0 latched=1 health=1
[INFO] [1788475933.074298857] [mhe_node]: MHE mass estimate: 2.060 kg (T_phys=20.27N) | solve=4.8ms (max7.6)
[INFO] [1788475933.074843441] [mhe_node]: [truth] m_hat=2.0595 m_true=2.0643 err=-0.23% | c_hat=[+0.0000,+0.0000] c_true=[+0.0000,+0.0000] | Jxx_hat=0.01420 Jxx_true=0.01420 Jyz_hat=+0.00000 Jyz_true=+0.00000 | s_hat=[-0.0012,+0.0004] s_true=[+0.0000,+0.0000] kg·m
[INFO] [1788475933.075367099] [mhe_node]: [tau_phys] roll=+0.007 pitch=+0.014 Nm
[INFO] [1788475933.075963173] [mhe_node]: [mass-diag] m_est=2.0595 T=20.266N tilt=2.90deg cos=0.99872 | T/g=2.0659 T*cos/g=2.0632 | m_est-T*cos/g=-0.0037kg (-0.18%) vz=+0.089
[INFO] [1788475933.076542739] [mhe_node]: [c_xy_est] cx=-0.0006 cy=+0.0002 m
[INFO] [1788475933.076919493] [mhe_node]: [s-decay] n=73 |s_est|=0.00129 |s_target|=0.00000 |s_out|=0.00000 d_s_out=-0.00000 conf=1.000 present=0 armed=0 latched=1 health=1
[INFO] [1788475933.176190778] [mhe_node]: [s-decay] n=74 |s_est|=0.00133 |s_target|=0.00000 |s_out|=0.00000 d_s_out=-0.00000 conf=1.000 present=0 armed=0 latched=1 health=1
[INFO] [1788475933.274185543] [mhe_node]: [s-decay] n=75 |s_est|=0.00137 |s_target|=0.00000 |s_out|=0.00000 d_s_out=-0.00000 conf=1.000 present=0 armed=0 latched=1 health=1
[INFO] [1788475933.374195513] [mhe_node]: [s-decay] n=76 |s_est|=0.00140 |s_target|=0.00000 |s_out|=0.00000 d_s_out=-0.00000 conf=1.000 present=0 armed=0 latched=1 health=1
[INFO] [1788475933.472537173] [mhe_node]: [s-decay] n=77 |s_est|=0.00143 |s_target|=0.00000 |s_out|=0.00000 d_s_out=-0.00000 conf=1.000 present=0 armed=0 latched=1 health=1
[INFO] [1788475933.572594470] [mhe_node]: [s-decay] n=78 |s_est|=0.00145 |s_target|=0.00000 |s_out|=0.00000 d_s_out=-0.00000 conf=1.000 present=0 armed=0 latched=1 health=1
[INFO] [1788475933.672604977] [mhe_node]: [s-decay] n=79 |s_est|=0.00137 |s_target|=0.00000 |s_out|=0.00000 d_s_out=-0.00000 conf=1.000 present=0 armed=0 latched=1 health=1
[INFO] [1788475933.774174147] [mhe_node]: [s-decay] n=80 |s_est|=0.00130 |s_target|=0.00000 |s_out|=0.00000 d_s_out=-0.00000 conf=1.000 present=0 armed=0 latched=1 health=1
[INFO] [1788475933.872572937] [mhe_node]: [s-decay] n=81 |s_est|=0.00123 |s_target|=0.00000 |s_out|=0.00000 d_s_out=-0.00000 conf=1.000 present=0 armed=0 latched=1 health=1
[INFO] [1788475933.973253040] [mhe_node]: [s-decay] n=82 |s_est|=0.00118 |s_target|=0.00000 |s_out|=0.00000 d_s_out=-0.00000 conf=1.000 present=0 armed=0 latched=1 health=1
[INFO] [1788475934.074232615] [mhe_node]: [s-decay] n=83 |s_est|=0.00114 |s_target|=0.00000 |s_out|=0.00000 d_s_out=-0.00000 conf=1.000 present=0 armed=0 latched=1 health=1
[INFO] [1788475934.173337137] [mhe_node]: [s-decay] n=84 |s_est|=0.00111 |s_target|=0.00000 |s_out|=0.00000 d_s_out=-0.00000 conf=1.000 present=0 armed=0 latched=1 health=1
[INFO] [1788475934.275451938] [mhe_node]: [s-decay] n=85 |s_est|=0.00110 |s_target|=0.00000 |s_out|=0.00000 d_s_out=-0.00000 conf=1.000 present=0 armed=0 latched=1 health=1
[INFO] [1788475934.375491682] [mhe_node]: [s-decay] n=86 |s_est|=0.00110 |s_target|=0.00000 |s_out|=0.00000 d_s_out=-0.00000 conf=1.000 present=0 armed=0 latched=1 health=1
[INFO] [1788475934.477780115] [mhe_node]: [s-decay] n=87 |s_est|=0.00110 |s_target|=0.00000 |s_out|=0.00000 d_s_out=-0.00000 conf=1.000 present=0 armed=0 latched=1 health=1
[INFO] [1788475934.575461652] [mhe_node]: [s-decay] n=88 |s_est|=0.00111 |s_target|=0.00000 |s_out|=0.00000 d_s_out=-0.00000 conf=1.000 present=0 armed=0 latched=1 health=1
[INFO] [1788475934.675469406] [mhe_node]: [s-decay] n=89 |s_est|=0.00114 |s_target|=0.00000 |s_out|=0.00000 d_s_out=-0.00000 conf=1.000 present=0 armed=0 latched=1 health=1
[INFO] [1788475934.773435378] [mhe_node]: [s-decay] n=90 |s_est|=0.00118 |s_target|=0.00000 |s_out|=0.00000 d_s_out=-0.00000 conf=1.000 present=0 armed=0 latched=1 health=1
[INFO] [1788475934.876542084] [mhe_node]: [s-decay] n=91 |s_est|=0.00125 |s_target|=0.00000 |s_out|=0.00000 d_s_out=-0.00000 conf=1.000 present=0 armed=0 latched=1 health=1
[INFO] [1788475934.975394614] [mhe_node]: [s-decay] n=92 |s_est|=0.00132 |s_target|=0.00000 |s_out|=0.00000 d_s_out=-0.00000 conf=1.000 present=0 armed=0 latched=1 health=1
[INFO] [1788475935.082208704] [mhe_node]: MHE mass estimate: 2.057 kg (T_phys=20.24N) | solve=5.2ms (max12.4)
[INFO] [1788475935.082849834] [mhe_node]: [truth] m_hat=2.0572 m_true=2.0643 err=-0.35% | c_hat=[+0.0000,+0.0000] c_true=[+0.0000,+0.0000] | Jxx_hat=0.01420 Jxx_true=0.01420 Jyz_hat=+0.00000 Jyz_true=+0.00000 | s_hat=[-0.0013,+0.0005] s_true=[+0.0000,+0.0000] kg·m
[INFO] [1788475935.083368028] [mhe_node]: [tau_phys] roll=+0.007 pitch=+0.025 Nm
[INFO] [1788475935.083957878] [mhe_node]: [mass-diag] m_est=2.0572 T=20.236N tilt=1.86deg cos=0.99947 | T/g=2.0628 T*cos/g=2.0618 | m_est-T*cos/g=-0.0046kg (-0.22%) vz=+0.120
[INFO] [1788475935.084536876] [mhe_node]: [c_xy_est] cx=-0.0006 cy=+0.0003 m
[INFO] [1788475935.084914154] [mhe_node]: [s-decay] n=93 |s_est|=0.00141 |s_target|=0.00000 |s_out|=0.00000 d_s_out=-0.00000 conf=1.000 present=0 armed=0 latched=1 health=1
[INFO] [1788475935.175453855] [mhe_node]: [s-decay] n=94 |s_est|=0.00151 |s_target|=0.00000 |s_out|=0.00000 d_s_out=-0.00000 conf=1.000 present=0 armed=0 latched=1 health=1
[INFO] [1788475935.275533076] [mhe_node]: [s-decay] n=95 |s_est|=0.00162 |s_target|=0.00000 |s_out|=0.00000 d_s_out=-0.00000 conf=1.000 present=0 armed=0 latched=1 health=1
[INFO] [1788475935.373458023] [mhe_node]: [s-decay] n=96 |s_est|=0.00174 |s_target|=0.00000 |s_out|=0.00000 d_s_out=-0.00000 conf=1.000 present=0 armed=0 latched=1 health=1
[INFO] [1788475935.474750712] [mhe_node]: [s-decay] n=97 |s_est|=0.00186 |s_target|=0.00000 |s_out|=0.00000 d_s_out=-0.00000 conf=1.000 present=0 armed=0 latched=1 health=1
[INFO] [1788475935.574280887] [mhe_node]: [s-decay] n=98 |s_est|=0.00198 |s_target|=0.00000 |s_out|=0.00000 d_s_out=-0.00000 conf=1.000 present=0 armed=0 latched=1 health=1
[INFO] [1788475935.672643251] [mhe_node]: [s-decay] n=99 |s_est|=0.00201 |s_target|=0.00000 |s_out|=0.00000 d_s_out=-0.00000 conf=1.000 present=0 armed=0 latched=1 health=1
[INFO] [1788475935.773194685] [mhe_node]: [s-decay] n=100 |s_est|=0.00203 |s_target|=0.00000 |s_out|=0.00000 d_s_out=-0.00000 conf=1.000 present=0 armed=0 latched=1 health=1
[INFO] [1788475937.074524856] [mhe_node]: MHE mass estimate: 2.058 kg (T_phys=20.20N) | solve=4.6ms (max7.1)
[INFO] [1788475937.075200035] [mhe_node]: [truth] m_hat=2.0579 m_true=2.0643 err=-0.31% | c_hat=[+0.0000,+0.0000] c_true=[+0.0000,+0.0000] | Jxx_hat=0.01420 Jxx_true=0.01420 Jyz_hat=+0.00000 Jyz_true=+0.00000 | s_hat=[-0.0020,+0.0006] s_true=[+0.0000,+0.0000] kg·m
[INFO] [1788475937.075730095] [mhe_node]: [tau_phys] roll=+0.006 pitch=+0.022 Nm
[INFO] [1788475937.076321484] [mhe_node]: [mass-diag] m_est=2.0579 T=20.201N tilt=1.28deg cos=0.99975 | T/g=2.0592 T*cos/g=2.0587 | m_est-T*cos/g=-0.0007kg (-0.04%) vz=+0.121
[INFO] [1788475937.076904563] [mhe_node]: [c_xy_est] cx=-0.0010 cy=+0.0003 m
[INFO] [1788475939.074279547] [mhe_node]: MHE mass estimate: 2.059 kg (T_phys=20.18N) | solve=4.5ms (max6.0)
[INFO] [1788475939.075010520] [mhe_node]: [truth] m_hat=2.0590 m_true=2.0643 err=-0.25% | c_hat=[+0.0000,+0.0000] c_true=[+0.0000,+0.0000] | Jxx_hat=0.01420 Jxx_true=0.01420 Jyz_hat=+0.00000 Jyz_true=+0.00000 | s_hat=[-0.0019,+0.0007] s_true=[+0.0000,+0.0000] kg·m
[INFO] [1788475939.075530633] [mhe_node]: [tau_phys] roll=+0.007 pitch=+0.019 Nm
[INFO] [1788475939.076124219] [mhe_node]: [mass-diag] m_est=2.0590 T=20.180N tilt=0.69deg cos=0.99993 | T/g=2.0571 T*cos/g=2.0570 | m_est-T*cos/g=+0.0021kg (+0.10%) vz=+0.107
[INFO] [1788475939.076713711] [mhe_node]: [c_xy_est] cx=-0.0009 cy=+0.0003 m
[INFO] [1788475941.074364388] [mhe_node]: MHE mass estimate: 2.061 kg (T_phys=20.29N) | solve=6.1ms (max11.1)
[INFO] [1788475941.074912634] [mhe_node]: [truth] m_hat=2.0609 m_true=2.0643 err=-0.17% | c_hat=[+0.0000,+0.0000] c_true=[+0.0000,+0.0000] | Jxx_hat=0.01420 Jxx_true=0.01420 Jyz_hat=+0.00000 Jyz_true=+0.00000 | s_hat=[-0.0015,+0.0004] s_true=[+0.0000,+0.0000] kg·m
[INFO] [1788475941.075437088] [mhe_node]: [tau_phys] roll=+0.004 pitch=+0.011 Nm
[INFO] [1788475941.076033978] [mhe_node]: [mass-diag] m_est=2.0609 T=20.293N tilt=1.85deg cos=0.99948 | T/g=2.0686 T*cos/g=2.0675 | m_est-T*cos/g=-0.0067kg (-0.32%) vz=+0.105
[INFO] [1788475941.076615198] [mhe_node]: [c_xy_est] cx=-0.0008 cy=+0.0002 m
[INFO] [1788475943.072619101] [mhe_node]: MHE mass estimate: 2.058 kg (T_phys=20.22N) | solve=4.2ms (max4.8)
[INFO] [1788475943.073011609] [mhe_node]: [truth] m_hat=2.0576 m_true=2.0643 err=-0.32% | c_hat=[+0.0000,+0.0000] c_true=[+0.0000,+0.0000] | Jxx_hat=0.01420 Jxx_true=0.01420 Jyz_hat=+0.00000 Jyz_true=+0.00000 | s_hat=[-0.0011,+0.0003] s_true=[+0.0000,+0.0000] kg·m
[INFO] [1788475943.073371315] [mhe_node]: [tau_phys] roll=+0.004 pitch=+0.012 Nm
[INFO] [1788475943.073790720] [mhe_node]: [mass-diag] m_est=2.0576 T=20.225N tilt=2.54deg cos=0.99902 | T/g=2.0617 T*cos/g=2.0596 | m_est-T*cos/g=-0.0020kg (-0.10%) vz=+0.064
[INFO] [1788475943.074193403] [mhe_node]: [c_xy_est] cx=-0.0005 cy=+0.0002 m
[INFO] [1788475945.074324085] [mhe_node]: MHE mass estimate: 2.060 kg (T_phys=20.22N) | solve=4.6ms (max6.6)
[INFO] [1788475945.074878976] [mhe_node]: [truth] m_hat=2.0597 m_true=2.0643 err=-0.22% | c_hat=[+0.0000,+0.0000] c_true=[+0.0000,+0.0000] | Jxx_hat=0.01420 Jxx_true=0.01420 Jyz_hat=+0.00000 Jyz_true=+0.00000 | s_hat=[-0.0010,+0.0004] s_true=[+0.0000,+0.0000] kg·m
[INFO] [1788475945.075406660] [mhe_node]: [tau_phys] roll=+0.003 pitch=+0.014 Nm
[INFO] [1788475945.076016829] [mhe_node]: [mass-diag] m_est=2.0597 T=20.215N tilt=2.37deg cos=0.99915 | T/g=2.0607 T*cos/g=2.0589 | m_est-T*cos/g=+0.0008kg (+0.04%) vz=+0.042
[INFO] [1788475945.076616581] [mhe_node]: [c_xy_est] cx=-0.0005 cy=+0.0002 m
[INFO] [1788475947.074522298] [mhe_node]: MHE mass estimate: 2.058 kg (T_phys=20.20N) | solve=4.8ms (max9.2)
[INFO] [1788475947.075068769] [mhe_node]: [truth] m_hat=2.0583 m_true=2.0643 err=-0.29% | c_hat=[+0.0000,+0.0000] c_true=[+0.0000,+0.0000] | Jxx_hat=0.01420 Jxx_true=0.01420 Jyz_hat=+0.00000 Jyz_true=+0.00000 | s_hat=[-0.0014,+0.0004] s_true=[+0.0000,+0.0000] kg·m
[INFO] [1788475947.075591774] [mhe_node]: [tau_phys] roll=+0.003 pitch=+0.013 Nm
[INFO] [1788475947.076186746] [mhe_node]: [mass-diag] m_est=2.0583 T=20.199N tilt=1.86deg cos=0.99948 | T/g=2.0591 T*cos/g=2.0580 | m_est-T*cos/g=+0.0003kg (+0.02%) vz=+0.006
[INFO] [1788475947.076768633] [mhe_node]: [c_xy_est] cx=-0.0007 cy=+0.0002 m
[INFO] [1788475949.074293878] [mhe_node]: MHE mass estimate: 2.059 kg (T_phys=20.17N) | solve=5.6ms (max9.8)
[INFO] [1788475949.074839751] [mhe_node]: [truth] m_hat=2.0593 m_true=2.0643 err=-0.24% | c_hat=[+0.0000,+0.0000] c_true=[+0.0000,+0.0000] | Jxx_hat=0.01420 Jxx_true=0.01420 Jyz_hat=+0.00000 Jyz_true=+0.00000 | s_hat=[-0.0014,+0.0004] s_true=[+0.0000,+0.0000] kg·m
[INFO] [1788475949.075358490] [mhe_node]: [tau_phys] roll=+0.007 pitch=+0.015 Nm
[INFO] [1788475949.075950966] [mhe_node]: [mass-diag] m_est=2.0593 T=20.171N tilt=1.17deg cos=0.99979 | T/g=2.0562 T*cos/g=2.0557 | m_est-T*cos/g=+0.0036kg (+0.18%) vz=-0.026
[INFO] [1788475949.076531399] [mhe_node]: [c_xy_est] cx=-0.0007 cy=+0.0002 m
[INFO] [1788475951.074329520] [mhe_node]: MHE mass estimate: 2.060 kg (T_phys=20.19N) | solve=4.5ms (max5.6)
[INFO] [1788475951.074872458] [mhe_node]: [truth] m_hat=2.0597 m_true=2.0643 err=-0.22% | c_hat=[+0.0000,+0.0000] c_true=[+0.0000,+0.0000] | Jxx_hat=0.01420 Jxx_true=0.01420 Jyz_hat=+0.00000 Jyz_true=+0.00000 | s_hat=[-0.0011,+0.0004] s_true=[+0.0000,+0.0000] kg·m
[INFO] [1788475951.075394325] [mhe_node]: [tau_phys] roll=+0.005 pitch=+0.011 Nm
[INFO] [1788475951.075992388] [mhe_node]: [mass-diag] m_est=2.0597 T=20.193N tilt=1.75deg cos=0.99953 | T/g=2.0584 T*cos/g=2.0575 | m_est-T*cos/g=+0.0022kg (+0.11%) vz=-0.053
[INFO] [1788475951.076575095] [mhe_node]: [c_xy_est] cx=-0.0005 cy=+0.0002 m
[INFO] [1788475953.079523847] [mhe_node]: MHE mass estimate: 2.059 kg (T_phys=20.19N) | solve=5.2ms (max9.8)
[INFO] [1788475953.080068590] [mhe_node]: [truth] m_hat=2.0588 m_true=2.0643 err=-0.26% | c_hat=[+0.0000,+0.0000] c_true=[+0.0000,+0.0000] | Jxx_hat=0.01420 Jxx_true=0.01420 Jyz_hat=+0.00000 Jyz_true=+0.00000 | s_hat=[-0.0011,+0.0003] s_true=[+0.0000,+0.0000] kg·m
[INFO] [1788475953.080591918] [mhe_node]: [tau_phys] roll=+0.003 pitch=+0.012 Nm
[INFO] [1788475953.081186696] [mhe_node]: [mass-diag] m_est=2.0588 T=20.190N tilt=2.89deg cos=0.99873 | T/g=2.0581 T*cos/g=2.0555 | m_est-T*cos/g=+0.0033kg (+0.16%) vz=-0.084
[INFO] [1788475953.081776766] [mhe_node]: [c_xy_est] cx=-0.0005 cy=+0.0001 m
[INFO] [1788475955.074609562] [mhe_node]: MHE mass estimate: 2.057 kg (T_phys=20.25N) | solve=5.9ms (max10.9)
[INFO] [1788475955.075307476] [mhe_node]: [truth] m_hat=2.0572 m_true=2.0643 err=-0.34% | c_hat=[+0.0000,+0.0000] c_true=[+0.0000,+0.0000] | Jxx_hat=0.01420 Jxx_true=0.01420 Jyz_hat=+0.00000 Jyz_true=+0.00000 | s_hat=[-0.0013,+0.0004] s_true=[+0.0000,+0.0000] kg·m
[INFO] [1788475955.075829533] [mhe_node]: [tau_phys] roll=+0.005 pitch=+0.020 Nm
[INFO] [1788475955.076422142] [mhe_node]: [mass-diag] m_est=2.0572 T=20.254N tilt=2.52deg cos=0.99903 | T/g=2.0646 T*cos/g=2.0626 | m_est-T*cos/g=-0.0054kg (-0.26%) vz=-0.110
[INFO] [1788475955.077007108] [mhe_node]: [c_xy_est] cx=-0.0006 cy=+0.0002 m
[INFO] [1788475957.073563816] [mhe_node]: MHE mass estimate: 2.058 kg (T_phys=20.22N) | solve=5.1ms (max8.9)
[INFO] [1788475957.074109863] [mhe_node]: [truth] m_hat=2.0578 m_true=2.0643 err=-0.32% | c_hat=[+0.0000,+0.0000] c_true=[+0.0000,+0.0000] | Jxx_hat=0.01420 Jxx_true=0.01420 Jyz_hat=+0.00000 Jyz_true=+0.00000 | s_hat=[-0.0017,+0.0006] s_true=[+0.0000,+0.0000] kg·m
[INFO] [1788475957.074638614] [mhe_node]: [tau_phys] roll=+0.005 pitch=+0.018 Nm
[INFO] [1788475957.075419482] [mhe_node]: [mass-diag] m_est=2.0578 T=20.216N tilt=2.44deg cos=0.99909 | T/g=2.0607 T*cos/g=2.0589 | m_est-T*cos/g=-0.0011kg (-0.05%) vz=-0.103
[INFO] [1788475957.076009980] [mhe_node]: [c_xy_est] cx=-0.0008 cy=+0.0003 m
[INFO] [1788475959.074611670] [mhe_node]: MHE mass estimate: 2.057 kg (T_phys=20.18N) | solve=5.2ms (max10.2)
[INFO] [1788475959.075163328] [mhe_node]: [truth] m_hat=2.0574 m_true=2.0643 err=-0.33% | c_hat=[+0.0000,+0.0000] c_true=[+0.0000,+0.0000] | Jxx_hat=0.01420 Jxx_true=0.01420 Jyz_hat=+0.00000 Jyz_true=+0.00000 | s_hat=[-0.0017,+0.0005] s_true=[+0.0000,+0.0000] kg·m
[INFO] [1788475959.075684786] [mhe_node]: [tau_phys] roll=+0.004 pitch=+0.017 Nm
[INFO] [1788475959.076275316] [mhe_node]: [mass-diag] m_est=2.0574 T=20.181N tilt=1.58deg cos=0.99962 | T/g=2.0572 T*cos/g=2.0564 | m_est-T*cos/g=+0.0010kg (+0.05%) vz=-0.109
[INFO] [1788475959.076857459] [mhe_node]: [c_xy_est] cx=-0.0008 cy=+0.0003 m
[INFO] [1788475961.074352844] [mhe_node]: MHE mass estimate: 2.059 kg (T_phys=20.23N) | solve=4.9ms (max9.1)
[INFO] [1788475961.074901839] [mhe_node]: [truth] m_hat=2.0591 m_true=2.0643 err=-0.25% | c_hat=[+0.0000,+0.0000] c_true=[+0.0000,+0.0000] | Jxx_hat=0.01420 Jxx_true=0.01420 Jyz_hat=+0.00000 Jyz_true=+0.00000 | s_hat=[-0.0021,+0.0006] s_true=[+0.0000,+0.0000] kg·m
[INFO] [1788475961.075427138] [mhe_node]: [tau_phys] roll=+0.004 pitch=+0.019 Nm
[INFO] [1788475961.076021871] [mhe_node]: [mass-diag] m_est=2.0591 T=20.227N tilt=0.94deg cos=0.99987 | T/g=2.0619 T*cos/g=2.0616 | m_est-T*cos/g=-0.0025kg (-0.12%) vz=-0.098
[INFO] [1788475961.076602903] [mhe_node]: [c_xy_est] cx=-0.0010 cy=+0.0003 m
[INFO] [1788475963.074551638] [mhe_node]: MHE mass estimate: 2.059 kg (T_phys=20.30N) | solve=5.8ms (max12.0)
[INFO] [1788475963.075095176] [mhe_node]: [truth] m_hat=2.0594 m_true=2.0643 err=-0.24% | c_hat=[+0.0000,+0.0000] c_true=[+0.0000,+0.0000] | Jxx_hat=0.01420 Jxx_true=0.01420 Jyz_hat=+0.00000 Jyz_true=+0.00000 | s_hat=[-0.0017,+0.0004] s_true=[+0.0000,+0.0000] kg·m
[INFO] [1788475963.075613614] [mhe_node]: [tau_phys] roll=+0.004 pitch=+0.014 Nm
[INFO] [1788475963.076203973] [mhe_node]: [mass-diag] m_est=2.0594 T=20.299N tilt=1.71deg cos=0.99955 | T/g=2.0692 T*cos/g=2.0683 | m_est-T*cos/g=-0.0088kg (-0.43%) vz=-0.093
[INFO] [1788475963.076787157] [mhe_node]: [c_xy_est] cx=-0.0008 cy=+0.0002 m
[INFO] [1788475965.074312632] [mhe_node]: MHE mass estimate: 2.061 kg (T_phys=20.30N) | solve=5.1ms (max7.8)
[INFO] [1788475965.074864257] [mhe_node]: [truth] m_hat=2.0605 m_true=2.0643 err=-0.18% | c_hat=[+0.0000,+0.0000] c_true=[+0.0000,+0.0000] | Jxx_hat=0.01420 Jxx_true=0.01420 Jyz_hat=+0.00000 Jyz_true=+0.00000 | s_hat=[-0.0011,+0.0003] s_true=[+0.0000,+0.0000] kg·m
[INFO] [1788475965.075389639] [mhe_node]: [tau_phys] roll=+0.002 pitch=+0.009 Nm
[INFO] [1788475965.075998258] [mhe_node]: [mass-diag] m_est=2.0605 T=20.296N tilt=2.64deg cos=0.99894 | T/g=2.0689 T*cos/g=2.0667 | m_est-T*cos/g=-0.0062kg (-0.30%) vz=-0.059
[INFO] [1788475965.076583636] [mhe_node]: [c_xy_est] cx=-0.0005 cy=+0.0002 m
[INFO] [1788475967.074629194] [mhe_node]: MHE mass estimate: 2.058 kg (T_phys=20.18N) | solve=4.5ms (max5.8)
[INFO] [1788475967.075185798] [mhe_node]: [truth] m_hat=2.0583 m_true=2.0643 err=-0.29% | c_hat=[+0.0000,+0.0000] c_true=[+0.0000,+0.0000] | Jxx_hat=0.01420 Jxx_true=0.01420 Jyz_hat=+0.00000 Jyz_true=+0.00000 | s_hat=[-0.0010,+0.0003] s_true=[+0.0000,+0.0000] kg·m
[INFO] [1788475967.075710668] [mhe_node]: [tau_phys] roll=+0.003 pitch=+0.012 Nm
[INFO] [1788475967.076307190] [mhe_node]: [mass-diag] m_est=2.0583 T=20.177N tilt=2.29deg cos=0.99920 | T/g=2.0568 T*cos/g=2.0551 | m_est-T*cos/g=+0.0032kg (+0.16%) vz=-0.053
[INFO] [1788475967.076892692] [mhe_node]: [c_xy_est] cx=-0.0005 cy=+0.0001 m
[INFO] [1788475969.074352911] [mhe_node]: MHE mass estimate: 2.061 kg (T_phys=20.27N) | solve=4.6ms (max6.4)
[INFO] [1788475969.074900721] [mhe_node]: [truth] m_hat=2.0609 m_true=2.0643 err=-0.17% | c_hat=[+0.0000,+0.0000] c_true=[+0.0000,+0.0000] | Jxx_hat=0.01420 Jxx_true=0.01420 Jyz_hat=+0.00000 Jyz_true=+0.00000 | s_hat=[-0.0013,+0.0004] s_true=[+0.0000,+0.0000] kg·m
[INFO] [1788475969.075432692] [mhe_node]: [tau_phys] roll=+0.004 pitch=+0.014 Nm
[INFO] [1788475969.076041520] [mhe_node]: [mass-diag] m_est=2.0609 T=20.272N tilt=1.84deg cos=0.99948 | T/g=2.0665 T*cos/g=2.0654 | m_est-T*cos/g=-0.0046kg (-0.22%) vz=+0.009
[INFO] [1788475969.076625607] [mhe_node]: [c_xy_est] cx=-0.0006 cy=+0.0002 m
[ros2run]: Killed
