[INFO] [1789403012.059990767] [mhe_node]: MHE node starting, building/loading solver... (geom_coupled=True, N=20, m_min=1.961, m_B=2.0643)
Code reuse possible, skipping code generation.
acados was compiled without OpenMP.
[INFO] [1789403012.067156477] [mhe_node]: [prior] geom_coupled=True → 载荷质量信息**完全不生效**(grip_payload_envelope=0.3 是死代码:coupled 档下 _payload_geometry 根本不被调用);模型只吃可测杆臂 r_p + 被估质量,m 的先验仅有 Q0 质量维=0.1 (σ=3.16kg,实质无先验)
[WARN] [1789403012.067640992] [mhe_node]: geom_release_mode='self':估计器不被告知 drop。⚠️ 2026-08-24 实测,**NMPC 侧也设成 'self' 会必然坠机**——drop 后控制器继续按幽灵偏心载荷配平,指令 0.424N·m(tau_max 的 85%)作用在空机 J_xx=0.0142 上 = 29.8 rad/s²,而 MHE 10Hz/2s 窗口要 1~2s 才纠得过来,飞机先翻。**正确组合 = MHE 'self' + NMPC 'event'**(控制器是发释放指令的一方,它知道不构成认知作弊)。
[INFO] [1789403012.069592098] [mhe_node]: [moment-ref] 物理上限由平台包线派生: 0.0390 kg·m = 0.30kg x 0.13m
[INFO] [1789403012.070309522] [mhe_node]: [c_xy_est] 质量域卸载判据已开:先武装(m_p>0.090kg),再判 m_p<0.03kg 持续 20 帧 -> 释放偏心估计
[INFO] [1789403012.070975887] [mhe_node]: [c_xy] 来源 = 一阶质量矩 s/m_T(窗口内估计,**无稳态门控**),替代窗外 EMA —— 机动中也会更新
[INFO] [1789403012.072270312] [mhe_node]: weight schedule theta = [-4.00, 0.00, 0.00, 0.00], signal mode = residual (residual self-trigger: thresh=4.4N persist=2 baseline_tau=3.0s)
[INFO] [1789403012.075750309] [mhe_node]: [release-selfcheck] READY: c_xy_est_enable=1, moment-state ns=2, ratio=0.30; legacy_mass=1, watchdog=3.0s
[INFO] [1789403012.076647187] [mhe_node]: MHE node initialized! tau_source=command (roll/pitch NMPC意图值, yaw NMPC意图值), motor_window_avg=False, geom_release_mode=self. Waiting for odometry + control data...
[INFO] [1789403034.176304409] [mhe_node]: arrival prior seeded: m=2.064 kg (m_nominal prior)
[INFO] [1789403034.176626467] [mhe_node]: [geom] model_geom_on=True (release_mode=self, truth_attached=False) mode=coupled(r_p) -> geom=[ 0.    0.   -0.47] dJ=0.0000 c_xy=[+0.0000,+0.0000] (dJ/c 为按当前 m_est 折算的诊断当量,模型内部随 m 实时生成)
[INFO] [1789403036.082565531] [mhe_node]: MHE mass estimate: 2.057 kg (T_phys=20.15N) | solve=4.4ms (max9.4)
[INFO] [1789403036.082965608] [mhe_node]: [truth] m_hat=2.0573 m_true=2.0643 err=-0.34% | c_hat=[+0.0000,+0.0000] c_true=[+0.0000,+0.0000] | Jxx_hat=0.01420 Jxx_true=0.01420 Jyz_hat=+0.00000 Jyz_true=+0.00000 | s_hat=[-0.0010,-0.0000] s_true=[+0.0000,+0.0000] kg·m
[INFO] [1789403036.083331232] [mhe_node]: [tau_phys] roll=+0.002 pitch=-0.007 Nm
[INFO] [1789403036.083797319] [mhe_node]: [mass-diag] m_est=2.0573 T=20.145N tilt=6.46deg cos=0.99364 | T/g=2.0535 T*cos/g=2.0405 | m_est-T*cos/g=+0.0168kg (+0.82%) vz=+0.059
[INFO] [1789403036.084213719] [mhe_node]: [c_xy_est] cx=-0.0005 cy=-0.0000 m
[INFO] [1789403038.082594645] [mhe_node]: MHE mass estimate: 2.061 kg (T_phys=20.66N) | solve=7.3ms (max16.1)
[INFO] [1789403038.083147777] [mhe_node]: [truth] m_hat=2.0608 m_true=2.0643 err=-0.17% | c_hat=[+0.0000,+0.0000] c_true=[+0.0000,+0.0000] | Jxx_hat=0.01420 Jxx_true=0.01420 Jyz_hat=+0.00000 Jyz_true=+0.00000 | s_hat=[-0.0010,+0.0001] s_true=[+0.0000,+0.0000] kg·m
[INFO] [1789403038.083670773] [mhe_node]: [tau_phys] roll=-0.001 pitch=-0.002 Nm
[INFO] [1789403038.084260155] [mhe_node]: [mass-diag] m_est=2.0608 T=20.660N tilt=2.03deg cos=0.99937 | T/g=2.1060 T*cos/g=2.1047 | m_est-T*cos/g=-0.0439kg (-2.09%) vz=+0.072
[INFO] [1789403038.084905230] [mhe_node]: [c_xy_est] cx=-0.0005 cy=+0.0000 m
[INFO] [1789403040.083814530] [mhe_node]: MHE mass estimate: 2.060 kg (T_phys=20.21N) | solve=5.1ms (max8.2)
[INFO] [1789403040.084364486] [mhe_node]: [truth] m_hat=2.0602 m_true=2.0643 err=-0.20% | c_hat=[+0.0000,+0.0000] c_true=[+0.0000,+0.0000] | Jxx_hat=0.01420 Jxx_true=0.01420 Jyz_hat=+0.00000 Jyz_true=+0.00000 | s_hat=[+0.0000,+0.0000] s_true=[+0.0000,+0.0000] kg·m
[INFO] [1789403040.084895754] [mhe_node]: [tau_phys] roll=-0.002 pitch=-0.001 Nm
[INFO] [1789403040.085495709] [mhe_node]: [mass-diag] m_est=2.0602 T=20.206N tilt=0.22deg cos=0.99999 | T/g=2.0597 T*cos/g=2.0597 | m_est-T*cos/g=+0.0006kg (+0.03%) vz=-0.026
[INFO] [1789403040.086085040] [mhe_node]: [c_xy_est] cx=+0.0000 cy=+0.0000 m
[INFO] [1789403042.081027561] [mhe_node]: MHE mass estimate: 2.053 kg (T_phys=19.34N) | solve=4.0ms (max7.8)
[INFO] [1789403042.081684955] [mhe_node]: [truth] m_hat=2.0528 m_true=2.0643 err=-0.56% | c_hat=[+0.0000,+0.0000] c_true=[+0.0000,+0.0000] | Jxx_hat=0.01420 Jxx_true=0.01420 Jyz_hat=+0.00000 Jyz_true=+0.00000 | s_hat=[-0.0000,+0.0001] s_true=[+0.0000,+0.0000] kg·m
[INFO] [1789403042.082212199] [mhe_node]: [tau_phys] roll=-0.000 pitch=-0.001 Nm
[INFO] [1789403042.082798424] [mhe_node]: [mass-diag] m_est=2.0528 T=19.339N tilt=0.12deg cos=1.00000 | T/g=1.9713 T*cos/g=1.9713 | m_est-T*cos/g=+0.0815kg (+4.13%) vz=-0.652
[INFO] [1789403042.083380889] [mhe_node]: [c_xy_est] cx=-0.0000 cy=+0.0000 m
[INFO] [1789403044.081899679] [mhe_node]: MHE mass estimate: 2.056 kg (T_phys=20.25N) | solve=5.2ms (max11.0)
[INFO] [1789403044.082448283] [mhe_node]: [truth] m_hat=2.0556 m_true=2.0643 err=-0.42% | c_hat=[+0.0000,+0.0000] c_true=[+0.0000,+0.0000] | Jxx_hat=0.01420 Jxx_true=0.01420 Jyz_hat=+0.00000 Jyz_true=+0.00000 | s_hat=[+0.0000,-0.0000] s_true=[+0.0000,+0.0000] kg·m
[INFO] [1789403044.082965895] [mhe_node]: [tau_phys] roll=+0.002 pitch=-0.002 Nm
[INFO] [1789403044.083553224] [mhe_node]: [mass-diag] m_est=2.0556 T=20.252N tilt=0.28deg cos=0.99999 | T/g=2.0645 T*cos/g=2.0644 | m_est-T*cos/g=-0.0088kg (-0.43%) vz=-0.046
[INFO] [1789403044.084136251] [mhe_node]: [c_xy_est] cx=+0.0000 cy=-0.0000 m
[INFO] [1789403046.096460356] [mhe_node]: MHE mass estimate: 1.961 kg (T_phys=19.53N) | solve=11.5ms (max26.7)
[INFO] [1789403046.096998269] [mhe_node]: [truth] m_hat=1.9611 m_true=2.0643 err=-5.00% | c_hat=[+0.0000,+0.0000] c_true=[+0.0000,+0.0000] | Jxx_hat=0.01420 Jxx_true=0.01420 Jyz_hat=+0.00000 Jyz_true=+0.00000 | s_hat=[-0.0077,-0.0025] s_true=[+0.0000,+0.0000] kg·m
[INFO] [1789403046.097522074] [mhe_node]: [tau_phys] roll=-0.062 pitch=-0.163 Nm
[INFO] [1789403046.098107100] [mhe_node]: [mass-diag] m_est=1.9611 T=19.529N tilt=0.65deg cos=0.99994 | T/g=1.9907 T*cos/g=1.9906 | m_est-T*cos/g=-0.0295kg (-1.48%) vz=-0.002
[INFO] [1789403046.098690106] [mhe_node]: [c_xy_est] cx=-0.0040 cy=-0.0011 m
[INFO] [1789403048.098056691] [mhe_node]: MHE mass estimate: 1.961 kg (T_phys=19.79N) | solve=21.9ms (max36.5)
[INFO] [1789403048.098595851] [mhe_node]: [truth] m_hat=1.9611 m_true=2.0643 err=-5.00% | c_hat=[+0.0000,+0.0000] c_true=[+0.0000,+0.0000] | Jxx_hat=0.01420 Jxx_true=0.01420 Jyz_hat=+0.00000 Jyz_true=+0.00000 | s_hat=[+0.0017,-0.0041] s_true=[+0.0000,+0.0000] kg·m
[INFO] [1789403048.099111908] [mhe_node]: [tau_phys] roll=+0.052 pitch=+0.027 Nm
[INFO] [1789403048.099694385] [mhe_node]: [mass-diag] m_est=1.9611 T=19.792N tilt=0.50deg cos=0.99996 | T/g=2.0176 T*cos/g=2.0175 | m_est-T*cos/g=-0.0564kg (-2.80%) vz=-0.010
[INFO] [1789403048.100276068] [mhe_node]: [c_xy_est] cx=+0.0011 cy=-0.0023 m
[INFO] [1789403050.102091596] [mhe_node]: MHE mass estimate: 2.055 kg (T_phys=22.50N) | solve=23.1ms (max34.4)
[INFO] [1789403050.102631068] [mhe_node]: [truth] m_hat=2.0553 m_true=2.0643 err=-0.43% | c_hat=[+0.0000,+0.0000] c_true=[+0.0000,+0.0000] | Jxx_hat=0.01420 Jxx_true=0.01420 Jyz_hat=+0.00000 Jyz_true=+0.00000 | s_hat=[-0.0009,-0.0083] s_true=[+0.0000,+0.0000] kg·m
[INFO] [1789403050.103150039] [mhe_node]: [tau_phys] roll=-0.081 pitch=-0.331 Nm
[INFO] [1789403050.103733061] [mhe_node]: [mass-diag] m_est=2.0553 T=22.500N tilt=0.15deg cos=1.00000 | T/g=2.2936 T*cos/g=2.2936 | m_est-T*cos/g=-0.2383kg (-10.39%) vz=+0.550
[INFO] [1789403050.104316883] [mhe_node]: [c_xy_est] cx=-0.0003 cy=-0.0033 m
[INFO] [1789403052.102439907] [mhe_node]: MHE mass estimate: 1.961 kg (T_phys=20.50N) | solve=20.0ms (max39.0)
[INFO] [1789403052.102975522] [mhe_node]: [truth] m_hat=1.9611 m_true=2.0643 err=-5.00% | c_hat=[+0.0000,+0.0000] c_true=[+0.0000,+0.0000] | Jxx_hat=0.01420 Jxx_true=0.01420 Jyz_hat=+0.00000 Jyz_true=+0.00000 | s_hat=[+0.0030,-0.0069] s_true=[+0.0000,+0.0000] kg·m
[INFO] [1789403052.103502010] [mhe_node]: [tau_phys] roll=-0.133 pitch=+0.449 Nm
[INFO] [1789403052.104087587] [mhe_node]: [mass-diag] m_est=1.9611 T=20.503N tilt=0.49deg cos=0.99996 | T/g=2.0900 T*cos/g=2.0899 | m_est-T*cos/g=-0.1288kg (-6.16%) vz=+1.165
[INFO] [1789403052.104668864] [mhe_node]: [c_xy_est] cx=+0.0007 cy=-0.0035 m
[INFO] [1789403054.091321734] [mhe_node]: MHE mass estimate: 2.185 kg (T_phys=20.73N) | solve=24.1ms (max38.6)
[INFO] [1789403054.091742953] [mhe_node]: [truth] m_hat=2.1849 m_true=2.0643 err=+5.84% | c_hat=[+0.0000,+0.0000] c_true=[+0.0000,+0.0000] | Jxx_hat=0.01420 Jxx_true=0.01420 Jyz_hat=+0.00000 Jyz_true=+0.00000 | s_hat=[-0.0009,-0.0134] s_true=[+0.0000,+0.0000] kg·m
[INFO] [1789403054.092125951] [mhe_node]: [tau_phys] roll=-0.125 pitch=+0.021 Nm
[INFO] [1789403054.092547115] [mhe_node]: [mass-diag] m_est=2.1849 T=20.731N tilt=0.39deg cos=0.99998 | T/g=2.1132 T*cos/g=2.1132 | m_est-T*cos/g=+0.0717kg (+3.39%) vz=+0.890
[INFO] [1789403054.092964226] [mhe_node]: [c_xy_est] cx=-0.0010 cy=-0.0060 m
[INFO] [1789403055.476286359] [mhe_node]: [payload-state] EMPTY->LOADED (sustained m_p evidence, m_p=+0.137kg)
[INFO] [1789403055.576474591] [mhe_node]: [s-collapse] moment 基准未就绪(窗口 2/20, 越界剔除 0) — 暂不判决
[INFO] [1789403056.080864041] [mhe_node]: MHE mass estimate: 2.213 kg (T_phys=21.37N) | solve=5.8ms (max13.6)
[INFO] [1789403056.081440914] [mhe_node]: [truth] m_hat=2.2126 m_true=2.0643 err=+7.18% | c_hat=[+0.0000,+0.0000] c_true=[+0.0000,+0.0000] | Jxx_hat=0.01420 Jxx_true=0.01420 Jyz_hat=+0.00000 Jyz_true=+0.00000 | s_hat=[-0.0017,-0.0150] s_true=[+0.0000,+0.0000] kg·m
[INFO] [1789403056.081959651] [mhe_node]: [tau_phys] roll=-0.134 pitch=+0.016 Nm
[INFO] [1789403056.082553656] [mhe_node]: [mass-diag] m_est=2.2126 T=21.366N tilt=0.20deg cos=0.99999 | T/g=2.1779 T*cos/g=2.1779 | m_est-T*cos/g=+0.0347kg (+1.59%) vz=+0.107
[INFO] [1789403056.083138293] [mhe_node]: [c_xy_est] cx=-0.0008 cy=-0.0067 m
[INFO] [1789403056.576256215] [mhe_node]: [s-collapse] moment 基准未就绪(窗口 12/20, 越界剔除 0) — 暂不判决
[INFO] [1789403057.376169445] [mhe_node]: [c_xy_est] 质量域判据已武装(m_p=0.154kg 连续20帧高于水位)
[INFO] [1789403057.376635197] [mhe_node]: [moment-ref] 基准已建立并冻结: |s_ref|=0.01493 kg·m (窗口 20 帧, 中位 0.01491, 离散 0.01, 方向一致度 1.00, 越界剔除 0 帧) — 此后不再更新
[INFO] [1789403057.476396911] [mhe_node]: [s-collapse] |s|=0.01493 ref=0.01493 peak=0.01513 ovr=0 ratio=1.000 (thr 0.30) moment=0 quantity=0 resid=0 health=1 age=0.10 solve_ok=1 reanch=0 m_p=+0.1527 slow=0/5
[INFO] [1789403058.080754830] [mhe_node]: MHE mass estimate: 2.209 kg (T_phys=21.61N) | solve=3.3ms (max4.6)
[INFO] [1789403058.081322914] [mhe_node]: [truth] m_hat=2.2092 m_true=2.0643 err=+7.02% | c_hat=[+0.0000,+0.0000] c_true=[+0.0000,+0.0000] | Jxx_hat=0.01420 Jxx_true=0.01420 Jyz_hat=+0.00000 Jyz_true=+0.00000 | s_hat=[-0.0018,-0.0148] s_true=[+0.0000,+0.0000] kg·m
[INFO] [1789403058.081840331] [mhe_node]: [tau_phys] roll=-0.144 pitch=+0.027 Nm
[INFO] [1789403058.082426083] [mhe_node]: [mass-diag] m_est=2.2092 T=21.615N tilt=0.15deg cos=1.00000 | T/g=2.2033 T*cos/g=2.2033 | m_est-T*cos/g=+0.0059kg (+0.27%) vz=-0.014
[INFO] [1789403058.083006907] [mhe_node]: [c_xy_est] cx=-0.0008 cy=-0.0067 m
[INFO] [1789403058.476417964] [mhe_node]: [s-collapse] |s|=0.01491 ref=0.01493 peak=0.01513 ovr=0 ratio=0.999 (thr 0.30) moment=0 quantity=0 resid=0 health=1 age=0.10 solve_ok=1 reanch=0 m_p=+0.1442 slow=0/5
[INFO] [1789403059.476402812] [mhe_node]: [s-collapse] |s|=0.01488 ref=0.01493 peak=0.01513 ovr=0 ratio=0.997 (thr 0.30) moment=0 quantity=0 resid=0 health=1 age=0.09 solve_ok=1 reanch=0 m_p=+0.1464 slow=0/5
[INFO] [1789403060.080790387] [mhe_node]: MHE mass estimate: 2.208 kg (T_phys=21.71N) | solve=3.6ms (max4.6)
[INFO] [1789403060.081368667] [mhe_node]: [truth] m_hat=2.2079 m_true=2.0643 err=+6.96% | c_hat=[+0.0000,+0.0000] c_true=[+0.0000,+0.0000] | Jxx_hat=0.01420 Jxx_true=0.01420 Jyz_hat=+0.00000 Jyz_true=+0.00000 | s_hat=[-0.0019,-0.0147] s_true=[+0.0000,+0.0000] kg·m
[INFO] [1789403060.081889197] [mhe_node]: [tau_phys] roll=-0.141 pitch=+0.010 Nm
[INFO] [1789403060.082476112] [mhe_node]: [mass-diag] m_est=2.2079 T=21.708N tilt=0.14deg cos=1.00000 | T/g=2.2128 T*cos/g=2.2128 | m_est-T*cos/g=-0.0050kg (-0.22%) vz=-0.028
[INFO] [1789403060.083056057] [mhe_node]: [c_xy_est] cx=-0.0009 cy=-0.0067 m
[INFO] [1789403060.476356845] [mhe_node]: [s-collapse] |s|=0.01484 ref=0.01493 peak=0.01513 ovr=0 ratio=0.994 (thr 0.30) moment=0 quantity=0 resid=0 health=1 age=0.10 solve_ok=1 reanch=0 m_p=+0.1436 slow=0/5
[INFO] [1789403061.476408861] [mhe_node]: [s-collapse] |s|=0.01496 ref=0.01493 peak=0.01513 ovr=0 ratio=1.002 (thr 0.30) moment=0 quantity=0 resid=0 health=1 age=0.09 solve_ok=1 reanch=0 m_p=+0.1468 slow=0/5
[INFO] [1789403062.087751762] [mhe_node]: MHE mass estimate: 2.203 kg (T_phys=21.68N) | solve=6.8ms (max16.0)
[INFO] [1789403062.088344081] [mhe_node]: [truth] m_hat=2.2026 m_true=2.0643 err=+6.70% | c_hat=[+0.0000,+0.0000] c_true=[+0.0000,+0.0000] | Jxx_hat=0.01420 Jxx_true=0.01420 Jyz_hat=+0.00000 Jyz_true=+0.00000 | s_hat=[-0.0031,-0.0142] s_true=[+0.0000,+0.0000] kg·m
[INFO] [1789403062.088865079] [mhe_node]: [tau_phys] roll=-0.151 pitch=+0.031 Nm
[INFO] [1789403062.089456663] [mhe_node]: [mass-diag] m_est=2.2026 T=21.677N tilt=1.09deg cos=0.99982 | T/g=2.2097 T*cos/g=2.2093 | m_est-T*cos/g=-0.0067kg (-0.30%) vz=+0.001
[INFO] [1789403062.090037740] [mhe_node]: [c_xy_est] cx=-0.0014 cy=-0.0065 m
[INFO] [1789403062.476455074] [mhe_node]: [s-collapse] |s|=0.01459 ref=0.01493 peak=0.01513 ovr=0 ratio=0.977 (thr 0.30) moment=0 quantity=0 resid=0 health=1 age=0.08 solve_ok=1 reanch=0 m_p=+0.1364 slow=0/5
[INFO] [1789403063.476358367] [mhe_node]: [s-collapse] |s|=0.01462 ref=0.01493 peak=0.01513 ovr=0 ratio=0.979 (thr 0.30) moment=0 quantity=0 resid=0 health=1 age=0.09 solve_ok=1 reanch=0 m_p=+0.1340 slow=0/5
[INFO] [1789403063.976503707] [mhe_node]: [c_xy-clamp] 越界剔除 0/300 (0.0%) 上限 0.0390 kg·m clamp=1
[INFO] [1789403064.083653043] [mhe_node]: MHE mass estimate: 2.200 kg (T_phys=21.79N) | solve=8.9ms (max15.3)
[INFO] [1789403064.084217856] [mhe_node]: [truth] m_hat=2.1997 m_true=2.0643 err=+6.56% | c_hat=[+0.0000,+0.0000] c_true=[+0.0000,+0.0000] | Jxx_hat=0.01420 Jxx_true=0.01420 Jyz_hat=+0.00000 Jyz_true=+0.00000 | s_hat=[+0.0022,-0.0147] s_true=[+0.0000,+0.0000] kg·m
[INFO] [1789403064.084735867] [mhe_node]: [tau_phys] roll=-0.136 pitch=+0.016 Nm
[INFO] [1789403064.085326735] [mhe_node]: [mass-diag] m_est=2.1997 T=21.788N tilt=4.80deg cos=0.99650 | T/g=2.2210 T*cos/g=2.2132 | m_est-T*cos/g=-0.0135kg (-0.61%) vz=+0.058
[INFO] [1789403064.085910356] [mhe_node]: [c_xy_est] cx=+0.0010 cy=-0.0067 m
[INFO] [1789403064.476576891] [mhe_node]: [s-collapse] |s|=0.01481 ref=0.01493 peak=0.01513 ovr=0 ratio=0.991 (thr 0.30) moment=0 quantity=0 resid=0 health=1 age=0.09 solve_ok=1 reanch=0 m_p=+0.1364 slow=0/5
[INFO] [1789403065.476442661] [mhe_node]: [s-collapse] |s|=0.01452 ref=0.01493 peak=0.01513 ovr=0 ratio=0.972 (thr 0.30) moment=0 quantity=0 resid=0 health=1 age=0.09 solve_ok=1 reanch=0 m_p=+0.1322 slow=0/5
[INFO] [1789403066.082776619] [mhe_node]: MHE mass estimate: 2.192 kg (T_phys=21.57N) | solve=5.4ms (max9.6)
[INFO] [1789403066.083350017] [mhe_node]: [truth] m_hat=2.1925 m_true=2.0643 err=+6.21% | c_hat=[+0.0000,+0.0000] c_true=[+0.0000,+0.0000] | Jxx_hat=0.01420 Jxx_true=0.01420 Jyz_hat=+0.00000 Jyz_true=+0.00000 | s_hat=[+0.0023,-0.0146] s_true=[+0.0000,+0.0000] kg·m
[INFO] [1789403066.083870226] [mhe_node]: [tau_phys] roll=-0.141 pitch=+0.029 Nm
[INFO] [1789403066.084495154] [mhe_node]: [mass-diag] m_est=2.1925 T=21.569N tilt=3.02deg cos=0.99861 | T/g=2.1987 T*cos/g=2.1957 | m_est-T*cos/g=-0.0032kg (-0.15%) vz=+0.127
[INFO] [1789403066.085082543] [mhe_node]: [c_xy_est] cx=+0.0010 cy=-0.0067 m
[INFO] [1789403066.476421875] [mhe_node]: [s-collapse] |s|=0.01488 ref=0.01493 peak=0.01513 ovr=0 ratio=0.996 (thr 0.30) moment=0 quantity=0 resid=0 health=1 age=0.09 solve_ok=1 reanch=0 m_p=+0.1277 slow=0/5
[INFO] [1789403067.476508333] [mhe_node]: [s-collapse] |s|=0.01510 ref=0.01493 peak=0.01513 ovr=0 ratio=1.011 (thr 0.30) moment=0 quantity=0 resid=0 health=1 age=0.09 solve_ok=1 reanch=0 m_p=+0.1295 slow=0/5
[INFO] [1789403068.082726387] [mhe_node]: MHE mass estimate: 2.196 kg (T_phys=21.64N) | solve=5.7ms (max10.6)
[INFO] [1789403068.083411626] [mhe_node]: [truth] m_hat=2.1958 m_true=2.0643 err=+6.37% | c_hat=[+0.0000,+0.0000] c_true=[+0.0000,+0.0000] | Jxx_hat=0.01420 Jxx_true=0.01420 Jyz_hat=+0.00000 Jyz_true=+0.00000 | s_hat=[-0.0008,-0.0155] s_true=[+0.0000,+0.0000] kg·m
[INFO] [1789403068.083932256] [mhe_node]: [tau_phys] roll=-0.162 pitch=+0.028 Nm
[INFO] [1789403068.084515236] [mhe_node]: [mass-diag] m_est=2.1958 T=21.644N tilt=4.32deg cos=0.99716 | T/g=2.2063 T*cos/g=2.2000 | m_est-T*cos/g=-0.0042kg (-0.19%) vz=+0.119
[INFO] [1789403068.085094589] [mhe_node]: [c_xy_est] cx=-0.0003 cy=-0.0071 m
[INFO] [1789403068.476375989] [mhe_node]: [s-collapse] |s|=0.01577 ref=0.01493 peak=0.01577 ovr=0 ratio=1.056 (thr 0.30) moment=0 quantity=0 resid=0 health=1 age=0.09 solve_ok=1 reanch=0 m_p=+0.1334 slow=0/5
[INFO] [1789403069.476449352] [mhe_node]: [s-collapse] |s|=0.01644 ref=0.01493 peak=0.01644 ovr=0 ratio=1.101 (thr 0.30) moment=0 quantity=0 resid=0 health=1 age=0.09 solve_ok=1 reanch=0 m_p=+0.1360 slow=0/5
[INFO] [1789403070.084741208] [mhe_node]: MHE mass estimate: 2.204 kg (T_phys=21.63N) | solve=6.6ms (max9.7)
[INFO] [1789403070.085309318] [mhe_node]: [truth] m_hat=2.2037 m_true=2.0643 err=+6.75% | c_hat=[+0.0000,+0.0000] c_true=[+0.0000,+0.0000] | Jxx_hat=0.01420 Jxx_true=0.01420 Jyz_hat=+0.00000 Jyz_true=+0.00000 | s_hat=[-0.0003,-0.0164] s_true=[+0.0000,+0.0000] kg·m
[INFO] [1789403070.085834671] [mhe_node]: [tau_phys] roll=-0.151 pitch=+0.045 Nm
[INFO] [1789403070.086428528] [mhe_node]: [mass-diag] m_est=2.2037 T=21.625N tilt=3.54deg cos=0.99809 | T/g=2.2044 T*cos/g=2.2002 | m_est-T*cos/g=+0.0035kg (+0.16%) vz=+0.039
[INFO] [1789403070.087005089] [mhe_node]: [c_xy_est] cx=-0.0002 cy=-0.0075 m
[INFO] [1789403070.476387929] [mhe_node]: [s-collapse] |s|=0.01603 ref=0.01493 peak=0.01652 ovr=0 ratio=1.073 (thr 0.30) moment=0 quantity=0 resid=0 health=1 age=0.09 solve_ok=1 reanch=0 m_p=+0.1407 slow=0/5
[INFO] [1789403071.476431652] [mhe_node]: [s-collapse] |s|=0.01463 ref=0.01493 peak=0.01652 ovr=0 ratio=0.979 (thr 0.30) moment=0 quantity=0 resid=0 health=1 age=0.09 solve_ok=1 reanch=0 m_p=+0.1388 slow=0/5
[INFO] [1789403072.081715589] [mhe_node]: MHE mass estimate: 2.203 kg (T_phys=21.61N) | solve=5.4ms (max10.8)
[INFO] [1789403072.082281701] [mhe_node]: [truth] m_hat=2.2027 m_true=2.0643 err=+6.71% | c_hat=[+0.0000,+0.0000] c_true=[+0.0000,+0.0000] | Jxx_hat=0.01420 Jxx_true=0.01420 Jyz_hat=+0.00000 Jyz_true=+0.00000 | s_hat=[-0.0006,-0.0143] s_true=[+0.0000,+0.0000] kg·m
[INFO] [1789403072.082796020] [mhe_node]: [tau_phys] roll=-0.145 pitch=+0.063 Nm
[INFO] [1789403072.083378645] [mhe_node]: [mass-diag] m_est=2.2027 T=21.614N tilt=1.57deg cos=0.99962 | T/g=2.2033 T*cos/g=2.2024 | m_est-T*cos/g=+0.0003kg (+0.01%) vz=-0.010
[INFO] [1789403072.083955582] [mhe_node]: [c_xy_est] cx=-0.0003 cy=-0.0065 m
[INFO] [1789403072.476380203] [mhe_node]: [s-collapse] |s|=0.01445 ref=0.01493 peak=0.01652 ovr=0 ratio=0.967 (thr 0.30) moment=0 quantity=0 resid=0 health=1 age=0.09 solve_ok=1 reanch=0 m_p=+0.1390 slow=0/5
[INFO] [1789403073.476425323] [mhe_node]: [s-collapse] |s|=0.01451 ref=0.01493 peak=0.01652 ovr=0 ratio=0.972 (thr 0.30) moment=0 quantity=0 resid=0 health=1 age=0.09 solve_ok=1 reanch=0 m_p=+0.1391 slow=0/5
[INFO] [1789403074.081707551] [mhe_node]: MHE mass estimate: 2.203 kg (T_phys=21.65N) | solve=4.4ms (max5.6)
[INFO] [1789403074.082296114] [mhe_node]: [truth] m_hat=2.2034 m_true=2.0643 err=+6.74% | c_hat=[+0.0000,+0.0000] c_true=[+0.0000,+0.0000] | Jxx_hat=0.01420 Jxx_true=0.01420 Jyz_hat=+0.00000 Jyz_true=+0.00000 | s_hat=[-0.0009,-0.0146] s_true=[+0.0000,+0.0000] kg·m
[INFO] [1789403074.082834335] [mhe_node]: [tau_phys] roll=-0.149 pitch=+0.030 Nm
[INFO] [1789403074.083425415] [mhe_node]: [mass-diag] m_est=2.2034 T=21.650N tilt=1.57deg cos=0.99962 | T/g=2.2069 T*cos/g=2.2061 | m_est-T*cos/g=-0.0027kg (-0.12%) vz=-0.039
[INFO] [1789403074.084004861] [mhe_node]: [c_xy_est] cx=-0.0004 cy=-0.0066 m
[INFO] [1789403074.476533049] [mhe_node]: [s-collapse] |s|=0.01477 ref=0.01493 peak=0.01652 ovr=0 ratio=0.989 (thr 0.30) moment=0 quantity=0 resid=0 health=1 age=0.09 solve_ok=1 reanch=0 m_p=+0.1404 slow=0/5
[INFO] [1789403075.476433531] [mhe_node]: [s-collapse] |s|=0.01489 ref=0.01493 peak=0.01652 ovr=0 ratio=0.997 (thr 0.30) moment=0 quantity=0 resid=0 health=1 age=0.09 solve_ok=1 reanch=0 m_p=+0.1424 slow=0/5
[INFO] [1789403076.082626839] [mhe_node]: MHE mass estimate: 2.207 kg (T_phys=21.65N) | solve=5.1ms (max6.6)
[INFO] [1789403076.083197742] [mhe_node]: [truth] m_hat=2.2070 m_true=2.0643 err=+6.91% | c_hat=[+0.0000,+0.0000] c_true=[+0.0000,+0.0000] | Jxx_hat=0.01420 Jxx_true=0.01420 Jyz_hat=+0.00000 Jyz_true=+0.00000 | s_hat=[-0.0008,-0.0151] s_true=[+0.0000,+0.0000] kg·m
[INFO] [1789403076.083722340] [mhe_node]: [tau_phys] roll=-0.148 pitch=+0.017 Nm
[INFO] [1789403076.084315425] [mhe_node]: [mass-diag] m_est=2.2070 T=21.654N tilt=2.36deg cos=0.99915 | T/g=2.2073 T*cos/g=2.2055 | m_est-T*cos/g=+0.0015kg (+0.07%) vz=-0.060
[INFO] [1789403076.084901477] [mhe_node]: [c_xy_est] cx=-0.0004 cy=-0.0068 m
[INFO] [1789403076.476389003] [mhe_node]: [s-collapse] |s|=0.01534 ref=0.01493 peak=0.01652 ovr=0 ratio=1.027 (thr 0.30) moment=0 quantity=0 resid=0 health=1 age=0.09 solve_ok=1 reanch=0 m_p=+0.1432 slow=0/5
[INFO] [1789403077.476440801] [mhe_node]: [s-collapse] |s|=0.01553 ref=0.01493 peak=0.01652 ovr=0 ratio=1.040 (thr 0.30) moment=0 quantity=0 resid=0 health=1 age=0.09 solve_ok=1 reanch=0 m_p=+0.1432 slow=0/5
[INFO] [1789403078.082729294] [mhe_node]: MHE mass estimate: 2.206 kg (T_phys=21.61N) | solve=6.5ms (max8.7)
[INFO] [1789403078.083301672] [mhe_node]: [truth] m_hat=2.2065 m_true=2.0643 err=+6.89% | c_hat=[+0.0000,+0.0000] c_true=[+0.0000,+0.0000] | Jxx_hat=0.01420 Jxx_true=0.01420 Jyz_hat=+0.00000 Jyz_true=+0.00000 | s_hat=[+0.0001,-0.0155] s_true=[+0.0000,+0.0000] kg·m
[INFO] [1789403078.083828248] [mhe_node]: [tau_phys] roll=-0.135 pitch=+0.053 Nm
[INFO] [1789403078.084424189] [mhe_node]: [mass-diag] m_est=2.2065 T=21.611N tilt=2.69deg cos=0.99890 | T/g=2.2029 T*cos/g=2.2005 | m_est-T*cos/g=+0.0059kg (+0.27%) vz=-0.092
[INFO] [1789403078.085013125] [mhe_node]: [c_xy_est] cx=+0.0000 cy=-0.0070 m
[INFO] [1789403078.476448397] [mhe_node]: [s-collapse] |s|=0.01541 ref=0.01493 peak=0.01652 ovr=0 ratio=1.032 (thr 0.30) moment=0 quantity=0 resid=0 health=1 age=0.09 solve_ok=1 reanch=0 m_p=+0.1418 slow=0/5
[INFO] [1789403079.476451510] [mhe_node]: [s-collapse] |s|=0.01508 ref=0.01493 peak=0.01652 ovr=0 ratio=1.010 (thr 0.30) moment=0 quantity=0 resid=0 health=1 age=0.09 solve_ok=1 reanch=0 m_p=+0.1382 slow=0/5
[INFO] [1789403080.081772752] [mhe_node]: MHE mass estimate: 2.203 kg (T_phys=21.60N) | solve=5.3ms (max8.8)
[INFO] [1789403080.082349912] [mhe_node]: [truth] m_hat=2.2025 m_true=2.0643 err=+6.70% | c_hat=[+0.0000,+0.0000] c_true=[+0.0000,+0.0000] | Jxx_hat=0.01420 Jxx_true=0.01420 Jyz_hat=+0.00000 Jyz_true=+0.00000 | s_hat=[+0.0005,-0.0149] s_true=[+0.0000,+0.0000] kg·m
[INFO] [1789403080.082884379] [mhe_node]: [tau_phys] roll=-0.142 pitch=+0.080 Nm
[INFO] [1789403080.083562994] [mhe_node]: [mass-diag] m_est=2.2025 T=21.602N tilt=2.82deg cos=0.99879 | T/g=2.2021 T*cos/g=2.1994 | m_est-T*cos/g=+0.0031kg (+0.14%) vz=-0.117
[INFO] [1789403080.084145148] [mhe_node]: [c_xy_est] cx=+0.0002 cy=-0.0068 m
[INFO] [1789403080.476463804] [mhe_node]: [s-collapse] |s|=0.01473 ref=0.01493 peak=0.01652 ovr=0 ratio=0.986 (thr 0.30) moment=0 quantity=0 resid=0 health=1 age=0.09 solve_ok=1 reanch=0 m_p=+0.1387 slow=0/5
[INFO] [1789403081.476452916] [mhe_node]: [s-collapse] |s|=0.01456 ref=0.01493 peak=0.01652 ovr=0 ratio=0.975 (thr 0.30) moment=0 quantity=0 resid=0 health=1 age=0.09 solve_ok=1 reanch=0 m_p=+0.1372 slow=0/5
[INFO] [1789403082.082655638] [mhe_node]: MHE mass estimate: 2.200 kg (T_phys=21.64N) | solve=4.7ms (max6.7)
[INFO] [1789403082.083223948] [mhe_node]: [truth] m_hat=2.1998 m_true=2.0643 err=+6.56% | c_hat=[+0.0000,+0.0000] c_true=[+0.0000,+0.0000] | Jxx_hat=0.01420 Jxx_true=0.01420 Jyz_hat=+0.00000 Jyz_true=+0.00000 | s_hat=[+0.0003,-0.0142] s_true=[+0.0000,+0.0000] kg·m
[INFO] [1789403082.083740818] [mhe_node]: [tau_phys] roll=-0.145 pitch=+0.056 Nm
[INFO] [1789403082.084327152] [mhe_node]: [mass-diag] m_est=2.1998 T=21.643N tilt=2.42deg cos=0.99911 | T/g=2.2062 T*cos/g=2.2042 | m_est-T*cos/g=-0.0044kg (-0.20%) vz=-0.122
[INFO] [1789403082.084904659] [mhe_node]: [c_xy_est] cx=+0.0002 cy=-0.0065 m
[INFO] [1789403082.476379061] [mhe_node]: [s-collapse] |s|=0.01414 ref=0.01493 peak=0.01652 ovr=0 ratio=0.947 (thr 0.30) moment=0 quantity=0 resid=0 health=1 age=0.09 solve_ok=1 reanch=0 m_p=+0.1362 slow=0/5
[INFO] [1789403083.476412609] [mhe_node]: [s-collapse] |s|=0.01405 ref=0.01493 peak=0.01652 ovr=0 ratio=0.941 (thr 0.30) moment=0 quantity=0 resid=0 health=1 age=0.09 solve_ok=1 reanch=0 m_p=+0.1389 slow=0/5
[INFO] [1789403084.081700194] [mhe_node]: MHE mass estimate: 2.201 kg (T_phys=21.54N) | solve=4.9ms (max6.6)
[INFO] [1789403084.082275137] [mhe_node]: [truth] m_hat=2.2014 m_true=2.0643 err=+6.64% | c_hat=[+0.0000,+0.0000] c_true=[+0.0000,+0.0000] | Jxx_hat=0.01420 Jxx_true=0.01420 Jyz_hat=+0.00000 Jyz_true=+0.00000 | s_hat=[-0.0015,-0.0138] s_true=[+0.0000,+0.0000] kg·m
[INFO] [1789403084.082799846] [mhe_node]: [tau_phys] roll=-0.146 pitch=+0.131 Nm
[INFO] [1789403084.083394324] [mhe_node]: [mass-diag] m_est=2.2014 T=21.535N tilt=0.70deg cos=0.99993 | T/g=2.1952 T*cos/g=2.1951 | m_est-T*cos/g=+0.0063kg (+0.29%) vz=-0.121
[INFO] [1789403084.083978716] [mhe_node]: [c_xy_est] cx=-0.0007 cy=-0.0063 m
[INFO] [1789403084.476409400] [mhe_node]: [s-collapse] |s|=0.01396 ref=0.01493 peak=0.01652 ovr=0 ratio=0.935 (thr 0.30) moment=0 quantity=0 resid=0 health=1 age=0.09 solve_ok=1 reanch=0 m_p=+0.1362 slow=0/5
[INFO] [1789403085.476466080] [mhe_node]: [s-collapse] |s|=0.01409 ref=0.01493 peak=0.01652 ovr=0 ratio=0.944 (thr 0.30) moment=0 quantity=0 resid=0 health=1 age=0.09 solve_ok=1 reanch=0 m_p=+0.1389 slow=0/5
[INFO] [1789403086.081714495] [mhe_node]: MHE mass estimate: 2.203 kg (T_phys=21.66N) | solve=5.1ms (max9.7)
[INFO] [1789403086.082419372] [mhe_node]: [truth] m_hat=2.2032 m_true=2.0643 err=+6.73% | c_hat=[+0.0000,+0.0000] c_true=[+0.0000,+0.0000] | Jxx_hat=0.01420 Jxx_true=0.01420 Jyz_hat=+0.00000 Jyz_true=+0.00000 | s_hat=[-0.0037,-0.0138] s_true=[+0.0000,+0.0000] kg·m
[INFO] [1789403086.082953117] [mhe_node]: [tau_phys] roll=-0.134 pitch=+0.075 Nm
[INFO] [1789403086.083559678] [mhe_node]: [mass-diag] m_est=2.2032 T=21.659N tilt=0.92deg cos=0.99987 | T/g=2.2079 T*cos/g=2.2076 | m_est-T*cos/g=-0.0044kg (-0.20%) vz=-0.126
[INFO] [1789403086.084141301] [mhe_node]: [c_xy_est] cx=-0.0017 cy=-0.0063 m
[INFO] [1789403086.476468397] [mhe_node]: [s-collapse] |s|=0.01442 ref=0.01493 peak=0.01652 ovr=0 ratio=0.965 (thr 0.30) moment=0 quantity=0 resid=0 health=1 age=0.10 solve_ok=1 reanch=0 m_p=+0.1392 slow=0/5
[INFO] [1789403087.476415277] [mhe_node]: [s-collapse] |s|=0.01403 ref=0.01493 peak=0.01652 ovr=0 ratio=0.939 (thr 0.30) moment=0 quantity=0 resid=0 health=1 age=0.09 solve_ok=1 reanch=0 m_p=+0.1424 slow=0/5
[INFO] [1789403088.080093520] [mhe_node]: MHE mass estimate: 2.207 kg (T_phys=21.65N) | solve=4.3ms (max5.5)
[INFO] [1789403088.080515911] [mhe_node]: [truth] m_hat=2.2071 m_true=2.0643 err=+6.92% | c_hat=[+0.0000,+0.0000] c_true=[+0.0000,+0.0000] | Jxx_hat=0.01420 Jxx_true=0.01420 Jyz_hat=+0.00000 Jyz_true=+0.00000 | s_hat=[-0.0027,-0.0135] s_true=[+0.0000,+0.0000] kg·m
[INFO] [1789403088.080885220] [mhe_node]: [tau_phys] roll=-0.132 pitch=+0.036 Nm
[INFO] [1789403088.081314846] [mhe_node]: [mass-diag] m_est=2.2071 T=21.650N tilt=1.96deg cos=0.99941 | T/g=2.2069 T*cos/g=2.2056 | m_est-T*cos/g=+0.0014kg (+0.07%) vz=-0.090
[INFO] [1789403088.081720374] [mhe_node]: [c_xy_est] cx=-0.0013 cy=-0.0061 m
[INFO] [1789403088.476371620] [mhe_node]: [s-collapse] |s|=0.01375 ref=0.01493 peak=0.01652 ovr=0 ratio=0.921 (thr 0.30) moment=0 quantity=0 resid=0 health=1 age=0.09 solve_ok=1 reanch=0 m_p=+0.1421 slow=0/5
[INFO] [1789403089.476388384] [mhe_node]: [s-collapse] |s|=0.01391 ref=0.01493 peak=0.01652 ovr=0 ratio=0.932 (thr 0.30) moment=0 quantity=0 resid=0 health=1 age=0.09 solve_ok=1 reanch=0 m_p=+0.1415 slow=0/5
[INFO] [1789403090.082649740] [mhe_node]: MHE mass estimate: 2.207 kg (T_phys=21.68N) | solve=5.9ms (max7.7)
[INFO] [1789403090.083231161] [mhe_node]: [truth] m_hat=2.2072 m_true=2.0643 err=+6.92% | c_hat=[+0.0000,+0.0000] c_true=[+0.0000,+0.0000] | Jxx_hat=0.01420 Jxx_true=0.01420 Jyz_hat=+0.00000 Jyz_true=+0.00000 | s_hat=[-0.0037,-0.0133] s_true=[+0.0000,+0.0000] kg·m
[INFO] [1789403090.083770382] [mhe_node]: [tau_phys] roll=-0.132 pitch=-0.017 Nm
[INFO] [1789403090.084374203] [mhe_node]: [mass-diag] m_est=2.2072 T=21.683N tilt=2.61deg cos=0.99896 | T/g=2.2103 T*cos/g=2.2080 | m_est-T*cos/g=-0.0008kg (-0.04%) vz=-0.067
[INFO] [1789403090.084956576] [mhe_node]: [c_xy_est] cx=-0.0018 cy=-0.0061 m
[INFO] [1789403090.476383166] [mhe_node]: [s-collapse] |s|=0.01373 ref=0.01493 peak=0.01652 ovr=0 ratio=0.919 (thr 0.30) moment=0 quantity=0 resid=0 health=1 age=0.09 solve_ok=1 reanch=0 m_p=+0.1426 slow=0/5
[INFO] [1789403091.476456483] [mhe_node]: [s-collapse] |s|=0.01368 ref=0.01493 peak=0.01652 ovr=0 ratio=0.916 (thr 0.30) moment=0 quantity=0 resid=0 health=1 age=0.09 solve_ok=1 reanch=0 m_p=+0.1427 slow=0/5
[INFO] [1789403092.082627346] [mhe_node]: MHE mass estimate: 2.206 kg (T_phys=21.62N) | solve=5.7ms (max8.7)
[INFO] [1789403092.083192258] [mhe_node]: [truth] m_hat=2.2059 m_true=2.0643 err=+6.86% | c_hat=[+0.0000,+0.0000] c_true=[+0.0000,+0.0000] | Jxx_hat=0.01420 Jxx_true=0.01420 Jyz_hat=+0.00000 Jyz_true=+0.00000 | s_hat=[-0.0020,-0.0133] s_true=[+0.0000,+0.0000] kg·m
[INFO] [1789403092.083716407] [mhe_node]: [tau_phys] roll=-0.139 pitch=-0.194 Nm
[INFO] [1789403092.084312832] [mhe_node]: [mass-diag] m_est=2.2059 T=21.617N tilt=2.47deg cos=0.99907 | T/g=2.2036 T*cos/g=2.2015 | m_est-T*cos/g=+0.0044kg (+0.20%) vz=-0.023
[INFO] [1789403092.084909083] [mhe_node]: [c_xy_est] cx=-0.0008 cy=-0.0060 m
[INFO] [1789403092.476379447] [mhe_node]: [s-collapse] |s|=0.01339 ref=0.01493 peak=0.01652 ovr=0 ratio=0.896 (thr 0.30) moment=0 quantity=0 resid=0 health=1 age=0.09 solve_ok=1 reanch=0 m_p=+0.1394 slow=0/5
[INFO] [1789403093.476435349] [mhe_node]: [s-collapse] |s|=0.01353 ref=0.01493 peak=0.01652 ovr=0 ratio=0.906 (thr 0.30) moment=0 quantity=0 resid=0 health=1 age=0.09 solve_ok=1 reanch=0 m_p=+0.1357 slow=0/5
[INFO] [1789403093.976513260] [mhe_node]: [c_xy-clamp] 越界剔除 0/600 (0.0%) 上限 0.0390 kg·m clamp=1
[INFO] [1789403094.082526265] [mhe_node]: MHE mass estimate: 2.203 kg (T_phys=21.68N) | solve=4.8ms (max7.7)
[INFO] [1789403094.083088889] [mhe_node]: [truth] m_hat=2.2028 m_true=2.0643 err=+6.71% | c_hat=[+0.0000,+0.0000] c_true=[+0.0000,+0.0000] | Jxx_hat=0.01420 Jxx_true=0.01420 Jyz_hat=+0.00000 Jyz_true=+0.00000 | s_hat=[-0.0024,-0.0135] s_true=[+0.0000,+0.0000] kg·m
[INFO] [1789403094.083617721] [mhe_node]: [tau_phys] roll=-0.132 pitch=-0.124 Nm
[INFO] [1789403094.084208777] [mhe_node]: [mass-diag] m_est=2.2028 T=21.683N tilt=1.81deg cos=0.99950 | T/g=2.2103 T*cos/g=2.2092 | m_est-T*cos/g=-0.0063kg (-0.29%) vz=-0.002
[INFO] [1789403094.084792083] [mhe_node]: [c_xy_est] cx=-0.0008 cy=-0.0061 m
[INFO] [1789403094.476427667] [mhe_node]: [s-collapse] |s|=0.01361 ref=0.01493 peak=0.01652 ovr=0 ratio=0.912 (thr 0.30) moment=0 quantity=0 resid=0 health=1 age=0.09 solve_ok=1 reanch=0 m_p=+0.1391 slow=0/5
[INFO] [1789403095.476415851] [mhe_node]: [s-collapse] |s|=0.00500 ref=0.01493 peak=0.01652 ovr=0 ratio=0.335 (thr 0.30) moment=0 quantity=1 resid=0 health=1 age=0.08 solve_ok=1 reanch=0 m_p=-0.0193 slow=0/5
[INFO] [1789403095.976254664] [mhe_node]: [payload-state] LOADED->EMPTY (drop, m_p=-0.103kg)
[INFO] [1789403095.976473809] [mhe_node]: [c_xy_est] 载荷释放(slow: quantity empty + moment collapsed (ratio=0.165) x5帧) → 在线偏心估计归零(重新播种)
[INFO] [1789403095.998467500] [mhe_node]: [s-decay] n=1 |s_est|=0.00353 |s_target|=0.00000 |s_out|=0.00144 d_s_out=-0.00071 conf=0.701 present=0 armed=0 latched=1 health=1
[INFO] [1789403096.099077916] [mhe_node]: MHE mass estimate: 1.961 kg (T_phys=19.50N) | solve=14.2ms (max30.2)
[INFO] [1789403096.099614353] [mhe_node]: [truth] m_hat=1.9611 m_true=2.0643 err=-5.00% | c_hat=[+0.0000,+0.0000] c_true=[+0.0000,+0.0000] | Jxx_hat=0.01420 Jxx_true=0.01420 Jyz_hat=+0.00000 Jyz_true=+0.00000 | s_hat=[+0.0032,+0.0020] s_true=[+0.0000,+0.0000] kg·m
[INFO] [1789403096.100136209] [mhe_node]: [tau_phys] roll=-0.059 pitch=-0.213 Nm
[INFO] [1789403096.100721148] [mhe_node]: [mass-diag] m_est=1.9611 T=19.497N tilt=2.95deg cos=0.99868 | T/g=1.9875 T*cos/g=1.9849 | m_est-T*cos/g=-0.0238kg (-1.20%) vz=-0.053
[INFO] [1789403096.101302811] [mhe_node]: [c_xy_est] cx=+0.0017 cy=+0.0005 m
[INFO] [1789403096.101675889] [mhe_node]: [s-decay] n=2 |s_est|=0.00376 |s_target|=0.00000 |s_out|=0.00097 d_s_out=-0.00047 conf=0.799 present=0 armed=0 latched=1 health=1
[INFO] [1789403096.186618961] [mhe_node]: [s-decay] n=3 |s_est|=0.00448 |s_target|=0.00000 |s_out|=0.00065 d_s_out=-0.00032 conf=0.865 present=0 armed=0 latched=1 health=1
[INFO] [1789403096.292007968] [mhe_node]: [s-decay] n=4 |s_est|=0.00466 |s_target|=0.00000 |s_out|=0.00043 d_s_out=-0.00021 conf=0.910 present=0 armed=0 latched=1 health=1
[INFO] [1789403096.395211327] [mhe_node]: [s-decay] n=5 |s_est|=0.00470 |s_target|=0.00000 |s_out|=0.00029 d_s_out=-0.00014 conf=0.940 present=0 armed=0 latched=1 health=1
[INFO] [1789403096.494325329] [mhe_node]: [s-decay] n=6 |s_est|=0.00445 |s_target|=0.00000 |s_out|=0.00019 d_s_out=-0.00010 conf=0.959 present=0 armed=0 latched=1 health=1
[INFO] [1789403096.591450534] [mhe_node]: [s-decay] n=7 |s_est|=0.00410 |s_target|=0.00000 |s_out|=0.00013 d_s_out=-0.00006 conf=0.973 present=0 armed=0 latched=1 health=1
[INFO] [1789403096.699109466] [mhe_node]: [s-decay] n=8 |s_est|=0.00369 |s_target|=0.00000 |s_out|=0.00009 d_s_out=-0.00004 conf=0.982 present=0 armed=0 latched=1 health=1
[INFO] [1789403096.797175364] [mhe_node]: [s-decay] n=9 |s_est|=0.00318 |s_target|=0.00000 |s_out|=0.00006 d_s_out=-0.00003 conf=0.988 present=0 armed=0 latched=1 health=1
[INFO] [1789403096.892769871] [mhe_node]: [s-decay] n=10 |s_est|=0.00271 |s_target|=0.00000 |s_out|=0.00004 d_s_out=-0.00002 conf=0.992 present=0 armed=0 latched=1 health=1
[INFO] [1789403096.995525850] [mhe_node]: [s-decay] n=11 |s_est|=0.00198 |s_target|=0.00000 |s_out|=0.00003 d_s_out=-0.00001 conf=0.995 present=0 armed=0 latched=1 health=1
[INFO] [1789403097.088504191] [mhe_node]: [s-decay] n=12 |s_est|=0.00178 |s_target|=0.00000 |s_out|=0.00002 d_s_out=-0.00001 conf=0.996 present=0 armed=0 latched=1 health=1
[INFO] [1789403097.194965651] [mhe_node]: [s-decay] n=13 |s_est|=0.00121 |s_target|=0.00000 |s_out|=0.00001 d_s_out=-0.00001 conf=0.998 present=0 armed=0 latched=1 health=1
[INFO] [1789403097.287063452] [mhe_node]: [s-decay] n=14 |s_est|=0.00083 |s_target|=0.00000 |s_out|=0.00001 d_s_out=-0.00000 conf=0.998 present=0 armed=0 latched=1 health=1
[INFO] [1789403097.384815668] [mhe_node]: [s-decay] n=15 |s_est|=0.00091 |s_target|=0.00000 |s_out|=0.00001 d_s_out=-0.00000 conf=0.999 present=0 armed=0 latched=1 health=1
[INFO] [1789403097.491474472] [mhe_node]: [s-decay] n=16 |s_est|=0.00054 |s_target|=0.00000 |s_out|=0.00000 d_s_out=-0.00000 conf=0.999 present=0 armed=0 latched=1 health=1
[INFO] [1789403097.591486363] [mhe_node]: [s-decay] n=17 |s_est|=0.00110 |s_target|=0.00000 |s_out|=0.00000 d_s_out=-0.00000 conf=1.000 present=0 armed=0 latched=1 health=1
[INFO] [1789403097.691488783] [mhe_node]: [s-decay] n=18 |s_est|=0.00099 |s_target|=0.00000 |s_out|=0.00000 d_s_out=-0.00000 conf=1.000 present=0 armed=0 latched=1 health=1
[INFO] [1789403097.790432791] [mhe_node]: [s-decay] n=19 |s_est|=0.00072 |s_target|=0.00000 |s_out|=0.00000 d_s_out=-0.00000 conf=1.000 present=0 armed=0 latched=1 health=1
[INFO] [1789403097.885229674] [mhe_node]: [s-decay] n=20 |s_est|=0.00126 |s_target|=0.00000 |s_out|=0.00000 d_s_out=-0.00000 conf=1.000 present=0 armed=0 latched=1 health=1
[INFO] [1789403097.984628013] [mhe_node]: [s-decay] n=21 |s_est|=0.00051 |s_target|=0.00000 |s_out|=0.00000 d_s_out=-0.00000 conf=1.000 present=0 armed=0 latched=1 health=1
[INFO] [1789403098.083862419] [mhe_node]: MHE mass estimate: 2.055 kg (T_phys=20.25N) | solve=13.9ms (max22.2)
[INFO] [1789403098.084406498] [mhe_node]: [truth] m_hat=2.0554 m_true=2.0643 err=-0.43% | c_hat=[+0.0000,+0.0000] c_true=[+0.0000,+0.0000] | Jxx_hat=0.01420 Jxx_true=0.01420 Jyz_hat=+0.00000 Jyz_true=+0.00000 | s_hat=[-0.0006,+0.0009] s_true=[+0.0000,+0.0000] kg·m
[INFO] [1789403098.084930046] [mhe_node]: [tau_phys] roll=+0.007 pitch=+0.005 Nm
[INFO] [1789403098.085517425] [mhe_node]: [mass-diag] m_est=2.0554 T=20.245N tilt=2.06deg cos=0.99936 | T/g=2.0637 T*cos/g=2.0624 | m_est-T*cos/g=-0.0070kg (-0.34%) vz=+0.040
[INFO] [1789403098.086093641] [mhe_node]: [c_xy_est] cx=-0.0001 cy=+0.0002 m
[INFO] [1789403098.086462206] [mhe_node]: [s-decay] n=22 |s_est|=0.00107 |s_target|=0.00000 |s_out|=0.00000 d_s_out=-0.00000 conf=1.000 present=0 armed=0 latched=1 health=1
[INFO] [1789403098.182850035] [mhe_node]: [s-decay] n=23 |s_est|=0.00088 |s_target|=0.00000 |s_out|=0.00000 d_s_out=-0.00000 conf=1.000 present=0 armed=0 latched=1 health=1
[INFO] [1789403098.288270012] [mhe_node]: [s-decay] n=24 |s_est|=0.00078 |s_target|=0.00000 |s_out|=0.00000 d_s_out=-0.00000 conf=1.000 present=0 armed=0 latched=1 health=1
[INFO] [1789403098.382784697] [mhe_node]: [s-decay] n=25 |s_est|=0.00092 |s_target|=0.00000 |s_out|=0.00000 d_s_out=-0.00000 conf=1.000 present=0 armed=0 latched=1 health=1
[INFO] [1789403098.482762486] [mhe_node]: [s-decay] n=26 |s_est|=0.00089 |s_target|=0.00000 |s_out|=0.00000 d_s_out=-0.00000 conf=1.000 present=0 armed=0 latched=1 health=1
[INFO] [1789403098.581764379] [mhe_node]: [s-decay] n=27 |s_est|=0.00087 |s_target|=0.00000 |s_out|=0.00000 d_s_out=-0.00000 conf=1.000 present=0 armed=0 latched=1 health=1
[INFO] [1789403098.681878509] [mhe_node]: [s-decay] n=28 |s_est|=0.00088 |s_target|=0.00000 |s_out|=0.00000 d_s_out=-0.00000 conf=1.000 present=0 armed=0 latched=1 health=1
[INFO] [1789403098.782927784] [mhe_node]: [s-decay] n=29 |s_est|=0.00088 |s_target|=0.00000 |s_out|=0.00000 d_s_out=-0.00000 conf=1.000 present=0 armed=0 latched=1 health=1
[INFO] [1789403098.879967140] [mhe_node]: [s-decay] n=30 |s_est|=0.00089 |s_target|=0.00000 |s_out|=0.00000 d_s_out=-0.00000 conf=1.000 present=0 armed=0 latched=1 health=1
[INFO] [1789403098.981799594] [mhe_node]: [s-decay] n=31 |s_est|=0.00090 |s_target|=0.00000 |s_out|=0.00000 d_s_out=-0.00000 conf=1.000 present=0 armed=0 latched=1 health=1
[INFO] [1789403099.081807764] [mhe_node]: [s-decay] n=32 |s_est|=0.00090 |s_target|=0.00000 |s_out|=0.00000 d_s_out=-0.00000 conf=1.000 present=0 armed=0 latched=1 health=1
[INFO] [1789403099.179997419] [mhe_node]: [s-decay] n=33 |s_est|=0.00090 |s_target|=0.00000 |s_out|=0.00000 d_s_out=-0.00000 conf=1.000 present=0 armed=0 latched=1 health=1
[INFO] [1789403099.281796281] [mhe_node]: [s-decay] n=34 |s_est|=0.00090 |s_target|=0.00000 |s_out|=0.00000 d_s_out=-0.00000 conf=1.000 present=0 armed=0 latched=1 health=1
[INFO] [1789403099.381868939] [mhe_node]: [s-decay] n=35 |s_est|=0.00089 |s_target|=0.00000 |s_out|=0.00000 d_s_out=-0.00000 conf=1.000 present=0 armed=0 latched=1 health=1
[INFO] [1789403099.480079657] [mhe_node]: [s-decay] n=36 |s_est|=0.00090 |s_target|=0.00000 |s_out|=0.00000 d_s_out=-0.00000 conf=1.000 present=0 armed=0 latched=1 health=1
[INFO] [1789403099.583870895] [mhe_node]: [s-decay] n=37 |s_est|=0.00090 |s_target|=0.00000 |s_out|=0.00000 d_s_out=-0.00000 conf=1.000 present=0 armed=0 latched=1 health=1
[INFO] [1789403099.689982237] [mhe_node]: [s-decay] n=38 |s_est|=0.00091 |s_target|=0.00000 |s_out|=0.00000 d_s_out=-0.00000 conf=1.000 present=0 armed=0 latched=1 health=1
[INFO] [1789403099.781778973] [mhe_node]: [s-decay] n=39 |s_est|=0.00091 |s_target|=0.00000 |s_out|=0.00000 d_s_out=-0.00000 conf=1.000 present=0 armed=0 latched=1 health=1
[INFO] [1789403099.881913639] [mhe_node]: [s-decay] n=40 |s_est|=0.00090 |s_target|=0.00000 |s_out|=0.00000 d_s_out=-0.00000 conf=1.000 present=0 armed=0 latched=1 health=1
[INFO] [1789403099.981614785] [mhe_node]: [s-decay] n=41 |s_est|=0.00090 |s_target|=0.00000 |s_out|=0.00000 d_s_out=-0.00000 conf=1.000 present=0 armed=0 latched=1 health=1
[INFO] [1789403100.081589325] [mhe_node]: MHE mass estimate: 2.059 kg (T_phys=20.22N) | solve=5.6ms (max12.9)
[INFO] [1789403100.082133705] [mhe_node]: [truth] m_hat=2.0594 m_true=2.0643 err=-0.24% | c_hat=[+0.0000,+0.0000] c_true=[+0.0000,+0.0000] | Jxx_hat=0.01420 Jxx_true=0.01420 Jyz_hat=+0.00000 Jyz_true=+0.00000 | s_hat=[-0.0005,+0.0007] s_true=[+0.0000,+0.0000] kg·m
[INFO] [1789403100.082654314] [mhe_node]: [tau_phys] roll=+0.006 pitch=+0.001 Nm
[INFO] [1789403100.083243327] [mhe_node]: [mass-diag] m_est=2.0594 T=20.217N tilt=2.87deg cos=0.99875 | T/g=2.0608 T*cos/g=2.0583 | m_est-T*cos/g=+0.0012kg (+0.06%) vz=+0.078
[INFO] [1789403100.083827094] [mhe_node]: [c_xy_est] cx=-0.0002 cy=+0.0004 m
[INFO] [1789403100.084195286] [mhe_node]: [s-decay] n=42 |s_est|=0.00090 |s_target|=0.00000 |s_out|=0.00000 d_s_out=-0.00000 conf=1.000 present=0 armed=0 latched=1 health=1
[INFO] [1789403100.181623739] [mhe_node]: [s-decay] n=43 |s_est|=0.00089 |s_target|=0.00000 |s_out|=0.00000 d_s_out=-0.00000 conf=1.000 present=0 armed=0 latched=1 health=1
[INFO] [1789403100.282719307] [mhe_node]: [s-decay] n=44 |s_est|=0.00090 |s_target|=0.00000 |s_out|=0.00000 d_s_out=-0.00000 conf=1.000 present=0 armed=0 latched=1 health=1
[INFO] [1789403100.381529409] [mhe_node]: [s-decay] n=45 |s_est|=0.00089 |s_target|=0.00000 |s_out|=0.00000 d_s_out=-0.00000 conf=1.000 present=0 armed=0 latched=1 health=1
[INFO] [1789403100.484086926] [mhe_node]: [s-decay] n=46 |s_est|=0.00088 |s_target|=0.00000 |s_out|=0.00000 d_s_out=-0.00000 conf=1.000 present=0 armed=0 latched=1 health=1
[INFO] [1789403100.586203734] [mhe_node]: [s-decay] n=47 |s_est|=0.00087 |s_target|=0.00000 |s_out|=0.00000 d_s_out=-0.00000 conf=1.000 present=0 armed=0 latched=1 health=1
[INFO] [1789403100.681774236] [mhe_node]: [s-decay] n=48 |s_est|=0.00085 |s_target|=0.00000 |s_out|=0.00000 d_s_out=-0.00000 conf=1.000 present=0 armed=0 latched=1 health=1
[INFO] [1789403100.781846276] [mhe_node]: [s-decay] n=49 |s_est|=0.00084 |s_target|=0.00000 |s_out|=0.00000 d_s_out=-0.00000 conf=1.000 present=0 armed=0 latched=1 health=1
[INFO] [1789403100.881816205] [mhe_node]: [s-decay] n=50 |s_est|=0.00082 |s_target|=0.00000 |s_out|=0.00000 d_s_out=-0.00000 conf=1.000 present=0 armed=0 latched=1 health=1
[INFO] [1789403100.981779645] [mhe_node]: [s-decay] n=51 |s_est|=0.00080 |s_target|=0.00000 |s_out|=0.00000 d_s_out=-0.00000 conf=1.000 present=0 armed=0 latched=1 health=1
[INFO] [1789403101.081824548] [mhe_node]: [s-decay] n=52 |s_est|=0.00078 |s_target|=0.00000 |s_out|=0.00000 d_s_out=-0.00000 conf=1.000 present=0 armed=0 latched=1 health=1
[INFO] [1789403101.181756360] [mhe_node]: [s-decay] n=53 |s_est|=0.00077 |s_target|=0.00000 |s_out|=0.00000 d_s_out=-0.00000 conf=1.000 present=0 armed=0 latched=1 health=1
[INFO] [1789403101.282814678] [mhe_node]: [s-decay] n=54 |s_est|=0.00076 |s_target|=0.00000 |s_out|=0.00000 d_s_out=-0.00000 conf=1.000 present=0 armed=0 latched=1 health=1
[INFO] [1789403101.381981123] [mhe_node]: [s-decay] n=55 |s_est|=0.00074 |s_target|=0.00000 |s_out|=0.00000 d_s_out=-0.00000 conf=1.000 present=0 armed=0 latched=1 health=1
[INFO] [1789403101.480230093] [mhe_node]: [s-decay] n=56 |s_est|=0.00074 |s_target|=0.00000 |s_out|=0.00000 d_s_out=-0.00000 conf=1.000 present=0 armed=0 latched=1 health=1
[INFO] [1789403101.580787277] [mhe_node]: [s-decay] n=57 |s_est|=0.00073 |s_target|=0.00000 |s_out|=0.00000 d_s_out=-0.00000 conf=1.000 present=0 armed=0 latched=1 health=1
[INFO] [1789403101.681833397] [mhe_node]: [s-decay] n=58 |s_est|=0.00073 |s_target|=0.00000 |s_out|=0.00000 d_s_out=-0.00000 conf=1.000 present=0 armed=0 latched=1 health=1
[INFO] [1789403101.785186950] [mhe_node]: [s-decay] n=59 |s_est|=0.00073 |s_target|=0.00000 |s_out|=0.00000 d_s_out=-0.00000 conf=1.000 present=0 armed=0 latched=1 health=1
[INFO] [1789403101.884285997] [mhe_node]: [s-decay] n=60 |s_est|=0.00073 |s_target|=0.00000 |s_out|=0.00000 d_s_out=-0.00000 conf=1.000 present=0 armed=0 latched=1 health=1
[INFO] [1789403101.981985625] [mhe_node]: [s-decay] n=61 |s_est|=0.00073 |s_target|=0.00000 |s_out|=0.00000 d_s_out=-0.00000 conf=1.000 present=0 armed=0 latched=1 health=1
[INFO] [1789403102.082107034] [mhe_node]: MHE mass estimate: 2.056 kg (T_phys=20.22N) | solve=5.4ms (max9.2)
[INFO] [1789403102.082667788] [mhe_node]: [truth] m_hat=2.0564 m_true=2.0643 err=-0.38% | c_hat=[+0.0000,+0.0000] c_true=[+0.0000,+0.0000] | Jxx_hat=0.01420 Jxx_true=0.01420 Jyz_hat=+0.00000 Jyz_true=+0.00000 | s_hat=[-0.0003,+0.0007] s_true=[+0.0000,+0.0000] kg·m
[INFO] [1789403102.083189760] [mhe_node]: [tau_phys] roll=+0.007 pitch=+0.006 Nm
[INFO] [1789403102.083780980] [mhe_node]: [mass-diag] m_est=2.0564 T=20.217N tilt=2.73deg cos=0.99886 | T/g=2.0609 T*cos/g=2.0585 | m_est-T*cos/g=-0.0022kg (-0.11%) vz=+0.092
[INFO] [1789403102.084369648] [mhe_node]: [c_xy_est] cx=-0.0001 cy=+0.0003 m
[INFO] [1789403102.084753545] [mhe_node]: [s-decay] n=62 |s_est|=0.00075 |s_target|=0.00000 |s_out|=0.00000 d_s_out=-0.00000 conf=1.000 present=0 armed=0 latched=1 health=1
[INFO] [1789403102.180354478] [mhe_node]: [s-decay] n=63 |s_est|=0.00076 |s_target|=0.00000 |s_out|=0.00000 d_s_out=-0.00000 conf=1.000 present=0 armed=0 latched=1 health=1
[INFO] [1789403102.281820235] [mhe_node]: [s-decay] n=64 |s_est|=0.00078 |s_target|=0.00000 |s_out|=0.00000 d_s_out=-0.00000 conf=1.000 present=0 armed=0 latched=1 health=1
[INFO] [1789403102.386287805] [mhe_node]: [s-decay] n=65 |s_est|=0.00080 |s_target|=0.00000 |s_out|=0.00000 d_s_out=-0.00000 conf=1.000 present=0 armed=0 latched=1 health=1
[INFO] [1789403102.486196257] [mhe_node]: [s-decay] n=66 |s_est|=0.00082 |s_target|=0.00000 |s_out|=0.00000 d_s_out=-0.00000 conf=1.000 present=0 armed=0 latched=1 health=1
[INFO] [1789403102.581780904] [mhe_node]: [s-decay] n=67 |s_est|=0.00084 |s_target|=0.00000 |s_out|=0.00000 d_s_out=-0.00000 conf=1.000 present=0 armed=0 latched=1 health=1
[INFO] [1789403102.683935567] [mhe_node]: [s-decay] n=68 |s_est|=0.00086 |s_target|=0.00000 |s_out|=0.00000 d_s_out=-0.00000 conf=1.000 present=0 armed=0 latched=1 health=1
[INFO] [1789403102.781982311] [mhe_node]: [s-decay] n=69 |s_est|=0.00088 |s_target|=0.00000 |s_out|=0.00000 d_s_out=-0.00000 conf=1.000 present=0 armed=0 latched=1 health=1
[INFO] [1789403102.882773676] [mhe_node]: [s-decay] n=70 |s_est|=0.00089 |s_target|=0.00000 |s_out|=0.00000 d_s_out=-0.00000 conf=1.000 present=0 armed=0 latched=1 health=1
[INFO] [1789403102.981780811] [mhe_node]: [s-decay] n=71 |s_est|=0.00090 |s_target|=0.00000 |s_out|=0.00000 d_s_out=-0.00000 conf=1.000 present=0 armed=0 latched=1 health=1
[INFO] [1789403103.081754614] [mhe_node]: [s-decay] n=72 |s_est|=0.00090 |s_target|=0.00000 |s_out|=0.00000 d_s_out=-0.00000 conf=1.000 present=0 armed=0 latched=1 health=1
[INFO] [1789403103.181921979] [mhe_node]: [s-decay] n=73 |s_est|=0.00091 |s_target|=0.00000 |s_out|=0.00000 d_s_out=-0.00000 conf=1.000 present=0 armed=0 latched=1 health=1
[INFO] [1789403103.281810510] [mhe_node]: [s-decay] n=74 |s_est|=0.00092 |s_target|=0.00000 |s_out|=0.00000 d_s_out=-0.00000 conf=1.000 present=0 armed=0 latched=1 health=1
[INFO] [1789403103.381839155] [mhe_node]: [s-decay] n=75 |s_est|=0.00093 |s_target|=0.00000 |s_out|=0.00000 d_s_out=-0.00000 conf=1.000 present=0 armed=0 latched=1 health=1
[INFO] [1789403103.482853106] [mhe_node]: [s-decay] n=76 |s_est|=0.00094 |s_target|=0.00000 |s_out|=0.00000 d_s_out=-0.00000 conf=1.000 present=0 armed=0 latched=1 health=1
[INFO] [1789403103.581726263] [mhe_node]: [s-decay] n=77 |s_est|=0.00096 |s_target|=0.00000 |s_out|=0.00000 d_s_out=-0.00000 conf=1.000 present=0 armed=0 latched=1 health=1
[INFO] [1789403103.681873840] [mhe_node]: [s-decay] n=78 |s_est|=0.00097 |s_target|=0.00000 |s_out|=0.00000 d_s_out=-0.00000 conf=1.000 present=0 armed=0 latched=1 health=1
[INFO] [1789403103.780828705] [mhe_node]: [s-decay] n=79 |s_est|=0.00097 |s_target|=0.00000 |s_out|=0.00000 d_s_out=-0.00000 conf=1.000 present=0 armed=0 latched=1 health=1
[INFO] [1789403103.881760634] [mhe_node]: [s-decay] n=80 |s_est|=0.00095 |s_target|=0.00000 |s_out|=0.00000 d_s_out=-0.00000 conf=1.000 present=0 armed=0 latched=1 health=1
[INFO] [1789403103.982975701] [mhe_node]: [s-decay] n=81 |s_est|=0.00093 |s_target|=0.00000 |s_out|=0.00000 d_s_out=-0.00000 conf=1.000 present=0 armed=0 latched=1 health=1
[INFO] [1789403104.082896572] [mhe_node]: MHE mass estimate: 2.057 kg (T_phys=20.18N) | solve=5.4ms (max9.2)
[INFO] [1789403104.083559288] [mhe_node]: [truth] m_hat=2.0574 m_true=2.0643 err=-0.34% | c_hat=[+0.0000,+0.0000] c_true=[+0.0000,+0.0000] | Jxx_hat=0.01420 Jxx_true=0.01420 Jyz_hat=+0.00000 Jyz_true=+0.00000 | s_hat=[-0.0006,+0.0007] s_true=[+0.0000,+0.0000] kg·m
[INFO] [1789403104.084077193] [mhe_node]: [tau_phys] roll=+0.008 pitch=-0.001 Nm
[INFO] [1789403104.084664691] [mhe_node]: [mass-diag] m_est=2.0574 T=20.182N tilt=2.32deg cos=0.99918 | T/g=2.0573 T*cos/g=2.0556 | m_est-T*cos/g=+0.0018kg (+0.09%) vz=+0.125
[INFO] [1789403104.085255295] [mhe_node]: [c_xy_est] cx=-0.0003 cy=+0.0003 m
[INFO] [1789403104.085640283] [mhe_node]: [s-decay] n=82 |s_est|=0.00093 |s_target|=0.00000 |s_out|=0.00000 d_s_out=-0.00000 conf=1.000 present=0 armed=0 latched=1 health=1
[INFO] [1789403104.183062752] [mhe_node]: [s-decay] n=83 |s_est|=0.00093 |s_target|=0.00000 |s_out|=0.00000 d_s_out=-0.00000 conf=1.000 present=0 armed=0 latched=1 health=1
[INFO] [1789403104.285155896] [mhe_node]: [s-decay] n=84 |s_est|=0.00092 |s_target|=0.00000 |s_out|=0.00000 d_s_out=-0.00000 conf=1.000 present=0 armed=0 latched=1 health=1
[INFO] [1789403104.385331172] [mhe_node]: [s-decay] n=85 |s_est|=0.00092 |s_target|=0.00000 |s_out|=0.00000 d_s_out=-0.00000 conf=1.000 present=0 armed=0 latched=1 health=1
[INFO] [1789403104.484041539] [mhe_node]: [s-decay] n=86 |s_est|=0.00092 |s_target|=0.00000 |s_out|=0.00000 d_s_out=-0.00000 conf=1.000 present=0 armed=0 latched=1 health=1
[INFO] [1789403104.580825243] [mhe_node]: [s-decay] n=87 |s_est|=0.00092 |s_target|=0.00000 |s_out|=0.00000 d_s_out=-0.00000 conf=1.000 present=0 armed=0 latched=1 health=1
[INFO] [1789403104.681748485] [mhe_node]: [s-decay] n=88 |s_est|=0.00092 |s_target|=0.00000 |s_out|=0.00000 d_s_out=-0.00000 conf=1.000 present=0 armed=0 latched=1 health=1
[INFO] [1789403104.779952772] [mhe_node]: [s-decay] n=89 |s_est|=0.00092 |s_target|=0.00000 |s_out|=0.00000 d_s_out=-0.00000 conf=1.000 present=0 armed=0 latched=1 health=1
[INFO] [1789403104.886199863] [mhe_node]: [s-decay] n=90 |s_est|=0.00095 |s_target|=0.00000 |s_out|=0.00000 d_s_out=-0.00000 conf=1.000 present=0 armed=0 latched=1 health=1
[INFO] [1789403104.981008408] [mhe_node]: [s-decay] n=91 |s_est|=0.00097 |s_target|=0.00000 |s_out|=0.00000 d_s_out=-0.00000 conf=1.000 present=0 armed=0 latched=1 health=1
[INFO] [1789403105.085139659] [mhe_node]: [s-decay] n=92 |s_est|=0.00099 |s_target|=0.00000 |s_out|=0.00000 d_s_out=-0.00000 conf=1.000 present=0 armed=0 latched=1 health=1
[INFO] [1789403105.187106612] [mhe_node]: [s-decay] n=93 |s_est|=0.00101 |s_target|=0.00000 |s_out|=0.00000 d_s_out=-0.00000 conf=1.000 present=0 armed=0 latched=1 health=1
[INFO] [1789403105.279950903] [mhe_node]: [s-decay] n=94 |s_est|=0.00101 |s_target|=0.00000 |s_out|=0.00000 d_s_out=-0.00000 conf=1.000 present=0 armed=0 latched=1 health=1
[INFO] [1789403105.381713550] [mhe_node]: [s-decay] n=95 |s_est|=0.00102 |s_target|=0.00000 |s_out|=0.00000 d_s_out=-0.00000 conf=1.000 present=0 armed=0 latched=1 health=1
[INFO] [1789403105.480181645] [mhe_node]: [s-decay] n=96 |s_est|=0.00103 |s_target|=0.00000 |s_out|=0.00000 d_s_out=-0.00000 conf=1.000 present=0 armed=0 latched=1 health=1
[INFO] [1789403105.582906002] [mhe_node]: [s-decay] n=97 |s_est|=0.00104 |s_target|=0.00000 |s_out|=0.00000 d_s_out=-0.00000 conf=1.000 present=0 armed=0 latched=1 health=1
[INFO] [1789403105.680720861] [mhe_node]: [s-decay] n=98 |s_est|=0.00107 |s_target|=0.00000 |s_out|=0.00000 d_s_out=-0.00000 conf=1.000 present=0 armed=0 latched=1 health=1
[INFO] [1789403105.780170365] [mhe_node]: [s-decay] n=99 |s_est|=0.00109 |s_target|=0.00000 |s_out|=0.00000 d_s_out=-0.00000 conf=1.000 present=0 armed=0 latched=1 health=1
[INFO] [1789403105.880176925] [mhe_node]: [s-decay] n=100 |s_est|=0.00109 |s_target|=0.00000 |s_out|=0.00000 d_s_out=-0.00000 conf=1.000 present=0 armed=0 latched=1 health=1
[INFO] [1789403106.081868607] [mhe_node]: MHE mass estimate: 2.056 kg (T_phys=20.17N) | solve=5.4ms (max10.2)
[INFO] [1789403106.082418573] [mhe_node]: [truth] m_hat=2.0565 m_true=2.0643 err=-0.38% | c_hat=[+0.0000,+0.0000] c_true=[+0.0000,+0.0000] | Jxx_hat=0.01420 Jxx_true=0.01420 Jyz_hat=+0.00000 Jyz_true=+0.00000 | s_hat=[-0.0008,+0.0007] s_true=[+0.0000,+0.0000] kg·m
[INFO] [1789403106.082933212] [mhe_node]: [tau_phys] roll=+0.006 pitch=+0.009 Nm
[INFO] [1789403106.083522093] [mhe_node]: [mass-diag] m_est=2.0565 T=20.166N tilt=1.29deg cos=0.99975 | T/g=2.0557 T*cos/g=2.0552 | m_est-T*cos/g=+0.0013kg (+0.06%) vz=+0.121
[INFO] [1789403106.084102516] [mhe_node]: [c_xy_est] cx=-0.0004 cy=+0.0004 m
[INFO] [1789403108.083987757] [mhe_node]: MHE mass estimate: 2.056 kg (T_phys=20.16N) | solve=6.2ms (max14.7)
[INFO] [1789403108.084535024] [mhe_node]: [truth] m_hat=2.0561 m_true=2.0643 err=-0.40% | c_hat=[+0.0000,+0.0000] c_true=[+0.0000,+0.0000] | Jxx_hat=0.01420 Jxx_true=0.01420 Jyz_hat=+0.00000 Jyz_true=+0.00000 | s_hat=[-0.0011,+0.0006] s_true=[+0.0000,+0.0000] kg·m
[INFO] [1789403108.085054761] [mhe_node]: [tau_phys] roll=+0.005 pitch=+0.012 Nm
[INFO] [1789403108.085652502] [mhe_node]: [mass-diag] m_est=2.0561 T=20.164N tilt=0.88deg cos=0.99988 | T/g=2.0554 T*cos/g=2.0552 | m_est-T*cos/g=+0.0009kg (+0.05%) vz=+0.098
[INFO] [1789403108.086246837] [mhe_node]: [c_xy_est] cx=-0.0005 cy=+0.0003 m
[INFO] [1789403110.085487741] [mhe_node]: MHE mass estimate: 2.058 kg (T_phys=20.14N) | solve=5.3ms (max8.4)
[INFO] [1789403110.086027977] [mhe_node]: [truth] m_hat=2.0583 m_true=2.0643 err=-0.29% | c_hat=[+0.0000,+0.0000] c_true=[+0.0000,+0.0000] | Jxx_hat=0.01420 Jxx_true=0.01420 Jyz_hat=+0.00000 Jyz_true=+0.00000 | s_hat=[-0.0009,+0.0002] s_true=[+0.0000,+0.0000] kg·m
[INFO] [1789403110.086554001] [mhe_node]: [tau_phys] roll=-0.001 pitch=+0.008 Nm
[INFO] [1789403110.087146753] [mhe_node]: [mass-diag] m_est=2.0583 T=20.145N tilt=1.98deg cos=0.99940 | T/g=2.0535 T*cos/g=2.0522 | m_est-T*cos/g=+0.0061kg (+0.29%) vz=+0.081
[INFO] [1789403110.087732443] [mhe_node]: [c_xy_est] cx=-0.0004 cy=+0.0001 m
[INFO] [1789403112.084014375] [mhe_node]: MHE mass estimate: 2.057 kg (T_phys=20.20N) | solve=4.9ms (max7.0)
[INFO] [1789403112.084558202] [mhe_node]: [truth] m_hat=2.0574 m_true=2.0643 err=-0.34% | c_hat=[+0.0000,+0.0000] c_true=[+0.0000,+0.0000] | Jxx_hat=0.01420 Jxx_true=0.01420 Jyz_hat=+0.00000 Jyz_true=+0.00000 | s_hat=[-0.0006,-0.0001] s_true=[+0.0000,+0.0000] kg·m
[INFO] [1789403112.085083085] [mhe_node]: [tau_phys] roll=-0.002 pitch=+0.005 Nm
[INFO] [1789403112.085686740] [mhe_node]: [mass-diag] m_est=2.0574 T=20.202N tilt=2.54deg cos=0.99902 | T/g=2.0593 T*cos/g=2.0573 | m_est-T*cos/g=+0.0001kg (+0.00%) vz=+0.054
[INFO] [1789403112.086285266] [mhe_node]: [c_xy_est] cx=-0.0003 cy=-0.0000 m
[INFO] [1789403114.081634273] [mhe_node]: MHE mass estimate: 2.059 kg (T_phys=20.13N) | solve=5.2ms (max8.9)
[INFO] [1789403114.082175693] [mhe_node]: [truth] m_hat=2.0592 m_true=2.0643 err=-0.25% | c_hat=[+0.0000,+0.0000] c_true=[+0.0000,+0.0000] | Jxx_hat=0.01420 Jxx_true=0.01420 Jyz_hat=+0.00000 Jyz_true=+0.00000 | s_hat=[-0.0005,+0.0001] s_true=[+0.0000,+0.0000] kg·m
[INFO] [1789403114.082686859] [mhe_node]: [tau_phys] roll=+0.004 pitch=+0.008 Nm
[INFO] [1789403114.083271457] [mhe_node]: [mass-diag] m_est=2.0592 T=20.125N tilt=2.23deg cos=0.99925 | T/g=2.0515 T*cos/g=2.0500 | m_est-T*cos/g=+0.0093kg (+0.45%) vz=+0.046
[INFO] [1789403114.083849134] [mhe_node]: [c_xy_est] cx=-0.0003 cy=+0.0000 m
[INFO] [1789403116.084151405] [mhe_node]: MHE mass estimate: 2.059 kg (T_phys=20.18N) | solve=5.1ms (max9.4)
[INFO] [1789403116.084700555] [mhe_node]: [truth] m_hat=2.0585 m_true=2.0643 err=-0.28% | c_hat=[+0.0000,+0.0000] c_true=[+0.0000,+0.0000] | Jxx_hat=0.01420 Jxx_true=0.01420 Jyz_hat=+0.00000 Jyz_true=+0.00000 | s_hat=[-0.0007,+0.0003] s_true=[+0.0000,+0.0000] kg·m
[INFO] [1789403116.085228361] [mhe_node]: [tau_phys] roll=+0.004 pitch=+0.006 Nm
[INFO] [1789403116.085825083] [mhe_node]: [mass-diag] m_est=2.0585 T=20.184N tilt=1.76deg cos=0.99953 | T/g=2.0575 T*cos/g=2.0565 | m_est-T*cos/g=+0.0020kg (+0.10%) vz=+0.003
[INFO] [1789403116.086411532] [mhe_node]: [c_xy_est] cx=-0.0003 cy=+0.0001 m
[INFO] [1789403118.081864093] [mhe_node]: MHE mass estimate: 2.059 kg (T_phys=20.19N) | solve=5.0ms (max7.6)
[INFO] [1789403118.082408149] [mhe_node]: [truth] m_hat=2.0587 m_true=2.0643 err=-0.27% | c_hat=[+0.0000,+0.0000] c_true=[+0.0000,+0.0000] | Jxx_hat=0.01420 Jxx_true=0.01420 Jyz_hat=+0.00000 Jyz_true=+0.00000 | s_hat=[-0.0007,+0.0003] s_true=[+0.0000,+0.0000] kg·m
[INFO] [1789403118.082924585] [mhe_node]: [tau_phys] roll=+0.005 pitch=+0.008 Nm
[INFO] [1789403118.083511451] [mhe_node]: [mass-diag] m_est=2.0587 T=20.192N tilt=1.25deg cos=0.99976 | T/g=2.0583 T*cos/g=2.0578 | m_est-T*cos/g=+0.0009kg (+0.04%) vz=-0.026
[INFO] [1789403118.084089908] [mhe_node]: [c_xy_est] cx=-0.0004 cy=+0.0001 m
[INFO] [1789403120.079957137] [mhe_node]: MHE mass estimate: 2.061 kg (T_phys=20.21N) | solve=5.3ms (max9.8)
[INFO] [1789403120.080362862] [mhe_node]: [truth] m_hat=2.0610 m_true=2.0643 err=-0.16% | c_hat=[+0.0000,+0.0000] c_true=[+0.0000,+0.0000] | Jxx_hat=0.01420 Jxx_true=0.01420 Jyz_hat=+0.00000 Jyz_true=+0.00000 | s_hat=[-0.0009,+0.0001] s_true=[+0.0000,+0.0000] kg·m
[INFO] [1789403120.080738465] [mhe_node]: [tau_phys] roll=-0.001 pitch=+0.007 Nm
[INFO] [1789403120.081157875] [mhe_node]: [mass-diag] m_est=2.0610 T=20.210N tilt=1.83deg cos=0.99949 | T/g=2.0602 T*cos/g=2.0591 | m_est-T*cos/g=+0.0019kg (+0.09%) vz=-0.048
[INFO] [1789403120.081564020] [mhe_node]: [c_xy_est] cx=-0.0005 cy=+0.0001 m
[INFO] [1789403122.081412036] [mhe_node]: MHE mass estimate: 2.061 kg (T_phys=20.24N) | solve=4.9ms (max8.6)
[INFO] [1789403122.081889264] [mhe_node]: [truth] m_hat=2.0607 m_true=2.0643 err=-0.17% | c_hat=[+0.0000,+0.0000] c_true=[+0.0000,+0.0000] | Jxx_hat=0.01420 Jxx_true=0.01420 Jyz_hat=+0.00000 Jyz_true=+0.00000 | s_hat=[-0.0005,-0.0001] s_true=[+0.0000,+0.0000] kg·m
[INFO] [1789403122.082262506] [mhe_node]: [tau_phys] roll=+0.002 pitch=+0.004 Nm
[INFO] [1789403122.082699861] [mhe_node]: [mass-diag] m_est=2.0607 T=20.241N tilt=2.70deg cos=0.99889 | T/g=2.0633 T*cos/g=2.0610 | m_est-T*cos/g=-0.0002kg (-0.01%) vz=-0.078
[INFO] [1789403122.083128771] [mhe_node]: [c_xy_est] cx=-0.0002 cy=-0.0001 m
[INFO] [1789403124.076422130] [mhe_node]: [c_xy-clamp] 越界剔除 0/900 (0.0%) 上限 0.0390 kg·m clamp=1
[INFO] [1789403124.082142594] [mhe_node]: MHE mass estimate: 2.060 kg (T_phys=20.18N) | solve=5.3ms (max8.6)
[INFO] [1789403124.082673022] [mhe_node]: [truth] m_hat=2.0600 m_true=2.0643 err=-0.21% | c_hat=[+0.0000,+0.0000] c_true=[+0.0000,+0.0000] | Jxx_hat=0.01420 Jxx_true=0.01420 Jyz_hat=+0.00000 Jyz_true=+0.00000 | s_hat=[-0.0006,+0.0001] s_true=[+0.0000,+0.0000] kg·m
[INFO] [1789403124.083198597] [mhe_node]: [tau_phys] roll=+0.001 pitch=+0.004 Nm
[INFO] [1789403124.083788132] [mhe_node]: [mass-diag] m_est=2.0600 T=20.182N tilt=2.67deg cos=0.99891 | T/g=2.0573 T*cos/g=2.0551 | m_est-T*cos/g=+0.0049kg (+0.24%) vz=-0.104
[INFO] [1789403124.084371246] [mhe_node]: [c_xy_est] cx=-0.0003 cy=+0.0001 m
[INFO] [1789403126.081872029] [mhe_node]: MHE mass estimate: 2.059 kg (T_phys=20.23N) | solve=5.1ms (max8.2)
[INFO] [1789403126.082415435] [mhe_node]: [truth] m_hat=2.0586 m_true=2.0643 err=-0.28% | c_hat=[+0.0000,+0.0000] c_true=[+0.0000,+0.0000] | Jxx_hat=0.01420 Jxx_true=0.01420 Jyz_hat=+0.00000 Jyz_true=+0.00000 | s_hat=[-0.0007,+0.0004] s_true=[+0.0000,+0.0000] kg·m
[INFO] [1789403126.082935141] [mhe_node]: [tau_phys] roll=+0.008 pitch=+0.010 Nm
[INFO] [1789403126.083524823] [mhe_node]: [mass-diag] m_est=2.0586 T=20.230N tilt=2.17deg cos=0.99929 | T/g=2.0622 T*cos/g=2.0608 | m_est-T*cos/g=-0.0021kg (-0.10%) vz=-0.119
[INFO] [1789403126.084116387] [mhe_node]: [c_xy_est] cx=-0.0003 cy=+0.0002 m
[INFO] [1789403128.084081301] [mhe_node]: MHE mass estimate: 2.056 kg (T_phys=20.21N) | solve=4.8ms (max6.9)
[INFO] [1789403128.084629717] [mhe_node]: [truth] m_hat=2.0562 m_true=2.0643 err=-0.39% | c_hat=[+0.0000,+0.0000] c_true=[+0.0000,+0.0000] | Jxx_hat=0.01420 Jxx_true=0.01420 Jyz_hat=+0.00000 Jyz_true=+0.00000 | s_hat=[-0.0010,+0.0005] s_true=[+0.0000,+0.0000] kg·m
[INFO] [1789403128.085153516] [mhe_node]: [tau_phys] roll=+0.006 pitch=+0.010 Nm
[INFO] [1789403128.085743990] [mhe_node]: [mass-diag] m_est=2.0562 T=20.210N tilt=1.35deg cos=0.99972 | T/g=2.0602 T*cos/g=2.0596 | m_est-T*cos/g=-0.0034kg (-0.16%) vz=-0.117
[INFO] [1789403128.086328814] [mhe_node]: [c_xy_est] cx=-0.0005 cy=+0.0003 m
[INFO] [1789403130.082824545] [mhe_node]: MHE mass estimate: 2.059 kg (T_phys=20.31N) | solve=5.6ms (max10.2)
[INFO] [1789403130.083363099] [mhe_node]: [truth] m_hat=2.0587 m_true=2.0643 err=-0.27% | c_hat=[+0.0000,+0.0000] c_true=[+0.0000,+0.0000] | Jxx_hat=0.01420 Jxx_true=0.01420 Jyz_hat=+0.00000 Jyz_true=+0.00000 | s_hat=[-0.0009,+0.0006] s_true=[+0.0000,+0.0000] kg·m
[INFO] [1789403130.083878894] [mhe_node]: [tau_phys] roll=+0.007 pitch=+0.006 Nm
[INFO] [1789403130.084462490] [mhe_node]: [mass-diag] m_est=2.0587 T=20.312N tilt=1.07deg cos=0.99982 | T/g=2.0705 T*cos/g=2.0702 | m_est-T*cos/g=-0.0114kg (-0.55%) vz=-0.111
[INFO] [1789403130.085039865] [mhe_node]: [c_xy_est] cx=-0.0005 cy=+0.0003 m
[INFO] [1789403132.081812774] [mhe_node]: MHE mass estimate: 2.060 kg (T_phys=20.27N) | solve=4.9ms (max8.8)
[INFO] [1789403132.082363444] [mhe_node]: [truth] m_hat=2.0600 m_true=2.0643 err=-0.21% | c_hat=[+0.0000,+0.0000] c_true=[+0.0000,+0.0000] | Jxx_hat=0.01420 Jxx_true=0.01420 Jyz_hat=+0.00000 Jyz_true=+0.00000 | s_hat=[-0.0010,+0.0007] s_true=[+0.0000,+0.0000] kg·m
[INFO] [1789403132.082877764] [mhe_node]: [tau_phys] roll=+0.007 pitch=+0.008 Nm
[INFO] [1789403132.083473810] [mhe_node]: [mass-diag] m_est=2.0600 T=20.266N tilt=2.01deg cos=0.99938 | T/g=2.0658 T*cos/g=2.0645 | m_est-T*cos/g=-0.0046kg (-0.22%) vz=-0.087
[INFO] [1789403132.084061351] [mhe_node]: [c_xy_est] cx=-0.0005 cy=+0.0003 m
[INFO] [1789403134.081710148] [mhe_node]: MHE mass estimate: 2.061 kg (T_phys=20.32N) | solve=6.0ms (max10.1)
[INFO] [1789403134.082263854] [mhe_node]: [truth] m_hat=2.0612 m_true=2.0643 err=-0.15% | c_hat=[+0.0000,+0.0000] c_true=[+0.0000,+0.0000] | Jxx_hat=0.01420 Jxx_true=0.01420 Jyz_hat=+0.00000 Jyz_true=+0.00000 | s_hat=[-0.0007,+0.0007] s_true=[+0.0000,+0.0000] kg·m
[INFO] [1789403134.082787225] [mhe_node]: [tau_phys] roll=+0.005 pitch=+0.002 Nm
[INFO] [1789403134.083379253] [mhe_node]: [mass-diag] m_est=2.0612 T=20.318N tilt=2.09deg cos=0.99933 | T/g=2.0712 T*cos/g=2.0698 | m_est-T*cos/g=-0.0086kg (-0.42%) vz=-0.069
[INFO] [1789403134.083960028] [mhe_node]: [c_xy_est] cx=-0.0004 cy=+0.0003 m
[INFO] [1789403136.081756081] [mhe_node]: MHE mass estimate: 2.061 kg (T_phys=20.28N) | solve=5.5ms (max10.8)
[INFO] [1789403136.082309857] [mhe_node]: [truth] m_hat=2.0610 m_true=2.0643 err=-0.16% | c_hat=[+0.0000,+0.0000] c_true=[+0.0000,+0.0000] | Jxx_hat=0.01420 Jxx_true=0.01420 Jyz_hat=+0.00000 Jyz_true=+0.00000 | s_hat=[-0.0005,+0.0006] s_true=[+0.0000,+0.0000] kg·m
[INFO] [1789403136.082827165] [mhe_node]: [tau_phys] roll=+0.004 pitch=+0.002 Nm
[INFO] [1789403136.083420263] [mhe_node]: [mass-diag] m_est=2.0610 T=20.282N tilt=2.43deg cos=0.99910 | T/g=2.0675 T*cos/g=2.0657 | m_est-T*cos/g=-0.0047kg (-0.23%) vz=-0.040
[INFO] [1789403136.084002768] [mhe_node]: [c_xy_est] cx=-0.0002 cy=+0.0003 m
[INFO] [1789403138.081649274] [mhe_node]: MHE mass estimate: 2.060 kg (T_phys=20.29N) | solve=5.3ms (max10.0)
[INFO] [1789403138.082192647] [mhe_node]: [truth] m_hat=2.0596 m_true=2.0643 err=-0.23% | c_hat=[+0.0000,+0.0000] c_true=[+0.0000,+0.0000] | Jxx_hat=0.01420 Jxx_true=0.01420 Jyz_hat=+0.00000 Jyz_true=+0.00000 | s_hat=[-0.0005,+0.0006] s_true=[+0.0000,+0.0000] kg·m
[INFO] [1789403138.082717178] [mhe_node]: [tau_phys] roll=+0.008 pitch=+0.001 Nm
[INFO] [1789403138.083307308] [mhe_node]: [mass-diag] m_est=2.0596 T=20.288N tilt=2.07deg cos=0.99935 | T/g=2.0681 T*cos/g=2.0667 | m_est-T*cos/g=-0.0071kg (-0.35%) vz=-0.007
[INFO] [1789403138.083889390] [mhe_node]: [c_xy_est] cx=-0.0002 cy=+0.0003 m
[INFO] [1789403140.081909821] [mhe_node]: MHE mass estimate: 2.057 kg (T_phys=20.25N) | solve=5.5ms (max8.2)
[INFO] [1789403140.082578252] [mhe_node]: [truth] m_hat=2.0567 m_true=2.0643 err=-0.37% | c_hat=[+0.0000,+0.0000] c_true=[+0.0000,+0.0000] | Jxx_hat=0.01420 Jxx_true=0.01420 Jyz_hat=+0.00000 Jyz_true=+0.00000 | s_hat=[-0.0007,+0.0007] s_true=[+0.0000,+0.0000] kg·m
[INFO] [1789403140.083104351] [mhe_node]: [tau_phys] roll=+0.005 pitch=+0.003 Nm
[INFO] [1789403140.083693879] [mhe_node]: [mass-diag] m_est=2.0567 T=20.248N tilt=1.24deg cos=0.99977 | T/g=2.0640 T*cos/g=2.0635 | m_est-T*cos/g=-0.0069kg (-0.33%) vz=-0.003
[INFO] [1789403140.084276024] [mhe_node]: [c_xy_est] cx=-0.0004 cy=+0.0003 m
[INFO] [1789403142.083963212] [mhe_node]: MHE mass estimate: 2.059 kg (T_phys=20.31N) | solve=5.5ms (max8.9)
[INFO] [1789403142.084521574] [mhe_node]: [truth] m_hat=2.0591 m_true=2.0643 err=-0.25% | c_hat=[+0.0000,+0.0000] c_true=[+0.0000,+0.0000] | Jxx_hat=0.01420 Jxx_true=0.01420 Jyz_hat=+0.00000 Jyz_true=+0.00000 | s_hat=[-0.0007,+0.0007] s_true=[+0.0000,+0.0000] kg·m
[INFO] [1789403142.085040846] [mhe_node]: [tau_phys] roll=+0.006 pitch=+0.006 Nm
[INFO] [1789403142.085633667] [mhe_node]: [mass-diag] m_est=2.0591 T=20.314N tilt=1.98deg cos=0.99940 | T/g=2.0707 T*cos/g=2.0695 | m_est-T*cos/g=-0.0104kg (-0.50%) vz=+0.048
[INFO] [1789403142.086215381] [mhe_node]: [c_xy_est] cx=-0.0003 cy=+0.0003 m
[INFO] [1789403144.081724623] [mhe_node]: MHE mass estimate: 2.059 kg (T_phys=20.29N) | solve=5.0ms (max8.8)
[INFO] [1789403144.082273132] [mhe_node]: [truth] m_hat=2.0591 m_true=2.0643 err=-0.25% | c_hat=[+0.0000,+0.0000] c_true=[+0.0000,+0.0000] | Jxx_hat=0.01420 Jxx_true=0.01420 Jyz_hat=+0.00000 Jyz_true=+0.00000 | s_hat=[-0.0007,+0.0006] s_true=[+0.0000,+0.0000] kg·m
[INFO] [1789403144.082794540] [mhe_node]: [tau_phys] roll=+0.004 pitch=+0.000 Nm
[INFO] [1789403144.083390925] [mhe_node]: [mass-diag] m_est=2.0591 T=20.289N tilt=2.50deg cos=0.99905 | T/g=2.0681 T*cos/g=2.0662 | m_est-T*cos/g=-0.0071kg (-0.34%) vz=+0.082
[INFO] [1789403144.083970196] [mhe_node]: [c_xy_est] cx=-0.0003 cy=+0.0003 m
[INFO] [1789403146.080918676] [mhe_node]: MHE mass estimate: 2.057 kg (T_phys=20.20N) | solve=4.9ms (max8.0)
[INFO] [1789403146.081463734] [mhe_node]: [truth] m_hat=2.0572 m_true=2.0643 err=-0.34% | c_hat=[+0.0000,+0.0000] c_true=[+0.0000,+0.0000] | Jxx_hat=0.01420 Jxx_true=0.01420 Jyz_hat=+0.00000 Jyz_true=+0.00000 | s_hat=[-0.0002,+0.0007] s_true=[+0.0000,+0.0000] kg·m
[INFO] [1789403146.081984118] [mhe_node]: [tau_phys] roll=+0.004 pitch=-0.001 Nm
[INFO] [1789403146.082575039] [mhe_node]: [mass-diag] m_est=2.0572 T=20.200N tilt=3.05deg cos=0.99858 | T/g=2.0591 T*cos/g=2.0562 | m_est-T*cos/g=+0.0010kg (+0.05%) vz=+0.099
[INFO] [1789403146.083163130] [mhe_node]: [c_xy_est] cx=-0.0001 cy=+0.0003 m
[INFO] [1789403148.081968840] [mhe_node]: MHE mass estimate: 2.057 kg (T_phys=20.17N) | solve=5.2ms (max9.3)
[INFO] [1789403148.082516043] [mhe_node]: [truth] m_hat=2.0570 m_true=2.0643 err=-0.35% | c_hat=[+0.0000,+0.0000] c_true=[+0.0000,+0.0000] | Jxx_hat=0.01420 Jxx_true=0.01420 Jyz_hat=+0.00000 Jyz_true=+0.00000 | s_hat=[-0.0004,+0.0007] s_true=[+0.0000,+0.0000] kg·m
[INFO] [1789403148.083034885] [mhe_node]: [tau_phys] roll=+0.009 pitch=+0.004 Nm
[INFO] [1789403148.083623033] [mhe_node]: [mass-diag] m_est=2.0570 T=20.170N tilt=2.42deg cos=0.99911 | T/g=2.0561 T*cos/g=2.0542 | m_est-T*cos/g=+0.0027kg (+0.13%) vz=+0.112
[INFO] [1789403148.084206068] [mhe_node]: [c_xy_est] cx=-0.0002 cy=+0.0003 m
[INFO] [1789403150.083339056] [mhe_node]: MHE mass estimate: 2.055 kg (T_phys=20.11N) | solve=5.7ms (max11.7)
[INFO] [1789403150.083919978] [mhe_node]: [truth] m_hat=2.0546 m_true=2.0643 err=-0.47% | c_hat=[+0.0000,+0.0000] c_true=[+0.0000,+0.0000] | Jxx_hat=0.01420 Jxx_true=0.01420 Jyz_hat=+0.00000 Jyz_true=+0.00000 | s_hat=[-0.0008,+0.0006] s_true=[+0.0000,+0.0000] kg·m
[INFO] [1789403150.084470981] [mhe_node]: [tau_phys] roll=+0.007 pitch=+0.003 Nm
[INFO] [1789403150.085091532] [mhe_node]: [mass-diag] m_est=2.0546 T=20.114N tilt=1.60deg cos=0.99961 | T/g=2.0504 T*cos/g=2.0496 | m_est-T*cos/g=+0.0050kg (+0.24%) vz=+0.111
[INFO] [1789403150.085694384] [mhe_node]: [c_xy_est] cx=-0.0004 cy=+0.0003 m
[INFO] [1789403152.081917958] [mhe_node]: MHE mass estimate: 2.055 kg (T_phys=20.20N) | solve=5.3ms (max9.3)
[INFO] [1789403152.082465347] [mhe_node]: [truth] m_hat=2.0545 m_true=2.0643 err=-0.47% | c_hat=[+0.0000,+0.0000] c_true=[+0.0000,+0.0000] | Jxx_hat=0.01420 Jxx_true=0.01420 Jyz_hat=+0.00000 Jyz_true=+0.00000 | s_hat=[-0.0010,+0.0005] s_true=[+0.0000,+0.0000] kg·m
[INFO] [1789403152.083000842] [mhe_node]: [tau_phys] roll=+0.003 pitch=+0.005 Nm
[INFO] [1789403152.083591915] [mhe_node]: [mass-diag] m_est=2.0545 T=20.199N tilt=0.99deg cos=0.99985 | T/g=2.0590 T*cos/g=2.0587 | m_est-T*cos/g=-0.0041kg (-0.20%) vz=+0.086
[INFO] [1789403152.084175082] [mhe_node]: [c_xy_est] cx=-0.0005 cy=+0.0003 m
[ros2run]: Killed
