[INFO] [1785745258.055180051] [mhe_node]: MHE node starting, building/loading solver...
Code reuse possible, skipping code generation.
acados was compiled without OpenMP.
[INFO] [1785745258.061655497] [mhe_node]: weight schedule theta = [-4.80, -1.21, 0.49, -0.96, 0.99], signal mode = external
[INFO] [1785745258.065819448] [mhe_node]: MHE node initialized! Waiting for odometry + control data...
[INFO] [1785745286.065930580] [mhe_node]: [geom] payload_attached=False -> dJ=0.0000 c_xy=[+0.0000,+0.0000]
[INFO] [1785745287.968107509] [mhe_node]: MHE mass estimate: 2.061 kg (T_phys=18.56N) | solve=1.7ms (max2.4)
[INFO] [1785745287.968524530] [mhe_node]: [tau_phys] roll=+0.004 pitch=+0.006 Nm
[INFO] [1785745287.968933377] [mhe_node]: [c_xy_est] cx=-0.0000 cy=+0.0000 m
[INFO] [1785745289.968045037] [mhe_node]: MHE mass estimate: 2.067 kg (T_phys=20.44N) | solve=1.5ms (max1.8)
[INFO] [1785745289.968457778] [mhe_node]: [tau_phys] roll=-0.004 pitch=-0.004 Nm
[INFO] [1785745289.968865052] [mhe_node]: [c_xy_est] cx=-0.0000 cy=-0.0000 m
[INFO] [1785745290.542387591] [mhe_node]: mass event [attach (gripper)] received at frame 65: armed, waiting for T_phys confirmation (baseline=20.38N, thresh=2.2N)
[INFO] [1785745290.565863381] [mhe_node]: [geom] payload_attached=True -> dJ=0.0499 c_xy=[-0.0068,-0.0059]
[INFO] [1785745290.572523110] [mhe_node]: [post-event] m_est=2.022 kg (T_phys=20.38N)
[INFO] [1785745290.673145733] [mhe_node]: [post-event] m_est=2.025 kg (T_phys=19.62N)
[INFO] [1785745290.770820626] [mhe_node]: [post-event] m_est=2.024 kg (T_phys=19.67N)
[INFO] [1785745290.871753759] [mhe_node]: [post-event] m_est=2.023 kg (T_phys=19.67N)
[INFO] [1785745290.971830829] [mhe_node]: [post-event] m_est=2.022 kg (T_phys=19.65N)
[INFO] [1785745291.072951225] [mhe_node]: [post-event] m_est=2.019 kg (T_phys=19.67N)
[INFO] [1785745291.172311400] [mhe_node]: [post-event] m_est=2.016 kg (T_phys=19.63N)
[INFO] [1785745291.272597225] [mhe_node]: [post-event] m_est=2.012 kg (T_phys=19.58N)
[INFO] [1785745291.371594609] [mhe_node]: [post-event] m_est=2.007 kg (T_phys=19.52N)
[INFO] [1785745291.474080122] [mhe_node]: [post-event] m_est=2.001 kg (T_phys=19.44N)
[INFO] [1785745291.574832215] [mhe_node]: [post-event] m_est=1.994 kg (T_phys=19.35N)
[INFO] [1785745291.673468429] [mhe_node]: [post-event] m_est=1.986 kg (T_phys=19.26N)
[INFO] [1785745291.774075832] [mhe_node]: [post-event] m_est=1.978 kg (T_phys=19.16N)
[INFO] [1785745291.876120170] [mhe_node]: [post-event] m_est=1.969 kg (T_phys=19.05N)
[INFO] [1785745291.975298298] [mhe_node]: [post-event] m_est=1.961 kg (T_phys=18.93N)
[INFO] [1785745291.975729003] [mhe_node]: MHE mass estimate: 1.961 kg (T_phys=18.93N) | solve=5.4ms (max9.7)
[INFO] [1785745291.976126321] [mhe_node]: [tau_phys] roll=-0.095 pitch=-0.143 Nm | model pred: roll=-0.000 pitch=+0.000 (m_p=0.000 r=[-0.069,-0.060])
[INFO] [1785745291.976538087] [mhe_node]: [c_xy_est] cx=+0.0048 cy=-0.0003 m | truth c=[-0.0000,-0.0000] (m_p=0.000)
[INFO] [1785745292.075783244] [mhe_node]: [post-event] m_est=1.961 kg (T_phys=18.84N)
[INFO] [1785745292.175351845] [mhe_node]: [post-event] m_est=1.961 kg (T_phys=18.83N)
[INFO] [1785745292.274487741] [mhe_node]: [post-event] m_est=1.961 kg (T_phys=18.85N)
[INFO] [1785745292.373937549] [mhe_node]: [post-event] m_est=1.961 kg (T_phys=18.97N)
[INFO] [1785745292.473897220] [mhe_node]: [post-event] m_est=1.961 kg (T_phys=19.20N)
[INFO] [1785745292.573892394] [mhe_node]: [post-event] m_est=1.961 kg (T_phys=19.60N)
[INFO] [1785745292.673269553] [mhe_node]: [post-event] m_est=1.961 kg (T_phys=20.16N)
[INFO] [1785745292.772760835] [mhe_node]: [post-event] m_est=1.961 kg (T_phys=20.92N)
[INFO] [1785745292.874616919] [mhe_node]: [post-event] m_est=1.961 kg (T_phys=21.91N)
[INFO] [1785745292.965914687] [mhe_node]: mass event confirmed by T_phys (23.06N vs baseline 20.38N) at frame 89: de-weighting pre-event stages
[INFO] [1785745292.966597947] [mhe_node]: event transition started: pre-event stages de-weighted
[INFO] [1785745292.974505580] [mhe_node]: [transition] m_est=1.961 kg (T_phys=23.06N)
[INFO] [1785745293.069710726] [mhe_node]: [transition] m_est=1.998 kg (T_phys=24.08N)
[INFO] [1785745293.168833076] [mhe_node]: [transition] m_est=2.104 kg (T_phys=25.13N)
[INFO] [1785745293.268811331] [mhe_node]: [transition] m_est=2.202 kg (T_phys=26.17N)
[INFO] [1785745293.369187530] [mhe_node]: [transition] m_est=2.248 kg (T_phys=26.23N)
[INFO] [1785745293.469232750] [mhe_node]: [transition] m_est=2.256 kg (T_phys=25.59N)
[INFO] [1785745293.569076457] [mhe_node]: [transition] m_est=2.256 kg (T_phys=24.52N)
[INFO] [1785745293.669639626] [mhe_node]: [transition] m_est=2.250 kg (T_phys=23.33N)
[INFO] [1785745293.769568113] [mhe_node]: [transition] m_est=2.235 kg (T_phys=22.63N)
[INFO] [1785745293.870027600] [mhe_node]: [transition] m_est=2.227 kg (T_phys=21.91N)
[INFO] [1785745293.969998197] [mhe_node]: [transition] m_est=2.217 kg (T_phys=21.66N)
[INFO] [1785745293.970438885] [mhe_node]: MHE mass estimate: 2.217 kg (T_phys=21.66N) | solve=5.2ms (max9.3)
[INFO] [1785745293.970831942] [mhe_node]: [tau_phys] roll=-0.116 pitch=+0.162 Nm | model pred: roll=-0.090 pitch=+0.103 (m_p=0.153 r=[-0.069,-0.060])
[INFO] [1785745293.971250510] [mhe_node]: [c_xy_est] cx=-0.0011 cy=-0.0039 m | truth c=[-0.0047,-0.0041] (m_p=0.153)
[INFO] [1785745294.070844095] [mhe_node]: [transition] m_est=2.213 kg (T_phys=21.34N)
[INFO] [1785745294.170428873] [mhe_node]: [transition] m_est=2.210 kg (T_phys=21.27N)
[INFO] [1785745294.272383663] [mhe_node]: [transition] m_est=2.210 kg (T_phys=21.07N)
[INFO] [1785745294.370705837] [mhe_node]: [transition] m_est=2.210 kg (T_phys=20.99N)
[INFO] [1785745294.471219875] [mhe_node]: [transition] m_est=2.213 kg (T_phys=20.78N)
[INFO] [1785745294.570669420] [mhe_node]: [transition] m_est=2.214 kg (T_phys=20.68N)
[INFO] [1785745294.670854894] [mhe_node]: [transition] m_est=2.217 kg (T_phys=20.51N)
[INFO] [1785745294.770688689] [mhe_node]: [transition] m_est=2.219 kg (T_phys=20.44N)
[INFO] [1785745294.870708205] [mhe_node]: [transition] m_est=2.222 kg (T_phys=20.36N)
[INFO] [1785745294.966661943] [mhe_node]: event transition ended: nominal weights restored
[INFO] [1785745294.970602376] [mhe_node]: [post-event] m_est=2.222 kg (T_phys=20.37N)
[INFO] [1785745295.070031155] [mhe_node]: [post-event] m_est=2.224 kg (T_phys=20.42N)
[INFO] [1785745295.169925450] [mhe_node]: [post-event] m_est=2.228 kg (T_phys=20.59N)
[INFO] [1785745295.270000967] [mhe_node]: [post-event] m_est=2.234 kg (T_phys=20.89N)
[INFO] [1785745295.369943491] [mhe_node]: [post-event] m_est=2.240 kg (T_phys=21.20N)
[INFO] [1785745295.470649111] [mhe_node]: [post-event] m_est=2.246 kg (T_phys=21.52N)
[INFO] [1785745295.569528122] [mhe_node]: [post-event] m_est=2.253 kg (T_phys=21.78N)
[INFO] [1785745295.669402134] [mhe_node]: [post-event] m_est=2.259 kg (T_phys=22.00N)
[INFO] [1785745295.768715839] [mhe_node]: [post-event] m_est=2.265 kg (T_phys=22.15N)
[INFO] [1785745295.869548739] [mhe_node]: [post-event] m_est=2.269 kg (T_phys=22.25N)
[INFO] [1785745295.970101673] [mhe_node]: [post-event] m_est=2.274 kg (T_phys=22.32N)
[INFO] [1785745295.970532321] [mhe_node]: MHE mass estimate: 2.274 kg (T_phys=22.32N) | solve=3.7ms (max5.5)
[INFO] [1785745295.970923729] [mhe_node]: [tau_phys] roll=-0.129 pitch=+0.169 Nm | model pred: roll=-0.123 pitch=+0.141 (m_p=0.209 r=[-0.069,-0.060])
[INFO] [1785745295.971340741] [mhe_node]: [c_xy_est] cx=-0.0051 cy=-0.0049 m | truth c=[-0.0063,-0.0055] (m_p=0.209)
[INFO] [1785745296.069125867] [mhe_node]: [post-event] m_est=2.277 kg (T_phys=22.34N)
[INFO] [1785745296.169166868] [mhe_node]: [post-event] m_est=2.280 kg (T_phys=22.33N)
[INFO] [1785745296.268440671] [mhe_node]: [post-event] m_est=2.283 kg (T_phys=22.31N)
[INFO] [1785745296.369170489] [mhe_node]: [post-event] m_est=2.285 kg (T_phys=22.28N)
[INFO] [1785745296.469183346] [mhe_node]: [post-event] m_est=2.287 kg (T_phys=22.27N)
[INFO] [1785745296.568771512] [mhe_node]: [post-event] m_est=2.288 kg (T_phys=22.26N)
[INFO] [1785745296.668744905] [mhe_node]: [post-event] m_est=2.288 kg (T_phys=22.26N)
[INFO] [1785745296.768726319] [mhe_node]: [post-event] m_est=2.288 kg (T_phys=22.27N)
[INFO] [1785745296.868723253] [mhe_node]: [post-event] m_est=2.288 kg (T_phys=22.29N)
[INFO] [1785745296.968772261] [mhe_node]: [post-event] m_est=2.288 kg (T_phys=22.29N)
[INFO] [1785745297.068856230] [mhe_node]: [post-event] m_est=2.287 kg (T_phys=22.29N)
[INFO] [1785745297.168795765] [mhe_node]: [post-event] m_est=2.286 kg (T_phys=22.28N)
[INFO] [1785745297.268753278] [mhe_node]: [post-event] m_est=2.285 kg (T_phys=22.28N)
[INFO] [1785745297.368795978] [mhe_node]: [post-event] m_est=2.284 kg (T_phys=22.30N)
[INFO] [1785745297.468763035] [mhe_node]: [post-event] m_est=2.284 kg (T_phys=22.34N)
[INFO] [1785745297.968465177] [mhe_node]: MHE mass estimate: 2.284 kg (T_phys=22.41N) | solve=2.4ms (max2.9)
[INFO] [1785745297.968877492] [mhe_node]: [tau_phys] roll=-0.143 pitch=+0.158 Nm | model pred: roll=-0.129 pitch=+0.148 (m_p=0.219 r=[-0.069,-0.060])
[INFO] [1785745297.969300072] [mhe_node]: [c_xy_est] cx=-0.0065 cy=-0.0053 m | truth c=[-0.0066,-0.0058] (m_p=0.219)
[INFO] [1785745299.968524531] [mhe_node]: MHE mass estimate: 2.286 kg (T_phys=22.43N) | solve=1.9ms (max2.1)
[INFO] [1785745299.968939839] [mhe_node]: [tau_phys] roll=-0.128 pitch=+0.161 Nm | model pred: roll=-0.130 pitch=+0.150 (m_p=0.221 r=[-0.069,-0.060])
[INFO] [1785745299.969368513] [mhe_node]: [c_xy_est] cx=-0.0070 cy=-0.0054 m | truth c=[-0.0067,-0.0058] (m_p=0.221)
[INFO] [1785745301.968492605] [mhe_node]: MHE mass estimate: 2.287 kg (T_phys=22.43N) | solve=1.7ms (max1.9)
[INFO] [1785745301.968902160] [mhe_node]: [tau_phys] roll=-0.117 pitch=+0.177 Nm | model pred: roll=-0.131 pitch=+0.151 (m_p=0.223 r=[-0.069,-0.060])
[INFO] [1785745301.969323156] [mhe_node]: [c_xy_est] cx=-0.0072 cy=-0.0054 m | truth c=[-0.0067,-0.0059] (m_p=0.223)
[INFO] [1785745303.968470466] [mhe_node]: MHE mass estimate: 2.287 kg (T_phys=22.44N) | solve=1.9ms (max2.0)
[INFO] [1785745303.968881199] [mhe_node]: [tau_phys] roll=-0.129 pitch=+0.178 Nm | model pred: roll=-0.131 pitch=+0.151 (m_p=0.223 r=[-0.069,-0.060])
[INFO] [1785745303.969304478] [mhe_node]: [c_xy_est] cx=-0.0073 cy=-0.0054 m | truth c=[-0.0067,-0.0059] (m_p=0.223)
[ros2run]: Killed
