[INFO] [1789365414.712975227] [mhe_node]: MHE node starting, building/loading solver... (geom_coupled=True, N=20, m_min=1.961, m_B=2.0643)
Code reuse possible, skipping code generation.
acados was compiled without OpenMP.
[INFO] [1789365414.719978140] [mhe_node]: [prior] geom_coupled=True → 载荷质量信息**完全不生效**(grip_payload_envelope=0.3 是死代码:coupled 档下 _payload_geometry 根本不被调用);模型只吃可测杆臂 r_p + 被估质量,m 的先验仅有 Q0 质量维=0.1 (σ=3.16kg,实质无先验)
[WARN] [1789365414.720467347] [mhe_node]: geom_release_mode='self':估计器不被告知 drop。⚠️ 2026-08-24 实测,**NMPC 侧也设成 'self' 会必然坠机**——drop 后控制器继续按幽灵偏心载荷配平,指令 0.424N·m(tau_max 的 85%)作用在空机 J_xx=0.0142 上 = 29.8 rad/s²,而 MHE 10Hz/2s 窗口要 1~2s 才纠得过来,飞机先翻。**正确组合 = MHE 'self' + NMPC 'event'**(控制器是发释放指令的一方,它知道不构成认知作弊)。
[INFO] [1789365414.722381890] [mhe_node]: [moment-ref] 物理上限由平台包线派生: 0.0390 kg·m = 0.30kg x 0.13m
[INFO] [1789365414.723081374] [mhe_node]: [c_xy_est] 质量域卸载判据已开:先武装(m_p>0.090kg),再判 m_p<0.03kg 持续 20 帧 -> 释放偏心估计
[INFO] [1789365414.723744168] [mhe_node]: [c_xy] 来源 = 一阶质量矩 s/m_T(窗口内估计,**无稳态门控**),替代窗外 EMA —— 机动中也会更新
[INFO] [1789365414.724850392] [mhe_node]: weight schedule theta = [-4.00, 0.00, 0.00, 0.00], signal mode = residual (residual self-trigger: thresh=4.4N persist=2 baseline_tau=3.0s)
[INFO] [1789365414.728352532] [mhe_node]: [release-selfcheck] READY: c_xy_est_enable=1, moment-state ns=2, ratio=0.30; legacy_mass=1, watchdog=3.0s
[INFO] [1789365414.729225755] [mhe_node]: MHE node initialized! tau_source=command (roll/pitch NMPC意图值, yaw NMPC意图值), motor_window_avg=False, geom_release_mode=self. Waiting for odometry + control data...
[INFO] [1789365437.028926257] [mhe_node]: arrival prior seeded: m=2.064 kg (m_nominal prior)
[INFO] [1789365437.029351970] [mhe_node]: [geom] model_geom_on=True (release_mode=self, truth_attached=False) mode=coupled(r_p) -> geom=[ 0.    0.   -0.47] dJ=0.0000 c_xy=[+0.0000,+0.0000] (dJ/c 为按当前 m_est 折算的诊断当量,模型内部随 m 实时生成)
[INFO] [1789365438.938683150] [mhe_node]: MHE mass estimate: 2.045 kg (T_phys=20.08N) | solve=5.7ms (max15.7)
[INFO] [1789365438.939226141] [mhe_node]: [truth] m_hat=2.0446 m_true=2.0643 err=-0.95% | c_hat=[+0.0000,+0.0000] c_true=[+0.0000,+0.0000] | Jxx_hat=0.01420 Jxx_true=0.01420 Jyz_hat=+0.00000 Jyz_true=+0.00000 | s_hat=[-0.0023,-0.0001] s_true=[+0.0000,+0.0000] kg·m
[INFO] [1789365438.939735048] [mhe_node]: [tau_phys] roll=+0.004 pitch=-0.007 Nm
[INFO] [1789365438.940319550] [mhe_node]: [mass-diag] m_est=2.0446 T=20.084N tilt=6.52deg cos=0.99354 | T/g=2.0473 T*cos/g=2.0340 | m_est-T*cos/g=+0.0106kg (+0.52%) vz=+0.060
[INFO] [1789365438.940890261] [mhe_node]: [c_xy_est] cx=-0.0010 cy=-0.0000 m
[INFO] [1789365440.936171980] [mhe_node]: MHE mass estimate: 2.059 kg (T_phys=20.63N) | solve=10.2ms (max18.3)
[INFO] [1789365440.936707721] [mhe_node]: [truth] m_hat=2.0588 m_true=2.0643 err=-0.27% | c_hat=[+0.0000,+0.0000] c_true=[+0.0000,+0.0000] | Jxx_hat=0.01420 Jxx_true=0.01420 Jyz_hat=+0.00000 Jyz_true=+0.00000 | s_hat=[-0.0008,+0.0001] s_true=[+0.0000,+0.0000] kg·m
[INFO] [1789365440.937222294] [mhe_node]: [tau_phys] roll=-0.001 pitch=-0.007 Nm
[INFO] [1789365440.937803025] [mhe_node]: [mass-diag] m_est=2.0588 T=20.629N tilt=1.96deg cos=0.99941 | T/g=2.1029 T*cos/g=2.1016 | m_est-T*cos/g=-0.0429kg (-2.04%) vz=+0.028
[INFO] [1789365440.938378968] [mhe_node]: [c_xy_est] cx=-0.0005 cy=+0.0001 m
[INFO] [1789365442.935286253] [mhe_node]: MHE mass estimate: 2.062 kg (T_phys=20.28N) | solve=5.6ms (max9.9)
[INFO] [1789365442.935816540] [mhe_node]: [truth] m_hat=2.0617 m_true=2.0643 err=-0.12% | c_hat=[+0.0000,+0.0000] c_true=[+0.0000,+0.0000] | Jxx_hat=0.01420 Jxx_true=0.01420 Jyz_hat=+0.00000 Jyz_true=+0.00000 | s_hat=[+0.0001,-0.0001] s_true=[+0.0000,+0.0000] kg·m
[INFO] [1789365442.936340991] [mhe_node]: [tau_phys] roll=+0.001 pitch=-0.001 Nm
[INFO] [1789365442.936918081] [mhe_node]: [mass-diag] m_est=2.0617 T=20.277N tilt=0.37deg cos=0.99998 | T/g=2.0670 T*cos/g=2.0669 | m_est-T*cos/g=-0.0052kg (-0.25%) vz=-0.012
[INFO] [1789365442.937492031] [mhe_node]: [c_xy_est] cx=+0.0000 cy=-0.0000 m
[INFO] [1789365444.934534681] [mhe_node]: MHE mass estimate: 2.038 kg (T_phys=18.50N) | solve=4.7ms (max8.2)
[INFO] [1789365444.935070362] [mhe_node]: [truth] m_hat=2.0375 m_true=2.0643 err=-1.30% | c_hat=[+0.0000,+0.0000] c_true=[+0.0000,+0.0000] | Jxx_hat=0.01420 Jxx_true=0.01420 Jyz_hat=+0.00000 Jyz_true=+0.00000 | s_hat=[+0.0001,-0.0001] s_true=[+0.0000,+0.0000] kg·m
[INFO] [1789365444.935578921] [mhe_node]: [tau_phys] roll=-0.000 pitch=-0.000 Nm
[INFO] [1789365444.936157784] [mhe_node]: [mass-diag] m_est=2.0375 T=18.504N tilt=0.38deg cos=0.99998 | T/g=1.8862 T*cos/g=1.8862 | m_est-T*cos/g=+0.1513kg (+8.02%) vz=-0.624
[INFO] [1789365444.936726569] [mhe_node]: [c_xy_est] cx=+0.0001 cy=-0.0000 m
[INFO] [1789365446.933513015] [mhe_node]: MHE mass estimate: 2.054 kg (T_phys=20.35N) | solve=4.7ms (max8.2)
[INFO] [1789365446.934050321] [mhe_node]: [truth] m_hat=2.0536 m_true=2.0643 err=-0.52% | c_hat=[+0.0000,+0.0000] c_true=[+0.0000,+0.0000] | Jxx_hat=0.01420 Jxx_true=0.01420 Jyz_hat=+0.00000 Jyz_true=+0.00000 | s_hat=[-0.0001,-0.0000] s_true=[+0.0000,+0.0000] kg·m
[INFO] [1789365446.934561403] [mhe_node]: [tau_phys] roll=+0.002 pitch=+0.002 Nm
[INFO] [1789365446.935137477] [mhe_node]: [mass-diag] m_est=2.0536 T=20.354N tilt=0.28deg cos=0.99999 | T/g=2.0748 T*cos/g=2.0748 | m_est-T*cos/g=-0.0212kg (-1.02%) vz=-0.052
[INFO] [1789365446.935707904] [mhe_node]: [c_xy_est] cx=-0.0000 cy=-0.0000 m
[WARN] [1789365448.810301062] [mhe_node]: MHE solve failed [status=2], skipping this window (streak 1)
[WARN] [1789365448.905482801] [mhe_node]: MHE solve failed [status=2], skipping this window (streak 2)
[WARN] [1789365449.005633345] [mhe_node]: MHE solve failed [status=2], skipping this window (streak 3)
[WARN] [1789365449.103018019] [mhe_node]: MHE solve failed [status=2], skipping this window (streak 4)
[WARN] [1789365449.204163010] [mhe_node]: MHE solve failed [status=2], skipping this window (streak 5)
[WARN] [1789365449.204512037] [mhe_node]: re-anchored arrival prior to current window after 5 consecutive failures (m seeded from thrust_phys: 1.961 -> 1.961 kg)
[INFO] [1789365449.474418520] [mhe_node]: MHE mass estimate: 1.961 kg (T_phys=19.73N) | solve=38.1ms (max81.0)
[INFO] [1789365449.474810171] [mhe_node]: [truth] m_hat=1.9611 m_true=2.0643 err=-5.00% | c_hat=[+0.0000,+0.0000] c_true=[+0.0000,+0.0000] | Jxx_hat=0.01420 Jxx_true=0.01420 Jyz_hat=+0.00000 Jyz_true=+0.00000 | s_hat=[+0.0237,-0.0005] s_true=[+0.0000,+0.0000] kg·m
[INFO] [1789365449.475172874] [mhe_node]: [tau_phys] roll=+0.227 pitch=-0.048 Nm
[INFO] [1789365449.475588053] [mhe_node]: [mass-diag] m_est=1.9611 T=19.731N tilt=1.18deg cos=0.99979 | T/g=2.0113 T*cos/g=2.0109 | m_est-T*cos/g=-0.0498kg (-2.47%) vz=-0.016
[INFO] [1789365449.475989137] [mhe_node]: [c_xy_est] cx=+0.0126 cy=-0.0004 m
[WARN] [1789365449.619515873] [mhe_node]: MHE solve failed [status=2], skipping this window (streak 1)
[WARN] [1789365449.703657467] [mhe_node]: MHE solve failed [status=2], skipping this window (streak 2)
[WARN] [1789365449.802874164] [mhe_node]: MHE solve failed [status=2], skipping this window (streak 3)
[WARN] [1789365449.904400841] [mhe_node]: MHE solve failed [status=2], skipping this window (streak 4)
[WARN] [1789365450.005632103] [mhe_node]: MHE solve failed [status=2], skipping this window (streak 5)
[WARN] [1789365450.005971899] [mhe_node]: re-anchored arrival prior to current window after 5 consecutive failures (m seeded from thrust_phys: 1.961 -> 1.961 kg)
[WARN] [1789365450.200802609] [mhe_node]: MHE solve failed [status=2], skipping this window (streak 1)
[INFO] [1789365452.055737115] [mhe_node]: MHE mass estimate: 1.961 kg (T_phys=22.79N) | solve=33.5ms (max71.6)
[INFO] [1789365452.056273885] [mhe_node]: [truth] m_hat=1.9611 m_true=2.0643 err=-5.00% | c_hat=[+0.0000,+0.0000] c_true=[+0.0000,+0.0000] | Jxx_hat=0.01420 Jxx_true=0.01420 Jyz_hat=+0.00000 Jyz_true=+0.00000 | s_hat=[+0.0047,+0.0015] s_true=[+0.0000,+0.0000] kg·m
[INFO] [1789365452.056788779] [mhe_node]: [tau_phys] roll=-0.010 pitch=-0.188 Nm
[INFO] [1789365452.057369057] [mhe_node]: [mass-diag] m_est=1.9611 T=22.794N tilt=0.27deg cos=0.99999 | T/g=2.3235 T*cos/g=2.3235 | m_est-T*cos/g=-0.3624kg (-15.60%) vz=+0.319
[INFO] [1789365452.057936219] [mhe_node]: [c_xy_est] cx=+0.0031 cy=+0.0009 m
[INFO] [1789365454.050896812] [mhe_node]: MHE mass estimate: 2.173 kg (T_phys=21.44N) | solve=19.4ms (max34.8)
[INFO] [1789365454.051466477] [mhe_node]: [truth] m_hat=2.1726 m_true=2.0643 err=+5.25% | c_hat=[+0.0000,+0.0000] c_true=[+0.0000,+0.0000] | Jxx_hat=0.01420 Jxx_true=0.01420 Jyz_hat=+0.00000 Jyz_true=+0.00000 | s_hat=[+0.0011,-0.0092] s_true=[+0.0000,+0.0000] kg·m
[INFO] [1789365454.051976667] [mhe_node]: [tau_phys] roll=-0.129 pitch=+0.611 Nm
[INFO] [1789365454.052557583] [mhe_node]: [mass-diag] m_est=2.1726 T=21.445N tilt=1.68deg cos=0.99957 | T/g=2.1860 T*cos/g=2.1851 | m_est-T*cos/g=-0.0125kg (-0.57%) vz=+1.120
[INFO] [1789365454.053133798] [mhe_node]: [c_xy_est] cx=+0.0013 cy=-0.0043 m
[INFO] [1789365456.036955886] [mhe_node]: MHE mass estimate: 2.237 kg (T_phys=21.54N) | solve=16.1ms (max30.2)
[INFO] [1789365456.037519201] [mhe_node]: [truth] m_hat=2.2366 m_true=2.0643 err=+8.35% | c_hat=[+0.0000,+0.0000] c_true=[+0.0000,+0.0000] | Jxx_hat=0.01420 Jxx_true=0.01420 Jyz_hat=+0.00000 Jyz_true=+0.00000 | s_hat=[+0.0007,-0.0102] s_true=[+0.0000,+0.0000] kg·m
[INFO] [1789365456.038036391] [mhe_node]: [tau_phys] roll=-0.105 pitch=-0.021 Nm
[INFO] [1789365456.038616553] [mhe_node]: [mass-diag] m_est=2.2366 T=21.541N tilt=0.36deg cos=0.99998 | T/g=2.1959 T*cos/g=2.1958 | m_est-T*cos/g=+0.0408kg (+1.86%) vz=+1.016
[INFO] [1789365456.039190826] [mhe_node]: [c_xy_est] cx=+0.0005 cy=-0.0045 m
[INFO] [1789365456.928912171] [mhe_node]: [payload-state] EMPTY->LOADED (sustained m_p evidence, m_p=+0.180kg)
[INFO] [1789365457.028924961] [mhe_node]: [s-collapse] moment 基准未就绪(窗口 2/20, 越界剔除 0) — 暂不判决
[INFO] [1789365458.028902445] [mhe_node]: [s-collapse] moment 基准未就绪(窗口 12/20, 越界剔除 0) — 暂不判决
[INFO] [1789365458.033604035] [mhe_node]: MHE mass estimate: 2.230 kg (T_phys=20.90N) | solve=5.5ms (max10.7)
[INFO] [1789365458.034154451] [mhe_node]: [truth] m_hat=2.2298 m_true=2.0643 err=+8.02% | c_hat=[+0.0000,+0.0000] c_true=[+0.0000,+0.0000] | Jxx_hat=0.01420 Jxx_true=0.01420 Jyz_hat=+0.00000 Jyz_true=+0.00000 | s_hat=[+0.0002,-0.0113] s_true=[+0.0000,+0.0000] kg·m
[INFO] [1789365458.034661237] [mhe_node]: [tau_phys] roll=-0.107 pitch=-0.012 Nm
[INFO] [1789365458.035239845] [mhe_node]: [mass-diag] m_est=2.2298 T=20.896N tilt=0.29deg cos=0.99999 | T/g=2.1300 T*cos/g=2.1300 | m_est-T*cos/g=+0.0998kg (+4.69%) vz=+0.256
[INFO] [1789365458.035810504] [mhe_node]: [c_xy_est] cx=+0.0002 cy=-0.0050 m
[INFO] [1789365458.828860086] [mhe_node]: [c_xy_est] 质量域判据已武装(m_p=0.156kg 连续20帧高于水位)
[INFO] [1789365458.829325307] [mhe_node]: [moment-ref] 基准已建立并冻结: |s_ref|=0.01130 kg·m (窗口 20 帧, 中位 0.01130, 离散 0.00, 方向一致度 1.00, 越界剔除 0 帧) — 此后不再更新
[INFO] [1789365458.929064533] [mhe_node]: [s-collapse] |s|=0.01122 ref=0.01130 peak=0.01134 ovr=0 ratio=0.993 (thr 0.30) moment=0 quantity=0 resid=0 health=1 age=0.10 solve_ok=1 reanch=0 m_p=+0.1544 slow=0/5
[INFO] [1789365459.928888662] [mhe_node]: [s-collapse] |s|=0.01122 ref=0.01130 peak=0.01134 ovr=0 ratio=0.993 (thr 0.30) moment=0 quantity=0 resid=0 health=1 age=0.10 solve_ok=1 reanch=0 m_p=+0.1477 slow=0/5
[INFO] [1789365460.033374507] [mhe_node]: MHE mass estimate: 2.211 kg (T_phys=21.62N) | solve=3.3ms (max4.5)
[INFO] [1789365460.033927451] [mhe_node]: [truth] m_hat=2.2111 m_true=2.0643 err=+7.11% | c_hat=[+0.0000,+0.0000] c_true=[+0.0000,+0.0000] | Jxx_hat=0.01420 Jxx_true=0.01420 Jyz_hat=+0.00000 Jyz_true=+0.00000 | s_hat=[+0.0004,-0.0113] s_true=[+0.0000,+0.0000] kg·m
[INFO] [1789365460.034446891] [mhe_node]: [tau_phys] roll=-0.118 pitch=-0.011 Nm
[INFO] [1789365460.035020634] [mhe_node]: [mass-diag] m_est=2.2111 T=21.619N tilt=0.60deg cos=0.99995 | T/g=2.2037 T*cos/g=2.2036 | m_est-T*cos/g=+0.0074kg (+0.34%) vz=-0.025
[INFO] [1789365460.035597410] [mhe_node]: [c_xy_est] cx=+0.0002 cy=-0.0051 m
[INFO] [1789365460.929019249] [mhe_node]: [s-collapse] |s|=0.01152 ref=0.01130 peak=0.01152 ovr=0 ratio=1.020 (thr 0.30) moment=0 quantity=0 resid=0 health=1 age=0.10 solve_ok=1 reanch=0 m_p=+0.1441 slow=0/5
[INFO] [1789365461.929020455] [mhe_node]: [s-collapse] |s|=0.01155 ref=0.01130 peak=0.01162 ovr=0 ratio=1.022 (thr 0.30) moment=0 quantity=0 resid=0 health=1 age=0.10 solve_ok=1 reanch=0 m_p=+0.1438 slow=0/5
[INFO] [1789365462.033319771] [mhe_node]: MHE mass estimate: 2.208 kg (T_phys=21.67N) | solve=3.4ms (max4.6)
[INFO] [1789365462.034000687] [mhe_node]: [truth] m_hat=2.2075 m_true=2.0643 err=+6.94% | c_hat=[+0.0000,+0.0000] c_true=[+0.0000,+0.0000] | Jxx_hat=0.01420 Jxx_true=0.01420 Jyz_hat=+0.00000 Jyz_true=+0.00000 | s_hat=[+0.0002,-0.0116] s_true=[+0.0000,+0.0000] kg·m
[INFO] [1789365462.034514534] [mhe_node]: [tau_phys] roll=-0.096 pitch=-0.005 Nm
[INFO] [1789365462.035264023] [mhe_node]: [mass-diag] m_est=2.2075 T=21.667N tilt=0.13deg cos=1.00000 | T/g=2.2087 T*cos/g=2.2087 | m_est-T*cos/g=-0.0011kg (-0.05%) vz=-0.042
[INFO] [1789365462.035834240] [mhe_node]: [c_xy_est] cx=+0.0001 cy=-0.0052 m
[INFO] [1789365462.928986955] [mhe_node]: [s-collapse] |s|=0.01124 ref=0.01130 peak=0.01162 ovr=0 ratio=0.995 (thr 0.30) moment=0 quantity=0 resid=0 health=1 age=0.09 solve_ok=1 reanch=0 m_p=+0.1449 slow=0/5
[INFO] [1789365463.928987923] [mhe_node]: [s-collapse] |s|=0.01106 ref=0.01130 peak=0.01162 ovr=0 ratio=0.978 (thr 0.30) moment=0 quantity=0 resid=0 health=1 age=0.09 solve_ok=1 reanch=0 m_p=+0.1444 slow=0/5
[INFO] [1789365464.037223082] [mhe_node]: MHE mass estimate: 2.207 kg (T_phys=21.57N) | solve=4.9ms (max10.7)
[INFO] [1789365464.037770459] [mhe_node]: [truth] m_hat=2.2071 m_true=2.0643 err=+6.92% | c_hat=[+0.0000,+0.0000] c_true=[+0.0000,+0.0000] | Jxx_hat=0.01420 Jxx_true=0.01420 Jyz_hat=+0.00000 Jyz_true=+0.00000 | s_hat=[-0.0002,-0.0111] s_true=[+0.0000,+0.0000] kg·m
[INFO] [1789365464.038283525] [mhe_node]: [tau_phys] roll=-0.096 pitch=-0.013 Nm
[INFO] [1789365464.038857857] [mhe_node]: [mass-diag] m_est=2.2071 T=21.573N tilt=0.63deg cos=0.99994 | T/g=2.1991 T*cos/g=2.1989 | m_est-T*cos/g=+0.0081kg (+0.37%) vz=+0.002
[INFO] [1789365464.039430753] [mhe_node]: [c_xy_est] cx=-0.0000 cy=-0.0050 m
[INFO] [1789365464.928999270] [mhe_node]: [s-collapse] |s|=0.01117 ref=0.01130 peak=0.01162 ovr=0 ratio=0.989 (thr 0.30) moment=0 quantity=0 resid=0 health=1 age=0.09 solve_ok=1 reanch=0 m_p=+0.1348 slow=0/5
[INFO] [1789365465.928974416] [mhe_node]: [s-collapse] |s|=0.01139 ref=0.01130 peak=0.01162 ovr=0 ratio=1.008 (thr 0.30) moment=0 quantity=0 resid=0 health=1 age=0.09 solve_ok=1 reanch=0 m_p=+0.1344 slow=0/5
[INFO] [1789365466.038078700] [mhe_node]: MHE mass estimate: 2.198 kg (T_phys=21.77N) | solve=8.0ms (max10.7)
[INFO] [1789365466.038654684] [mhe_node]: [truth] m_hat=2.1977 m_true=2.0643 err=+6.46% | c_hat=[+0.0000,+0.0000] c_true=[+0.0000,+0.0000] | Jxx_hat=0.01420 Jxx_true=0.01420 Jyz_hat=+0.00000 Jyz_true=+0.00000 | s_hat=[-0.0034,-0.0110] s_true=[+0.0000,+0.0000] kg·m
[INFO] [1789365466.039170074] [mhe_node]: [tau_phys] roll=-0.113 pitch=+0.117 Nm
[INFO] [1789365466.039745803] [mhe_node]: [mass-diag] m_est=2.1977 T=21.771N tilt=4.60deg cos=0.99677 | T/g=2.2193 T*cos/g=2.2121 | m_est-T*cos/g=-0.0144kg (-0.65%) vz=+0.032
[INFO] [1789365466.040313703] [mhe_node]: [c_xy_est] cx=-0.0013 cy=-0.0050 m
[INFO] [1789365466.828946730] [mhe_node]: [c_xy-clamp] 越界剔除 0/300 (0.0%) 上限 0.0390 kg·m clamp=1
[INFO] [1789365466.928940382] [mhe_node]: [s-collapse] |s|=0.01455 ref=0.01130 peak=0.01455 ovr=0 ratio=1.288 (thr 0.30) moment=0 quantity=0 resid=0 health=1 age=0.09 solve_ok=1 reanch=0 m_p=+0.1314 slow=0/5
[INFO] [1789365467.929028368] [mhe_node]: [s-collapse] |s|=0.02025 ref=0.01130 peak=0.02025 ovr=0 ratio=1.792 (thr 0.30) moment=0 quantity=0 resid=0 health=1 age=0.09 solve_ok=1 reanch=0 m_p=+0.1314 slow=0/5
[INFO] [1789365468.039391303] [mhe_node]: MHE mass estimate: 2.196 kg (T_phys=21.74N) | solve=8.2ms (max17.2)
[INFO] [1789365468.039946395] [mhe_node]: [truth] m_hat=2.1959 m_true=2.0643 err=+6.38% | c_hat=[+0.0000,+0.0000] c_true=[+0.0000,+0.0000] | Jxx_hat=0.01420 Jxx_true=0.01420 Jyz_hat=+0.00000 Jyz_true=+0.00000 | s_hat=[-0.0182,-0.0105] s_true=[+0.0000,+0.0000] kg·m
[INFO] [1789365468.040462837] [mhe_node]: [tau_phys] roll=-0.101 pitch=+0.432 Nm
[INFO] [1789365468.041039148] [mhe_node]: [mass-diag] m_est=2.1959 T=21.738N tilt=3.97deg cos=0.99760 | T/g=2.2159 T*cos/g=2.2105 | m_est-T*cos/g=-0.0146kg (-0.66%) vz=+0.137
[INFO] [1789365468.041607981] [mhe_node]: [c_xy_est] cx=-0.0081 cy=-0.0048 m
[INFO] [1789365468.928985739] [mhe_node]: [s-collapse] |s|=0.02505 ref=0.01130 peak=0.02505 ovr=0 ratio=2.217 (thr 0.30) moment=0 quantity=0 resid=0 health=1 age=0.09 solve_ok=1 reanch=0 m_p=+0.1292 slow=0/5
[INFO] [1789365469.929104611] [mhe_node]: [s-collapse] |s|=0.02647 ref=0.01130 peak=0.02647 ovr=0 ratio=2.342 (thr 0.30) moment=0 quantity=0 resid=0 health=1 age=0.10 solve_ok=1 reanch=0 m_p=+0.1304 slow=0/5
[INFO] [1789365470.035296716] [mhe_node]: MHE mass estimate: 2.195 kg (T_phys=21.59N) | solve=6.8ms (max9.6)
[INFO] [1789365470.035885544] [mhe_node]: [truth] m_hat=2.1947 m_true=2.0643 err=+6.32% | c_hat=[+0.0000,+0.0000] c_true=[+0.0000,+0.0000] | Jxx_hat=0.01420 Jxx_true=0.01420 Jyz_hat=+0.00000 Jyz_true=+0.00000 | s_hat=[-0.0237,-0.0104] s_true=[+0.0000,+0.0000] kg·m
[INFO] [1789365470.036425235] [mhe_node]: [tau_phys] roll=-0.076 pitch=+0.240 Nm
[INFO] [1789365470.037032983] [mhe_node]: [mass-diag] m_est=2.1947 T=21.588N tilt=3.89deg cos=0.99770 | T/g=2.2006 T*cos/g=2.1956 | m_est-T*cos/g=-0.0008kg (-0.04%) vz=+0.136
[INFO] [1789365470.037623019] [mhe_node]: [c_xy_est] cx=-0.0110 cy=-0.0047 m
[INFO] [1789365470.929063392] [mhe_node]: [s-collapse] |s|=0.02274 ref=0.01130 peak=0.02647 ovr=0 ratio=2.013 (thr 0.30) moment=0 quantity=0 resid=0 health=1 age=0.09 solve_ok=1 reanch=0 m_p=+0.1293 slow=0/5
[INFO] [1789365471.929090016] [mhe_node]: [s-collapse] |s|=0.01813 ref=0.01130 peak=0.02647 ovr=0 ratio=1.604 (thr 0.30) moment=0 quantity=0 resid=0 health=1 age=0.09 solve_ok=1 reanch=0 m_p=+0.1349 slow=0/5
[INFO] [1789365472.033832801] [mhe_node]: MHE mass estimate: 2.200 kg (T_phys=21.60N) | solve=7.5ms (max11.8)
[INFO] [1789365472.034243550] [mhe_node]: [truth] m_hat=2.2004 m_true=2.0643 err=+6.59% | c_hat=[+0.0000,+0.0000] c_true=[+0.0000,+0.0000] | Jxx_hat=0.01420 Jxx_true=0.01420 Jyz_hat=+0.00000 Jyz_true=+0.00000 | s_hat=[-0.0143,-0.0102] s_true=[+0.0000,+0.0000] kg·m
[INFO] [1789365472.034602202] [mhe_node]: [tau_phys] roll=-0.086 pitch=+0.137 Nm
[INFO] [1789365472.035011671] [mhe_node]: [mass-diag] m_est=2.2004 T=21.598N tilt=4.43deg cos=0.99701 | T/g=2.2016 T*cos/g=2.1951 | m_est-T*cos/g=+0.0054kg (+0.25%) vz=+0.053
[INFO] [1789365472.035413476] [mhe_node]: [c_xy_est] cx=-0.0067 cy=-0.0047 m
[INFO] [1789365472.928987033] [mhe_node]: [s-collapse] |s|=0.01679 ref=0.01130 peak=0.02647 ovr=0 ratio=1.486 (thr 0.30) moment=0 quantity=0 resid=0 health=1 age=0.09 solve_ok=1 reanch=0 m_p=+0.1375 slow=0/5
[INFO] [1789365473.928975060] [mhe_node]: [s-collapse] |s|=0.01757 ref=0.01130 peak=0.02647 ovr=0 ratio=1.555 (thr 0.30) moment=0 quantity=0 resid=0 health=1 age=0.09 solve_ok=1 reanch=0 m_p=+0.1332 slow=0/5
[INFO] [1789365474.032561506] [mhe_node]: MHE mass estimate: 2.197 kg (T_phys=21.52N) | solve=5.9ms (max12.8)
[INFO] [1789365474.032971831] [mhe_node]: [truth] m_hat=2.1968 m_true=2.0643 err=+6.42% | c_hat=[+0.0000,+0.0000] c_true=[+0.0000,+0.0000] | Jxx_hat=0.01420 Jxx_true=0.01420 Jyz_hat=+0.00000 Jyz_true=+0.00000 | s_hat=[-0.0150,-0.0094] s_true=[+0.0000,+0.0000] kg·m
[INFO] [1789365474.033332794] [mhe_node]: [tau_phys] roll=-0.095 pitch=+0.150 Nm
[INFO] [1789365474.033741837] [mhe_node]: [mass-diag] m_est=2.1968 T=21.518N tilt=1.92deg cos=0.99944 | T/g=2.1934 T*cos/g=2.1922 | m_est-T*cos/g=+0.0047kg (+0.21%) vz=-0.011
[INFO] [1789365474.034152730] [mhe_node]: [c_xy_est] cx=-0.0068 cy=-0.0043 m
[INFO] [1789365474.929026080] [mhe_node]: [s-collapse] |s|=0.01779 ref=0.01130 peak=0.02647 ovr=0 ratio=1.574 (thr 0.30) moment=0 quantity=0 resid=0 health=1 age=0.09 solve_ok=1 reanch=0 m_p=+0.1349 slow=0/5
[INFO] [1789365475.928973060] [mhe_node]: [s-collapse] |s|=0.01819 ref=0.01130 peak=0.02647 ovr=0 ratio=1.610 (thr 0.30) moment=0 quantity=0 resid=0 health=1 age=0.10 solve_ok=1 reanch=0 m_p=+0.1361 slow=0/5
[INFO] [1789365476.034262988] [mhe_node]: MHE mass estimate: 2.200 kg (T_phys=21.49N) | solve=4.1ms (max4.7)
[INFO] [1789365476.034814741] [mhe_node]: [truth] m_hat=2.1998 m_true=2.0643 err=+6.56% | c_hat=[+0.0000,+0.0000] c_true=[+0.0000,+0.0000] | Jxx_hat=0.01420 Jxx_true=0.01420 Jyz_hat=+0.00000 Jyz_true=+0.00000 | s_hat=[-0.0153,-0.0100] s_true=[+0.0000,+0.0000] kg·m
[INFO] [1789365476.035336161] [mhe_node]: [tau_phys] roll=-0.091 pitch=+0.131 Nm
[INFO] [1789365476.035916623] [mhe_node]: [mass-diag] m_est=2.1998 T=21.488N tilt=1.23deg cos=0.99977 | T/g=2.1904 T*cos/g=2.1899 | m_est-T*cos/g=+0.0099kg (+0.45%) vz=-0.022
[INFO] [1789365476.036509576] [mhe_node]: [c_xy_est] cx=-0.0069 cy=-0.0045 m
[INFO] [1789365476.929087957] [mhe_node]: [s-collapse] |s|=0.01784 ref=0.01130 peak=0.02647 ovr=0 ratio=1.578 (thr 0.30) moment=0 quantity=0 resid=0 health=1 age=0.09 solve_ok=1 reanch=0 m_p=+0.1334 slow=0/5
[INFO] [1789365477.928984420] [mhe_node]: [s-collapse] |s|=0.01651 ref=0.01130 peak=0.02647 ovr=0 ratio=1.462 (thr 0.30) moment=0 quantity=0 resid=0 health=1 age=0.09 solve_ok=1 reanch=0 m_p=+0.1344 slow=0/5
[INFO] [1789365478.035109530] [mhe_node]: MHE mass estimate: 2.199 kg (T_phys=21.62N) | solve=5.7ms (max13.0)
[INFO] [1789365478.035665576] [mhe_node]: [truth] m_hat=2.1991 m_true=2.0643 err=+6.53% | c_hat=[+0.0000,+0.0000] c_true=[+0.0000,+0.0000] | Jxx_hat=0.01420 Jxx_true=0.01420 Jyz_hat=+0.00000 Jyz_true=+0.00000 | s_hat=[-0.0124,-0.0105] s_true=[+0.0000,+0.0000] kg·m
[INFO] [1789365478.036178855] [mhe_node]: [tau_phys] roll=-0.092 pitch=+0.127 Nm
[INFO] [1789365478.036756021] [mhe_node]: [mass-diag] m_est=2.1991 T=21.621N tilt=1.89deg cos=0.99945 | T/g=2.2040 T*cos/g=2.2028 | m_est-T*cos/g=-0.0037kg (-0.17%) vz=-0.071
[INFO] [1789365478.037338866] [mhe_node]: [c_xy_est] cx=-0.0057 cy=-0.0048 m
[INFO] [1789365478.929057059] [mhe_node]: [s-collapse] |s|=0.01496 ref=0.01130 peak=0.02647 ovr=0 ratio=1.324 (thr 0.30) moment=0 quantity=0 resid=0 health=1 age=0.09 solve_ok=1 reanch=0 m_p=+0.1376 slow=0/5
[INFO] [1789365479.929072011] [mhe_node]: [s-collapse] |s|=0.01445 ref=0.01130 peak=0.02647 ovr=0 ratio=1.279 (thr 0.30) moment=0 quantity=0 resid=0 health=1 age=0.09 solve_ok=1 reanch=0 m_p=+0.1367 slow=0/5
[INFO] [1789365480.033810242] [mhe_node]: MHE mass estimate: 2.202 kg (T_phys=21.66N) | solve=6.0ms (max9.6)
[INFO] [1789365480.034340175] [mhe_node]: [truth] m_hat=2.2018 m_true=2.0643 err=+6.66% | c_hat=[+0.0000,+0.0000] c_true=[+0.0000,+0.0000] | Jxx_hat=0.01420 Jxx_true=0.01420 Jyz_hat=+0.00000 Jyz_true=+0.00000 | s_hat=[-0.0102,-0.0103] s_true=[+0.0000,+0.0000] kg·m
[INFO] [1789365480.034704283] [mhe_node]: [tau_phys] roll=-0.087 pitch=+0.151 Nm
[INFO] [1789365480.035115605] [mhe_node]: [mass-diag] m_est=2.2018 T=21.662N tilt=2.66deg cos=0.99892 | T/g=2.2081 T*cos/g=2.2057 | m_est-T*cos/g=-0.0039kg (-0.18%) vz=-0.078
[INFO] [1789365480.035516158] [mhe_node]: [c_xy_est] cx=-0.0046 cy=-0.0047 m
[INFO] [1789365480.929073675] [mhe_node]: [s-collapse] |s|=0.01522 ref=0.01130 peak=0.02647 ovr=0 ratio=1.347 (thr 0.30) moment=0 quantity=0 resid=0 health=1 age=0.10 solve_ok=1 reanch=0 m_p=+0.1376 slow=0/5
[INFO] [1789365481.928971188] [mhe_node]: [s-collapse] |s|=0.01682 ref=0.01130 peak=0.02647 ovr=0 ratio=1.489 (thr 0.30) moment=0 quantity=0 resid=0 health=1 age=0.09 solve_ok=1 reanch=0 m_p=+0.1294 slow=0/5
[INFO] [1789365482.038323033] [mhe_node]: MHE mass estimate: 2.193 kg (T_phys=21.54N) | solve=5.4ms (max8.6)
[INFO] [1789365482.038881791] [mhe_node]: [truth] m_hat=2.1934 m_true=2.0643 err=+6.26% | c_hat=[+0.0000,+0.0000] c_true=[+0.0000,+0.0000] | Jxx_hat=0.01420 Jxx_true=0.01420 Jyz_hat=+0.00000 Jyz_true=+0.00000 | s_hat=[-0.0141,-0.0101] s_true=[+0.0000,+0.0000] kg·m
[INFO] [1789365482.039397829] [mhe_node]: [tau_phys] roll=-0.098 pitch=+0.214 Nm
[INFO] [1789365482.039974694] [mhe_node]: [mass-diag] m_est=2.1934 T=21.537N tilt=2.78deg cos=0.99882 | T/g=2.1954 T*cos/g=2.1928 | m_est-T*cos/g=+0.0006kg (+0.03%) vz=-0.128
[INFO] [1789365482.040548558] [mhe_node]: [c_xy_est] cx=-0.0063 cy=-0.0046 m
[INFO] [1789365482.928988928] [mhe_node]: [s-collapse] |s|=0.01962 ref=0.01130 peak=0.02647 ovr=0 ratio=1.737 (thr 0.30) moment=0 quantity=0 resid=0 health=1 age=0.09 solve_ok=1 reanch=0 m_p=+0.1309 slow=0/5
[INFO] [1789365483.928892803] [mhe_node]: [s-collapse] |s|=0.02239 ref=0.01130 peak=0.02647 ovr=0 ratio=1.981 (thr 0.30) moment=0 quantity=0 resid=0 health=1 age=0.10 solve_ok=1 reanch=0 m_p=+0.1288 slow=0/5
[INFO] [1789365484.035161798] [mhe_node]: MHE mass estimate: 2.193 kg (T_phys=21.55N) | solve=5.5ms (max8.9)
[INFO] [1789365484.035710948] [mhe_node]: [truth] m_hat=2.1927 m_true=2.0643 err=+6.22% | c_hat=[+0.0000,+0.0000] c_true=[+0.0000,+0.0000] | Jxx_hat=0.01420 Jxx_true=0.01420 Jyz_hat=+0.00000 Jyz_true=+0.00000 | s_hat=[-0.0205,-0.0102] s_true=[+0.0000,+0.0000] kg·m
[INFO] [1789365484.036230232] [mhe_node]: [tau_phys] roll=-0.085 pitch=+0.296 Nm
[INFO] [1789365484.036806785] [mhe_node]: [mass-diag] m_est=2.1927 T=21.553N tilt=2.37deg cos=0.99914 | T/g=2.1970 T*cos/g=2.1952 | m_est-T*cos/g=-0.0025kg (-0.11%) vz=-0.114
[INFO] [1789365484.037397301] [mhe_node]: [c_xy_est] cx=-0.0092 cy=-0.0046 m
[INFO] [1789365484.928984900] [mhe_node]: [s-collapse] |s|=0.02491 ref=0.01130 peak=0.02647 ovr=0 ratio=2.205 (thr 0.30) moment=0 quantity=0 resid=0 health=1 age=0.09 solve_ok=1 reanch=0 m_p=+0.1290 slow=0/5
[INFO] [1789365485.928973483] [mhe_node]: [s-collapse] |s|=0.02647 ref=0.01130 peak=0.02668 ovr=0 ratio=2.342 (thr 0.30) moment=0 quantity=0 resid=0 health=1 age=0.09 solve_ok=1 reanch=0 m_p=+0.1274 slow=0/5
[INFO] [1789365486.037459278] [mhe_node]: MHE mass estimate: 2.192 kg (T_phys=21.57N) | solve=5.7ms (max10.6)
[INFO] [1789365486.038030113] [mhe_node]: [truth] m_hat=2.1924 m_true=2.0643 err=+6.21% | c_hat=[+0.0000,+0.0000] c_true=[+0.0000,+0.0000] | Jxx_hat=0.01420 Jxx_true=0.01420 Jyz_hat=+0.00000 Jyz_true=+0.00000 | s_hat=[-0.0242,-0.0104] s_true=[+0.0000,+0.0000] kg·m
[INFO] [1789365486.038542179] [mhe_node]: [tau_phys] roll=-0.107 pitch=+0.244 Nm
[INFO] [1789365486.039126822] [mhe_node]: [mass-diag] m_est=2.1924 T=21.568N tilt=1.42deg cos=0.99969 | T/g=2.1986 T*cos/g=2.1979 | m_est-T*cos/g=-0.0055kg (-0.25%) vz=-0.122
[INFO] [1789365486.039696018] [mhe_node]: [c_xy_est] cx=-0.0111 cy=-0.0047 m
[INFO] [1789365486.929019661] [mhe_node]: [s-collapse] |s|=0.02579 ref=0.01130 peak=0.02668 ovr=0 ratio=2.283 (thr 0.30) moment=0 quantity=0 resid=0 health=1 age=0.09 solve_ok=1 reanch=0 m_p=+0.1297 slow=0/5
[INFO] [1789365487.928887385] [mhe_node]: [s-collapse] |s|=0.02567 ref=0.01130 peak=0.02668 ovr=0 ratio=2.272 (thr 0.30) moment=0 quantity=0 resid=0 health=1 age=0.09 solve_ok=1 reanch=0 m_p=+0.1284 slow=0/5
[INFO] [1789365488.036100490] [mhe_node]: MHE mass estimate: 2.193 kg (T_phys=21.62N) | solve=6.3ms (max9.9)
[INFO] [1789365488.036661815] [mhe_node]: [truth] m_hat=2.1934 m_true=2.0643 err=+6.25% | c_hat=[+0.0000,+0.0000] c_true=[+0.0000,+0.0000] | Jxx_hat=0.01420 Jxx_true=0.01420 Jyz_hat=+0.00000 Jyz_true=+0.00000 | s_hat=[-0.0226,-0.0107] s_true=[+0.0000,+0.0000] kg·m
[INFO] [1789365488.037175907] [mhe_node]: [tau_phys] roll=-0.107 pitch=+0.347 Nm
[INFO] [1789365488.037745020] [mhe_node]: [mass-diag] m_est=2.1934 T=21.617N tilt=0.78deg cos=0.99991 | T/g=2.2036 T*cos/g=2.2034 | m_est-T*cos/g=-0.0100kg (-0.45%) vz=-0.126
[INFO] [1789365488.038319312] [mhe_node]: [c_xy_est] cx=-0.0105 cy=-0.0049 m
[INFO] [1789365488.928999365] [mhe_node]: [s-collapse] |s|=0.02285 ref=0.01130 peak=0.02668 ovr=0 ratio=2.022 (thr 0.30) moment=0 quantity=0 resid=0 health=1 age=0.09 solve_ok=1 reanch=0 m_p=+0.1311 slow=0/5
[INFO] [1789365489.929044850] [mhe_node]: [s-collapse] |s|=0.02082 ref=0.01130 peak=0.02668 ovr=0 ratio=1.842 (thr 0.30) moment=0 quantity=0 resid=0 health=1 age=0.09 solve_ok=1 reanch=0 m_p=+0.1327 slow=0/5
[INFO] [1789365490.034419969] [mhe_node]: MHE mass estimate: 2.198 kg (T_phys=21.62N) | solve=7.2ms (max13.2)
[INFO] [1789365490.035184768] [mhe_node]: [truth] m_hat=2.1979 m_true=2.0643 err=+6.47% | c_hat=[+0.0000,+0.0000] c_true=[+0.0000,+0.0000] | Jxx_hat=0.01420 Jxx_true=0.01420 Jyz_hat=+0.00000 Jyz_true=+0.00000 | s_hat=[-0.0172,-0.0110] s_true=[+0.0000,+0.0000] kg·m
[INFO] [1789365490.035696980] [mhe_node]: [tau_phys] roll=-0.113 pitch=+0.100 Nm
[INFO] [1789365490.036282604] [mhe_node]: [mass-diag] m_est=2.1979 T=21.623N tilt=1.84deg cos=0.99949 | T/g=2.2041 T*cos/g=2.2030 | m_est-T*cos/g=-0.0051kg (-0.23%) vz=-0.104
[INFO] [1789365490.036856021] [mhe_node]: [c_xy_est] cx=-0.0080 cy=-0.0050 m
[INFO] [1789365490.929102510] [mhe_node]: [s-collapse] |s|=0.01911 ref=0.01130 peak=0.02668 ovr=0 ratio=1.691 (thr 0.30) moment=0 quantity=0 resid=0 health=1 age=0.09 solve_ok=1 reanch=0 m_p=+0.1341 slow=0/5
[INFO] [1789365491.928885303] [mhe_node]: [s-collapse] |s|=0.01734 ref=0.01130 peak=0.02668 ovr=0 ratio=1.535 (thr 0.30) moment=0 quantity=0 resid=0 health=1 age=0.09 solve_ok=1 reanch=0 m_p=+0.1355 slow=0/5
[INFO] [1789365492.037079182] [mhe_node]: MHE mass estimate: 2.201 kg (T_phys=21.75N) | solve=5.9ms (max8.8)
[INFO] [1789365492.037636992] [mhe_node]: [truth] m_hat=2.2014 m_true=2.0643 err=+6.64% | c_hat=[+0.0000,+0.0000] c_true=[+0.0000,+0.0000] | Jxx_hat=0.01420 Jxx_true=0.01420 Jyz_hat=+0.00000 Jyz_true=+0.00000 | s_hat=[-0.0131,-0.0114] s_true=[+0.0000,+0.0000] kg·m
[INFO] [1789365492.038147905] [mhe_node]: [tau_phys] roll=-0.113 pitch=+0.118 Nm
[INFO] [1789365492.038719887] [mhe_node]: [mass-diag] m_est=2.2014 T=21.754N tilt=2.38deg cos=0.99914 | T/g=2.2175 T*cos/g=2.2156 | m_est-T*cos/g=-0.0142kg (-0.64%) vz=-0.080
[INFO] [1789365492.039291433] [mhe_node]: [c_xy_est] cx=-0.0060 cy=-0.0051 m
[INFO] [1789365492.928883129] [mhe_node]: [s-collapse] |s|=0.01718 ref=0.01130 peak=0.02668 ovr=0 ratio=1.520 (thr 0.30) moment=0 quantity=0 resid=0 health=1 age=0.10 solve_ok=1 reanch=0 m_p=+0.1390 slow=0/5
[INFO] [1789365493.929021307] [mhe_node]: [s-collapse] |s|=0.01721 ref=0.01130 peak=0.02668 ovr=0 ratio=1.523 (thr 0.30) moment=0 quantity=0 resid=0 health=1 age=0.09 solve_ok=1 reanch=0 m_p=+0.1321 slow=0/5
[INFO] [1789365494.034183984] [mhe_node]: MHE mass estimate: 2.197 kg (T_phys=21.67N) | solve=5.2ms (max8.6)
[INFO] [1789365494.034738048] [mhe_node]: [truth] m_hat=2.1971 m_true=2.0643 err=+6.44% | c_hat=[+0.0000,+0.0000] c_true=[+0.0000,+0.0000] | Jxx_hat=0.01420 Jxx_true=0.01420 Jyz_hat=+0.00000 Jyz_true=+0.00000 | s_hat=[-0.0131,-0.0115] s_true=[+0.0000,+0.0000] kg·m
[INFO] [1789365494.035256112] [mhe_node]: [tau_phys] roll=-0.116 pitch=+0.194 Nm
[INFO] [1789365494.035834226] [mhe_node]: [mass-diag] m_est=2.1971 T=21.674N tilt=2.58deg cos=0.99898 | T/g=2.2094 T*cos/g=2.2071 | m_est-T*cos/g=-0.0100kg (-0.45%) vz=-0.075
[INFO] [1789365494.036409616] [mhe_node]: [c_xy_est] cx=-0.0059 cy=-0.0052 m
[INFO] [1789365494.929046188] [mhe_node]: [s-collapse] |s|=0.01839 ref=0.01130 peak=0.02668 ovr=0 ratio=1.628 (thr 0.30) moment=0 quantity=0 resid=0 health=1 age=0.09 solve_ok=1 reanch=0 m_p=+0.1366 slow=0/5
[INFO] [1789365495.928978941] [mhe_node]: [s-collapse] |s|=0.01979 ref=0.01130 peak=0.02668 ovr=0 ratio=1.752 (thr 0.30) moment=0 quantity=0 resid=0 health=1 age=0.09 solve_ok=1 reanch=0 m_p=+0.1344 slow=0/5
[INFO] [1789365496.036327955] [mhe_node]: MHE mass estimate: 2.199 kg (T_phys=21.66N) | solve=5.3ms (max12.1)
[INFO] [1789365496.036881976] [mhe_node]: [truth] m_hat=2.1992 m_true=2.0643 err=+6.53% | c_hat=[+0.0000,+0.0000] c_true=[+0.0000,+0.0000] | Jxx_hat=0.01420 Jxx_true=0.01420 Jyz_hat=+0.00000 Jyz_true=+0.00000 | s_hat=[-0.0166,-0.0110] s_true=[+0.0000,+0.0000] kg·m
[INFO] [1789365496.037397619] [mhe_node]: [tau_phys] roll=-0.099 pitch=+0.231 Nm
[INFO] [1789365496.037982249] [mhe_node]: [mass-diag] m_est=2.1992 T=21.660N tilt=2.00deg cos=0.99939 | T/g=2.2079 T*cos/g=2.2066 | m_est-T*cos/g=-0.0074kg (-0.34%) vz=-0.011
[INFO] [1789365496.038555372] [mhe_node]: [c_xy_est] cx=-0.0076 cy=-0.0050 m
[INFO] [1789365496.829076353] [mhe_node]: [c_xy-clamp] 越界剔除 0/600 (0.0%) 上限 0.0390 kg·m clamp=1
[INFO] [1789365496.929054240] [mhe_node]: [s-collapse] |s|=0.02004 ref=0.01130 peak=0.02668 ovr=0 ratio=1.774 (thr 0.30) moment=0 quantity=0 resid=0 health=1 age=0.09 solve_ok=1 reanch=0 m_p=+0.1366 slow=0/5
[INFO] [1789365497.929053267] [mhe_node]: [s-collapse] |s|=0.02039 ref=0.01130 peak=0.02668 ovr=0 ratio=1.805 (thr 0.30) moment=0 quantity=0 resid=0 health=1 age=0.09 solve_ok=1 reanch=0 m_p=+0.1335 slow=0/5
[INFO] [1789365498.032502130] [mhe_node]: MHE mass estimate: 2.198 kg (T_phys=21.63N) | solve=4.5ms (max5.5)
[INFO] [1789365498.032995882] [mhe_node]: [truth] m_hat=2.1981 m_true=2.0643 err=+6.48% | c_hat=[+0.0000,+0.0000] c_true=[+0.0000,+0.0000] | Jxx_hat=0.01420 Jxx_true=0.01420 Jyz_hat=+0.00000 Jyz_true=+0.00000 | s_hat=[-0.0172,-0.0109] s_true=[+0.0000,+0.0000] kg·m
[INFO] [1789365498.033364302] [mhe_node]: [tau_phys] roll=-0.120 pitch=+0.094 Nm
[INFO] [1789365498.033775276] [mhe_node]: [mass-diag] m_est=2.1981 T=21.631N tilt=1.15deg cos=0.99980 | T/g=2.2050 T*cos/g=2.2046 | m_est-T*cos/g=-0.0064kg (-0.29%) vz=+0.008
[INFO] [1789365498.034180870] [mhe_node]: [c_xy_est] cx=-0.0079 cy=-0.0049 m
[INFO] [1789365498.929003826] [mhe_node]: [s-collapse] |s|=0.01927 ref=0.01130 peak=0.02668 ovr=0 ratio=1.706 (thr 0.30) moment=0 quantity=0 resid=0 health=1 age=0.09 solve_ok=1 reanch=0 m_p=+0.1364 slow=0/5
[INFO] [1789365499.929041558] [mhe_node]: [s-collapse] |s|=0.01755 ref=0.01130 peak=0.02668 ovr=0 ratio=1.553 (thr 0.30) moment=0 quantity=0 resid=0 health=1 age=0.09 solve_ok=1 reanch=0 m_p=+0.1379 slow=0/5
[INFO] [1789365500.033152768] [mhe_node]: MHE mass estimate: 2.202 kg (T_phys=21.62N) | solve=5.6ms (max8.8)
[INFO] [1789365500.033558655] [mhe_node]: [truth] m_hat=2.2022 m_true=2.0643 err=+6.68% | c_hat=[+0.0000,+0.0000] c_true=[+0.0000,+0.0000] | Jxx_hat=0.01420 Jxx_true=0.01420 Jyz_hat=+0.00000 Jyz_true=+0.00000 | s_hat=[-0.0136,-0.0109] s_true=[+0.0000,+0.0000] kg·m
[INFO] [1789365500.033923686] [mhe_node]: [tau_phys] roll=-0.114 pitch=+0.087 Nm
[INFO] [1789365500.034341499] [mhe_node]: [mass-diag] m_est=2.2022 T=21.625N tilt=1.78deg cos=0.99952 | T/g=2.2044 T*cos/g=2.2033 | m_est-T*cos/g=-0.0011kg (-0.05%) vz=+0.042
[INFO] [1789365500.034741997] [mhe_node]: [c_xy_est] cx=-0.0062 cy=-0.0050 m
[INFO] [1789365500.929047188] [mhe_node]: [s-collapse] |s|=0.01691 ref=0.01130 peak=0.02668 ovr=0 ratio=1.497 (thr 0.30) moment=0 quantity=0 resid=0 health=1 age=0.09 solve_ok=1 reanch=0 m_p=+0.1377 slow=0/5
[INFO] [1789365501.928985399] [mhe_node]: [s-collapse] |s|=0.00475 ref=0.01130 peak=0.02668 ovr=0 ratio=0.420 (thr 0.30) moment=0 quantity=1 resid=0 health=1 age=0.07 solve_ok=1 reanch=0 m_p=-0.1032 slow=0/5
[INFO] [1789365502.080459825] [mhe_node]: MHE mass estimate: 1.961 kg (T_phys=19.19N) | solve=14.6ms (max50.9)
[INFO] [1789365502.080846443] [mhe_node]: [truth] m_hat=1.9611 m_true=2.0643 err=-5.00% | c_hat=[+0.0000,+0.0000] c_true=[+0.0000,+0.0000] | Jxx_hat=0.01420 Jxx_true=0.01420 Jyz_hat=+0.00000 Jyz_true=+0.00000 | s_hat=[+0.0004,-0.0025] s_true=[+0.0000,+0.0000] kg·m
[INFO] [1789365502.081207419] [mhe_node]: [tau_phys] roll=-0.576 pitch=+0.304 Nm
[INFO] [1789365502.081623802] [mhe_node]: [mass-diag] m_est=1.9611 T=19.193N tilt=1.19deg cos=0.99978 | T/g=1.9564 T*cos/g=1.9560 | m_est-T*cos/g=+0.0051kg (+0.26%) vz=+0.069
[INFO] [1789365502.082022444] [mhe_node]: [c_xy_est] cx=-0.0005 cy=-0.0020 m
[INFO] [1789365502.929056009] [mhe_node]: [s-collapse] |s|=0.00354 ref=0.01130 peak=0.02668 ovr=0 ratio=0.313 (thr 0.30) moment=0 quantity=1 resid=0 health=1 age=0.07 solve_ok=1 reanch=0 m_p=-0.1032 slow=0/5
[INFO] [1789365503.928984833] [mhe_node]: [s-collapse] |s|=0.00755 ref=0.01130 peak=0.02668 ovr=0 ratio=0.668 (thr 0.30) moment=0 quantity=1 resid=0 health=1 age=0.07 solve_ok=1 reanch=0 m_p=-0.0860 slow=0/5
[INFO] [1789365504.046026103] [mhe_node]: MHE mass estimate: 2.008 kg (T_phys=20.25N) | solve=24.6ms (max49.0)
[INFO] [1789365504.046421324] [mhe_node]: [truth] m_hat=2.0075 m_true=2.0643 err=-2.75% | c_hat=[+0.0000,+0.0000] c_true=[+0.0000,+0.0000] | Jxx_hat=0.01420 Jxx_true=0.01420 Jyz_hat=+0.00000 Jyz_true=+0.00000 | s_hat=[-0.0086,+0.0004] s_true=[+0.0000,+0.0000] kg·m
[INFO] [1789365504.046783937] [mhe_node]: [tau_phys] roll=+0.000 pitch=+0.124 Nm
[INFO] [1789365504.047207716] [mhe_node]: [mass-diag] m_est=2.0075 T=20.248N tilt=3.12deg cos=0.99852 | T/g=2.0640 T*cos/g=2.0610 | m_est-T*cos/g=-0.0535kg (-2.59%) vz=+0.079
[INFO] [1789365504.047607185] [mhe_node]: [c_xy_est] cx=-0.0040 cy=-0.0000 m
[INFO] [1789365504.928962079] [mhe_node]: [s-collapse] |s|=0.01170 ref=0.01130 peak=0.02668 ovr=0 ratio=1.035 (thr 0.30) moment=0 quantity=1 resid=0 health=1 age=0.08 solve_ok=1 reanch=0 m_p=-0.0114 slow=0/5
[INFO] [1789365505.929023239] [mhe_node]: [s-collapse] |s|=0.01328 ref=0.01130 peak=0.02668 ovr=0 ratio=1.175 (thr 0.30) moment=0 quantity=1 resid=0 health=1 age=0.09 solve_ok=1 reanch=0 m_p=-0.0108 slow=0/5
[INFO] [1789365506.036509433] [mhe_node]: MHE mass estimate: 2.053 kg (T_phys=20.11N) | solve=9.7ms (max17.6)
[INFO] [1789365506.037041055] [mhe_node]: [truth] m_hat=2.0526 m_true=2.0643 err=-0.57% | c_hat=[+0.0000,+0.0000] c_true=[+0.0000,+0.0000] | Jxx_hat=0.01420 Jxx_true=0.01420 Jyz_hat=+0.00000 Jyz_true=+0.00000 | s_hat=[-0.0137,+0.0004] s_true=[+0.0000,+0.0000] kg·m
[INFO] [1789365506.037556872] [mhe_node]: [tau_phys] roll=+0.008 pitch=+0.106 Nm
[INFO] [1789365506.038135482] [mhe_node]: [mass-diag] m_est=2.0526 T=20.115N tilt=2.29deg cos=0.99920 | T/g=2.0504 T*cos/g=2.0488 | m_est-T*cos/g=+0.0038kg (+0.19%) vz=+0.097
[INFO] [1789365506.038702912] [mhe_node]: [c_xy_est] cx=-0.0066 cy=+0.0002 m
[INFO] [1789365506.928963739] [mhe_node]: [s-collapse] |s|=0.01482 ref=0.01130 peak=0.02668 ovr=0 ratio=1.311 (thr 0.30) moment=0 quantity=1 resid=0 health=1 age=0.09 solve_ok=1 reanch=0 m_p=-0.0097 slow=0/5
[INFO] [1789365507.928949249] [mhe_node]: [s-collapse] |s|=0.01511 ref=0.01130 peak=0.02668 ovr=0 ratio=1.337 (thr 0.30) moment=0 quantity=1 resid=0 health=1 age=0.09 solve_ok=1 reanch=0 m_p=-0.0098 slow=0/5
[INFO] [1789365508.033316215] [mhe_node]: MHE mass estimate: 2.054 kg (T_phys=20.16N) | solve=5.8ms (max9.1)
[INFO] [1789365508.033694063] [mhe_node]: [truth] m_hat=2.0538 m_true=2.0643 err=-0.51% | c_hat=[+0.0000,+0.0000] c_true=[+0.0000,+0.0000] | Jxx_hat=0.01420 Jxx_true=0.01420 Jyz_hat=+0.00000 Jyz_true=+0.00000 | s_hat=[-0.0153,+0.0006] s_true=[+0.0000,+0.0000] kg·m
[INFO] [1789365508.034049523] [mhe_node]: [tau_phys] roll=+0.008 pitch=+0.146 Nm
[INFO] [1789365508.034459513] [mhe_node]: [mass-diag] m_est=2.0538 T=20.161N tilt=1.29deg cos=0.99975 | T/g=2.0552 T*cos/g=2.0547 | m_est-T*cos/g=-0.0008kg (-0.04%) vz=+0.112
[INFO] [1789365508.034860320] [mhe_node]: [c_xy_est] cx=-0.0074 cy=+0.0003 m
[INFO] [1789365508.928987150] [mhe_node]: [s-collapse] |s|=0.01527 ref=0.01130 peak=0.02668 ovr=0 ratio=1.352 (thr 0.30) moment=0 quantity=1 resid=0 health=1 age=0.09 solve_ok=1 reanch=0 m_p=-0.0121 slow=0/5
[INFO] [1789365509.929028687] [mhe_node]: [s-collapse] |s|=0.01158 ref=0.01130 peak=0.02668 ovr=0 ratio=1.024 (thr 0.30) moment=0 quantity=1 resid=0 health=1 age=0.09 solve_ok=1 reanch=0 m_p=-0.0162 slow=0/5
[INFO] [1789365510.038570618] [mhe_node]: MHE mass estimate: 2.051 kg (T_phys=20.13N) | solve=9.4ms (max19.3)
[INFO] [1789365510.039097739] [mhe_node]: [truth] m_hat=2.0513 m_true=2.0643 err=-0.63% | c_hat=[+0.0000,+0.0000] c_true=[+0.0000,+0.0000] | Jxx_hat=0.01420 Jxx_true=0.01420 Jyz_hat=+0.00000 Jyz_true=+0.00000 | s_hat=[-0.0108,+0.0005] s_true=[+0.0000,+0.0000] kg·m
[INFO] [1789365510.039612807] [mhe_node]: [tau_phys] roll=+0.004 pitch=+0.067 Nm
[INFO] [1789365510.040192233] [mhe_node]: [mass-diag] m_est=2.0513 T=20.135N tilt=3.38deg cos=0.99826 | T/g=2.0525 T*cos/g=2.0489 | m_est-T*cos/g=+0.0024kg (+0.12%) vz=+0.054
[INFO] [1789365510.040764338] [mhe_node]: [c_xy_est] cx=-0.0055 cy=+0.0003 m
[INFO] [1789365510.928965782] [mhe_node]: [s-collapse] |s|=0.00781 ref=0.01130 peak=0.02668 ovr=0 ratio=0.691 (thr 0.30) moment=0 quantity=1 resid=0 health=1 age=0.09 solve_ok=1 reanch=0 m_p=-0.0173 slow=0/5
[INFO] [1789365511.929056561] [mhe_node]: [s-collapse] |s|=0.00189 ref=0.01130 peak=0.02668 ovr=0 ratio=0.167 (thr 0.30) moment=1 quantity=1 resid=0 health=1 age=0.09 solve_ok=1 reanch=0 m_p=-0.0090 slow=4/5
[INFO] [1789365512.028866316] [mhe_node]: [payload-state] LOADED->EMPTY (drop, m_p=-0.008kg)
[INFO] [1789365512.029100525] [mhe_node]: [c_xy_est] 载荷释放(slow: quantity empty + moment collapsed (ratio=0.132) x5帧) → 在线偏心估计归零(重新播种)
[INFO] [1789365512.038303412] [mhe_node]: MHE mass estimate: 2.057 kg (T_phys=20.26N) | solve=10.2ms (max15.9)
[INFO] [1789365512.038854538] [mhe_node]: [truth] m_hat=2.0571 m_true=2.0643 err=-0.35% | c_hat=[+0.0000,+0.0000] c_true=[+0.0000,+0.0000] | Jxx_hat=0.01420 Jxx_true=0.01420 Jyz_hat=+0.00000 Jyz_true=+0.00000 | s_hat=[-0.0011,+0.0002] s_true=[+0.0000,+0.0000] kg·m
[INFO] [1789365512.039371176] [mhe_node]: [tau_phys] roll=+0.001 pitch=-0.003 Nm
[INFO] [1789365512.039971617] [mhe_node]: [mass-diag] m_est=2.0571 T=20.264N tilt=0.76deg cos=0.99991 | T/g=2.0657 T*cos/g=2.0655 | m_est-T*cos/g=-0.0084kg (-0.40%) vz=-0.007
[INFO] [1789365512.040401015] [mhe_node]: [s-decay] n=1 |s_est|=0.00115 |s_target|=0.00000 |s_out|=0.00164 d_s_out=-0.00081 conf=0.742 present=0 armed=0 latched=1 health=1
[INFO] [1789365512.143300691] [mhe_node]: [s-decay] n=2 |s_est|=0.00086 |s_target|=0.00000 |s_out|=0.00110 d_s_out=-0.00054 conf=0.827 present=0 armed=0 latched=1 health=1
[INFO] [1789365512.236170066] [mhe_node]: [s-decay] n=3 |s_est|=0.00062 |s_target|=0.00000 |s_out|=0.00074 d_s_out=-0.00036 conf=0.884 present=0 armed=0 latched=1 health=1
[INFO] [1789365512.335050687] [mhe_node]: [s-decay] n=4 |s_est|=0.00043 |s_target|=0.00000 |s_out|=0.00049 d_s_out=-0.00024 conf=0.922 present=0 armed=0 latched=1 health=1
[INFO] [1789365512.435225622] [mhe_node]: [s-decay] n=5 |s_est|=0.00027 |s_target|=0.00000 |s_out|=0.00033 d_s_out=-0.00016 conf=0.948 present=0 armed=0 latched=1 health=1
[INFO] [1789365512.545171183] [mhe_node]: [s-decay] n=6 |s_est|=0.00015 |s_target|=0.00000 |s_out|=0.00022 d_s_out=-0.00011 conf=0.965 present=0 armed=0 latched=1 health=1
[INFO] [1789365512.634230612] [mhe_node]: [s-decay] n=7 |s_est|=0.00006 |s_target|=0.00000 |s_out|=0.00015 d_s_out=-0.00007 conf=0.977 present=0 armed=0 latched=1 health=1
[INFO] [1789365512.736223845] [mhe_node]: [s-decay] n=8 |s_est|=0.00006 |s_target|=0.00000 |s_out|=0.00010 d_s_out=-0.00005 conf=0.984 present=0 armed=0 latched=1 health=1
[INFO] [1789365512.834139713] [mhe_node]: [s-decay] n=9 |s_est|=0.00010 |s_target|=0.00000 |s_out|=0.00007 d_s_out=-0.00003 conf=0.989 present=0 armed=0 latched=1 health=1
[INFO] [1789365512.935370827] [mhe_node]: [s-decay] n=10 |s_est|=0.00015 |s_target|=0.00000 |s_out|=0.00004 d_s_out=-0.00002 conf=0.993 present=0 armed=0 latched=1 health=1
[INFO] [1789365513.032450006] [mhe_node]: [s-decay] n=11 |s_est|=0.00018 |s_target|=0.00000 |s_out|=0.00003 d_s_out=-0.00001 conf=0.995 present=0 armed=0 latched=1 health=1
[INFO] [1789365513.133214477] [mhe_node]: [s-decay] n=12 |s_est|=0.00020 |s_target|=0.00000 |s_out|=0.00002 d_s_out=-0.00001 conf=0.997 present=0 armed=0 latched=1 health=1
[INFO] [1789365513.233284308] [mhe_node]: [s-decay] n=13 |s_est|=0.00021 |s_target|=0.00000 |s_out|=0.00001 d_s_out=-0.00001 conf=0.998 present=0 armed=0 latched=1 health=1
[INFO] [1789365513.333341574] [mhe_node]: [s-decay] n=14 |s_est|=0.00022 |s_target|=0.00000 |s_out|=0.00001 d_s_out=-0.00000 conf=0.999 present=0 armed=0 latched=1 health=1
[INFO] [1789365513.433186880] [mhe_node]: [s-decay] n=15 |s_est|=0.00024 |s_target|=0.00000 |s_out|=0.00001 d_s_out=-0.00000 conf=0.999 present=0 armed=0 latched=1 health=1
[INFO] [1789365513.533328234] [mhe_node]: [s-decay] n=16 |s_est|=0.00025 |s_target|=0.00000 |s_out|=0.00000 d_s_out=-0.00000 conf=0.999 present=0 armed=0 latched=1 health=1
[INFO] [1789365513.633304783] [mhe_node]: [s-decay] n=17 |s_est|=0.00027 |s_target|=0.00000 |s_out|=0.00000 d_s_out=-0.00000 conf=1.000 present=0 armed=0 latched=1 health=1
[INFO] [1789365513.733193986] [mhe_node]: [s-decay] n=18 |s_est|=0.00028 |s_target|=0.00000 |s_out|=0.00000 d_s_out=-0.00000 conf=1.000 present=0 armed=0 latched=1 health=1
[INFO] [1789365513.833181190] [mhe_node]: [s-decay] n=19 |s_est|=0.00029 |s_target|=0.00000 |s_out|=0.00000 d_s_out=-0.00000 conf=1.000 present=0 armed=0 latched=1 health=1
[INFO] [1789365513.933141062] [mhe_node]: [s-decay] n=20 |s_est|=0.00029 |s_target|=0.00000 |s_out|=0.00000 d_s_out=-0.00000 conf=1.000 present=0 armed=0 latched=1 health=1
[INFO] [1789365514.033272365] [mhe_node]: MHE mass estimate: 2.061 kg (T_phys=20.21N) | solve=5.3ms (max15.4)
[INFO] [1789365514.033809769] [mhe_node]: [truth] m_hat=2.0613 m_true=2.0643 err=-0.15% | c_hat=[+0.0000,+0.0000] c_true=[+0.0000,+0.0000] | Jxx_hat=0.01420 Jxx_true=0.01420 Jyz_hat=+0.00000 Jyz_true=+0.00000 | s_hat=[+0.0003,-0.0001] s_true=[+0.0000,+0.0000] kg·m
[INFO] [1789365514.034321339] [mhe_node]: [tau_phys] roll=-0.003 pitch=-0.005 Nm
[INFO] [1789365514.034916422] [mhe_node]: [mass-diag] m_est=2.0613 T=20.206N tilt=0.13deg cos=1.00000 | T/g=2.0597 T*cos/g=2.0597 | m_est-T*cos/g=+0.0015kg (+0.08%) vz=-0.006
[INFO] [1789365514.035492487] [mhe_node]: [c_xy_est] cx=+0.0001 cy=-0.0001 m
[INFO] [1789365514.035863606] [mhe_node]: [s-decay] n=21 |s_est|=0.00030 |s_target|=0.00000 |s_out|=0.00000 d_s_out=-0.00000 conf=1.000 present=0 armed=0 latched=1 health=1
[INFO] [1789365514.131767215] [mhe_node]: [s-decay] n=22 |s_est|=0.00031 |s_target|=0.00000 |s_out|=0.00000 d_s_out=-0.00000 conf=1.000 present=0 armed=0 latched=1 health=1
[INFO] [1789365514.233253279] [mhe_node]: [s-decay] n=23 |s_est|=0.00032 |s_target|=0.00000 |s_out|=0.00000 d_s_out=-0.00000 conf=1.000 present=0 armed=0 latched=1 health=1
[INFO] [1789365514.331791734] [mhe_node]: [s-decay] n=24 |s_est|=0.00032 |s_target|=0.00000 |s_out|=0.00000 d_s_out=-0.00000 conf=1.000 present=0 armed=0 latched=1 health=1
[INFO] [1789365514.431751550] [mhe_node]: [s-decay] n=25 |s_est|=0.00033 |s_target|=0.00000 |s_out|=0.00000 d_s_out=-0.00000 conf=1.000 present=0 armed=0 latched=1 health=1
[INFO] [1789365514.533182547] [mhe_node]: [s-decay] n=26 |s_est|=0.00032 |s_target|=0.00000 |s_out|=0.00000 d_s_out=-0.00000 conf=1.000 present=0 armed=0 latched=1 health=1
[INFO] [1789365514.633197578] [mhe_node]: [s-decay] n=27 |s_est|=0.00032 |s_target|=0.00000 |s_out|=0.00000 d_s_out=-0.00000 conf=1.000 present=0 armed=0 latched=1 health=1
[INFO] [1789365514.733120534] [mhe_node]: [s-decay] n=28 |s_est|=0.00032 |s_target|=0.00000 |s_out|=0.00000 d_s_out=-0.00000 conf=1.000 present=0 armed=0 latched=1 health=1
[INFO] [1789365514.833188435] [mhe_node]: [s-decay] n=29 |s_est|=0.00032 |s_target|=0.00000 |s_out|=0.00000 d_s_out=-0.00000 conf=1.000 present=0 armed=0 latched=1 health=1
[INFO] [1789365514.933151566] [mhe_node]: [s-decay] n=30 |s_est|=0.00031 |s_target|=0.00000 |s_out|=0.00000 d_s_out=-0.00000 conf=1.000 present=0 armed=0 latched=1 health=1
[INFO] [1789365515.033086279] [mhe_node]: [s-decay] n=31 |s_est|=0.00030 |s_target|=0.00000 |s_out|=0.00000 d_s_out=-0.00000 conf=1.000 present=0 armed=0 latched=1 health=1
[INFO] [1789365515.133472052] [mhe_node]: [s-decay] n=32 |s_est|=0.00028 |s_target|=0.00000 |s_out|=0.00000 d_s_out=-0.00000 conf=1.000 present=0 armed=0 latched=1 health=1
[INFO] [1789365515.233219610] [mhe_node]: [s-decay] n=33 |s_est|=0.00027 |s_target|=0.00000 |s_out|=0.00000 d_s_out=-0.00000 conf=1.000 present=0 armed=0 latched=1 health=1
[INFO] [1789365515.333308869] [mhe_node]: [s-decay] n=34 |s_est|=0.00025 |s_target|=0.00000 |s_out|=0.00000 d_s_out=-0.00000 conf=1.000 present=0 armed=0 latched=1 health=1
[INFO] [1789365515.433208963] [mhe_node]: [s-decay] n=35 |s_est|=0.00025 |s_target|=0.00000 |s_out|=0.00000 d_s_out=-0.00000 conf=1.000 present=0 armed=0 latched=1 health=1
[INFO] [1789365515.533200685] [mhe_node]: [s-decay] n=36 |s_est|=0.00025 |s_target|=0.00000 |s_out|=0.00000 d_s_out=-0.00000 conf=1.000 present=0 armed=0 latched=1 health=1
[INFO] [1789365515.633313983] [mhe_node]: [s-decay] n=37 |s_est|=0.00024 |s_target|=0.00000 |s_out|=0.00000 d_s_out=-0.00000 conf=1.000 present=0 armed=0 latched=1 health=1
[INFO] [1789365515.733289990] [mhe_node]: [s-decay] n=38 |s_est|=0.00024 |s_target|=0.00000 |s_out|=0.00000 d_s_out=-0.00000 conf=1.000 present=0 armed=0 latched=1 health=1
[INFO] [1789365515.833251716] [mhe_node]: [s-decay] n=39 |s_est|=0.00023 |s_target|=0.00000 |s_out|=0.00000 d_s_out=-0.00000 conf=1.000 present=0 armed=0 latched=1 health=1
[INFO] [1789365515.933262041] [mhe_node]: [s-decay] n=40 |s_est|=0.00021 |s_target|=0.00000 |s_out|=0.00000 d_s_out=-0.00000 conf=1.000 present=0 armed=0 latched=1 health=1
[INFO] [1789365516.033264111] [mhe_node]: MHE mass estimate: 2.061 kg (T_phys=20.21N) | solve=3.4ms (max3.7)
[INFO] [1789365516.033935108] [mhe_node]: [truth] m_hat=2.0609 m_true=2.0643 err=-0.16% | c_hat=[+0.0000,+0.0000] c_true=[+0.0000,+0.0000] | Jxx_hat=0.01420 Jxx_true=0.01420 Jyz_hat=+0.00000 Jyz_true=+0.00000 | s_hat=[+0.0001,-0.0002] s_true=[+0.0000,+0.0000] kg·m
[INFO] [1789365516.034449179] [mhe_node]: [tau_phys] roll=+0.002 pitch=+0.005 Nm
[INFO] [1789365516.035027902] [mhe_node]: [mass-diag] m_est=2.0609 T=20.209N tilt=0.49deg cos=0.99996 | T/g=2.0601 T*cos/g=2.0600 | m_est-T*cos/g=+0.0009kg (+0.05%) vz=-0.010
[INFO] [1789365516.035601271] [mhe_node]: [c_xy_est] cx=+0.0001 cy=-0.0001 m
[INFO] [1789365516.035974630] [mhe_node]: [s-decay] n=41 |s_est|=0.00019 |s_target|=0.00000 |s_out|=0.00000 d_s_out=-0.00000 conf=1.000 present=0 armed=0 latched=1 health=1
[INFO] [1789365516.133184321] [mhe_node]: [s-decay] n=42 |s_est|=0.00018 |s_target|=0.00000 |s_out|=0.00000 d_s_out=-0.00000 conf=1.000 present=0 armed=0 latched=1 health=1
[INFO] [1789365516.233146937] [mhe_node]: [s-decay] n=43 |s_est|=0.00017 |s_target|=0.00000 |s_out|=0.00000 d_s_out=-0.00000 conf=1.000 present=0 armed=0 latched=1 health=1
[INFO] [1789365516.333233720] [mhe_node]: [s-decay] n=44 |s_est|=0.00016 |s_target|=0.00000 |s_out|=0.00000 d_s_out=-0.00000 conf=1.000 present=0 armed=0 latched=1 health=1
[INFO] [1789365516.433302857] [mhe_node]: [s-decay] n=45 |s_est|=0.00015 |s_target|=0.00000 |s_out|=0.00000 d_s_out=-0.00000 conf=1.000 present=0 armed=0 latched=1 health=1
[INFO] [1789365516.534307614] [mhe_node]: [s-decay] n=46 |s_est|=0.00016 |s_target|=0.00000 |s_out|=0.00000 d_s_out=-0.00000 conf=1.000 present=0 armed=0 latched=1 health=1
[INFO] [1789365516.634217016] [mhe_node]: [s-decay] n=47 |s_est|=0.00017 |s_target|=0.00000 |s_out|=0.00000 d_s_out=-0.00000 conf=1.000 present=0 armed=0 latched=1 health=1
[INFO] [1789365516.733271777] [mhe_node]: [s-decay] n=48 |s_est|=0.00018 |s_target|=0.00000 |s_out|=0.00000 d_s_out=-0.00000 conf=1.000 present=0 armed=0 latched=1 health=1
[INFO] [1789365516.833273360] [mhe_node]: [s-decay] n=49 |s_est|=0.00019 |s_target|=0.00000 |s_out|=0.00000 d_s_out=-0.00000 conf=1.000 present=0 armed=0 latched=1 health=1
[INFO] [1789365516.931916272] [mhe_node]: [s-decay] n=50 |s_est|=0.00021 |s_target|=0.00000 |s_out|=0.00000 d_s_out=-0.00000 conf=1.000 present=0 armed=0 latched=1 health=1
[INFO] [1789365517.033208202] [mhe_node]: [s-decay] n=51 |s_est|=0.00022 |s_target|=0.00000 |s_out|=0.00000 d_s_out=-0.00000 conf=1.000 present=0 armed=0 latched=1 health=1
[INFO] [1789365517.133268742] [mhe_node]: [s-decay] n=52 |s_est|=0.00024 |s_target|=0.00000 |s_out|=0.00000 d_s_out=-0.00000 conf=1.000 present=0 armed=0 latched=1 health=1
[INFO] [1789365517.233192117] [mhe_node]: [s-decay] n=53 |s_est|=0.00026 |s_target|=0.00000 |s_out|=0.00000 d_s_out=-0.00000 conf=1.000 present=0 armed=0 latched=1 health=1
[INFO] [1789365517.333182128] [mhe_node]: [s-decay] n=54 |s_est|=0.00027 |s_target|=0.00000 |s_out|=0.00000 d_s_out=-0.00000 conf=1.000 present=0 armed=0 latched=1 health=1
[INFO] [1789365517.431836512] [mhe_node]: [s-decay] n=55 |s_est|=0.00029 |s_target|=0.00000 |s_out|=0.00000 d_s_out=-0.00000 conf=1.000 present=0 armed=0 latched=1 health=1
[INFO] [1789365517.533136402] [mhe_node]: [s-decay] n=56 |s_est|=0.00029 |s_target|=0.00000 |s_out|=0.00000 d_s_out=-0.00000 conf=1.000 present=0 armed=0 latched=1 health=1
[INFO] [1789365517.633178385] [mhe_node]: [s-decay] n=57 |s_est|=0.00030 |s_target|=0.00000 |s_out|=0.00000 d_s_out=-0.00000 conf=1.000 present=0 armed=0 latched=1 health=1
[INFO] [1789365517.733210922] [mhe_node]: [s-decay] n=58 |s_est|=0.00030 |s_target|=0.00000 |s_out|=0.00000 d_s_out=-0.00000 conf=1.000 present=0 armed=0 latched=1 health=1
[INFO] [1789365517.831897988] [mhe_node]: [s-decay] n=59 |s_est|=0.00030 |s_target|=0.00000 |s_out|=0.00000 d_s_out=-0.00000 conf=1.000 present=0 armed=0 latched=1 health=1
[INFO] [1789365517.933214224] [mhe_node]: [s-decay] n=60 |s_est|=0.00029 |s_target|=0.00000 |s_out|=0.00000 d_s_out=-0.00000 conf=1.000 present=0 armed=0 latched=1 health=1
[INFO] [1789365518.031836087] [mhe_node]: MHE mass estimate: 2.063 kg (T_phys=20.14N) | solve=3.5ms (max4.6)
[INFO] [1789365518.032222306] [mhe_node]: [truth] m_hat=2.0628 m_true=2.0643 err=-0.08% | c_hat=[+0.0000,+0.0000] c_true=[+0.0000,+0.0000] | Jxx_hat=0.01420 Jxx_true=0.01420 Jyz_hat=+0.00000 Jyz_true=+0.00000 | s_hat=[-0.0003,-0.0001] s_true=[+0.0000,+0.0000] kg·m
[INFO] [1789365518.032579836] [mhe_node]: [tau_phys] roll=-0.001 pitch=-0.001 Nm
[INFO] [1789365518.032990421] [mhe_node]: [mass-diag] m_est=2.0628 T=20.143N tilt=0.46deg cos=0.99997 | T/g=2.0533 T*cos/g=2.0533 | m_est-T*cos/g=+0.0095kg (+0.46%) vz=+0.001
[INFO] [1789365518.033391854] [mhe_node]: [c_xy_est] cx=-0.0001 cy=-0.0000 m
[INFO] [1789365518.033669184] [mhe_node]: [s-decay] n=61 |s_est|=0.00029 |s_target|=0.00000 |s_out|=0.00000 d_s_out=-0.00000 conf=1.000 present=0 armed=0 latched=1 health=1
[INFO] [1789365518.133199112] [mhe_node]: [s-decay] n=62 |s_est|=0.00028 |s_target|=0.00000 |s_out|=0.00000 d_s_out=-0.00000 conf=1.000 present=0 armed=0 latched=1 health=1
[INFO] [1789365518.233109279] [mhe_node]: [s-decay] n=63 |s_est|=0.00028 |s_target|=0.00000 |s_out|=0.00000 d_s_out=-0.00000 conf=1.000 present=0 armed=0 latched=1 health=1
[INFO] [1789365518.333203548] [mhe_node]: [s-decay] n=64 |s_est|=0.00028 |s_target|=0.00000 |s_out|=0.00000 d_s_out=-0.00000 conf=1.000 present=0 armed=0 latched=1 health=1
[INFO] [1789365518.433300250] [mhe_node]: [s-decay] n=65 |s_est|=0.00028 |s_target|=0.00000 |s_out|=0.00000 d_s_out=-0.00000 conf=1.000 present=0 armed=0 latched=1 health=1
[INFO] [1789365518.533385396] [mhe_node]: [s-decay] n=66 |s_est|=0.00028 |s_target|=0.00000 |s_out|=0.00000 d_s_out=-0.00000 conf=1.000 present=0 armed=0 latched=1 health=1
[INFO] [1789365518.631908484] [mhe_node]: [s-decay] n=67 |s_est|=0.00027 |s_target|=0.00000 |s_out|=0.00000 d_s_out=-0.00000 conf=1.000 present=0 armed=0 latched=1 health=1
[INFO] [1789365518.733499369] [mhe_node]: [s-decay] n=68 |s_est|=0.00027 |s_target|=0.00000 |s_out|=0.00000 d_s_out=-0.00000 conf=1.000 present=0 armed=0 latched=1 health=1
[INFO] [1789365518.831896416] [mhe_node]: [s-decay] n=69 |s_est|=0.00026 |s_target|=0.00000 |s_out|=0.00000 d_s_out=-0.00000 conf=1.000 present=0 armed=0 latched=1 health=1
[INFO] [1789365518.931826626] [mhe_node]: [s-decay] n=70 |s_est|=0.00026 |s_target|=0.00000 |s_out|=0.00000 d_s_out=-0.00000 conf=1.000 present=0 armed=0 latched=1 health=1
[INFO] [1789365519.033098148] [mhe_node]: [s-decay] n=71 |s_est|=0.00025 |s_target|=0.00000 |s_out|=0.00000 d_s_out=-0.00000 conf=1.000 present=0 armed=0 latched=1 health=1
[INFO] [1789365519.133237779] [mhe_node]: [s-decay] n=72 |s_est|=0.00025 |s_target|=0.00000 |s_out|=0.00000 d_s_out=-0.00000 conf=1.000 present=0 armed=0 latched=1 health=1
[INFO] [1789365519.233118850] [mhe_node]: [s-decay] n=73 |s_est|=0.00025 |s_target|=0.00000 |s_out|=0.00000 d_s_out=-0.00000 conf=1.000 present=0 armed=0 latched=1 health=1
[INFO] [1789365519.333153778] [mhe_node]: [s-decay] n=74 |s_est|=0.00024 |s_target|=0.00000 |s_out|=0.00000 d_s_out=-0.00000 conf=1.000 present=0 armed=0 latched=1 health=1
[INFO] [1789365519.433112266] [mhe_node]: [s-decay] n=75 |s_est|=0.00023 |s_target|=0.00000 |s_out|=0.00000 d_s_out=-0.00000 conf=1.000 present=0 armed=0 latched=1 health=1
[INFO] [1789365519.533158514] [mhe_node]: [s-decay] n=76 |s_est|=0.00022 |s_target|=0.00000 |s_out|=0.00000 d_s_out=-0.00000 conf=1.000 present=0 armed=0 latched=1 health=1
[INFO] [1789365519.631997656] [mhe_node]: [s-decay] n=77 |s_est|=0.00021 |s_target|=0.00000 |s_out|=0.00000 d_s_out=-0.00000 conf=1.000 present=0 armed=0 latched=1 health=1
[INFO] [1789365519.731790137] [mhe_node]: [s-decay] n=78 |s_est|=0.00020 |s_target|=0.00000 |s_out|=0.00000 d_s_out=-0.00000 conf=1.000 present=0 armed=0 latched=1 health=1
[INFO] [1789365519.833187005] [mhe_node]: [s-decay] n=79 |s_est|=0.00020 |s_target|=0.00000 |s_out|=0.00000 d_s_out=-0.00000 conf=1.000 present=0 armed=0 latched=1 health=1
[INFO] [1789365519.933111839] [mhe_node]: [s-decay] n=80 |s_est|=0.00019 |s_target|=0.00000 |s_out|=0.00000 d_s_out=-0.00000 conf=1.000 present=0 armed=0 latched=1 health=1
[INFO] [1789365520.033243510] [mhe_node]: MHE mass estimate: 2.061 kg (T_phys=20.24N) | solve=3.3ms (max3.7)
[INFO] [1789365520.033774184] [mhe_node]: [truth] m_hat=2.0613 m_true=2.0643 err=-0.15% | c_hat=[+0.0000,+0.0000] c_true=[+0.0000,+0.0000] | Jxx_hat=0.01420 Jxx_true=0.01420 Jyz_hat=+0.00000 Jyz_true=+0.00000 | s_hat=[-0.0002,-0.0000] s_true=[+0.0000,+0.0000] kg·m
[INFO] [1789365520.034288464] [mhe_node]: [tau_phys] roll=+0.002 pitch=+0.002 Nm
[INFO] [1789365520.034864013] [mhe_node]: [mass-diag] m_est=2.0613 T=20.244N tilt=0.11deg cos=1.00000 | T/g=2.0636 T*cos/g=2.0636 | m_est-T*cos/g=-0.0023kg (-0.11%) vz=-0.007
[INFO] [1789365520.035437856] [mhe_node]: [c_xy_est] cx=-0.0001 cy=-0.0000 m
[INFO] [1789365520.035809332] [mhe_node]: [s-decay] n=81 |s_est|=0.00018 |s_target|=0.00000 |s_out|=0.00000 d_s_out=-0.00000 conf=1.000 present=0 armed=0 latched=1 health=1
[INFO] [1789365520.131808705] [mhe_node]: [s-decay] n=82 |s_est|=0.00017 |s_target|=0.00000 |s_out|=0.00000 d_s_out=-0.00000 conf=1.000 present=0 armed=0 latched=1 health=1
[INFO] [1789365520.233268099] [mhe_node]: [s-decay] n=83 |s_est|=0.00017 |s_target|=0.00000 |s_out|=0.00000 d_s_out=-0.00000 conf=1.000 present=0 armed=0 latched=1 health=1
[INFO] [1789365520.333189110] [mhe_node]: [s-decay] n=84 |s_est|=0.00016 |s_target|=0.00000 |s_out|=0.00000 d_s_out=-0.00000 conf=1.000 present=0 armed=0 latched=1 health=1
[INFO] [1789365520.433159124] [mhe_node]: [s-decay] n=85 |s_est|=0.00016 |s_target|=0.00000 |s_out|=0.00000 d_s_out=-0.00000 conf=1.000 present=0 armed=0 latched=1 health=1
[INFO] [1789365520.533243598] [mhe_node]: [s-decay] n=86 |s_est|=0.00015 |s_target|=0.00000 |s_out|=0.00000 d_s_out=-0.00000 conf=1.000 present=0 armed=0 latched=1 health=1
[INFO] [1789365520.633069311] [mhe_node]: [s-decay] n=87 |s_est|=0.00015 |s_target|=0.00000 |s_out|=0.00000 d_s_out=-0.00000 conf=1.000 present=0 armed=0 latched=1 health=1
[INFO] [1789365520.733150432] [mhe_node]: [s-decay] n=88 |s_est|=0.00014 |s_target|=0.00000 |s_out|=0.00000 d_s_out=-0.00000 conf=1.000 present=0 armed=0 latched=1 health=1
[INFO] [1789365520.833165530] [mhe_node]: [s-decay] n=89 |s_est|=0.00014 |s_target|=0.00000 |s_out|=0.00000 d_s_out=-0.00000 conf=1.000 present=0 armed=0 latched=1 health=1
[INFO] [1789365520.931777167] [mhe_node]: [s-decay] n=90 |s_est|=0.00014 |s_target|=0.00000 |s_out|=0.00000 d_s_out=-0.00000 conf=1.000 present=0 armed=0 latched=1 health=1
[INFO] [1789365521.033135522] [mhe_node]: [s-decay] n=91 |s_est|=0.00014 |s_target|=0.00000 |s_out|=0.00000 d_s_out=-0.00000 conf=1.000 present=0 armed=0 latched=1 health=1
[INFO] [1789365521.133312743] [mhe_node]: [s-decay] n=92 |s_est|=0.00013 |s_target|=0.00000 |s_out|=0.00000 d_s_out=-0.00000 conf=1.000 present=0 armed=0 latched=1 health=1
[INFO] [1789365521.233190037] [mhe_node]: [s-decay] n=93 |s_est|=0.00013 |s_target|=0.00000 |s_out|=0.00000 d_s_out=-0.00000 conf=1.000 present=0 armed=0 latched=1 health=1
[INFO] [1789365521.333254421] [mhe_node]: [s-decay] n=94 |s_est|=0.00013 |s_target|=0.00000 |s_out|=0.00000 d_s_out=-0.00000 conf=1.000 present=0 armed=0 latched=1 health=1
[INFO] [1789365521.433295382] [mhe_node]: [s-decay] n=95 |s_est|=0.00014 |s_target|=0.00000 |s_out|=0.00000 d_s_out=-0.00000 conf=1.000 present=0 armed=0 latched=1 health=1
[INFO] [1789365521.533250269] [mhe_node]: [s-decay] n=96 |s_est|=0.00016 |s_target|=0.00000 |s_out|=0.00000 d_s_out=-0.00000 conf=1.000 present=0 armed=0 latched=1 health=1
[INFO] [1789365521.632170915] [mhe_node]: [s-decay] n=97 |s_est|=0.00018 |s_target|=0.00000 |s_out|=0.00000 d_s_out=-0.00000 conf=1.000 present=0 armed=0 latched=1 health=1
[ros2run]: Killed
