[INFO] [1789422537.353091569] [mhe_node]: MHE node starting, building/loading solver... (geom_coupled=True, N=20, m_min=1.961, m_B=2.0643)
Code reuse possible, skipping code generation.
acados was compiled without OpenMP.
[INFO] [1789422537.359976394] [mhe_node]: [prior] geom_coupled=True → 载荷质量信息**完全不生效**(grip_payload_envelope=0.3 是死代码:coupled 档下 _payload_geometry 根本不被调用);模型只吃可测杆臂 r_p + 被估质量,m 的先验仅有 Q0 质量维=0.1 (σ=3.16kg,实质无先验)
[WARN] [1789422537.360460138] [mhe_node]: geom_release_mode='self':估计器不被告知 drop。⚠️ 2026-08-24 实测,**NMPC 侧也设成 'self' 会必然坠机**——drop 后控制器继续按幽灵偏心载荷配平,指令 0.424N·m(tau_max 的 85%)作用在空机 J_xx=0.0142 上 = 29.8 rad/s²,而 MHE 10Hz/2s 窗口要 1~2s 才纠得过来,飞机先翻。**正确组合 = MHE 'self' + NMPC 'event'**(控制器是发释放指令的一方,它知道不构成认知作弊)。
[INFO] [1789422537.362378131] [mhe_node]: [moment-ref] 物理上限由平台包线派生: 0.0390 kg·m = 0.30kg x 0.13m
[INFO] [1789422537.363074629] [mhe_node]: [c_xy_est] 质量域卸载判据已开:先武装(m_p>0.090kg),再判 m_p<0.03kg 持续 20 帧 -> 释放偏心估计
[INFO] [1789422537.363732662] [mhe_node]: [c_xy] 来源 = 一阶质量矩 s/m_T(窗口内估计,**无稳态门控**),替代窗外 EMA —— 机动中也会更新
[INFO] [1789422537.365011113] [mhe_node]: weight schedule theta = [-4.00, 0.00, 0.00, 0.00], signal mode = residual (residual self-trigger: thresh=4.4N persist=2 baseline_tau=3.0s)
[INFO] [1789422537.368578958] [mhe_node]: [release-selfcheck] READY: c_xy_est_enable=1, moment-state ns=2, ratio=0.30; legacy_mass=1, watchdog=3.0s
[INFO] [1789422537.369468848] [mhe_node]: MHE node initialized! tau_source=command (roll/pitch NMPC意图值, yaw NMPC意图值), motor_window_avg=False, geom_release_mode=self. Waiting for odometry + control data...
[INFO] [1789422559.469396863] [mhe_node]: arrival prior seeded: m=2.064 kg (T_phys/g, no prior)
[INFO] [1789422559.469799212] [mhe_node]: [geom] model_geom_on=True (release_mode=self, truth_attached=False) mode=coupled(r_p) -> geom=[ 0.    0.   -0.47] dJ=0.0000 c_xy=[+0.0000,+0.0000] (dJ/c 为按当前 m_est 折算的诊断当量,模型内部随 m 实时生成)
[INFO] [1789422561.384309589] [mhe_node]: MHE mass estimate: 2.059 kg (T_phys=19.99N) | solve=4.3ms (max14.7)
[INFO] [1789422561.384713281] [mhe_node]: [truth] m_hat=2.0589 m_true=2.0643 err=-0.26% | c_hat=[+0.0000,+0.0000] c_true=[+0.0000,+0.0000] | Jxx_hat=0.01420 Jxx_true=0.01420 Jyz_hat=+0.00000 Jyz_true=+0.00000 | s_hat=[+0.0005,+0.0000] s_true=[+0.0000,+0.0000] kg·m
[INFO] [1789422561.385081217] [mhe_node]: [tau_phys] roll=+0.005 pitch=-0.049 Nm
[INFO] [1789422561.385504975] [mhe_node]: [mass-diag] m_est=2.0589 T=19.986N tilt=6.21deg cos=0.99413 | T/g=2.0373 T*cos/g=2.0253 | m_est-T*cos/g=+0.0336kg (+1.66%) vz=+0.103
[INFO] [1789422561.385913762] [mhe_node]: [c_xy_est] cx=+0.0001 cy=-0.0000 m
[INFO] [1789422563.376569664] [mhe_node]: MHE mass estimate: 2.060 kg (T_phys=20.18N) | solve=6.7ms (max13.5)
[INFO] [1789422563.377131151] [mhe_node]: [truth] m_hat=2.0601 m_true=2.0643 err=-0.20% | c_hat=[+0.0000,+0.0000] c_true=[+0.0000,+0.0000] | Jxx_hat=0.01420 Jxx_true=0.01420 Jyz_hat=+0.00000 Jyz_true=+0.00000 | s_hat=[-0.0010,+0.0000] s_true=[+0.0000,+0.0000] kg·m
[INFO] [1789422563.377649002] [mhe_node]: [tau_phys] roll=+0.002 pitch=+0.011 Nm
[INFO] [1789422563.378247095] [mhe_node]: [mass-diag] m_est=2.0601 T=20.180N tilt=2.34deg cos=0.99916 | T/g=2.0571 T*cos/g=2.0554 | m_est-T*cos/g=+0.0047kg (+0.23%) vz=+0.027
[INFO] [1789422563.378833247] [mhe_node]: [c_xy_est] cx=-0.0005 cy=+0.0000 m
[INFO] [1789422565.372151683] [mhe_node]: MHE mass estimate: 2.060 kg (T_phys=20.22N) | solve=5.2ms (max8.5)
[INFO] [1789422565.372547546] [mhe_node]: [truth] m_hat=2.0604 m_true=2.0643 err=-0.19% | c_hat=[+0.0000,+0.0000] c_true=[+0.0000,+0.0000] | Jxx_hat=0.01420 Jxx_true=0.01420 Jyz_hat=+0.00000 Jyz_true=+0.00000 | s_hat=[+0.0000,+0.0001] s_true=[+0.0000,+0.0000] kg·m
[INFO] [1789422565.372917137] [mhe_node]: [tau_phys] roll=+0.002 pitch=-0.002 Nm
[INFO] [1789422565.373332239] [mhe_node]: [mass-diag] m_est=2.0604 T=20.218N tilt=0.33deg cos=0.99998 | T/g=2.0609 T*cos/g=2.0609 | m_est-T*cos/g=-0.0005kg (-0.02%) vz=+0.012
[INFO] [1789422565.373734609] [mhe_node]: [c_xy_est] cx=-0.0000 cy=+0.0001 m
[INFO] [1789422567.374746530] [mhe_node]: MHE mass estimate: 2.054 kg (T_phys=18.50N) | solve=4.2ms (max10.9)
[INFO] [1789422567.375405757] [mhe_node]: [truth] m_hat=2.0540 m_true=2.0643 err=-0.50% | c_hat=[+0.0000,+0.0000] c_true=[+0.0000,+0.0000] | Jxx_hat=0.01420 Jxx_true=0.01420 Jyz_hat=+0.00000 Jyz_true=+0.00000 | s_hat=[+0.0000,-0.0001] s_true=[+0.0000,+0.0000] kg·m
[INFO] [1789422567.375927411] [mhe_node]: [tau_phys] roll=-0.003 pitch=+0.004 Nm
[INFO] [1789422567.376524259] [mhe_node]: [mass-diag] m_est=2.0540 T=18.503N tilt=0.13deg cos=1.00000 | T/g=1.8862 T*cos/g=1.8862 | m_est-T*cos/g=+0.1678kg (+8.90%) vz=-0.458
[INFO] [1789422567.377108901] [mhe_node]: [c_xy_est] cx=+0.0000 cy=-0.0000 m
[INFO] [1789422569.377741890] [mhe_node]: MHE mass estimate: 2.066 kg (T_phys=20.31N) | solve=4.6ms (max8.6)
[INFO] [1789422569.378324336] [mhe_node]: [truth] m_hat=2.0660 m_true=2.0643 err=+0.08% | c_hat=[+0.0000,+0.0000] c_true=[+0.0000,+0.0000] | Jxx_hat=0.01420 Jxx_true=0.01420 Jyz_hat=+0.00000 Jyz_true=+0.00000 | s_hat=[+0.0000,-0.0000] s_true=[+0.0000,+0.0000] kg·m
[INFO] [1789422569.378850230] [mhe_node]: [tau_phys] roll=+0.004 pitch=-0.000 Nm
[INFO] [1789422569.379444214] [mhe_node]: [mass-diag] m_est=2.0660 T=20.309N tilt=0.24deg cos=0.99999 | T/g=2.0703 T*cos/g=2.0703 | m_est-T*cos/g=-0.0042kg (-0.20%) vz=-0.039
[INFO] [1789422569.380026528] [mhe_node]: [c_xy_est] cx=+0.0000 cy=-0.0000 m
[INFO] [1789422571.393945426] [mhe_node]: MHE mass estimate: 1.961 kg (T_phys=20.09N) | solve=13.5ms (max28.9)
[INFO] [1789422571.394491151] [mhe_node]: [truth] m_hat=1.9611 m_true=2.0643 err=-5.00% | c_hat=[+0.0000,+0.0000] c_true=[+0.0000,+0.0000] | Jxx_hat=0.01420 Jxx_true=0.01420 Jyz_hat=+0.00000 Jyz_true=+0.00000 | s_hat=[-0.0093,-0.0059] s_true=[+0.0000,+0.0000] kg·m
[INFO] [1789422571.395013631] [mhe_node]: [tau_phys] roll=-0.108 pitch=-0.045 Nm
[INFO] [1789422571.395605925] [mhe_node]: [mass-diag] m_est=1.9611 T=20.087N tilt=0.81deg cos=0.99990 | T/g=2.0476 T*cos/g=2.0474 | m_est-T*cos/g=-0.0864kg (-4.22%) vz=-0.001
[INFO] [1789422571.396195445] [mhe_node]: [c_xy_est] cx=-0.0048 cy=-0.0028 m
[INFO] [1789422573.383039793] [mhe_node]: MHE mass estimate: 1.980 kg (T_phys=19.90N) | solve=22.6ms (max31.5)
[INFO] [1789422573.383431892] [mhe_node]: [truth] m_hat=1.9804 m_true=2.0643 err=-4.06% | c_hat=[+0.0000,+0.0000] c_true=[+0.0000,+0.0000] | Jxx_hat=0.01420 Jxx_true=0.01420 Jyz_hat=+0.00000 Jyz_true=+0.00000 | s_hat=[-0.0068,+0.0036] s_true=[+0.0000,+0.0000] kg·m
[INFO] [1789422573.383794368] [mhe_node]: [tau_phys] roll=-0.093 pitch=+0.008 Nm
[INFO] [1789422573.384213842] [mhe_node]: [mass-diag] m_est=1.9804 T=19.895N tilt=0.87deg cos=0.99989 | T/g=2.0281 T*cos/g=2.0278 | m_est-T*cos/g=-0.0474kg (-2.34%) vz=+0.010
[INFO] [1789422573.384619407] [mhe_node]: [c_xy_est] cx=-0.0034 cy=+0.0018 m
[INFO] [1789422575.381821624] [mhe_node]: MHE mass estimate: 2.301 kg (T_phys=24.13N) | solve=25.2ms (max37.2)
[INFO] [1789422575.382400416] [mhe_node]: [truth] m_hat=2.3012 m_true=2.0643 err=+11.47% | c_hat=[+0.0000,+0.0000] c_true=[+0.0000,+0.0000] | Jxx_hat=0.01420 Jxx_true=0.01420 Jyz_hat=+0.00000 Jyz_true=+0.00000 | s_hat=[+0.0117,-0.0187] s_true=[+0.0000,+0.0000] kg·m
[INFO] [1789422575.382919995] [mhe_node]: [tau_phys] roll=-0.233 pitch=-0.652 Nm
[INFO] [1789422575.383512271] [mhe_node]: [mass-diag] m_est=2.3012 T=24.128N tilt=1.42deg cos=0.99969 | T/g=2.4595 T*cos/g=2.4588 | m_est-T*cos/g=-0.1576kg (-6.41%) vz=+0.710
[INFO] [1789422575.384116091] [mhe_node]: [c_xy_est] cx=+0.0047 cy=-0.0080 m
[INFO] [1789422577.169056029] [mhe_node]: [payload-state] EMPTY->LOADED (sustained m_p evidence, m_p=+0.217kg)
[INFO] [1789422577.269238978] [mhe_node]: [s-collapse] moment 基准未就绪(窗口 0/20, 越界剔除 0) — 暂不判决
[INFO] [1789422577.386554746] [mhe_node]: MHE mass estimate: 2.285 kg (T_phys=22.17N) | solve=13.4ms (max23.5)
[INFO] [1789422577.387137792] [mhe_node]: [truth] m_hat=2.2846 m_true=2.0643 err=+10.67% | c_hat=[+0.0000,+0.0000] c_true=[+0.0000,+0.0000] | Jxx_hat=0.01420 Jxx_true=0.01420 Jyz_hat=+0.00000 Jyz_true=+0.00000 | s_hat=[+0.0083,-0.0149] s_true=[+0.0000,+0.0000] kg·m
[INFO] [1789422577.387661665] [mhe_node]: [tau_phys] roll=-0.201 pitch=-0.019 Nm
[INFO] [1789422577.388251500] [mhe_node]: [mass-diag] m_est=2.2846 T=22.173N tilt=1.20deg cos=0.99978 | T/g=2.2603 T*cos/g=2.2598 | m_est-T*cos/g=+0.0249kg (+1.10%) vz=+1.213
[INFO] [1789422577.388837238] [mhe_node]: [c_xy_est] cx=+0.0032 cy=-0.0068 m
[INFO] [1789422578.269208003] [mhe_node]: [s-collapse] moment 基准未就绪(窗口 0/20, 越界剔除 0) — 暂不判决
[INFO] [1789422579.069016623] [mhe_node]: [c_xy_est] 质量域判据已武装(m_p=0.239kg 连续20帧高于水位)
[INFO] [1789422579.269191813] [mhe_node]: [s-collapse] moment 基准未就绪(窗口 0/20, 越界剔除 0) — 暂不判决
[INFO] [1789422579.384683369] [mhe_node]: MHE mass estimate: 2.313 kg (T_phys=21.83N) | solve=14.0ms (max23.4)
[INFO] [1789422579.385254333] [mhe_node]: [truth] m_hat=2.3130 m_true=2.0643 err=+12.05% | c_hat=[+0.0000,+0.0000] c_true=[+0.0000,+0.0000] | Jxx_hat=0.01420 Jxx_true=0.01420 Jyz_hat=+0.00000 Jyz_true=+0.00000 | s_hat=[+0.0094,-0.0171] s_true=[+0.0000,+0.0000] kg·m
[INFO] [1789422579.385772348] [mhe_node]: [tau_phys] roll=-0.199 pitch=-0.426 Nm
[INFO] [1789422579.386360507] [mhe_node]: [mass-diag] m_est=2.3130 T=21.831N tilt=0.72deg cos=0.99992 | T/g=2.2254 T*cos/g=2.2252 | m_est-T*cos/g=+0.0878kg (+3.95%) vz=+0.782
[INFO] [1789422579.386942793] [mhe_node]: [c_xy_est] cx=+0.0032 cy=-0.0068 m
[INFO] [1789422580.269230363] [mhe_node]: [s-collapse] moment 基准未就绪(窗口 0/20, 越界剔除 0) — 暂不判决
[INFO] [1789422581.269190865] [mhe_node]: [s-collapse] moment 基准未就绪(窗口 0/20, 越界剔除 0) — 暂不判决
[INFO] [1789422581.383666514] [mhe_node]: MHE mass estimate: 2.323 kg (T_phys=22.03N) | solve=12.2ms (max26.2)
[INFO] [1789422581.384239722] [mhe_node]: [truth] m_hat=2.3233 m_true=2.0643 err=+12.55% | c_hat=[+0.0000,+0.0000] c_true=[+0.0000,+0.0000] | Jxx_hat=0.01420 Jxx_true=0.01420 Jyz_hat=+0.00000 Jyz_true=+0.00000 | s_hat=[+0.0084,-0.0177] s_true=[+0.0000,+0.0000] kg·m
[INFO] [1789422581.384760132] [mhe_node]: [tau_phys] roll=-0.191 pitch=+0.137 Nm
[INFO] [1789422581.385350992] [mhe_node]: [mass-diag] m_est=2.3233 T=22.035N tilt=1.07deg cos=0.99983 | T/g=2.2462 T*cos/g=2.2458 | m_est-T*cos/g=+0.0776kg (+3.45%) vz=+0.091
[INFO] [1789422581.385934885] [mhe_node]: [c_xy_est] cx=+0.0032 cy=-0.0068 m
[INFO] [1789422582.269258843] [mhe_node]: [s-collapse] moment 基准未就绪(窗口 0/20, 越界剔除 0) — 暂不判决
[INFO] [1789422583.269258549] [mhe_node]: [s-collapse] moment 基准未就绪(窗口 0/20, 越界剔除 0) — 暂不判决
[INFO] [1789422583.385677368] [mhe_node]: MHE mass estimate: 2.304 kg (T_phys=22.49N) | solve=12.6ms (max17.5)
[INFO] [1789422583.386244879] [mhe_node]: [truth] m_hat=2.3044 m_true=2.0643 err=+11.63% | c_hat=[+0.0000,+0.0000] c_true=[+0.0000,+0.0000] | Jxx_hat=0.01420 Jxx_true=0.01420 Jyz_hat=+0.00000 Jyz_true=+0.00000 | s_hat=[+0.0082,-0.0159] s_true=[+0.0000,+0.0000] kg·m
[INFO] [1789422583.386763096] [mhe_node]: [tau_phys] roll=-0.219 pitch=+0.908 Nm
[INFO] [1789422583.387356119] [mhe_node]: [mass-diag] m_est=2.3044 T=22.491N tilt=0.23deg cos=0.99999 | T/g=2.2927 T*cos/g=2.2926 | m_est-T*cos/g=+0.0118kg (+0.51%) vz=-0.023
[INFO] [1789422583.387940805] [mhe_node]: [c_xy_est] cx=+0.0032 cy=-0.0068 m
[INFO] [1789422584.269235992] [mhe_node]: [s-collapse] moment 基准未就绪(窗口 0/20, 越界剔除 0) — 暂不判决
[INFO] [1789422585.269101825] [mhe_node]: [s-collapse] moment 基准未就绪(窗口 1/20, 越界剔除 0) — 暂不判决
[INFO] [1789422585.379555746] [mhe_node]: MHE mass estimate: 2.306 kg (T_phys=23.10N) | solve=14.4ms (max25.4)
[INFO] [1789422585.379967873] [mhe_node]: [truth] m_hat=2.3061 m_true=2.0643 err=+11.71% | c_hat=[+0.0000,+0.0000] c_true=[+0.0000,+0.0000] | Jxx_hat=0.01420 Jxx_true=0.01420 Jyz_hat=+0.00000 Jyz_true=+0.00000 | s_hat=[+0.0089,-0.0160] s_true=[+0.0000,+0.0000] kg·m
[INFO] [1789422585.380331350] [mhe_node]: [tau_phys] roll=-0.261 pitch=+1.362 Nm
[INFO] [1789422585.380746437] [mhe_node]: [mass-diag] m_est=2.3061 T=23.099N tilt=0.26deg cos=0.99999 | T/g=2.3546 T*cos/g=2.3546 | m_est-T*cos/g=-0.0485kg (-2.06%) vz=-0.011
[INFO] [1789422585.381155496] [mhe_node]: [c_xy_est] cx=+0.0032 cy=-0.0068 m
[INFO] [1789422586.269231242] [mhe_node]: [s-collapse] moment 基准未就绪(窗口 0/20, 越界剔除 0) — 暂不判决
[INFO] [1789422587.269232970] [mhe_node]: [s-collapse] moment 基准未就绪(窗口 0/20, 越界剔除 0) — 暂不判决
[INFO] [1789422587.384230968] [mhe_node]: MHE mass estimate: 2.287 kg (T_phys=24.60N) | solve=15.6ms (max21.2)
[INFO] [1789422587.384800552] [mhe_node]: [truth] m_hat=2.2868 m_true=2.0643 err=+10.78% | c_hat=[+0.0000,+0.0000] c_true=[+0.0000,+0.0000] | Jxx_hat=0.01420 Jxx_true=0.01420 Jyz_hat=+0.00000 Jyz_true=+0.00000 | s_hat=[+0.0068,-0.0157] s_true=[+0.0000,+0.0000] kg·m
[INFO] [1789422587.385323521] [mhe_node]: [tau_phys] roll=-0.029 pitch=-0.260 Nm
[INFO] [1789422587.385913155] [mhe_node]: [mass-diag] m_est=2.2868 T=24.602N tilt=4.53deg cos=0.99687 | T/g=2.5078 T*cos/g=2.5000 | m_est-T*cos/g=-0.2132kg (-8.53%) vz=-0.105
[INFO] [1789422587.386499519] [mhe_node]: [c_xy_est] cx=+0.0032 cy=-0.0068 m
[INFO] [1789422588.269183094] [mhe_node]: [s-collapse] moment 基准未就绪(窗口 0/20, 越界剔除 0) — 暂不判决
[INFO] [1789422589.269214808] [mhe_node]: [s-collapse] moment 基准未就绪(窗口 0/20, 越界剔除 0) — 暂不判决
[INFO] [1789422589.391291583] [mhe_node]: MHE mass estimate: 2.302 kg (T_phys=22.92N) | solve=16.8ms (max26.4)
[INFO] [1789422589.391859896] [mhe_node]: [truth] m_hat=2.3020 m_true=2.0643 err=+11.52% | c_hat=[+0.0000,+0.0000] c_true=[+0.0000,+0.0000] | Jxx_hat=0.01420 Jxx_true=0.01420 Jyz_hat=+0.00000 Jyz_true=+0.00000 | s_hat=[+0.0116,-0.0181] s_true=[+0.0000,+0.0000] kg·m
[INFO] [1789422589.392384143] [mhe_node]: [tau_phys] roll=-0.155 pitch=-0.316 Nm
[INFO] [1789422589.392970868] [mhe_node]: [mass-diag] m_est=2.3020 T=22.917N tilt=6.25deg cos=0.99405 | T/g=2.3360 T*cos/g=2.3221 | m_est-T*cos/g=-0.0201kg (-0.87%) vz=+0.148
[INFO] [1789422589.393556350] [mhe_node]: [c_xy_est] cx=+0.0032 cy=-0.0068 m
[INFO] [1789422590.269256398] [mhe_node]: [s-collapse] moment 基准未就绪(窗口 0/20, 越界剔除 0) — 暂不判决
[INFO] [1789422591.269216624] [mhe_node]: [s-collapse] moment 基准未就绪(窗口 0/20, 越界剔除 0) — 暂不判决
[INFO] [1789422591.378277676] [mhe_node]: MHE mass estimate: 2.320 kg (T_phys=22.55N) | solve=13.0ms (max21.5)
[INFO] [1789422591.378692013] [mhe_node]: [truth] m_hat=2.3196 m_true=2.0643 err=+12.37% | c_hat=[+0.0000,+0.0000] c_true=[+0.0000,+0.0000] | Jxx_hat=0.01420 Jxx_true=0.01420 Jyz_hat=+0.00000 Jyz_true=+0.00000 | s_hat=[+0.0094,-0.0207] s_true=[+0.0000,+0.0000] kg·m
[INFO] [1789422591.379056375] [mhe_node]: [tau_phys] roll=-0.220 pitch=+0.004 Nm
[INFO] [1789422591.379473182] [mhe_node]: [mass-diag] m_est=2.3196 T=22.550N tilt=8.34deg cos=0.98941 | T/g=2.2987 T*cos/g=2.2743 | m_est-T*cos/g=+0.0453kg (+1.99%) vz=+0.180
[INFO] [1789422591.379879951] [mhe_node]: [c_xy_est] cx=+0.0032 cy=-0.0068 m
[INFO] [1789422592.269194303] [mhe_node]: [s-collapse] moment 基准未就绪(窗口 0/20, 越界剔除 0) — 暂不判决
[INFO] [1789422593.269095207] [mhe_node]: [s-collapse] moment 基准未就绪(窗口 0/20, 越界剔除 0) — 暂不判决
[INFO] [1789422593.377278250] [mhe_node]: MHE mass estimate: 2.296 kg (T_phys=23.51N) | solve=13.1ms (max22.7)
[INFO] [1789422593.377774050] [mhe_node]: [truth] m_hat=2.2961 m_true=2.0643 err=+11.23% | c_hat=[+0.0000,+0.0000] c_true=[+0.0000,+0.0000] | Jxx_hat=0.01420 Jxx_true=0.01420 Jyz_hat=+0.00000 Jyz_true=+0.00000 | s_hat=[+0.0028,-0.0177] s_true=[+0.0000,+0.0000] kg·m
[INFO] [1789422593.378149118] [mhe_node]: [tau_phys] roll=-0.204 pitch=-0.927 Nm
[INFO] [1789422593.378562138] [mhe_node]: [mass-diag] m_est=2.2961 T=23.507N tilt=9.73deg cos=0.98562 | T/g=2.3963 T*cos/g=2.3618 | m_est-T*cos/g=-0.0657kg (-2.78%) vz=-0.148
[INFO] [1789422593.378964589] [mhe_node]: [c_xy_est] cx=+0.0032 cy=-0.0068 m
[INFO] [1789422594.269205928] [mhe_node]: [s-collapse] moment 基准未就绪(窗口 0/20, 越界剔除 0) — 暂不判决
[INFO] [1789422595.269280140] [mhe_node]: [s-collapse] moment 基准未就绪(窗口 0/20, 越界剔除 0) — 暂不判决
[INFO] [1789422595.383150291] [mhe_node]: MHE mass estimate: 2.247 kg (T_phys=23.02N) | solve=17.8ms (max27.2)
[INFO] [1789422595.383734439] [mhe_node]: [truth] m_hat=2.2466 m_true=2.0643 err=+8.83% | c_hat=[+0.0000,+0.0000] c_true=[+0.0000,+0.0000] | Jxx_hat=0.01420 Jxx_true=0.01420 Jyz_hat=+0.00000 Jyz_true=+0.00000 | s_hat=[+0.0043,-0.0177] s_true=[+0.0000,+0.0000] kg·m
[INFO] [1789422595.384260403] [mhe_node]: [tau_phys] roll=-0.126 pitch=-0.237 Nm
[INFO] [1789422595.384851326] [mhe_node]: [mass-diag] m_est=2.2466 T=23.015N tilt=10.06deg cos=0.98462 | T/g=2.3461 T*cos/g=2.3100 | m_est-T*cos/g=-0.0635kg (-2.75%) vz=-0.226
[INFO] [1789422595.385437411] [mhe_node]: [c_xy_est] cx=+0.0032 cy=-0.0068 m
[INFO] [1789422596.269275722] [mhe_node]: [s-collapse] moment 基准未就绪(窗口 0/20, 越界剔除 0) — 暂不判决
[INFO] [1789422597.269209232] [mhe_node]: [s-collapse] moment 基准未就绪(窗口 0/20, 越界剔除 0) — 暂不判决
[INFO] [1789422597.378270183] [mhe_node]: MHE mass estimate: 2.308 kg (T_phys=22.80N) | solve=14.1ms (max22.5)
[INFO] [1789422597.378841141] [mhe_node]: [truth] m_hat=2.3081 m_true=2.0643 err=+11.81% | c_hat=[+0.0000,+0.0000] c_true=[+0.0000,+0.0000] | Jxx_hat=0.01420 Jxx_true=0.01420 Jyz_hat=+0.00000 Jyz_true=+0.00000 | s_hat=[+0.0053,-0.0156] s_true=[+0.0000,+0.0000] kg·m
[INFO] [1789422597.379363801] [mhe_node]: [tau_phys] roll=-0.239 pitch=+0.970 Nm
[INFO] [1789422597.379954086] [mhe_node]: [mass-diag] m_est=2.3081 T=22.799N tilt=2.19deg cos=0.99927 | T/g=2.3241 T*cos/g=2.3224 | m_est-T*cos/g=-0.0143kg (-0.62%) vz=-0.240
[INFO] [1789422597.380549501] [mhe_node]: [c_xy_est] cx=+0.0032 cy=-0.0068 m
[INFO] [1789422598.269195822] [mhe_node]: [s-collapse] moment 基准未就绪(窗口 0/20, 越界剔除 0) — 暂不判决
[INFO] [1789422599.269223768] [mhe_node]: [s-collapse] moment 基准未就绪(窗口 0/20, 越界剔除 0) — 暂不判决
[INFO] [1789422599.377589125] [mhe_node]: MHE mass estimate: 2.340 kg (T_phys=23.44N) | solve=10.4ms (max18.2)
[INFO] [1789422599.378178627] [mhe_node]: [truth] m_hat=2.3395 m_true=2.0643 err=+13.33% | c_hat=[+0.0000,+0.0000] c_true=[+0.0000,+0.0000] | Jxx_hat=0.01420 Jxx_true=0.01420 Jyz_hat=+0.00000 Jyz_true=+0.00000 | s_hat=[+0.0020,-0.0152] s_true=[+0.0000,+0.0000] kg·m
[INFO] [1789422599.378714024] [mhe_node]: [tau_phys] roll=-0.186 pitch=+0.348 Nm
[INFO] [1789422599.379320112] [mhe_node]: [mass-diag] m_est=2.3395 T=23.441N tilt=7.85deg cos=0.99062 | T/g=2.3895 T*cos/g=2.3671 | m_est-T*cos/g=-0.0275kg (-1.16%) vz=-0.194
[INFO] [1789422599.379903407] [mhe_node]: [c_xy_est] cx=+0.0032 cy=-0.0068 m
[INFO] [1789422600.269214571] [mhe_node]: [s-collapse] moment 基准未就绪(窗口 0/20, 越界剔除 0) — 暂不判决
[INFO] [1789422601.269212758] [mhe_node]: [s-collapse] moment 基准未就绪(窗口 0/20, 越界剔除 0) — 暂不判决
[INFO] [1789422601.384427505] [mhe_node]: MHE mass estimate: 2.301 kg (T_phys=23.24N) | solve=10.6ms (max16.9)
[INFO] [1789422601.384994022] [mhe_node]: [truth] m_hat=2.3010 m_true=2.0643 err=+11.47% | c_hat=[+0.0000,+0.0000] c_true=[+0.0000,+0.0000] | Jxx_hat=0.01420 Jxx_true=0.01420 Jyz_hat=+0.00000 Jyz_true=+0.00000 | s_hat=[+0.0039,-0.0112] s_true=[+0.0000,+0.0000] kg·m
[INFO] [1789422601.385521040] [mhe_node]: [tau_phys] roll=+0.026 pitch=+1.301 Nm
[INFO] [1789422601.386108352] [mhe_node]: [mass-diag] m_est=2.3010 T=23.237N tilt=8.72deg cos=0.98845 | T/g=2.3687 T*cos/g=2.3413 | m_est-T*cos/g=-0.0403kg (-1.72%) vz=-0.081
[INFO] [1789422601.386700163] [mhe_node]: [c_xy_est] cx=+0.0032 cy=-0.0068 m
[INFO] [1789422602.269188606] [mhe_node]: [s-collapse] moment 基准未就绪(窗口 0/20, 越界剔除 0) — 暂不判决
[INFO] [1789422603.269228843] [mhe_node]: [s-collapse] moment 基准未就绪(窗口 0/20, 越界剔除 0) — 暂不判决
[INFO] [1789422603.378734675] [mhe_node]: MHE mass estimate: 2.293 kg (T_phys=22.74N) | solve=16.0ms (max22.1)
[INFO] [1789422603.379148513] [mhe_node]: [truth] m_hat=2.2926 m_true=2.0643 err=+11.06% | c_hat=[+0.0000,+0.0000] c_true=[+0.0000,+0.0000] | Jxx_hat=0.01420 Jxx_true=0.01420 Jyz_hat=+0.00000 Jyz_true=+0.00000 | s_hat=[+0.0056,-0.0128] s_true=[+0.0000,+0.0000] kg·m
[INFO] [1789422603.379512713] [mhe_node]: [tau_phys] roll=-0.212 pitch=+0.262 Nm
[INFO] [1789422603.379924270] [mhe_node]: [mass-diag] m_est=2.2926 T=22.739N tilt=5.01deg cos=0.99618 | T/g=2.3179 T*cos/g=2.3090 | m_est-T*cos/g=-0.0164kg (-0.71%) vz=+0.024
[INFO] [1789422603.380331440] [mhe_node]: [c_xy_est] cx=+0.0032 cy=-0.0068 m
[INFO] [1789422604.269236597] [mhe_node]: [s-collapse] moment 基准未就绪(窗口 0/20, 越界剔除 0) — 暂不判决
[INFO] [1789422605.269247421] [mhe_node]: [s-collapse] moment 基准未就绪(窗口 0/20, 越界剔除 0) — 暂不判决
[INFO] [1789422605.382422077] [mhe_node]: MHE mass estimate: 2.300 kg (T_phys=23.13N) | solve=13.7ms (max22.5)
[INFO] [1789422605.382994331] [mhe_node]: [truth] m_hat=2.3003 m_true=2.0643 err=+11.43% | c_hat=[+0.0000,+0.0000] c_true=[+0.0000,+0.0000] | Jxx_hat=0.01420 Jxx_true=0.01420 Jyz_hat=+0.00000 Jyz_true=+0.00000 | s_hat=[+0.0005,-0.0121] s_true=[+0.0000,+0.0000] kg·m
[INFO] [1789422605.383520057] [mhe_node]: [tau_phys] roll=-0.112 pitch=-0.905 Nm
[INFO] [1789422605.384105474] [mhe_node]: [mass-diag] m_est=2.3003 T=23.134N tilt=10.59deg cos=0.98298 | T/g=2.3582 T*cos/g=2.3180 | m_est-T*cos/g=-0.0178kg (-0.77%) vz=+0.197
[INFO] [1789422605.384693999] [mhe_node]: [c_xy_est] cx=+0.0032 cy=-0.0068 m
[INFO] [1789422606.269254992] [mhe_node]: [s-collapse] moment 基准未就绪(窗口 0/20, 越界剔除 0) — 暂不判决
[INFO] [1789422607.269242464] [mhe_node]: [s-collapse] moment 基准未就绪(窗口 0/20, 越界剔除 0) — 暂不判决
[INFO] [1789422607.387120278] [mhe_node]: MHE mass estimate: 2.294 kg (T_phys=22.72N) | solve=16.1ms (max22.7)
[INFO] [1789422607.387686767] [mhe_node]: [truth] m_hat=2.2942 m_true=2.0643 err=+11.14% | c_hat=[+0.0000,+0.0000] c_true=[+0.0000,+0.0000] | Jxx_hat=0.01420 Jxx_true=0.01420 Jyz_hat=+0.00000 Jyz_true=+0.00000 | s_hat=[+0.0083,-0.0123] s_true=[+0.0000,+0.0000] kg·m
[INFO] [1789422607.388212883] [mhe_node]: [tau_phys] roll=-0.167 pitch=-1.308 Nm
[INFO] [1789422607.388804580] [mhe_node]: [mass-diag] m_est=2.2942 T=22.725N tilt=8.47deg cos=0.98908 | T/g=2.3165 T*cos/g=2.2912 | m_est-T*cos/g=+0.0031kg (+0.13%) vz=+0.217
[INFO] [1789422607.389393272] [mhe_node]: [c_xy_est] cx=+0.0032 cy=-0.0068 m
[INFO] [1789422608.269183676] [mhe_node]: [s-collapse] moment 基准未就绪(窗口 0/20, 越界剔除 0) — 暂不判决
[INFO] [1789422609.269235697] [mhe_node]: [s-collapse] moment 基准未就绪(窗口 0/20, 越界剔除 0) — 暂不判决
[INFO] [1789422609.382272618] [mhe_node]: MHE mass estimate: 2.292 kg (T_phys=22.90N) | solve=14.1ms (max25.5)
[INFO] [1789422609.382845501] [mhe_node]: [truth] m_hat=2.2921 m_true=2.0643 err=+11.04% | c_hat=[+0.0000,+0.0000] c_true=[+0.0000,+0.0000] | Jxx_hat=0.01420 Jxx_true=0.01420 Jyz_hat=+0.00000 Jyz_true=+0.00000 | s_hat=[+0.0064,-0.0160] s_true=[+0.0000,+0.0000] kg·m
[INFO] [1789422609.383374014] [mhe_node]: [tau_phys] roll=-0.244 pitch=-1.294 Nm
[INFO] [1789422609.383963458] [mhe_node]: [mass-diag] m_est=2.2921 T=22.895N tilt=3.34deg cos=0.99830 | T/g=2.3339 T*cos/g=2.3299 | m_est-T*cos/g=-0.0378kg (-1.62%) vz=+0.215
[INFO] [1789422609.384549326] [mhe_node]: [c_xy_est] cx=+0.0032 cy=-0.0068 m
[INFO] [1789422610.269225317] [mhe_node]: [s-collapse] moment 基准未就绪(窗口 0/20, 越界剔除 0) — 暂不判决
[INFO] [1789422611.269233121] [mhe_node]: [s-collapse] moment 基准未就绪(窗口 0/20, 越界剔除 0) — 暂不判决
[INFO] [1789422611.387695504] [mhe_node]: MHE mass estimate: 2.304 kg (T_phys=23.13N) | solve=12.6ms (max17.6)
[INFO] [1789422611.388402698] [mhe_node]: [truth] m_hat=2.3039 m_true=2.0643 err=+11.61% | c_hat=[+0.0000,+0.0000] c_true=[+0.0000,+0.0000] | Jxx_hat=0.01420 Jxx_true=0.01420 Jyz_hat=+0.00000 Jyz_true=+0.00000 | s_hat=[+0.0060,-0.0187] s_true=[+0.0000,+0.0000] kg·m
[INFO] [1789422611.388922636] [mhe_node]: [tau_phys] roll=-0.254 pitch=+0.439 Nm
[INFO] [1789422611.389511500] [mhe_node]: [mass-diag] m_est=2.3039 T=23.129N tilt=9.41deg cos=0.98653 | T/g=2.3577 T*cos/g=2.3259 | m_est-T*cos/g=-0.0220kg (-0.95%) vz=+0.161
[INFO] [1789422611.390092705] [mhe_node]: [c_xy_est] cx=+0.0032 cy=-0.0068 m
[INFO] [1789422612.269186498] [mhe_node]: [s-collapse] moment 基准未就绪(窗口 0/20, 越界剔除 0) — 暂不判决
[INFO] [1789422613.269105723] [mhe_node]: [s-collapse] moment 基准未就绪(窗口 0/20, 越界剔除 0) — 暂不判决
[INFO] [1789422613.381778186] [mhe_node]: MHE mass estimate: 2.296 kg (T_phys=22.93N) | solve=14.6ms (max22.2)
[INFO] [1789422613.382193200] [mhe_node]: [truth] m_hat=2.2960 m_true=2.0643 err=+11.23% | c_hat=[+0.0000,+0.0000] c_true=[+0.0000,+0.0000] | Jxx_hat=0.01420 Jxx_true=0.01420 Jyz_hat=+0.00000 Jyz_true=+0.00000 | s_hat=[+0.0107,-0.0183] s_true=[+0.0000,+0.0000] kg·m
[INFO] [1789422613.382556187] [mhe_node]: [tau_phys] roll=-0.224 pitch=+1.299 Nm
[INFO] [1789422613.382966600] [mhe_node]: [mass-diag] m_est=2.2960 T=22.933N tilt=6.17deg cos=0.99422 | T/g=2.3377 T*cos/g=2.3242 | m_est-T*cos/g=-0.0282kg (-1.21%) vz=+0.042
[INFO] [1789422613.383371262] [mhe_node]: [c_xy_est] cx=+0.0032 cy=-0.0068 m
[INFO] [1789422614.269240821] [mhe_node]: [s-collapse] moment 基准未就绪(窗口 0/20, 越界剔除 0) — 暂不判决
[INFO] [1789422615.269190450] [mhe_node]: [s-collapse] moment 基准未就绪(窗口 0/20, 越界剔除 0) — 暂不判决
[INFO] [1789422615.391101560] [mhe_node]: MHE mass estimate: 2.309 kg (T_phys=22.84N) | solve=15.1ms (max21.1)
[INFO] [1789422615.391670298] [mhe_node]: [truth] m_hat=2.3086 m_true=2.0643 err=+11.84% | c_hat=[+0.0000,+0.0000] c_true=[+0.0000,+0.0000] | Jxx_hat=0.01420 Jxx_true=0.01420 Jyz_hat=+0.00000 Jyz_true=+0.00000 | s_hat=[+0.0084,-0.0174] s_true=[+0.0000,+0.0000] kg·m
[INFO] [1789422615.392197107] [mhe_node]: [tau_phys] roll=-0.071 pitch=+0.714 Nm
[INFO] [1789422615.392780453] [mhe_node]: [mass-diag] m_est=2.3086 T=22.839N tilt=7.25deg cos=0.99200 | T/g=2.3281 T*cos/g=2.3095 | m_est-T*cos/g=-0.0008kg (-0.04%) vz=-0.097
[INFO] [1789422615.393365453] [mhe_node]: [c_xy_est] cx=+0.0032 cy=-0.0068 m
[INFO] [1789422616.269217649] [mhe_node]: [s-collapse] moment 基准未就绪(窗口 0/20, 越界剔除 0) — 暂不判决
[INFO] [1789422617.269272901] [mhe_node]: [s-collapse] moment 基准未就绪(窗口 0/20, 越界剔除 0) — 暂不判决
[INFO] [1789422617.386773101] [mhe_node]: MHE mass estimate: 2.300 kg (T_phys=22.77N) | solve=16.0ms (max21.9)
[INFO] [1789422617.387352574] [mhe_node]: [truth] m_hat=2.2998 m_true=2.0643 err=+11.41% | c_hat=[+0.0000,+0.0000] c_true=[+0.0000,+0.0000] | Jxx_hat=0.01420 Jxx_true=0.01420 Jyz_hat=+0.00000 Jyz_true=+0.00000 | s_hat=[+0.0110,-0.0192] s_true=[+0.0000,+0.0000] kg·m
[INFO] [1789422617.387873213] [mhe_node]: [tau_phys] roll=-0.037 pitch=-0.904 Nm
[INFO] [1789422617.388469883] [mhe_node]: [mass-diag] m_est=2.2998 T=22.765N tilt=11.17deg cos=0.98106 | T/g=2.3206 T*cos/g=2.2767 | m_est-T*cos/g=+0.0232kg (+1.02%) vz=-0.156
[INFO] [1789422617.389056874] [mhe_node]: [c_xy_est] cx=+0.0032 cy=-0.0068 m
[INFO] [1789422618.269135480] [mhe_node]: [s-collapse] moment 基准未就绪(窗口 0/20, 越界剔除 0) — 暂不判决
[INFO] [1789422619.269238350] [mhe_node]: [s-collapse] moment 基准未就绪(窗口 0/20, 越界剔除 0) — 暂不判决
[INFO] [1789422619.383724394] [mhe_node]: MHE mass estimate: 2.300 kg (T_phys=22.59N) | solve=13.9ms (max20.0)
[INFO] [1789422619.384302150] [mhe_node]: [truth] m_hat=2.2997 m_true=2.0643 err=+11.40% | c_hat=[+0.0000,+0.0000] c_true=[+0.0000,+0.0000] | Jxx_hat=0.01420 Jxx_true=0.01420 Jyz_hat=+0.00000 Jyz_true=+0.00000 | s_hat=[+0.0078,-0.0162] s_true=[+0.0000,+0.0000] kg·m
[INFO] [1789422619.384859999] [mhe_node]: [tau_phys] roll=-0.153 pitch=-1.212 Nm
[INFO] [1789422619.385459619] [mhe_node]: [mass-diag] m_est=2.2997 T=22.590N tilt=4.56deg cos=0.99684 | T/g=2.3027 T*cos/g=2.2954 | m_est-T*cos/g=+0.0043kg (+0.19%) vz=-0.214
[INFO] [1789422619.386119497] [mhe_node]: [c_xy_est] cx=+0.0032 cy=-0.0068 m
[INFO] [1789422620.269228095] [mhe_node]: [s-collapse] moment 基准未就绪(窗口 0/20, 越界剔除 0) — 暂不判决
[INFO] [1789422621.269184779] [mhe_node]: [s-collapse] moment 基准未就绪(窗口 0/20, 越界剔除 0) — 暂不判决
[INFO] [1789422621.389710621] [mhe_node]: MHE mass estimate: 2.306 kg (T_phys=23.51N) | solve=14.1ms (max19.6)
[INFO] [1789422621.390277117] [mhe_node]: [truth] m_hat=2.3063 m_true=2.0643 err=+11.72% | c_hat=[+0.0000,+0.0000] c_true=[+0.0000,+0.0000] | Jxx_hat=0.01420 Jxx_true=0.01420 Jyz_hat=+0.00000 Jyz_true=+0.00000 | s_hat=[+0.0012,-0.0137] s_true=[+0.0000,+0.0000] kg·m
[INFO] [1789422621.390801835] [mhe_node]: [tau_phys] roll=-0.015 pitch=-1.365 Nm
[INFO] [1789422621.391404582] [mhe_node]: [mass-diag] m_est=2.3063 T=23.508N tilt=6.96deg cos=0.99262 | T/g=2.3963 T*cos/g=2.3786 | m_est-T*cos/g=-0.0723kg (-3.04%) vz=-0.202
[INFO] [1789422621.391994292] [mhe_node]: [c_xy_est] cx=+0.0032 cy=-0.0068 m
[INFO] [1789422622.269218733] [mhe_node]: [s-collapse] moment 基准未就绪(窗口 0/20, 越界剔除 0) — 暂不判决
[INFO] [1789422623.269239672] [mhe_node]: [s-collapse] moment 基准未就绪(窗口 0/20, 越界剔除 0) — 暂不判决
[INFO] [1789422623.392307262] [mhe_node]: MHE mass estimate: 2.303 kg (T_phys=22.43N) | solve=14.6ms (max23.5)
[INFO] [1789422623.392878469] [mhe_node]: [truth] m_hat=2.3025 m_true=2.0643 err=+11.54% | c_hat=[+0.0000,+0.0000] c_true=[+0.0000,+0.0000] | Jxx_hat=0.01420 Jxx_true=0.01420 Jyz_hat=+0.00000 Jyz_true=+0.00000 | s_hat=[+0.0040,-0.0106] s_true=[+0.0000,+0.0000] kg·m
[INFO] [1789422623.393405102] [mhe_node]: [tau_phys] roll=-0.153 pitch=-0.296 Nm
[INFO] [1789422623.393998274] [mhe_node]: [mass-diag] m_est=2.3025 T=22.431N tilt=8.51deg cos=0.98899 | T/g=2.2865 T*cos/g=2.2613 | m_est-T*cos/g=+0.0412kg (+1.82%) vz=-0.041
[INFO] [1789422623.394593833] [mhe_node]: [c_xy_est] cx=+0.0032 cy=-0.0068 m
[INFO] [1789422624.269180816] [mhe_node]: [s-collapse] moment 基准未就绪(窗口 0/20, 越界剔除 0) — 暂不判决
[INFO] [1789422625.269245024] [mhe_node]: [s-collapse] moment 基准未就绪(窗口 0/20, 越界剔除 0) — 暂不判决
[INFO] [1789422625.383525093] [mhe_node]: MHE mass estimate: 2.294 kg (T_phys=22.91N) | solve=15.7ms (max21.2)
[INFO] [1789422625.384095513] [mhe_node]: [truth] m_hat=2.2941 m_true=2.0643 err=+11.13% | c_hat=[+0.0000,+0.0000] c_true=[+0.0000,+0.0000] | Jxx_hat=0.01420 Jxx_true=0.01420 Jyz_hat=+0.00000 Jyz_true=+0.00000 | s_hat=[+0.0061,-0.0127] s_true=[+0.0000,+0.0000] kg·m
[INFO] [1789422625.384620510] [mhe_node]: [tau_phys] roll=-0.232 pitch=+1.549 Nm
[INFO] [1789422625.385216470] [mhe_node]: [mass-diag] m_est=2.2941 T=22.906N tilt=4.44deg cos=0.99700 | T/g=2.3349 T*cos/g=2.3279 | m_est-T*cos/g=-0.0339kg (-1.45%) vz=+0.032
[INFO] [1789422625.385798295] [mhe_node]: [c_xy_est] cx=+0.0032 cy=-0.0068 m
[INFO] [1789422626.269181180] [mhe_node]: [s-collapse] moment 基准未就绪(窗口 0/20, 越界剔除 0) — 暂不判决
[INFO] [1789422627.269192830] [mhe_node]: [s-collapse] moment 基准未就绪(窗口 0/20, 越界剔除 0) — 暂不判决
[INFO] [1789422627.383667788] [mhe_node]: MHE mass estimate: 2.309 kg (T_phys=23.65N) | solve=16.3ms (max21.9)
[INFO] [1789422627.384253310] [mhe_node]: [truth] m_hat=2.3090 m_true=2.0643 err=+11.85% | c_hat=[+0.0000,+0.0000] c_true=[+0.0000,+0.0000] | Jxx_hat=0.01420 Jxx_true=0.01420 Jyz_hat=+0.00000 Jyz_true=+0.00000 | s_hat=[+0.0027,-0.0119] s_true=[+0.0000,+0.0000] kg·m
[INFO] [1789422627.384785065] [mhe_node]: [tau_phys] roll=-0.076 pitch=-0.996 Nm
[INFO] [1789422627.385385075] [mhe_node]: [mass-diag] m_est=2.3090 T=23.649N tilt=10.06deg cos=0.98463 | T/g=2.4107 T*cos/g=2.3736 | m_est-T*cos/g=-0.0646kg (-2.72%) vz=+0.180
[INFO] [1789422627.385963808] [mhe_node]: [c_xy_est] cx=+0.0032 cy=-0.0068 m
[INFO] [1789422628.269186637] [mhe_node]: [s-collapse] moment 基准未就绪(窗口 0/20, 越界剔除 0) — 暂不判决
[INFO] [1789422629.269103557] [mhe_node]: [s-collapse] moment 基准未就绪(窗口 0/20, 越界剔除 0) — 暂不判决
[INFO] [1789422629.381274902] [mhe_node]: MHE mass estimate: 2.287 kg (T_phys=22.74N) | solve=15.9ms (max27.7)
[INFO] [1789422629.381982640] [mhe_node]: [truth] m_hat=2.2874 m_true=2.0643 err=+10.81% | c_hat=[+0.0000,+0.0000] c_true=[+0.0000,+0.0000] | Jxx_hat=0.01420 Jxx_true=0.01420 Jyz_hat=+0.00000 Jyz_true=+0.00000 | s_hat=[+0.0091,-0.0114] s_true=[+0.0000,+0.0000] kg·m
[INFO] [1789422629.382512394] [mhe_node]: [tau_phys] roll=-0.152 pitch=-1.162 Nm
[INFO] [1789422629.383098716] [mhe_node]: [mass-diag] m_est=2.2874 T=22.743N tilt=7.38deg cos=0.99171 | T/g=2.3183 T*cos/g=2.2991 | m_est-T*cos/g=-0.0117kg (-0.51%) vz=+0.239
[INFO] [1789422629.383684611] [mhe_node]: [c_xy_est] cx=+0.0032 cy=-0.0068 m
[INFO] [1789422630.269066613] [mhe_node]: [s-collapse] moment 基准未就绪(窗口 0/20, 越界剔除 0) — 暂不判决
[INFO] [1789422631.269242355] [mhe_node]: [s-collapse] moment 基准未就绪(窗口 0/20, 越界剔除 0) — 暂不判决
[INFO] [1789422631.386739709] [mhe_node]: MHE mass estimate: 2.298 kg (T_phys=22.84N) | solve=15.1ms (max25.4)
[INFO] [1789422631.387316185] [mhe_node]: [truth] m_hat=2.2980 m_true=2.0643 err=+11.32% | c_hat=[+0.0000,+0.0000] c_true=[+0.0000,+0.0000] | Jxx_hat=0.01420 Jxx_true=0.01420 Jyz_hat=+0.00000 Jyz_true=+0.00000 | s_hat=[+0.0063,-0.0165] s_true=[+0.0000,+0.0000] kg·m
[INFO] [1789422631.387838272] [mhe_node]: [tau_phys] roll=-0.236 pitch=+1.089 Nm
[INFO] [1789422631.388429844] [mhe_node]: [mass-diag] m_est=2.2980 T=22.837N tilt=2.98deg cos=0.99865 | T/g=2.3279 T*cos/g=2.3248 | m_est-T*cos/g=-0.0268kg (-1.15%) vz=+0.222
[INFO] [1789422631.389017530] [mhe_node]: [c_xy_est] cx=+0.0032 cy=-0.0068 m
[INFO] [1789422632.269158997] [mhe_node]: [s-collapse] moment 基准未就绪(窗口 0/20, 越界剔除 0) — 暂不判决
[INFO] [1789422633.269210843] [mhe_node]: [s-collapse] moment 基准未就绪(窗口 0/20, 越界剔除 0) — 暂不判决
[INFO] [1789422633.378434125] [mhe_node]: MHE mass estimate: 2.300 kg (T_phys=23.62N) | solve=12.9ms (max20.1)
[INFO] [1789422633.378848084] [mhe_node]: [truth] m_hat=2.3003 m_true=2.0643 err=+11.43% | c_hat=[+0.0000,+0.0000] c_true=[+0.0000,+0.0000] | Jxx_hat=0.01420 Jxx_true=0.01420 Jyz_hat=+0.00000 Jyz_true=+0.00000 | s_hat=[+0.0085,-0.0192] s_true=[+0.0000,+0.0000] kg·m
[INFO] [1789422633.379213590] [mhe_node]: [tau_phys] roll=-0.138 pitch=+1.312 Nm
[INFO] [1789422633.379631812] [mhe_node]: [mass-diag] m_est=2.3003 T=23.622N tilt=9.14deg cos=0.98729 | T/g=2.4080 T*cos/g=2.3774 | m_est-T*cos/g=-0.0771kg (-3.24%) vz=+0.156
[INFO] [1789422633.380052380] [mhe_node]: [c_xy_est] cx=+0.0032 cy=-0.0068 m
[INFO] [1789422634.269244632] [mhe_node]: [s-collapse] moment 基准未就绪(窗口 0/20, 越界剔除 0) — 暂不判决
[INFO] [1789422635.269273077] [mhe_node]: [s-collapse] moment 基准未就绪(窗口 0/20, 越界剔除 0) — 暂不判决
[INFO] [1789422635.384480176] [mhe_node]: MHE mass estimate: 2.303 kg (T_phys=22.42N) | solve=15.2ms (max19.8)
[INFO] [1789422635.384901799] [mhe_node]: [truth] m_hat=2.3029 m_true=2.0643 err=+11.56% | c_hat=[+0.0000,+0.0000] c_true=[+0.0000,+0.0000] | Jxx_hat=0.01420 Jxx_true=0.01420 Jyz_hat=+0.00000 Jyz_true=+0.00000 | s_hat=[+0.0109,-0.0190] s_true=[+0.0000,+0.0000] kg·m
[INFO] [1789422635.385269102] [mhe_node]: [tau_phys] roll=-0.157 pitch=+0.371 Nm
[INFO] [1789422635.385688944] [mhe_node]: [mass-diag] m_est=2.3029 T=22.417N tilt=7.16deg cos=0.99221 | T/g=2.2851 T*cos/g=2.2673 | m_est-T*cos/g=+0.0355kg (+1.57%) vz=+0.048
[INFO] [1789422635.386092919] [mhe_node]: [c_xy_est] cx=+0.0032 cy=-0.0068 m
[INFO] [1789422636.269193147] [mhe_node]: [s-collapse] moment 基准未就绪(窗口 0/20, 越界剔除 0) — 暂不判决
[INFO] [1789422637.269287301] [mhe_node]: [s-collapse] moment 基准未就绪(窗口 0/20, 越界剔除 0) — 暂不判决
[INFO] [1789422637.391510099] [mhe_node]: MHE mass estimate: 2.318 kg (T_phys=22.67N) | solve=14.4ms (max21.4)
[INFO] [1789422637.392097787] [mhe_node]: [truth] m_hat=2.3176 m_true=2.0643 err=+12.27% | c_hat=[+0.0000,+0.0000] c_true=[+0.0000,+0.0000] | Jxx_hat=0.01420 Jxx_true=0.01420 Jyz_hat=+0.00000 Jyz_true=+0.00000 | s_hat=[+0.0098,-0.0194] s_true=[+0.0000,+0.0000] kg·m
[INFO] [1789422637.392626589] [mhe_node]: [tau_phys] roll=-0.174 pitch=+0.402 Nm
[INFO] [1789422637.393226158] [mhe_node]: [mass-diag] m_est=2.3176 T=22.671N tilt=6.28deg cos=0.99401 | T/g=2.3110 T*cos/g=2.2972 | m_est-T*cos/g=+0.0204kg (+0.89%) vz=-0.080
[INFO] [1789422637.393809525] [mhe_node]: [c_xy_est] cx=+0.0032 cy=-0.0068 m
[INFO] [1789422638.269245878] [mhe_node]: [s-collapse] moment 基准未就绪(窗口 0/20, 越界剔除 0) — 暂不判决
[INFO] [1789422639.269266405] [mhe_node]: [s-collapse] moment 基准未就绪(窗口 0/20, 越界剔除 0) — 暂不判决
[INFO] [1789422639.383357901] [mhe_node]: MHE mass estimate: 2.292 kg (T_phys=22.66N) | solve=12.5ms (max17.7)
[INFO] [1789422639.383929020] [mhe_node]: [truth] m_hat=2.2921 m_true=2.0643 err=+11.04% | c_hat=[+0.0000,+0.0000] c_true=[+0.0000,+0.0000] | Jxx_hat=0.01420 Jxx_true=0.01420 Jyz_hat=+0.00000 Jyz_true=+0.00000 | s_hat=[+0.0096,-0.0193] s_true=[+0.0000,+0.0000] kg·m
[INFO] [1789422639.384453014] [mhe_node]: [tau_phys] roll=-0.130 pitch=-0.752 Nm
[INFO] [1789422639.385042177] [mhe_node]: [mass-diag] m_est=2.2921 T=22.660N tilt=11.49deg cos=0.97995 | T/g=2.3099 T*cos/g=2.2636 | m_est-T*cos/g=+0.0286kg (+1.26%) vz=-0.157
[INFO] [1789422639.385634702] [mhe_node]: [c_xy_est] cx=+0.0032 cy=-0.0068 m
[INFO] [1789422640.269235154] [mhe_node]: [s-collapse] moment 基准未就绪(窗口 0/20, 越界剔除 0) — 暂不判决
[INFO] [1789422641.269200487] [mhe_node]: [s-collapse] moment 基准未就绪(窗口 0/20, 越界剔除 0) — 暂不判决
[INFO] [1789422641.383417404] [mhe_node]: MHE mass estimate: 2.300 kg (T_phys=22.99N) | solve=16.5ms (max22.5)
[INFO] [1789422641.383981693] [mhe_node]: [truth] m_hat=2.3005 m_true=2.0643 err=+11.44% | c_hat=[+0.0000,+0.0000] c_true=[+0.0000,+0.0000] | Jxx_hat=0.01420 Jxx_true=0.01420 Jyz_hat=+0.00000 Jyz_true=+0.00000 | s_hat=[+0.0109,-0.0169] s_true=[+0.0000,+0.0000] kg·m
[INFO] [1789422641.384507061] [mhe_node]: [tau_phys] roll=-0.174 pitch=-0.938 Nm
[INFO] [1789422641.385095715] [mhe_node]: [mass-diag] m_est=2.3005 T=22.988N tilt=4.68deg cos=0.99667 | T/g=2.3433 T*cos/g=2.3355 | m_est-T*cos/g=-0.0351kg (-1.50%) vz=-0.254
[INFO] [1789422641.385679765] [mhe_node]: [c_xy_est] cx=+0.0032 cy=-0.0068 m
[INFO] [1789422642.269240871] [mhe_node]: [s-collapse] moment 基准未就绪(窗口 0/20, 越界剔除 0) — 暂不判决
[INFO] [1789422643.269270945] [mhe_node]: [s-collapse] moment 基准未就绪(窗口 0/20, 越界剔除 0) — 暂不判决
[INFO] [1789422643.382395843] [mhe_node]: MHE mass estimate: 2.306 kg (T_phys=23.23N) | solve=13.9ms (max24.7)
[INFO] [1789422643.382968050] [mhe_node]: [truth] m_hat=2.3056 m_true=2.0643 err=+11.69% | c_hat=[+0.0000,+0.0000] c_true=[+0.0000,+0.0000] | Jxx_hat=0.01420 Jxx_true=0.01420 Jyz_hat=+0.00000 Jyz_true=+0.00000 | s_hat=[+0.0025,-0.0150] s_true=[+0.0000,+0.0000] kg·m
[INFO] [1789422643.383498642] [mhe_node]: [tau_phys] roll=-0.056 pitch=-1.124 Nm
[INFO] [1789422643.384092305] [mhe_node]: [mass-diag] m_est=2.3056 T=23.232N tilt=6.10deg cos=0.99434 | T/g=2.3682 T*cos/g=2.3548 | m_est-T*cos/g=-0.0492kg (-2.09%) vz=-0.216
[INFO] [1789422643.384682749] [mhe_node]: [c_xy_est] cx=+0.0032 cy=-0.0068 m
[INFO] [1789422644.269220432] [mhe_node]: [s-collapse] moment 基准未就绪(窗口 0/20, 越界剔除 0) — 暂不判决
[INFO] [1789422645.269247904] [mhe_node]: [s-collapse] moment 基准未就绪(窗口 0/20, 越界剔除 0) — 暂不判决
[INFO] [1789422645.387860704] [mhe_node]: MHE mass estimate: 2.290 kg (T_phys=22.49N) | solve=14.3ms (max19.0)
[INFO] [1789422645.388285653] [mhe_node]: [truth] m_hat=2.2904 m_true=2.0643 err=+10.95% | c_hat=[+0.0000,+0.0000] c_true=[+0.0000,+0.0000] | Jxx_hat=0.01420 Jxx_true=0.01420 Jyz_hat=+0.00000 Jyz_true=+0.00000 | s_hat=[+0.0015,-0.0103] s_true=[+0.0000,+0.0000] kg·m
[INFO] [1789422645.388654717] [mhe_node]: [tau_phys] roll=-0.083 pitch=+0.632 Nm
[INFO] [1789422645.389089367] [mhe_node]: [mass-diag] m_est=2.2904 T=22.491N tilt=8.79deg cos=0.98825 | T/g=2.2927 T*cos/g=2.2657 | m_est-T*cos/g=+0.0247kg (+1.09%) vz=-0.061
[INFO] [1789422645.389521860] [mhe_node]: [c_xy_est] cx=+0.0032 cy=-0.0068 m
[INFO] [1789422646.269288720] [mhe_node]: [s-collapse] moment 基准未就绪(窗口 0/20, 越界剔除 0) — 暂不判决
[INFO] [1789422647.269200439] [mhe_node]: [s-collapse] moment 基准未就绪(窗口 0/20, 越界剔除 0) — 暂不判决
[INFO] [1789422647.384467965] [mhe_node]: MHE mass estimate: 2.292 kg (T_phys=19.02N) | solve=17.6ms (max24.7)
[INFO] [1789422647.385183725] [mhe_node]: [truth] m_hat=2.2919 m_true=2.0643 err=+11.02% | c_hat=[+0.0000,+0.0000] c_true=[+0.0000,+0.0000] | Jxx_hat=0.01420 Jxx_true=0.01420 Jyz_hat=+0.00000 Jyz_true=+0.00000 | s_hat=[+0.0080,-0.0129] s_true=[+0.0000,+0.0000] kg·m
[INFO] [1789422647.385704627] [mhe_node]: [tau_phys] roll=-0.455 pitch=+0.783 Nm
[INFO] [1789422647.386297868] [mhe_node]: [mass-diag] m_est=2.2919 T=19.019N tilt=4.74deg cos=0.99658 | T/g=1.9387 T*cos/g=1.9321 | m_est-T*cos/g=+0.3598kg (+18.62%) vz=+0.238
[INFO] [1789422647.386878183] [mhe_node]: [c_xy_est] cx=+0.0032 cy=-0.0068 m
[INFO] [1789422647.669128914] [mhe_node]: [release-resid] STRONG 票: ΔT=-2.76N x4帧 (floor 0.9N)
[INFO] [1789422648.269214865] [mhe_node]: [s-collapse] moment 基准未就绪(窗口 0/20, 越界剔除 0) — 暂不判决
[WARN] [1789422648.646443548] [mhe_node]: MHE solve failed [status=2], skipping this window (streak 1)
[INFO] [1789422649.269084088] [mhe_node]: [s-collapse] moment 基准未就绪(窗口 0/20, 越界剔除 0) — 暂不判决
[WARN] [1789422649.541801859] [mhe_node]: MHE solve failed [status=2], skipping this window (streak 1)
[WARN] [1789422649.639499534] [mhe_node]: MHE solve failed [status=2], skipping this window (streak 2)
[INFO] [1789422649.714072730] [mhe_node]: MHE mass estimate: 1.961 kg (T_phys=19.81N) | solve=50.6ms (max77.0)
[INFO] [1789422649.714465550] [mhe_node]: [truth] m_hat=1.9611 m_true=2.0643 err=-5.00% | c_hat=[+0.0000,+0.0000] c_true=[+0.0000,+0.0000] | Jxx_hat=0.01420 Jxx_true=0.01420 Jyz_hat=+0.00000 Jyz_true=+0.00000 | s_hat=[+0.0126,+0.0032] s_true=[+0.0000,+0.0000] kg·m
[INFO] [1789422649.714830042] [mhe_node]: [tau_phys] roll=+0.046 pitch=-0.268 Nm
[INFO] [1789422649.715251813] [mhe_node]: [mass-diag] m_est=1.9611 T=19.812N tilt=10.35deg cos=0.98373 | T/g=2.0196 T*cos/g=1.9867 | m_est-T*cos/g=-0.0256kg (-1.29%) vz=+0.220
[INFO] [1789422649.715681890] [mhe_node]: [c_xy_est] cx=+0.0032 cy=-0.0068 m
[INFO] [1789422650.269180840] [mhe_node]: [s-collapse] moment 基准未就绪(窗口 0/20, 越界剔除 0) — 暂不判决
[INFO] [1789422651.269250359] [mhe_node]: [s-collapse] moment 基准未就绪(窗口 0/20, 越界剔除 0) — 暂不判决
[INFO] [1789422651.678033591] [mhe_node]: MHE mass estimate: 2.040 kg (T_phys=20.18N) | solve=23.3ms (max49.4)
[INFO] [1789422651.678580658] [mhe_node]: [truth] m_hat=2.0404 m_true=2.0643 err=-1.16% | c_hat=[+0.0000,+0.0000] c_true=[+0.0000,+0.0000] | Jxx_hat=0.01420 Jxx_true=0.01420 Jyz_hat=+0.00000 Jyz_true=+0.00000 | s_hat=[+0.0020,+0.0019] s_true=[+0.0000,+0.0000] kg·m
[INFO] [1789422651.679095879] [mhe_node]: [tau_phys] roll=+0.011 pitch=+0.006 Nm
[INFO] [1789422651.679682774] [mhe_node]: [mass-diag] m_est=2.0404 T=20.180N tilt=7.46deg cos=0.99154 | T/g=2.0570 T*cos/g=2.0396 | m_est-T*cos/g=+0.0007kg (+0.04%) vz=+0.239
[INFO] [1789422651.680264911] [mhe_node]: [c_xy_est] cx=+0.0032 cy=-0.0068 m
[INFO] [1789422652.269169032] [mhe_node]: [s-collapse] moment 基准未就绪(窗口 0/20, 越界剔除 0) — 暂不判决
[INFO] [1789422653.269240060] [mhe_node]: [s-collapse] moment 基准未就绪(窗口 0/20, 越界剔除 0) — 暂不判决
[INFO] [1789422653.676857824] [mhe_node]: MHE mass estimate: 2.039 kg (T_phys=20.11N) | solve=7.9ms (max18.1)
[INFO] [1789422653.677535662] [mhe_node]: [truth] m_hat=2.0394 m_true=2.0643 err=-1.21% | c_hat=[+0.0000,+0.0000] c_true=[+0.0000,+0.0000] | Jxx_hat=0.01420 Jxx_true=0.01420 Jyz_hat=+0.00000 Jyz_true=+0.00000 | s_hat=[-0.0004,+0.0007] s_true=[+0.0000,+0.0000] kg·m
[INFO] [1789422653.678057297] [mhe_node]: [tau_phys] roll=+0.003 pitch=+0.032 Nm
[INFO] [1789422653.678645009] [mhe_node]: [mass-diag] m_est=2.0394 T=20.107N tilt=2.64deg cos=0.99893 | T/g=2.0497 T*cos/g=2.0475 | m_est-T*cos/g=-0.0081kg (-0.40%) vz=+0.208
[INFO] [1789422653.679226162] [mhe_node]: [c_xy_est] cx=+0.0032 cy=-0.0068 m
[INFO] [1789422654.269195235] [mhe_node]: [s-collapse] moment 基准未就绪(窗口 0/20, 越界剔除 0) — 暂不判决
[INFO] [1789422655.269239185] [mhe_node]: [s-collapse] moment 基准未就绪(窗口 0/20, 越界剔除 0) — 暂不判决
[INFO] [1789422655.681135349] [mhe_node]: MHE mass estimate: 2.053 kg (T_phys=20.39N) | solve=8.8ms (max18.0)
[INFO] [1789422655.681673012] [mhe_node]: [truth] m_hat=2.0528 m_true=2.0643 err=-0.56% | c_hat=[+0.0000,+0.0000] c_true=[+0.0000,+0.0000] | Jxx_hat=0.01420 Jxx_true=0.01420 Jyz_hat=+0.00000 Jyz_true=+0.00000 | s_hat=[-0.0015,-0.0007] s_true=[+0.0000,+0.0000] kg·m
[INFO] [1789422655.682196556] [mhe_node]: [tau_phys] roll=-0.013 pitch=+0.019 Nm
[INFO] [1789422655.682783433] [mhe_node]: [mass-diag] m_est=2.0528 T=20.391N tilt=9.85deg cos=0.98527 | T/g=2.0786 T*cos/g=2.0480 | m_est-T*cos/g=+0.0048kg (+0.24%) vz=+0.171
[INFO] [1789422655.683372396] [mhe_node]: [c_xy_est] cx=+0.0032 cy=-0.0068 m
[INFO] [1789422656.269221648] [mhe_node]: [s-collapse] moment 基准未就绪(窗口 0/20, 越界剔除 0) — 暂不判决
[INFO] [1789422657.269240523] [mhe_node]: [s-collapse] moment 基准未就绪(窗口 0/20, 越界剔除 0) — 暂不判决
[INFO] [1789422657.684691723] [mhe_node]: MHE mass estimate: 2.045 kg (T_phys=19.99N) | solve=9.6ms (max20.2)
[INFO] [1789422657.685239587] [mhe_node]: [truth] m_hat=2.0451 m_true=2.0643 err=-0.93% | c_hat=[+0.0000,+0.0000] c_true=[+0.0000,+0.0000] | Jxx_hat=0.01420 Jxx_true=0.01420 Jyz_hat=+0.00000 Jyz_true=+0.00000 | s_hat=[+0.0009,-0.0009] s_true=[+0.0000,+0.0000] kg·m
[INFO] [1789422657.685761590] [mhe_node]: [tau_phys] roll=-0.002 pitch=-0.017 Nm
[INFO] [1789422657.686351073] [mhe_node]: [mass-diag] m_est=2.0451 T=19.990N tilt=6.54deg cos=0.99349 | T/g=2.0377 T*cos/g=2.0245 | m_est-T*cos/g=+0.0206kg (+1.02%) vz=+0.041
[INFO] [1789422657.686933937] [mhe_node]: [c_xy_est] cx=+0.0032 cy=-0.0068 m
[INFO] [1789422658.269310274] [mhe_node]: [s-collapse] moment 基准未就绪(窗口 0/20, 越界剔除 0) — 暂不判决
[INFO] [1789422659.269260055] [mhe_node]: [s-collapse] moment 基准未就绪(窗口 0/20, 越界剔除 0) — 暂不判决
[INFO] [1789422659.675771395] [mhe_node]: MHE mass estimate: 2.053 kg (T_phys=20.28N) | solve=6.7ms (max11.2)
[INFO] [1789422659.676308461] [mhe_node]: [truth] m_hat=2.0531 m_true=2.0643 err=-0.54% | c_hat=[+0.0000,+0.0000] c_true=[+0.0000,+0.0000] | Jxx_hat=0.01420 Jxx_true=0.01420 Jyz_hat=+0.00000 Jyz_true=+0.00000 | s_hat=[-0.0008,-0.0001] s_true=[+0.0000,+0.0000] kg·m
[INFO] [1789422659.676823711] [mhe_node]: [tau_phys] roll=-0.003 pitch=+0.021 Nm
[INFO] [1789422659.677411672] [mhe_node]: [mass-diag] m_est=2.0531 T=20.284N tilt=6.79deg cos=0.99299 | T/g=2.0677 T*cos/g=2.0532 | m_est-T*cos/g=-0.0001kg (-0.01%) vz=-0.096
[INFO] [1789422659.677989650] [mhe_node]: [c_xy_est] cx=+0.0032 cy=-0.0068 m
[INFO] [1789422660.269211903] [mhe_node]: [s-collapse] moment 基准未就绪(窗口 0/20, 越界剔除 0) — 暂不判决
[INFO] [1789422661.269227270] [mhe_node]: [s-collapse] moment 基准未就绪(窗口 0/20, 越界剔除 0) — 暂不判决
[INFO] [1789422661.679925298] [mhe_node]: MHE mass estimate: 2.054 kg (T_phys=20.26N) | solve=8.1ms (max13.6)
[INFO] [1789422661.680470040] [mhe_node]: [truth] m_hat=2.0537 m_true=2.0643 err=-0.51% | c_hat=[+0.0000,+0.0000] c_true=[+0.0000,+0.0000] | Jxx_hat=0.01420 Jxx_true=0.01420 Jyz_hat=+0.00000 Jyz_true=+0.00000 | s_hat=[+0.0004,-0.0015] s_true=[+0.0000,+0.0000] kg·m
[INFO] [1789422661.680982309] [mhe_node]: [tau_phys] roll=-0.000 pitch=+0.004 Nm
[INFO] [1789422661.681565894] [mhe_node]: [mass-diag] m_est=2.0537 T=20.257N tilt=10.22deg cos=0.98414 | T/g=2.0649 T*cos/g=2.0322 | m_est-T*cos/g=+0.0216kg (+1.06%) vz=-0.151
[INFO] [1789422661.682145786] [mhe_node]: [c_xy_est] cx=+0.0032 cy=-0.0068 m
[INFO] [1789422662.269262267] [mhe_node]: [s-collapse] moment 基准未就绪(窗口 0/20, 越界剔除 0) — 暂不判决
[INFO] [1789422663.269363317] [mhe_node]: [s-collapse] moment 基准未就绪(窗口 0/20, 越界剔除 0) — 暂不判决
[INFO] [1789422663.675718321] [mhe_node]: MHE mass estimate: 2.044 kg (T_phys=20.01N) | solve=7.4ms (max14.1)
[INFO] [1789422663.676265949] [mhe_node]: [truth] m_hat=2.0444 m_true=2.0643 err=-0.96% | c_hat=[+0.0000,+0.0000] c_true=[+0.0000,+0.0000] | Jxx_hat=0.01420 Jxx_true=0.01420 Jyz_hat=+0.00000 Jyz_true=+0.00000 | s_hat=[+0.0012,+0.0006] s_true=[+0.0000,+0.0000] kg·m
[INFO] [1789422663.676786584] [mhe_node]: [tau_phys] roll=+0.010 pitch=-0.027 Nm
[INFO] [1789422663.677377462] [mhe_node]: [mass-diag] m_est=2.0444 T=20.015N tilt=3.77deg cos=0.99783 | T/g=2.0402 T*cos/g=2.0358 | m_est-T*cos/g=+0.0086kg (+0.42%) vz=-0.216
[INFO] [1789422663.677957796] [mhe_node]: [c_xy_est] cx=+0.0032 cy=-0.0068 m
[INFO] [1789422664.269219475] [mhe_node]: [s-collapse] moment 基准未就绪(窗口 0/20, 越界剔除 0) — 暂不判决
[INFO] [1789422665.269235917] [mhe_node]: [s-collapse] moment 基准未就绪(窗口 0/20, 越界剔除 0) — 暂不判决
[INFO] [1789422665.676785266] [mhe_node]: MHE mass estimate: 2.054 kg (T_phys=20.54N) | solve=6.8ms (max12.3)
[INFO] [1789422665.677332695] [mhe_node]: [truth] m_hat=2.0538 m_true=2.0643 err=-0.51% | c_hat=[+0.0000,+0.0000] c_true=[+0.0000,+0.0000] | Jxx_hat=0.01420 Jxx_true=0.01420 Jyz_hat=+0.00000 Jyz_true=+0.00000 | s_hat=[-0.0012,+0.0017] s_true=[+0.0000,+0.0000] kg·m
[INFO] [1789422665.677865844] [mhe_node]: [tau_phys] roll=+0.019 pitch=+0.026 Nm
[INFO] [1789422665.678472547] [mhe_node]: [mass-diag] m_est=2.0538 T=20.542N tilt=6.75deg cos=0.99306 | T/g=2.0940 T*cos/g=2.0795 | m_est-T*cos/g=-0.0257kg (-1.23%) vz=-0.207
[INFO] [1789422665.679054351] [mhe_node]: [c_xy_est] cx=+0.0032 cy=-0.0068 m
[INFO] [1789422666.269206310] [mhe_node]: [s-collapse] moment 基准未就绪(窗口 0/20, 越界剔除 0) — 暂不判决
[INFO] [1789422667.269056652] [mhe_node]: [s-collapse] moment 基准未就绪(窗口 0/20, 越界剔除 0) — 暂不判决
[INFO] [1789422667.680155260] [mhe_node]: MHE mass estimate: 2.054 kg (T_phys=20.50N) | solve=10.0ms (max23.4)
[INFO] [1789422667.680697918] [mhe_node]: [truth] m_hat=2.0544 m_true=2.0643 err=-0.48% | c_hat=[+0.0000,+0.0000] c_true=[+0.0000,+0.0000] | Jxx_hat=0.01420 Jxx_true=0.01420 Jyz_hat=+0.00000 Jyz_true=+0.00000 | s_hat=[-0.0001,+0.0025] s_true=[+0.0000,+0.0000] kg·m
[INFO] [1789422667.681221616] [mhe_node]: [tau_phys] roll=+0.015 pitch=+0.002 Nm
[INFO] [1789422667.681807283] [mhe_node]: [mass-diag] m_est=2.0544 T=20.505N tilt=9.59deg cos=0.98603 | T/g=2.0902 T*cos/g=2.0610 | m_est-T*cos/g=-0.0066kg (-0.32%) vz=-0.082
[INFO] [1789422667.682389798] [mhe_node]: [c_xy_est] cx=+0.0032 cy=-0.0068 m
[INFO] [1789422668.269231158] [mhe_node]: [s-collapse] moment 基准未就绪(窗口 0/20, 越界剔除 0) — 暂不判决
[INFO] [1789422669.269286963] [mhe_node]: [s-collapse] moment 基准未就绪(窗口 0/20, 越界剔除 0) — 暂不判决
[INFO] [1789422669.673603916] [mhe_node]: MHE mass estimate: 2.047 kg (T_phys=20.24N) | solve=7.3ms (max13.4)
[INFO] [1789422669.674003048] [mhe_node]: [truth] m_hat=2.0467 m_true=2.0643 err=-0.85% | c_hat=[+0.0000,+0.0000] c_true=[+0.0000,+0.0000] | Jxx_hat=0.01420 Jxx_true=0.01420 Jyz_hat=+0.00000 Jyz_true=+0.00000 | s_hat=[+0.0007,+0.0015] s_true=[+0.0000,+0.0000] kg·m
[INFO] [1789422669.674383799] [mhe_node]: [tau_phys] roll=+0.012 pitch=+0.025 Nm
[INFO] [1789422669.674805023] [mhe_node]: [mass-diag] m_est=2.0467 T=20.243N tilt=4.69deg cos=0.99665 | T/g=2.0635 T*cos/g=2.0566 | m_est-T*cos/g=-0.0099kg (-0.48%) vz=+0.003
[INFO] [1789422669.675215317] [mhe_node]: [c_xy_est] cx=+0.0032 cy=-0.0068 m
[INFO] [1789422670.269201371] [mhe_node]: [s-collapse] moment 基准未就绪(窗口 0/20, 越界剔除 0) — 暂不判决
[INFO] [1789422671.269189559] [mhe_node]: [s-collapse] moment 基准未就绪(窗口 0/20, 越界剔除 0) — 暂不判决
[INFO] [1789422671.684590183] [mhe_node]: MHE mass estimate: 2.055 kg (T_phys=20.48N) | solve=7.5ms (max14.6)
[INFO] [1789422671.685268187] [mhe_node]: [truth] m_hat=2.0548 m_true=2.0643 err=-0.46% | c_hat=[+0.0000,+0.0000] c_true=[+0.0000,+0.0000] | Jxx_hat=0.01420 Jxx_true=0.01420 Jyz_hat=+0.00000 Jyz_true=+0.00000 | s_hat=[-0.0011,+0.0021] s_true=[+0.0000,+0.0000] kg·m
[INFO] [1789422671.685798317] [mhe_node]: [tau_phys] roll=+0.035 pitch=-0.014 Nm
[INFO] [1789422671.686389083] [mhe_node]: [mass-diag] m_est=2.0548 T=20.481N tilt=9.34deg cos=0.98673 | T/g=2.0878 T*cos/g=2.0601 | m_est-T*cos/g=-0.0052kg (-0.25%) vz=+0.165
[INFO] [1789422671.686984124] [mhe_node]: [c_xy_est] cx=+0.0032 cy=-0.0068 m
[INFO] [1789422672.269257446] [mhe_node]: [s-collapse] moment 基准未就绪(窗口 0/20, 越界剔除 0) — 暂不判决
[INFO] [1789422673.269213235] [mhe_node]: [s-collapse] moment 基准未就绪(窗口 0/20, 越界剔除 0) — 暂不判决
[INFO] [1789422673.677900305] [mhe_node]: MHE mass estimate: 2.044 kg (T_phys=20.09N) | solve=8.7ms (max16.9)
[INFO] [1789422673.678451734] [mhe_node]: [truth] m_hat=2.0441 m_true=2.0643 err=-0.98% | c_hat=[+0.0000,+0.0000] c_true=[+0.0000,+0.0000] | Jxx_hat=0.01420 Jxx_true=0.01420 Jyz_hat=+0.00000 Jyz_true=+0.00000 | s_hat=[+0.0010,+0.0020] s_true=[+0.0000,+0.0000] kg·m
[INFO] [1789422673.678974831] [mhe_node]: [tau_phys] roll=+0.014 pitch=-0.043 Nm
[INFO] [1789422673.679566743] [mhe_node]: [mass-diag] m_est=2.0441 T=20.093N tilt=8.30deg cos=0.98953 | T/g=2.0482 T*cos/g=2.0268 | m_est-T*cos/g=+0.0173kg (+0.85%) vz=+0.235
[INFO] [1789422673.680151217] [mhe_node]: [c_xy_est] cx=+0.0032 cy=-0.0068 m
[INFO] [1789422674.269169567] [mhe_node]: [s-collapse] moment 基准未就绪(窗口 0/20, 越界剔除 0) — 暂不判决
[INFO] [1789422675.269220895] [mhe_node]: [s-collapse] moment 基准未就绪(窗口 0/20, 越界剔除 0) — 暂不判决
[INFO] [1789422675.676940159] [mhe_node]: MHE mass estimate: 2.041 kg (T_phys=20.10N) | solve=7.0ms (max12.6)
[INFO] [1789422675.677485873] [mhe_node]: [truth] m_hat=2.0406 m_true=2.0643 err=-1.15% | c_hat=[+0.0000,+0.0000] c_true=[+0.0000,+0.0000] | Jxx_hat=0.01420 Jxx_true=0.01420 Jyz_hat=+0.00000 Jyz_true=+0.00000 | s_hat=[-0.0004,+0.0008] s_true=[+0.0000,+0.0000] kg·m
[INFO] [1789422675.678003229] [mhe_node]: [tau_phys] roll=-0.001 pitch=-0.024 Nm
[INFO] [1789422675.678592941] [mhe_node]: [mass-diag] m_est=2.0406 T=20.104N tilt=1.96deg cos=0.99941 | T/g=2.0493 T*cos/g=2.0481 | m_est-T*cos/g=-0.0076kg (-0.37%) vz=+0.214
[INFO] [1789422675.679182074] [mhe_node]: [c_xy_est] cx=+0.0032 cy=-0.0068 m
[INFO] [1789422676.269240053] [mhe_node]: [s-collapse] moment 基准未就绪(窗口 0/20, 越界剔除 0) — 暂不判决
[INFO] [1789422677.269196877] [mhe_node]: [s-collapse] moment 基准未就绪(窗口 0/20, 越界剔除 0) — 暂不判决
[INFO] [1789422677.682366181] [mhe_node]: MHE mass estimate: 2.050 kg (T_phys=20.34N) | solve=8.1ms (max13.4)
[INFO] [1789422677.682900147] [mhe_node]: [truth] m_hat=2.0499 m_true=2.0643 err=-0.70% | c_hat=[+0.0000,+0.0000] c_true=[+0.0000,+0.0000] | Jxx_hat=0.01420 Jxx_true=0.01420 Jyz_hat=+0.00000 Jyz_true=+0.00000 | s_hat=[-0.0013,-0.0006] s_true=[+0.0000,+0.0000] kg·m
[INFO] [1789422677.683419068] [mhe_node]: [tau_phys] roll=-0.024 pitch=-0.011 Nm
[INFO] [1789422677.683997780] [mhe_node]: [mass-diag] m_est=2.0499 T=20.340N tilt=9.16deg cos=0.98726 | T/g=2.0734 T*cos/g=2.0470 | m_est-T*cos/g=+0.0029kg (+0.14%) vz=+0.159
[INFO] [1789422677.684586019] [mhe_node]: [c_xy_est] cx=+0.0032 cy=-0.0068 m
[INFO] [1789422678.269265643] [mhe_node]: [s-collapse] moment 基准未就绪(窗口 0/20, 越界剔除 0) — 暂不判决
[INFO] [1789422679.269180692] [mhe_node]: [s-collapse] moment 基准未就绪(窗口 0/20, 越界剔除 0) — 暂不判决
[INFO] [1789422679.676659956] [mhe_node]: MHE mass estimate: 2.047 kg (T_phys=19.99N) | solve=8.4ms (max12.4)
[INFO] [1789422679.677207551] [mhe_node]: [truth] m_hat=2.0472 m_true=2.0643 err=-0.83% | c_hat=[+0.0000,+0.0000] c_true=[+0.0000,+0.0000] | Jxx_hat=0.01420 Jxx_true=0.01420 Jyz_hat=+0.00000 Jyz_true=+0.00000 | s_hat=[+0.0010,-0.0011] s_true=[+0.0000,+0.0000] kg·m
[INFO] [1789422679.677733087] [mhe_node]: [tau_phys] roll=-0.002 pitch=-0.014 Nm
[INFO] [1789422679.678325600] [mhe_node]: [mass-diag] m_est=2.0472 T=19.989N tilt=7.27deg cos=0.99195 | T/g=2.0376 T*cos/g=2.0212 | m_est-T*cos/g=+0.0260kg (+1.28%) vz=+0.062
[INFO] [1789422679.678912687] [mhe_node]: [c_xy_est] cx=+0.0032 cy=-0.0068 m
[INFO] [1789422680.269196748] [mhe_node]: [s-collapse] moment 基准未就绪(窗口 0/20, 越界剔除 0) — 暂不判决
[INFO] [1789422681.269174770] [mhe_node]: [s-collapse] moment 基准未就绪(窗口 0/20, 越界剔除 0) — 暂不判决
[INFO] [1789422681.682378502] [mhe_node]: MHE mass estimate: 2.050 kg (T_phys=20.24N) | solve=8.1ms (max17.1)
[INFO] [1789422681.682919616] [mhe_node]: [truth] m_hat=2.0496 m_true=2.0643 err=-0.71% | c_hat=[+0.0000,+0.0000] c_true=[+0.0000,+0.0000] | Jxx_hat=0.01420 Jxx_true=0.01420 Jyz_hat=+0.00000 Jyz_true=+0.00000 | s_hat=[-0.0006,-0.0002] s_true=[+0.0000,+0.0000] kg·m
[INFO] [1789422681.683446288] [mhe_node]: [tau_phys] roll=-0.010 pitch=+0.004 Nm
[INFO] [1789422681.684028509] [mhe_node]: [mass-diag] m_est=2.0496 T=20.243N tilt=6.45deg cos=0.99366 | T/g=2.0635 T*cos/g=2.0505 | m_est-T*cos/g=-0.0009kg (-0.04%) vz=-0.086
[INFO] [1789422681.684610682] [mhe_node]: [c_xy_est] cx=+0.0032 cy=-0.0068 m
[INFO] [1789422682.269183022] [mhe_node]: [s-collapse] moment 基准未就绪(窗口 0/20, 越界剔除 0) — 暂不判决
[INFO] [1789422683.269232990] [mhe_node]: [s-collapse] moment 基准未就绪(窗口 0/20, 越界剔除 0) — 暂不判决
[INFO] [1789422683.676743735] [mhe_node]: MHE mass estimate: 2.055 kg (T_phys=20.35N) | solve=7.9ms (max14.6)
[INFO] [1789422683.677286443] [mhe_node]: [truth] m_hat=2.0551 m_true=2.0643 err=-0.44% | c_hat=[+0.0000,+0.0000] c_true=[+0.0000,+0.0000] | Jxx_hat=0.01420 Jxx_true=0.01420 Jyz_hat=+0.00000 Jyz_true=+0.00000 | s_hat=[-0.0002,-0.0014] s_true=[+0.0000,+0.0000] kg·m
[INFO] [1789422683.677799637] [mhe_node]: [tau_phys] roll=-0.014 pitch=-0.045 Nm
[INFO] [1789422683.678385280] [mhe_node]: [mass-diag] m_est=2.0551 T=20.346N tilt=10.89deg cos=0.98200 | T/g=2.0740 T*cos/g=2.0366 | m_est-T*cos/g=+0.0185kg (+0.91%) vz=-0.155
[INFO] [1789422683.678960614] [mhe_node]: [c_xy_est] cx=+0.0032 cy=-0.0068 m
[INFO] [1789422684.269195543] [mhe_node]: [s-collapse] moment 基准未就绪(窗口 0/20, 越界剔除 0) — 暂不判决
[INFO] [1789422685.269245799] [mhe_node]: [s-collapse] moment 基准未就绪(窗口 0/20, 越界剔除 0) — 暂不判决
[INFO] [1789422685.675847753] [mhe_node]: MHE mass estimate: 2.046 kg (T_phys=19.99N) | solve=7.5ms (max11.0)
[INFO] [1789422685.676396426] [mhe_node]: [truth] m_hat=2.0457 m_true=2.0643 err=-0.90% | c_hat=[+0.0000,+0.0000] c_true=[+0.0000,+0.0000] | Jxx_hat=0.01420 Jxx_true=0.01420 Jyz_hat=+0.00000 Jyz_true=+0.00000 | s_hat=[+0.0012,+0.0004] s_true=[+0.0000,+0.0000] kg·m
[INFO] [1789422685.676922558] [mhe_node]: [tau_phys] roll=+0.009 pitch=+0.022 Nm
[INFO] [1789422685.677515489] [mhe_node]: [mass-diag] m_est=2.0457 T=19.986N tilt=4.96deg cos=0.99626 | T/g=2.0373 T*cos/g=2.0297 | m_est-T*cos/g=+0.0160kg (+0.79%) vz=-0.203
[INFO] [1789422685.678104396] [mhe_node]: [c_xy_est] cx=+0.0032 cy=-0.0068 m
[INFO] [1789422686.269231901] [mhe_node]: [s-collapse] moment 基准未就绪(窗口 0/20, 越界剔除 0) — 暂不判决
[INFO] [1789422687.269257195] [mhe_node]: [s-collapse] moment 基准未就绪(窗口 0/20, 越界剔除 0) — 暂不判决
[INFO] [1789422687.675721839] [mhe_node]: MHE mass estimate: 2.054 kg (T_phys=20.47N) | solve=7.0ms (max14.6)
[INFO] [1789422687.676267180] [mhe_node]: [truth] m_hat=2.0540 m_true=2.0643 err=-0.50% | c_hat=[+0.0000,+0.0000] c_true=[+0.0000,+0.0000] | Jxx_hat=0.01420 Jxx_true=0.01420 Jyz_hat=+0.00000 Jyz_true=+0.00000 | s_hat=[-0.0007,+0.0017] s_true=[+0.0000,+0.0000] kg·m
[INFO] [1789422687.676786027] [mhe_node]: [tau_phys] roll=+0.016 pitch=+0.035 Nm
[INFO] [1789422687.677375625] [mhe_node]: [mass-diag] m_est=2.0540 T=20.473N tilt=6.02deg cos=0.99448 | T/g=2.0869 T*cos/g=2.0754 | m_est-T*cos/g=-0.0214kg (-1.03%) vz=-0.207
[INFO] [1789422687.677957901] [mhe_node]: [c_xy_est] cx=+0.0032 cy=-0.0068 m
[INFO] [1789422688.269244176] [mhe_node]: [s-collapse] moment 基准未就绪(窗口 0/20, 越界剔除 0) — 暂不判决
[INFO] [1789422689.269193946] [mhe_node]: [s-collapse] moment 基准未就绪(窗口 0/20, 越界剔除 0) — 暂不判决
[INFO] [1789422689.676709174] [mhe_node]: MHE mass estimate: 2.054 kg (T_phys=20.53N) | solve=8.6ms (max13.5)
[INFO] [1789422689.677384075] [mhe_node]: [truth] m_hat=2.0545 m_true=2.0643 err=-0.47% | c_hat=[+0.0000,+0.0000] c_true=[+0.0000,+0.0000] | Jxx_hat=0.01420 Jxx_true=0.01420 Jyz_hat=+0.00000 Jyz_true=+0.00000 | s_hat=[-0.0005,+0.0024] s_true=[+0.0000,+0.0000] kg·m
[INFO] [1789422689.677900667] [mhe_node]: [tau_phys] roll=+0.011 pitch=+0.013 Nm
[INFO] [1789422689.678486931] [mhe_node]: [mass-diag] m_est=2.0545 T=20.532N tilt=9.23deg cos=0.98706 | T/g=2.0930 T*cos/g=2.0659 | m_est-T*cos/g=-0.0114kg (-0.55%) vz=-0.109
[INFO] [1789422689.679068366] [mhe_node]: [c_xy_est] cx=+0.0032 cy=-0.0068 m
[INFO] [1789422690.269243870] [mhe_node]: [s-collapse] moment 基准未就绪(窗口 0/20, 越界剔除 0) — 暂不判决
[INFO] [1789422691.269181181] [mhe_node]: [s-collapse] moment 基准未就绪(窗口 0/20, 越界剔除 0) — 暂不判决
[INFO] [1789422691.675791237] [mhe_node]: MHE mass estimate: 2.046 kg (T_phys=20.25N) | solve=6.9ms (max11.3)
[INFO] [1789422691.676332675] [mhe_node]: [truth] m_hat=2.0455 m_true=2.0643 err=-0.91% | c_hat=[+0.0000,+0.0000] c_true=[+0.0000,+0.0000] | Jxx_hat=0.01420 Jxx_true=0.01420 Jyz_hat=+0.00000 Jyz_true=+0.00000 | s_hat=[+0.0012,+0.0016] s_true=[+0.0000,+0.0000] kg·m
[INFO] [1789422691.676846399] [mhe_node]: [tau_phys] roll=+0.014 pitch=+0.019 Nm
[INFO] [1789422691.677434276] [mhe_node]: [mass-diag] m_est=2.0455 T=20.249N tilt=5.19deg cos=0.99590 | T/g=2.0641 T*cos/g=2.0557 | m_est-T*cos/g=-0.0101kg (-0.49%) vz=+0.003
[INFO] [1789422691.678010868] [mhe_node]: [c_xy_est] cx=+0.0032 cy=-0.0068 m
[INFO] [1789422692.269166437] [mhe_node]: [s-collapse] moment 基准未就绪(窗口 0/20, 越界剔除 0) — 暂不判决
[INFO] [1789422693.269222172] [mhe_node]: [s-collapse] moment 基准未就绪(窗口 0/20, 越界剔除 0) — 暂不判决
[INFO] [1789422693.682635277] [mhe_node]: MHE mass estimate: 2.051 kg (T_phys=20.51N) | solve=6.2ms (max12.6)
[INFO] [1789422693.683250758] [mhe_node]: [truth] m_hat=2.0509 m_true=2.0643 err=-0.65% | c_hat=[+0.0000,+0.0000] c_true=[+0.0000,+0.0000] | Jxx_hat=0.01420 Jxx_true=0.01420 Jyz_hat=+0.00000 Jyz_true=+0.00000 | s_hat=[-0.0013,+0.0020] s_true=[+0.0000,+0.0000] kg·m
[INFO] [1789422693.683845688] [mhe_node]: [tau_phys] roll=+0.022 pitch=+0.017 Nm
[INFO] [1789422693.684510103] [mhe_node]: [mass-diag] m_est=2.0509 T=20.507N tilt=8.77deg cos=0.98830 | T/g=2.0904 T*cos/g=2.0660 | m_est-T*cos/g=-0.0151kg (-0.73%) vz=+0.120
[INFO] [1789422693.685176643] [mhe_node]: [c_xy_est] cx=+0.0032 cy=-0.0068 m
[ros2run]: Killed
