[INFO] [1785419534.200669490] [acados_nmpc_node]: acados NMPC node starting, building/loading solver...
Code reuse possible, skipping code generation.
acados was compiled without OpenMP.
[INFO] [1785419534.211108179] [acados_nmpc_node]: GRIPPER MODE: hover over box (1.0,0.1) z 0.55->2.5m, lift after 1.5s, empty m_est=2.06kg
[INFO] [1785419534.211540140] [acados_nmpc_node]: Warming up acados solver...
[INFO] [1785419534.217438518] [acados_nmpc_node]: Solver warmup complete, took 5.5 ms
[INFO] [1785419534.224474037] [acados_nmpc_node]: Decoupled publish enabled: solve @20Hz, body_rate/thrust @50Hz (trajectory interpolation)
[INFO] [1785419534.224978031] [acados_nmpc_node]: acados NMPC node initialized! Waiting for EKF2 convergence...
[INFO] [1785419544.225740597] [acados_nmpc_node]: Waiting for EKF2 convergence... 5/10 s
[INFO] [1785419549.226125928] [acados_nmpc_node]: Waiting for EKF2 convergence... 10/10 s
[INFO] [1785419549.274414615] [acados_nmpc_node]: Switching to OFFBOARD mode
[INFO] [1785419550.126054709] [acados_nmpc_node]: Sending arm command
[INFO] [1785419551.126132723] [acados_nmpc_node]: Armed, preparing to move to trajectory start...
[INFO] [1785419553.574499542] [acados_nmpc_node]: Gripper approach (climb): rising at spawn to z=1.50m | z=0.10m v=0.41m/s
[INFO] [1785419556.074517964] [acados_nmpc_node]: Gripper approach (climb): rising at spawn to z=1.50m | z=1.03m v=0.21m/s
[INFO] [1785419557.974343415] [acados_nmpc_node]: Gripper approach: climbed to safe altitude at spawn, now translating over box
[INFO] [1785419558.574523346] [acados_nmpc_node]: Gripper approach (high): aligning over box at z=1.50m | xy=0.889m z_err=0.131m v=0.44m/s
[INFO] [1785419560.226948570] [acados_nmpc_node]: Gripper approach: aligned above box, NMPC will take over here (z=1.50m), settle 3.0s then descend to z=0.55m to trigger attach
[INFO] [1785419560.274800580] [acados_nmpc_node]: Reached trajectory start, NMPC tracking begins!
[INFO] [1785419561.027414523] [acados_nmpc_node]: t=0.8s | pos_err=0.042m | T=20.03N | tau=[r-0.010 p0.019 y-0.020]Nm | res_stat=3.307e-07(peak 8.970e-07) sqp_iter=3 | solve=1.1ms
[INFO] [1785419563.326941392] [acados_nmpc_node]: t=3.1s | DESCEND: settle done, lowering 1.5->0.55m, will enable gripper at bottom
[INFO] [1785419566.029189193] [acados_nmpc_node]: t=5.8s | pos_err=0.055m | T=20.31N | tau=[r-0.001 p0.001 y0.000]Nm | res_stat=4.602e-07(peak 9.763e-07) sqp_iter=2 | solve=1.2ms
[INFO] [1785419566.774300168] [acados_nmpc_node]: t=6.5s | DESCEND done at z=0.570m (target 0.550m, z_err=0.020m, v=0.05m/s), gripper ENABLED (attach will trigger now)
[INFO] [1785419566.788164651] [acados_nmpc_node]: attach offset received: box-drone = [+0.016, -0.106, -0.476] m
[INFO] [1785419566.826130237] [acados_nmpc_node]: PX4 MC_ROLLRATE_K: 1.000 -> 5.000 (inertia ratio 5.07, cap 5.0)
[INFO] [1785419566.826297883] [acados_nmpc_node]: PX4 MC_PITCHRATE_K: 1.000 -> 5.000 (inertia ratio 5.07, cap 5.0)
[INFO] [1785419566.826441146] [acados_nmpc_node]: t=6.6s | ATTACH (geom_source=online): dJ/gain init from prior m_p=0.30kg arm=0.47m (dJ=0.0579); c_xy+dJ refine online, attach truth eval-only
[INFO] [1785419566.827896058] [acados_nmpc_node]: [attach-window] t=6.55s pos_err=0.025m T=20.12N z=0.569 m_est=2.058
[INFO] [1785419566.875820252] [acados_nmpc_node]: [attach-window] t=6.60s pos_err=0.026m T=19.26N z=0.569 m_est=1.996
[INFO] [1785419566.927451906] [acados_nmpc_node]: [attach-window] t=6.65s pos_err=0.026m T=19.26N z=0.569 m_est=1.996
[INFO] [1785419566.975821523] [acados_nmpc_node]: [attach-window] t=6.70s pos_err=0.026m T=19.29N z=0.569 m_est=2.000
[INFO] [1785419567.027578516] [acados_nmpc_node]: [attach-window] t=6.75s pos_err=0.027m T=19.29N z=0.569 m_est=2.000
[INFO] [1785419567.075786589] [acados_nmpc_node]: [attach-window] t=6.80s pos_err=0.027m T=19.29N z=0.569 m_est=2.001
[INFO] [1785419567.127568712] [acados_nmpc_node]: [attach-window] t=6.85s pos_err=0.027m T=19.29N z=0.569 m_est=2.001
[INFO] [1785419567.175866481] [acados_nmpc_node]: [attach-window] t=6.90s pos_err=0.028m T=19.29N z=0.569 m_est=2.000
[INFO] [1785419567.227480251] [acados_nmpc_node]: [attach-window] t=6.95s pos_err=0.028m T=19.29N z=0.569 m_est=2.000
[INFO] [1785419567.275729263] [acados_nmpc_node]: [attach-window] t=7.00s pos_err=0.028m T=19.28N z=0.569 m_est=1.998
[INFO] [1785419567.327519952] [acados_nmpc_node]: [attach-window] t=7.05s pos_err=0.028m T=19.29N z=0.568 m_est=1.998
[INFO] [1785419567.376343387] [acados_nmpc_node]: [attach-window] t=7.10s pos_err=0.028m T=19.27N z=0.568 m_est=1.996
[INFO] [1785419567.429385056] [acados_nmpc_node]: [attach-window] t=7.15s pos_err=0.028m T=19.27N z=0.568 m_est=1.996
[INFO] [1785419567.476248166] [acados_nmpc_node]: [attach-window] t=7.20s pos_err=0.028m T=19.25N z=0.568 m_est=1.992
[INFO] [1785419567.529133591] [acados_nmpc_node]: [attach-window] t=7.25s pos_err=0.027m T=19.25N z=0.568 m_est=1.992
[INFO] [1785419567.576246416] [acados_nmpc_node]: [attach-window] t=7.30s pos_err=0.027m T=19.21N z=0.567 m_est=1.987
[INFO] [1785419567.629118212] [acados_nmpc_node]: [attach-window] t=7.35s pos_err=0.027m T=19.21N z=0.567 m_est=1.987
[INFO] [1785419567.676238126] [acados_nmpc_node]: [attach-window] t=7.40s pos_err=0.027m T=19.16N z=0.567 m_est=1.981
[INFO] [1785419567.727863235] [acados_nmpc_node]: [attach-window] t=7.45s pos_err=0.027m T=19.16N z=0.567 m_est=1.981
[INFO] [1785419567.775730288] [acados_nmpc_node]: [attach-window] t=7.50s pos_err=0.027m T=19.09N z=0.567 m_est=1.974
[INFO] [1785419567.827594059] [acados_nmpc_node]: [attach-window] t=7.55s pos_err=0.027m T=19.09N z=0.567 m_est=1.974
[INFO] [1785419567.876245023] [acados_nmpc_node]: [attach-window] t=7.60s pos_err=0.027m T=19.02N z=0.567 m_est=1.967
[INFO] [1785419567.929106972] [acados_nmpc_node]: [attach-window] t=7.65s pos_err=0.027m T=19.02N z=0.567 m_est=1.967
[INFO] [1785419567.976285834] [acados_nmpc_node]: [attach-window] t=7.70s pos_err=0.027m T=18.96N z=0.567 m_est=1.961
[INFO] [1785419568.029226516] [acados_nmpc_node]: [attach-window] t=7.75s pos_err=0.027m T=18.96N z=0.567 m_est=1.961
[INFO] [1785419568.076189152] [acados_nmpc_node]: [attach-window] t=7.80s pos_err=0.027m T=18.97N z=0.567 m_est=1.961
[INFO] [1785419568.129200835] [acados_nmpc_node]: [attach-window] t=7.85s pos_err=0.027m T=18.97N z=0.567 m_est=1.961
[INFO] [1785419568.176257563] [acados_nmpc_node]: [attach-window] t=7.90s pos_err=0.026m T=18.99N z=0.566 m_est=1.961
[INFO] [1785419568.229268104] [acados_nmpc_node]: [attach-window] t=7.95s pos_err=0.027m T=19.00N z=0.566 m_est=1.961
[INFO] [1785419568.276334337] [acados_nmpc_node]: [attach-window] t=8.00s pos_err=0.027m T=19.02N z=0.565 m_est=1.961
[INFO] [1785419568.327404979] [acados_nmpc_node]: t=8.1s | LIFT: raising hover 0.55->2.5m to lift payload
[INFO] [1785419568.329595620] [acados_nmpc_node]: [attach-window] t=8.05s pos_err=0.027m T=19.02N z=0.565 m_est=1.961
[INFO] [1785419568.376278680] [acados_nmpc_node]: [attach-window] t=8.10s pos_err=0.026m T=19.04N z=0.564 m_est=1.961
[INFO] [1785419568.429227297] [acados_nmpc_node]: [attach-window] t=8.15s pos_err=0.026m T=19.06N z=0.564 m_est=1.961
[INFO] [1785419568.476431205] [acados_nmpc_node]: [attach-window] t=8.20s pos_err=0.025m T=19.11N z=0.563 m_est=1.961
[INFO] [1785419568.529192124] [acados_nmpc_node]: [attach-window] t=8.25s pos_err=0.023m T=19.17N z=0.562 m_est=1.961
[INFO] [1785419568.576293186] [acados_nmpc_node]: [attach-window] t=8.30s pos_err=0.021m T=19.28N z=0.562 m_est=1.961
[INFO] [1785419568.629541611] [acados_nmpc_node]: [attach-window] t=8.35s pos_err=0.021m T=19.42N z=0.561 m_est=1.961
[INFO] [1785419568.676406802] [acados_nmpc_node]: [attach-window] t=8.40s pos_err=0.024m T=19.60N z=0.561 m_est=1.961
[INFO] [1785419568.729318458] [acados_nmpc_node]: [attach-window] t=8.45s pos_err=0.033m T=19.84N z=0.560 m_est=1.961
[INFO] [1785419568.776469696] [acados_nmpc_node]: [attach-window] t=8.50s pos_err=0.045m T=20.13N z=0.559 m_est=1.961
[INFO] [1785419568.829453262] [acados_nmpc_node]: [attach-window] t=8.55s pos_err=0.063m T=20.48N z=0.559 m_est=1.961
[INFO] [1785419568.876343482] [acados_nmpc_node]: [attach-window] t=8.60s pos_err=0.082m T=20.86N z=0.558 m_est=1.961
[INFO] [1785419568.929723562] [acados_nmpc_node]: [attach-window] t=8.65s pos_err=0.108m T=21.33N z=0.557 m_est=1.961
[INFO] [1785419568.976306801] [acados_nmpc_node]: [attach-window] t=8.70s pos_err=0.133m T=21.81N z=0.556 m_est=1.961
[INFO] [1785419569.029306881] [acados_nmpc_node]: [attach-window] t=8.75s pos_err=0.165m T=22.41N z=0.555 m_est=1.961
[INFO] [1785419569.076265315] [acados_nmpc_node]: [attach-window] t=8.80s pos_err=0.197m T=22.99N z=0.554 m_est=1.961
[INFO] [1785419569.129513911] [acados_nmpc_node]: [attach-window] t=8.85s pos_err=0.235m T=23.70N z=0.554 m_est=1.961
[INFO] [1785419569.176452837] [acados_nmpc_node]: [attach-window] t=8.90s pos_err=0.272m T=24.36N z=0.553 m_est=1.961
[INFO] [1785419569.229666889] [acados_nmpc_node]: [attach-window] t=8.95s pos_err=0.316m T=25.56N z=0.553 m_est=1.999
[INFO] [1785419569.276543405] [acados_nmpc_node]: [attach-window] t=9.00s pos_err=0.357m T=26.07N z=0.553 m_est=1.999
[INFO] [1785419569.329816004] [acados_nmpc_node]: [attach-window] t=9.05s pos_err=0.406m T=28.56N z=0.555 m_est=2.174
[INFO] [1785419569.376710197] [acados_nmpc_node]: [attach-window] t=9.10s pos_err=0.446m T=28.39N z=0.561 m_est=2.174
[INFO] [1785419569.429882234] [acados_nmpc_node]: [attach-window] t=9.15s pos_err=0.495m T=29.80N z=0.567 m_est=2.288
[INFO] [1785419569.476565286] [acados_nmpc_node]: [attach-window] t=9.20s pos_err=0.527m T=28.92N z=0.585 m_est=2.288
[INFO] [1785419569.529743497] [acados_nmpc_node]: [attach-window] t=9.25s pos_err=0.572m T=29.49N z=0.598 m_est=2.348
[INFO] [1785419569.576551940] [acados_nmpc_node]: [attach-window] t=9.30s pos_err=0.586m T=27.83N z=0.638 m_est=2.348
[INFO] [1785419569.629388828] [acados_nmpc_node]: [attach-window] t=9.35s pos_err=0.625m T=27.89N z=0.660 m_est=2.369
[INFO] [1785419569.676535807] [acados_nmpc_node]: [attach-window] t=9.40s pos_err=0.622m T=26.19N z=0.720 m_est=2.369
[INFO] [1785419569.729561580] [acados_nmpc_node]: [attach-window] t=9.45s pos_err=0.663m T=26.42N z=0.742 m_est=2.362
[INFO] [1785419569.776218496] [acados_nmpc_node]: [attach-window] t=9.50s pos_err=0.647m T=24.96N z=0.815 m_est=2.362
[INFO] [1785419569.829353013] [acados_nmpc_node]: [attach-window] t=9.55s pos_err=0.677m T=24.98N z=0.849 m_est=2.349
[INFO] [1785419569.876307905] [acados_nmpc_node]: [attach-window] t=9.60s pos_err=0.662m T=24.08N z=0.922 m_est=2.349
[INFO] [1785419569.929476399] [acados_nmpc_node]: [attach-window] t=9.65s pos_err=0.680m T=24.00N z=0.968 m_est=2.334
[INFO] [1785419569.976485666] [acados_nmpc_node]: [attach-window] t=9.70s pos_err=0.661m T=23.35N z=1.044 m_est=2.334
[INFO] [1785419570.029404390] [acados_nmpc_node]: [attach-window] t=9.75s pos_err=0.686m T=23.62N z=1.082 m_est=2.320
[INFO] [1785419570.076488544] [acados_nmpc_node]: [attach-window] t=9.80s pos_err=0.664m T=23.15N z=1.158 m_est=2.320
[INFO] [1785419570.129398606] [acados_nmpc_node]: [attach-window] t=9.85s pos_err=0.678m T=23.37N z=1.205 m_est=2.320
[INFO] [1785419570.176513045] [acados_nmpc_node]: [attach-window] t=9.90s pos_err=0.654m T=22.85N z=1.280 m_est=2.308
[INFO] [1785419570.229578678] [acados_nmpc_node]: [attach-window] t=9.95s pos_err=0.674m T=23.16N z=1.318 m_est=2.298
[INFO] [1785419570.276469432] [acados_nmpc_node]: [attach-window] t=10.00s pos_err=0.649m T=22.80N z=1.391 m_est=2.298
[INFO] [1785419570.329781547] [acados_nmpc_node]: [attach-window] t=10.05s pos_err=0.665m T=23.16N z=1.427 m_est=2.298
[INFO] [1785419570.376219526] [acados_nmpc_node]: [attach-window] t=10.10s pos_err=0.629m T=22.57N z=1.507 m_est=2.291
[INFO] [1785419570.429598895] [acados_nmpc_node]: [attach-window] t=10.15s pos_err=0.641m T=22.85N z=1.542 m_est=2.291
[INFO] [1785419570.476301312] [acados_nmpc_node]: [attach-window] t=10.20s pos_err=0.611m T=22.44N z=1.611 m_est=2.285
[INFO] [1785419570.529513386] [acados_nmpc_node]: [attach-window] t=10.25s pos_err=0.618m T=22.67N z=1.645 m_est=2.285
[INFO] [1785419570.576326563] [acados_nmpc_node]: [attach-window] t=10.30s pos_err=0.577m T=22.13N z=1.720 m_est=2.280
[INFO] [1785419570.629747627] [acados_nmpc_node]: [attach-window] t=10.35s pos_err=0.580m T=22.31N z=1.752 m_est=2.280
[INFO] [1785419570.676343922] [acados_nmpc_node]: [attach-window] t=10.40s pos_err=0.544m T=21.94N z=1.816 m_est=2.277
[INFO] [1785419570.727897773] [acados_nmpc_node]: [attach-window] t=10.45s pos_err=0.541m T=22.06N z=1.846 m_est=2.277
[INFO] [1785419570.775793200] [acados_nmpc_node]: [attach-window] t=10.50s pos_err=0.497m T=21.65N z=1.913 m_est=2.275
[INFO] [1785419570.829597562] [acados_nmpc_node]: [attach-window] t=10.55s pos_err=0.491m T=21.73N z=1.941 m_est=2.275
[INFO] [1785419570.876305571] [acados_nmpc_node]: [attach-window] t=10.60s pos_err=0.452m T=21.47N z=1.996 m_est=2.274
[INFO] [1785419570.929267213] [acados_nmpc_node]: [attach-window] t=10.65s pos_err=0.441m T=21.52N z=2.022 m_est=2.274
[INFO] [1785419570.976332191] [acados_nmpc_node]: [attach-window] t=10.70s pos_err=0.397m T=21.28N z=2.077 m_est=2.273
[INFO] [1785419571.029433123] [acados_nmpc_node]: [attach-window] t=10.75s pos_err=0.384m T=21.30N z=2.100 m_est=2.273
[INFO] [1785419571.029904831] [acados_nmpc_node]: t=10.8s | pos_err=0.384m | T=21.30N | tau=[r-0.169 p-0.071 y-0.001]Nm | res_stat=2.602e-07(peak 9.940e-07) sqp_iter=3 | solve=1.5ms
[INFO] [1785419571.076273007] [acados_nmpc_node]: [attach-window] t=10.80s pos_err=0.346m T=21.19N z=2.144 m_est=2.273
[INFO] [1785419571.129587954] [acados_nmpc_node]: [attach-window] t=10.85s pos_err=0.326m T=21.18N z=2.169 m_est=2.273
[INFO] [1785419571.176414825] [acados_nmpc_node]: [attach-window] t=10.90s pos_err=0.292m T=21.16N z=2.206 m_est=2.273
[INFO] [1785419571.229534707] [acados_nmpc_node]: [attach-window] t=10.95s pos_err=0.276m T=21.21N z=2.224 m_est=2.277
[INFO] [1785419571.276285239] [acados_nmpc_node]: [attach-window] t=11.00s pos_err=0.245m T=21.25N z=2.255 m_est=2.277
[INFO] [1785419571.329375594] [acados_nmpc_node]: [attach-window] t=11.05s pos_err=0.228m T=21.36N z=2.273 m_est=2.283
[INFO] [1785419571.376306707] [acados_nmpc_node]: [attach-window] t=11.10s pos_err=0.202m T=21.48N z=2.299 m_est=2.283
[INFO] [1785419571.429307740] [acados_nmpc_node]: [attach-window] t=11.15s pos_err=0.191m T=21.61N z=2.310 m_est=2.290
[INFO] [1785419571.476429890] [acados_nmpc_node]: [attach-window] t=11.20s pos_err=0.170m T=21.75N z=2.331 m_est=2.290
[INFO] [1785419571.529497018] [acados_nmpc_node]: [attach-window] t=11.25s pos_err=0.161m T=21.90N z=2.340 m_est=2.297
[INFO] [1785419571.576345627] [acados_nmpc_node]: [attach-window] t=11.30s pos_err=0.142m T=22.06N z=2.358 m_est=2.297
[INFO] [1785419571.629607471] [acados_nmpc_node]: [attach-window] t=11.35s pos_err=0.135m T=22.19N z=2.366 m_est=2.306
[INFO] [1785419571.676274306] [acados_nmpc_node]: [attach-window] t=11.40s pos_err=0.121m T=22.29N z=2.379 m_est=2.306
[INFO] [1785419571.729467561] [acados_nmpc_node]: [attach-window] t=11.45s pos_err=0.115m T=22.33N z=2.385 m_est=2.306
[INFO] [1785419571.776351210] [acados_nmpc_node]: [attach-window] t=11.50s pos_err=0.103m T=22.49N z=2.398 m_est=2.313
[INFO] [1785419571.829337233] [acados_nmpc_node]: [attach-window] t=11.55s pos_err=0.098m T=22.53N z=2.403 m_est=2.313
[INFO] [1785419571.876376012] [acados_nmpc_node]: [attach-window] t=11.60s pos_err=0.089m T=22.64N z=2.412 m_est=2.319
[INFO] [1785419571.929297701] [acados_nmpc_node]: [attach-window] t=11.65s pos_err=0.085m T=22.72N z=2.416 m_est=2.325
[INFO] [1785419571.976059166] [acados_nmpc_node]: [attach-window] t=11.70s pos_err=0.077m T=22.76N z=2.424 m_est=2.325
[INFO] [1785419572.029339214] [acados_nmpc_node]: [attach-window] t=11.75s pos_err=0.073m T=22.81N z=2.427 m_est=2.330
[INFO] [1785419572.076035871] [acados_nmpc_node]: [attach-window] t=11.80s pos_err=0.067m T=22.82N z=2.434 m_est=2.330
[INFO] [1785419572.129261203] [acados_nmpc_node]: [attach-window] t=11.85s pos_err=0.064m T=22.86N z=2.437 m_est=2.334
[INFO] [1785419572.176006982] [acados_nmpc_node]: [attach-window] t=11.90s pos_err=0.058m T=22.87N z=2.443 m_est=2.334
[INFO] [1785419572.229307480] [acados_nmpc_node]: [attach-window] t=11.95s pos_err=0.055m T=22.90N z=2.446 m_est=2.338
[INFO] [1785419572.275998997] [acados_nmpc_node]: [attach-window] t=12.00s pos_err=0.050m T=22.90N z=2.451 m_est=2.338
[INFO] [1785419572.329305346] [acados_nmpc_node]: [attach-window] t=12.05s pos_err=0.048m T=22.89N z=2.453 m_est=2.338
[INFO] [1785419572.375997937] [acados_nmpc_node]: [attach-window] t=12.10s pos_err=0.042m T=22.91N z=2.459 m_est=2.342
[INFO] [1785419572.429216715] [acados_nmpc_node]: [attach-window] t=12.15s pos_err=0.040m T=22.94N z=2.461 m_est=2.345
[INFO] [1785419572.476118699] [acados_nmpc_node]: [attach-window] t=12.20s pos_err=0.035m T=22.93N z=2.465 m_est=2.345
[INFO] [1785419572.527590393] [acados_nmpc_node]: [attach-window] t=12.25s pos_err=0.033m T=22.96N z=2.467 m_est=2.348
[INFO] [1785419572.576005050] [acados_nmpc_node]: [attach-window] t=12.30s pos_err=0.030m T=22.96N z=2.471 m_est=2.348
[INFO] [1785419572.629437951] [acados_nmpc_node]: [attach-window] t=12.35s pos_err=0.028m T=22.98N z=2.472 m_est=2.350
[INFO] [1785419572.676128937] [acados_nmpc_node]: [attach-window] t=12.40s pos_err=0.025m T=22.98N z=2.476 m_est=2.350
[INFO] [1785419572.729409492] [acados_nmpc_node]: [attach-window] t=12.45s pos_err=0.024m T=23.00N z=2.476 m_est=2.352
[INFO] [1785419572.776107288] [acados_nmpc_node]: [attach-window] t=12.50s pos_err=0.022m T=23.01N z=2.479 m_est=2.352
[INFO] [1785419572.829472378] [acados_nmpc_node]: [attach-window] t=12.55s pos_err=0.021m T=23.02N z=2.480 m_est=2.353
[INFO] [1785419572.876082360] [acados_nmpc_node]: [attach-window] t=12.60s pos_err=0.019m T=23.02N z=2.482 m_est=2.353
[INFO] [1785419572.929474273] [acados_nmpc_node]: [attach-window] t=12.65s pos_err=0.018m T=23.03N z=2.483 m_est=2.354
[INFO] [1785419572.976123791] [acados_nmpc_node]: [attach-window] t=12.70s pos_err=0.017m T=23.04N z=2.485 m_est=2.354
[INFO] [1785419573.029405546] [acados_nmpc_node]: [attach-window] t=12.75s pos_err=0.016m T=23.05N z=2.486 m_est=2.355
[INFO] [1785419573.076149553] [acados_nmpc_node]: [attach-window] t=12.80s pos_err=0.015m T=23.04N z=2.487 m_est=2.355
[INFO] [1785419573.129335280] [acados_nmpc_node]: [attach-window] t=12.85s pos_err=0.015m T=23.05N z=2.488 m_est=2.356
[INFO] [1785419573.176090936] [acados_nmpc_node]: [attach-window] t=12.90s pos_err=0.014m T=23.04N z=2.490 m_est=2.356
[INFO] [1785419573.229217657] [acados_nmpc_node]: [attach-window] t=12.95s pos_err=0.014m T=23.04N z=2.491 m_est=2.356
[INFO] [1785419573.276051408] [acados_nmpc_node]: [attach-window] t=13.00s pos_err=0.013m T=23.02N z=2.493 m_est=2.356
[INFO] [1785419573.329416168] [acados_nmpc_node]: [attach-window] t=13.05s pos_err=0.014m T=23.02N z=2.494 m_est=2.356
[INFO] [1785419573.376092853] [acados_nmpc_node]: [attach-window] t=13.10s pos_err=0.014m T=23.01N z=2.496 m_est=2.356
[INFO] [1785419573.429230897] [acados_nmpc_node]: [attach-window] t=13.15s pos_err=0.014m T=23.01N z=2.497 m_est=2.357
[INFO] [1785419573.476137274] [acados_nmpc_node]: [attach-window] t=13.20s pos_err=0.015m T=23.01N z=2.499 m_est=2.357
[INFO] [1785419573.529474499] [acados_nmpc_node]: [attach-window] t=13.25s pos_err=0.015m T=23.01N z=2.500 m_est=2.357
[INFO] [1785419573.576051444] [acados_nmpc_node]: [attach-window] t=13.30s pos_err=0.016m T=23.01N z=2.501 m_est=2.357
[INFO] [1785419573.629361721] [acados_nmpc_node]: [attach-window] t=13.35s pos_err=0.016m T=23.01N z=2.502 m_est=2.357
[INFO] [1785419573.676104361] [acados_nmpc_node]: [attach-window] t=13.40s pos_err=0.016m T=23.02N z=2.504 m_est=2.357
[INFO] [1785419573.729545515] [acados_nmpc_node]: [attach-window] t=13.45s pos_err=0.016m T=23.02N z=2.504 m_est=2.357
[INFO] [1785419573.776004976] [acados_nmpc_node]: [attach-window] t=13.50s pos_err=0.017m T=23.02N z=2.506 m_est=2.357
[INFO] [1785419573.829278632] [acados_nmpc_node]: [attach-window] t=13.55s pos_err=0.017m T=23.03N z=2.506 m_est=2.357
[INFO] [1785419573.876048710] [acados_nmpc_node]: [attach-window] t=13.60s pos_err=0.017m T=23.03N z=2.507 m_est=2.357
[INFO] [1785419573.929472805] [acados_nmpc_node]: [attach-window] t=13.65s pos_err=0.017m T=23.03N z=2.508 m_est=2.357
[INFO] [1785419573.976155863] [acados_nmpc_node]: [attach-window] t=13.70s pos_err=0.018m T=23.03N z=2.509 m_est=2.357
[INFO] [1785419574.029541070] [acados_nmpc_node]: [attach-window] t=13.75s pos_err=0.018m T=23.03N z=2.510 m_est=2.357
[INFO] [1785419574.076101748] [acados_nmpc_node]: [attach-window] t=13.80s pos_err=0.019m T=23.03N z=2.511 m_est=2.357
[INFO] [1785419574.129442601] [acados_nmpc_node]: [attach-window] t=13.85s pos_err=0.019m T=23.04N z=2.511 m_est=2.357
[INFO] [1785419574.176102356] [acados_nmpc_node]: [attach-window] t=13.90s pos_err=0.020m T=23.04N z=2.512 m_est=2.357
[INFO] [1785419574.229445352] [acados_nmpc_node]: [attach-window] t=13.95s pos_err=0.021m T=23.05N z=2.512 m_est=2.357
[INFO] [1785419574.276052369] [acados_nmpc_node]: [attach-window] t=14.00s pos_err=0.021m T=23.05N z=2.513 m_est=2.357
[INFO] [1785419574.329411014] [acados_nmpc_node]: [attach-window] t=14.05s pos_err=0.022m T=23.05N z=2.514 m_est=2.357
[INFO] [1785419574.376072862] [acados_nmpc_node]: [attach-window] t=14.10s pos_err=0.023m T=23.03N z=2.515 m_est=2.357
[INFO] [1785419574.429521882] [acados_nmpc_node]: [attach-window] t=14.15s pos_err=0.024m T=23.03N z=2.516 m_est=2.357
[INFO] [1785419574.476178826] [acados_nmpc_node]: [attach-window] t=14.20s pos_err=0.025m T=23.03N z=2.517 m_est=2.357
[INFO] [1785419574.529666381] [acados_nmpc_node]: [attach-window] t=14.25s pos_err=0.025m T=23.03N z=2.517 m_est=2.357
[INFO] [1785419574.576004569] [acados_nmpc_node]: [attach-window] t=14.30s pos_err=0.026m T=23.04N z=2.518 m_est=2.357
[INFO] [1785419574.629649947] [acados_nmpc_node]: [attach-window] t=14.35s pos_err=0.026m T=23.05N z=2.518 m_est=2.357
[INFO] [1785419574.676111466] [acados_nmpc_node]: [attach-window] t=14.40s pos_err=0.027m T=23.07N z=2.518 m_est=2.357
[INFO] [1785419574.729476050] [acados_nmpc_node]: [attach-window] t=14.45s pos_err=0.027m T=23.09N z=2.518 m_est=2.358
[INFO] [1785419574.776130344] [acados_nmpc_node]: [attach-window] t=14.50s pos_err=0.027m T=23.11N z=2.517 m_est=2.358
[INFO] [1785419574.829612124] [acados_nmpc_node]: [attach-window] t=14.55s pos_err=0.026m T=23.12N z=2.517 m_est=2.358
[INFO] [1785419574.876067190] [acados_nmpc_node]: [attach-window] t=14.60s pos_err=0.025m T=23.13N z=2.516 m_est=2.358
[INFO] [1785419574.929564233] [acados_nmpc_node]: [attach-window] t=14.65s pos_err=0.025m T=23.14N z=2.516 m_est=2.358
[INFO] [1785419574.976176020] [acados_nmpc_node]: [attach-window] t=14.70s pos_err=0.023m T=23.15N z=2.515 m_est=2.358
[INFO] [1785419575.029682468] [acados_nmpc_node]: [attach-window] t=14.75s pos_err=0.022m T=23.16N z=2.515 m_est=2.359
[INFO] [1785419575.076130034] [acados_nmpc_node]: [attach-window] t=14.80s pos_err=0.020m T=23.16N z=2.514 m_est=2.359
[INFO] [1785419575.129646993] [acados_nmpc_node]: [attach-window] t=14.85s pos_err=0.019m T=23.17N z=2.514 m_est=2.359
[INFO] [1785419575.176066537] [acados_nmpc_node]: [attach-window] t=14.90s pos_err=0.018m T=23.16N z=2.513 m_est=2.359
[INFO] [1785419575.229757377] [acados_nmpc_node]: [attach-window] t=14.95s pos_err=0.017m T=23.16N z=2.513 m_est=2.360
[INFO] [1785419575.276186476] [acados_nmpc_node]: [attach-window] t=15.00s pos_err=0.017m T=23.16N z=2.512 m_est=2.360
[INFO] [1785419575.329766804] [acados_nmpc_node]: [attach-window] t=15.05s pos_err=0.016m T=23.16N z=2.512 m_est=2.360
[INFO] [1785419575.376029868] [acados_nmpc_node]: [attach-window] t=15.10s pos_err=0.017m T=23.16N z=2.511 m_est=2.360
[INFO] [1785419575.430073352] [acados_nmpc_node]: [attach-window] t=15.15s pos_err=0.017m T=23.17N z=2.511 m_est=2.360
[INFO] [1785419575.476273229] [acados_nmpc_node]: [attach-window] t=15.20s pos_err=0.018m T=23.16N z=2.510 m_est=2.360
[INFO] [1785419575.529695187] [acados_nmpc_node]: [attach-window] t=15.25s pos_err=0.018m T=23.16N z=2.510 m_est=2.361
[INFO] [1785419575.576107987] [acados_nmpc_node]: [attach-window] t=15.30s pos_err=0.019m T=23.16N z=2.509 m_est=2.361
[INFO] [1785419575.629752108] [acados_nmpc_node]: [attach-window] t=15.35s pos_err=0.019m T=23.16N z=2.509 m_est=2.361
[INFO] [1785419575.676061827] [acados_nmpc_node]: [attach-window] t=15.40s pos_err=0.019m T=23.15N z=2.509 m_est=2.361
[INFO] [1785419575.729577207] [acados_nmpc_node]: [attach-window] t=15.45s pos_err=0.019m T=23.15N z=2.508 m_est=2.361
[INFO] [1785419575.776060780] [acados_nmpc_node]: [attach-window] t=15.50s pos_err=0.018m T=23.14N z=2.508 m_est=2.361
[INFO] [1785419575.829501031] [acados_nmpc_node]: [attach-window] t=15.55s pos_err=0.018m T=23.14N z=2.508 m_est=2.362
[INFO] [1785419575.876130031] [acados_nmpc_node]: [attach-window] t=15.60s pos_err=0.016m T=23.14N z=2.508 m_est=2.362
[INFO] [1785419575.929584508] [acados_nmpc_node]: [attach-window] t=15.65s pos_err=0.015m T=23.14N z=2.507 m_est=2.362
[INFO] [1785419575.976110639] [acados_nmpc_node]: [attach-window] t=15.70s pos_err=0.013m T=23.15N z=2.507 m_est=2.362
[INFO] [1785419576.030142802] [acados_nmpc_node]: [attach-window] t=15.75s pos_err=0.011m T=23.15N z=2.506 m_est=2.362
[INFO] [1785419576.030628409] [acados_nmpc_node]: t=15.8s | pos_err=0.011m | T=23.15N | tau=[r-0.302 p-0.041 y0.006]Nm | res_stat=4.207e-07(peak 9.981e-07) sqp_iter=3 | solve=1.5ms
[INFO] [1785419576.076048781] [acados_nmpc_node]: [attach-window] t=15.80s pos_err=0.009m T=23.15N z=2.506 m_est=2.362
[INFO] [1785419576.129917214] [acados_nmpc_node]: [attach-window] t=15.85s pos_err=0.008m T=23.15N z=2.506 m_est=2.362
[INFO] [1785419576.176490343] [acados_nmpc_node]: [attach-window] t=15.90s pos_err=0.008m T=23.14N z=2.506 m_est=2.362
[INFO] [1785419576.230196756] [acados_nmpc_node]: [attach-window] t=15.95s pos_err=0.008m T=23.13N z=2.506 m_est=2.362
[INFO] [1785419576.275773735] [acados_nmpc_node]: [attach-window] t=16.00s pos_err=0.008m T=23.12N z=2.506 m_est=2.362
[INFO] [1785419576.329754917] [acados_nmpc_node]: [attach-window] t=16.05s pos_err=0.009m T=23.11N z=2.506 m_est=2.362
[INFO] [1785419576.376010987] [acados_nmpc_node]: [attach-window] t=16.10s pos_err=0.010m T=23.10N z=2.506 m_est=2.362
[INFO] [1785419576.429755129] [acados_nmpc_node]: [attach-window] t=16.15s pos_err=0.011m T=23.10N z=2.506 m_est=2.362
[INFO] [1785419576.476034350] [acados_nmpc_node]: [attach-window] t=16.20s pos_err=0.011m T=23.09N z=2.506 m_est=2.362
[INFO] [1785419576.529667206] [acados_nmpc_node]: [attach-window] t=16.25s pos_err=0.011m T=23.09N z=2.506 m_est=2.362
[INFO] [1785419576.575986331] [acados_nmpc_node]: [attach-window] t=16.30s pos_err=0.011m T=23.09N z=2.507 m_est=2.362
[INFO] [1785419576.629637733] [acados_nmpc_node]: [attach-window] t=16.35s pos_err=0.011m T=23.08N z=2.507 m_est=2.362
[INFO] [1785419576.676267979] [acados_nmpc_node]: [attach-window] t=16.40s pos_err=0.010m T=23.08N z=2.507 m_est=2.362
[INFO] [1785419576.730146604] [acados_nmpc_node]: [attach-window] t=16.45s pos_err=0.009m T=23.08N z=2.507 m_est=2.361
[INFO] [1785419576.776140700] [acados_nmpc_node]: [attach-window] t=16.50s pos_err=0.009m T=23.08N z=2.508 m_est=2.361
[INFO] [1785419576.830211689] [acados_nmpc_node]: [attach-window] t=16.55s pos_err=0.009m T=23.07N z=2.508 m_est=2.361
[INFO] [1785419576.876168859] [acados_nmpc_node]: [attach-window] t=16.60s pos_err=0.009m T=23.08N z=2.508 m_est=2.361
[INFO] [1785419576.929818121] [acados_nmpc_node]: [attach-window] t=16.65s pos_err=0.009m T=23.08N z=2.508 m_est=2.361
[INFO] [1785419576.976119108] [acados_nmpc_node]: [attach-window] t=16.70s pos_err=0.011m T=23.08N z=2.509 m_est=2.361
[INFO] [1785419577.029951542] [acados_nmpc_node]: [attach-window] t=16.75s pos_err=0.011m T=23.08N z=2.509 m_est=2.360
[INFO] [1785419577.076391440] [acados_nmpc_node]: [attach-window] t=16.80s pos_err=0.014m T=23.09N z=2.509 m_est=2.360
[INFO] [1785419577.129857108] [acados_nmpc_node]: [attach-window] t=16.85s pos_err=0.015m T=23.09N z=2.509 m_est=2.360
[INFO] [1785419577.176384089] [acados_nmpc_node]: [attach-window] t=16.90s pos_err=0.018m T=23.10N z=2.509 m_est=2.360
[INFO] [1785419577.228051178] [acados_nmpc_node]: [attach-window] t=16.95s pos_err=0.019m T=23.10N z=2.509 m_est=2.360
[INFO] [1785419577.275548992] [acados_nmpc_node]: [attach-window] t=17.00s pos_err=0.022m T=23.10N z=2.509 m_est=2.360
[INFO] [1785419577.328013888] [acados_nmpc_node]: [attach-window] t=17.05s pos_err=0.023m T=23.09N z=2.509 m_est=2.360
[INFO] [1785419577.375500703] [acados_nmpc_node]: [attach-window] t=17.10s pos_err=0.026m T=23.09N z=2.509 m_est=2.360
[INFO] [1785419577.427939920] [acados_nmpc_node]: [attach-window] t=17.15s pos_err=0.027m T=23.08N z=2.510 m_est=2.360
[INFO] [1785419577.475881333] [acados_nmpc_node]: [attach-window] t=17.20s pos_err=0.028m T=23.07N z=2.510 m_est=2.360
[INFO] [1785419577.527929488] [acados_nmpc_node]: [attach-window] t=17.25s pos_err=0.029m T=23.06N z=2.511 m_est=2.359
[INFO] [1785419577.575770585] [acados_nmpc_node]: [attach-window] t=17.30s pos_err=0.031m T=23.06N z=2.511 m_est=2.359
[INFO] [1785419577.628217925] [acados_nmpc_node]: [attach-window] t=17.35s pos_err=0.031m T=23.06N z=2.512 m_est=2.359
[INFO] [1785419577.675837230] [acados_nmpc_node]: [attach-window] t=17.40s pos_err=0.032m T=23.06N z=2.512 m_est=2.359
[INFO] [1785419577.728157291] [acados_nmpc_node]: [attach-window] t=17.45s pos_err=0.033m T=23.06N z=2.512 m_est=2.359
[INFO] [1785419577.775790831] [acados_nmpc_node]: [attach-window] t=17.50s pos_err=0.033m T=23.07N z=2.512 m_est=2.359
[INFO] [1785419577.827985672] [acados_nmpc_node]: [attach-window] t=17.55s pos_err=0.033m T=23.07N z=2.512 m_est=2.359
[INFO] [1785419577.875776938] [acados_nmpc_node]: [attach-window] t=17.60s pos_err=0.033m T=23.08N z=2.512 m_est=2.359
[INFO] [1785419577.928054541] [acados_nmpc_node]: [attach-window] t=17.65s pos_err=0.032m T=23.09N z=2.512 m_est=2.359
[INFO] [1785419577.975569943] [acados_nmpc_node]: [attach-window] t=17.70s pos_err=0.031m T=23.10N z=2.512 m_est=2.359
[INFO] [1785419578.027808989] [acados_nmpc_node]: [attach-window] t=17.75s pos_err=0.030m T=23.11N z=2.512 m_est=2.359
[INFO] [1785419578.075635008] [acados_nmpc_node]: [attach-window] t=17.80s pos_err=0.029m T=23.12N z=2.511 m_est=2.359
[INFO] [1785419578.128094012] [acados_nmpc_node]: [attach-window] t=17.85s pos_err=0.028m T=23.12N z=2.511 m_est=2.359
[INFO] [1785419578.175706978] [acados_nmpc_node]: [attach-window] t=17.90s pos_err=0.027m T=23.13N z=2.511 m_est=2.359
[INFO] [1785419578.228239744] [acados_nmpc_node]: [attach-window] t=17.95s pos_err=0.027m T=23.13N z=2.510 m_est=2.359
[INFO] [1785419578.275967828] [acados_nmpc_node]: [attach-window] t=18.00s pos_err=0.026m T=23.14N z=2.510 m_est=2.359
[INFO] [1785419578.329868858] [acados_nmpc_node]: [attach-window] t=18.05s pos_err=0.026m T=23.15N z=2.510 m_est=2.360
[INFO] [1785419578.376104073] [acados_nmpc_node]: [attach-window] t=18.10s pos_err=0.025m T=23.16N z=2.509 m_est=2.360
[INFO] [1785419578.429731971] [acados_nmpc_node]: [attach-window] t=18.15s pos_err=0.025m T=23.16N z=2.508 m_est=2.360
[INFO] [1785419578.475999321] [acados_nmpc_node]: [attach-window] t=18.20s pos_err=0.024m T=23.16N z=2.508 m_est=2.360
[INFO] [1785419578.529716059] [acados_nmpc_node]: [attach-window] t=18.25s pos_err=0.024m T=23.17N z=2.507 m_est=2.360
[INFO] [1785419578.576005102] [acados_nmpc_node]: [attach-window] t=18.30s pos_err=0.023m T=23.17N z=2.507 m_est=2.360
[INFO] [1785419578.629862945] [acados_nmpc_node]: [attach-window] t=18.35s pos_err=0.022m T=23.17N z=2.507 m_est=2.360
[INFO] [1785419578.676231442] [acados_nmpc_node]: [attach-window] t=18.40s pos_err=0.021m T=23.16N z=2.506 m_est=2.360
[INFO] [1785419578.730008573] [acados_nmpc_node]: [attach-window] t=18.45s pos_err=0.020m T=23.16N z=2.506 m_est=2.361
[INFO] [1785419578.776111449] [acados_nmpc_node]: [attach-window] t=18.50s pos_err=0.018m T=23.17N z=2.505 m_est=2.361
[INFO] [1785419578.829763437] [acados_nmpc_node]: [attach-window] t=18.55s pos_err=0.017m T=23.17N z=2.505 m_est=2.361
[INFO] [1785419578.876155699] [acados_nmpc_node]: [attach-window] t=18.60s pos_err=0.015m T=23.18N z=2.504 m_est=2.361
[INFO] [1785419578.929800432] [acados_nmpc_node]: [attach-window] t=18.65s pos_err=0.015m T=23.19N z=2.504 m_est=2.361
[INFO] [1785419578.976291520] [acados_nmpc_node]: [attach-window] t=18.70s pos_err=0.013m T=23.18N z=2.503 m_est=2.361
[INFO] [1785419579.029727436] [acados_nmpc_node]: [attach-window] t=18.75s pos_err=0.013m T=23.18N z=2.503 m_est=2.361
[INFO] [1785419579.076123963] [acados_nmpc_node]: [attach-window] t=18.80s pos_err=0.012m T=23.16N z=2.503 m_est=2.361
[INFO] [1785419579.129809803] [acados_nmpc_node]: [attach-window] t=18.85s pos_err=0.012m T=23.15N z=2.503 m_est=2.362
[INFO] [1785419579.176039128] [acados_nmpc_node]: [attach-window] t=18.90s pos_err=0.011m T=23.11N z=2.504 m_est=2.362
[INFO] [1785419579.229767597] [acados_nmpc_node]: [attach-window] t=18.95s pos_err=0.011m T=23.09N z=2.505 m_est=2.362
[INFO] [1785419579.276144728] [acados_nmpc_node]: [attach-window] t=19.00s pos_err=0.011m T=23.05N z=2.507 m_est=2.362
[INFO] [1785419579.329932289] [acados_nmpc_node]: [attach-window] t=19.05s pos_err=0.011m T=23.03N z=2.507 m_est=2.362
[INFO] [1785419579.376039004] [acados_nmpc_node]: [attach-window] t=19.10s pos_err=0.011m T=23.02N z=2.509 m_est=2.362
[INFO] [1785419579.429897595] [acados_nmpc_node]: [attach-window] t=19.15s pos_err=0.012m T=23.01N z=2.510 m_est=2.362
[INFO] [1785419579.476075011] [acados_nmpc_node]: [attach-window] t=19.20s pos_err=0.013m T=23.00N z=2.511 m_est=2.362
[INFO] [1785419579.529753973] [acados_nmpc_node]: [attach-window] t=19.25s pos_err=0.013m T=23.00N z=2.512 m_est=2.362
[INFO] [1785419579.575925991] [acados_nmpc_node]: [attach-window] t=19.30s pos_err=0.013m T=23.01N z=2.513 m_est=2.362
[INFO] [1785419579.629653524] [acados_nmpc_node]: [attach-window] t=19.35s pos_err=0.013m T=23.02N z=2.513 m_est=2.361
[INFO] [1785419579.676076179] [acados_nmpc_node]: [attach-window] t=19.40s pos_err=0.013m T=23.05N z=2.513 m_est=2.361
[INFO] [1785419579.729937478] [acados_nmpc_node]: [attach-window] t=19.45s pos_err=0.013m T=23.07N z=2.512 m_est=2.361
[INFO] [1785419579.776142395] [acados_nmpc_node]: [attach-window] t=19.50s pos_err=0.012m T=23.11N z=2.511 m_est=2.361
[INFO] [1785419579.830011548] [acados_nmpc_node]: [attach-window] t=19.55s pos_err=0.012m T=23.13N z=2.510 m_est=2.361
[INFO] [1785419579.876162696] [acados_nmpc_node]: [attach-window] t=19.60s pos_err=0.011m T=23.16N z=2.509 m_est=2.361
[INFO] [1785419579.930052848] [acados_nmpc_node]: [attach-window] t=19.65s pos_err=0.011m T=23.17N z=2.508 m_est=2.360
[INFO] [1785419579.976108147] [acados_nmpc_node]: [attach-window] t=19.70s pos_err=0.012m T=23.19N z=2.507 m_est=2.360
[INFO] [1785419580.030113635] [acados_nmpc_node]: [attach-window] t=19.75s pos_err=0.012m T=23.19N z=2.506 m_est=2.360
[INFO] [1785419580.076125571] [acados_nmpc_node]: [attach-window] t=19.80s pos_err=0.012m T=23.19N z=2.505 m_est=2.360
[INFO] [1785419580.129884950] [acados_nmpc_node]: [attach-window] t=19.85s pos_err=0.013m T=23.19N z=2.505 m_est=2.360
[INFO] [1785419580.176125459] [acados_nmpc_node]: [attach-window] t=19.90s pos_err=0.014m T=23.18N z=2.504 m_est=2.360
[INFO] [1785419580.229978729] [acados_nmpc_node]: [attach-window] t=19.95s pos_err=0.014m T=23.18N z=2.504 m_est=2.360
[INFO] [1785419580.276062212] [acados_nmpc_node]: [attach-window] t=20.00s pos_err=0.015m T=23.16N z=2.503 m_est=2.360
[INFO] [1785419580.329826322] [acados_nmpc_node]: [attach-window] t=20.05s pos_err=0.016m T=23.15N z=2.503 m_est=2.361
[INFO] [1785419580.376110157] [acados_nmpc_node]: [attach-window] t=20.10s pos_err=0.017m T=23.13N z=2.504 m_est=2.361
[INFO] [1785419580.429848192] [acados_nmpc_node]: [attach-window] t=20.15s pos_err=0.017m T=23.12N z=2.504 m_est=2.361
[INFO] [1785419580.476302001] [acados_nmpc_node]: [attach-window] t=20.20s pos_err=0.017m T=23.11N z=2.504 m_est=2.361
[INFO] [1785419580.529951291] [acados_nmpc_node]: [attach-window] t=20.25s pos_err=0.016m T=23.10N z=2.504 m_est=2.361
[INFO] [1785419580.576067774] [acados_nmpc_node]: [attach-window] t=20.30s pos_err=0.016m T=23.11N z=2.504 m_est=2.361
[INFO] [1785419580.630447575] [acados_nmpc_node]: [attach-window] t=20.35s pos_err=0.015m T=23.11N z=2.504 m_est=2.361
[INFO] [1785419580.676118023] [acados_nmpc_node]: [attach-window] t=20.40s pos_err=0.014m T=23.12N z=2.504 m_est=2.361
[INFO] [1785419580.729866437] [acados_nmpc_node]: [attach-window] t=20.45s pos_err=0.014m T=23.12N z=2.504 m_est=2.361
[INFO] [1785419580.776133963] [acados_nmpc_node]: [attach-window] t=20.50s pos_err=0.012m T=23.14N z=2.503 m_est=2.361
[INFO] [1785419580.829998529] [acados_nmpc_node]: [attach-window] t=20.55s pos_err=0.012m T=23.15N z=2.503 m_est=2.361
[INFO] [1785419580.876115238] [acados_nmpc_node]: [attach-window] t=20.60s pos_err=0.010m T=23.15N z=2.503 m_est=2.361
[INFO] [1785419580.929949397] [acados_nmpc_node]: [attach-window] t=20.65s pos_err=0.010m T=23.15N z=2.502 m_est=2.361
[INFO] [1785419580.976173535] [acados_nmpc_node]: [attach-window] t=20.70s pos_err=0.008m T=23.15N z=2.502 m_est=2.361
[INFO] [1785419581.030121357] [acados_nmpc_node]: [attach-window] t=20.75s pos_err=0.008m T=23.14N z=2.502 m_est=2.362
[INFO] [1785419581.030606061] [acados_nmpc_node]: t=20.8s | pos_err=0.008m | T=23.14N | tau=[r-0.318 p-0.028 y-0.000]Nm | res_stat=6.086e-08(peak 9.981e-07) sqp_iter=2 | solve=1.3ms
[INFO] [1785419581.076112818] [acados_nmpc_node]: [attach-window] t=20.80s pos_err=0.007m T=23.12N z=2.503 m_est=2.362
[INFO] [1785419581.130039786] [acados_nmpc_node]: [attach-window] t=20.85s pos_err=0.007m T=23.11N z=2.503 m_est=2.362
[INFO] [1785419581.175558029] [acados_nmpc_node]: [attach-window] t=20.90s pos_err=0.007m T=23.08N z=2.504 m_est=2.362
[INFO] [1785419581.228185328] [acados_nmpc_node]: [attach-window] t=20.95s pos_err=0.008m T=23.07N z=2.505 m_est=2.361
[INFO] [1785419581.275697033] [acados_nmpc_node]: [attach-window] t=21.00s pos_err=0.009m T=23.05N z=2.506 m_est=2.361
[INFO] [1785419581.328363985] [acados_nmpc_node]: [attach-window] t=21.05s pos_err=0.010m T=23.04N z=2.507 m_est=2.361
[INFO] [1785419581.375580334] [acados_nmpc_node]: [attach-window] t=21.10s pos_err=0.012m T=23.04N z=2.508 m_est=2.361
[INFO] [1785419581.428022627] [acados_nmpc_node]: [attach-window] t=21.15s pos_err=0.013m T=23.03N z=2.508 m_est=2.361
[INFO] [1785419581.475491738] [acados_nmpc_node]: [attach-window] t=21.20s pos_err=0.015m T=23.04N z=2.509 m_est=2.361
[INFO] [1785419581.528647933] [acados_nmpc_node]: [attach-window] t=21.25s pos_err=0.015m T=23.05N z=2.509 m_est=2.360
[INFO] [1785419581.575652459] [acados_nmpc_node]: [attach-window] t=21.30s pos_err=0.016m T=23.08N z=2.509 m_est=2.360
[INFO] [1785419581.628143065] [acados_nmpc_node]: [attach-window] t=21.35s pos_err=0.016m T=23.09N z=2.509 m_est=2.360
[INFO] [1785419581.675799831] [acados_nmpc_node]: [attach-window] t=21.40s pos_err=0.017m T=23.10N z=2.508 m_est=2.360
[INFO] [1785419581.728899767] [acados_nmpc_node]: [attach-window] t=21.45s pos_err=0.017m T=23.10N z=2.508 m_est=2.360
[ros2run]: Killed
