[INFO] [1784799511.640190681] [acados_nmpc_node]: acados NMPC node starting, building/loading solver...
Code reuse possible, skipping code generation.
acados was compiled without OpenMP.
[INFO] [1784799511.657599053] [acados_nmpc_node]: CONTROL MODE: l1 (a=10.0, omega_c=0.5) — m_est 固定 2.0643kg,几何/增益缩放停用,平动扰动走 d_lumped
[INFO] [1784799511.665316289] [acados_nmpc_node]: GRIPPER MODE: hover over box (1.0,0.05) z 0.55->2.5m, lift after 1.5s, empty m_est=2.06kg
[INFO] [1784799511.665861493] [acados_nmpc_node]: Warming up acados solver...
[INFO] [1784799511.671240167] [acados_nmpc_node]: Solver warmup complete, took 4.8 ms
[INFO] [1784799511.687765133] [acados_nmpc_node]: Decoupled publish enabled: solve @10Hz, body_rate/thrust @50Hz (trajectory interpolation)
[INFO] [1784799511.688408766] [acados_nmpc_node]: acados NMPC node initialized! Waiting for EKF2 convergence...
[INFO] [1784799531.701251860] [acados_nmpc_node]: Waiting for EKF2 convergence... 10/10 s
[INFO] [1784799531.801286591] [acados_nmpc_node]: Switching to OFFBOARD mode
[INFO] [1784799532.101793295] [acados_nmpc_node]: Sending arm command
[INFO] [1784799533.099121997] [acados_nmpc_node]: Armed, preparing to move to trajectory start...
[INFO] [1784799537.801295949] [acados_nmpc_node]: [l1] d_hat_f=[-0.001,-0.001,+0.255]m/s^2 |equiv_dm=-0.054kg
[INFO] [1784799537.991427397] [acados_nmpc_node]: Gripper approach (climb): rising at spawn to z=1.50m | z=1.00m v=0.24m/s
[INFO] [1784799539.993966025] [acados_nmpc_node]: Gripper approach: climbed to safe altitude at spawn, now translating over box
[INFO] [1784799541.127776767] [acados_nmpc_node]: [l1] d_hat_f=[+0.003,+0.002,+0.062]m/s^2 |equiv_dm=-0.013kg
[INFO] [1784799542.405643222] [acados_nmpc_node]: Gripper approach: aligned above box, NMPC will take over here (z=1.50m), settle 3.0s then descend to z=0.55m to trigger attach
[INFO] [1784799542.506453695] [acados_nmpc_node]: Reached trajectory start, NMPC tracking begins!
[INFO] [1784799542.910065596] [acados_nmpc_node]: t=0.4s | pos_err=0.066m | T=20.37N | tau=[r-0.009 p0.002 y-0.012]Nm | res_stat=5.838e-07(peak 6.559e-07) sqp_iter=3 | solve=4.0ms
[INFO] [1784799544.460644289] [acados_nmpc_node]: [l1] d_hat_f=[-0.023,+0.002,+0.026]m/s^2 |equiv_dm=-0.005kg
[INFO] [1784799545.505686374] [acados_nmpc_node]: t=3.0s | DESCEND: settle done, lowering 1.5->0.55m, will enable gripper at bottom
[INFO] [1784799547.811141138] [acados_nmpc_node]: [l1] d_hat_f=[+0.009,-0.010,+0.022]m/s^2 |equiv_dm=-0.005kg
[INFO] [1784799547.911088266] [acados_nmpc_node]: t=5.4s | pos_err=0.075m | T=21.01N | tau=[r-0.001 p-0.001 y0.000]Nm | res_stat=5.846e-08(peak 6.971e-07) sqp_iter=3 | solve=3.5ms
[INFO] [1784799548.905604231] [acados_nmpc_node]: t=6.4s | DESCEND done at z=0.568m (target 0.550m, z_err=0.018m, v=0.05m/s), gripper ENABLED (attach will trigger now)
[INFO] [1784799548.917016756] [acados_nmpc_node]: attach offset received: box-drone = [-0.004, -0.126, -0.454] m
[INFO] [1784799549.004333842] [acados_nmpc_node]: PX4 MC_ROLLRATE_K: 1.000 -> 5.000 (inertia ratio 5.07, cap 5.0)
[INFO] [1784799549.005273777] [acados_nmpc_node]: PX4 MC_PITCHRATE_K: 1.000 -> 5.000 (inertia ratio 5.07, cap 5.0)
[INFO] [1784799549.005987139] [acados_nmpc_node]: t=6.5s | ATTACH (control_mode=l1): rate gains from prior m_p=0.30kg (dJ=0.0579); no model-side feedforward, translational payload handled by L1 d_lumped only
[INFO] [1784799549.011779611] [acados_nmpc_node]: [attach-window] t=6.50s pos_err=0.022m T=19.93N z=0.567 m_est=2.064
[INFO] [1784799549.104014717] [acados_nmpc_node]: [attach-window] t=6.59s pos_err=0.023m T=19.88N z=0.569 m_est=2.064
[INFO] [1784799549.210413175] [acados_nmpc_node]: [attach-window] t=6.70s pos_err=0.026m T=19.83N z=0.572 m_est=2.064
[INFO] [1784799549.310655193] [acados_nmpc_node]: [attach-window] t=6.80s pos_err=0.029m T=19.78N z=0.574 m_est=2.064
[INFO] [1784799549.411075407] [acados_nmpc_node]: [attach-window] t=6.90s pos_err=0.031m T=19.74N z=0.576 m_est=2.064
[INFO] [1784799549.506702787] [acados_nmpc_node]: [attach-window] t=7.00s pos_err=0.032m T=19.70N z=0.577 m_est=2.064
[INFO] [1784799549.607572781] [acados_nmpc_node]: [attach-window] t=7.10s pos_err=0.032m T=19.68N z=0.578 m_est=2.064
[INFO] [1784799549.705017334] [acados_nmpc_node]: [attach-window] t=7.20s pos_err=0.033m T=19.66N z=0.578 m_est=2.064
[INFO] [1784799549.808181032] [acados_nmpc_node]: [attach-window] t=7.30s pos_err=0.034m T=19.65N z=0.578 m_est=2.064
[INFO] [1784799549.907780272] [acados_nmpc_node]: [attach-window] t=7.40s pos_err=0.035m T=19.64N z=0.579 m_est=2.064
[INFO] [1784799550.008775545] [acados_nmpc_node]: [attach-window] t=7.50s pos_err=0.035m T=19.64N z=0.578 m_est=2.064
[INFO] [1784799550.108118726] [acados_nmpc_node]: [attach-window] t=7.60s pos_err=0.035m T=19.61N z=0.578 m_est=2.064
[INFO] [1784799550.208641677] [acados_nmpc_node]: [attach-window] t=7.70s pos_err=0.035m T=19.59N z=0.579 m_est=2.064
[INFO] [1784799550.311410521] [acados_nmpc_node]: [attach-window] t=7.80s pos_err=0.035m T=19.57N z=0.579 m_est=2.064
[INFO] [1784799550.411644207] [acados_nmpc_node]: [attach-window] t=7.90s pos_err=0.035m T=19.55N z=0.580 m_est=2.064
[INFO] [1784799550.506056896] [acados_nmpc_node]: t=8.0s | LIFT: raising hover 0.55->2.5m to lift payload
[INFO] [1784799550.512133813] [acados_nmpc_node]: [attach-window] t=8.00s pos_err=0.034m T=19.54N z=0.580 m_est=2.064
[INFO] [1784799550.611799945] [acados_nmpc_node]: [attach-window] t=8.10s pos_err=0.033m T=19.55N z=0.579 m_est=2.064
[INFO] [1784799550.707871401] [acados_nmpc_node]: [attach-window] t=8.20s pos_err=0.027m T=19.63N z=0.578 m_est=2.064
[INFO] [1784799550.812567769] [acados_nmpc_node]: [attach-window] t=8.30s pos_err=0.017m T=19.82N z=0.578 m_est=2.064
[INFO] [1784799550.912224708] [acados_nmpc_node]: [attach-window] t=8.40s pos_err=0.017m T=20.15N z=0.578 m_est=2.064
[INFO] [1784799551.012562800] [acados_nmpc_node]: [attach-window] t=8.50s pos_err=0.044m T=20.66N z=0.579 m_est=2.064
[INFO] [1784799551.111068456] [acados_nmpc_node]: [attach-window] t=8.60s pos_err=0.085m T=21.35N z=0.579 m_est=2.064
[INFO] [1784799551.126992980] [acados_nmpc_node]: [l1] d_hat_f=[+0.009,+0.002,+0.149]m/s^2 |equiv_dm=-0.031kg
[INFO] [1784799551.207558295] [acados_nmpc_node]: [attach-window] t=8.70s pos_err=0.139m T=22.22N z=0.580 m_est=2.064
[INFO] [1784799551.311688647] [acados_nmpc_node]: [attach-window] t=8.80s pos_err=0.209m T=23.37N z=0.580 m_est=2.064
[INFO] [1784799551.411884010] [acados_nmpc_node]: [attach-window] t=8.90s pos_err=0.289m T=24.62N z=0.581 m_est=2.064
[INFO] [1784799551.511728770] [acados_nmpc_node]: [attach-window] t=9.00s pos_err=0.377m T=25.74N z=0.583 m_est=2.064
[INFO] [1784799551.610202947] [acados_nmpc_node]: [attach-window] t=9.10s pos_err=0.469m T=26.46N z=0.592 m_est=2.064
[INFO] [1784799551.710606337] [acados_nmpc_node]: [attach-window] t=9.20s pos_err=0.560m T=26.92N z=0.610 m_est=2.064
[INFO] [1784799551.810221429] [acados_nmpc_node]: [attach-window] t=9.30s pos_err=0.641m T=26.89N z=0.644 m_est=2.064
[INFO] [1784799551.912610098] [acados_nmpc_node]: [attach-window] t=9.40s pos_err=0.715m T=26.78N z=0.693 m_est=2.064
[INFO] [1784799552.011271419] [acados_nmpc_node]: [attach-window] t=9.50s pos_err=0.765m T=26.17N z=0.763 m_est=2.064
[INFO] [1784799552.104333567] [acados_nmpc_node]: [attach-window] t=9.60s pos_err=0.801m T=25.54N z=0.843 m_est=2.064
[INFO] [1784799552.212326904] [acados_nmpc_node]: [attach-window] t=9.70s pos_err=0.825m T=24.80N z=0.944 m_est=2.064
[INFO] [1784799552.313151104] [acados_nmpc_node]: [attach-window] t=9.80s pos_err=0.837m T=24.29N z=1.049 m_est=2.064
[INFO] [1784799552.412082195] [acados_nmpc_node]: [attach-window] t=9.90s pos_err=0.824m T=23.51N z=1.169 m_est=2.064
[INFO] [1784799552.513310695] [acados_nmpc_node]: [attach-window] t=10.00s pos_err=0.810m T=23.01N z=1.284 m_est=2.064
[INFO] [1784799552.611974020] [acados_nmpc_node]: [attach-window] t=10.10s pos_err=0.773m T=22.33N z=1.412 m_est=2.064
[INFO] [1784799552.712331088] [acados_nmpc_node]: [attach-window] t=10.20s pos_err=0.736m T=21.88N z=1.528 m_est=2.064
[INFO] [1784799552.799724856] [acados_nmpc_node]: [attach-window] t=10.29s pos_err=0.676m T=21.26N z=1.650 m_est=2.064
[INFO] [1784799552.913321244] [acados_nmpc_node]: [attach-window] t=10.40s pos_err=0.631m T=21.02N z=1.758 m_est=2.064
[INFO] [1784799552.915135343] [acados_nmpc_node]: t=10.4s | pos_err=0.631m | T=21.02N | tau=[r-0.004 p-0.001 y-0.002]Nm | res_stat=5.310e-07(peak 9.483e-07) sqp_iter=4 | solve=4.2ms
[INFO] [1784799553.008524215] [acados_nmpc_node]: [attach-window] t=10.50s pos_err=0.564m T=20.72N z=1.866 m_est=2.064
[INFO] [1784799553.107024881] [acados_nmpc_node]: [attach-window] t=10.60s pos_err=0.504m T=20.50N z=1.958 m_est=2.064
[INFO] [1784799553.209655481] [acados_nmpc_node]: [attach-window] t=10.70s pos_err=0.436m T=20.30N z=2.047 m_est=2.064
[INFO] [1784799553.308107174] [acados_nmpc_node]: [attach-window] t=10.80s pos_err=0.375m T=20.21N z=2.120 m_est=2.064
[INFO] [1784799553.412702127] [acados_nmpc_node]: [attach-window] t=10.90s pos_err=0.313m T=20.21N z=2.187 m_est=2.064
[INFO] [1784799553.512651125] [acados_nmpc_node]: [attach-window] t=11.00s pos_err=0.261m T=20.32N z=2.239 m_est=2.064
[INFO] [1784799553.605313467] [acados_nmpc_node]: [attach-window] t=11.10s pos_err=0.215m T=20.55N z=2.286 m_est=2.064
[INFO] [1784799553.708108104] [acados_nmpc_node]: [attach-window] t=11.20s pos_err=0.182m T=20.83N z=2.319 m_est=2.064
[INFO] [1784799553.807662920] [acados_nmpc_node]: [attach-window] t=11.30s pos_err=0.154m T=21.17N z=2.347 m_est=2.064
[INFO] [1784799553.909237822] [acados_nmpc_node]: [attach-window] t=11.40s pos_err=0.136m T=21.48N z=2.366 m_est=2.064
[INFO] [1784799554.009234574] [acados_nmpc_node]: [attach-window] t=11.50s pos_err=0.121m T=21.76N z=2.381 m_est=2.064
[INFO] [1784799554.109113268] [acados_nmpc_node]: [attach-window] t=11.60s pos_err=0.111m T=21.98N z=2.390 m_est=2.064
[INFO] [1784799554.210161589] [acados_nmpc_node]: [attach-window] t=11.70s pos_err=0.104m T=22.14N z=2.398 m_est=2.064
[INFO] [1784799554.312448073] [acados_nmpc_node]: [attach-window] t=11.80s pos_err=0.099m T=22.24N z=2.403 m_est=2.064
[INFO] [1784799554.406408877] [acados_nmpc_node]: [attach-window] t=11.90s pos_err=0.094m T=22.29N z=2.407 m_est=2.064
[INFO] [1784799554.459964334] [acados_nmpc_node]: [l1] d_hat_f=[+0.007,+0.000,-0.660]m/s^2 |equiv_dm=+0.139kg
[INFO] [1784799554.513051808] [acados_nmpc_node]: [attach-window] t=12.00s pos_err=0.090m T=22.28N z=2.412 m_est=2.064
[INFO] [1784799554.612406797] [acados_nmpc_node]: [attach-window] t=12.10s pos_err=0.085m T=22.25N z=2.418 m_est=2.064
[INFO] [1784799554.703473084] [acados_nmpc_node]: [attach-window] t=12.20s pos_err=0.080m T=22.23N z=2.423 m_est=2.064
[INFO] [1784799554.807118990] [acados_nmpc_node]: [attach-window] t=12.30s pos_err=0.075m T=22.18N z=2.428 m_est=2.064
[INFO] [1784799554.909704433] [acados_nmpc_node]: [attach-window] t=12.40s pos_err=0.070m T=22.15N z=2.434 m_est=2.064
[INFO] [1784799555.009377029] [acados_nmpc_node]: [attach-window] t=12.50s pos_err=0.065m T=22.14N z=2.439 m_est=2.064
[INFO] [1784799555.107890215] [acados_nmpc_node]: [attach-window] t=12.60s pos_err=0.061m T=22.16N z=2.443 m_est=2.064
[INFO] [1784799555.209112676] [acados_nmpc_node]: [attach-window] t=12.70s pos_err=0.056m T=22.17N z=2.447 m_est=2.064
[INFO] [1784799555.308773247] [acados_nmpc_node]: [attach-window] t=12.80s pos_err=0.052m T=22.19N z=2.450 m_est=2.064
[INFO] [1784799555.412144351] [acados_nmpc_node]: [attach-window] t=12.90s pos_err=0.049m T=22.20N z=2.453 m_est=2.064
[INFO] [1784799555.513204457] [acados_nmpc_node]: [attach-window] t=13.00s pos_err=0.045m T=22.20N z=2.456 m_est=2.064
[INFO] [1784799555.613246461] [acados_nmpc_node]: [attach-window] t=13.10s pos_err=0.042m T=22.19N z=2.459 m_est=2.064
[INFO] [1784799555.712709014] [acados_nmpc_node]: [attach-window] t=13.20s pos_err=0.039m T=22.18N z=2.462 m_est=2.064
[INFO] [1784799555.814667687] [acados_nmpc_node]: [attach-window] t=13.30s pos_err=0.036m T=22.15N z=2.465 m_est=2.064
[INFO] [1784799555.910589942] [acados_nmpc_node]: [attach-window] t=13.40s pos_err=0.035m T=22.14N z=2.468 m_est=2.064
[INFO] [1784799556.013317452] [acados_nmpc_node]: [attach-window] t=13.50s pos_err=0.033m T=22.12N z=2.471 m_est=2.064
[INFO] [1784799556.113325271] [acados_nmpc_node]: [attach-window] t=13.60s pos_err=0.032m T=22.12N z=2.473 m_est=2.064
[INFO] [1784799556.196336521] [acados_nmpc_node]: [attach-window] t=13.69s pos_err=0.031m T=22.13N z=2.476 m_est=2.064
[INFO] [1784799556.312192546] [acados_nmpc_node]: [attach-window] t=13.80s pos_err=0.030m T=22.14N z=2.477 m_est=2.064
[INFO] [1784799556.413294148] [acados_nmpc_node]: [attach-window] t=13.90s pos_err=0.028m T=22.17N z=2.478 m_est=2.064
[INFO] [1784799556.513024760] [acados_nmpc_node]: [attach-window] t=14.00s pos_err=0.027m T=22.19N z=2.479 m_est=2.064
[INFO] [1784799556.609771807] [acados_nmpc_node]: [attach-window] t=14.10s pos_err=0.027m T=22.21N z=2.479 m_est=2.064
[INFO] [1784799556.714562479] [acados_nmpc_node]: [attach-window] t=14.20s pos_err=0.028m T=22.22N z=2.479 m_est=2.064
[INFO] [1784799556.812749594] [acados_nmpc_node]: [attach-window] t=14.30s pos_err=0.030m T=22.22N z=2.479 m_est=2.064
[INFO] [1784799556.912053732] [acados_nmpc_node]: [attach-window] t=14.40s pos_err=0.032m T=22.20N z=2.480 m_est=2.064
[INFO] [1784799557.013016342] [acados_nmpc_node]: [attach-window] t=14.50s pos_err=0.033m T=22.17N z=2.482 m_est=2.064
[INFO] [1784799557.112377117] [acados_nmpc_node]: [attach-window] t=14.60s pos_err=0.033m T=22.16N z=2.483 m_est=2.064
[INFO] [1784799557.212640146] [acados_nmpc_node]: [attach-window] t=14.70s pos_err=0.034m T=22.16N z=2.484 m_est=2.064
[INFO] [1784799557.313381854] [acados_nmpc_node]: [attach-window] t=14.80s pos_err=0.033m T=22.18N z=2.484 m_est=2.064
[INFO] [1784799557.408489266] [acados_nmpc_node]: [attach-window] t=14.90s pos_err=0.032m T=22.19N z=2.485 m_est=2.064
[INFO] [1784799557.512583962] [acados_nmpc_node]: [attach-window] t=15.00s pos_err=0.029m T=22.20N z=2.485 m_est=2.064
[INFO] [1784799557.612061861] [acados_nmpc_node]: [attach-window] t=15.10s pos_err=0.026m T=22.21N z=2.485 m_est=2.064
[INFO] [1784799557.713109546] [acados_nmpc_node]: [attach-window] t=15.20s pos_err=0.024m T=22.21N z=2.485 m_est=2.064
[INFO] [1784799557.811572608] [acados_nmpc_node]: [attach-window] t=15.30s pos_err=0.020m T=22.18N z=2.487 m_est=2.064
[INFO] [1784799557.813529119] [acados_nmpc_node]: [l1] d_hat_f=[-0.001,+0.004,-0.883]m/s^2 |equiv_dm=+0.186kg
[INFO] [1784799557.907382722] [acados_nmpc_node]: [attach-window] t=15.40s pos_err=0.018m T=22.14N z=2.489 m_est=2.064
[INFO] [1784799557.909011393] [acados_nmpc_node]: t=15.4s | pos_err=0.018m | T=22.14N | tau=[r0.003 p-0.001 y0.001]Nm | res_stat=2.391e-08(peak 9.483e-07) sqp_iter=3 | solve=3.1ms
[INFO] [1784799558.009044619] [acados_nmpc_node]: [attach-window] t=15.50s pos_err=0.015m T=22.07N z=2.493 m_est=2.064
[INFO] [1784799558.110521325] [acados_nmpc_node]: [attach-window] t=15.60s pos_err=0.014m T=22.02N z=2.497 m_est=2.064
[INFO] [1784799558.194455601] [acados_nmpc_node]: [attach-window] t=15.69s pos_err=0.015m T=22.01N z=2.500 m_est=2.064
[INFO] [1784799558.310620629] [acados_nmpc_node]: [attach-window] t=15.80s pos_err=0.017m T=22.01N z=2.502 m_est=2.064
[INFO] [1784799558.398356440] [acados_nmpc_node]: [attach-window] t=15.89s pos_err=0.020m T=22.04N z=2.504 m_est=2.064
[INFO] [1784799558.502029634] [acados_nmpc_node]: [attach-window] t=15.99s pos_err=0.021m T=22.07N z=2.505 m_est=2.064
[INFO] [1784799558.611950416] [acados_nmpc_node]: [attach-window] t=16.10s pos_err=0.023m T=22.09N z=2.506 m_est=2.064
[INFO] [1784799558.712667388] [acados_nmpc_node]: [attach-window] t=16.20s pos_err=0.025m T=22.10N z=2.507 m_est=2.064
[INFO] [1784799558.810149190] [acados_nmpc_node]: [attach-window] t=16.30s pos_err=0.028m T=22.11N z=2.508 m_est=2.064
[INFO] [1784799558.897164278] [acados_nmpc_node]: [attach-window] t=16.39s pos_err=0.030m T=22.11N z=2.508 m_est=2.064
[INFO] [1784799559.009722596] [acados_nmpc_node]: [attach-window] t=16.50s pos_err=0.032m T=22.10N z=2.509 m_est=2.064
[INFO] [1784799559.111454431] [acados_nmpc_node]: [attach-window] t=16.60s pos_err=0.032m T=22.09N z=2.510 m_est=2.064
[INFO] [1784799559.213403951] [acados_nmpc_node]: [attach-window] t=16.70s pos_err=0.032m T=22.09N z=2.510 m_est=2.064
[INFO] [1784799559.303091576] [acados_nmpc_node]: [attach-window] t=16.79s pos_err=0.030m T=22.12N z=2.509 m_est=2.064
[INFO] [1784799559.410220702] [acados_nmpc_node]: [attach-window] t=16.90s pos_err=0.026m T=22.17N z=2.508 m_est=2.064
[INFO] [1784799559.509618555] [acados_nmpc_node]: [attach-window] t=17.00s pos_err=0.023m T=22.21N z=2.506 m_est=2.064
[INFO] [1784799559.608872647] [acados_nmpc_node]: [attach-window] t=17.10s pos_err=0.020m T=22.22N z=2.505 m_est=2.064
[INFO] [1784799559.711055014] [acados_nmpc_node]: [attach-window] t=17.20s pos_err=0.018m T=22.21N z=2.504 m_est=2.064
[INFO] [1784799559.810210319] [acados_nmpc_node]: [attach-window] t=17.30s pos_err=0.017m T=22.20N z=2.503 m_est=2.064
[INFO] [1784799559.914501982] [acados_nmpc_node]: [attach-window] t=17.41s pos_err=0.018m T=22.19N z=2.503 m_est=2.064
[INFO] [1784799560.012605743] [acados_nmpc_node]: [attach-window] t=17.50s pos_err=0.018m T=22.19N z=2.502 m_est=2.064
[INFO] [1784799560.112752420] [acados_nmpc_node]: [attach-window] t=17.60s pos_err=0.019m T=22.20N z=2.500 m_est=2.064
[INFO] [1784799560.192026168] [acados_nmpc_node]: [attach-window] t=17.69s pos_err=0.019m T=22.21N z=2.499 m_est=2.064
[INFO] [1784799560.311903679] [acados_nmpc_node]: [attach-window] t=17.80s pos_err=0.019m T=22.20N z=2.499 m_est=2.064
[INFO] [1784799560.409601250] [acados_nmpc_node]: [attach-window] t=17.90s pos_err=0.020m T=22.18N z=2.499 m_est=2.064
[INFO] [1784799560.512158233] [acados_nmpc_node]: [attach-window] t=18.00s pos_err=0.021m T=22.15N z=2.500 m_est=2.064
[INFO] [1784799560.614932468] [acados_nmpc_node]: [attach-window] t=18.11s pos_err=0.022m T=22.10N z=2.502 m_est=2.064
[INFO] [1784799560.709258755] [acados_nmpc_node]: [attach-window] t=18.20s pos_err=0.024m T=22.06N z=2.504 m_est=2.064
[INFO] [1784799560.814073584] [acados_nmpc_node]: [attach-window] t=18.30s pos_err=0.027m T=22.04N z=2.506 m_est=2.064
[INFO] [1784799560.914287146] [acados_nmpc_node]: [attach-window] t=18.40s pos_err=0.030m T=22.02N z=2.508 m_est=2.064
[INFO] [1784799561.014667285] [acados_nmpc_node]: [attach-window] t=18.50s pos_err=0.033m T=22.03N z=2.510 m_est=2.064
[INFO] [1784799561.111968873] [acados_nmpc_node]: [attach-window] t=18.60s pos_err=0.034m T=22.05N z=2.510 m_est=2.064
[INFO] [1784799561.127169629] [acados_nmpc_node]: [l1] d_hat_f=[+0.003,-0.006,-0.918]m/s^2 |equiv_dm=+0.193kg
[INFO] [1784799561.203874827] [acados_nmpc_node]: [attach-window] t=18.70s pos_err=0.035m T=22.09N z=2.510 m_est=2.064
[INFO] [1784799561.311620373] [acados_nmpc_node]: [attach-window] t=18.80s pos_err=0.034m T=22.12N z=2.509 m_est=2.064
[INFO] [1784799561.414479239] [acados_nmpc_node]: [attach-window] t=18.91s pos_err=0.032m T=22.17N z=2.508 m_est=2.064
[INFO] [1784799561.511923206] [acados_nmpc_node]: [attach-window] t=19.00s pos_err=0.030m T=22.20N z=2.506 m_est=2.064
[INFO] [1784799561.614210755] [acados_nmpc_node]: [attach-window] t=19.10s pos_err=0.027m T=22.21N z=2.504 m_est=2.064
[INFO] [1784799561.713243348] [acados_nmpc_node]: [attach-window] t=19.20s pos_err=0.025m T=22.20N z=2.504 m_est=2.064
[INFO] [1784799561.814079816] [acados_nmpc_node]: [attach-window] t=19.30s pos_err=0.022m T=22.18N z=2.503 m_est=2.064
[INFO] [1784799561.912451053] [acados_nmpc_node]: [attach-window] t=19.40s pos_err=0.021m T=22.18N z=2.502 m_est=2.064
[INFO] [1784799562.012566409] [acados_nmpc_node]: [attach-window] t=19.50s pos_err=0.020m T=22.18N z=2.502 m_est=2.064
[INFO] [1784799562.114230760] [acados_nmpc_node]: [attach-window] t=19.60s pos_err=0.020m T=22.18N z=2.501 m_est=2.064
[INFO] [1784799562.202072411] [acados_nmpc_node]: [attach-window] t=19.70s pos_err=0.020m T=22.17N z=2.501 m_est=2.064
[INFO] [1784799562.312922181] [acados_nmpc_node]: [attach-window] t=19.80s pos_err=0.020m T=22.17N z=2.500 m_est=2.064
[INFO] [1784799562.410828855] [acados_nmpc_node]: [attach-window] t=19.90s pos_err=0.018m T=22.18N z=2.500 m_est=2.064
[INFO] [1784799562.514196714] [acados_nmpc_node]: [attach-window] t=20.01s pos_err=0.016m T=22.18N z=2.499 m_est=2.064
[INFO] [1784799562.614445783] [acados_nmpc_node]: [attach-window] t=20.11s pos_err=0.013m T=22.17N z=2.499 m_est=2.064
[INFO] [1784799562.713539996] [acados_nmpc_node]: [attach-window] t=20.20s pos_err=0.011m T=22.16N z=2.499 m_est=2.064
[INFO] [1784799562.814759970] [acados_nmpc_node]: [attach-window] t=20.31s pos_err=0.009m T=22.17N z=2.499 m_est=2.064
[INFO] [1784799562.914676629] [acados_nmpc_node]: [attach-window] t=20.41s pos_err=0.008m T=22.17N z=2.499 m_est=2.064
[INFO] [1784799562.916394789] [acados_nmpc_node]: t=20.4s | pos_err=0.008m | T=22.17N | tau=[r0.003 p0.000 y0.000]Nm | res_stat=1.604e-08(peak 9.483e-07) sqp_iter=3 | solve=3.3ms
[INFO] [1784799563.014485599] [acados_nmpc_node]: [attach-window] t=20.51s pos_err=0.007m T=22.17N z=2.498 m_est=2.064
[INFO] [1784799563.112536335] [acados_nmpc_node]: [attach-window] t=20.60s pos_err=0.006m T=22.18N z=2.497 m_est=2.064
[INFO] [1784799563.211707021] [acados_nmpc_node]: [attach-window] t=20.70s pos_err=0.007m T=22.20N z=2.497 m_est=2.064
[INFO] [1784799563.315083127] [acados_nmpc_node]: [attach-window] t=20.81s pos_err=0.009m T=22.20N z=2.496 m_est=2.064
[INFO] [1784799563.415217978] [acados_nmpc_node]: [attach-window] t=20.91s pos_err=0.011m T=22.19N z=2.495 m_est=2.064
[INFO] [1784799563.514828466] [acados_nmpc_node]: [attach-window] t=21.01s pos_err=0.013m T=22.17N z=2.496 m_est=2.064
[INFO] [1784799563.614024021] [acados_nmpc_node]: [attach-window] t=21.10s pos_err=0.014m T=22.14N z=2.496 m_est=2.064
[INFO] [1784799563.714200185] [acados_nmpc_node]: [attach-window] t=21.21s pos_err=0.015m T=22.11N z=2.498 m_est=2.064
[INFO] [1784799563.813571853] [acados_nmpc_node]: [attach-window] t=21.30s pos_err=0.015m T=22.07N z=2.500 m_est=2.064
[INFO] [1784799563.909500069] [acados_nmpc_node]: [attach-window] t=21.40s pos_err=0.015m T=22.05N z=2.502 m_est=2.064
[INFO] [1784799564.009571327] [acados_nmpc_node]: [attach-window] t=21.50s pos_err=0.016m T=22.05N z=2.504 m_est=2.064
[INFO] [1784799564.113342317] [acados_nmpc_node]: [attach-window] t=21.60s pos_err=0.016m T=22.04N z=2.506 m_est=2.064
[INFO] [1784799564.213649540] [acados_nmpc_node]: [attach-window] t=21.71s pos_err=0.017m T=22.04N z=2.508 m_est=2.064
[INFO] [1784799564.315276293] [acados_nmpc_node]: [attach-window] t=21.81s pos_err=0.018m T=22.05N z=2.509 m_est=2.064
[INFO] [1784799564.414677276] [acados_nmpc_node]: [attach-window] t=21.91s pos_err=0.018m T=22.07N z=2.510 m_est=2.064
[INFO] [1784799564.459276757] [acados_nmpc_node]: [l1] d_hat_f=[+0.002,-0.005,-0.927]m/s^2 |equiv_dm=+0.195kg
[INFO] [1784799564.513427981] [acados_nmpc_node]: [attach-window] t=22.00s pos_err=0.018m T=22.09N z=2.511 m_est=2.064
[INFO] [1784799564.615484658] [acados_nmpc_node]: [attach-window] t=22.11s pos_err=0.017m T=22.10N z=2.512 m_est=2.064
[INFO] [1784799564.710930709] [acados_nmpc_node]: [attach-window] t=22.20s pos_err=0.017m T=22.11N z=2.512 m_est=2.064
[INFO] [1784799564.814355475] [acados_nmpc_node]: [attach-window] t=22.31s pos_err=0.017m T=22.12N z=2.512 m_est=2.064
[INFO] [1784799564.896835340] [acados_nmpc_node]: [attach-window] t=22.39s pos_err=0.017m T=22.12N z=2.512 m_est=2.064
[INFO] [1784799564.996001215] [acados_nmpc_node]: [attach-window] t=22.49s pos_err=0.018m T=22.12N z=2.512 m_est=2.064
[ros2run]: Killed
