[INFO] [1785423341.234685977] [acados_nmpc_node]: acados NMPC node starting, building/loading solver...
Code reuse possible, skipping code generation.
acados was compiled without OpenMP.
[INFO] [1785423341.245388285] [acados_nmpc_node]: GRIPPER MODE: hover over box (1.0,0.1) z 0.55->2.5m, lift after 1.5s, empty m_est=2.06kg
[INFO] [1785423341.245833700] [acados_nmpc_node]: Warming up acados solver...
[INFO] [1785423341.251918279] [acados_nmpc_node]: Solver warmup complete, took 5.6 ms
[INFO] [1785423341.259287471] [acados_nmpc_node]: Decoupled publish enabled: solve @20Hz, body_rate/thrust @50Hz (trajectory interpolation)
[INFO] [1785423341.259801586] [acados_nmpc_node]: acados NMPC node initialized! Waiting for EKF2 convergence...
[INFO] [1785423351.260544004] [acados_nmpc_node]: Waiting for EKF2 convergence... 5/10 s
[INFO] [1785423356.260841850] [acados_nmpc_node]: Waiting for EKF2 convergence... 10/10 s
[INFO] [1785423356.360980792] [acados_nmpc_node]: Switching to OFFBOARD mode
[INFO] [1785423357.160912249] [acados_nmpc_node]: Sending arm command
[INFO] [1785423358.160851202] [acados_nmpc_node]: Armed, preparing to move to trajectory start...
[INFO] [1785423360.561128394] [acados_nmpc_node]: Gripper approach (climb): rising at spawn to z=1.50m | z=0.10m v=0.33m/s
[INFO] [1785423363.061410863] [acados_nmpc_node]: Gripper approach (climb): rising at spawn to z=1.50m | z=1.00m v=0.23m/s
[INFO] [1785423365.009354735] [acados_nmpc_node]: Gripper approach: climbed to safe altitude at spawn, now translating over box
[INFO] [1785423365.561613059] [acados_nmpc_node]: Gripper approach (high): aligning over box at z=1.50m | xy=0.935m z_err=0.136m v=0.38m/s
[INFO] [1785423367.309290092] [acados_nmpc_node]: Gripper approach: aligned above box, NMPC will take over here (z=1.50m), settle 3.0s then descend to z=0.55m to trigger attach
[INFO] [1785423367.361916384] [acados_nmpc_node]: Reached trajectory start, NMPC tracking begins!
[INFO] [1785423368.011159313] [acados_nmpc_node]: t=0.6s | pos_err=0.056m | T=20.07N | tau=[r-0.011 p0.028 y-0.018]Nm | res_stat=3.665e-07(peak 7.249e-07) sqp_iter=3 | solve=1.5ms
[INFO] [1785423370.361632539] [acados_nmpc_node]: t=3.0s | DESCEND: settle done, lowering 1.5->0.55m, will enable gripper at bottom
[INFO] [1785423373.010315779] [acados_nmpc_node]: t=5.6s | pos_err=0.065m | T=20.30N | tau=[r-0.001 p0.001 y-0.001]Nm | res_stat=7.016e-07(peak 9.918e-07) sqp_iter=2 | solve=0.9ms
[INFO] [1785423373.809214847] [acados_nmpc_node]: t=6.4s | DESCEND done at z=0.569m (target 0.550m, z_err=0.019m, v=0.05m/s), gripper ENABLED (attach will trigger now)
[INFO] [1785423373.820599592] [acados_nmpc_node]: attach offset received: box-drone = [+0.006, -0.128, -0.476] m
[INFO] [1785423373.861970606] [acados_nmpc_node]: PX4 MC_ROLLRATE_K: 1.000 -> 3.836 (inertia ratio 3.84, cap 5.0)
[INFO] [1785423373.862185450] [acados_nmpc_node]: PX4 MC_PITCHRATE_K: 1.000 -> 3.836 (inertia ratio 3.84, cap 5.0)
[INFO] [1785423373.862389896] [acados_nmpc_node]: t=6.5s | ATTACH (geom_source=online): dJ/gain init from prior m_p=0.20kg arm=0.47m (dJ=0.0403); c_xy+dJ refine online, attach truth eval-only
[INFO] [1785423373.864639729] [acados_nmpc_node]: [attach-window] t=6.50s pos_err=0.030m T=19.43N z=0.567 m_est=1.984
[INFO] [1785423373.911198875] [acados_nmpc_node]: [attach-window] t=6.55s pos_err=0.031m T=19.18N z=0.567 m_est=1.984
[INFO] [1785423373.964050372] [acados_nmpc_node]: [attach-window] t=6.60s pos_err=0.032m T=19.23N z=0.568 m_est=1.989
[INFO] [1785423374.011093611] [acados_nmpc_node]: [attach-window] t=6.65s pos_err=0.033m T=19.19N z=0.569 m_est=1.989
[INFO] [1785423374.064007569] [acados_nmpc_node]: [attach-window] t=6.70s pos_err=0.033m T=19.20N z=0.569 m_est=1.989
[INFO] [1785423374.111150346] [acados_nmpc_node]: [attach-window] t=6.75s pos_err=0.034m T=19.21N z=0.570 m_est=1.989
[INFO] [1785423374.163940623] [acados_nmpc_node]: [attach-window] t=6.80s pos_err=0.034m T=19.19N z=0.570 m_est=1.987
[INFO] [1785423374.211024403] [acados_nmpc_node]: [attach-window] t=6.85s pos_err=0.035m T=19.16N z=0.570 m_est=1.987
[INFO] [1785423374.263763850] [acados_nmpc_node]: [attach-window] t=6.90s pos_err=0.035m T=19.13N z=0.571 m_est=1.985
[INFO] [1785423374.311149543] [acados_nmpc_node]: [attach-window] t=6.95s pos_err=0.035m T=19.11N z=0.571 m_est=1.985
[INFO] [1785423374.364038342] [acados_nmpc_node]: [attach-window] t=7.00s pos_err=0.035m T=19.08N z=0.572 m_est=1.982
[INFO] [1785423374.411067253] [acados_nmpc_node]: [attach-window] t=7.05s pos_err=0.034m T=19.07N z=0.572 m_est=1.982
[INFO] [1785423374.463881859] [acados_nmpc_node]: [attach-window] t=7.10s pos_err=0.034m T=19.02N z=0.573 m_est=1.977
[INFO] [1785423374.511016838] [acados_nmpc_node]: [attach-window] t=7.15s pos_err=0.033m T=19.00N z=0.573 m_est=1.977
[INFO] [1785423374.563842086] [acados_nmpc_node]: [attach-window] t=7.20s pos_err=0.032m T=18.95N z=0.573 m_est=1.972
[INFO] [1785423374.611078654] [acados_nmpc_node]: [attach-window] t=7.25s pos_err=0.031m T=18.95N z=0.573 m_est=1.972
[INFO] [1785423374.663904585] [acados_nmpc_node]: [attach-window] t=7.30s pos_err=0.030m T=18.89N z=0.573 m_est=1.966
[INFO] [1785423374.711316242] [acados_nmpc_node]: [attach-window] t=7.35s pos_err=0.029m T=18.89N z=0.573 m_est=1.966
[INFO] [1785423374.762362164] [acados_nmpc_node]: [attach-window] t=7.40s pos_err=0.029m T=18.84N z=0.573 m_est=1.961
[INFO] [1785423374.810604269] [acados_nmpc_node]: [attach-window] t=7.45s pos_err=0.027m T=18.84N z=0.573 m_est=1.961
[INFO] [1785423374.862228105] [acados_nmpc_node]: [attach-window] t=7.50s pos_err=0.027m T=18.86N z=0.573 m_est=1.961
[INFO] [1785423374.910485562] [acados_nmpc_node]: [attach-window] t=7.55s pos_err=0.027m T=18.86N z=0.573 m_est=1.961
[INFO] [1785423374.962420634] [acados_nmpc_node]: [attach-window] t=7.60s pos_err=0.026m T=18.86N z=0.573 m_est=1.961
[INFO] [1785423375.010545063] [acados_nmpc_node]: [attach-window] t=7.65s pos_err=0.027m T=18.86N z=0.573 m_est=1.961
[INFO] [1785423375.062541918] [acados_nmpc_node]: [attach-window] t=7.70s pos_err=0.027m T=18.86N z=0.573 m_est=1.961
[INFO] [1785423375.110511180] [acados_nmpc_node]: [attach-window] t=7.75s pos_err=0.027m T=18.86N z=0.573 m_est=1.961
[INFO] [1785423375.163993097] [acados_nmpc_node]: [attach-window] t=7.80s pos_err=0.027m T=18.84N z=0.573 m_est=1.961
[INFO] [1785423375.211023801] [acados_nmpc_node]: [attach-window] t=7.85s pos_err=0.028m T=18.87N z=0.572 m_est=1.961
[INFO] [1785423375.263845862] [acados_nmpc_node]: [attach-window] t=7.90s pos_err=0.028m T=18.87N z=0.572 m_est=1.961
[INFO] [1785423375.310808614] [acados_nmpc_node]: [attach-window] t=7.95s pos_err=0.028m T=18.87N z=0.572 m_est=1.961
[INFO] [1785423375.361913028] [acados_nmpc_node]: t=8.0s | LIFT: raising hover 0.55->2.5m to lift payload
[INFO] [1785423375.363905520] [acados_nmpc_node]: [attach-window] t=8.00s pos_err=0.029m T=18.87N z=0.572 m_est=1.961
[INFO] [1785423375.411039380] [acados_nmpc_node]: [attach-window] t=8.05s pos_err=0.029m T=18.86N z=0.573 m_est=1.961
[INFO] [1785423375.464415393] [acados_nmpc_node]: [attach-window] t=8.10s pos_err=0.029m T=18.86N z=0.573 m_est=1.961
[INFO] [1785423375.510889791] [acados_nmpc_node]: [attach-window] t=8.15s pos_err=0.028m T=18.88N z=0.573 m_est=1.961
[INFO] [1785423375.564029946] [acados_nmpc_node]: [attach-window] t=8.20s pos_err=0.025m T=18.93N z=0.574 m_est=1.961
[INFO] [1785423375.611051958] [acados_nmpc_node]: [attach-window] t=8.25s pos_err=0.022m T=19.01N z=0.574 m_est=1.961
[INFO] [1785423375.664037325] [acados_nmpc_node]: [attach-window] t=8.30s pos_err=0.018m T=19.15N z=0.574 m_est=1.961
[INFO] [1785423375.711048878] [acados_nmpc_node]: [attach-window] t=8.35s pos_err=0.017m T=19.30N z=0.574 m_est=1.961
[INFO] [1785423375.763810674] [acados_nmpc_node]: [attach-window] t=8.40s pos_err=0.022m T=19.52N z=0.574 m_est=1.961
[INFO] [1785423375.810953985] [acados_nmpc_node]: [attach-window] t=8.45s pos_err=0.032m T=19.77N z=0.574 m_est=1.961
[INFO] [1785423375.864080534] [acados_nmpc_node]: [attach-window] t=8.50s pos_err=0.049m T=20.11N z=0.574 m_est=1.961
[INFO] [1785423375.911049301] [acados_nmpc_node]: [attach-window] t=8.55s pos_err=0.067m T=20.46N z=0.574 m_est=1.961
[INFO] [1785423375.964004391] [acados_nmpc_node]: [attach-window] t=8.60s pos_err=0.091m T=20.93N z=0.574 m_est=1.961
[INFO] [1785423376.011185971] [acados_nmpc_node]: [attach-window] t=8.65s pos_err=0.116m T=21.41N z=0.574 m_est=1.961
[INFO] [1785423376.064059699] [acados_nmpc_node]: [attach-window] t=8.70s pos_err=0.147m T=21.99N z=0.573 m_est=1.961
[INFO] [1785423376.111000432] [acados_nmpc_node]: [attach-window] t=8.75s pos_err=0.178m T=22.55N z=0.573 m_est=1.961
[INFO] [1785423376.164133626] [acados_nmpc_node]: [attach-window] t=8.80s pos_err=0.216m T=23.24N z=0.573 m_est=1.961
[INFO] [1785423376.211334812] [acados_nmpc_node]: [attach-window] t=8.85s pos_err=0.252m T=23.86N z=0.573 m_est=1.961
[INFO] [1785423376.264252369] [acados_nmpc_node]: [attach-window] t=8.90s pos_err=0.295m T=24.56N z=0.574 m_est=1.961
[INFO] [1785423376.311377087] [acados_nmpc_node]: [attach-window] t=8.95s pos_err=0.334m T=24.86N z=0.576 m_est=1.961
[INFO] [1785423376.362585567] [acados_nmpc_node]: [attach-window] t=9.00s pos_err=0.381m T=25.92N z=0.578 m_est=1.999
[INFO] [1785423376.410834648] [acados_nmpc_node]: [attach-window] t=9.05s pos_err=0.420m T=25.88N z=0.587 m_est=1.999
[INFO] [1785423376.462903782] [acados_nmpc_node]: [attach-window] t=9.10s pos_err=0.467m T=27.34N z=0.593 m_est=2.101
[INFO] [1785423376.510784800] [acados_nmpc_node]: [attach-window] t=9.15s pos_err=0.502m T=27.00N z=0.609 m_est=2.101
[INFO] [1785423376.562859807] [acados_nmpc_node]: [attach-window] t=9.20s pos_err=0.548m T=28.00N z=0.621 m_est=2.182
[INFO] [1785423376.610787697] [acados_nmpc_node]: [attach-window] t=9.25s pos_err=0.569m T=26.84N z=0.654 m_est=2.182
[INFO] [1785423376.662658362] [acados_nmpc_node]: [attach-window] t=9.30s pos_err=0.610m T=27.29N z=0.673 m_est=2.229
[INFO] [1785423376.710820715] [acados_nmpc_node]: [attach-window] t=9.35s pos_err=0.623m T=26.11N z=0.718 m_est=2.229
[INFO] [1785423376.764315271] [acados_nmpc_node]: [attach-window] t=9.40s pos_err=0.653m T=25.84N z=0.750 m_est=2.234
[INFO] [1785423376.811071636] [acados_nmpc_node]: [attach-window] t=9.45s pos_err=0.651m T=24.61N z=0.810 m_est=2.234
[INFO] [1785423376.864145724] [acados_nmpc_node]: [attach-window] t=9.50s pos_err=0.684m T=24.59N z=0.842 m_est=2.221
[INFO] [1785423376.911086655] [acados_nmpc_node]: [attach-window] t=9.55s pos_err=0.672m T=23.60N z=0.910 m_est=2.221
[INFO] [1785423376.964229295] [acados_nmpc_node]: [attach-window] t=9.60s pos_err=0.701m T=23.73N z=0.946 m_est=2.211
[INFO] [1785423377.011162582] [acados_nmpc_node]: [attach-window] t=9.65s pos_err=0.675m T=22.73N z=1.029 m_est=2.211
[INFO] [1785423377.064357266] [acados_nmpc_node]: [attach-window] t=9.70s pos_err=0.700m T=22.97N z=1.066 m_est=2.204
[INFO] [1785423377.111118490] [acados_nmpc_node]: [attach-window] t=9.75s pos_err=0.670m T=22.18N z=1.151 m_est=2.204
[INFO] [1785423377.164143508] [acados_nmpc_node]: [attach-window] t=9.80s pos_err=0.702m T=22.65N z=1.179 m_est=2.193
[INFO] [1785423377.211093602] [acados_nmpc_node]: [attach-window] t=9.85s pos_err=0.670m T=22.02N z=1.263 m_est=2.193
[INFO] [1785423377.264148667] [acados_nmpc_node]: [attach-window] t=9.90s pos_err=0.690m T=22.35N z=1.300 m_est=2.190
[INFO] [1785423377.311101702] [acados_nmpc_node]: [attach-window] t=9.95s pos_err=0.656m T=21.79N z=1.383 m_est=2.190
[INFO] [1785423377.364306842] [acados_nmpc_node]: [attach-window] t=10.00s pos_err=0.672m T=22.11N z=1.419 m_est=2.187
[INFO] [1785423377.411123727] [acados_nmpc_node]: [attach-window] t=10.05s pos_err=0.645m T=21.76N z=1.491 m_est=2.187
[INFO] [1785423377.465063506] [acados_nmpc_node]: [attach-window] t=10.10s pos_err=0.657m T=22.05N z=1.526 m_est=2.185
[INFO] [1785423377.511200562] [acados_nmpc_node]: [attach-window] t=10.15s pos_err=0.619m T=21.53N z=1.603 m_est=2.185
[INFO] [1785423377.564350106] [acados_nmpc_node]: [attach-window] t=10.20s pos_err=0.626m T=21.77N z=1.637 m_est=2.188
[INFO] [1785423377.611094888] [acados_nmpc_node]: [attach-window] t=10.25s pos_err=0.593m T=21.39N z=1.704 m_est=2.188
[INFO] [1785423377.664204253] [acados_nmpc_node]: [attach-window] t=10.30s pos_err=0.595m T=21.57N z=1.736 m_est=2.190
[INFO] [1785423377.711256065] [acados_nmpc_node]: [attach-window] t=10.35s pos_err=0.559m T=21.19N z=1.800 m_est=2.190
[INFO] [1785423377.764150516] [acados_nmpc_node]: [attach-window] t=10.40s pos_err=0.557m T=21.31N z=1.831 m_est=2.194
[INFO] [1785423377.811040390] [acados_nmpc_node]: [attach-window] t=10.45s pos_err=0.511m T=20.84N z=1.899 m_est=2.194
[INFO] [1785423377.864153127] [acados_nmpc_node]: [attach-window] t=10.50s pos_err=0.503m T=20.91N z=1.928 m_est=2.199
[INFO] [1785423377.911102710] [acados_nmpc_node]: [attach-window] t=10.55s pos_err=0.463m T=20.58N z=1.985 m_est=2.199
[INFO] [1785423377.964517412] [acados_nmpc_node]: [attach-window] t=10.60s pos_err=0.451m T=20.61N z=2.012 m_est=2.202
[INFO] [1785423378.011133820] [acados_nmpc_node]: [attach-window] t=10.65s pos_err=0.403m T=20.29N z=2.071 m_est=2.202
[INFO] [1785423378.011609485] [acados_nmpc_node]: t=10.6s | pos_err=0.403m | T=20.29N | tau=[r-0.183 p-0.018 y-0.000]Nm | res_stat=4.456e-07(peak 9.918e-07) sqp_iter=3 | solve=1.5ms
[INFO] [1785423378.064170309] [acados_nmpc_node]: [attach-window] t=10.70s pos_err=0.388m T=20.30N z=2.096 m_est=2.205
[INFO] [1785423378.111129508] [acados_nmpc_node]: [attach-window] t=10.75s pos_err=0.342m T=20.11N z=2.148 m_est=2.205
[INFO] [1785423378.164259736] [acados_nmpc_node]: [attach-window] t=10.80s pos_err=0.331m T=20.15N z=2.165 m_est=2.206
[INFO] [1785423378.211050084] [acados_nmpc_node]: [attach-window] t=10.85s pos_err=0.288m T=20.09N z=2.210 m_est=2.206
[INFO] [1785423378.264065471] [acados_nmpc_node]: [attach-window] t=10.90s pos_err=0.271m T=20.08N z=2.229 m_est=2.204
[INFO] [1785423378.311055188] [acados_nmpc_node]: [attach-window] t=10.95s pos_err=0.238m T=20.12N z=2.263 m_est=2.204
[INFO] [1785423378.364214668] [acados_nmpc_node]: [attach-window] t=11.00s pos_err=0.222m T=20.18N z=2.278 m_est=2.205
[INFO] [1785423378.411092233] [acados_nmpc_node]: [attach-window] t=11.05s pos_err=0.191m T=20.35N z=2.309 m_est=2.205
[INFO] [1785423378.462623095] [acados_nmpc_node]: [attach-window] t=11.10s pos_err=0.179m T=20.47N z=2.321 m_est=2.208
[INFO] [1785423378.510929218] [acados_nmpc_node]: [attach-window] t=11.15s pos_err=0.158m T=20.67N z=2.342 m_est=2.208
[INFO] [1785423378.564180287] [acados_nmpc_node]: [attach-window] t=11.20s pos_err=0.148m T=20.80N z=2.352 m_est=2.213
[INFO] [1785423378.611153098] [acados_nmpc_node]: [attach-window] t=11.25s pos_err=0.130m T=21.02N z=2.370 m_est=2.213
[INFO] [1785423378.664256916] [acados_nmpc_node]: [attach-window] t=11.30s pos_err=0.123m T=21.17N z=2.377 m_est=2.218
[INFO] [1785423378.711086567] [acados_nmpc_node]: [attach-window] t=11.35s pos_err=0.109m T=21.33N z=2.391 m_est=2.218
[INFO] [1785423378.764130849] [acados_nmpc_node]: [attach-window] t=11.40s pos_err=0.105m T=21.44N z=2.396 m_est=2.224
[INFO] [1785423378.811083532] [acados_nmpc_node]: [attach-window] t=11.45s pos_err=0.094m T=21.56N z=2.407 m_est=2.224
[INFO] [1785423378.864282406] [acados_nmpc_node]: [attach-window] t=11.50s pos_err=0.089m T=21.66N z=2.411 m_est=2.230
[INFO] [1785423378.910776022] [acados_nmpc_node]: [attach-window] t=11.55s pos_err=0.081m T=21.72N z=2.420 m_est=2.230
[INFO] [1785423378.964110580] [acados_nmpc_node]: [attach-window] t=11.60s pos_err=0.078m T=21.79N z=2.423 m_est=2.235
[INFO] [1785423379.010812915] [acados_nmpc_node]: [attach-window] t=11.65s pos_err=0.070m T=21.82N z=2.431 m_est=2.235
[INFO] [1785423379.064051680] [acados_nmpc_node]: [attach-window] t=11.70s pos_err=0.067m T=21.87N z=2.434 m_est=2.239
[INFO] [1785423379.110804921] [acados_nmpc_node]: [attach-window] t=11.75s pos_err=0.060m T=21.89N z=2.440 m_est=2.239
[INFO] [1785423379.164272768] [acados_nmpc_node]: [attach-window] t=11.80s pos_err=0.058m T=21.93N z=2.442 m_est=2.244
[INFO] [1785423379.211038017] [acados_nmpc_node]: [attach-window] t=11.85s pos_err=0.053m T=21.95N z=2.447 m_est=2.244
[INFO] [1785423379.263979319] [acados_nmpc_node]: [attach-window] t=11.90s pos_err=0.051m T=21.99N z=2.450 m_est=2.247
[INFO] [1785423379.310853768] [acados_nmpc_node]: [attach-window] t=11.95s pos_err=0.047m T=22.00N z=2.453 m_est=2.247
[INFO] [1785423379.364083085] [acados_nmpc_node]: [attach-window] t=12.00s pos_err=0.044m T=22.03N z=2.456 m_est=2.251
[INFO] [1785423379.410813054] [acados_nmpc_node]: [attach-window] t=12.05s pos_err=0.040m T=22.01N z=2.460 m_est=2.251
[INFO] [1785423379.462466583] [acados_nmpc_node]: [attach-window] t=12.10s pos_err=0.038m T=22.03N z=2.462 m_est=2.254
[INFO] [1785423379.510474021] [acados_nmpc_node]: [attach-window] t=12.15s pos_err=0.034m T=22.01N z=2.466 m_est=2.254
[INFO] [1785423379.562567446] [acados_nmpc_node]: [attach-window] t=12.20s pos_err=0.032m T=22.02N z=2.468 m_est=2.257
[INFO] [1785423379.610318325] [acados_nmpc_node]: [attach-window] t=12.25s pos_err=0.028m T=21.99N z=2.472 m_est=2.257
[INFO] [1785423379.662423125] [acados_nmpc_node]: [attach-window] t=12.30s pos_err=0.026m T=21.99N z=2.474 m_est=2.260
[INFO] [1785423379.710267991] [acados_nmpc_node]: [attach-window] t=12.35s pos_err=0.022m T=21.97N z=2.478 m_est=2.260
[INFO] [1785423379.762483074] [acados_nmpc_node]: [attach-window] t=12.40s pos_err=0.020m T=21.98N z=2.480 m_est=2.261
[INFO] [1785423379.810337317] [acados_nmpc_node]: [attach-window] t=12.45s pos_err=0.016m T=21.95N z=2.484 m_est=2.261
[INFO] [1785423379.862461853] [acados_nmpc_node]: [attach-window] t=12.50s pos_err=0.015m T=21.95N z=2.486 m_est=2.262
[INFO] [1785423379.910311095] [acados_nmpc_node]: [attach-window] t=12.55s pos_err=0.012m T=21.93N z=2.491 m_est=2.262
[INFO] [1785423379.962459691] [acados_nmpc_node]: [attach-window] t=12.60s pos_err=0.012m T=21.93N z=2.493 m_est=2.262
[INFO] [1785423380.010448914] [acados_nmpc_node]: [attach-window] t=12.65s pos_err=0.011m T=21.92N z=2.496 m_est=2.262
[INFO] [1785423380.062446694] [acados_nmpc_node]: [attach-window] t=12.70s pos_err=0.011m T=21.91N z=2.498 m_est=2.262
[INFO] [1785423380.110243436] [acados_nmpc_node]: [attach-window] t=12.75s pos_err=0.012m T=21.92N z=2.501 m_est=2.262
[INFO] [1785423380.162392769] [acados_nmpc_node]: [attach-window] t=12.80s pos_err=0.012m T=21.92N z=2.502 m_est=2.261
[INFO] [1785423380.210442161] [acados_nmpc_node]: [attach-window] t=12.85s pos_err=0.013m T=21.95N z=2.505 m_est=2.261
[INFO] [1785423380.262362119] [acados_nmpc_node]: [attach-window] t=12.90s pos_err=0.013m T=21.96N z=2.505 m_est=2.260
[INFO] [1785423380.310345931] [acados_nmpc_node]: [attach-window] t=12.95s pos_err=0.013m T=22.00N z=2.506 m_est=2.260
[INFO] [1785423380.362431084] [acados_nmpc_node]: [attach-window] t=13.00s pos_err=0.013m T=22.01N z=2.507 m_est=2.260
[INFO] [1785423380.410829030] [acados_nmpc_node]: [attach-window] t=13.05s pos_err=0.013m T=22.05N z=2.507 m_est=2.260
[INFO] [1785423380.464002663] [acados_nmpc_node]: [attach-window] t=13.10s pos_err=0.013m T=22.06N z=2.508 m_est=2.259
[INFO] [1785423380.510799807] [acados_nmpc_node]: [attach-window] t=13.15s pos_err=0.012m T=22.10N z=2.508 m_est=2.259
[INFO] [1785423380.563982838] [acados_nmpc_node]: [attach-window] t=13.20s pos_err=0.012m T=22.11N z=2.508 m_est=2.258
[INFO] [1785423380.610876760] [acados_nmpc_node]: [attach-window] t=13.25s pos_err=0.011m T=22.14N z=2.507 m_est=2.258
[INFO] [1785423380.664068954] [acados_nmpc_node]: [attach-window] t=13.30s pos_err=0.011m T=22.15N z=2.507 m_est=2.258
[INFO] [1785423380.710887474] [acados_nmpc_node]: [attach-window] t=13.35s pos_err=0.010m T=22.16N z=2.506 m_est=2.258
[INFO] [1785423380.764097468] [acados_nmpc_node]: [attach-window] t=13.40s pos_err=0.009m T=22.17N z=2.506 m_est=2.258
[INFO] [1785423380.810847027] [acados_nmpc_node]: [attach-window] t=13.45s pos_err=0.007m T=22.19N z=2.505 m_est=2.258
[INFO] [1785423380.864040548] [acados_nmpc_node]: [attach-window] t=13.50s pos_err=0.006m T=22.21N z=2.504 m_est=2.259
[INFO] [1785423380.910758307] [acados_nmpc_node]: [attach-window] t=13.55s pos_err=0.005m T=22.23N z=2.503 m_est=2.259
[INFO] [1785423380.964102983] [acados_nmpc_node]: [attach-window] t=13.60s pos_err=0.005m T=22.24N z=2.502 m_est=2.259
[INFO] [1785423381.010811682] [acados_nmpc_node]: [attach-window] t=13.65s pos_err=0.004m T=22.24N z=2.501 m_est=2.259
[INFO] [1785423381.064126282] [acados_nmpc_node]: [attach-window] t=13.70s pos_err=0.004m T=22.24N z=2.501 m_est=2.260
[INFO] [1785423381.110841685] [acados_nmpc_node]: [attach-window] t=13.75s pos_err=0.005m T=22.23N z=2.501 m_est=2.260
[INFO] [1785423381.164134717] [acados_nmpc_node]: [attach-window] t=13.80s pos_err=0.005m T=22.22N z=2.501 m_est=2.261
[INFO] [1785423381.210781580] [acados_nmpc_node]: [attach-window] t=13.85s pos_err=0.005m T=22.21N z=2.500 m_est=2.261
[INFO] [1785423381.264240914] [acados_nmpc_node]: [attach-window] t=13.90s pos_err=0.005m T=22.21N z=2.500 m_est=2.261
[INFO] [1785423381.310841207] [acados_nmpc_node]: [attach-window] t=13.95s pos_err=0.006m T=22.18N z=2.500 m_est=2.261
[INFO] [1785423381.364312265] [acados_nmpc_node]: [attach-window] t=14.00s pos_err=0.007m T=22.17N z=2.501 m_est=2.262
[INFO] [1785423381.410862372] [acados_nmpc_node]: [attach-window] t=14.05s pos_err=0.008m T=22.15N z=2.501 m_est=2.262
[INFO] [1785423381.464427073] [acados_nmpc_node]: [attach-window] t=14.10s pos_err=0.008m T=22.15N z=2.501 m_est=2.262
[INFO] [1785423381.511046202] [acados_nmpc_node]: [attach-window] t=14.15s pos_err=0.009m T=22.15N z=2.501 m_est=2.262
[INFO] [1785423381.564501448] [acados_nmpc_node]: [attach-window] t=14.20s pos_err=0.010m T=22.15N z=2.501 m_est=2.262
[INFO] [1785423381.610849490] [acados_nmpc_node]: [attach-window] t=14.25s pos_err=0.010m T=22.16N z=2.501 m_est=2.262
[INFO] [1785423381.664282419] [acados_nmpc_node]: [attach-window] t=14.30s pos_err=0.010m T=22.16N z=2.501 m_est=2.263
[INFO] [1785423381.710813363] [acados_nmpc_node]: [attach-window] t=14.35s pos_err=0.011m T=22.16N z=2.501 m_est=2.263
[INFO] [1785423381.764202860] [acados_nmpc_node]: [attach-window] t=14.40s pos_err=0.011m T=22.17N z=2.501 m_est=2.263
[INFO] [1785423381.810881544] [acados_nmpc_node]: [attach-window] t=14.45s pos_err=0.010m T=22.17N z=2.501 m_est=2.263
[INFO] [1785423381.864369332] [acados_nmpc_node]: [attach-window] t=14.50s pos_err=0.010m T=22.17N z=2.500 m_est=2.262
[INFO] [1785423381.910915895] [acados_nmpc_node]: [attach-window] t=14.55s pos_err=0.009m T=22.18N z=2.500 m_est=2.262
[INFO] [1785423381.964432303] [acados_nmpc_node]: [attach-window] t=14.60s pos_err=0.009m T=22.17N z=2.500 m_est=2.262
[INFO] [1785423382.011043680] [acados_nmpc_node]: [attach-window] t=14.65s pos_err=0.008m T=22.18N z=2.500 m_est=2.262
[INFO] [1785423382.064325984] [acados_nmpc_node]: [attach-window] t=14.70s pos_err=0.008m T=22.17N z=2.500 m_est=2.262
[INFO] [1785423382.110864611] [acados_nmpc_node]: [attach-window] t=14.75s pos_err=0.008m T=22.17N z=2.500 m_est=2.262
[INFO] [1785423382.164341234] [acados_nmpc_node]: [attach-window] t=14.80s pos_err=0.008m T=22.17N z=2.499 m_est=2.262
[INFO] [1785423382.210899041] [acados_nmpc_node]: [attach-window] t=14.85s pos_err=0.008m T=22.17N z=2.499 m_est=2.262
[INFO] [1785423382.264425896] [acados_nmpc_node]: [attach-window] t=14.90s pos_err=0.008m T=22.17N z=2.499 m_est=2.262
[INFO] [1785423382.310897593] [acados_nmpc_node]: [attach-window] t=14.95s pos_err=0.009m T=22.16N z=2.499 m_est=2.262
[INFO] [1785423382.364281655] [acados_nmpc_node]: [attach-window] t=15.00s pos_err=0.009m T=22.16N z=2.499 m_est=2.262
[INFO] [1785423382.410920531] [acados_nmpc_node]: [attach-window] t=15.05s pos_err=0.010m T=22.16N z=2.499 m_est=2.262
[INFO] [1785423382.465033983] [acados_nmpc_node]: [attach-window] t=15.10s pos_err=0.010m T=22.16N z=2.499 m_est=2.262
[INFO] [1785423382.510972356] [acados_nmpc_node]: [attach-window] t=15.15s pos_err=0.010m T=22.15N z=2.500 m_est=2.262
[INFO] [1785423382.564505935] [acados_nmpc_node]: [attach-window] t=15.20s pos_err=0.010m T=22.15N z=2.500 m_est=2.262
[INFO] [1785423382.610898513] [acados_nmpc_node]: [attach-window] t=15.25s pos_err=0.010m T=22.13N z=2.501 m_est=2.262
[INFO] [1785423382.664495093] [acados_nmpc_node]: [attach-window] t=15.30s pos_err=0.010m T=22.12N z=2.501 m_est=2.262
[INFO] [1785423382.710945909] [acados_nmpc_node]: [attach-window] t=15.35s pos_err=0.011m T=22.09N z=2.503 m_est=2.262
[INFO] [1785423382.764479292] [acados_nmpc_node]: [attach-window] t=15.40s pos_err=0.012m T=22.08N z=2.504 m_est=2.262
[INFO] [1785423382.811139453] [acados_nmpc_node]: [attach-window] t=15.45s pos_err=0.014m T=22.06N z=2.505 m_est=2.262
[INFO] [1785423382.864405989] [acados_nmpc_node]: [attach-window] t=15.50s pos_err=0.015m T=22.05N z=2.506 m_est=2.261
[INFO] [1785423382.911172397] [acados_nmpc_node]: [attach-window] t=15.55s pos_err=0.017m T=22.04N z=2.508 m_est=2.261
[INFO] [1785423382.964572957] [acados_nmpc_node]: [attach-window] t=15.60s pos_err=0.018m T=22.04N z=2.508 m_est=2.261
[INFO] [1785423383.011107871] [acados_nmpc_node]: [attach-window] t=15.65s pos_err=0.020m T=22.05N z=2.509 m_est=2.261
[INFO] [1785423383.011579910] [acados_nmpc_node]: t=15.6s | pos_err=0.020m | T=22.05N | tau=[r-0.238 p-0.011 y-0.002]Nm | res_stat=3.079e-07(peak 9.918e-07) sqp_iter=3 | solve=1.5ms
[INFO] [1785423383.064528679] [acados_nmpc_node]: [attach-window] t=15.70s pos_err=0.021m T=22.06N z=2.510 m_est=2.261
[INFO] [1785423383.111104899] [acados_nmpc_node]: [attach-window] t=15.75s pos_err=0.023m T=22.08N z=2.510 m_est=2.261
[INFO] [1785423383.164716326] [acados_nmpc_node]: [attach-window] t=15.80s pos_err=0.024m T=22.08N z=2.510 m_est=2.260
[INFO] [1785423383.211086143] [acados_nmpc_node]: [attach-window] t=15.85s pos_err=0.026m T=22.09N z=2.511 m_est=2.260
[INFO] [1785423383.264513905] [acados_nmpc_node]: [attach-window] t=15.90s pos_err=0.027m T=22.10N z=2.511 m_est=2.260
[INFO] [1785423383.311142701] [acados_nmpc_node]: [attach-window] t=15.95s pos_err=0.029m T=22.12N z=2.511 m_est=2.260
[INFO] [1785423383.364834804] [acados_nmpc_node]: [attach-window] t=16.00s pos_err=0.030m T=22.13N z=2.511 m_est=2.260
[INFO] [1785423383.411249996] [acados_nmpc_node]: [attach-window] t=16.05s pos_err=0.031m T=22.14N z=2.510 m_est=2.260
[INFO] [1785423383.464778478] [acados_nmpc_node]: [attach-window] t=16.10s pos_err=0.031m T=22.15N z=2.510 m_est=2.259
[INFO] [1785423383.511256222] [acados_nmpc_node]: [attach-window] t=16.15s pos_err=0.031m T=22.17N z=2.509 m_est=2.259
[INFO] [1785423383.564769349] [acados_nmpc_node]: [attach-window] t=16.20s pos_err=0.031m T=22.17N z=2.509 m_est=2.259
[INFO] [1785423383.611212428] [acados_nmpc_node]: [attach-window] t=16.25s pos_err=0.032m T=22.18N z=2.509 m_est=2.259
[INFO] [1785423383.664727272] [acados_nmpc_node]: [attach-window] t=16.30s pos_err=0.032m T=22.18N z=2.508 m_est=2.259
[INFO] [1785423383.710814658] [acados_nmpc_node]: [attach-window] t=16.35s pos_err=0.031m T=22.18N z=2.508 m_est=2.259
[INFO] [1785423383.762903980] [acados_nmpc_node]: [attach-window] t=16.40s pos_err=0.031m T=22.18N z=2.508 m_est=2.260
[INFO] [1785423383.810471492] [acados_nmpc_node]: [attach-window] t=16.45s pos_err=0.030m T=22.19N z=2.507 m_est=2.260
[INFO] [1785423383.862938622] [acados_nmpc_node]: [attach-window] t=16.50s pos_err=0.029m T=22.19N z=2.507 m_est=2.260
[INFO] [1785423383.910331483] [acados_nmpc_node]: [attach-window] t=16.55s pos_err=0.027m T=22.19N z=2.506 m_est=2.260
[INFO] [1785423383.964450276] [acados_nmpc_node]: [attach-window] t=16.60s pos_err=0.026m T=22.20N z=2.505 m_est=2.260
[INFO] [1785423384.010856492] [acados_nmpc_node]: [attach-window] t=16.65s pos_err=0.022m T=22.22N z=2.504 m_est=2.260
[INFO] [1785423384.064375884] [acados_nmpc_node]: [attach-window] t=16.70s pos_err=0.020m T=22.23N z=2.503 m_est=2.260
[INFO] [1785423384.111065718] [acados_nmpc_node]: [attach-window] t=16.75s pos_err=0.016m T=22.24N z=2.502 m_est=2.260
[INFO] [1785423384.164649051] [acados_nmpc_node]: [attach-window] t=16.80s pos_err=0.014m T=22.25N z=2.501 m_est=2.261
[INFO] [1785423384.211143243] [acados_nmpc_node]: [attach-window] t=16.85s pos_err=0.010m T=22.26N z=2.500 m_est=2.261
[INFO] [1785423384.264522255] [acados_nmpc_node]: [attach-window] t=16.90s pos_err=0.009m T=22.26N z=2.499 m_est=2.261
[INFO] [1785423384.310875460] [acados_nmpc_node]: [attach-window] t=16.95s pos_err=0.006m T=22.25N z=2.498 m_est=2.261
[INFO] [1785423384.364376504] [acados_nmpc_node]: [attach-window] t=17.00s pos_err=0.004m T=22.25N z=2.498 m_est=2.262
[INFO] [1785423384.411101542] [acados_nmpc_node]: [attach-window] t=17.05s pos_err=0.004m T=22.23N z=2.498 m_est=2.262
[INFO] [1785423384.464511334] [acados_nmpc_node]: [attach-window] t=17.10s pos_err=0.004m T=22.23N z=2.497 m_est=2.262
[INFO] [1785423384.510780193] [acados_nmpc_node]: [attach-window] t=17.15s pos_err=0.006m T=22.22N z=2.497 m_est=2.262
[INFO] [1785423384.564430362] [acados_nmpc_node]: [attach-window] t=17.20s pos_err=0.007m T=22.22N z=2.496 m_est=2.263
[INFO] [1785423384.610814343] [acados_nmpc_node]: [attach-window] t=17.25s pos_err=0.009m T=22.22N z=2.496 m_est=2.263
[INFO] [1785423384.664444722] [acados_nmpc_node]: [attach-window] t=17.30s pos_err=0.010m T=22.21N z=2.496 m_est=2.263
[INFO] [1785423384.710830173] [acados_nmpc_node]: [attach-window] t=17.35s pos_err=0.011m T=22.20N z=2.495 m_est=2.263
[INFO] [1785423384.764339061] [acados_nmpc_node]: [attach-window] t=17.40s pos_err=0.011m T=22.20N z=2.495 m_est=2.263
[INFO] [1785423384.810840165] [acados_nmpc_node]: [attach-window] t=17.45s pos_err=0.012m T=22.18N z=2.495 m_est=2.263
[INFO] [1785423384.864672466] [acados_nmpc_node]: [attach-window] t=17.50s pos_err=0.012m T=22.17N z=2.495 m_est=2.263
[INFO] [1785423384.910784933] [acados_nmpc_node]: [attach-window] t=17.55s pos_err=0.012m T=22.16N z=2.496 m_est=2.263
[INFO] [1785423384.964319802] [acados_nmpc_node]: [attach-window] t=17.60s pos_err=0.012m T=22.16N z=2.496 m_est=2.263
[INFO] [1785423385.010771229] [acados_nmpc_node]: [attach-window] t=17.65s pos_err=0.013m T=22.15N z=2.496 m_est=2.263
[INFO] [1785423385.064405914] [acados_nmpc_node]: [attach-window] t=17.70s pos_err=0.013m T=22.15N z=2.496 m_est=2.263
[INFO] [1785423385.110938271] [acados_nmpc_node]: [attach-window] t=17.75s pos_err=0.013m T=22.14N z=2.497 m_est=2.263
[INFO] [1785423385.164495733] [acados_nmpc_node]: [attach-window] t=17.80s pos_err=0.013m T=22.13N z=2.497 m_est=2.263
[INFO] [1785423385.210878785] [acados_nmpc_node]: [attach-window] t=17.85s pos_err=0.013m T=22.12N z=2.498 m_est=2.263
[INFO] [1785423385.264551846] [acados_nmpc_node]: [attach-window] t=17.90s pos_err=0.012m T=22.12N z=2.498 m_est=2.262
[INFO] [1785423385.310783634] [acados_nmpc_node]: [attach-window] t=17.95s pos_err=0.012m T=22.12N z=2.498 m_est=2.262
[INFO] [1785423385.364431142] [acados_nmpc_node]: [attach-window] t=18.00s pos_err=0.011m T=22.12N z=2.499 m_est=2.262
[INFO] [1785423385.410390298] [acados_nmpc_node]: [attach-window] t=18.05s pos_err=0.011m T=22.12N z=2.499 m_est=2.262
[INFO] [1785423385.462713967] [acados_nmpc_node]: [attach-window] t=18.10s pos_err=0.010m T=22.12N z=2.500 m_est=2.262
[INFO] [1785423385.510654994] [acados_nmpc_node]: [attach-window] t=18.15s pos_err=0.009m T=22.11N z=2.500 m_est=2.262
[INFO] [1785423385.562877756] [acados_nmpc_node]: [attach-window] t=18.20s pos_err=0.009m T=22.11N z=2.501 m_est=2.261
[INFO] [1785423385.610350122] [acados_nmpc_node]: [attach-window] t=18.25s pos_err=0.008m T=22.11N z=2.501 m_est=2.261
[INFO] [1785423385.664445277] [acados_nmpc_node]: [attach-window] t=18.30s pos_err=0.008m T=22.10N z=2.501 m_est=2.261
[INFO] [1785423385.710734888] [acados_nmpc_node]: [attach-window] t=18.35s pos_err=0.007m T=22.11N z=2.502 m_est=2.261
[INFO] [1785423385.764373267] [acados_nmpc_node]: [attach-window] t=18.40s pos_err=0.006m T=22.11N z=2.502 m_est=2.261
[INFO] [1785423385.810759421] [acados_nmpc_node]: [attach-window] t=18.45s pos_err=0.006m T=22.13N z=2.502 m_est=2.261
[INFO] [1785423385.864343698] [acados_nmpc_node]: [attach-window] t=18.50s pos_err=0.005m T=22.14N z=2.502 m_est=2.261
[INFO] [1785423385.910793012] [acados_nmpc_node]: [attach-window] t=18.55s pos_err=0.005m T=22.15N z=2.502 m_est=2.261
[INFO] [1785423385.964576056] [acados_nmpc_node]: [attach-window] t=18.60s pos_err=0.005m T=22.16N z=2.501 m_est=2.260
[INFO] [1785423386.010770306] [acados_nmpc_node]: [attach-window] t=18.65s pos_err=0.005m T=22.18N z=2.501 m_est=2.260
[INFO] [1785423386.064588632] [acados_nmpc_node]: [attach-window] t=18.70s pos_err=0.006m T=22.18N z=2.500 m_est=2.260
[INFO] [1785423386.110831135] [acados_nmpc_node]: [attach-window] t=18.75s pos_err=0.006m T=22.19N z=2.500 m_est=2.260
[INFO] [1785423386.164463563] [acados_nmpc_node]: [attach-window] t=18.80s pos_err=0.006m T=22.20N z=2.499 m_est=2.260
[INFO] [1785423386.210838996] [acados_nmpc_node]: [attach-window] t=18.85s pos_err=0.006m T=22.20N z=2.499 m_est=2.260
[INFO] [1785423386.264412857] [acados_nmpc_node]: [attach-window] t=18.90s pos_err=0.006m T=22.21N z=2.499 m_est=2.260
[INFO] [1785423386.310901976] [acados_nmpc_node]: [attach-window] t=18.95s pos_err=0.006m T=22.20N z=2.498 m_est=2.260
[INFO] [1785423386.364448143] [acados_nmpc_node]: [attach-window] t=19.00s pos_err=0.006m T=22.20N z=2.498 m_est=2.261
[INFO] [1785423386.410801971] [acados_nmpc_node]: [attach-window] t=19.05s pos_err=0.006m T=22.18N z=2.498 m_est=2.261
[INFO] [1785423386.464458405] [acados_nmpc_node]: [attach-window] t=19.10s pos_err=0.006m T=22.17N z=2.499 m_est=2.261
[INFO] [1785423386.510885585] [acados_nmpc_node]: [attach-window] t=19.15s pos_err=0.006m T=22.15N z=2.499 m_est=2.261
[INFO] [1785423386.564554523] [acados_nmpc_node]: [attach-window] t=19.20s pos_err=0.006m T=22.14N z=2.500 m_est=2.261
[INFO] [1785423386.610834234] [acados_nmpc_node]: [attach-window] t=19.25s pos_err=0.007m T=22.11N z=2.501 m_est=2.261
[INFO] [1785423386.664643118] [acados_nmpc_node]: [attach-window] t=19.30s pos_err=0.007m T=22.10N z=2.502 m_est=2.261
[INFO] [1785423386.711024797] [acados_nmpc_node]: [attach-window] t=19.35s pos_err=0.007m T=22.09N z=2.502 m_est=2.261
[INFO] [1785423386.764717260] [acados_nmpc_node]: [attach-window] t=19.40s pos_err=0.007m T=22.10N z=2.503 m_est=2.261
[INFO] [1785423386.810822118] [acados_nmpc_node]: [attach-window] t=19.45s pos_err=0.007m T=22.12N z=2.503 m_est=2.261
[INFO] [1785423386.864420090] [acados_nmpc_node]: [attach-window] t=19.50s pos_err=0.007m T=22.13N z=2.502 m_est=2.261
[INFO] [1785423386.910756671] [acados_nmpc_node]: [attach-window] t=19.55s pos_err=0.006m T=22.17N z=2.501 m_est=2.261
[INFO] [1785423386.964648468] [acados_nmpc_node]: [attach-window] t=19.60s pos_err=0.006m T=22.19N z=2.501 m_est=2.261
[INFO] [1785423387.010843457] [acados_nmpc_node]: [attach-window] t=19.65s pos_err=0.005m T=22.22N z=2.499 m_est=2.261
[INFO] [1785423387.064522059] [acados_nmpc_node]: [attach-window] t=19.70s pos_err=0.004m T=22.23N z=2.499 m_est=2.261
[INFO] [1785423387.110797642] [acados_nmpc_node]: [attach-window] t=19.75s pos_err=0.004m T=22.24N z=2.498 m_est=2.261
[INFO] [1785423387.164743974] [acados_nmpc_node]: [attach-window] t=19.80s pos_err=0.004m T=22.24N z=2.498 m_est=2.261
[INFO] [1785423387.210811210] [acados_nmpc_node]: [attach-window] t=19.85s pos_err=0.004m T=22.22N z=2.497 m_est=2.261
[INFO] [1785423387.264548436] [acados_nmpc_node]: [attach-window] t=19.90s pos_err=0.004m T=22.21N z=2.497 m_est=2.261
[INFO] [1785423387.310922802] [acados_nmpc_node]: [attach-window] t=19.95s pos_err=0.004m T=22.19N z=2.497 m_est=2.261
[INFO] [1785423387.364595926] [acados_nmpc_node]: [attach-window] t=20.00s pos_err=0.004m T=22.18N z=2.497 m_est=2.262
[INFO] [1785423387.410874818] [acados_nmpc_node]: [attach-window] t=20.05s pos_err=0.004m T=22.15N z=2.498 m_est=2.262
[INFO] [1785423387.464689835] [acados_nmpc_node]: [attach-window] t=20.10s pos_err=0.004m T=22.14N z=2.498 m_est=2.262
[INFO] [1785423387.510742280] [acados_nmpc_node]: [attach-window] t=20.15s pos_err=0.004m T=22.13N z=2.499 m_est=2.262
[INFO] [1785423387.564883345] [acados_nmpc_node]: [attach-window] t=20.20s pos_err=0.004m T=22.12N z=2.499 m_est=2.262
[INFO] [1785423387.610944028] [acados_nmpc_node]: [attach-window] t=20.25s pos_err=0.004m T=22.12N z=2.500 m_est=2.262
[INFO] [1785423387.664791434] [acados_nmpc_node]: [attach-window] t=20.30s pos_err=0.004m T=22.11N z=2.500 m_est=2.262
[INFO] [1785423387.710874890] [acados_nmpc_node]: [attach-window] t=20.35s pos_err=0.005m T=22.10N z=2.501 m_est=2.262
[INFO] [1785423387.764693567] [acados_nmpc_node]: [attach-window] t=20.40s pos_err=0.005m T=22.09N z=2.502 m_est=2.261
[INFO] [1785423387.810924485] [acados_nmpc_node]: [attach-window] t=20.45s pos_err=0.006m T=22.08N z=2.503 m_est=2.261
[INFO] [1785423387.864748403] [acados_nmpc_node]: [attach-window] t=20.50s pos_err=0.006m T=22.08N z=2.504 m_est=2.261
[INFO] [1785423387.910868391] [acados_nmpc_node]: [attach-window] t=20.55s pos_err=0.006m T=22.08N z=2.505 m_est=2.261
[INFO] [1785423387.964777845] [acados_nmpc_node]: [attach-window] t=20.60s pos_err=0.006m T=22.07N z=2.505 m_est=2.261
[INFO] [1785423388.011006231] [acados_nmpc_node]: [attach-window] t=20.65s pos_err=0.007m T=22.07N z=2.507 m_est=2.261
[INFO] [1785423388.011496665] [acados_nmpc_node]: t=20.6s | pos_err=0.007m | T=22.07N | tau=[r-0.268 p0.001 y0.002]Nm | res_stat=3.075e-07(peak 9.974e-07) sqp_iter=2 | solve=1.3ms
[INFO] [1785423388.064795055] [acados_nmpc_node]: [attach-window] t=20.70s pos_err=0.007m T=22.07N z=2.507 m_est=2.261
[INFO] [1785423388.111096115] [acados_nmpc_node]: [attach-window] t=20.75s pos_err=0.008m T=22.07N z=2.508 m_est=2.261
[INFO] [1785423388.163044424] [acados_nmpc_node]: [attach-window] t=20.80s pos_err=0.009m T=22.08N z=2.508 m_est=2.260
[INFO] [1785423388.210688383] [acados_nmpc_node]: [attach-window] t=20.85s pos_err=0.010m T=22.10N z=2.508 m_est=2.260
[INFO] [1785423388.262890481] [acados_nmpc_node]: [attach-window] t=20.90s pos_err=0.011m T=22.10N z=2.508 m_est=2.260
[INFO] [1785423388.310389850] [acados_nmpc_node]: [attach-window] t=20.95s pos_err=0.013m T=22.11N z=2.509 m_est=2.260
[INFO] [1785423388.362910561] [acados_nmpc_node]: [attach-window] t=21.00s pos_err=0.013m T=22.11N z=2.509 m_est=2.260
[INFO] [1785423388.410360782] [acados_nmpc_node]: [attach-window] t=21.05s pos_err=0.015m T=22.13N z=2.509 m_est=2.260
[INFO] [1785423388.462863779] [acados_nmpc_node]: [attach-window] t=21.10s pos_err=0.016m T=22.13N z=2.509 m_est=2.260
[INFO] [1785423388.510444903] [acados_nmpc_node]: [attach-window] t=21.15s pos_err=0.017m T=22.15N z=2.508 m_est=2.260
[INFO] [1785423388.562827954] [acados_nmpc_node]: [attach-window] t=21.20s pos_err=0.017m T=22.15N z=2.508 m_est=2.260
[INFO] [1785423388.610361449] [acados_nmpc_node]: [attach-window] t=21.25s pos_err=0.018m T=22.15N z=2.508 m_est=2.260
[INFO] [1785423388.663143835] [acados_nmpc_node]: [attach-window] t=21.30s pos_err=0.018m T=22.15N z=2.508 m_est=2.259
[INFO] [1785423388.710495852] [acados_nmpc_node]: [attach-window] t=21.35s pos_err=0.018m T=22.15N z=2.508 m_est=2.259
[ros2run]: Killed
