[INFO] [1789060382.357079339] [mhe_node]: MHE node starting, building/loading solver... (geom_coupled=True, N=20, m_min=1.961, m_B=2.0643)
Code reuse possible, skipping code generation.
acados was compiled without OpenMP.
[INFO] [1789060382.363994472] [mhe_node]: [prior] geom_coupled=True → 载荷质量信息**完全不生效**(grip_payload_envelope=0.3 是死代码:coupled 档下 _payload_geometry 根本不被调用);模型只吃可测杆臂 r_p + 被估质量,m 的先验仅有 Q0 质量维=0.1 (σ=3.16kg,实质无先验)
[WARN] [1789060382.364484803] [mhe_node]: geom_release_mode='self':估计器不被告知 drop。⚠️ 2026-08-24 实测,**NMPC 侧也设成 'self' 会必然坠机**——drop 后控制器继续按幽灵偏心载荷配平,指令 0.424N·m(tau_max 的 85%)作用在空机 J_xx=0.0142 上 = 29.8 rad/s²,而 MHE 10Hz/2s 窗口要 1~2s 才纠得过来,飞机先翻。**正确组合 = MHE 'self' + NMPC 'event'**(控制器是发释放指令的一方,它知道不构成认知作弊)。
[INFO] [1789060382.366411328] [mhe_node]: [moment-ref] 物理上限由平台包线派生: 0.0390 kg·m = 0.30kg x 0.13m
[INFO] [1789060382.367055956] [mhe_node]: [c_xy_est] 质量域卸载判据已开:先武装(m_p>0.090kg),再判 m_p<0.03kg 持续 20 帧 -> 释放偏心估计
[INFO] [1789060382.367699729] [mhe_node]: [c_xy] 来源 = 一阶质量矩 s/m_T(窗口内估计,**无稳态门控**),替代窗外 EMA —— 机动中也会更新
[INFO] [1789060382.368817510] [mhe_node]: weight schedule theta = [-4.00, 0.00, 0.00, 0.00], signal mode = residual (residual self-trigger: thresh=4.4N persist=2 baseline_tau=3.0s)
[INFO] [1789060382.373099341] [mhe_node]: MHE node initialized! tau_source=command (roll/pitch NMPC意图值, yaw NMPC意图值), motor_window_avg=False, geom_release_mode=self. Waiting for odometry + control data...
[INFO] [1789060404.472785964] [mhe_node]: [no-signal] baseline settled at 20.00N (quiet 20 frames); detector armed
[INFO] [1789060404.473071815] [mhe_node]: arrival prior seeded: m=2.064 kg (m_nominal prior)
[INFO] [1789060404.473467605] [mhe_node]: [geom] model_geom_on=True (release_mode=self, truth_attached=False) mode=coupled(r_p) -> geom=[ 0.    0.   -0.47] dJ=0.0000 c_xy=[+0.0000,+0.0000] (dJ/c 为按当前 m_est 折算的诊断当量,模型内部随 m 实时生成)
[INFO] [1789060406.382456281] [mhe_node]: MHE mass estimate: 2.045 kg (T_phys=19.96N) | solve=4.7ms (max14.8)
[INFO] [1789060406.383004708] [mhe_node]: [truth] m_hat=2.0452 m_true=2.0643 err=-0.92% | c_hat=[+0.0000,+0.0000] c_true=[+0.0000,+0.0000] | Jxx_hat=0.01420 Jxx_true=0.01420 Jyz_hat=+0.00000 Jyz_true=+0.00000 | s_hat=[-0.0019,-0.0001] s_true=[+0.0000,+0.0000] kg·m
[INFO] [1789060406.383523155] [mhe_node]: [tau_phys] roll=+0.005 pitch=-0.042 Nm
[INFO] [1789060406.384110290] [mhe_node]: [mass-diag] m_est=2.0452 T=19.959N tilt=6.66deg cos=0.99324 | T/g=2.0345 T*cos/g=2.0208 | m_est-T*cos/g=+0.0244kg (+1.21%) vz=+0.101
[INFO] [1789060406.384692373] [mhe_node]: [c_xy_est] cx=-0.0007 cy=-0.0000 m
[INFO] [1789060408.379026381] [mhe_node]: MHE mass estimate: 2.061 kg (T_phys=20.25N) | solve=10.5ms (max18.0)
[INFO] [1789060408.379571487] [mhe_node]: [truth] m_hat=2.0613 m_true=2.0643 err=-0.15% | c_hat=[+0.0000,+0.0000] c_true=[+0.0000,+0.0000] | Jxx_hat=0.01420 Jxx_true=0.01420 Jyz_hat=+0.00000 Jyz_true=+0.00000 | s_hat=[-0.0010,+0.0001] s_true=[+0.0000,+0.0000] kg·m
[INFO] [1789060408.380155987] [mhe_node]: [tau_phys] roll=+0.001 pitch=+0.002 Nm
[INFO] [1789060408.380751513] [mhe_node]: [mass-diag] m_est=2.0613 T=20.252N tilt=2.24deg cos=0.99924 | T/g=2.0644 T*cos/g=2.0629 | m_est-T*cos/g=-0.0016kg (-0.08%) vz=+0.031
[INFO] [1789060408.381344055] [mhe_node]: [c_xy_est] cx=-0.0005 cy=+0.0001 m
[INFO] [1789060410.383179563] [mhe_node]: MHE mass estimate: 2.062 kg (T_phys=20.21N) | solve=7.0ms (max16.9)
[INFO] [1789060410.383719141] [mhe_node]: [truth] m_hat=2.0616 m_true=2.0643 err=-0.13% | c_hat=[+0.0000,+0.0000] c_true=[+0.0000,+0.0000] | Jxx_hat=0.01420 Jxx_true=0.01420 Jyz_hat=+0.00000 Jyz_true=+0.00000 | s_hat=[+0.0002,-0.0000] s_true=[+0.0000,+0.0000] kg·m
[INFO] [1789060410.384252635] [mhe_node]: [tau_phys] roll=+0.000 pitch=-0.003 Nm
[INFO] [1789060410.384845814] [mhe_node]: [mass-diag] m_est=2.0616 T=20.210N tilt=0.16deg cos=1.00000 | T/g=2.0601 T*cos/g=2.0601 | m_est-T*cos/g=+0.0015kg (+0.07%) vz=+0.019
[INFO] [1789060410.385429422] [mhe_node]: [c_xy_est] cx=+0.0001 cy=-0.0000 m
[INFO] [1789060412.272840353] [mhe_node]: [release-resid] STRONG 票: ΔT=-0.94N x4帧 (floor 0.9N)
[INFO] [1789060412.378349410] [mhe_node]: MHE mass estimate: 2.046 kg (T_phys=17.97N) | solve=5.2ms (max10.9)
[INFO] [1789060412.378890849] [mhe_node]: [truth] m_hat=2.0465 m_true=2.0643 err=-0.86% | c_hat=[+0.0000,+0.0000] c_true=[+0.0000,+0.0000] | Jxx_hat=0.01420 Jxx_true=0.01420 Jyz_hat=+0.00000 Jyz_true=+0.00000 | s_hat=[+0.0002,-0.0001] s_true=[+0.0000,+0.0000] kg·m
[INFO] [1789060412.379409618] [mhe_node]: [tau_phys] roll=-0.000 pitch=-0.003 Nm
[INFO] [1789060412.379992067] [mhe_node]: [mass-diag] m_est=2.0465 T=17.974N tilt=0.36deg cos=0.99998 | T/g=1.8323 T*cos/g=1.8322 | m_est-T*cos/g=+0.2143kg (+11.69%) vz=-0.446
[INFO] [1789060412.380575264] [mhe_node]: [c_xy_est] cx=+0.0001 cy=-0.0000 m
[INFO] [1789060414.377317671] [mhe_node]: MHE mass estimate: 2.055 kg (T_phys=20.40N) | solve=4.9ms (max9.3)
[INFO] [1789060414.377855390] [mhe_node]: [truth] m_hat=2.0551 m_true=2.0643 err=-0.45% | c_hat=[+0.0000,+0.0000] c_true=[+0.0000,+0.0000] | Jxx_hat=0.01420 Jxx_true=0.01420 Jyz_hat=+0.00000 Jyz_true=+0.00000 | s_hat=[+0.0001,+0.0000] s_true=[+0.0000,+0.0000] kg·m
[INFO] [1789060414.378371425] [mhe_node]: [tau_phys] roll=-0.006 pitch=+0.001 Nm
[INFO] [1789060414.378953534] [mhe_node]: [mass-diag] m_est=2.0551 T=20.405N tilt=0.25deg cos=0.99999 | T/g=2.0800 T*cos/g=2.0800 | m_est-T*cos/g=-0.0249kg (-1.20%) vz=-0.059
[INFO] [1789060414.379536307] [mhe_node]: [c_xy_est] cx=+0.0001 cy=+0.0000 m
[INFO] [1789060416.417055949] [mhe_node]: MHE mass estimate: 1.961 kg (T_phys=20.18N) | solve=16.8ms (max43.5)
[INFO] [1789060416.417598694] [mhe_node]: [truth] m_hat=1.9611 m_true=2.0643 err=-5.00% | c_hat=[+0.0000,+0.0000] c_true=[+0.0000,+0.0000] | Jxx_hat=0.01420 Jxx_true=0.01420 Jyz_hat=+0.00000 Jyz_true=+0.00000 | s_hat=[+0.0115,-0.0091] s_true=[+0.0000,+0.0000] kg·m
[INFO] [1789060416.418120743] [mhe_node]: [tau_phys] roll=+0.107 pitch=-0.273 Nm
[INFO] [1789060416.418707090] [mhe_node]: [mass-diag] m_est=1.9611 T=20.183N tilt=1.16deg cos=0.99979 | T/g=2.0574 T*cos/g=2.0569 | m_est-T*cos/g=-0.0958kg (-4.66%) vz=+0.006
[INFO] [1789060416.419293685] [mhe_node]: [c_xy_est] cx=+0.0049 cy=-0.0044 m
[WARN] [1789060417.044171769] [mhe_node]: MHE solve failed [status=2], skipping this window (streak 1)
[WARN] [1789060417.143324793] [mhe_node]: MHE solve failed [status=2], skipping this window (streak 2)
[WARN] [1789060417.244550779] [mhe_node]: MHE solve failed [status=2], skipping this window (streak 3)
[WARN] [1789060417.343733990] [mhe_node]: MHE solve failed [status=2], skipping this window (streak 4)
[WARN] [1789060417.443777881] [mhe_node]: MHE solve failed [status=2], skipping this window (streak 5)
[WARN] [1789060417.444103553] [mhe_node]: re-anchored arrival prior to current window after 5 consecutive failures (m seeded from thrust_phys: 1.961 -> 1.961 kg)
[WARN] [1789060417.544291950] [mhe_node]: MHE solve failed [status=2], skipping this window (streak 1)
[WARN] [1789060417.839092812] [mhe_node]: MHE solve failed [status=2], skipping this window (streak 1)
[WARN] [1789060417.939335525] [mhe_node]: MHE solve failed [status=2], skipping this window (streak 2)
[WARN] [1789060418.038603288] [mhe_node]: MHE solve failed [status=2], skipping this window (streak 3)
[WARN] [1789060418.143378728] [mhe_node]: MHE solve failed [status=2], skipping this window (streak 4)
[WARN] [1789060418.242906580] [mhe_node]: MHE solve failed [status=2], skipping this window (streak 5)
[WARN] [1789060418.243236097] [mhe_node]: re-anchored arrival prior to current window after 5 consecutive failures (m seeded from thrust_phys: 1.961 -> 1.961 kg)
[WARN] [1789060418.338893585] [mhe_node]: MHE solve failed [status=2], skipping this window (streak 1)
[WARN] [1789060418.439848451] [mhe_node]: MHE solve failed [status=2], skipping this window (streak 2)
[WARN] [1789060418.536474828] [mhe_node]: MHE solve failed [status=2], skipping this window (streak 3)
[INFO] [1789060419.799845976] [mhe_node]: MHE mass estimate: 2.053 kg (T_phys=24.86N) | solve=46.6ms (max70.3)
[INFO] [1789060419.800395915] [mhe_node]: [truth] m_hat=2.0526 m_true=2.0643 err=-0.57% | c_hat=[+0.0000,+0.0000] c_true=[+0.0000,+0.0000] | Jxx_hat=0.01420 Jxx_true=0.01420 Jyz_hat=+0.00000 Jyz_true=+0.00000 | s_hat=[+0.0002,-0.0085] s_true=[+0.0000,+0.0000] kg·m
[INFO] [1789060419.800921732] [mhe_node]: [tau_phys] roll=-0.256 pitch=+0.146 Nm
[INFO] [1789060419.801513745] [mhe_node]: [mass-diag] m_est=2.0526 T=24.860N tilt=0.25deg cos=0.99999 | T/g=2.5341 T*cos/g=2.5341 | m_est-T*cos/g=-0.4815kg (-19.00%) vz=+0.465
[INFO] [1789060419.802098344] [mhe_node]: [c_xy_est] cx=+0.0005 cy=-0.0034 m
[INFO] [1789060421.783179674] [mhe_node]: MHE mass estimate: 2.348 kg (T_phys=22.41N) | solve=11.8ms (max21.7)
[INFO] [1789060421.783738347] [mhe_node]: [truth] m_hat=2.3484 m_true=2.0643 err=+13.76% | c_hat=[+0.0000,+0.0000] c_true=[+0.0000,+0.0000] | Jxx_hat=0.01420 Jxx_true=0.01420 Jyz_hat=+0.00000 Jyz_true=+0.00000 | s_hat=[-0.0025,-0.0187] s_true=[+0.0000,+0.0000] kg·m
[INFO] [1789060421.784258809] [mhe_node]: [tau_phys] roll=-0.211 pitch=+1.219 Nm
[INFO] [1789060421.784841634] [mhe_node]: [mass-diag] m_est=2.3484 T=22.411N tilt=1.16deg cos=0.99979 | T/g=2.2845 T*cos/g=2.2840 | m_est-T*cos/g=+0.0644kg (+2.82%) vz=+1.182
[INFO] [1789060421.785424323] [mhe_node]: [c_xy_est] cx=-0.0008 cy=-0.0080 m
[INFO] [1789060421.972664830] [mhe_node]: [payload-state] EMPTY->LOADED (sustained m_p evidence, m_p=+0.276kg)
[INFO] [1789060422.072813712] [mhe_node]: [s-collapse] moment 基准未就绪(窗口 1/20, 越界剔除 0) — 暂不判决
[INFO] [1789060423.072843864] [mhe_node]: [s-collapse] moment 基准未就绪(窗口 0/20, 越界剔除 0) — 暂不判决
[INFO] [1789060423.790360238] [mhe_node]: MHE mass estimate: 2.323 kg (T_phys=21.99N) | solve=13.5ms (max21.2)
[INFO] [1789060423.790925509] [mhe_node]: [truth] m_hat=2.3226 m_true=2.0643 err=+12.51% | c_hat=[+0.0000,+0.0000] c_true=[+0.0000,+0.0000] | Jxx_hat=0.01420 Jxx_true=0.01420 Jyz_hat=+0.00000 Jyz_true=+0.00000 | s_hat=[+0.0017,-0.0168] s_true=[+0.0000,+0.0000] kg·m
[INFO] [1789060423.791451621] [mhe_node]: [tau_phys] roll=-0.198 pitch=+1.074 Nm
[INFO] [1789060423.792040692] [mhe_node]: [mass-diag] m_est=2.3226 T=21.989N tilt=0.18deg cos=0.99999 | T/g=2.2415 T*cos/g=2.2415 | m_est-T*cos/g=+0.0811kg (+3.62%) vz=+0.949
[INFO] [1789060423.792625897] [mhe_node]: [c_xy_est] cx=-0.0011 cy=-0.0080 m
[INFO] [1789060423.872706996] [mhe_node]: [c_xy_est] 质量域判据已武装(m_p=0.258kg 连续20帧高于水位)
[INFO] [1789060424.072830858] [mhe_node]: [s-collapse] moment 基准未就绪(窗口 0/20, 越界剔除 0) — 暂不判决
[INFO] [1789060425.072851973] [mhe_node]: [s-collapse] moment 基准未就绪(窗口 0/20, 越界剔除 0) — 暂不判决
[INFO] [1789060425.787129478] [mhe_node]: MHE mass estimate: 2.307 kg (T_phys=21.98N) | solve=13.7ms (max19.0)
[INFO] [1789060425.787693009] [mhe_node]: [truth] m_hat=2.3066 m_true=2.0643 err=+11.74% | c_hat=[+0.0000,+0.0000] c_true=[+0.0000,+0.0000] | Jxx_hat=0.01420 Jxx_true=0.01420 Jyz_hat=+0.00000 Jyz_true=+0.00000 | s_hat=[-0.0003,-0.0171] s_true=[+0.0000,+0.0000] kg·m
[INFO] [1789060425.788217243] [mhe_node]: [tau_phys] roll=-0.191 pitch=-1.154 Nm
[INFO] [1789060425.788803935] [mhe_node]: [mass-diag] m_est=2.3066 T=21.977N tilt=1.47deg cos=0.99967 | T/g=2.2403 T*cos/g=2.2395 | m_est-T*cos/g=+0.0671kg (+3.00%) vz=+0.187
[INFO] [1789060425.789392684] [mhe_node]: [c_xy_est] cx=-0.0011 cy=-0.0080 m
[INFO] [1789060426.072817526] [mhe_node]: [s-collapse] moment 基准未就绪(窗口 1/20, 越界剔除 0) — 暂不判决
[INFO] [1789060427.072803292] [mhe_node]: [s-collapse] moment 基准未就绪(窗口 0/20, 越界剔除 0) — 暂不判决
[INFO] [1789060427.789292194] [mhe_node]: MHE mass estimate: 2.295 kg (T_phys=22.14N) | solve=15.0ms (max28.0)
[INFO] [1789060427.789860291] [mhe_node]: [truth] m_hat=2.2945 m_true=2.0643 err=+11.15% | c_hat=[+0.0000,+0.0000] c_true=[+0.0000,+0.0000] | Jxx_hat=0.01420 Jxx_true=0.01420 Jyz_hat=+0.00000 Jyz_true=+0.00000 | s_hat=[-0.0024,-0.0169] s_true=[+0.0000,+0.0000] kg·m
[INFO] [1789060427.790376953] [mhe_node]: [tau_phys] roll=-0.203 pitch=-0.133 Nm
[INFO] [1789060427.790956777] [mhe_node]: [mass-diag] m_est=2.2945 T=22.140N tilt=0.86deg cos=0.99989 | T/g=2.2568 T*cos/g=2.2566 | m_est-T*cos/g=+0.0379kg (+1.68%) vz=-0.025
[INFO] [1789060427.791536266] [mhe_node]: [c_xy_est] cx=-0.0011 cy=-0.0080 m
[INFO] [1789060428.072793239] [mhe_node]: [s-collapse] moment 基准未就绪(窗口 0/20, 越界剔除 0) — 暂不判决
[INFO] [1789060429.072815152] [mhe_node]: [s-collapse] moment 基准未就绪(窗口 1/20, 越界剔除 0) — 暂不判决
[INFO] [1789060429.797308436] [mhe_node]: MHE mass estimate: 2.299 kg (T_phys=22.64N) | solve=14.6ms (max23.6)
[INFO] [1789060429.797879903] [mhe_node]: [truth] m_hat=2.2989 m_true=2.0643 err=+11.36% | c_hat=[+0.0000,+0.0000] c_true=[+0.0000,+0.0000] | Jxx_hat=0.01420 Jxx_true=0.01420 Jyz_hat=+0.00000 Jyz_true=+0.00000 | s_hat=[-0.0015,-0.0169] s_true=[+0.0000,+0.0000] kg·m
[INFO] [1789060429.798404203] [mhe_node]: [tau_phys] roll=-0.207 pitch=+1.055 Nm
[INFO] [1789060429.798990849] [mhe_node]: [mass-diag] m_est=2.2989 T=22.637N tilt=0.24deg cos=0.99999 | T/g=2.3075 T*cos/g=2.3075 | m_est-T*cos/g=-0.0086kg (-0.37%) vz=-0.023
[INFO] [1789060429.799579174] [mhe_node]: [c_xy_est] cx=-0.0011 cy=-0.0080 m
[INFO] [1789060430.072812793] [mhe_node]: [s-collapse] moment 基准未就绪(窗口 0/20, 越界剔除 0) — 暂不判决
[INFO] [1789060431.072828445] [mhe_node]: [s-collapse] moment 基准未就绪(窗口 0/20, 越界剔除 0) — 暂不判决
[INFO] [1789060431.792386332] [mhe_node]: MHE mass estimate: 2.307 kg (T_phys=23.15N) | solve=14.6ms (max21.5)
[INFO] [1789060431.792950861] [mhe_node]: [truth] m_hat=2.3069 m_true=2.0643 err=+11.75% | c_hat=[+0.0000,+0.0000] c_true=[+0.0000,+0.0000] | Jxx_hat=0.01420 Jxx_true=0.01420 Jyz_hat=+0.00000 Jyz_true=+0.00000 | s_hat=[-0.0065,-0.0169] s_true=[+0.0000,+0.0000] kg·m
[INFO] [1789060431.793468493] [mhe_node]: [tau_phys] roll=-0.101 pitch=-1.310 Nm
[INFO] [1789060431.794052930] [mhe_node]: [mass-diag] m_est=2.3069 T=23.152N tilt=2.60deg cos=0.99897 | T/g=2.3601 T*cos/g=2.3577 | m_est-T*cos/g=-0.0508kg (-2.15%) vz=-0.009
[INFO] [1789060431.794637121] [mhe_node]: [c_xy_est] cx=-0.0011 cy=-0.0080 m
[INFO] [1789060432.072812310] [mhe_node]: [s-collapse] moment 基准未就绪(窗口 0/20, 越界剔除 0) — 暂不判决
[INFO] [1789060433.072928351] [mhe_node]: [s-collapse] moment 基准未就绪(窗口 0/20, 越界剔除 0) — 暂不判决
[INFO] [1789060433.785956143] [mhe_node]: MHE mass estimate: 2.321 kg (T_phys=22.84N) | solve=14.5ms (max21.1)
[INFO] [1789060433.786529118] [mhe_node]: [truth] m_hat=2.3209 m_true=2.0643 err=+12.43% | c_hat=[+0.0000,+0.0000] c_true=[+0.0000,+0.0000] | Jxx_hat=0.01420 Jxx_true=0.01420 Jyz_hat=+0.00000 Jyz_true=+0.00000 | s_hat=[-0.0060,-0.0166] s_true=[+0.0000,+0.0000] kg·m
[INFO] [1789060433.787055325] [mhe_node]: [tau_phys] roll=-0.241 pitch=+1.212 Nm
[INFO] [1789060433.787645322] [mhe_node]: [mass-diag] m_est=2.3209 T=22.839N tilt=5.31deg cos=0.99571 | T/g=2.3281 T*cos/g=2.3181 | m_est-T*cos/g=+0.0028kg (+0.12%) vz=+0.138
[INFO] [1789060433.788229265] [mhe_node]: [c_xy_est] cx=-0.0011 cy=-0.0080 m
[INFO] [1789060434.073024420] [mhe_node]: [s-collapse] moment 基准未就绪(窗口 0/20, 越界剔除 0) — 暂不判决
[INFO] [1789060435.072802210] [mhe_node]: [s-collapse] moment 基准未就绪(窗口 0/20, 越界剔除 0) — 暂不判决
[INFO] [1789060435.791511888] [mhe_node]: MHE mass estimate: 2.307 kg (T_phys=22.92N) | solve=13.1ms (max28.2)
[INFO] [1789060435.792202535] [mhe_node]: [truth] m_hat=2.3066 m_true=2.0643 err=+11.74% | c_hat=[+0.0000,+0.0000] c_true=[+0.0000,+0.0000] | Jxx_hat=0.01420 Jxx_true=0.01420 Jyz_hat=+0.00000 Jyz_true=+0.00000 | s_hat=[-0.0111,-0.0153] s_true=[+0.0000,+0.0000] kg·m
[INFO] [1789060435.792732477] [mhe_node]: [tau_phys] roll=-0.175 pitch=-1.022 Nm
[INFO] [1789060435.793327087] [mhe_node]: [mass-diag] m_est=2.3066 T=22.924N tilt=8.44deg cos=0.98917 | T/g=2.3368 T*cos/g=2.3115 | m_est-T*cos/g=-0.0049kg (-0.21%) vz=+0.184
[INFO] [1789060435.793910277] [mhe_node]: [c_xy_est] cx=-0.0011 cy=-0.0080 m
[INFO] [1789060436.072856980] [mhe_node]: [s-collapse] moment 基准未就绪(窗口 0/20, 越界剔除 0) — 暂不判决
[INFO] [1789060437.072800185] [mhe_node]: [s-collapse] moment 基准未就绪(窗口 0/20, 越界剔除 0) — 暂不判决
[INFO] [1789060437.786239410] [mhe_node]: MHE mass estimate: 2.309 kg (T_phys=22.53N) | solve=13.5ms (max19.8)
[INFO] [1789060437.786796892] [mhe_node]: [truth] m_hat=2.3089 m_true=2.0643 err=+11.85% | c_hat=[+0.0000,+0.0000] c_true=[+0.0000,+0.0000] | Jxx_hat=0.01420 Jxx_true=0.01420 Jyz_hat=+0.00000 Jyz_true=+0.00000 | s_hat=[-0.0255,-0.0158] s_true=[+0.0000,+0.0000] kg·m
[INFO] [1789060437.787320001] [mhe_node]: [tau_phys] roll=-0.269 pitch=+0.402 Nm
[INFO] [1789060437.787904099] [mhe_node]: [mass-diag] m_est=2.3089 T=22.532N tilt=8.78deg cos=0.98828 | T/g=2.2969 T*cos/g=2.2700 | m_est-T*cos/g=+0.0390kg (+1.72%) vz=+0.027
[INFO] [1789060437.788487634] [mhe_node]: [c_xy_est] cx=-0.0011 cy=-0.0080 m
[INFO] [1789060438.072805290] [mhe_node]: [s-collapse] moment 基准未就绪(窗口 0/20, 越界剔除 0) — 暂不判决
[INFO] [1789060439.072815858] [mhe_node]: [s-collapse] moment 基准未就绪(窗口 0/20, 越界剔除 0) — 暂不判决
[INFO] [1789060439.790951298] [mhe_node]: MHE mass estimate: 2.310 kg (T_phys=21.73N) | solve=14.2ms (max18.7)
[INFO] [1789060439.791517972] [mhe_node]: [truth] m_hat=2.3103 m_true=2.0643 err=+11.92% | c_hat=[+0.0000,+0.0000] c_true=[+0.0000,+0.0000] | Jxx_hat=0.01420 Jxx_true=0.01420 Jyz_hat=+0.00000 Jyz_true=+0.00000 | s_hat=[-0.0114,-0.0142] s_true=[+0.0000,+0.0000] kg·m
[INFO] [1789060439.792037419] [mhe_node]: [tau_phys] roll=-0.376 pitch=+1.081 Nm
[INFO] [1789060439.792623829] [mhe_node]: [mass-diag] m_est=2.3103 T=21.732N tilt=11.60deg cos=0.97956 | T/g=2.2153 T*cos/g=2.1700 | m_est-T*cos/g=+0.1403kg (+6.46%) vz=-0.139
[INFO] [1789060439.793204793] [mhe_node]: [c_xy_est] cx=-0.0011 cy=-0.0080 m
[INFO] [1789060440.072960820] [mhe_node]: [s-collapse] moment 基准未就绪(窗口 0/20, 越界剔除 0) — 暂不判决
[WARN] [1789060441.072842218] [mhe_node]: [s-collapse] |s|=0.04037 > 物理上限 0.039 — 动态失真,不参与 moment 投票(本轮累计 1 帧)
[INFO] [1789060441.782162165] [mhe_node]: MHE mass estimate: 2.313 kg (T_phys=22.98N) | solve=12.8ms (max23.9)
[INFO] [1789060441.782728987] [mhe_node]: [truth] m_hat=2.3133 m_true=2.0643 err=+12.06% | c_hat=[+0.0000,+0.0000] c_true=[+0.0000,+0.0000] | Jxx_hat=0.01420 Jxx_true=0.01420 Jyz_hat=+0.00000 Jyz_true=+0.00000 | s_hat=[-0.0399,-0.0186] s_true=[+0.0000,+0.0000] kg·m
[INFO] [1789060441.783252703] [mhe_node]: [tau_phys] roll=-0.157 pitch=+0.475 Nm
[INFO] [1789060441.783837001] [mhe_node]: [mass-diag] m_est=2.3133 T=22.980N tilt=4.44deg cos=0.99700 | T/g=2.3426 T*cos/g=2.3355 | m_est-T*cos/g=-0.0223kg (-0.95%) vz=-0.265
[INFO] [1789060441.784420117] [mhe_node]: [c_xy_est] cx=-0.0011 cy=-0.0080 m
[WARN] [1789060442.072801855] [mhe_node]: [s-collapse] |s|=0.04358 > 物理上限 0.039 — 动态失真,不参与 moment 投票(本轮累计 11 帧)
[WARN] [1789060443.072802719] [mhe_node]: [s-collapse] |s|=0.03983 > 物理上限 0.039 — 动态失真,不参与 moment 投票(本轮累计 21 帧)
[INFO] [1789060443.781846996] [mhe_node]: MHE mass estimate: 2.328 kg (T_phys=23.29N) | solve=8.4ms (max14.7)
[INFO] [1789060443.782414364] [mhe_node]: [truth] m_hat=2.3280 m_true=2.0643 err=+12.77% | c_hat=[+0.0000,+0.0000] c_true=[+0.0000,+0.0000] | Jxx_hat=0.01420 Jxx_true=0.01420 Jyz_hat=+0.00000 Jyz_true=+0.00000 | s_hat=[-0.0301,-0.0182] s_true=[+0.0000,+0.0000] kg·m
[INFO] [1789060443.782930918] [mhe_node]: [tau_phys] roll=-0.132 pitch=-0.329 Nm
[INFO] [1789060443.783513666] [mhe_node]: [mass-diag] m_est=2.3280 T=23.286N tilt=6.11deg cos=0.99433 | T/g=2.3738 T*cos/g=2.3603 | m_est-T*cos/g=-0.0323kg (-1.37%) vz=-0.223
[INFO] [1789060443.784098712] [mhe_node]: [c_xy_est] cx=-0.0011 cy=-0.0080 m
[INFO] [1789060444.072853932] [mhe_node]: [s-collapse] moment 基准未就绪(窗口 0/20, 越界剔除 23) — 暂不判决
[INFO] [1789060445.072796683] [mhe_node]: [s-collapse] moment 基准未就绪(窗口 0/20, 越界剔除 23) — 暂不判决
[INFO] [1789060445.786050036] [mhe_node]: MHE mass estimate: 2.311 kg (T_phys=22.84N) | solve=9.9ms (max14.9)
[INFO] [1789060445.786624677] [mhe_node]: [truth] m_hat=2.3106 m_true=2.0643 err=+11.93% | c_hat=[+0.0000,+0.0000] c_true=[+0.0000,+0.0000] | Jxx_hat=0.01420 Jxx_true=0.01420 Jyz_hat=+0.00000 Jyz_true=+0.00000 | s_hat=[-0.0216,-0.0187] s_true=[+0.0000,+0.0000] kg·m
[INFO] [1789060445.787148420] [mhe_node]: [tau_phys] roll=-0.170 pitch=+0.694 Nm
[INFO] [1789060445.787736807] [mhe_node]: [mass-diag] m_est=2.3106 T=22.844N tilt=9.59deg cos=0.98602 | T/g=2.3286 T*cos/g=2.2961 | m_est-T*cos/g=+0.0145kg (+0.63%) vz=-0.125
[INFO] [1789060445.788326222] [mhe_node]: [c_xy_est] cx=-0.0011 cy=-0.0080 m
[INFO] [1789060446.072804141] [mhe_node]: [s-collapse] moment 基准未就绪(窗口 0/20, 越界剔除 23) — 暂不判决
[INFO] [1789060447.072882163] [mhe_node]: [s-collapse] moment 基准未就绪(窗口 0/20, 越界剔除 23) — 暂不判决
[INFO] [1789060447.788094673] [mhe_node]: MHE mass estimate: 2.305 kg (T_phys=22.82N) | solve=12.6ms (max19.0)
[INFO] [1789060447.788668439] [mhe_node]: [truth] m_hat=2.3053 m_true=2.0643 err=+11.67% | c_hat=[+0.0000,+0.0000] c_true=[+0.0000,+0.0000] | Jxx_hat=0.01420 Jxx_true=0.01420 Jyz_hat=+0.00000 Jyz_true=+0.00000 | s_hat=[-0.0265,-0.0188] s_true=[+0.0000,+0.0000] kg·m
[INFO] [1789060447.789183189] [mhe_node]: [tau_phys] roll=-0.255 pitch=+0.873 Nm
[INFO] [1789060447.789773046] [mhe_node]: [mass-diag] m_est=2.3053 T=22.825N tilt=4.80deg cos=0.99649 | T/g=2.3267 T*cos/g=2.3185 | m_est-T*cos/g=-0.0132kg (-0.57%) vz=-0.008
[INFO] [1789060447.790358922] [mhe_node]: [c_xy_est] cx=-0.0011 cy=-0.0080 m
[INFO] [1789060448.072813056] [mhe_node]: [s-collapse] moment 基准未就绪(窗口 0/20, 越界剔除 23) — 暂不判决
[INFO] [1789060449.072828280] [mhe_node]: [s-collapse] moment 基准未就绪(窗口 0/20, 越界剔除 23) — 暂不判决
[INFO] [1789060449.784788608] [mhe_node]: MHE mass estimate: 2.307 kg (T_phys=23.46N) | solve=10.1ms (max15.5)
[INFO] [1789060449.785362316] [mhe_node]: [truth] m_hat=2.3066 m_true=2.0643 err=+11.74% | c_hat=[+0.0000,+0.0000] c_true=[+0.0000,+0.0000] | Jxx_hat=0.01420 Jxx_true=0.01420 Jyz_hat=+0.00000 Jyz_true=+0.00000 | s_hat=[-0.0175,-0.0162] s_true=[+0.0000,+0.0000] kg·m
[INFO] [1789060449.785884985] [mhe_node]: [tau_phys] roll=-0.167 pitch=+0.215 Nm
[INFO] [1789060449.786478036] [mhe_node]: [mass-diag] m_est=2.3066 T=23.462N tilt=9.08deg cos=0.98748 | T/g=2.3916 T*cos/g=2.3617 | m_est-T*cos/g=-0.0551kg (-2.33%) vz=+0.141
[INFO] [1789060449.787058255] [mhe_node]: [c_xy_est] cx=-0.0011 cy=-0.0080 m
[INFO] [1789060450.072799503] [mhe_node]: [s-collapse] moment 基准未就绪(窗口 0/20, 越界剔除 23) — 暂不判决
[INFO] [1789060451.072816647] [mhe_node]: [s-collapse] moment 基准未就绪(窗口 0/20, 越界剔除 23) — 暂不判决
[INFO] [1789060451.781742549] [mhe_node]: MHE mass estimate: 2.329 kg (T_phys=22.84N) | solve=11.5ms (max16.4)
[INFO] [1789060451.782309087] [mhe_node]: [truth] m_hat=2.3286 m_true=2.0643 err=+12.80% | c_hat=[+0.0000,+0.0000] c_true=[+0.0000,+0.0000] | Jxx_hat=0.01420 Jxx_true=0.01420 Jyz_hat=+0.00000 Jyz_true=+0.00000 | s_hat=[-0.0337,-0.0212] s_true=[+0.0000,+0.0000] kg·m
[INFO] [1789060451.782826984] [mhe_node]: [tau_phys] roll=-0.150 pitch=+0.582 Nm
[INFO] [1789060451.783407754] [mhe_node]: [mass-diag] m_est=2.3286 T=22.835N tilt=8.01deg cos=0.99026 | T/g=2.3278 T*cos/g=2.3051 | m_est-T*cos/g=+0.0235kg (+1.02%) vz=+0.233
[INFO] [1789060451.783989588] [mhe_node]: [c_xy_est] cx=-0.0011 cy=-0.0080 m
[WARN] [1789060452.072814495] [mhe_node]: [s-collapse] |s|=0.04009 > 物理上限 0.039 — 动态失真,不参与 moment 投票(本轮累计 29 帧)
[WARN] [1789060453.072837171] [mhe_node]: [s-collapse] |s|=0.04428 > 物理上限 0.039 — 动态失真,不参与 moment 投票(本轮累计 39 帧)
[INFO] [1789060453.777094128] [mhe_node]: MHE mass estimate: 2.318 kg (T_phys=22.92N) | solve=9.3ms (max15.7)
[INFO] [1789060453.777583503] [mhe_node]: [truth] m_hat=2.3178 m_true=2.0643 err=+12.28% | c_hat=[+0.0000,+0.0000] c_true=[+0.0000,+0.0000] | Jxx_hat=0.01420 Jxx_true=0.01420 Jyz_hat=+0.00000 Jyz_true=+0.00000 | s_hat=[-0.0389,-0.0194] s_true=[+0.0000,+0.0000] kg·m
[INFO] [1789060453.777947842] [mhe_node]: [tau_phys] roll=-0.190 pitch=+0.233 Nm
[INFO] [1789060453.778360261] [mhe_node]: [mass-diag] m_est=2.3178 T=22.921N tilt=1.46deg cos=0.99967 | T/g=2.3365 T*cos/g=2.3358 | m_est-T*cos/g=-0.0179kg (-0.77%) vz=+0.211
[INFO] [1789060453.778763876] [mhe_node]: [c_xy_est] cx=-0.0011 cy=-0.0080 m
[WARN] [1789060454.072812815] [mhe_node]: [s-collapse] |s|=0.04282 > 物理上限 0.039 — 动态失真,不参与 moment 投票(本轮累计 49 帧)
[WARN] [1789060455.072872615] [mhe_node]: [s-collapse] |s|=0.04234 > 物理上限 0.039 — 动态失真,不参与 moment 投票(本轮累计 59 帧)
[INFO] [1789060455.780981402] [mhe_node]: MHE mass estimate: 2.332 kg (T_phys=23.24N) | solve=8.3ms (max13.9)
[INFO] [1789060455.781556129] [mhe_node]: [truth] m_hat=2.3317 m_true=2.0643 err=+12.95% | c_hat=[+0.0000,+0.0000] c_true=[+0.0000,+0.0000] | Jxx_hat=0.01420 Jxx_true=0.01420 Jyz_hat=+0.00000 Jyz_true=+0.00000 | s_hat=[-0.0312,-0.0186] s_true=[+0.0000,+0.0000] kg·m
[INFO] [1789060455.782076098] [mhe_node]: [tau_phys] roll=-0.104 pitch=+0.411 Nm
[INFO] [1789060455.782672326] [mhe_node]: [mass-diag] m_est=2.3317 T=23.239N tilt=9.03deg cos=0.98760 | T/g=2.3689 T*cos/g=2.3395 | m_est-T*cos/g=-0.0078kg (-0.33%) vz=+0.179
[INFO] [1789060455.783259406] [mhe_node]: [c_xy_est] cx=-0.0011 cy=-0.0080 m
[INFO] [1789060456.072842323] [mhe_node]: [s-collapse] moment 基准未就绪(窗口 0/20, 越界剔除 62) — 暂不判决
[INFO] [1789060457.072837317] [mhe_node]: [s-collapse] moment 基准未就绪(窗口 0/20, 越界剔除 62) — 暂不判决
[INFO] [1789060457.780848466] [mhe_node]: MHE mass estimate: 2.333 kg (T_phys=22.47N) | solve=10.1ms (max15.8)
[INFO] [1789060457.781412321] [mhe_node]: [truth] m_hat=2.3330 m_true=2.0643 err=+13.02% | c_hat=[+0.0000,+0.0000] c_true=[+0.0000,+0.0000] | Jxx_hat=0.01420 Jxx_true=0.01420 Jyz_hat=+0.00000 Jyz_true=+0.00000 | s_hat=[-0.0337,-0.0157] s_true=[+0.0000,+0.0000] kg·m
[INFO] [1789060457.781928528] [mhe_node]: [tau_phys] roll=-0.179 pitch=+0.633 Nm
[INFO] [1789060457.782512316] [mhe_node]: [mass-diag] m_est=2.3330 T=22.469N tilt=7.65deg cos=0.99111 | T/g=2.2904 T*cos/g=2.2700 | m_est-T*cos/g=+0.0630kg (+2.77%) vz=+0.093
[INFO] [1789060457.783089680] [mhe_node]: [c_xy_est] cx=-0.0011 cy=-0.0080 m
[INFO] [1789060458.072897970] [mhe_node]: [s-collapse] moment 基准未就绪(窗口 0/20, 越界剔除 62) — 暂不判决
[INFO] [1789060459.072800968] [mhe_node]: [s-collapse] moment 基准未就绪(窗口 0/20, 越界剔除 64) — 暂不判决
[INFO] [1789060459.783029353] [mhe_node]: MHE mass estimate: 2.322 kg (T_phys=22.92N) | solve=8.4ms (max15.9)
[INFO] [1789060459.783593700] [mhe_node]: [truth] m_hat=2.3219 m_true=2.0643 err=+12.48% | c_hat=[+0.0000,+0.0000] c_true=[+0.0000,+0.0000] | Jxx_hat=0.01420 Jxx_true=0.01420 Jyz_hat=+0.00000 Jyz_true=+0.00000 | s_hat=[-0.0352,-0.0166] s_true=[+0.0000,+0.0000] kg·m
[INFO] [1789060459.784108216] [mhe_node]: [tau_phys] roll=-0.128 pitch=-0.084 Nm
[INFO] [1789060459.784692382] [mhe_node]: [mass-diag] m_est=2.3219 T=22.920N tilt=5.73deg cos=0.99500 | T/g=2.3364 T*cos/g=2.3247 | m_est-T*cos/g=-0.0028kg (-0.12%) vz=-0.075
[INFO] [1789060459.785272934] [mhe_node]: [c_xy_est] cx=-0.0011 cy=-0.0080 m
[INFO] [1789060460.072816898] [mhe_node]: [s-collapse] moment 基准未就绪(窗口 0/20, 越界剔除 68) — 暂不判决
[INFO] [1789060461.072843493] [mhe_node]: [s-collapse] moment 基准未就绪(窗口 0/20, 越界剔除 68) — 暂不判决
[INFO] [1789060461.788476859] [mhe_node]: MHE mass estimate: 2.315 kg (T_phys=22.81N) | solve=11.2ms (max19.2)
[INFO] [1789060461.789039118] [mhe_node]: [truth] m_hat=2.3151 m_true=2.0643 err=+12.15% | c_hat=[+0.0000,+0.0000] c_true=[+0.0000,+0.0000] | Jxx_hat=0.01420 Jxx_true=0.01420 Jyz_hat=+0.00000 Jyz_true=+0.00000 | s_hat=[-0.0222,-0.0141] s_true=[+0.0000,+0.0000] kg·m
[INFO] [1789060461.789560796] [mhe_node]: [tau_phys] roll=-0.127 pitch=+0.574 Nm
[INFO] [1789060461.790143160] [mhe_node]: [mass-diag] m_est=2.3151 T=22.813N tilt=10.17deg cos=0.98429 | T/g=2.3255 T*cos/g=2.2889 | m_est-T*cos/g=+0.0262kg (+1.14%) vz=-0.147
[INFO] [1789060461.790719897] [mhe_node]: [c_xy_est] cx=-0.0011 cy=-0.0080 m
[INFO] [1789060462.073070528] [mhe_node]: [s-collapse] moment 基准未就绪(窗口 0/20, 越界剔除 68) — 暂不判决
[INFO] [1789060463.072799247] [mhe_node]: [s-collapse] moment 基准未就绪(窗口 0/20, 越界剔除 68) — 暂不判决
[INFO] [1789060463.787070935] [mhe_node]: MHE mass estimate: 2.294 kg (T_phys=22.65N) | solve=10.7ms (max18.0)
[INFO] [1789060463.787632681] [mhe_node]: [truth] m_hat=2.2945 m_true=2.0643 err=+11.15% | c_hat=[+0.0000,+0.0000] c_true=[+0.0000,+0.0000] | Jxx_hat=0.01420 Jxx_true=0.01420 Jyz_hat=+0.00000 Jyz_true=+0.00000 | s_hat=[-0.0371,-0.0175] s_true=[+0.0000,+0.0000] kg·m
[INFO] [1789060463.788154007] [mhe_node]: [tau_phys] roll=-0.187 pitch=+0.661 Nm
[INFO] [1789060463.788736968] [mhe_node]: [mass-diag] m_est=2.2945 T=22.653N tilt=5.47deg cos=0.99544 | T/g=2.3092 T*cos/g=2.2987 | m_est-T*cos/g=-0.0042kg (-0.18%) vz=-0.226
[INFO] [1789060463.789319977] [mhe_node]: [c_xy_est] cx=-0.0011 cy=-0.0080 m
[WARN] [1789060464.072861726] [mhe_node]: [s-collapse] |s|=0.04243 > 物理上限 0.039 — 动态失真,不参与 moment 投票(本轮累计 73 帧)
[WARN] [1789060465.072826693] [mhe_node]: [s-collapse] |s|=0.05034 > 物理上限 0.039 — 动态失真,不参与 moment 投票(本轮累计 83 帧)
[INFO] [1789060465.795426702] [mhe_node]: MHE mass estimate: 2.292 kg (T_phys=23.16N) | solve=11.8ms (max21.8)
[INFO] [1789060465.795989890] [mhe_node]: [truth] m_hat=2.2915 m_true=2.0643 err=+11.01% | c_hat=[+0.0000,+0.0000] c_true=[+0.0000,+0.0000] | Jxx_hat=0.01420 Jxx_true=0.01420 Jyz_hat=+0.00000 Jyz_true=+0.00000 | s_hat=[-0.0303,-0.0186] s_true=[+0.0000,+0.0000] kg·m
[INFO] [1789060465.796519662] [mhe_node]: [tau_phys] roll=-0.220 pitch=+0.392 Nm
[INFO] [1789060465.797100629] [mhe_node]: [mass-diag] m_est=2.2915 T=23.156N tilt=4.64deg cos=0.99672 | T/g=2.3605 T*cos/g=2.3527 | m_est-T*cos/g=-0.0612kg (-2.60%) vz=-0.217
[INFO] [1789060465.797679809] [mhe_node]: [c_xy_est] cx=-0.0011 cy=-0.0080 m
[INFO] [1789060466.072808922] [mhe_node]: [s-collapse] moment 基准未就绪(窗口 0/20, 越界剔除 89) — 暂不判决
[INFO] [1789060467.072806533] [mhe_node]: [s-collapse] moment 基准未就绪(窗口 0/20, 越界剔除 89) — 暂不判决
[INFO] [1789060467.780313310] [mhe_node]: MHE mass estimate: 2.312 kg (T_phys=23.03N) | solve=10.9ms (max18.1)
[INFO] [1789060467.780721744] [mhe_node]: [truth] m_hat=2.3120 m_true=2.0643 err=+12.00% | c_hat=[+0.0000,+0.0000] c_true=[+0.0000,+0.0000] | Jxx_hat=0.01420 Jxx_true=0.01420 Jyz_hat=+0.00000 Jyz_true=+0.00000 | s_hat=[-0.0185,-0.0186] s_true=[+0.0000,+0.0000] kg·m
[INFO] [1789060467.781085127] [mhe_node]: [tau_phys] roll=-0.306 pitch=+0.610 Nm
[INFO] [1789060467.781495507] [mhe_node]: [mass-diag] m_est=2.3120 T=23.035N tilt=9.71deg cos=0.98567 | T/g=2.3481 T*cos/g=2.3144 | m_est-T*cos/g=-0.0025kg (-0.11%) vz=-0.099
[INFO] [1789060467.781900611] [mhe_node]: [c_xy_est] cx=-0.0011 cy=-0.0080 m
[INFO] [1789060468.072819006] [mhe_node]: [s-collapse] moment 基准未就绪(窗口 0/20, 越界剔除 89) — 暂不判决
[INFO] [1789060469.072804215] [mhe_node]: [s-collapse] moment 基准未就绪(窗口 0/20, 越界剔除 89) — 暂不判决
[INFO] [1789060469.785016489] [mhe_node]: MHE mass estimate: 2.307 kg (T_phys=22.72N) | solve=13.9ms (max21.0)
[INFO] [1789060469.785574756] [mhe_node]: [truth] m_hat=2.3067 m_true=2.0643 err=+11.74% | c_hat=[+0.0000,+0.0000] c_true=[+0.0000,+0.0000] | Jxx_hat=0.01420 Jxx_true=0.01420 Jyz_hat=+0.00000 Jyz_true=+0.00000 | s_hat=[-0.0255,-0.0209] s_true=[+0.0000,+0.0000] kg·m
[INFO] [1789060469.786096334] [mhe_node]: [tau_phys] roll=-0.206 pitch=-0.417 Nm
[INFO] [1789060469.786681294] [mhe_node]: [mass-diag] m_est=2.3067 T=22.720N tilt=5.90deg cos=0.99470 | T/g=2.3160 T*cos/g=2.3038 | m_est-T*cos/g=+0.0029kg (+0.13%) vz=-0.020
[INFO] [1789060469.787267025] [mhe_node]: [c_xy_est] cx=-0.0011 cy=-0.0080 m
[INFO] [1789060470.072727047] [mhe_node]: [s-collapse] moment 基准未就绪(窗口 0/20, 越界剔除 89) — 暂不判决
[INFO] [1789060471.072815556] [mhe_node]: [s-collapse] moment 基准未就绪(窗口 0/20, 越界剔除 89) — 暂不判决
[INFO] [1789060471.784138174] [mhe_node]: MHE mass estimate: 2.333 kg (T_phys=23.40N) | solve=10.4ms (max20.1)
[INFO] [1789060471.784827957] [mhe_node]: [truth] m_hat=2.3326 m_true=2.0643 err=+13.00% | c_hat=[+0.0000,+0.0000] c_true=[+0.0000,+0.0000] | Jxx_hat=0.01420 Jxx_true=0.01420 Jyz_hat=+0.00000 Jyz_true=+0.00000 | s_hat=[-0.0278,-0.0214] s_true=[+0.0000,+0.0000] kg·m
[INFO] [1789060471.785355669] [mhe_node]: [tau_phys] roll=-0.289 pitch=+0.372 Nm
[INFO] [1789060471.785947056] [mhe_node]: [mass-diag] m_est=2.3326 T=23.402N tilt=8.17deg cos=0.98984 | T/g=2.3855 T*cos/g=2.3613 | m_est-T*cos/g=-0.0287kg (-1.21%) vz=+0.117
[INFO] [1789060471.786536032] [mhe_node]: [c_xy_est] cx=-0.0011 cy=-0.0080 m
[INFO] [1789060472.072909480] [mhe_node]: [s-collapse] moment 基准未就绪(窗口 0/20, 越界剔除 89) — 暂不判决
[INFO] [1789060473.072827785] [mhe_node]: [s-collapse] moment 基准未就绪(窗口 0/20, 越界剔除 89) — 暂不判决
[INFO] [1789060473.792386908] [mhe_node]: MHE mass estimate: 2.299 kg (T_phys=23.08N) | solve=12.6ms (max18.8)
[INFO] [1789060473.792946238] [mhe_node]: [truth] m_hat=2.2993 m_true=2.0643 err=+11.38% | c_hat=[+0.0000,+0.0000] c_true=[+0.0000,+0.0000] | Jxx_hat=0.01420 Jxx_true=0.01420 Jyz_hat=+0.00000 Jyz_true=+0.00000 | s_hat=[-0.0189,-0.0197] s_true=[+0.0000,+0.0000] kg·m
[INFO] [1789060473.793466749] [mhe_node]: [tau_phys] roll=-0.186 pitch=+0.881 Nm
[INFO] [1789060473.794043547] [mhe_node]: [mass-diag] m_est=2.2993 T=23.079N tilt=9.33deg cos=0.98677 | T/g=2.3526 T*cos/g=2.3215 | m_est-T*cos/g=-0.0222kg (-0.95%) vz=+0.224
[INFO] [1789060473.794622881] [mhe_node]: [c_xy_est] cx=-0.0011 cy=-0.0080 m
[INFO] [1789060474.072809230] [mhe_node]: [s-collapse] moment 基准未就绪(窗口 0/20, 越界剔除 89) — 暂不判决
[INFO] [1789060475.072826686] [mhe_node]: [s-collapse] moment 基准未就绪(窗口 0/20, 越界剔除 89) — 暂不判决
[INFO] [1789060475.785956480] [mhe_node]: MHE mass estimate: 2.302 kg (T_phys=23.16N) | solve=16.9ms (max24.2)
[INFO] [1789060475.786519280] [mhe_node]: [truth] m_hat=2.3020 m_true=2.0643 err=+11.51% | c_hat=[+0.0000,+0.0000] c_true=[+0.0000,+0.0000] | Jxx_hat=0.01420 Jxx_true=0.01420 Jyz_hat=+0.00000 Jyz_true=+0.00000 | s_hat=[-0.0431,-0.0192] s_true=[+0.0000,+0.0000] kg·m
[INFO] [1789060475.787032688] [mhe_node]: [tau_phys] roll=-0.184 pitch=+0.325 Nm
[INFO] [1789060475.787614218] [mhe_node]: [mass-diag] m_est=2.3020 T=23.163N tilt=1.81deg cos=0.99950 | T/g=2.3612 T*cos/g=2.3600 | m_est-T*cos/g=-0.0580kg (-2.46%) vz=+0.212
[INFO] [1789060475.788193889] [mhe_node]: [c_xy_est] cx=-0.0011 cy=-0.0080 m
[WARN] [1789060476.072843320] [mhe_node]: [s-collapse] |s|=0.04757 > 物理上限 0.039 — 动态失真,不参与 moment 投票(本轮累计 97 帧)
[WARN] [1789060477.072828329] [mhe_node]: [s-collapse] |s|=0.03955 > 物理上限 0.039 — 动态失真,不参与 moment 投票(本轮累计 107 帧)
[INFO] [1789060477.786392317] [mhe_node]: MHE mass estimate: 2.330 kg (T_phys=23.23N) | solve=12.8ms (max20.1)
[INFO] [1789060477.786958578] [mhe_node]: [truth] m_hat=2.3301 m_true=2.0643 err=+12.88% | c_hat=[+0.0000,+0.0000] c_true=[+0.0000,+0.0000] | Jxx_hat=0.01420 Jxx_true=0.01420 Jyz_hat=+0.00000 Jyz_true=+0.00000 | s_hat=[-0.0277,-0.0192] s_true=[+0.0000,+0.0000] kg·m
[INFO] [1789060477.787483227] [mhe_node]: [tau_phys] roll=-0.108 pitch=+0.386 Nm
[INFO] [1789060477.788062228] [mhe_node]: [mass-diag] m_est=2.3301 T=23.232N tilt=8.11deg cos=0.98999 | T/g=2.3682 T*cos/g=2.3445 | m_est-T*cos/g=-0.0143kg (-0.61%) vz=+0.190
[INFO] [1789060477.788642463] [mhe_node]: [c_xy_est] cx=-0.0011 cy=-0.0080 m
[INFO] [1789060478.072817493] [mhe_node]: [s-collapse] moment 基准未就绪(窗口 0/20, 越界剔除 107) — 暂不判决
[INFO] [1789060479.072829912] [mhe_node]: [s-collapse] moment 基准未就绪(窗口 0/20, 越界剔除 107) — 暂不判决
[INFO] [1789060479.787459571] [mhe_node]: MHE mass estimate: 2.310 kg (T_phys=22.41N) | solve=11.2ms (max16.8)
[INFO] [1789060479.788020178] [mhe_node]: [truth] m_hat=2.3103 m_true=2.0643 err=+11.92% | c_hat=[+0.0000,+0.0000] c_true=[+0.0000,+0.0000] | Jxx_hat=0.01420 Jxx_true=0.01420 Jyz_hat=+0.00000 Jyz_true=+0.00000 | s_hat=[-0.0211,-0.0147] s_true=[+0.0000,+0.0000] kg·m
[INFO] [1789060479.788544034] [mhe_node]: [tau_phys] roll=-0.263 pitch=+0.969 Nm
[INFO] [1789060479.789141960] [mhe_node]: [mass-diag] m_est=2.3103 T=22.411N tilt=8.50deg cos=0.98903 | T/g=2.2845 T*cos/g=2.2594 | m_est-T*cos/g=+0.0509kg (+2.25%) vz=+0.113
[INFO] [1789060479.789722209] [mhe_node]: [c_xy_est] cx=-0.0011 cy=-0.0080 m
[INFO] [1789060480.072846119] [mhe_node]: [s-collapse] moment 基准未就绪(窗口 0/20, 越界剔除 107) — 暂不判决
[INFO] [1789060481.072820979] [mhe_node]: [s-collapse] moment 基准未就绪(窗口 0/20, 越界剔除 107) — 暂不判决
[INFO] [1789060481.781752598] [mhe_node]: MHE mass estimate: 2.300 kg (T_phys=22.79N) | solve=11.3ms (max17.4)
[INFO] [1789060481.782313193] [mhe_node]: [truth] m_hat=2.2998 m_true=2.0643 err=+11.41% | c_hat=[+0.0000,+0.0000] c_true=[+0.0000,+0.0000] | Jxx_hat=0.01420 Jxx_true=0.01420 Jyz_hat=+0.00000 Jyz_true=+0.00000 | s_hat=[-0.0288,-0.0158] s_true=[+0.0000,+0.0000] kg·m
[INFO] [1789060481.782869291] [mhe_node]: [tau_phys] roll=-0.161 pitch=-0.412 Nm
[INFO] [1789060481.783467158] [mhe_node]: [mass-diag] m_est=2.2998 T=22.792N tilt=5.45deg cos=0.99548 | T/g=2.3234 T*cos/g=2.3129 | m_est-T*cos/g=-0.0131kg (-0.56%) vz=-0.074
[INFO] [1789060481.784080442] [mhe_node]: [c_xy_est] cx=-0.0011 cy=-0.0080 m
[INFO] [1789060482.072850237] [mhe_node]: [s-collapse] moment 基准未就绪(窗口 0/20, 越界剔除 107) — 暂不判决
[INFO] [1789060483.072825516] [mhe_node]: [s-collapse] moment 基准未就绪(窗口 0/20, 越界剔除 107) — 暂不判决
[INFO] [1789060483.782733394] [mhe_node]: MHE mass estimate: 2.319 kg (T_phys=22.74N) | solve=11.1ms (max20.2)
[INFO] [1789060483.783290629] [mhe_node]: [truth] m_hat=2.3186 m_true=2.0643 err=+12.32% | c_hat=[+0.0000,+0.0000] c_true=[+0.0000,+0.0000] | Jxx_hat=0.01420 Jxx_true=0.01420 Jyz_hat=+0.00000 Jyz_true=+0.00000 | s_hat=[-0.0253,-0.0156] s_true=[+0.0000,+0.0000] kg·m
[INFO] [1789060483.783810392] [mhe_node]: [tau_phys] roll=-0.236 pitch=+0.344 Nm
[INFO] [1789060483.784390375] [mhe_node]: [mass-diag] m_est=2.3186 T=22.740N tilt=9.69deg cos=0.98574 | T/g=2.3180 T*cos/g=2.2850 | m_est-T*cos/g=+0.0336kg (+1.47%) vz=-0.138
[INFO] [1789060483.784975130] [mhe_node]: [c_xy_est] cx=-0.0011 cy=-0.0080 m
[INFO] [1789060484.072903132] [mhe_node]: [s-collapse] moment 基准未就绪(窗口 0/20, 越界剔除 107) — 暂不判决
[INFO] [1789060485.072801850] [mhe_node]: [s-collapse] moment 基准未就绪(窗口 0/20, 越界剔除 107) — 暂不判决
[INFO] [1789060485.785059287] [mhe_node]: MHE mass estimate: 2.296 kg (T_phys=22.61N) | solve=11.4ms (max20.0)
[INFO] [1789060485.785622073] [mhe_node]: [truth] m_hat=2.2960 m_true=2.0643 err=+11.22% | c_hat=[+0.0000,+0.0000] c_true=[+0.0000,+0.0000] | Jxx_hat=0.01420 Jxx_true=0.01420 Jyz_hat=+0.00000 Jyz_true=+0.00000 | s_hat=[-0.0394,-0.0174] s_true=[+0.0000,+0.0000] kg·m
[INFO] [1789060485.786140932] [mhe_node]: [tau_phys] roll=-0.169 pitch=+0.672 Nm
[INFO] [1789060485.786723107] [mhe_node]: [mass-diag] m_est=2.2960 T=22.611N tilt=6.83deg cos=0.99291 | T/g=2.3049 T*cos/g=2.2885 | m_est-T*cos/g=+0.0074kg (+0.33%) vz=-0.250
[INFO] [1789060485.787311570] [mhe_node]: [c_xy_est] cx=-0.0011 cy=-0.0080 m
[WARN] [1789060486.072827906] [mhe_node]: [s-collapse] |s|=0.04564 > 物理上限 0.039 — 动态失真,不参与 moment 投票(本轮累计 112 帧)
[WARN] [1789060487.072809223] [mhe_node]: [s-collapse] |s|=0.04905 > 物理上限 0.039 — 动态失真,不参与 moment 投票(本轮累计 122 帧)
[INFO] [1789060487.783627083] [mhe_node]: MHE mass estimate: 2.312 kg (T_phys=22.91N) | solve=13.4ms (max19.8)
[INFO] [1789060487.784189111] [mhe_node]: [truth] m_hat=2.3117 m_true=2.0643 err=+11.99% | c_hat=[+0.0000,+0.0000] c_true=[+0.0000,+0.0000] | Jxx_hat=0.01420 Jxx_true=0.01420 Jyz_hat=+0.00000 Jyz_true=+0.00000 | s_hat=[-0.0297,-0.0198] s_true=[+0.0000,+0.0000] kg·m
[INFO] [1789060487.784707390] [mhe_node]: [tau_phys] roll=-0.156 pitch=-0.050 Nm
[INFO] [1789060487.785293341] [mhe_node]: [mass-diag] m_est=2.3117 T=22.913N tilt=3.94deg cos=0.99763 | T/g=2.3357 T*cos/g=2.3301 | m_est-T*cos/g=-0.0184kg (-0.79%) vz=-0.210
[INFO] [1789060487.785873415] [mhe_node]: [c_xy_est] cx=-0.0011 cy=-0.0080 m
[INFO] [1789060488.072838472] [mhe_node]: [s-collapse] moment 基准未就绪(窗口 0/20, 越界剔除 127) — 暂不判决
[INFO] [1789060489.072828375] [mhe_node]: [s-collapse] moment 基准未就绪(窗口 0/20, 越界剔除 127) — 暂不判决
[INFO] [1789060489.785150252] [mhe_node]: MHE mass estimate: 2.333 kg (T_phys=23.35N) | solve=9.2ms (max13.5)
[INFO] [1789060489.785831849] [mhe_node]: [truth] m_hat=2.3325 m_true=2.0643 err=+12.99% | c_hat=[+0.0000,+0.0000] c_true=[+0.0000,+0.0000] | Jxx_hat=0.01420 Jxx_true=0.01420 Jyz_hat=+0.00000 Jyz_true=+0.00000 | s_hat=[-0.0231,-0.0207] s_true=[+0.0000,+0.0000] kg·m
[INFO] [1789060489.786351559] [mhe_node]: [tau_phys] roll=-0.296 pitch=+0.087 Nm
[INFO] [1789060489.786932367] [mhe_node]: [mass-diag] m_est=2.3325 T=23.349N tilt=9.95deg cos=0.98495 | T/g=2.3801 T*cos/g=2.3443 | m_est-T*cos/g=-0.0118kg (-0.50%) vz=-0.112
[INFO] [1789060489.787513997] [mhe_node]: [c_xy_est] cx=-0.0011 cy=-0.0080 m
[INFO] [1789060490.072831349] [mhe_node]: [s-collapse] moment 基准未就绪(窗口 0/20, 越界剔除 127) — 暂不判决
[WARN] [1789060491.072851529] [mhe_node]: [s-collapse] |s|=0.04052 > 物理上限 0.039 — 动态失真,不参与 moment 投票(本轮累计 133 帧)
[INFO] [1789060491.782892218] [mhe_node]: MHE mass estimate: 2.323 kg (T_phys=23.11N) | solve=9.6ms (max16.6)
[INFO] [1789060491.783451211] [mhe_node]: [truth] m_hat=2.3227 m_true=2.0643 err=+12.52% | c_hat=[+0.0000,+0.0000] c_true=[+0.0000,+0.0000] | Jxx_hat=0.01420 Jxx_true=0.01420 Jyz_hat=+0.00000 Jyz_true=+0.00000 | s_hat=[-0.0347,-0.0240] s_true=[+0.0000,+0.0000] kg·m
[INFO] [1789060491.783966344] [mhe_node]: [tau_phys] roll=-0.201 pitch=-0.123 Nm
[INFO] [1789060491.784546262] [mhe_node]: [mass-diag] m_est=2.3227 T=23.105N tilt=5.93deg cos=0.99464 | T/g=2.3553 T*cos/g=2.3427 | m_est-T*cos/g=-0.0200kg (-0.85%) vz=-0.028
[INFO] [1789060491.785129273] [mhe_node]: [c_xy_est] cx=-0.0011 cy=-0.0080 m
[WARN] [1789060492.072845647] [mhe_node]: [s-collapse] |s|=0.04251 > 物理上限 0.039 — 动态失真,不参与 moment 投票(本轮累计 143 帧)
[INFO] [1789060492.472848854] [mhe_node]: [release-resid] STRONG 票: ΔT=-2.20N x4帧 (floor 0.9N)
[INFO] [1789060492.572797414] [mhe_node]: [no-signal] mass mutation self-detected at frame 900: T_phys=3.56N vs baseline 22.93N (dev 19.38N > 4.4N over 2 frames, direction=DROP); de-weighting pre-event stages
[INFO] [1789060492.573110120] [mhe_node]: [no-signal] 残差检出 DROP 方向 → 作为释放证据保持 3.0s
[INFO] [1789060492.574185503] [mhe_node]: event transition started: pre-event stages de-weighted
[WARN] [1789060492.648621522] [mhe_node]: MHE solve failed [status=2], skipping this window (streak 1)
[WARN] [1789060492.749488229] [mhe_node]: MHE solve failed [status=2], skipping this window (streak 2)
[INFO] [1789060493.072764073] [mhe_node]: [s-collapse] moment 基准未就绪(窗口 0/20, 越界剔除 148) — 暂不判决
[WARN] [1789060493.952235912] [mhe_node]: MHE solve failed [status=2], skipping this window (streak 1)
[INFO] [1789060494.072807320] [mhe_node]: [s-collapse] moment 基准未就绪(窗口 0/20, 越界剔除 148) — 暂不判决
[INFO] [1789060494.137664629] [mhe_node]: MHE mass estimate: 1.961 kg (T_phys=15.20N) | solve=37.7ms (max78.7)
[INFO] [1789060494.138057323] [mhe_node]: [truth] m_hat=1.9611 m_true=2.0643 err=-5.00% | c_hat=[+0.0000,+0.0000] c_true=[+0.0000,+0.0000] | Jxx_hat=0.01420 Jxx_true=0.01420 Jyz_hat=+0.00000 Jyz_true=+0.00000 | s_hat=[-0.0165,-0.0022] s_true=[+0.0000,+0.0000] kg·m
[INFO] [1789060494.138425048] [mhe_node]: [tau_phys] roll=-0.302 pitch=+0.469 Nm
[INFO] [1789060494.138845445] [mhe_node]: [mass-diag] m_est=1.9611 T=15.199N tilt=8.28deg cos=0.98958 | T/g=1.5493 T*cos/g=1.5331 | m_est-T*cos/g=+0.4279kg (+27.91%) vz=+0.603
[INFO] [1789060494.139257403] [mhe_node]: [c_xy_est] cx=-0.0011 cy=-0.0080 m
[INFO] [1789060494.473291732] [mhe_node]: event transition ended: nominal weights restored
[INFO] [1789060495.072833445] [mhe_node]: [s-collapse] moment 基准未就绪(窗口 0/20, 越界剔除 148) — 暂不判决
[WARN] [1789060495.338847072] [mhe_node]: MHE solve failed [status=2], skipping this window (streak 1)
[WARN] [1789060495.439072916] [mhe_node]: MHE solve failed [status=2], skipping this window (streak 2)
[INFO] [1789060496.072983060] [mhe_node]: [s-collapse] moment 基准未就绪(窗口 0/20, 越界剔除 148) — 暂不判决
[INFO] [1789060496.313750503] [mhe_node]: MHE mass estimate: 1.961 kg (T_phys=20.35N) | solve=48.8ms (max66.0)
[INFO] [1789060496.314137075] [mhe_node]: [truth] m_hat=1.9611 m_true=2.0643 err=-5.00% | c_hat=[+0.0000,+0.0000] c_true=[+0.0000,+0.0000] | Jxx_hat=0.01420 Jxx_true=0.01420 Jyz_hat=+0.00000 Jyz_true=+0.00000 | s_hat=[-0.0231,-0.0020] s_true=[+0.0000,+0.0000] kg·m
[INFO] [1789060496.314497706] [mhe_node]: [tau_phys] roll=+0.015 pitch=+0.287 Nm
[INFO] [1789060496.314911668] [mhe_node]: [mass-diag] m_est=1.9611 T=20.351N tilt=8.75deg cos=0.98837 | T/g=2.0745 T*cos/g=2.0504 | m_est-T*cos/g=-0.0893kg (-4.35%) vz=+0.212
[INFO] [1789060496.315325347] [mhe_node]: [c_xy_est] cx=-0.0011 cy=-0.0080 m
[WARN] [1789060496.438985116] [mhe_node]: MHE solve failed [status=2], skipping this window (streak 1)
[WARN] [1789060496.639150070] [mhe_node]: MHE solve failed [status=2], skipping this window (streak 1)
[WARN] [1789060496.746932321] [mhe_node]: MHE solve failed [status=2], skipping this window (streak 2)
[INFO] [1789060497.072898719] [mhe_node]: [s-collapse] moment 基准未就绪(窗口 0/20, 越界剔除 148) — 暂不判决
[INFO] [1789060497.972759404] [mhe_node]: [no-signal] baseline settled at 19.92N (quiet 20 frames); detector armed
[INFO] [1789060498.072790625] [mhe_node]: [s-collapse] moment 基准未就绪(窗口 0/20, 越界剔除 148) — 暂不判决
[INFO] [1789060498.598436855] [mhe_node]: MHE mass estimate: 2.042 kg (T_phys=20.19N) | solve=27.5ms (max73.9)
[INFO] [1789060498.598972653] [mhe_node]: [truth] m_hat=2.0420 m_true=2.0643 err=-1.08% | c_hat=[+0.0000,+0.0000] c_true=[+0.0000,+0.0000] | Jxx_hat=0.01420 Jxx_true=0.01420 Jyz_hat=+0.00000 Jyz_true=+0.00000 | s_hat=[-0.0296,+0.0011] s_true=[+0.0000,+0.0000] kg·m
[INFO] [1789060498.599493716] [mhe_node]: [tau_phys] roll=+0.025 pitch=+0.252 Nm
[INFO] [1789060498.600078278] [mhe_node]: [mass-diag] m_est=2.0420 T=20.194N tilt=2.67deg cos=0.99892 | T/g=2.0585 T*cos/g=2.0563 | m_est-T*cos/g=-0.0143kg (-0.70%) vz=+0.212
[INFO] [1789060498.600664249] [mhe_node]: [c_xy_est] cx=-0.0011 cy=-0.0080 m
[INFO] [1789060499.072780467] [mhe_node]: [s-collapse] moment 基准未就绪(窗口 0/20, 越界剔除 148) — 暂不判决
[INFO] [1789060500.072995121] [mhe_node]: [s-collapse] moment 基准未就绪(窗口 0/20, 越界剔除 148) — 暂不判决
[INFO] [1789060500.593458869] [mhe_node]: MHE mass estimate: 2.039 kg (T_phys=20.41N) | solve=18.7ms (max25.4)
[INFO] [1789060500.593993435] [mhe_node]: [truth] m_hat=2.0392 m_true=2.0643 err=-1.22% | c_hat=[+0.0000,+0.0000] c_true=[+0.0000,+0.0000] | Jxx_hat=0.01420 Jxx_true=0.01420 Jyz_hat=+0.00000 Jyz_true=+0.00000 | s_hat=[-0.0179,+0.0023] s_true=[+0.0000,+0.0000] kg·m
[INFO] [1789060500.594517684] [mhe_node]: [tau_phys] roll=+0.049 pitch=+0.143 Nm
[INFO] [1789060500.595099580] [mhe_node]: [mass-diag] m_est=2.0392 T=20.406N tilt=9.05deg cos=0.98755 | T/g=2.0801 T*cos/g=2.0542 | m_est-T*cos/g=-0.0150kg (-0.73%) vz=+0.152
[INFO] [1789060500.595683033] [mhe_node]: [c_xy_est] cx=-0.0011 cy=-0.0080 m
[INFO] [1789060501.072790180] [mhe_node]: [s-collapse] moment 基准未就绪(窗口 0/20, 越界剔除 148) — 暂不判决
[INFO] [1789060502.072811322] [mhe_node]: [s-collapse] moment 基准未就绪(窗口 0/20, 越界剔除 148) — 暂不判决
[INFO] [1789060502.585453281] [mhe_node]: MHE mass estimate: 2.047 kg (T_phys=20.06N) | solve=11.6ms (max17.5)
[INFO] [1789060502.585990477] [mhe_node]: [truth] m_hat=2.0470 m_true=2.0643 err=-0.84% | c_hat=[+0.0000,+0.0000] c_true=[+0.0000,+0.0000] | Jxx_hat=0.01420 Jxx_true=0.01420 Jyz_hat=+0.00000 Jyz_true=+0.00000 | s_hat=[-0.0190,+0.0020] s_true=[+0.0000,+0.0000] kg·m
[INFO] [1789060502.586511563] [mhe_node]: [tau_phys] roll=+0.017 pitch=+0.223 Nm
[INFO] [1789060502.587094069] [mhe_node]: [mass-diag] m_est=2.0470 T=20.065N tilt=7.01deg cos=0.99253 | T/g=2.0454 T*cos/g=2.0301 | m_est-T*cos/g=+0.0169kg (+0.83%) vz=+0.054
[INFO] [1789060502.587674503] [mhe_node]: [c_xy_est] cx=-0.0011 cy=-0.0080 m
[INFO] [1789060503.072879738] [mhe_node]: [s-collapse] moment 基准未就绪(窗口 0/20, 越界剔除 148) — 暂不判决
[INFO] [1789060504.072797182] [mhe_node]: [s-collapse] moment 基准未就绪(窗口 0/20, 越界剔除 148) — 暂不判决
[INFO] [1789060504.594465197] [mhe_node]: MHE mass estimate: 2.046 kg (T_phys=20.33N) | solve=11.9ms (max21.4)
[INFO] [1789060504.595002123] [mhe_node]: [truth] m_hat=2.0459 m_true=2.0643 err=-0.89% | c_hat=[+0.0000,+0.0000] c_true=[+0.0000,+0.0000] | Jxx_hat=0.01420 Jxx_true=0.01420 Jyz_hat=+0.00000 Jyz_true=+0.00000 | s_hat=[-0.0190,+0.0017] s_true=[+0.0000,+0.0000] kg·m
[INFO] [1789060504.595523234] [mhe_node]: [tau_phys] roll=+0.072 pitch=+0.150 Nm
[INFO] [1789060504.596110042] [mhe_node]: [mass-diag] m_est=2.0459 T=20.328N tilt=4.84deg cos=0.99643 | T/g=2.0721 T*cos/g=2.0647 | m_est-T*cos/g=-0.0189kg (-0.91%) vz=-0.026
[INFO] [1789060504.596697995] [mhe_node]: [c_xy_est] cx=-0.0011 cy=-0.0080 m
[INFO] [1789060505.072826585] [mhe_node]: [s-collapse] moment 基准未就绪(窗口 0/20, 越界剔除 148) — 暂不判决
[INFO] [1789060506.072771832] [mhe_node]: [s-collapse] moment 基准未就绪(窗口 0/20, 越界剔除 148) — 暂不判决
[INFO] [1789060506.583305419] [mhe_node]: MHE mass estimate: 2.046 kg (T_phys=20.34N) | solve=15.7ms (max23.0)
[INFO] [1789060506.583846468] [mhe_node]: [truth] m_hat=2.0463 m_true=2.0643 err=-0.87% | c_hat=[+0.0000,+0.0000] c_true=[+0.0000,+0.0000] | Jxx_hat=0.01420 Jxx_true=0.01420 Jyz_hat=+0.00000 Jyz_true=+0.00000 | s_hat=[-0.0056,+0.0001] s_true=[+0.0000,+0.0000] kg·m
[INFO] [1789060506.584364038] [mhe_node]: [tau_phys] roll=-0.001 pitch=+0.007 Nm
[INFO] [1789060506.584952623] [mhe_node]: [mass-diag] m_est=2.0463 T=20.342N tilt=3.58deg cos=0.99805 | T/g=2.0736 T*cos/g=2.0696 | m_est-T*cos/g=-0.0233kg (-1.13%) vz=+0.004
[INFO] [1789060506.585537724] [mhe_node]: [c_xy_est] cx=-0.0011 cy=-0.0080 m
[INFO] [1789060507.072799632] [mhe_node]: [s-collapse] moment 基准未就绪(窗口 5/20, 越界剔除 148) — 暂不判决
[INFO] [1789060508.072787182] [mhe_node]: [s-collapse] moment 基准未就绪(窗口 15/20, 越界剔除 148) — 暂不判决
[INFO] [1789060508.572725748] [mhe_node]: [payload-state] LOADED->EMPTY (drop, m_p=-0.005kg)
[INFO] [1789060508.572941146] [mhe_node]: [c_xy_est] 载荷释放(mass-based m_p<0.030kg x20帧) → 在线偏心估计归零(重新播种)
[INFO] [1789060508.578607074] [mhe_node]: MHE mass estimate: 2.060 kg (T_phys=20.18N) | solve=6.2ms (max9.0)
[INFO] [1789060508.579136855] [mhe_node]: [truth] m_hat=2.0597 m_true=2.0643 err=-0.22% | c_hat=[+0.0000,+0.0000] c_true=[+0.0000,+0.0000] | Jxx_hat=0.01420 Jxx_true=0.01420 Jyz_hat=+0.00000 Jyz_true=+0.00000 | s_hat=[+0.0004,-0.0001] s_true=[+0.0000,+0.0000] kg·m
[INFO] [1789060508.579647201] [mhe_node]: [tau_phys] roll=-0.002 pitch=-0.004 Nm
[INFO] [1789060508.580224853] [mhe_node]: [mass-diag] m_est=2.0597 T=20.185N tilt=0.25deg cos=0.99999 | T/g=2.0576 T*cos/g=2.0575 | m_est-T*cos/g=+0.0022kg (+0.10%) vz=-0.007
[INFO] [1789060508.580589093] [mhe_node]: [s-decay] n=1 |s_est|=0.00041 |s_target|=0.00000 |s_out|=0.00009 d_s_out=-0.00004 conf=0.997 present=0 armed=0 latched=1 health=1
[INFO] [1789060508.679960535] [mhe_node]: [s-decay] n=2 |s_est|=0.00046 |s_target|=0.00000 |s_out|=0.00006 d_s_out=-0.00003 conf=0.998 present=0 armed=0 latched=1 health=1
[INFO] [1789060508.777825750] [mhe_node]: [s-decay] n=3 |s_est|=0.00049 |s_target|=0.00000 |s_out|=0.00004 d_s_out=-0.00002 conf=0.999 present=0 armed=0 latched=1 health=1
[INFO] [1789060508.878052230] [mhe_node]: [s-decay] n=4 |s_est|=0.00050 |s_target|=0.00000 |s_out|=0.00003 d_s_out=-0.00001 conf=0.999 present=0 armed=0 latched=1 health=1
[INFO] [1789060508.977082311] [mhe_node]: [s-decay] n=5 |s_est|=0.00052 |s_target|=0.00000 |s_out|=0.00002 d_s_out=-0.00001 conf=0.999 present=0 armed=0 latched=1 health=1
[INFO] [1789060509.077048224] [mhe_node]: [s-decay] n=6 |s_est|=0.00053 |s_target|=0.00000 |s_out|=0.00001 d_s_out=-0.00001 conf=1.000 present=0 armed=0 latched=1 health=1
[INFO] [1789060509.177055109] [mhe_node]: [s-decay] n=7 |s_est|=0.00054 |s_target|=0.00000 |s_out|=0.00001 d_s_out=-0.00000 conf=1.000 present=0 armed=0 latched=1 health=1
[INFO] [1789060509.277007319] [mhe_node]: [s-decay] n=8 |s_est|=0.00054 |s_target|=0.00000 |s_out|=0.00001 d_s_out=-0.00000 conf=1.000 present=0 armed=0 latched=1 health=1
[INFO] [1789060509.377172191] [mhe_node]: [s-decay] n=9 |s_est|=0.00054 |s_target|=0.00000 |s_out|=0.00000 d_s_out=-0.00000 conf=1.000 present=0 armed=0 latched=1 health=1
[INFO] [1789060509.477248057] [mhe_node]: [s-decay] n=10 |s_est|=0.00055 |s_target|=0.00000 |s_out|=0.00000 d_s_out=-0.00000 conf=1.000 present=0 armed=0 latched=1 health=1
[INFO] [1789060509.577148796] [mhe_node]: [s-decay] n=11 |s_est|=0.00055 |s_target|=0.00000 |s_out|=0.00000 d_s_out=-0.00000 conf=1.000 present=0 armed=0 latched=1 health=1
[INFO] [1789060509.677933419] [mhe_node]: [s-decay] n=12 |s_est|=0.00056 |s_target|=0.00000 |s_out|=0.00000 d_s_out=-0.00000 conf=1.000 present=0 armed=0 latched=1 health=1
[INFO] [1789060509.778089492] [mhe_node]: [s-decay] n=13 |s_est|=0.00058 |s_target|=0.00000 |s_out|=0.00000 d_s_out=-0.00000 conf=1.000 present=0 armed=0 latched=1 health=1
[INFO] [1789060509.878039489] [mhe_node]: [s-decay] n=14 |s_est|=0.00059 |s_target|=0.00000 |s_out|=0.00000 d_s_out=-0.00000 conf=1.000 present=0 armed=0 latched=1 health=1
[INFO] [1789060509.977082370] [mhe_node]: [s-decay] n=15 |s_est|=0.00060 |s_target|=0.00000 |s_out|=0.00000 d_s_out=-0.00000 conf=1.000 present=0 armed=0 latched=1 health=1
[INFO] [1789060510.077051614] [mhe_node]: [s-decay] n=16 |s_est|=0.00060 |s_target|=0.00000 |s_out|=0.00000 d_s_out=-0.00000 conf=1.000 present=0 armed=0 latched=1 health=1
[INFO] [1789060510.177165321] [mhe_node]: [s-decay] n=17 |s_est|=0.00060 |s_target|=0.00000 |s_out|=0.00000 d_s_out=-0.00000 conf=1.000 present=0 armed=0 latched=1 health=1
[INFO] [1789060510.277970726] [mhe_node]: [s-decay] n=18 |s_est|=0.00059 |s_target|=0.00000 |s_out|=0.00000 d_s_out=-0.00000 conf=1.000 present=0 armed=0 latched=1 health=1
[INFO] [1789060510.378087519] [mhe_node]: [s-decay] n=19 |s_est|=0.00058 |s_target|=0.00000 |s_out|=0.00000 d_s_out=-0.00000 conf=1.000 present=0 armed=0 latched=1 health=1
[INFO] [1789060510.479227720] [mhe_node]: [s-decay] n=20 |s_est|=0.00057 |s_target|=0.00000 |s_out|=0.00000 d_s_out=-0.00000 conf=1.000 present=0 armed=0 latched=1 health=1
[INFO] [1789060510.577108358] [mhe_node]: MHE mass estimate: 2.062 kg (T_phys=20.29N) | solve=4.2ms (max6.5)
[INFO] [1789060510.577650050] [mhe_node]: [truth] m_hat=2.0622 m_true=2.0643 err=-0.10% | c_hat=[+0.0000,+0.0000] c_true=[+0.0000,+0.0000] | Jxx_hat=0.01420 Jxx_true=0.01420 Jyz_hat=+0.00000 Jyz_true=+0.00000 | s_hat=[+0.0005,-0.0003] s_true=[+0.0000,+0.0000] kg·m
[INFO] [1789060510.578174366] [mhe_node]: [tau_phys] roll=-0.004 pitch=-0.002 Nm
[INFO] [1789060510.578768893] [mhe_node]: [mass-diag] m_est=2.0622 T=20.291N tilt=0.42deg cos=0.99997 | T/g=2.0684 T*cos/g=2.0684 | m_est-T*cos/g=-0.0062kg (-0.30%) vz=+0.002
[INFO] [1789060510.579363297] [mhe_node]: [c_xy_est] cx=+0.0002 cy=-0.0001 m
[INFO] [1789060510.579730961] [mhe_node]: [s-decay] n=21 |s_est|=0.00055 |s_target|=0.00000 |s_out|=0.00000 d_s_out=-0.00000 conf=1.000 present=0 armed=0 latched=1 health=1
[INFO] [1789060510.677192062] [mhe_node]: [s-decay] n=22 |s_est|=0.00053 |s_target|=0.00000 |s_out|=0.00000 d_s_out=-0.00000 conf=1.000 present=0 armed=0 latched=1 health=1
[INFO] [1789060510.777141470] [mhe_node]: [s-decay] n=23 |s_est|=0.00050 |s_target|=0.00000 |s_out|=0.00000 d_s_out=-0.00000 conf=1.000 present=0 armed=0 latched=1 health=1
[INFO] [1789060510.877051374] [mhe_node]: [s-decay] n=24 |s_est|=0.00047 |s_target|=0.00000 |s_out|=0.00000 d_s_out=-0.00000 conf=1.000 present=0 armed=0 latched=1 health=1
[INFO] [1789060510.981392616] [mhe_node]: [s-decay] n=25 |s_est|=0.00043 |s_target|=0.00000 |s_out|=0.00000 d_s_out=-0.00000 conf=1.000 present=0 armed=0 latched=1 health=1
[INFO] [1789060511.077965052] [mhe_node]: [s-decay] n=26 |s_est|=0.00040 |s_target|=0.00000 |s_out|=0.00000 d_s_out=-0.00000 conf=1.000 present=0 armed=0 latched=1 health=1
[INFO] [1789060511.179005737] [mhe_node]: [s-decay] n=27 |s_est|=0.00036 |s_target|=0.00000 |s_out|=0.00000 d_s_out=-0.00000 conf=1.000 present=0 armed=0 latched=1 health=1
[INFO] [1789060511.279296800] [mhe_node]: [s-decay] n=28 |s_est|=0.00032 |s_target|=0.00000 |s_out|=0.00000 d_s_out=-0.00000 conf=1.000 present=0 armed=0 latched=1 health=1
[INFO] [1789060511.377964455] [mhe_node]: [s-decay] n=29 |s_est|=0.00029 |s_target|=0.00000 |s_out|=0.00000 d_s_out=-0.00000 conf=1.000 present=0 armed=0 latched=1 health=1
[INFO] [1789060511.477930478] [mhe_node]: [s-decay] n=30 |s_est|=0.00026 |s_target|=0.00000 |s_out|=0.00000 d_s_out=-0.00000 conf=1.000 present=0 armed=0 latched=1 health=1
[INFO] [1789060511.580023502] [mhe_node]: [s-decay] n=31 |s_est|=0.00023 |s_target|=0.00000 |s_out|=0.00000 d_s_out=-0.00000 conf=1.000 present=0 armed=0 latched=1 health=1
[INFO] [1789060511.678910793] [mhe_node]: [s-decay] n=32 |s_est|=0.00021 |s_target|=0.00000 |s_out|=0.00000 d_s_out=-0.00000 conf=1.000 present=0 armed=0 latched=1 health=1
[INFO] [1789060511.777938462] [mhe_node]: [s-decay] n=33 |s_est|=0.00020 |s_target|=0.00000 |s_out|=0.00000 d_s_out=-0.00000 conf=1.000 present=0 armed=0 latched=1 health=1
[INFO] [1789060511.877024595] [mhe_node]: [s-decay] n=34 |s_est|=0.00021 |s_target|=0.00000 |s_out|=0.00000 d_s_out=-0.00000 conf=1.000 present=0 armed=0 latched=1 health=1
[INFO] [1789060511.977099160] [mhe_node]: [s-decay] n=35 |s_est|=0.00022 |s_target|=0.00000 |s_out|=0.00000 d_s_out=-0.00000 conf=1.000 present=0 armed=0 latched=1 health=1
[INFO] [1789060512.078028680] [mhe_node]: [s-decay] n=36 |s_est|=0.00025 |s_target|=0.00000 |s_out|=0.00000 d_s_out=-0.00000 conf=1.000 present=0 armed=0 latched=1 health=1
[INFO] [1789060512.180327054] [mhe_node]: [s-decay] n=37 |s_est|=0.00027 |s_target|=0.00000 |s_out|=0.00000 d_s_out=-0.00000 conf=1.000 present=0 armed=0 latched=1 health=1
[INFO] [1789060512.277914496] [mhe_node]: [s-decay] n=38 |s_est|=0.00029 |s_target|=0.00000 |s_out|=0.00000 d_s_out=-0.00000 conf=1.000 present=0 armed=0 latched=1 health=1
[INFO] [1789060512.378046742] [mhe_node]: [s-decay] n=39 |s_est|=0.00031 |s_target|=0.00000 |s_out|=0.00000 d_s_out=-0.00000 conf=1.000 present=0 armed=0 latched=1 health=1
[INFO] [1789060512.477209165] [mhe_node]: [s-decay] n=40 |s_est|=0.00033 |s_target|=0.00000 |s_out|=0.00000 d_s_out=-0.00000 conf=1.000 present=0 armed=0 latched=1 health=1
[INFO] [1789060512.577240885] [mhe_node]: MHE mass estimate: 2.060 kg (T_phys=20.21N) | solve=4.7ms (max7.9)
[INFO] [1789060512.577780551] [mhe_node]: [truth] m_hat=2.0598 m_true=2.0643 err=-0.22% | c_hat=[+0.0000,+0.0000] c_true=[+0.0000,+0.0000] | Jxx_hat=0.01420 Jxx_true=0.01420 Jyz_hat=+0.00000 Jyz_true=+0.00000 | s_hat=[-0.0003,-0.0002] s_true=[+0.0000,+0.0000] kg·m
[INFO] [1789060512.578311200] [mhe_node]: [tau_phys] roll=+0.001 pitch=+0.003 Nm
[INFO] [1789060512.578896316] [mhe_node]: [mass-diag] m_est=2.0598 T=20.206N tilt=0.60deg cos=0.99994 | T/g=2.0598 T*cos/g=2.0596 | m_est-T*cos/g=+0.0001kg (+0.01%) vz=-0.012
[INFO] [1789060512.579478728] [mhe_node]: [c_xy_est] cx=-0.0001 cy=-0.0001 m
[INFO] [1789060512.579846512] [mhe_node]: [s-decay] n=41 |s_est|=0.00035 |s_target|=0.00000 |s_out|=0.00000 d_s_out=-0.00000 conf=1.000 present=0 armed=0 latched=1 health=1
[INFO] [1789060512.675860530] [mhe_node]: [s-decay] n=42 |s_est|=0.00036 |s_target|=0.00000 |s_out|=0.00000 d_s_out=-0.00000 conf=1.000 present=0 armed=0 latched=1 health=1
[INFO] [1789060512.777071665] [mhe_node]: [s-decay] n=43 |s_est|=0.00036 |s_target|=0.00000 |s_out|=0.00000 d_s_out=-0.00000 conf=1.000 present=0 armed=0 latched=1 health=1
[INFO] [1789060512.877052635] [mhe_node]: [s-decay] n=44 |s_est|=0.00037 |s_target|=0.00000 |s_out|=0.00000 d_s_out=-0.00000 conf=1.000 present=0 armed=0 latched=1 health=1
[INFO] [1789060512.977023366] [mhe_node]: [s-decay] n=45 |s_est|=0.00037 |s_target|=0.00000 |s_out|=0.00000 d_s_out=-0.00000 conf=1.000 present=0 armed=0 latched=1 health=1
[INFO] [1789060513.077105552] [mhe_node]: [s-decay] n=46 |s_est|=0.00036 |s_target|=0.00000 |s_out|=0.00000 d_s_out=-0.00000 conf=1.000 present=0 armed=0 latched=1 health=1
[INFO] [1789060513.176966585] [mhe_node]: [s-decay] n=47 |s_est|=0.00036 |s_target|=0.00000 |s_out|=0.00000 d_s_out=-0.00000 conf=1.000 present=0 armed=0 latched=1 health=1
[INFO] [1789060513.277058907] [mhe_node]: [s-decay] n=48 |s_est|=0.00036 |s_target|=0.00000 |s_out|=0.00000 d_s_out=-0.00000 conf=1.000 present=0 armed=0 latched=1 health=1
[INFO] [1789060513.376952102] [mhe_node]: [s-decay] n=49 |s_est|=0.00036 |s_target|=0.00000 |s_out|=0.00000 d_s_out=-0.00000 conf=1.000 present=0 armed=0 latched=1 health=1
[INFO] [1789060513.477054976] [mhe_node]: [s-decay] n=50 |s_est|=0.00036 |s_target|=0.00000 |s_out|=0.00000 d_s_out=-0.00000 conf=1.000 present=0 armed=0 latched=1 health=1
[INFO] [1789060513.577003289] [mhe_node]: [s-decay] n=51 |s_est|=0.00037 |s_target|=0.00000 |s_out|=0.00000 d_s_out=-0.00000 conf=1.000 present=0 armed=0 latched=1 health=1
[INFO] [1789060513.677061374] [mhe_node]: [s-decay] n=52 |s_est|=0.00039 |s_target|=0.00000 |s_out|=0.00000 d_s_out=-0.00000 conf=1.000 present=0 armed=0 latched=1 health=1
[INFO] [1789060513.777933708] [mhe_node]: [s-decay] n=53 |s_est|=0.00041 |s_target|=0.00000 |s_out|=0.00000 d_s_out=-0.00000 conf=1.000 present=0 armed=0 latched=1 health=1
[INFO] [1789060513.881302833] [mhe_node]: [s-decay] n=54 |s_est|=0.00043 |s_target|=0.00000 |s_out|=0.00000 d_s_out=-0.00000 conf=1.000 present=0 armed=0 latched=1 health=1
[INFO] [1789060513.978090800] [mhe_node]: [s-decay] n=55 |s_est|=0.00045 |s_target|=0.00000 |s_out|=0.00000 d_s_out=-0.00000 conf=1.000 present=0 armed=0 latched=1 health=1
[INFO] [1789060514.077940108] [mhe_node]: [s-decay] n=56 |s_est|=0.00048 |s_target|=0.00000 |s_out|=0.00000 d_s_out=-0.00000 conf=1.000 present=0 armed=0 latched=1 health=1
[INFO] [1789060514.177035311] [mhe_node]: [s-decay] n=57 |s_est|=0.00050 |s_target|=0.00000 |s_out|=0.00000 d_s_out=-0.00000 conf=1.000 present=0 armed=0 latched=1 health=1
[INFO] [1789060514.278108016] [mhe_node]: [s-decay] n=58 |s_est|=0.00052 |s_target|=0.00000 |s_out|=0.00000 d_s_out=-0.00000 conf=1.000 present=0 armed=0 latched=1 health=1
[INFO] [1789060514.378075976] [mhe_node]: [s-decay] n=59 |s_est|=0.00054 |s_target|=0.00000 |s_out|=0.00000 d_s_out=-0.00000 conf=1.000 present=0 armed=0 latched=1 health=1
[INFO] [1789060514.478023822] [mhe_node]: [s-decay] n=60 |s_est|=0.00056 |s_target|=0.00000 |s_out|=0.00000 d_s_out=-0.00000 conf=1.000 present=0 armed=0 latched=1 health=1
[INFO] [1789060514.578093959] [mhe_node]: MHE mass estimate: 2.059 kg (T_phys=20.20N) | solve=4.1ms (max7.8)
[INFO] [1789060514.578632528] [mhe_node]: [truth] m_hat=2.0592 m_true=2.0643 err=-0.25% | c_hat=[+0.0000,+0.0000] c_true=[+0.0000,+0.0000] | Jxx_hat=0.01420 Jxx_true=0.01420 Jyz_hat=+0.00000 Jyz_true=+0.00000 | s_hat=[-0.0006,-0.0001] s_true=[+0.0000,+0.0000] kg·m
[INFO] [1789060514.579157311] [mhe_node]: [tau_phys] roll=+0.001 pitch=+0.007 Nm
[INFO] [1789060514.579739503] [mhe_node]: [mass-diag] m_est=2.0592 T=20.201N tilt=0.60deg cos=0.99995 | T/g=2.0592 T*cos/g=2.0591 | m_est-T*cos/g=+0.0001kg (+0.01%) vz=-0.013
[INFO] [1789060514.580323697] [mhe_node]: [c_xy_est] cx=-0.0003 cy=-0.0000 m
[INFO] [1789060514.580703641] [mhe_node]: [s-decay] n=61 |s_est|=0.00058 |s_target|=0.00000 |s_out|=0.00000 d_s_out=-0.00000 conf=1.000 present=0 armed=0 latched=1 health=1
[INFO] [1789060514.677974746] [mhe_node]: [s-decay] n=62 |s_est|=0.00059 |s_target|=0.00000 |s_out|=0.00000 d_s_out=-0.00000 conf=1.000 present=0 armed=0 latched=1 health=1
[INFO] [1789060514.777000948] [mhe_node]: [s-decay] n=63 |s_est|=0.00060 |s_target|=0.00000 |s_out|=0.00000 d_s_out=-0.00000 conf=1.000 present=0 armed=0 latched=1 health=1
[INFO] [1789060514.877222957] [mhe_node]: [s-decay] n=64 |s_est|=0.00060 |s_target|=0.00000 |s_out|=0.00000 d_s_out=-0.00000 conf=1.000 present=0 armed=0 latched=1 health=1
[INFO] [1789060514.977076569] [mhe_node]: [s-decay] n=65 |s_est|=0.00060 |s_target|=0.00000 |s_out|=0.00000 d_s_out=-0.00000 conf=1.000 present=0 armed=0 latched=1 health=1
[INFO] [1789060515.077108199] [mhe_node]: [s-decay] n=66 |s_est|=0.00060 |s_target|=0.00000 |s_out|=0.00000 d_s_out=-0.00000 conf=1.000 present=0 armed=0 latched=1 health=1
[INFO] [1789060515.177026302] [mhe_node]: [s-decay] n=67 |s_est|=0.00059 |s_target|=0.00000 |s_out|=0.00000 d_s_out=-0.00000 conf=1.000 present=0 armed=0 latched=1 health=1
[INFO] [1789060515.277062259] [mhe_node]: [s-decay] n=68 |s_est|=0.00058 |s_target|=0.00000 |s_out|=0.00000 d_s_out=-0.00000 conf=1.000 present=0 armed=0 latched=1 health=1
[INFO] [1789060515.377012216] [mhe_node]: [s-decay] n=69 |s_est|=0.00057 |s_target|=0.00000 |s_out|=0.00000 d_s_out=-0.00000 conf=1.000 present=0 armed=0 latched=1 health=1
[INFO] [1789060515.477109445] [mhe_node]: [s-decay] n=70 |s_est|=0.00055 |s_target|=0.00000 |s_out|=0.00000 d_s_out=-0.00000 conf=1.000 present=0 armed=0 latched=1 health=1
[INFO] [1789060515.575791201] [mhe_node]: [s-decay] n=71 |s_est|=0.00054 |s_target|=0.00000 |s_out|=0.00000 d_s_out=-0.00000 conf=1.000 present=0 armed=0 latched=1 health=1
[INFO] [1789060515.677080324] [mhe_node]: [s-decay] n=72 |s_est|=0.00052 |s_target|=0.00000 |s_out|=0.00000 d_s_out=-0.00000 conf=1.000 present=0 armed=0 latched=1 health=1
[INFO] [1789060515.777097383] [mhe_node]: [s-decay] n=73 |s_est|=0.00051 |s_target|=0.00000 |s_out|=0.00000 d_s_out=-0.00000 conf=1.000 present=0 armed=0 latched=1 health=1
[INFO] [1789060515.877049967] [mhe_node]: [s-decay] n=74 |s_est|=0.00051 |s_target|=0.00000 |s_out|=0.00000 d_s_out=-0.00000 conf=1.000 present=0 armed=0 latched=1 health=1
[INFO] [1789060515.977069570] [mhe_node]: [s-decay] n=75 |s_est|=0.00050 |s_target|=0.00000 |s_out|=0.00000 d_s_out=-0.00000 conf=1.000 present=0 armed=0 latched=1 health=1
[INFO] [1789060516.077382235] [mhe_node]: [s-decay] n=76 |s_est|=0.00049 |s_target|=0.00000 |s_out|=0.00000 d_s_out=-0.00000 conf=1.000 present=0 armed=0 latched=1 health=1
[INFO] [1789060516.177104245] [mhe_node]: [s-decay] n=77 |s_est|=0.00048 |s_target|=0.00000 |s_out|=0.00000 d_s_out=-0.00000 conf=1.000 present=0 armed=0 latched=1 health=1
[INFO] [1789060516.277127268] [mhe_node]: [s-decay] n=78 |s_est|=0.00046 |s_target|=0.00000 |s_out|=0.00000 d_s_out=-0.00000 conf=1.000 present=0 armed=0 latched=1 health=1
[INFO] [1789060516.377093127] [mhe_node]: [s-decay] n=79 |s_est|=0.00045 |s_target|=0.00000 |s_out|=0.00000 d_s_out=-0.00000 conf=1.000 present=0 armed=0 latched=1 health=1
[INFO] [1789060516.476969798] [mhe_node]: [s-decay] n=80 |s_est|=0.00043 |s_target|=0.00000 |s_out|=0.00000 d_s_out=-0.00000 conf=1.000 present=0 armed=0 latched=1 health=1
[INFO] [1789060516.577158016] [mhe_node]: MHE mass estimate: 2.062 kg (T_phys=20.24N) | solve=3.6ms (max4.5)
[INFO] [1789060516.577702949] [mhe_node]: [truth] m_hat=2.0621 m_true=2.0643 err=-0.11% | c_hat=[+0.0000,+0.0000] c_true=[+0.0000,+0.0000] | Jxx_hat=0.01420 Jxx_true=0.01420 Jyz_hat=+0.00000 Jyz_true=+0.00000 | s_hat=[-0.0004,-0.0000] s_true=[+0.0000,+0.0000] kg·m
[INFO] [1789060516.578224102] [mhe_node]: [tau_phys] roll=+0.003 pitch=+0.003 Nm
[INFO] [1789060516.578803361] [mhe_node]: [mass-diag] m_est=2.0621 T=20.245N tilt=0.35deg cos=0.99998 | T/g=2.0637 T*cos/g=2.0636 | m_est-T*cos/g=-0.0015kg (-0.07%) vz=+0.003
[INFO] [1789060516.579383094] [mhe_node]: [c_xy_est] cx=-0.0002 cy=-0.0000 m
[INFO] [1789060516.579751490] [mhe_node]: [s-decay] n=81 |s_est|=0.00042 |s_target|=0.00000 |s_out|=0.00000 d_s_out=-0.00000 conf=1.000 present=0 armed=0 latched=1 health=1
[INFO] [1789060516.677141103] [mhe_node]: [s-decay] n=82 |s_est|=0.00041 |s_target|=0.00000 |s_out|=0.00000 d_s_out=-0.00000 conf=1.000 present=0 armed=0 latched=1 health=1
[INFO] [1789060516.777054151] [mhe_node]: [s-decay] n=83 |s_est|=0.00040 |s_target|=0.00000 |s_out|=0.00000 d_s_out=-0.00000 conf=1.000 present=0 armed=0 latched=1 health=1
[INFO] [1789060516.877325645] [mhe_node]: [s-decay] n=84 |s_est|=0.00038 |s_target|=0.00000 |s_out|=0.00000 d_s_out=-0.00000 conf=1.000 present=0 armed=0 latched=1 health=1
[INFO] [1789060516.976988270] [mhe_node]: [s-decay] n=85 |s_est|=0.00037 |s_target|=0.00000 |s_out|=0.00000 d_s_out=-0.00000 conf=1.000 present=0 armed=0 latched=1 health=1
[INFO] [1789060517.076987370] [mhe_node]: [s-decay] n=86 |s_est|=0.00036 |s_target|=0.00000 |s_out|=0.00000 d_s_out=-0.00000 conf=1.000 present=0 armed=0 latched=1 health=1
[INFO] [1789060517.175643841] [mhe_node]: [s-decay] n=87 |s_est|=0.00036 |s_target|=0.00000 |s_out|=0.00000 d_s_out=-0.00000 conf=1.000 present=0 armed=0 latched=1 health=1
[INFO] [1789060517.277030349] [mhe_node]: [s-decay] n=88 |s_est|=0.00037 |s_target|=0.00000 |s_out|=0.00000 d_s_out=-0.00000 conf=1.000 present=0 armed=0 latched=1 health=1
[INFO] [1789060517.377088601] [mhe_node]: [s-decay] n=89 |s_est|=0.00038 |s_target|=0.00000 |s_out|=0.00000 d_s_out=-0.00000 conf=1.000 present=0 armed=0 latched=1 health=1
[INFO] [1789060517.478015865] [mhe_node]: [s-decay] n=90 |s_est|=0.00039 |s_target|=0.00000 |s_out|=0.00000 d_s_out=-0.00000 conf=1.000 present=0 armed=0 latched=1 health=1
[INFO] [1789060517.577155655] [mhe_node]: [s-decay] n=91 |s_est|=0.00041 |s_target|=0.00000 |s_out|=0.00000 d_s_out=-0.00000 conf=1.000 present=0 armed=0 latched=1 health=1
[INFO] [1789060517.677025511] [mhe_node]: [s-decay] n=92 |s_est|=0.00043 |s_target|=0.00000 |s_out|=0.00000 d_s_out=-0.00000 conf=1.000 present=0 armed=0 latched=1 health=1
[INFO] [1789060517.776760389] [mhe_node]: [s-decay] n=93 |s_est|=0.00044 |s_target|=0.00000 |s_out|=0.00000 d_s_out=-0.00000 conf=1.000 present=0 armed=0 latched=1 health=1
[INFO] [1789060517.876431702] [mhe_node]: [s-decay] n=94 |s_est|=0.00045 |s_target|=0.00000 |s_out|=0.00000 d_s_out=-0.00000 conf=1.000 present=0 armed=0 latched=1 health=1
[INFO] [1789060517.975785240] [mhe_node]: [s-decay] n=95 |s_est|=0.00046 |s_target|=0.00000 |s_out|=0.00000 d_s_out=-0.00000 conf=1.000 present=0 armed=0 latched=1 health=1
[INFO] [1789060518.075649211] [mhe_node]: [s-decay] n=96 |s_est|=0.00047 |s_target|=0.00000 |s_out|=0.00000 d_s_out=-0.00000 conf=1.000 present=0 armed=0 latched=1 health=1
[INFO] [1789060518.175855450] [mhe_node]: [s-decay] n=97 |s_est|=0.00048 |s_target|=0.00000 |s_out|=0.00000 d_s_out=-0.00000 conf=1.000 present=0 armed=0 latched=1 health=1
[INFO] [1789060518.277027459] [mhe_node]: [s-decay] n=98 |s_est|=0.00048 |s_target|=0.00000 |s_out|=0.00000 d_s_out=-0.00000 conf=1.000 present=0 armed=0 latched=1 health=1
[INFO] [1789060518.376962910] [mhe_node]: [s-decay] n=99 |s_est|=0.00048 |s_target|=0.00000 |s_out|=0.00000 d_s_out=-0.00000 conf=1.000 present=0 armed=0 latched=1 health=1
[INFO] [1789060518.477197590] [mhe_node]: [s-decay] n=100 |s_est|=0.00047 |s_target|=0.00000 |s_out|=0.00000 d_s_out=-0.00000 conf=1.000 present=0 armed=0 latched=1 health=1
[INFO] [1789060518.577167075] [mhe_node]: MHE mass estimate: 2.061 kg (T_phys=20.13N) | solve=3.4ms (max4.6)
[INFO] [1789060518.577700132] [mhe_node]: [truth] m_hat=2.0607 m_true=2.0643 err=-0.18% | c_hat=[+0.0000,+0.0000] c_true=[+0.0000,+0.0000] | Jxx_hat=0.01420 Jxx_true=0.01420 Jyz_hat=+0.00000 Jyz_true=+0.00000 | s_hat=[-0.0005,+0.0000] s_true=[+0.0000,+0.0000] kg·m
[INFO] [1789060518.578218482] [mhe_node]: [tau_phys] roll=+0.002 pitch=+0.004 Nm
[INFO] [1789060518.578803145] [mhe_node]: [mass-diag] m_est=2.0607 T=20.131N tilt=0.30deg cos=0.99999 | T/g=2.0521 T*cos/g=2.0521 | m_est-T*cos/g=+0.0086kg (+0.42%) vz=-0.008
[INFO] [1789060518.579388431] [mhe_node]: [c_xy_est] cx=-0.0002 cy=+0.0000 m
[INFO] [1789060519.073043413] [mhe_node]: [c_xy-clamp] 越界剔除 0/300 (0.0%) 上限 0.0390 kg·m clamp=1
[INFO] [1789060520.577485195] [mhe_node]: MHE mass estimate: 2.061 kg (T_phys=20.21N) | solve=3.7ms (max5.6)
[INFO] [1789060520.578038784] [mhe_node]: [truth] m_hat=2.0611 m_true=2.0643 err=-0.16% | c_hat=[+0.0000,+0.0000] c_true=[+0.0000,+0.0000] | Jxx_hat=0.01420 Jxx_true=0.01420 Jyz_hat=+0.00000 Jyz_true=+0.00000 | s_hat=[-0.0004,-0.0001] s_true=[+0.0000,+0.0000] kg·m
[INFO] [1789060520.578560718] [mhe_node]: [tau_phys] roll=+0.001 pitch=+0.004 Nm
[INFO] [1789060520.579155833] [mhe_node]: [mass-diag] m_est=2.0611 T=20.213N tilt=0.58deg cos=0.99995 | T/g=2.0604 T*cos/g=2.0603 | m_est-T*cos/g=+0.0008kg (+0.04%) vz=-0.009
[INFO] [1789060520.579739911] [mhe_node]: [c_xy_est] cx=-0.0002 cy=-0.0000 m
[INFO] [1789060522.577164930] [mhe_node]: MHE mass estimate: 2.064 kg (T_phys=20.24N) | solve=3.3ms (max3.8)
[INFO] [1789060522.577704757] [mhe_node]: [truth] m_hat=2.0640 m_true=2.0643 err=-0.01% | c_hat=[+0.0000,+0.0000] c_true=[+0.0000,+0.0000] | Jxx_hat=0.01420 Jxx_true=0.01420 Jyz_hat=+0.00000 Jyz_true=+0.00000 | s_hat=[-0.0004,-0.0000] s_true=[+0.0000,+0.0000] kg·m
[INFO] [1789060522.578228630] [mhe_node]: [tau_phys] roll=-0.001 pitch=+0.005 Nm
[INFO] [1789060522.578821291] [mhe_node]: [mass-diag] m_est=2.0640 T=20.237N tilt=0.43deg cos=0.99997 | T/g=2.0628 T*cos/g=2.0628 | m_est-T*cos/g=+0.0012kg (+0.06%) vz=+0.013
[INFO] [1789060522.579406331] [mhe_node]: [c_xy_est] cx=-0.0002 cy=-0.0000 m
[INFO] [1789060524.577379202] [mhe_node]: MHE mass estimate: 2.062 kg (T_phys=20.14N) | solve=3.6ms (max5.2)
[INFO] [1789060524.577957438] [mhe_node]: [truth] m_hat=2.0618 m_true=2.0643 err=-0.12% | c_hat=[+0.0000,+0.0000] c_true=[+0.0000,+0.0000] | Jxx_hat=0.01420 Jxx_true=0.01420 Jyz_hat=+0.00000 Jyz_true=+0.00000 | s_hat=[-0.0003,+0.0000] s_true=[+0.0000,+0.0000] kg·m
[INFO] [1789060524.578494988] [mhe_node]: [tau_phys] roll=+0.002 pitch=+0.005 Nm
[INFO] [1789060524.579105487] [mhe_node]: [mass-diag] m_est=2.0618 T=20.140N tilt=0.54deg cos=0.99995 | T/g=2.0530 T*cos/g=2.0529 | m_est-T*cos/g=+0.0089kg (+0.43%) vz=+0.000
[INFO] [1789060524.579701239] [mhe_node]: [c_xy_est] cx=-0.0001 cy=+0.0000 m
[INFO] [1789060526.577119853] [mhe_node]: MHE mass estimate: 2.061 kg (T_phys=20.28N) | solve=3.6ms (max3.8)
[INFO] [1789060526.577790457] [mhe_node]: [truth] m_hat=2.0613 m_true=2.0643 err=-0.14% | c_hat=[+0.0000,+0.0000] c_true=[+0.0000,+0.0000] | Jxx_hat=0.01420 Jxx_true=0.01420 Jyz_hat=+0.00000 Jyz_true=+0.00000 | s_hat=[-0.0002,-0.0001] s_true=[+0.0000,+0.0000] kg·m
[INFO] [1789060526.578319509] [mhe_node]: [tau_phys] roll=+0.001 pitch=-0.002 Nm
[INFO] [1789060526.578907350] [mhe_node]: [mass-diag] m_est=2.0613 T=20.281N tilt=0.63deg cos=0.99994 | T/g=2.0673 T*cos/g=2.0672 | m_est-T*cos/g=-0.0059kg (-0.28%) vz=+0.000
[INFO] [1789060526.579493821] [mhe_node]: [c_xy_est] cx=-0.0001 cy=-0.0000 m
[INFO] [1789060528.577248717] [mhe_node]: MHE mass estimate: 2.059 kg (T_phys=20.22N) | solve=3.6ms (max3.8)
[INFO] [1789060528.577790204] [mhe_node]: [truth] m_hat=2.0591 m_true=2.0643 err=-0.25% | c_hat=[+0.0000,+0.0000] c_true=[+0.0000,+0.0000] | Jxx_hat=0.01420 Jxx_true=0.01420 Jyz_hat=+0.00000 Jyz_true=+0.00000 | s_hat=[-0.0002,+0.0000] s_true=[+0.0000,+0.0000] kg·m
[INFO] [1789060528.578312882] [mhe_node]: [tau_phys] roll=+0.001 pitch=+0.003 Nm
[INFO] [1789060528.578904867] [mhe_node]: [mass-diag] m_est=2.0591 T=20.221N tilt=0.31deg cos=0.99999 | T/g=2.0612 T*cos/g=2.0612 | m_est-T*cos/g=-0.0021kg (-0.10%) vz=-0.015
[INFO] [1789060528.579488534] [mhe_node]: [c_xy_est] cx=-0.0001 cy=+0.0000 m
[INFO] [1789060530.577202025] [mhe_node]: MHE mass estimate: 2.062 kg (T_phys=20.24N) | solve=4.0ms (max9.8)
[INFO] [1789060530.577743876] [mhe_node]: [truth] m_hat=2.0624 m_true=2.0643 err=-0.09% | c_hat=[+0.0000,+0.0000] c_true=[+0.0000,+0.0000] | Jxx_hat=0.01420 Jxx_true=0.01420 Jyz_hat=+0.00000 Jyz_true=+0.00000 | s_hat=[-0.0004,+0.0000] s_true=[+0.0000,+0.0000] kg·m
[INFO] [1789060530.578269918] [mhe_node]: [tau_phys] roll=-0.001 pitch=+0.006 Nm
[INFO] [1789060530.578863425] [mhe_node]: [mass-diag] m_est=2.0624 T=20.237N tilt=0.58deg cos=0.99995 | T/g=2.0628 T*cos/g=2.0627 | m_est-T*cos/g=-0.0003kg (-0.02%) vz=-0.002
[INFO] [1789060530.579452804] [mhe_node]: [c_xy_est] cx=-0.0002 cy=+0.0000 m
[INFO] [1789060532.577254618] [mhe_node]: MHE mass estimate: 2.062 kg (T_phys=20.20N) | solve=3.6ms (max3.9)
[INFO] [1789060532.577791802] [mhe_node]: [truth] m_hat=2.0620 m_true=2.0643 err=-0.11% | c_hat=[+0.0000,+0.0000] c_true=[+0.0000,+0.0000] | Jxx_hat=0.01420 Jxx_true=0.01420 Jyz_hat=+0.00000 Jyz_true=+0.00000 | s_hat=[-0.0003,-0.0001] s_true=[+0.0000,+0.0000] kg·m
[INFO] [1789060532.578316765] [mhe_node]: [tau_phys] roll=+0.000 pitch=+0.004 Nm
[INFO] [1789060532.578905939] [mhe_node]: [mass-diag] m_est=2.0620 T=20.198N tilt=0.11deg cos=1.00000 | T/g=2.0589 T*cos/g=2.0589 | m_est-T*cos/g=+0.0031kg (+0.15%) vz=-0.001
[INFO] [1789060532.579490188] [mhe_node]: [c_xy_est] cx=-0.0002 cy=-0.0000 m
[INFO] [1789060534.577123543] [mhe_node]: MHE mass estimate: 2.062 kg (T_phys=20.18N) | solve=3.6ms (max3.8)
[INFO] [1789060534.577660909] [mhe_node]: [truth] m_hat=2.0623 m_true=2.0643 err=-0.10% | c_hat=[+0.0000,+0.0000] c_true=[+0.0000,+0.0000] | Jxx_hat=0.01420 Jxx_true=0.01420 Jyz_hat=+0.00000 Jyz_true=+0.00000 | s_hat=[-0.0003,+0.0001] s_true=[+0.0000,+0.0000] kg·m
[INFO] [1789060534.578182861] [mhe_node]: [tau_phys] roll=+0.002 pitch=+0.001 Nm
[INFO] [1789060534.578768559] [mhe_node]: [mass-diag] m_est=2.0623 T=20.180N tilt=0.67deg cos=0.99993 | T/g=2.0571 T*cos/g=2.0569 | m_est-T*cos/g=+0.0054kg (+0.26%) vz=+0.000
[INFO] [1789060534.579353903] [mhe_node]: [c_xy_est] cx=-0.0001 cy=+0.0000 m
[INFO] [1789060536.577170298] [mhe_node]: MHE mass estimate: 2.063 kg (T_phys=20.30N) | solve=3.4ms (max3.6)
[INFO] [1789060536.577712748] [mhe_node]: [truth] m_hat=2.0629 m_true=2.0643 err=-0.07% | c_hat=[+0.0000,+0.0000] c_true=[+0.0000,+0.0000] | Jxx_hat=0.01420 Jxx_true=0.01420 Jyz_hat=+0.00000 Jyz_true=+0.00000 | s_hat=[-0.0004,+0.0001] s_true=[+0.0000,+0.0000] kg·m
[INFO] [1789060536.578234653] [mhe_node]: [tau_phys] roll=-0.001 pitch=-0.003 Nm
[INFO] [1789060536.578824735] [mhe_node]: [mass-diag] m_est=2.0629 T=20.302N tilt=0.19deg cos=0.99999 | T/g=2.0695 T*cos/g=2.0695 | m_est-T*cos/g=-0.0066kg (-0.32%) vz=+0.010
[INFO] [1789060536.579410730] [mhe_node]: [c_xy_est] cx=-0.0002 cy=+0.0000 m
[INFO] [1789060538.577161591] [mhe_node]: MHE mass estimate: 2.060 kg (T_phys=20.21N) | solve=3.5ms (max3.6)
[INFO] [1789060538.577702435] [mhe_node]: [truth] m_hat=2.0601 m_true=2.0643 err=-0.21% | c_hat=[+0.0000,+0.0000] c_true=[+0.0000,+0.0000] | Jxx_hat=0.01420 Jxx_true=0.01420 Jyz_hat=+0.00000 Jyz_true=+0.00000 | s_hat=[-0.0002,-0.0001] s_true=[+0.0000,+0.0000] kg·m
[INFO] [1789060538.578219409] [mhe_node]: [tau_phys] roll=-0.000 pitch=+0.003 Nm
[INFO] [1789060538.578803937] [mhe_node]: [mass-diag] m_est=2.0601 T=20.209N tilt=0.32deg cos=0.99998 | T/g=2.0601 T*cos/g=2.0600 | m_est-T*cos/g=+0.0000kg (+0.00%) vz=-0.007
[INFO] [1789060538.579389328] [mhe_node]: [c_xy_est] cx=-0.0001 cy=-0.0000 m
[INFO] [1789060540.577198050] [mhe_node]: MHE mass estimate: 2.060 kg (T_phys=20.21N) | solve=3.8ms (max5.8)
[INFO] [1789060540.577739027] [mhe_node]: [truth] m_hat=2.0597 m_true=2.0643 err=-0.22% | c_hat=[+0.0000,+0.0000] c_true=[+0.0000,+0.0000] | Jxx_hat=0.01420 Jxx_true=0.01420 Jyz_hat=+0.00000 Jyz_true=+0.00000 | s_hat=[-0.0005,-0.0001] s_true=[+0.0000,+0.0000] kg·m
[INFO] [1789060540.578266063] [mhe_node]: [tau_phys] roll=-0.000 pitch=+0.004 Nm
[INFO] [1789060540.578857336] [mhe_node]: [mass-diag] m_est=2.0597 T=20.214N tilt=0.55deg cos=0.99995 | T/g=2.0606 T*cos/g=2.0605 | m_est-T*cos/g=-0.0008kg (-0.04%) vz=-0.018
[INFO] [1789060540.579440749] [mhe_node]: [c_xy_est] cx=-0.0002 cy=-0.0001 m
[INFO] [1789060542.577254209] [mhe_node]: MHE mass estimate: 2.061 kg (T_phys=20.19N) | solve=3.3ms (max3.6)
[INFO] [1789060542.577788386] [mhe_node]: [truth] m_hat=2.0609 m_true=2.0643 err=-0.16% | c_hat=[+0.0000,+0.0000] c_true=[+0.0000,+0.0000] | Jxx_hat=0.01420 Jxx_true=0.01420 Jyz_hat=+0.00000 Jyz_true=+0.00000 | s_hat=[-0.0002,+0.0000] s_true=[+0.0000,+0.0000] kg·m
[INFO] [1789060542.578303104] [mhe_node]: [tau_phys] roll=+0.002 pitch=+0.002 Nm
[INFO] [1789060542.578888650] [mhe_node]: [mass-diag] m_est=2.0609 T=20.195N tilt=0.62deg cos=0.99994 | T/g=2.0586 T*cos/g=2.0585 | m_est-T*cos/g=+0.0024kg (+0.12%) vz=-0.008
[INFO] [1789060542.579472343] [mhe_node]: [c_xy_est] cx=-0.0001 cy=+0.0000 m
[INFO] [1789060544.577207839] [mhe_node]: MHE mass estimate: 2.064 kg (T_phys=20.22N) | solve=3.7ms (max5.2)
[INFO] [1789060544.577869407] [mhe_node]: [truth] m_hat=2.0641 m_true=2.0643 err=-0.01% | c_hat=[+0.0000,+0.0000] c_true=[+0.0000,+0.0000] | Jxx_hat=0.01420 Jxx_true=0.01420 Jyz_hat=+0.00000 Jyz_true=+0.00000 | s_hat=[-0.0002,+0.0000] s_true=[+0.0000,+0.0000] kg·m
[INFO] [1789060544.578401807] [mhe_node]: [tau_phys] roll=-0.002 pitch=-0.001 Nm
[INFO] [1789060544.578992768] [mhe_node]: [mass-diag] m_est=2.0641 T=20.223N tilt=0.30deg cos=0.99999 | T/g=2.0615 T*cos/g=2.0614 | m_est-T*cos/g=+0.0027kg (+0.13%) vz=+0.019
[INFO] [1789060544.579577650] [mhe_node]: [c_xy_est] cx=-0.0001 cy=+0.0000 m
[INFO] [1789060546.577191611] [mhe_node]: MHE mass estimate: 2.060 kg (T_phys=20.18N) | solve=3.3ms (max3.6)
[INFO] [1789060546.577732428] [mhe_node]: [truth] m_hat=2.0603 m_true=2.0643 err=-0.20% | c_hat=[+0.0000,+0.0000] c_true=[+0.0000,+0.0000] | Jxx_hat=0.01420 Jxx_true=0.01420 Jyz_hat=+0.00000 Jyz_true=+0.00000 | s_hat=[-0.0002,+0.0000] s_true=[+0.0000,+0.0000] kg·m
[INFO] [1789060546.578257062] [mhe_node]: [tau_phys] roll=+0.001 pitch=+0.004 Nm
[INFO] [1789060546.578846196] [mhe_node]: [mass-diag] m_est=2.0603 T=20.182N tilt=0.46deg cos=0.99997 | T/g=2.0573 T*cos/g=2.0573 | m_est-T*cos/g=+0.0030kg (+0.15%) vz=-0.006
[INFO] [1789060546.579419187] [mhe_node]: [c_xy_est] cx=-0.0001 cy=+0.0000 m
[INFO] [1789060548.577135649] [mhe_node]: MHE mass estimate: 2.063 kg (T_phys=20.22N) | solve=3.6ms (max3.9)
[INFO] [1789060548.577676199] [mhe_node]: [truth] m_hat=2.0626 m_true=2.0643 err=-0.08% | c_hat=[+0.0000,+0.0000] c_true=[+0.0000,+0.0000] | Jxx_hat=0.01420 Jxx_true=0.01420 Jyz_hat=+0.00000 Jyz_true=+0.00000 | s_hat=[-0.0003,-0.0001] s_true=[+0.0000,+0.0000] kg·m
[INFO] [1789060548.578199969] [mhe_node]: [tau_phys] roll=+0.000 pitch=-0.000 Nm
[INFO] [1789060548.578791006] [mhe_node]: [mass-diag] m_est=2.0626 T=20.219N tilt=0.47deg cos=0.99997 | T/g=2.0610 T*cos/g=2.0610 | m_est-T*cos/g=+0.0017kg (+0.08%) vz=-0.001
[INFO] [1789060548.579375574] [mhe_node]: [c_xy_est] cx=-0.0001 cy=-0.0000 m
[INFO] [1789060549.073093656] [mhe_node]: [c_xy-clamp] 越界剔除 0/600 (0.0%) 上限 0.0390 kg·m clamp=1
[ros2run]: Killed
