[INFO] [1789406599.500122645] [proximity_gripper_node]: proximity_gripper ready (gz-transport): drone=x500_0 targets=['box', 'box2', 'box3', 'box4'] pose_topic=/world/gripper_test/pose/info r_xy=0.18 h=[0.3,1.5] v_rel_max=0.2 detach_delay=0.00s partial_loss=[(45.0, 'box4'), (80.0, 'box3'), (115.0, 'box2')]
[INFO] [1789406632.798635786] [proximity_gripper_node]: gripper ENABLED
[INFO] [1789406632.895588359] [proximity_gripper_node]: attach condition met: d_xy=0.158 dz=0.529 v_rel=0.000 (r_xy 上限 0.180)
[INFO] [1789406632.895954033] [proximity_gripper_node]: -> ATTACH "x500_0 base_link box box_link"
[INFO] [1789406632.896105209] [proximity_gripper_node]: -> attach offset (box - drone) = [-0.087, -0.132, -0.529] m
[INFO] [1789406632.896240029] [proximity_gripper_node]: attach condition met: d_xy=0.132 dz=0.529 v_rel=0.000 (r_xy 上限 0.180)
[INFO] [1789406632.896346914] [proximity_gripper_node]: -> ATTACH "x500_0 base_link box2 box_link"
[INFO] [1789406632.896462704] [proximity_gripper_node]: -> attach offset (box - drone) = [+0.003, -0.132, -0.529] m
[INFO] [1789406632.896586403] [proximity_gripper_node]: attach condition met: d_xy=0.097 dz=0.529 v_rel=0.000 (r_xy 上限 0.180)
[INFO] [1789406632.896684216] [proximity_gripper_node]: -> ATTACH "x500_0 base_link box3 box_link"
[INFO] [1789406632.896793405] [proximity_gripper_node]: -> attach offset (box - drone) = [-0.087, -0.042, -0.529] m
[INFO] [1789406632.896916364] [proximity_gripper_node]: attach condition met: d_xy=0.042 dz=0.529 v_rel=0.000 (r_xy 上限 0.180)
[INFO] [1789406632.897014206] [proximity_gripper_node]: -> ATTACH "x500_0 base_link box4 box_link"
[INFO] [1789406632.897125579] [proximity_gripper_node]: -> attach offset (box - drone) = [+0.003, -0.042, -0.529] m
[INFO] [1789406677.995644802] [proximity_gripper_node]: -> DETACH "x500_0 base_link box4 box_link"
[WARN] [1789406677.995807772] [proximity_gripper_node]: PARTIAL LOSS injected "box4" at +45.10s after first attach (was_attached=True, remaining=['box', 'box2', 'box3'])
[INFO] [1789406712.995583877] [proximity_gripper_node]: -> DETACH "x500_0 base_link box3 box_link"
[WARN] [1789406712.995800985] [proximity_gripper_node]: PARTIAL LOSS injected "box3" at +80.10s after first attach (was_attached=True, remaining=['box', 'box2'])
[INFO] [1789406747.995565901] [proximity_gripper_node]: -> DETACH "x500_0 base_link box2 box_link"
[WARN] [1789406747.995787424] [proximity_gripper_node]: PARTIAL LOSS injected "box2" at +115.10s after first attach (was_attached=True, remaining=['box'])
[ros2run]: Killed
