[INFO] [1789066091.712043406] [mhe_node]: MHE node starting, building/loading solver... (geom_coupled=True, N=20, m_min=1.961, m_B=2.0643)
Code reuse possible, skipping code generation.
acados was compiled without OpenMP.
[INFO] [1789066091.718871764] [mhe_node]: [prior] geom_coupled=True → 载荷质量信息**完全不生效**(grip_payload_envelope=0.3 是死代码:coupled 档下 _payload_geometry 根本不被调用);模型只吃可测杆臂 r_p + 被估质量,m 的先验仅有 Q0 质量维=0.1 (σ=3.16kg,实质无先验)
[WARN] [1789066091.719357241] [mhe_node]: geom_release_mode='self':估计器不被告知 drop。⚠️ 2026-08-24 实测,**NMPC 侧也设成 'self' 会必然坠机**——drop 后控制器继续按幽灵偏心载荷配平,指令 0.424N·m(tau_max 的 85%)作用在空机 J_xx=0.0142 上 = 29.8 rad/s²,而 MHE 10Hz/2s 窗口要 1~2s 才纠得过来,飞机先翻。**正确组合 = MHE 'self' + NMPC 'event'**(控制器是发释放指令的一方,它知道不构成认知作弊)。
[INFO] [1789066091.721277029] [mhe_node]: [moment-ref] 物理上限由平台包线派生: 0.0390 kg·m = 0.30kg x 0.13m
[INFO] [1789066091.721914517] [mhe_node]: [c_xy_est] 质量域卸载判据已开:先武装(m_p>0.090kg),再判 m_p<0.03kg 持续 20 帧 -> 释放偏心估计
[INFO] [1789066091.722558199] [mhe_node]: [c_xy] 来源 = 一阶质量矩 s/m_T(窗口内估计,**无稳态门控**),替代窗外 EMA —— 机动中也会更新
[INFO] [1789066091.723665217] [mhe_node]: weight schedule theta = [-4.00, 0.00, 0.00, 0.00], signal mode = residual (residual self-trigger: thresh=4.4N persist=2 baseline_tau=3.0s)
[INFO] [1789066091.727813285] [mhe_node]: MHE node initialized! tau_source=command (roll/pitch NMPC意图值, yaw NMPC意图值), motor_window_avg=False, geom_release_mode=self. Waiting for odometry + control data...
[INFO] [1789066113.827474549] [mhe_node]: [no-signal] baseline settled at 19.93N (quiet 20 frames); detector armed
[INFO] [1789066113.827756931] [mhe_node]: arrival prior seeded: m=2.064 kg (m_nominal prior)
[INFO] [1789066113.828141395] [mhe_node]: [geom] model_geom_on=True (release_mode=self, truth_attached=False) mode=coupled(r_p) -> geom=[ 0.    0.   -0.47] dJ=0.0000 c_xy=[+0.0000,+0.0000] (dJ/c 为按当前 m_est 折算的诊断当量,模型内部随 m 实时生成)
[INFO] [1789066115.741663075] [mhe_node]: MHE mass estimate: 2.055 kg (T_phys=19.96N) | solve=4.4ms (max13.4)
[INFO] [1789066115.742209264] [mhe_node]: [truth] m_hat=2.0547 m_true=2.0643 err=-0.47% | c_hat=[+0.0000,+0.0000] c_true=[+0.0000,+0.0000] | Jxx_hat=0.01420 Jxx_true=0.01420 Jyz_hat=+0.00000 Jyz_true=+0.00000 | s_hat=[-0.0014,-0.0002] s_true=[+0.0000,+0.0000] kg·m
[INFO] [1789066115.742724879] [mhe_node]: [tau_phys] roll=+0.007 pitch=-0.067 Nm
[INFO] [1789066115.743315534] [mhe_node]: [mass-diag] m_est=2.0547 T=19.960N tilt=5.18deg cos=0.99591 | T/g=2.0347 T*cos/g=2.0264 | m_est-T*cos/g=+0.0283kg (+1.40%) vz=+0.122
[INFO] [1789066115.743896685] [mhe_node]: [c_xy_est] cx=-0.0004 cy=-0.0001 m
[INFO] [1789066117.731508756] [mhe_node]: MHE mass estimate: 2.063 kg (T_phys=20.26N) | solve=11.0ms (max16.6)
[INFO] [1789066117.731913869] [mhe_node]: [truth] m_hat=2.0633 m_true=2.0643 err=-0.05% | c_hat=[+0.0000,+0.0000] c_true=[+0.0000,+0.0000] | Jxx_hat=0.01420 Jxx_true=0.01420 Jyz_hat=+0.00000 Jyz_true=+0.00000 | s_hat=[-0.0010,+0.0001] s_true=[+0.0000,+0.0000] kg·m
[INFO] [1789066117.732280286] [mhe_node]: [tau_phys] roll=+0.002 pitch=+0.006 Nm
[INFO] [1789066117.732703244] [mhe_node]: [mass-diag] m_est=2.0633 T=20.259N tilt=2.35deg cos=0.99916 | T/g=2.0651 T*cos/g=2.0634 | m_est-T*cos/g=-0.0001kg (-0.00%) vz=+0.027
[INFO] [1789066117.733111027] [mhe_node]: [c_xy_est] cx=-0.0004 cy=+0.0001 m
[INFO] [1789066119.744594104] [mhe_node]: MHE mass estimate: 2.057 kg (T_phys=20.25N) | solve=5.3ms (max16.2)
[INFO] [1789066119.745136799] [mhe_node]: [truth] m_hat=2.0567 m_true=2.0643 err=-0.37% | c_hat=[+0.0000,+0.0000] c_true=[+0.0000,+0.0000] | Jxx_hat=0.01420 Jxx_true=0.01420 Jyz_hat=+0.00000 Jyz_true=+0.00000 | s_hat=[-0.0001,-0.0001] s_true=[+0.0000,+0.0000] kg·m
[INFO] [1789066119.745655857] [mhe_node]: [tau_phys] roll=-0.001 pitch=-0.001 Nm
[INFO] [1789066119.746241522] [mhe_node]: [mass-diag] m_est=2.0567 T=20.253N tilt=0.30deg cos=0.99999 | T/g=2.0646 T*cos/g=2.0645 | m_est-T*cos/g=-0.0078kg (-0.38%) vz=-0.012
[INFO] [1789066119.746820124] [mhe_node]: [c_xy_est] cx=-0.0000 cy=-0.0001 m
[INFO] [1789066121.727452713] [mhe_node]: [release-resid] STRONG 票: ΔT=-0.97N x4帧 (floor 0.9N)
[INFO] [1789066121.734595185] [mhe_node]: MHE mass estimate: 2.049 kg (T_phys=17.84N) | solve=4.5ms (max7.9)
[INFO] [1789066121.735130966] [mhe_node]: [truth] m_hat=2.0490 m_true=2.0643 err=-0.74% | c_hat=[+0.0000,+0.0000] c_true=[+0.0000,+0.0000] | Jxx_hat=0.01420 Jxx_true=0.01420 Jyz_hat=+0.00000 Jyz_true=+0.00000 | s_hat=[+0.0002,+0.0001] s_true=[+0.0000,+0.0000] kg·m
[INFO] [1789066121.735721833] [mhe_node]: [tau_phys] roll=-0.002 pitch=+0.002 Nm
[INFO] [1789066121.736489925] [mhe_node]: [mass-diag] m_est=2.0490 T=17.840N tilt=0.19deg cos=0.99999 | T/g=1.8186 T*cos/g=1.8186 | m_est-T*cos/g=+0.2305kg (+12.67%) vz=-0.353
[INFO] [1789066121.737069831] [mhe_node]: [c_xy_est] cx=+0.0001 cy=+0.0000 m
[INFO] [1789066123.732072414] [mhe_node]: MHE mass estimate: 2.057 kg (T_phys=20.27N) | solve=6.0ms (max13.0)
[INFO] [1789066123.732613870] [mhe_node]: [truth] m_hat=2.0565 m_true=2.0643 err=-0.38% | c_hat=[+0.0000,+0.0000] c_true=[+0.0000,+0.0000] | Jxx_hat=0.01420 Jxx_true=0.01420 Jyz_hat=+0.00000 Jyz_true=+0.00000 | s_hat=[-0.0001,+0.0000] s_true=[+0.0000,+0.0000] kg·m
[INFO] [1789066123.733130814] [mhe_node]: [tau_phys] roll=-0.001 pitch=-0.001 Nm
[INFO] [1789066123.733714407] [mhe_node]: [mass-diag] m_est=2.0565 T=20.266N tilt=0.25deg cos=0.99999 | T/g=2.0659 T*cos/g=2.0658 | m_est-T*cos/g=-0.0093kg (-0.45%) vz=-0.066
[INFO] [1789066123.734295706] [mhe_node]: [c_xy_est] cx=-0.0000 cy=+0.0000 m
[INFO] [1789066125.731813332] [mhe_node]: MHE mass estimate: 2.062 kg (T_phys=20.31N) | solve=4.5ms (max9.4)
[INFO] [1789066125.732353662] [mhe_node]: [truth] m_hat=2.0619 m_true=2.0643 err=-0.12% | c_hat=[+0.0000,+0.0000] c_true=[+0.0000,+0.0000] | Jxx_hat=0.01420 Jxx_true=0.01420 Jyz_hat=+0.00000 Jyz_true=+0.00000 | s_hat=[+0.0001,-0.0000] s_true=[+0.0000,+0.0000] kg·m
[INFO] [1789066125.732892861] [mhe_node]: [tau_phys] roll=-0.000 pitch=+0.000 Nm
[INFO] [1789066125.733478997] [mhe_node]: [mass-diag] m_est=2.0619 T=20.313N tilt=0.22deg cos=0.99999 | T/g=2.0706 T*cos/g=2.0706 | m_est-T*cos/g=-0.0087kg (-0.42%) vz=-0.006
[INFO] [1789066125.734061273] [mhe_node]: [c_xy_est] cx=+0.0000 cy=-0.0000 m
[WARN] [1789066127.217161253] [mhe_node]: MHE solve failed [status=2], skipping this window (streak 1)
[WARN] [1789066127.400357303] [mhe_node]: MHE solve failed [status=2], skipping this window (streak 1)
[WARN] [1789066127.500580732] [mhe_node]: MHE solve failed [status=2], skipping this window (streak 2)
[WARN] [1789066127.602267127] [mhe_node]: MHE solve failed [status=2], skipping this window (streak 3)
[WARN] [1789066127.702466469] [mhe_node]: MHE solve failed [status=2], skipping this window (streak 4)
[WARN] [1789066127.801337646] [mhe_node]: MHE solve failed [status=2], skipping this window (streak 5)
[WARN] [1789066127.801668337] [mhe_node]: re-anchored arrival prior to current window after 5 consecutive failures (m seeded from thrust_phys: 1.961 -> 1.961 kg)
[WARN] [1789066127.900704806] [mhe_node]: MHE solve failed [status=2], skipping this window (streak 1)
[WARN] [1789066128.002477077] [mhe_node]: MHE solve failed [status=2], skipping this window (streak 2)
[WARN] [1789066128.100145879] [mhe_node]: MHE solve failed [status=2], skipping this window (streak 3)
[WARN] [1789066128.215608348] [mhe_node]: MHE solve failed [status=2], skipping this window (streak 4)
[WARN] [1789066128.301714881] [mhe_node]: MHE solve failed [status=2], skipping this window (streak 5)
[WARN] [1789066128.302041786] [mhe_node]: re-anchored arrival prior to current window after 5 consecutive failures (m seeded from thrust_phys: 1.961 -> 1.961 kg)
[WARN] [1789066128.400679035] [mhe_node]: MHE solve failed [status=2], skipping this window (streak 1)
[WARN] [1789066128.502355235] [mhe_node]: MHE solve failed [status=2], skipping this window (streak 2)
[WARN] [1789066128.601800872] [mhe_node]: MHE solve failed [status=2], skipping this window (streak 3)
[WARN] [1789066128.701797182] [mhe_node]: MHE solve failed [status=2], skipping this window (streak 4)
[WARN] [1789066128.801122967] [mhe_node]: MHE solve failed [status=2], skipping this window (streak 5)
[WARN] [1789066128.801444313] [mhe_node]: re-anchored arrival prior to current window after 5 consecutive failures (m seeded from thrust_phys: 1.961 -> 1.961 kg)
[WARN] [1789066128.902030665] [mhe_node]: MHE solve failed [status=2], skipping this window (streak 1)
[WARN] [1789066129.001402541] [mhe_node]: MHE solve failed [status=2], skipping this window (streak 2)
[WARN] [1789066129.101673244] [mhe_node]: MHE solve failed [status=2], skipping this window (streak 3)
[WARN] [1789066129.202866548] [mhe_node]: MHE solve failed [status=2], skipping this window (streak 4)
[WARN] [1789066129.301002359] [mhe_node]: MHE solve failed [status=2], skipping this window (streak 5)
[WARN] [1789066129.301323376] [mhe_node]: re-anchored arrival prior to current window after 5 consecutive failures (m seeded from thrust_phys: 1.961 -> 1.961 kg)
[WARN] [1789066129.401934741] [mhe_node]: MHE solve failed [status=2], skipping this window (streak 1)
[INFO] [1789066129.427613270] [mhe_node]: [no-signal] mass mutation self-detected at frame 175: T_phys=14.43N vs baseline 19.82N (dev 5.39N > 4.4N over 2 frames, direction=DROP); de-weighting pre-event stages
[INFO] [1789066129.428362256] [mhe_node]: event transition started: pre-event stages de-weighted
[WARN] [1789066129.494937395] [mhe_node]: MHE solve failed [status=2], skipping this window (streak 2)
[WARN] [1789066129.599921350] [mhe_node]: MHE solve failed [status=2], skipping this window (streak 3)
[INFO] [1789066129.627531454] [mhe_node]: [release-resid] STRONG 票: ΔT=-3.64N x4帧 (floor 0.9N)
[WARN] [1789066129.703206012] [mhe_node]: MHE solve failed [status=2], skipping this window (streak 4)
[WARN] [1789066129.803040028] [mhe_node]: MHE solve failed [status=2], skipping this window (streak 5)
[WARN] [1789066129.803362125] [mhe_node]: re-anchored arrival prior to current window after 5 consecutive failures (m seeded from thrust_phys: 1.961 -> 1.961 kg)
[WARN] [1789066129.906390390] [mhe_node]: MHE solve failed [status=2], skipping this window (streak 1)
[WARN] [1789066130.002881120] [mhe_node]: MHE solve failed [status=2], skipping this window (streak 2)
[WARN] [1789066130.106167453] [mhe_node]: MHE solve failed [status=2], skipping this window (streak 3)
[WARN] [1789066130.127199501] [mhe_node]: [payload-health] input stream stale; MHE window cleared, publishing held estimate as unhealthy
[WARN] [1789066131.227288856] [mhe_node]: [payload-health] input stream stale; MHE window cleared, publishing held estimate as unhealthy
[INFO] [1789066133.327535210] [mhe_node]: arrival prior seeded: m=2.064 kg (m_nominal prior)
[INFO] [1789066133.328591817] [mhe_node]: event transition ended: nominal weights restored
[WARN] [1789066133.496290657] [mhe_node]: MHE solve failed [status=2], skipping this window (streak 1)
[WARN] [1789066133.596651562] [mhe_node]: MHE solve failed [status=2], skipping this window (streak 2)
[WARN] [1789066133.627482721] [mhe_node]: [payload-health] input stream stale; MHE window cleared, publishing held estimate as unhealthy
[ros2run]: Killed
