[INFO] [1785421186.786945868] [mhe_node]: MHE node starting, building/loading solver...
Code reuse possible, skipping code generation.
acados was compiled without OpenMP.
[INFO] [1785421186.793434656] [mhe_node]: weight schedule theta = [-4.80, -1.21, 0.49, -0.96], signal mode = external
[INFO] [1785421186.797320160] [mhe_node]: MHE node initialized! Waiting for odometry + control data...
[INFO] [1785421214.897518829] [mhe_node]: [geom] payload_attached=False -> dJ=0.0000 c_xy=[+0.0000,+0.0000]
[INFO] [1785421216.799645378] [mhe_node]: MHE mass estimate: 2.061 kg (T_phys=18.36N)
[INFO] [1785421216.800050000] [mhe_node]: [tau_phys] roll=-0.000 pitch=-0.003 Nm
[INFO] [1785421216.800444436] [mhe_node]: [c_xy_est] cx=+0.0002 cy=+0.0000 m
[INFO] [1785421218.800090778] [mhe_node]: MHE mass estimate: 2.078 kg (T_phys=20.21N)
[INFO] [1785421218.800494234] [mhe_node]: [tau_phys] roll=+0.000 pitch=+0.001 Nm
[INFO] [1785421218.800888905] [mhe_node]: [c_xy_est] cx=+0.0001 cy=-0.0000 m
[INFO] [1785421219.675750388] [mhe_node]: mass event [attach (gripper)] received at frame 68: armed, waiting for T_phys confirmation (baseline=20.34N, thresh=1.5N)
[INFO] [1785421219.697415498] [mhe_node]: [geom] payload_attached=True -> dJ=0.0479 c_xy=[+0.0003,-0.0115]
[INFO] [1785421219.706448210] [mhe_node]: [post-event] m_est=1.994 kg (T_phys=20.34N)
[INFO] [1785421219.801999857] [mhe_node]: [post-event] m_est=1.999 kg (T_phys=19.48N)
[INFO] [1785421219.902745179] [mhe_node]: [post-event] m_est=2.000 kg (T_phys=19.52N)
[INFO] [1785421220.002639898] [mhe_node]: [post-event] m_est=1.999 kg (T_phys=19.52N)
[INFO] [1785421220.103993724] [mhe_node]: [post-event] m_est=1.998 kg (T_phys=19.49N)
[INFO] [1785421220.203017346] [mhe_node]: [post-event] m_est=1.994 kg (T_phys=19.47N)
[INFO] [1785421220.306556097] [mhe_node]: [post-event] m_est=1.989 kg (T_phys=19.43N)
[INFO] [1785421220.406964368] [mhe_node]: [post-event] m_est=1.983 kg (T_phys=19.37N)
[INFO] [1785421220.510069370] [mhe_node]: [post-event] m_est=1.977 kg (T_phys=19.30N)
[INFO] [1785421220.605675953] [mhe_node]: [post-event] m_est=1.969 kg (T_phys=19.23N)
[INFO] [1785421220.708402683] [mhe_node]: [post-event] m_est=1.963 kg (T_phys=19.14N)
[INFO] [1785421220.806978508] [mhe_node]: [post-event] m_est=1.961 kg (T_phys=19.05N)
[INFO] [1785421220.807412929] [mhe_node]: MHE mass estimate: 1.961 kg (T_phys=19.05N)
[INFO] [1785421220.807781842] [mhe_node]: [tau_phys] roll=+0.034 pitch=-0.119 Nm | model pred: roll=-0.000 pitch=-0.000 (m_p=0.000 r=[+0.004,-0.130])
[INFO] [1785421220.808403817] [mhe_node]: [c_xy_est] cx=+0.0024 cy=+0.0002 m | truth c=[+0.0000,-0.0000] (m_p=0.000)
[INFO] [1785421220.907463477] [mhe_node]: [post-event] m_est=1.961 kg (T_phys=19.01N)
[INFO] [1785421221.005588709] [mhe_node]: [post-event] m_est=1.961 kg (T_phys=18.99N)
[INFO] [1785421221.108145112] [mhe_node]: [post-event] m_est=1.961 kg (T_phys=18.99N)
[INFO] [1785421221.205711537] [mhe_node]: [post-event] m_est=1.961 kg (T_phys=18.95N)
[INFO] [1785421221.305287405] [mhe_node]: [post-event] m_est=1.961 kg (T_phys=18.92N)
[INFO] [1785421221.405266815] [mhe_node]: [post-event] m_est=1.961 kg (T_phys=18.93N)
[INFO] [1785421221.506136840] [mhe_node]: [post-event] m_est=1.961 kg (T_phys=19.01N)
[INFO] [1785421221.607756633] [mhe_node]: [post-event] m_est=1.961 kg (T_phys=19.24N)
[INFO] [1785421221.707760333] [mhe_node]: [post-event] m_est=1.961 kg (T_phys=19.64N)
[INFO] [1785421221.805964976] [mhe_node]: [post-event] m_est=1.961 kg (T_phys=20.21N)
[INFO] [1785421221.905325765] [mhe_node]: [post-event] m_est=1.961 kg (T_phys=20.98N)
[INFO] [1785421221.997355256] [mhe_node]: mass event confirmed by T_phys (21.92N vs baseline 20.34N) at frame 91: de-weighting pre-event stages
[INFO] [1785421221.998032948] [mhe_node]: event transition started: pre-event stages de-weighted
[INFO] [1785421222.006284801] [mhe_node]: [transition] m_est=1.961 kg (T_phys=21.92N)
[INFO] [1785421222.101726994] [mhe_node]: [transition] m_est=1.985 kg (T_phys=23.05N)
[INFO] [1785421222.199571435] [mhe_node]: [transition] m_est=2.077 kg (T_phys=24.30N)
[INFO] [1785421222.300333659] [mhe_node]: [transition] m_est=2.176 kg (T_phys=25.67N)
[INFO] [1785421222.400388826] [mhe_node]: [transition] m_est=2.231 kg (T_phys=26.47N)
[INFO] [1785421222.500136465] [mhe_node]: [transition] m_est=2.243 kg (T_phys=25.97N)
[INFO] [1785421222.600716346] [mhe_node]: [transition] m_est=2.241 kg (T_phys=25.07N)
[INFO] [1785421222.701158367] [mhe_node]: [transition] m_est=2.229 kg (T_phys=23.95N)
[INFO] [1785421222.802559816] [mhe_node]: [transition] m_est=2.208 kg (T_phys=23.00N)
[INFO] [1785421222.803008227] [mhe_node]: MHE mass estimate: 2.208 kg (T_phys=23.00N)
[INFO] [1785421222.803391887] [mhe_node]: [tau_phys] roll=-0.215 pitch=+0.011 Nm | model pred: roll=-0.183 pitch=-0.005 (m_p=0.144 r=[+0.004,-0.130])
[INFO] [1785421222.803787724] [mhe_node]: [c_xy_est] cx=+0.0020 cy=-0.0014 m | truth c=[+0.0002,-0.0085] (m_p=0.144)
[INFO] [1785421222.901918998] [mhe_node]: [transition] m_est=2.188 kg (T_phys=22.50N)
[INFO] [1785421223.003888719] [mhe_node]: [transition] m_est=2.177 kg (T_phys=22.02N)
[INFO] [1785421223.102293907] [mhe_node]: [transition] m_est=2.167 kg (T_phys=21.92N)
[INFO] [1785421223.201202304] [mhe_node]: [transition] m_est=2.162 kg (T_phys=21.81N)
[INFO] [1785421223.302722225] [mhe_node]: [transition] m_est=2.160 kg (T_phys=21.58N)
[INFO] [1785421223.402674658] [mhe_node]: [transition] m_est=2.158 kg (T_phys=21.44N)
[INFO] [1785421223.501463967] [mhe_node]: [transition] m_est=2.157 kg (T_phys=21.13N)
[INFO] [1785421223.604919453] [mhe_node]: [transition] m_est=2.156 kg (T_phys=20.91N)
[INFO] [1785421223.703547461] [mhe_node]: [transition] m_est=2.156 kg (T_phys=20.59N)
[INFO] [1785421223.804687842] [mhe_node]: [transition] m_est=2.156 kg (T_phys=20.38N)
[INFO] [1785421223.903631338] [mhe_node]: [transition] m_est=2.157 kg (T_phys=20.19N)
[INFO] [1785421223.998156279] [mhe_node]: event transition ended: nominal weights restored
[INFO] [1785421224.002528987] [mhe_node]: [post-event] m_est=2.157 kg (T_phys=20.12N)
[INFO] [1785421224.103806575] [mhe_node]: [post-event] m_est=2.158 kg (T_phys=20.09N)
[INFO] [1785421224.201189532] [mhe_node]: [post-event] m_est=2.162 kg (T_phys=20.19N)
[INFO] [1785421224.301140915] [mhe_node]: [post-event] m_est=2.169 kg (T_phys=20.43N)
[INFO] [1785421224.403006201] [mhe_node]: [post-event] m_est=2.178 kg (T_phys=20.75N)
[INFO] [1785421224.501859922] [mhe_node]: [post-event] m_est=2.187 kg (T_phys=21.10N)
[INFO] [1785421224.602236085] [mhe_node]: [post-event] m_est=2.196 kg (T_phys=21.38N)
[INFO] [1785421224.701894841] [mhe_node]: [post-event] m_est=2.205 kg (T_phys=21.61N)
[INFO] [1785421224.801520528] [mhe_node]: [post-event] m_est=2.213 kg (T_phys=21.75N)
[INFO] [1785421224.801955879] [mhe_node]: MHE mass estimate: 2.213 kg (T_phys=21.75N)
[INFO] [1785421224.802339369] [mhe_node]: [tau_phys] roll=-0.270 pitch=+0.013 Nm | model pred: roll=-0.189 pitch=-0.005 (m_p=0.148 r=[+0.004,-0.130])
[INFO] [1785421224.802736507] [mhe_node]: [c_xy_est] cx=+0.0003 cy=-0.0080 m | truth c=[+0.0002,-0.0087] (m_p=0.148)
[INFO] [1785421224.901525968] [mhe_node]: [post-event] m_est=2.220 kg (T_phys=21.82N)
[INFO] [1785421225.001515259] [mhe_node]: [post-event] m_est=2.226 kg (T_phys=21.87N)
[INFO] [1785421225.101470897] [mhe_node]: [post-event] m_est=2.233 kg (T_phys=21.89N)
[INFO] [1785421225.200348465] [mhe_node]: [post-event] m_est=2.238 kg (T_phys=21.92N)
[INFO] [1785421225.301186262] [mhe_node]: [post-event] m_est=2.243 kg (T_phys=21.94N)
[INFO] [1785421225.401194677] [mhe_node]: [post-event] m_est=2.248 kg (T_phys=21.98N)
[INFO] [1785421225.501696582] [mhe_node]: [post-event] m_est=2.251 kg (T_phys=22.00N)
[INFO] [1785421225.601053423] [mhe_node]: [post-event] m_est=2.254 kg (T_phys=22.01N)
[INFO] [1785421225.701036145] [mhe_node]: [post-event] m_est=2.256 kg (T_phys=22.00N)
[INFO] [1785421225.801076523] [mhe_node]: [post-event] m_est=2.257 kg (T_phys=21.99N)
[INFO] [1785421225.900246862] [mhe_node]: [post-event] m_est=2.258 kg (T_phys=22.00N)
[INFO] [1785421226.000531532] [mhe_node]: [post-event] m_est=2.258 kg (T_phys=22.01N)
[INFO] [1785421226.100673325] [mhe_node]: [post-event] m_est=2.258 kg (T_phys=22.04N)
[INFO] [1785421226.200670684] [mhe_node]: [post-event] m_est=2.257 kg (T_phys=22.06N)
[INFO] [1785421226.300682542] [mhe_node]: [post-event] m_est=2.257 kg (T_phys=22.07N)
[INFO] [1785421226.400675573] [mhe_node]: [post-event] m_est=2.257 kg (T_phys=22.06N)
[INFO] [1785421226.500694727] [mhe_node]: [post-event] m_est=2.256 kg (T_phys=22.05N)
[INFO] [1785421226.600320938] [mhe_node]: [post-event] m_est=2.256 kg (T_phys=22.04N)
[INFO] [1785421226.800771526] [mhe_node]: MHE mass estimate: 2.256 kg (T_phys=22.05N)
[INFO] [1785421226.801171954] [mhe_node]: [tau_phys] roll=-0.265 pitch=+0.006 Nm | model pred: roll=-0.245 pitch=-0.007 (m_p=0.192 r=[+0.004,-0.130])
[INFO] [1785421226.801575268] [mhe_node]: [c_xy_est] cx=-0.0002 cy=-0.0104 m | truth c=[+0.0003,-0.0111] (m_p=0.192)
[INFO] [1785421228.800072773] [mhe_node]: MHE mass estimate: 2.260 kg (T_phys=22.22N)
[INFO] [1785421228.800473607] [mhe_node]: [tau_phys] roll=-0.238 pitch=+0.008 Nm | model pred: roll=-0.250 pitch=-0.007 (m_p=0.196 r=[+0.004,-0.130])
[INFO] [1785421228.800875844] [mhe_node]: [c_xy_est] cx=-0.0003 cy=-0.0110 m | truth c=[+0.0003,-0.0113] (m_p=0.196)
[INFO] [1785421230.800058803] [mhe_node]: MHE mass estimate: 2.261 kg (T_phys=22.17N)
[INFO] [1785421230.800451905] [mhe_node]: [tau_phys] roll=-0.262 pitch=+0.012 Nm | model pred: roll=-0.251 pitch=-0.007 (m_p=0.196 r=[+0.004,-0.130])
[INFO] [1785421230.800850958] [mhe_node]: [c_xy_est] cx=-0.0005 cy=-0.0114 m | truth c=[+0.0003,-0.0113] (m_p=0.196)
[INFO] [1785421232.800079137] [mhe_node]: MHE mass estimate: 2.262 kg (T_phys=22.17N)
[INFO] [1785421232.800468565] [mhe_node]: [tau_phys] roll=-0.264 pitch=+0.009 Nm | model pred: roll=-0.253 pitch=-0.007 (m_p=0.198 r=[+0.004,-0.130])
[INFO] [1785421232.800862168] [mhe_node]: [c_xy_est] cx=-0.0004 cy=-0.0115 m | truth c=[+0.0003,-0.0114] (m_p=0.198)
[ros2run]: Killed
