[INFO] [1785422349.662916931] [mhe_node]: MHE node starting, building/loading solver...
Code reuse possible, skipping code generation.
acados was compiled without OpenMP.
[INFO] [1785422349.669312688] [mhe_node]: weight schedule theta = [-4.80, -1.21, 0.49, -0.96], signal mode = external
[INFO] [1785422349.673143038] [mhe_node]: MHE node initialized! Waiting for odometry + control data...
[INFO] [1785422377.673302485] [mhe_node]: [geom] payload_attached=False -> dJ=0.0000 c_xy=[+0.0000,+0.0000]
[INFO] [1785422379.574878695] [mhe_node]: MHE mass estimate: 2.060 kg (T_phys=18.70N)
[INFO] [1785422379.575167991] [mhe_node]: [tau_phys] roll=+0.003 pitch=+0.002 Nm
[INFO] [1785422379.575444355] [mhe_node]: [c_xy_est] cx=-0.0001 cy=+0.0000 m
[INFO] [1785422381.575447037] [mhe_node]: MHE mass estimate: 2.066 kg (T_phys=20.36N)
[INFO] [1785422381.575857126] [mhe_node]: [tau_phys] roll=-0.000 pitch=+0.002 Nm
[INFO] [1785422381.576260166] [mhe_node]: [c_xy_est] cx=-0.0000 cy=-0.0000 m
[INFO] [1785422382.048995116] [mhe_node]: mass event [attach (gripper)] received at frame 64: armed, waiting for T_phys confirmation (baseline=20.43N, thresh=1.5N)
[INFO] [1785422382.073214872] [mhe_node]: [geom] payload_attached=True -> dJ=0.0891 c_xy=[-0.0001,-0.0196]
[INFO] [1785422382.081721135] [mhe_node]: [post-event] m_est=1.991 kg (T_phys=20.43N)
[INFO] [1785422382.182009534] [mhe_node]: [post-event] m_est=1.996 kg (T_phys=19.48N)
[INFO] [1785422382.281670360] [mhe_node]: [post-event] m_est=1.996 kg (T_phys=19.57N)
[INFO] [1785422382.381672801] [mhe_node]: [post-event] m_est=1.995 kg (T_phys=19.60N)
[INFO] [1785422382.484229196] [mhe_node]: [post-event] m_est=1.993 kg (T_phys=19.62N)
[INFO] [1785422382.582453809] [mhe_node]: [post-event] m_est=1.991 kg (T_phys=19.63N)
[INFO] [1785422382.682129931] [mhe_node]: [post-event] m_est=1.989 kg (T_phys=19.62N)
[INFO] [1785422382.782366135] [mhe_node]: [post-event] m_est=1.986 kg (T_phys=19.58N)
[INFO] [1785422382.883151656] [mhe_node]: [post-event] m_est=1.983 kg (T_phys=19.58N)
[INFO] [1785422382.985147766] [mhe_node]: [post-event] m_est=1.980 kg (T_phys=19.52N)
[INFO] [1785422383.083157258] [mhe_node]: [post-event] m_est=1.976 kg (T_phys=19.48N)
[INFO] [1785422383.182551431] [mhe_node]: [post-event] m_est=1.972 kg (T_phys=19.41N)
[INFO] [1785422383.281965207] [mhe_node]: [post-event] m_est=1.968 kg (T_phys=19.36N)
[INFO] [1785422383.382640922] [mhe_node]: [post-event] m_est=1.965 kg (T_phys=19.30N)
[INFO] [1785422383.484258218] [mhe_node]: [post-event] m_est=1.961 kg (T_phys=19.24N)
[INFO] [1785422383.582043761] [mhe_node]: [post-event] m_est=1.961 kg (T_phys=19.19N)
[INFO] [1785422383.582485071] [mhe_node]: MHE mass estimate: 1.961 kg (T_phys=19.19N)
[INFO] [1785422383.582861096] [mhe_node]: [tau_phys] roll=-0.055 pitch=+0.087 Nm | model pred: roll=-0.000 pitch=+0.000 (m_p=0.000 r=[-0.001,-0.154])
[INFO] [1785422383.583262451] [mhe_node]: [c_xy_est] cx=+0.0029 cy=-0.0033 m | truth c=[-0.0000,-0.0000] (m_p=0.000)
[INFO] [1785422383.680285095] [mhe_node]: [post-event] m_est=1.961 kg (T_phys=19.19N)
[INFO] [1785422383.781972873] [mhe_node]: [post-event] m_est=1.961 kg (T_phys=19.23N)
[INFO] [1785422383.885906197] [mhe_node]: [post-event] m_est=1.961 kg (T_phys=19.36N)
[INFO] [1785422383.981321988] [mhe_node]: [post-event] m_est=1.961 kg (T_phys=19.63N)
[INFO] [1785422384.082707775] [mhe_node]: [post-event] m_est=1.961 kg (T_phys=20.06N)
[INFO] [1785422384.183980008] [mhe_node]: [post-event] m_est=1.961 kg (T_phys=20.67N)
[INFO] [1785422384.280226764] [mhe_node]: [post-event] m_est=1.961 kg (T_phys=21.47N)
[INFO] [1785422384.373159296] [mhe_node]: mass event confirmed by T_phys (22.43N vs baseline 20.43N) at frame 87: de-weighting pre-event stages
[INFO] [1785422384.373941194] [mhe_node]: event transition started: pre-event stages de-weighted
[INFO] [1785422384.382425594] [mhe_node]: [transition] m_est=1.961 kg (T_phys=22.43N)
[INFO] [1785422384.476957208] [mhe_node]: [transition] m_est=2.002 kg (T_phys=23.60N)
[INFO] [1785422384.575308309] [mhe_node]: [transition] m_est=2.113 kg (T_phys=25.18N)
[INFO] [1785422384.676097727] [mhe_node]: [transition] m_est=2.236 kg (T_phys=26.89N)
[INFO] [1785422384.776091654] [mhe_node]: [transition] m_est=2.317 kg (T_phys=27.57N)
[INFO] [1785422384.876489474] [mhe_node]: [transition] m_est=2.345 kg (T_phys=27.29N)
[INFO] [1785422384.976831643] [mhe_node]: [transition] m_est=2.354 kg (T_phys=25.95N)
[INFO] [1785422385.076940584] [mhe_node]: [transition] m_est=2.339 kg (T_phys=24.80N)
[INFO] [1785422385.176253162] [mhe_node]: [transition] m_est=2.327 kg (T_phys=23.56N)
[INFO] [1785422385.277318939] [mhe_node]: [transition] m_est=2.310 kg (T_phys=22.98N)
[INFO] [1785422385.376527842] [mhe_node]: [transition] m_est=2.300 kg (T_phys=22.43N)
[INFO] [1785422385.479533774] [mhe_node]: [transition] m_est=2.290 kg (T_phys=22.32N)
[INFO] [1785422385.578592785] [mhe_node]: [transition] m_est=2.282 kg (T_phys=22.14N)
[INFO] [1785422385.578913486] [mhe_node]: MHE mass estimate: 2.282 kg (T_phys=22.14N)
[INFO] [1785422385.579183464] [mhe_node]: [tau_phys] roll=-0.554 pitch=+0.054 Nm | model pred: roll=-0.330 pitch=+0.002 (m_p=0.218 r=[-0.001,-0.154])
[INFO] [1785422385.579464463] [mhe_node]: [c_xy_est] cx=+0.0019 cy=-0.0100 m | truth c=[-0.0001,-0.0147] (m_p=0.218)
[INFO] [1785422385.678446656] [mhe_node]: [transition] m_est=2.281 kg (T_phys=22.14N)
[INFO] [1785422385.778394844] [mhe_node]: [transition] m_est=2.282 kg (T_phys=21.96N)
[INFO] [1785422385.879945157] [mhe_node]: [transition] m_est=2.282 kg (T_phys=21.75N)
[INFO] [1785422385.979311689] [mhe_node]: [transition] m_est=2.285 kg (T_phys=21.63N)
[INFO] [1785422386.078941292] [mhe_node]: [transition] m_est=2.287 kg (T_phys=21.47N)
[INFO] [1785422386.178786681] [mhe_node]: [transition] m_est=2.288 kg (T_phys=21.23N)
[INFO] [1785422386.279466705] [mhe_node]: [transition] m_est=2.291 kg (T_phys=21.07N)
[INFO] [1785422386.373926099] [mhe_node]: event transition ended: nominal weights restored
[INFO] [1785422386.379710782] [mhe_node]: [post-event] m_est=2.294 kg (T_phys=21.02N)
[INFO] [1785422386.478073609] [mhe_node]: [post-event] m_est=2.295 kg (T_phys=21.01N)
[INFO] [1785422386.578384522] [mhe_node]: [post-event] m_est=2.299 kg (T_phys=21.10N)
[INFO] [1785422386.678637714] [mhe_node]: [post-event] m_est=2.305 kg (T_phys=21.33N)
[INFO] [1785422386.777709555] [mhe_node]: [post-event] m_est=2.311 kg (T_phys=21.62N)
[INFO] [1785422386.876759687] [mhe_node]: [post-event] m_est=2.318 kg (T_phys=21.94N)
[INFO] [1785422386.976755856] [mhe_node]: [post-event] m_est=2.325 kg (T_phys=22.24N)
[INFO] [1785422387.077325524] [mhe_node]: [post-event] m_est=2.330 kg (T_phys=22.49N)
[INFO] [1785422387.177303830] [mhe_node]: [post-event] m_est=2.335 kg (T_phys=22.66N)
[INFO] [1785422387.277239593] [mhe_node]: [post-event] m_est=2.340 kg (T_phys=22.78N)
[INFO] [1785422387.377806554] [mhe_node]: [post-event] m_est=2.344 kg (T_phys=22.88N)
[INFO] [1785422387.477224605] [mhe_node]: [post-event] m_est=2.348 kg (T_phys=22.94N)
[INFO] [1785422387.577447667] [mhe_node]: [post-event] m_est=2.351 kg (T_phys=22.97N)
[INFO] [1785422387.577883323] [mhe_node]: MHE mass estimate: 2.351 kg (T_phys=22.97N)
[INFO] [1785422387.578254794] [mhe_node]: [tau_phys] roll=-0.455 pitch=+0.013 Nm | model pred: roll=-0.435 pitch=+0.003 (m_p=0.287 r=[-0.001,-0.154])
[INFO] [1785422387.578651525] [mhe_node]: [c_xy_est] cx=+0.0002 cy=-0.0163 m | truth c=[-0.0001,-0.0189] (m_p=0.287)
[INFO] [1785422387.677304636] [mhe_node]: [post-event] m_est=2.355 kg (T_phys=22.98N)
[INFO] [1785422387.776940368] [mhe_node]: [post-event] m_est=2.357 kg (T_phys=22.98N)
[INFO] [1785422387.876894447] [mhe_node]: [post-event] m_est=2.359 kg (T_phys=22.98N)
[INFO] [1785422387.976950161] [mhe_node]: [post-event] m_est=2.361 kg (T_phys=22.98N)
[INFO] [1785422388.076492586] [mhe_node]: [post-event] m_est=2.361 kg (T_phys=22.99N)
[INFO] [1785422388.178011746] [mhe_node]: [post-event] m_est=2.362 kg (T_phys=23.00N)
[INFO] [1785422388.277105234] [mhe_node]: [post-event] m_est=2.362 kg (T_phys=23.03N)
[INFO] [1785422388.377601261] [mhe_node]: [post-event] m_est=2.362 kg (T_phys=23.06N)
[INFO] [1785422388.476543988] [mhe_node]: [post-event] m_est=2.361 kg (T_phys=23.08N)
[INFO] [1785422388.576482217] [mhe_node]: [post-event] m_est=2.361 kg (T_phys=23.10N)
[INFO] [1785422388.676572437] [mhe_node]: [post-event] m_est=2.360 kg (T_phys=23.09N)
[INFO] [1785422388.776484871] [mhe_node]: [post-event] m_est=2.360 kg (T_phys=23.08N)
[INFO] [1785422388.876541651] [mhe_node]: [post-event] m_est=2.360 kg (T_phys=23.07N)
[INFO] [1785422388.976554144] [mhe_node]: [post-event] m_est=2.359 kg (T_phys=23.07N)
[INFO] [1785422389.576316236] [mhe_node]: MHE mass estimate: 2.361 kg (T_phys=23.19N)
[INFO] [1785422389.576730147] [mhe_node]: [tau_phys] roll=-0.471 pitch=+0.030 Nm | model pred: roll=-0.449 pitch=+0.003 (m_p=0.297 r=[-0.001,-0.154])
[INFO] [1785422389.577152866] [mhe_node]: [c_xy_est] cx=-0.0005 cy=-0.0186 m | truth c=[-0.0001,-0.0194] (m_p=0.297)
[INFO] [1785422391.575847144] [mhe_node]: MHE mass estimate: 2.360 kg (T_phys=23.22N)
[INFO] [1785422391.576251841] [mhe_node]: [tau_phys] roll=-0.464 pitch=+0.009 Nm | model pred: roll=-0.448 pitch=+0.003 (m_p=0.295 r=[-0.001,-0.154])
[INFO] [1785422391.576659202] [mhe_node]: [c_xy_est] cx=-0.0007 cy=-0.0194 m | truth c=[-0.0001,-0.0193] (m_p=0.295)
[INFO] [1785422393.575816598] [mhe_node]: MHE mass estimate: 2.361 kg (T_phys=23.12N)
[INFO] [1785422393.576219391] [mhe_node]: [tau_phys] roll=-0.462 pitch=+0.016 Nm | model pred: roll=-0.449 pitch=+0.003 (m_p=0.297 r=[-0.001,-0.154])
[INFO] [1785422393.576623534] [mhe_node]: [c_xy_est] cx=-0.0007 cy=-0.0198 m | truth c=[-0.0001,-0.0194] (m_p=0.297)
[INFO] [1785422395.575838260] [mhe_node]: MHE mass estimate: 2.363 kg (T_phys=23.12N)
[INFO] [1785422395.576234650] [mhe_node]: [tau_phys] roll=-0.440 pitch=+0.030 Nm | model pred: roll=-0.453 pitch=+0.003 (m_p=0.299 r=[-0.001,-0.154])
[INFO] [1785422395.576636090] [mhe_node]: [c_xy_est] cx=-0.0009 cy=-0.0198 m | truth c=[-0.0001,-0.0195] (m_p=0.299)
[ros2run]: Killed
