[INFO] [1785484739.695911619] [acados_nmpc_node]: acados NMPC node starting, building/loading solver...
Code reuse possible, skipping code generation.
acados was compiled without OpenMP.
[INFO] [1785484739.706434083] [acados_nmpc_node]: GRIPPER MODE: hover over box (1.0,0.1) z 0.55->2.5m, lift after 1.5s, empty m_est=2.06kg
[INFO] [1785484739.706864071] [acados_nmpc_node]: Warming up acados solver...
[INFO] [1785484739.710544647] [acados_nmpc_node]: Solver warmup complete, took 3.2 ms
[INFO] [1785484739.717590460] [acados_nmpc_node]: Decoupled publish enabled: solve @10Hz, body_rate/thrust @50Hz (trajectory interpolation)
[INFO] [1785484739.718094343] [acados_nmpc_node]: acados NMPC node initialized! Waiting for EKF2 convergence...
[INFO] [1785484759.719698848] [acados_nmpc_node]: Waiting for EKF2 convergence... 10/10 s
[INFO] [1785484759.819644965] [acados_nmpc_node]: Switching to OFFBOARD mode
[INFO] [1785484760.719773765] [acados_nmpc_node]: Sending arm command
[INFO] [1785484761.719625865] [acados_nmpc_node]: Armed, preparing to move to trajectory start...
[INFO] [1785484766.620170115] [acados_nmpc_node]: Gripper approach (climb): rising at spawn to z=1.50m | z=1.01m v=0.23m/s
[INFO] [1785484768.620070218] [acados_nmpc_node]: Gripper approach: climbed to safe altitude at spawn, now translating over box
[INFO] [1785484770.919403039] [acados_nmpc_node]: Gripper approach: aligned above box, NMPC will take over here (z=1.50m), settle 3.0s then descend to z=0.55m to trigger attach
[INFO] [1785484771.020479514] [acados_nmpc_node]: Reached trajectory start, NMPC tracking begins!
[INFO] [1785484771.521405658] [acados_nmpc_node]: t=0.5s | pos_err=0.069m | T=20.47N | tau=[r-0.008 p0.006 y-0.012]Nm | res_stat=1.019e-07(peak 7.542e-07) sqp_iter=3 | solve=0.8ms
[INFO] [1785484774.020221119] [acados_nmpc_node]: t=3.0s | DESCEND: settle done, lowering 1.5->0.55m, will enable gripper at bottom
[INFO] [1785484776.521665517] [acados_nmpc_node]: t=5.5s | pos_err=0.094m | T=20.57N | tau=[r0.000 p0.001 y-0.000]Nm | res_stat=8.371e-08(peak 7.542e-07) sqp_iter=3 | solve=0.8ms
[INFO] [1785484777.720835681] [acados_nmpc_node]: t=6.7s | DESCEND done at z=0.569m (target 0.550m, z_err=0.019m, v=0.05m/s), gripper ENABLED (attach will trigger now)
[INFO] [1785484777.779057072] [acados_nmpc_node]: attach offset received: box-drone = [+0.018, -0.147, -0.519] m
[INFO] [1785484777.820605886] [acados_nmpc_node]: PX4 MC_ROLLRATE_K: 1.000 -> 5.000 (inertia ratio 5.07, cap 5.0)
[INFO] [1785484777.820815667] [acados_nmpc_node]: PX4 MC_PITCHRATE_K: 1.000 -> 5.000 (inertia ratio 5.07, cap 5.0)
[INFO] [1785484777.821010814] [acados_nmpc_node]: t=6.8s | ATTACH (geom_source=online): dJ/gain init from prior m_p=0.30kg arm=0.47m (dJ=0.0579); c_xy+dJ refine online, attach truth eval-only
[INFO] [1785484777.822537372] [acados_nmpc_node]: [attach-window] t=6.80s pos_err=0.029m T=20.01N z=0.566 m_est=2.070
[INFO] [1785484777.922029730] [acados_nmpc_node]: [attach-window] t=6.90s pos_err=0.029m T=19.20N z=0.566 m_est=1.986
[INFO] [1785484778.021757032] [acados_nmpc_node]: [attach-window] t=7.00s pos_err=0.030m T=19.27N z=0.566 m_est=1.992
[INFO] [1785484778.121924014] [acados_nmpc_node]: [attach-window] t=7.10s pos_err=0.032m T=19.28N z=0.565 m_est=1.992
[INFO] [1785484778.221797654] [acados_nmpc_node]: [attach-window] t=7.20s pos_err=0.033m T=19.26N z=0.565 m_est=1.992
[INFO] [1785484778.321885291] [acados_nmpc_node]: [attach-window] t=7.30s pos_err=0.032m T=19.25N z=0.565 m_est=1.990
[INFO] [1785484778.421919843] [acados_nmpc_node]: [attach-window] t=7.40s pos_err=0.032m T=19.23N z=0.565 m_est=1.987
[INFO] [1785484778.521957885] [acados_nmpc_node]: [attach-window] t=7.50s pos_err=0.032m T=19.20N z=0.564 m_est=1.983
[INFO] [1785484778.621903620] [acados_nmpc_node]: [attach-window] t=7.60s pos_err=0.031m T=19.17N z=0.564 m_est=1.977
[INFO] [1785484778.722272714] [acados_nmpc_node]: [attach-window] t=7.70s pos_err=0.031m T=19.13N z=0.563 m_est=1.971
[INFO] [1785484778.821911634] [acados_nmpc_node]: [attach-window] t=7.80s pos_err=0.031m T=19.08N z=0.562 m_est=1.964
[INFO] [1785484778.922122527] [acados_nmpc_node]: [attach-window] t=7.90s pos_err=0.031m T=19.07N z=0.560 m_est=1.961
[INFO] [1785484779.022000157] [acados_nmpc_node]: [attach-window] t=8.00s pos_err=0.032m T=19.10N z=0.559 m_est=1.961
[INFO] [1785484779.122067195] [acados_nmpc_node]: [attach-window] t=8.10s pos_err=0.032m T=19.11N z=0.558 m_est=1.961
[INFO] [1785484779.221937428] [acados_nmpc_node]: [attach-window] t=8.20s pos_err=0.032m T=19.12N z=0.558 m_est=1.961
[INFO] [1785484779.320784920] [acados_nmpc_node]: t=8.3s | LIFT: raising hover 0.55->2.5m to lift payload
[INFO] [1785484779.322335690] [acados_nmpc_node]: [attach-window] t=8.30s pos_err=0.032m T=19.12N z=0.558 m_est=1.961
[INFO] [1785484779.421975367] [acados_nmpc_node]: [attach-window] t=8.40s pos_err=0.031m T=19.12N z=0.559 m_est=1.961
[INFO] [1785484779.522018500] [acados_nmpc_node]: [attach-window] t=8.50s pos_err=0.030m T=19.18N z=0.560 m_est=1.961
[INFO] [1785484779.622175274] [acados_nmpc_node]: [attach-window] t=8.60s pos_err=0.031m T=19.34N z=0.561 m_est=1.961
[INFO] [1785484779.721973572] [acados_nmpc_node]: [attach-window] t=8.70s pos_err=0.039m T=19.65N z=0.563 m_est=1.961
[INFO] [1785484779.821988477] [acados_nmpc_node]: [attach-window] t=8.80s pos_err=0.063m T=20.14N z=0.564 m_est=1.961
[INFO] [1785484779.922269573] [acados_nmpc_node]: [attach-window] t=8.90s pos_err=0.103m T=20.82N z=0.566 m_est=1.961
[INFO] [1785484780.022081266] [acados_nmpc_node]: [attach-window] t=9.00s pos_err=0.156m T=21.69N z=0.567 m_est=1.961
[INFO] [1785484780.122002252] [acados_nmpc_node]: [attach-window] t=9.10s pos_err=0.222m T=22.75N z=0.569 m_est=1.961
[INFO] [1785484780.220690477] [acados_nmpc_node]: [attach-window] t=9.20s pos_err=0.299m T=23.96N z=0.571 m_est=1.961
[INFO] [1785484780.320766675] [acados_nmpc_node]: [attach-window] t=9.30s pos_err=0.387m T=25.32N z=0.573 m_est=1.961
[INFO] [1785484780.421133436] [acados_nmpc_node]: [attach-window] t=9.40s pos_err=0.484m T=26.48N z=0.576 m_est=1.961
[INFO] [1785484780.522331236] [acados_nmpc_node]: [attach-window] t=9.50s pos_err=0.584m T=28.86N z=0.586 m_est=2.098
[INFO] [1785484780.622391363] [acados_nmpc_node]: [attach-window] t=9.60s pos_err=0.677m T=29.63N z=0.607 m_est=2.151
[INFO] [1785484780.722318420] [acados_nmpc_node]: [attach-window] t=9.70s pos_err=0.759m T=29.17N z=0.645 m_est=2.153
[INFO] [1785484780.822426508] [acados_nmpc_node]: [attach-window] t=9.80s pos_err=0.817m T=28.19N z=0.709 m_est=2.165
[INFO] [1785484780.922321296] [acados_nmpc_node]: [attach-window] t=9.90s pos_err=0.859m T=27.37N z=0.788 m_est=2.175
[INFO] [1785484781.022270895] [acados_nmpc_node]: [attach-window] t=10.00s pos_err=0.875m T=26.30N z=0.892 m_est=2.185
[INFO] [1785484781.122370523] [acados_nmpc_node]: [attach-window] t=10.10s pos_err=0.883m T=25.46N z=0.999 m_est=2.185
[INFO] [1785484781.222192447] [acados_nmpc_node]: [attach-window] t=10.20s pos_err=0.867m T=24.54N z=1.124 m_est=2.189
[INFO] [1785484781.322219642] [acados_nmpc_node]: [attach-window] t=10.30s pos_err=0.849m T=23.95N z=1.243 m_est=2.192
[INFO] [1785484781.422385842] [acados_nmpc_node]: [attach-window] t=10.40s pos_err=0.811m T=23.26N z=1.372 m_est=2.191
[INFO] [1785484781.522306892] [acados_nmpc_node]: [attach-window] t=10.50s pos_err=0.775m T=22.81N z=1.489 m_est=2.188
[INFO] [1785484781.522783902] [acados_nmpc_node]: t=10.5s | pos_err=0.775m | T=22.81N | tau=[r-0.095 p0.056 y-0.023]Nm | res_stat=8.274e-07(peak 9.645e-07) sqp_iter=4 | solve=1.0ms
[INFO] [1785484781.622320873] [acados_nmpc_node]: [attach-window] t=10.60s pos_err=0.721m T=22.29N z=1.611 m_est=2.184
[INFO] [1785484781.722420189] [acados_nmpc_node]: [attach-window] t=10.70s pos_err=0.670m T=21.95N z=1.718 m_est=2.180
[INFO] [1785484781.822316305] [acados_nmpc_node]: [attach-window] t=10.80s pos_err=0.606m T=21.59N z=1.826 m_est=2.175
[INFO] [1785484781.922511704] [acados_nmpc_node]: [attach-window] t=10.90s pos_err=0.540m T=21.36N z=1.923 m_est=2.171
[INFO] [1785484782.022298611] [acados_nmpc_node]: [attach-window] t=11.00s pos_err=0.482m T=21.26N z=2.002 m_est=2.167
[INFO] [1785484782.122222476] [acados_nmpc_node]: [attach-window] t=11.10s pos_err=0.425m T=21.23N z=2.070 m_est=2.164
[INFO] [1785484782.222178352] [acados_nmpc_node]: [attach-window] t=11.20s pos_err=0.367m T=21.28N z=2.133 m_est=2.163
[INFO] [1785484782.322367170] [acados_nmpc_node]: [attach-window] t=11.30s pos_err=0.316m T=21.43N z=2.184 m_est=2.163
[INFO] [1785484782.422221379] [acados_nmpc_node]: [attach-window] t=11.40s pos_err=0.278m T=21.67N z=2.223 m_est=2.164
[INFO] [1785484782.522305279] [acados_nmpc_node]: [attach-window] t=11.50s pos_err=0.246m T=22.09N z=2.255 m_est=2.175
[INFO] [1785484782.622172651] [acados_nmpc_node]: [attach-window] t=11.60s pos_err=0.224m T=22.52N z=2.277 m_est=2.191
[INFO] [1785484782.722128103] [acados_nmpc_node]: [attach-window] t=11.70s pos_err=0.208m T=22.87N z=2.294 m_est=2.207
[INFO] [1785484782.822171683] [acados_nmpc_node]: [attach-window] t=11.80s pos_err=0.193m T=23.11N z=2.309 m_est=2.223
[INFO] [1785484782.922363190] [acados_nmpc_node]: [attach-window] t=11.90s pos_err=0.179m T=23.21N z=2.324 m_est=2.236
[INFO] [1785484783.022198117] [acados_nmpc_node]: [attach-window] t=12.00s pos_err=0.166m T=23.22N z=2.337 m_est=2.248
[INFO] [1785484783.122183503] [acados_nmpc_node]: [attach-window] t=12.10s pos_err=0.153m T=23.18N z=2.350 m_est=2.258
[INFO] [1785484783.222244175] [acados_nmpc_node]: [attach-window] t=12.20s pos_err=0.140m T=23.12N z=2.363 m_est=2.266
[INFO] [1785484783.322218996] [acados_nmpc_node]: [attach-window] t=12.30s pos_err=0.128m T=23.06N z=2.375 m_est=2.273
[INFO] [1785484783.420763742] [acados_nmpc_node]: [attach-window] t=12.40s pos_err=0.115m T=23.01N z=2.388 m_est=2.279
[INFO] [1785484783.522280980] [acados_nmpc_node]: [attach-window] t=12.50s pos_err=0.104m T=22.98N z=2.398 m_est=2.283
[INFO] [1785484783.622249050] [acados_nmpc_node]: [attach-window] t=12.60s pos_err=0.094m T=22.97N z=2.409 m_est=2.287
[INFO] [1785484783.720693557] [acados_nmpc_node]: [attach-window] t=12.70s pos_err=0.085m T=22.98N z=2.417 m_est=2.290
[INFO] [1785484783.820925201] [acados_nmpc_node]: [attach-window] t=12.80s pos_err=0.077m T=23.02N z=2.425 m_est=2.296
[INFO] [1785484783.920603068] [acados_nmpc_node]: [attach-window] t=12.90s pos_err=0.070m T=23.04N z=2.431 m_est=2.299
[INFO] [1785484784.020758630] [acados_nmpc_node]: [attach-window] t=13.00s pos_err=0.065m T=23.07N z=2.436 m_est=2.302
[INFO] [1785484784.120619224] [acados_nmpc_node]: [attach-window] t=13.10s pos_err=0.060m T=23.06N z=2.441 m_est=2.302
[INFO] [1785484784.220673885] [acados_nmpc_node]: [attach-window] t=13.20s pos_err=0.056m T=23.13N z=2.444 m_est=2.309
[INFO] [1785484784.322225415] [acados_nmpc_node]: [attach-window] t=13.30s pos_err=0.052m T=23.15N z=2.448 m_est=2.312
[INFO] [1785484784.422393979] [acados_nmpc_node]: [attach-window] t=13.40s pos_err=0.049m T=23.16N z=2.451 m_est=2.316
[INFO] [1785484784.522207667] [acados_nmpc_node]: [attach-window] t=13.50s pos_err=0.047m T=23.17N z=2.454 m_est=2.320
[INFO] [1785484784.622229028] [acados_nmpc_node]: [attach-window] t=13.60s pos_err=0.045m T=23.15N z=2.456 m_est=2.320
[INFO] [1785484784.722222406] [acados_nmpc_node]: [attach-window] t=13.70s pos_err=0.044m T=23.21N z=2.457 m_est=2.328
[INFO] [1785484784.822472126] [acados_nmpc_node]: [attach-window] t=13.80s pos_err=0.043m T=23.23N z=2.458 m_est=2.331
[INFO] [1785484784.922589012] [acados_nmpc_node]: [attach-window] t=13.90s pos_err=0.043m T=23.24N z=2.459 m_est=2.334
[INFO] [1785484785.022245797] [acados_nmpc_node]: [attach-window] t=14.00s pos_err=0.042m T=23.22N z=2.460 m_est=2.337
[INFO] [1785484785.122255920] [acados_nmpc_node]: [attach-window] t=14.10s pos_err=0.040m T=23.19N z=2.462 m_est=2.339
[INFO] [1785484785.222276950] [acados_nmpc_node]: [attach-window] t=14.20s pos_err=0.038m T=23.15N z=2.464 m_est=2.341
[INFO] [1785484785.322497581] [acados_nmpc_node]: [attach-window] t=14.30s pos_err=0.036m T=23.11N z=2.467 m_est=2.342
[INFO] [1785484785.422461838] [acados_nmpc_node]: [attach-window] t=14.40s pos_err=0.033m T=23.06N z=2.470 m_est=2.342
[INFO] [1785484785.522252034] [acados_nmpc_node]: [attach-window] t=14.50s pos_err=0.031m T=23.05N z=2.473 m_est=2.345
[INFO] [1785484785.622288583] [acados_nmpc_node]: [attach-window] t=14.60s pos_err=0.029m T=23.05N z=2.476 m_est=2.346
[INFO] [1785484785.722363465] [acados_nmpc_node]: [attach-window] t=14.70s pos_err=0.027m T=23.06N z=2.478 m_est=2.347
[INFO] [1785484785.822140638] [acados_nmpc_node]: [attach-window] t=14.80s pos_err=0.026m T=23.08N z=2.479 m_est=2.348
[INFO] [1785484785.920674640] [acados_nmpc_node]: [attach-window] t=14.90s pos_err=0.025m T=23.10N z=2.480 m_est=2.349
[INFO] [1785484786.022490637] [acados_nmpc_node]: [attach-window] t=15.00s pos_err=0.025m T=23.10N z=2.481 m_est=2.350
[INFO] [1785484786.122436389] [acados_nmpc_node]: [attach-window] t=15.10s pos_err=0.025m T=23.09N z=2.482 m_est=2.351
[INFO] [1785484786.222502001] [acados_nmpc_node]: [attach-window] t=15.20s pos_err=0.026m T=23.07N z=2.484 m_est=2.351
[INFO] [1785484786.322613887] [acados_nmpc_node]: [attach-window] t=15.30s pos_err=0.027m T=23.06N z=2.486 m_est=2.352
[INFO] [1785484786.422541934] [acados_nmpc_node]: [attach-window] t=15.40s pos_err=0.029m T=23.05N z=2.487 m_est=2.353
[INFO] [1785484786.521028981] [acados_nmpc_node]: [attach-window] t=15.50s pos_err=0.030m T=23.05N z=2.489 m_est=2.353
[INFO] [1785484786.521380163] [acados_nmpc_node]: t=15.5s | pos_err=0.030m | T=23.05N | tau=[r-0.390 p-0.023 y-0.001]Nm | res_stat=4.564e-09(peak 9.645e-07) sqp_iter=3 | solve=0.8ms
[INFO] [1785484786.620808950] [acados_nmpc_node]: [attach-window] t=15.60s pos_err=0.030m T=23.05N z=2.490 m_est=2.354
[INFO] [1785484786.720854386] [acados_nmpc_node]: [attach-window] t=15.70s pos_err=0.028m T=23.07N z=2.491 m_est=2.355
[INFO] [1785484786.820767799] [acados_nmpc_node]: [attach-window] t=15.80s pos_err=0.025m T=23.08N z=2.491 m_est=2.355
[INFO] [1785484786.920834444] [acados_nmpc_node]: [attach-window] t=15.90s pos_err=0.020m T=23.08N z=2.492 m_est=2.356
[INFO] [1785484787.020998670] [acados_nmpc_node]: [attach-window] t=16.00s pos_err=0.015m T=23.09N z=2.492 m_est=2.356
[INFO] [1785484787.122594229] [acados_nmpc_node]: [attach-window] t=16.10s pos_err=0.011m T=23.09N z=2.493 m_est=2.356
[INFO] [1785484787.222355955] [acados_nmpc_node]: [attach-window] t=16.20s pos_err=0.008m T=23.10N z=2.493 m_est=2.357
[INFO] [1785484787.322339597] [acados_nmpc_node]: [attach-window] t=16.30s pos_err=0.008m T=23.11N z=2.492 m_est=2.357
[INFO] [1785484787.420923942] [acados_nmpc_node]: [attach-window] t=16.40s pos_err=0.009m T=23.14N z=2.491 m_est=2.357
[INFO] [1785484787.520917172] [acados_nmpc_node]: [attach-window] t=16.50s pos_err=0.011m T=23.16N z=2.490 m_est=2.357
[INFO] [1785484787.620924030] [acados_nmpc_node]: [attach-window] t=16.60s pos_err=0.015m T=23.18N z=2.488 m_est=2.358
[INFO] [1785484787.720934769] [acados_nmpc_node]: [attach-window] t=16.70s pos_err=0.017m T=23.18N z=2.487 m_est=2.358
[INFO] [1785484787.822458294] [acados_nmpc_node]: [attach-window] t=16.80s pos_err=0.018m T=23.14N z=2.488 m_est=2.359
[INFO] [1785484787.922646200] [acados_nmpc_node]: [attach-window] t=16.90s pos_err=0.019m T=23.07N z=2.490 m_est=2.359
[INFO] [1785484788.022650207] [acados_nmpc_node]: [attach-window] t=17.00s pos_err=0.018m T=23.01N z=2.493 m_est=2.359
[INFO] [1785484788.122571125] [acados_nmpc_node]: [attach-window] t=17.10s pos_err=0.018m T=22.96N z=2.497 m_est=2.360
[INFO] [1785484788.220958611] [acados_nmpc_node]: [attach-window] t=17.20s pos_err=0.017m T=22.94N z=2.500 m_est=2.359
[INFO] [1785484788.322423890] [acados_nmpc_node]: [attach-window] t=17.30s pos_err=0.016m T=22.95N z=2.503 m_est=2.359
[INFO] [1785484788.422656616] [acados_nmpc_node]: [attach-window] t=17.40s pos_err=0.015m T=22.97N z=2.504 m_est=2.359
[INFO] [1785484788.522781617] [acados_nmpc_node]: [attach-window] t=17.50s pos_err=0.013m T=23.00N z=2.505 m_est=2.359
[INFO] [1785484788.622709425] [acados_nmpc_node]: [attach-window] t=17.60s pos_err=0.010m T=23.03N z=2.506 m_est=2.359
[INFO] [1785484788.722749278] [acados_nmpc_node]: [attach-window] t=17.70s pos_err=0.008m T=23.05N z=2.506 m_est=2.359
[INFO] [1785484788.822864371] [acados_nmpc_node]: [attach-window] t=17.80s pos_err=0.008m T=23.05N z=2.506 m_est=2.359
[INFO] [1785484788.922652605] [acados_nmpc_node]: [attach-window] t=17.90s pos_err=0.010m T=23.04N z=2.507 m_est=2.359
[INFO] [1785484789.022537074] [acados_nmpc_node]: [attach-window] t=18.00s pos_err=0.011m T=23.03N z=2.508 m_est=2.359
[INFO] [1785484789.121086582] [acados_nmpc_node]: [attach-window] t=18.10s pos_err=0.012m T=23.03N z=2.509 m_est=2.359
[INFO] [1785484789.220836197] [acados_nmpc_node]: [attach-window] t=18.20s pos_err=0.013m T=23.03N z=2.510 m_est=2.359
[INFO] [1785484789.320890128] [acados_nmpc_node]: [attach-window] t=18.30s pos_err=0.014m T=23.03N z=2.510 m_est=2.359
[INFO] [1785484789.421007872] [acados_nmpc_node]: [attach-window] t=18.40s pos_err=0.015m T=23.03N z=2.511 m_est=2.359
[INFO] [1785484789.521094834] [acados_nmpc_node]: [attach-window] t=18.50s pos_err=0.015m T=23.04N z=2.512 m_est=2.360
[INFO] [1785484789.620764775] [acados_nmpc_node]: [attach-window] t=18.60s pos_err=0.015m T=23.04N z=2.513 m_est=2.360
[INFO] [1785484789.721138509] [acados_nmpc_node]: [attach-window] t=18.70s pos_err=0.016m T=23.03N z=2.514 m_est=2.360
[INFO] [1785484789.822475156] [acados_nmpc_node]: [attach-window] t=18.80s pos_err=0.017m T=23.01N z=2.515 m_est=2.360
[INFO] [1785484789.922889344] [acados_nmpc_node]: [attach-window] t=18.90s pos_err=0.017m T=23.02N z=2.516 m_est=2.360
[INFO] [1785484790.022727024] [acados_nmpc_node]: [attach-window] t=19.00s pos_err=0.017m T=23.04N z=2.515 m_est=2.360
[INFO] [1785484790.122628764] [acados_nmpc_node]: [attach-window] t=19.10s pos_err=0.015m T=23.07N z=2.514 m_est=2.360
[INFO] [1785484790.222786927] [acados_nmpc_node]: [attach-window] t=19.20s pos_err=0.013m T=23.11N z=2.512 m_est=2.360
[INFO] [1785484790.322713015] [acados_nmpc_node]: [attach-window] t=19.30s pos_err=0.011m T=23.13N z=2.510 m_est=2.360
[INFO] [1785484790.422975229] [acados_nmpc_node]: [attach-window] t=19.40s pos_err=0.010m T=23.14N z=2.509 m_est=2.361
[INFO] [1785484790.522830100] [acados_nmpc_node]: [attach-window] t=19.50s pos_err=0.011m T=23.14N z=2.508 m_est=2.361
[INFO] [1785484790.622750090] [acados_nmpc_node]: [attach-window] t=19.60s pos_err=0.011m T=23.12N z=2.507 m_est=2.362
[INFO] [1785484790.722719448] [acados_nmpc_node]: [attach-window] t=19.70s pos_err=0.011m T=23.12N z=2.506 m_est=2.362
[INFO] [1785484790.822711826] [acados_nmpc_node]: [attach-window] t=19.80s pos_err=0.010m T=23.14N z=2.505 m_est=2.362
[INFO] [1785484790.922709834] [acados_nmpc_node]: [attach-window] t=19.90s pos_err=0.008m T=23.16N z=2.503 m_est=2.362
[INFO] [1785484791.022669973] [acados_nmpc_node]: [attach-window] t=20.00s pos_err=0.006m T=23.18N z=2.501 m_est=2.363
[INFO] [1785484791.122714680] [acados_nmpc_node]: [attach-window] t=20.10s pos_err=0.004m T=23.19N z=2.499 m_est=2.363
[INFO] [1785484791.222619402] [acados_nmpc_node]: [attach-window] t=20.20s pos_err=0.003m T=23.17N z=2.498 m_est=2.363
[INFO] [1785484791.322744410] [acados_nmpc_node]: [attach-window] t=20.30s pos_err=0.003m T=23.13N z=2.498 m_est=2.363
[INFO] [1785484791.422803801] [acados_nmpc_node]: [attach-window] t=20.40s pos_err=0.001m T=23.07N z=2.500 m_est=2.363
[INFO] [1785484791.522575244] [acados_nmpc_node]: [attach-window] t=20.50s pos_err=0.003m T=23.01N z=2.503 m_est=2.363
[INFO] [1785484791.523053881] [acados_nmpc_node]: t=20.5s | pos_err=0.003m | T=23.01N | tau=[r-0.430 p-0.029 y0.002]Nm | res_stat=9.996e-08(peak 9.645e-07) sqp_iter=2 | solve=0.8ms
[INFO] [1785484791.622611598] [acados_nmpc_node]: [attach-window] t=20.60s pos_err=0.006m T=22.96N z=2.505 m_est=2.363
[INFO] [1785484791.722531547] [acados_nmpc_node]: [attach-window] t=20.70s pos_err=0.008m T=22.95N z=2.507 m_est=2.362
[INFO] [1785484791.822898486] [acados_nmpc_node]: [attach-window] t=20.80s pos_err=0.010m T=22.96N z=2.509 m_est=2.362
[INFO] [1785484791.922938409] [acados_nmpc_node]: [attach-window] t=20.90s pos_err=0.011m T=22.97N z=2.511 m_est=2.362
[INFO] [1785484792.022797952] [acados_nmpc_node]: [attach-window] t=21.00s pos_err=0.013m T=22.99N z=2.512 m_est=2.361
[INFO] [1785484792.122658295] [acados_nmpc_node]: [attach-window] t=21.10s pos_err=0.015m T=22.99N z=2.513 m_est=2.361
[INFO] [1785484792.222828210] [acados_nmpc_node]: [attach-window] t=21.20s pos_err=0.017m T=22.99N z=2.515 m_est=2.361
[INFO] [1785484792.322762793] [acados_nmpc_node]: [attach-window] t=21.30s pos_err=0.020m T=22.98N z=2.516 m_est=2.361
[INFO] [1785484792.422995124] [acados_nmpc_node]: [attach-window] t=21.40s pos_err=0.022m T=22.99N z=2.517 m_est=2.360
[INFO] [1785484792.523091501] [acados_nmpc_node]: [attach-window] t=21.50s pos_err=0.023m T=23.01N z=2.517 m_est=2.360
[INFO] [1785484792.621206847] [acados_nmpc_node]: [attach-window] t=21.60s pos_err=0.024m T=23.03N z=2.517 m_est=2.360
[INFO] [1785484792.721102226] [acados_nmpc_node]: [attach-window] t=21.70s pos_err=0.025m T=23.05N z=2.516 m_est=2.360
[INFO] [1785484792.821225773] [acados_nmpc_node]: [attach-window] t=21.80s pos_err=0.025m T=23.07N z=2.515 m_est=2.360
[INFO] [1785484792.921168153] [acados_nmpc_node]: [attach-window] t=21.90s pos_err=0.024m T=23.11N z=2.513 m_est=2.361
[INFO] [1785484793.021250451] [acados_nmpc_node]: [attach-window] t=22.00s pos_err=0.023m T=23.13N z=2.511 m_est=2.361
[INFO] [1785484793.121124549] [acados_nmpc_node]: [attach-window] t=22.10s pos_err=0.023m T=23.14N z=2.510 m_est=2.361
[INFO] [1785484793.221227752] [acados_nmpc_node]: [attach-window] t=22.20s pos_err=0.023m T=23.13N z=2.509 m_est=2.362
[INFO] [1785484793.323127769] [acados_nmpc_node]: [attach-window] t=22.30s pos_err=0.024m T=23.10N z=2.509 m_est=2.362
[INFO] [1785484793.422997042] [acados_nmpc_node]: [attach-window] t=22.40s pos_err=0.026m T=23.08N z=2.509 m_est=2.362
[INFO] [1785484793.522848001] [acados_nmpc_node]: [attach-window] t=22.50s pos_err=0.027m T=23.06N z=2.509 m_est=2.362
[INFO] [1785484793.623072012] [acados_nmpc_node]: [attach-window] t=22.60s pos_err=0.027m T=23.03N z=2.510 m_est=2.362
[INFO] [1785484793.722977388] [acados_nmpc_node]: [attach-window] t=22.70s pos_err=0.028m T=23.02N z=2.511 m_est=2.362
[INFO] [1785484793.823066601] [acados_nmpc_node]: [attach-window] t=22.80s pos_err=0.027m T=23.02N z=2.512 m_est=2.362
[INFO] [1785484793.923057027] [acados_nmpc_node]: [attach-window] t=22.90s pos_err=0.026m T=23.02N z=2.512 m_est=2.362
[INFO] [1785484794.022867984] [acados_nmpc_node]: [attach-window] t=23.00s pos_err=0.024m T=23.04N z=2.512 m_est=2.362
[INFO] [1785484794.122877515] [acados_nmpc_node]: [attach-window] t=23.10s pos_err=0.022m T=23.05N z=2.512 m_est=2.361
[INFO] [1785484794.223041674] [acados_nmpc_node]: [attach-window] t=23.20s pos_err=0.021m T=23.06N z=2.512 m_est=2.361
[INFO] [1785484794.323204884] [acados_nmpc_node]: [attach-window] t=23.30s pos_err=0.019m T=23.08N z=2.511 m_est=2.361
[INFO] [1785484794.423224865] [acados_nmpc_node]: [attach-window] t=23.40s pos_err=0.018m T=23.11N z=2.510 m_est=2.361
[INFO] [1785484794.523146975] [acados_nmpc_node]: [attach-window] t=23.50s pos_err=0.017m T=23.11N z=2.509 m_est=2.361
[INFO] [1785484794.623173328] [acados_nmpc_node]: [attach-window] t=23.60s pos_err=0.017m T=23.11N z=2.508 m_est=2.361
[INFO] [1785484794.722882395] [acados_nmpc_node]: [attach-window] t=23.70s pos_err=0.016m T=23.12N z=2.507 m_est=2.362
[INFO] [1785484794.822867075] [acados_nmpc_node]: [attach-window] t=23.80s pos_err=0.015m T=23.11N z=2.506 m_est=2.362
[INFO] [1785484794.921510416] [acados_nmpc_node]: [attach-window] t=23.90s pos_err=0.015m T=23.11N z=2.505 m_est=2.362
[INFO] [1785484795.021210560] [acados_nmpc_node]: [attach-window] t=24.00s pos_err=0.013m T=23.12N z=2.504 m_est=2.362
[INFO] [1785484795.121185750] [acados_nmpc_node]: [attach-window] t=24.10s pos_err=0.011m T=23.12N z=2.503 m_est=2.363
[INFO] [1785484795.221090036] [acados_nmpc_node]: [attach-window] t=24.20s pos_err=0.010m T=23.12N z=2.502 m_est=2.363
[INFO] [1785484795.321245572] [acados_nmpc_node]: [attach-window] t=24.30s pos_err=0.009m T=23.11N z=2.502 m_est=2.363
[INFO] [1785484795.422983927] [acados_nmpc_node]: [attach-window] t=24.40s pos_err=0.008m T=23.11N z=2.501 m_est=2.363
[INFO] [1785484795.522975385] [acados_nmpc_node]: [attach-window] t=24.50s pos_err=0.008m T=23.10N z=2.502 m_est=2.363
[INFO] [1785484795.622955979] [acados_nmpc_node]: [attach-window] t=24.60s pos_err=0.008m T=23.08N z=2.502 m_est=2.363
[INFO] [1785484795.723029684] [acados_nmpc_node]: [attach-window] t=24.70s pos_err=0.008m T=23.07N z=2.502 m_est=2.363
[INFO] [1785484795.823036977] [acados_nmpc_node]: [attach-window] t=24.80s pos_err=0.008m T=23.07N z=2.502 m_est=2.362
[INFO] [1785484795.923022386] [acados_nmpc_node]: [attach-window] t=24.90s pos_err=0.008m T=23.07N z=2.503 m_est=2.362
[INFO] [1785484796.022933109] [acados_nmpc_node]: [attach-window] t=25.00s pos_err=0.007m T=23.08N z=2.503 m_est=2.362
[INFO] [1785484796.121399078] [acados_nmpc_node]: [attach-window] t=25.10s pos_err=0.006m T=23.08N z=2.503 m_est=2.362
[INFO] [1785484796.223032952] [acados_nmpc_node]: [attach-window] t=25.20s pos_err=0.005m T=23.07N z=2.503 m_est=2.362
[INFO] [1785484796.323209087] [acados_nmpc_node]: [attach-window] t=25.30s pos_err=0.005m T=23.05N z=2.504 m_est=2.362
[INFO] [1785484796.421796744] [acados_nmpc_node]: [attach-window] t=25.40s pos_err=0.005m T=23.04N z=2.505 m_est=2.362
[INFO] [1785484796.522884569] [acados_nmpc_node]: [attach-window] t=25.50s pos_err=0.007m T=23.04N z=2.505 m_est=2.362
[INFO] [1785484796.523366887] [acados_nmpc_node]: t=25.5s | pos_err=0.007m | T=23.04N | tau=[r-0.426 p-0.031 y-0.000]Nm | res_stat=4.549e-07(peak 9.659e-07) sqp_iter=2 | solve=0.8ms
[INFO] [1785484796.621359479] [acados_nmpc_node]: [attach-window] t=25.60s pos_err=0.008m T=23.04N z=2.506 m_est=2.362
[INFO] [1785484796.721104759] [acados_nmpc_node]: [attach-window] t=25.70s pos_err=0.009m T=23.05N z=2.506 m_est=2.362
[INFO] [1785484796.821259701] [acados_nmpc_node]: [attach-window] t=25.80s pos_err=0.009m T=23.07N z=2.505 m_est=2.362
[INFO] [1785484796.923304832] [acados_nmpc_node]: [attach-window] t=25.90s pos_err=0.010m T=23.09N z=2.505 m_est=2.362
[INFO] [1785484797.023230129] [acados_nmpc_node]: [attach-window] t=26.00s pos_err=0.011m T=23.11N z=2.503 m_est=2.362
[INFO] [1785484797.123284073] [acados_nmpc_node]: [attach-window] t=26.10s pos_err=0.012m T=23.14N z=2.502 m_est=2.362
[INFO] [1785484797.223288841] [acados_nmpc_node]: [attach-window] t=26.20s pos_err=0.012m T=23.16N z=2.500 m_est=2.362
[INFO] [1785484797.323301220] [acados_nmpc_node]: [attach-window] t=26.30s pos_err=0.012m T=23.16N z=2.498 m_est=2.362
[INFO] [1785484797.423465726] [acados_nmpc_node]: [attach-window] t=26.40s pos_err=0.012m T=23.14N z=2.498 m_est=2.362
[INFO] [1785484797.523262928] [acados_nmpc_node]: [attach-window] t=26.50s pos_err=0.013m T=23.11N z=2.498 m_est=2.362
[INFO] [1785484797.623325449] [acados_nmpc_node]: [attach-window] t=26.60s pos_err=0.014m T=23.08N z=2.499 m_est=2.362
[INFO] [1785484797.721488084] [acados_nmpc_node]: [attach-window] t=26.70s pos_err=0.016m T=23.05N z=2.499 m_est=2.362
[INFO] [1785484797.821205507] [acados_nmpc_node]: [attach-window] t=26.80s pos_err=0.017m T=23.02N z=2.501 m_est=2.362
[INFO] [1785484797.923253531] [acados_nmpc_node]: [attach-window] t=26.90s pos_err=0.018m T=22.99N z=2.503 m_est=2.362
[INFO] [1785484798.023305540] [acados_nmpc_node]: [attach-window] t=27.00s pos_err=0.018m T=22.96N z=2.506 m_est=2.362
[INFO] [1785484798.123281279] [acados_nmpc_node]: [attach-window] t=27.10s pos_err=0.018m T=22.94N z=2.509 m_est=2.361
[INFO] [1785484798.221572885] [acados_nmpc_node]: [attach-window] t=27.20s pos_err=0.018m T=22.93N z=2.511 m_est=2.361
[INFO] [1785484798.321334588] [acados_nmpc_node]: [attach-window] t=27.30s pos_err=0.018m T=22.95N z=2.513 m_est=2.361
[INFO] [1785484798.421454242] [acados_nmpc_node]: [attach-window] t=27.40s pos_err=0.017m T=22.99N z=2.513 m_est=2.360
[INFO] [1785484798.523239758] [acados_nmpc_node]: [attach-window] t=27.50s pos_err=0.017m T=23.02N z=2.513 m_est=2.360
[INFO] [1785484798.623112335] [acados_nmpc_node]: [attach-window] t=27.60s pos_err=0.016m T=23.05N z=2.512 m_est=2.360
[INFO] [1785484798.723205520] [acados_nmpc_node]: [attach-window] t=27.70s pos_err=0.014m T=23.08N z=2.511 m_est=2.360
[INFO] [1785484798.823234299] [acados_nmpc_node]: [attach-window] t=27.80s pos_err=0.013m T=23.10N z=2.510 m_est=2.360
[INFO] [1785484798.923336108] [acados_nmpc_node]: [attach-window] t=27.90s pos_err=0.012m T=23.12N z=2.509 m_est=2.360
[INFO] [1785484799.023183018] [acados_nmpc_node]: [attach-window] t=28.00s pos_err=0.011m T=23.13N z=2.507 m_est=2.360
[INFO] [1785484799.123359566] [acados_nmpc_node]: [attach-window] t=28.10s pos_err=0.009m T=23.14N z=2.506 m_est=2.361
[INFO] [1785484799.223150320] [acados_nmpc_node]: [attach-window] t=28.20s pos_err=0.008m T=23.14N z=2.504 m_est=2.361
[INFO] [1785484799.323428854] [acados_nmpc_node]: [attach-window] t=28.30s pos_err=0.006m T=23.13N z=2.504 m_est=2.361
[INFO] [1785484799.423515975] [acados_nmpc_node]: [attach-window] t=28.40s pos_err=0.006m T=23.12N z=2.503 m_est=2.362
[INFO] [1785484799.523212896] [acados_nmpc_node]: [attach-window] t=28.50s pos_err=0.006m T=23.11N z=2.503 m_est=2.362
[INFO] [1785484799.623193022] [acados_nmpc_node]: [attach-window] t=28.60s pos_err=0.007m T=23.09N z=2.503 m_est=2.362
[INFO] [1785484799.723187031] [acados_nmpc_node]: [attach-window] t=28.70s pos_err=0.007m T=23.07N z=2.504 m_est=2.362
[INFO] [1785484799.823475623] [acados_nmpc_node]: [attach-window] t=28.80s pos_err=0.008m T=23.06N z=2.504 m_est=2.362
[INFO] [1785484799.923550352] [acados_nmpc_node]: [attach-window] t=28.90s pos_err=0.009m T=23.06N z=2.504 m_est=2.362
[INFO] [1785484800.023847443] [acados_nmpc_node]: [attach-window] t=29.00s pos_err=0.011m T=23.07N z=2.504 m_est=2.362
[INFO] [1785484800.123464836] [acados_nmpc_node]: [attach-window] t=29.10s pos_err=0.013m T=23.08N z=2.503 m_est=2.362
[INFO] [1785484800.223517923] [acados_nmpc_node]: [attach-window] t=29.20s pos_err=0.016m T=23.09N z=2.502 m_est=2.362
[INFO] [1785484800.323557463] [acados_nmpc_node]: [attach-window] t=29.30s pos_err=0.019m T=23.10N z=2.501 m_est=2.362
[INFO] [1785484800.421854134] [acados_nmpc_node]: [attach-window] t=29.40s pos_err=0.022m T=23.12N z=2.500 m_est=2.361
[INFO] [1785484800.523524161] [acados_nmpc_node]: [attach-window] t=29.50s pos_err=0.023m T=23.13N z=2.499 m_est=2.362
[INFO] [1785484800.623526988] [acados_nmpc_node]: [attach-window] t=29.60s pos_err=0.024m T=23.13N z=2.498 m_est=2.362
[INFO] [1785484800.723658189] [acados_nmpc_node]: [attach-window] t=29.70s pos_err=0.023m T=23.13N z=2.497 m_est=2.362
[INFO] [1785484800.821631190] [acados_nmpc_node]: [attach-window] t=29.80s pos_err=0.022m T=23.11N z=2.497 m_est=2.362
[INFO] [1785484800.921671671] [acados_nmpc_node]: [attach-window] t=29.90s pos_err=0.021m T=23.10N z=2.498 m_est=2.362
[INFO] [1785484801.023214451] [acados_nmpc_node]: [attach-window] t=30.00s pos_err=0.019m T=23.05N z=2.500 m_est=2.362
[INFO] [1785484801.123779704] [acados_nmpc_node]: [attach-window] t=30.10s pos_err=0.017m T=23.02N z=2.502 m_est=2.362
[INFO] [1785484801.223424594] [acados_nmpc_node]: [attach-window] t=30.20s pos_err=0.015m T=23.00N z=2.504 m_est=2.362
[INFO] [1785484801.323317800] [acados_nmpc_node]: [attach-window] t=30.30s pos_err=0.014m T=22.99N z=2.506 m_est=2.362
[INFO] [1785484801.423420994] [acados_nmpc_node]: [attach-window] t=30.40s pos_err=0.013m T=23.00N z=2.507 m_est=2.361
[INFO] [1785484801.523290284] [acados_nmpc_node]: [attach-window] t=30.50s pos_err=0.013m T=23.02N z=2.508 m_est=2.361
[INFO] [1785484801.523774971] [acados_nmpc_node]: t=30.5s | pos_err=0.013m | T=23.02N | tau=[r-0.433 p-0.027 y-0.003]Nm | res_stat=8.958e-08(peak 9.983e-07) sqp_iter=2 | solve=0.8ms
[INFO] [1785484801.623333189] [acados_nmpc_node]: [attach-window] t=30.60s pos_err=0.013m T=23.03N z=2.509 m_est=2.361
[INFO] [1785484801.721840064] [acados_nmpc_node]: [attach-window] t=30.70s pos_err=0.014m T=23.04N z=2.509 m_est=2.361
[INFO] [1785484801.823572336] [acados_nmpc_node]: [attach-window] t=30.80s pos_err=0.014m T=23.04N z=2.509 m_est=2.361
[INFO] [1785484801.923404206] [acados_nmpc_node]: [attach-window] t=30.90s pos_err=0.014m T=23.04N z=2.510 m_est=2.361
[INFO] [1785484802.023412094] [acados_nmpc_node]: [attach-window] t=31.00s pos_err=0.013m T=23.05N z=2.510 m_est=2.361
[INFO] [1785484802.123656072] [acados_nmpc_node]: [attach-window] t=31.10s pos_err=0.013m T=23.06N z=2.510 m_est=2.361
[INFO] [1785484802.221440730] [acados_nmpc_node]: [attach-window] t=31.20s pos_err=0.011m T=23.07N z=2.510 m_est=2.361
[INFO] [1785484802.323505631] [acados_nmpc_node]: [attach-window] t=31.30s pos_err=0.010m T=23.09N z=2.509 m_est=2.361
[INFO] [1785484802.421748400] [acados_nmpc_node]: [attach-window] t=31.40s pos_err=0.009m T=23.11N z=2.508 m_est=2.361
[INFO] [1785484802.521696263] [acados_nmpc_node]: [attach-window] t=31.50s pos_err=0.010m T=23.11N z=2.508 m_est=2.362
[INFO] [1785484802.623768922] [acados_nmpc_node]: [attach-window] t=31.60s pos_err=0.010m T=23.10N z=2.508 m_est=2.362
[INFO] [1785484802.721814856] [acados_nmpc_node]: [attach-window] t=31.70s pos_err=0.011m T=23.09N z=2.508 m_est=2.362
[INFO] [1785484802.823487828] [acados_nmpc_node]: [attach-window] t=31.80s pos_err=0.010m T=23.08N z=2.508 m_est=2.362
[INFO] [1785484802.923592872] [acados_nmpc_node]: [attach-window] t=31.90s pos_err=0.011m T=23.06N z=2.509 m_est=2.362
[INFO] [1785484803.023738053] [acados_nmpc_node]: [attach-window] t=32.00s pos_err=0.011m T=23.04N z=2.510 m_est=2.362
[INFO] [1785484803.121813512] [acados_nmpc_node]: [attach-window] t=32.10s pos_err=0.013m T=23.01N z=2.512 m_est=2.362
[INFO] [1785484803.221685757] [acados_nmpc_node]: [attach-window] t=32.20s pos_err=0.015m T=22.98N z=2.514 m_est=2.362
[INFO] [1785484803.321589582] [acados_nmpc_node]: [attach-window] t=32.30s pos_err=0.017m T=22.95N z=2.516 m_est=2.362
[INFO] [1785484803.423432958] [acados_nmpc_node]: [attach-window] t=32.40s pos_err=0.020m T=22.94N z=2.518 m_est=2.362
[INFO] [1785484803.523535640] [acados_nmpc_node]: [attach-window] t=32.50s pos_err=0.021m T=22.95N z=2.519 m_est=2.361
[INFO] [1785484803.623720401] [acados_nmpc_node]: [attach-window] t=32.60s pos_err=0.021m T=22.98N z=2.520 m_est=2.361
[INFO] [1785484803.723629834] [acados_nmpc_node]: [attach-window] t=32.70s pos_err=0.020m T=23.02N z=2.519 m_est=2.361
[INFO] [1785484803.823646714] [acados_nmpc_node]: [attach-window] t=32.80s pos_err=0.019m T=23.07N z=2.518 m_est=2.361
[INFO] [1785484803.923883290] [acados_nmpc_node]: [attach-window] t=32.90s pos_err=0.019m T=23.10N z=2.517 m_est=2.361
[INFO] [1785484804.023861003] [acados_nmpc_node]: [attach-window] t=33.00s pos_err=0.019m T=23.10N z=2.515 m_est=2.361
[INFO] [1785484804.123820089] [acados_nmpc_node]: [attach-window] t=33.10s pos_err=0.020m T=23.10N z=2.515 m_est=2.361
[INFO] [1785484804.223634874] [acados_nmpc_node]: [attach-window] t=33.20s pos_err=0.020m T=23.08N z=2.515 m_est=2.361
[INFO] [1785484804.323803888] [acados_nmpc_node]: [attach-window] t=33.30s pos_err=0.021m T=23.07N z=2.514 m_est=2.361
[INFO] [1785484804.423644644] [acados_nmpc_node]: [attach-window] t=33.40s pos_err=0.021m T=23.06N z=2.514 m_est=2.362
[INFO] [1785484804.523954977] [acados_nmpc_node]: [attach-window] t=33.50s pos_err=0.021m T=23.06N z=2.514 m_est=2.362
[INFO] [1785484804.623741554] [acados_nmpc_node]: [attach-window] t=33.60s pos_err=0.020m T=23.07N z=2.513 m_est=2.362
[INFO] [1785484804.723543961] [acados_nmpc_node]: [attach-window] t=33.70s pos_err=0.019m T=23.09N z=2.512 m_est=2.362
[INFO] [1785484804.823617655] [acados_nmpc_node]: [attach-window] t=33.80s pos_err=0.017m T=23.12N z=2.510 m_est=2.362
[INFO] [1785484804.923760411] [acados_nmpc_node]: [attach-window] t=33.90s pos_err=0.016m T=23.13N z=2.508 m_est=2.362
[INFO] [1785484805.021820985] [acados_nmpc_node]: [attach-window] t=34.00s pos_err=0.016m T=23.14N z=2.507 m_est=2.362
[INFO] [1785484805.121737335] [acados_nmpc_node]: [attach-window] t=34.10s pos_err=0.016m T=23.12N z=2.506 m_est=2.362
[INFO] [1785484805.222461878] [acados_nmpc_node]: [attach-window] t=34.20s pos_err=0.016m T=23.11N z=2.506 m_est=2.362
[ros2run]: Killed
