[INFO] [1788474629.319686579] [mhe_node]: MHE node starting, building/loading solver... (geom_coupled=True, N=20, m_min=1.961, m_B=2.0643)
Code reuse possible, skipping code generation.
acados was compiled without OpenMP.
[INFO] [1788474629.326698539] [mhe_node]: [prior] geom_coupled=True → 载荷质量信息**完全不生效**(grip_payload_envelope=0.3 是死代码:coupled 档下 _payload_geometry 根本不被调用);模型只吃可测杆臂 r_p + 被估质量,m 的先验仅有 Q0 质量维=0.1 (σ=3.16kg,实质无先验)
[WARN] [1788474629.327187301] [mhe_node]: geom_release_mode='self':估计器不被告知 drop。⚠️ 2026-08-24 实测,**NMPC 侧也设成 'self' 会必然坠机**——drop 后控制器继续按幽灵偏心载荷配平,指令 0.424N·m(tau_max 的 85%)作用在空机 J_xx=0.0142 上 = 29.8 rad/s²,而 MHE 10Hz/2s 窗口要 1~2s 才纠得过来,飞机先翻。**正确组合 = MHE 'self' + NMPC 'event'**(控制器是发释放指令的一方,它知道不构成认知作弊)。
[INFO] [1788474629.328615106] [mhe_node]: [c_xy_est] 质量域卸载判据已开:先武装(m_p>0.090kg),再判 m_p<0.03kg 持续 20 帧 -> 释放偏心估计
[INFO] [1788474629.329148884] [mhe_node]: [c_xy] 来源 = 一阶质量矩 s/m_T(窗口内估计,**无稳态门控**),替代窗外 EMA —— 机动中也会更新
[INFO] [1788474629.330133638] [mhe_node]: weight schedule theta = [-4.00, 0.00, 0.00, 0.00], signal mode = residual (residual self-trigger: thresh=1.5N persist=2 baseline_tau=3.0s)
[INFO] [1788474629.334283219] [mhe_node]: MHE node initialized! tau_source=command (roll/pitch NMPC意图值, yaw NMPC意图值), motor_window_avg=False, geom_release_mode=self. Waiting for odometry + control data...
[INFO] [1788474651.533992176] [mhe_node]: [no-signal] baseline settled at 19.98N (quiet 20 frames); detector armed
[INFO] [1788474651.534273041] [mhe_node]: arrival prior seeded: m=2.064 kg (m_nominal prior)
[INFO] [1788474651.534656001] [mhe_node]: [geom] model_geom_on=True (release_mode=self, truth_attached=False) mode=coupled(r_p) -> geom=[ 0.    0.   -0.47] dJ=0.0000 c_xy=[+0.0000,+0.0000] (dJ/c 为按当前 m_est 折算的诊断当量,模型内部随 m 实时生成)
[INFO] [1788474653.444708316] [mhe_node]: MHE mass estimate: 2.060 kg (T_phys=20.01N) | solve=4.0ms (max9.7)
[INFO] [1788474653.445300672] [mhe_node]: [truth] m_hat=2.0597 m_true=2.0643 err=-0.22% | c_hat=[+0.0000,+0.0000] c_true=[+0.0000,+0.0000] | Jxx_hat=0.01420 Jxx_true=0.01420 Jyz_hat=+0.00000 Jyz_true=+0.00000 | s_hat=[+0.0007,+0.0000] s_true=[+0.0000,+0.0000] kg·m
[INFO] [1788474653.445889428] [mhe_node]: [tau_phys] roll=+0.005 pitch=-0.027 Nm
[INFO] [1788474653.446488970] [mhe_node]: [mass-diag] m_est=2.0597 T=20.014N tilt=6.99deg cos=0.99257 | T/g=2.0402 T*cos/g=2.0250 | m_est-T*cos/g=+0.0347kg (+1.71%) vz=+0.098
[INFO] [1788474653.447072137] [mhe_node]: [c_xy_est] cx=+0.0002 cy=-0.0000 m
[INFO] [1788474655.441238475] [mhe_node]: MHE mass estimate: 2.061 kg (T_phys=21.09N) | solve=6.5ms (max11.6)
[INFO] [1788474655.441779223] [mhe_node]: [truth] m_hat=2.0613 m_true=2.0643 err=-0.14% | c_hat=[+0.0000,+0.0000] c_true=[+0.0000,+0.0000] | Jxx_hat=0.01420 Jxx_true=0.01420 Jyz_hat=+0.00000 Jyz_true=+0.00000 | s_hat=[-0.0010,+0.0001] s_true=[+0.0000,+0.0000] kg·m
[INFO] [1788474655.442294710] [mhe_node]: [tau_phys] roll=+0.004 pitch=-0.021 Nm
[INFO] [1788474655.442884170] [mhe_node]: [mass-diag] m_est=2.0613 T=21.094N tilt=2.16deg cos=0.99929 | T/g=2.1502 T*cos/g=2.1487 | m_est-T*cos/g=-0.0874kg (-4.07%) vz=+0.041
[INFO] [1788474655.443464807] [mhe_node]: [c_xy_est] cx=-0.0005 cy=+0.0001 m
[INFO] [1788474657.441497248] [mhe_node]: MHE mass estimate: 2.066 kg (T_phys=20.09N) | solve=6.5ms (max9.7)
[INFO] [1788474657.442123893] [mhe_node]: [truth] m_hat=2.0659 m_true=2.0643 err=+0.08% | c_hat=[+0.0000,+0.0000] c_true=[+0.0000,+0.0000] | Jxx_hat=0.01420 Jxx_true=0.01420 Jyz_hat=+0.00000 Jyz_true=+0.00000 | s_hat=[+0.0008,-0.0000] s_true=[+0.0000,+0.0000] kg·m
[INFO] [1788474657.442642270] [mhe_node]: [tau_phys] roll=+0.001 pitch=-0.005 Nm
[INFO] [1788474657.443228285] [mhe_node]: [mass-diag] m_est=2.0659 T=20.087N tilt=0.38deg cos=0.99998 | T/g=2.0476 T*cos/g=2.0476 | m_est-T*cos/g=+0.0184kg (+0.90%) vz=+0.001
[INFO] [1788474657.443825901] [mhe_node]: [c_xy_est] cx=+0.0005 cy=-0.0000 m
[INFO] [1788474659.134022438] [mhe_node]: [no-signal] mass mutation self-detected at frame 95: T_phys=18.19N vs baseline 20.11N (dev 1.92N > 1.5N over 2 frames, direction=DROP); de-weighting pre-event stages
[INFO] [1788474659.135144087] [mhe_node]: event transition started: pre-event stages de-weighted
[INFO] [1788474659.440180564] [mhe_node]: MHE mass estimate: 2.027 kg (T_phys=18.29N) | solve=4.7ms (max7.7)
[INFO] [1788474659.440723824] [mhe_node]: [truth] m_hat=2.0265 m_true=2.0643 err=-1.83% | c_hat=[+0.0000,+0.0000] c_true=[+0.0000,+0.0000] | Jxx_hat=0.01420 Jxx_true=0.01420 Jyz_hat=+0.00000 Jyz_true=+0.00000 | s_hat=[+0.0000,-0.0003] s_true=[+0.0000,+0.0000] kg·m
[INFO] [1788474659.441239860] [mhe_node]: [tau_phys] roll=+0.001 pitch=+0.000 Nm
[INFO] [1788474659.441827931] [mhe_node]: [mass-diag] m_est=2.0265 T=18.287N tilt=0.19deg cos=0.99999 | T/g=1.8641 T*cos/g=1.8641 | m_est-T*cos/g=+0.1624kg (+8.71%) vz=-0.467
[INFO] [1788474659.442406051] [mhe_node]: [c_xy_est] cx=+0.0001 cy=-0.0002 m
[INFO] [1788474661.034890931] [mhe_node]: event transition ended: nominal weights restored
[INFO] [1788474661.439420614] [mhe_node]: MHE mass estimate: 2.060 kg (T_phys=20.26N) | solve=4.3ms (max9.5)
[INFO] [1788474661.439969960] [mhe_node]: [truth] m_hat=2.0596 m_true=2.0643 err=-0.23% | c_hat=[+0.0000,+0.0000] c_true=[+0.0000,+0.0000] | Jxx_hat=0.01420 Jxx_true=0.01420 Jyz_hat=+0.00000 Jyz_true=+0.00000 | s_hat=[+0.0000,+0.0000] s_true=[+0.0000,+0.0000] kg·m
[INFO] [1788474661.440491330] [mhe_node]: [tau_phys] roll=-0.000 pitch=-0.001 Nm
[INFO] [1788474661.441078173] [mhe_node]: [mass-diag] m_est=2.0596 T=20.259N tilt=0.39deg cos=0.99998 | T/g=2.0651 T*cos/g=2.0651 | m_est-T*cos/g=-0.0055kg (-0.26%) vz=-0.057
[INFO] [1788474661.441656622] [mhe_node]: [c_xy_est] cx=+0.0000 cy=+0.0000 m
[INFO] [1788474663.134079873] [mhe_node]: [no-signal] baseline settled at 20.16N (quiet 20 frames); detector armed
[INFO] [1788474663.463393309] [mhe_node]: MHE mass estimate: 1.961 kg (T_phys=19.68N) | solve=10.9ms (max30.0)
[INFO] [1788474663.463934378] [mhe_node]: [truth] m_hat=1.9611 m_true=2.0643 err=-5.00% | c_hat=[+0.0000,+0.0000] c_true=[+0.0000,+0.0000] | Jxx_hat=0.01420 Jxx_true=0.01420 Jyz_hat=+0.00000 Jyz_true=+0.00000 | s_hat=[+0.0009,+0.0075] s_true=[+0.0000,+0.0000] kg·m
[INFO] [1788474663.464451719] [mhe_node]: [tau_phys] roll=+0.087 pitch=-0.125 Nm
[INFO] [1788474663.465043813] [mhe_node]: [mass-diag] m_est=1.9611 T=19.677N tilt=0.37deg cos=0.99998 | T/g=2.0058 T*cos/g=2.0058 | m_est-T*cos/g=-0.0447kg (-2.23%) vz=+0.014
[INFO] [1788474663.465623420] [mhe_node]: [c_xy_est] cx=+0.0002 cy=+0.0032 m
[INFO] [1788474665.034050415] [mhe_node]: [no-signal] mass mutation self-detected at frame 154: T_phys=22.57N vs baseline 20.15N (dev 2.42N > 1.5N over 2 frames, direction=ATTACH); de-weighting pre-event stages
[INFO] [1788474665.034265285] [mhe_node]: [payload-state] EMPTY->LOADED (attach, m_p=-0.103kg)
[INFO] [1788474665.035346133] [mhe_node]: event transition started: pre-event stages de-weighted
[INFO] [1788474665.441053399] [mhe_node]: MHE mass estimate: 2.253 kg (T_phys=23.54N) | solve=20.4ms (max34.2)
[INFO] [1788474665.441635403] [mhe_node]: [truth] m_hat=2.2528 m_true=2.0643 err=+9.13% | c_hat=[+0.0000,+0.0000] c_true=[+0.0000,+0.0000] | Jxx_hat=0.01420 Jxx_true=0.01420 Jyz_hat=+0.00000 Jyz_true=+0.00000 | s_hat=[-0.0039,-0.0093] s_true=[+0.0000,+0.0000] kg·m
[INFO] [1788474665.442157955] [mhe_node]: [tau_phys] roll=-0.031 pitch=+0.392 Nm
[INFO] [1788474665.442746872] [mhe_node]: [mass-diag] m_est=2.2528 T=23.543N tilt=0.11deg cos=1.00000 | T/g=2.3999 T*cos/g=2.3999 | m_est-T*cos/g=-0.1472kg (-6.13%) vz=+0.206
[INFO] [1788474665.443325560] [mhe_node]: [c_xy_est] cx=-0.0036 cy=-0.0034 m
[INFO] [1788474666.934895472] [mhe_node]: event transition ended: nominal weights restored
[INFO] [1788474667.133933622] [mhe_node]: [c_xy_est] 质量域判据已武装(m_p=0.092kg 连续20帧高于水位)
[INFO] [1788474667.460080013] [mhe_node]: MHE mass estimate: 2.106 kg (T_phys=21.66N) | solve=16.0ms (max27.8)
[INFO] [1788474667.460643669] [mhe_node]: [truth] m_hat=2.1063 m_true=2.0643 err=+2.04% | c_hat=[+0.0000,+0.0000] c_true=[+0.0000,+0.0000] | Jxx_hat=0.01420 Jxx_true=0.01420 Jyz_hat=+0.00000 Jyz_true=+0.00000 | s_hat=[+0.0016,-0.0060] s_true=[+0.0000,+0.0000] kg·m
[INFO] [1788474667.461164507] [mhe_node]: [tau_phys] roll=-0.086 pitch=+0.059 Nm
[INFO] [1788474667.461753205] [mhe_node]: [mass-diag] m_est=2.1063 T=21.660N tilt=1.29deg cos=0.99975 | T/g=2.2080 T*cos/g=2.2074 | m_est-T*cos/g=-0.1011kg (-4.58%) vz=+1.007
[INFO] [1788474667.462330496] [mhe_node]: [c_xy_est] cx=+0.0007 cy=-0.0029 m
[INFO] [1788474669.334088165] [mhe_node]: [no-signal] baseline settled at 21.71N (quiet 20 frames); detector armed
[INFO] [1788474669.439819338] [mhe_node]: MHE mass estimate: 2.228 kg (T_phys=21.45N) | solve=22.5ms (max39.5)
[INFO] [1788474669.440224813] [mhe_node]: [truth] m_hat=2.2276 m_true=2.0643 err=+7.91% | c_hat=[+0.0000,+0.0000] c_true=[+0.0000,+0.0000] | Jxx_hat=0.01420 Jxx_true=0.01420 Jyz_hat=+0.00000 Jyz_true=+0.00000 | s_hat=[-0.0082,-0.0089] s_true=[+0.0000,+0.0000] kg·m
[INFO] [1788474669.440587109] [mhe_node]: [tau_phys] roll=-0.092 pitch=+0.082 Nm
[INFO] [1788474669.441003342] [mhe_node]: [mass-diag] m_est=2.2276 T=21.446N tilt=0.21deg cos=0.99999 | T/g=2.1862 T*cos/g=2.1862 | m_est-T*cos/g=+0.0415kg (+1.90%) vz=+1.144
[INFO] [1788474669.441403319] [mhe_node]: [c_xy_est] cx=-0.0032 cy=-0.0040 m
[INFO] [1788474671.438616371] [mhe_node]: MHE mass estimate: 2.215 kg (T_phys=20.84N) | solve=4.6ms (max10.8)
[INFO] [1788474671.439200561] [mhe_node]: [truth] m_hat=2.2148 m_true=2.0643 err=+7.29% | c_hat=[+0.0000,+0.0000] c_true=[+0.0000,+0.0000] | Jxx_hat=0.01420 Jxx_true=0.01420 Jyz_hat=+0.00000 Jyz_true=+0.00000 | s_hat=[-0.0079,-0.0094] s_true=[+0.0000,+0.0000] kg·m
[INFO] [1788474671.439728762] [mhe_node]: [tau_phys] roll=-0.086 pitch=+0.068 Nm
[INFO] [1788474671.440338305] [mhe_node]: [mass-diag] m_est=2.2148 T=20.841N tilt=0.09deg cos=1.00000 | T/g=2.1244 T*cos/g=2.1244 | m_est-T*cos/g=+0.0904kg (+4.25%) vz=+0.355
[INFO] [1788474671.440946277] [mhe_node]: [c_xy_est] cx=-0.0036 cy=-0.0043 m
[INFO] [1788474673.438397227] [mhe_node]: MHE mass estimate: 2.215 kg (T_phys=21.68N) | solve=3.6ms (max4.4)
[INFO] [1788474673.438960206] [mhe_node]: [truth] m_hat=2.2151 m_true=2.0643 err=+7.30% | c_hat=[+0.0000,+0.0000] c_true=[+0.0000,+0.0000] | Jxx_hat=0.01420 Jxx_true=0.01420 Jyz_hat=+0.00000 Jyz_true=+0.00000 | s_hat=[-0.0080,-0.0093] s_true=[+0.0000,+0.0000] kg·m
[INFO] [1788474673.439483155] [mhe_node]: [tau_phys] roll=-0.093 pitch=+0.086 Nm
[INFO] [1788474673.440072887] [mhe_node]: [mass-diag] m_est=2.2151 T=21.678N tilt=0.27deg cos=0.99999 | T/g=2.2098 T*cos/g=2.2098 | m_est-T*cos/g=+0.0053kg (+0.24%) vz=-0.000
[INFO] [1788474673.440650918] [mhe_node]: [c_xy_est] cx=-0.0036 cy=-0.0042 m
[INFO] [1788474675.437572402] [mhe_node]: MHE mass estimate: 2.210 kg (T_phys=21.60N) | solve=3.5ms (max5.4)
[INFO] [1788474675.437983374] [mhe_node]: [truth] m_hat=2.2097 m_true=2.0643 err=+7.04% | c_hat=[+0.0000,+0.0000] c_true=[+0.0000,+0.0000] | Jxx_hat=0.01420 Jxx_true=0.01420 Jyz_hat=+0.00000 Jyz_true=+0.00000 | s_hat=[-0.0074,-0.0092] s_true=[+0.0000,+0.0000] kg·m
[INFO] [1788474675.438349917] [mhe_node]: [tau_phys] roll=-0.067 pitch=+0.199 Nm
[INFO] [1788474675.438765937] [mhe_node]: [mass-diag] m_est=2.2097 T=21.596N tilt=0.52deg cos=0.99996 | T/g=2.2014 T*cos/g=2.2014 | m_est-T*cos/g=+0.0084kg (+0.38%) vz=-0.001
[INFO] [1788474675.439167484] [mhe_node]: [c_xy_est] cx=-0.0035 cy=-0.0042 m
[INFO] [1788474677.441379138] [mhe_node]: MHE mass estimate: 2.207 kg (T_phys=21.76N) | solve=5.0ms (max12.0)
[INFO] [1788474677.441937619] [mhe_node]: [truth] m_hat=2.2073 m_true=2.0643 err=+6.93% | c_hat=[+0.0000,+0.0000] c_true=[+0.0000,+0.0000] | Jxx_hat=0.01420 Jxx_true=0.01420 Jyz_hat=+0.00000 Jyz_true=+0.00000 | s_hat=[-0.0080,-0.0092] s_true=[+0.0000,+0.0000] kg·m
[INFO] [1788474677.442462692] [mhe_node]: [tau_phys] roll=-0.089 pitch=+0.074 Nm
[INFO] [1788474677.443047713] [mhe_node]: [mass-diag] m_est=2.2073 T=21.758N tilt=0.32deg cos=0.99998 | T/g=2.2179 T*cos/g=2.2179 | m_est-T*cos/g=-0.0106kg (-0.48%) vz=+0.000
[INFO] [1788474677.443624249] [mhe_node]: [c_xy_est] cx=-0.0036 cy=-0.0042 m
[INFO] [1788474679.444334187] [mhe_node]: MHE mass estimate: 2.201 kg (T_phys=21.85N) | solve=8.4ms (max13.7)
[INFO] [1788474679.445021039] [mhe_node]: [truth] m_hat=2.2011 m_true=2.0643 err=+6.63% | c_hat=[+0.0000,+0.0000] c_true=[+0.0000,+0.0000] | Jxx_hat=0.01420 Jxx_true=0.01420 Jyz_hat=+0.00000 Jyz_true=+0.00000 | s_hat=[-0.0091,-0.0098] s_true=[+0.0000,+0.0000] kg·m
[INFO] [1788474679.445563465] [mhe_node]: [tau_phys] roll=-0.101 pitch=+0.134 Nm
[INFO] [1788474679.446150450] [mhe_node]: [mass-diag] m_est=2.2011 T=21.850N tilt=3.74deg cos=0.99787 | T/g=2.2273 T*cos/g=2.2226 | m_est-T*cos/g=-0.0215kg (-0.97%) vz=+0.019
[INFO] [1788474679.446733328] [mhe_node]: [c_xy_est] cx=-0.0040 cy=-0.0044 m
[INFO] [1788474681.438236793] [mhe_node]: MHE mass estimate: 2.198 kg (T_phys=21.60N) | solve=9.0ms (max13.8)
[INFO] [1788474681.438644301] [mhe_node]: [truth] m_hat=2.1984 m_true=2.0643 err=+6.49% | c_hat=[+0.0000,+0.0000] c_true=[+0.0000,+0.0000] | Jxx_hat=0.01420 Jxx_true=0.01420 Jyz_hat=+0.00000 Jyz_true=+0.00000 | s_hat=[-0.0133,-0.0086] s_true=[+0.0000,+0.0000] kg·m
[INFO] [1788474681.439012765] [mhe_node]: [tau_phys] roll=-0.082 pitch=+0.165 Nm
[INFO] [1788474681.439427880] [mhe_node]: [mass-diag] m_est=2.1984 T=21.603N tilt=3.81deg cos=0.99780 | T/g=2.2021 T*cos/g=2.1972 | m_est-T*cos/g=+0.0011kg (+0.05%) vz=+0.113
[INFO] [1788474681.439830122] [mhe_node]: [c_xy_est] cx=-0.0061 cy=-0.0039 m
[INFO] [1788474683.441198927] [mhe_node]: MHE mass estimate: 2.199 kg (T_phys=21.64N) | solve=7.3ms (max12.9)
[INFO] [1788474683.441765634] [mhe_node]: [truth] m_hat=2.1990 m_true=2.0643 err=+6.53% | c_hat=[+0.0000,+0.0000] c_true=[+0.0000,+0.0000] | Jxx_hat=0.01420 Jxx_true=0.01420 Jyz_hat=+0.00000 Jyz_true=+0.00000 | s_hat=[-0.0168,-0.0084] s_true=[+0.0000,+0.0000] kg·m
[INFO] [1788474683.442282934] [mhe_node]: [tau_phys] roll=-0.098 pitch=+0.170 Nm
[INFO] [1788474683.442864683] [mhe_node]: [mass-diag] m_est=2.1990 T=21.640N tilt=3.29deg cos=0.99836 | T/g=2.2059 T*cos/g=2.2023 | m_est-T*cos/g=-0.0032kg (-0.15%) vz=+0.163
[INFO] [1788474683.443440995] [mhe_node]: [c_xy_est] cx=-0.0074 cy=-0.0038 m
[INFO] [1788474685.443336360] [mhe_node]: MHE mass estimate: 2.204 kg (T_phys=21.59N) | solve=6.7ms (max14.0)
[INFO] [1788474685.443901460] [mhe_node]: [truth] m_hat=2.2044 m_true=2.0643 err=+6.79% | c_hat=[+0.0000,+0.0000] c_true=[+0.0000,+0.0000] | Jxx_hat=0.01420 Jxx_true=0.01420 Jyz_hat=+0.00000 Jyz_true=+0.00000 | s_hat=[-0.0137,-0.0091] s_true=[+0.0000,+0.0000] kg·m
[INFO] [1788474685.444423042] [mhe_node]: [tau_phys] roll=-0.100 pitch=-0.006 Nm
[INFO] [1788474685.445007125] [mhe_node]: [mass-diag] m_est=2.2044 T=21.585N tilt=4.98deg cos=0.99622 | T/g=2.2003 T*cos/g=2.1920 | m_est-T*cos/g=+0.0124kg (+0.57%) vz=+0.074
[INFO] [1788474685.445586425] [mhe_node]: [c_xy_est] cx=-0.0063 cy=-0.0041 m
[INFO] [1788474687.441441611] [mhe_node]: MHE mass estimate: 2.205 kg (T_phys=21.62N) | solve=6.5ms (max11.7)
[INFO] [1788474687.442011240] [mhe_node]: [truth] m_hat=2.2049 m_true=2.0643 err=+6.81% | c_hat=[+0.0000,+0.0000] c_true=[+0.0000,+0.0000] | Jxx_hat=0.01420 Jxx_true=0.01420 Jyz_hat=+0.00000 Jyz_true=+0.00000 | s_hat=[-0.0152,-0.0089] s_true=[+0.0000,+0.0000] kg·m
[INFO] [1788474687.442532106] [mhe_node]: [tau_phys] roll=-0.092 pitch=+0.124 Nm
[INFO] [1788474687.443117053] [mhe_node]: [mass-diag] m_est=2.2049 T=21.625N tilt=2.41deg cos=0.99912 | T/g=2.2044 T*cos/g=2.2024 | m_est-T*cos/g=+0.0024kg (+0.11%) vz=+0.005
[INFO] [1788474687.443695640] [mhe_node]: [c_xy_est] cx=-0.0068 cy=-0.0040 m
[INFO] [1788474689.443316580] [mhe_node]: MHE mass estimate: 2.204 kg (T_phys=21.64N) | solve=6.1ms (max11.7)
[INFO] [1788474689.443876729] [mhe_node]: [truth] m_hat=2.2038 m_true=2.0643 err=+6.76% | c_hat=[+0.0000,+0.0000] c_true=[+0.0000,+0.0000] | Jxx_hat=0.01420 Jxx_true=0.01420 Jyz_hat=+0.00000 Jyz_true=+0.00000 | s_hat=[-0.0122,-0.0087] s_true=[+0.0000,+0.0000] kg·m
[INFO] [1788474689.444401370] [mhe_node]: [tau_phys] roll=-0.080 pitch=+0.141 Nm
[INFO] [1788474689.444990819] [mhe_node]: [mass-diag] m_est=2.2038 T=21.639N tilt=1.41deg cos=0.99970 | T/g=2.2059 T*cos/g=2.2052 | m_est-T*cos/g=-0.0014kg (-0.06%) vz=-0.009
[INFO] [1788474689.445570611] [mhe_node]: [c_xy_est] cx=-0.0054 cy=-0.0039 m
[INFO] [1788474691.439614785] [mhe_node]: MHE mass estimate: 2.206 kg (T_phys=21.66N) | solve=5.6ms (max11.7)
[INFO] [1788474691.440024891] [mhe_node]: [truth] m_hat=2.2055 m_true=2.0643 err=+6.84% | c_hat=[+0.0000,+0.0000] c_true=[+0.0000,+0.0000] | Jxx_hat=0.01420 Jxx_true=0.01420 Jyz_hat=+0.00000 Jyz_true=+0.00000 | s_hat=[-0.0141,-0.0087] s_true=[+0.0000,+0.0000] kg·m
[INFO] [1788474691.440387809] [mhe_node]: [tau_phys] roll=-0.076 pitch=+0.112 Nm
[INFO] [1788474691.440807317] [mhe_node]: [mass-diag] m_est=2.2055 T=21.664N tilt=1.64deg cos=0.99959 | T/g=2.2084 T*cos/g=2.2075 | m_est-T*cos/g=-0.0020kg (-0.09%) vz=-0.053
[INFO] [1788474691.441210515] [mhe_node]: [c_xy_est] cx=-0.0064 cy=-0.0039 m
[INFO] [1788474693.444574061] [mhe_node]: MHE mass estimate: 2.203 kg (T_phys=21.60N) | solve=7.1ms (max11.9)
[INFO] [1788474693.445145411] [mhe_node]: [truth] m_hat=2.2032 m_true=2.0643 err=+6.73% | c_hat=[+0.0000,+0.0000] c_true=[+0.0000,+0.0000] | Jxx_hat=0.01420 Jxx_true=0.01420 Jyz_hat=+0.00000 Jyz_true=+0.00000 | s_hat=[-0.0132,-0.0089] s_true=[+0.0000,+0.0000] kg·m
[INFO] [1788474693.445666468] [mhe_node]: [tau_phys] roll=-0.088 pitch=+0.163 Nm
[INFO] [1788474693.446254912] [mhe_node]: [mass-diag] m_est=2.2032 T=21.596N tilt=2.75deg cos=0.99885 | T/g=2.2014 T*cos/g=2.1989 | m_est-T*cos/g=+0.0043kg (+0.19%) vz=-0.081
[INFO] [1788474693.446866567] [mhe_node]: [c_xy_est] cx=-0.0060 cy=-0.0040 m
[INFO] [1788474695.437883713] [mhe_node]: MHE mass estimate: 2.205 kg (T_phys=21.65N) | solve=5.3ms (max8.8)
[INFO] [1788474695.438299283] [mhe_node]: [truth] m_hat=2.2048 m_true=2.0643 err=+6.81% | c_hat=[+0.0000,+0.0000] c_true=[+0.0000,+0.0000] | Jxx_hat=0.01420 Jxx_true=0.01420 Jyz_hat=+0.00000 Jyz_true=+0.00000 | s_hat=[-0.0153,-0.0085] s_true=[+0.0000,+0.0000] kg·m
[INFO] [1788474695.438666484] [mhe_node]: [tau_phys] roll=-0.088 pitch=+0.128 Nm
[INFO] [1788474695.439084800] [mhe_node]: [mass-diag] m_est=2.2048 T=21.649N tilt=3.17deg cos=0.99847 | T/g=2.2068 T*cos/g=2.2034 | m_est-T*cos/g=+0.0014kg (+0.06%) vz=-0.098
[INFO] [1788474695.439493013] [mhe_node]: [c_xy_est] cx=-0.0069 cy=-0.0038 m
[INFO] [1788474697.442492797] [mhe_node]: MHE mass estimate: 2.201 kg (T_phys=21.61N) | solve=5.0ms (max7.7)
[INFO] [1788474697.443183632] [mhe_node]: [truth] m_hat=2.2015 m_true=2.0643 err=+6.64% | c_hat=[+0.0000,+0.0000] c_true=[+0.0000,+0.0000] | Jxx_hat=0.01420 Jxx_true=0.01420 Jyz_hat=+0.00000 Jyz_true=+0.00000 | s_hat=[-0.0170,-0.0087] s_true=[+0.0000,+0.0000] kg·m
[INFO] [1788474697.443704005] [mhe_node]: [tau_phys] roll=-0.089 pitch=+0.164 Nm
[INFO] [1788474697.444290066] [mhe_node]: [mass-diag] m_est=2.2015 T=21.612N tilt=2.12deg cos=0.99931 | T/g=2.2031 T*cos/g=2.2015 | m_est-T*cos/g=-0.0001kg (-0.00%) vz=-0.112
[INFO] [1788474697.444869974] [mhe_node]: [c_xy_est] cx=-0.0076 cy=-0.0039 m
[INFO] [1788474699.439382384] [mhe_node]: MHE mass estimate: 2.202 kg (T_phys=21.60N) | solve=4.9ms (max6.5)
[INFO] [1788474699.439952915] [mhe_node]: [truth] m_hat=2.2024 m_true=2.0643 err=+6.69% | c_hat=[+0.0000,+0.0000] c_true=[+0.0000,+0.0000] | Jxx_hat=0.01420 Jxx_true=0.01420 Jyz_hat=+0.00000 Jyz_true=+0.00000 | s_hat=[-0.0172,-0.0086] s_true=[+0.0000,+0.0000] kg·m
[INFO] [1788474699.440479022] [mhe_node]: [tau_phys] roll=-0.084 pitch=+0.088 Nm
[INFO] [1788474699.441074604] [mhe_node]: [mass-diag] m_est=2.2024 T=21.600N tilt=1.57deg cos=0.99962 | T/g=2.2018 T*cos/g=2.2010 | m_est-T*cos/g=+0.0015kg (+0.07%) vz=-0.102
[INFO] [1788474699.441655073] [mhe_node]: [c_xy_est] cx=-0.0077 cy=-0.0039 m
[INFO] [1788474701.439473125] [mhe_node]: MHE mass estimate: 2.203 kg (T_phys=21.66N) | solve=5.1ms (max11.0)
[INFO] [1788474701.440050177] [mhe_node]: [truth] m_hat=2.2032 m_true=2.0643 err=+6.73% | c_hat=[+0.0000,+0.0000] c_true=[+0.0000,+0.0000] | Jxx_hat=0.01420 Jxx_true=0.01420 Jyz_hat=+0.00000 Jyz_true=+0.00000 | s_hat=[-0.0154,-0.0084] s_true=[+0.0000,+0.0000] kg·m
[INFO] [1788474701.440568982] [mhe_node]: [tau_phys] roll=-0.088 pitch=+0.114 Nm
[INFO] [1788474701.441157865] [mhe_node]: [mass-diag] m_est=2.2032 T=21.662N tilt=0.84deg cos=0.99989 | T/g=2.2082 T*cos/g=2.2080 | m_est-T*cos/g=-0.0048kg (-0.22%) vz=-0.122
[INFO] [1788474701.441731378] [mhe_node]: [c_xy_est] cx=-0.0070 cy=-0.0038 m
[INFO] [1788474703.439350127] [mhe_node]: MHE mass estimate: 2.205 kg (T_phys=21.66N) | solve=4.8ms (max7.6)
[INFO] [1788474703.439911518] [mhe_node]: [truth] m_hat=2.2054 m_true=2.0643 err=+6.84% | c_hat=[+0.0000,+0.0000] c_true=[+0.0000,+0.0000] | Jxx_hat=0.01420 Jxx_true=0.01420 Jyz_hat=+0.00000 Jyz_true=+0.00000 | s_hat=[-0.0144,-0.0087] s_true=[+0.0000,+0.0000] kg·m
[INFO] [1788474703.440431853] [mhe_node]: [tau_phys] roll=-0.089 pitch=+0.037 Nm
[INFO] [1788474703.441022886] [mhe_node]: [mass-diag] m_est=2.2054 T=21.657N tilt=1.42deg cos=0.99969 | T/g=2.2077 T*cos/g=2.2070 | m_est-T*cos/g=-0.0016kg (-0.07%) vz=-0.096
[INFO] [1788474703.441603049] [mhe_node]: [c_xy_est] cx=-0.0065 cy=-0.0039 m
[INFO] [1788474705.440347038] [mhe_node]: MHE mass estimate: 2.205 kg (T_phys=21.68N) | solve=5.6ms (max9.7)
[INFO] [1788474705.440912845] [mhe_node]: [truth] m_hat=2.2055 m_true=2.0643 err=+6.84% | c_hat=[+0.0000,+0.0000] c_true=[+0.0000,+0.0000] | Jxx_hat=0.01420 Jxx_true=0.01420 Jyz_hat=+0.00000 Jyz_true=+0.00000 | s_hat=[-0.0128,-0.0088] s_true=[+0.0000,+0.0000] kg·m
[INFO] [1788474705.441434142] [mhe_node]: [tau_phys] roll=-0.097 pitch=+0.167 Nm
[INFO] [1788474705.442022396] [mhe_node]: [mass-diag] m_est=2.2055 T=21.684N tilt=2.43deg cos=0.99910 | T/g=2.2104 T*cos/g=2.2084 | m_est-T*cos/g=-0.0029kg (-0.13%) vz=-0.076
[INFO] [1788474705.442602760] [mhe_node]: [c_xy_est] cx=-0.0059 cy=-0.0040 m
[INFO] [1788474707.439403095] [mhe_node]: MHE mass estimate: 2.206 kg (T_phys=21.63N) | solve=6.1ms (max9.8)
[INFO] [1788474707.439973751] [mhe_node]: [truth] m_hat=2.2058 m_true=2.0643 err=+6.86% | c_hat=[+0.0000,+0.0000] c_true=[+0.0000,+0.0000] | Jxx_hat=0.01420 Jxx_true=0.01420 Jyz_hat=+0.00000 Jyz_true=+0.00000 | s_hat=[-0.0118,-0.0089] s_true=[+0.0000,+0.0000] kg·m
[INFO] [1788474707.440506584] [mhe_node]: [tau_phys] roll=-0.092 pitch=+0.116 Nm
[INFO] [1788474707.441091701] [mhe_node]: [mass-diag] m_est=2.2058 T=21.635N tilt=2.35deg cos=0.99916 | T/g=2.2054 T*cos/g=2.2035 | m_est-T*cos/g=+0.0023kg (+0.11%) vz=-0.035
[INFO] [1788474707.441672119] [mhe_node]: [c_xy_est] cx=-0.0054 cy=-0.0040 m
[INFO] [1788474709.439449935] [mhe_node]: MHE mass estimate: 2.207 kg (T_phys=21.72N) | solve=4.5ms (max6.6)
[INFO] [1788474709.440013146] [mhe_node]: [truth] m_hat=2.2069 m_true=2.0643 err=+6.91% | c_hat=[+0.0000,+0.0000] c_true=[+0.0000,+0.0000] | Jxx_hat=0.01420 Jxx_true=0.01420 Jyz_hat=+0.00000 Jyz_true=+0.00000 | s_hat=[-0.0139,-0.0089] s_true=[+0.0000,+0.0000] kg·m
[INFO] [1788474709.440531518] [mhe_node]: [tau_phys] roll=-0.091 pitch=+0.213 Nm
[INFO] [1788474709.441119877] [mhe_node]: [mass-diag] m_est=2.2069 T=21.717N tilt=1.85deg cos=0.99948 | T/g=2.2138 T*cos/g=2.2126 | m_est-T*cos/g=-0.0057kg (-0.26%) vz=-0.016
[INFO] [1788474709.441699148] [mhe_node]: [c_xy_est] cx=-0.0063 cy=-0.0041 m
[INFO] [1788474710.934071177] [mhe_node]: [no-signal] mass mutation self-detected at frame 613: T_phys=19.44N vs baseline 21.64N (dev 2.20N > 1.5N over 2 frames, direction=DROP); de-weighting pre-event stages
[INFO] [1788474710.934287396] [mhe_node]: [payload-state] LOADED->EMPTY (drop, m_p=+0.134kg)
[INFO] [1788474710.934475054] [mhe_node]: [c_xy_est] 载荷释放(no-signal residual) → 在线偏心估计归零(重新播种)
[INFO] [1788474710.934745739] [mhe_node]: [no-signal] → 自主释放载荷几何(无外部 drop 信号)
[INFO] [1788474710.935936763] [mhe_node]: event transition started: pre-event stages de-weighted
[INFO] [1788474710.941956330] [mhe_node]: [s-decay] n=1 |s_est|=0.01201 |s_target|=0.00000 |s_out|=0.01059 d_s_out=-0.00521 conf=0.000 present=0 armed=0 latched=1 health=1
[INFO] [1788474711.049093188] [mhe_node]: [s-decay] n=2 |s_est|=0.03239 |s_target|=0.00000 |s_out|=0.00710 d_s_out=-0.00349 conf=0.000 present=0 armed=0 latched=1 health=1
[INFO] [1788474711.149593340] [mhe_node]: [s-decay] n=3 |s_est|=0.00162 |s_target|=0.00000 |s_out|=0.00476 d_s_out=-0.00234 conf=0.000 present=0 armed=0 latched=1 health=1
[INFO] [1788474711.247121770] [mhe_node]: [s-decay] n=4 |s_est|=0.00358 |s_target|=0.00000 |s_out|=0.00319 d_s_out=-0.00157 conf=0.016 present=0 armed=0 latched=1 health=1
[INFO] [1788474711.350566359] [mhe_node]: [s-decay] n=5 |s_est|=0.00136 |s_target|=0.00000 |s_out|=0.00214 d_s_out=-0.00105 conf=0.172 present=0 armed=0 latched=1 health=1
[INFO] [1788474711.445972168] [mhe_node]: MHE mass estimate: 1.976 kg (T_phys=18.50N) | solve=7.3ms (max15.5)
[INFO] [1788474711.446516225] [mhe_node]: [truth] m_hat=1.9758 m_true=2.0643 err=-4.29% | c_hat=[+0.0000,+0.0000] c_true=[+0.0000,+0.0000] | Jxx_hat=0.01420 Jxx_true=0.01420 Jyz_hat=+0.00000 Jyz_true=+0.00000 | s_hat=[-0.0008,-0.0006] s_true=[+0.0000,+0.0000] kg·m
[INFO] [1788474711.447045804] [mhe_node]: [tau_phys] roll=-0.066 pitch=+0.002 Nm
[INFO] [1788474711.447639587] [mhe_node]: [mass-diag] m_est=1.9758 T=18.503N tilt=2.18deg cos=0.99928 | T/g=1.8861 T*cos/g=1.8847 | m_est-T*cos/g=+0.0911kg (+4.83%) vz=+0.059
[INFO] [1788474711.448234134] [mhe_node]: [c_xy_est] cx=+0.0007 cy=-0.0001 m
[INFO] [1788474711.448632853] [mhe_node]: [s-decay] n=6 |s_est|=0.00103 |s_target|=0.00000 |s_out|=0.00143 d_s_out=-0.00070 conf=0.406 present=0 armed=0 latched=1 health=1
[INFO] [1788474711.547911936] [mhe_node]: [s-decay] n=7 |s_est|=0.00176 |s_target|=0.00000 |s_out|=0.00096 d_s_out=-0.00047 conf=0.598 present=0 armed=0 latched=1 health=1
[INFO] [1788474711.645123704] [mhe_node]: [s-decay] n=8 |s_est|=0.00032 |s_target|=0.00000 |s_out|=0.00064 d_s_out=-0.00032 conf=0.731 present=0 armed=0 latched=1 health=1
[INFO] [1788474711.753400704] [mhe_node]: [s-decay] n=9 |s_est|=0.00100 |s_target|=0.00000 |s_out|=0.00043 d_s_out=-0.00021 conf=0.819 present=0 armed=0 latched=1 health=1
[INFO] [1788474711.844059691] [mhe_node]: [s-decay] n=10 |s_est|=0.00021 |s_target|=0.00000 |s_out|=0.00029 d_s_out=-0.00014 conf=0.879 present=0 armed=0 latched=1 health=1
[INFO] [1788474711.964175785] [mhe_node]: [s-decay] n=11 |s_est|=0.00785 |s_target|=0.00000 |s_out|=0.00019 d_s_out=-0.00010 conf=0.919 present=0 armed=0 latched=1 health=1
[INFO] [1788474712.060431497] [mhe_node]: [s-decay] n=12 |s_est|=0.00602 |s_target|=0.00000 |s_out|=0.00013 d_s_out=-0.00006 conf=0.946 present=0 armed=0 latched=1 health=1
[INFO] [1788474712.155319012] [mhe_node]: [s-decay] n=13 |s_est|=0.00544 |s_target|=0.00000 |s_out|=0.00009 d_s_out=-0.00004 conf=0.964 present=0 armed=0 latched=1 health=1
[INFO] [1788474712.262984427] [mhe_node]: [s-decay] n=14 |s_est|=0.00447 |s_target|=0.00000 |s_out|=0.00006 d_s_out=-0.00003 conf=0.976 present=0 armed=0 latched=1 health=1
[INFO] [1788474712.360766439] [mhe_node]: [s-decay] n=15 |s_est|=0.00390 |s_target|=0.00000 |s_out|=0.00004 d_s_out=-0.00002 conf=0.984 present=0 armed=0 latched=1 health=1
[INFO] [1788474712.458240501] [mhe_node]: [s-decay] n=16 |s_est|=0.00333 |s_target|=0.00000 |s_out|=0.00003 d_s_out=-0.00001 conf=0.989 present=0 armed=0 latched=1 health=1
[INFO] [1788474712.563404469] [mhe_node]: [s-decay] n=17 |s_est|=0.00288 |s_target|=0.00000 |s_out|=0.00002 d_s_out=-0.00001 conf=0.993 present=0 armed=0 latched=1 health=1
[INFO] [1788474712.656991326] [mhe_node]: [s-decay] n=18 |s_est|=0.00249 |s_target|=0.00000 |s_out|=0.00001 d_s_out=-0.00001 conf=0.995 present=0 armed=0 latched=1 health=1
[INFO] [1788474712.753580234] [mhe_node]: [s-decay] n=19 |s_est|=0.00216 |s_target|=0.00000 |s_out|=0.00001 d_s_out=-0.00000 conf=0.997 present=0 armed=0 latched=1 health=1
[INFO] [1788474712.834805157] [mhe_node]: event transition ended: nominal weights restored
[INFO] [1788474712.852602728] [mhe_node]: [s-decay] n=20 |s_est|=0.00186 |s_target|=0.00000 |s_out|=0.00001 d_s_out=-0.00000 conf=0.998 present=0 armed=0 latched=1 health=1
[INFO] [1788474712.955658729] [mhe_node]: [s-decay] n=21 |s_est|=0.00161 |s_target|=0.00000 |s_out|=0.00000 d_s_out=-0.00000 conf=0.999 present=0 armed=0 latched=1 health=1
[INFO] [1788474713.050419588] [mhe_node]: [s-decay] n=22 |s_est|=0.00121 |s_target|=0.00000 |s_out|=0.00000 d_s_out=-0.00000 conf=0.999 present=0 armed=0 latched=1 health=1
[INFO] [1788474713.149157074] [mhe_node]: [s-decay] n=23 |s_est|=0.00089 |s_target|=0.00000 |s_out|=0.00000 d_s_out=-0.00000 conf=0.999 present=0 armed=0 latched=1 health=1
[INFO] [1788474713.250132802] [mhe_node]: [s-decay] n=24 |s_est|=0.00043 |s_target|=0.00000 |s_out|=0.00000 d_s_out=-0.00000 conf=1.000 present=0 armed=0 latched=1 health=1
[INFO] [1788474713.350306190] [mhe_node]: [s-decay] n=25 |s_est|=0.00013 |s_target|=0.00000 |s_out|=0.00000 d_s_out=-0.00000 conf=1.000 present=0 armed=0 latched=1 health=1
[INFO] [1788474713.453182880] [mhe_node]: MHE mass estimate: 2.005 kg (T_phys=20.28N) | solve=19.4ms (max29.1)
[INFO] [1788474713.453721565] [mhe_node]: [truth] m_hat=2.0053 m_true=2.0643 err=-2.86% | c_hat=[+0.0000,+0.0000] c_true=[+0.0000,+0.0000] | Jxx_hat=0.01420 Jxx_true=0.01420 Jyz_hat=+0.00000 Jyz_true=+0.00000 | s_hat=[-0.0005,-0.0000] s_true=[+0.0000,+0.0000] kg·m
[INFO] [1788474713.454237684] [mhe_node]: [tau_phys] roll=+0.004 pitch=+0.012 Nm
[INFO] [1788474713.454826845] [mhe_node]: [mass-diag] m_est=2.0053 T=20.285N tilt=1.68deg cos=0.99957 | T/g=2.0678 T*cos/g=2.0669 | m_est-T*cos/g=-0.0616kg (-2.98%) vz=+0.035
[INFO] [1788474713.455408789] [mhe_node]: [c_xy_est] cx=+0.0001 cy=-0.0000 m
[INFO] [1788474713.455783542] [mhe_node]: [s-decay] n=26 |s_est|=0.00050 |s_target|=0.00000 |s_out|=0.00000 d_s_out=-0.00000 conf=1.000 present=0 armed=0 latched=1 health=1
[INFO] [1788474713.559139475] [mhe_node]: [s-decay] n=27 |s_est|=0.00073 |s_target|=0.00000 |s_out|=0.00000 d_s_out=-0.00000 conf=1.000 present=0 armed=0 latched=1 health=1
[INFO] [1788474713.657299483] [mhe_node]: [s-decay] n=28 |s_est|=0.00152 |s_target|=0.00000 |s_out|=0.00000 d_s_out=-0.00000 conf=1.000 present=0 armed=0 latched=1 health=1
[INFO] [1788474713.755732015] [mhe_node]: [s-decay] n=29 |s_est|=0.00192 |s_target|=0.00000 |s_out|=0.00000 d_s_out=-0.00000 conf=1.000 present=0 armed=0 latched=1 health=1
[INFO] [1788474713.849760833] [mhe_node]: [s-decay] n=30 |s_est|=0.00280 |s_target|=0.00000 |s_out|=0.00000 d_s_out=-0.00000 conf=1.000 present=0 armed=0 latched=1 health=1
[INFO] [1788474713.943643486] [mhe_node]: [s-decay] n=31 |s_est|=0.00095 |s_target|=0.00000 |s_out|=0.00000 d_s_out=-0.00000 conf=1.000 present=0 armed=0 latched=1 health=1
[INFO] [1788474714.039439830] [mhe_node]: [s-decay] n=32 |s_est|=0.00110 |s_target|=0.00000 |s_out|=0.00000 d_s_out=-0.00000 conf=1.000 present=0 armed=0 latched=1 health=1
[INFO] [1788474714.142326609] [mhe_node]: [s-decay] n=33 |s_est|=0.00097 |s_target|=0.00000 |s_out|=0.00000 d_s_out=-0.00000 conf=1.000 present=0 armed=0 latched=1 health=1
[INFO] [1788474714.239210824] [mhe_node]: [s-decay] n=34 |s_est|=0.00102 |s_target|=0.00000 |s_out|=0.00000 d_s_out=-0.00000 conf=1.000 present=0 armed=0 latched=1 health=1
[INFO] [1788474714.339333509] [mhe_node]: [s-decay] n=35 |s_est|=0.00094 |s_target|=0.00000 |s_out|=0.00000 d_s_out=-0.00000 conf=1.000 present=0 armed=0 latched=1 health=1
[INFO] [1788474714.437795948] [mhe_node]: [s-decay] n=36 |s_est|=0.00092 |s_target|=0.00000 |s_out|=0.00000 d_s_out=-0.00000 conf=1.000 present=0 armed=0 latched=1 health=1
[INFO] [1788474714.539350356] [mhe_node]: [s-decay] n=37 |s_est|=0.00089 |s_target|=0.00000 |s_out|=0.00000 d_s_out=-0.00000 conf=1.000 present=0 armed=0 latched=1 health=1
[INFO] [1788474714.640440594] [mhe_node]: [s-decay] n=38 |s_est|=0.00086 |s_target|=0.00000 |s_out|=0.00000 d_s_out=-0.00000 conf=1.000 present=0 armed=0 latched=1 health=1
[INFO] [1788474714.738132804] [mhe_node]: [s-decay] n=39 |s_est|=0.00084 |s_target|=0.00000 |s_out|=0.00000 d_s_out=-0.00000 conf=1.000 present=0 armed=0 latched=1 health=1
[INFO] [1788474714.841219486] [mhe_node]: [s-decay] n=40 |s_est|=0.00082 |s_target|=0.00000 |s_out|=0.00000 d_s_out=-0.00000 conf=1.000 present=0 armed=0 latched=1 health=1
[INFO] [1788474714.933974183] [mhe_node]: [no-signal] baseline settled at 20.36N (quiet 20 frames); detector armed
[INFO] [1788474714.940460039] [mhe_node]: [s-decay] n=41 |s_est|=0.00081 |s_target|=0.00000 |s_out|=0.00000 d_s_out=-0.00000 conf=1.000 present=0 armed=0 latched=1 health=1
[INFO] [1788474715.040119923] [mhe_node]: [s-decay] n=42 |s_est|=0.00079 |s_target|=0.00000 |s_out|=0.00000 d_s_out=-0.00000 conf=1.000 present=0 armed=0 latched=1 health=1
[INFO] [1788474715.140137761] [mhe_node]: [s-decay] n=43 |s_est|=0.00076 |s_target|=0.00000 |s_out|=0.00000 d_s_out=-0.00000 conf=1.000 present=0 armed=0 latched=1 health=1
[INFO] [1788474715.240105002] [mhe_node]: [s-decay] n=44 |s_est|=0.00074 |s_target|=0.00000 |s_out|=0.00000 d_s_out=-0.00000 conf=1.000 present=0 armed=0 latched=1 health=1
[INFO] [1788474715.338407734] [mhe_node]: [s-decay] n=45 |s_est|=0.00073 |s_target|=0.00000 |s_out|=0.00000 d_s_out=-0.00000 conf=1.000 present=0 armed=0 latched=1 health=1
[INFO] [1788474715.440270214] [mhe_node]: MHE mass estimate: 2.059 kg (T_phys=20.22N) | solve=8.4ms (max24.4)
[INFO] [1788474715.440935393] [mhe_node]: [truth] m_hat=2.0588 m_true=2.0643 err=-0.27% | c_hat=[+0.0000,+0.0000] c_true=[+0.0000,+0.0000] | Jxx_hat=0.01420 Jxx_true=0.01420 Jyz_hat=+0.00000 Jyz_true=+0.00000 | s_hat=[-0.0007,+0.0003] s_true=[+0.0000,+0.0000] kg·m
[INFO] [1788474715.441451910] [mhe_node]: [tau_phys] roll=+0.001 pitch=+0.009 Nm
[INFO] [1788474715.442038112] [mhe_node]: [mass-diag] m_est=2.0588 T=20.216N tilt=2.44deg cos=0.99909 | T/g=2.0608 T*cos/g=2.0589 | m_est-T*cos/g=-0.0001kg (-0.01%) vz=+0.072
[INFO] [1788474715.442614425] [mhe_node]: [c_xy_est] cx=-0.0003 cy=+0.0002 m
[INFO] [1788474715.442985205] [mhe_node]: [s-decay] n=46 |s_est|=0.00072 |s_target|=0.00000 |s_out|=0.00000 d_s_out=-0.00000 conf=1.000 present=0 armed=0 latched=1 health=1
[INFO] [1788474715.539528803] [mhe_node]: [s-decay] n=47 |s_est|=0.00072 |s_target|=0.00000 |s_out|=0.00000 d_s_out=-0.00000 conf=1.000 present=0 armed=0 latched=1 health=1
[INFO] [1788474715.640576722] [mhe_node]: [s-decay] n=48 |s_est|=0.00074 |s_target|=0.00000 |s_out|=0.00000 d_s_out=-0.00000 conf=1.000 present=0 armed=0 latched=1 health=1
[INFO] [1788474715.740416602] [mhe_node]: [s-decay] n=49 |s_est|=0.00075 |s_target|=0.00000 |s_out|=0.00000 d_s_out=-0.00000 conf=1.000 present=0 armed=0 latched=1 health=1
[INFO] [1788474715.840452423] [mhe_node]: [s-decay] n=50 |s_est|=0.00078 |s_target|=0.00000 |s_out|=0.00000 d_s_out=-0.00000 conf=1.000 present=0 armed=0 latched=1 health=1
[INFO] [1788474715.940627213] [mhe_node]: [s-decay] n=51 |s_est|=0.00082 |s_target|=0.00000 |s_out|=0.00000 d_s_out=-0.00000 conf=1.000 present=0 armed=0 latched=1 health=1
[INFO] [1788474716.039456032] [mhe_node]: [s-decay] n=52 |s_est|=0.00085 |s_target|=0.00000 |s_out|=0.00000 d_s_out=-0.00000 conf=1.000 present=0 armed=0 latched=1 health=1
[INFO] [1788474716.139420352] [mhe_node]: [s-decay] n=53 |s_est|=0.00088 |s_target|=0.00000 |s_out|=0.00000 d_s_out=-0.00000 conf=1.000 present=0 armed=0 latched=1 health=1
[INFO] [1788474716.239451108] [mhe_node]: [s-decay] n=54 |s_est|=0.00090 |s_target|=0.00000 |s_out|=0.00000 d_s_out=-0.00000 conf=1.000 present=0 armed=0 latched=1 health=1
[INFO] [1788474716.339341256] [mhe_node]: [s-decay] n=55 |s_est|=0.00089 |s_target|=0.00000 |s_out|=0.00000 d_s_out=-0.00000 conf=1.000 present=0 armed=0 latched=1 health=1
[INFO] [1788474716.440243465] [mhe_node]: [s-decay] n=56 |s_est|=0.00089 |s_target|=0.00000 |s_out|=0.00000 d_s_out=-0.00000 conf=1.000 present=0 armed=0 latched=1 health=1
[INFO] [1788474716.539216509] [mhe_node]: [s-decay] n=57 |s_est|=0.00088 |s_target|=0.00000 |s_out|=0.00000 d_s_out=-0.00000 conf=1.000 present=0 armed=0 latched=1 health=1
[INFO] [1788474716.639267756] [mhe_node]: [s-decay] n=58 |s_est|=0.00088 |s_target|=0.00000 |s_out|=0.00000 d_s_out=-0.00000 conf=1.000 present=0 armed=0 latched=1 health=1
[INFO] [1788474716.739396651] [mhe_node]: [s-decay] n=59 |s_est|=0.00087 |s_target|=0.00000 |s_out|=0.00000 d_s_out=-0.00000 conf=1.000 present=0 armed=0 latched=1 health=1
[INFO] [1788474716.839259774] [mhe_node]: [s-decay] n=60 |s_est|=0.00088 |s_target|=0.00000 |s_out|=0.00000 d_s_out=-0.00000 conf=1.000 present=0 armed=0 latched=1 health=1
[INFO] [1788474716.939358361] [mhe_node]: [s-decay] n=61 |s_est|=0.00089 |s_target|=0.00000 |s_out|=0.00000 d_s_out=-0.00000 conf=1.000 present=0 armed=0 latched=1 health=1
[INFO] [1788474717.039269195] [mhe_node]: [s-decay] n=62 |s_est|=0.00086 |s_target|=0.00000 |s_out|=0.00000 d_s_out=-0.00000 conf=1.000 present=0 armed=0 latched=1 health=1
[INFO] [1788474717.139257356] [mhe_node]: [s-decay] n=63 |s_est|=0.00078 |s_target|=0.00000 |s_out|=0.00000 d_s_out=-0.00000 conf=1.000 present=0 armed=0 latched=1 health=1
[INFO] [1788474717.239366467] [mhe_node]: [s-decay] n=64 |s_est|=0.00073 |s_target|=0.00000 |s_out|=0.00000 d_s_out=-0.00000 conf=1.000 present=0 armed=0 latched=1 health=1
[INFO] [1788474717.339329599] [mhe_node]: [s-decay] n=65 |s_est|=0.00069 |s_target|=0.00000 |s_out|=0.00000 d_s_out=-0.00000 conf=1.000 present=0 armed=0 latched=1 health=1
[INFO] [1788474717.443546514] [mhe_node]: MHE mass estimate: 2.060 kg (T_phys=20.30N) | solve=5.1ms (max8.7)
[INFO] [1788474717.444096191] [mhe_node]: [truth] m_hat=2.0602 m_true=2.0643 err=-0.20% | c_hat=[+0.0000,+0.0000] c_true=[+0.0000,+0.0000] | Jxx_hat=0.01420 Jxx_true=0.01420 Jyz_hat=+0.00000 Jyz_true=+0.00000 | s_hat=[-0.0006,+0.0004] s_true=[+0.0000,+0.0000] kg·m
[INFO] [1788474717.444615695] [mhe_node]: [tau_phys] roll=+0.002 pitch=+0.013 Nm
[INFO] [1788474717.445206500] [mhe_node]: [mass-diag] m_est=2.0602 T=20.298N tilt=2.79deg cos=0.99882 | T/g=2.0691 T*cos/g=2.0667 | m_est-T*cos/g=-0.0064kg (-0.31%) vz=+0.098
[INFO] [1788474717.445786401] [mhe_node]: [c_xy_est] cx=-0.0003 cy=+0.0002 m
[INFO] [1788474717.446164765] [mhe_node]: [s-decay] n=66 |s_est|=0.00068 |s_target|=0.00000 |s_out|=0.00000 d_s_out=-0.00000 conf=1.000 present=0 armed=0 latched=1 health=1
[INFO] [1788474717.540202842] [mhe_node]: [s-decay] n=67 |s_est|=0.00067 |s_target|=0.00000 |s_out|=0.00000 d_s_out=-0.00000 conf=1.000 present=0 armed=0 latched=1 health=1
[INFO] [1788474717.640200424] [mhe_node]: [s-decay] n=68 |s_est|=0.00069 |s_target|=0.00000 |s_out|=0.00000 d_s_out=-0.00000 conf=1.000 present=0 armed=0 latched=1 health=1
[INFO] [1788474717.740188186] [mhe_node]: [s-decay] n=69 |s_est|=0.00071 |s_target|=0.00000 |s_out|=0.00000 d_s_out=-0.00000 conf=1.000 present=0 armed=0 latched=1 health=1
[INFO] [1788474717.839323149] [mhe_node]: [s-decay] n=70 |s_est|=0.00073 |s_target|=0.00000 |s_out|=0.00000 d_s_out=-0.00000 conf=1.000 present=0 armed=0 latched=1 health=1
[INFO] [1788474717.937567269] [mhe_node]: [s-decay] n=71 |s_est|=0.00073 |s_target|=0.00000 |s_out|=0.00000 d_s_out=-0.00000 conf=1.000 present=0 armed=0 latched=1 health=1
[INFO] [1788474718.039354962] [mhe_node]: [s-decay] n=72 |s_est|=0.00072 |s_target|=0.00000 |s_out|=0.00000 d_s_out=-0.00000 conf=1.000 present=0 armed=0 latched=1 health=1
[INFO] [1788474718.139381053] [mhe_node]: [s-decay] n=73 |s_est|=0.00073 |s_target|=0.00000 |s_out|=0.00000 d_s_out=-0.00000 conf=1.000 present=0 armed=0 latched=1 health=1
[INFO] [1788474718.239281328] [mhe_node]: [s-decay] n=74 |s_est|=0.00074 |s_target|=0.00000 |s_out|=0.00000 d_s_out=-0.00000 conf=1.000 present=0 armed=0 latched=1 health=1
[INFO] [1788474718.340207919] [mhe_node]: [s-decay] n=75 |s_est|=0.00076 |s_target|=0.00000 |s_out|=0.00000 d_s_out=-0.00000 conf=1.000 present=0 armed=0 latched=1 health=1
[INFO] [1788474718.440160361] [mhe_node]: [s-decay] n=76 |s_est|=0.00079 |s_target|=0.00000 |s_out|=0.00000 d_s_out=-0.00000 conf=1.000 present=0 armed=0 latched=1 health=1
[INFO] [1788474718.541302534] [mhe_node]: [s-decay] n=77 |s_est|=0.00083 |s_target|=0.00000 |s_out|=0.00000 d_s_out=-0.00000 conf=1.000 present=0 armed=0 latched=1 health=1
[INFO] [1788474718.641605025] [mhe_node]: [s-decay] n=78 |s_est|=0.00088 |s_target|=0.00000 |s_out|=0.00000 d_s_out=-0.00000 conf=1.000 present=0 armed=0 latched=1 health=1
[INFO] [1788474718.739350131] [mhe_node]: [s-decay] n=79 |s_est|=0.00096 |s_target|=0.00000 |s_out|=0.00000 d_s_out=-0.00000 conf=1.000 present=0 armed=0 latched=1 health=1
[INFO] [1788474718.841519034] [mhe_node]: [s-decay] n=80 |s_est|=0.00106 |s_target|=0.00000 |s_out|=0.00000 d_s_out=-0.00000 conf=1.000 present=0 armed=0 latched=1 health=1
[INFO] [1788474718.940434979] [mhe_node]: [s-decay] n=81 |s_est|=0.00118 |s_target|=0.00000 |s_out|=0.00000 d_s_out=-0.00000 conf=1.000 present=0 armed=0 latched=1 health=1
[INFO] [1788474719.041894101] [mhe_node]: [s-decay] n=82 |s_est|=0.00128 |s_target|=0.00000 |s_out|=0.00000 d_s_out=-0.00000 conf=1.000 present=0 armed=0 latched=1 health=1
[INFO] [1788474719.140484405] [mhe_node]: [s-decay] n=83 |s_est|=0.00132 |s_target|=0.00000 |s_out|=0.00000 d_s_out=-0.00000 conf=1.000 present=0 armed=0 latched=1 health=1
[INFO] [1788474719.240394746] [mhe_node]: [s-decay] n=84 |s_est|=0.00137 |s_target|=0.00000 |s_out|=0.00000 d_s_out=-0.00000 conf=1.000 present=0 armed=0 latched=1 health=1
[INFO] [1788474719.343988039] [mhe_node]: [s-decay] n=85 |s_est|=0.00142 |s_target|=0.00000 |s_out|=0.00000 d_s_out=-0.00000 conf=1.000 present=0 armed=0 latched=1 health=1
[INFO] [1788474719.440583670] [mhe_node]: MHE mass estimate: 2.058 kg (T_phys=20.20N) | solve=5.6ms (max9.3)
[INFO] [1788474719.441121652] [mhe_node]: [truth] m_hat=2.0575 m_true=2.0643 err=-0.33% | c_hat=[+0.0000,+0.0000] c_true=[+0.0000,+0.0000] | Jxx_hat=0.01420 Jxx_true=0.01420 Jyz_hat=+0.00000 Jyz_true=+0.00000 | s_hat=[-0.0014,+0.0005] s_true=[+0.0000,+0.0000] kg·m
[INFO] [1788474719.441637335] [mhe_node]: [tau_phys] roll=+0.006 pitch=+0.017 Nm
[INFO] [1788474719.442223705] [mhe_node]: [mass-diag] m_est=2.0575 T=20.195N tilt=2.62deg cos=0.99895 | T/g=2.0586 T*cos/g=2.0565 | m_est-T*cos/g=+0.0010kg (+0.05%) vz=+0.109
[INFO] [1788474719.442829028] [mhe_node]: [c_xy_est] cx=-0.0006 cy=+0.0002 m
[INFO] [1788474719.443204331] [mhe_node]: [s-decay] n=86 |s_est|=0.00149 |s_target|=0.00000 |s_out|=0.00000 d_s_out=-0.00000 conf=1.000 present=0 armed=0 latched=1 health=1
[INFO] [1788474719.540497378] [mhe_node]: [s-decay] n=87 |s_est|=0.00156 |s_target|=0.00000 |s_out|=0.00000 d_s_out=-0.00000 conf=1.000 present=0 armed=0 latched=1 health=1
[INFO] [1788474719.639442586] [mhe_node]: [s-decay] n=88 |s_est|=0.00163 |s_target|=0.00000 |s_out|=0.00000 d_s_out=-0.00000 conf=1.000 present=0 armed=0 latched=1 health=1
[INFO] [1788474719.739569568] [mhe_node]: [s-decay] n=89 |s_est|=0.00172 |s_target|=0.00000 |s_out|=0.00000 d_s_out=-0.00000 conf=1.000 present=0 armed=0 latched=1 health=1
[INFO] [1788474719.839690147] [mhe_node]: [s-decay] n=90 |s_est|=0.00180 |s_target|=0.00000 |s_out|=0.00000 d_s_out=-0.00000 conf=1.000 present=0 armed=0 latched=1 health=1
[INFO] [1788474719.939595217] [mhe_node]: [s-decay] n=91 |s_est|=0.00183 |s_target|=0.00000 |s_out|=0.00000 d_s_out=-0.00000 conf=1.000 present=0 armed=0 latched=1 health=1
[INFO] [1788474720.038570351] [mhe_node]: [s-decay] n=92 |s_est|=0.00185 |s_target|=0.00000 |s_out|=0.00000 d_s_out=-0.00000 conf=1.000 present=0 armed=0 latched=1 health=1
[INFO] [1788474720.138523929] [mhe_node]: [s-decay] n=93 |s_est|=0.00187 |s_target|=0.00000 |s_out|=0.00000 d_s_out=-0.00000 conf=1.000 present=0 armed=0 latched=1 health=1
[INFO] [1788474720.239601182] [mhe_node]: [s-decay] n=94 |s_est|=0.00189 |s_target|=0.00000 |s_out|=0.00000 d_s_out=-0.00000 conf=1.000 present=0 armed=0 latched=1 health=1
[INFO] [1788474720.338501934] [mhe_node]: [s-decay] n=95 |s_est|=0.00190 |s_target|=0.00000 |s_out|=0.00000 d_s_out=-0.00000 conf=1.000 present=0 armed=0 latched=1 health=1
[INFO] [1788474720.438575956] [mhe_node]: [s-decay] n=96 |s_est|=0.00192 |s_target|=0.00000 |s_out|=0.00000 d_s_out=-0.00000 conf=1.000 present=0 armed=0 latched=1 health=1
[INFO] [1788474720.538511268] [mhe_node]: [s-decay] n=97 |s_est|=0.00192 |s_target|=0.00000 |s_out|=0.00000 d_s_out=-0.00000 conf=1.000 present=0 armed=0 latched=1 health=1
[INFO] [1788474720.638536082] [mhe_node]: [s-decay] n=98 |s_est|=0.00194 |s_target|=0.00000 |s_out|=0.00000 d_s_out=-0.00000 conf=1.000 present=0 armed=0 latched=1 health=1
[INFO] [1788474720.738476832] [mhe_node]: [s-decay] n=99 |s_est|=0.00194 |s_target|=0.00000 |s_out|=0.00000 d_s_out=-0.00000 conf=1.000 present=0 armed=0 latched=1 health=1
[INFO] [1788474720.837521640] [mhe_node]: [s-decay] n=100 |s_est|=0.00197 |s_target|=0.00000 |s_out|=0.00000 d_s_out=-0.00000 conf=1.000 present=0 armed=0 latched=1 health=1
[INFO] [1788474721.437264271] [mhe_node]: MHE mass estimate: 2.058 kg (T_phys=20.26N) | solve=4.0ms (max5.7)
[INFO] [1788474721.437651612] [mhe_node]: [truth] m_hat=2.0578 m_true=2.0643 err=-0.31% | c_hat=[+0.0000,+0.0000] c_true=[+0.0000,+0.0000] | Jxx_hat=0.01420 Jxx_true=0.01420 Jyz_hat=+0.00000 Jyz_true=+0.00000 | s_hat=[-0.0020,+0.0006] s_true=[+0.0000,+0.0000] kg·m
[INFO] [1788474721.438021174] [mhe_node]: [tau_phys] roll=+0.006 pitch=+0.019 Nm
[INFO] [1788474721.438439655] [mhe_node]: [mass-diag] m_est=2.0578 T=20.259N tilt=1.44deg cos=0.99968 | T/g=2.0651 T*cos/g=2.0645 | m_est-T*cos/g=-0.0067kg (-0.32%) vz=+0.101
[INFO] [1788474721.438867184] [mhe_node]: [c_xy_est] cx=-0.0009 cy=+0.0003 m
[INFO] [1788474723.440133806] [mhe_node]: MHE mass estimate: 2.057 kg (T_phys=20.28N) | solve=6.0ms (max10.7)
[INFO] [1788474723.440520573] [mhe_node]: [truth] m_hat=2.0574 m_true=2.0643 err=-0.33% | c_hat=[+0.0000,+0.0000] c_true=[+0.0000,+0.0000] | Jxx_hat=0.01420 Jxx_true=0.01420 Jyz_hat=+0.00000 Jyz_true=+0.00000 | s_hat=[-0.0019,+0.0007] s_true=[+0.0000,+0.0000] kg·m
[INFO] [1788474723.440887334] [mhe_node]: [tau_phys] roll=+0.004 pitch=+0.018 Nm
[INFO] [1788474723.441301812] [mhe_node]: [mass-diag] m_est=2.0574 T=20.277N tilt=0.93deg cos=0.99987 | T/g=2.0670 T*cos/g=2.0667 | m_est-T*cos/g=-0.0093kg (-0.45%) vz=+0.103
[INFO] [1788474723.441707254] [mhe_node]: [c_xy_est] cx=-0.0009 cy=+0.0003 m
[INFO] [1788474725.438082950] [mhe_node]: MHE mass estimate: 2.058 kg (T_phys=20.13N) | solve=6.2ms (max11.8)
[INFO] [1788474725.438471586] [mhe_node]: [truth] m_hat=2.0580 m_true=2.0643 err=-0.31% | c_hat=[+0.0000,+0.0000] c_true=[+0.0000,+0.0000] | Jxx_hat=0.01420 Jxx_true=0.01420 Jyz_hat=+0.00000 Jyz_true=+0.00000 | s_hat=[-0.0016,+0.0006] s_true=[+0.0000,+0.0000] kg·m
[INFO] [1788474725.438834096] [mhe_node]: [tau_phys] roll=+0.005 pitch=+0.017 Nm
[INFO] [1788474725.439251606] [mhe_node]: [mass-diag] m_est=2.0580 T=20.134N tilt=1.78deg cos=0.99952 | T/g=2.0524 T*cos/g=2.0514 | m_est-T*cos/g=+0.0066kg (+0.32%) vz=+0.102
[INFO] [1788474725.439653462] [mhe_node]: [c_xy_est] cx=-0.0008 cy=+0.0003 m
[INFO] [1788474727.440332856] [mhe_node]: MHE mass estimate: 2.059 kg (T_phys=20.21N) | solve=4.7ms (max5.5)
[INFO] [1788474727.440883816] [mhe_node]: [truth] m_hat=2.0588 m_true=2.0643 err=-0.27% | c_hat=[+0.0000,+0.0000] c_true=[+0.0000,+0.0000] | Jxx_hat=0.01420 Jxx_true=0.01420 Jyz_hat=+0.00000 Jyz_true=+0.00000 | s_hat=[-0.0011,+0.0004] s_true=[+0.0000,+0.0000] kg·m
[INFO] [1788474727.441403871] [mhe_node]: [tau_phys] roll=-0.003 pitch=-0.001 Nm
[INFO] [1788474727.441988265] [mhe_node]: [mass-diag] m_est=2.0588 T=20.213N tilt=2.40deg cos=0.99913 | T/g=2.0604 T*cos/g=2.0586 | m_est-T*cos/g=+0.0002kg (+0.01%) vz=+0.072
[INFO] [1788474727.442569371] [mhe_node]: [c_xy_est] cx=-0.0005 cy=+0.0002 m
[INFO] [1788474729.442011444] [mhe_node]: MHE mass estimate: 2.057 kg (T_phys=20.21N) | solve=5.1ms (max8.7)
[INFO] [1788474729.442554285] [mhe_node]: [truth] m_hat=2.0567 m_true=2.0643 err=-0.37% | c_hat=[+0.0000,+0.0000] c_true=[+0.0000,+0.0000] | Jxx_hat=0.01420 Jxx_true=0.01420 Jyz_hat=+0.00000 Jyz_true=+0.00000 | s_hat=[-0.0005,+0.0003] s_true=[+0.0000,+0.0000] kg·m
[INFO] [1788474729.443081906] [mhe_node]: [tau_phys] roll=+0.005 pitch=+0.009 Nm
[INFO] [1788474729.443679718] [mhe_node]: [mass-diag] m_est=2.0567 T=20.210N tilt=2.67deg cos=0.99891 | T/g=2.0601 T*cos/g=2.0579 | m_est-T*cos/g=-0.0012kg (-0.06%) vz=+0.030
[INFO] [1788474729.444263132] [mhe_node]: [c_xy_est] cx=-0.0003 cy=+0.0001 m
[INFO] [1788474731.439460536] [mhe_node]: MHE mass estimate: 2.059 kg (T_phys=20.22N) | solve=5.6ms (max11.6)
[INFO] [1788474731.440003185] [mhe_node]: [truth] m_hat=2.0588 m_true=2.0643 err=-0.27% | c_hat=[+0.0000,+0.0000] c_true=[+0.0000,+0.0000] | Jxx_hat=0.01420 Jxx_true=0.01420 Jyz_hat=+0.00000 Jyz_true=+0.00000 | s_hat=[-0.0014,+0.0004] s_true=[+0.0000,+0.0000] kg·m
[INFO] [1788474731.440530009] [mhe_node]: [tau_phys] roll=+0.004 pitch=+0.015 Nm
[INFO] [1788474731.441136332] [mhe_node]: [mass-diag] m_est=2.0588 T=20.216N tilt=1.75deg cos=0.99953 | T/g=2.0607 T*cos/g=2.0598 | m_est-T*cos/g=-0.0010kg (-0.05%) vz=+0.015
[INFO] [1788474731.441721307] [mhe_node]: [c_xy_est] cx=-0.0006 cy=+0.0002 m
[INFO] [1788474733.439424725] [mhe_node]: MHE mass estimate: 2.060 kg (T_phys=20.16N) | solve=5.5ms (max7.9)
[INFO] [1788474733.440116908] [mhe_node]: [truth] m_hat=2.0599 m_true=2.0643 err=-0.21% | c_hat=[+0.0000,+0.0000] c_true=[+0.0000,+0.0000] | Jxx_hat=0.01420 Jxx_true=0.01420 Jyz_hat=+0.00000 Jyz_true=+0.00000 | s_hat=[-0.0013,+0.0005] s_true=[+0.0000,+0.0000] kg·m
[INFO] [1788474733.440637610] [mhe_node]: [tau_phys] roll=-0.000 pitch=-0.017 Nm
[INFO] [1788474733.441229504] [mhe_node]: [mass-diag] m_est=2.0599 T=20.161N tilt=1.39deg cos=0.99971 | T/g=2.0551 T*cos/g=2.0545 | m_est-T*cos/g=+0.0054kg (+0.26%) vz=-0.012
[INFO] [1788474733.441809319] [mhe_node]: [c_xy_est] cx=-0.0006 cy=+0.0002 m
[INFO] [1788474735.439287268] [mhe_node]: MHE mass estimate: 2.060 kg (T_phys=20.14N) | solve=4.8ms (max7.7)
[INFO] [1788474735.439830479] [mhe_node]: [truth] m_hat=2.0601 m_true=2.0643 err=-0.21% | c_hat=[+0.0000,+0.0000] c_true=[+0.0000,+0.0000] | Jxx_hat=0.01420 Jxx_true=0.01420 Jyz_hat=+0.00000 Jyz_true=+0.00000 | s_hat=[-0.0007,+0.0004] s_true=[+0.0000,+0.0000] kg·m
[INFO] [1788474735.440350531] [mhe_node]: [tau_phys] roll=+0.005 pitch=+0.011 Nm
[INFO] [1788474735.440940877] [mhe_node]: [mass-diag] m_est=2.0601 T=20.139N tilt=1.60deg cos=0.99961 | T/g=2.0529 T*cos/g=2.0521 | m_est-T*cos/g=+0.0079kg (+0.39%) vz=-0.037
[INFO] [1788474735.441520725] [mhe_node]: [c_xy_est] cx=-0.0003 cy=+0.0002 m
[INFO] [1788474737.437832557] [mhe_node]: MHE mass estimate: 2.059 kg (T_phys=20.14N) | solve=4.9ms (max6.9)
[INFO] [1788474737.438232161] [mhe_node]: [truth] m_hat=2.0592 m_true=2.0643 err=-0.25% | c_hat=[+0.0000,+0.0000] c_true=[+0.0000,+0.0000] | Jxx_hat=0.01420 Jxx_true=0.01420 Jyz_hat=+0.00000 Jyz_true=+0.00000 | s_hat=[-0.0009,+0.0004] s_true=[+0.0000,+0.0000] kg·m
[INFO] [1788474737.438597182] [mhe_node]: [tau_phys] roll=+0.003 pitch=+0.008 Nm
[INFO] [1788474737.439021951] [mhe_node]: [mass-diag] m_est=2.0592 T=20.141N tilt=2.83deg cos=0.99878 | T/g=2.0531 T*cos/g=2.0506 | m_est-T*cos/g=+0.0086kg (+0.42%) vz=-0.079
[INFO] [1788474737.439427746] [mhe_node]: [c_xy_est] cx=-0.0005 cy=+0.0002 m
[INFO] [1788474739.441555311] [mhe_node]: MHE mass estimate: 2.060 kg (T_phys=20.14N) | solve=5.2ms (max8.7)
[INFO] [1788474739.442096452] [mhe_node]: [truth] m_hat=2.0605 m_true=2.0643 err=-0.18% | c_hat=[+0.0000,+0.0000] c_true=[+0.0000,+0.0000] | Jxx_hat=0.01420 Jxx_true=0.01420 Jyz_hat=+0.00000 Jyz_true=+0.00000 | s_hat=[-0.0012,+0.0004] s_true=[+0.0000,+0.0000] kg·m
[INFO] [1788474739.442614796] [mhe_node]: [tau_phys] roll=+0.004 pitch=+0.015 Nm
[INFO] [1788474739.443205145] [mhe_node]: [mass-diag] m_est=2.0605 T=20.145N tilt=3.00deg cos=0.99863 | T/g=2.0535 T*cos/g=2.0507 | m_est-T*cos/g=+0.0098kg (+0.48%) vz=-0.088
[INFO] [1788474739.443792650] [mhe_node]: [c_xy_est] cx=-0.0006 cy=+0.0002 m
[INFO] [1788474741.439342740] [mhe_node]: MHE mass estimate: 2.059 kg (T_phys=20.20N) | solve=5.5ms (max10.3)
[INFO] [1788474741.439884372] [mhe_node]: [truth] m_hat=2.0593 m_true=2.0643 err=-0.24% | c_hat=[+0.0000,+0.0000] c_true=[+0.0000,+0.0000] | Jxx_hat=0.01420 Jxx_true=0.01420 Jyz_hat=+0.00000 Jyz_true=+0.00000 | s_hat=[-0.0011,+0.0004] s_true=[+0.0000,+0.0000] kg·m
[INFO] [1788474741.440403167] [mhe_node]: [tau_phys] roll=+0.004 pitch=+0.015 Nm
[INFO] [1788474741.440992920] [mhe_node]: [mass-diag] m_est=2.0593 T=20.196N tilt=2.76deg cos=0.99884 | T/g=2.0588 T*cos/g=2.0564 | m_est-T*cos/g=+0.0030kg (+0.14%) vz=-0.100
[INFO] [1788474741.441577146] [mhe_node]: [c_xy_est] cx=-0.0006 cy=+0.0002 m
[INFO] [1788474743.441979744] [mhe_node]: MHE mass estimate: 2.057 kg (T_phys=20.20N) | solve=5.5ms (max8.1)
[INFO] [1788474743.442519968] [mhe_node]: [truth] m_hat=2.0572 m_true=2.0643 err=-0.34% | c_hat=[+0.0000,+0.0000] c_true=[+0.0000,+0.0000] | Jxx_hat=0.01420 Jxx_true=0.01420 Jyz_hat=+0.00000 Jyz_true=+0.00000 | s_hat=[-0.0019,+0.0006] s_true=[+0.0000,+0.0000] kg·m
[INFO] [1788474743.443041171] [mhe_node]: [tau_phys] roll=+0.006 pitch=+0.020 Nm
[INFO] [1788474743.443635828] [mhe_node]: [mass-diag] m_est=2.0572 T=20.199N tilt=1.86deg cos=0.99948 | T/g=2.0590 T*cos/g=2.0579 | m_est-T*cos/g=-0.0007kg (-0.03%) vz=-0.115
[INFO] [1788474743.444228941] [mhe_node]: [c_xy_est] cx=-0.0009 cy=+0.0003 m
[INFO] [1788474745.439329224] [mhe_node]: MHE mass estimate: 2.059 kg (T_phys=20.20N) | solve=4.7ms (max8.1)
[INFO] [1788474745.439876008] [mhe_node]: [truth] m_hat=2.0589 m_true=2.0643 err=-0.26% | c_hat=[+0.0000,+0.0000] c_true=[+0.0000,+0.0000] | Jxx_hat=0.01420 Jxx_true=0.01420 Jyz_hat=+0.00000 Jyz_true=+0.00000 | s_hat=[-0.0019,+0.0006] s_true=[+0.0000,+0.0000] kg·m
[INFO] [1788474745.440403702] [mhe_node]: [tau_phys] roll=+0.004 pitch=+0.019 Nm
[INFO] [1788474745.440996487] [mhe_node]: [mass-diag] m_est=2.0589 T=20.196N tilt=0.71deg cos=0.99992 | T/g=2.0587 T*cos/g=2.0586 | m_est-T*cos/g=+0.0003kg (+0.02%) vz=-0.101
[INFO] [1788474745.441580718] [mhe_node]: [c_xy_est] cx=-0.0009 cy=+0.0003 m
[INFO] [1788474747.441895332] [mhe_node]: MHE mass estimate: 2.057 kg (T_phys=20.21N) | solve=5.2ms (max10.9)
[INFO] [1788474747.442435252] [mhe_node]: [truth] m_hat=2.0567 m_true=2.0643 err=-0.37% | c_hat=[+0.0000,+0.0000] c_true=[+0.0000,+0.0000] | Jxx_hat=0.01420 Jxx_true=0.01420 Jyz_hat=+0.00000 Jyz_true=+0.00000 | s_hat=[-0.0013,+0.0005] s_true=[+0.0000,+0.0000] kg·m
[INFO] [1788474747.442954264] [mhe_node]: [tau_phys] roll=+0.004 pitch=+0.015 Nm
[INFO] [1788474747.443540861] [mhe_node]: [mass-diag] m_est=2.0567 T=20.209N tilt=1.48deg cos=0.99967 | T/g=2.0600 T*cos/g=2.0593 | m_est-T*cos/g=-0.0027kg (-0.13%) vz=-0.109
[INFO] [1788474747.444123200] [mhe_node]: [c_xy_est] cx=-0.0006 cy=+0.0002 m
[INFO] [1788474749.439403305] [mhe_node]: MHE mass estimate: 2.060 kg (T_phys=20.21N) | solve=5.0ms (max9.0)
[INFO] [1788474749.439942029] [mhe_node]: [truth] m_hat=2.0605 m_true=2.0643 err=-0.18% | c_hat=[+0.0000,+0.0000] c_true=[+0.0000,+0.0000] | Jxx_hat=0.01420 Jxx_true=0.01420 Jyz_hat=+0.00000 Jyz_true=+0.00000 | s_hat=[-0.0013,+0.0003] s_true=[+0.0000,+0.0000] kg·m
[INFO] [1788474749.440459163] [mhe_node]: [tau_phys] roll=+0.002 pitch=+0.013 Nm
[INFO] [1788474749.441048013] [mhe_node]: [mass-diag] m_est=2.0605 T=20.212N tilt=2.32deg cos=0.99918 | T/g=2.0604 T*cos/g=2.0587 | m_est-T*cos/g=+0.0018kg (+0.09%) vz=-0.075
[INFO] [1788474749.441628408] [mhe_node]: [c_xy_est] cx=-0.0006 cy=+0.0002 m
[INFO] [1788474751.440261281] [mhe_node]: MHE mass estimate: 2.060 kg (T_phys=20.21N) | solve=4.8ms (max5.5)
[INFO] [1788474751.440950022] [mhe_node]: [truth] m_hat=2.0601 m_true=2.0643 err=-0.20% | c_hat=[+0.0000,+0.0000] c_true=[+0.0000,+0.0000] | Jxx_hat=0.01420 Jxx_true=0.01420 Jyz_hat=+0.00000 Jyz_true=+0.00000 | s_hat=[-0.0007,+0.0002] s_true=[+0.0000,+0.0000] kg·m
[INFO] [1788474751.441474178] [mhe_node]: [tau_phys] roll=+0.007 pitch=-0.018 Nm
[INFO] [1788474751.442070349] [mhe_node]: [mass-diag] m_est=2.0601 T=20.208N tilt=2.37deg cos=0.99915 | T/g=2.0599 T*cos/g=2.0582 | m_est-T*cos/g=+0.0020kg (+0.10%) vz=-0.044
[INFO] [1788474751.442649745] [mhe_node]: [c_xy_est] cx=-0.0004 cy=+0.0001 m
[INFO] [1788474753.439345205] [mhe_node]: MHE mass estimate: 2.061 kg (T_phys=20.16N) | solve=5.1ms (max8.0)
[INFO] [1788474753.439885231] [mhe_node]: [truth] m_hat=2.0609 m_true=2.0643 err=-0.16% | c_hat=[+0.0000,+0.0000] c_true=[+0.0000,+0.0000] | Jxx_hat=0.01420 Jxx_true=0.01420 Jyz_hat=+0.00000 Jyz_true=+0.00000 | s_hat=[-0.0009,+0.0004] s_true=[+0.0000,+0.0000] kg·m
[INFO] [1788474753.440412855] [mhe_node]: [tau_phys] roll=+0.005 pitch=+0.012 Nm
[INFO] [1788474753.441008325] [mhe_node]: [mass-diag] m_est=2.0609 T=20.161N tilt=2.22deg cos=0.99925 | T/g=2.0552 T*cos/g=2.0536 | m_est-T*cos/g=+0.0073kg (+0.35%) vz=-0.005
[INFO] [1788474753.441588611] [mhe_node]: [c_xy_est] cx=-0.0004 cy=+0.0002 m
[ros2run]: Killed
