[INFO] [1785482425.009701141] [acados_nmpc_node]: acados NMPC node starting, building/loading solver...
Code reuse possible, skipping code generation.
acados was compiled without OpenMP.
[INFO] [1785482425.019997323] [acados_nmpc_node]: GRIPPER MODE: hover over box (1.0,0.1) z 0.55->2.5m, lift after 1.5s, empty m_est=2.06kg
[INFO] [1785482425.020431125] [acados_nmpc_node]: Warming up acados solver...
[INFO] [1785482425.024118209] [acados_nmpc_node]: Solver warmup complete, took 3.3 ms
[INFO] [1785482425.031217418] [acados_nmpc_node]: Decoupled publish enabled: solve @10Hz, body_rate/thrust @50Hz (trajectory interpolation)
[INFO] [1785482425.031732872] [acados_nmpc_node]: acados NMPC node initialized! Waiting for EKF2 convergence...
[INFO] [1785482445.033080937] [acados_nmpc_node]: Waiting for EKF2 convergence... 10/10 s
[INFO] [1785482445.133326435] [acados_nmpc_node]: Switching to OFFBOARD mode
[INFO] [1785482445.833222809] [acados_nmpc_node]: Sending arm command
[INFO] [1785482446.833084812] [acados_nmpc_node]: Armed, preparing to move to trajectory start...
[INFO] [1785482451.733508453] [acados_nmpc_node]: Gripper approach (climb): rising at spawn to z=1.50m | z=1.00m v=0.24m/s
[INFO] [1785482453.833646361] [acados_nmpc_node]: Gripper approach: climbed to safe altitude at spawn, now translating over box
[INFO] [1785482456.133693526] [acados_nmpc_node]: Gripper approach: aligned above box, NMPC will take over here (z=1.50m), settle 3.0s then descend to z=0.55m to trigger attach
[INFO] [1785482456.233940461] [acados_nmpc_node]: Reached trajectory start, NMPC tracking begins!
[INFO] [1785482456.635101306] [acados_nmpc_node]: t=0.4s | pos_err=0.079m | T=20.29N | tau=[r-0.014 p0.004 y-0.012]Nm | res_stat=2.364e-07(peak 8.032e-07) sqp_iter=4 | solve=1.0ms
[INFO] [1785482459.233822503] [acados_nmpc_node]: t=3.0s | DESCEND: settle done, lowering 1.5->0.55m, will enable gripper at bottom
[INFO] [1785482461.635438003] [acados_nmpc_node]: t=5.4s | pos_err=0.108m | T=20.95N | tau=[r0.000 p-0.000 y0.000]Nm | res_stat=8.895e-08(peak 8.921e-07) sqp_iter=3 | solve=0.8ms
[INFO] [1785482462.833038380] [acados_nmpc_node]: t=6.6s | DESCEND done at z=0.568m (target 0.550m, z_err=0.018m, v=0.04m/s), gripper ENABLED (attach will trigger now)
[INFO] [1785482462.892183642] [acados_nmpc_node]: attach offset received: box-drone = [-0.003, -0.088, -0.529] m
[INFO] [1785482462.933053306] [acados_nmpc_node]: PX4 MC_ROLLRATE_K: 1.000 -> 3.836 (inertia ratio 3.84, cap 5.0)
[INFO] [1785482462.933214386] [acados_nmpc_node]: PX4 MC_PITCHRATE_K: 1.000 -> 3.836 (inertia ratio 3.84, cap 5.0)
[INFO] [1785482462.933354559] [acados_nmpc_node]: t=6.7s | ATTACH (geom_source=online): dJ/gain init from prior m_p=0.20kg arm=0.47m (dJ=0.0403); c_xy+dJ refine online, attach truth eval-only
[INFO] [1785482462.934465048] [acados_nmpc_node]: [attach-window] t=6.70s pos_err=0.020m T=19.72N z=0.564 m_est=2.043
[INFO] [1785482463.035368660] [acados_nmpc_node]: [attach-window] t=6.80s pos_err=0.020m T=19.73N z=0.565 m_est=2.045
[INFO] [1785482463.135365940] [acados_nmpc_node]: [attach-window] t=6.90s pos_err=0.020m T=19.71N z=0.566 m_est=2.045
[INFO] [1785482463.235307776] [acados_nmpc_node]: [attach-window] t=7.00s pos_err=0.021m T=19.68N z=0.567 m_est=2.044
[INFO] [1785482463.335424685] [acados_nmpc_node]: [attach-window] t=7.10s pos_err=0.022m T=19.66N z=0.568 m_est=2.042
[INFO] [1785482463.434095028] [acados_nmpc_node]: [attach-window] t=7.20s pos_err=0.022m T=19.63N z=0.568 m_est=2.040
[INFO] [1785482463.535427410] [acados_nmpc_node]: [attach-window] t=7.30s pos_err=0.022m T=19.59N z=0.568 m_est=2.036
[INFO] [1785482463.635458822] [acados_nmpc_node]: [attach-window] t=7.40s pos_err=0.023m T=19.56N z=0.568 m_est=2.032
[INFO] [1785482463.735393649] [acados_nmpc_node]: [attach-window] t=7.50s pos_err=0.024m T=19.51N z=0.568 m_est=2.028
[INFO] [1785482463.835480269] [acados_nmpc_node]: [attach-window] t=7.60s pos_err=0.026m T=19.46N z=0.569 m_est=2.023
[INFO] [1785482463.935526792] [acados_nmpc_node]: [attach-window] t=7.70s pos_err=0.027m T=19.40N z=0.569 m_est=2.018
[INFO] [1785482464.035441699] [acados_nmpc_node]: [attach-window] t=7.80s pos_err=0.027m T=19.36N z=0.569 m_est=2.013
[INFO] [1785482464.135503180] [acados_nmpc_node]: [attach-window] t=7.90s pos_err=0.028m T=19.31N z=0.569 m_est=2.009
[INFO] [1785482464.235478911] [acados_nmpc_node]: [attach-window] t=8.00s pos_err=0.028m T=19.27N z=0.569 m_est=2.004
[INFO] [1785482464.335481378] [acados_nmpc_node]: [attach-window] t=8.10s pos_err=0.027m T=19.25N z=0.568 m_est=2.000
[INFO] [1785482464.434174576] [acados_nmpc_node]: t=8.2s | LIFT: raising hover 0.55->2.5m to lift payload
[INFO] [1785482464.435693096] [acados_nmpc_node]: [attach-window] t=8.20s pos_err=0.026m T=19.22N z=0.568 m_est=1.995
[INFO] [1785482464.535650701] [acados_nmpc_node]: [attach-window] t=8.30s pos_err=0.024m T=19.20N z=0.567 m_est=1.991
[INFO] [1785482464.635519855] [acados_nmpc_node]: [attach-window] t=8.40s pos_err=0.021m T=19.25N z=0.567 m_est=1.988
[INFO] [1785482464.735559245] [acados_nmpc_node]: [attach-window] t=8.50s pos_err=0.017m T=19.41N z=0.567 m_est=1.984
[INFO] [1785482464.835557173] [acados_nmpc_node]: [attach-window] t=8.60s pos_err=0.026m T=19.72N z=0.567 m_est=1.981
[INFO] [1785482464.935697573] [acados_nmpc_node]: [attach-window] t=8.70s pos_err=0.055m T=20.21N z=0.567 m_est=1.978
[INFO] [1785482465.035921114] [acados_nmpc_node]: [attach-window] t=8.80s pos_err=0.098m T=20.91N z=0.567 m_est=1.975
[INFO] [1785482465.134287396] [acados_nmpc_node]: [attach-window] t=8.90s pos_err=0.153m T=21.78N z=0.567 m_est=1.972
[INFO] [1785482465.235634012] [acados_nmpc_node]: [attach-window] t=9.00s pos_err=0.222m T=22.89N z=0.567 m_est=1.970
[INFO] [1785482465.335690734] [acados_nmpc_node]: [attach-window] t=9.10s pos_err=0.303m T=24.16N z=0.567 m_est=1.969
[INFO] [1785482465.435585042] [acados_nmpc_node]: [attach-window] t=9.20s pos_err=0.394m T=25.32N z=0.567 m_est=1.969
[INFO] [1785482465.535747522] [acados_nmpc_node]: [attach-window] t=9.30s pos_err=0.488m T=26.52N z=0.573 m_est=2.003
[INFO] [1785482465.635674924] [acados_nmpc_node]: [attach-window] t=9.40s pos_err=0.579m T=27.73N z=0.591 m_est=2.088
[INFO] [1785482465.735683411] [acados_nmpc_node]: [attach-window] t=9.50s pos_err=0.662m T=27.74N z=0.623 m_est=2.111
[INFO] [1785482465.835717936] [acados_nmpc_node]: [attach-window] t=9.60s pos_err=0.726m T=26.97N z=0.679 m_est=2.117
[INFO] [1785482465.935700509] [acados_nmpc_node]: [attach-window] t=9.70s pos_err=0.771m T=26.07N z=0.755 m_est=2.118
[INFO] [1785482466.035582996] [acados_nmpc_node]: [attach-window] t=9.80s pos_err=0.807m T=25.48N z=0.841 m_est=2.124
[INFO] [1785482466.135728095] [acados_nmpc_node]: [attach-window] t=9.90s pos_err=0.831m T=24.93N z=0.937 m_est=2.126
[INFO] [1785482466.235797146] [acados_nmpc_node]: [attach-window] t=10.00s pos_err=0.833m T=24.20N z=1.049 m_est=2.128
[INFO] [1785482466.335804083] [acados_nmpc_node]: [attach-window] t=10.10s pos_err=0.832m T=23.70N z=1.159 m_est=2.128
[INFO] [1785482466.434285587] [acados_nmpc_node]: [attach-window] t=10.20s pos_err=0.810m T=23.04N z=1.281 m_est=2.129
[INFO] [1785482466.535830236] [acados_nmpc_node]: [attach-window] t=10.30s pos_err=0.779m T=22.47N z=1.404 m_est=2.130
[INFO] [1785482466.635767846] [acados_nmpc_node]: [attach-window] t=10.40s pos_err=0.747m T=22.11N z=1.516 m_est=2.130
[INFO] [1785482466.636262869] [acados_nmpc_node]: t=10.4s | pos_err=0.747m | T=22.11N | tau=[r-0.096 p-0.052 y0.004]Nm | res_stat=7.126e-07(peak 9.729e-07) sqp_iter=4 | solve=1.0ms
[INFO] [1785482466.735772903] [acados_nmpc_node]: [attach-window] t=10.50s pos_err=0.708m T=21.77N z=1.624 m_est=2.131
[INFO] [1785482466.835710737] [acados_nmpc_node]: [attach-window] t=10.60s pos_err=0.652m T=21.35N z=1.736 m_est=2.131
[INFO] [1785482466.935802903] [acados_nmpc_node]: [attach-window] t=10.70s pos_err=0.598m T=21.03N z=1.833 m_est=2.133
[INFO] [1785482467.035872727] [acados_nmpc_node]: [attach-window] t=10.80s pos_err=0.532m T=20.68N z=1.931 m_est=2.134
[INFO] [1785482467.135590111] [acados_nmpc_node]: [attach-window] t=10.90s pos_err=0.470m T=20.47N z=2.014 m_est=2.136
[INFO] [1785482467.235781358] [acados_nmpc_node]: [attach-window] t=11.00s pos_err=0.402m T=20.31N z=2.093 m_est=2.139
[INFO] [1785482467.335541866] [acados_nmpc_node]: [attach-window] t=11.10s pos_err=0.343m T=20.26N z=2.157 m_est=2.141
[INFO] [1785482467.435688591] [acados_nmpc_node]: [attach-window] t=11.20s pos_err=0.285m T=20.33N z=2.215 m_est=2.144
[INFO] [1785482467.535681261] [acados_nmpc_node]: [attach-window] t=11.30s pos_err=0.241m T=20.54N z=2.259 m_est=2.150
[INFO] [1785482467.635697250] [acados_nmpc_node]: [attach-window] t=11.40s pos_err=0.203m T=20.88N z=2.297 m_est=2.158
[INFO] [1785482467.735770466] [acados_nmpc_node]: [attach-window] t=11.50s pos_err=0.176m T=21.19N z=2.324 m_est=2.166
[INFO] [1785482467.835699135] [acados_nmpc_node]: [attach-window] t=11.60s pos_err=0.154m T=21.49N z=2.347 m_est=2.174
[INFO] [1785482467.935688024] [acados_nmpc_node]: [attach-window] t=11.70s pos_err=0.138m T=21.71N z=2.363 m_est=2.182
[INFO] [1785482468.035757890] [acados_nmpc_node]: [attach-window] t=11.80s pos_err=0.124m T=21.89N z=2.378 m_est=2.189
[INFO] [1785482468.135667571] [acados_nmpc_node]: [attach-window] t=11.90s pos_err=0.113m T=22.02N z=2.388 m_est=2.196
[INFO] [1785482468.235777826] [acados_nmpc_node]: [attach-window] t=12.00s pos_err=0.103m T=22.10N z=2.398 m_est=2.203
[INFO] [1785482468.335640777] [acados_nmpc_node]: [attach-window] t=12.10s pos_err=0.095m T=22.16N z=2.406 m_est=2.210
[INFO] [1785482468.435896270] [acados_nmpc_node]: [attach-window] t=12.20s pos_err=0.088m T=22.19N z=2.413 m_est=2.215
[INFO] [1785482468.535823968] [acados_nmpc_node]: [attach-window] t=12.30s pos_err=0.080m T=22.19N z=2.420 m_est=2.221
[INFO] [1785482468.635819469] [acados_nmpc_node]: [attach-window] t=12.40s pos_err=0.074m T=22.17N z=2.426 m_est=2.225
[INFO] [1785482468.735835665] [acados_nmpc_node]: [attach-window] t=12.50s pos_err=0.068m T=22.14N z=2.433 m_est=2.229
[INFO] [1785482468.835815660] [acados_nmpc_node]: [attach-window] t=12.60s pos_err=0.062m T=22.13N z=2.439 m_est=2.232
[INFO] [1785482468.935806048] [acados_nmpc_node]: [attach-window] t=12.70s pos_err=0.057m T=22.12N z=2.445 m_est=2.235
[INFO] [1785482469.035676769] [acados_nmpc_node]: [attach-window] t=12.80s pos_err=0.052m T=22.12N z=2.450 m_est=2.236
[INFO] [1785482469.135655841] [acados_nmpc_node]: [attach-window] t=12.90s pos_err=0.049m T=22.13N z=2.454 m_est=2.238
[INFO] [1785482469.235964579] [acados_nmpc_node]: [attach-window] t=13.00s pos_err=0.046m T=22.14N z=2.458 m_est=2.240
[INFO] [1785482469.336020770] [acados_nmpc_node]: [attach-window] t=13.10s pos_err=0.043m T=22.14N z=2.461 m_est=2.241
[INFO] [1785482469.434129900] [acados_nmpc_node]: [attach-window] t=13.20s pos_err=0.040m T=22.15N z=2.464 m_est=2.242
[INFO] [1785482469.534295690] [acados_nmpc_node]: [attach-window] t=13.30s pos_err=0.038m T=22.16N z=2.467 m_est=2.244
[INFO] [1785482469.635775974] [acados_nmpc_node]: [attach-window] t=13.40s pos_err=0.037m T=22.16N z=2.469 m_est=2.245
[INFO] [1785482469.735852009] [acados_nmpc_node]: [attach-window] t=13.50s pos_err=0.037m T=22.19N z=2.470 m_est=2.246
[INFO] [1785482469.835829424] [acados_nmpc_node]: [attach-window] t=13.60s pos_err=0.037m T=22.20N z=2.472 m_est=2.247
[INFO] [1785482469.935753643] [acados_nmpc_node]: [attach-window] t=13.70s pos_err=0.037m T=22.20N z=2.473 m_est=2.249
[INFO] [1785482470.035848394] [acados_nmpc_node]: [attach-window] t=13.80s pos_err=0.037m T=22.20N z=2.475 m_est=2.250
[INFO] [1785482470.135769595] [acados_nmpc_node]: [attach-window] t=13.90s pos_err=0.035m T=22.20N z=2.476 m_est=2.251
[INFO] [1785482470.235780197] [acados_nmpc_node]: [attach-window] t=14.00s pos_err=0.033m T=22.19N z=2.478 m_est=2.252
[INFO] [1785482470.334356178] [acados_nmpc_node]: [attach-window] t=14.10s pos_err=0.030m T=22.17N z=2.480 m_est=2.253
[INFO] [1785482470.434320267] [acados_nmpc_node]: [attach-window] t=14.20s pos_err=0.026m T=22.14N z=2.482 m_est=2.254
[INFO] [1785482470.534400031] [acados_nmpc_node]: [attach-window] t=14.30s pos_err=0.022m T=22.11N z=2.485 m_est=2.254
[INFO] [1785482470.635691302] [acados_nmpc_node]: [attach-window] t=14.40s pos_err=0.018m T=22.09N z=2.488 m_est=2.255
[INFO] [1785482470.735752976] [acados_nmpc_node]: [attach-window] t=14.50s pos_err=0.014m T=22.07N z=2.491 m_est=2.255
[INFO] [1785482470.836011530] [acados_nmpc_node]: [attach-window] t=14.60s pos_err=0.010m T=22.04N z=2.495 m_est=2.255
[INFO] [1785482470.935750964] [acados_nmpc_node]: [attach-window] t=14.70s pos_err=0.007m T=22.03N z=2.498 m_est=2.256
[INFO] [1785482471.035868645] [acados_nmpc_node]: [attach-window] t=14.80s pos_err=0.007m T=22.04N z=2.501 m_est=2.256
[INFO] [1785482471.135988567] [acados_nmpc_node]: [attach-window] t=14.90s pos_err=0.009m T=22.06N z=2.502 m_est=2.256
[INFO] [1785482471.235949002] [acados_nmpc_node]: [attach-window] t=15.00s pos_err=0.011m T=22.10N z=2.503 m_est=2.256
[INFO] [1785482471.335996401] [acados_nmpc_node]: [attach-window] t=15.10s pos_err=0.013m T=22.12N z=2.503 m_est=2.256
[INFO] [1785482471.435834619] [acados_nmpc_node]: [attach-window] t=15.20s pos_err=0.014m T=22.14N z=2.503 m_est=2.256
[INFO] [1785482471.535808907] [acados_nmpc_node]: [attach-window] t=15.30s pos_err=0.014m T=22.16N z=2.503 m_est=2.256
[INFO] [1785482471.635918689] [acados_nmpc_node]: [attach-window] t=15.40s pos_err=0.015m T=22.18N z=2.502 m_est=2.257
[INFO] [1785482471.636409062] [acados_nmpc_node]: t=15.4s | pos_err=0.015m | T=22.18N | tau=[r-0.162 p0.005 y0.001]Nm | res_stat=3.815e-07(peak 9.842e-07) sqp_iter=2 | solve=0.7ms
[INFO] [1785482471.735933603] [acados_nmpc_node]: [attach-window] t=15.50s pos_err=0.015m T=22.19N z=2.502 m_est=2.257
[INFO] [1785482471.836006947] [acados_nmpc_node]: [attach-window] t=15.60s pos_err=0.016m T=22.19N z=2.501 m_est=2.258
[INFO] [1785482471.936087223] [acados_nmpc_node]: [attach-window] t=15.70s pos_err=0.017m T=22.19N z=2.501 m_est=2.258
[INFO] [1785482472.036115296] [acados_nmpc_node]: [attach-window] t=15.80s pos_err=0.018m T=22.19N z=2.500 m_est=2.259
[INFO] [1785482472.135971633] [acados_nmpc_node]: [attach-window] t=15.90s pos_err=0.020m T=22.19N z=2.500 m_est=2.259
[INFO] [1785482472.236161824] [acados_nmpc_node]: [attach-window] t=16.00s pos_err=0.021m T=22.18N z=2.500 m_est=2.259
[INFO] [1785482472.335998515] [acados_nmpc_node]: [attach-window] t=16.10s pos_err=0.021m T=22.16N z=2.500 m_est=2.260
[INFO] [1785482472.436026224] [acados_nmpc_node]: [attach-window] t=16.20s pos_err=0.020m T=22.15N z=2.501 m_est=2.260
[INFO] [1785482472.536064527] [acados_nmpc_node]: [attach-window] t=16.30s pos_err=0.018m T=22.14N z=2.502 m_est=2.260
[INFO] [1785482472.636238291] [acados_nmpc_node]: [attach-window] t=16.40s pos_err=0.017m T=22.14N z=2.502 m_est=2.260
[INFO] [1785482472.736058238] [acados_nmpc_node]: [attach-window] t=16.50s pos_err=0.016m T=22.14N z=2.503 m_est=2.260
[INFO] [1785482472.836140612] [acados_nmpc_node]: [attach-window] t=16.60s pos_err=0.016m T=22.14N z=2.503 m_est=2.260
[INFO] [1785482472.936062720] [acados_nmpc_node]: [attach-window] t=16.70s pos_err=0.018m T=22.15N z=2.503 m_est=2.260
[INFO] [1785482473.036167752] [acados_nmpc_node]: [attach-window] t=16.80s pos_err=0.021m T=22.16N z=2.503 m_est=2.260
[INFO] [1785482473.136023725] [acados_nmpc_node]: [attach-window] t=16.90s pos_err=0.022m T=22.18N z=2.502 m_est=2.260
[INFO] [1785482473.236113876] [acados_nmpc_node]: [attach-window] t=17.00s pos_err=0.023m T=22.20N z=2.501 m_est=2.260
[INFO] [1785482473.334584919] [acados_nmpc_node]: [attach-window] t=17.10s pos_err=0.023m T=22.20N z=2.500 m_est=2.260
[INFO] [1785482473.434517714] [acados_nmpc_node]: [attach-window] t=17.20s pos_err=0.023m T=22.19N z=2.500 m_est=2.260
[INFO] [1785482473.535993464] [acados_nmpc_node]: [attach-window] t=17.30s pos_err=0.022m T=22.18N z=2.500 m_est=2.260
[INFO] [1785482473.636044020] [acados_nmpc_node]: [attach-window] t=17.40s pos_err=0.022m T=22.18N z=2.500 m_est=2.260
[INFO] [1785482473.736167973] [acados_nmpc_node]: [attach-window] t=17.50s pos_err=0.023m T=22.18N z=2.499 m_est=2.261
[INFO] [1785482473.836045338] [acados_nmpc_node]: [attach-window] t=17.60s pos_err=0.024m T=22.19N z=2.499 m_est=2.261
[INFO] [1785482473.936202060] [acados_nmpc_node]: [attach-window] t=17.70s pos_err=0.024m T=22.19N z=2.498 m_est=2.261
[INFO] [1785482474.036159301] [acados_nmpc_node]: [attach-window] t=17.80s pos_err=0.025m T=22.19N z=2.498 m_est=2.261
[INFO] [1785482474.136328667] [acados_nmpc_node]: [attach-window] t=17.90s pos_err=0.026m T=22.19N z=2.498 m_est=2.261
[INFO] [1785482474.236260982] [acados_nmpc_node]: [attach-window] t=18.00s pos_err=0.027m T=22.18N z=2.498 m_est=2.261
[INFO] [1785482474.336166083] [acados_nmpc_node]: [attach-window] t=18.10s pos_err=0.026m T=22.18N z=2.498 m_est=2.261
[INFO] [1785482474.436189630] [acados_nmpc_node]: [attach-window] t=18.20s pos_err=0.025m T=22.19N z=2.497 m_est=2.261
[INFO] [1785482474.534615521] [acados_nmpc_node]: [attach-window] t=18.30s pos_err=0.022m T=22.20N z=2.496 m_est=2.261
[INFO] [1785482474.636254706] [acados_nmpc_node]: [attach-window] t=18.40s pos_err=0.019m T=22.21N z=2.495 m_est=2.261
[INFO] [1785482474.736233959] [acados_nmpc_node]: [attach-window] t=18.50s pos_err=0.016m T=22.21N z=2.495 m_est=2.261
[INFO] [1785482474.836224903] [acados_nmpc_node]: [attach-window] t=18.60s pos_err=0.012m T=22.21N z=2.494 m_est=2.261
[INFO] [1785482474.936153483] [acados_nmpc_node]: [attach-window] t=18.70s pos_err=0.010m T=22.20N z=2.494 m_est=2.261
[INFO] [1785482475.036059746] [acados_nmpc_node]: [attach-window] t=18.80s pos_err=0.010m T=22.18N z=2.495 m_est=2.261
[INFO] [1785482475.136157488] [acados_nmpc_node]: [attach-window] t=18.90s pos_err=0.012m T=22.16N z=2.496 m_est=2.261
[INFO] [1785482475.234546898] [acados_nmpc_node]: [attach-window] t=19.00s pos_err=0.014m T=22.13N z=2.497 m_est=2.261
[INFO] [1785482475.335988544] [acados_nmpc_node]: [attach-window] t=19.10s pos_err=0.015m T=22.12N z=2.498 m_est=2.261
[INFO] [1785482475.436294247] [acados_nmpc_node]: [attach-window] t=19.20s pos_err=0.016m T=22.11N z=2.500 m_est=2.261
[INFO] [1785482475.536266421] [acados_nmpc_node]: [attach-window] t=19.30s pos_err=0.015m T=22.11N z=2.501 m_est=2.261
[INFO] [1785482475.636062425] [acados_nmpc_node]: [attach-window] t=19.40s pos_err=0.014m T=22.10N z=2.503 m_est=2.261
[INFO] [1785482475.736201958] [acados_nmpc_node]: [attach-window] t=19.50s pos_err=0.012m T=22.10N z=2.504 m_est=2.260
[INFO] [1785482475.836207806] [acados_nmpc_node]: [attach-window] t=19.60s pos_err=0.010m T=22.13N z=2.504 m_est=2.260
[INFO] [1785482475.936283575] [acados_nmpc_node]: [attach-window] t=19.70s pos_err=0.007m T=22.16N z=2.503 m_est=2.260
[INFO] [1785482476.036324292] [acados_nmpc_node]: [attach-window] t=19.80s pos_err=0.004m T=22.18N z=2.503 m_est=2.260
[INFO] [1785482476.136210734] [acados_nmpc_node]: [attach-window] t=19.90s pos_err=0.005m T=22.20N z=2.501 m_est=2.260
[INFO] [1785482476.236131154] [acados_nmpc_node]: [attach-window] t=20.00s pos_err=0.010m T=22.22N z=2.500 m_est=2.260
[INFO] [1785482476.334477770] [acados_nmpc_node]: [attach-window] t=20.10s pos_err=0.014m T=22.22N z=2.499 m_est=2.260
[INFO] [1785482476.434542360] [acados_nmpc_node]: [attach-window] t=20.20s pos_err=0.018m T=22.21N z=2.499 m_est=2.261
[INFO] [1785482476.536579245] [acados_nmpc_node]: [attach-window] t=20.30s pos_err=0.020m T=22.19N z=2.499 m_est=2.261
[INFO] [1785482476.634978085] [acados_nmpc_node]: [attach-window] t=20.40s pos_err=0.021m T=22.18N z=2.500 m_est=2.261
[INFO] [1785482476.635320859] [acados_nmpc_node]: t=20.4s | pos_err=0.021m | T=22.18N | tau=[r-0.159 p0.013 y0.000]Nm | res_stat=1.566e-07(peak 9.842e-07) sqp_iter=3 | solve=0.6ms
[INFO] [1785482476.734514885] [acados_nmpc_node]: [attach-window] t=20.50s pos_err=0.020m T=22.17N z=2.500 m_est=2.261
[INFO] [1785482476.834732941] [acados_nmpc_node]: [attach-window] t=20.60s pos_err=0.019m T=22.16N z=2.501 m_est=2.261
[INFO] [1785482476.934521085] [acados_nmpc_node]: [attach-window] t=20.70s pos_err=0.017m T=22.14N z=2.502 m_est=2.262
[INFO] [1785482477.034944006] [acados_nmpc_node]: [attach-window] t=20.80s pos_err=0.016m T=22.14N z=2.503 m_est=2.262
[INFO] [1785482477.134506820] [acados_nmpc_node]: [attach-window] t=20.90s pos_err=0.015m T=22.13N z=2.504 m_est=2.261
[INFO] [1785482477.234701054] [acados_nmpc_node]: [attach-window] t=21.00s pos_err=0.015m T=22.13N z=2.504 m_est=2.261
[INFO] [1785482477.336518523] [acados_nmpc_node]: [attach-window] t=21.10s pos_err=0.016m T=22.12N z=2.505 m_est=2.261
[INFO] [1785482477.436406907] [acados_nmpc_node]: [attach-window] t=21.20s pos_err=0.018m T=22.10N z=2.507 m_est=2.261
[INFO] [1785482477.536322702] [acados_nmpc_node]: [attach-window] t=21.30s pos_err=0.019m T=22.09N z=2.509 m_est=2.261
[INFO] [1785482477.636225137] [acados_nmpc_node]: [attach-window] t=21.40s pos_err=0.020m T=22.09N z=2.509 m_est=2.261
[INFO] [1785482477.736398233] [acados_nmpc_node]: [attach-window] t=21.50s pos_err=0.020m T=22.11N z=2.510 m_est=2.260
[INFO] [1785482477.836323531] [acados_nmpc_node]: [attach-window] t=21.60s pos_err=0.020m T=22.12N z=2.510 m_est=2.260
[INFO] [1785482477.936250144] [acados_nmpc_node]: [attach-window] t=21.70s pos_err=0.020m T=22.13N z=2.510 m_est=2.260
[INFO] [1785482478.036173972] [acados_nmpc_node]: [attach-window] t=21.80s pos_err=0.019m T=22.14N z=2.510 m_est=2.260
[INFO] [1785482478.136593210] [acados_nmpc_node]: [attach-window] t=21.90s pos_err=0.018m T=22.17N z=2.509 m_est=2.260
[INFO] [1785482478.234772325] [acados_nmpc_node]: [attach-window] t=22.00s pos_err=0.015m T=22.19N z=2.508 m_est=2.261
[INFO] [1785482478.334537049] [acados_nmpc_node]: [attach-window] t=22.10s pos_err=0.012m T=22.21N z=2.506 m_est=2.261
[INFO] [1785482478.436353069] [acados_nmpc_node]: [attach-window] t=22.20s pos_err=0.010m T=22.22N z=2.505 m_est=2.261
[INFO] [1785482478.536440971] [acados_nmpc_node]: [attach-window] t=22.30s pos_err=0.010m T=22.22N z=2.504 m_est=2.261
[INFO] [1785482478.636686113] [acados_nmpc_node]: [attach-window] t=22.40s pos_err=0.012m T=22.19N z=2.504 m_est=2.262
[INFO] [1785482478.736414722] [acados_nmpc_node]: [attach-window] t=22.50s pos_err=0.016m T=22.14N z=2.506 m_est=2.262
[INFO] [1785482478.836588812] [acados_nmpc_node]: [attach-window] t=22.60s pos_err=0.020m T=22.10N z=2.507 m_est=2.262
[INFO] [1785482478.936593320] [acados_nmpc_node]: [attach-window] t=22.70s pos_err=0.024m T=22.08N z=2.509 m_est=2.262
[INFO] [1785482479.036451370] [acados_nmpc_node]: [attach-window] t=22.80s pos_err=0.028m T=22.07N z=2.511 m_est=2.262
[INFO] [1785482479.136340463] [acados_nmpc_node]: [attach-window] t=22.90s pos_err=0.030m T=22.08N z=2.511 m_est=2.261
[INFO] [1785482479.236546921] [acados_nmpc_node]: [attach-window] t=23.00s pos_err=0.031m T=22.11N z=2.511 m_est=2.261
[INFO] [1785482479.336651271] [acados_nmpc_node]: [attach-window] t=23.10s pos_err=0.030m T=22.14N z=2.510 m_est=2.261
[INFO] [1785482479.436575420] [acados_nmpc_node]: [attach-window] t=23.20s pos_err=0.028m T=22.18N z=2.508 m_est=2.261
[INFO] [1785482479.536625721] [acados_nmpc_node]: [attach-window] t=23.30s pos_err=0.024m T=22.20N z=2.507 m_est=2.261
[INFO] [1785482479.636587310] [acados_nmpc_node]: [attach-window] t=23.40s pos_err=0.019m T=22.22N z=2.505 m_est=2.261
[INFO] [1785482479.736565726] [acados_nmpc_node]: [attach-window] t=23.50s pos_err=0.014m T=22.23N z=2.504 m_est=2.261
[INFO] [1785482479.836813610] [acados_nmpc_node]: [attach-window] t=23.60s pos_err=0.009m T=22.22N z=2.503 m_est=2.261
[INFO] [1785482479.936765904] [acados_nmpc_node]: [attach-window] t=23.70s pos_err=0.008m T=22.20N z=2.502 m_est=2.261
[INFO] [1785482480.036528819] [acados_nmpc_node]: [attach-window] t=23.80s pos_err=0.013m T=22.19N z=2.502 m_est=2.261
[INFO] [1785482480.136391978] [acados_nmpc_node]: [attach-window] t=23.90s pos_err=0.020m T=22.16N z=2.502 m_est=2.261
[INFO] [1785482480.236606749] [acados_nmpc_node]: [attach-window] t=24.00s pos_err=0.028m T=22.14N z=2.503 m_est=2.261
[INFO] [1785482480.336557951] [acados_nmpc_node]: [attach-window] t=24.10s pos_err=0.034m T=22.10N z=2.505 m_est=2.261
[INFO] [1785482480.436789556] [acados_nmpc_node]: [attach-window] t=24.20s pos_err=0.038m T=22.09N z=2.506 m_est=2.261
[INFO] [1785482480.536710838] [acados_nmpc_node]: [attach-window] t=24.30s pos_err=0.041m T=22.09N z=2.507 m_est=2.261
[INFO] [1785482480.636720421] [acados_nmpc_node]: [attach-window] t=24.40s pos_err=0.041m T=22.13N z=2.506 m_est=2.261
[INFO] [1785482480.736589474] [acados_nmpc_node]: [attach-window] t=24.50s pos_err=0.040m T=22.17N z=2.505 m_est=2.261
[INFO] [1785482480.836672532] [acados_nmpc_node]: [attach-window] t=24.60s pos_err=0.038m T=22.19N z=2.504 m_est=2.261
[INFO] [1785482480.936727146] [acados_nmpc_node]: [attach-window] t=24.70s pos_err=0.036m T=22.18N z=2.504 m_est=2.260
[INFO] [1785482481.036701113] [acados_nmpc_node]: [attach-window] t=24.80s pos_err=0.033m T=22.16N z=2.504 m_est=2.260
[INFO] [1785482481.136391486] [acados_nmpc_node]: [attach-window] t=24.90s pos_err=0.030m T=22.16N z=2.504 m_est=2.260
[INFO] [1785482481.236649091] [acados_nmpc_node]: [attach-window] t=25.00s pos_err=0.027m T=22.16N z=2.504 m_est=2.260
[INFO] [1785482481.336545781] [acados_nmpc_node]: [attach-window] t=25.10s pos_err=0.024m T=22.15N z=2.504 m_est=2.260
[INFO] [1785482481.436689476] [acados_nmpc_node]: [attach-window] t=25.20s pos_err=0.021m T=22.16N z=2.504 m_est=2.260
[INFO] [1785482481.536661616] [acados_nmpc_node]: [attach-window] t=25.30s pos_err=0.020m T=22.17N z=2.504 m_est=2.261
[INFO] [1785482481.635017463] [acados_nmpc_node]: [attach-window] t=25.40s pos_err=0.019m T=22.18N z=2.504 m_est=2.261
[INFO] [1785482481.635359321] [acados_nmpc_node]: t=25.4s | pos_err=0.019m | T=22.18N | tau=[r-0.168 p0.014 y-0.003]Nm | res_stat=8.588e-07(peak 9.842e-07) sqp_iter=2 | solve=0.6ms
[INFO] [1785482481.734879502] [acados_nmpc_node]: [attach-window] t=25.50s pos_err=0.018m T=22.18N z=2.503 m_est=2.261
[INFO] [1785482481.834947607] [acados_nmpc_node]: [attach-window] t=25.60s pos_err=0.018m T=22.19N z=2.503 m_est=2.261
[INFO] [1785482481.934698642] [acados_nmpc_node]: [attach-window] t=25.70s pos_err=0.017m T=22.20N z=2.502 m_est=2.261
[INFO] [1785482482.034769856] [acados_nmpc_node]: [attach-window] t=25.80s pos_err=0.017m T=22.19N z=2.502 m_est=2.261
[INFO] [1785482482.134642089] [acados_nmpc_node]: [attach-window] t=25.90s pos_err=0.016m T=22.18N z=2.502 m_est=2.261
[INFO] [1785482482.234969829] [acados_nmpc_node]: [attach-window] t=26.00s pos_err=0.015m T=22.16N z=2.502 m_est=2.261
[INFO] [1785482482.334888929] [acados_nmpc_node]: [attach-window] t=26.10s pos_err=0.015m T=22.16N z=2.502 m_est=2.261
[INFO] [1785482482.436587632] [acados_nmpc_node]: [attach-window] t=26.20s pos_err=0.017m T=22.16N z=2.502 m_est=2.261
[INFO] [1785482482.536785267] [acados_nmpc_node]: [attach-window] t=26.30s pos_err=0.020m T=22.16N z=2.502 m_est=2.261
[INFO] [1785482482.636970777] [acados_nmpc_node]: [attach-window] t=26.40s pos_err=0.024m T=22.18N z=2.501 m_est=2.261
[INFO] [1785482482.736838242] [acados_nmpc_node]: [attach-window] t=26.50s pos_err=0.026m T=22.19N z=2.500 m_est=2.261
[INFO] [1785482482.836845195] [acados_nmpc_node]: [attach-window] t=26.60s pos_err=0.027m T=22.19N z=2.499 m_est=2.261
[INFO] [1785482482.936837788] [acados_nmpc_node]: [attach-window] t=26.70s pos_err=0.028m T=22.18N z=2.499 m_est=2.262
[INFO] [1785482483.036955694] [acados_nmpc_node]: [attach-window] t=26.80s pos_err=0.028m T=22.15N z=2.500 m_est=2.261
[INFO] [1785482483.136688228] [acados_nmpc_node]: [attach-window] t=26.90s pos_err=0.028m T=22.11N z=2.502 m_est=2.261
[INFO] [1785482483.237513843] [acados_nmpc_node]: [attach-window] t=27.00s pos_err=0.028m T=22.08N z=2.504 m_est=2.261
[INFO] [1785482483.336657209] [acados_nmpc_node]: [attach-window] t=27.10s pos_err=0.026m T=22.08N z=2.505 m_est=2.261
[INFO] [1785482483.436623582] [acados_nmpc_node]: [attach-window] t=27.20s pos_err=0.023m T=22.11N z=2.505 m_est=2.261
[INFO] [1785482483.536684392] [acados_nmpc_node]: [attach-window] t=27.30s pos_err=0.021m T=22.13N z=2.504 m_est=2.260
[INFO] [1785482483.636569322] [acados_nmpc_node]: [attach-window] t=27.40s pos_err=0.019m T=22.16N z=2.504 m_est=2.260
[INFO] [1785482483.737040187] [acados_nmpc_node]: [attach-window] t=27.50s pos_err=0.017m T=22.18N z=2.503 m_est=2.260
[INFO] [1785482483.836876056] [acados_nmpc_node]: [attach-window] t=27.60s pos_err=0.016m T=22.20N z=2.502 m_est=2.260
[INFO] [1785482483.936877547] [acados_nmpc_node]: [attach-window] t=27.70s pos_err=0.016m T=22.21N z=2.500 m_est=2.260
[INFO] [1785482484.036667726] [acados_nmpc_node]: [attach-window] t=27.80s pos_err=0.017m T=22.22N z=2.499 m_est=2.260
[INFO] [1785482484.136842270] [acados_nmpc_node]: [attach-window] t=27.90s pos_err=0.018m T=22.23N z=2.498 m_est=2.260
[INFO] [1785482484.236736141] [acados_nmpc_node]: [attach-window] t=28.00s pos_err=0.018m T=22.22N z=2.497 m_est=2.260
[INFO] [1785482484.336769866] [acados_nmpc_node]: [attach-window] t=28.10s pos_err=0.018m T=22.22N z=2.497 m_est=2.260
[INFO] [1785482484.436705038] [acados_nmpc_node]: [attach-window] t=28.20s pos_err=0.017m T=22.22N z=2.496 m_est=2.261
[INFO] [1785482484.536634233] [acados_nmpc_node]: [attach-window] t=28.30s pos_err=0.015m T=22.21N z=2.496 m_est=2.261
[INFO] [1785482484.636986977] [acados_nmpc_node]: [attach-window] t=28.40s pos_err=0.013m T=22.19N z=2.496 m_est=2.261
[INFO] [1785482484.736840879] [acados_nmpc_node]: [attach-window] t=28.50s pos_err=0.011m T=22.18N z=2.496 m_est=2.261
[INFO] [1785482484.836761694] [acados_nmpc_node]: [attach-window] t=28.60s pos_err=0.010m T=22.17N z=2.497 m_est=2.261
[INFO] [1785482484.936782143] [acados_nmpc_node]: [attach-window] t=28.70s pos_err=0.010m T=22.16N z=2.498 m_est=2.261
[INFO] [1785482485.036801885] [acados_nmpc_node]: [attach-window] t=28.80s pos_err=0.010m T=22.14N z=2.499 m_est=2.261
[INFO] [1785482485.136726650] [acados_nmpc_node]: [attach-window] t=28.90s pos_err=0.010m T=22.13N z=2.500 m_est=2.261
[INFO] [1785482485.236873327] [acados_nmpc_node]: [attach-window] t=29.00s pos_err=0.012m T=22.12N z=2.501 m_est=2.261
[INFO] [1785482485.336976675] [acados_nmpc_node]: [attach-window] t=29.10s pos_err=0.014m T=22.12N z=2.501 m_est=2.261
[INFO] [1785482485.436916198] [acados_nmpc_node]: [attach-window] t=29.20s pos_err=0.016m T=22.13N z=2.502 m_est=2.261
[INFO] [1785482485.536932398] [acados_nmpc_node]: [attach-window] t=29.30s pos_err=0.018m T=22.15N z=2.501 m_est=2.260
[INFO] [1785482485.636892661] [acados_nmpc_node]: [attach-window] t=29.40s pos_err=0.019m T=22.16N z=2.501 m_est=2.260
[INFO] [1785482485.736940497] [acados_nmpc_node]: [attach-window] t=29.50s pos_err=0.020m T=22.17N z=2.501 m_est=2.260
[INFO] [1785482485.836899318] [acados_nmpc_node]: [attach-window] t=29.60s pos_err=0.020m T=22.16N z=2.501 m_est=2.260
[INFO] [1785482485.937213620] [acados_nmpc_node]: [attach-window] t=29.70s pos_err=0.020m T=22.16N z=2.501 m_est=2.260
[INFO] [1785482486.036862425] [acados_nmpc_node]: [attach-window] t=29.80s pos_err=0.021m T=22.17N z=2.501 m_est=2.260
[INFO] [1785482486.137015335] [acados_nmpc_node]: [attach-window] t=29.90s pos_err=0.021m T=22.18N z=2.500 m_est=2.261
[INFO] [1785482486.237077193] [acados_nmpc_node]: [attach-window] t=30.00s pos_err=0.021m T=22.20N z=2.499 m_est=2.261
[INFO] [1785482486.337588851] [acados_nmpc_node]: [attach-window] t=30.10s pos_err=0.021m T=22.21N z=2.498 m_est=2.261
[INFO] [1785482486.435238082] [acados_nmpc_node]: [attach-window] t=30.20s pos_err=0.021m T=22.20N z=2.498 m_est=2.261
[INFO] [1785482486.534984342] [acados_nmpc_node]: [attach-window] t=30.30s pos_err=0.020m T=22.19N z=2.498 m_est=2.261
[INFO] [1785482486.635036381] [acados_nmpc_node]: [attach-window] t=30.40s pos_err=0.018m T=22.18N z=2.498 m_est=2.261
[INFO] [1785482486.635393728] [acados_nmpc_node]: t=30.4s | pos_err=0.018m | T=22.18N | tau=[r-0.163 p0.011 y0.001]Nm | res_stat=4.076e-07(peak 9.863e-07) sqp_iter=2 | solve=0.6ms
[INFO] [1785482486.737193729] [acados_nmpc_node]: [attach-window] t=30.50s pos_err=0.017m T=22.17N z=2.499 m_est=2.261
[INFO] [1785482486.834855949] [acados_nmpc_node]: [attach-window] t=30.60s pos_err=0.015m T=22.15N z=2.499 m_est=2.261
[INFO] [1785482486.934985691] [acados_nmpc_node]: [attach-window] t=30.70s pos_err=0.013m T=22.14N z=2.500 m_est=2.261
[INFO] [1785482487.034902671] [acados_nmpc_node]: [attach-window] t=30.80s pos_err=0.012m T=22.15N z=2.501 m_est=2.261
[INFO] [1785482487.136884577] [acados_nmpc_node]: [attach-window] t=30.90s pos_err=0.010m T=22.16N z=2.501 m_est=2.261
[INFO] [1785482487.236866059] [acados_nmpc_node]: [attach-window] t=31.00s pos_err=0.009m T=22.17N z=2.501 m_est=2.261
[INFO] [1785482487.337189931] [acados_nmpc_node]: [attach-window] t=31.10s pos_err=0.008m T=22.17N z=2.500 m_est=2.261
[INFO] [1785482487.437352707] [acados_nmpc_node]: [attach-window] t=31.20s pos_err=0.009m T=22.18N z=2.500 m_est=2.261
[INFO] [1785482487.535259611] [acados_nmpc_node]: [attach-window] t=31.30s pos_err=0.010m T=22.19N z=2.499 m_est=2.261
[INFO] [1785482487.636822211] [acados_nmpc_node]: [attach-window] t=31.40s pos_err=0.012m T=22.18N z=2.499 m_est=2.261
[INFO] [1785482487.737085946] [acados_nmpc_node]: [attach-window] t=31.50s pos_err=0.012m T=22.19N z=2.499 m_est=2.261
[INFO] [1785482487.836921226] [acados_nmpc_node]: [attach-window] t=31.60s pos_err=0.013m T=22.19N z=2.499 m_est=2.261
[INFO] [1785482487.936818122] [acados_nmpc_node]: [attach-window] t=31.70s pos_err=0.013m T=22.19N z=2.498 m_est=2.261
[INFO] [1785482488.036994247] [acados_nmpc_node]: [attach-window] t=31.80s pos_err=0.013m T=22.20N z=2.498 m_est=2.261
[INFO] [1785482488.136982120] [acados_nmpc_node]: [attach-window] t=31.90s pos_err=0.012m T=22.20N z=2.498 m_est=2.261
[INFO] [1785482488.236835203] [acados_nmpc_node]: [attach-window] t=32.00s pos_err=0.010m T=22.19N z=2.498 m_est=2.262
[INFO] [1785482488.337352309] [acados_nmpc_node]: [attach-window] t=32.10s pos_err=0.009m T=22.16N z=2.499 m_est=2.262
[INFO] [1785482488.435161575] [acados_nmpc_node]: [attach-window] t=32.20s pos_err=0.008m T=22.13N z=2.501 m_est=2.262
[INFO] [1785482488.535109700] [acados_nmpc_node]: [attach-window] t=32.30s pos_err=0.008m T=22.10N z=2.503 m_est=2.262
[INFO] [1785482488.635385774] [acados_nmpc_node]: [attach-window] t=32.40s pos_err=0.010m T=22.07N z=2.505 m_est=2.261
[INFO] [1785482488.735045348] [acados_nmpc_node]: [attach-window] t=32.50s pos_err=0.011m T=22.05N z=2.507 m_est=2.261
[INFO] [1785482488.835105475] [acados_nmpc_node]: [attach-window] t=32.60s pos_err=0.013m T=22.04N z=2.510 m_est=2.261
[INFO] [1785482488.935064099] [acados_nmpc_node]: [attach-window] t=32.70s pos_err=0.013m T=22.06N z=2.511 m_est=2.260
[INFO] [1785482489.035341576] [acados_nmpc_node]: [attach-window] t=32.80s pos_err=0.014m T=22.09N z=2.511 m_est=2.260
[INFO] [1785482489.135023026] [acados_nmpc_node]: [attach-window] t=32.90s pos_err=0.015m T=22.12N z=2.510 m_est=2.260
[INFO] [1785482489.237254095] [acados_nmpc_node]: [attach-window] t=33.00s pos_err=0.017m T=22.15N z=2.509 m_est=2.260
[INFO] [1785482489.336994051] [acados_nmpc_node]: [attach-window] t=33.10s pos_err=0.019m T=22.18N z=2.507 m_est=2.260
[INFO] [1785482489.437091688] [acados_nmpc_node]: [attach-window] t=33.20s pos_err=0.021m T=22.20N z=2.506 m_est=2.260
[INFO] [1785482489.537149347] [acados_nmpc_node]: [attach-window] t=33.30s pos_err=0.022m T=22.22N z=2.504 m_est=2.260
[INFO] [1785482489.637057496] [acados_nmpc_node]: [attach-window] t=33.40s pos_err=0.023m T=22.23N z=2.502 m_est=2.260
[INFO] [1785482489.737523527] [acados_nmpc_node]: [attach-window] t=33.50s pos_err=0.022m T=22.24N z=2.500 m_est=2.261
[INFO] [1785482489.835199779] [acados_nmpc_node]: [attach-window] t=33.60s pos_err=0.021m T=22.24N z=2.499 m_est=2.261
[INFO] [1785482489.937627687] [acados_nmpc_node]: [attach-window] t=33.70s pos_err=0.019m T=22.23N z=2.499 m_est=2.261
[INFO] [1785482490.037041661] [acados_nmpc_node]: [attach-window] t=33.80s pos_err=0.018m T=22.22N z=2.498 m_est=2.262
[INFO] [1785482490.135192068] [acados_nmpc_node]: [attach-window] t=33.90s pos_err=0.018m T=22.20N z=2.498 m_est=2.262
[INFO] [1785482490.237284767] [acados_nmpc_node]: [attach-window] t=34.00s pos_err=0.018m T=22.17N z=2.499 m_est=2.262
[INFO] [1785482490.337696455] [acados_nmpc_node]: [attach-window] t=34.10s pos_err=0.020m T=22.14N z=2.500 m_est=2.262
[ros2run]: Killed
