[INFO] [1789398231.035392769] [mhe_node]: MHE node starting, building/loading solver... (geom_coupled=True, N=20, m_min=1.961, m_B=2.0643)
Code reuse possible, skipping code generation.
acados was compiled without OpenMP.
[INFO] [1789398231.042526468] [mhe_node]: [prior] geom_coupled=True → 载荷质量信息**完全不生效**(grip_payload_envelope=0.3 是死代码:coupled 档下 _payload_geometry 根本不被调用);模型只吃可测杆臂 r_p + 被估质量,m 的先验仅有 Q0 质量维=0.1 (σ=3.16kg,实质无先验)
[WARN] [1789398231.043002819] [mhe_node]: geom_release_mode='self':估计器不被告知 drop。⚠️ 2026-08-24 实测,**NMPC 侧也设成 'self' 会必然坠机**——drop 后控制器继续按幽灵偏心载荷配平,指令 0.424N·m(tau_max 的 85%)作用在空机 J_xx=0.0142 上 = 29.8 rad/s²,而 MHE 10Hz/2s 窗口要 1~2s 才纠得过来,飞机先翻。**正确组合 = MHE 'self' + NMPC 'event'**(控制器是发释放指令的一方,它知道不构成认知作弊)。
[INFO] [1789398231.044947234] [mhe_node]: [moment-ref] 物理上限由平台包线派生: 0.0390 kg·m = 0.30kg x 0.13m
[INFO] [1789398231.045650386] [mhe_node]: [c_xy_est] 质量域卸载判据已开:先武装(m_p>0.090kg),再判 m_p<0.03kg 持续 20 帧 -> 释放偏心估计
[INFO] [1789398231.046309136] [mhe_node]: [c_xy] 来源 = 一阶质量矩 s/m_T(窗口内估计,**无稳态门控**),替代窗外 EMA —— 机动中也会更新
[INFO] [1789398231.047422187] [mhe_node]: weight schedule theta = [-4.00, 0.00, 0.00, 0.00], signal mode = residual (residual self-trigger: thresh=4.4N persist=2 baseline_tau=3.0s)
[INFO] [1789398231.051048072] [mhe_node]: [release-selfcheck] READY: c_xy_est_enable=1, moment-state ns=2, ratio=0.30; legacy_mass=1, watchdog=3.0s
[INFO] [1789398231.051916616] [mhe_node]: MHE node initialized! tau_source=command (roll/pitch NMPC意图值, yaw NMPC意图值), motor_window_avg=False, geom_release_mode=self. Waiting for odometry + control data...
[INFO] [1789398253.251755698] [mhe_node]: arrival prior seeded: m=2.042 kg (T_phys/g, no prior)
[INFO] [1789398253.252271113] [mhe_node]: [geom] model_geom_on=True (release_mode=self, truth_attached=False) mode=coupled(r_p) -> geom=[ 0.    0.   -0.47] dJ=0.0000 c_xy=[+0.0000,+0.0000] (dJ/c 为按当前 m_est 折算的诊断当量,模型内部随 m 实时生成)
[INFO] [1789398255.167146594] [mhe_node]: MHE mass estimate: 2.050 kg (T_phys=20.02N) | solve=5.5ms (max21.7)
[INFO] [1789398255.167697956] [mhe_node]: [truth] m_hat=2.0504 m_true=2.0643 err=-0.67% | c_hat=[+0.0000,+0.0000] c_true=[+0.0000,+0.0000] | Jxx_hat=0.01420 Jxx_true=0.01420 Jyz_hat=+0.00000 Jyz_true=+0.00000 | s_hat=[-0.0019,-0.0001] s_true=[+0.0000,+0.0000] kg·m
[INFO] [1789398255.168226564] [mhe_node]: [tau_phys] roll=+0.005 pitch=-0.040 Nm
[INFO] [1789398255.168823702] [mhe_node]: [mass-diag] m_est=2.0504 T=20.023N tilt=6.35deg cos=0.99387 | T/g=2.0411 T*cos/g=2.0286 | m_est-T*cos/g=+0.0218kg (+1.07%) vz=+0.102
[INFO] [1789398255.169407556] [mhe_node]: [c_xy_est] cx=-0.0007 cy=-0.0000 m
[INFO] [1789398257.158975594] [mhe_node]: MHE mass estimate: 2.062 kg (T_phys=20.23N) | solve=10.2ms (max16.9)
[INFO] [1789398257.159530250] [mhe_node]: [truth] m_hat=2.0620 m_true=2.0643 err=-0.11% | c_hat=[+0.0000,+0.0000] c_true=[+0.0000,+0.0000] | Jxx_hat=0.01420 Jxx_true=0.01420 Jyz_hat=+0.00000 Jyz_true=+0.00000 | s_hat=[-0.0010,+0.0001] s_true=[+0.0000,+0.0000] kg·m
[INFO] [1789398257.160048106] [mhe_node]: [tau_phys] roll=+0.003 pitch=+0.002 Nm
[INFO] [1789398257.160646176] [mhe_node]: [mass-diag] m_est=2.0620 T=20.233N tilt=2.34deg cos=0.99917 | T/g=2.0625 T*cos/g=2.0608 | m_est-T*cos/g=+0.0012kg (+0.06%) vz=+0.036
[INFO] [1789398257.161236838] [mhe_node]: [c_xy_est] cx=-0.0005 cy=+0.0001 m
[INFO] [1789398259.157327696] [mhe_node]: MHE mass estimate: 2.057 kg (T_phys=20.20N) | solve=4.7ms (max6.5)
[INFO] [1789398259.157879773] [mhe_node]: [truth] m_hat=2.0569 m_true=2.0643 err=-0.36% | c_hat=[+0.0000,+0.0000] c_true=[+0.0000,+0.0000] | Jxx_hat=0.01420 Jxx_true=0.01420 Jyz_hat=+0.00000 Jyz_true=+0.00000 | s_hat=[+0.0001,-0.0000] s_true=[+0.0000,+0.0000] kg·m
[INFO] [1789398259.158414365] [mhe_node]: [tau_phys] roll=-0.000 pitch=-0.000 Nm
[INFO] [1789398259.159007127] [mhe_node]: [mass-diag] m_est=2.0569 T=20.203N tilt=0.44deg cos=0.99997 | T/g=2.0594 T*cos/g=2.0593 | m_est-T*cos/g=-0.0025kg (-0.12%) vz=-0.003
[INFO] [1789398259.159645477] [mhe_node]: [c_xy_est] cx=-0.0000 cy=-0.0000 m
[INFO] [1789398261.157365025] [mhe_node]: MHE mass estimate: 2.045 kg (T_phys=18.49N) | solve=4.2ms (max5.7)
[INFO] [1789398261.157918931] [mhe_node]: [truth] m_hat=2.0451 m_true=2.0643 err=-0.93% | c_hat=[+0.0000,+0.0000] c_true=[+0.0000,+0.0000] | Jxx_hat=0.01420 Jxx_true=0.01420 Jyz_hat=+0.00000 Jyz_true=+0.00000 | s_hat=[+0.0001,-0.0002] s_true=[+0.0000,+0.0000] kg·m
[INFO] [1789398261.158438644] [mhe_node]: [tau_phys] roll=+0.004 pitch=-0.001 Nm
[INFO] [1789398261.159028162] [mhe_node]: [mass-diag] m_est=2.0451 T=18.495N tilt=0.30deg cos=0.99999 | T/g=1.8853 T*cos/g=1.8853 | m_est-T*cos/g=+0.1599kg (+8.48%) vz=-0.485
[INFO] [1789398261.159613692] [mhe_node]: [c_xy_est] cx=+0.0001 cy=-0.0001 m
[INFO] [1789398263.157108482] [mhe_node]: MHE mass estimate: 2.061 kg (T_phys=20.34N) | solve=5.1ms (max7.0)
[INFO] [1789398263.157664099] [mhe_node]: [truth] m_hat=2.0607 m_true=2.0643 err=-0.17% | c_hat=[+0.0000,+0.0000] c_true=[+0.0000,+0.0000] | Jxx_hat=0.01420 Jxx_true=0.01420 Jyz_hat=+0.00000 Jyz_true=+0.00000 | s_hat=[+0.0001,-0.0000] s_true=[+0.0000,+0.0000] kg·m
[INFO] [1789398263.158186888] [mhe_node]: [tau_phys] roll=+0.001 pitch=+0.002 Nm
[INFO] [1789398263.158774754] [mhe_node]: [mass-diag] m_est=2.0607 T=20.339N tilt=0.15deg cos=1.00000 | T/g=2.0733 T*cos/g=2.0733 | m_est-T*cos/g=-0.0126kg (-0.61%) vz=-0.053
[INFO] [1789398263.159355633] [mhe_node]: [c_xy_est] cx=+0.0000 cy=-0.0000 m
[INFO] [1789398265.159220733] [mhe_node]: MHE mass estimate: 2.017 kg (T_phys=19.85N) | solve=8.6ms (max17.5)
[INFO] [1789398265.159609361] [mhe_node]: [truth] m_hat=2.0170 m_true=2.0643 err=-2.29% | c_hat=[+0.0000,+0.0000] c_true=[+0.0000,+0.0000] | Jxx_hat=0.01420 Jxx_true=0.01420 Jyz_hat=+0.00000 Jyz_true=+0.00000 | s_hat=[+0.0064,+0.0034] s_true=[+0.0000,+0.0000] kg·m
[INFO] [1789398265.159972029] [mhe_node]: [tau_phys] roll=+0.054 pitch=-0.136 Nm
[INFO] [1789398265.160386915] [mhe_node]: [mass-diag] m_est=2.0170 T=19.851N tilt=0.06deg cos=1.00000 | T/g=2.0235 T*cos/g=2.0235 | m_est-T*cos/g=-0.0065kg (-0.32%) vz=-0.004
[INFO] [1789398265.160790820] [mhe_node]: [c_xy_est] cx=+0.0028 cy=+0.0015 m
[INFO] [1789398267.204715028] [mhe_node]: MHE mass estimate: 1.961 kg (T_phys=19.97N) | solve=25.7ms (max52.2)
[INFO] [1789398267.205116530] [mhe_node]: [truth] m_hat=1.9611 m_true=2.0643 err=-5.00% | c_hat=[+0.0000,+0.0000] c_true=[+0.0000,+0.0000] | Jxx_hat=0.01420 Jxx_true=0.01420 Jyz_hat=+0.00000 Jyz_true=+0.00000 | s_hat=[+0.0154,-0.0023] s_true=[+0.0000,+0.0000] kg·m
[INFO] [1789398267.205478479] [mhe_node]: [tau_phys] roll=-0.233 pitch=+0.014 Nm
[INFO] [1789398267.205899014] [mhe_node]: [mass-diag] m_est=1.9611 T=19.970N tilt=0.71deg cos=0.99992 | T/g=2.0357 T*cos/g=2.0355 | m_est-T*cos/g=-0.0744kg (-3.66%) vz=-0.003
[INFO] [1789398267.206304432] [mhe_node]: [c_xy_est] cx=+0.0082 cy=-0.0007 m
[INFO] [1789398269.160942879] [mhe_node]: MHE mass estimate: 2.339 kg (T_phys=24.73N) | solve=28.1ms (max54.2)
[INFO] [1789398269.161516539] [mhe_node]: [truth] m_hat=2.3386 m_true=2.0643 err=+13.29% | c_hat=[+0.0000,+0.0000] c_true=[+0.0000,+0.0000] | Jxx_hat=0.01420 Jxx_true=0.01420 Jyz_hat=+0.00000 Jyz_true=+0.00000 | s_hat=[+0.0005,-0.0236] s_true=[+0.0000,+0.0000] kg·m
[INFO] [1789398269.162039379] [mhe_node]: [tau_phys] roll=-0.266 pitch=+0.940 Nm
[INFO] [1789398269.162635323] [mhe_node]: [mass-diag] m_est=2.3386 T=24.729N tilt=0.34deg cos=0.99998 | T/g=2.5208 T*cos/g=2.5207 | m_est-T*cos/g=-0.1821kg (-7.23%) vz=+0.730
[INFO] [1789398269.163217803] [mhe_node]: [c_xy_est] cx=-0.0002 cy=-0.0099 m
[INFO] [1789398270.551582147] [mhe_node]: [payload-state] EMPTY->LOADED (sustained m_p evidence, m_p=+0.249kg)
[INFO] [1789398270.651650367] [mhe_node]: [s-collapse] moment 基准未就绪(窗口 0/20, 越界剔除 0) — 暂不判决
[INFO] [1789398271.167405927] [mhe_node]: MHE mass estimate: 2.274 kg (T_phys=23.23N) | solve=13.3ms (max20.3)
[INFO] [1789398271.167972236] [mhe_node]: [truth] m_hat=2.2739 m_true=2.0643 err=+10.15% | c_hat=[+0.0000,+0.0000] c_true=[+0.0000,+0.0000] | Jxx_hat=0.01420 Jxx_true=0.01420 Jyz_hat=+0.00000 Jyz_true=+0.00000 | s_hat=[+0.0017,-0.0201] s_true=[+0.0000,+0.0000] kg·m
[INFO] [1789398271.168493913] [mhe_node]: [tau_phys] roll=-0.252 pitch=-1.193 Nm
[INFO] [1789398271.169077309] [mhe_node]: [mass-diag] m_est=2.2739 T=23.226N tilt=1.55deg cos=0.99964 | T/g=2.3675 T*cos/g=2.3667 | m_est-T*cos/g=-0.0928kg (-3.92%) vz=+1.150
[INFO] [1789398271.169655889] [mhe_node]: [c_xy_est] cx=+0.0030 cy=-0.0101 m
[INFO] [1789398271.651731376] [mhe_node]: [s-collapse] moment 基准未就绪(窗口 0/20, 越界剔除 0) — 暂不判决
[INFO] [1789398272.451602294] [mhe_node]: [c_xy_est] 质量域判据已武装(m_p=0.248kg 连续20帧高于水位)
[INFO] [1789398272.651681494] [mhe_node]: [s-collapse] moment 基准未就绪(窗口 0/20, 越界剔除 0) — 暂不判决
[INFO] [1789398273.168045653] [mhe_node]: MHE mass estimate: 2.320 kg (T_phys=22.13N) | solve=17.2ms (max23.5)
[INFO] [1789398273.168620108] [mhe_node]: [truth] m_hat=2.3195 m_true=2.0643 err=+12.36% | c_hat=[+0.0000,+0.0000] c_true=[+0.0000,+0.0000] | Jxx_hat=0.01420 Jxx_true=0.01420 Jyz_hat=+0.00000 Jyz_true=+0.00000 | s_hat=[+0.0019,-0.0222] s_true=[+0.0000,+0.0000] kg·m
[INFO] [1789398273.169161622] [mhe_node]: [tau_phys] roll=-0.259 pitch=-0.811 Nm
[INFO] [1789398273.169779720] [mhe_node]: [mass-diag] m_est=2.3195 T=22.133N tilt=0.27deg cos=0.99999 | T/g=2.2562 T*cos/g=2.2562 | m_est-T*cos/g=+0.0633kg (+2.81%) vz=+0.820
[INFO] [1789398273.170371317] [mhe_node]: [c_xy_est] cx=+0.0030 cy=-0.0101 m
[INFO] [1789398273.651733015] [mhe_node]: [s-collapse] moment 基准未就绪(窗口 0/20, 越界剔除 0) — 暂不判决
[INFO] [1789398274.651746119] [mhe_node]: [s-collapse] moment 基准未就绪(窗口 0/20, 越界剔除 0) — 暂不判决
[INFO] [1789398275.162747357] [mhe_node]: MHE mass estimate: 2.327 kg (T_phys=22.47N) | solve=14.7ms (max25.2)
[INFO] [1789398275.163318618] [mhe_node]: [truth] m_hat=2.3272 m_true=2.0643 err=+12.74% | c_hat=[+0.0000,+0.0000] c_true=[+0.0000,+0.0000] | Jxx_hat=0.01420 Jxx_true=0.01420 Jyz_hat=+0.00000 Jyz_true=+0.00000 | s_hat=[+0.0012,-0.0245] s_true=[+0.0000,+0.0000] kg·m
[INFO] [1789398275.163841849] [mhe_node]: [tau_phys] roll=-0.254 pitch=-0.908 Nm
[INFO] [1789398275.164430732] [mhe_node]: [mass-diag] m_est=2.3272 T=22.473N tilt=0.66deg cos=0.99993 | T/g=2.2908 T*cos/g=2.2906 | m_est-T*cos/g=+0.0366kg (+1.60%) vz=+0.075
[INFO] [1789398275.165012098] [mhe_node]: [c_xy_est] cx=+0.0030 cy=-0.0101 m
[INFO] [1789398275.651653221] [mhe_node]: [s-collapse] moment 基准未就绪(窗口 1/20, 越界剔除 0) — 暂不判决
[INFO] [1789398276.651865855] [mhe_node]: [s-collapse] moment 基准未就绪(窗口 0/20, 越界剔除 0) — 暂不判决
[INFO] [1789398277.170448548] [mhe_node]: MHE mass estimate: 2.304 kg (T_phys=22.84N) | solve=16.0ms (max24.7)
[INFO] [1789398277.171020571] [mhe_node]: [truth] m_hat=2.3036 m_true=2.0643 err=+11.59% | c_hat=[+0.0000,+0.0000] c_true=[+0.0000,+0.0000] | Jxx_hat=0.01420 Jxx_true=0.01420 Jyz_hat=+0.00000 Jyz_true=+0.00000 | s_hat=[+0.0023,-0.0220] s_true=[+0.0000,+0.0000] kg·m
[INFO] [1789398277.171547054] [mhe_node]: [tau_phys] roll=-0.298 pitch=+1.177 Nm
[INFO] [1789398277.172137516] [mhe_node]: [mass-diag] m_est=2.3036 T=22.839N tilt=0.43deg cos=0.99997 | T/g=2.3281 T*cos/g=2.3280 | m_est-T*cos/g=-0.0244kg (-1.05%) vz=-0.021
[INFO] [1789398277.172718685] [mhe_node]: [c_xy_est] cx=+0.0030 cy=-0.0101 m
[INFO] [1789398277.651730330] [mhe_node]: [s-collapse] moment 基准未就绪(窗口 0/20, 越界剔除 0) — 暂不判决
[INFO] [1789398278.651727598] [mhe_node]: [s-collapse] moment 基准未就绪(窗口 0/20, 越界剔除 0) — 暂不判决
[INFO] [1789398279.170146799] [mhe_node]: MHE mass estimate: 2.305 kg (T_phys=22.76N) | solve=17.0ms (max22.4)
[INFO] [1789398279.170852139] [mhe_node]: [truth] m_hat=2.3049 m_true=2.0643 err=+11.65% | c_hat=[+0.0000,+0.0000] c_true=[+0.0000,+0.0000] | Jxx_hat=0.01420 Jxx_true=0.01420 Jyz_hat=+0.00000 Jyz_true=+0.00000 | s_hat=[+0.0036,-0.0228] s_true=[+0.0000,+0.0000] kg·m
[INFO] [1789398279.171374316] [mhe_node]: [tau_phys] roll=-0.273 pitch=+0.915 Nm
[INFO] [1789398279.171960783] [mhe_node]: [mass-diag] m_est=2.3049 T=22.757N tilt=0.71deg cos=0.99992 | T/g=2.3198 T*cos/g=2.3196 | m_est-T*cos/g=-0.0147kg (-0.63%) vz=-0.035
[INFO] [1789398279.172551874] [mhe_node]: [c_xy_est] cx=+0.0030 cy=-0.0101 m
[INFO] [1789398279.651734976] [mhe_node]: [s-collapse] moment 基准未就绪(窗口 0/20, 越界剔除 0) — 暂不判决
[INFO] [1789398280.651719653] [mhe_node]: [s-collapse] moment 基准未就绪(窗口 0/20, 越界剔除 0) — 暂不判决
[INFO] [1789398281.163701288] [mhe_node]: MHE mass estimate: 2.319 kg (T_phys=23.02N) | solve=14.8ms (max23.4)
[INFO] [1789398281.164276336] [mhe_node]: [truth] m_hat=2.3187 m_true=2.0643 err=+12.33% | c_hat=[+0.0000,+0.0000] c_true=[+0.0000,+0.0000] | Jxx_hat=0.01420 Jxx_true=0.01420 Jyz_hat=+0.00000 Jyz_true=+0.00000 | s_hat=[+0.0007,-0.0239] s_true=[+0.0000,+0.0000] kg·m
[INFO] [1789398281.164797478] [mhe_node]: [tau_phys] roll=-0.328 pitch=-0.355 Nm
[INFO] [1789398281.165395039] [mhe_node]: [mass-diag] m_est=2.3187 T=23.020N tilt=2.60deg cos=0.99897 | T/g=2.3466 T*cos/g=2.3442 | m_est-T*cos/g=-0.0255kg (-1.09%) vz=+0.002
[INFO] [1789398281.165979521] [mhe_node]: [c_xy_est] cx=+0.0030 cy=-0.0101 m
[INFO] [1789398281.651733339] [mhe_node]: [s-collapse] moment 基准未就绪(窗口 0/20, 越界剔除 0) — 暂不判决
[INFO] [1789398282.651652132] [mhe_node]: [s-collapse] moment 基准未就绪(窗口 0/20, 越界剔除 0) — 暂不判决
[INFO] [1789398283.169654830] [mhe_node]: MHE mass estimate: 2.322 kg (T_phys=23.16N) | solve=13.9ms (max19.8)
[INFO] [1789398283.170242896] [mhe_node]: [truth] m_hat=2.3220 m_true=2.0643 err=+12.48% | c_hat=[+0.0000,+0.0000] c_true=[+0.0000,+0.0000] | Jxx_hat=0.01420 Jxx_true=0.01420 Jyz_hat=+0.00000 Jyz_true=+0.00000 | s_hat=[+0.0084,-0.0249] s_true=[+0.0000,+0.0000] kg·m
[INFO] [1789398283.170769297] [mhe_node]: [tau_phys] roll=-0.361 pitch=-1.046 Nm
[INFO] [1789398283.171366158] [mhe_node]: [mass-diag] m_est=2.3220 T=23.158N tilt=6.13deg cos=0.99428 | T/g=2.3607 T*cos/g=2.3472 | m_est-T*cos/g=-0.0252kg (-1.07%) vz=+0.143
[INFO] [1789398283.171954974] [mhe_node]: [c_xy_est] cx=+0.0030 cy=-0.0101 m
[INFO] [1789398283.651683975] [mhe_node]: [s-collapse] moment 基准未就绪(窗口 0/20, 越界剔除 0) — 暂不判决
[INFO] [1789398284.651644461] [mhe_node]: [s-collapse] moment 基准未就绪(窗口 0/20, 越界剔除 0) — 暂不判决
[INFO] [1789398285.166755904] [mhe_node]: MHE mass estimate: 2.295 kg (T_phys=22.32N) | solve=16.0ms (max28.4)
[INFO] [1789398285.167324838] [mhe_node]: [truth] m_hat=2.2947 m_true=2.0643 err=+11.16% | c_hat=[+0.0000,+0.0000] c_true=[+0.0000,+0.0000] | Jxx_hat=0.01420 Jxx_true=0.01420 Jyz_hat=+0.00000 Jyz_true=+0.00000 | s_hat=[+0.0044,-0.0262] s_true=[+0.0000,+0.0000] kg·m
[INFO] [1789398285.167846287] [mhe_node]: [tau_phys] roll=-0.300 pitch=-0.250 Nm
[INFO] [1789398285.168435572] [mhe_node]: [mass-diag] m_est=2.2947 T=22.324N tilt=8.58deg cos=0.98880 | T/g=2.2756 T*cos/g=2.2501 | m_est-T*cos/g=+0.0445kg (+1.98%) vz=+0.155
[INFO] [1789398285.169015432] [mhe_node]: [c_xy_est] cx=+0.0030 cy=-0.0101 m
[INFO] [1789398285.651674055] [mhe_node]: [s-collapse] moment 基准未就绪(窗口 0/20, 越界剔除 0) — 暂不判决
[INFO] [1789398286.651650573] [mhe_node]: [s-collapse] moment 基准未就绪(窗口 0/20, 越界剔除 0) — 暂不判决
[INFO] [1789398287.163766159] [mhe_node]: MHE mass estimate: 2.313 kg (T_phys=22.99N) | solve=16.2ms (max22.7)
[INFO] [1789398287.164336303] [mhe_node]: [truth] m_hat=2.3127 m_true=2.0643 err=+12.04% | c_hat=[+0.0000,+0.0000] c_true=[+0.0000,+0.0000] | Jxx_hat=0.01420 Jxx_true=0.01420 Jyz_hat=+0.00000 Jyz_true=+0.00000 | s_hat=[+0.0020,-0.0268] s_true=[+0.0000,+0.0000] kg·m
[INFO] [1789398287.164867145] [mhe_node]: [tau_phys] roll=-0.233 pitch=+0.435 Nm
[INFO] [1789398287.165458709] [mhe_node]: [mass-diag] m_est=2.3127 T=22.993N tilt=10.18deg cos=0.98427 | T/g=2.3438 T*cos/g=2.3069 | m_est-T*cos/g=+0.0058kg (+0.25%) vz=-0.038
[INFO] [1789398287.166042287] [mhe_node]: [c_xy_est] cx=+0.0030 cy=-0.0101 m
[INFO] [1789398287.651723950] [mhe_node]: [s-collapse] moment 基准未就绪(窗口 0/20, 越界剔除 0) — 暂不判决
[INFO] [1789398288.651734882] [mhe_node]: [s-collapse] moment 基准未就绪(窗口 0/20, 越界剔除 0) — 暂不判决
[INFO] [1789398289.160667957] [mhe_node]: MHE mass estimate: 2.324 kg (T_phys=22.81N) | solve=13.4ms (max20.5)
[INFO] [1789398289.161232768] [mhe_node]: [truth] m_hat=2.3239 m_true=2.0643 err=+12.58% | c_hat=[+0.0000,+0.0000] c_true=[+0.0000,+0.0000] | Jxx_hat=0.01420 Jxx_true=0.01420 Jyz_hat=+0.00000 Jyz_true=+0.00000 | s_hat=[+0.0096,-0.0312] s_true=[+0.0000,+0.0000] kg·m
[INFO] [1789398289.161750429] [mhe_node]: [tau_phys] roll=-0.379 pitch=+0.330 Nm
[INFO] [1789398289.162334372] [mhe_node]: [mass-diag] m_est=2.3239 T=22.815N tilt=10.72deg cos=0.98256 | T/g=2.3256 T*cos/g=2.2851 | m_est-T*cos/g=+0.0388kg (+1.70%) vz=-0.174
[INFO] [1789398289.162915036] [mhe_node]: [c_xy_est] cx=+0.0030 cy=-0.0101 m
[INFO] [1789398289.651720961] [mhe_node]: [s-collapse] moment 基准未就绪(窗口 0/20, 越界剔除 0) — 暂不判决
[INFO] [1789398290.651641987] [mhe_node]: [s-collapse] moment 基准未就绪(窗口 0/20, 越界剔除 0) — 暂不判决
[INFO] [1789398291.165856808] [mhe_node]: MHE mass estimate: 2.292 kg (T_phys=22.83N) | solve=13.7ms (max22.2)
[INFO] [1789398291.166426519] [mhe_node]: [truth] m_hat=2.2919 m_true=2.0643 err=+11.02% | c_hat=[+0.0000,+0.0000] c_true=[+0.0000,+0.0000] | Jxx_hat=0.01420 Jxx_true=0.01420 Jyz_hat=+0.00000 Jyz_true=+0.00000 | s_hat=[+0.0043,-0.0217] s_true=[+0.0000,+0.0000] kg·m
[INFO] [1789398291.166951317] [mhe_node]: [tau_phys] roll=-0.199 pitch=-1.058 Nm
[INFO] [1789398291.167545013] [mhe_node]: [mass-diag] m_est=2.2919 T=22.828N tilt=2.07deg cos=0.99935 | T/g=2.3270 T*cos/g=2.3255 | m_est-T*cos/g=-0.0336kg (-1.44%) vz=-0.256
[INFO] [1789398291.168133527] [mhe_node]: [c_xy_est] cx=+0.0030 cy=-0.0101 m
[INFO] [1789398291.651714324] [mhe_node]: [s-collapse] moment 基准未就绪(窗口 0/20, 越界剔除 0) — 暂不判决
[INFO] [1789398292.651667540] [mhe_node]: [s-collapse] moment 基准未就绪(窗口 0/20, 越界剔除 0) — 暂不判决
[INFO] [1789398293.163953489] [mhe_node]: MHE mass estimate: 2.312 kg (T_phys=23.28N) | solve=13.9ms (max20.3)
[INFO] [1789398293.164546971] [mhe_node]: [truth] m_hat=2.3120 m_true=2.0643 err=+12.00% | c_hat=[+0.0000,+0.0000] c_true=[+0.0000,+0.0000] | Jxx_hat=0.01420 Jxx_true=0.01420 Jyz_hat=+0.00000 Jyz_true=+0.00000 | s_hat=[-0.0035,-0.0194] s_true=[+0.0000,+0.0000] kg·m
[INFO] [1789398293.165083969] [mhe_node]: [tau_phys] roll=-0.120 pitch=-1.033 Nm
[INFO] [1789398293.165706546] [mhe_node]: [mass-diag] m_est=2.3120 T=23.277N tilt=7.72deg cos=0.99094 | T/g=2.3728 T*cos/g=2.3513 | m_est-T*cos/g=-0.0393kg (-1.67%) vz=-0.195
[INFO] [1789398293.166294123] [mhe_node]: [c_xy_est] cx=+0.0030 cy=-0.0101 m
[INFO] [1789398293.651645385] [mhe_node]: [s-collapse] moment 基准未就绪(窗口 0/20, 越界剔除 0) — 暂不判决
[INFO] [1789398294.651663340] [mhe_node]: [s-collapse] moment 基准未就绪(窗口 0/20, 越界剔除 0) — 暂不判决
[INFO] [1789398295.162818583] [mhe_node]: MHE mass estimate: 2.303 kg (T_phys=23.23N) | solve=14.1ms (max19.0)
[INFO] [1789398295.163402116] [mhe_node]: [truth] m_hat=2.3025 m_true=2.0643 err=+11.54% | c_hat=[+0.0000,+0.0000] c_true=[+0.0000,+0.0000] | Jxx_hat=0.01420 Jxx_true=0.01420 Jyz_hat=+0.00000 Jyz_true=+0.00000 | s_hat=[-0.0072,-0.0156] s_true=[+0.0000,+0.0000] kg·m
[INFO] [1789398295.163928133] [mhe_node]: [tau_phys] roll=-0.285 pitch=-1.050 Nm
[INFO] [1789398295.164523990] [mhe_node]: [mass-diag] m_est=2.3025 T=23.234N tilt=9.33deg cos=0.98677 | T/g=2.3684 T*cos/g=2.3371 | m_est-T*cos/g=-0.0346kg (-1.48%) vz=-0.086
[INFO] [1789398295.165119794] [mhe_node]: [c_xy_est] cx=+0.0030 cy=-0.0101 m
[INFO] [1789398295.651860423] [mhe_node]: [s-collapse] moment 基准未就绪(窗口 0/20, 越界剔除 0) — 暂不判决
[INFO] [1789398296.651697246] [mhe_node]: [s-collapse] moment 基准未就绪(窗口 0/20, 越界剔除 0) — 暂不判决
[INFO] [1789398297.165168159] [mhe_node]: MHE mass estimate: 2.306 kg (T_phys=23.07N) | solve=15.4ms (max28.4)
[INFO] [1789398297.165876990] [mhe_node]: [truth] m_hat=2.3056 m_true=2.0643 err=+11.69% | c_hat=[+0.0000,+0.0000] c_true=[+0.0000,+0.0000] | Jxx_hat=0.01420 Jxx_true=0.01420 Jyz_hat=+0.00000 Jyz_true=+0.00000 | s_hat=[-0.0009,-0.0199] s_true=[+0.0000,+0.0000] kg·m
[INFO] [1789398297.166403698] [mhe_node]: [tau_phys] roll=-0.229 pitch=-0.883 Nm
[INFO] [1789398297.166990322] [mhe_node]: [mass-diag] m_est=2.3056 T=23.069N tilt=4.84deg cos=0.99643 | T/g=2.3516 T*cos/g=2.3432 | m_est-T*cos/g=-0.0376kg (-1.60%) vz=-0.000
[INFO] [1789398297.167576095] [mhe_node]: [c_xy_est] cx=+0.0030 cy=-0.0101 m
[INFO] [1789398297.651760048] [mhe_node]: [s-collapse] moment 基准未就绪(窗口 0/20, 越界剔除 0) — 暂不判决
[INFO] [1789398298.651824752] [mhe_node]: [s-collapse] moment 基准未就绪(窗口 0/20, 越界剔除 0) — 暂不判决
[INFO] [1789398299.169091448] [mhe_node]: MHE mass estimate: 2.308 kg (T_phys=23.57N) | solve=15.0ms (max18.0)
[INFO] [1789398299.169681136] [mhe_node]: [truth] m_hat=2.3083 m_true=2.0643 err=+11.82% | c_hat=[+0.0000,+0.0000] c_true=[+0.0000,+0.0000] | Jxx_hat=0.01420 Jxx_true=0.01420 Jyz_hat=+0.00000 Jyz_true=+0.00000 | s_hat=[-0.0083,-0.0160] s_true=[+0.0000,+0.0000] kg·m
[INFO] [1789398299.170209138] [mhe_node]: [tau_phys] roll=-0.179 pitch=-0.952 Nm
[INFO] [1789398299.170802596] [mhe_node]: [mass-diag] m_est=2.3083 T=23.572N tilt=10.17deg cos=0.98430 | T/g=2.4029 T*cos/g=2.3652 | m_est-T*cos/g=-0.0569kg (-2.40%) vz=+0.163
[INFO] [1789398299.171388798] [mhe_node]: [c_xy_est] cx=+0.0030 cy=-0.0101 m
[INFO] [1789398299.651685099] [mhe_node]: [s-collapse] moment 基准未就绪(窗口 0/20, 越界剔除 0) — 暂不判决
[INFO] [1789398300.651782841] [mhe_node]: [s-collapse] moment 基准未就绪(窗口 0/20, 越界剔除 0) — 暂不判决
[INFO] [1789398301.166188777] [mhe_node]: MHE mass estimate: 2.299 kg (T_phys=22.67N) | solve=14.9ms (max21.2)
[INFO] [1789398301.166768478] [mhe_node]: [truth] m_hat=2.2993 m_true=2.0643 err=+11.38% | c_hat=[+0.0000,+0.0000] c_true=[+0.0000,+0.0000] | Jxx_hat=0.01420 Jxx_true=0.01420 Jyz_hat=+0.00000 Jyz_true=+0.00000 | s_hat=[+0.0093,-0.0185] s_true=[+0.0000,+0.0000] kg·m
[INFO] [1789398301.167292715] [mhe_node]: [tau_phys] roll=-0.255 pitch=+0.013 Nm
[INFO] [1789398301.167884968] [mhe_node]: [mass-diag] m_est=2.2993 T=22.666N tilt=8.18deg cos=0.98983 | T/g=2.3105 T*cos/g=2.2870 | m_est-T*cos/g=+0.0123kg (+0.54%) vz=+0.225
[INFO] [1789398301.168467897] [mhe_node]: [c_xy_est] cx=+0.0030 cy=-0.0101 m
[INFO] [1789398301.651723593] [mhe_node]: [s-collapse] moment 基准未就绪(窗口 0/20, 越界剔除 0) — 暂不判决
[INFO] [1789398302.651860086] [mhe_node]: [s-collapse] moment 基准未就绪(窗口 0/20, 越界剔除 0) — 暂不判决
[INFO] [1789398303.156610375] [mhe_node]: MHE mass estimate: 2.317 kg (T_phys=22.97N) | solve=11.7ms (max26.0)
[INFO] [1789398303.157018123] [mhe_node]: [truth] m_hat=2.3173 m_true=2.0643 err=+12.26% | c_hat=[+0.0000,+0.0000] c_true=[+0.0000,+0.0000] | Jxx_hat=0.01420 Jxx_true=0.01420 Jyz_hat=+0.00000 Jyz_true=+0.00000 | s_hat=[+0.0024,-0.0266] s_true=[+0.0000,+0.0000] kg·m
[INFO] [1789398303.157387587] [mhe_node]: [tau_phys] roll=-0.266 pitch=+0.638 Nm
[INFO] [1789398303.157797016] [mhe_node]: [mass-diag] m_est=2.3173 T=22.969N tilt=2.83deg cos=0.99878 | T/g=2.3413 T*cos/g=2.3385 | m_est-T*cos/g=-0.0212kg (-0.91%) vz=+0.206
[INFO] [1789398303.158202442] [mhe_node]: [c_xy_est] cx=+0.0030 cy=-0.0101 m
[INFO] [1789398303.651650923] [mhe_node]: [s-collapse] moment 基准未就绪(窗口 0/20, 越界剔除 0) — 暂不判决
[INFO] [1789398304.651738028] [mhe_node]: [s-collapse] moment 基准未就绪(窗口 0/20, 越界剔除 0) — 暂不判决
[INFO] [1789398305.166848983] [mhe_node]: MHE mass estimate: 2.309 kg (T_phys=22.92N) | solve=11.9ms (max19.9)
[INFO] [1789398305.167415318] [mhe_node]: [truth] m_hat=2.3092 m_true=2.0643 err=+11.87% | c_hat=[+0.0000,+0.0000] c_true=[+0.0000,+0.0000] | Jxx_hat=0.01420 Jxx_true=0.01420 Jyz_hat=+0.00000 Jyz_true=+0.00000 | s_hat=[+0.0016,-0.0274] s_true=[+0.0000,+0.0000] kg·m
[INFO] [1789398305.167938666] [mhe_node]: [tau_phys] roll=-0.330 pitch=+0.580 Nm
[INFO] [1789398305.168523773] [mhe_node]: [mass-diag] m_est=2.3092 T=22.916N tilt=9.61deg cos=0.98598 | T/g=2.3359 T*cos/g=2.3032 | m_est-T*cos/g=+0.0060kg (+0.26%) vz=+0.160
[INFO] [1789398305.169128849] [mhe_node]: [c_xy_est] cx=+0.0030 cy=-0.0101 m
[INFO] [1789398305.651658948] [mhe_node]: [s-collapse] moment 基准未就绪(窗口 0/20, 越界剔除 0) — 暂不判决
[INFO] [1789398306.651713747] [mhe_node]: [s-collapse] moment 基准未就绪(窗口 0/20, 越界剔除 0) — 暂不判决
[INFO] [1789398307.165523438] [mhe_node]: MHE mass estimate: 2.299 kg (T_phys=22.74N) | solve=15.0ms (max26.2)
[INFO] [1789398307.165927512] [mhe_node]: [truth] m_hat=2.2992 m_true=2.0643 err=+11.38% | c_hat=[+0.0000,+0.0000] c_true=[+0.0000,+0.0000] | Jxx_hat=0.01420 Jxx_true=0.01420 Jyz_hat=+0.00000 Jyz_true=+0.00000 | s_hat=[+0.0051,-0.0251] s_true=[+0.0000,+0.0000] kg·m
[INFO] [1789398307.166299352] [mhe_node]: [tau_phys] roll=-0.342 pitch=-0.800 Nm
[INFO] [1789398307.166710191] [mhe_node]: [mass-diag] m_est=2.2992 T=22.742N tilt=6.44deg cos=0.99368 | T/g=2.3182 T*cos/g=2.3036 | m_est-T*cos/g=-0.0044kg (-0.19%) vz=+0.020
[INFO] [1789398307.167115896] [mhe_node]: [c_xy_est] cx=+0.0030 cy=-0.0101 m
[INFO] [1789398307.651650189] [mhe_node]: [s-collapse] moment 基准未就绪(窗口 0/20, 越界剔除 0) — 暂不判决
[INFO] [1789398308.651720251] [mhe_node]: [s-collapse] moment 基准未就绪(窗口 0/20, 越界剔除 0) — 暂不判决
[INFO] [1789398309.170357636] [mhe_node]: MHE mass estimate: 2.320 kg (T_phys=23.18N) | solve=13.0ms (max21.1)
[INFO] [1789398309.170922027] [mhe_node]: [truth] m_hat=2.3203 m_true=2.0643 err=+12.40% | c_hat=[+0.0000,+0.0000] c_true=[+0.0000,+0.0000] | Jxx_hat=0.01420 Jxx_true=0.01420 Jyz_hat=+0.00000 Jyz_true=+0.00000 | s_hat=[+0.0013,-0.0268] s_true=[+0.0000,+0.0000] kg·m
[INFO] [1789398309.171448263] [mhe_node]: [tau_phys] roll=-0.390 pitch=-0.680 Nm
[INFO] [1789398309.172033783] [mhe_node]: [mass-diag] m_est=2.3203 T=23.183N tilt=7.22deg cos=0.99208 | T/g=2.3632 T*cos/g=2.3445 | m_est-T*cos/g=-0.0242kg (-1.03%) vz=-0.099
[INFO] [1789398309.172617217] [mhe_node]: [c_xy_est] cx=+0.0030 cy=-0.0101 m
[INFO] [1789398309.651694371] [mhe_node]: [s-collapse] moment 基准未就绪(窗口 0/20, 越界剔除 0) — 暂不判决
[INFO] [1789398310.651731070] [mhe_node]: [s-collapse] moment 基准未就绪(窗口 0/20, 越界剔除 0) — 暂不判决
[INFO] [1789398311.166911424] [mhe_node]: MHE mass estimate: 2.317 kg (T_phys=22.71N) | solve=13.1ms (max19.1)
[INFO] [1789398311.167499251] [mhe_node]: [truth] m_hat=2.3174 m_true=2.0643 err=+12.26% | c_hat=[+0.0000,+0.0000] c_true=[+0.0000,+0.0000] | Jxx_hat=0.01420 Jxx_true=0.01420 Jyz_hat=+0.00000 Jyz_true=+0.00000 | s_hat=[+0.0061,-0.0285] s_true=[+0.0000,+0.0000] kg·m
[INFO] [1789398311.168022757] [mhe_node]: [tau_phys] roll=-0.241 pitch=-0.406 Nm
[INFO] [1789398311.168616131] [mhe_node]: [mass-diag] m_est=2.3174 T=22.707N tilt=11.00deg cos=0.98161 | T/g=2.3147 T*cos/g=2.2721 | m_est-T*cos/g=+0.0452kg (+1.99%) vz=-0.173
[INFO] [1789398311.169204403] [mhe_node]: [c_xy_est] cx=+0.0030 cy=-0.0101 m
[INFO] [1789398311.651776035] [mhe_node]: [s-collapse] moment 基准未就绪(窗口 0/20, 越界剔除 0) — 暂不判决
[INFO] [1789398312.651742550] [mhe_node]: [s-collapse] moment 基准未就绪(窗口 0/20, 越界剔除 0) — 暂不判决
[INFO] [1789398313.162738041] [mhe_node]: MHE mass estimate: 2.294 kg (T_phys=22.76N) | solve=15.3ms (max22.1)
[INFO] [1789398313.163364985] [mhe_node]: [truth] m_hat=2.2935 m_true=2.0643 err=+11.10% | c_hat=[+0.0000,+0.0000] c_true=[+0.0000,+0.0000] | Jxx_hat=0.01420 Jxx_true=0.01420 Jyz_hat=+0.00000 Jyz_true=+0.00000 | s_hat=[+0.0034,-0.0225] s_true=[+0.0000,+0.0000] kg·m
[INFO] [1789398313.163902548] [mhe_node]: [tau_phys] roll=-0.251 pitch=+0.782 Nm
[INFO] [1789398313.164512437] [mhe_node]: [mass-diag] m_est=2.2935 T=22.758N tilt=3.45deg cos=0.99818 | T/g=2.3199 T*cos/g=2.3157 | m_est-T*cos/g=-0.0222kg (-0.96%) vz=-0.256
[INFO] [1789398313.165109292] [mhe_node]: [c_xy_est] cx=+0.0030 cy=-0.0101 m
[INFO] [1789398313.651684662] [mhe_node]: [s-collapse] moment 基准未就绪(窗口 0/20, 越界剔除 0) — 暂不判决
[INFO] [1789398314.651726436] [mhe_node]: [s-collapse] moment 基准未就绪(窗口 0/20, 越界剔除 0) — 暂不判决
[INFO] [1789398315.161104594] [mhe_node]: MHE mass estimate: 2.316 kg (T_phys=23.25N) | solve=14.7ms (max28.1)
[INFO] [1789398315.161868174] [mhe_node]: [truth] m_hat=2.3164 m_true=2.0643 err=+12.21% | c_hat=[+0.0000,+0.0000] c_true=[+0.0000,+0.0000] | Jxx_hat=0.01420 Jxx_true=0.01420 Jyz_hat=+0.00000 Jyz_true=+0.00000 | s_hat=[+0.0004,-0.0205] s_true=[+0.0000,+0.0000] kg·m
[INFO] [1789398315.162395874] [mhe_node]: [tau_phys] roll=-0.242 pitch=+0.735 Nm
[INFO] [1789398315.162983889] [mhe_node]: [mass-diag] m_est=2.3164 T=23.255N tilt=6.83deg cos=0.99291 | T/g=2.3705 T*cos/g=2.3537 | m_est-T*cos/g=-0.0373kg (-1.58%) vz=-0.184
[INFO] [1789398315.163567671] [mhe_node]: [c_xy_est] cx=+0.0030 cy=-0.0101 m
[INFO] [1789398315.651753044] [mhe_node]: [s-collapse] moment 基准未就绪(窗口 0/20, 越界剔除 0) — 暂不判决
[INFO] [1789398316.651775838] [mhe_node]: [s-collapse] moment 基准未就绪(窗口 0/20, 越界剔除 0) — 暂不判决
[INFO] [1789398317.179826851] [mhe_node]: MHE mass estimate: 2.316 kg (T_phys=23.25N) | solve=14.2ms (max27.3)
[INFO] [1789398317.180397890] [mhe_node]: [truth] m_hat=2.3157 m_true=2.0643 err=+12.18% | c_hat=[+0.0000,+0.0000] c_true=[+0.0000,+0.0000] | Jxx_hat=0.01420 Jxx_true=0.01420 Jyz_hat=+0.00000 Jyz_true=+0.00000 | s_hat=[-0.0045,-0.0163] s_true=[+0.0000,+0.0000] kg·m
[INFO] [1789398317.180920477] [mhe_node]: [tau_phys] roll=-0.108 pitch=+1.208 Nm
[INFO] [1789398317.181513881] [mhe_node]: [mass-diag] m_est=2.3157 T=23.245N tilt=9.34deg cos=0.98674 | T/g=2.3696 T*cos/g=2.3381 | m_est-T*cos/g=-0.0225kg (-0.96%) vz=-0.061
[INFO] [1789398317.182098837] [mhe_node]: [c_xy_est] cx=+0.0030 cy=-0.0101 m
[INFO] [1789398317.651720452] [mhe_node]: [s-collapse] moment 基准未就绪(窗口 0/20, 越界剔除 0) — 暂不判决
[INFO] [1789398318.651730122] [mhe_node]: [s-collapse] moment 基准未就绪(窗口 0/20, 越界剔除 0) — 暂不判决
[INFO] [1789398319.162587711] [mhe_node]: MHE mass estimate: 2.291 kg (T_phys=23.08N) | solve=15.8ms (max24.6)
[INFO] [1789398319.163166071] [mhe_node]: [truth] m_hat=2.2906 m_true=2.0643 err=+10.96% | c_hat=[+0.0000,+0.0000] c_true=[+0.0000,+0.0000] | Jxx_hat=0.01420 Jxx_true=0.01420 Jyz_hat=+0.00000 Jyz_true=+0.00000 | s_hat=[+0.0028,-0.0188] s_true=[+0.0000,+0.0000] kg·m
[INFO] [1789398319.163687244] [mhe_node]: [tau_phys] roll=-0.242 pitch=+0.969 Nm
[INFO] [1789398319.164278765] [mhe_node]: [mass-diag] m_est=2.2906 T=23.080N tilt=4.33deg cos=0.99715 | T/g=2.3527 T*cos/g=2.3460 | m_est-T*cos/g=-0.0553kg (-2.36%) vz=-0.007
[INFO] [1789398319.164860590] [mhe_node]: [c_xy_est] cx=+0.0030 cy=-0.0101 m
[INFO] [1789398319.651674715] [mhe_node]: [s-collapse] moment 基准未就绪(窗口 0/20, 越界剔除 0) — 暂不判决
[INFO] [1789398320.651761106] [mhe_node]: [s-collapse] moment 基准未就绪(窗口 0/20, 越界剔除 0) — 暂不判决
[INFO] [1789398321.170411165] [mhe_node]: MHE mass estimate: 2.314 kg (T_phys=22.92N) | solve=15.7ms (max22.2)
[INFO] [1789398321.170998737] [mhe_node]: [truth] m_hat=2.3143 m_true=2.0643 err=+12.11% | c_hat=[+0.0000,+0.0000] c_true=[+0.0000,+0.0000] | Jxx_hat=0.01420 Jxx_true=0.01420 Jyz_hat=+0.00000 Jyz_true=+0.00000 | s_hat=[-0.0043,-0.0171] s_true=[+0.0000,+0.0000] kg·m
[INFO] [1789398321.171538046] [mhe_node]: [tau_phys] roll=-0.394 pitch=+1.161 Nm
[INFO] [1789398321.172142260] [mhe_node]: [mass-diag] m_est=2.3143 T=22.921N tilt=9.09deg cos=0.98745 | T/g=2.3365 T*cos/g=2.3071 | m_est-T*cos/g=+0.0072kg (+0.31%) vz=+0.157
[INFO] [1789398321.172737691] [mhe_node]: [c_xy_est] cx=+0.0030 cy=-0.0101 m
[INFO] [1789398321.651793239] [mhe_node]: [s-collapse] moment 基准未就绪(窗口 0/20, 越界剔除 0) — 暂不判决
[INFO] [1789398322.651758910] [mhe_node]: [s-collapse] moment 基准未就绪(窗口 0/20, 越界剔除 0) — 暂不判决
[INFO] [1789398323.159497483] [mhe_node]: MHE mass estimate: 2.304 kg (T_phys=22.72N) | solve=13.7ms (max21.2)
[INFO] [1789398323.159910568] [mhe_node]: [truth] m_hat=2.3044 m_true=2.0643 err=+11.63% | c_hat=[+0.0000,+0.0000] c_true=[+0.0000,+0.0000] | Jxx_hat=0.01420 Jxx_true=0.01420 Jyz_hat=+0.00000 Jyz_true=+0.00000 | s_hat=[+0.0102,-0.0196] s_true=[+0.0000,+0.0000] kg·m
[INFO] [1789398323.160282607] [mhe_node]: [tau_phys] roll=-0.225 pitch=+0.449 Nm
[INFO] [1789398323.160699777] [mhe_node]: [mass-diag] m_est=2.3044 T=22.719N tilt=7.61deg cos=0.99120 | T/g=2.3159 T*cos/g=2.2956 | m_est-T*cos/g=+0.0088kg (+0.38%) vz=+0.231
[INFO] [1789398323.161112299] [mhe_node]: [c_xy_est] cx=+0.0030 cy=-0.0101 m
[INFO] [1789398323.651652031] [mhe_node]: [s-collapse] moment 基准未就绪(窗口 0/20, 越界剔除 0) — 暂不判决
[INFO] [1789398324.651693243] [mhe_node]: [s-collapse] moment 基准未就绪(窗口 0/20, 越界剔除 0) — 暂不判决
[INFO] [1789398325.175802243] [mhe_node]: MHE mass estimate: 2.291 kg (T_phys=22.13N) | solve=15.0ms (max23.3)
[INFO] [1789398325.176383861] [mhe_node]: [truth] m_hat=2.2914 m_true=2.0643 err=+11.00% | c_hat=[+0.0000,+0.0000] c_true=[+0.0000,+0.0000] | Jxx_hat=0.01420 Jxx_true=0.01420 Jyz_hat=+0.00000 Jyz_true=+0.00000 | s_hat=[+0.0002,-0.0228] s_true=[+0.0000,+0.0000] kg·m
[INFO] [1789398325.176900989] [mhe_node]: [tau_phys] roll=-0.289 pitch=-0.231 Nm
[INFO] [1789398325.177511717] [mhe_node]: [mass-diag] m_est=2.2914 T=22.134N tilt=2.43deg cos=0.99910 | T/g=2.2563 T*cos/g=2.2542 | m_est-T*cos/g=+0.0372kg (+1.65%) vz=+0.233
[INFO] [1789398325.178096101] [mhe_node]: [c_xy_est] cx=+0.0030 cy=-0.0101 m
[INFO] [1789398325.651715062] [mhe_node]: [s-collapse] moment 基准未就绪(窗口 0/20, 越界剔除 0) — 暂不判决
[INFO] [1789398326.651720717] [mhe_node]: [s-collapse] moment 基准未就绪(窗口 0/20, 越界剔除 0) — 暂不判决
[INFO] [1789398327.164353963] [mhe_node]: MHE mass estimate: 2.318 kg (T_phys=22.99N) | solve=15.3ms (max23.1)
[INFO] [1789398327.164765640] [mhe_node]: [truth] m_hat=2.3181 m_true=2.0643 err=+12.29% | c_hat=[+0.0000,+0.0000] c_true=[+0.0000,+0.0000] | Jxx_hat=0.01420 Jxx_true=0.01420 Jyz_hat=+0.00000 Jyz_true=+0.00000 | s_hat=[-0.0011,-0.0270] s_true=[+0.0000,+0.0000] kg·m
[INFO] [1789398327.165135523] [mhe_node]: [tau_phys] roll=-0.464 pitch=-0.473 Nm
[INFO] [1789398327.165550962] [mhe_node]: [mass-diag] m_est=2.3181 T=22.994N tilt=9.53deg cos=0.98619 | T/g=2.3439 T*cos/g=2.3116 | m_est-T*cos/g=+0.0065kg (+0.28%) vz=+0.183
[INFO] [1789398327.165956587] [mhe_node]: [c_xy_est] cx=+0.0030 cy=-0.0101 m
[INFO] [1789398327.651722346] [mhe_node]: [s-collapse] moment 基准未就绪(窗口 0/20, 越界剔除 0) — 暂不判决
[INFO] [1789398328.651737315] [mhe_node]: [s-collapse] moment 基准未就绪(窗口 0/20, 越界剔除 0) — 暂不判决
[INFO] [1789398329.165933280] [mhe_node]: MHE mass estimate: 2.307 kg (T_phys=22.86N) | solve=14.8ms (max20.1)
[INFO] [1789398329.166532709] [mhe_node]: [truth] m_hat=2.3073 m_true=2.0643 err=+11.77% | c_hat=[+0.0000,+0.0000] c_true=[+0.0000,+0.0000] | Jxx_hat=0.01420 Jxx_true=0.01420 Jyz_hat=+0.00000 Jyz_true=+0.00000 | s_hat=[+0.0033,-0.0268] s_true=[+0.0000,+0.0000] kg·m
[INFO] [1789398329.167058659] [mhe_node]: [tau_phys] roll=-0.323 pitch=-1.184 Nm
[INFO] [1789398329.167656747] [mhe_node]: [mass-diag] m_est=2.3073 T=22.855N tilt=7.31deg cos=0.99186 | T/g=2.3298 T*cos/g=2.3108 | m_est-T*cos/g=-0.0036kg (-0.15%) vz=+0.047
[INFO] [1789398329.168247321] [mhe_node]: [c_xy_est] cx=+0.0030 cy=-0.0101 m
[INFO] [1789398329.651652652] [mhe_node]: [s-collapse] moment 基准未就绪(窗口 0/20, 越界剔除 0) — 暂不判决
[INFO] [1789398330.651746102] [mhe_node]: [s-collapse] moment 基准未就绪(窗口 0/20, 越界剔除 0) — 暂不判决
[INFO] [1789398331.172627426] [mhe_node]: MHE mass estimate: 2.310 kg (T_phys=22.70N) | solve=15.0ms (max20.1)
[INFO] [1789398331.173222806] [mhe_node]: [truth] m_hat=2.3098 m_true=2.0643 err=+11.89% | c_hat=[+0.0000,+0.0000] c_true=[+0.0000,+0.0000] | Jxx_hat=0.01420 Jxx_true=0.01420 Jyz_hat=+0.00000 Jyz_true=+0.00000 | s_hat=[+0.0011,-0.0246] s_true=[+0.0000,+0.0000] kg·m
[INFO] [1789398331.173753436] [mhe_node]: [tau_phys] roll=-0.269 pitch=-0.326 Nm
[INFO] [1789398331.174354708] [mhe_node]: [mass-diag] m_est=2.3098 T=22.701N tilt=6.13deg cos=0.99427 | T/g=2.3141 T*cos/g=2.3008 | m_est-T*cos/g=+0.0090kg (+0.39%) vz=-0.074
[INFO] [1789398331.174939838] [mhe_node]: [c_xy_est] cx=+0.0030 cy=-0.0101 m
[INFO] [1789398331.651712119] [mhe_node]: [s-collapse] moment 基准未就绪(窗口 0/20, 越界剔除 0) — 暂不判决
[INFO] [1789398332.651682701] [mhe_node]: [s-collapse] moment 基准未就绪(窗口 0/20, 越界剔除 0) — 暂不判决
[INFO] [1789398333.171168058] [mhe_node]: MHE mass estimate: 2.309 kg (T_phys=22.79N) | solve=15.6ms (max21.6)
[INFO] [1789398333.171878292] [mhe_node]: [truth] m_hat=2.3091 m_true=2.0643 err=+11.86% | c_hat=[+0.0000,+0.0000] c_true=[+0.0000,+0.0000] | Jxx_hat=0.01420 Jxx_true=0.01420 Jyz_hat=+0.00000 Jyz_true=+0.00000 | s_hat=[+0.0056,-0.0272] s_true=[+0.0000,+0.0000] kg·m
[INFO] [1789398333.172404570] [mhe_node]: [tau_phys] roll=-0.329 pitch=+0.554 Nm
[INFO] [1789398333.172993704] [mhe_node]: [mass-diag] m_est=2.3091 T=22.789N tilt=10.77deg cos=0.98237 | T/g=2.3231 T*cos/g=2.2821 | m_est-T*cos/g=+0.0270kg (+1.18%) vz=-0.174
[INFO] [1789398333.173588141] [mhe_node]: [c_xy_est] cx=+0.0030 cy=-0.0101 m
[INFO] [1789398333.651775826] [mhe_node]: [s-collapse] moment 基准未就绪(窗口 0/20, 越界剔除 0) — 暂不判决
[INFO] [1789398334.651648220] [mhe_node]: [s-collapse] moment 基准未就绪(窗口 0/20, 越界剔除 0) — 暂不判决
[INFO] [1789398335.167159430] [mhe_node]: MHE mass estimate: 2.301 kg (T_phys=22.71N) | solve=15.3ms (max25.5)
[INFO] [1789398335.167731168] [mhe_node]: [truth] m_hat=2.3011 m_true=2.0643 err=+11.47% | c_hat=[+0.0000,+0.0000] c_true=[+0.0000,+0.0000] | Jxx_hat=0.01420 Jxx_true=0.01420 Jyz_hat=+0.00000 Jyz_true=+0.00000 | s_hat=[+0.0057,-0.0237] s_true=[+0.0000,+0.0000] kg·m
[INFO] [1789398335.168256449] [mhe_node]: [tau_phys] roll=-0.266 pitch=+1.181 Nm
[INFO] [1789398335.168847551] [mhe_node]: [mass-diag] m_est=2.3011 T=22.715N tilt=4.10deg cos=0.99744 | T/g=2.3155 T*cos/g=2.3096 | m_est-T*cos/g=-0.0085kg (-0.37%) vz=-0.217
[INFO] [1789398335.169438869] [mhe_node]: [c_xy_est] cx=+0.0030 cy=-0.0101 m
[INFO] [1789398335.651822810] [mhe_node]: [s-collapse] moment 基准未就绪(窗口 0/20, 越界剔除 0) — 暂不判决
[INFO] [1789398336.651790506] [mhe_node]: [s-collapse] moment 基准未就绪(窗口 0/20, 越界剔除 0) — 暂不判决
[INFO] [1789398337.167227748] [mhe_node]: MHE mass estimate: 2.312 kg (T_phys=23.16N) | solve=14.0ms (max21.4)
[INFO] [1789398337.167795991] [mhe_node]: [truth] m_hat=2.3116 m_true=2.0643 err=+11.98% | c_hat=[+0.0000,+0.0000] c_true=[+0.0000,+0.0000] | Jxx_hat=0.01420 Jxx_true=0.01420 Jyz_hat=+0.00000 Jyz_true=+0.00000 | s_hat=[-0.0032,-0.0205] s_true=[+0.0000,+0.0000] kg·m
[INFO] [1789398337.168320633] [mhe_node]: [tau_phys] roll=-0.349 pitch=+1.118 Nm
[INFO] [1789398337.168906981] [mhe_node]: [mass-diag] m_est=2.3116 T=23.165N tilt=6.48deg cos=0.99361 | T/g=2.3613 T*cos/g=2.3462 | m_est-T*cos/g=-0.0346kg (-1.48%) vz=-0.210
[INFO] [1789398337.169491333] [mhe_node]: [c_xy_est] cx=+0.0030 cy=-0.0101 m
[INFO] [1789398337.651717626] [mhe_node]: [s-collapse] moment 基准未就绪(窗口 0/20, 越界剔除 0) — 暂不判决
[INFO] [1789398338.651532886] [mhe_node]: [s-collapse] moment 基准未就绪(窗口 0/20, 越界剔除 0) — 暂不判决
[INFO] [1789398339.172419357] [mhe_node]: MHE mass estimate: 2.323 kg (T_phys=22.70N) | solve=14.2ms (max29.1)
[INFO] [1789398339.172984800] [mhe_node]: [truth] m_hat=2.3227 m_true=2.0643 err=+12.52% | c_hat=[+0.0000,+0.0000] c_true=[+0.0000,+0.0000] | Jxx_hat=0.01420 Jxx_true=0.01420 Jyz_hat=+0.00000 Jyz_true=+0.00000 | s_hat=[-0.0031,-0.0168] s_true=[+0.0000,+0.0000] kg·m
[INFO] [1789398339.173510070] [mhe_node]: [tau_phys] roll=-0.134 pitch=+0.440 Nm
[INFO] [1789398339.174101187] [mhe_node]: [mass-diag] m_est=2.3227 T=22.702N tilt=9.32deg cos=0.98679 | T/g=2.3142 T*cos/g=2.2836 | m_est-T*cos/g=+0.0391kg (+1.71%) vz=-0.077
[INFO] [1789398339.174685550] [mhe_node]: [c_xy_est] cx=+0.0030 cy=-0.0101 m
[INFO] [1789398339.651715513] [mhe_node]: [s-collapse] moment 基准未就绪(窗口 0/20, 越界剔除 0) — 暂不判决
[INFO] [1789398340.651728208] [mhe_node]: [s-collapse] moment 基准未就绪(窗口 0/20, 越界剔除 0) — 暂不判决
[INFO] [1789398341.165851297] [mhe_node]: MHE mass estimate: 2.300 kg (T_phys=20.78N) | solve=15.2ms (max23.1)
[INFO] [1789398341.166425463] [mhe_node]: [truth] m_hat=2.3005 m_true=2.0643 err=+11.44% | c_hat=[+0.0000,+0.0000] c_true=[+0.0000,+0.0000] | Jxx_hat=0.01420 Jxx_true=0.01420 Jyz_hat=+0.00000 Jyz_true=+0.00000 | s_hat=[+0.0043,-0.0184] s_true=[+0.0000,+0.0000] kg·m
[INFO] [1789398341.166939804] [mhe_node]: [tau_phys] roll=-0.531 pitch=+0.098 Nm
[INFO] [1789398341.167524876] [mhe_node]: [mass-diag] m_est=2.3005 T=20.775N tilt=7.46deg cos=0.99155 | T/g=2.1177 T*cos/g=2.0998 | m_est-T*cos/g=+0.2006kg (+9.55%) vz=+0.142
[INFO] [1789398341.168100064] [mhe_node]: [c_xy_est] cx=+0.0030 cy=-0.0101 m
[INFO] [1789398341.451597689] [mhe_node]: [release-resid] STRONG 票: ΔT=-2.02N x4帧 (floor 0.9N)
[INFO] [1789398341.651754030] [mhe_node]: [s-collapse] moment 基准未就绪(窗口 0/20, 越界剔除 0) — 暂不判决
[INFO] [1789398342.651628105] [mhe_node]: [s-collapse] moment 基准未就绪(窗口 0/20, 越界剔除 0) — 暂不判决
[INFO] [1789398343.184313305] [mhe_node]: MHE mass estimate: 1.961 kg (T_phys=20.01N) | solve=26.4ms (max65.8)
[INFO] [1789398343.184862903] [mhe_node]: [truth] m_hat=1.9611 m_true=2.0643 err=-5.00% | c_hat=[+0.0000,+0.0000] c_true=[+0.0000,+0.0000] | Jxx_hat=0.01420 Jxx_true=0.01420 Jyz_hat=+0.00000 Jyz_true=+0.00000 | s_hat=[+0.0074,+0.0119] s_true=[+0.0000,+0.0000] kg·m
[INFO] [1789398343.185394068] [mhe_node]: [tau_phys] roll=-0.073 pitch=-0.164 Nm
[INFO] [1789398343.185986274] [mhe_node]: [mass-diag] m_est=1.9611 T=20.007N tilt=6.94deg cos=0.99267 | T/g=2.0394 T*cos/g=2.0245 | m_est-T*cos/g=-0.0634kg (-3.13%) vz=+0.125
[INFO] [1789398343.186578299] [mhe_node]: [c_xy_est] cx=+0.0030 cy=-0.0101 m
[INFO] [1789398343.651704617] [mhe_node]: [s-collapse] moment 基准未就绪(窗口 0/20, 越界剔除 0) — 暂不判决
[INFO] [1789398344.651694118] [mhe_node]: [s-collapse] moment 基准未就绪(窗口 0/20, 越界剔除 0) — 暂不判决
[INFO] [1789398345.165784383] [mhe_node]: MHE mass estimate: 2.030 kg (T_phys=20.29N) | solve=27.9ms (max47.2)
[INFO] [1789398345.166337212] [mhe_node]: [truth] m_hat=2.0302 m_true=2.0643 err=-1.65% | c_hat=[+0.0000,+0.0000] c_true=[+0.0000,+0.0000] | Jxx_hat=0.01420 Jxx_true=0.01420 Jyz_hat=+0.00000 Jyz_true=+0.00000 | s_hat=[+0.0077,+0.0025] s_true=[+0.0000,+0.0000] kg·m
[INFO] [1789398345.166859686] [mhe_node]: [tau_phys] roll=+0.020 pitch=-0.050 Nm
[INFO] [1789398345.167455995] [mhe_node]: [mass-diag] m_est=2.0302 T=20.285N tilt=9.04deg cos=0.98757 | T/g=2.0678 T*cos/g=2.0421 | m_est-T*cos/g=-0.0119kg (-0.58%) vz=+0.217
[INFO] [1789398345.168039540] [mhe_node]: [c_xy_est] cx=+0.0030 cy=-0.0101 m
[INFO] [1789398345.651759374] [mhe_node]: [s-collapse] moment 基准未就绪(窗口 0/20, 越界剔除 0) — 暂不判决
[INFO] [1789398346.651708573] [mhe_node]: [s-collapse] moment 基准未就绪(窗口 0/20, 越界剔除 0) — 暂不判决
[INFO] [1789398347.159311217] [mhe_node]: MHE mass estimate: 2.033 kg (T_phys=20.13N) | solve=9.3ms (max18.0)
[INFO] [1789398347.159859814] [mhe_node]: [truth] m_hat=2.0330 m_true=2.0643 err=-1.52% | c_hat=[+0.0000,+0.0000] c_true=[+0.0000,+0.0000] | Jxx_hat=0.01420 Jxx_true=0.01420 Jyz_hat=+0.00000 Jyz_true=+0.00000 | s_hat=[+0.0052,+0.0007] s_true=[+0.0000,+0.0000] kg·m
[INFO] [1789398347.160389875] [mhe_node]: [tau_phys] roll=-0.002 pitch=-0.070 Nm
[INFO] [1789398347.160980427] [mhe_node]: [mass-diag] m_est=2.0330 T=20.126N tilt=1.46deg cos=0.99967 | T/g=2.0515 T*cos/g=2.0509 | m_est-T*cos/g=-0.0179kg (-0.87%) vz=+0.228
[INFO] [1789398347.161575047] [mhe_node]: [c_xy_est] cx=+0.0030 cy=-0.0101 m
[INFO] [1789398347.651701602] [mhe_node]: [s-collapse] moment 基准未就绪(窗口 0/20, 越界剔除 0) — 暂不判决
[INFO] [1789398348.651737920] [mhe_node]: [s-collapse] moment 基准未就绪(窗口 0/20, 越界剔除 0) — 暂不判决
[INFO] [1789398349.159341861] [mhe_node]: MHE mass estimate: 2.052 kg (T_phys=20.37N) | solve=9.6ms (max19.8)
[INFO] [1789398349.159899029] [mhe_node]: [truth] m_hat=2.0518 m_true=2.0643 err=-0.60% | c_hat=[+0.0000,+0.0000] c_true=[+0.0000,+0.0000] | Jxx_hat=0.01420 Jxx_true=0.01420 Jyz_hat=+0.00000 Jyz_true=+0.00000 | s_hat=[+0.0012,-0.0009] s_true=[+0.0000,+0.0000] kg·m
[INFO] [1789398349.160425160] [mhe_node]: [tau_phys] roll=-0.033 pitch=-0.019 Nm
[INFO] [1789398349.161010442] [mhe_node]: [mass-diag] m_est=2.0518 T=20.366N tilt=8.94deg cos=0.98786 | T/g=2.0760 T*cos/g=2.0508 | m_est-T*cos/g=+0.0010kg (+0.05%) vz=+0.192
[INFO] [1789398349.161596039] [mhe_node]: [c_xy_est] cx=+0.0030 cy=-0.0101 m
[INFO] [1789398349.651671228] [mhe_node]: [s-collapse] moment 基准未就绪(窗口 0/20, 越界剔除 0) — 暂不判决
[INFO] [1789398350.651623888] [mhe_node]: [s-collapse] moment 基准未就绪(窗口 0/20, 越界剔除 0) — 暂不判决
[INFO] [1789398351.161726617] [mhe_node]: MHE mass estimate: 2.048 kg (T_phys=20.09N) | solve=9.3ms (max22.6)
[INFO] [1789398351.162417788] [mhe_node]: [truth] m_hat=2.0477 m_true=2.0643 err=-0.80% | c_hat=[+0.0000,+0.0000] c_true=[+0.0000,+0.0000] | Jxx_hat=0.01420 Jxx_true=0.01420 Jyz_hat=+0.00000 Jyz_true=+0.00000 | s_hat=[+0.0030,-0.0016] s_true=[+0.0000,+0.0000] kg·m
[INFO] [1789398351.162938865] [mhe_node]: [tau_phys] roll=-0.005 pitch=-0.014 Nm
[INFO] [1789398351.163531865] [mhe_node]: [mass-diag] m_est=2.0477 T=20.090N tilt=8.09deg cos=0.99004 | T/g=2.0479 T*cos/g=2.0275 | m_est-T*cos/g=+0.0202kg (+1.00%) vz=+0.075
[INFO] [1789398351.164110876] [mhe_node]: [c_xy_est] cx=+0.0030 cy=-0.0101 m
[INFO] [1789398351.651614403] [mhe_node]: [s-collapse] moment 基准未就绪(窗口 0/20, 越界剔除 0) — 暂不判决
[INFO] [1789398352.651688854] [mhe_node]: [s-collapse] moment 基准未就绪(窗口 0/20, 越界剔除 0) — 暂不判决
[INFO] [1789398353.161435059] [mhe_node]: MHE mass estimate: 2.046 kg (T_phys=20.21N) | solve=8.0ms (max13.6)
[INFO] [1789398353.161979998] [mhe_node]: [truth] m_hat=2.0461 m_true=2.0643 err=-0.88% | c_hat=[+0.0000,+0.0000] c_true=[+0.0000,+0.0000] | Jxx_hat=0.01420 Jxx_true=0.01420 Jyz_hat=+0.00000 Jyz_true=+0.00000 | s_hat=[+0.0037,-0.0006] s_true=[+0.0000,+0.0000] kg·m
[INFO] [1789398353.162503715] [mhe_node]: [tau_phys] roll=-0.008 pitch=-0.002 Nm
[INFO] [1789398353.163094535] [mhe_node]: [mass-diag] m_est=2.0461 T=20.213N tilt=5.77deg cos=0.99493 | T/g=2.0604 T*cos/g=2.0500 | m_est-T*cos/g=-0.0038kg (-0.19%) vz=-0.077
[INFO] [1789398353.163675622] [mhe_node]: [c_xy_est] cx=+0.0030 cy=-0.0101 m
[INFO] [1789398353.651620735] [mhe_node]: [s-collapse] moment 基准未就绪(窗口 0/20, 越界剔除 0) — 暂不判决
[INFO] [1789398354.651626376] [mhe_node]: [s-collapse] moment 基准未就绪(窗口 0/20, 越界剔除 0) — 暂不判决
[INFO] [1789398355.162784285] [mhe_node]: MHE mass estimate: 2.055 kg (T_phys=20.33N) | solve=8.1ms (max13.6)
[INFO] [1789398355.163350923] [mhe_node]: [truth] m_hat=2.0548 m_true=2.0643 err=-0.46% | c_hat=[+0.0000,+0.0000] c_true=[+0.0000,+0.0000] | Jxx_hat=0.01420 Jxx_true=0.01420 Jyz_hat=+0.00000 Jyz_true=+0.00000 | s_hat=[+0.0023,-0.0019] s_true=[+0.0000,+0.0000] kg·m
[INFO] [1789398355.163874624] [mhe_node]: [tau_phys] roll=-0.014 pitch=-0.098 Nm
[INFO] [1789398355.164480420] [mhe_node]: [mass-diag] m_est=2.0548 T=20.331N tilt=10.58deg cos=0.98301 | T/g=2.0725 T*cos/g=2.0373 | m_est-T*cos/g=+0.0175kg (+0.86%) vz=-0.156
[INFO] [1789398355.165067459] [mhe_node]: [c_xy_est] cx=+0.0030 cy=-0.0101 m
[INFO] [1789398355.651632169] [mhe_node]: [s-collapse] moment 基准未就绪(窗口 0/20, 越界剔除 0) — 暂不判决
[INFO] [1789398356.651776761] [mhe_node]: [s-collapse] moment 基准未就绪(窗口 0/20, 越界剔除 0) — 暂不判决
[INFO] [1789398357.163673940] [mhe_node]: MHE mass estimate: 2.036 kg (T_phys=19.98N) | solve=11.5ms (max16.5)
[INFO] [1789398357.164219852] [mhe_node]: [truth] m_hat=2.0361 m_true=2.0643 err=-1.37% | c_hat=[+0.0000,+0.0000] c_true=[+0.0000,+0.0000] | Jxx_hat=0.01420 Jxx_true=0.01420 Jyz_hat=+0.00000 Jyz_true=+0.00000 | s_hat=[+0.0077,-0.0002] s_true=[+0.0000,+0.0000] kg·m
[INFO] [1789398357.164736129] [mhe_node]: [tau_phys] roll=+0.009 pitch=-0.096 Nm
[INFO] [1789398357.165327298] [mhe_node]: [mass-diag] m_est=2.0361 T=19.981N tilt=5.50deg cos=0.99540 | T/g=2.0368 T*cos/g=2.0274 | m_est-T*cos/g=+0.0086kg (+0.43%) vz=-0.229
[INFO] [1789398357.165904505] [mhe_node]: [c_xy_est] cx=+0.0030 cy=-0.0101 m
[INFO] [1789398357.651624038] [mhe_node]: [s-collapse] moment 基准未就绪(窗口 0/20, 越界剔除 0) — 暂不判决
[INFO] [1789398358.651843393] [mhe_node]: [s-collapse] moment 基准未就绪(窗口 0/20, 越界剔除 0) — 暂不判决
[INFO] [1789398359.156927194] [mhe_node]: MHE mass estimate: 2.045 kg (T_phys=20.40N) | solve=9.1ms (max19.6)
[INFO] [1789398359.157321299] [mhe_node]: [truth] m_hat=2.0452 m_true=2.0643 err=-0.93% | c_hat=[+0.0000,+0.0000] c_true=[+0.0000,+0.0000] | Jxx_hat=0.01420 Jxx_true=0.01420 Jyz_hat=+0.00000 Jyz_true=+0.00000 | s_hat=[+0.0042,+0.0017] s_true=[+0.0000,+0.0000] kg·m
[INFO] [1789398359.157686895] [mhe_node]: [tau_phys] roll=+0.029 pitch=-0.035 Nm
[INFO] [1789398359.158103642] [mhe_node]: [mass-diag] m_est=2.0452 T=20.399N tilt=5.01deg cos=0.99617 | T/g=2.0794 T*cos/g=2.0715 | m_est-T*cos/g=-0.0263kg (-1.27%) vz=-0.234
[INFO] [1789398359.158511454] [mhe_node]: [c_xy_est] cx=+0.0030 cy=-0.0101 m
[INFO] [1789398359.651707359] [mhe_node]: [s-collapse] moment 基准未就绪(窗口 0/20, 越界剔除 0) — 暂不判决
[INFO] [1789398360.651675765] [mhe_node]: [s-collapse] moment 基准未就绪(窗口 0/20, 越界剔除 0) — 暂不判决
[INFO] [1789398361.159429107] [mhe_node]: MHE mass estimate: 2.055 kg (T_phys=20.57N) | solve=7.7ms (max16.8)
[INFO] [1789398361.159994618] [mhe_node]: [truth] m_hat=2.0545 m_true=2.0643 err=-0.47% | c_hat=[+0.0000,+0.0000] c_true=[+0.0000,+0.0000] | Jxx_hat=0.01420 Jxx_true=0.01420 Jyz_hat=+0.00000 Jyz_true=+0.00000 | s_hat=[+0.0018,+0.0031] s_true=[+0.0000,+0.0000] kg·m
[INFO] [1789398361.160530684] [mhe_node]: [tau_phys] roll=+0.027 pitch=-0.053 Nm
[INFO] [1789398361.161139475] [mhe_node]: [mass-diag] m_est=2.0545 T=20.575N tilt=9.79deg cos=0.98543 | T/g=2.0973 T*cos/g=2.0668 | m_est-T*cos/g=-0.0123kg (-0.59%) vz=-0.108
[INFO] [1789398361.161737047] [mhe_node]: [c_xy_est] cx=+0.0030 cy=-0.0101 m
[INFO] [1789398361.651711267] [mhe_node]: [s-collapse] moment 基准未就绪(窗口 0/20, 越界剔除 0) — 暂不判决
[INFO] [1789398362.651746428] [mhe_node]: [s-collapse] moment 基准未就绪(窗口 0/20, 越界剔除 0) — 暂不判决
[INFO] [1789398363.158199258] [mhe_node]: MHE mass estimate: 2.045 kg (T_phys=20.23N) | solve=9.6ms (max18.9)
[INFO] [1789398363.158750884] [mhe_node]: [truth] m_hat=2.0450 m_true=2.0643 err=-0.93% | c_hat=[+0.0000,+0.0000] c_true=[+0.0000,+0.0000] | Jxx_hat=0.01420 Jxx_true=0.01420 Jyz_hat=+0.00000 Jyz_true=+0.00000 | s_hat=[+0.0040,+0.0017] s_true=[+0.0000,+0.0000] kg·m
[INFO] [1789398363.159276304] [mhe_node]: [tau_phys] roll=+0.022 pitch=-0.054 Nm
[INFO] [1789398363.159871819] [mhe_node]: [mass-diag] m_est=2.0450 T=20.232N tilt=5.17deg cos=0.99593 | T/g=2.0624 T*cos/g=2.0540 | m_est-T*cos/g=-0.0090kg (-0.44%) vz=-0.015
[INFO] [1789398363.160460742] [mhe_node]: [c_xy_est] cx=+0.0030 cy=-0.0101 m
[INFO] [1789398363.651707243] [mhe_node]: [s-collapse] moment 基准未就绪(窗口 0/20, 越界剔除 0) — 暂不判决
[INFO] [1789398364.651758451] [mhe_node]: [s-collapse] moment 基准未就绪(窗口 0/20, 越界剔除 0) — 暂不判决
[INFO] [1789398365.158235333] [mhe_node]: MHE mass estimate: 2.053 kg (T_phys=20.57N) | solve=7.6ms (max17.1)
[INFO] [1789398365.158780446] [mhe_node]: [truth] m_hat=2.0533 m_true=2.0643 err=-0.53% | c_hat=[+0.0000,+0.0000] c_true=[+0.0000,+0.0000] | Jxx_hat=0.01420 Jxx_true=0.01420 Jyz_hat=+0.00000 Jyz_true=+0.00000 | s_hat=[+0.0015,+0.0026] s_true=[+0.0000,+0.0000] kg·m
[INFO] [1789398365.159303228] [mhe_node]: [tau_phys] roll=+0.044 pitch=-0.032 Nm
[INFO] [1789398365.159897821] [mhe_node]: [mass-diag] m_est=2.0533 T=20.567N tilt=8.22deg cos=0.98972 | T/g=2.0966 T*cos/g=2.0750 | m_est-T*cos/g=-0.0218kg (-1.05%) vz=+0.134
[INFO] [1789398365.160482105] [mhe_node]: [c_xy_est] cx=+0.0030 cy=-0.0101 m
[INFO] [1789398365.651689124] [mhe_node]: [s-collapse] moment 基准未就绪(窗口 0/20, 越界剔除 0) — 暂不判决
[INFO] [1789398366.651720818] [mhe_node]: [s-collapse] moment 基准未就绪(窗口 0/20, 越界剔除 0) — 暂不判决
[INFO] [1789398367.159148896] [mhe_node]: MHE mass estimate: 2.039 kg (T_phys=20.24N) | solve=8.8ms (max18.4)
[INFO] [1789398367.159541441] [mhe_node]: [truth] m_hat=2.0386 m_true=2.0643 err=-1.25% | c_hat=[+0.0000,+0.0000] c_true=[+0.0000,+0.0000] | Jxx_hat=0.01420 Jxx_true=0.01420 Jyz_hat=+0.00000 Jyz_true=+0.00000 | s_hat=[+0.0050,+0.0024] s_true=[+0.0000,+0.0000] kg·m
[INFO] [1789398367.159912276] [mhe_node]: [tau_phys] roll=+0.015 pitch=-0.133 Nm
[INFO] [1789398367.160340265] [mhe_node]: [mass-diag] m_est=2.0386 T=20.244N tilt=9.43deg cos=0.98648 | T/g=2.0636 T*cos/g=2.0357 | m_est-T*cos/g=+0.0029kg (+0.14%) vz=+0.224
[INFO] [1789398367.160748762] [mhe_node]: [c_xy_est] cx=+0.0030 cy=-0.0101 m
[INFO] [1789398367.651712140] [mhe_node]: [s-collapse] moment 基准未就绪(窗口 0/20, 越界剔除 0) — 暂不判决
[INFO] [1789398368.651689602] [mhe_node]: [s-collapse] moment 基准未就绪(窗口 0/20, 越界剔除 0) — 暂不判决
[INFO] [1789398369.166136090] [mhe_node]: MHE mass estimate: 2.035 kg (T_phys=19.93N) | solve=9.1ms (max13.7)
[INFO] [1789398369.166824711] [mhe_node]: [truth] m_hat=2.0345 m_true=2.0643 err=-1.44% | c_hat=[+0.0000,+0.0000] c_true=[+0.0000,+0.0000] | Jxx_hat=0.01420 Jxx_true=0.01420 Jyz_hat=+0.00000 Jyz_true=+0.00000 | s_hat=[+0.0065,+0.0008] s_true=[+0.0000,+0.0000] kg·m
[INFO] [1789398369.167348150] [mhe_node]: [tau_phys] roll=-0.001 pitch=-0.078 Nm
[INFO] [1789398369.167937038] [mhe_node]: [mass-diag] m_est=2.0345 T=19.928N tilt=1.90deg cos=0.99945 | T/g=2.0314 T*cos/g=2.0302 | m_est-T*cos/g=+0.0043kg (+0.21%) vz=+0.224
[INFO] [1789398369.168520915] [mhe_node]: [c_xy_est] cx=+0.0030 cy=-0.0101 m
[INFO] [1789398369.651783347] [mhe_node]: [s-collapse] moment 基准未就绪(窗口 0/20, 越界剔除 0) — 暂不判决
[INFO] [1789398370.651767119] [mhe_node]: [s-collapse] moment 基准未就绪(窗口 0/20, 越界剔除 0) — 暂不判决
[INFO] [1789398371.161529829] [mhe_node]: MHE mass estimate: 2.050 kg (T_phys=20.40N) | solve=8.3ms (max14.6)
[INFO] [1789398371.162074210] [mhe_node]: [truth] m_hat=2.0499 m_true=2.0643 err=-0.70% | c_hat=[+0.0000,+0.0000] c_true=[+0.0000,+0.0000] | Jxx_hat=0.01420 Jxx_true=0.01420 Jyz_hat=+0.00000 Jyz_true=+0.00000 | s_hat=[+0.0013,-0.0007] s_true=[+0.0000,+0.0000] kg·m
[INFO] [1789398371.162594344] [mhe_node]: [tau_phys] roll=-0.021 pitch=-0.010 Nm
[INFO] [1789398371.163186141] [mhe_node]: [mass-diag] m_est=2.0499 T=20.399N tilt=8.33deg cos=0.98946 | T/g=2.0795 T*cos/g=2.0575 | m_est-T*cos/g=-0.0076kg (-0.37%) vz=+0.199
[INFO] [1789398371.163758431] [mhe_node]: [c_xy_est] cx=+0.0030 cy=-0.0101 m
[INFO] [1789398371.651721257] [mhe_node]: [s-collapse] moment 基准未就绪(窗口 0/20, 越界剔除 0) — 暂不判决
[INFO] [1789398372.651737036] [mhe_node]: [s-collapse] moment 基准未就绪(窗口 0/20, 越界剔除 0) — 暂不判决
[INFO] [1789398373.159218542] [mhe_node]: MHE mass estimate: 2.048 kg (T_phys=20.05N) | solve=8.6ms (max17.0)
[INFO] [1789398373.159755720] [mhe_node]: [truth] m_hat=2.0480 m_true=2.0643 err=-0.79% | c_hat=[+0.0000,+0.0000] c_true=[+0.0000,+0.0000] | Jxx_hat=0.01420 Jxx_true=0.01420 Jyz_hat=+0.00000 Jyz_true=+0.00000 | s_hat=[+0.0026,-0.0018] s_true=[+0.0000,+0.0000] kg·m
[INFO] [1789398373.160278836] [mhe_node]: [tau_phys] roll=-0.013 pitch=-0.081 Nm
[INFO] [1789398373.160863502] [mhe_node]: [mass-diag] m_est=2.0480 T=20.050N tilt=8.65deg cos=0.98862 | T/g=2.0439 T*cos/g=2.0206 | m_est-T*cos/g=+0.0274kg (+1.36%) vz=+0.093
[INFO] [1789398373.161448645] [mhe_node]: [c_xy_est] cx=+0.0030 cy=-0.0101 m
[INFO] [1789398373.651719398] [mhe_node]: [s-collapse] moment 基准未就绪(窗口 0/20, 越界剔除 0) — 暂不判决
[INFO] [1789398374.651678866] [mhe_node]: [s-collapse] moment 基准未就绪(窗口 0/20, 越界剔除 0) — 暂不判决
[INFO] [1789398375.160819479] [mhe_node]: MHE mass estimate: 2.047 kg (T_phys=20.14N) | solve=7.3ms (max11.2)
[INFO] [1789398375.161394752] [mhe_node]: [truth] m_hat=2.0470 m_true=2.0643 err=-0.84% | c_hat=[+0.0000,+0.0000] c_true=[+0.0000,+0.0000] | Jxx_hat=0.01420 Jxx_true=0.01420 Jyz_hat=+0.00000 Jyz_true=+0.00000 | s_hat=[+0.0038,-0.0006] s_true=[+0.0000,+0.0000] kg·m
[INFO] [1789398375.161917214] [mhe_node]: [tau_phys] roll=-0.011 pitch=-0.039 Nm
[INFO] [1789398375.162516604] [mhe_node]: [mass-diag] m_est=2.0470 T=20.144N tilt=5.22deg cos=0.99586 | T/g=2.0535 T*cos/g=2.0450 | m_est-T*cos/g=+0.0021kg (+0.10%) vz=-0.073
[INFO] [1789398375.163102203] [mhe_node]: [c_xy_est] cx=+0.0030 cy=-0.0101 m
[INFO] [1789398375.651717911] [mhe_node]: [s-collapse] moment 基准未就绪(窗口 0/20, 越界剔除 0) — 暂不判决
[INFO] [1789398376.651702485] [mhe_node]: [s-collapse] moment 基准未就绪(窗口 0/20, 越界剔除 0) — 暂不判决
[INFO] [1789398377.161194743] [mhe_node]: MHE mass estimate: 2.053 kg (T_phys=20.41N) | solve=7.7ms (max13.6)
[INFO] [1789398377.161749010] [mhe_node]: [truth] m_hat=2.0534 m_true=2.0643 err=-0.53% | c_hat=[+0.0000,+0.0000] c_true=[+0.0000,+0.0000] | Jxx_hat=0.01420 Jxx_true=0.01420 Jyz_hat=+0.00000 Jyz_true=+0.00000 | s_hat=[+0.0025,-0.0021] s_true=[+0.0000,+0.0000] kg·m
[INFO] [1789398377.162270907] [mhe_node]: [tau_phys] roll=-0.020 pitch=-0.074 Nm
[INFO] [1789398377.162861217] [mhe_node]: [mass-diag] m_est=2.0534 T=20.408N tilt=10.02deg cos=0.98474 | T/g=2.0803 T*cos/g=2.0486 | m_est-T*cos/g=+0.0049kg (+0.24%) vz=-0.147
[INFO] [1789398377.163445956] [mhe_node]: [c_xy_est] cx=+0.0030 cy=-0.0101 m
[INFO] [1789398377.651714564] [mhe_node]: [s-collapse] moment 基准未就绪(窗口 0/20, 越界剔除 0) — 暂不判决
[INFO] [1789398378.651681905] [mhe_node]: [s-collapse] moment 基准未就绪(窗口 0/20, 越界剔除 0) — 暂不判决
[INFO] [1789398379.157794305] [mhe_node]: MHE mass estimate: 2.041 kg (T_phys=20.02N) | solve=11.4ms (max19.1)
[INFO] [1789398379.158195033] [mhe_node]: [truth] m_hat=2.0409 m_true=2.0643 err=-1.13% | c_hat=[+0.0000,+0.0000] c_true=[+0.0000,+0.0000] | Jxx_hat=0.01420 Jxx_true=0.01420 Jyz_hat=+0.00000 Jyz_true=+0.00000 | s_hat=[+0.0066,-0.0004] s_true=[+0.0000,+0.0000] kg·m
[INFO] [1789398379.158563037] [mhe_node]: [tau_phys] roll=+0.002 pitch=-0.107 Nm
[INFO] [1789398379.158981433] [mhe_node]: [mass-diag] m_est=2.0409 T=20.018N tilt=6.87deg cos=0.99283 | T/g=2.0406 T*cos/g=2.0259 | m_est-T*cos/g=+0.0149kg (+0.74%) vz=-0.229
[INFO] [1789398379.159391273] [mhe_node]: [c_xy_est] cx=+0.0030 cy=-0.0101 m
[INFO] [1789398379.651725268] [mhe_node]: [s-collapse] moment 基准未就绪(窗口 0/20, 越界剔除 0) — 暂不判决
[INFO] [1789398380.651739405] [mhe_node]: [s-collapse] moment 基准未就绪(窗口 0/20, 越界剔除 0) — 暂不判决
[INFO] [1789398381.159267136] [mhe_node]: MHE mass estimate: 2.046 kg (T_phys=20.31N) | solve=7.9ms (max13.9)
[INFO] [1789398381.159813110] [mhe_node]: [truth] m_hat=2.0456 m_true=2.0643 err=-0.90% | c_hat=[+0.0000,+0.0000] c_true=[+0.0000,+0.0000] | Jxx_hat=0.01420 Jxx_true=0.01420 Jyz_hat=+0.00000 Jyz_true=+0.00000 | s_hat=[+0.0037,+0.0015] s_true=[+0.0000,+0.0000] kg·m
[INFO] [1789398381.160338053] [mhe_node]: [tau_phys] roll=+0.026 pitch=-0.050 Nm
[INFO] [1789398381.160923968] [mhe_node]: [mass-diag] m_est=2.0456 T=20.305N tilt=4.36deg cos=0.99710 | T/g=2.0698 T*cos/g=2.0638 | m_est-T*cos/g=-0.0182kg (-0.88%) vz=-0.230
[INFO] [1789398381.161517917] [mhe_node]: [c_xy_est] cx=+0.0030 cy=-0.0101 m
[INFO] [1789398381.651713452] [mhe_node]: [s-collapse] moment 基准未就绪(窗口 0/20, 越界剔除 0) — 暂不判决
[INFO] [1789398382.651736656] [mhe_node]: [s-collapse] moment 基准未就绪(窗口 0/20, 越界剔除 0) — 暂不判决
[INFO] [1789398383.162482363] [mhe_node]: MHE mass estimate: 2.056 kg (T_phys=20.54N) | solve=8.3ms (max17.1)
[INFO] [1789398383.163026472] [mhe_node]: [truth] m_hat=2.0560 m_true=2.0643 err=-0.40% | c_hat=[+0.0000,+0.0000] c_true=[+0.0000,+0.0000] | Jxx_hat=0.01420 Jxx_true=0.01420 Jyz_hat=+0.00000 Jyz_true=+0.00000 | s_hat=[+0.0017,+0.0031] s_true=[+0.0000,+0.0000] kg·m
[INFO] [1789398383.163549620] [mhe_node]: [tau_phys] roll=+0.038 pitch=-0.056 Nm
[INFO] [1789398383.164143998] [mhe_node]: [mass-diag] m_est=2.0560 T=20.541N tilt=10.06deg cos=0.98461 | T/g=2.0939 T*cos/g=2.0616 | m_est-T*cos/g=-0.0057kg (-0.28%) vz=-0.137
[INFO] [1789398383.164725074] [mhe_node]: [c_xy_est] cx=+0.0030 cy=-0.0101 m
[INFO] [1789398383.651848612] [mhe_node]: [s-collapse] moment 基准未就绪(窗口 0/20, 越界剔除 0) — 暂不判决
[INFO] [1789398384.651704481] [mhe_node]: [s-collapse] moment 基准未就绪(窗口 0/20, 越界剔除 0) — 暂不判决
[INFO] [1789398385.158161148] [mhe_node]: MHE mass estimate: 2.047 kg (T_phys=20.26N) | solve=8.0ms (max14.0)
[INFO] [1789398385.158704842] [mhe_node]: [truth] m_hat=2.0465 m_true=2.0643 err=-0.86% | c_hat=[+0.0000,+0.0000] c_true=[+0.0000,+0.0000] | Jxx_hat=0.01420 Jxx_true=0.01420 Jyz_hat=+0.00000 Jyz_true=+0.00000 | s_hat=[+0.0045,+0.0017] s_true=[+0.0000,+0.0000] kg·m
[INFO] [1789398385.159229667] [mhe_node]: [tau_phys] roll=+0.018 pitch=-0.054 Nm
[INFO] [1789398385.159834361] [mhe_node]: [mass-diag] m_est=2.0465 T=20.262N tilt=5.67deg cos=0.99511 | T/g=2.0654 T*cos/g=2.0553 | m_est-T*cos/g=-0.0088kg (-0.43%) vz=-0.026
[INFO] [1789398385.160420822] [mhe_node]: [c_xy_est] cx=+0.0030 cy=-0.0101 m
[INFO] [1789398385.651690720] [mhe_node]: [s-collapse] moment 基准未就绪(窗口 0/20, 越界剔除 0) — 暂不判决
[INFO] [1789398386.651698793] [mhe_node]: [s-collapse] moment 基准未就绪(窗口 0/20, 越界剔除 0) — 暂不判决
[INFO] [1789398387.159261590] [mhe_node]: MHE mass estimate: 2.051 kg (T_phys=20.56N) | solve=7.6ms (max11.5)
[INFO] [1789398387.159935922] [mhe_node]: [truth] m_hat=2.0507 m_true=2.0643 err=-0.66% | c_hat=[+0.0000,+0.0000] c_true=[+0.0000,+0.0000] | Jxx_hat=0.01420 Jxx_true=0.01420 Jyz_hat=+0.00000 Jyz_true=+0.00000 | s_hat=[+0.0017,+0.0024] s_true=[+0.0000,+0.0000] kg·m
[INFO] [1789398387.160460065] [mhe_node]: [tau_phys] roll=+0.042 pitch=-0.036 Nm
[INFO] [1789398387.161050897] [mhe_node]: [mass-diag] m_est=2.0507 T=20.563N tilt=7.58deg cos=0.99126 | T/g=2.0961 T*cos/g=2.0778 | m_est-T*cos/g=-0.0271kg (-1.30%) vz=+0.115
[INFO] [1789398387.161636309] [mhe_node]: [c_xy_est] cx=+0.0030 cy=-0.0101 m
[INFO] [1789398387.651696893] [mhe_node]: [s-collapse] moment 基准未就绪(窗口 0/20, 越界剔除 0) — 暂不判决
[INFO] [1789398388.651687322] [mhe_node]: [s-collapse] moment 基准未就绪(窗口 0/20, 越界剔除 0) — 暂不判决
[INFO] [1789398389.160534659] [mhe_node]: MHE mass estimate: 2.041 kg (T_phys=20.23N) | solve=10.2ms (max17.9)
[INFO] [1789398389.160923614] [mhe_node]: [truth] m_hat=2.0406 m_true=2.0643 err=-1.15% | c_hat=[+0.0000,+0.0000] c_true=[+0.0000,+0.0000] | Jxx_hat=0.01420 Jxx_true=0.01420 Jyz_hat=+0.00000 Jyz_true=+0.00000 | s_hat=[+0.0049,+0.0027] s_true=[+0.0000,+0.0000] kg·m
[INFO] [1789398389.161295515] [mhe_node]: [tau_phys] roll=+0.014 pitch=-0.093 Nm
[INFO] [1789398389.161715225] [mhe_node]: [mass-diag] m_est=2.0406 T=20.231N tilt=9.63deg cos=0.98590 | T/g=2.0622 T*cos/g=2.0332 | m_est-T*cos/g=+0.0075kg (+0.37%) vz=+0.227
[INFO] [1789398389.162132861] [mhe_node]: [c_xy_est] cx=+0.0030 cy=-0.0101 m
[INFO] [1789398389.651757424] [mhe_node]: [s-collapse] moment 基准未就绪(窗口 0/20, 越界剔除 0) — 暂不判决
[INFO] [1789398390.651789377] [mhe_node]: [s-collapse] moment 基准未就绪(窗口 0/20, 越界剔除 0) — 暂不判决
[INFO] [1789398391.159272305] [mhe_node]: MHE mass estimate: 2.034 kg (T_phys=20.02N) | solve=9.4ms (max16.9)
[INFO] [1789398391.159819322] [mhe_node]: [truth] m_hat=2.0338 m_true=2.0643 err=-1.48% | c_hat=[+0.0000,+0.0000] c_true=[+0.0000,+0.0000] | Jxx_hat=0.01420 Jxx_true=0.01420 Jyz_hat=+0.00000 Jyz_true=+0.00000 | s_hat=[+0.0069,+0.0010] s_true=[+0.0000,+0.0000] kg·m
[INFO] [1789398391.160341407] [mhe_node]: [tau_phys] roll=-0.002 pitch=-0.079 Nm
[INFO] [1789398391.160944986] [mhe_node]: [mass-diag] m_est=2.0338 T=20.024N tilt=2.41deg cos=0.99912 | T/g=2.0412 T*cos/g=2.0394 | m_est-T*cos/g=-0.0056kg (-0.28%) vz=+0.234
[INFO] [1789398391.161554376] [mhe_node]: [c_xy_est] cx=+0.0030 cy=-0.0101 m
[INFO] [1789398391.651624296] [mhe_node]: [s-collapse] moment 基准未就绪(窗口 0/20, 越界剔除 0) — 暂不判决
[INFO] [1789398392.651734075] [mhe_node]: [s-collapse] moment 基准未就绪(窗口 0/20, 越界剔除 0) — 暂不判决
[INFO] [1789398393.160352555] [mhe_node]: MHE mass estimate: 2.041 kg (T_phys=20.39N) | solve=9.9ms (max16.8)
[INFO] [1789398393.160917378] [mhe_node]: [truth] m_hat=2.0413 m_true=2.0643 err=-1.12% | c_hat=[+0.0000,+0.0000] c_true=[+0.0000,+0.0000] | Jxx_hat=0.01420 Jxx_true=0.01420 Jyz_hat=+0.00000 Jyz_true=+0.00000 | s_hat=[+0.0017,-0.0006] s_true=[+0.0000,+0.0000] kg·m
[INFO] [1789398393.161445114] [mhe_node]: [tau_phys] roll=-0.029 pitch=-0.021 Nm
[INFO] [1789398393.162041841] [mhe_node]: [mass-diag] m_est=2.0413 T=20.388N tilt=7.74deg cos=0.99090 | T/g=2.0783 T*cos/g=2.0594 | m_est-T*cos/g=-0.0181kg (-0.88%) vz=+0.163
[INFO] [1789398393.162624129] [mhe_node]: [c_xy_est] cx=+0.0030 cy=-0.0101 m
[INFO] [1789398393.651813564] [mhe_node]: [s-collapse] moment 基准未就绪(窗口 0/20, 越界剔除 0) — 暂不判决
[ros2run]: Killed
