[INFO] [1785417924.338591205] [acados_nmpc_node]: acados NMPC node starting, building/loading solver...
Code reuse possible, skipping code generation.
acados was compiled without OpenMP.
[INFO] [1785417924.349229364] [acados_nmpc_node]: GRIPPER MODE: hover over box (1.0,0.1) z 0.55->2.5m, lift after 1.5s, empty m_est=2.06kg
[INFO] [1785417924.349678078] [acados_nmpc_node]: Warming up acados solver...
[INFO] [1785417924.355694865] [acados_nmpc_node]: Solver warmup complete, took 5.6 ms
[INFO] [1785417924.362848262] [acados_nmpc_node]: Decoupled publish enabled: solve @20Hz, body_rate/thrust @50Hz (trajectory interpolation)
[INFO] [1785417924.363358542] [acados_nmpc_node]: acados NMPC node initialized! Waiting for EKF2 convergence...
[INFO] [1785417934.364002313] [acados_nmpc_node]: Waiting for EKF2 convergence... 5/10 s
[INFO] [1785417939.364241647] [acados_nmpc_node]: Waiting for EKF2 convergence... 10/10 s
[INFO] [1785417939.464445397] [acados_nmpc_node]: Switching to OFFBOARD mode
[INFO] [1785417940.264532736] [acados_nmpc_node]: Sending arm command
[INFO] [1785417941.264605269] [acados_nmpc_node]: Armed, preparing to move to trajectory start...
[INFO] [1785417943.665039380] [acados_nmpc_node]: Gripper approach (climb): rising at spawn to z=1.50m | z=0.03m v=0.44m/s
[INFO] [1785417946.165116472] [acados_nmpc_node]: Gripper approach (climb): rising at spawn to z=1.50m | z=1.02m v=0.22m/s
[INFO] [1785417948.112937421] [acados_nmpc_node]: Gripper approach: climbed to safe altitude at spawn, now translating over box
[INFO] [1785417948.665152333] [acados_nmpc_node]: Gripper approach (high): aligning over box at z=1.50m | xy=0.938m z_err=0.139m v=0.39m/s
[INFO] [1785417950.364295389] [acados_nmpc_node]: Gripper approach: aligned above box, NMPC will take over here (z=1.50m), settle 3.0s then descend to z=0.55m to trigger attach
[INFO] [1785417950.413071059] [acados_nmpc_node]: Reached trajectory start, NMPC tracking begins!
[INFO] [1785417951.114350292] [acados_nmpc_node]: t=0.7s | pos_err=0.064m | T=20.12N | tau=[r0.001 p0.028 y-0.026]Nm | res_stat=4.039e-07(peak 7.646e-07) sqp_iter=3 | solve=1.2ms
[INFO] [1785417953.465496163] [acados_nmpc_node]: t=3.1s | DESCEND: settle done, lowering 1.5->0.55m, will enable gripper at bottom
[INFO] [1785417956.114630663] [acados_nmpc_node]: t=5.7s | pos_err=0.054m | T=20.33N | tau=[r-0.000 p-0.001 y-0.000]Nm | res_stat=3.228e-08(peak 9.722e-07) sqp_iter=3 | solve=1.5ms
[INFO] [1785417956.865529905] [acados_nmpc_node]: t=6.5s | DESCEND done at z=0.569m (target 0.550m, z_err=0.019m, v=0.05m/s), gripper ENABLED (attach will trigger now)
[INFO] [1785417956.929126713] [acados_nmpc_node]: attach offset received: box-drone = [-0.029, -0.128, -0.543] m
[INFO] [1785417956.965484736] [acados_nmpc_node]: PX4 MC_ROLLRATE_K: 1.000 -> 3.836 (inertia ratio 3.84, cap 5.0)
[INFO] [1785417956.965692776] [acados_nmpc_node]: PX4 MC_PITCHRATE_K: 1.000 -> 3.836 (inertia ratio 3.84, cap 5.0)
[INFO] [1785417956.965887817] [acados_nmpc_node]: t=6.6s | ATTACH (geom_source=online): dJ/gain init from prior m_p=0.20kg arm=0.47m (dJ=0.0403); c_xy+dJ refine online, attach truth eval-only
[INFO] [1785417956.968082642] [acados_nmpc_node]: [attach-window] t=6.55s pos_err=0.022m T=19.42N z=0.565 m_est=2.007
[INFO] [1785417957.014877299] [acados_nmpc_node]: [attach-window] t=6.60s pos_err=0.023m T=19.42N z=0.566 m_est=2.007
[INFO] [1785417957.067540437] [acados_nmpc_node]: [attach-window] t=6.65s pos_err=0.025m T=19.43N z=0.566 m_est=2.010
[INFO] [1785417957.114594583] [acados_nmpc_node]: [attach-window] t=6.70s pos_err=0.026m T=19.42N z=0.567 m_est=2.010
[INFO] [1785417957.167463799] [acados_nmpc_node]: [attach-window] t=6.75s pos_err=0.028m T=19.39N z=0.567 m_est=2.009
[INFO] [1785417957.214627778] [acados_nmpc_node]: [attach-window] t=6.80s pos_err=0.029m T=19.37N z=0.568 m_est=2.009
[INFO] [1785417957.267409256] [acados_nmpc_node]: [attach-window] t=6.85s pos_err=0.031m T=19.37N z=0.568 m_est=2.008
[INFO] [1785417957.314624919] [acados_nmpc_node]: [attach-window] t=6.90s pos_err=0.032m T=19.36N z=0.569 m_est=2.008
[INFO] [1785417957.367359116] [acados_nmpc_node]: [attach-window] t=6.95s pos_err=0.034m T=19.31N z=0.569 m_est=2.005
[INFO] [1785417957.414626175] [acados_nmpc_node]: [attach-window] t=7.00s pos_err=0.035m T=19.30N z=0.570 m_est=2.005
[INFO] [1785417957.467558718] [acados_nmpc_node]: [attach-window] t=7.05s pos_err=0.037m T=19.24N z=0.571 m_est=2.002
[INFO] [1785417957.514684826] [acados_nmpc_node]: [attach-window] t=7.10s pos_err=0.038m T=19.23N z=0.571 m_est=2.002
[INFO] [1785417957.567572691] [acados_nmpc_node]: [attach-window] t=7.15s pos_err=0.040m T=19.18N z=0.573 m_est=1.999
[INFO] [1785417957.614788716] [acados_nmpc_node]: [attach-window] t=7.20s pos_err=0.040m T=19.16N z=0.573 m_est=1.999
[INFO] [1785417957.667469291] [acados_nmpc_node]: [attach-window] t=7.25s pos_err=0.041m T=19.07N z=0.574 m_est=1.994
[INFO] [1785417957.714597092] [acados_nmpc_node]: [attach-window] t=7.30s pos_err=0.042m T=19.08N z=0.575 m_est=1.994
[INFO] [1785417957.767761279] [acados_nmpc_node]: [attach-window] t=7.35s pos_err=0.043m T=19.01N z=0.576 m_est=1.989
[INFO] [1785417957.814633131] [acados_nmpc_node]: [attach-window] t=7.40s pos_err=0.043m T=19.00N z=0.577 m_est=1.989
[INFO] [1785417957.867651964] [acados_nmpc_node]: [attach-window] t=7.45s pos_err=0.043m T=18.92N z=0.578 m_est=1.982
[INFO] [1785417957.914789702] [acados_nmpc_node]: [attach-window] t=7.50s pos_err=0.044m T=18.92N z=0.578 m_est=1.982
[INFO] [1785417957.967563572] [acados_nmpc_node]: [attach-window] t=7.55s pos_err=0.044m T=18.90N z=0.579 m_est=1.982
[INFO] [1785417958.014568955] [acados_nmpc_node]: [attach-window] t=7.60s pos_err=0.044m T=18.84N z=0.579 m_est=1.975
[INFO] [1785417958.067471996] [acados_nmpc_node]: [attach-window] t=7.65s pos_err=0.044m T=18.82N z=0.580 m_est=1.975
[INFO] [1785417958.114622123] [acados_nmpc_node]: [attach-window] t=7.70s pos_err=0.045m T=18.73N z=0.580 m_est=1.967
[INFO] [1785417958.167448817] [acados_nmpc_node]: [attach-window] t=7.75s pos_err=0.045m T=18.71N z=0.581 m_est=1.967
[INFO] [1785417958.214685891] [acados_nmpc_node]: [attach-window] t=7.80s pos_err=0.046m T=18.64N z=0.582 m_est=1.961
[INFO] [1785417958.267480954] [acados_nmpc_node]: [attach-window] t=7.85s pos_err=0.047m T=18.63N z=0.583 m_est=1.961
[INFO] [1785417958.314605270] [acados_nmpc_node]: [attach-window] t=7.90s pos_err=0.048m T=18.61N z=0.584 m_est=1.961
[INFO] [1785417958.367463725] [acados_nmpc_node]: [attach-window] t=7.95s pos_err=0.049m T=18.59N z=0.585 m_est=1.961
[INFO] [1785417958.414628236] [acados_nmpc_node]: [attach-window] t=8.00s pos_err=0.050m T=18.58N z=0.586 m_est=1.961
[INFO] [1785417958.465669263] [acados_nmpc_node]: t=8.1s | LIFT: raising hover 0.55->2.5m to lift payload
[INFO] [1785417958.467863576] [acados_nmpc_node]: [attach-window] t=8.05s pos_err=0.052m T=18.55N z=0.587 m_est=1.961
[INFO] [1785417958.514931561] [acados_nmpc_node]: [attach-window] t=8.10s pos_err=0.053m T=18.53N z=0.588 m_est=1.961
[INFO] [1785417958.567927241] [acados_nmpc_node]: [attach-window] t=8.15s pos_err=0.054m T=18.51N z=0.590 m_est=1.961
[INFO] [1785417958.614859710] [acados_nmpc_node]: [attach-window] t=8.20s pos_err=0.053m T=18.51N z=0.591 m_est=1.961
[INFO] [1785417958.667749311] [acados_nmpc_node]: [attach-window] t=8.25s pos_err=0.052m T=18.53N z=0.592 m_est=1.961
[INFO] [1785417958.714010455] [acados_nmpc_node]: [attach-window] t=8.30s pos_err=0.050m T=18.59N z=0.593 m_est=1.961
[INFO] [1785417958.766129479] [acados_nmpc_node]: [attach-window] t=8.35s pos_err=0.047m T=18.68N z=0.595 m_est=1.961
[INFO] [1785417958.813964464] [acados_nmpc_node]: [attach-window] t=8.40s pos_err=0.043m T=18.82N z=0.596 m_est=1.961
[INFO] [1785417958.866058973] [acados_nmpc_node]: [attach-window] t=8.45s pos_err=0.040m T=19.00N z=0.598 m_est=1.961
[INFO] [1785417958.913995580] [acados_nmpc_node]: [attach-window] t=8.50s pos_err=0.039m T=19.24N z=0.599 m_est=1.961
[INFO] [1785417958.966022199] [acados_nmpc_node]: [attach-window] t=8.55s pos_err=0.043m T=19.53N z=0.601 m_est=1.961
[INFO] [1785417959.014375329] [acados_nmpc_node]: [attach-window] t=8.60s pos_err=0.054m T=19.87N z=0.601 m_est=1.961
[INFO] [1785417959.066265605] [acados_nmpc_node]: [attach-window] t=8.65s pos_err=0.071m T=20.28N z=0.603 m_est=1.961
[INFO] [1785417959.114179128] [acados_nmpc_node]: [attach-window] t=8.70s pos_err=0.093m T=20.74N z=0.604 m_est=1.961
[INFO] [1785417959.166333247] [acados_nmpc_node]: [attach-window] t=8.75s pos_err=0.120m T=21.28N z=0.604 m_est=1.961
[INFO] [1785417959.214218299] [acados_nmpc_node]: [attach-window] t=8.80s pos_err=0.150m T=21.84N z=0.605 m_est=1.961
[INFO] [1785417959.266026386] [acados_nmpc_node]: [attach-window] t=8.85s pos_err=0.185m T=22.50N z=0.605 m_est=1.961
[INFO] [1785417959.313973094] [acados_nmpc_node]: [attach-window] t=8.90s pos_err=0.221m T=23.16N z=0.605 m_est=1.961
[INFO] [1785417959.365974082] [acados_nmpc_node]: [attach-window] t=8.95s pos_err=0.263m T=23.90N z=0.606 m_est=1.961
[INFO] [1785417959.414459794] [acados_nmpc_node]: [attach-window] t=9.00s pos_err=0.305m T=24.57N z=0.606 m_est=1.961
[INFO] [1785417959.466252403] [acados_nmpc_node]: [attach-window] t=9.05s pos_err=0.351m T=25.30N z=0.608 m_est=1.983
[INFO] [1785417959.514403983] [acados_nmpc_node]: [attach-window] t=9.10s pos_err=0.396m T=25.79N z=0.610 m_est=1.983
[INFO] [1785417959.566409975] [acados_nmpc_node]: [attach-window] t=9.15s pos_err=0.443m T=26.89N z=0.617 m_est=2.080
[INFO] [1785417959.614694841] [acados_nmpc_node]: [attach-window] t=9.20s pos_err=0.489m T=27.32N z=0.622 m_est=2.080
[INFO] [1785417959.666390003] [acados_nmpc_node]: [attach-window] t=9.25s pos_err=0.530m T=27.77N z=0.639 m_est=2.163
[INFO] [1785417959.714916811] [acados_nmpc_node]: [attach-window] t=9.30s pos_err=0.570m T=27.67N z=0.653 m_est=2.163
[INFO] [1785417959.767893540] [acados_nmpc_node]: [attach-window] t=9.35s pos_err=0.600m T=27.21N z=0.685 m_est=2.210
[INFO] [1785417959.814934942] [acados_nmpc_node]: [attach-window] t=9.40s pos_err=0.636m T=27.15N z=0.704 m_est=2.210
[INFO] [1785417959.868021396] [acados_nmpc_node]: [attach-window] t=9.45s pos_err=0.654m T=26.08N z=0.751 m_est=2.214
[INFO] [1785417959.914810916] [acados_nmpc_node]: [attach-window] t=9.50s pos_err=0.677m T=25.65N z=0.785 m_est=2.214
[INFO] [1785417959.967935511] [acados_nmpc_node]: [attach-window] t=9.55s pos_err=0.681m T=24.52N z=0.846 m_est=2.210
[INFO] [1785417960.015036942] [acados_nmpc_node]: [attach-window] t=9.60s pos_err=0.705m T=24.50N z=0.879 m_est=2.210
[INFO] [1785417960.066185156] [acados_nmpc_node]: [attach-window] t=9.65s pos_err=0.699m T=23.47N z=0.949 m_est=2.190
[INFO] [1785417960.114190410] [acados_nmpc_node]: [attach-window] t=9.70s pos_err=0.711m T=23.32N z=0.994 m_est=2.190
[INFO] [1785417960.166119837] [acados_nmpc_node]: [attach-window] t=9.75s pos_err=0.697m T=22.59N z=1.069 m_est=2.178
[INFO] [1785417960.213979502] [acados_nmpc_node]: [attach-window] t=9.80s pos_err=0.715m T=22.81N z=1.107 m_est=2.178
[INFO] [1785417960.266358123] [acados_nmpc_node]: [attach-window] t=9.85s pos_err=0.699m T=22.26N z=1.183 m_est=2.163
[INFO] [1785417960.314000470] [acados_nmpc_node]: [attach-window] t=9.90s pos_err=0.704m T=22.33N z=1.230 m_est=2.163
[INFO] [1785417960.366430337] [acados_nmpc_node]: [attach-window] t=9.95s pos_err=0.685m T=21.94N z=1.305 m_est=2.156
[INFO] [1785417960.413982756] [acados_nmpc_node]: [attach-window] t=10.00s pos_err=0.697m T=22.20N z=1.343 m_est=2.156
[INFO] [1785417960.466101373] [acados_nmpc_node]: [attach-window] t=10.05s pos_err=0.674m T=21.86N z=1.416 m_est=2.149
[INFO] [1785417960.513970595] [acados_nmpc_node]: [attach-window] t=10.10s pos_err=0.674m T=21.94N z=1.461 m_est=2.149
[INFO] [1785417960.566268435] [acados_nmpc_node]: [attach-window] t=10.15s pos_err=0.649m T=21.63N z=1.533 m_est=2.148
[INFO] [1785417960.614123833] [acados_nmpc_node]: [attach-window] t=10.20s pos_err=0.654m T=21.83N z=1.568 m_est=2.148
[INFO] [1785417960.666273918] [acados_nmpc_node]: [attach-window] t=10.25s pos_err=0.626m T=21.52N z=1.636 m_est=2.146
[INFO] [1785417960.714013059] [acados_nmpc_node]: [attach-window] t=10.30s pos_err=0.618m T=21.52N z=1.678 m_est=2.146
[INFO] [1785417960.766342546] [acados_nmpc_node]: [attach-window] t=10.35s pos_err=0.587m T=21.23N z=1.744 m_est=2.146
[INFO] [1785417960.813971246] [acados_nmpc_node]: [attach-window] t=10.40s pos_err=0.584m T=21.32N z=1.775 m_est=2.146
[INFO] [1785417960.866080852] [acados_nmpc_node]: [attach-window] t=10.45s pos_err=0.550m T=21.04N z=1.837 m_est=2.147
[INFO] [1785417960.914025764] [acados_nmpc_node]: [attach-window] t=10.50s pos_err=0.535m T=21.00N z=1.874 m_est=2.147
[INFO] [1785417960.966081050] [acados_nmpc_node]: [attach-window] t=10.55s pos_err=0.499m T=20.76N z=1.931 m_est=2.149
[INFO] [1785417961.013980421] [acados_nmpc_node]: [attach-window] t=10.60s pos_err=0.489m T=20.77N z=1.959 m_est=2.149
[INFO] [1785417961.067827098] [acados_nmpc_node]: [attach-window] t=10.65s pos_err=0.451m T=20.58N z=2.012 m_est=2.151
[INFO] [1785417961.114637118] [acados_nmpc_node]: [attach-window] t=10.70s pos_err=0.431m T=20.52N z=2.043 m_est=2.151
[INFO] [1785417961.115109539] [acados_nmpc_node]: t=10.7s | pos_err=0.431m | T=20.52N | tau=[r-0.123 p0.018 y0.005]Nm | res_stat=4.794e-07(peak 9.722e-07) sqp_iter=3 | solve=1.5ms
[INFO] [1785417961.167859606] [acados_nmpc_node]: [attach-window] t=10.75s pos_err=0.394m T=20.39N z=2.090 m_est=2.154
[INFO] [1785417961.214598356] [acados_nmpc_node]: [attach-window] t=10.80s pos_err=0.378m T=20.38N z=2.112 m_est=2.154
[INFO] [1785417961.267739660] [acados_nmpc_node]: [attach-window] t=10.85s pos_err=0.342m T=20.32N z=2.153 m_est=2.157
[INFO] [1785417961.314583945] [acados_nmpc_node]: [attach-window] t=10.90s pos_err=0.321m T=20.31N z=2.177 m_est=2.157
[INFO] [1785417961.367753779] [acados_nmpc_node]: [attach-window] t=10.95s pos_err=0.288m T=20.31N z=2.212 m_est=2.158
[INFO] [1785417961.414557536] [acados_nmpc_node]: [attach-window] t=11.00s pos_err=0.273m T=20.33N z=2.228 m_est=2.158
[INFO] [1785417961.467684640] [acados_nmpc_node]: [attach-window] t=11.05s pos_err=0.244m T=20.44N z=2.257 m_est=2.163
[INFO] [1785417961.514979388] [acados_nmpc_node]: [attach-window] t=11.10s pos_err=0.227m T=20.51N z=2.274 m_est=2.163
[INFO] [1785417961.567809250] [acados_nmpc_node]: [attach-window] t=11.15s pos_err=0.204m T=20.72N z=2.297 m_est=2.171
[INFO] [1785417961.614613756] [acados_nmpc_node]: [attach-window] t=11.20s pos_err=0.194m T=20.81N z=2.308 m_est=2.171
[INFO] [1785417961.667736399] [acados_nmpc_node]: [attach-window] t=11.25s pos_err=0.175m T=21.04N z=2.326 m_est=2.180
[INFO] [1785417961.714577392] [acados_nmpc_node]: [attach-window] t=11.30s pos_err=0.165m T=21.14N z=2.336 m_est=2.180
[INFO] [1785417961.767859730] [acados_nmpc_node]: [attach-window] t=11.35s pos_err=0.151m T=21.37N z=2.350 m_est=2.190
[INFO] [1785417961.814535028] [acados_nmpc_node]: [attach-window] t=11.40s pos_err=0.145m T=21.43N z=2.356 m_est=2.190
[INFO] [1785417961.867670578] [acados_nmpc_node]: [attach-window] t=11.45s pos_err=0.134m T=21.63N z=2.367 m_est=2.200
[INFO] [1785417961.914593121] [acados_nmpc_node]: [attach-window] t=11.50s pos_err=0.128m T=21.68N z=2.373 m_est=2.200
[INFO] [1785417961.967906628] [acados_nmpc_node]: [attach-window] t=11.55s pos_err=0.119m T=21.82N z=2.382 m_est=2.208
[INFO] [1785417962.014541631] [acados_nmpc_node]: [attach-window] t=11.60s pos_err=0.115m T=21.84N z=2.386 m_est=2.208
[INFO] [1785417962.067673583] [acados_nmpc_node]: [attach-window] t=11.65s pos_err=0.108m T=21.93N z=2.394 m_est=2.216
[INFO] [1785417962.114307046] [acados_nmpc_node]: [attach-window] t=11.70s pos_err=0.103m T=21.93N z=2.398 m_est=2.216
[INFO] [1785417962.167621808] [acados_nmpc_node]: [attach-window] t=11.75s pos_err=0.096m T=21.98N z=2.405 m_est=2.223
[INFO] [1785417962.214592973] [acados_nmpc_node]: [attach-window] t=11.80s pos_err=0.092m T=21.97N z=2.409 m_est=2.223
[INFO] [1785417962.267826639] [acados_nmpc_node]: [attach-window] t=11.85s pos_err=0.086m T=22.00N z=2.415 m_est=2.229
[INFO] [1785417962.314365641] [acados_nmpc_node]: [attach-window] t=11.90s pos_err=0.083m T=21.98N z=2.418 m_est=2.229
[INFO] [1785417962.367821138] [acados_nmpc_node]: [attach-window] t=11.95s pos_err=0.077m T=22.00N z=2.424 m_est=2.235
[INFO] [1785417962.414365402] [acados_nmpc_node]: [attach-window] t=12.00s pos_err=0.074m T=21.99N z=2.427 m_est=2.235
[INFO] [1785417962.467711582] [acados_nmpc_node]: [attach-window] t=12.05s pos_err=0.068m T=22.01N z=2.432 m_est=2.240
[INFO] [1785417962.513814665] [acados_nmpc_node]: [attach-window] t=12.10s pos_err=0.065m T=21.99N z=2.435 m_est=2.240
[INFO] [1785417962.565976200] [acados_nmpc_node]: [attach-window] t=12.15s pos_err=0.060m T=22.01N z=2.440 m_est=2.244
[INFO] [1785417962.614174423] [acados_nmpc_node]: [attach-window] t=12.20s pos_err=0.058m T=22.01N z=2.442 m_est=2.244
[INFO] [1785417962.667824022] [acados_nmpc_node]: [attach-window] t=12.25s pos_err=0.053m T=22.02N z=2.447 m_est=2.247
[INFO] [1785417962.714328787] [acados_nmpc_node]: [attach-window] t=12.30s pos_err=0.050m T=22.00N z=2.450 m_est=2.247
[INFO] [1785417962.767737701] [acados_nmpc_node]: [attach-window] t=12.35s pos_err=0.046m T=22.00N z=2.455 m_est=2.250
[INFO] [1785417962.814334645] [acados_nmpc_node]: [attach-window] t=12.40s pos_err=0.043m T=21.98N z=2.457 m_est=2.250
[INFO] [1785417962.867562222] [acados_nmpc_node]: [attach-window] t=12.45s pos_err=0.038m T=21.97N z=2.462 m_est=2.253
[INFO] [1785417962.914325287] [acados_nmpc_node]: [attach-window] t=12.50s pos_err=0.036m T=21.95N z=2.465 m_est=2.253
[INFO] [1785417962.967816634] [acados_nmpc_node]: [attach-window] t=12.55s pos_err=0.031m T=21.94N z=2.469 m_est=2.254
[INFO] [1785417963.014733307] [acados_nmpc_node]: [attach-window] t=12.60s pos_err=0.029m T=21.94N z=2.471 m_est=2.254
[INFO] [1785417963.067775463] [acados_nmpc_node]: [attach-window] t=12.65s pos_err=0.025m T=21.94N z=2.476 m_est=2.255
[INFO] [1785417963.114707622] [acados_nmpc_node]: [attach-window] t=12.70s pos_err=0.024m T=21.93N z=2.478 m_est=2.255
[INFO] [1785417963.167859058] [acados_nmpc_node]: [attach-window] t=12.75s pos_err=0.021m T=21.94N z=2.481 m_est=2.255
[INFO] [1785417963.214639329] [acados_nmpc_node]: [attach-window] t=12.80s pos_err=0.020m T=21.94N z=2.483 m_est=2.255
[INFO] [1785417963.268013252] [acados_nmpc_node]: [attach-window] t=12.85s pos_err=0.018m T=21.96N z=2.486 m_est=2.256
[INFO] [1785417963.314570573] [acados_nmpc_node]: [attach-window] t=12.90s pos_err=0.017m T=21.96N z=2.488 m_est=2.256
[INFO] [1785417963.367610586] [acados_nmpc_node]: [attach-window] t=12.95s pos_err=0.015m T=21.97N z=2.491 m_est=2.256
[INFO] [1785417963.414434787] [acados_nmpc_node]: [attach-window] t=13.00s pos_err=0.015m T=21.97N z=2.492 m_est=2.256
[INFO] [1785417963.467865229] [acados_nmpc_node]: [attach-window] t=13.05s pos_err=0.014m T=21.98N z=2.494 m_est=2.256
[INFO] [1785417963.514366930] [acados_nmpc_node]: [attach-window] t=13.10s pos_err=0.014m T=21.99N z=2.495 m_est=2.256
[INFO] [1785417963.567713620] [acados_nmpc_node]: [attach-window] t=13.15s pos_err=0.013m T=22.01N z=2.497 m_est=2.256
[INFO] [1785417963.614364301] [acados_nmpc_node]: [attach-window] t=13.20s pos_err=0.013m T=22.03N z=2.498 m_est=2.256
[INFO] [1785417963.667716866] [acados_nmpc_node]: [attach-window] t=13.25s pos_err=0.013m T=22.04N z=2.499 m_est=2.255
[INFO] [1785417963.714323504] [acados_nmpc_node]: [attach-window] t=13.30s pos_err=0.012m T=22.05N z=2.500 m_est=2.255
[INFO] [1785417963.767713034] [acados_nmpc_node]: [attach-window] t=13.35s pos_err=0.012m T=22.07N z=2.501 m_est=2.256
[INFO] [1785417963.814353386] [acados_nmpc_node]: [attach-window] t=13.40s pos_err=0.012m T=22.08N z=2.501 m_est=2.256
[INFO] [1785417963.867887058] [acados_nmpc_node]: [attach-window] t=13.45s pos_err=0.011m T=22.10N z=2.501 m_est=2.256
[INFO] [1785417963.914346664] [acados_nmpc_node]: [attach-window] t=13.50s pos_err=0.011m T=22.11N z=2.502 m_est=2.256
[INFO] [1785417963.967707181] [acados_nmpc_node]: [attach-window] t=13.55s pos_err=0.011m T=22.13N z=2.502 m_est=2.256
[INFO] [1785417964.014466593] [acados_nmpc_node]: [attach-window] t=13.60s pos_err=0.011m T=22.14N z=2.502 m_est=2.256
[INFO] [1785417964.067866044] [acados_nmpc_node]: [attach-window] t=13.65s pos_err=0.011m T=22.15N z=2.501 m_est=2.257
[INFO] [1785417964.114549034] [acados_nmpc_node]: [attach-window] t=13.70s pos_err=0.012m T=22.16N z=2.501 m_est=2.257
[INFO] [1785417964.167957317] [acados_nmpc_node]: [attach-window] t=13.75s pos_err=0.013m T=22.17N z=2.501 m_est=2.257
[INFO] [1785417964.214626967] [acados_nmpc_node]: [attach-window] t=13.80s pos_err=0.013m T=22.17N z=2.501 m_est=2.257
[INFO] [1785417964.267670685] [acados_nmpc_node]: [attach-window] t=13.85s pos_err=0.015m T=22.16N z=2.501 m_est=2.258
[INFO] [1785417964.314596852] [acados_nmpc_node]: [attach-window] t=13.90s pos_err=0.015m T=22.15N z=2.502 m_est=2.258
[INFO] [1785417964.368002973] [acados_nmpc_node]: [attach-window] t=13.95s pos_err=0.017m T=22.13N z=2.503 m_est=2.258
[INFO] [1785417964.414542251] [acados_nmpc_node]: [attach-window] t=14.00s pos_err=0.018m T=22.12N z=2.503 m_est=2.258
[INFO] [1785417964.467994674] [acados_nmpc_node]: [attach-window] t=14.05s pos_err=0.020m T=22.10N z=2.504 m_est=2.259
[INFO] [1785417964.514677978] [acados_nmpc_node]: [attach-window] t=14.10s pos_err=0.021m T=22.09N z=2.505 m_est=2.259
[INFO] [1785417964.567833321] [acados_nmpc_node]: [attach-window] t=14.15s pos_err=0.022m T=22.08N z=2.506 m_est=2.259
[INFO] [1785417964.614850197] [acados_nmpc_node]: [attach-window] t=14.20s pos_err=0.023m T=22.08N z=2.506 m_est=2.259
[INFO] [1785417964.668236783] [acados_nmpc_node]: [attach-window] t=14.25s pos_err=0.024m T=22.09N z=2.507 m_est=2.260
[INFO] [1785417964.714715944] [acados_nmpc_node]: [attach-window] t=14.30s pos_err=0.025m T=22.10N z=2.507 m_est=2.260
[INFO] [1785417964.768030681] [acados_nmpc_node]: [attach-window] t=14.35s pos_err=0.026m T=22.11N z=2.507 m_est=2.260
[INFO] [1785417964.814744410] [acados_nmpc_node]: [attach-window] t=14.40s pos_err=0.027m T=22.12N z=2.507 m_est=2.260
[INFO] [1785417964.868147201] [acados_nmpc_node]: [attach-window] t=14.45s pos_err=0.028m T=22.13N z=2.507 m_est=2.260
[INFO] [1785417964.914912446] [acados_nmpc_node]: [attach-window] t=14.50s pos_err=0.028m T=22.13N z=2.507 m_est=2.260
[INFO] [1785417964.966531617] [acados_nmpc_node]: [attach-window] t=14.55s pos_err=0.029m T=22.15N z=2.507 m_est=2.260
[INFO] [1785417965.013971252] [acados_nmpc_node]: [attach-window] t=14.60s pos_err=0.029m T=22.16N z=2.506 m_est=2.260
[INFO] [1785417965.066375061] [acados_nmpc_node]: [attach-window] t=14.65s pos_err=0.030m T=22.16N z=2.506 m_est=2.260
[INFO] [1785417965.114085949] [acados_nmpc_node]: [attach-window] t=14.70s pos_err=0.030m T=22.17N z=2.505 m_est=2.260
[INFO] [1785417965.166246933] [acados_nmpc_node]: [attach-window] t=14.75s pos_err=0.029m T=22.18N z=2.505 m_est=2.260
[INFO] [1785417965.213819570] [acados_nmpc_node]: [attach-window] t=14.80s pos_err=0.029m T=22.18N z=2.505 m_est=2.260
[INFO] [1785417965.266068006] [acados_nmpc_node]: [attach-window] t=14.85s pos_err=0.028m T=22.19N z=2.504 m_est=2.260
[INFO] [1785417965.313827613] [acados_nmpc_node]: [attach-window] t=14.90s pos_err=0.027m T=22.18N z=2.504 m_est=2.260
[INFO] [1785417965.366290575] [acados_nmpc_node]: [attach-window] t=14.95s pos_err=0.025m T=22.18N z=2.504 m_est=2.260
[INFO] [1785417965.413794149] [acados_nmpc_node]: [attach-window] t=15.00s pos_err=0.024m T=22.18N z=2.504 m_est=2.260
[INFO] [1785417965.466349407] [acados_nmpc_node]: [attach-window] t=15.05s pos_err=0.023m T=22.17N z=2.503 m_est=2.260
[INFO] [1785417965.513980676] [acados_nmpc_node]: [attach-window] t=15.10s pos_err=0.022m T=22.17N z=2.503 m_est=2.260
[INFO] [1785417965.566527842] [acados_nmpc_node]: [attach-window] t=15.15s pos_err=0.021m T=22.17N z=2.503 m_est=2.260
[INFO] [1785417965.613998326] [acados_nmpc_node]: [attach-window] t=15.20s pos_err=0.020m T=22.17N z=2.503 m_est=2.260
[INFO] [1785417965.666339870] [acados_nmpc_node]: [attach-window] t=15.25s pos_err=0.020m T=22.16N z=2.503 m_est=2.260
[INFO] [1785417965.713975146] [acados_nmpc_node]: [attach-window] t=15.30s pos_err=0.021m T=22.16N z=2.503 m_est=2.260
[INFO] [1785417965.766028191] [acados_nmpc_node]: [attach-window] t=15.35s pos_err=0.021m T=22.16N z=2.503 m_est=2.261
[INFO] [1785417965.813989590] [acados_nmpc_node]: [attach-window] t=15.40s pos_err=0.022m T=22.15N z=2.503 m_est=2.261
[INFO] [1785417965.866405253] [acados_nmpc_node]: [attach-window] t=15.45s pos_err=0.023m T=22.14N z=2.503 m_est=2.261
[INFO] [1785417965.913971084] [acados_nmpc_node]: [attach-window] t=15.50s pos_err=0.024m T=22.14N z=2.503 m_est=2.261
[INFO] [1785417965.966057250] [acados_nmpc_node]: [attach-window] t=15.55s pos_err=0.026m T=22.14N z=2.503 m_est=2.261
[INFO] [1785417966.014035548] [acados_nmpc_node]: [attach-window] t=15.60s pos_err=0.026m T=22.14N z=2.503 m_est=2.261
[INFO] [1785417966.066271970] [acados_nmpc_node]: [attach-window] t=15.65s pos_err=0.028m T=22.15N z=2.503 m_est=2.261
[INFO] [1785417966.113980793] [acados_nmpc_node]: [attach-window] t=15.70s pos_err=0.029m T=22.16N z=2.502 m_est=2.261
[INFO] [1785417966.114329030] [acados_nmpc_node]: t=15.7s | pos_err=0.029m | T=22.16N | tau=[r-0.243 p0.076 y-0.007]Nm | res_stat=3.116e-07(peak 9.775e-07) sqp_iter=3 | solve=1.1ms
[INFO] [1785417966.166499432] [acados_nmpc_node]: [attach-window] t=15.75s pos_err=0.030m T=22.18N z=2.501 m_est=2.261
[INFO] [1785417966.214238432] [acados_nmpc_node]: [attach-window] t=15.80s pos_err=0.030m T=22.20N z=2.501 m_est=2.261
[INFO] [1785417966.266119093] [acados_nmpc_node]: [attach-window] t=15.85s pos_err=0.031m T=22.22N z=2.500 m_est=2.261
[INFO] [1785417966.313954136] [acados_nmpc_node]: [attach-window] t=15.90s pos_err=0.032m T=22.23N z=2.499 m_est=2.261
[INFO] [1785417966.366536372] [acados_nmpc_node]: [attach-window] t=15.95s pos_err=0.032m T=22.23N z=2.498 m_est=2.261
[INFO] [1785417966.414273755] [acados_nmpc_node]: [attach-window] t=16.00s pos_err=0.033m T=22.23N z=2.497 m_est=2.261
[INFO] [1785417966.466455917] [acados_nmpc_node]: [attach-window] t=16.05s pos_err=0.033m T=22.22N z=2.497 m_est=2.262
[INFO] [1785417966.513991724] [acados_nmpc_node]: [attach-window] t=16.10s pos_err=0.033m T=22.21N z=2.496 m_est=2.262
[INFO] [1785417966.566517562] [acados_nmpc_node]: [attach-window] t=16.15s pos_err=0.034m T=22.19N z=2.497 m_est=2.262
[INFO] [1785417966.614081001] [acados_nmpc_node]: [attach-window] t=16.20s pos_err=0.034m T=22.18N z=2.497 m_est=2.262
[INFO] [1785417966.668140965] [acados_nmpc_node]: [attach-window] t=16.25s pos_err=0.034m T=22.15N z=2.497 m_est=2.262
[INFO] [1785417966.714672190] [acados_nmpc_node]: [attach-window] t=16.30s pos_err=0.034m T=22.14N z=2.497 m_est=2.262
[INFO] [1785417966.768353177] [acados_nmpc_node]: [attach-window] t=16.35s pos_err=0.034m T=22.13N z=2.498 m_est=2.262
[INFO] [1785417966.814581188] [acados_nmpc_node]: [attach-window] t=16.40s pos_err=0.034m T=22.13N z=2.498 m_est=2.262
[INFO] [1785417966.868220654] [acados_nmpc_node]: [attach-window] t=16.45s pos_err=0.034m T=22.13N z=2.498 m_est=2.261
[INFO] [1785417966.914590712] [acados_nmpc_node]: [attach-window] t=16.50s pos_err=0.033m T=22.13N z=2.498 m_est=2.261
[INFO] [1785417966.968217702] [acados_nmpc_node]: [attach-window] t=16.55s pos_err=0.033m T=22.13N z=2.499 m_est=2.261
[INFO] [1785417967.014547663] [acados_nmpc_node]: [attach-window] t=16.60s pos_err=0.032m T=22.13N z=2.499 m_est=2.261
[INFO] [1785417967.068253988] [acados_nmpc_node]: [attach-window] t=16.65s pos_err=0.031m T=22.13N z=2.499 m_est=2.261
[INFO] [1785417967.114626473] [acados_nmpc_node]: [attach-window] t=16.70s pos_err=0.031m T=22.13N z=2.500 m_est=2.261
[INFO] [1785417967.168110150] [acados_nmpc_node]: [attach-window] t=16.75s pos_err=0.030m T=22.13N z=2.500 m_est=2.261
[INFO] [1785417967.214415115] [acados_nmpc_node]: [attach-window] t=16.80s pos_err=0.029m T=22.13N z=2.500 m_est=2.261
[INFO] [1785417967.268120697] [acados_nmpc_node]: [attach-window] t=16.85s pos_err=0.027m T=22.12N z=2.501 m_est=2.261
[INFO] [1785417967.314377461] [acados_nmpc_node]: [attach-window] t=16.90s pos_err=0.025m T=22.12N z=2.501 m_est=2.261
[INFO] [1785417967.368102181] [acados_nmpc_node]: [attach-window] t=16.95s pos_err=0.022m T=22.12N z=2.501 m_est=2.261
[INFO] [1785417967.414355124] [acados_nmpc_node]: [attach-window] t=17.00s pos_err=0.020m T=22.11N z=2.502 m_est=2.261
[INFO] [1785417967.467879641] [acados_nmpc_node]: [attach-window] t=17.05s pos_err=0.018m T=22.11N z=2.502 m_est=2.261
[INFO] [1785417967.514463770] [acados_nmpc_node]: [attach-window] t=17.10s pos_err=0.016m T=22.10N z=2.503 m_est=2.261
[INFO] [1785417967.567983499] [acados_nmpc_node]: [attach-window] t=17.15s pos_err=0.014m T=22.11N z=2.503 m_est=2.261
[INFO] [1785417967.614322831] [acados_nmpc_node]: [attach-window] t=17.20s pos_err=0.013m T=22.11N z=2.504 m_est=2.261
[INFO] [1785417967.668007753] [acados_nmpc_node]: [attach-window] t=17.25s pos_err=0.010m T=22.10N z=2.504 m_est=2.260
[INFO] [1785417967.714302816] [acados_nmpc_node]: [attach-window] t=17.30s pos_err=0.009m T=22.10N z=2.505 m_est=2.260
[INFO] [1785417967.768013560] [acados_nmpc_node]: [attach-window] t=17.35s pos_err=0.007m T=22.10N z=2.505 m_est=2.260
[INFO] [1785417967.814336485] [acados_nmpc_node]: [attach-window] t=17.40s pos_err=0.006m T=22.10N z=2.506 m_est=2.260
[INFO] [1785417967.868138543] [acados_nmpc_node]: [attach-window] t=17.45s pos_err=0.007m T=22.10N z=2.506 m_est=2.260
[INFO] [1785417967.914554533] [acados_nmpc_node]: [attach-window] t=17.50s pos_err=0.007m T=22.10N z=2.507 m_est=2.260
[INFO] [1785417967.968261734] [acados_nmpc_node]: [attach-window] t=17.55s pos_err=0.009m T=22.10N z=2.507 m_est=2.260
[INFO] [1785417968.014553262] [acados_nmpc_node]: [attach-window] t=17.60s pos_err=0.010m T=22.10N z=2.507 m_est=2.260
[INFO] [1785417968.068270985] [acados_nmpc_node]: [attach-window] t=17.65s pos_err=0.013m T=22.10N z=2.508 m_est=2.259
[INFO] [1785417968.114573724] [acados_nmpc_node]: [attach-window] t=17.70s pos_err=0.014m T=22.10N z=2.508 m_est=2.259
[INFO] [1785417968.168389218] [acados_nmpc_node]: [attach-window] t=17.75s pos_err=0.016m T=22.10N z=2.509 m_est=2.259
[INFO] [1785417968.214620690] [acados_nmpc_node]: [attach-window] t=17.80s pos_err=0.017m T=22.11N z=2.509 m_est=2.259
[INFO] [1785417968.266907308] [acados_nmpc_node]: [attach-window] t=17.85s pos_err=0.020m T=22.11N z=2.509 m_est=2.259
[INFO] [1785417968.314676780] [acados_nmpc_node]: [attach-window] t=17.90s pos_err=0.021m T=22.12N z=2.509 m_est=2.259
[INFO] [1785417968.368226916] [acados_nmpc_node]: [attach-window] t=17.95s pos_err=0.023m T=22.13N z=2.509 m_est=2.259
[INFO] [1785417968.414559129] [acados_nmpc_node]: [attach-window] t=18.00s pos_err=0.024m T=22.13N z=2.509 m_est=2.259
[INFO] [1785417968.468087444] [acados_nmpc_node]: [attach-window] t=18.05s pos_err=0.025m T=22.15N z=2.508 m_est=2.259
[INFO] [1785417968.514554709] [acados_nmpc_node]: [attach-window] t=18.10s pos_err=0.026m T=22.16N z=2.508 m_est=2.259
[INFO] [1785417968.568020233] [acados_nmpc_node]: [attach-window] t=18.15s pos_err=0.026m T=22.18N z=2.507 m_est=2.260
[INFO] [1785417968.614588293] [acados_nmpc_node]: [attach-window] t=18.20s pos_err=0.027m T=22.19N z=2.506 m_est=2.260
[INFO] [1785417968.668251663] [acados_nmpc_node]: [attach-window] t=18.25s pos_err=0.027m T=22.21N z=2.505 m_est=2.260
[INFO] [1785417968.714462113] [acados_nmpc_node]: [attach-window] t=18.30s pos_err=0.027m T=22.22N z=2.504 m_est=2.260
[INFO] [1785417968.768086606] [acados_nmpc_node]: [attach-window] t=18.35s pos_err=0.027m T=22.23N z=2.503 m_est=2.260
[INFO] [1785417968.814356356] [acados_nmpc_node]: [attach-window] t=18.40s pos_err=0.026m T=22.23N z=2.502 m_est=2.260
[INFO] [1785417968.868358162] [acados_nmpc_node]: [attach-window] t=18.45s pos_err=0.026m T=22.24N z=2.501 m_est=2.260
[INFO] [1785417968.914368481] [acados_nmpc_node]: [attach-window] t=18.50s pos_err=0.026m T=22.23N z=2.501 m_est=2.260
[INFO] [1785417968.968284803] [acados_nmpc_node]: [attach-window] t=18.55s pos_err=0.025m T=22.22N z=2.500 m_est=2.261
[INFO] [1785417969.014417435] [acados_nmpc_node]: [attach-window] t=18.60s pos_err=0.025m T=22.21N z=2.500 m_est=2.261
[INFO] [1785417969.068523292] [acados_nmpc_node]: [attach-window] t=18.65s pos_err=0.024m T=22.20N z=2.500 m_est=2.261
[INFO] [1785417969.114743171] [acados_nmpc_node]: [attach-window] t=18.70s pos_err=0.024m T=22.19N z=2.500 m_est=2.261
[INFO] [1785417969.168181668] [acados_nmpc_node]: [attach-window] t=18.75s pos_err=0.023m T=22.17N z=2.500 m_est=2.262
[INFO] [1785417969.214370125] [acados_nmpc_node]: [attach-window] t=18.80s pos_err=0.022m T=22.17N z=2.500 m_est=2.262
[INFO] [1785417969.268183992] [acados_nmpc_node]: [attach-window] t=18.85s pos_err=0.021m T=22.16N z=2.500 m_est=2.262
[INFO] [1785417969.314401796] [acados_nmpc_node]: [attach-window] t=18.90s pos_err=0.020m T=22.15N z=2.500 m_est=2.262
[INFO] [1785417969.368050858] [acados_nmpc_node]: [attach-window] t=18.95s pos_err=0.018m T=22.15N z=2.501 m_est=2.262
[INFO] [1785417969.414374388] [acados_nmpc_node]: [attach-window] t=19.00s pos_err=0.017m T=22.15N z=2.501 m_est=2.262
[INFO] [1785417969.468138147] [acados_nmpc_node]: [attach-window] t=19.05s pos_err=0.016m T=22.14N z=2.501 m_est=2.262
[INFO] [1785417969.514291787] [acados_nmpc_node]: [attach-window] t=19.10s pos_err=0.016m T=22.13N z=2.501 m_est=2.262
[INFO] [1785417969.568176672] [acados_nmpc_node]: [attach-window] t=19.15s pos_err=0.014m T=22.12N z=2.502 m_est=2.262
[INFO] [1785417969.614463354] [acados_nmpc_node]: [attach-window] t=19.20s pos_err=0.014m T=22.11N z=2.502 m_est=2.262
[INFO] [1785417969.668314543] [acados_nmpc_node]: [attach-window] t=19.25s pos_err=0.013m T=22.09N z=2.504 m_est=2.262
[INFO] [1785417969.714352309] [acados_nmpc_node]: [attach-window] t=19.30s pos_err=0.013m T=22.08N z=2.504 m_est=2.262
[INFO] [1785417969.768301886] [acados_nmpc_node]: [attach-window] t=19.35s pos_err=0.013m T=22.07N z=2.506 m_est=2.262
[INFO] [1785417969.814374286] [acados_nmpc_node]: [attach-window] t=19.40s pos_err=0.013m T=22.06N z=2.506 m_est=2.262
[INFO] [1785417969.868562294] [acados_nmpc_node]: [attach-window] t=19.45s pos_err=0.014m T=22.05N z=2.508 m_est=2.261
[INFO] [1785417969.914879141] [acados_nmpc_node]: [attach-window] t=19.50s pos_err=0.014m T=22.04N z=2.508 m_est=2.261
[INFO] [1785417969.968595510] [acados_nmpc_node]: [attach-window] t=19.55s pos_err=0.015m T=22.04N z=2.510 m_est=2.261
[INFO] [1785417970.013986353] [acados_nmpc_node]: [attach-window] t=19.60s pos_err=0.016m T=22.04N z=2.510 m_est=2.261
[INFO] [1785417970.066591947] [acados_nmpc_node]: [attach-window] t=19.65s pos_err=0.017m T=22.05N z=2.511 m_est=2.260
[INFO] [1785417970.114228611] [acados_nmpc_node]: [attach-window] t=19.70s pos_err=0.018m T=22.06N z=2.511 m_est=2.260
[INFO] [1785417970.166562891] [acados_nmpc_node]: [attach-window] t=19.75s pos_err=0.019m T=22.08N z=2.512 m_est=2.260
[INFO] [1785417970.214295986] [acados_nmpc_node]: [attach-window] t=19.80s pos_err=0.019m T=22.10N z=2.512 m_est=2.260
[INFO] [1785417970.266547219] [acados_nmpc_node]: [attach-window] t=19.85s pos_err=0.020m T=22.12N z=2.511 m_est=2.260
[INFO] [1785417970.314379015] [acados_nmpc_node]: [attach-window] t=19.90s pos_err=0.020m T=22.13N z=2.511 m_est=2.260
[INFO] [1785417970.368127726] [acados_nmpc_node]: [attach-window] t=19.95s pos_err=0.020m T=22.15N z=2.511 m_est=2.259
[INFO] [1785417970.414319559] [acados_nmpc_node]: [attach-window] t=20.00s pos_err=0.020m T=22.16N z=2.510 m_est=2.259
[INFO] [1785417970.468060915] [acados_nmpc_node]: [attach-window] t=20.05s pos_err=0.020m T=22.17N z=2.509 m_est=2.259
[INFO] [1785417970.514467501] [acados_nmpc_node]: [attach-window] t=20.10s pos_err=0.020m T=22.18N z=2.509 m_est=2.259
[INFO] [1785417970.568147147] [acados_nmpc_node]: [attach-window] t=20.15s pos_err=0.019m T=22.18N z=2.509 m_est=2.259
[INFO] [1785417970.614428233] [acados_nmpc_node]: [attach-window] t=20.20s pos_err=0.018m T=22.18N z=2.508 m_est=2.259
[INFO] [1785417970.668292333] [acados_nmpc_node]: [attach-window] t=20.25s pos_err=0.017m T=22.18N z=2.508 m_est=2.259
[INFO] [1785417970.714353338] [acados_nmpc_node]: [attach-window] t=20.30s pos_err=0.016m T=22.18N z=2.508 m_est=2.259
[INFO] [1785417970.768370272] [acados_nmpc_node]: [attach-window] t=20.35s pos_err=0.015m T=22.18N z=2.507 m_est=2.260
[INFO] [1785417970.814363488] [acados_nmpc_node]: [attach-window] t=20.40s pos_err=0.014m T=22.19N z=2.507 m_est=2.260
[INFO] [1785417970.868225857] [acados_nmpc_node]: [attach-window] t=20.45s pos_err=0.013m T=22.19N z=2.506 m_est=2.260
[INFO] [1785417970.914372808] [acados_nmpc_node]: [attach-window] t=20.50s pos_err=0.012m T=22.19N z=2.506 m_est=2.260
[INFO] [1785417970.968245388] [acados_nmpc_node]: [attach-window] t=20.55s pos_err=0.010m T=22.19N z=2.506 m_est=2.260
[INFO] [1785417971.014383643] [acados_nmpc_node]: [attach-window] t=20.60s pos_err=0.010m T=22.19N z=2.505 m_est=2.260
[INFO] [1785417971.068216493] [acados_nmpc_node]: [attach-window] t=20.65s pos_err=0.008m T=22.19N z=2.505 m_est=2.261
[INFO] [1785417971.114774999] [acados_nmpc_node]: [attach-window] t=20.70s pos_err=0.008m T=22.19N z=2.504 m_est=2.261
[INFO] [1785417971.115266054] [acados_nmpc_node]: t=20.7s | pos_err=0.008m | T=22.19N | tau=[r-0.266 p0.073 y-0.004]Nm | res_stat=3.039e-07(peak 9.775e-07) sqp_iter=3 | solve=1.5ms
[INFO] [1785417971.168339324] [acados_nmpc_node]: [attach-window] t=20.75s pos_err=0.007m T=22.19N z=2.504 m_est=2.261
[INFO] [1785417971.214609118] [acados_nmpc_node]: [attach-window] t=20.80s pos_err=0.007m T=22.19N z=2.503 m_est=2.261
[INFO] [1785417971.268451406] [acados_nmpc_node]: [attach-window] t=20.85s pos_err=0.008m T=22.20N z=2.503 m_est=2.261
[INFO] [1785417971.314668728] [acados_nmpc_node]: [attach-window] t=20.90s pos_err=0.008m T=22.20N z=2.502 m_est=2.261
[INFO] [1785417971.368285642] [acados_nmpc_node]: [attach-window] t=20.95s pos_err=0.009m T=22.21N z=2.501 m_est=2.262
[INFO] [1785417971.414411199] [acados_nmpc_node]: [attach-window] t=21.00s pos_err=0.010m T=22.20N z=2.501 m_est=2.262
[INFO] [1785417971.468343266] [acados_nmpc_node]: [attach-window] t=21.05s pos_err=0.011m T=22.20N z=2.500 m_est=2.262
[INFO] [1785417971.514483462] [acados_nmpc_node]: [attach-window] t=21.10s pos_err=0.011m T=22.20N z=2.500 m_est=2.262
[INFO] [1785417971.568431216] [acados_nmpc_node]: [attach-window] t=21.15s pos_err=0.011m T=22.21N z=2.499 m_est=2.262
[INFO] [1785417971.614390727] [acados_nmpc_node]: [attach-window] t=21.20s pos_err=0.010m T=22.21N z=2.499 m_est=2.262
[INFO] [1785417971.668581533] [acados_nmpc_node]: [attach-window] t=21.25s pos_err=0.010m T=22.21N z=2.498 m_est=2.262
[INFO] [1785417971.713837391] [acados_nmpc_node]: [attach-window] t=21.30s pos_err=0.009m T=22.20N z=2.498 m_est=2.262
[INFO] [1785417971.766420969] [acados_nmpc_node]: [attach-window] t=21.35s pos_err=0.008m T=22.19N z=2.498 m_est=2.263
[INFO] [1785417971.814001846] [acados_nmpc_node]: [attach-window] t=21.40s pos_err=0.008m T=22.19N z=2.498 m_est=2.263
[ros2run]: Killed
