[INFO] [1785423754.397078889] [acados_nmpc_node]: acados NMPC node starting, building/loading solver...
Code reuse possible, skipping code generation.
acados was compiled without OpenMP.
[INFO] [1785423754.407558782] [acados_nmpc_node]: GRIPPER MODE: hover over box (1.0,0.1) z 0.55->2.5m, lift after 1.5s, empty m_est=2.06kg
[INFO] [1785423754.407977708] [acados_nmpc_node]: Warming up acados solver...
[INFO] [1785423754.413926078] [acados_nmpc_node]: Solver warmup complete, took 5.5 ms
[INFO] [1785423754.420975397] [acados_nmpc_node]: Decoupled publish enabled: solve @20Hz, body_rate/thrust @50Hz (trajectory interpolation)
[INFO] [1785423754.421480713] [acados_nmpc_node]: acados NMPC node initialized! Waiting for EKF2 convergence...
[INFO] [1785423764.422093941] [acados_nmpc_node]: Waiting for EKF2 convergence... 5/10 s
[INFO] [1785423769.422497724] [acados_nmpc_node]: Waiting for EKF2 convergence... 10/10 s
[INFO] [1785423769.470924791] [acados_nmpc_node]: Switching to OFFBOARD mode
[INFO] [1785423770.322737428] [acados_nmpc_node]: Sending arm command
[INFO] [1785423771.321854368] [acados_nmpc_node]: Armed, preparing to move to trajectory start...
[INFO] [1785423773.770934728] [acados_nmpc_node]: Gripper approach (climb): rising at spawn to z=1.50m | z=0.05m v=0.43m/s
[INFO] [1785423776.270902437] [acados_nmpc_node]: Gripper approach (climb): rising at spawn to z=1.50m | z=1.01m v=0.22m/s
[INFO] [1785423778.223284803] [acados_nmpc_node]: Gripper approach: climbed to safe altitude at spawn, now translating over box
[INFO] [1785423778.770925797] [acados_nmpc_node]: Gripper approach (high): aligning over box at z=1.50m | xy=0.921m z_err=0.147m v=0.39m/s
[INFO] [1785423780.470828554] [acados_nmpc_node]: Gripper approach: aligned above box, NMPC will take over here (z=1.50m), settle 3.0s then descend to z=0.55m to trigger attach
[INFO] [1785423780.522617697] [acados_nmpc_node]: Reached trajectory start, NMPC tracking begins!
[INFO] [1785423781.225229220] [acados_nmpc_node]: t=0.7s | pos_err=0.048m | T=20.03N | tau=[r-0.009 p0.008 y-0.014]Nm | res_stat=1.289e-07(peak 9.879e-07) sqp_iter=3 | solve=1.5ms
[INFO] [1785423783.523687800] [acados_nmpc_node]: t=3.0s | DESCEND: settle done, lowering 1.5->0.55m, will enable gripper at bottom
[INFO] [1785423786.223968700] [acados_nmpc_node]: t=5.7s | pos_err=0.063m | T=20.34N | tau=[r0.000 p0.001 y-0.000]Nm | res_stat=4.753e-08(peak 9.889e-07) sqp_iter=3 | solve=1.1ms
[INFO] [1785423787.123667110] [acados_nmpc_node]: t=6.6s | DESCEND done at z=0.567m (target 0.550m, z_err=0.017m, v=0.05m/s), gripper ENABLED (attach will trigger now)
[INFO] [1785423787.179894947] [acados_nmpc_node]: attach offset received: box-drone = [+0.001, -0.100, -0.531] m
[INFO] [1785423787.223768876] [acados_nmpc_node]: PX4 MC_ROLLRATE_K: 1.000 -> 5.000 (inertia ratio 5.07, cap 5.0)
[INFO] [1785423787.223988318] [acados_nmpc_node]: PX4 MC_PITCHRATE_K: 1.000 -> 5.000 (inertia ratio 5.07, cap 5.0)
[INFO] [1785423787.224186679] [acados_nmpc_node]: t=6.7s | ATTACH (geom_source=online): dJ/gain init from prior m_p=0.30kg arm=0.47m (dJ=0.0579); c_xy+dJ refine online, attach truth eval-only
[INFO] [1785423787.226408438] [acados_nmpc_node]: [attach-window] t=6.70s pos_err=0.018m T=19.55N z=0.565 m_est=2.020
[INFO] [1785423787.272708830] [acados_nmpc_node]: [attach-window] t=6.75s pos_err=0.019m T=19.54N z=0.565 m_est=2.020
[INFO] [1785423787.325724164] [acados_nmpc_node]: [attach-window] t=6.80s pos_err=0.020m T=19.55N z=0.566 m_est=2.023
[INFO] [1785423787.372860163] [acados_nmpc_node]: [attach-window] t=6.85s pos_err=0.021m T=19.52N z=0.567 m_est=2.023
[INFO] [1785423787.425583605] [acados_nmpc_node]: [attach-window] t=6.90s pos_err=0.023m T=19.50N z=0.568 m_est=2.023
[INFO] [1785423787.472720071] [acados_nmpc_node]: [attach-window] t=6.95s pos_err=0.024m T=19.48N z=0.569 m_est=2.022
[INFO] [1785423787.525634676] [acados_nmpc_node]: [attach-window] t=7.00s pos_err=0.025m T=19.44N z=0.570 m_est=2.021
[INFO] [1785423787.572740614] [acados_nmpc_node]: [attach-window] t=7.05s pos_err=0.026m T=19.43N z=0.571 m_est=2.021
[INFO] [1785423787.625883532] [acados_nmpc_node]: [attach-window] t=7.10s pos_err=0.027m T=19.39N z=0.571 m_est=2.019
[INFO] [1785423787.672697417] [acados_nmpc_node]: [attach-window] t=7.15s pos_err=0.028m T=19.38N z=0.572 m_est=2.019
[INFO] [1785423787.725661451] [acados_nmpc_node]: [attach-window] t=7.20s pos_err=0.029m T=19.34N z=0.573 m_est=2.017
[INFO] [1785423787.772753472] [acados_nmpc_node]: [attach-window] t=7.25s pos_err=0.030m T=19.33N z=0.573 m_est=2.017
[INFO] [1785423787.826060736] [acados_nmpc_node]: [attach-window] t=7.30s pos_err=0.031m T=19.29N z=0.573 m_est=2.014
[INFO] [1785423787.872656375] [acados_nmpc_node]: [attach-window] t=7.35s pos_err=0.031m T=19.29N z=0.573 m_est=2.014
[INFO] [1785423787.925634783] [acados_nmpc_node]: [attach-window] t=7.40s pos_err=0.032m T=19.24N z=0.574 m_est=2.010
[INFO] [1785423787.973005916] [acados_nmpc_node]: [attach-window] t=7.45s pos_err=0.032m T=19.24N z=0.574 m_est=2.010
[INFO] [1785423788.025755771] [acados_nmpc_node]: [attach-window] t=7.50s pos_err=0.033m T=19.23N z=0.574 m_est=2.010
[INFO] [1785423788.072738360] [acados_nmpc_node]: [attach-window] t=7.55s pos_err=0.034m T=19.18N z=0.574 m_est=2.005
[INFO] [1785423788.125645593] [acados_nmpc_node]: [attach-window] t=7.60s pos_err=0.035m T=19.12N z=0.575 m_est=2.000
[INFO] [1785423788.172728519] [acados_nmpc_node]: [attach-window] t=7.65s pos_err=0.036m T=19.11N z=0.575 m_est=2.000
[INFO] [1785423788.225814194] [acados_nmpc_node]: [attach-window] t=7.70s pos_err=0.037m T=19.03N z=0.576 m_est=1.994
[INFO] [1785423788.272839174] [acados_nmpc_node]: [attach-window] t=7.75s pos_err=0.038m T=19.01N z=0.577 m_est=1.994
[INFO] [1785423788.325629475] [acados_nmpc_node]: [attach-window] t=7.80s pos_err=0.039m T=18.93N z=0.578 m_est=1.988
[INFO] [1785423788.372708883] [acados_nmpc_node]: [attach-window] t=7.85s pos_err=0.040m T=18.91N z=0.579 m_est=1.988
[INFO] [1785423788.425745017] [acados_nmpc_node]: [attach-window] t=7.90s pos_err=0.040m T=18.89N z=0.580 m_est=1.988
[INFO] [1785423788.472957123] [acados_nmpc_node]: [attach-window] t=7.95s pos_err=0.040m T=18.82N z=0.580 m_est=1.981
[INFO] [1785423788.526056765] [acados_nmpc_node]: [attach-window] t=8.00s pos_err=0.041m T=18.80N z=0.581 m_est=1.981
[INFO] [1785423788.572689672] [acados_nmpc_node]: [attach-window] t=8.05s pos_err=0.041m T=18.72N z=0.581 m_est=1.974
[INFO] [1785423788.626211328] [acados_nmpc_node]: [attach-window] t=8.10s pos_err=0.041m T=18.71N z=0.582 m_est=1.974
[INFO] [1785423788.673120526] [acados_nmpc_node]: [attach-window] t=8.15s pos_err=0.041m T=18.62N z=0.583 m_est=1.966
[INFO] [1785423788.724289397] [acados_nmpc_node]: [attach-window] t=8.20s pos_err=0.041m T=18.65N z=0.583 m_est=1.971
[INFO] [1785423788.770882217] [acados_nmpc_node]: t=8.2s | LIFT: raising hover 0.55->2.5m to lift payload
[INFO] [1785423788.772534602] [acados_nmpc_node]: [attach-window] t=8.25s pos_err=0.041m T=18.65N z=0.584 m_est=1.971
[INFO] [1785423788.824087785] [acados_nmpc_node]: [attach-window] t=8.30s pos_err=0.041m T=18.55N z=0.585 m_est=1.961
[INFO] [1785423788.872309886] [acados_nmpc_node]: [attach-window] t=8.35s pos_err=0.040m T=18.56N z=0.585 m_est=1.961
[INFO] [1785423788.924004539] [acados_nmpc_node]: [attach-window] t=8.40s pos_err=0.038m T=18.60N z=0.587 m_est=1.961
[INFO] [1785423788.972076627] [acados_nmpc_node]: [attach-window] t=8.45s pos_err=0.035m T=18.67N z=0.587 m_est=1.961
[INFO] [1785423789.025710635] [acados_nmpc_node]: [attach-window] t=8.50s pos_err=0.031m T=18.78N z=0.589 m_est=1.961
[INFO] [1785423789.072721256] [acados_nmpc_node]: [attach-window] t=8.55s pos_err=0.026m T=18.93N z=0.589 m_est=1.961
[INFO] [1785423789.125698273] [acados_nmpc_node]: [attach-window] t=8.60s pos_err=0.023m T=19.13N z=0.590 m_est=1.961
[INFO] [1785423789.172682408] [acados_nmpc_node]: [attach-window] t=8.65s pos_err=0.026m T=19.37N z=0.591 m_est=1.961
[INFO] [1785423789.225767294] [acados_nmpc_node]: [attach-window] t=8.70s pos_err=0.036m T=19.68N z=0.593 m_est=1.961
[INFO] [1785423789.272743445] [acados_nmpc_node]: [attach-window] t=8.75s pos_err=0.051m T=20.01N z=0.593 m_est=1.961
[INFO] [1785423789.325891921] [acados_nmpc_node]: [attach-window] t=8.80s pos_err=0.073m T=20.44N z=0.595 m_est=1.961
[INFO] [1785423789.372889187] [acados_nmpc_node]: [attach-window] t=8.85s pos_err=0.095m T=20.88N z=0.596 m_est=1.961
[INFO] [1785423789.425860821] [acados_nmpc_node]: [attach-window] t=8.90s pos_err=0.125m T=21.44N z=0.597 m_est=1.961
[INFO] [1785423789.472725710] [acados_nmpc_node]: [attach-window] t=8.95s pos_err=0.154m T=22.00N z=0.598 m_est=1.961
[INFO] [1785423789.526074035] [acados_nmpc_node]: [attach-window] t=9.00s pos_err=0.190m T=22.68N z=0.599 m_est=1.961
[INFO] [1785423789.572944706] [acados_nmpc_node]: [attach-window] t=9.05s pos_err=0.226m T=23.34N z=0.600 m_est=1.961
[INFO] [1785423789.625999429] [acados_nmpc_node]: [attach-window] t=9.10s pos_err=0.269m T=24.14N z=0.601 m_est=1.961
[INFO] [1785423789.672936493] [acados_nmpc_node]: [attach-window] t=9.15s pos_err=0.310m T=24.89N z=0.601 m_est=1.961
[INFO] [1785423789.725995057] [acados_nmpc_node]: [attach-window] t=9.20s pos_err=0.358m T=25.66N z=0.602 m_est=1.966
[INFO] [1785423789.773043440] [acados_nmpc_node]: [attach-window] t=9.25s pos_err=0.403m T=26.24N z=0.603 m_est=1.966
[INFO] [1785423789.826326049] [acados_nmpc_node]: [attach-window] t=9.30s pos_err=0.453m T=26.84N z=0.608 m_est=1.991
[INFO] [1785423789.873008844] [acados_nmpc_node]: [attach-window] t=9.35s pos_err=0.498m T=27.35N z=0.613 m_est=1.991
[INFO] [1785423789.926055274] [acados_nmpc_node]: [attach-window] t=9.40s pos_err=0.545m T=27.63N z=0.625 m_est=2.018
[INFO] [1785423789.973249476] [acados_nmpc_node]: [attach-window] t=9.45s pos_err=0.587m T=27.79N z=0.636 m_est=2.018
[INFO] [1785423790.026090794] [acados_nmpc_node]: [attach-window] t=9.50s pos_err=0.626m T=27.71N z=0.658 m_est=2.046
[INFO] [1785423790.072994996] [acados_nmpc_node]: [attach-window] t=9.55s pos_err=0.668m T=27.95N z=0.672 m_est=2.046
[INFO] [1785423790.126130762] [acados_nmpc_node]: [attach-window] t=9.60s pos_err=0.698m T=27.65N z=0.706 m_est=2.072
[INFO] [1785423790.172998938] [acados_nmpc_node]: [attach-window] t=9.65s pos_err=0.730m T=27.54N z=0.731 m_est=2.072
[INFO] [1785423790.226193003] [acados_nmpc_node]: [attach-window] t=9.70s pos_err=0.749m T=27.04N z=0.776 m_est=2.095
[INFO] [1785423790.273041090] [acados_nmpc_node]: [attach-window] t=9.75s pos_err=0.781m T=27.13N z=0.801 m_est=2.095
[INFO] [1785423790.325924007] [acados_nmpc_node]: [attach-window] t=9.80s pos_err=0.791m T=26.53N z=0.856 m_est=2.115
[INFO] [1785423790.372985417] [acados_nmpc_node]: [attach-window] t=9.85s pos_err=0.811m T=26.33N z=0.892 m_est=2.115
[INFO] [1785423790.426127767] [acados_nmpc_node]: [attach-window] t=9.90s pos_err=0.810m T=25.68N z=0.956 m_est=2.131
[INFO] [1785423790.473023957] [acados_nmpc_node]: [attach-window] t=9.95s pos_err=0.823m T=25.48N z=0.998 m_est=2.131
[INFO] [1785423790.526046838] [acados_nmpc_node]: [attach-window] t=10.00s pos_err=0.813m T=24.74N z=1.068 m_est=2.131
[INFO] [1785423790.572988560] [acados_nmpc_node]: [attach-window] t=10.05s pos_err=0.829m T=24.93N z=1.104 m_est=2.144
[INFO] [1785423790.626042081] [acados_nmpc_node]: [attach-window] t=10.10s pos_err=0.813m T=24.33N z=1.178 m_est=2.150
[INFO] [1785423790.672759481] [acados_nmpc_node]: [attach-window] t=10.15s pos_err=0.814m T=24.16N z=1.225 m_est=2.150
[INFO] [1785423790.726056040] [acados_nmpc_node]: [attach-window] t=10.20s pos_err=0.791m T=23.69N z=1.300 m_est=2.168
[INFO] [1785423790.772837123] [acados_nmpc_node]: [attach-window] t=10.25s pos_err=0.797m T=23.75N z=1.338 m_est=2.168
[INFO] [1785423790.826015280] [acados_nmpc_node]: [attach-window] t=10.30s pos_err=0.768m T=23.33N z=1.415 m_est=2.189
[INFO] [1785423790.872773482] [acados_nmpc_node]: [attach-window] t=10.35s pos_err=0.768m T=23.35N z=1.453 m_est=2.189
[INFO] [1785423790.925928208] [acados_nmpc_node]: [attach-window] t=10.40s pos_err=0.734m T=22.91N z=1.528 m_est=2.207
[INFO] [1785423790.972734173] [acados_nmpc_node]: [attach-window] t=10.45s pos_err=0.721m T=22.72N z=1.575 m_est=2.207
[INFO] [1785423791.025851662] [acados_nmpc_node]: [attach-window] t=10.50s pos_err=0.682m T=22.30N z=1.649 m_est=2.223
[INFO] [1785423791.072653446] [acados_nmpc_node]: [attach-window] t=10.55s pos_err=0.674m T=22.28N z=1.685 m_est=2.223
[INFO] [1785423791.125890021] [acados_nmpc_node]: [attach-window] t=10.60s pos_err=0.632m T=21.91N z=1.756 m_est=2.234
[INFO] [1785423791.172713629] [acados_nmpc_node]: [attach-window] t=10.65s pos_err=0.611m T=21.75N z=1.799 m_est=2.234
[INFO] [1785423791.225859295] [acados_nmpc_node]: [attach-window] t=10.70s pos_err=0.565m T=21.43N z=1.865 m_est=2.243
[INFO] [1785423791.226342401] [acados_nmpc_node]: t=10.7s | pos_err=0.565m | T=21.43N | tau=[r-0.184 p0.068 y-0.005]Nm | res_stat=9.072e-07(peak 9.889e-07) sqp_iter=3 | solve=1.5ms
[INFO] [1785423791.272792693] [acados_nmpc_node]: [attach-window] t=10.75s pos_err=0.550m T=21.39N z=1.898 m_est=2.243
[INFO] [1785423791.325822089] [acados_nmpc_node]: [attach-window] t=10.80s pos_err=0.504m T=21.14N z=1.959 m_est=2.249
[INFO] [1785423791.372783121] [acados_nmpc_node]: [attach-window] t=10.85s pos_err=0.478m T=21.05N z=1.995 m_est=2.249
[INFO] [1785423791.426145879] [acados_nmpc_node]: [attach-window] t=10.90s pos_err=0.434m T=20.90N z=2.050 m_est=2.253
[INFO] [1785423791.472716308] [acados_nmpc_node]: [attach-window] t=10.95s pos_err=0.414m T=20.89N z=2.075 m_est=2.253
[INFO] [1785423791.525818327] [acados_nmpc_node]: [attach-window] t=11.00s pos_err=0.367m T=20.83N z=2.128 m_est=2.255
[INFO] [1785423791.572679121] [acados_nmpc_node]: [attach-window] t=11.05s pos_err=0.348m T=20.84N z=2.150 m_est=2.255
[INFO] [1785423791.626209657] [acados_nmpc_node]: [attach-window] t=11.10s pos_err=0.310m T=20.89N z=2.189 m_est=2.257
[INFO] [1785423791.673076510] [acados_nmpc_node]: [attach-window] t=11.15s pos_err=0.289m T=20.94N z=2.211 m_est=2.257
[INFO] [1785423791.726051484] [acados_nmpc_node]: [attach-window] t=11.20s pos_err=0.261m T=21.07N z=2.239 m_est=2.259
[INFO] [1785423791.772977896] [acados_nmpc_node]: [attach-window] t=11.25s pos_err=0.243m T=21.17N z=2.257 m_est=2.259
[INFO] [1785423791.826133798] [acados_nmpc_node]: [attach-window] t=11.30s pos_err=0.218m T=21.38N z=2.282 m_est=2.263
[INFO] [1785423791.873074605] [acados_nmpc_node]: [attach-window] t=11.35s pos_err=0.204m T=21.50N z=2.296 m_est=2.263
[INFO] [1785423791.924343760] [acados_nmpc_node]: [attach-window] t=11.40s pos_err=0.187m T=21.73N z=2.314 m_est=2.269
[INFO] [1785423791.972348737] [acados_nmpc_node]: [attach-window] t=11.45s pos_err=0.176m T=21.85N z=2.324 m_est=2.269
[INFO] [1785423792.024693799] [acados_nmpc_node]: [attach-window] t=11.50s pos_err=0.161m T=22.10N z=2.339 m_est=2.277
[INFO] [1785423792.072669000] [acados_nmpc_node]: [attach-window] t=11.55s pos_err=0.154m T=22.18N z=2.346 m_est=2.277
[INFO] [1785423792.125990463] [acados_nmpc_node]: [attach-window] t=11.60s pos_err=0.142m T=22.39N z=2.358 m_est=2.286
[INFO] [1785423792.172689152] [acados_nmpc_node]: [attach-window] t=11.65s pos_err=0.136m T=22.47N z=2.365 m_est=2.286
[INFO] [1785423792.225910765] [acados_nmpc_node]: [attach-window] t=11.70s pos_err=0.126m T=22.65N z=2.374 m_est=2.296
[INFO] [1785423792.272716765] [acados_nmpc_node]: [attach-window] t=11.75s pos_err=0.122m T=22.69N z=2.378 m_est=2.296
[INFO] [1785423792.324305126] [acados_nmpc_node]: [attach-window] t=11.80s pos_err=0.114m T=22.82N z=2.386 m_est=2.306
[INFO] [1785423792.372308604] [acados_nmpc_node]: [attach-window] t=11.85s pos_err=0.109m T=22.83N z=2.391 m_est=2.306
[INFO] [1785423792.423963934] [acados_nmpc_node]: [attach-window] t=11.90s pos_err=0.102m T=22.92N z=2.398 m_est=2.316
[INFO] [1785423792.471936620] [acados_nmpc_node]: [attach-window] t=11.95s pos_err=0.097m T=22.90N z=2.403 m_est=2.316
[INFO] [1785423792.524210281] [acados_nmpc_node]: [attach-window] t=12.00s pos_err=0.090m T=22.96N z=2.410 m_est=2.326
[INFO] [1785423792.571920429] [acados_nmpc_node]: [attach-window] t=12.05s pos_err=0.087m T=22.94N z=2.413 m_est=2.326
[INFO] [1785423792.624242554] [acados_nmpc_node]: [attach-window] t=12.10s pos_err=0.080m T=22.97N z=2.420 m_est=2.335
[INFO] [1785423792.671936365] [acados_nmpc_node]: [attach-window] t=12.15s pos_err=0.077m T=22.94N z=2.423 m_est=2.335
[INFO] [1785423792.724345402] [acados_nmpc_node]: [attach-window] t=12.20s pos_err=0.070m T=22.95N z=2.430 m_est=2.342
[INFO] [1785423792.771980130] [acados_nmpc_node]: [attach-window] t=12.25s pos_err=0.066m T=22.92N z=2.434 m_est=2.342
[INFO] [1785423792.823823605] [acados_nmpc_node]: [attach-window] t=12.30s pos_err=0.060m T=22.93N z=2.441 m_est=2.348
[INFO] [1785423792.872556251] [acados_nmpc_node]: [attach-window] t=12.35s pos_err=0.056m T=22.89N z=2.445 m_est=2.348
[INFO] [1785423792.924047896] [acados_nmpc_node]: [attach-window] t=12.40s pos_err=0.049m T=22.89N z=2.451 m_est=2.353
[INFO] [1785423792.971934483] [acados_nmpc_node]: [attach-window] t=12.45s pos_err=0.046m T=22.87N z=2.455 m_est=2.353
[INFO] [1785423793.024054169] [acados_nmpc_node]: [attach-window] t=12.50s pos_err=0.040m T=22.86N z=2.461 m_est=2.356
[INFO] [1785423793.072451962] [acados_nmpc_node]: [attach-window] t=12.55s pos_err=0.037m T=22.84N z=2.464 m_est=2.356
[INFO] [1785423793.125682282] [acados_nmpc_node]: [attach-window] t=12.60s pos_err=0.032m T=22.85N z=2.469 m_est=2.358
[INFO] [1785423793.172615006] [acados_nmpc_node]: [attach-window] t=12.65s pos_err=0.030m T=22.84N z=2.472 m_est=2.358
[INFO] [1785423793.224072725] [acados_nmpc_node]: [attach-window] t=12.70s pos_err=0.025m T=22.86N z=2.476 m_est=2.359
[INFO] [1785423793.271920827] [acados_nmpc_node]: [attach-window] t=12.75s pos_err=0.024m T=22.87N z=2.478 m_est=2.359
[INFO] [1785423793.324229157] [acados_nmpc_node]: [attach-window] t=12.80s pos_err=0.020m T=22.88N z=2.481 m_est=2.360
[INFO] [1785423793.371941295] [acados_nmpc_node]: [attach-window] t=12.85s pos_err=0.019m T=22.90N z=2.483 m_est=2.360
[INFO] [1785423793.424151481] [acados_nmpc_node]: [attach-window] t=12.90s pos_err=0.016m T=22.92N z=2.486 m_est=2.359
[INFO] [1785423793.471883853] [acados_nmpc_node]: [attach-window] t=12.95s pos_err=0.016m T=22.93N z=2.487 m_est=2.359
[INFO] [1785423793.524306437] [acados_nmpc_node]: [attach-window] t=13.00s pos_err=0.014m T=22.96N z=2.489 m_est=2.359
[INFO] [1785423793.571902369] [acados_nmpc_node]: [attach-window] t=13.05s pos_err=0.013m T=22.98N z=2.490 m_est=2.359
[INFO] [1785423793.624375730] [acados_nmpc_node]: [attach-window] t=13.10s pos_err=0.012m T=22.99N z=2.491 m_est=2.358
[INFO] [1785423793.671915292] [acados_nmpc_node]: [attach-window] t=13.15s pos_err=0.011m T=23.00N z=2.492 m_est=2.358
[INFO] [1785423793.724221566] [acados_nmpc_node]: [attach-window] t=13.20s pos_err=0.009m T=23.02N z=2.493 m_est=2.357
[INFO] [1785423793.772446044] [acados_nmpc_node]: [attach-window] t=13.25s pos_err=0.008m T=23.03N z=2.494 m_est=2.357
[INFO] [1785423793.825877121] [acados_nmpc_node]: [attach-window] t=13.30s pos_err=0.007m T=23.04N z=2.495 m_est=2.357
[INFO] [1785423793.872432745] [acados_nmpc_node]: [attach-window] t=13.35s pos_err=0.006m T=23.04N z=2.495 m_est=2.357
[INFO] [1785423793.925922522] [acados_nmpc_node]: [attach-window] t=13.40s pos_err=0.005m T=23.06N z=2.496 m_est=2.357
[INFO] [1785423793.972861870] [acados_nmpc_node]: [attach-window] t=13.45s pos_err=0.004m T=23.07N z=2.497 m_est=2.357
[INFO] [1785423794.026119291] [acados_nmpc_node]: [attach-window] t=13.50s pos_err=0.004m T=23.08N z=2.497 m_est=2.357
[INFO] [1785423794.072698180] [acados_nmpc_node]: [attach-window] t=13.55s pos_err=0.004m T=23.08N z=2.497 m_est=2.357
[INFO] [1785423794.126165265] [acados_nmpc_node]: [attach-window] t=13.60s pos_err=0.005m T=23.09N z=2.498 m_est=2.358
[INFO] [1785423794.172662040] [acados_nmpc_node]: [attach-window] t=13.65s pos_err=0.005m T=23.10N z=2.498 m_est=2.358
[INFO] [1785423794.225884129] [acados_nmpc_node]: [attach-window] t=13.70s pos_err=0.006m T=23.11N z=2.498 m_est=2.358
[INFO] [1785423794.272619785] [acados_nmpc_node]: [attach-window] t=13.75s pos_err=0.007m T=23.11N z=2.499 m_est=2.358
[INFO] [1785423794.326033790] [acados_nmpc_node]: [attach-window] t=13.80s pos_err=0.008m T=23.10N z=2.500 m_est=2.358
[INFO] [1785423794.372542830] [acados_nmpc_node]: [attach-window] t=13.85s pos_err=0.008m T=23.10N z=2.500 m_est=2.358
[INFO] [1785423794.425822329] [acados_nmpc_node]: [attach-window] t=13.90s pos_err=0.009m T=23.10N z=2.501 m_est=2.359
[INFO] [1785423794.472515820] [acados_nmpc_node]: [attach-window] t=13.95s pos_err=0.010m T=23.09N z=2.501 m_est=2.359
[INFO] [1785423794.525925665] [acados_nmpc_node]: [attach-window] t=14.00s pos_err=0.011m T=23.10N z=2.501 m_est=2.359
[INFO] [1785423794.572165954] [acados_nmpc_node]: [attach-window] t=14.05s pos_err=0.011m T=23.10N z=2.502 m_est=2.359
[INFO] [1785423794.624245167] [acados_nmpc_node]: [attach-window] t=14.10s pos_err=0.013m T=23.10N z=2.502 m_est=2.360
[INFO] [1785423794.672109989] [acados_nmpc_node]: [attach-window] t=14.15s pos_err=0.013m T=23.10N z=2.502 m_est=2.360
[INFO] [1785423794.724235920] [acados_nmpc_node]: [attach-window] t=14.20s pos_err=0.014m T=23.10N z=2.502 m_est=2.360
[INFO] [1785423794.771976296] [acados_nmpc_node]: [attach-window] t=14.25s pos_err=0.015m T=23.10N z=2.503 m_est=2.360
[INFO] [1785423794.824110730] [acados_nmpc_node]: [attach-window] t=14.30s pos_err=0.016m T=23.10N z=2.503 m_est=2.360
[INFO] [1785423794.871920733] [acados_nmpc_node]: [attach-window] t=14.35s pos_err=0.016m T=23.09N z=2.504 m_est=2.360
[INFO] [1785423794.924377758] [acados_nmpc_node]: [attach-window] t=14.40s pos_err=0.018m T=23.08N z=2.504 m_est=2.360
[INFO] [1785423794.972170010] [acados_nmpc_node]: [attach-window] t=14.45s pos_err=0.019m T=23.08N z=2.505 m_est=2.360
[INFO] [1785423795.024732274] [acados_nmpc_node]: [attach-window] t=14.50s pos_err=0.020m T=23.08N z=2.505 m_est=2.360
[INFO] [1785423795.072328558] [acados_nmpc_node]: [attach-window] t=14.55s pos_err=0.021m T=23.09N z=2.505 m_est=2.360
[INFO] [1785423795.124443794] [acados_nmpc_node]: [attach-window] t=14.60s pos_err=0.022m T=23.10N z=2.505 m_est=2.360
[INFO] [1785423795.172359635] [acados_nmpc_node]: [attach-window] t=14.65s pos_err=0.023m T=23.11N z=2.505 m_est=2.360
[INFO] [1785423795.224531166] [acados_nmpc_node]: [attach-window] t=14.70s pos_err=0.024m T=23.12N z=2.505 m_est=2.360
[INFO] [1785423795.272138211] [acados_nmpc_node]: [attach-window] t=14.75s pos_err=0.025m T=23.12N z=2.504 m_est=2.360
[INFO] [1785423795.325849220] [acados_nmpc_node]: [attach-window] t=14.80s pos_err=0.026m T=23.13N z=2.504 m_est=2.360
[INFO] [1785423795.372673288] [acados_nmpc_node]: [attach-window] t=14.85s pos_err=0.026m T=23.13N z=2.504 m_est=2.360
[INFO] [1785423795.426035442] [acados_nmpc_node]: [attach-window] t=14.90s pos_err=0.026m T=23.13N z=2.504 m_est=2.360
[INFO] [1785423795.472554498] [acados_nmpc_node]: [attach-window] t=14.95s pos_err=0.027m T=23.13N z=2.504 m_est=2.360
[INFO] [1785423795.525882795] [acados_nmpc_node]: [attach-window] t=15.00s pos_err=0.027m T=23.14N z=2.504 m_est=2.360
[INFO] [1785423795.572495909] [acados_nmpc_node]: [attach-window] t=15.05s pos_err=0.027m T=23.14N z=2.503 m_est=2.360
[INFO] [1785423795.626161736] [acados_nmpc_node]: [attach-window] t=15.10s pos_err=0.027m T=23.14N z=2.503 m_est=2.360
[INFO] [1785423795.672535208] [acados_nmpc_node]: [attach-window] t=15.15s pos_err=0.027m T=23.14N z=2.503 m_est=2.360
[INFO] [1785423795.725944133] [acados_nmpc_node]: [attach-window] t=15.20s pos_err=0.027m T=23.14N z=2.503 m_est=2.360
[INFO] [1785423795.772617211] [acados_nmpc_node]: [attach-window] t=15.25s pos_err=0.027m T=23.13N z=2.503 m_est=2.360
[INFO] [1785423795.826066439] [acados_nmpc_node]: [attach-window] t=15.30s pos_err=0.026m T=23.12N z=2.503 m_est=2.360
[INFO] [1785423795.872505956] [acados_nmpc_node]: [attach-window] t=15.35s pos_err=0.026m T=23.11N z=2.504 m_est=2.360
[INFO] [1785423795.925943644] [acados_nmpc_node]: [attach-window] t=15.40s pos_err=0.026m T=23.10N z=2.504 m_est=2.360
[INFO] [1785423795.972503060] [acados_nmpc_node]: [attach-window] t=15.45s pos_err=0.025m T=23.09N z=2.504 m_est=2.360
[INFO] [1785423796.026176392] [acados_nmpc_node]: [attach-window] t=15.50s pos_err=0.025m T=23.09N z=2.505 m_est=2.360
[INFO] [1785423796.072590155] [acados_nmpc_node]: [attach-window] t=15.55s pos_err=0.024m T=23.09N z=2.505 m_est=2.360
[INFO] [1785423796.126058649] [acados_nmpc_node]: [attach-window] t=15.60s pos_err=0.023m T=23.09N z=2.505 m_est=2.360
[INFO] [1785423796.172551968] [acados_nmpc_node]: [attach-window] t=15.65s pos_err=0.023m T=23.09N z=2.505 m_est=2.360
[INFO] [1785423796.226088769] [acados_nmpc_node]: [attach-window] t=15.70s pos_err=0.023m T=23.08N z=2.506 m_est=2.360
[INFO] [1785423796.226564216] [acados_nmpc_node]: t=15.7s | pos_err=0.023m | T=23.08N | tau=[r-0.291 p0.033 y-0.003]Nm | res_stat=3.306e-07(peak 9.889e-07) sqp_iter=2 | solve=1.3ms
[INFO] [1785423796.272523275] [acados_nmpc_node]: [attach-window] t=15.75s pos_err=0.022m T=23.09N z=2.506 m_est=2.360
[INFO] [1785423796.326026495] [acados_nmpc_node]: [attach-window] t=15.80s pos_err=0.022m T=23.09N z=2.506 m_est=2.360
[INFO] [1785423796.372502796] [acados_nmpc_node]: [attach-window] t=15.85s pos_err=0.021m T=23.09N z=2.507 m_est=2.360
[INFO] [1785423796.426007393] [acados_nmpc_node]: [attach-window] t=15.90s pos_err=0.020m T=23.10N z=2.507 m_est=2.360
[INFO] [1785423796.472537546] [acados_nmpc_node]: [attach-window] t=15.95s pos_err=0.019m T=23.11N z=2.506 m_est=2.360
[INFO] [1785423796.526178866] [acados_nmpc_node]: [attach-window] t=16.00s pos_err=0.018m T=23.12N z=2.506 m_est=2.360
[INFO] [1785423796.572653116] [acados_nmpc_node]: [attach-window] t=16.05s pos_err=0.017m T=23.13N z=2.506 m_est=2.360
[INFO] [1785423796.626277011] [acados_nmpc_node]: [attach-window] t=16.10s pos_err=0.015m T=23.13N z=2.506 m_est=2.360
[INFO] [1785423796.672637843] [acados_nmpc_node]: [attach-window] t=16.15s pos_err=0.014m T=23.14N z=2.505 m_est=2.360
[INFO] [1785423796.726290821] [acados_nmpc_node]: [attach-window] t=16.20s pos_err=0.012m T=23.13N z=2.505 m_est=2.360
[INFO] [1785423796.772576093] [acados_nmpc_node]: [attach-window] t=16.25s pos_err=0.011m T=23.13N z=2.505 m_est=2.360
[INFO] [1785423796.826066409] [acados_nmpc_node]: [attach-window] t=16.30s pos_err=0.009m T=23.12N z=2.506 m_est=2.360
[INFO] [1785423796.872580749] [acados_nmpc_node]: [attach-window] t=16.35s pos_err=0.009m T=23.11N z=2.506 m_est=2.360
[INFO] [1785423796.924425336] [acados_nmpc_node]: [attach-window] t=16.40s pos_err=0.007m T=23.11N z=2.506 m_est=2.360
[INFO] [1785423796.971957739] [acados_nmpc_node]: [attach-window] t=16.45s pos_err=0.006m T=23.11N z=2.506 m_est=2.360
[INFO] [1785423797.025899530] [acados_nmpc_node]: [attach-window] t=16.50s pos_err=0.006m T=23.11N z=2.506 m_est=2.360
[INFO] [1785423797.072455684] [acados_nmpc_node]: [attach-window] t=16.55s pos_err=0.006m T=23.11N z=2.506 m_est=2.360
[INFO] [1785423797.126096787] [acados_nmpc_node]: [attach-window] t=16.60s pos_err=0.007m T=23.11N z=2.506 m_est=2.360
[INFO] [1785423797.172520240] [acados_nmpc_node]: [attach-window] t=16.65s pos_err=0.007m T=23.10N z=2.506 m_est=2.360
[INFO] [1785423797.226154740] [acados_nmpc_node]: [attach-window] t=16.70s pos_err=0.008m T=23.11N z=2.506 m_est=2.360
[INFO] [1785423797.272582281] [acados_nmpc_node]: [attach-window] t=16.75s pos_err=0.008m T=23.11N z=2.506 m_est=2.360
[INFO] [1785423797.326163452] [acados_nmpc_node]: [attach-window] t=16.80s pos_err=0.008m T=23.11N z=2.506 m_est=2.360
[INFO] [1785423797.372570907] [acados_nmpc_node]: [attach-window] t=16.85s pos_err=0.008m T=23.10N z=2.506 m_est=2.360
[INFO] [1785423797.425997271] [acados_nmpc_node]: [attach-window] t=16.90s pos_err=0.008m T=23.09N z=2.507 m_est=2.360
[INFO] [1785423797.472485593] [acados_nmpc_node]: [attach-window] t=16.95s pos_err=0.008m T=23.09N z=2.507 m_est=2.360
[INFO] [1785423797.526147064] [acados_nmpc_node]: [attach-window] t=17.00s pos_err=0.008m T=23.09N z=2.508 m_est=2.360
[INFO] [1785423797.572477174] [acados_nmpc_node]: [attach-window] t=17.05s pos_err=0.008m T=23.09N z=2.508 m_est=2.360
[INFO] [1785423797.626111720] [acados_nmpc_node]: [attach-window] t=17.10s pos_err=0.008m T=23.08N z=2.508 m_est=2.360
[INFO] [1785423797.672484877] [acados_nmpc_node]: [attach-window] t=17.15s pos_err=0.009m T=23.08N z=2.509 m_est=2.360
[INFO] [1785423797.726101446] [acados_nmpc_node]: [attach-window] t=17.20s pos_err=0.009m T=23.07N z=2.509 m_est=2.360
[INFO] [1785423797.772468793] [acados_nmpc_node]: [attach-window] t=17.25s pos_err=0.010m T=23.06N z=2.510 m_est=2.360
[INFO] [1785423797.826049877] [acados_nmpc_node]: [attach-window] t=17.30s pos_err=0.011m T=23.06N z=2.510 m_est=2.360
[INFO] [1785423797.872476435] [acados_nmpc_node]: [attach-window] t=17.35s pos_err=0.011m T=23.06N z=2.511 m_est=2.360
[INFO] [1785423797.926146896] [acados_nmpc_node]: [attach-window] t=17.40s pos_err=0.011m T=23.07N z=2.511 m_est=2.360
[INFO] [1785423797.972596400] [acados_nmpc_node]: [attach-window] t=17.45s pos_err=0.011m T=23.07N z=2.511 m_est=2.360
[INFO] [1785423798.026604704] [acados_nmpc_node]: [attach-window] t=17.50s pos_err=0.012m T=23.08N z=2.511 m_est=2.360
[INFO] [1785423798.072602340] [acados_nmpc_node]: [attach-window] t=17.55s pos_err=0.012m T=23.09N z=2.511 m_est=2.360
[INFO] [1785423798.126365422] [acados_nmpc_node]: [attach-window] t=17.60s pos_err=0.013m T=23.09N z=2.511 m_est=2.359
[INFO] [1785423798.172185067] [acados_nmpc_node]: [attach-window] t=17.65s pos_err=0.013m T=23.10N z=2.511 m_est=2.359
[INFO] [1785423798.224432818] [acados_nmpc_node]: [attach-window] t=17.70s pos_err=0.014m T=23.11N z=2.511 m_est=2.359
[INFO] [1785423798.272347762] [acados_nmpc_node]: [attach-window] t=17.75s pos_err=0.014m T=23.12N z=2.510 m_est=2.359
[INFO] [1785423798.325965714] [acados_nmpc_node]: [attach-window] t=17.80s pos_err=0.015m T=23.12N z=2.510 m_est=2.359
[INFO] [1785423798.372775974] [acados_nmpc_node]: [attach-window] t=17.85s pos_err=0.016m T=23.13N z=2.510 m_est=2.359
[INFO] [1785423798.426088277] [acados_nmpc_node]: [attach-window] t=17.90s pos_err=0.017m T=23.13N z=2.509 m_est=2.359
[INFO] [1785423798.472447254] [acados_nmpc_node]: [attach-window] t=17.95s pos_err=0.018m T=23.13N z=2.509 m_est=2.359
[INFO] [1785423798.526176732] [acados_nmpc_node]: [attach-window] t=18.00s pos_err=0.018m T=23.13N z=2.509 m_est=2.359
[INFO] [1785423798.572481066] [acados_nmpc_node]: [attach-window] t=18.05s pos_err=0.019m T=23.13N z=2.509 m_est=2.359
[INFO] [1785423798.626572007] [acados_nmpc_node]: [attach-window] t=18.10s pos_err=0.019m T=23.12N z=2.509 m_est=2.359
[INFO] [1785423798.672504794] [acados_nmpc_node]: [attach-window] t=18.15s pos_err=0.019m T=23.12N z=2.509 m_est=2.359
[INFO] [1785423798.726075482] [acados_nmpc_node]: [attach-window] t=18.20s pos_err=0.019m T=23.12N z=2.509 m_est=2.359
[INFO] [1785423798.772601336] [acados_nmpc_node]: [attach-window] t=18.25s pos_err=0.019m T=23.12N z=2.509 m_est=2.359
[INFO] [1785423798.826214468] [acados_nmpc_node]: [attach-window] t=18.30s pos_err=0.018m T=23.12N z=2.509 m_est=2.360
[INFO] [1785423798.872523105] [acados_nmpc_node]: [attach-window] t=18.35s pos_err=0.018m T=23.12N z=2.508 m_est=2.360
[INFO] [1785423798.926161017] [acados_nmpc_node]: [attach-window] t=18.40s pos_err=0.017m T=23.12N z=2.508 m_est=2.360
[INFO] [1785423798.972668536] [acados_nmpc_node]: [attach-window] t=18.45s pos_err=0.017m T=23.13N z=2.508 m_est=2.360
[INFO] [1785423799.026199540] [acados_nmpc_node]: [attach-window] t=18.50s pos_err=0.016m T=23.14N z=2.507 m_est=2.360
[INFO] [1785423799.072503150] [acados_nmpc_node]: [attach-window] t=18.55s pos_err=0.016m T=23.15N z=2.507 m_est=2.360
[INFO] [1785423799.126186013] [acados_nmpc_node]: [attach-window] t=18.60s pos_err=0.015m T=23.16N z=2.506 m_est=2.360
[INFO] [1785423799.172472237] [acados_nmpc_node]: [attach-window] t=18.65s pos_err=0.015m T=23.16N z=2.506 m_est=2.360
[INFO] [1785423799.226145424] [acados_nmpc_node]: [attach-window] t=18.70s pos_err=0.014m T=23.17N z=2.505 m_est=2.360
[INFO] [1785423799.272617404] [acados_nmpc_node]: [attach-window] t=18.75s pos_err=0.014m T=23.17N z=2.505 m_est=2.360
[INFO] [1785423799.326160435] [acados_nmpc_node]: [attach-window] t=18.80s pos_err=0.014m T=23.17N z=2.504 m_est=2.361
[INFO] [1785423799.372473870] [acados_nmpc_node]: [attach-window] t=18.85s pos_err=0.014m T=23.17N z=2.503 m_est=2.361
[INFO] [1785423799.426232675] [acados_nmpc_node]: [attach-window] t=18.90s pos_err=0.013m T=23.17N z=2.503 m_est=2.361
[INFO] [1785423799.472490537] [acados_nmpc_node]: [attach-window] t=18.95s pos_err=0.013m T=23.18N z=2.502 m_est=2.361
[INFO] [1785423799.526320104] [acados_nmpc_node]: [attach-window] t=19.00s pos_err=0.013m T=23.17N z=2.502 m_est=2.361
[INFO] [1785423799.572498852] [acados_nmpc_node]: [attach-window] t=19.05s pos_err=0.013m T=23.17N z=2.501 m_est=2.361
[INFO] [1785423799.626256535] [acados_nmpc_node]: [attach-window] t=19.10s pos_err=0.013m T=23.16N z=2.501 m_est=2.361
[INFO] [1785423799.672571910] [acados_nmpc_node]: [attach-window] t=19.15s pos_err=0.013m T=23.16N z=2.501 m_est=2.361
[INFO] [1785423799.726347681] [acados_nmpc_node]: [attach-window] t=19.20s pos_err=0.013m T=23.15N z=2.501 m_est=2.361
[INFO] [1785423799.772451622] [acados_nmpc_node]: [attach-window] t=19.25s pos_err=0.014m T=23.14N z=2.501 m_est=2.361
[INFO] [1785423799.826161203] [acados_nmpc_node]: [attach-window] t=19.30s pos_err=0.014m T=23.13N z=2.501 m_est=2.361
[INFO] [1785423799.872526805] [acados_nmpc_node]: [attach-window] t=19.35s pos_err=0.015m T=23.13N z=2.501 m_est=2.361
[INFO] [1785423799.926203816] [acados_nmpc_node]: [attach-window] t=19.40s pos_err=0.015m T=23.13N z=2.501 m_est=2.361
[INFO] [1785423799.972485054] [acados_nmpc_node]: [attach-window] t=19.45s pos_err=0.016m T=23.13N z=2.501 m_est=2.361
[INFO] [1785423800.026568993] [acados_nmpc_node]: [attach-window] t=19.50s pos_err=0.016m T=23.14N z=2.500 m_est=2.361
[INFO] [1785423800.072082991] [acados_nmpc_node]: [attach-window] t=19.55s pos_err=0.017m T=23.15N z=2.500 m_est=2.361
[INFO] [1785423800.124553899] [acados_nmpc_node]: [attach-window] t=19.60s pos_err=0.018m T=23.16N z=2.499 m_est=2.361
[INFO] [1785423800.171952111] [acados_nmpc_node]: [attach-window] t=19.65s pos_err=0.018m T=23.16N z=2.499 m_est=2.361
[INFO] [1785423800.224399931] [acados_nmpc_node]: [attach-window] t=19.70s pos_err=0.018m T=23.16N z=2.498 m_est=2.361
[INFO] [1785423800.272317470] [acados_nmpc_node]: [attach-window] t=19.75s pos_err=0.019m T=23.16N z=2.498 m_est=2.361
[INFO] [1785423800.324459449] [acados_nmpc_node]: [attach-window] t=19.80s pos_err=0.019m T=23.16N z=2.498 m_est=2.361
[INFO] [1785423800.371936327] [acados_nmpc_node]: [attach-window] t=19.85s pos_err=0.019m T=23.15N z=2.498 m_est=2.361
[INFO] [1785423800.424566692] [acados_nmpc_node]: [attach-window] t=19.90s pos_err=0.019m T=23.14N z=2.497 m_est=2.361
[INFO] [1785423800.472091176] [acados_nmpc_node]: [attach-window] t=19.95s pos_err=0.019m T=23.14N z=2.498 m_est=2.361
[INFO] [1785423800.524663226] [acados_nmpc_node]: [attach-window] t=20.00s pos_err=0.018m T=23.13N z=2.498 m_est=2.361
[INFO] [1785423800.571918050] [acados_nmpc_node]: [attach-window] t=20.05s pos_err=0.018m T=23.12N z=2.498 m_est=2.361
[INFO] [1785423800.624643304] [acados_nmpc_node]: [attach-window] t=20.10s pos_err=0.017m T=23.12N z=2.498 m_est=2.361
[INFO] [1785423800.671922975] [acados_nmpc_node]: [attach-window] t=20.15s pos_err=0.017m T=23.11N z=2.498 m_est=2.361
[INFO] [1785423800.724504584] [acados_nmpc_node]: [attach-window] t=20.20s pos_err=0.016m T=23.11N z=2.498 m_est=2.361
[INFO] [1785423800.772456446] [acados_nmpc_node]: [attach-window] t=20.25s pos_err=0.016m T=23.11N z=2.499 m_est=2.361
[INFO] [1785423800.826257498] [acados_nmpc_node]: [attach-window] t=20.30s pos_err=0.015m T=23.11N z=2.499 m_est=2.361
[INFO] [1785423800.872533638] [acados_nmpc_node]: [attach-window] t=20.35s pos_err=0.015m T=23.11N z=2.499 m_est=2.361
[INFO] [1785423800.926397267] [acados_nmpc_node]: [attach-window] t=20.40s pos_err=0.014m T=23.11N z=2.499 m_est=2.361
[INFO] [1785423800.972533946] [acados_nmpc_node]: [attach-window] t=20.45s pos_err=0.014m T=23.11N z=2.499 m_est=2.361
[INFO] [1785423801.026403636] [acados_nmpc_node]: [attach-window] t=20.50s pos_err=0.013m T=23.12N z=2.499 m_est=2.361
[INFO] [1785423801.072467159] [acados_nmpc_node]: [attach-window] t=20.55s pos_err=0.012m T=23.13N z=2.498 m_est=2.361
[INFO] [1785423801.126517948] [acados_nmpc_node]: [attach-window] t=20.60s pos_err=0.011m T=23.13N z=2.498 m_est=2.361
[INFO] [1785423801.172497940] [acados_nmpc_node]: [attach-window] t=20.65s pos_err=0.011m T=23.14N z=2.498 m_est=2.361
[INFO] [1785423801.226398896] [acados_nmpc_node]: [attach-window] t=20.70s pos_err=0.010m T=23.16N z=2.497 m_est=2.360
[INFO] [1785423801.226877841] [acados_nmpc_node]: t=20.7s | pos_err=0.010m | T=23.16N | tau=[r-0.303 p0.024 y-0.001]Nm | res_stat=3.277e-07(peak 9.966e-07) sqp_iter=2 | solve=1.2ms
[INFO] [1785423801.272499538] [acados_nmpc_node]: [attach-window] t=20.75s pos_err=0.010m T=23.17N z=2.497 m_est=2.360
[INFO] [1785423801.326417905] [acados_nmpc_node]: [attach-window] t=20.80s pos_err=0.010m T=23.18N z=2.496 m_est=2.360
[INFO] [1785423801.372515725] [acados_nmpc_node]: [attach-window] t=20.85s pos_err=0.011m T=23.19N z=2.495 m_est=2.360
[INFO] [1785423801.426472182] [acados_nmpc_node]: [attach-window] t=20.90s pos_err=0.012m T=23.20N z=2.494 m_est=2.360
[INFO] [1785423801.472467693] [acados_nmpc_node]: [attach-window] t=20.95s pos_err=0.012m T=23.20N z=2.494 m_est=2.360
[INFO] [1785423801.526790143] [acados_nmpc_node]: [attach-window] t=21.00s pos_err=0.013m T=23.21N z=2.492 m_est=2.361
[INFO] [1785423801.572639204] [acados_nmpc_node]: [attach-window] t=21.05s pos_err=0.013m T=23.21N z=2.492 m_est=2.361
[INFO] [1785423801.626675839] [acados_nmpc_node]: [attach-window] t=21.10s pos_err=0.014m T=23.21N z=2.491 m_est=2.361
[INFO] [1785423801.672029928] [acados_nmpc_node]: [attach-window] t=21.15s pos_err=0.014m T=23.21N z=2.491 m_est=2.361
[INFO] [1785423801.726399446] [acados_nmpc_node]: [attach-window] t=21.20s pos_err=0.014m T=23.20N z=2.490 m_est=2.361
[INFO] [1785423801.772584481] [acados_nmpc_node]: [attach-window] t=21.25s pos_err=0.014m T=23.20N z=2.490 m_est=2.361
[INFO] [1785423801.826644815] [acados_nmpc_node]: [attach-window] t=21.30s pos_err=0.015m T=23.19N z=2.490 m_est=2.361
[INFO] [1785423801.872694649] [acados_nmpc_node]: [attach-window] t=21.35s pos_err=0.015m T=23.19N z=2.490 m_est=2.361
[ros2run]: Killed
