[INFO] [1789062472.656555858] [mhe_node]: MHE node starting, building/loading solver... (geom_coupled=True, N=20, m_min=1.961, m_B=2.0643)
Code reuse possible, skipping code generation.
acados was compiled without OpenMP.
[INFO] [1789062472.663398781] [mhe_node]: [prior] geom_coupled=True → 载荷质量信息**完全不生效**(grip_payload_envelope=0.3 是死代码:coupled 档下 _payload_geometry 根本不被调用);模型只吃可测杆臂 r_p + 被估质量,m 的先验仅有 Q0 质量维=0.1 (σ=3.16kg,实质无先验)
[WARN] [1789062472.663871779] [mhe_node]: geom_release_mode='self':估计器不被告知 drop。⚠️ 2026-08-24 实测,**NMPC 侧也设成 'self' 会必然坠机**——drop 后控制器继续按幽灵偏心载荷配平,指令 0.424N·m(tau_max 的 85%)作用在空机 J_xx=0.0142 上 = 29.8 rad/s²,而 MHE 10Hz/2s 窗口要 1~2s 才纠得过来,飞机先翻。**正确组合 = MHE 'self' + NMPC 'event'**(控制器是发释放指令的一方,它知道不构成认知作弊)。
[INFO] [1789062472.665779094] [mhe_node]: [moment-ref] 物理上限由平台包线派生: 0.0390 kg·m = 0.30kg x 0.13m
[INFO] [1789062472.666425378] [mhe_node]: [c_xy_est] 质量域卸载判据已开:先武装(m_p>0.090kg),再判 m_p<0.03kg 持续 20 帧 -> 释放偏心估计
[INFO] [1789062472.667065369] [mhe_node]: [c_xy] 来源 = 一阶质量矩 s/m_T(窗口内估计,**无稳态门控**),替代窗外 EMA —— 机动中也会更新
[INFO] [1789062472.668203693] [mhe_node]: weight schedule theta = [-4.00, 0.00, 0.00, 0.00], signal mode = residual (residual self-trigger: thresh=4.4N persist=2 baseline_tau=3.0s)
[INFO] [1789062472.672413237] [mhe_node]: MHE node initialized! tau_source=command (roll/pitch NMPC意图值, yaw NMPC意图值), motor_window_avg=False, geom_release_mode=self. Waiting for odometry + control data...
[INFO] [1789062494.772070184] [mhe_node]: [no-signal] baseline settled at 19.95N (quiet 20 frames); detector armed
[INFO] [1789062494.772365334] [mhe_node]: arrival prior seeded: m=2.064 kg (m_nominal prior)
[INFO] [1789062494.772745208] [mhe_node]: [geom] model_geom_on=True (release_mode=self, truth_attached=False) mode=coupled(r_p) -> geom=[ 0.    0.   -0.47] dJ=0.0000 c_xy=[+0.0000,+0.0000] (dJ/c 为按当前 m_est 折算的诊断当量,模型内部随 m 实时生成)
[INFO] [1789062496.682688774] [mhe_node]: MHE mass estimate: 2.060 kg (T_phys=20.31N) | solve=3.8ms (max9.6)
[INFO] [1789062496.683245956] [mhe_node]: [truth] m_hat=2.0600 m_true=2.0643 err=-0.21% | c_hat=[+0.0000,+0.0000] c_true=[+0.0000,+0.0000] | Jxx_hat=0.01420 Jxx_true=0.01420 Jyz_hat=+0.00000 Jyz_true=+0.00000 | s_hat=[-0.0009,-0.0000] s_true=[+0.0000,+0.0000] kg·m
[INFO] [1789062496.683761360] [mhe_node]: [tau_phys] roll=+0.001 pitch=-0.033 Nm
[INFO] [1789062496.684359349] [mhe_node]: [mass-diag] m_est=2.0600 T=20.306N tilt=2.44deg cos=0.99909 | T/g=2.0699 T*cos/g=2.0681 | m_est-T*cos/g=-0.0081kg (-0.39%) vz=+0.123
[INFO] [1789062496.684939383] [mhe_node]: [c_xy_est] cx=+0.0000 cy=+0.0000 m
[INFO] [1789062498.679466395] [mhe_node]: MHE mass estimate: 2.059 kg (T_phys=20.18N) | solve=12.2ms (max22.4)
[INFO] [1789062498.679863168] [mhe_node]: [truth] m_hat=2.0586 m_true=2.0643 err=-0.28% | c_hat=[+0.0000,+0.0000] c_true=[+0.0000,+0.0000] | Jxx_hat=0.01420 Jxx_true=0.01420 Jyz_hat=+0.00000 Jyz_true=+0.00000 | s_hat=[-0.0009,+0.0001] s_true=[+0.0000,+0.0000] kg·m
[INFO] [1789062498.680236227] [mhe_node]: [tau_phys] roll=+0.002 pitch=+0.006 Nm
[INFO] [1789062498.680659147] [mhe_node]: [mass-diag] m_est=2.0586 T=20.176N tilt=2.53deg cos=0.99903 | T/g=2.0567 T*cos/g=2.0547 | m_est-T*cos/g=+0.0039kg (+0.19%) vz=+0.034
[INFO] [1789062498.681064966] [mhe_node]: [c_xy_est] cx=-0.0003 cy=+0.0000 m
[INFO] [1789062500.677433059] [mhe_node]: MHE mass estimate: 2.061 kg (T_phys=20.17N) | solve=4.8ms (max7.6)
[INFO] [1789062500.677969541] [mhe_node]: [truth] m_hat=2.0608 m_true=2.0643 err=-0.17% | c_hat=[+0.0000,+0.0000] c_true=[+0.0000,+0.0000] | Jxx_hat=0.01420 Jxx_true=0.01420 Jyz_hat=+0.00000 Jyz_true=+0.00000 | s_hat=[+0.0003,+0.0000] s_true=[+0.0000,+0.0000] kg·m
[INFO] [1789062500.678492261] [mhe_node]: [tau_phys] roll=-0.000 pitch=+0.000 Nm
[INFO] [1789062500.679075738] [mhe_node]: [mass-diag] m_est=2.0608 T=20.171N tilt=0.18deg cos=1.00000 | T/g=2.0562 T*cos/g=2.0562 | m_est-T*cos/g=+0.0046kg (+0.23%) vz=-0.001
[INFO] [1789062500.679658583] [mhe_node]: [c_xy_est] cx=+0.0001 cy=+0.0000 m
[INFO] [1789062502.677674977] [mhe_node]: MHE mass estimate: 2.052 kg (T_phys=17.94N) | solve=4.1ms (max5.9)
[INFO] [1789062502.678223030] [mhe_node]: [truth] m_hat=2.0524 m_true=2.0643 err=-0.57% | c_hat=[+0.0000,+0.0000] c_true=[+0.0000,+0.0000] | Jxx_hat=0.01420 Jxx_true=0.01420 Jyz_hat=+0.00000 Jyz_true=+0.00000 | s_hat=[+0.0001,-0.0000] s_true=[+0.0000,+0.0000] kg·m
[INFO] [1789062502.678735930] [mhe_node]: [tau_phys] roll=+0.001 pitch=-0.003 Nm
[INFO] [1789062502.679324159] [mhe_node]: [mass-diag] m_est=2.0524 T=17.939N tilt=0.18deg cos=0.99999 | T/g=1.8286 T*cos/g=1.8286 | m_est-T*cos/g=+0.2238kg (+12.24%) vz=-0.282
[INFO] [1789062502.679896926] [mhe_node]: [c_xy_est] cx=+0.0001 cy=-0.0000 m
[INFO] [1789062502.772088110] [mhe_node]: [release-resid] STRONG 票: ΔT=-0.92N x4帧 (floor 0.9N)
[INFO] [1789062504.676693980] [mhe_node]: MHE mass estimate: 2.057 kg (T_phys=20.40N) | solve=5.6ms (max12.9)
[INFO] [1789062504.677235229] [mhe_node]: [truth] m_hat=2.0574 m_true=2.0643 err=-0.33% | c_hat=[+0.0000,+0.0000] c_true=[+0.0000,+0.0000] | Jxx_hat=0.01420 Jxx_true=0.01420 Jyz_hat=+0.00000 Jyz_true=+0.00000 | s_hat=[+0.0002,-0.0001] s_true=[+0.0000,+0.0000] kg·m
[INFO] [1789062504.677750442] [mhe_node]: [tau_phys] roll=-0.003 pitch=+0.001 Nm
[INFO] [1789062504.678340103] [mhe_node]: [mass-diag] m_est=2.0574 T=20.404N tilt=0.23deg cos=0.99999 | T/g=2.0799 T*cos/g=2.0799 | m_est-T*cos/g=-0.0225kg (-1.08%) vz=-0.066
[INFO] [1789062504.678917711] [mhe_node]: [c_xy_est] cx=+0.0001 cy=-0.0000 m
[WARN] [1789062506.737443875] [mhe_node]: MHE solve failed [status=2], skipping this window (streak 1)
[INFO] [1789062506.816635186] [mhe_node]: MHE mass estimate: 1.961 kg (T_phys=18.38N) | solve=19.9ms (max65.0)
[INFO] [1789062506.817013005] [mhe_node]: [truth] m_hat=1.9611 m_true=2.0643 err=-5.00% | c_hat=[+0.0000,+0.0000] c_true=[+0.0000,+0.0000] | Jxx_hat=0.01420 Jxx_true=0.01420 Jyz_hat=+0.00000 Jyz_true=+0.00000 | s_hat=[+0.0188,-0.0115] s_true=[+0.0000,+0.0000] kg·m
[INFO] [1789062506.817378063] [mhe_node]: [tau_phys] roll=-0.283 pitch=-0.453 Nm
[INFO] [1789062506.817792168] [mhe_node]: [mass-diag] m_est=1.9611 T=18.380N tilt=0.20deg cos=0.99999 | T/g=1.8736 T*cos/g=1.8736 | m_est-T*cos/g=+0.0875kg (+4.67%) vz=+0.009
[INFO] [1789062506.818195006] [mhe_node]: [c_xy_est] cx=+0.0070 cy=-0.0044 m
[WARN] [1789062507.041979331] [mhe_node]: MHE solve failed [status=2], skipping this window (streak 1)
[WARN] [1789062507.139813294] [mhe_node]: MHE solve failed [status=2], skipping this window (streak 2)
[WARN] [1789062507.241041462] [mhe_node]: MHE solve failed [status=2], skipping this window (streak 3)
[WARN] [1789062507.341661802] [mhe_node]: MHE solve failed [status=2], skipping this window (streak 4)
[WARN] [1789062507.437905336] [mhe_node]: MHE solve failed [status=2], skipping this window (streak 5)
[WARN] [1789062507.438237777] [mhe_node]: re-anchored arrival prior to current window after 5 consecutive failures (m seeded from thrust_phys: 1.961 -> 1.961 kg)
[WARN] [1789062507.537608086] [mhe_node]: MHE solve failed [status=2], skipping this window (streak 1)
[WARN] [1789062507.637492665] [mhe_node]: MHE solve failed [status=2], skipping this window (streak 2)
[WARN] [1789062507.737257020] [mhe_node]: MHE solve failed [status=2], skipping this window (streak 3)
[WARN] [1789062507.837788838] [mhe_node]: MHE solve failed [status=2], skipping this window (streak 4)
[WARN] [1789062507.972297536] [mhe_node]: [c_xy-clamp] |s|=0.05453 > 上限 0.0390 — 动态失真,保持上一拍 c_xy=[+0.00,+0.00]cm (累计剔除 1/152 帧)
[WARN] [1789062508.357867131] [mhe_node]: MHE solve failed [status=2], skipping this window (streak 1)
[WARN] [1789062508.844733569] [mhe_node]: MHE solve failed [status=2], skipping this window (streak 1)
[WARN] [1789062508.945071466] [mhe_node]: MHE solve failed [status=2], skipping this window (streak 2)
[WARN] [1789062509.044667590] [mhe_node]: MHE solve failed [status=2], skipping this window (streak 3)
[WARN] [1789062509.160527242] [mhe_node]: MHE solve failed [status=2], skipping this window (streak 4)
[WARN] [1789062509.245268776] [mhe_node]: MHE solve failed [status=2], skipping this window (streak 5)
[WARN] [1789062509.245655632] [mhe_node]: re-anchored arrival prior to current window after 5 consecutive failures (m seeded from thrust_phys: 1.961 -> 1.961 kg)
[WARN] [1789062509.349226468] [mhe_node]: MHE solve failed [status=2], skipping this window (streak 1)
[WARN] [1789062509.450090137] [mhe_node]: MHE solve failed [status=2], skipping this window (streak 2)
[WARN] [1789062509.548208856] [mhe_node]: MHE solve failed [status=2], skipping this window (streak 3)
[WARN] [1789062509.647641994] [mhe_node]: MHE solve failed [status=2], skipping this window (streak 4)
[INFO] [1789062509.671956781] [mhe_node]: [no-signal] mass mutation self-detected at frame 168: T_phys=24.39N vs baseline 19.62N (dev 4.77N > 4.4N over 2 frames, direction=ATTACH); de-weighting pre-event stages
[INFO] [1789062509.672103741] [mhe_node]: [payload-state] EMPTY->LOADED (attach, m_p=-0.103kg)
[INFO] [1789062509.672800790] [mhe_node]: event transition started: pre-event stages de-weighted
[WARN] [1789062509.739438027] [mhe_node]: MHE solve failed [status=2], skipping this window (streak 5)
[WARN] [1789062509.739748856] [mhe_node]: re-anchored arrival prior to current window after 5 consecutive failures (m seeded from thrust_phys: 1.961 -> 1.961 kg)
[WARN] [1789062509.771922044] [mhe_node]: [s-collapse] 估计不健康,释放判决暂停 (solve_ok=0 reanchored=1 age=1.03s) — 持续计数已清零
[INFO] [1789062510.772031634] [mhe_node]: [s-collapse] moment 基准未就绪(窗口 0/20, 越界剔除 2) — 暂不判决
[INFO] [1789062510.786281884] [mhe_node]: MHE mass estimate: 2.325 kg (T_phys=20.11N) | solve=48.5ms (max77.8)
[INFO] [1789062510.786680918] [mhe_node]: [truth] m_hat=2.3253 m_true=2.0643 err=+12.65% | c_hat=[+0.0000,+0.0000] c_true=[+0.0000,+0.0000] | Jxx_hat=0.01420 Jxx_true=0.01420 Jyz_hat=+0.00000 Jyz_true=+0.00000 | s_hat=[-0.0082,-0.0002] s_true=[+0.0000,+0.0000] kg·m
[INFO] [1789062510.787044977] [mhe_node]: [tau_phys] roll=+0.897 pitch=-0.944 Nm
[INFO] [1789062510.787465576] [mhe_node]: [mass-diag] m_est=2.3253 T=20.112N tilt=14.63deg cos=0.96757 | T/g=2.0502 T*cos/g=1.9837 | m_est-T*cos/g=+0.3417kg (+17.22%) vz=+0.603
[INFO] [1789062510.787873595] [mhe_node]: [c_xy_est] cx=+0.0000 cy=+0.0000 m
[INFO] [1789062510.872047645] [mhe_node]: [release-resid] STRONG 票: ΔT=-3.74N x4帧 (floor 0.9N)
[WARN] [1789062511.443453450] [mhe_node]: MHE solve failed [status=2], skipping this window (streak 1)
[WARN] [1789062511.542185122] [mhe_node]: MHE solve failed [status=2], skipping this window (streak 2)
[INFO] [1789062511.573134129] [mhe_node]: event transition ended: nominal weights restored
[WARN] [1789062511.744645151] [mhe_node]: MHE solve failed [status=2], skipping this window (streak 1)
[WARN] [1789062511.771924191] [mhe_node]: [s-collapse] 估计不健康,释放判决暂停 (solve_ok=0 reanchored=0 age=0.14s) — 持续计数已清零
[WARN] [1789062511.845594866] [mhe_node]: MHE solve failed [status=2], skipping this window (streak 2)
[WARN] [1789062511.947478904] [mhe_node]: MHE solve failed [status=2], skipping this window (streak 3)
[WARN] [1789062512.046138680] [mhe_node]: MHE solve failed [status=2], skipping this window (streak 4)
[WARN] [1789062512.147009898] [mhe_node]: MHE solve failed [status=2], skipping this window (streak 5)
[WARN] [1789062512.147334365] [mhe_node]: re-anchored arrival prior to current window after 5 consecutive failures (m seeded from thrust_phys: 1.961 -> 1.961 kg)
[WARN] [1789062512.248095860] [mhe_node]: MHE solve failed [status=2], skipping this window (streak 1)
[WARN] [1789062512.347463245] [mhe_node]: MHE solve failed [status=2], skipping this window (streak 2)
[WARN] [1789062512.447118519] [mhe_node]: MHE solve failed [status=2], skipping this window (streak 3)
[WARN] [1789062512.547487192] [mhe_node]: MHE solve failed [status=2], skipping this window (streak 4)
[WARN] [1789062512.647652679] [mhe_node]: MHE solve failed [status=2], skipping this window (streak 5)
[WARN] [1789062512.647970430] [mhe_node]: re-anchored arrival prior to current window after 5 consecutive failures (m seeded from thrust_phys: 1.961 -> 1.961 kg)
[WARN] [1789062512.748953851] [mhe_node]: MHE solve failed [status=2], skipping this window (streak 1)
[WARN] [1789062512.771925528] [mhe_node]: [s-collapse] 估计不健康,释放判决暂停 (solve_ok=0 reanchored=1 age=1.14s) — 持续计数已清零
[WARN] [1789062512.848595022] [mhe_node]: MHE solve failed [status=2], skipping this window (streak 2)
[WARN] [1789062512.948167907] [mhe_node]: MHE solve failed [status=2], skipping this window (streak 3)
[WARN] [1789062513.045131286] [mhe_node]: MHE solve failed [status=2], skipping this window (streak 4)
[WARN] [1789062513.146039373] [mhe_node]: MHE solve failed [status=2], skipping this window (streak 5)
[WARN] [1789062513.146401448] [mhe_node]: re-anchored arrival prior to current window after 5 consecutive failures (m seeded from thrust_phys: 1.961 -> 1.961 kg)
[WARN] [1789062513.246528400] [mhe_node]: MHE solve failed [status=2], skipping this window (streak 1)
[WARN] [1789062513.344228038] [mhe_node]: MHE solve failed [status=2], skipping this window (streak 2)
[WARN] [1789062513.443122622] [mhe_node]: MHE solve failed [status=2], skipping this window (streak 3)
[WARN] [1789062513.548994158] [mhe_node]: MHE solve failed [status=2], skipping this window (streak 4)
[WARN] [1789062513.646622954] [mhe_node]: MHE solve failed [status=2], skipping this window (streak 5)
[WARN] [1789062513.646947574] [mhe_node]: re-anchored arrival prior to current window after 5 consecutive failures (m seeded from thrust_phys: 1.961 -> 1.961 kg)
[WARN] [1789062513.744892240] [mhe_node]: MHE solve failed [status=2], skipping this window (streak 1)
[WARN] [1789062513.771963136] [mhe_node]: [s-collapse] 估计不健康,释放判决暂停 (solve_ok=0 reanchored=1 age=2.14s) — 持续计数已清零
[WARN] [1789062513.846713201] [mhe_node]: MHE solve failed [status=2], skipping this window (streak 2)
[WARN] [1789062513.947617098] [mhe_node]: MHE solve failed [status=2], skipping this window (streak 3)
[WARN] [1789062514.045650134] [mhe_node]: MHE solve failed [status=2], skipping this window (streak 4)
[WARN] [1789062514.146525936] [mhe_node]: MHE solve failed [status=2], skipping this window (streak 5)
[WARN] [1789062514.146846783] [mhe_node]: re-anchored arrival prior to current window after 5 consecutive failures (m seeded from thrust_phys: 1.961 -> 1.961 kg)
[WARN] [1789062514.246717854] [mhe_node]: MHE solve failed [status=2], skipping this window (streak 1)
[WARN] [1789062514.348068777] [mhe_node]: MHE solve failed [status=2], skipping this window (streak 2)
[WARN] [1789062514.442333165] [mhe_node]: MHE solve failed [status=2], skipping this window (streak 3)
[WARN] [1789062514.645249049] [mhe_node]: MHE solve failed [status=2], skipping this window (streak 1)
[WARN] [1789062514.745525184] [mhe_node]: MHE solve failed [status=2], skipping this window (streak 2)
[WARN] [1789062514.771918701] [mhe_node]: [s-collapse] 估计不健康,释放判决暂停 (solve_ok=0 reanchored=0 age=0.23s) — 持续计数已清零
[WARN] [1789062514.847019502] [mhe_node]: MHE solve failed [status=2], skipping this window (streak 3)
[WARN] [1789062514.945008578] [mhe_node]: MHE solve failed [status=2], skipping this window (streak 4)
[WARN] [1789062515.044310249] [mhe_node]: MHE solve failed [status=2], skipping this window (streak 5)
[WARN] [1789062515.044625606] [mhe_node]: re-anchored arrival prior to current window after 5 consecutive failures (m seeded from thrust_phys: 1.961 -> 1.961 kg)
[WARN] [1789062515.145077303] [mhe_node]: MHE solve failed [status=2], skipping this window (streak 1)
[WARN] [1789062515.244750142] [mhe_node]: MHE solve failed [status=2], skipping this window (streak 2)
[WARN] [1789062515.345746355] [mhe_node]: MHE solve failed [status=2], skipping this window (streak 3)
[WARN] [1789062515.445156378] [mhe_node]: MHE solve failed [status=2], skipping this window (streak 4)
[WARN] [1789062515.544820948] [mhe_node]: MHE solve failed [status=2], skipping this window (streak 5)
[WARN] [1789062515.545146260] [mhe_node]: re-anchored arrival prior to current window after 5 consecutive failures (m seeded from thrust_phys: 1.961 -> 1.961 kg)
[WARN] [1789062515.644004273] [mhe_node]: MHE solve failed [status=2], skipping this window (streak 1)
[WARN] [1789062515.745790081] [mhe_node]: MHE solve failed [status=2], skipping this window (streak 2)
[WARN] [1789062515.771967623] [mhe_node]: [s-collapse] 估计不健康,释放判决暂停 (solve_ok=0 reanchored=1 age=1.23s) — 持续计数已清零
[WARN] [1789062515.844984006] [mhe_node]: MHE solve failed [status=2], skipping this window (streak 3)
[WARN] [1789062515.945544869] [mhe_node]: MHE solve failed [status=2], skipping this window (streak 4)
[WARN] [1789062516.144011079] [mhe_node]: MHE solve failed [status=2], skipping this window (streak 1)
[WARN] [1789062516.171833111] [mhe_node]: [payload-health] input stream stale; MHE window cleared, publishing held estimate as unhealthy
[INFO] [1789062516.472086400] [mhe_node]: [release-resid] STRONG 票: ΔT=-7.29N x4帧 (floor 0.9N)
[WARN] [1789062516.872060240] [mhe_node]: [s-collapse] 估计不健康,释放判决暂停 (solve_ok=0 reanchored=0 age=0.84s) — 持续计数已清零
[WARN] [1789062517.872079699] [mhe_node]: [s-collapse] 估计不健康,释放判决暂停 (solve_ok=0 reanchored=0 age=1.84s) — 持续计数已清零
[WARN] [1789062518.171912786] [mhe_node]: [payload-health] input stream stale; MHE window cleared, publishing held estimate as unhealthy
[WARN] [1789062521.172045918] [mhe_node]: [s-collapse] 估计不健康,释放判决暂停 (solve_ok=0 reanchored=0 age=5.14s) — 持续计数已清零
[WARN] [1789062522.172083341] [mhe_node]: [s-collapse] 估计不健康,释放判决暂停 (solve_ok=0 reanchored=0 age=6.14s) — 持续计数已清零
[INFO] [1789062522.472011664] [mhe_node]: arrival prior seeded: m=2.064 kg (m_nominal prior)
[WARN] [1789062522.650338803] [mhe_node]: MHE solve failed [status=2], skipping this window (streak 1)
[WARN] [1789062522.751560059] [mhe_node]: MHE solve failed [status=2], skipping this window (streak 2)
[WARN] [1789062522.850526153] [mhe_node]: MHE solve failed [status=2], skipping this window (streak 3)
[WARN] [1789062522.955456143] [mhe_node]: MHE solve failed [status=2], skipping this window (streak 4)
[WARN] [1789062523.052001722] [mhe_node]: MHE solve failed [status=2], skipping this window (streak 5)
[WARN] [1789062523.052329752] [mhe_node]: re-anchored arrival prior to current window after 5 consecutive failures (m seeded from thrust_phys: 5.000 -> 5.000 kg)
[WARN] [1789062523.157154663] [mhe_node]: MHE solve failed [status=2], skipping this window (streak 1)
[WARN] [1789062523.171930991] [mhe_node]: [s-collapse] 估计不健康,释放判决暂停 (solve_ok=0 reanchored=1 age=0.64s) — 持续计数已清零
[WARN] [1789062523.255510795] [mhe_node]: MHE solve failed [status=2], skipping this window (streak 2)
[WARN] [1789062523.362638087] [mhe_node]: MHE solve failed [status=2], skipping this window (streak 3)
[WARN] [1789062523.465077690] [mhe_node]: MHE solve failed [status=2], skipping this window (streak 4)
[WARN] [1789062523.538331227] [mhe_node]: MHE solve failed [status=2], skipping this window (streak 5)
[WARN] [1789062523.538660494] [mhe_node]: re-anchored arrival prior to current window after 5 consecutive failures (m seeded from thrust_phys: 5.000 -> 5.000 kg)
[WARN] [1789062523.640745720] [mhe_node]: MHE solve failed [status=2], skipping this window (streak 1)
[WARN] [1789062523.738315231] [mhe_node]: MHE solve failed [status=2], skipping this window (streak 2)
[WARN] [1789062523.845986977] [mhe_node]: MHE solve failed [status=2], skipping this window (streak 3)
[WARN] [1789062523.945710027] [mhe_node]: MHE solve failed [status=2], skipping this window (streak 4)
[WARN] [1789062524.051403676] [mhe_node]: MHE solve failed [status=2], skipping this window (streak 5)
[WARN] [1789062524.051722303] [mhe_node]: re-anchored arrival prior to current window after 5 consecutive failures (m seeded from thrust_phys: 5.000 -> 5.000 kg)
[WARN] [1789062524.142264279] [mhe_node]: MHE solve failed [status=2], skipping this window (streak 1)
[WARN] [1789062524.172154412] [mhe_node]: [s-collapse] 估计不健康,释放判决暂停 (solve_ok=0 reanchored=1 age=1.64s) — 持续计数已清零
[WARN] [1789062524.247999405] [mhe_node]: MHE solve failed [status=2], skipping this window (streak 2)
[WARN] [1789062524.341067635] [mhe_node]: MHE solve failed [status=2], skipping this window (streak 3)
[WARN] [1789062524.445620975] [mhe_node]: MHE solve failed [status=2], skipping this window (streak 4)
[INFO] [1789062524.471887949] [mhe_node]: [c_xy_est] 质量域判据已武装(m_p=2.936kg 连续20帧高于水位)
[WARN] [1789062524.545255807] [mhe_node]: MHE solve failed [status=2], skipping this window (streak 5)
[WARN] [1789062524.545574774] [mhe_node]: re-anchored arrival prior to current window after 5 consecutive failures (m seeded from thrust_phys: 5.000 -> 5.000 kg)
[WARN] [1789062524.960079334] [mhe_node]: MHE solve failed [status=2], skipping this window (streak 1)
[WARN] [1789062525.172005281] [mhe_node]: [s-collapse] |s|=0.07876 > 物理上限 0.039 — 动态失真,不参与 moment 投票(本轮累计 7 帧)
[WARN] [1789062525.471935522] [mhe_node]: [payload-health] input stream stale; MHE window cleared, publishing held estimate as unhealthy
[WARN] [1789062592.072101125] [mhe_node]: [s-collapse] 估计不健康,释放判决暂停 (solve_ok=0 reanchored=0 age=66.65s) — 持续计数已清零
[INFO] [1789062592.672139222] [mhe_node]: [release-resid] STRONG 票: ΔT=-4.54N x4帧 (floor 0.9N)
[WARN] [1789062593.072142242] [mhe_node]: [s-collapse] 估计不健康,释放判决暂停 (solve_ok=0 reanchored=0 age=67.65s) — 持续计数已清零
[INFO] [1789062593.372053372] [mhe_node]: arrival prior seeded: m=2.064 kg (m_nominal prior)
[INFO] [1789062593.591395740] [mhe_node]: MHE mass estimate: 2.002 kg (T_phys=19.78N) | solve=51.0ms (max87.6)
[INFO] [1789062593.591939682] [mhe_node]: [truth] m_hat=2.0019 m_true=2.0643 err=-3.02% | c_hat=[+0.0000,+0.0000] c_true=[+0.0000,+0.0000] | Jxx_hat=0.01420 Jxx_true=0.01420 Jyz_hat=+0.00000 Jyz_true=+0.00000 | s_hat=[+0.0017,+0.0051] s_true=[+0.0000,+0.0000] kg·m
[INFO] [1789062593.592454609] [mhe_node]: [tau_phys] roll=+0.060 pitch=-0.041 Nm
[INFO] [1789062593.593030560] [mhe_node]: [mass-diag] m_est=2.0019 T=19.779N tilt=21.77deg cos=0.92867 | T/g=2.0162 T*cos/g=1.8724 | m_est-T*cos/g=+0.1295kg (+6.92%) vz=+0.970
[INFO] [1789062593.593628656] [mhe_node]: [c_xy_est] cx=+0.0000 cy=+0.0000 m
[INFO] [1789062594.072094883] [mhe_node]: [s-collapse] moment 基准未就绪(窗口 0/20, 越界剔除 9) — 暂不判决
[INFO] [1789062595.072212540] [mhe_node]: [s-collapse] moment 基准未就绪(窗口 0/20, 越界剔除 9) — 暂不判决
[INFO] [1789062595.582150256] [mhe_node]: MHE mass estimate: 2.085 kg (T_phys=20.28N) | solve=10.3ms (max19.0)
[INFO] [1789062595.582712449] [mhe_node]: [truth] m_hat=2.0854 m_true=2.0643 err=+1.02% | c_hat=[+0.0000,+0.0000] c_true=[+0.0000,+0.0000] | Jxx_hat=0.01420 Jxx_true=0.01420 Jyz_hat=+0.00000 Jyz_true=+0.00000 | s_hat=[+0.0030,-0.0002] s_true=[+0.0000,+0.0000] kg·m
[INFO] [1789062595.583235778] [mhe_node]: [tau_phys] roll=-0.015 pitch=+0.001 Nm
[INFO] [1789062595.583819685] [mhe_node]: [mass-diag] m_est=2.0854 T=20.277N tilt=11.72deg cos=0.97914 | T/g=2.0670 T*cos/g=2.0239 | m_est-T*cos/g=+0.0615kg (+3.04%) vz=+0.242
[INFO] [1789062595.584400120] [mhe_node]: [c_xy_est] cx=+0.0000 cy=+0.0000 m
[INFO] [1789062596.072046489] [mhe_node]: [s-collapse] moment 基准未就绪(窗口 0/20, 越界剔除 9) — 暂不判决
[INFO] [1789062597.072142602] [mhe_node]: [s-collapse] moment 基准未就绪(窗口 0/20, 越界剔除 9) — 暂不判决
[INFO] [1789062597.577084780] [mhe_node]: MHE mass estimate: 2.063 kg (T_phys=20.21N) | solve=8.1ms (max13.7)
[INFO] [1789062597.577483493] [mhe_node]: [truth] m_hat=2.0634 m_true=2.0643 err=-0.04% | c_hat=[+0.0000,+0.0000] c_true=[+0.0000,+0.0000] | Jxx_hat=0.01420 Jxx_true=0.01420 Jyz_hat=+0.00000 Jyz_true=+0.00000 | s_hat=[-0.0015,+0.0001] s_true=[+0.0000,+0.0000] kg·m
[INFO] [1789062597.577849002] [mhe_node]: [tau_phys] roll=+0.010 pitch=+0.009 Nm
[INFO] [1789062597.578259725] [mhe_node]: [mass-diag] m_est=2.0634 T=20.213N tilt=4.13deg cos=0.99740 | T/g=2.0605 T*cos/g=2.0551 | m_est-T*cos/g=+0.0083kg (+0.40%) vz=+0.072
[INFO] [1789062597.578660970] [mhe_node]: [c_xy_est] cx=+0.0000 cy=+0.0000 m
[INFO] [1789062598.072099043] [mhe_node]: [s-collapse] moment 基准未就绪(窗口 0/20, 越界剔除 9) — 暂不判决
[INFO] [1789062599.072151837] [mhe_node]: [s-collapse] moment 基准未就绪(窗口 0/20, 越界剔除 9) — 暂不判决
[INFO] [1789062599.578359957] [mhe_node]: MHE mass estimate: 2.061 kg (T_phys=20.21N) | solve=6.2ms (max9.0)
[INFO] [1789062599.578908175] [mhe_node]: [truth] m_hat=2.0610 m_true=2.0643 err=-0.16% | c_hat=[+0.0000,+0.0000] c_true=[+0.0000,+0.0000] | Jxx_hat=0.01420 Jxx_true=0.01420 Jyz_hat=+0.00000 Jyz_true=+0.00000 | s_hat=[-0.0001,+0.0008] s_true=[+0.0000,+0.0000] kg·m
[INFO] [1789062599.579426407] [mhe_node]: [tau_phys] roll=+0.004 pitch=-0.001 Nm
[INFO] [1789062599.580003695] [mhe_node]: [mass-diag] m_est=2.0610 T=20.210N tilt=1.26deg cos=0.99976 | T/g=2.0602 T*cos/g=2.0597 | m_est-T*cos/g=+0.0013kg (+0.07%) vz=+0.017
[INFO] [1789062599.580581972] [mhe_node]: [c_xy_est] cx=+0.0000 cy=+0.0000 m
[INFO] [1789062600.072099803] [mhe_node]: [s-collapse] moment 基准未就绪(窗口 0/20, 越界剔除 9) — 暂不判决
[INFO] [1789062601.072167519] [mhe_node]: [s-collapse] moment 基准未就绪(窗口 0/20, 越界剔除 9) — 暂不判决
[INFO] [1789062601.579590510] [mhe_node]: MHE mass estimate: 2.060 kg (T_phys=20.22N) | solve=5.9ms (max10.8)
[INFO] [1789062601.580137330] [mhe_node]: [truth] m_hat=2.0601 m_true=2.0643 err=-0.20% | c_hat=[+0.0000,+0.0000] c_true=[+0.0000,+0.0000] | Jxx_hat=0.01420 Jxx_true=0.01420 Jyz_hat=+0.00000 Jyz_true=+0.00000 | s_hat=[+0.0003,+0.0001] s_true=[+0.0000,+0.0000] kg·m
[INFO] [1789062601.580651831] [mhe_node]: [tau_phys] roll=+0.001 pitch=-0.001 Nm
[INFO] [1789062601.581237578] [mhe_node]: [mass-diag] m_est=2.0601 T=20.218N tilt=0.43deg cos=0.99997 | T/g=2.0610 T*cos/g=2.0609 | m_est-T*cos/g=-0.0008kg (-0.04%) vz=-0.002
[INFO] [1789062601.581813791] [mhe_node]: [c_xy_est] cx=+0.0000 cy=+0.0000 m
[INFO] [1789062602.072103717] [mhe_node]: [s-collapse] moment 基准未就绪(窗口 0/20, 越界剔除 9) — 暂不判决
[INFO] [1789062602.172075442] [mhe_node]: [no-signal] baseline settled at 19.82N (quiet 20 frames); detector armed
[INFO] [1789062603.072094947] [mhe_node]: [s-collapse] moment 基准未就绪(窗口 0/20, 越界剔除 9) — 暂不判决
[INFO] [1789062603.577447855] [mhe_node]: MHE mass estimate: 2.063 kg (T_phys=20.21N) | solve=3.8ms (max6.8)
[INFO] [1789062603.577996414] [mhe_node]: [truth] m_hat=2.0625 m_true=2.0643 err=-0.09% | c_hat=[+0.0000,+0.0000] c_true=[+0.0000,+0.0000] | Jxx_hat=0.01420 Jxx_true=0.01420 Jyz_hat=+0.00000 Jyz_true=+0.00000 | s_hat=[+0.0001,+0.0000] s_true=[+0.0000,+0.0000] kg·m
[INFO] [1789062603.578518709] [mhe_node]: [tau_phys] roll=+0.000 pitch=-0.001 Nm
[INFO] [1789062603.579109870] [mhe_node]: [mass-diag] m_est=2.0625 T=20.209N tilt=0.81deg cos=0.99990 | T/g=2.0601 T*cos/g=2.0599 | m_est-T*cos/g=+0.0026kg (+0.13%) vz=+0.003
[INFO] [1789062603.579697905] [mhe_node]: [c_xy_est] cx=+0.0000 cy=+0.0000 m
[INFO] [1789062604.072026923] [mhe_node]: [s-collapse] moment 基准未就绪(窗口 0/20, 越界剔除 9) — 暂不判决
[INFO] [1789062605.072147997] [mhe_node]: [s-collapse] moment 基准未就绪(窗口 0/20, 越界剔除 9) — 暂不判决
[INFO] [1789062605.576542320] [mhe_node]: MHE mass estimate: 2.063 kg (T_phys=20.23N) | solve=3.3ms (max4.6)
[INFO] [1789062605.577210875] [mhe_node]: [truth] m_hat=2.0629 m_true=2.0643 err=-0.07% | c_hat=[+0.0000,+0.0000] c_true=[+0.0000,+0.0000] | Jxx_hat=0.01420 Jxx_true=0.01420 Jyz_hat=+0.00000 Jyz_true=+0.00000 | s_hat=[+0.0001,+0.0001] s_true=[+0.0000,+0.0000] kg·m
[INFO] [1789062605.577730303] [mhe_node]: [tau_phys] roll=-0.000 pitch=-0.000 Nm
[INFO] [1789062605.578327399] [mhe_node]: [mass-diag] m_est=2.0629 T=20.234N tilt=0.58deg cos=0.99995 | T/g=2.0626 T*cos/g=2.0624 | m_est-T*cos/g=+0.0005kg (+0.02%) vz=+0.011
[INFO] [1789062605.578908958] [mhe_node]: [c_xy_est] cx=+0.0000 cy=+0.0000 m
[INFO] [1789062606.072103964] [mhe_node]: [s-collapse] moment 基准未就绪(窗口 8/20, 越界剔除 9) — 暂不判决
[INFO] [1789062607.072155270] [mhe_node]: [s-collapse] moment 基准未就绪(窗口 18/20, 越界剔除 9) — 暂不判决
[INFO] [1789062607.272016262] [mhe_node]: [payload-state] LOADED->EMPTY (drop, m_p=-0.003kg)
[INFO] [1789062607.272248805] [mhe_node]: [c_xy_est] 载荷释放(mass-based m_p<0.030kg x20帧) → 在线偏心估计归零(重新播种)
[INFO] [1789062607.277805916] [mhe_node]: [s-decay] n=1 |s_est|=0.00005 |s_target|=0.00000 |s_out|=0.00006 d_s_out=-0.00003 conf=1.000 present=0 armed=0 latched=1 health=1
[INFO] [1789062607.377381717] [mhe_node]: [s-decay] n=2 |s_est|=0.00008 |s_target|=0.00000 |s_out|=0.00004 d_s_out=-0.00002 conf=1.000 present=0 armed=0 latched=1 health=1
[INFO] [1789062607.477214568] [mhe_node]: [s-decay] n=3 |s_est|=0.00005 |s_target|=0.00000 |s_out|=0.00003 d_s_out=-0.00001 conf=1.000 present=0 armed=0 latched=1 health=1
[INFO] [1789062607.580044439] [mhe_node]: MHE mass estimate: 2.058 kg (T_phys=20.03N) | solve=3.9ms (max7.1)
[INFO] [1789062607.580591974] [mhe_node]: [truth] m_hat=2.0582 m_true=2.0643 err=-0.30% | c_hat=[+0.0000,+0.0000] c_true=[+0.0000,+0.0000] | Jxx_hat=0.01420 Jxx_true=0.01420 Jyz_hat=+0.00000 Jyz_true=+0.00000 | s_hat=[+0.0000,-0.0001] s_true=[+0.0000,+0.0000] kg·m
[INFO] [1789062607.581105999] [mhe_node]: [tau_phys] roll=-0.040 pitch=-0.004 Nm
[INFO] [1789062607.581699163] [mhe_node]: [mass-diag] m_est=2.0582 T=20.031N tilt=3.14deg cos=0.99850 | T/g=2.0419 T*cos/g=2.0388 | m_est-T*cos/g=+0.0194kg (+0.95%) vz=+0.001
[INFO] [1789062607.582288357] [mhe_node]: [c_xy_est] cx=+0.0000 cy=+0.0000 m
[INFO] [1789062607.582679773] [mhe_node]: [s-decay] n=4 |s_est|=0.00008 |s_target|=0.00000 |s_out|=0.00002 d_s_out=-0.00001 conf=1.000 present=0 armed=0 latched=1 health=1
[INFO] [1789062607.682031279] [mhe_node]: [s-decay] n=5 |s_est|=0.00016 |s_target|=0.00000 |s_out|=0.00001 d_s_out=-0.00001 conf=1.000 present=0 armed=0 latched=1 health=1
[INFO] [1789062607.778815382] [mhe_node]: [s-decay] n=6 |s_est|=0.00018 |s_target|=0.00000 |s_out|=0.00001 d_s_out=-0.00000 conf=1.000 present=0 armed=0 latched=1 health=1
[INFO] [1789062607.877634207] [mhe_node]: [s-decay] n=7 |s_est|=0.00015 |s_target|=0.00000 |s_out|=0.00001 d_s_out=-0.00000 conf=1.000 present=0 armed=0 latched=1 health=1
[INFO] [1789062607.988777932] [mhe_node]: [s-decay] n=8 |s_est|=0.00008 |s_target|=0.00000 |s_out|=0.00000 d_s_out=-0.00000 conf=1.000 present=0 armed=0 latched=1 health=1
[INFO] [1789062608.078560724] [mhe_node]: [s-decay] n=9 |s_est|=0.00006 |s_target|=0.00000 |s_out|=0.00000 d_s_out=-0.00000 conf=1.000 present=0 armed=0 latched=1 health=1
[INFO] [1789062608.178757932] [mhe_node]: [s-decay] n=10 |s_est|=0.00011 |s_target|=0.00000 |s_out|=0.00000 d_s_out=-0.00000 conf=1.000 present=0 armed=0 latched=1 health=1
[INFO] [1789062608.279801402] [mhe_node]: [s-decay] n=11 |s_est|=0.00016 |s_target|=0.00000 |s_out|=0.00000 d_s_out=-0.00000 conf=1.000 present=0 armed=0 latched=1 health=1
[INFO] [1789062608.378539018] [mhe_node]: [s-decay] n=12 |s_est|=0.00022 |s_target|=0.00000 |s_out|=0.00000 d_s_out=-0.00000 conf=1.000 present=0 armed=0 latched=1 health=1
[INFO] [1789062608.478510651] [mhe_node]: [s-decay] n=13 |s_est|=0.00027 |s_target|=0.00000 |s_out|=0.00000 d_s_out=-0.00000 conf=1.000 present=0 armed=0 latched=1 health=1
[INFO] [1789062608.579670306] [mhe_node]: [s-decay] n=14 |s_est|=0.00033 |s_target|=0.00000 |s_out|=0.00000 d_s_out=-0.00000 conf=1.000 present=0 armed=0 latched=1 health=1
[INFO] [1789062608.678518109] [mhe_node]: [s-decay] n=15 |s_est|=0.00040 |s_target|=0.00000 |s_out|=0.00000 d_s_out=-0.00000 conf=1.000 present=0 armed=0 latched=1 health=1
[INFO] [1789062608.777525911] [mhe_node]: [s-decay] n=16 |s_est|=0.00046 |s_target|=0.00000 |s_out|=0.00000 d_s_out=-0.00000 conf=1.000 present=0 armed=0 latched=1 health=1
[INFO] [1789062608.877310821] [mhe_node]: [s-decay] n=17 |s_est|=0.00052 |s_target|=0.00000 |s_out|=0.00000 d_s_out=-0.00000 conf=1.000 present=0 armed=0 latched=1 health=1
[INFO] [1789062608.977274977] [mhe_node]: [s-decay] n=18 |s_est|=0.00058 |s_target|=0.00000 |s_out|=0.00000 d_s_out=-0.00000 conf=1.000 present=0 armed=0 latched=1 health=1
[INFO] [1789062609.077742805] [mhe_node]: [s-decay] n=19 |s_est|=0.00063 |s_target|=0.00000 |s_out|=0.00000 d_s_out=-0.00000 conf=1.000 present=0 armed=0 latched=1 health=1
[INFO] [1789062609.177677396] [mhe_node]: [s-decay] n=20 |s_est|=0.00068 |s_target|=0.00000 |s_out|=0.00000 d_s_out=-0.00000 conf=1.000 present=0 armed=0 latched=1 health=1
[INFO] [1789062609.277329007] [mhe_node]: [s-decay] n=21 |s_est|=0.00067 |s_target|=0.00000 |s_out|=0.00000 d_s_out=-0.00000 conf=1.000 present=0 armed=0 latched=1 health=1
[INFO] [1789062609.378204960] [mhe_node]: [s-decay] n=22 |s_est|=0.00073 |s_target|=0.00000 |s_out|=0.00000 d_s_out=-0.00000 conf=1.000 present=0 armed=0 latched=1 health=1
[INFO] [1789062609.478373395] [mhe_node]: [s-decay] n=23 |s_est|=0.00071 |s_target|=0.00000 |s_out|=0.00000 d_s_out=-0.00000 conf=1.000 present=0 armed=0 latched=1 health=1
[INFO] [1789062609.576415271] [mhe_node]: MHE mass estimate: 2.063 kg (T_phys=20.21N) | solve=6.1ms (max16.0)
[INFO] [1789062609.576811391] [mhe_node]: [truth] m_hat=2.0634 m_true=2.0643 err=-0.04% | c_hat=[+0.0000,+0.0000] c_true=[+0.0000,+0.0000] | Jxx_hat=0.01420 Jxx_true=0.01420 Jyz_hat=+0.00000 Jyz_true=+0.00000 | s_hat=[+0.0000,+0.0006] s_true=[+0.0000,+0.0000] kg·m
[INFO] [1789062609.577176957] [mhe_node]: [tau_phys] roll=+0.005 pitch=+0.004 Nm
[INFO] [1789062609.577594547] [mhe_node]: [mass-diag] m_est=2.0634 T=20.206N tilt=0.06deg cos=1.00000 | T/g=2.0597 T*cos/g=2.0597 | m_est-T*cos/g=+0.0037kg (+0.18%) vz=+0.007
[INFO] [1789062609.577997306] [mhe_node]: [c_xy_est] cx=+0.0000 cy=+0.0003 m
[INFO] [1789062609.578263395] [mhe_node]: [s-decay] n=24 |s_est|=0.00063 |s_target|=0.00000 |s_out|=0.00000 d_s_out=-0.00000 conf=1.000 present=0 armed=0 latched=1 health=1
[INFO] [1789062609.679312839] [mhe_node]: [s-decay] n=25 |s_est|=0.00052 |s_target|=0.00000 |s_out|=0.00000 d_s_out=-0.00000 conf=1.000 present=0 armed=0 latched=1 health=1
[INFO] [1789062609.777316954] [mhe_node]: [s-decay] n=26 |s_est|=0.00044 |s_target|=0.00000 |s_out|=0.00000 d_s_out=-0.00000 conf=1.000 present=0 armed=0 latched=1 health=1
[INFO] [1789062609.877381075] [mhe_node]: [s-decay] n=27 |s_est|=0.00041 |s_target|=0.00000 |s_out|=0.00000 d_s_out=-0.00000 conf=1.000 present=0 armed=0 latched=1 health=1
[INFO] [1789062609.978541353] [mhe_node]: [s-decay] n=28 |s_est|=0.00041 |s_target|=0.00000 |s_out|=0.00000 d_s_out=-0.00000 conf=1.000 present=0 armed=0 latched=1 health=1
[INFO] [1789062610.077598573] [mhe_node]: [s-decay] n=29 |s_est|=0.00042 |s_target|=0.00000 |s_out|=0.00000 d_s_out=-0.00000 conf=1.000 present=0 armed=0 latched=1 health=1
[INFO] [1789062610.176351310] [mhe_node]: [s-decay] n=30 |s_est|=0.00042 |s_target|=0.00000 |s_out|=0.00000 d_s_out=-0.00000 conf=1.000 present=0 armed=0 latched=1 health=1
[INFO] [1789062610.276337802] [mhe_node]: [s-decay] n=31 |s_est|=0.00042 |s_target|=0.00000 |s_out|=0.00000 d_s_out=-0.00000 conf=1.000 present=0 armed=0 latched=1 health=1
[INFO] [1789062610.375223313] [mhe_node]: [s-decay] n=32 |s_est|=0.00042 |s_target|=0.00000 |s_out|=0.00000 d_s_out=-0.00000 conf=1.000 present=0 armed=0 latched=1 health=1
[INFO] [1789062610.476384008] [mhe_node]: [s-decay] n=33 |s_est|=0.00041 |s_target|=0.00000 |s_out|=0.00000 d_s_out=-0.00000 conf=1.000 present=0 armed=0 latched=1 health=1
[INFO] [1789062610.576441527] [mhe_node]: [s-decay] n=34 |s_est|=0.00040 |s_target|=0.00000 |s_out|=0.00000 d_s_out=-0.00000 conf=1.000 present=0 armed=0 latched=1 health=1
[INFO] [1789062610.676476978] [mhe_node]: [s-decay] n=35 |s_est|=0.00040 |s_target|=0.00000 |s_out|=0.00000 d_s_out=-0.00000 conf=1.000 present=0 armed=0 latched=1 health=1
[INFO] [1789062610.776457235] [mhe_node]: [s-decay] n=36 |s_est|=0.00041 |s_target|=0.00000 |s_out|=0.00000 d_s_out=-0.00000 conf=1.000 present=0 armed=0 latched=1 health=1
[INFO] [1789062610.876379274] [mhe_node]: [s-decay] n=37 |s_est|=0.00042 |s_target|=0.00000 |s_out|=0.00000 d_s_out=-0.00000 conf=1.000 present=0 armed=0 latched=1 health=1
[INFO] [1789062610.974999667] [mhe_node]: [s-decay] n=38 |s_est|=0.00043 |s_target|=0.00000 |s_out|=0.00000 d_s_out=-0.00000 conf=1.000 present=0 armed=0 latched=1 health=1
[INFO] [1789062611.076449381] [mhe_node]: [s-decay] n=39 |s_est|=0.00044 |s_target|=0.00000 |s_out|=0.00000 d_s_out=-0.00000 conf=1.000 present=0 armed=0 latched=1 health=1
[INFO] [1789062611.176400647] [mhe_node]: [s-decay] n=40 |s_est|=0.00045 |s_target|=0.00000 |s_out|=0.00000 d_s_out=-0.00000 conf=1.000 present=0 armed=0 latched=1 health=1
[INFO] [1789062611.276350932] [mhe_node]: [s-decay] n=41 |s_est|=0.00045 |s_target|=0.00000 |s_out|=0.00000 d_s_out=-0.00000 conf=1.000 present=0 armed=0 latched=1 health=1
[INFO] [1789062611.376369930] [mhe_node]: [s-decay] n=42 |s_est|=0.00046 |s_target|=0.00000 |s_out|=0.00000 d_s_out=-0.00000 conf=1.000 present=0 armed=0 latched=1 health=1
[INFO] [1789062611.476299463] [mhe_node]: [s-decay] n=43 |s_est|=0.00047 |s_target|=0.00000 |s_out|=0.00000 d_s_out=-0.00000 conf=1.000 present=0 armed=0 latched=1 health=1
[INFO] [1789062611.576382580] [mhe_node]: MHE mass estimate: 2.063 kg (T_phys=20.26N) | solve=3.9ms (max6.5)
[INFO] [1789062611.576917640] [mhe_node]: [truth] m_hat=2.0627 m_true=2.0643 err=-0.08% | c_hat=[+0.0000,+0.0000] c_true=[+0.0000,+0.0000] | Jxx_hat=0.01420 Jxx_true=0.01420 Jyz_hat=+0.00000 Jyz_true=+0.00000 | s_hat=[-0.0003,+0.0003] s_true=[+0.0000,+0.0000] kg·m
[INFO] [1789062611.577439642] [mhe_node]: [tau_phys] roll=+0.002 pitch=+0.004 Nm
[INFO] [1789062611.578018887] [mhe_node]: [mass-diag] m_est=2.0627 T=20.263N tilt=0.45deg cos=0.99997 | T/g=2.0656 T*cos/g=2.0655 | m_est-T*cos/g=-0.0029kg (-0.14%) vz=+0.011
[INFO] [1789062611.578603872] [mhe_node]: [c_xy_est] cx=-0.0002 cy=+0.0002 m
[INFO] [1789062611.578954384] [mhe_node]: [s-decay] n=44 |s_est|=0.00048 |s_target|=0.00000 |s_out|=0.00000 d_s_out=-0.00000 conf=1.000 present=0 armed=0 latched=1 health=1
[INFO] [1789062611.676368740] [mhe_node]: [s-decay] n=45 |s_est|=0.00049 |s_target|=0.00000 |s_out|=0.00000 d_s_out=-0.00000 conf=1.000 present=0 armed=0 latched=1 health=1
[INFO] [1789062611.776360944] [mhe_node]: [s-decay] n=46 |s_est|=0.00050 |s_target|=0.00000 |s_out|=0.00000 d_s_out=-0.00000 conf=1.000 present=0 armed=0 latched=1 health=1
[INFO] [1789062611.876526955] [mhe_node]: [s-decay] n=47 |s_est|=0.00050 |s_target|=0.00000 |s_out|=0.00000 d_s_out=-0.00000 conf=1.000 present=0 armed=0 latched=1 health=1
[INFO] [1789062611.976371514] [mhe_node]: [s-decay] n=48 |s_est|=0.00051 |s_target|=0.00000 |s_out|=0.00000 d_s_out=-0.00000 conf=1.000 present=0 armed=0 latched=1 health=1
[INFO] [1789062612.076384542] [mhe_node]: [s-decay] n=49 |s_est|=0.00051 |s_target|=0.00000 |s_out|=0.00000 d_s_out=-0.00000 conf=1.000 present=0 armed=0 latched=1 health=1
[INFO] [1789062612.175025700] [mhe_node]: [s-decay] n=50 |s_est|=0.00051 |s_target|=0.00000 |s_out|=0.00000 d_s_out=-0.00000 conf=1.000 present=0 armed=0 latched=1 health=1
[INFO] [1789062612.276321223] [mhe_node]: [s-decay] n=51 |s_est|=0.00050 |s_target|=0.00000 |s_out|=0.00000 d_s_out=-0.00000 conf=1.000 present=0 armed=0 latched=1 health=1
[INFO] [1789062612.376442689] [mhe_node]: [s-decay] n=52 |s_est|=0.00050 |s_target|=0.00000 |s_out|=0.00000 d_s_out=-0.00000 conf=1.000 present=0 armed=0 latched=1 health=1
[INFO] [1789062612.476521225] [mhe_node]: [s-decay] n=53 |s_est|=0.00048 |s_target|=0.00000 |s_out|=0.00000 d_s_out=-0.00000 conf=1.000 present=0 armed=0 latched=1 health=1
[INFO] [1789062612.576424648] [mhe_node]: [s-decay] n=54 |s_est|=0.00047 |s_target|=0.00000 |s_out|=0.00000 d_s_out=-0.00000 conf=1.000 present=0 armed=0 latched=1 health=1
[INFO] [1789062612.675053454] [mhe_node]: [s-decay] n=55 |s_est|=0.00046 |s_target|=0.00000 |s_out|=0.00000 d_s_out=-0.00000 conf=1.000 present=0 armed=0 latched=1 health=1
[INFO] [1789062612.775267814] [mhe_node]: [s-decay] n=56 |s_est|=0.00044 |s_target|=0.00000 |s_out|=0.00000 d_s_out=-0.00000 conf=1.000 present=0 armed=0 latched=1 health=1
[INFO] [1789062612.874958450] [mhe_node]: [s-decay] n=57 |s_est|=0.00043 |s_target|=0.00000 |s_out|=0.00000 d_s_out=-0.00000 conf=1.000 present=0 armed=0 latched=1 health=1
[INFO] [1789062612.974831337] [mhe_node]: [s-decay] n=58 |s_est|=0.00042 |s_target|=0.00000 |s_out|=0.00000 d_s_out=-0.00000 conf=1.000 present=0 armed=0 latched=1 health=1
[INFO] [1789062613.076338683] [mhe_node]: [s-decay] n=59 |s_est|=0.00041 |s_target|=0.00000 |s_out|=0.00000 d_s_out=-0.00000 conf=1.000 present=0 armed=0 latched=1 health=1
[INFO] [1789062613.176268977] [mhe_node]: [s-decay] n=60 |s_est|=0.00040 |s_target|=0.00000 |s_out|=0.00000 d_s_out=-0.00000 conf=1.000 present=0 armed=0 latched=1 health=1
[INFO] [1789062613.276363662] [mhe_node]: [s-decay] n=61 |s_est|=0.00039 |s_target|=0.00000 |s_out|=0.00000 d_s_out=-0.00000 conf=1.000 present=0 armed=0 latched=1 health=1
[INFO] [1789062613.376327790] [mhe_node]: [s-decay] n=62 |s_est|=0.00037 |s_target|=0.00000 |s_out|=0.00000 d_s_out=-0.00000 conf=1.000 present=0 armed=0 latched=1 health=1
[INFO] [1789062613.476704232] [mhe_node]: [s-decay] n=63 |s_est|=0.00036 |s_target|=0.00000 |s_out|=0.00000 d_s_out=-0.00000 conf=1.000 present=0 armed=0 latched=1 health=1
[INFO] [1789062613.576479894] [mhe_node]: MHE mass estimate: 2.061 kg (T_phys=20.24N) | solve=3.3ms (max3.7)
[INFO] [1789062613.577010223] [mhe_node]: [truth] m_hat=2.0612 m_true=2.0643 err=-0.15% | c_hat=[+0.0000,+0.0000] c_true=[+0.0000,+0.0000] | Jxx_hat=0.01420 Jxx_true=0.01420 Jyz_hat=+0.00000 Jyz_true=+0.00000 | s_hat=[-0.0002,+0.0003] s_true=[+0.0000,+0.0000] kg·m
[INFO] [1789062613.577521154] [mhe_node]: [tau_phys] roll=+0.004 pitch=+0.000 Nm
[INFO] [1789062613.578108193] [mhe_node]: [mass-diag] m_est=2.0612 T=20.242N tilt=0.25deg cos=0.99999 | T/g=2.0634 T*cos/g=2.0634 | m_est-T*cos/g=-0.0021kg (-0.10%) vz=+0.001
[INFO] [1789062613.578683895] [mhe_node]: [c_xy_est] cx=-0.0001 cy=+0.0001 m
[INFO] [1789062613.579038185] [mhe_node]: [s-decay] n=64 |s_est|=0.00035 |s_target|=0.00000 |s_out|=0.00000 d_s_out=-0.00000 conf=1.000 present=0 armed=0 latched=1 health=1
[INFO] [1789062613.682099081] [mhe_node]: [s-decay] n=65 |s_est|=0.00034 |s_target|=0.00000 |s_out|=0.00000 d_s_out=-0.00000 conf=1.000 present=0 armed=0 latched=1 health=1
[INFO] [1789062613.776421402] [mhe_node]: [s-decay] n=66 |s_est|=0.00034 |s_target|=0.00000 |s_out|=0.00000 d_s_out=-0.00000 conf=1.000 present=0 armed=0 latched=1 health=1
[INFO] [1789062613.876422342] [mhe_node]: [s-decay] n=67 |s_est|=0.00034 |s_target|=0.00000 |s_out|=0.00000 d_s_out=-0.00000 conf=1.000 present=0 armed=0 latched=1 health=1
[INFO] [1789062613.976335079] [mhe_node]: [s-decay] n=68 |s_est|=0.00034 |s_target|=0.00000 |s_out|=0.00000 d_s_out=-0.00000 conf=1.000 present=0 armed=0 latched=1 health=1
[INFO] [1789062614.076394517] [mhe_node]: [s-decay] n=69 |s_est|=0.00035 |s_target|=0.00000 |s_out|=0.00000 d_s_out=-0.00000 conf=1.000 present=0 armed=0 latched=1 health=1
[INFO] [1789062614.176364590] [mhe_node]: [s-decay] n=70 |s_est|=0.00035 |s_target|=0.00000 |s_out|=0.00000 d_s_out=-0.00000 conf=1.000 present=0 armed=0 latched=1 health=1
[INFO] [1789062614.276459045] [mhe_node]: [s-decay] n=71 |s_est|=0.00036 |s_target|=0.00000 |s_out|=0.00000 d_s_out=-0.00000 conf=1.000 present=0 armed=0 latched=1 health=1
[INFO] [1789062614.376321116] [mhe_node]: [s-decay] n=72 |s_est|=0.00036 |s_target|=0.00000 |s_out|=0.00000 d_s_out=-0.00000 conf=1.000 present=0 armed=0 latched=1 health=1
[INFO] [1789062614.476344687] [mhe_node]: [s-decay] n=73 |s_est|=0.00037 |s_target|=0.00000 |s_out|=0.00000 d_s_out=-0.00000 conf=1.000 present=0 armed=0 latched=1 health=1
[INFO] [1789062614.576603125] [mhe_node]: [s-decay] n=74 |s_est|=0.00037 |s_target|=0.00000 |s_out|=0.00000 d_s_out=-0.00000 conf=1.000 present=0 armed=0 latched=1 health=1
[INFO] [1789062614.676366950] [mhe_node]: [s-decay] n=75 |s_est|=0.00038 |s_target|=0.00000 |s_out|=0.00000 d_s_out=-0.00000 conf=1.000 present=0 armed=0 latched=1 health=1
[INFO] [1789062614.776392556] [mhe_node]: [s-decay] n=76 |s_est|=0.00038 |s_target|=0.00000 |s_out|=0.00000 d_s_out=-0.00000 conf=1.000 present=0 armed=0 latched=1 health=1
[INFO] [1789062614.876404679] [mhe_node]: [s-decay] n=77 |s_est|=0.00038 |s_target|=0.00000 |s_out|=0.00000 d_s_out=-0.00000 conf=1.000 present=0 armed=0 latched=1 health=1
[INFO] [1789062614.976505887] [mhe_node]: [s-decay] n=78 |s_est|=0.00038 |s_target|=0.00000 |s_out|=0.00000 d_s_out=-0.00000 conf=1.000 present=0 armed=0 latched=1 health=1
[INFO] [1789062615.076331673] [mhe_node]: [s-decay] n=79 |s_est|=0.00038 |s_target|=0.00000 |s_out|=0.00000 d_s_out=-0.00000 conf=1.000 present=0 armed=0 latched=1 health=1
[INFO] [1789062615.174877374] [mhe_node]: [s-decay] n=80 |s_est|=0.00037 |s_target|=0.00000 |s_out|=0.00000 d_s_out=-0.00000 conf=1.000 present=0 armed=0 latched=1 health=1
[INFO] [1789062615.274907109] [mhe_node]: [s-decay] n=81 |s_est|=0.00036 |s_target|=0.00000 |s_out|=0.00000 d_s_out=-0.00000 conf=1.000 present=0 armed=0 latched=1 health=1
[INFO] [1789062615.374866202] [mhe_node]: [s-decay] n=82 |s_est|=0.00035 |s_target|=0.00000 |s_out|=0.00000 d_s_out=-0.00000 conf=1.000 present=0 armed=0 latched=1 health=1
[INFO] [1789062615.476462362] [mhe_node]: [s-decay] n=83 |s_est|=0.00033 |s_target|=0.00000 |s_out|=0.00000 d_s_out=-0.00000 conf=1.000 present=0 armed=0 latched=1 health=1
[INFO] [1789062615.576387007] [mhe_node]: MHE mass estimate: 2.062 kg (T_phys=20.26N) | solve=3.7ms (max9.2)
[INFO] [1789062615.576917542] [mhe_node]: [truth] m_hat=2.0624 m_true=2.0643 err=-0.09% | c_hat=[+0.0000,+0.0000] c_true=[+0.0000,+0.0000] | Jxx_hat=0.01420 Jxx_true=0.01420 Jyz_hat=+0.00000 Jyz_true=+0.00000 | s_hat=[-0.0001,+0.0003] s_true=[+0.0000,+0.0000] kg·m
[INFO] [1789062615.577433978] [mhe_node]: [tau_phys] roll=-0.001 pitch=+0.004 Nm
[INFO] [1789062615.578014780] [mhe_node]: [mass-diag] m_est=2.0624 T=20.255N tilt=0.33deg cos=0.99998 | T/g=2.0648 T*cos/g=2.0647 | m_est-T*cos/g=-0.0024kg (-0.12%) vz=+0.005
[INFO] [1789062615.578596720] [mhe_node]: [c_xy_est] cx=-0.0001 cy=+0.0002 m
[INFO] [1789062615.578946829] [mhe_node]: [s-decay] n=84 |s_est|=0.00032 |s_target|=0.00000 |s_out|=0.00000 d_s_out=-0.00000 conf=1.000 present=0 armed=0 latched=1 health=1
[INFO] [1789062615.676317052] [mhe_node]: [s-decay] n=85 |s_est|=0.00030 |s_target|=0.00000 |s_out|=0.00000 d_s_out=-0.00000 conf=1.000 present=0 armed=0 latched=1 health=1
[INFO] [1789062615.776291579] [mhe_node]: [s-decay] n=86 |s_est|=0.00028 |s_target|=0.00000 |s_out|=0.00000 d_s_out=-0.00000 conf=1.000 present=0 armed=0 latched=1 health=1
[INFO] [1789062615.876271843] [mhe_node]: [s-decay] n=87 |s_est|=0.00027 |s_target|=0.00000 |s_out|=0.00000 d_s_out=-0.00000 conf=1.000 present=0 armed=0 latched=1 health=1
[INFO] [1789062615.976366610] [mhe_node]: [s-decay] n=88 |s_est|=0.00026 |s_target|=0.00000 |s_out|=0.00000 d_s_out=-0.00000 conf=1.000 present=0 armed=0 latched=1 health=1
[INFO] [1789062616.076336630] [mhe_node]: [s-decay] n=89 |s_est|=0.00025 |s_target|=0.00000 |s_out|=0.00000 d_s_out=-0.00000 conf=1.000 present=0 armed=0 latched=1 health=1
[INFO] [1789062616.176559919] [mhe_node]: [s-decay] n=90 |s_est|=0.00024 |s_target|=0.00000 |s_out|=0.00000 d_s_out=-0.00000 conf=1.000 present=0 armed=0 latched=1 health=1
[INFO] [1789062616.276287570] [mhe_node]: [s-decay] n=91 |s_est|=0.00022 |s_target|=0.00000 |s_out|=0.00000 d_s_out=-0.00000 conf=1.000 present=0 armed=0 latched=1 health=1
[INFO] [1789062616.376689932] [mhe_node]: [s-decay] n=92 |s_est|=0.00021 |s_target|=0.00000 |s_out|=0.00000 d_s_out=-0.00000 conf=1.000 present=0 armed=0 latched=1 health=1
[INFO] [1789062616.476331496] [mhe_node]: [s-decay] n=93 |s_est|=0.00021 |s_target|=0.00000 |s_out|=0.00000 d_s_out=-0.00000 conf=1.000 present=0 armed=0 latched=1 health=1
[INFO] [1789062616.576330766] [mhe_node]: [s-decay] n=94 |s_est|=0.00020 |s_target|=0.00000 |s_out|=0.00000 d_s_out=-0.00000 conf=1.000 present=0 armed=0 latched=1 health=1
[INFO] [1789062616.676317835] [mhe_node]: [s-decay] n=95 |s_est|=0.00020 |s_target|=0.00000 |s_out|=0.00000 d_s_out=-0.00000 conf=1.000 present=0 armed=0 latched=1 health=1
[INFO] [1789062616.776399246] [mhe_node]: [s-decay] n=96 |s_est|=0.00020 |s_target|=0.00000 |s_out|=0.00000 d_s_out=-0.00000 conf=1.000 present=0 armed=0 latched=1 health=1
[INFO] [1789062616.876333102] [mhe_node]: [s-decay] n=97 |s_est|=0.00020 |s_target|=0.00000 |s_out|=0.00000 d_s_out=-0.00000 conf=1.000 present=0 armed=0 latched=1 health=1
[INFO] [1789062616.976353304] [mhe_node]: [s-decay] n=98 |s_est|=0.00021 |s_target|=0.00000 |s_out|=0.00000 d_s_out=-0.00000 conf=1.000 present=0 armed=0 latched=1 health=1
[INFO] [1789062617.076557687] [mhe_node]: [s-decay] n=99 |s_est|=0.00022 |s_target|=0.00000 |s_out|=0.00000 d_s_out=-0.00000 conf=1.000 present=0 armed=0 latched=1 health=1
[INFO] [1789062617.176274703] [mhe_node]: [s-decay] n=100 |s_est|=0.00023 |s_target|=0.00000 |s_out|=0.00000 d_s_out=-0.00000 conf=1.000 present=0 armed=0 latched=1 health=1
[INFO] [1789062617.576429942] [mhe_node]: MHE mass estimate: 2.064 kg (T_phys=20.11N) | solve=3.6ms (max3.8)
[INFO] [1789062617.576962379] [mhe_node]: [truth] m_hat=2.0637 m_true=2.0643 err=-0.03% | c_hat=[+0.0000,+0.0000] c_true=[+0.0000,+0.0000] | Jxx_hat=0.01420 Jxx_true=0.01420 Jyz_hat=+0.00000 Jyz_true=+0.00000 | s_hat=[-0.0002,+0.0001] s_true=[+0.0000,+0.0000] kg·m
[INFO] [1789062617.577476936] [mhe_node]: [tau_phys] roll=-0.002 pitch=-0.000 Nm
[INFO] [1789062617.578056586] [mhe_node]: [mass-diag] m_est=2.0637 T=20.109N tilt=0.44deg cos=0.99997 | T/g=2.0498 T*cos/g=2.0497 | m_est-T*cos/g=+0.0139kg (+0.68%) vz=+0.015
[INFO] [1789062617.578637848] [mhe_node]: [c_xy_est] cx=-0.0001 cy=+0.0001 m
[INFO] [1789062619.575063136] [mhe_node]: MHE mass estimate: 2.061 kg (T_phys=20.21N) | solve=3.3ms (max3.8)
[INFO] [1789062619.575451663] [mhe_node]: [truth] m_hat=2.0613 m_true=2.0643 err=-0.15% | c_hat=[+0.0000,+0.0000] c_true=[+0.0000,+0.0000] | Jxx_hat=0.01420 Jxx_true=0.01420 Jyz_hat=+0.00000 Jyz_true=+0.00000 | s_hat=[-0.0002,+0.0002] s_true=[+0.0000,+0.0000] kg·m
[INFO] [1789062619.575815899] [mhe_node]: [tau_phys] roll=+0.000 pitch=+0.002 Nm
[INFO] [1789062619.576232524] [mhe_node]: [mass-diag] m_est=2.0613 T=20.210N tilt=0.20deg cos=0.99999 | T/g=2.0602 T*cos/g=2.0602 | m_est-T*cos/g=+0.0011kg (+0.05%) vz=-0.010
[INFO] [1789062619.576633246] [mhe_node]: [c_xy_est] cx=-0.0001 cy=+0.0001 m
[INFO] [1789062620.372242586] [mhe_node]: [c_xy-clamp] 越界剔除 13/300 (4.3%) 上限 0.0390 kg·m clamp=1
[INFO] [1789062621.576811442] [mhe_node]: MHE mass estimate: 2.060 kg (T_phys=20.25N) | solve=3.5ms (max3.8)
[INFO] [1789062621.577352473] [mhe_node]: [truth] m_hat=2.0595 m_true=2.0643 err=-0.23% | c_hat=[+0.0000,+0.0000] c_true=[+0.0000,+0.0000] | Jxx_hat=0.01420 Jxx_true=0.01420 Jyz_hat=+0.00000 Jyz_true=+0.00000 | s_hat=[-0.0001,+0.0002] s_true=[+0.0000,+0.0000] kg·m
[INFO] [1789062621.577878342] [mhe_node]: [tau_phys] roll=+0.001 pitch=+0.001 Nm
[INFO] [1789062621.578470180] [mhe_node]: [mass-diag] m_est=2.0595 T=20.250N tilt=0.23deg cos=0.99999 | T/g=2.0642 T*cos/g=2.0642 | m_est-T*cos/g=-0.0047kg (-0.23%) vz=-0.021
[INFO] [1789062621.579054444] [mhe_node]: [c_xy_est] cx=-0.0000 cy=+0.0001 m
[INFO] [1789062623.574991792] [mhe_node]: MHE mass estimate: 2.063 kg (T_phys=20.21N) | solve=3.4ms (max3.7)
[INFO] [1789062623.575462551] [mhe_node]: [truth] m_hat=2.0625 m_true=2.0643 err=-0.09% | c_hat=[+0.0000,+0.0000] c_true=[+0.0000,+0.0000] | Jxx_hat=0.01420 Jxx_true=0.01420 Jyz_hat=+0.00000 Jyz_true=+0.00000 | s_hat=[-0.0000,+0.0001] s_true=[+0.0000,+0.0000] kg·m
[INFO] [1789062623.575825152] [mhe_node]: [tau_phys] roll=+0.001 pitch=+0.002 Nm
[INFO] [1789062623.576245192] [mhe_node]: [mass-diag] m_est=2.0625 T=20.208N tilt=0.44deg cos=0.99997 | T/g=2.0599 T*cos/g=2.0599 | m_est-T*cos/g=+0.0026kg (+0.13%) vz=+0.001
[INFO] [1789062623.576648866] [mhe_node]: [c_xy_est] cx=-0.0000 cy=+0.0001 m
[ros2run]: Killed
