[INFO] [1785484639.058398823] [acados_nmpc_node]: acados NMPC node starting, building/loading solver...
Code reuse possible, skipping code generation.
acados was compiled without OpenMP.
[INFO] [1785484639.068347747] [acados_nmpc_node]: GRIPPER MODE: hover over box (1.0,0.1) z 0.55->2.5m, lift after 1.5s, empty m_est=2.06kg
[INFO] [1785484639.068797516] [acados_nmpc_node]: Warming up acados solver...
[INFO] [1785484639.072473887] [acados_nmpc_node]: Solver warmup complete, took 3.2 ms
[INFO] [1785484639.079354488] [acados_nmpc_node]: Decoupled publish enabled: solve @10Hz, body_rate/thrust @50Hz (trajectory interpolation)
[INFO] [1785484639.079866372] [acados_nmpc_node]: acados NMPC node initialized! Waiting for EKF2 convergence...
[INFO] [1785484659.081294425] [acados_nmpc_node]: Waiting for EKF2 convergence... 10/10 s
[INFO] [1785484659.181554377] [acados_nmpc_node]: Switching to OFFBOARD mode
[INFO] [1785484660.080672009] [acados_nmpc_node]: Sending arm command
[INFO] [1785484661.081470775] [acados_nmpc_node]: Armed, preparing to move to trajectory start...
[INFO] [1785484665.981002677] [acados_nmpc_node]: Gripper approach (climb): rising at spawn to z=1.50m | z=0.99m v=0.23m/s
[INFO] [1785484667.982070464] [acados_nmpc_node]: Gripper approach: climbed to safe altitude at spawn, now translating over box
[INFO] [1785484670.382131551] [acados_nmpc_node]: Gripper approach: aligned above box, NMPC will take over here (z=1.50m), settle 3.0s then descend to z=0.55m to trigger attach
[INFO] [1785484670.482314398] [acados_nmpc_node]: Reached trajectory start, NMPC tracking begins!
[INFO] [1785484670.883383147] [acados_nmpc_node]: t=0.4s | pos_err=0.066m | T=20.30N | tau=[r-0.013 p0.003 y-0.012]Nm | res_stat=7.602e-07(peak 9.281e-07) sqp_iter=3 | solve=0.9ms
[INFO] [1785484673.482233906] [acados_nmpc_node]: t=3.0s | DESCEND: settle done, lowering 1.5->0.55m, will enable gripper at bottom
[INFO] [1785484675.883607493] [acados_nmpc_node]: t=5.4s | pos_err=0.114m | T=20.80N | tau=[r0.001 p-0.001 y-0.000]Nm | res_stat=9.290e-08(peak 9.281e-07) sqp_iter=3 | solve=0.8ms
[INFO] [1785484677.882689327] [acados_nmpc_node]: t=7.4s | DESCEND done at z=0.570m (target 0.550m, z_err=0.020m, v=0.04m/s), gripper ENABLED (attach will trigger now)
[INFO] [1785484677.947043134] [acados_nmpc_node]: attach offset received: box-drone = [-0.031, -0.149, -0.521] m
[INFO] [1785484677.982570022] [acados_nmpc_node]: PX4 MC_ROLLRATE_K: 1.000 -> 5.000 (inertia ratio 5.07, cap 5.0)
[INFO] [1785484677.982793542] [acados_nmpc_node]: PX4 MC_PITCHRATE_K: 1.000 -> 5.000 (inertia ratio 5.07, cap 5.0)
[INFO] [1785484677.983000638] [acados_nmpc_node]: t=7.5s | ATTACH (geom_source=online): dJ/gain init from prior m_p=0.30kg arm=0.47m (dJ=0.0579); c_xy+dJ refine online, attach truth eval-only
[INFO] [1785484677.984564238] [acados_nmpc_node]: [attach-window] t=7.50s pos_err=0.035m T=19.47N z=0.567 m_est=1.983
[INFO] [1785484678.082372287] [acados_nmpc_node]: [attach-window] t=7.60s pos_err=0.038m T=19.29N z=0.567 m_est=1.988
[INFO] [1785484678.183730034] [acados_nmpc_node]: [attach-window] t=7.70s pos_err=0.039m T=19.28N z=0.567 m_est=1.988
[INFO] [1785484678.283830473] [acados_nmpc_node]: [attach-window] t=7.80s pos_err=0.040m T=19.27N z=0.567 m_est=1.986
[INFO] [1785484678.383815410] [acados_nmpc_node]: [attach-window] t=7.90s pos_err=0.040m T=19.28N z=0.567 m_est=1.986
[INFO] [1785484678.483936214] [acados_nmpc_node]: [attach-window] t=8.00s pos_err=0.040m T=19.27N z=0.566 m_est=1.984
[INFO] [1785484678.582219596] [acados_nmpc_node]: [attach-window] t=8.10s pos_err=0.039m T=19.25N z=0.565 m_est=1.981
[INFO] [1785484678.682192073] [acados_nmpc_node]: [attach-window] t=8.20s pos_err=0.040m T=19.22N z=0.565 m_est=1.977
[INFO] [1785484678.782367040] [acados_nmpc_node]: [attach-window] t=8.30s pos_err=0.042m T=19.17N z=0.565 m_est=1.972
[INFO] [1785484678.882352558] [acados_nmpc_node]: [attach-window] t=8.40s pos_err=0.044m T=19.09N z=0.566 m_est=1.966
[INFO] [1785484678.982416907] [acados_nmpc_node]: [attach-window] t=8.50s pos_err=0.047m T=19.03N z=0.567 m_est=1.961
[INFO] [1785484679.083986803] [acados_nmpc_node]: [attach-window] t=8.60s pos_err=0.050m T=19.02N z=0.567 m_est=1.961
[INFO] [1785484679.184052221] [acados_nmpc_node]: [attach-window] t=8.70s pos_err=0.053m T=19.01N z=0.568 m_est=1.961
[INFO] [1785484679.283983868] [acados_nmpc_node]: [attach-window] t=8.80s pos_err=0.056m T=19.01N z=0.568 m_est=1.961
[INFO] [1785484679.384156927] [acados_nmpc_node]: [attach-window] t=8.90s pos_err=0.059m T=19.00N z=0.568 m_est=1.961
[INFO] [1785484679.482581962] [acados_nmpc_node]: t=9.0s | LIFT: raising hover 0.55->2.5m to lift payload
[INFO] [1785484679.484220172] [acados_nmpc_node]: [attach-window] t=9.00s pos_err=0.062m T=19.00N z=0.567 m_est=1.961
[INFO] [1785484679.584021372] [acados_nmpc_node]: [attach-window] t=9.10s pos_err=0.064m T=19.01N z=0.567 m_est=1.961
[INFO] [1785484679.684030358] [acados_nmpc_node]: [attach-window] t=9.20s pos_err=0.065m T=19.08N z=0.567 m_est=1.961
[INFO] [1785484679.784240471] [acados_nmpc_node]: [attach-window] t=9.30s pos_err=0.064m T=19.26N z=0.567 m_est=1.961
[INFO] [1785484679.884133754] [acados_nmpc_node]: [attach-window] t=9.40s pos_err=0.065m T=19.57N z=0.569 m_est=1.961
[INFO] [1785484679.983925906] [acados_nmpc_node]: [attach-window] t=9.50s pos_err=0.077m T=20.05N z=0.570 m_est=1.961
[INFO] [1785484680.084073420] [acados_nmpc_node]: [attach-window] t=9.60s pos_err=0.107m T=20.70N z=0.572 m_est=1.961
[INFO] [1785484680.184088956] [acados_nmpc_node]: [attach-window] t=9.70s pos_err=0.153m T=21.55N z=0.575 m_est=1.961
[INFO] [1785484680.284348164] [acados_nmpc_node]: [attach-window] t=9.80s pos_err=0.215m T=22.58N z=0.577 m_est=1.961
[INFO] [1785484680.384114980] [acados_nmpc_node]: [attach-window] t=9.90s pos_err=0.291m T=23.92N z=0.580 m_est=1.961
[INFO] [1785484680.484272166] [acados_nmpc_node]: [attach-window] t=10.00s pos_err=0.380m T=25.31N z=0.581 m_est=1.961
[INFO] [1785484680.584272530] [acados_nmpc_node]: [attach-window] t=10.10s pos_err=0.477m T=26.71N z=0.584 m_est=1.961
[INFO] [1785484680.684311581] [acados_nmpc_node]: [attach-window] t=10.20s pos_err=0.577m T=27.67N z=0.592 m_est=1.961
[INFO] [1785484680.784252713] [acados_nmpc_node]: [attach-window] t=10.30s pos_err=0.675m T=28.96N z=0.610 m_est=2.023
[INFO] [1785484680.884193396] [acados_nmpc_node]: [attach-window] t=10.40s pos_err=0.761m T=29.68N z=0.643 m_est=2.098
[INFO] [1785484680.884663608] [acados_nmpc_node]: t=10.4s | pos_err=0.761m | T=29.68N | tau=[r-0.018 p-0.072 y-0.005]Nm | res_stat=7.704e-07(peak 9.281e-07) sqp_iter=5 | solve=1.1ms
[INFO] [1785484680.984335291] [acados_nmpc_node]: [attach-window] t=10.50s pos_err=0.835m T=29.55N z=0.691 m_est=2.138
[INFO] [1785484681.084322016] [acados_nmpc_node]: [attach-window] t=10.60s pos_err=0.882m T=28.47N z=0.766 m_est=2.163
[INFO] [1785484681.184233916] [acados_nmpc_node]: [attach-window] t=10.70s pos_err=0.912m T=27.20N z=0.856 m_est=2.165
[INFO] [1785484681.284257904] [acados_nmpc_node]: [attach-window] t=10.80s pos_err=0.911m T=25.78N z=0.972 m_est=2.175
[INFO] [1785484681.384074135] [acados_nmpc_node]: [attach-window] t=10.90s pos_err=0.892m T=24.51N z=1.100 m_est=2.175
[INFO] [1785484681.484218793] [acados_nmpc_node]: [attach-window] t=11.00s pos_err=0.869m T=23.75N z=1.224 m_est=2.174
[INFO] [1785484681.584238188] [acados_nmpc_node]: [attach-window] t=11.10s pos_err=0.836m T=23.19N z=1.348 m_est=2.174
[INFO] [1785484681.684377267] [acados_nmpc_node]: [attach-window] t=11.20s pos_err=0.786m T=22.74N z=1.478 m_est=2.192
[INFO] [1785484681.784257555] [acados_nmpc_node]: [attach-window] t=11.30s pos_err=0.729m T=22.27N z=1.604 m_est=2.196
[INFO] [1785484681.884354015] [acados_nmpc_node]: [attach-window] t=11.40s pos_err=0.676m T=21.96N z=1.713 m_est=2.198
[INFO] [1785484681.984092606] [acados_nmpc_node]: [attach-window] t=11.50s pos_err=0.617m T=21.71N z=1.814 m_est=2.202
[INFO] [1785484682.084332593] [acados_nmpc_node]: [attach-window] t=11.60s pos_err=0.549m T=21.44N z=1.914 m_est=2.206
[INFO] [1785484682.184153937] [acados_nmpc_node]: [attach-window] t=11.70s pos_err=0.480m T=21.23N z=2.004 m_est=2.208
[INFO] [1785484682.284084209] [acados_nmpc_node]: [attach-window] t=11.80s pos_err=0.418m T=21.14N z=2.077 m_est=2.210
[INFO] [1785484682.384177407] [acados_nmpc_node]: [attach-window] t=11.90s pos_err=0.356m T=21.15N z=2.144 m_est=2.212
[INFO] [1785484682.482606149] [acados_nmpc_node]: [attach-window] t=12.00s pos_err=0.305m T=21.28N z=2.196 m_est=2.215
[INFO] [1785484682.584185451] [acados_nmpc_node]: [attach-window] t=12.10s pos_err=0.264m T=21.52N z=2.237 m_est=2.218
[INFO] [1785484682.684067283] [acados_nmpc_node]: [attach-window] t=12.20s pos_err=0.229m T=21.76N z=2.272 m_est=2.210
[INFO] [1785484682.782532183] [acados_nmpc_node]: [attach-window] t=12.30s pos_err=0.205m T=22.18N z=2.296 m_est=2.220
[INFO] [1785484682.882538761] [acados_nmpc_node]: [attach-window] t=12.40s pos_err=0.185m T=22.63N z=2.316 m_est=2.235
[INFO] [1785484682.982552652] [acados_nmpc_node]: [attach-window] t=12.50s pos_err=0.171m T=22.94N z=2.332 m_est=2.250
[INFO] [1785484683.084071086] [acados_nmpc_node]: [attach-window] t=12.60s pos_err=0.157m T=23.11N z=2.345 m_est=2.263
[INFO] [1785484683.184154165] [acados_nmpc_node]: [attach-window] t=12.70s pos_err=0.145m T=23.17N z=2.358 m_est=2.273
[INFO] [1785484683.284292247] [acados_nmpc_node]: [attach-window] t=12.80s pos_err=0.135m T=23.16N z=2.369 m_est=2.282
[INFO] [1785484683.384291624] [acados_nmpc_node]: [attach-window] t=12.90s pos_err=0.125m T=23.10N z=2.380 m_est=2.289
[INFO] [1785484683.484167386] [acados_nmpc_node]: [attach-window] t=13.00s pos_err=0.116m T=23.05N z=2.391 m_est=2.294
[INFO] [1785484683.584268690] [acados_nmpc_node]: [attach-window] t=13.10s pos_err=0.106m T=22.99N z=2.402 m_est=2.299
[INFO] [1785484683.684256129] [acados_nmpc_node]: [attach-window] t=13.20s pos_err=0.097m T=22.97N z=2.412 m_est=2.303
[INFO] [1785484683.784293196] [acados_nmpc_node]: [attach-window] t=13.30s pos_err=0.089m T=22.96N z=2.420 m_est=2.306
[INFO] [1785484683.884323628] [acados_nmpc_node]: [attach-window] t=13.40s pos_err=0.080m T=22.96N z=2.429 m_est=2.309
[INFO] [1785484683.984220355] [acados_nmpc_node]: [attach-window] t=13.50s pos_err=0.071m T=22.98N z=2.436 m_est=2.312
[INFO] [1785484684.084178811] [acados_nmpc_node]: [attach-window] t=13.60s pos_err=0.064m T=22.99N z=2.442 m_est=2.314
[INFO] [1785484684.184101654] [acados_nmpc_node]: [attach-window] t=13.70s pos_err=0.056m T=22.99N z=2.449 m_est=2.317
[INFO] [1785484684.284250748] [acados_nmpc_node]: [attach-window] t=13.80s pos_err=0.048m T=22.97N z=2.456 m_est=2.319
[INFO] [1785484684.384245931] [acados_nmpc_node]: [attach-window] t=13.90s pos_err=0.042m T=22.97N z=2.462 m_est=2.322
[INFO] [1785484684.484195618] [acados_nmpc_node]: [attach-window] t=14.00s pos_err=0.037m T=22.98N z=2.467 m_est=2.324
[INFO] [1785484684.584035663] [acados_nmpc_node]: [attach-window] t=14.10s pos_err=0.032m T=23.01N z=2.471 m_est=2.327
[INFO] [1785484684.682561528] [acados_nmpc_node]: [attach-window] t=14.20s pos_err=0.028m T=23.04N z=2.475 m_est=2.330
[INFO] [1785484684.782363658] [acados_nmpc_node]: [attach-window] t=14.30s pos_err=0.026m T=23.08N z=2.477 m_est=2.333
[INFO] [1785484684.884262335] [acados_nmpc_node]: [attach-window] t=14.40s pos_err=0.023m T=23.11N z=2.479 m_est=2.335
[INFO] [1785484684.984230104] [acados_nmpc_node]: [attach-window] t=14.50s pos_err=0.022m T=23.14N z=2.480 m_est=2.338
[INFO] [1785484685.084387093] [acados_nmpc_node]: [attach-window] t=14.60s pos_err=0.020m T=23.14N z=2.482 m_est=2.340
[INFO] [1785484685.184283514] [acados_nmpc_node]: [attach-window] t=14.70s pos_err=0.019m T=23.12N z=2.484 m_est=2.342
[INFO] [1785484685.284562830] [acados_nmpc_node]: [attach-window] t=14.80s pos_err=0.019m T=23.10N z=2.485 m_est=2.344
[INFO] [1785484685.384233287] [acados_nmpc_node]: [attach-window] t=14.90s pos_err=0.020m T=23.08N z=2.487 m_est=2.345
[INFO] [1785484685.484393678] [acados_nmpc_node]: [attach-window] t=15.00s pos_err=0.022m T=23.07N z=2.489 m_est=2.347
[INFO] [1785484685.584201222] [acados_nmpc_node]: [attach-window] t=15.10s pos_err=0.023m T=23.06N z=2.491 m_est=2.348
[INFO] [1785484685.684441719] [acados_nmpc_node]: [attach-window] t=15.20s pos_err=0.024m T=23.06N z=2.493 m_est=2.350
[INFO] [1785484685.784413049] [acados_nmpc_node]: [attach-window] t=15.30s pos_err=0.024m T=23.07N z=2.494 m_est=2.351
[INFO] [1785484685.884406444] [acados_nmpc_node]: [attach-window] t=15.40s pos_err=0.023m T=23.07N z=2.496 m_est=2.352
[INFO] [1785484685.884893286] [acados_nmpc_node]: t=15.4s | pos_err=0.023m | T=23.07N | tau=[r-0.389 p0.115 y-0.006]Nm | res_stat=8.491e-07(peak 9.799e-07) sqp_iter=3 | solve=0.9ms
[INFO] [1785484685.984520886] [acados_nmpc_node]: [attach-window] t=15.50s pos_err=0.022m T=23.05N z=2.497 m_est=2.353
[INFO] [1785484686.084408638] [acados_nmpc_node]: [attach-window] t=15.60s pos_err=0.021m T=23.03N z=2.500 m_est=2.353
[INFO] [1785484686.184188883] [acados_nmpc_node]: [attach-window] t=15.70s pos_err=0.019m T=23.02N z=2.502 m_est=2.354
[INFO] [1785484686.284255639] [acados_nmpc_node]: [attach-window] t=15.80s pos_err=0.017m T=23.01N z=2.504 m_est=2.355
[INFO] [1785484686.384194638] [acados_nmpc_node]: [attach-window] t=15.90s pos_err=0.015m T=22.99N z=2.506 m_est=2.355
[INFO] [1785484686.484205127] [acados_nmpc_node]: [attach-window] t=16.00s pos_err=0.014m T=22.96N z=2.509 m_est=2.355
[INFO] [1785484686.584397833] [acados_nmpc_node]: [attach-window] t=16.10s pos_err=0.014m T=22.96N z=2.511 m_est=2.355
[INFO] [1785484686.684445993] [acados_nmpc_node]: [attach-window] t=16.20s pos_err=0.014m T=22.96N z=2.513 m_est=2.356
[INFO] [1785484686.784388369] [acados_nmpc_node]: [attach-window] t=16.30s pos_err=0.014m T=22.98N z=2.514 m_est=2.356
[INFO] [1785484686.884482323] [acados_nmpc_node]: [attach-window] t=16.40s pos_err=0.015m T=23.01N z=2.514 m_est=2.356
[INFO] [1785484686.982761428] [acados_nmpc_node]: [attach-window] t=16.50s pos_err=0.016m T=23.05N z=2.514 m_est=2.357
[INFO] [1785484687.082726167] [acados_nmpc_node]: [attach-window] t=16.60s pos_err=0.017m T=23.09N z=2.513 m_est=2.357
[INFO] [1785484687.182678762] [acados_nmpc_node]: [attach-window] t=16.70s pos_err=0.018m T=23.11N z=2.512 m_est=2.358
[INFO] [1785484687.284448548] [acados_nmpc_node]: [attach-window] t=16.80s pos_err=0.018m T=23.13N z=2.510 m_est=2.358
[INFO] [1785484687.384423525] [acados_nmpc_node]: [attach-window] t=16.90s pos_err=0.018m T=23.13N z=2.509 m_est=2.359
[INFO] [1785484687.484407897] [acados_nmpc_node]: [attach-window] t=17.00s pos_err=0.018m T=23.12N z=2.509 m_est=2.359
[INFO] [1785484687.584523007] [acados_nmpc_node]: [attach-window] t=17.10s pos_err=0.018m T=23.10N z=2.509 m_est=2.360
[INFO] [1785484687.684489860] [acados_nmpc_node]: [attach-window] t=17.20s pos_err=0.018m T=23.08N z=2.510 m_est=2.360
[INFO] [1785484687.782851670] [acados_nmpc_node]: [attach-window] t=17.30s pos_err=0.017m T=23.06N z=2.510 m_est=2.361
[INFO] [1785484687.884355548] [acados_nmpc_node]: [attach-window] t=17.40s pos_err=0.017m T=23.06N z=2.511 m_est=2.361
[INFO] [1785484687.984816165] [acados_nmpc_node]: [attach-window] t=17.50s pos_err=0.017m T=23.05N z=2.512 m_est=2.361
[INFO] [1785484688.084674448] [acados_nmpc_node]: [attach-window] t=17.60s pos_err=0.017m T=23.05N z=2.512 m_est=2.361
[INFO] [1785484688.184824188] [acados_nmpc_node]: [attach-window] t=17.70s pos_err=0.018m T=23.05N z=2.512 m_est=2.361
[INFO] [1785484688.284695115] [acados_nmpc_node]: [attach-window] t=17.80s pos_err=0.020m T=23.06N z=2.512 m_est=2.361
[INFO] [1785484688.384655002] [acados_nmpc_node]: [attach-window] t=17.90s pos_err=0.022m T=23.05N z=2.512 m_est=2.362
[INFO] [1785484688.484676074] [acados_nmpc_node]: [attach-window] t=18.00s pos_err=0.025m T=23.02N z=2.513 m_est=2.362
[INFO] [1785484688.584687996] [acados_nmpc_node]: [attach-window] t=18.10s pos_err=0.028m T=23.01N z=2.513 m_est=2.361
[INFO] [1785484688.684642450] [acados_nmpc_node]: [attach-window] t=18.20s pos_err=0.032m T=23.00N z=2.514 m_est=2.361
[INFO] [1785484688.784682172] [acados_nmpc_node]: [attach-window] t=18.30s pos_err=0.036m T=22.99N z=2.515 m_est=2.361
[INFO] [1785484688.884712093] [acados_nmpc_node]: [attach-window] t=18.40s pos_err=0.040m T=22.99N z=2.516 m_est=2.361
[INFO] [1785484688.984732682] [acados_nmpc_node]: [attach-window] t=18.50s pos_err=0.042m T=22.99N z=2.516 m_est=2.361
[INFO] [1785484689.084883167] [acados_nmpc_node]: [attach-window] t=18.60s pos_err=0.044m T=22.99N z=2.517 m_est=2.361
[INFO] [1785484689.184764648] [acados_nmpc_node]: [attach-window] t=18.70s pos_err=0.045m T=23.00N z=2.517 m_est=2.361
[INFO] [1785484689.284750078] [acados_nmpc_node]: [attach-window] t=18.80s pos_err=0.045m T=23.01N z=2.517 m_est=2.361
[INFO] [1785484689.384811418] [acados_nmpc_node]: [attach-window] t=18.90s pos_err=0.044m T=23.01N z=2.517 m_est=2.361
[INFO] [1785484689.484817042] [acados_nmpc_node]: [attach-window] t=19.00s pos_err=0.041m T=23.03N z=2.517 m_est=2.361
[INFO] [1785484689.584707323] [acados_nmpc_node]: [attach-window] t=19.10s pos_err=0.037m T=23.07N z=2.516 m_est=2.360
[INFO] [1785484689.684567753] [acados_nmpc_node]: [attach-window] t=19.20s pos_err=0.033m T=23.12N z=2.514 m_est=2.360
[INFO] [1785484689.782770626] [acados_nmpc_node]: [attach-window] t=19.30s pos_err=0.029m T=23.16N z=2.511 m_est=2.360
[INFO] [1785484689.882995722] [acados_nmpc_node]: [attach-window] t=19.40s pos_err=0.026m T=23.18N z=2.509 m_est=2.361
[INFO] [1785484689.982902392] [acados_nmpc_node]: [attach-window] t=19.50s pos_err=0.024m T=23.17N z=2.507 m_est=2.361
[INFO] [1785484690.084782202] [acados_nmpc_node]: [attach-window] t=19.60s pos_err=0.023m T=23.13N z=2.507 m_est=2.361
[INFO] [1785484690.184893276] [acados_nmpc_node]: [attach-window] t=19.70s pos_err=0.023m T=23.10N z=2.507 m_est=2.361
[INFO] [1785484690.284606792] [acados_nmpc_node]: [attach-window] t=19.80s pos_err=0.023m T=23.07N z=2.507 m_est=2.361
[INFO] [1785484690.384667476] [acados_nmpc_node]: [attach-window] t=19.90s pos_err=0.024m T=23.03N z=2.508 m_est=2.361
[INFO] [1785484690.484714186] [acados_nmpc_node]: [attach-window] t=20.00s pos_err=0.024m T=23.01N z=2.510 m_est=2.361
[INFO] [1785484690.584660011] [acados_nmpc_node]: [attach-window] t=20.10s pos_err=0.024m T=22.98N z=2.512 m_est=2.361
[INFO] [1785484690.684604971] [acados_nmpc_node]: [attach-window] t=20.20s pos_err=0.023m T=22.98N z=2.514 m_est=2.361
[INFO] [1785484690.784688707] [acados_nmpc_node]: [attach-window] t=20.30s pos_err=0.021m T=23.00N z=2.514 m_est=2.361
[INFO] [1785484690.885002993] [acados_nmpc_node]: [attach-window] t=20.40s pos_err=0.017m T=23.03N z=2.514 m_est=2.361
[INFO] [1785484690.885486839] [acados_nmpc_node]: t=20.4s | pos_err=0.017m | T=23.03N | tau=[r-0.443 p0.134 y0.000]Nm | res_stat=2.363e-09(peak 9.799e-07) sqp_iter=3 | solve=1.0ms
[INFO] [1785484690.984909226] [acados_nmpc_node]: [attach-window] t=20.50s pos_err=0.014m T=23.05N z=2.513 m_est=2.361
[INFO] [1785484691.084892481] [acados_nmpc_node]: [attach-window] t=20.60s pos_err=0.014m T=23.06N z=2.513 m_est=2.361
[INFO] [1785484691.184933883] [acados_nmpc_node]: [attach-window] t=20.70s pos_err=0.018m T=23.07N z=2.513 m_est=2.361
[INFO] [1785484691.284747092] [acados_nmpc_node]: [attach-window] t=20.80s pos_err=0.023m T=23.05N z=2.513 m_est=2.361
[INFO] [1785484691.384861320] [acados_nmpc_node]: [attach-window] t=20.90s pos_err=0.026m T=23.03N z=2.514 m_est=2.361
[INFO] [1785484691.484768641] [acados_nmpc_node]: [attach-window] t=21.00s pos_err=0.029m T=23.02N z=2.515 m_est=2.361
[INFO] [1785484691.584933365] [acados_nmpc_node]: [attach-window] t=21.10s pos_err=0.031m T=23.01N z=2.516 m_est=2.361
[INFO] [1785484691.685053539] [acados_nmpc_node]: [attach-window] t=21.20s pos_err=0.031m T=23.02N z=2.516 m_est=2.361
[INFO] [1785484691.785192736] [acados_nmpc_node]: [attach-window] t=21.30s pos_err=0.031m T=23.02N z=2.517 m_est=2.361
[INFO] [1785484691.885109941] [acados_nmpc_node]: [attach-window] t=21.40s pos_err=0.031m T=23.02N z=2.517 m_est=2.361
[INFO] [1785484691.984810100] [acados_nmpc_node]: [attach-window] t=21.50s pos_err=0.030m T=23.01N z=2.518 m_est=2.361
[INFO] [1785484692.084768173] [acados_nmpc_node]: [attach-window] t=21.60s pos_err=0.028m T=23.01N z=2.519 m_est=2.361
[INFO] [1785484692.184564520] [acados_nmpc_node]: [attach-window] t=21.70s pos_err=0.026m T=23.02N z=2.519 m_est=2.361
[INFO] [1785484692.282972395] [acados_nmpc_node]: [attach-window] t=21.80s pos_err=0.024m T=23.03N z=2.519 m_est=2.361
[INFO] [1785484692.382903980] [acados_nmpc_node]: [attach-window] t=21.90s pos_err=0.022m T=23.06N z=2.517 m_est=2.361
[INFO] [1785484692.483251016] [acados_nmpc_node]: [attach-window] t=22.00s pos_err=0.019m T=23.10N z=2.515 m_est=2.361
[INFO] [1785484692.584574434] [acados_nmpc_node]: [attach-window] t=22.10s pos_err=0.017m T=23.11N z=2.514 m_est=2.361
[INFO] [1785484692.684710406] [acados_nmpc_node]: [attach-window] t=22.20s pos_err=0.015m T=23.12N z=2.513 m_est=2.361
[INFO] [1785484692.784750604] [acados_nmpc_node]: [attach-window] t=22.30s pos_err=0.014m T=23.09N z=2.513 m_est=2.361
[INFO] [1785484692.884760062] [acados_nmpc_node]: [attach-window] t=22.40s pos_err=0.015m T=23.05N z=2.513 m_est=2.361
[INFO] [1785484692.984791999] [acados_nmpc_node]: [attach-window] t=22.50s pos_err=0.015m T=23.03N z=2.514 m_est=2.361
[INFO] [1785484693.084675305] [acados_nmpc_node]: [attach-window] t=22.60s pos_err=0.016m T=23.01N z=2.515 m_est=2.362
[INFO] [1785484693.184777773] [acados_nmpc_node]: [attach-window] t=22.70s pos_err=0.017m T=22.99N z=2.516 m_est=2.362
[INFO] [1785484693.284947266] [acados_nmpc_node]: [attach-window] t=22.80s pos_err=0.018m T=22.99N z=2.517 m_est=2.362
[INFO] [1785484693.384677972] [acados_nmpc_node]: [attach-window] t=22.90s pos_err=0.018m T=22.99N z=2.518 m_est=2.362
[INFO] [1785484693.484875367] [acados_nmpc_node]: [attach-window] t=23.00s pos_err=0.019m T=23.00N z=2.519 m_est=2.361
[INFO] [1785484693.584850778] [acados_nmpc_node]: [attach-window] t=23.10s pos_err=0.019m T=23.01N z=2.519 m_est=2.361
[INFO] [1785484693.684912645] [acados_nmpc_node]: [attach-window] t=23.20s pos_err=0.019m T=23.03N z=2.518 m_est=2.361
[INFO] [1785484693.784869647] [acados_nmpc_node]: [attach-window] t=23.30s pos_err=0.019m T=23.06N z=2.517 m_est=2.361
[INFO] [1785484693.885127609] [acados_nmpc_node]: [attach-window] t=23.40s pos_err=0.019m T=23.08N z=2.516 m_est=2.361
[INFO] [1785484693.985091581] [acados_nmpc_node]: [attach-window] t=23.50s pos_err=0.019m T=23.10N z=2.514 m_est=2.361
[INFO] [1785484694.085223021] [acados_nmpc_node]: [attach-window] t=23.60s pos_err=0.019m T=23.12N z=2.512 m_est=2.361
[INFO] [1785484694.184776366] [acados_nmpc_node]: [attach-window] t=23.70s pos_err=0.018m T=23.13N z=2.511 m_est=2.361
[INFO] [1785484694.285120958] [acados_nmpc_node]: [attach-window] t=23.80s pos_err=0.017m T=23.14N z=2.509 m_est=2.361
[INFO] [1785484694.384845527] [acados_nmpc_node]: [attach-window] t=23.90s pos_err=0.015m T=23.12N z=2.509 m_est=2.362
[INFO] [1785484694.484903091] [acados_nmpc_node]: [attach-window] t=24.00s pos_err=0.013m T=23.09N z=2.509 m_est=2.362
[INFO] [1785484694.585201058] [acados_nmpc_node]: [attach-window] t=24.10s pos_err=0.012m T=23.06N z=2.510 m_est=2.362
[INFO] [1785484694.684896650] [acados_nmpc_node]: [attach-window] t=24.20s pos_err=0.012m T=23.03N z=2.511 m_est=2.362
[INFO] [1785484694.784968874] [acados_nmpc_node]: [attach-window] t=24.30s pos_err=0.012m T=23.02N z=2.512 m_est=2.362
[INFO] [1785484694.885015963] [acados_nmpc_node]: [attach-window] t=24.40s pos_err=0.012m T=23.03N z=2.512 m_est=2.362
[INFO] [1785484694.984904528] [acados_nmpc_node]: [attach-window] t=24.50s pos_err=0.011m T=23.05N z=2.511 m_est=2.362
[INFO] [1785484695.085196424] [acados_nmpc_node]: [attach-window] t=24.60s pos_err=0.011m T=23.08N z=2.510 m_est=2.362
[INFO] [1785484695.185205956] [acados_nmpc_node]: [attach-window] t=24.70s pos_err=0.010m T=23.10N z=2.509 m_est=2.362
[INFO] [1785484695.285093492] [acados_nmpc_node]: [attach-window] t=24.80s pos_err=0.009m T=23.12N z=2.507 m_est=2.362
[INFO] [1785484695.385174061] [acados_nmpc_node]: [attach-window] t=24.90s pos_err=0.009m T=23.12N z=2.506 m_est=2.362
[INFO] [1785484695.485117127] [acados_nmpc_node]: [attach-window] t=25.00s pos_err=0.010m T=23.12N z=2.505 m_est=2.362
[INFO] [1785484695.585090635] [acados_nmpc_node]: [attach-window] t=25.10s pos_err=0.011m T=23.11N z=2.504 m_est=2.362
[INFO] [1785484695.685256824] [acados_nmpc_node]: [attach-window] t=25.20s pos_err=0.011m T=23.08N z=2.504 m_est=2.362
[INFO] [1785484695.785100568] [acados_nmpc_node]: [attach-window] t=25.30s pos_err=0.013m T=23.05N z=2.506 m_est=2.362
[INFO] [1785484695.885336748] [acados_nmpc_node]: [attach-window] t=25.40s pos_err=0.015m T=23.01N z=2.507 m_est=2.362
[INFO] [1785484695.885822342] [acados_nmpc_node]: t=25.4s | pos_err=0.015m | T=23.01N | tau=[r-0.426 p0.122 y0.001]Nm | res_stat=5.640e-09(peak 9.799e-07) sqp_iter=3 | solve=1.0ms
[INFO] [1785484695.985317172] [acados_nmpc_node]: [attach-window] t=25.50s pos_err=0.018m T=22.99N z=2.509 m_est=2.362
[INFO] [1785484696.085256446] [acados_nmpc_node]: [attach-window] t=25.60s pos_err=0.020m T=22.98N z=2.511 m_est=2.362
[INFO] [1785484696.185222445] [acados_nmpc_node]: [attach-window] t=25.70s pos_err=0.022m T=23.00N z=2.511 m_est=2.362
[INFO] [1785484696.285291177] [acados_nmpc_node]: [attach-window] t=25.80s pos_err=0.023m T=23.04N z=2.511 m_est=2.361
[INFO] [1785484696.385041325] [acados_nmpc_node]: [attach-window] t=25.90s pos_err=0.023m T=23.06N z=2.510 m_est=2.361
[INFO] [1785484696.485095292] [acados_nmpc_node]: [attach-window] t=26.00s pos_err=0.023m T=23.08N z=2.510 m_est=2.361
[INFO] [1785484696.583123254] [acados_nmpc_node]: [attach-window] t=26.10s pos_err=0.022m T=23.09N z=2.509 m_est=2.361
[INFO] [1785484696.683114762] [acados_nmpc_node]: [attach-window] t=26.20s pos_err=0.021m T=23.12N z=2.508 m_est=2.361
[INFO] [1785484696.782957836] [acados_nmpc_node]: [attach-window] t=26.30s pos_err=0.019m T=23.13N z=2.506 m_est=2.361
[INFO] [1785484696.885074573] [acados_nmpc_node]: [attach-window] t=26.40s pos_err=0.018m T=23.12N z=2.506 m_est=2.361
[INFO] [1785484696.984979538] [acados_nmpc_node]: [attach-window] t=26.50s pos_err=0.017m T=23.11N z=2.505 m_est=2.361
[INFO] [1785484697.085126028] [acados_nmpc_node]: [attach-window] t=26.60s pos_err=0.017m T=23.10N z=2.505 m_est=2.362
[INFO] [1785484697.185145679] [acados_nmpc_node]: [attach-window] t=26.70s pos_err=0.017m T=23.07N z=2.506 m_est=2.362
[INFO] [1785484697.285235404] [acados_nmpc_node]: [attach-window] t=26.80s pos_err=0.018m T=23.05N z=2.506 m_est=2.362
[INFO] [1785484697.385252853] [acados_nmpc_node]: [attach-window] t=26.90s pos_err=0.018m T=23.05N z=2.506 m_est=2.362
[INFO] [1785484697.485134409] [acados_nmpc_node]: [attach-window] t=27.00s pos_err=0.019m T=23.05N z=2.507 m_est=2.363
[INFO] [1785484697.585133703] [acados_nmpc_node]: [attach-window] t=27.10s pos_err=0.019m T=23.06N z=2.506 m_est=2.363
[INFO] [1785484697.685243984] [acados_nmpc_node]: [attach-window] t=27.20s pos_err=0.021m T=23.07N z=2.506 m_est=2.362
[INFO] [1785484697.785264171] [acados_nmpc_node]: [attach-window] t=27.30s pos_err=0.022m T=23.06N z=2.506 m_est=2.362
[INFO] [1785484697.885564779] [acados_nmpc_node]: [attach-window] t=27.40s pos_err=0.023m T=23.06N z=2.506 m_est=2.362
[INFO] [1785484697.985476337] [acados_nmpc_node]: [attach-window] t=27.50s pos_err=0.024m T=23.05N z=2.507 m_est=2.362
[INFO] [1785484698.085409347] [acados_nmpc_node]: [attach-window] t=27.60s pos_err=0.024m T=23.06N z=2.506 m_est=2.362
[INFO] [1785484698.184992947] [acados_nmpc_node]: [attach-window] t=27.70s pos_err=0.023m T=23.07N z=2.506 m_est=2.362
[INFO] [1785484698.285235475] [acados_nmpc_node]: [attach-window] t=27.80s pos_err=0.021m T=23.09N z=2.506 m_est=2.361
[INFO] [1785484698.385165641] [acados_nmpc_node]: [attach-window] t=27.90s pos_err=0.020m T=23.09N z=2.505 m_est=2.362
[INFO] [1785484698.485511277] [acados_nmpc_node]: [attach-window] t=28.00s pos_err=0.020m T=23.09N z=2.505 m_est=2.362
[INFO] [1785484698.585196651] [acados_nmpc_node]: [attach-window] t=28.10s pos_err=0.021m T=23.08N z=2.505 m_est=2.362
[INFO] [1785484698.685400591] [acados_nmpc_node]: [attach-window] t=28.20s pos_err=0.022m T=23.07N z=2.505 m_est=2.362
[INFO] [1785484698.785228431] [acados_nmpc_node]: [attach-window] t=28.30s pos_err=0.023m T=23.09N z=2.505 m_est=2.362
[INFO] [1785484698.885632387] [acados_nmpc_node]: [attach-window] t=28.40s pos_err=0.023m T=23.11N z=2.503 m_est=2.362
[INFO] [1785484698.985389697] [acados_nmpc_node]: [attach-window] t=28.50s pos_err=0.020m T=23.13N z=2.502 m_est=2.362
[INFO] [1785484699.085417850] [acados_nmpc_node]: [attach-window] t=28.60s pos_err=0.016m T=23.14N z=2.501 m_est=2.362
[INFO] [1785484699.185474918] [acados_nmpc_node]: [attach-window] t=28.70s pos_err=0.012m T=23.14N z=2.500 m_est=2.362
[INFO] [1785484699.285203604] [acados_nmpc_node]: [attach-window] t=28.80s pos_err=0.008m T=23.12N z=2.500 m_est=2.362
[INFO] [1785484699.383414005] [acados_nmpc_node]: [attach-window] t=28.90s pos_err=0.005m T=23.09N z=2.500 m_est=2.363
[INFO] [1785484699.485064170] [acados_nmpc_node]: [attach-window] t=29.00s pos_err=0.005m T=23.05N z=2.502 m_est=2.363
[INFO] [1785484699.585103030] [acados_nmpc_node]: [attach-window] t=29.10s pos_err=0.007m T=23.01N z=2.504 m_est=2.363
[INFO] [1785484699.685126852] [acados_nmpc_node]: [attach-window] t=29.20s pos_err=0.009m T=22.99N z=2.506 m_est=2.362
[INFO] [1785484699.785060958] [acados_nmpc_node]: [attach-window] t=29.30s pos_err=0.010m T=22.99N z=2.507 m_est=2.362
[INFO] [1785484699.885648465] [acados_nmpc_node]: [attach-window] t=29.40s pos_err=0.010m T=22.99N z=2.509 m_est=2.362
[INFO] [1785484699.985534028] [acados_nmpc_node]: [attach-window] t=29.50s pos_err=0.011m T=23.00N z=2.510 m_est=2.362
[INFO] [1785484700.085637184] [acados_nmpc_node]: [attach-window] t=29.60s pos_err=0.012m T=23.00N z=2.511 m_est=2.361
[INFO] [1785484700.185394484] [acados_nmpc_node]: [attach-window] t=29.70s pos_err=0.013m T=23.01N z=2.512 m_est=2.361
[INFO] [1785484700.285675244] [acados_nmpc_node]: [attach-window] t=29.80s pos_err=0.014m T=23.02N z=2.512 m_est=2.361
[INFO] [1785484700.385291051] [acados_nmpc_node]: [attach-window] t=29.90s pos_err=0.016m T=23.01N z=2.513 m_est=2.361
[INFO] [1785484700.485590765] [acados_nmpc_node]: [attach-window] t=30.00s pos_err=0.018m T=23.01N z=2.514 m_est=2.361
[INFO] [1785484700.585460150] [acados_nmpc_node]: [attach-window] t=30.10s pos_err=0.018m T=23.02N z=2.514 m_est=2.361
[INFO] [1785484700.685266528] [acados_nmpc_node]: [attach-window] t=30.20s pos_err=0.019m T=23.04N z=2.514 m_est=2.361
[INFO] [1785484700.785363810] [acados_nmpc_node]: [attach-window] t=30.30s pos_err=0.018m T=23.05N z=2.514 m_est=2.361
[INFO] [1785484700.885277447] [acados_nmpc_node]: [attach-window] t=30.40s pos_err=0.018m T=23.05N z=2.513 m_est=2.361
[INFO] [1785484700.885756966] [acados_nmpc_node]: t=30.4s | pos_err=0.018m | T=23.05N | tau=[r-0.435 p0.127 y-0.002]Nm | res_stat=2.302e-07(peak 9.799e-07) sqp_iter=2 | solve=0.8ms
[INFO] [1785484700.985402313] [acados_nmpc_node]: [attach-window] t=30.50s pos_err=0.018m T=23.04N z=2.514 m_est=2.361
[INFO] [1785484701.085486293] [acados_nmpc_node]: [attach-window] t=30.60s pos_err=0.019m T=23.02N z=2.515 m_est=2.361
[INFO] [1785484701.185461013] [acados_nmpc_node]: [attach-window] t=30.70s pos_err=0.019m T=23.01N z=2.516 m_est=2.361
[INFO] [1785484701.285486333] [acados_nmpc_node]: [attach-window] t=30.80s pos_err=0.019m T=23.02N z=2.516 m_est=2.361
[INFO] [1785484701.385440488] [acados_nmpc_node]: [attach-window] t=30.90s pos_err=0.019m T=23.04N z=2.516 m_est=2.361
[INFO] [1785484701.485453836] [acados_nmpc_node]: [attach-window] t=31.00s pos_err=0.018m T=23.07N z=2.516 m_est=2.361
[INFO] [1785484701.585424800] [acados_nmpc_node]: [attach-window] t=31.10s pos_err=0.018m T=23.08N z=2.515 m_est=2.361
[INFO] [1785484701.685647282] [acados_nmpc_node]: [attach-window] t=31.20s pos_err=0.018m T=23.08N z=2.515 m_est=2.361
[INFO] [1785484701.785483708] [acados_nmpc_node]: [attach-window] t=31.30s pos_err=0.019m T=23.05N z=2.516 m_est=2.361
[INFO] [1785484701.885688883] [acados_nmpc_node]: [attach-window] t=31.40s pos_err=0.020m T=23.01N z=2.518 m_est=2.361
[INFO] [1785484701.985384308] [acados_nmpc_node]: [attach-window] t=31.50s pos_err=0.021m T=22.98N z=2.519 m_est=2.361
[INFO] [1785484702.085617217] [acados_nmpc_node]: [attach-window] t=31.60s pos_err=0.022m T=22.97N z=2.521 m_est=2.361
[INFO] [1785484702.185585306] [acados_nmpc_node]: [attach-window] t=31.70s pos_err=0.024m T=22.97N z=2.522 m_est=2.361
[INFO] [1785484702.285652807] [acados_nmpc_node]: [attach-window] t=31.80s pos_err=0.025m T=22.97N z=2.523 m_est=2.361
[INFO] [1785484702.385608063] [acados_nmpc_node]: [attach-window] t=31.90s pos_err=0.026m T=22.99N z=2.523 m_est=2.361
[INFO] [1785484702.485552234] [acados_nmpc_node]: [attach-window] t=32.00s pos_err=0.027m T=23.01N z=2.523 m_est=2.361
[INFO] [1785484702.585694795] [acados_nmpc_node]: [attach-window] t=32.10s pos_err=0.027m T=23.05N z=2.522 m_est=2.361
[INFO] [1785484702.685397570] [acados_nmpc_node]: [attach-window] t=32.20s pos_err=0.026m T=23.07N z=2.522 m_est=2.361
[INFO] [1785484702.785655299] [acados_nmpc_node]: [attach-window] t=32.30s pos_err=0.026m T=23.08N z=2.521 m_est=2.361
[INFO] [1785484702.885640744] [acados_nmpc_node]: [attach-window] t=32.40s pos_err=0.024m T=23.10N z=2.519 m_est=2.361
[INFO] [1785484702.985616642] [acados_nmpc_node]: [attach-window] t=32.50s pos_err=0.023m T=23.12N z=2.517 m_est=2.362
[INFO] [1785484703.085683544] [acados_nmpc_node]: [attach-window] t=32.60s pos_err=0.021m T=23.14N z=2.515 m_est=2.362
[INFO] [1785484703.185565507] [acados_nmpc_node]: [attach-window] t=32.70s pos_err=0.019m T=23.14N z=2.514 m_est=2.362
[INFO] [1785484703.285841316] [acados_nmpc_node]: [attach-window] t=32.80s pos_err=0.017m T=23.12N z=2.513 m_est=2.362
[INFO] [1785484703.385536891] [acados_nmpc_node]: [attach-window] t=32.90s pos_err=0.016m T=23.11N z=2.512 m_est=2.363
[INFO] [1785484703.485615743] [acados_nmpc_node]: [attach-window] t=33.00s pos_err=0.015m T=23.10N z=2.512 m_est=2.363
[INFO] [1785484703.585504345] [acados_nmpc_node]: [attach-window] t=33.10s pos_err=0.015m T=23.08N z=2.512 m_est=2.363
[INFO] [1785484703.685912601] [acados_nmpc_node]: [attach-window] t=33.20s pos_err=0.014m T=23.07N z=2.512 m_est=2.363
[INFO] [1785484703.785478476] [acados_nmpc_node]: [attach-window] t=33.30s pos_err=0.014m T=23.06N z=2.512 m_est=2.363
[INFO] [1785484703.885720520] [acados_nmpc_node]: [attach-window] t=33.40s pos_err=0.013m T=23.07N z=2.511 m_est=2.363
[INFO] [1785484703.985462930] [acados_nmpc_node]: [attach-window] t=33.50s pos_err=0.012m T=23.09N z=2.510 m_est=2.363
[INFO] [1785484704.085563631] [acados_nmpc_node]: [attach-window] t=33.60s pos_err=0.011m T=23.11N z=2.509 m_est=2.363
[INFO] [1785484704.185461014] [acados_nmpc_node]: [attach-window] t=33.70s pos_err=0.011m T=23.12N z=2.508 m_est=2.363
[INFO] [1785484704.285667769] [acados_nmpc_node]: [attach-window] t=33.80s pos_err=0.010m T=23.11N z=2.507 m_est=2.363
[INFO] [1785484704.385485841] [acados_nmpc_node]: [attach-window] t=33.90s pos_err=0.010m T=23.08N z=2.507 m_est=2.363
[INFO] [1785484704.485654895] [acados_nmpc_node]: [attach-window] t=34.00s pos_err=0.011m T=23.05N z=2.508 m_est=2.363
[INFO] [1785484704.585881273] [acados_nmpc_node]: [attach-window] t=34.10s pos_err=0.011m T=23.04N z=2.508 m_est=2.363
[ros2run]: Killed
