[INFO] [1789379963.645277915] [mhe_node]: MHE node starting, building/loading solver... (geom_coupled=True, N=20, m_min=1.961, m_B=2.0643)
Code reuse possible, skipping code generation.
acados was compiled without OpenMP.
[INFO] [1789379963.652394485] [mhe_node]: [prior] geom_coupled=True → 载荷质量信息**完全不生效**(grip_payload_envelope=0.3 是死代码:coupled 档下 _payload_geometry 根本不被调用);模型只吃可测杆臂 r_p + 被估质量,m 的先验仅有 Q0 质量维=0.1 (σ=3.16kg,实质无先验)
[WARN] [1789379963.652885847] [mhe_node]: geom_release_mode='self':估计器不被告知 drop。⚠️ 2026-08-24 实测,**NMPC 侧也设成 'self' 会必然坠机**——drop 后控制器继续按幽灵偏心载荷配平,指令 0.424N·m(tau_max 的 85%)作用在空机 J_xx=0.0142 上 = 29.8 rad/s²,而 MHE 10Hz/2s 窗口要 1~2s 才纠得过来,飞机先翻。**正确组合 = MHE 'self' + NMPC 'event'**(控制器是发释放指令的一方,它知道不构成认知作弊)。
[INFO] [1789379963.654819463] [mhe_node]: [moment-ref] 物理上限由平台包线派生: 0.0390 kg·m = 0.30kg x 0.13m
[INFO] [1789379963.655534848] [mhe_node]: [c_xy_est] 质量域卸载判据已开:先武装(m_p>0.090kg),再判 m_p<0.03kg 持续 20 帧 -> 释放偏心估计
[INFO] [1789379963.656203631] [mhe_node]: [c_xy] 来源 = 一阶质量矩 s/m_T(窗口内估计,**无稳态门控**),替代窗外 EMA —— 机动中也会更新
[INFO] [1789379963.657329309] [mhe_node]: weight schedule theta = [-4.00, 0.00, 0.00, 0.00], signal mode = residual (residual self-trigger: thresh=4.4N persist=2 baseline_tau=3.0s)
[INFO] [1789379963.660918688] [mhe_node]: [release-selfcheck] READY: c_xy_est_enable=1, moment-state ns=2, ratio=0.30; legacy_mass=1, watchdog=3.0s
[INFO] [1789379963.661791765] [mhe_node]: MHE node initialized! tau_source=command (roll/pitch NMPC意图值, yaw NMPC意图值), motor_window_avg=False, geom_release_mode=self. Waiting for odometry + control data...
[INFO] [1789379985.861504872] [mhe_node]: arrival prior seeded: m=2.064 kg (m_nominal prior)
[INFO] [1789379985.861992584] [mhe_node]: [geom] model_geom_on=True (release_mode=self, truth_attached=False) mode=coupled(r_p) -> geom=[ 0.    0.   -0.47] dJ=0.0000 c_xy=[+0.0000,+0.0000] (dJ/c 为按当前 m_est 折算的诊断当量,模型内部随 m 实时生成)
[INFO] [1789379987.766833488] [mhe_node]: MHE mass estimate: 2.065 kg (T_phys=20.09N) | solve=3.5ms (max5.4)
[INFO] [1789379987.767398237] [mhe_node]: [truth] m_hat=2.0649 m_true=2.0643 err=+0.03% | c_hat=[+0.0000,+0.0000] c_true=[+0.0000,+0.0000] | Jxx_hat=0.01420 Jxx_true=0.01420 Jyz_hat=+0.00000 Jyz_true=+0.00000 | s_hat=[+0.0002,+0.0000] s_true=[+0.0000,+0.0000] kg·m
[INFO] [1789379987.767908407] [mhe_node]: [tau_phys] roll=+0.007 pitch=-0.073 Nm
[INFO] [1789379987.768486041] [mhe_node]: [mass-diag] m_est=2.0649 T=20.093N tilt=3.02deg cos=0.99861 | T/g=2.0482 T*cos/g=2.0454 | m_est-T*cos/g=+0.0195kg (+0.95%) vz=+0.127
[INFO] [1789379987.769058572] [mhe_node]: [c_xy_est] cx=+0.0000 cy=+0.0000 m
[INFO] [1789379989.767821934] [mhe_node]: MHE mass estimate: 2.062 kg (T_phys=20.21N) | solve=7.9ms (max14.7)
[INFO] [1789379989.768371227] [mhe_node]: [truth] m_hat=2.0623 m_true=2.0643 err=-0.10% | c_hat=[+0.0000,+0.0000] c_true=[+0.0000,+0.0000] | Jxx_hat=0.01420 Jxx_true=0.01420 Jyz_hat=+0.00000 Jyz_true=+0.00000 | s_hat=[-0.0011,+0.0001] s_true=[+0.0000,+0.0000] kg·m
[INFO] [1789379989.768888899] [mhe_node]: [tau_phys] roll=+0.001 pitch=+0.007 Nm
[INFO] [1789379989.769489971] [mhe_node]: [mass-diag] m_est=2.0623 T=20.207N tilt=2.52deg cos=0.99903 | T/g=2.0598 T*cos/g=2.0578 | m_est-T*cos/g=+0.0044kg (+0.21%) vz=+0.040
[INFO] [1789379989.770072802] [mhe_node]: [c_xy_est] cx=-0.0004 cy=+0.0000 m
[INFO] [1789379991.767946042] [mhe_node]: MHE mass estimate: 2.060 kg (T_phys=20.15N) | solve=6.3ms (max10.8)
[INFO] [1789379991.768487600] [mhe_node]: [truth] m_hat=2.0598 m_true=2.0643 err=-0.22% | c_hat=[+0.0000,+0.0000] c_true=[+0.0000,+0.0000] | Jxx_hat=0.01420 Jxx_true=0.01420 Jyz_hat=+0.00000 Jyz_true=+0.00000 | s_hat=[+0.0001,-0.0001] s_true=[+0.0000,+0.0000] kg·m
[INFO] [1789379991.769012486] [mhe_node]: [tau_phys] roll=-0.002 pitch=-0.002 Nm
[INFO] [1789379991.769602098] [mhe_node]: [mass-diag] m_est=2.0598 T=20.155N tilt=0.23deg cos=0.99999 | T/g=2.0545 T*cos/g=2.0545 | m_est-T*cos/g=+0.0054kg (+0.26%) vz=-0.001
[INFO] [1789379991.770191315] [mhe_node]: [c_xy_est] cx=+0.0000 cy=-0.0000 m
[INFO] [1789379993.761383708] [mhe_node]: [release-resid] STRONG 票: ΔT=-1.01N x4帧 (floor 0.9N)
[INFO] [1789379993.765515436] [mhe_node]: MHE mass estimate: 2.050 kg (T_phys=17.93N) | solve=4.5ms (max9.9)
[INFO] [1789379993.765887441] [mhe_node]: [truth] m_hat=2.0503 m_true=2.0643 err=-0.68% | c_hat=[+0.0000,+0.0000] c_true=[+0.0000,+0.0000] | Jxx_hat=0.01420 Jxx_true=0.01420 Jyz_hat=+0.00000 Jyz_true=+0.00000 | s_hat=[+0.0001,-0.0001] s_true=[+0.0000,+0.0000] kg·m
[INFO] [1789379993.766248738] [mhe_node]: [tau_phys] roll=+0.000 pitch=-0.005 Nm
[INFO] [1789379993.766663110] [mhe_node]: [mass-diag] m_est=2.0503 T=17.927N tilt=0.04deg cos=1.00000 | T/g=1.8274 T*cos/g=1.8274 | m_est-T*cos/g=+0.2228kg (+12.19%) vz=-0.319
[INFO] [1789379993.767061337] [mhe_node]: [c_xy_est] cx=+0.0001 cy=-0.0000 m
[INFO] [1789379995.767836368] [mhe_node]: MHE mass estimate: 2.064 kg (T_phys=20.36N) | solve=4.5ms (max7.2)
[INFO] [1789379995.768365496] [mhe_node]: [truth] m_hat=2.0637 m_true=2.0643 err=-0.03% | c_hat=[+0.0000,+0.0000] c_true=[+0.0000,+0.0000] | Jxx_hat=0.01420 Jxx_true=0.01420 Jyz_hat=+0.00000 Jyz_true=+0.00000 | s_hat=[+0.0001,-0.0000] s_true=[+0.0000,+0.0000] kg·m
[INFO] [1789379995.768872789] [mhe_node]: [tau_phys] roll=-0.001 pitch=+0.000 Nm
[INFO] [1789379995.769456996] [mhe_node]: [mass-diag] m_est=2.0637 T=20.362N tilt=0.26deg cos=0.99999 | T/g=2.0756 T*cos/g=2.0756 | m_est-T*cos/g=-0.0119kg (-0.57%) vz=-0.043
[INFO] [1789379995.770020824] [mhe_node]: [c_xy_est] cx=+0.0001 cy=-0.0000 m
[INFO] [1789379997.823716145] [mhe_node]: MHE mass estimate: 1.961 kg (T_phys=18.71N) | solve=21.0ms (max61.5)
[INFO] [1789379997.824107291] [mhe_node]: [truth] m_hat=1.9611 m_true=2.0643 err=-5.00% | c_hat=[+0.0000,+0.0000] c_true=[+0.0000,+0.0000] | Jxx_hat=0.01420 Jxx_true=0.01420 Jyz_hat=+0.00000 Jyz_true=+0.00000 | s_hat=[+0.0171,-0.0072] s_true=[+0.0000,+0.0000] kg·m
[INFO] [1789379997.824469980] [mhe_node]: [tau_phys] roll=-0.094 pitch=-0.477 Nm
[INFO] [1789379997.824885278] [mhe_node]: [mass-diag] m_est=1.9611 T=18.711N tilt=0.25deg cos=0.99999 | T/g=1.9074 T*cos/g=1.9073 | m_est-T*cos/g=+0.0537kg (+2.82%) vz=-0.002
[INFO] [1789379997.825285297] [mhe_node]: [c_xy_est] cx=+0.0076 cy=-0.0037 m
[WARN] [1789379997.923129093] [mhe_node]: MHE solve failed [status=2], skipping this window (streak 1)
[WARN] [1789379998.231014714] [mhe_node]: MHE solve failed [status=2], skipping this window (streak 1)
[WARN] [1789379998.334553681] [mhe_node]: MHE solve failed [status=2], skipping this window (streak 2)
[WARN] [1789379998.437218877] [mhe_node]: MHE solve failed [status=2], skipping this window (streak 3)
[WARN] [1789379998.533494461] [mhe_node]: MHE solve failed [status=2], skipping this window (streak 4)
[WARN] [1789379998.634897762] [mhe_node]: MHE solve failed [status=2], skipping this window (streak 5)
[WARN] [1789379998.635233929] [mhe_node]: re-anchored arrival prior to current window after 5 consecutive failures (m seeded from thrust_phys: 1.961 -> 1.961 kg)
[WARN] [1789379998.761503443] [mhe_node]: [c_xy-clamp] |s|=0.04143 > 上限 0.0390 — 动态失真,保持上一拍 c_xy=[+0.00,+0.00]cm (累计剔除 1/149 帧)
[WARN] [1789379999.232386698] [mhe_node]: MHE solve failed [status=2], skipping this window (streak 1)
[WARN] [1789379999.332703698] [mhe_node]: MHE solve failed [status=2], skipping this window (streak 2)
[WARN] [1789379999.432508563] [mhe_node]: MHE solve failed [status=2], skipping this window (streak 3)
[WARN] [1789379999.733964639] [mhe_node]: MHE solve failed [status=2], skipping this window (streak 1)
[WARN] [1789379999.834568296] [mhe_node]: MHE solve failed [status=2], skipping this window (streak 2)
[WARN] [1789379999.940386371] [mhe_node]: MHE solve failed [status=2], skipping this window (streak 3)
[WARN] [1789380000.040073669] [mhe_node]: MHE solve failed [status=2], skipping this window (streak 4)
[WARN] [1789380000.142330366] [mhe_node]: MHE solve failed [status=2], skipping this window (streak 5)
[WARN] [1789380000.142654983] [mhe_node]: re-anchored arrival prior to current window after 5 consecutive failures (m seeded from thrust_phys: 1.961 -> 1.961 kg)
[WARN] [1789380000.639156302] [mhe_node]: MHE solve failed [status=2], skipping this window (streak 1)
[WARN] [1789380000.722875344] [mhe_node]: MHE solve failed [status=2], skipping this window (streak 2)
[WARN] [1789380000.822688227] [mhe_node]: MHE solve failed [status=2], skipping this window (streak 3)
[WARN] [1789380000.923251384] [mhe_node]: MHE solve failed [status=2], skipping this window (streak 4)
[WARN] [1789380001.031580719] [mhe_node]: MHE solve failed [status=2], skipping this window (streak 5)
[WARN] [1789380001.031903097] [mhe_node]: re-anchored arrival prior to current window after 5 consecutive failures (m seeded from thrust_phys: 1.961 -> 1.961 kg)
[WARN] [1789380001.125283815] [mhe_node]: MHE solve failed [status=2], skipping this window (streak 1)
[WARN] [1789380001.227766768] [mhe_node]: MHE solve failed [status=2], skipping this window (streak 2)
[WARN] [1789380001.332287223] [mhe_node]: MHE solve failed [status=2], skipping this window (streak 3)
[WARN] [1789380001.427641871] [mhe_node]: MHE solve failed [status=2], skipping this window (streak 4)
[WARN] [1789380001.527333315] [mhe_node]: MHE solve failed [status=2], skipping this window (streak 5)
[WARN] [1789380001.527682796] [mhe_node]: re-anchored arrival prior to current window after 5 consecutive failures (m seeded from thrust_phys: 1.961 -> 1.961 kg)
[INFO] [1789380002.168671692] [mhe_node]: MHE mass estimate: 2.414 kg (T_phys=24.93N) | solve=47.3ms (max77.2)
[INFO] [1789380002.169246826] [mhe_node]: [truth] m_hat=2.4138 m_true=2.0643 err=+16.93% | c_hat=[+0.0000,+0.0000] c_true=[+0.0000,+0.0000] | Jxx_hat=0.01420 Jxx_true=0.01420 Jyz_hat=+0.00000 Jyz_true=+0.00000 | s_hat=[-0.0169,-0.0293] s_true=[+0.0000,+0.0000] kg·m
[INFO] [1789380002.169764700] [mhe_node]: [tau_phys] roll=-0.019 pitch=+0.160 Nm
[INFO] [1789380002.170345364] [mhe_node]: [mass-diag] m_est=2.4138 T=24.930N tilt=1.51deg cos=0.99965 | T/g=2.5413 T*cos/g=2.5404 | m_est-T*cos/g=-0.1266kg (-4.99%) vz=+1.180
[INFO] [1789380002.170919948] [mhe_node]: [c_xy_est] cx=-0.0068 cy=-0.0117 m
[INFO] [1789380002.561526598] [mhe_node]: [release-resid] STRONG 票: ΔT=-2.29N x4帧 (floor 0.9N)
[INFO] [1789380003.861457293] [mhe_node]: [payload-state] EMPTY->LOADED (sustained m_p evidence, m_p=+0.325kg)
[INFO] [1789380003.961538500] [mhe_node]: [s-collapse] moment 基准未就绪(窗口 2/20, 越界剔除 0) — 暂不判决
[INFO] [1789380004.167889474] [mhe_node]: MHE mass estimate: 2.403 kg (T_phys=23.19N) | solve=6.7ms (max10.7)
[INFO] [1789380004.168448021] [mhe_node]: [truth] m_hat=2.4033 m_true=2.0643 err=+16.42% | c_hat=[+0.0000,+0.0000] c_true=[+0.0000,+0.0000] | Jxx_hat=0.01420 Jxx_true=0.01420 Jyz_hat=+0.00000 Jyz_true=+0.00000 | s_hat=[-0.0181,-0.0295] s_true=[+0.0000,+0.0000] kg·m
[INFO] [1789380004.168959986] [mhe_node]: [tau_phys] roll=-0.278 pitch=+0.186 Nm
[INFO] [1789380004.169545025] [mhe_node]: [mass-diag] m_est=2.4033 T=23.192N tilt=0.05deg cos=1.00000 | T/g=2.3642 T*cos/g=2.3642 | m_est-T*cos/g=+0.0392kg (+1.66%) vz=+1.196
[INFO] [1789380004.170125556] [mhe_node]: [c_xy_est] cx=-0.0074 cy=-0.0117 m
[INFO] [1789380004.961531198] [mhe_node]: [s-collapse] moment 基准未就绪(窗口 12/20, 越界剔除 0) — 暂不判决
[INFO] [1789380005.761370664] [mhe_node]: [c_xy_est] 质量域判据已武装(m_p=0.321kg 连续20帧高于水位)
[INFO] [1789380005.761772216] [mhe_node]: [moment-ref] 基准已建立并冻结: |s_ref|=0.03361 kg·m (窗口 20 帧, 中位 0.03359, 离散 0.00, 方向一致度 1.00, 越界剔除 0 帧) — 此后不再更新
[INFO] [1789380005.861616375] [mhe_node]: [s-collapse] |s|=0.03354 ref=0.03361 peak=0.03469 ovr=0 ratio=0.998 (thr 0.30) moment=0 quantity=0 resid=0 health=1 age=0.10 solve_ok=1 reanch=0 m_p=+0.3204 slow=0/5
[INFO] [1789380006.165886909] [mhe_node]: MHE mass estimate: 2.384 kg (T_phys=22.31N) | solve=4.1ms (max6.6)
[INFO] [1789380006.166441609] [mhe_node]: [truth] m_hat=2.3840 m_true=2.0643 err=+15.49% | c_hat=[+0.0000,+0.0000] c_true=[+0.0000,+0.0000] | Jxx_hat=0.01420 Jxx_true=0.01420 Jyz_hat=+0.00000 Jyz_true=+0.00000 | s_hat=[-0.0178,-0.0284] s_true=[+0.0000,+0.0000] kg·m
[INFO] [1789380006.166956799] [mhe_node]: [tau_phys] roll=-0.275 pitch=+0.195 Nm
[INFO] [1789380006.167535914] [mhe_node]: [mass-diag] m_est=2.3840 T=22.307N tilt=0.08deg cos=1.00000 | T/g=2.2739 T*cos/g=2.2739 | m_est-T*cos/g=+0.1101kg (+4.84%) vz=+0.517
[INFO] [1789380006.168110603] [mhe_node]: [c_xy_est] cx=-0.0075 cy=-0.0119 m
[INFO] [1789380006.861605806] [mhe_node]: [s-collapse] |s|=0.03359 ref=0.03361 peak=0.03469 ovr=0 ratio=1.000 (thr 0.30) moment=0 quantity=0 resid=0 health=1 age=0.10 solve_ok=1 reanch=0 m_p=+0.3141 slow=0/5
[INFO] [1789380007.861629890] [mhe_node]: [s-collapse] |s|=0.03353 ref=0.03361 peak=0.03469 ovr=0 ratio=0.998 (thr 0.30) moment=0 quantity=0 resid=0 health=1 age=0.10 solve_ok=1 reanch=0 m_p=+0.3012 slow=0/5
[INFO] [1789380008.167139195] [mhe_node]: MHE mass estimate: 2.364 kg (T_phys=23.01N) | solve=3.9ms (max4.8)
[INFO] [1789380008.167728056] [mhe_node]: [truth] m_hat=2.3642 m_true=2.0643 err=+14.53% | c_hat=[+0.0000,+0.0000] c_true=[+0.0000,+0.0000] | Jxx_hat=0.01420 Jxx_true=0.01420 Jyz_hat=+0.00000 Jyz_true=+0.00000 | s_hat=[-0.0179,-0.0284] s_true=[+0.0000,+0.0000] kg·m
[INFO] [1789380008.168251558] [mhe_node]: [tau_phys] roll=-0.271 pitch=+0.024 Nm
[INFO] [1789380008.168849436] [mhe_node]: [mass-diag] m_est=2.3642 T=23.007N tilt=0.20deg cos=0.99999 | T/g=2.3453 T*cos/g=2.3452 | m_est-T*cos/g=+0.0189kg (+0.81%) vz=+0.019
[INFO] [1789380008.169433234] [mhe_node]: [c_xy_est] cx=-0.0075 cy=-0.0120 m
[INFO] [1789380008.861625876] [mhe_node]: [s-collapse] |s|=0.03352 ref=0.03361 peak=0.03469 ovr=0 ratio=0.997 (thr 0.30) moment=0 quantity=0 resid=0 health=1 age=0.09 solve_ok=1 reanch=0 m_p=+0.2951 slow=0/5
[INFO] [1789380009.861604497] [mhe_node]: [s-collapse] |s|=0.03304 ref=0.03361 peak=0.03469 ovr=0 ratio=0.983 (thr 0.30) moment=0 quantity=0 resid=0 health=1 age=0.09 solve_ok=1 reanch=0 m_p=+0.2830 slow=0/5
[INFO] [1789380010.168801969] [mhe_node]: MHE mass estimate: 2.344 kg (T_phys=23.00N) | solve=5.4ms (max10.7)
[INFO] [1789380010.169369630] [mhe_node]: [truth] m_hat=2.3438 m_true=2.0643 err=+13.54% | c_hat=[+0.0000,+0.0000] c_true=[+0.0000,+0.0000] | Jxx_hat=0.01420 Jxx_true=0.01420 Jyz_hat=+0.00000 Jyz_true=+0.00000 | s_hat=[-0.0179,-0.0277] s_true=[+0.0000,+0.0000] kg·m
[INFO] [1789380010.169885299] [mhe_node]: [tau_phys] roll=-0.238 pitch=+0.732 Nm
[INFO] [1789380010.170466283] [mhe_node]: [mass-diag] m_est=2.3438 T=22.997N tilt=0.46deg cos=0.99997 | T/g=2.3442 T*cos/g=2.3442 | m_est-T*cos/g=-0.0004kg (-0.02%) vz=-0.007
[INFO] [1789380010.171037158] [mhe_node]: [c_xy_est] cx=-0.0077 cy=-0.0118 m
[INFO] [1789380010.861821431] [mhe_node]: [s-collapse] |s|=0.03223 ref=0.03361 peak=0.03469 ovr=0 ratio=0.959 (thr 0.30) moment=0 quantity=0 resid=0 health=1 age=0.09 solve_ok=1 reanch=0 m_p=+0.2745 slow=0/5
[INFO] [1789380011.861754085] [mhe_node]: [s-collapse] |s|=0.03100 ref=0.03361 peak=0.03469 ovr=0 ratio=0.923 (thr 0.30) moment=0 quantity=0 resid=0 health=1 age=0.09 solve_ok=1 reanch=0 m_p=+0.2613 slow=0/5
[INFO] [1789380012.175097121] [mhe_node]: MHE mass estimate: 2.318 kg (T_phys=22.81N) | solve=11.5ms (max26.8)
[INFO] [1789380012.175508823] [mhe_node]: [truth] m_hat=2.3185 m_true=2.0643 err=+12.31% | c_hat=[+0.0000,+0.0000] c_true=[+0.0000,+0.0000] | Jxx_hat=0.01420 Jxx_true=0.01420 Jyz_hat=+0.00000 Jyz_true=+0.00000 | s_hat=[-0.0173,-0.0253] s_true=[+0.0000,+0.0000] kg·m
[INFO] [1789380012.175867279] [mhe_node]: [tau_phys] roll=-0.240 pitch=-0.773 Nm
[INFO] [1789380012.176283384] [mhe_node]: [mass-diag] m_est=2.3185 T=22.812N tilt=0.51deg cos=0.99996 | T/g=2.3253 T*cos/g=2.3252 | m_est-T*cos/g=-0.0068kg (-0.29%) vz=-0.009
[INFO] [1789380012.176685853] [mhe_node]: [c_xy_est] cx=-0.0074 cy=-0.0110 m
[INFO] [1789380012.861621969] [mhe_node]: [s-collapse] |s|=0.02994 ref=0.03361 peak=0.03469 ovr=0 ratio=0.891 (thr 0.30) moment=0 quantity=0 resid=0 health=1 age=0.08 solve_ok=1 reanch=0 m_p=+0.2452 slow=0/5
[INFO] [1789380013.861707892] [mhe_node]: [s-collapse] |s|=0.03120 ref=0.03361 peak=0.03469 ovr=0 ratio=0.928 (thr 0.30) moment=0 quantity=0 resid=0 health=1 age=0.09 solve_ok=1 reanch=0 m_p=+0.2566 slow=0/5
[INFO] [1789380014.177607310] [mhe_node]: MHE mass estimate: 2.318 kg (T_phys=23.10N) | solve=15.2ms (max18.9)
[INFO] [1789380014.178166916] [mhe_node]: [truth] m_hat=2.3185 m_true=2.0643 err=+12.31% | c_hat=[+0.0000,+0.0000] c_true=[+0.0000,+0.0000] | Jxx_hat=0.01420 Jxx_true=0.01420 Jyz_hat=+0.00000 Jyz_true=+0.00000 | s_hat=[-0.0178,-0.0246] s_true=[+0.0000,+0.0000] kg·m
[INFO] [1789380014.178680308] [mhe_node]: [tau_phys] roll=-0.083 pitch=+1.026 Nm
[INFO] [1789380014.179264572] [mhe_node]: [mass-diag] m_est=2.3185 T=23.104N tilt=4.94deg cos=0.99628 | T/g=2.3552 T*cos/g=2.3464 | m_est-T*cos/g=-0.0279kg (-1.19%) vz=+0.040
[INFO] [1789380014.179842255] [mhe_node]: [c_xy_est] cx=-0.0081 cy=-0.0107 m
[INFO] [1789380014.861663269] [mhe_node]: [s-collapse] |s|=0.03144 ref=0.03361 peak=0.03469 ovr=0 ratio=0.936 (thr 0.30) moment=0 quantity=0 resid=0 health=1 age=0.09 solve_ok=1 reanch=0 m_p=+0.2506 slow=0/5
[INFO] [1789380015.661749812] [mhe_node]: [c_xy-clamp] 越界剔除 14/300 (4.7%) 上限 0.0390 kg·m clamp=1
[INFO] [1789380015.861606855] [mhe_node]: [s-collapse] |s|=0.03885 ref=0.03361 peak=0.03885 ovr=0 ratio=1.156 (thr 0.30) moment=0 quantity=0 resid=0 health=1 age=0.09 solve_ok=1 reanch=0 m_p=+0.2573 slow=0/5
[WARN] [1789380015.961442101] [mhe_node]: [s-collapse] |s|=0.03903 > 物理上限 0.039 — 动态失真,不参与 moment 投票(本轮累计 1 帧)
[INFO] [1789380016.172693182] [mhe_node]: MHE mass estimate: 2.323 kg (T_phys=22.95N) | solve=15.2ms (max20.7)
[INFO] [1789380016.173093054] [mhe_node]: [truth] m_hat=2.3226 m_true=2.0643 err=+12.51% | c_hat=[+0.0000,+0.0000] c_true=[+0.0000,+0.0000] | Jxx_hat=0.01420 Jxx_true=0.01420 Jyz_hat=+0.00000 Jyz_true=+0.00000 | s_hat=[-0.0324,-0.0241] s_true=[+0.0000,+0.0000] kg·m
[INFO] [1789380016.173453663] [mhe_node]: [tau_phys] roll=-0.196 pitch=+0.723 Nm
[INFO] [1789380016.173884883] [mhe_node]: [mass-diag] m_est=2.3226 T=22.947N tilt=5.98deg cos=0.99457 | T/g=2.3391 T*cos/g=2.3264 | m_est-T*cos/g=-0.0038kg (-0.16%) vz=+0.161
[INFO] [1789380016.174312949] [mhe_node]: [c_xy_est] cx=-0.0133 cy=-0.0101 m
[WARN] [1789380016.961534728] [mhe_node]: [s-collapse] |s|=0.04327 > 物理上限 0.039 — 动态失真,不参与 moment 投票(本轮累计 11 帧)
[WARN] [1789380017.961471201] [mhe_node]: [s-collapse] |s|=0.04906 > 物理上限 0.039 — 动态失真,不参与 moment 投票(本轮累计 21 帧)
[INFO] [1789380018.172648128] [mhe_node]: MHE mass estimate: 2.335 kg (T_phys=22.90N) | solve=12.7ms (max31.1)
[INFO] [1789380018.173214224] [mhe_node]: [truth] m_hat=2.3350 m_true=2.0643 err=+13.11% | c_hat=[+0.0000,+0.0000] c_true=[+0.0000,+0.0000] | Jxx_hat=0.01420 Jxx_true=0.01420 Jyz_hat=+0.00000 Jyz_true=+0.00000 | s_hat=[-0.0430,-0.0267] s_true=[+0.0000,+0.0000] kg·m
[INFO] [1789380018.173727761] [mhe_node]: [tau_phys] roll=-0.279 pitch=+0.208 Nm
[INFO] [1789380018.174357952] [mhe_node]: [mass-diag] m_est=2.3350 T=22.896N tilt=7.21deg cos=0.99208 | T/g=2.3340 T*cos/g=2.3155 | m_est-T*cos/g=+0.0195kg (+0.84%) vz=+0.128
[INFO] [1789380018.174996928] [mhe_node]: [c_xy_est] cx=-0.0133 cy=-0.0101 m
[WARN] [1789380018.961511899] [mhe_node]: [s-collapse] |s|=0.05187 > 物理上限 0.039 — 动态失真,不参与 moment 投票(本轮累计 31 帧)
[WARN] [1789380019.961511800] [mhe_node]: [s-collapse] |s|=0.04632 > 物理上限 0.039 — 动态失真,不参与 moment 投票(本轮累计 41 帧)
[INFO] [1789380020.178603396] [mhe_node]: MHE mass estimate: 2.334 kg (T_phys=23.40N) | solve=12.8ms (max21.9)
[INFO] [1789380020.179164267] [mhe_node]: [truth] m_hat=2.3339 m_true=2.0643 err=+13.06% | c_hat=[+0.0000,+0.0000] c_true=[+0.0000,+0.0000] | Jxx_hat=0.01420 Jxx_true=0.01420 Jyz_hat=+0.00000 Jyz_true=+0.00000 | s_hat=[-0.0353,-0.0265] s_true=[+0.0000,+0.0000] kg·m
[INFO] [1789380020.179683905] [mhe_node]: [tau_phys] roll=-0.082 pitch=+0.600 Nm
[INFO] [1789380020.180268020] [mhe_node]: [mass-diag] m_est=2.3339 T=23.401N tilt=11.93deg cos=0.97841 | T/g=2.3854 T*cos/g=2.3339 | m_est-T*cos/g=+0.0000kg (+0.00%) vz=-0.102
[INFO] [1789380020.180846465] [mhe_node]: [c_xy_est] cx=-0.0133 cy=-0.0101 m
[WARN] [1789380020.961514576] [mhe_node]: [s-collapse] |s|=0.04149 > 物理上限 0.039 — 动态失真,不参与 moment 投票(本轮累计 51 帧)
[WARN] [1789380021.961467643] [mhe_node]: [s-collapse] |s|=0.04461 > 物理上限 0.039 — 动态失真,不参与 moment 投票(本轮累计 61 帧)
[INFO] [1789380022.175835635] [mhe_node]: MHE mass estimate: 2.324 kg (T_phys=22.69N) | solve=15.6ms (max24.1)
[INFO] [1789380022.176397757] [mhe_node]: [truth] m_hat=2.3240 m_true=2.0643 err=+12.58% | c_hat=[+0.0000,+0.0000] c_true=[+0.0000,+0.0000] | Jxx_hat=0.01420 Jxx_true=0.01420 Jyz_hat=+0.00000 Jyz_true=+0.00000 | s_hat=[-0.0421,-0.0232] s_true=[+0.0000,+0.0000] kg·m
[INFO] [1789380022.176910802] [mhe_node]: [tau_phys] roll=-0.198 pitch=+0.739 Nm
[INFO] [1789380022.177496635] [mhe_node]: [mass-diag] m_est=2.3240 T=22.693N tilt=9.26deg cos=0.98698 | T/g=2.3132 T*cos/g=2.2831 | m_est-T*cos/g=+0.0409kg (+1.79%) vz=-0.202
[INFO] [1789380022.178072225] [mhe_node]: [c_xy_est] cx=-0.0133 cy=-0.0101 m
[WARN] [1789380022.961562919] [mhe_node]: [s-collapse] |s|=0.05585 > 物理上限 0.039 — 动态失真,不参与 moment 投票(本轮累计 71 帧)
[WARN] [1789380023.961445438] [mhe_node]: [s-collapse] |s|=0.06290 > 物理上限 0.039 — 动态失真,不参与 moment 投票(本轮累计 81 帧)
[INFO] [1789380024.177264739] [mhe_node]: MHE mass estimate: 2.319 kg (T_phys=22.93N) | solve=15.2ms (max22.6)
[INFO] [1789380024.177828593] [mhe_node]: [truth] m_hat=2.3194 m_true=2.0643 err=+12.36% | c_hat=[+0.0000,+0.0000] c_true=[+0.0000,+0.0000] | Jxx_hat=0.01420 Jxx_true=0.01420 Jyz_hat=+0.00000 Jyz_true=+0.00000 | s_hat=[-0.0587,-0.0231] s_true=[+0.0000,+0.0000] kg·m
[INFO] [1789380024.178357633] [mhe_node]: [tau_phys] roll=-0.248 pitch=+0.856 Nm
[INFO] [1789380024.178935100] [mhe_node]: [mass-diag] m_est=2.3194 T=22.929N tilt=1.81deg cos=0.99950 | T/g=2.3373 T*cos/g=2.3361 | m_est-T*cos/g=-0.0167kg (-0.72%) vz=-0.250
[INFO] [1789380024.179519999] [mhe_node]: [c_xy_est] cx=-0.0133 cy=-0.0101 m
[WARN] [1789380024.961648374] [mhe_node]: [s-collapse] |s|=0.05946 > 物理上限 0.039 — 动态失真,不参与 moment 投票(本轮累计 91 帧)
[WARN] [1789380025.961701128] [mhe_node]: [s-collapse] |s|=0.05675 > 物理上限 0.039 — 动态失真,不参与 moment 投票(本轮累计 101 帧)
[INFO] [1789380026.172865859] [mhe_node]: MHE mass estimate: 2.332 kg (T_phys=23.45N) | solve=13.5ms (max19.7)
[INFO] [1789380026.173432106] [mhe_node]: [truth] m_hat=2.3321 m_true=2.0643 err=+12.97% | c_hat=[+0.0000,+0.0000] c_true=[+0.0000,+0.0000] | Jxx_hat=0.01420 Jxx_true=0.01420 Jyz_hat=+0.00000 Jyz_true=+0.00000 | s_hat=[-0.0497,-0.0258] s_true=[+0.0000,+0.0000] kg·m
[INFO] [1789380026.173944058] [mhe_node]: [tau_phys] roll=-0.256 pitch=+0.106 Nm
[INFO] [1789380026.174528570] [mhe_node]: [mass-diag] m_est=2.3321 T=23.454N tilt=9.45deg cos=0.98643 | T/g=2.3909 T*cos/g=2.3584 | m_est-T*cos/g=-0.0263kg (-1.12%) vz=-0.155
[INFO] [1789380026.175097845] [mhe_node]: [c_xy_est] cx=-0.0133 cy=-0.0101 m
[WARN] [1789380026.961674693] [mhe_node]: [s-collapse] |s|=0.05215 > 物理上限 0.039 — 动态失真,不参与 moment 投票(本轮累计 111 帧)
[WARN] [1789380027.961751229] [mhe_node]: [s-collapse] |s|=0.05136 > 物理上限 0.039 — 动态失真,不参与 moment 投票(本轮累计 121 帧)
[INFO] [1789380028.172632335] [mhe_node]: MHE mass estimate: 2.332 kg (T_phys=23.14N) | solve=10.6ms (max14.6)
[INFO] [1789380028.173196054] [mhe_node]: [truth] m_hat=2.3315 m_true=2.0643 err=+12.94% | c_hat=[+0.0000,+0.0000] c_true=[+0.0000,+0.0000] | Jxx_hat=0.01420 Jxx_true=0.01420 Jyz_hat=+0.00000 Jyz_true=+0.00000 | s_hat=[-0.0440,-0.0272] s_true=[+0.0000,+0.0000] kg·m
[INFO] [1789380028.173715896] [mhe_node]: [tau_phys] roll=-0.261 pitch=+0.810 Nm
[INFO] [1789380028.174300855] [mhe_node]: [mass-diag] m_est=2.3315 T=23.137N tilt=8.02deg cos=0.99023 | T/g=2.3585 T*cos/g=2.3354 | m_est-T*cos/g=-0.0039kg (-0.17%) vz=-0.052
[INFO] [1789380028.174876455] [mhe_node]: [c_xy_est] cx=-0.0133 cy=-0.0101 m
[WARN] [1789380028.961530008] [mhe_node]: [s-collapse] |s|=0.05303 > 物理上限 0.039 — 动态失真,不参与 moment 投票(本轮累计 131 帧)
[WARN] [1789380029.961582004] [mhe_node]: [s-collapse] |s|=0.05217 > 物理上限 0.039 — 动态失真,不参与 moment 投票(本轮累计 141 帧)
[INFO] [1789380030.172804784] [mhe_node]: MHE mass estimate: 2.332 kg (T_phys=23.36N) | solve=13.7ms (max17.7)
[INFO] [1789380030.173360782] [mhe_node]: [truth] m_hat=2.3322 m_true=2.0643 err=+12.98% | c_hat=[+0.0000,+0.0000] c_true=[+0.0000,+0.0000] | Jxx_hat=0.01420 Jxx_true=0.01420 Jyz_hat=+0.00000 Jyz_true=+0.00000 | s_hat=[-0.0449,-0.0266] s_true=[+0.0000,+0.0000] kg·m
[INFO] [1789380030.173873324] [mhe_node]: [tau_phys] roll=-0.347 pitch=+0.720 Nm
[INFO] [1789380030.174457378] [mhe_node]: [mass-diag] m_est=2.3322 T=23.357N tilt=6.44deg cos=0.99369 | T/g=2.3809 T*cos/g=2.3659 | m_est-T*cos/g=-0.0337kg (-1.43%) vz=+0.060
[INFO] [1789380030.175033476] [mhe_node]: [c_xy_est] cx=-0.0133 cy=-0.0101 m
[WARN] [1789380030.961531074] [mhe_node]: [s-collapse] |s|=0.05259 > 物理上限 0.039 — 动态失真,不参与 moment 投票(本轮累计 151 帧)
[WARN] [1789380031.961553543] [mhe_node]: [s-collapse] |s|=0.05246 > 物理上限 0.039 — 动态失真,不参与 moment 投票(本轮累计 161 帧)
[INFO] [1789380032.171599869] [mhe_node]: MHE mass estimate: 2.337 kg (T_phys=23.26N) | solve=10.8ms (max15.8)
[INFO] [1789380032.172153441] [mhe_node]: [truth] m_hat=2.3365 m_true=2.0643 err=+13.19% | c_hat=[+0.0000,+0.0000] c_true=[+0.0000,+0.0000] | Jxx_hat=0.01420 Jxx_true=0.01420 Jyz_hat=+0.00000 Jyz_true=+0.00000 | s_hat=[-0.0443,-0.0267] s_true=[+0.0000,+0.0000] kg·m
[INFO] [1789380032.172663481] [mhe_node]: [tau_phys] roll=-0.327 pitch=-0.194 Nm
[INFO] [1789380032.173242482] [mhe_node]: [mass-diag] m_est=2.3365 T=23.255N tilt=10.39deg cos=0.98359 | T/g=2.3706 T*cos/g=2.3316 | m_est-T*cos/g=+0.0049kg (+0.21%) vz=+0.185
[INFO] [1789380032.173816013] [mhe_node]: [c_xy_est] cx=-0.0133 cy=-0.0101 m
[WARN] [1789380032.961600603] [mhe_node]: [s-collapse] |s|=0.05045 > 物理上限 0.039 — 动态失真,不参与 moment 投票(本轮累计 171 帧)
[WARN] [1789380033.961562923] [mhe_node]: [s-collapse] |s|=0.05642 > 物理上限 0.039 — 动态失真,不参与 moment 投票(本轮累计 181 帧)
[INFO] [1789380034.190256322] [mhe_node]: MHE mass estimate: 2.307 kg (T_phys=23.25N) | solve=16.9ms (max34.4)
[INFO] [1789380034.190839462] [mhe_node]: [truth] m_hat=2.3069 m_true=2.0643 err=+11.75% | c_hat=[+0.0000,+0.0000] c_true=[+0.0000,+0.0000] | Jxx_hat=0.01420 Jxx_true=0.01420 Jyz_hat=+0.00000 Jyz_true=+0.00000 | s_hat=[-0.0578,-0.0249] s_true=[+0.0000,+0.0000] kg·m
[INFO] [1789380034.191353600] [mhe_node]: [tau_phys] roll=-0.270 pitch=+0.809 Nm
[INFO] [1789380034.191935267] [mhe_node]: [mass-diag] m_est=2.3069 T=23.251N tilt=4.97deg cos=0.99624 | T/g=2.3701 T*cos/g=2.3612 | m_est-T*cos/g=-0.0543kg (-2.30%) vz=+0.195
[INFO] [1789380034.192516245] [mhe_node]: [c_xy_est] cx=-0.0133 cy=-0.0101 m
[WARN] [1789380034.961547335] [mhe_node]: [s-collapse] |s|=0.06971 > 物理上限 0.039 — 动态失真,不参与 moment 投票(本轮累计 191 帧)
[WARN] [1789380035.961464742] [mhe_node]: [s-collapse] |s|=0.07061 > 物理上限 0.039 — 动态失真,不参与 moment 投票(本轮累计 201 帧)
[INFO] [1789380036.179030487] [mhe_node]: MHE mass estimate: 2.325 kg (T_phys=23.20N) | solve=19.6ms (max29.7)
[INFO] [1789380036.179603513] [mhe_node]: [truth] m_hat=2.3247 m_true=2.0643 err=+12.61% | c_hat=[+0.0000,+0.0000] c_true=[+0.0000,+0.0000] | Jxx_hat=0.01420 Jxx_true=0.01420 Jyz_hat=+0.00000 Jyz_true=+0.00000 | s_hat=[-0.0635,-0.0260] s_true=[+0.0000,+0.0000] kg·m
[INFO] [1789380036.180127722] [mhe_node]: [tau_phys] roll=-0.224 pitch=+0.649 Nm
[INFO] [1789380036.180708480] [mhe_node]: [mass-diag] m_est=2.3247 T=23.199N tilt=5.72deg cos=0.99501 | T/g=2.3649 T*cos/g=2.3531 | m_est-T*cos/g=-0.0284kg (-1.21%) vz=+0.195
[INFO] [1789380036.181285206] [mhe_node]: [c_xy_est] cx=-0.0133 cy=-0.0101 m
[WARN] [1789380036.961527900] [mhe_node]: [s-collapse] |s|=0.06305 > 物理上限 0.039 — 动态失真,不参与 moment 投票(本轮累计 211 帧)
[WARN] [1789380037.961524223] [mhe_node]: [s-collapse] |s|=0.05290 > 物理上限 0.039 — 动态失真,不参与 moment 投票(本轮累计 221 帧)
[INFO] [1789380038.172495491] [mhe_node]: MHE mass estimate: 2.344 kg (T_phys=23.04N) | solve=16.6ms (max22.6)
[INFO] [1789380038.173046813] [mhe_node]: [truth] m_hat=2.3438 m_true=2.0643 err=+13.54% | c_hat=[+0.0000,+0.0000] c_true=[+0.0000,+0.0000] | Jxx_hat=0.01420 Jxx_true=0.01420 Jyz_hat=+0.00000 Jyz_true=+0.00000 | s_hat=[-0.0435,-0.0268] s_true=[+0.0000,+0.0000] kg·m
[INFO] [1789380038.173563482] [mhe_node]: [tau_phys] roll=-0.207 pitch=+0.018 Nm
[INFO] [1789380038.174140246] [mhe_node]: [mass-diag] m_est=2.3438 T=23.042N tilt=9.83deg cos=0.98533 | T/g=2.3488 T*cos/g=2.3143 | m_est-T*cos/g=+0.0294kg (+1.27%) vz=+0.154
[INFO] [1789380038.174711157] [mhe_node]: [c_xy_est] cx=-0.0133 cy=-0.0101 m
[WARN] [1789380038.961546507] [mhe_node]: [s-collapse] |s|=0.05062 > 物理上限 0.039 — 动态失真,不参与 moment 投票(本轮累计 231 帧)
[WARN] [1789380039.961389385] [mhe_node]: [s-collapse] |s|=0.05830 > 物理上限 0.039 — 动态失真,不参与 moment 投票(本轮累计 241 帧)
[INFO] [1789380040.170565568] [mhe_node]: MHE mass estimate: 2.327 kg (T_phys=22.88N) | solve=11.9ms (max22.1)
[INFO] [1789380040.171122188] [mhe_node]: [truth] m_hat=2.3274 m_true=2.0643 err=+12.75% | c_hat=[+0.0000,+0.0000] c_true=[+0.0000,+0.0000] | Jxx_hat=0.01420 Jxx_true=0.01420 Jyz_hat=+0.00000 Jyz_true=+0.00000 | s_hat=[-0.0539,-0.0244] s_true=[+0.0000,+0.0000] kg·m
[INFO] [1789380040.171632173] [mhe_node]: [tau_phys] roll=-0.186 pitch=+0.850 Nm
[INFO] [1789380040.172208834] [mhe_node]: [mass-diag] m_est=2.3274 T=22.885N tilt=5.03deg cos=0.99615 | T/g=2.3328 T*cos/g=2.3238 | m_est-T*cos/g=+0.0037kg (+0.16%) vz=+0.005
[INFO] [1789380040.172779303] [mhe_node]: [c_xy_est] cx=-0.0133 cy=-0.0101 m
[WARN] [1789380040.961585166] [mhe_node]: [s-collapse] |s|=0.05834 > 物理上限 0.039 — 动态失真,不参与 moment 投票(本轮累计 251 帧)
[WARN] [1789380041.961439843] [mhe_node]: [s-collapse] |s|=0.05445 > 物理上限 0.039 — 动态失真,不参与 moment 投票(本轮累计 261 帧)
[INFO] [1789380042.177459889] [mhe_node]: MHE mass estimate: 2.333 kg (T_phys=22.91N) | solve=12.6ms (max21.2)
[INFO] [1789380042.178012980] [mhe_node]: [truth] m_hat=2.3328 m_true=2.0643 err=+13.01% | c_hat=[+0.0000,+0.0000] c_true=[+0.0000,+0.0000] | Jxx_hat=0.01420 Jxx_true=0.01420 Jyz_hat=+0.00000 Jyz_true=+0.00000 | s_hat=[-0.0453,-0.0248] s_true=[+0.0000,+0.0000] kg·m
[INFO] [1789380042.178524773] [mhe_node]: [tau_phys] roll=-0.273 pitch=-0.115 Nm
[INFO] [1789380042.179102713] [mhe_node]: [mass-diag] m_est=2.3328 T=22.912N tilt=9.50deg cos=0.98628 | T/g=2.3356 T*cos/g=2.3035 | m_est-T*cos/g=+0.0293kg (+1.27%) vz=-0.112
[INFO] [1789380042.179675763] [mhe_node]: [c_xy_est] cx=-0.0133 cy=-0.0101 m
[WARN] [1789380042.961510809] [mhe_node]: [s-collapse] |s|=0.04712 > 物理上限 0.039 — 动态失真,不参与 moment 投票(本轮累计 271 帧)
[WARN] [1789380043.961461618] [mhe_node]: [s-collapse] |s|=0.04996 > 物理上限 0.039 — 动态失真,不参与 moment 投票(本轮累计 281 帧)
[INFO] [1789380044.178653285] [mhe_node]: MHE mass estimate: 2.315 kg (T_phys=22.90N) | solve=14.9ms (max22.1)
[INFO] [1789380044.179206261] [mhe_node]: [truth] m_hat=2.3148 m_true=2.0643 err=+12.13% | c_hat=[+0.0000,+0.0000] c_true=[+0.0000,+0.0000] | Jxx_hat=0.01420 Jxx_true=0.01420 Jyz_hat=+0.00000 Jyz_true=+0.00000 | s_hat=[-0.0478,-0.0225] s_true=[+0.0000,+0.0000] kg·m
[INFO] [1789380044.179724604] [mhe_node]: [tau_phys] roll=-0.272 pitch=+0.657 Nm
[INFO] [1789380044.180304774] [mhe_node]: [mass-diag] m_est=2.3148 T=22.895N tilt=8.99deg cos=0.98771 | T/g=2.3339 T*cos/g=2.3052 | m_est-T*cos/g=+0.0096kg (+0.42%) vz=-0.201
[INFO] [1789380044.180876710] [mhe_node]: [c_xy_est] cx=-0.0133 cy=-0.0101 m
[WARN] [1789380044.961580626] [mhe_node]: [s-collapse] |s|=0.06089 > 物理上限 0.039 — 动态失真,不参与 moment 投票(本轮累计 291 帧)
[WARN] [1789380045.961598464] [mhe_node]: [s-collapse] |s|=0.06708 > 物理上限 0.039 — 动态失真,不参与 moment 投票(本轮累计 301 帧)
[INFO] [1789380046.198042427] [mhe_node]: MHE mass estimate: 2.296 kg (T_phys=22.86N) | solve=20.2ms (max37.4)
[INFO] [1789380046.198602374] [mhe_node]: [truth] m_hat=2.2959 m_true=2.0643 err=+11.22% | c_hat=[+0.0000,+0.0000] c_true=[+0.0000,+0.0000] | Jxx_hat=0.01420 Jxx_true=0.01420 Jyz_hat=+0.00000 Jyz_true=+0.00000 | s_hat=[-0.0645,-0.0239] s_true=[+0.0000,+0.0000] kg·m
[INFO] [1789380046.199116854] [mhe_node]: [tau_phys] roll=-0.304 pitch=+0.518 Nm
[INFO] [1789380046.199693710] [mhe_node]: [mass-diag] m_est=2.2959 T=22.858N tilt=1.42deg cos=0.99969 | T/g=2.3301 T*cos/g=2.3294 | m_est-T*cos/g=-0.0334kg (-1.44%) vz=-0.255
[INFO] [1789380046.200267526] [mhe_node]: [c_xy_est] cx=-0.0133 cy=-0.0101 m
[WARN] [1789380046.961580211] [mhe_node]: [s-collapse] |s|=0.06701 > 物理上限 0.039 — 动态失真,不参与 moment 投票(本轮累计 311 帧)
[WARN] [1789380047.961577145] [mhe_node]: [s-collapse] |s|=0.04577 > 物理上限 0.039 — 动态失真,不参与 moment 投票(本轮累计 321 帧)
[INFO] [1789380048.178607338] [mhe_node]: MHE mass estimate: 2.286 kg (T_phys=23.75N) | solve=28.6ms (max42.9)
[INFO] [1789380048.179161748] [mhe_node]: [truth] m_hat=2.2859 m_true=2.0643 err=+10.74% | c_hat=[+0.0000,+0.0000] c_true=[+0.0000,+0.0000] | Jxx_hat=0.01420 Jxx_true=0.01420 Jyz_hat=+0.00000 Jyz_true=+0.00000 | s_hat=[-0.0365,-0.0234] s_true=[+0.0000,+0.0000] kg·m
[INFO] [1789380048.179683060] [mhe_node]: [tau_phys] roll=-0.439 pitch=+0.827 Nm
[INFO] [1789380048.180268876] [mhe_node]: [mass-diag] m_est=2.2859 T=23.750N tilt=8.36deg cos=0.98938 | T/g=2.4210 T*cos/g=2.3953 | m_est-T*cos/g=-0.1093kg (-4.56%) vz=-0.216
[INFO] [1789380048.180847271] [mhe_node]: [c_xy_est] cx=-0.0133 cy=-0.0101 m
[WARN] [1789380048.961556260] [mhe_node]: [s-collapse] |s|=0.04491 > 物理上限 0.039 — 动态失真,不参与 moment 投票(本轮累计 331 帧)
[WARN] [1789380049.961564902] [mhe_node]: [s-collapse] |s|=0.05249 > 物理上限 0.039 — 动态失真,不参与 moment 投票(本轮累计 341 帧)
[INFO] [1789380050.177978775] [mhe_node]: MHE mass estimate: 2.329 kg (T_phys=22.91N) | solve=12.5ms (max19.0)
[INFO] [1789380050.178536454] [mhe_node]: [truth] m_hat=2.3287 m_true=2.0643 err=+12.81% | c_hat=[+0.0000,+0.0000] c_true=[+0.0000,+0.0000] | Jxx_hat=0.01420 Jxx_true=0.01420 Jyz_hat=+0.00000 Jyz_true=+0.00000 | s_hat=[-0.0436,-0.0293] s_true=[+0.0000,+0.0000] kg·m
[INFO] [1789380050.179046008] [mhe_node]: [tau_phys] roll=-0.206 pitch=+0.744 Nm
[INFO] [1789380050.179627814] [mhe_node]: [mass-diag] m_est=2.3287 T=22.912N tilt=7.76deg cos=0.99084 | T/g=2.3356 T*cos/g=2.3142 | m_est-T*cos/g=+0.0145kg (+0.63%) vz=-0.060
[INFO] [1789380050.180203675] [mhe_node]: [c_xy_est] cx=-0.0133 cy=-0.0101 m
[WARN] [1789380050.961464331] [mhe_node]: [s-collapse] |s|=0.05437 > 物理上限 0.039 — 动态失真,不参与 moment 投票(本轮累计 351 帧)
[WARN] [1789380051.961763147] [mhe_node]: [s-collapse] |s|=0.05909 > 物理上限 0.039 — 动态失真,不参与 moment 投票(本轮累计 361 帧)
[INFO] [1789380052.175799479] [mhe_node]: MHE mass estimate: 2.333 kg (T_phys=23.29N) | solve=16.4ms (max22.6)
[INFO] [1789380052.176365530] [mhe_node]: [truth] m_hat=2.3327 m_true=2.0643 err=+13.00% | c_hat=[+0.0000,+0.0000] c_true=[+0.0000,+0.0000] | Jxx_hat=0.01420 Jxx_true=0.01420 Jyz_hat=+0.00000 Jyz_true=+0.00000 | s_hat=[-0.0526,-0.0286] s_true=[+0.0000,+0.0000] kg·m
[INFO] [1789380052.176880934] [mhe_node]: [tau_phys] roll=-0.292 pitch=+0.493 Nm
[INFO] [1789380052.177459391] [mhe_node]: [mass-diag] m_est=2.3327 T=23.289N tilt=5.39deg cos=0.99557 | T/g=2.3740 T*cos/g=2.3635 | m_est-T*cos/g=-0.0308kg (-1.30%) vz=+0.057
[INFO] [1789380052.178029153] [mhe_node]: [c_xy_est] cx=-0.0133 cy=-0.0101 m
[WARN] [1789380052.961694648] [mhe_node]: [s-collapse] |s|=0.05863 > 物理上限 0.039 — 动态失真,不参与 moment 投票(本轮累计 371 帧)
[WARN] [1789380053.961538833] [mhe_node]: [s-collapse] |s|=0.05451 > 物理上限 0.039 — 动态失真,不参与 moment 投票(本轮累计 381 帧)
[INFO] [1789380054.171743742] [mhe_node]: MHE mass estimate: 2.341 kg (T_phys=23.42N) | solve=11.1ms (max17.4)
[INFO] [1789380054.172305171] [mhe_node]: [truth] m_hat=2.3406 m_true=2.0643 err=+13.38% | c_hat=[+0.0000,+0.0000] c_true=[+0.0000,+0.0000] | Jxx_hat=0.01420 Jxx_true=0.01420 Jyz_hat=+0.00000 Jyz_true=+0.00000 | s_hat=[-0.0457,-0.0279] s_true=[+0.0000,+0.0000] kg·m
[INFO] [1789380054.172817390] [mhe_node]: [tau_phys] roll=-0.208 pitch=+0.809 Nm
[INFO] [1789380054.173400891] [mhe_node]: [mass-diag] m_est=2.3406 T=23.424N tilt=10.17deg cos=0.98428 | T/g=2.3878 T*cos/g=2.3503 | m_est-T*cos/g=-0.0097kg (-0.41%) vz=+0.198
[INFO] [1789380054.173972979] [mhe_node]: [c_xy_est] cx=-0.0133 cy=-0.0101 m
[WARN] [1789380054.961437566] [mhe_node]: [s-collapse] |s|=0.05382 > 物理上限 0.039 — 动态失真,不参与 moment 投票(本轮累计 391 帧)
[WARN] [1789380055.961496640] [mhe_node]: [s-collapse] |s|=0.05543 > 物理上限 0.039 — 动态失真,不参与 moment 投票(本轮累计 401 帧)
[INFO] [1789380056.187445661] [mhe_node]: MHE mass estimate: 2.306 kg (T_phys=23.08N) | solve=13.7ms (max27.7)
[INFO] [1789380056.188001279] [mhe_node]: [truth] m_hat=2.3056 m_true=2.0643 err=+11.69% | c_hat=[+0.0000,+0.0000] c_true=[+0.0000,+0.0000] | Jxx_hat=0.01420 Jxx_true=0.01420 Jyz_hat=+0.00000 Jyz_true=+0.00000 | s_hat=[-0.0517,-0.0260] s_true=[+0.0000,+0.0000] kg·m
[INFO] [1789380056.188516341] [mhe_node]: [tau_phys] roll=-0.300 pitch=+0.867 Nm
[INFO] [1789380056.189087877] [mhe_node]: [mass-diag] m_est=2.3056 T=23.082N tilt=5.36deg cos=0.99563 | T/g=2.3529 T*cos/g=2.3426 | m_est-T*cos/g=-0.0370kg (-1.58%) vz=+0.227
[INFO] [1789380056.189661270] [mhe_node]: [c_xy_est] cx=-0.0133 cy=-0.0101 m
[WARN] [1789380056.961534692] [mhe_node]: [s-collapse] |s|=0.06627 > 物理上限 0.039 — 动态失真,不参与 moment 投票(本轮累计 411 帧)
[WARN] [1789380057.961597096] [mhe_node]: [s-collapse] |s|=0.07303 > 物理上限 0.039 — 动态失真,不参与 moment 投票(本轮累计 421 帧)
[INFO] [1789380058.183481062] [mhe_node]: MHE mass estimate: 2.325 kg (T_phys=23.11N) | solve=24.6ms (max33.4)
[INFO] [1789380058.184041972] [mhe_node]: [truth] m_hat=2.3247 m_true=2.0643 err=+12.61% | c_hat=[+0.0000,+0.0000] c_true=[+0.0000,+0.0000] | Jxx_hat=0.01420 Jxx_true=0.01420 Jyz_hat=+0.00000 Jyz_true=+0.00000 | s_hat=[-0.0665,-0.0269] s_true=[+0.0000,+0.0000] kg·m
[INFO] [1789380058.184558871] [mhe_node]: [tau_phys] roll=-0.206 pitch=+0.892 Nm
[INFO] [1789380058.185147040] [mhe_node]: [mass-diag] m_est=2.3247 T=23.110N tilt=5.17deg cos=0.99592 | T/g=2.3557 T*cos/g=2.3461 | m_est-T*cos/g=-0.0214kg (-0.91%) vz=+0.194
[INFO] [1789380058.185729255] [mhe_node]: [c_xy_est] cx=-0.0133 cy=-0.0101 m
[WARN] [1789380058.961528514] [mhe_node]: [s-collapse] |s|=0.06466 > 物理上限 0.039 — 动态失真,不参与 moment 投票(本轮累计 431 帧)
[WARN] [1789380059.961537898] [mhe_node]: [s-collapse] |s|=0.05296 > 物理上限 0.039 — 动态失真,不参与 moment 投票(本轮累计 441 帧)
[INFO] [1789380060.170309831] [mhe_node]: MHE mass estimate: 2.340 kg (T_phys=23.10N) | solve=17.9ms (max25.6)
[INFO] [1789380060.170718219] [mhe_node]: [truth] m_hat=2.3396 m_true=2.0643 err=+13.34% | c_hat=[+0.0000,+0.0000] c_true=[+0.0000,+0.0000] | Jxx_hat=0.01420 Jxx_true=0.01420 Jyz_hat=+0.00000 Jyz_true=+0.00000 | s_hat=[-0.0431,-0.0265] s_true=[+0.0000,+0.0000] kg·m
[INFO] [1789380060.171080106] [mhe_node]: [tau_phys] roll=-0.284 pitch=-0.061 Nm
[INFO] [1789380060.171500951] [mhe_node]: [mass-diag] m_est=2.3396 T=23.104N tilt=10.03deg cos=0.98472 | T/g=2.3552 T*cos/g=2.3192 | m_est-T*cos/g=+0.0204kg (+0.88%) vz=+0.155
[INFO] [1789380060.171916649] [mhe_node]: [c_xy_est] cx=-0.0133 cy=-0.0101 m
[WARN] [1789380060.961539271] [mhe_node]: [s-collapse] |s|=0.04924 > 物理上限 0.039 — 动态失真,不参与 moment 投票(本轮累计 451 帧)
[WARN] [1789380061.961574964] [mhe_node]: [s-collapse] |s|=0.05503 > 物理上限 0.039 — 动态失真,不参与 moment 投票(本轮累计 461 帧)
[INFO] [1789380062.177855613] [mhe_node]: MHE mass estimate: 2.329 kg (T_phys=22.76N) | solve=13.8ms (max17.8)
[INFO] [1789380062.178535712] [mhe_node]: [truth] m_hat=2.3286 m_true=2.0643 err=+12.81% | c_hat=[+0.0000,+0.0000] c_true=[+0.0000,+0.0000] | Jxx_hat=0.01420 Jxx_true=0.01420 Jyz_hat=+0.00000 Jyz_true=+0.00000 | s_hat=[-0.0508,-0.0251] s_true=[+0.0000,+0.0000] kg·m
[INFO] [1789380062.179046556] [mhe_node]: [tau_phys] roll=-0.273 pitch=+0.122 Nm
[INFO] [1789380062.179623974] [mhe_node]: [mass-diag] m_est=2.3286 T=22.763N tilt=5.56deg cos=0.99529 | T/g=2.3204 T*cos/g=2.3095 | m_est-T*cos/g=+0.0192kg (+0.83%) vz=+0.006
[INFO] [1789380062.180199928] [mhe_node]: [c_xy_est] cx=-0.0133 cy=-0.0101 m
[WARN] [1789380062.961581340] [mhe_node]: [s-collapse] |s|=0.05587 > 物理上限 0.039 — 动态失真,不参与 moment 投票(本轮累计 471 帧)
[WARN] [1789380063.961566499] [mhe_node]: [s-collapse] |s|=0.05334 > 物理上限 0.039 — 动态失真,不参与 moment 投票(本轮累计 481 帧)
[INFO] [1789380064.176666214] [mhe_node]: MHE mass estimate: 2.331 kg (T_phys=23.25N) | solve=13.5ms (max21.0)
[INFO] [1789380064.177223104] [mhe_node]: [truth] m_hat=2.3310 m_true=2.0643 err=+12.92% | c_hat=[+0.0000,+0.0000] c_true=[+0.0000,+0.0000] | Jxx_hat=0.01420 Jxx_true=0.01420 Jyz_hat=+0.00000 Jyz_true=+0.00000 | s_hat=[-0.0459,-0.0245] s_true=[+0.0000,+0.0000] kg·m
[INFO] [1789380064.177730168] [mhe_node]: [tau_phys] roll=-0.064 pitch=+0.829 Nm
[INFO] [1789380064.178309550] [mhe_node]: [mass-diag] m_est=2.3310 T=23.250N tilt=8.07deg cos=0.99009 | T/g=2.3701 T*cos/g=2.3466 | m_est-T*cos/g=-0.0156kg (-0.67%) vz=-0.108
[INFO] [1789380064.178877332] [mhe_node]: [c_xy_est] cx=-0.0133 cy=-0.0101 m
[WARN] [1789380064.961594169] [mhe_node]: [s-collapse] |s|=0.04975 > 物理上限 0.039 — 动态失真,不参与 moment 投票(本轮累计 491 帧)
[WARN] [1789380065.961527270] [mhe_node]: [s-collapse] |s|=0.05166 > 物理上限 0.039 — 动态失真,不参与 moment 投票(本轮累计 501 帧)
[INFO] [1789380066.173591021] [mhe_node]: MHE mass estimate: 2.321 kg (T_phys=22.68N) | solve=13.3ms (max17.6)
[INFO] [1789380066.174147813] [mhe_node]: [truth] m_hat=2.3211 m_true=2.0643 err=+12.44% | c_hat=[+0.0000,+0.0000] c_true=[+0.0000,+0.0000] | Jxx_hat=0.01420 Jxx_true=0.01420 Jyz_hat=+0.00000 Jyz_true=+0.00000 | s_hat=[-0.0484,-0.0235] s_true=[+0.0000,+0.0000] kg·m
[INFO] [1789380066.174656947] [mhe_node]: [tau_phys] roll=-0.333 pitch=+0.890 Nm
[INFO] [1789380066.175233560] [mhe_node]: [mass-diag] m_est=2.3211 T=22.676N tilt=9.72deg cos=0.98564 | T/g=2.3115 T*cos/g=2.2783 | m_est-T*cos/g=+0.0428kg (+1.88%) vz=-0.193
[INFO] [1789380066.175803339] [mhe_node]: [c_xy_est] cx=-0.0133 cy=-0.0101 m
[WARN] [1789380066.961661554] [mhe_node]: [s-collapse] |s|=0.06197 > 物理上限 0.039 — 动态失真,不参与 moment 投票(本轮累计 511 帧)
[WARN] [1789380067.961504954] [mhe_node]: [s-collapse] |s|=0.06868 > 物理上限 0.039 — 动态失真,不参与 moment 投票(本轮累计 521 帧)
[INFO] [1789380068.184468572] [mhe_node]: MHE mass estimate: 2.316 kg (T_phys=22.87N) | solve=15.3ms (max22.2)
[INFO] [1789380068.185026927] [mhe_node]: [truth] m_hat=2.3156 m_true=2.0643 err=+12.17% | c_hat=[+0.0000,+0.0000] c_true=[+0.0000,+0.0000] | Jxx_hat=0.01420 Jxx_true=0.01420 Jyz_hat=+0.00000 Jyz_true=+0.00000 | s_hat=[-0.0637,-0.0252] s_true=[+0.0000,+0.0000] kg·m
[INFO] [1789380068.185545814] [mhe_node]: [tau_phys] roll=-0.283 pitch=+0.973 Nm
[INFO] [1789380068.186133569] [mhe_node]: [mass-diag] m_est=2.3156 T=22.870N tilt=2.06deg cos=0.99935 | T/g=2.3313 T*cos/g=2.3298 | m_est-T*cos/g=-0.0142kg (-0.61%) vz=-0.226
[INFO] [1789380068.186700752] [mhe_node]: [c_xy_est] cx=-0.0133 cy=-0.0101 m
[WARN] [1789380068.961531229] [mhe_node]: [s-collapse] |s|=0.06855 > 物理上限 0.039 — 动态失真,不参与 moment 投票(本轮累计 531 帧)
[WARN] [1789380069.961540575] [mhe_node]: [s-collapse] |s|=0.05845 > 物理上限 0.039 — 动态失真,不参与 moment 投票(本轮累计 541 帧)
[INFO] [1789380070.171755566] [mhe_node]: MHE mass estimate: 2.324 kg (T_phys=23.47N) | solve=20.0ms (max26.8)
[INFO] [1789380070.172160226] [mhe_node]: [truth] m_hat=2.3240 m_true=2.0643 err=+12.58% | c_hat=[+0.0000,+0.0000] c_true=[+0.0000,+0.0000] | Jxx_hat=0.01420 Jxx_true=0.01420 Jyz_hat=+0.00000 Jyz_true=+0.00000 | s_hat=[-0.0494,-0.0263] s_true=[+0.0000,+0.0000] kg·m
[INFO] [1789380070.172517137] [mhe_node]: [tau_phys] roll=-0.399 pitch=+0.818 Nm
[INFO] [1789380070.172925070] [mhe_node]: [mass-diag] m_est=2.3240 T=23.468N tilt=8.66deg cos=0.98861 | T/g=2.3923 T*cos/g=2.3650 | m_est-T*cos/g=-0.0410kg (-1.74%) vz=-0.182
[INFO] [1789380070.173324155] [mhe_node]: [c_xy_est] cx=-0.0133 cy=-0.0101 m
[WARN] [1789380070.961590313] [mhe_node]: [s-collapse] |s|=0.05324 > 物理上限 0.039 — 动态失真,不参与 moment 投票(本轮累计 551 帧)
[WARN] [1789380071.961522179] [mhe_node]: [s-collapse] |s|=0.05308 > 物理上限 0.039 — 动态失真,不参与 moment 投票(本轮累计 561 帧)
[INFO] [1789380072.169987238] [mhe_node]: MHE mass estimate: 2.334 kg (T_phys=23.16N) | solve=11.9ms (max21.2)
[INFO] [1789380072.170396196] [mhe_node]: [truth] m_hat=2.3336 m_true=2.0643 err=+13.04% | c_hat=[+0.0000,+0.0000] c_true=[+0.0000,+0.0000] | Jxx_hat=0.01420 Jxx_true=0.01420 Jyz_hat=+0.00000 Jyz_true=+0.00000 | s_hat=[-0.0439,-0.0294] s_true=[+0.0000,+0.0000] kg·m
[INFO] [1789380072.170761936] [mhe_node]: [tau_phys] roll=-0.267 pitch=+0.440 Nm
[INFO] [1789380072.171181029] [mhe_node]: [mass-diag] m_est=2.3336 T=23.155N tilt=8.45deg cos=0.98914 | T/g=2.3604 T*cos/g=2.3347 | m_est-T*cos/g=-0.0012kg (-0.05%) vz=-0.060
[INFO] [1789380072.171581862] [mhe_node]: [c_xy_est] cx=-0.0133 cy=-0.0101 m
[WARN] [1789380072.961548252] [mhe_node]: [s-collapse] |s|=0.05480 > 物理上限 0.039 — 动态失真,不参与 moment 投票(本轮累计 571 帧)
[INFO] [1789380073.861440901] [mhe_node]: [release-resid] STRONG 票: ΔT=-4.70N x4帧 (floor 0.9N)
[WARN] [1789380073.961520861] [mhe_node]: [s-collapse] |s|=0.04402 > 物理上限 0.039 — 动态失真,不参与 moment 投票(本轮累计 581 帧)
[WARN] [1789380074.151372325] [mhe_node]: MHE solve failed [status=2], skipping this window (streak 1)
[WARN] [1789380074.235609775] [mhe_node]: MHE solve failed [status=2], skipping this window (streak 2)
[WARN] [1789380074.334802737] [mhe_node]: MHE solve failed [status=2], skipping this window (streak 3)
[WARN] [1789380074.433551320] [mhe_node]: MHE solve failed [status=2], skipping this window (streak 4)
[WARN] [1789380074.532658627] [mhe_node]: MHE solve failed [status=2], skipping this window (streak 5)
[WARN] [1789380074.532986591] [mhe_node]: re-anchored arrival prior to current window after 5 consecutive failures (m seeded from thrust_phys: 2.088 -> 2.088 kg)
[WARN] [1789380074.632560004] [mhe_node]: MHE solve failed [status=2], skipping this window (streak 1)
[WARN] [1789380074.735187026] [mhe_node]: MHE solve failed [status=2], skipping this window (streak 2)
[WARN] [1789380074.837378025] [mhe_node]: MHE solve failed [status=2], skipping this window (streak 3)
[WARN] [1789380074.937084789] [mhe_node]: MHE solve failed [status=2], skipping this window (streak 4)
[WARN] [1789380074.961488115] [mhe_node]: [s-collapse] 估计不健康,释放判决暂停 (solve_ok=0 reanchored=1 age=0.97s) — 持续计数已清零
[WARN] [1789380075.137873531] [mhe_node]: MHE solve failed [status=2], skipping this window (streak 1)
[WARN] [1789380075.237945735] [mhe_node]: MHE solve failed [status=2], skipping this window (streak 2)
[WARN] [1789380075.337564509] [mhe_node]: MHE solve failed [status=2], skipping this window (streak 3)
[WARN] [1789380075.435968142] [mhe_node]: MHE solve failed [status=2], skipping this window (streak 4)
[WARN] [1789380075.534551385] [mhe_node]: MHE solve failed [status=2], skipping this window (streak 5)
[WARN] [1789380075.534869381] [mhe_node]: re-anchored arrival prior to current window after 5 consecutive failures (m seeded from thrust_phys: 1.961 -> 1.961 kg)
[WARN] [1789380075.634902620] [mhe_node]: MHE solve failed [status=2], skipping this window (streak 1)
[WARN] [1789380075.735579412] [mhe_node]: MHE solve failed [status=2], skipping this window (streak 2)
[INFO] [1789380075.825393554] [mhe_node]: MHE mass estimate: 1.961 kg (T_phys=21.04N) | solve=69.5ms (max89.4)
[INFO] [1789380075.825775867] [mhe_node]: [truth] m_hat=1.9611 m_true=2.0643 err=-5.00% | c_hat=[+0.0000,+0.0000] c_true=[+0.0000,+0.0000] | Jxx_hat=0.01420 Jxx_true=0.01420 Jyz_hat=+0.00000 Jyz_true=+0.00000 | s_hat=[+0.0104,+0.0012] s_true=[+0.0000,+0.0000] kg·m
[INFO] [1789380075.826142322] [mhe_node]: [tau_phys] roll=-0.033 pitch=+0.165 Nm
[INFO] [1789380075.826556767] [mhe_node]: [mass-diag] m_est=1.9611 T=21.041N tilt=9.31deg cos=0.98682 | T/g=2.1448 T*cos/g=2.1166 | m_est-T*cos/g=-0.1555kg (-7.35%) vz=+0.040
[INFO] [1789380075.826964066] [mhe_node]: [c_xy_est] cx=+0.0103 cy=-0.0007 m
[INFO] [1789380075.861511660] [mhe_node]: [s-collapse] |s|=0.01046 ref=0.03361 peak=0.07370 ovr=581 ratio=0.311 (thr 0.30) moment=0 quantity=1 resid=1S health=1 age=0.04 solve_ok=1 reanch=0 m_p=-0.1032 slow=0/5
[INFO] [1789380076.161421200] [mhe_node]: [payload-state] LOADED->EMPTY (drop, m_p=-0.103kg)
[INFO] [1789380076.161642979] [mhe_node]: [c_xy_est] 载荷释放(fastB: strong residual + moment collapsed (ratio=0.047) x3帧) → 在线偏心估计归零(重新播种)
[INFO] [1789380076.192145972] [mhe_node]: [s-decay] n=1 |s_est|=0.00493 |s_target|=0.00000 |s_out|=0.00186 d_s_out=-0.00092 conf=0.448 present=0 armed=0 latched=1 health=1
[INFO] [1789380076.292463637] [mhe_node]: [s-decay] n=2 |s_est|=0.00658 |s_target|=0.00000 |s_out|=0.00125 d_s_out=-0.00061 conf=0.630 present=0 armed=0 latched=1 health=1
[INFO] [1789380076.389253293] [mhe_node]: [s-decay] n=3 |s_est|=0.01053 |s_target|=0.00000 |s_out|=0.00084 d_s_out=-0.00041 conf=0.752 present=0 armed=0 latched=1 health=1
[INFO] [1789380076.490707439] [mhe_node]: [s-decay] n=4 |s_est|=0.01144 |s_target|=0.00000 |s_out|=0.00056 d_s_out=-0.00028 conf=0.834 present=0 armed=0 latched=1 health=1
[INFO] [1789380076.582388033] [mhe_node]: [s-decay] n=5 |s_est|=0.01411 |s_target|=0.00000 |s_out|=0.00038 d_s_out=-0.00018 conf=0.889 present=0 armed=0 latched=1 health=1
[INFO] [1789380076.692907243] [mhe_node]: [s-decay] n=6 |s_est|=0.01331 |s_target|=0.00000 |s_out|=0.00025 d_s_out=-0.00012 conf=0.925 present=0 armed=0 latched=1 health=1
[INFO] [1789380076.784077699] [mhe_node]: [s-decay] n=7 |s_est|=0.01627 |s_target|=0.00000 |s_out|=0.00017 d_s_out=-0.00008 conf=0.950 present=0 armed=0 latched=1 health=1
[INFO] [1789380076.889495033] [mhe_node]: [s-decay] n=8 |s_est|=0.01524 |s_target|=0.00000 |s_out|=0.00011 d_s_out=-0.00006 conf=0.966 present=0 armed=0 latched=1 health=1
[INFO] [1789380076.981410071] [mhe_node]: [s-decay] n=9 |s_est|=0.01790 |s_target|=0.00000 |s_out|=0.00008 d_s_out=-0.00004 conf=0.978 present=0 armed=0 latched=1 health=1
[INFO] [1789380077.080474985] [mhe_node]: [s-decay] n=10 |s_est|=0.01757 |s_target|=0.00000 |s_out|=0.00005 d_s_out=-0.00003 conf=0.985 present=0 armed=0 latched=1 health=1
[INFO] [1789380077.180908960] [mhe_node]: [s-decay] n=11 |s_est|=0.01916 |s_target|=0.00000 |s_out|=0.00003 d_s_out=-0.00002 conf=0.990 present=0 armed=0 latched=1 health=1
[INFO] [1789380077.281328561] [mhe_node]: [s-decay] n=12 |s_est|=0.01891 |s_target|=0.00000 |s_out|=0.00002 d_s_out=-0.00001 conf=0.993 present=0 armed=0 latched=1 health=1
[INFO] [1789380077.375952791] [mhe_node]: [s-decay] n=13 |s_est|=0.01997 |s_target|=0.00000 |s_out|=0.00002 d_s_out=-0.00001 conf=0.995 present=0 armed=0 latched=1 health=1
[INFO] [1789380077.478487866] [mhe_node]: [s-decay] n=14 |s_est|=0.02053 |s_target|=0.00000 |s_out|=0.00001 d_s_out=-0.00001 conf=0.997 present=0 armed=0 latched=1 health=1
[INFO] [1789380077.580241196] [mhe_node]: [s-decay] n=15 |s_est|=0.02112 |s_target|=0.00000 |s_out|=0.00001 d_s_out=-0.00000 conf=0.998 present=0 armed=0 latched=1 health=1
[INFO] [1789380077.681184890] [mhe_node]: [s-decay] n=16 |s_est|=0.02177 |s_target|=0.00000 |s_out|=0.00000 d_s_out=-0.00000 conf=0.999 present=0 armed=0 latched=1 health=1
[INFO] [1789380077.781263442] [mhe_node]: MHE mass estimate: 2.032 kg (T_phys=20.20N) | solve=24.6ms (max52.6)
[INFO] [1789380077.781790344] [mhe_node]: [truth] m_hat=2.0318 m_true=2.0643 err=-1.58% | c_hat=[+0.0000,+0.0000] c_true=[+0.0000,+0.0000] | Jxx_hat=0.01420 Jxx_true=0.01420 Jyz_hat=+0.00000 Jyz_true=+0.00000 | s_hat=[-0.0224,-0.0004] s_true=[+0.0000,+0.0000] kg·m
[INFO] [1789380077.782299194] [mhe_node]: [tau_phys] roll=+0.001 pitch=+0.302 Nm
[INFO] [1789380077.782871672] [mhe_node]: [mass-diag] m_est=2.0318 T=20.199N tilt=7.62deg cos=0.99116 | T/g=2.0590 T*cos/g=2.0408 | m_est-T*cos/g=-0.0090kg (-0.44%) vz=+0.250
[INFO] [1789380077.783442007] [mhe_node]: [c_xy_est] cx=-0.0107 cy=-0.0002 m
[INFO] [1789380077.783789580] [mhe_node]: [s-decay] n=17 |s_est|=0.02240 |s_target|=0.00000 |s_out|=0.00000 d_s_out=-0.00000 conf=0.999 present=0 armed=0 latched=1 health=1
[INFO] [1789380077.887068437] [mhe_node]: [s-decay] n=18 |s_est|=0.02305 |s_target|=0.00000 |s_out|=0.00000 d_s_out=-0.00000 conf=0.999 present=0 armed=0 latched=1 health=1
[INFO] [1789380077.990370272] [mhe_node]: [s-decay] n=19 |s_est|=0.02370 |s_target|=0.00000 |s_out|=0.00000 d_s_out=-0.00000 conf=1.000 present=0 armed=0 latched=1 health=1
[INFO] [1789380078.082671334] [mhe_node]: [s-decay] n=20 |s_est|=0.02437 |s_target|=0.00000 |s_out|=0.00000 d_s_out=-0.00000 conf=1.000 present=0 armed=0 latched=1 health=1
[INFO] [1789380078.179337529] [mhe_node]: [s-decay] n=21 |s_est|=0.02502 |s_target|=0.00000 |s_out|=0.00000 d_s_out=-0.00000 conf=1.000 present=0 armed=0 latched=1 health=1
[INFO] [1789380078.293659397] [mhe_node]: [s-decay] n=22 |s_est|=0.02572 |s_target|=0.00000 |s_out|=0.00000 d_s_out=-0.00000 conf=1.000 present=0 armed=0 latched=1 health=1
[INFO] [1789380078.384848572] [mhe_node]: [s-decay] n=23 |s_est|=0.02639 |s_target|=0.00000 |s_out|=0.00000 d_s_out=-0.00000 conf=1.000 present=0 armed=0 latched=1 health=1
[INFO] [1789380078.482067936] [mhe_node]: [s-decay] n=24 |s_est|=0.02707 |s_target|=0.00000 |s_out|=0.00000 d_s_out=-0.00000 conf=1.000 present=0 armed=0 latched=1 health=1
[INFO] [1789380078.580501653] [mhe_node]: [s-decay] n=25 |s_est|=0.02767 |s_target|=0.00000 |s_out|=0.00000 d_s_out=-0.00000 conf=1.000 present=0 armed=0 latched=1 health=1
[INFO] [1789380078.678519656] [mhe_node]: [s-decay] n=26 |s_est|=0.02826 |s_target|=0.00000 |s_out|=0.00000 d_s_out=-0.00000 conf=1.000 present=0 armed=0 latched=1 health=1
[INFO] [1789380078.780894503] [mhe_node]: [s-decay] n=27 |s_est|=0.02880 |s_target|=0.00000 |s_out|=0.00000 d_s_out=-0.00000 conf=1.000 present=0 armed=0 latched=1 health=1
[INFO] [1789380078.881812368] [mhe_node]: [s-decay] n=28 |s_est|=0.02922 |s_target|=0.00000 |s_out|=0.00000 d_s_out=-0.00000 conf=1.000 present=0 armed=0 latched=1 health=1
[INFO] [1789380078.974092981] [mhe_node]: [s-decay] n=29 |s_est|=0.02951 |s_target|=0.00000 |s_out|=0.00000 d_s_out=-0.00000 conf=1.000 present=0 armed=0 latched=1 health=1
[INFO] [1789380079.073892221] [mhe_node]: [s-decay] n=30 |s_est|=0.02977 |s_target|=0.00000 |s_out|=0.00000 d_s_out=-0.00000 conf=1.000 present=0 armed=0 latched=1 health=1
[INFO] [1789380079.182104614] [mhe_node]: [s-decay] n=31 |s_est|=0.02995 |s_target|=0.00000 |s_out|=0.00000 d_s_out=-0.00000 conf=1.000 present=0 armed=0 latched=1 health=1
[INFO] [1789380079.275046358] [mhe_node]: [s-decay] n=32 |s_est|=0.03007 |s_target|=0.00000 |s_out|=0.00000 d_s_out=-0.00000 conf=1.000 present=0 armed=0 latched=1 health=1
[INFO] [1789380079.378316978] [mhe_node]: [s-decay] n=33 |s_est|=0.03007 |s_target|=0.00000 |s_out|=0.00000 d_s_out=-0.00000 conf=1.000 present=0 armed=0 latched=1 health=1
[INFO] [1789380079.480323766] [mhe_node]: [s-decay] n=34 |s_est|=0.03012 |s_target|=0.00000 |s_out|=0.00000 d_s_out=-0.00000 conf=1.000 present=0 armed=0 latched=1 health=1
[INFO] [1789380079.582438004] [mhe_node]: [s-decay] n=35 |s_est|=0.03011 |s_target|=0.00000 |s_out|=0.00000 d_s_out=-0.00000 conf=1.000 present=0 armed=0 latched=1 health=1
[INFO] [1789380079.681491218] [mhe_node]: [s-decay] n=36 |s_est|=0.03003 |s_target|=0.00000 |s_out|=0.00000 d_s_out=-0.00000 conf=1.000 present=0 armed=0 latched=1 health=1
[INFO] [1789380079.783972720] [mhe_node]: MHE mass estimate: 2.050 kg (T_phys=20.11N) | solve=19.4ms (max31.4)
[INFO] [1789380079.784513307] [mhe_node]: [truth] m_hat=2.0499 m_true=2.0643 err=-0.70% | c_hat=[+0.0000,+0.0000] c_true=[+0.0000,+0.0000] | Jxx_hat=0.01420 Jxx_true=0.01420 Jyz_hat=+0.00000 Jyz_true=+0.00000 | s_hat=[-0.0298,+0.0008] s_true=[+0.0000,+0.0000] kg·m
[INFO] [1789380079.785022230] [mhe_node]: [tau_phys] roll=+0.022 pitch=+0.259 Nm
[INFO] [1789380079.785605840] [mhe_node]: [mass-diag] m_est=2.0499 T=20.111N tilt=2.42deg cos=0.99911 | T/g=2.0501 T*cos/g=2.0483 | m_est-T*cos/g=+0.0016kg (+0.08%) vz=+0.221
[INFO] [1789380079.786183610] [mhe_node]: [c_xy_est] cx=-0.0146 cy=+0.0003 m
[INFO] [1789380079.786544915] [mhe_node]: [s-decay] n=37 |s_est|=0.02985 |s_target|=0.00000 |s_out|=0.00000 d_s_out=-0.00000 conf=1.000 present=0 armed=0 latched=1 health=1
[INFO] [1789380079.880328672] [mhe_node]: [s-decay] n=38 |s_est|=0.02964 |s_target|=0.00000 |s_out|=0.00000 d_s_out=-0.00000 conf=1.000 present=0 armed=0 latched=1 health=1
[INFO] [1789380079.982557872] [mhe_node]: [s-decay] n=39 |s_est|=0.02936 |s_target|=0.00000 |s_out|=0.00000 d_s_out=-0.00000 conf=1.000 present=0 armed=0 latched=1 health=1
[INFO] [1789380080.082257224] [mhe_node]: [s-decay] n=40 |s_est|=0.02909 |s_target|=0.00000 |s_out|=0.00000 d_s_out=-0.00000 conf=1.000 present=0 armed=0 latched=1 health=1
[INFO] [1789380080.186511944] [mhe_node]: [s-decay] n=41 |s_est|=0.02872 |s_target|=0.00000 |s_out|=0.00000 d_s_out=-0.00000 conf=1.000 present=0 armed=0 latched=1 health=1
[INFO] [1789380080.282338514] [mhe_node]: [s-decay] n=42 |s_est|=0.02837 |s_target|=0.00000 |s_out|=0.00000 d_s_out=-0.00000 conf=1.000 present=0 armed=0 latched=1 health=1
[INFO] [1789380080.381648694] [mhe_node]: [s-decay] n=43 |s_est|=0.02791 |s_target|=0.00000 |s_out|=0.00000 d_s_out=-0.00000 conf=1.000 present=0 armed=0 latched=1 health=1
[INFO] [1789380080.487067532] [mhe_node]: [s-decay] n=44 |s_est|=0.02740 |s_target|=0.00000 |s_out|=0.00000 d_s_out=-0.00000 conf=1.000 present=0 armed=0 latched=1 health=1
[INFO] [1789380080.588537766] [mhe_node]: [s-decay] n=45 |s_est|=0.02684 |s_target|=0.00000 |s_out|=0.00000 d_s_out=-0.00000 conf=1.000 present=0 armed=0 latched=1 health=1
[INFO] [1789380080.678407213] [mhe_node]: [s-decay] n=46 |s_est|=0.02636 |s_target|=0.00000 |s_out|=0.00000 d_s_out=-0.00000 conf=1.000 present=0 armed=0 latched=1 health=1
[INFO] [1789380080.781586506] [mhe_node]: [s-decay] n=47 |s_est|=0.02584 |s_target|=0.00000 |s_out|=0.00000 d_s_out=-0.00000 conf=1.000 present=0 armed=0 latched=1 health=1
[INFO] [1789380080.881385771] [mhe_node]: [s-decay] n=48 |s_est|=0.02526 |s_target|=0.00000 |s_out|=0.00000 d_s_out=-0.00000 conf=1.000 present=0 armed=0 latched=1 health=1
[INFO] [1789380080.981812617] [mhe_node]: [s-decay] n=49 |s_est|=0.02456 |s_target|=0.00000 |s_out|=0.00000 d_s_out=-0.00000 conf=1.000 present=0 armed=0 latched=1 health=1
[INFO] [1789380081.081526078] [mhe_node]: [s-decay] n=50 |s_est|=0.02394 |s_target|=0.00000 |s_out|=0.00000 d_s_out=-0.00000 conf=1.000 present=0 armed=0 latched=1 health=1
[INFO] [1789380081.179356848] [mhe_node]: [s-decay] n=51 |s_est|=0.02323 |s_target|=0.00000 |s_out|=0.00000 d_s_out=-0.00000 conf=1.000 present=0 armed=0 latched=1 health=1
[INFO] [1789380081.279275162] [mhe_node]: [s-decay] n=52 |s_est|=0.02254 |s_target|=0.00000 |s_out|=0.00000 d_s_out=-0.00000 conf=1.000 present=0 armed=0 latched=1 health=1
[INFO] [1789380081.378424163] [mhe_node]: [s-decay] n=53 |s_est|=0.02181 |s_target|=0.00000 |s_out|=0.00000 d_s_out=-0.00000 conf=1.000 present=0 armed=0 latched=1 health=1
[INFO] [1789380081.480474673] [mhe_node]: [s-decay] n=54 |s_est|=0.02112 |s_target|=0.00000 |s_out|=0.00000 d_s_out=-0.00000 conf=1.000 present=0 armed=0 latched=1 health=1
[INFO] [1789380081.580515031] [mhe_node]: [s-decay] n=55 |s_est|=0.02043 |s_target|=0.00000 |s_out|=0.00000 d_s_out=-0.00000 conf=1.000 present=0 armed=0 latched=1 health=1
[INFO] [1789380081.678108428] [mhe_node]: [s-decay] n=56 |s_est|=0.01976 |s_target|=0.00000 |s_out|=0.00000 d_s_out=-0.00000 conf=1.000 present=0 armed=0 latched=1 health=1
[INFO] [1789380081.780739952] [mhe_node]: MHE mass estimate: 2.044 kg (T_phys=20.50N) | solve=19.4ms (max26.3)
[INFO] [1789380081.781275590] [mhe_node]: [truth] m_hat=2.0439 m_true=2.0643 err=-0.99% | c_hat=[+0.0000,+0.0000] c_true=[+0.0000,+0.0000] | Jxx_hat=0.01420 Jxx_true=0.01420 Jyz_hat=+0.00000 Jyz_true=+0.00000 | s_hat=[-0.0190,+0.0020] s_true=[+0.0000,+0.0000] kg·m
[INFO] [1789380081.781784568] [mhe_node]: [tau_phys] roll=+0.043 pitch=+0.138 Nm
[INFO] [1789380081.782365939] [mhe_node]: [mass-diag] m_est=2.0439 T=20.504N tilt=8.97deg cos=0.98776 | T/g=2.0901 T*cos/g=2.0645 | m_est-T*cos/g=-0.0207kg (-1.00%) vz=+0.171
[INFO] [1789380081.782939356] [mhe_node]: [c_xy_est] cx=-0.0096 cy=+0.0010 m
[INFO] [1789380081.783300266] [mhe_node]: [s-decay] n=57 |s_est|=0.01910 |s_target|=0.00000 |s_out|=0.00000 d_s_out=-0.00000 conf=1.000 present=0 armed=0 latched=1 health=1
[INFO] [1789380081.882705438] [mhe_node]: [s-decay] n=58 |s_est|=0.01849 |s_target|=0.00000 |s_out|=0.00000 d_s_out=-0.00000 conf=1.000 present=0 armed=0 latched=1 health=1
[INFO] [1789380081.980849895] [mhe_node]: [s-decay] n=59 |s_est|=0.01788 |s_target|=0.00000 |s_out|=0.00000 d_s_out=-0.00000 conf=1.000 present=0 armed=0 latched=1 health=1
[INFO] [1789380082.076048965] [mhe_node]: [s-decay] n=60 |s_est|=0.01736 |s_target|=0.00000 |s_out|=0.00000 d_s_out=-0.00000 conf=1.000 present=0 armed=0 latched=1 health=1
[INFO] [1789380082.172197266] [mhe_node]: [s-decay] n=61 |s_est|=0.01688 |s_target|=0.00000 |s_out|=0.00000 d_s_out=-0.00000 conf=1.000 present=0 armed=0 latched=1 health=1
[INFO] [1789380082.271934924] [mhe_node]: [s-decay] n=62 |s_est|=0.01651 |s_target|=0.00000 |s_out|=0.00000 d_s_out=-0.00000 conf=1.000 present=0 armed=0 latched=1 health=1
[INFO] [1789380082.370890788] [mhe_node]: [s-decay] n=63 |s_est|=0.01619 |s_target|=0.00000 |s_out|=0.00000 d_s_out=-0.00000 conf=1.000 present=0 armed=0 latched=1 health=1
[INFO] [1789380082.470899118] [mhe_node]: [s-decay] n=64 |s_est|=0.01595 |s_target|=0.00000 |s_out|=0.00000 d_s_out=-0.00000 conf=1.000 present=0 armed=0 latched=1 health=1
[INFO] [1789380082.572069900] [mhe_node]: [s-decay] n=65 |s_est|=0.01575 |s_target|=0.00000 |s_out|=0.00000 d_s_out=-0.00000 conf=1.000 present=0 armed=0 latched=1 health=1
[INFO] [1789380082.669779335] [mhe_node]: [s-decay] n=66 |s_est|=0.01572 |s_target|=0.00000 |s_out|=0.00000 d_s_out=-0.00000 conf=1.000 present=0 armed=0 latched=1 health=1
[INFO] [1789380082.770087931] [mhe_node]: [s-decay] n=67 |s_est|=0.01575 |s_target|=0.00000 |s_out|=0.00000 d_s_out=-0.00000 conf=1.000 present=0 armed=0 latched=1 health=1
[INFO] [1789380082.874544291] [mhe_node]: [s-decay] n=68 |s_est|=0.01586 |s_target|=0.00000 |s_out|=0.00000 d_s_out=-0.00000 conf=1.000 present=0 armed=0 latched=1 health=1
[INFO] [1789380082.975061117] [mhe_node]: [s-decay] n=69 |s_est|=0.01598 |s_target|=0.00000 |s_out|=0.00000 d_s_out=-0.00000 conf=1.000 present=0 armed=0 latched=1 health=1
[INFO] [1789380083.072003646] [mhe_node]: [s-decay] n=70 |s_est|=0.01625 |s_target|=0.00000 |s_out|=0.00000 d_s_out=-0.00000 conf=1.000 present=0 armed=0 latched=1 health=1
[INFO] [1789380083.173083934] [mhe_node]: [s-decay] n=71 |s_est|=0.01653 |s_target|=0.00000 |s_out|=0.00000 d_s_out=-0.00000 conf=1.000 present=0 armed=0 latched=1 health=1
[INFO] [1789380083.275119108] [mhe_node]: [s-decay] n=72 |s_est|=0.01690 |s_target|=0.00000 |s_out|=0.00000 d_s_out=-0.00000 conf=1.000 present=0 armed=0 latched=1 health=1
[INFO] [1789380083.379815984] [mhe_node]: [s-decay] n=73 |s_est|=0.01728 |s_target|=0.00000 |s_out|=0.00000 d_s_out=-0.00000 conf=1.000 present=0 armed=0 latched=1 health=1
[INFO] [1789380083.473040302] [mhe_node]: [s-decay] n=74 |s_est|=0.01772 |s_target|=0.00000 |s_out|=0.00000 d_s_out=-0.00000 conf=1.000 present=0 armed=0 latched=1 health=1
[INFO] [1789380083.584612358] [mhe_node]: [s-decay] n=75 |s_est|=0.01815 |s_target|=0.00000 |s_out|=0.00000 d_s_out=-0.00000 conf=1.000 present=0 armed=0 latched=1 health=1
[INFO] [1789380083.678749984] [mhe_node]: [s-decay] n=76 |s_est|=0.01859 |s_target|=0.00000 |s_out|=0.00000 d_s_out=-0.00000 conf=1.000 present=0 armed=0 latched=1 health=1
[INFO] [1789380083.776408557] [mhe_node]: MHE mass estimate: 2.045 kg (T_phys=20.13N) | solve=12.8ms (max22.3)
[INFO] [1789380083.777074364] [mhe_node]: [truth] m_hat=2.0445 m_true=2.0643 err=-0.96% | c_hat=[+0.0000,+0.0000] c_true=[+0.0000,+0.0000] | Jxx_hat=0.01420 Jxx_true=0.01420 Jyz_hat=+0.00000 Jyz_true=+0.00000 | s_hat=[-0.0189,+0.0020] s_true=[+0.0000,+0.0000] kg·m
[INFO] [1789380083.777590947] [mhe_node]: [tau_phys] roll=+0.016 pitch=+0.223 Nm
[INFO] [1789380083.778176613] [mhe_node]: [mass-diag] m_est=2.0445 T=20.126N tilt=7.09deg cos=0.99236 | T/g=2.0515 T*cos/g=2.0359 | m_est-T*cos/g=+0.0086kg (+0.42%) vz=+0.040
[INFO] [1789380083.778747418] [mhe_node]: [c_xy_est] cx=-0.0090 cy=+0.0010 m
[INFO] [1789380083.779119035] [mhe_node]: [s-decay] n=77 |s_est|=0.01904 |s_target|=0.00000 |s_out|=0.00000 d_s_out=-0.00000 conf=1.000 present=0 armed=0 latched=1 health=1
[INFO] [1789380083.879974379] [mhe_node]: [s-decay] n=78 |s_est|=0.01944 |s_target|=0.00000 |s_out|=0.00000 d_s_out=-0.00000 conf=1.000 present=0 armed=0 latched=1 health=1
[INFO] [1789380083.971773250] [mhe_node]: [s-decay] n=79 |s_est|=0.01980 |s_target|=0.00000 |s_out|=0.00000 d_s_out=-0.00000 conf=1.000 present=0 armed=0 latched=1 health=1
[INFO] [1789380084.077425340] [mhe_node]: [s-decay] n=80 |s_est|=0.02025 |s_target|=0.00000 |s_out|=0.00000 d_s_out=-0.00000 conf=1.000 present=0 armed=0 latched=1 health=1
[INFO] [1789380084.179989274] [mhe_node]: [s-decay] n=81 |s_est|=0.02065 |s_target|=0.00000 |s_out|=0.00000 d_s_out=-0.00000 conf=1.000 present=0 armed=0 latched=1 health=1
[INFO] [1789380084.275508149] [mhe_node]: [s-decay] n=82 |s_est|=0.02099 |s_target|=0.00000 |s_out|=0.00000 d_s_out=-0.00000 conf=1.000 present=0 armed=0 latched=1 health=1
[INFO] [1789380084.374426307] [mhe_node]: [s-decay] n=83 |s_est|=0.02129 |s_target|=0.00000 |s_out|=0.00000 d_s_out=-0.00000 conf=1.000 present=0 armed=0 latched=1 health=1
[INFO] [1789380084.473765253] [mhe_node]: [s-decay] n=84 |s_est|=0.02159 |s_target|=0.00000 |s_out|=0.00000 d_s_out=-0.00000 conf=1.000 present=0 armed=0 latched=1 health=1
[INFO] [1789380084.573511472] [mhe_node]: [s-decay] n=85 |s_est|=0.02188 |s_target|=0.00000 |s_out|=0.00000 d_s_out=-0.00000 conf=1.000 present=0 armed=0 latched=1 health=1
[INFO] [1789380084.679190294] [mhe_node]: [s-decay] n=86 |s_est|=0.02210 |s_target|=0.00000 |s_out|=0.00000 d_s_out=-0.00000 conf=1.000 present=0 armed=0 latched=1 health=1
[INFO] [1789380084.772308110] [mhe_node]: [s-decay] n=87 |s_est|=0.02228 |s_target|=0.00000 |s_out|=0.00000 d_s_out=-0.00000 conf=1.000 present=0 armed=0 latched=1 health=1
[INFO] [1789380084.870260348] [mhe_node]: [s-decay] n=88 |s_est|=0.02238 |s_target|=0.00000 |s_out|=0.00000 d_s_out=-0.00000 conf=1.000 present=0 armed=0 latched=1 health=1
[INFO] [1789380084.969037964] [mhe_node]: [s-decay] n=89 |s_est|=0.02240 |s_target|=0.00000 |s_out|=0.00000 d_s_out=-0.00000 conf=1.000 present=0 armed=0 latched=1 health=1
[INFO] [1789380085.076752523] [mhe_node]: [s-decay] n=90 |s_est|=0.02237 |s_target|=0.00000 |s_out|=0.00000 d_s_out=-0.00000 conf=1.000 present=0 armed=0 latched=1 health=1
[INFO] [1789380085.170838346] [mhe_node]: [s-decay] n=91 |s_est|=0.02225 |s_target|=0.00000 |s_out|=0.00000 d_s_out=-0.00000 conf=1.000 present=0 armed=0 latched=1 health=1
[INFO] [1789380085.271846080] [mhe_node]: [s-decay] n=92 |s_est|=0.02211 |s_target|=0.00000 |s_out|=0.00000 d_s_out=-0.00000 conf=1.000 present=0 armed=0 latched=1 health=1
[INFO] [1789380085.370904800] [mhe_node]: [s-decay] n=93 |s_est|=0.02188 |s_target|=0.00000 |s_out|=0.00000 d_s_out=-0.00000 conf=1.000 present=0 armed=0 latched=1 health=1
[INFO] [1789380085.475315304] [mhe_node]: [s-decay] n=94 |s_est|=0.02164 |s_target|=0.00000 |s_out|=0.00000 d_s_out=-0.00000 conf=1.000 present=0 armed=0 latched=1 health=1
[INFO] [1789380085.580109916] [mhe_node]: [s-decay] n=95 |s_est|=0.02136 |s_target|=0.00000 |s_out|=0.00000 d_s_out=-0.00000 conf=1.000 present=0 armed=0 latched=1 health=1
[INFO] [1789380085.673252551] [mhe_node]: [s-decay] n=96 |s_est|=0.02104 |s_target|=0.00000 |s_out|=0.00000 d_s_out=-0.00000 conf=1.000 present=0 armed=0 latched=1 health=1
[INFO] [1789380085.776595541] [mhe_node]: MHE mass estimate: 2.050 kg (T_phys=20.17N) | solve=12.3ms (max17.7)
[INFO] [1789380085.777127406] [mhe_node]: [truth] m_hat=2.0495 m_true=2.0643 err=-0.72% | c_hat=[+0.0000,+0.0000] c_true=[+0.0000,+0.0000] | Jxx_hat=0.01420 Jxx_true=0.01420 Jyz_hat=+0.00000 Jyz_true=+0.00000 | s_hat=[-0.0206,+0.0022] s_true=[+0.0000,+0.0000] kg·m
[INFO] [1789380085.777636742] [mhe_node]: [tau_phys] roll=+0.038 pitch=+0.150 Nm
[INFO] [1789380085.778214056] [mhe_node]: [mass-diag] m_est=2.0495 T=20.169N tilt=6.35deg cos=0.99387 | T/g=2.0560 T*cos/g=2.0434 | m_est-T*cos/g=+0.0062kg (+0.30%) vz=-0.092
[INFO] [1789380085.778781488] [mhe_node]: [c_xy_est] cx=-0.0102 cy=+0.0010 m
[INFO] [1789380085.779144417] [mhe_node]: [s-decay] n=97 |s_est|=0.02069 |s_target|=0.00000 |s_out|=0.00000 d_s_out=-0.00000 conf=1.000 present=0 armed=0 latched=1 health=1
[INFO] [1789380085.870054130] [mhe_node]: [s-decay] n=98 |s_est|=0.02025 |s_target|=0.00000 |s_out|=0.00000 d_s_out=-0.00000 conf=1.000 present=0 armed=0 latched=1 health=1
[INFO] [1789380085.968618323] [mhe_node]: [s-decay] n=99 |s_est|=0.01975 |s_target|=0.00000 |s_out|=0.00000 d_s_out=-0.00000 conf=1.000 present=0 armed=0 latched=1 health=1
[INFO] [1789380086.070699173] [mhe_node]: [s-decay] n=100 |s_est|=0.01935 |s_target|=0.00000 |s_out|=0.00000 d_s_out=-0.00000 conf=1.000 present=0 armed=0 latched=1 health=1
[INFO] [1789380087.784483159] [mhe_node]: MHE mass estimate: 2.046 kg (T_phys=20.33N) | solve=11.9ms (max22.1)
[INFO] [1789380087.785014450] [mhe_node]: [truth] m_hat=2.0462 m_true=2.0643 err=-0.88% | c_hat=[+0.0000,+0.0000] c_true=[+0.0000,+0.0000] | Jxx_hat=0.01420 Jxx_true=0.01420 Jyz_hat=+0.00000 Jyz_true=+0.00000 | s_hat=[-0.0162,+0.0027] s_true=[+0.0000,+0.0000] kg·m
[INFO] [1789380087.785533572] [mhe_node]: [tau_phys] roll=+0.005 pitch=+0.227 Nm
[INFO] [1789380087.786120352] [mhe_node]: [mass-diag] m_est=2.0462 T=20.333N tilt=10.48deg cos=0.98333 | T/g=2.0727 T*cos/g=2.0381 | m_est-T*cos/g=+0.0081kg (+0.40%) vz=-0.152
[INFO] [1789380087.786694734] [mhe_node]: [c_xy_est] cx=-0.0077 cy=+0.0013 m
[INFO] [1789380089.782154224] [mhe_node]: MHE mass estimate: 2.043 kg (T_phys=20.01N) | solve=18.4ms (max27.6)
[INFO] [1789380089.782683428] [mhe_node]: [truth] m_hat=2.0426 m_true=2.0643 err=-1.05% | c_hat=[+0.0000,+0.0000] c_true=[+0.0000,+0.0000] | Jxx_hat=0.01420 Jxx_true=0.01420 Jyz_hat=+0.00000 Jyz_true=+0.00000 | s_hat=[-0.0287,+0.0014] s_true=[+0.0000,+0.0000] kg·m
[INFO] [1789380089.783206935] [mhe_node]: [tau_phys] roll=+0.004 pitch=+0.311 Nm
[INFO] [1789380089.783781036] [mhe_node]: [mass-diag] m_est=2.0426 T=20.006N tilt=4.62deg cos=0.99675 | T/g=2.0394 T*cos/g=2.0328 | m_est-T*cos/g=+0.0098kg (+0.48%) vz=-0.202
[INFO] [1789380089.784360943] [mhe_node]: [c_xy_est] cx=-0.0138 cy=+0.0007 m
[INFO] [1789380091.781683637] [mhe_node]: MHE mass estimate: 2.040 kg (T_phys=20.38N) | solve=20.8ms (max27.6)
[INFO] [1789380091.782221909] [mhe_node]: [truth] m_hat=2.0397 m_true=2.0643 err=-1.19% | c_hat=[+0.0000,+0.0000] c_true=[+0.0000,+0.0000] | Jxx_hat=0.01420 Jxx_true=0.01420 Jyz_hat=+0.00000 Jyz_true=+0.00000 | s_hat=[-0.0265,+0.0002] s_true=[+0.0000,+0.0000] kg·m
[INFO] [1789380091.782737840] [mhe_node]: [tau_phys] roll=-0.014 pitch=+0.188 Nm
[INFO] [1789380091.783335658] [mhe_node]: [mass-diag] m_est=2.0397 T=20.385N tilt=6.20deg cos=0.99414 | T/g=2.0779 T*cos/g=2.0658 | m_est-T*cos/g=-0.0260kg (-1.26%) vz=-0.222
[INFO] [1789380091.783920195] [mhe_node]: [c_xy_est] cx=-0.0133 cy=+0.0002 m
[INFO] [1789380093.769989543] [mhe_node]: MHE mass estimate: 2.050 kg (T_phys=20.46N) | solve=15.6ms (max21.6)
[INFO] [1789380093.770519184] [mhe_node]: [truth] m_hat=2.0502 m_true=2.0643 err=-0.68% | c_hat=[+0.0000,+0.0000] c_true=[+0.0000,+0.0000] | Jxx_hat=0.01420 Jxx_true=0.01420 Jyz_hat=+0.00000 Jyz_true=+0.00000 | s_hat=[-0.0147,-0.0014] s_true=[+0.0000,+0.0000] kg·m
[INFO] [1789380093.771022736] [mhe_node]: [tau_phys] roll=-0.008 pitch=+0.163 Nm
[INFO] [1789380093.771602476] [mhe_node]: [mass-diag] m_est=2.0502 T=20.461N tilt=9.69deg cos=0.98573 | T/g=2.0858 T*cos/g=2.0560 | m_est-T*cos/g=-0.0058kg (-0.28%) vz=-0.084
[INFO] [1789380093.772171702] [mhe_node]: [c_xy_est] cx=-0.0072 cy=-0.0007 m
[INFO] [1789380095.774295212] [mhe_node]: MHE mass estimate: 2.052 kg (T_phys=20.32N) | solve=13.5ms (max19.7)
[INFO] [1789380095.774830840] [mhe_node]: [truth] m_hat=2.0517 m_true=2.0643 err=-0.61% | c_hat=[+0.0000,+0.0000] c_true=[+0.0000,+0.0000] | Jxx_hat=0.01420 Jxx_true=0.01420 Jyz_hat=+0.00000 Jyz_true=+0.00000 | s_hat=[-0.0214,-0.0007] s_true=[+0.0000,+0.0000] kg·m
[INFO] [1789380095.775348793] [mhe_node]: [tau_phys] roll=-0.021 pitch=+0.268 Nm
[INFO] [1789380095.775929155] [mhe_node]: [mass-diag] m_est=2.0517 T=20.319N tilt=4.67deg cos=0.99668 | T/g=2.0713 T*cos/g=2.0644 | m_est-T*cos/g=-0.0127kg (-0.62%) vz=+0.007
[INFO] [1789380095.776504754] [mhe_node]: [c_xy_est] cx=-0.0103 cy=-0.0004 m
[INFO] [1789380097.773094393] [mhe_node]: MHE mass estimate: 2.052 kg (T_phys=20.57N) | solve=11.7ms (max21.9)
[INFO] [1789380097.773635327] [mhe_node]: [truth] m_hat=2.0522 m_true=2.0643 err=-0.59% | c_hat=[+0.0000,+0.0000] c_true=[+0.0000,+0.0000] | Jxx_hat=0.01420 Jxx_true=0.01420 Jyz_hat=+0.00000 Jyz_true=+0.00000 | s_hat=[-0.0166,-0.0009] s_true=[+0.0000,+0.0000] kg·m
[INFO] [1789380097.774152884] [mhe_node]: [tau_phys] roll=-0.014 pitch=+0.103 Nm
[INFO] [1789380097.774737131] [mhe_node]: [mass-diag] m_est=2.0522 T=20.566N tilt=9.21deg cos=0.98711 | T/g=2.0964 T*cos/g=2.0694 | m_est-T*cos/g=-0.0172kg (-0.83%) vz=+0.141
[INFO] [1789380097.775313931] [mhe_node]: [c_xy_est] cx=-0.0083 cy=-0.0004 m
[INFO] [1789380099.783942173] [mhe_node]: MHE mass estimate: 2.032 kg (T_phys=20.33N) | solve=13.1ms (max21.5)
[INFO] [1789380099.784501591] [mhe_node]: [truth] m_hat=2.0320 m_true=2.0643 err=-1.57% | c_hat=[+0.0000,+0.0000] c_true=[+0.0000,+0.0000] | Jxx_hat=0.01420 Jxx_true=0.01420 Jyz_hat=+0.00000 Jyz_true=+0.00000 | s_hat=[-0.0210,-0.0004] s_true=[+0.0000,+0.0000] kg·m
[INFO] [1789380099.785016587] [mhe_node]: [tau_phys] roll=+0.003 pitch=+0.291 Nm
[INFO] [1789380099.785617469] [mhe_node]: [mass-diag] m_est=2.0320 T=20.327N tilt=8.85deg cos=0.98811 | T/g=2.0721 T*cos/g=2.0475 | m_est-T*cos/g=-0.0155kg (-0.76%) vz=+0.230
[INFO] [1789380099.786197105] [mhe_node]: [c_xy_est] cx=-0.0100 cy=-0.0002 m
[INFO] [1789380101.783650098] [mhe_node]: MHE mass estimate: 2.052 kg (T_phys=20.14N) | solve=19.6ms (max28.8)
[INFO] [1789380101.784307934] [mhe_node]: [truth] m_hat=2.0519 m_true=2.0643 err=-0.60% | c_hat=[+0.0000,+0.0000] c_true=[+0.0000,+0.0000] | Jxx_hat=0.01420 Jxx_true=0.01420 Jyz_hat=+0.00000 Jyz_true=+0.00000 | s_hat=[-0.0311,+0.0005] s_true=[+0.0000,+0.0000] kg·m
[INFO] [1789380101.784829812] [mhe_node]: [tau_phys] roll=+0.021 pitch=+0.271 Nm
[INFO] [1789380101.785415448] [mhe_node]: [mass-diag] m_est=2.0519 T=20.138N tilt=1.66deg cos=0.99958 | T/g=2.0528 T*cos/g=2.0519 | m_est-T*cos/g=-0.0000kg (-0.00%) vz=+0.238
[INFO] [1789380101.785987122] [mhe_node]: [c_xy_est] cx=-0.0152 cy=+0.0002 m
[INFO] [1789380103.778264600] [mhe_node]: MHE mass estimate: 2.042 kg (T_phys=20.47N) | solve=21.2ms (max29.1)
[INFO] [1789380103.778797930] [mhe_node]: [truth] m_hat=2.0423 m_true=2.0643 err=-1.07% | c_hat=[+0.0000,+0.0000] c_true=[+0.0000,+0.0000] | Jxx_hat=0.01420 Jxx_true=0.01420 Jyz_hat=+0.00000 Jyz_true=+0.00000 | s_hat=[-0.0198,+0.0019] s_true=[+0.0000,+0.0000] kg·m
[INFO] [1789380103.779333836] [mhe_node]: [tau_phys] roll=+0.045 pitch=+0.144 Nm
[INFO] [1789380103.779916260] [mhe_node]: [mass-diag] m_est=2.0423 T=20.471N tilt=8.51deg cos=0.98899 | T/g=2.0868 T*cos/g=2.0638 | m_est-T*cos/g=-0.0215kg (-1.04%) vz=+0.172
[INFO] [1789380103.780492999] [mhe_node]: [c_xy_est] cx=-0.0100 cy=+0.0009 m
[INFO] [1789380105.461591409] [mhe_node]: [c_xy-clamp] 越界剔除 14/600 (2.3%) 上限 0.0390 kg·m clamp=1
[INFO] [1789380105.781561010] [mhe_node]: MHE mass estimate: 2.040 kg (T_phys=20.13N) | solve=14.2ms (max21.1)
[INFO] [1789380105.782320978] [mhe_node]: [truth] m_hat=2.0399 m_true=2.0643 err=-1.18% | c_hat=[+0.0000,+0.0000] c_true=[+0.0000,+0.0000] | Jxx_hat=0.01420 Jxx_true=0.01420 Jyz_hat=+0.00000 Jyz_true=+0.00000 | s_hat=[-0.0187,+0.0020] s_true=[+0.0000,+0.0000] kg·m
[INFO] [1789380105.782835070] [mhe_node]: [tau_phys] roll=+0.012 pitch=+0.221 Nm
[INFO] [1789380105.783419789] [mhe_node]: [mass-diag] m_est=2.0399 T=20.126N tilt=7.84deg cos=0.99066 | T/g=2.0516 T*cos/g=2.0324 | m_est-T*cos/g=+0.0075kg (+0.37%) vz=+0.055
[INFO] [1789380105.783993893] [mhe_node]: [c_xy_est] cx=-0.0089 cy=+0.0010 m
[INFO] [1789380107.770819066] [mhe_node]: MHE mass estimate: 2.047 kg (T_phys=20.17N) | solve=12.5ms (max22.8)
[INFO] [1789380107.771204042] [mhe_node]: [truth] m_hat=2.0466 m_true=2.0643 err=-0.86% | c_hat=[+0.0000,+0.0000] c_true=[+0.0000,+0.0000] | Jxx_hat=0.01420 Jxx_true=0.01420 Jyz_hat=+0.00000 Jyz_true=+0.00000 | s_hat=[-0.0220,+0.0021] s_true=[+0.0000,+0.0000] kg·m
[INFO] [1789380107.771561465] [mhe_node]: [tau_phys] roll=+0.030 pitch=+0.152 Nm
[INFO] [1789380107.771970438] [mhe_node]: [mass-diag] m_est=2.0466 T=20.170N tilt=5.86deg cos=0.99478 | T/g=2.0560 T*cos/g=2.0453 | m_est-T*cos/g=+0.0013kg (+0.06%) vz=-0.084
[INFO] [1789380107.772371066] [mhe_node]: [c_xy_est] cx=-0.0109 cy=+0.0010 m
[INFO] [1789380109.775722765] [mhe_node]: MHE mass estimate: 2.046 kg (T_phys=20.30N) | solve=12.7ms (max17.3)
[INFO] [1789380109.776260863] [mhe_node]: [truth] m_hat=2.0460 m_true=2.0643 err=-0.89% | c_hat=[+0.0000,+0.0000] c_true=[+0.0000,+0.0000] | Jxx_hat=0.01420 Jxx_true=0.01420 Jyz_hat=+0.00000 Jyz_true=+0.00000 | s_hat=[-0.0158,+0.0027] s_true=[+0.0000,+0.0000] kg·m
[INFO] [1789380109.776771949] [mhe_node]: [tau_phys] roll=+0.013 pitch=+0.215 Nm
[INFO] [1789380109.777362491] [mhe_node]: [mass-diag] m_est=2.0460 T=20.303N tilt=10.66deg cos=0.98274 | T/g=2.0696 T*cos/g=2.0339 | m_est-T*cos/g=+0.0121kg (+0.59%) vz=-0.168
[INFO] [1789380109.777938527] [mhe_node]: [c_xy_est] cx=-0.0076 cy=+0.0013 m
[INFO] [1789380111.789396239] [mhe_node]: MHE mass estimate: 2.038 kg (T_phys=20.08N) | solve=21.1ms (max31.3)
[INFO] [1789380111.789932870] [mhe_node]: [truth] m_hat=2.0384 m_true=2.0643 err=-1.25% | c_hat=[+0.0000,+0.0000] c_true=[+0.0000,+0.0000] | Jxx_hat=0.01420 Jxx_true=0.01420 Jyz_hat=+0.00000 Jyz_true=+0.00000 | s_hat=[-0.0283,+0.0015] s_true=[+0.0000,+0.0000] kg·m
[INFO] [1789380111.790444307] [mhe_node]: [tau_phys] roll=+0.009 pitch=+0.319 Nm
[INFO] [1789380111.791024774] [mhe_node]: [mass-diag] m_est=2.0384 T=20.081N tilt=5.32deg cos=0.99569 | T/g=2.0470 T*cos/g=2.0382 | m_est-T*cos/g=+0.0003kg (+0.01%) vz=-0.211
[INFO] [1789380111.791600437] [mhe_node]: [c_xy_est] cx=-0.0135 cy=+0.0007 m
[INFO] [1789380113.781503094] [mhe_node]: MHE mass estimate: 2.039 kg (T_phys=20.36N) | solve=22.6ms (max29.2)
[INFO] [1789380113.782042269] [mhe_node]: [truth] m_hat=2.0385 m_true=2.0643 err=-1.25% | c_hat=[+0.0000,+0.0000] c_true=[+0.0000,+0.0000] | Jxx_hat=0.01420 Jxx_true=0.01420 Jyz_hat=+0.00000 Jyz_true=+0.00000 | s_hat=[-0.0275,+0.0004] s_true=[+0.0000,+0.0000] kg·m
[INFO] [1789380113.782553882] [mhe_node]: [tau_phys] roll=+0.006 pitch=+0.054 Nm
[INFO] [1789380113.783138761] [mhe_node]: [mass-diag] m_est=2.0385 T=20.363N tilt=5.26deg cos=0.99579 | T/g=2.0757 T*cos/g=2.0670 | m_est-T*cos/g=-0.0284kg (-1.37%) vz=-0.220
[INFO] [1789380113.783711857] [mhe_node]: [c_xy_est] cx=-0.0138 cy=+0.0003 m
[INFO] [1789380115.772369967] [mhe_node]: MHE mass estimate: 2.053 kg (T_phys=20.46N) | solve=18.2ms (max32.0)
[INFO] [1789380115.772908377] [mhe_node]: [truth] m_hat=2.0535 m_true=2.0643 err=-0.53% | c_hat=[+0.0000,+0.0000] c_true=[+0.0000,+0.0000] | Jxx_hat=0.01420 Jxx_true=0.01420 Jyz_hat=+0.00000 Jyz_true=+0.00000 | s_hat=[-0.0146,-0.0012] s_true=[+0.0000,+0.0000] kg·m
[INFO] [1789380115.773431187] [mhe_node]: [tau_phys] roll=-0.020 pitch=+0.166 Nm
[INFO] [1789380115.774021901] [mhe_node]: [mass-diag] m_est=2.0535 T=20.458N tilt=9.72deg cos=0.98563 | T/g=2.0855 T*cos/g=2.0555 | m_est-T*cos/g=-0.0020kg (-0.10%) vz=-0.096
[INFO] [1789380115.774603166] [mhe_node]: [c_xy_est] cx=-0.0071 cy=-0.0005 m
[ros2run]: Killed
