[INFO] [1784800136.223609074] [acados_nmpc_node]: acados NMPC node starting, building/loading solver...
Code reuse possible, skipping code generation.
acados was compiled without OpenMP.
[INFO] [1784800136.240407020] [acados_nmpc_node]: GRIPPER MODE: hover over box (1.0,0.1) z 0.55->2.5m, lift after 1.5s, empty m_est=2.06kg
[INFO] [1784800136.240918766] [acados_nmpc_node]: Warming up acados solver...
[INFO] [1784800136.246228789] [acados_nmpc_node]: Solver warmup complete, took 4.8 ms
[INFO] [1784800136.260338119] [acados_nmpc_node]: Decoupled publish enabled: solve @10Hz, body_rate/thrust @50Hz (trajectory interpolation)
[INFO] [1784800136.260985354] [acados_nmpc_node]: acados NMPC node initialized! Waiting for EKF2 convergence...
[INFO] [1784800156.261300961] [acados_nmpc_node]: Waiting for EKF2 convergence... 10/10 s
[INFO] [1784800156.374657264] [acados_nmpc_node]: Switching to OFFBOARD mode
[INFO] [1784800156.774447743] [acados_nmpc_node]: Sending arm command
[INFO] [1784800157.775454790] [acados_nmpc_node]: Armed, preparing to move to trajectory start...
[INFO] [1784800162.677164908] [acados_nmpc_node]: Gripper approach (climb): rising at spawn to z=1.50m | z=1.01m v=0.23m/s
[INFO] [1784800164.578344861] [acados_nmpc_node]: Gripper approach: climbed to safe altitude at spawn, now translating over box
[INFO] [1784800166.878224907] [acados_nmpc_node]: Gripper approach: aligned above box, NMPC will take over here (z=1.50m), settle 3.0s then descend to z=0.55m to trigger attach
[INFO] [1784800166.976241838] [acados_nmpc_node]: Reached trajectory start, NMPC tracking begins!
[INFO] [1784800167.581372125] [acados_nmpc_node]: t=0.6s | pos_err=0.083m | T=20.36N | tau=[r-0.006 p0.009 y-0.011]Nm | res_stat=5.352e-07(peak 6.004e-07) sqp_iter=3 | solve=4.5ms
[INFO] [1784800169.978407957] [acados_nmpc_node]: t=3.0s | DESCEND: settle done, lowering 1.5->0.55m, will enable gripper at bottom
[INFO] [1784800172.586754445] [acados_nmpc_node]: t=5.6s | pos_err=0.071m | T=20.31N | tau=[r0.001 p-0.002 y0.000]Nm | res_stat=6.289e-08(peak 9.928e-07) sqp_iter=3 | solve=4.6ms
[INFO] [1784800173.680591767] [acados_nmpc_node]: t=6.7s | DESCEND done at z=0.567m (target 0.550m, z_err=0.017m, v=0.04m/s), gripper ENABLED (attach will trigger now)
[INFO] [1784800173.725642277] [acados_nmpc_node]: attach offset received: box-drone = [-0.038, -0.181, -0.515] m
[INFO] [1784800173.780085379] [acados_nmpc_node]: PX4 MC_ROLLRATE_K: 1.000 -> 5.000 (inertia ratio 5.07, cap 5.0)
[INFO] [1784800173.781360163] [acados_nmpc_node]: PX4 MC_PITCHRATE_K: 1.000 -> 5.000 (inertia ratio 5.07, cap 5.0)
[INFO] [1784800173.782541422] [acados_nmpc_node]: t=6.8s | ATTACH (geom_source=online): dJ/gain init from prior m_p=0.30kg arm=0.47m (dJ=0.0579); c_xy+dJ refine online, attach truth eval-only
[INFO] [1784800173.790504066] [acados_nmpc_node]: [attach-window] t=6.80s pos_err=0.035m T=19.97N z=0.565 m_est=2.062
[INFO] [1784800173.886548369] [acados_nmpc_node]: [attach-window] t=6.90s pos_err=0.036m T=18.95N z=0.566 m_est=1.961
[INFO] [1784800173.980402874] [acados_nmpc_node]: [attach-window] t=7.00s pos_err=0.037m T=18.99N z=0.567 m_est=1.961
[INFO] [1784800174.083001609] [acados_nmpc_node]: [attach-window] t=7.10s pos_err=0.037m T=18.98N z=0.566 m_est=1.961
[INFO] [1784800174.183492777] [acados_nmpc_node]: [attach-window] t=7.20s pos_err=0.038m T=19.01N z=0.565 m_est=1.961
[INFO] [1784800174.282583577] [acados_nmpc_node]: [attach-window] t=7.30s pos_err=0.039m T=19.00N z=0.565 m_est=1.961
[INFO] [1784800174.383088895] [acados_nmpc_node]: [attach-window] t=7.40s pos_err=0.041m T=19.02N z=0.565 m_est=1.961
[INFO] [1784800174.482135328] [acados_nmpc_node]: [attach-window] t=7.50s pos_err=0.043m T=19.02N z=0.565 m_est=1.961
[INFO] [1784800174.582806909] [acados_nmpc_node]: [attach-window] t=7.60s pos_err=0.045m T=18.99N z=0.566 m_est=1.961
[INFO] [1784800174.682610861] [acados_nmpc_node]: [attach-window] t=7.70s pos_err=0.048m T=18.98N z=0.567 m_est=1.961
[INFO] [1784800174.782851525] [acados_nmpc_node]: [attach-window] t=7.80s pos_err=0.051m T=18.95N z=0.568 m_est=1.961
[INFO] [1784800174.883023599] [acados_nmpc_node]: [attach-window] t=7.90s pos_err=0.055m T=18.90N z=0.570 m_est=1.961
[INFO] [1784800174.980270535] [acados_nmpc_node]: [attach-window] t=8.00s pos_err=0.059m T=18.88N z=0.571 m_est=1.961
[INFO] [1784800175.075682270] [acados_nmpc_node]: [attach-window] t=8.10s pos_err=0.062m T=18.86N z=0.572 m_est=1.961
[INFO] [1784800175.178952598] [acados_nmpc_node]: [attach-window] t=8.20s pos_err=0.064m T=18.83N z=0.573 m_est=1.961
[INFO] [1784800175.281778281] [acados_nmpc_node]: [attach-window] t=8.30s pos_err=0.065m T=18.81N z=0.574 m_est=1.961
[INFO] [1784800175.375578601] [acados_nmpc_node]: t=8.4s | LIFT: raising hover 0.55->2.5m to lift payload
[INFO] [1784800175.381274592] [acados_nmpc_node]: [attach-window] t=8.40s pos_err=0.065m T=18.83N z=0.573 m_est=1.961
[INFO] [1784800175.481511616] [acados_nmpc_node]: [attach-window] t=8.50s pos_err=0.063m T=18.92N z=0.572 m_est=1.961
[INFO] [1784800175.579629042] [acados_nmpc_node]: [attach-window] t=8.60s pos_err=0.061m T=19.11N z=0.571 m_est=1.961
[INFO] [1784800175.680096913] [acados_nmpc_node]: [attach-window] t=8.70s pos_err=0.063m T=19.46N z=0.570 m_est=1.961
[INFO] [1784800175.779057974] [acados_nmpc_node]: [attach-window] t=8.80s pos_err=0.077m T=19.97N z=0.569 m_est=1.961
[INFO] [1784800175.888150987] [acados_nmpc_node]: [attach-window] t=8.91s pos_err=0.111m T=20.70N z=0.569 m_est=1.961
[INFO] [1784800175.988926711] [acados_nmpc_node]: [attach-window] t=9.01s pos_err=0.160m T=21.59N z=0.569 m_est=1.961
[INFO] [1784800176.089047802] [acados_nmpc_node]: [attach-window] t=9.11s pos_err=0.224m T=22.62N z=0.570 m_est=1.961
[INFO] [1784800176.189221811] [acados_nmpc_node]: [attach-window] t=9.21s pos_err=0.301m T=23.85N z=0.571 m_est=1.961
[INFO] [1784800176.289402048] [acados_nmpc_node]: [attach-window] t=9.31s pos_err=0.389m T=25.14N z=0.573 m_est=1.961
[INFO] [1784800176.388931476] [acados_nmpc_node]: [attach-window] t=9.41s pos_err=0.483m T=27.80N z=0.578 m_est=2.107
[INFO] [1784800176.464203238] [acados_nmpc_node]: [attach-window] t=9.49s pos_err=0.557m T=28.47N z=0.594 m_est=2.171
[INFO] [1784800176.587094853] [acados_nmpc_node]: [attach-window] t=9.60s pos_err=0.656m T=27.98N z=0.628 m_est=2.171
[INFO] [1784800176.689432164] [acados_nmpc_node]: [attach-window] t=9.71s pos_err=0.716m T=27.03N z=0.689 m_est=2.184
[INFO] [1784800176.789375973] [acados_nmpc_node]: [attach-window] t=9.81s pos_err=0.760m T=25.97N z=0.767 m_est=2.184
[INFO] [1784800176.888818999] [acados_nmpc_node]: [attach-window] t=9.91s pos_err=0.777m T=24.61N z=0.871 m_est=2.176
[INFO] [1784800176.989368374] [acados_nmpc_node]: [attach-window] t=10.01s pos_err=0.788m T=23.75N z=0.980 m_est=2.172
[INFO] [1784800177.084005464] [acados_nmpc_node]: [attach-window] t=10.10s pos_err=0.774m T=22.84N z=1.105 m_est=2.164
[INFO] [1784800177.184103198] [acados_nmpc_node]: [attach-window] t=10.20s pos_err=0.765m T=22.43N z=1.223 m_est=2.156
[INFO] [1784800177.284285611] [acados_nmpc_node]: [attach-window] t=10.30s pos_err=0.740m T=22.05N z=1.349 m_est=2.145
[INFO] [1784800177.384200811] [acados_nmpc_node]: [attach-window] t=10.40s pos_err=0.720m T=21.89N z=1.461 m_est=2.135
[INFO] [1784800177.483631590] [acados_nmpc_node]: [attach-window] t=10.50s pos_err=0.685m T=21.63N z=1.576 m_est=2.123
[INFO] [1784800177.584486626] [acados_nmpc_node]: [attach-window] t=10.60s pos_err=0.654m T=21.49N z=1.677 m_est=2.113
[INFO] [1784800177.586705196] [acados_nmpc_node]: t=10.6s | pos_err=0.654m | T=21.49N | tau=[r-0.101 p0.070 y0.010]Nm | res_stat=5.823e-07(peak 9.928e-07) sqp_iter=4 | solve=4.8ms
[INFO] [1784800177.684083025] [acados_nmpc_node]: [attach-window] t=10.70s pos_err=0.608m T=21.26N z=1.779 m_est=2.103
[INFO] [1784800177.790075625] [acados_nmpc_node]: [attach-window] t=10.81s pos_err=0.567m T=21.11N z=1.865 m_est=2.095
[INFO] [1784800177.884111399] [acados_nmpc_node]: [attach-window] t=10.90s pos_err=0.511m T=20.86N z=1.952 m_est=2.089
[INFO] [1784800177.983645857] [acados_nmpc_node]: [attach-window] t=11.00s pos_err=0.461m T=20.69N z=2.023 m_est=2.085
[INFO] [1784800178.084673332] [acados_nmpc_node]: [attach-window] t=11.10s pos_err=0.405m T=20.58N z=2.091 m_est=2.082
[INFO] [1784800178.184806723] [acados_nmpc_node]: [attach-window] t=11.20s pos_err=0.357m T=20.59N z=2.145 m_est=2.080
[INFO] [1784800178.288862740] [acados_nmpc_node]: [attach-window] t=11.31s pos_err=0.310m T=20.71N z=2.193 m_est=2.080
[INFO] [1784800178.388394646] [acados_nmpc_node]: [attach-window] t=11.41s pos_err=0.274m T=21.05N z=2.228 m_est=2.093
[INFO] [1784800178.464075315] [acados_nmpc_node]: [attach-window] t=11.49s pos_err=0.244m T=21.66N z=2.258 m_est=2.127
[INFO] [1784800178.580301941] [acados_nmpc_node]: [attach-window] t=11.60s pos_err=0.222m T=21.74N z=2.280 m_est=2.127
[INFO] [1784800178.681001946] [acados_nmpc_node]: [attach-window] t=11.70s pos_err=0.202m T=21.97N z=2.299 m_est=2.144
[INFO] [1784800178.788069230] [acados_nmpc_node]: [attach-window] t=11.81s pos_err=0.186m T=22.11N z=2.315 m_est=2.158
[INFO] [1784800178.888927740] [acados_nmpc_node]: [attach-window] t=11.91s pos_err=0.170m T=22.19N z=2.331 m_est=2.171
[INFO] [1784800178.988805890] [acados_nmpc_node]: [attach-window] t=12.01s pos_err=0.157m T=22.19N z=2.344 m_est=2.181
[INFO] [1784800179.088755775] [acados_nmpc_node]: [attach-window] t=12.11s pos_err=0.143m T=22.13N z=2.359 m_est=2.190
[INFO] [1784800179.189322277] [acados_nmpc_node]: [attach-window] t=12.21s pos_err=0.130m T=22.07N z=2.372 m_est=2.197
[INFO] [1784800179.284860196] [acados_nmpc_node]: [attach-window] t=12.30s pos_err=0.117m T=22.00N z=2.386 m_est=2.202
[INFO] [1784800179.383505985] [acados_nmpc_node]: [attach-window] t=12.40s pos_err=0.105m T=21.94N z=2.399 m_est=2.207
[INFO] [1784800179.484023570] [acados_nmpc_node]: [attach-window] t=12.50s pos_err=0.092m T=21.90N z=2.412 m_est=2.211
[INFO] [1784800179.583721423] [acados_nmpc_node]: [attach-window] t=12.60s pos_err=0.082m T=21.89N z=2.423 m_est=2.214
[INFO] [1784800179.683467844] [acados_nmpc_node]: [attach-window] t=12.70s pos_err=0.071m T=21.89N z=2.433 m_est=2.217
[INFO] [1784800179.784926215] [acados_nmpc_node]: [attach-window] t=12.80s pos_err=0.063m T=21.91N z=2.442 m_est=2.219
[INFO] [1784800179.884668668] [acados_nmpc_node]: [attach-window] t=12.90s pos_err=0.056m T=21.95N z=2.450 m_est=2.221
[INFO] [1784800179.990751093] [acados_nmpc_node]: [attach-window] t=13.01s pos_err=0.050m T=21.99N z=2.456 m_est=2.223
[INFO] [1784800180.088003525] [acados_nmpc_node]: [attach-window] t=13.11s pos_err=0.044m T=22.03N z=2.461 m_est=2.225
[INFO] [1784800180.188671719] [acados_nmpc_node]: [attach-window] t=13.21s pos_err=0.040m T=22.05N z=2.465 m_est=2.227
[INFO] [1784800180.289990939] [acados_nmpc_node]: [attach-window] t=13.31s pos_err=0.035m T=22.07N z=2.470 m_est=2.229
[INFO] [1784800180.389837521] [acados_nmpc_node]: [attach-window] t=13.41s pos_err=0.031m T=22.07N z=2.474 m_est=2.231
[INFO] [1784800180.465882503] [acados_nmpc_node]: [attach-window] t=13.49s pos_err=0.028m T=22.09N z=2.478 m_est=2.236
[INFO] [1784800180.588950809] [acados_nmpc_node]: [attach-window] t=13.61s pos_err=0.025m T=22.05N z=2.482 m_est=2.236
[INFO] [1784800180.689420179] [acados_nmpc_node]: [attach-window] t=13.71s pos_err=0.022m T=22.08N z=2.485 m_est=2.240
[INFO] [1784800180.788877625] [acados_nmpc_node]: [attach-window] t=13.81s pos_err=0.018m T=22.07N z=2.488 m_est=2.240
[INFO] [1784800180.888360772] [acados_nmpc_node]: [attach-window] t=13.91s pos_err=0.015m T=22.10N z=2.489 m_est=2.242
[INFO] [1784800180.989226444] [acados_nmpc_node]: [attach-window] t=14.01s pos_err=0.013m T=22.13N z=2.490 m_est=2.244
[INFO] [1784800181.086515275] [acados_nmpc_node]: [attach-window] t=14.10s pos_err=0.011m T=22.17N z=2.491 m_est=2.247
[INFO] [1784800181.189543573] [acados_nmpc_node]: [attach-window] t=14.21s pos_err=0.010m T=22.17N z=2.491 m_est=2.247
[INFO] [1784800181.290130398] [acados_nmpc_node]: [attach-window] t=14.31s pos_err=0.009m T=22.18N z=2.492 m_est=2.250
[INFO] [1784800181.388212407] [acados_nmpc_node]: [attach-window] t=14.41s pos_err=0.009m T=22.16N z=2.492 m_est=2.250
[INFO] [1784800181.490734093] [acados_nmpc_node]: [attach-window] t=14.51s pos_err=0.007m T=22.14N z=2.494 m_est=2.252
[INFO] [1784800181.590568047] [acados_nmpc_node]: [attach-window] t=14.61s pos_err=0.005m T=22.11N z=2.496 m_est=2.253
[INFO] [1784800181.689293866] [acados_nmpc_node]: [attach-window] t=14.71s pos_err=0.002m T=22.06N z=2.498 m_est=2.254
[INFO] [1784800181.790301181] [acados_nmpc_node]: [attach-window] t=14.81s pos_err=0.004m T=22.01N z=2.502 m_est=2.254
[INFO] [1784800181.891177101] [acados_nmpc_node]: [attach-window] t=14.91s pos_err=0.007m T=21.98N z=2.505 m_est=2.255
[INFO] [1784800181.990233222] [acados_nmpc_node]: [attach-window] t=15.01s pos_err=0.010m T=21.99N z=2.507 m_est=2.255
[INFO] [1784800182.089821621] [acados_nmpc_node]: [attach-window] t=15.11s pos_err=0.013m T=22.03N z=2.508 m_est=2.255
[INFO] [1784800182.189793690] [acados_nmpc_node]: [attach-window] t=15.21s pos_err=0.013m T=22.08N z=2.508 m_est=2.256
[INFO] [1784800182.289276062] [acados_nmpc_node]: [attach-window] t=15.31s pos_err=0.013m T=22.11N z=2.508 m_est=2.256
[INFO] [1784800182.388498801] [acados_nmpc_node]: [attach-window] t=15.41s pos_err=0.013m T=22.12N z=2.508 m_est=2.256
[INFO] [1784800182.485086268] [acados_nmpc_node]: [attach-window] t=15.51s pos_err=0.012m T=22.12N z=2.508 m_est=2.256
[INFO] [1784800182.587035290] [acados_nmpc_node]: [attach-window] t=15.61s pos_err=0.011m T=22.10N z=2.508 m_est=2.257
[INFO] [1784800182.589319858] [acados_nmpc_node]: t=15.6s | pos_err=0.011m | T=22.10N | tau=[r-0.336 p0.100 y-0.002]Nm | res_stat=2.481e-07(peak 9.982e-07) sqp_iter=2 | solve=3.6ms
[INFO] [1784800182.687990633] [acados_nmpc_node]: [attach-window] t=15.71s pos_err=0.011m T=22.07N z=2.510 m_est=2.257
[INFO] [1784800182.789793433] [acados_nmpc_node]: [attach-window] t=15.81s pos_err=0.012m T=22.05N z=2.511 m_est=2.257
[INFO] [1784800182.889922693] [acados_nmpc_node]: [attach-window] t=15.91s pos_err=0.013m T=22.05N z=2.512 m_est=2.257
[INFO] [1784800182.989477306] [acados_nmpc_node]: [attach-window] t=16.01s pos_err=0.014m T=22.05N z=2.512 m_est=2.257
[INFO] [1784800183.089953639] [acados_nmpc_node]: [attach-window] t=16.11s pos_err=0.014m T=22.08N z=2.512 m_est=2.258
[INFO] [1784800183.191079719] [acados_nmpc_node]: [attach-window] t=16.21s pos_err=0.013m T=22.11N z=2.511 m_est=2.258
[INFO] [1784800183.290343336] [acados_nmpc_node]: [attach-window] t=16.31s pos_err=0.012m T=22.16N z=2.508 m_est=2.258
[INFO] [1784800183.389638453] [acados_nmpc_node]: [attach-window] t=16.41s pos_err=0.010m T=22.20N z=2.506 m_est=2.258
[INFO] [1784800183.489607328] [acados_nmpc_node]: [attach-window] t=16.51s pos_err=0.009m T=22.24N z=2.503 m_est=2.259
[INFO] [1784800183.589535469] [acados_nmpc_node]: [attach-window] t=16.61s pos_err=0.009m T=22.26N z=2.500 m_est=2.259
[INFO] [1784800183.690516174] [acados_nmpc_node]: [attach-window] t=16.71s pos_err=0.011m T=22.28N z=2.496 m_est=2.259
[INFO] [1784800183.790500033] [acados_nmpc_node]: [attach-window] t=16.81s pos_err=0.013m T=22.27N z=2.494 m_est=2.260
[INFO] [1784800183.889444288] [acados_nmpc_node]: [attach-window] t=16.91s pos_err=0.015m T=22.23N z=2.493 m_est=2.260
[INFO] [1784800183.989919557] [acados_nmpc_node]: [attach-window] t=17.01s pos_err=0.016m T=22.19N z=2.492 m_est=2.261
[INFO] [1784800184.089386369] [acados_nmpc_node]: [attach-window] t=17.11s pos_err=0.017m T=22.16N z=2.492 m_est=2.261
[INFO] [1784800184.190595481] [acados_nmpc_node]: [attach-window] t=17.21s pos_err=0.016m T=22.13N z=2.493 m_est=2.261
[INFO] [1784800184.290210375] [acados_nmpc_node]: [attach-window] t=17.31s pos_err=0.013m T=22.10N z=2.493 m_est=2.261
[INFO] [1784800184.390616412] [acados_nmpc_node]: [attach-window] t=17.41s pos_err=0.011m T=22.09N z=2.494 m_est=2.261
[INFO] [1784800184.489935117] [acados_nmpc_node]: [attach-window] t=17.51s pos_err=0.009m T=22.09N z=2.495 m_est=2.261
[INFO] [1784800184.588367045] [acados_nmpc_node]: [attach-window] t=17.61s pos_err=0.008m T=22.09N z=2.495 m_est=2.261
[INFO] [1784800184.685292914] [acados_nmpc_node]: [attach-window] t=17.70s pos_err=0.008m T=22.09N z=2.496 m_est=2.261
[INFO] [1784800184.784966887] [acados_nmpc_node]: [attach-window] t=17.80s pos_err=0.007m T=22.10N z=2.497 m_est=2.260
[INFO] [1784800184.885570818] [acados_nmpc_node]: [attach-window] t=17.90s pos_err=0.007m T=22.12N z=2.496 m_est=2.260
[INFO] [1784800184.984501068] [acados_nmpc_node]: [attach-window] t=18.00s pos_err=0.007m T=22.15N z=2.495 m_est=2.260
[INFO] [1784800185.090111796] [acados_nmpc_node]: [attach-window] t=18.11s pos_err=0.007m T=22.16N z=2.494 m_est=2.259
[INFO] [1784800185.189900020] [acados_nmpc_node]: [attach-window] t=18.21s pos_err=0.007m T=22.17N z=2.494 m_est=2.259
[INFO] [1784800185.290648814] [acados_nmpc_node]: [attach-window] t=18.31s pos_err=0.007m T=22.15N z=2.494 m_est=2.259
[INFO] [1784800185.391277059] [acados_nmpc_node]: [attach-window] t=18.41s pos_err=0.007m T=22.14N z=2.494 m_est=2.259
[INFO] [1784800185.490447582] [acados_nmpc_node]: [attach-window] t=18.51s pos_err=0.006m T=22.12N z=2.495 m_est=2.259
[INFO] [1784800185.590745002] [acados_nmpc_node]: [attach-window] t=18.61s pos_err=0.006m T=22.10N z=2.496 m_est=2.260
[INFO] [1784800185.691284030] [acados_nmpc_node]: [attach-window] t=18.71s pos_err=0.005m T=22.07N z=2.498 m_est=2.260
[INFO] [1784800185.790499001] [acados_nmpc_node]: [attach-window] t=18.81s pos_err=0.007m T=22.06N z=2.499 m_est=2.260
[INFO] [1784800185.891058171] [acados_nmpc_node]: [attach-window] t=18.91s pos_err=0.010m T=22.06N z=2.500 m_est=2.260
[INFO] [1784800185.991367971] [acados_nmpc_node]: [attach-window] t=19.01s pos_err=0.013m T=22.06N z=2.502 m_est=2.260
[INFO] [1784800186.091346609] [acados_nmpc_node]: [attach-window] t=19.11s pos_err=0.015m T=22.07N z=2.502 m_est=2.260
[INFO] [1784800186.190330239] [acados_nmpc_node]: [attach-window] t=19.21s pos_err=0.017m T=22.09N z=2.502 m_est=2.259
[INFO] [1784800186.290613579] [acados_nmpc_node]: [attach-window] t=19.31s pos_err=0.017m T=22.12N z=2.502 m_est=2.259
[INFO] [1784800186.390075954] [acados_nmpc_node]: [attach-window] t=19.41s pos_err=0.016m T=22.15N z=2.501 m_est=2.259
[INFO] [1784800186.491173187] [acados_nmpc_node]: [attach-window] t=19.51s pos_err=0.014m T=22.18N z=2.500 m_est=2.259
[INFO] [1784800186.589421307] [acados_nmpc_node]: [attach-window] t=19.61s pos_err=0.011m T=22.19N z=2.498 m_est=2.259
[INFO] [1784800186.690972894] [acados_nmpc_node]: [attach-window] t=19.71s pos_err=0.007m T=22.17N z=2.498 m_est=2.260
[INFO] [1784800186.790626111] [acados_nmpc_node]: [attach-window] t=19.81s pos_err=0.004m T=22.14N z=2.499 m_est=2.260
[INFO] [1784800186.891981656] [acados_nmpc_node]: [attach-window] t=19.91s pos_err=0.003m T=22.10N z=2.500 m_est=2.260
[INFO] [1784800186.990572803] [acados_nmpc_node]: [attach-window] t=20.01s pos_err=0.004m T=22.08N z=2.501 m_est=2.260
[INFO] [1784800187.091111954] [acados_nmpc_node]: [attach-window] t=20.11s pos_err=0.006m T=22.07N z=2.502 m_est=2.260
[INFO] [1784800187.190193305] [acados_nmpc_node]: [attach-window] t=20.21s pos_err=0.007m T=22.08N z=2.502 m_est=2.260
[INFO] [1784800187.291518854] [acados_nmpc_node]: [attach-window] t=20.31s pos_err=0.009m T=22.09N z=2.502 m_est=2.260
[INFO] [1784800187.391999628] [acados_nmpc_node]: [attach-window] t=20.41s pos_err=0.010m T=22.11N z=2.502 m_est=2.260
[INFO] [1784800187.490977506] [acados_nmpc_node]: [attach-window] t=20.51s pos_err=0.010m T=22.13N z=2.502 m_est=2.260
[INFO] [1784800187.590047272] [acados_nmpc_node]: [attach-window] t=20.61s pos_err=0.011m T=22.15N z=2.501 m_est=2.260
[INFO] [1784800187.592228060] [acados_nmpc_node]: t=20.6s | pos_err=0.011m | T=22.15N | tau=[r-0.354 p0.106 y0.001]Nm | res_stat=4.892e-07(peak 9.982e-07) sqp_iter=2 | solve=3.5ms
[INFO] [1784800187.689109383] [acados_nmpc_node]: [attach-window] t=20.71s pos_err=0.012m T=22.17N z=2.500 m_est=2.260
[INFO] [1784800187.790674734] [acados_nmpc_node]: [attach-window] t=20.81s pos_err=0.012m T=22.16N z=2.500 m_est=2.260
[INFO] [1784800187.892612118] [acados_nmpc_node]: [attach-window] t=20.91s pos_err=0.013m T=22.12N z=2.501 m_est=2.260
[INFO] [1784800187.991769075] [acados_nmpc_node]: [attach-window] t=21.01s pos_err=0.014m T=22.08N z=2.502 m_est=2.260
[INFO] [1784800188.092543378] [acados_nmpc_node]: [attach-window] t=21.11s pos_err=0.015m T=22.04N z=2.504 m_est=2.260
[INFO] [1784800188.192649758] [acados_nmpc_node]: [attach-window] t=21.21s pos_err=0.017m T=22.03N z=2.506 m_est=2.260
[INFO] [1784800188.291642639] [acados_nmpc_node]: [attach-window] t=21.31s pos_err=0.018m T=22.04N z=2.507 m_est=2.260
[INFO] [1784800188.391290168] [acados_nmpc_node]: [attach-window] t=21.41s pos_err=0.020m T=22.06N z=2.508 m_est=2.260
[INFO] [1784800188.492996278] [acados_nmpc_node]: [attach-window] t=21.51s pos_err=0.023m T=22.08N z=2.508 m_est=2.260
[INFO] [1784800188.564916356] [acados_nmpc_node]: [attach-window] t=21.59s pos_err=0.024m T=22.10N z=2.508 m_est=2.260
[INFO] [1784800188.693231109] [acados_nmpc_node]: [attach-window] t=21.71s pos_err=0.024m T=22.10N z=2.507 m_est=2.260
[INFO] [1784800188.792640103] [acados_nmpc_node]: [attach-window] t=21.81s pos_err=0.023m T=22.09N z=2.508 m_est=2.259
[INFO] [1784800188.891034963] [acados_nmpc_node]: [attach-window] t=21.91s pos_err=0.021m T=22.08N z=2.508 m_est=2.259
[INFO] [1784800188.992332349] [acados_nmpc_node]: [attach-window] t=22.01s pos_err=0.017m T=22.08N z=2.509 m_est=2.259
[INFO] [1784800189.092939088] [acados_nmpc_node]: [attach-window] t=22.11s pos_err=0.014m T=22.08N z=2.509 m_est=2.259
[INFO] [1784800189.192455010] [acados_nmpc_node]: [attach-window] t=22.21s pos_err=0.011m T=22.09N z=2.509 m_est=2.259
[INFO] [1784800189.291888557] [acados_nmpc_node]: [attach-window] t=22.31s pos_err=0.009m T=22.11N z=2.508 m_est=2.259
[INFO] [1784800189.393078420] [acados_nmpc_node]: [attach-window] t=22.41s pos_err=0.010m T=22.12N z=2.508 m_est=2.259
[INFO] [1784800189.492303843] [acados_nmpc_node]: [attach-window] t=22.51s pos_err=0.012m T=22.13N z=2.507 m_est=2.259
[INFO] [1784800189.565154040] [acados_nmpc_node]: [attach-window] t=22.59s pos_err=0.012m T=22.13N z=2.507 m_est=2.259
[ros2run]: Killed
