[INFO] [1789419136.771903897] [mhe_node]: MHE node starting, building/loading solver... (geom_coupled=True, N=20, m_min=1.961, m_B=2.0643)
Code reuse possible, skipping code generation.
acados was compiled without OpenMP.
[INFO] [1789419136.779005088] [mhe_node]: [prior] geom_coupled=True → 载荷质量信息**完全不生效**(grip_payload_envelope=0.3 是死代码:coupled 档下 _payload_geometry 根本不被调用);模型只吃可测杆臂 r_p + 被估质量,m 的先验仅有 Q0 质量维=0.1 (σ=3.16kg,实质无先验)
[WARN] [1789419136.779489935] [mhe_node]: geom_release_mode='self':估计器不被告知 drop。⚠️ 2026-08-24 实测,**NMPC 侧也设成 'self' 会必然坠机**——drop 后控制器继续按幽灵偏心载荷配平,指令 0.424N·m(tau_max 的 85%)作用在空机 J_xx=0.0142 上 = 29.8 rad/s²,而 MHE 10Hz/2s 窗口要 1~2s 才纠得过来,飞机先翻。**正确组合 = MHE 'self' + NMPC 'event'**(控制器是发释放指令的一方,它知道不构成认知作弊)。
[INFO] [1789419136.781420054] [mhe_node]: [moment-ref] 物理上限由平台包线派生: 0.0390 kg·m = 0.30kg x 0.13m
[INFO] [1789419136.782121888] [mhe_node]: [c_xy_est] 质量域卸载判据已开:先武装(m_p>0.090kg),再判 m_p<0.03kg 持续 20 帧 -> 释放偏心估计
[INFO] [1789419136.782772324] [mhe_node]: [c_xy] 来源 = 一阶质量矩 s/m_T(窗口内估计,**无稳态门控**),替代窗外 EMA —— 机动中也会更新
[INFO] [1789419136.784045334] [mhe_node]: weight schedule theta = [-4.00, 0.00, 0.00, 0.00], signal mode = residual (residual self-trigger: thresh=4.4N persist=2 baseline_tau=3.0s)
[INFO] [1789419136.787596628] [mhe_node]: [release-selfcheck] READY: c_xy_est_enable=1, moment-state ns=2, ratio=0.30; legacy_mass=1, watchdog=3.0s
[INFO] [1789419136.788498885] [mhe_node]: MHE node initialized! tau_source=command (roll/pitch NMPC意图值, yaw NMPC意图值), motor_window_avg=False, geom_release_mode=self. Waiting for odometry + control data...
[INFO] [1789419158.988185482] [mhe_node]: arrival prior seeded: m=2.064 kg (m_nominal prior)
[INFO] [1789419158.988589410] [mhe_node]: [geom] model_geom_on=True (release_mode=self, truth_attached=False) mode=coupled(r_p) -> geom=[ 0.    0.   -0.47] dJ=0.0000 c_xy=[+0.0000,+0.0000] (dJ/c 为按当前 m_est 折算的诊断当量,模型内部随 m 实时生成)
[INFO] [1789419160.906247778] [mhe_node]: MHE mass estimate: 2.061 kg (T_phys=20.02N) | solve=4.8ms (max17.3)
[INFO] [1789419160.906798847] [mhe_node]: [truth] m_hat=2.0612 m_true=2.0643 err=-0.15% | c_hat=[+0.0000,+0.0000] c_true=[+0.0000,+0.0000] | Jxx_hat=0.01420 Jxx_true=0.01420 Jyz_hat=+0.00000 Jyz_true=+0.00000 | s_hat=[+0.0005,+0.0001] s_true=[+0.0000,+0.0000] kg·m
[INFO] [1789419160.907326189] [mhe_node]: [tau_phys] roll=+0.006 pitch=-0.049 Nm
[INFO] [1789419160.907921784] [mhe_node]: [mass-diag] m_est=2.0612 T=20.025N tilt=6.35deg cos=0.99387 | T/g=2.0413 T*cos/g=2.0288 | m_est-T*cos/g=+0.0325kg (+1.60%) vz=+0.114
[INFO] [1789419160.908508216] [mhe_node]: [c_xy_est] cx=+0.0001 cy=+0.0000 m
[INFO] [1789419162.896427115] [mhe_node]: MHE mass estimate: 2.061 kg (T_phys=20.20N) | solve=8.3ms (max21.3)
[INFO] [1789419162.896974707] [mhe_node]: [truth] m_hat=2.0608 m_true=2.0643 err=-0.17% | c_hat=[+0.0000,+0.0000] c_true=[+0.0000,+0.0000] | Jxx_hat=0.01420 Jxx_true=0.01420 Jyz_hat=+0.00000 Jyz_true=+0.00000 | s_hat=[-0.0010,+0.0001] s_true=[+0.0000,+0.0000] kg·m
[INFO] [1789419162.897498171] [mhe_node]: [tau_phys] roll=+0.001 pitch=+0.015 Nm
[INFO] [1789419162.898085314] [mhe_node]: [mass-diag] m_est=2.0608 T=20.199N tilt=2.33deg cos=0.99917 | T/g=2.0591 T*cos/g=2.0574 | m_est-T*cos/g=+0.0035kg (+0.17%) vz=+0.029
[INFO] [1789419162.898673104] [mhe_node]: [c_xy_est] cx=-0.0005 cy=+0.0000 m
[INFO] [1789419164.893606879] [mhe_node]: MHE mass estimate: 2.065 kg (T_phys=20.22N) | solve=4.9ms (max7.7)
[INFO] [1789419164.894191177] [mhe_node]: [truth] m_hat=2.0648 m_true=2.0643 err=+0.03% | c_hat=[+0.0000,+0.0000] c_true=[+0.0000,+0.0000] | Jxx_hat=0.01420 Jxx_true=0.01420 Jyz_hat=+0.00000 Jyz_true=+0.00000 | s_hat=[+0.0003,+0.0003] s_true=[+0.0000,+0.0000] kg·m
[INFO] [1789419164.894729850] [mhe_node]: [tau_phys] roll=+0.002 pitch=-0.000 Nm
[INFO] [1789419164.895324217] [mhe_node]: [mass-diag] m_est=2.0648 T=20.219N tilt=0.21deg cos=0.99999 | T/g=2.0611 T*cos/g=2.0611 | m_est-T*cos/g=+0.0038kg (+0.18%) vz=+0.006
[INFO] [1789419164.895905536] [mhe_node]: [c_xy_est] cx=+0.0002 cy=+0.0001 m
[INFO] [1789419166.891881250] [mhe_node]: MHE mass estimate: 2.051 kg (T_phys=18.53N) | solve=4.3ms (max7.7)
[INFO] [1789419166.892362110] [mhe_node]: [truth] m_hat=2.0514 m_true=2.0643 err=-0.62% | c_hat=[+0.0000,+0.0000] c_true=[+0.0000,+0.0000] | Jxx_hat=0.01420 Jxx_true=0.01420 Jyz_hat=+0.00000 Jyz_true=+0.00000 | s_hat=[-0.0001,+0.0000] s_true=[+0.0000,+0.0000] kg·m
[INFO] [1789419166.892730935] [mhe_node]: [tau_phys] roll=-0.002 pitch=-0.002 Nm
[INFO] [1789419166.893176547] [mhe_node]: [mass-diag] m_est=2.0514 T=18.528N tilt=0.23deg cos=0.99999 | T/g=1.8887 T*cos/g=1.8886 | m_est-T*cos/g=+0.1628kg (+8.62%) vz=-0.446
[INFO] [1789419166.893579888] [mhe_node]: [c_xy_est] cx=-0.0001 cy=+0.0000 m
[INFO] [1789419168.893535763] [mhe_node]: MHE mass estimate: 2.067 kg (T_phys=20.25N) | solve=4.7ms (max8.9)
[INFO] [1789419168.894104208] [mhe_node]: [truth] m_hat=2.0669 m_true=2.0643 err=+0.13% | c_hat=[+0.0000,+0.0000] c_true=[+0.0000,+0.0000] | Jxx_hat=0.01420 Jxx_true=0.01420 Jyz_hat=+0.00000 Jyz_true=+0.00000 | s_hat=[+0.0000,+0.0000] s_true=[+0.0000,+0.0000] kg·m
[INFO] [1789419168.894649593] [mhe_node]: [tau_phys] roll=+0.000 pitch=+0.002 Nm
[INFO] [1789419168.895246776] [mhe_node]: [mass-diag] m_est=2.0669 T=20.246N tilt=0.21deg cos=0.99999 | T/g=2.0638 T*cos/g=2.0638 | m_est-T*cos/g=+0.0031kg (+0.15%) vz=-0.062
[INFO] [1789419168.895836323] [mhe_node]: [c_xy_est] cx=+0.0000 cy=+0.0000 m
[INFO] [1789419170.918106885] [mhe_node]: MHE mass estimate: 1.972 kg (T_phys=19.77N) | solve=8.5ms (max29.2)
[INFO] [1789419170.918652896] [mhe_node]: [truth] m_hat=1.9717 m_true=2.0643 err=-4.49% | c_hat=[+0.0000,+0.0000] c_true=[+0.0000,+0.0000] | Jxx_hat=0.01420 Jxx_true=0.01420 Jyz_hat=+0.00000 Jyz_true=+0.00000 | s_hat=[+0.0050,+0.0019] s_true=[+0.0000,+0.0000] kg·m
[INFO] [1789419170.919176440] [mhe_node]: [tau_phys] roll=+0.102 pitch=-0.104 Nm
[INFO] [1789419170.919763689] [mhe_node]: [mass-diag] m_est=1.9717 T=19.774N tilt=0.46deg cos=0.99997 | T/g=2.0157 T*cos/g=2.0156 | m_est-T*cos/g=-0.0439kg (-2.18%) vz=+0.002
[INFO] [1789419170.920354301] [mhe_node]: [c_xy_est] cx=+0.0020 cy=+0.0007 m
[INFO] [1789419172.927322698] [mhe_node]: MHE mass estimate: 1.961 kg (T_phys=19.79N) | solve=20.8ms (max38.4)
[INFO] [1789419172.927868651] [mhe_node]: [truth] m_hat=1.9611 m_true=2.0643 err=-5.00% | c_hat=[+0.0000,+0.0000] c_true=[+0.0000,+0.0000] | Jxx_hat=0.01420 Jxx_true=0.01420 Jyz_hat=+0.00000 Jyz_true=+0.00000 | s_hat=[+0.0095,+0.0096] s_true=[+0.0000,+0.0000] kg·m
[INFO] [1789419172.928395772] [mhe_node]: [tau_phys] roll=+0.315 pitch=+0.210 Nm
[INFO] [1789419172.928990377] [mhe_node]: [mass-diag] m_est=1.9611 T=19.791N tilt=0.26deg cos=0.99999 | T/g=2.0175 T*cos/g=2.0174 | m_est-T*cos/g=-0.0564kg (-2.79%) vz=+0.000
[INFO] [1789419172.929584330] [mhe_node]: [c_xy_est] cx=+0.0054 cy=+0.0047 m
[WARN] [1789419173.458604943] [mhe_node]: MHE solve failed [status=2], skipping this window (streak 1)
[WARN] [1789419173.564075048] [mhe_node]: MHE solve failed [status=2], skipping this window (streak 2)
[WARN] [1789419173.662736788] [mhe_node]: MHE solve failed [status=2], skipping this window (streak 3)
[WARN] [1789419173.762176138] [mhe_node]: MHE solve failed [status=2], skipping this window (streak 4)
[WARN] [1789419173.863684927] [mhe_node]: MHE solve failed [status=2], skipping this window (streak 5)
[WARN] [1789419173.864023543] [mhe_node]: re-anchored arrival prior to current window after 5 consecutive failures (m seeded from previous m_est (seed_from_thrust off/unavailable): 1.961 -> 1.961 kg; T_phys/g=2.127)
[WARN] [1789419173.963483544] [mhe_node]: MHE solve failed [status=2], skipping this window (streak 1)
[WARN] [1789419174.063601324] [mhe_node]: MHE solve failed [status=2], skipping this window (streak 2)
[WARN] [1789419174.461411037] [mhe_node]: MHE solve failed [status=2], skipping this window (streak 1)
[WARN] [1789419174.561298531] [mhe_node]: MHE solve failed [status=2], skipping this window (streak 2)
[WARN] [1789419174.660857072] [mhe_node]: MHE solve failed [status=2], skipping this window (streak 3)
[WARN] [1789419174.762211451] [mhe_node]: MHE solve failed [status=2], skipping this window (streak 4)
[WARN] [1789419174.858748536] [mhe_node]: MHE solve failed [status=2], skipping this window (streak 5)
[WARN] [1789419174.859082333] [mhe_node]: re-anchored arrival prior to current window after 5 consecutive failures (m seeded from previous m_est (seed_from_thrust off/unavailable): 1.961 -> 1.961 kg; T_phys/g=2.463)
[WARN] [1789419174.958851319] [mhe_node]: MHE solve failed [status=2], skipping this window (streak 1)
[INFO] [1789419176.194354684] [mhe_node]: MHE mass estimate: 2.327 kg (T_phys=23.56N) | solve=39.8ms (max73.9)
[INFO] [1789419176.194923636] [mhe_node]: [truth] m_hat=2.3269 m_true=2.0643 err=+12.72% | c_hat=[+0.0000,+0.0000] c_true=[+0.0000,+0.0000] | Jxx_hat=0.01420 Jxx_true=0.01420 Jyz_hat=+0.00000 Jyz_true=+0.00000 | s_hat=[-0.0016,-0.0285] s_true=[+0.0000,+0.0000] kg·m
[INFO] [1789419176.195457127] [mhe_node]: [tau_phys] roll=-0.288 pitch=-0.229 Nm
[INFO] [1789419176.196046360] [mhe_node]: [mass-diag] m_est=2.3269 T=23.557N tilt=0.22deg cos=0.99999 | T/g=2.4013 T*cos/g=2.4013 | m_est-T*cos/g=-0.0744kg (-3.10%) vz=+1.033
[INFO] [1789419176.196633864] [mhe_node]: [c_xy_est] cx=-0.0006 cy=-0.0121 m
[INFO] [1789419177.388033616] [mhe_node]: [payload-state] EMPTY->LOADED (sustained m_p evidence, m_p=+0.267kg)
[INFO] [1789419177.488192743] [mhe_node]: [s-collapse] moment 基准未就绪(窗口 2/20, 越界剔除 0) — 暂不判决
[INFO] [1789419178.194350149] [mhe_node]: MHE mass estimate: 2.338 kg (T_phys=22.95N) | solve=5.5ms (max8.7)
[INFO] [1789419178.194920623] [mhe_node]: [truth] m_hat=2.3380 m_true=2.0643 err=+13.26% | c_hat=[+0.0000,+0.0000] c_true=[+0.0000,+0.0000] | Jxx_hat=0.01420 Jxx_true=0.01420 Jyz_hat=+0.00000 Jyz_true=+0.00000 | s_hat=[-0.0014,-0.0289] s_true=[+0.0000,+0.0000] kg·m
[INFO] [1789419178.195449780] [mhe_node]: [tau_phys] roll=-0.278 pitch=+0.224 Nm
[INFO] [1789419178.196035884] [mhe_node]: [mass-diag] m_est=2.3380 T=22.948N tilt=0.38deg cos=0.99998 | T/g=2.3393 T*cos/g=2.3392 | m_est-T*cos/g=-0.0012kg (-0.05%) vz=+1.168
[INFO] [1789419178.196623824] [mhe_node]: [c_xy_est] cx=-0.0006 cy=-0.0124 m
[INFO] [1789419178.488157861] [mhe_node]: [s-collapse] moment 基准未就绪(窗口 12/20, 越界剔除 0) — 暂不判决
[INFO] [1789419179.288024364] [mhe_node]: [c_xy_est] 质量域判据已武装(m_p=0.282kg 连续20帧高于水位)
[INFO] [1789419179.288515286] [mhe_node]: [moment-ref] 基准已建立并冻结: |s_ref|=0.02888 kg·m (窗口 20 帧, 中位 0.02888, 离散 0.00, 方向一致度 1.00, 越界剔除 0 帧) — 此后不再更新
[INFO] [1789419179.388252303] [mhe_node]: [s-collapse] |s|=0.02904 ref=0.02888 peak=0.02904 ovr=0 ratio=1.006 (thr 0.30) moment=0 quantity=0 resid=0 health=1 age=0.09 solve_ok=1 reanch=0 m_p=+0.2832 slow=0/5
[INFO] [1789419180.193459848] [mhe_node]: MHE mass estimate: 2.353 kg (T_phys=22.21N) | solve=5.6ms (max13.4)
[INFO] [1789419180.194024209] [mhe_node]: [truth] m_hat=2.3533 m_true=2.0643 err=+14.00% | c_hat=[+0.0000,+0.0000] c_true=[+0.0000,+0.0000] | Jxx_hat=0.01420 Jxx_true=0.01420 Jyz_hat=+0.00000 Jyz_true=+0.00000 | s_hat=[-0.0014,-0.0291] s_true=[+0.0000,+0.0000] kg·m
[INFO] [1789419180.194552868] [mhe_node]: [tau_phys] roll=-0.277 pitch=-0.015 Nm
[INFO] [1789419180.195144881] [mhe_node]: [mass-diag] m_est=2.3533 T=22.214N tilt=0.16deg cos=1.00000 | T/g=2.2644 T*cos/g=2.2644 | m_est-T*cos/g=+0.0889kg (+3.92%) vz=+0.494
[INFO] [1789419180.195725863] [mhe_node]: [c_xy_est] cx=-0.0007 cy=-0.0124 m
[INFO] [1789419180.388238958] [mhe_node]: [s-collapse] |s|=0.02918 ref=0.02888 peak=0.02918 ovr=0 ratio=1.010 (thr 0.30) moment=0 quantity=0 resid=0 health=1 age=0.09 solve_ok=1 reanch=0 m_p=+0.2900 slow=0/5
[INFO] [1789419181.388233175] [mhe_node]: [s-collapse] |s|=0.02931 ref=0.02888 peak=0.02931 ovr=0 ratio=1.015 (thr 0.30) moment=0 quantity=0 resid=0 health=1 age=0.09 solve_ok=1 reanch=0 m_p=+0.2965 slow=0/5
[INFO] [1789419182.193464468] [mhe_node]: MHE mass estimate: 2.364 kg (T_phys=23.01N) | solve=4.5ms (max5.7)
[INFO] [1789419182.194034077] [mhe_node]: [truth] m_hat=2.3644 m_true=2.0643 err=+14.54% | c_hat=[+0.0000,+0.0000] c_true=[+0.0000,+0.0000] | Jxx_hat=0.01420 Jxx_true=0.01420 Jyz_hat=+0.00000 Jyz_true=+0.00000 | s_hat=[-0.0016,-0.0294] s_true=[+0.0000,+0.0000] kg·m
[INFO] [1789419182.194557577] [mhe_node]: [tau_phys] roll=-0.284 pitch=+0.022 Nm
[INFO] [1789419182.195145245] [mhe_node]: [mass-diag] m_est=2.3644 T=23.012N tilt=0.18deg cos=1.00000 | T/g=2.3457 T*cos/g=2.3457 | m_est-T*cos/g=+0.0187kg (+0.80%) vz=+0.035
[INFO] [1789419182.195731145] [mhe_node]: [c_xy_est] cx=-0.0006 cy=-0.0124 m
[INFO] [1789419182.388250444] [mhe_node]: [s-collapse] |s|=0.02939 ref=0.02888 peak=0.02943 ovr=0 ratio=1.018 (thr 0.30) moment=0 quantity=0 resid=0 health=1 age=0.10 solve_ok=1 reanch=0 m_p=+0.2998 slow=0/5
[INFO] [1789419183.388253030] [mhe_node]: [s-collapse] |s|=0.02945 ref=0.02888 peak=0.02945 ovr=0 ratio=1.020 (thr 0.30) moment=0 quantity=0 resid=0 health=1 age=0.10 solve_ok=1 reanch=0 m_p=+0.2950 slow=0/5
[INFO] [1789419184.192712838] [mhe_node]: MHE mass estimate: 2.358 kg (T_phys=23.13N) | solve=3.8ms (max4.6)
[INFO] [1789419184.193302768] [mhe_node]: [truth] m_hat=2.3582 m_true=2.0643 err=+14.24% | c_hat=[+0.0000,+0.0000] c_true=[+0.0000,+0.0000] | Jxx_hat=0.01420 Jxx_true=0.01420 Jyz_hat=+0.00000 Jyz_true=+0.00000 | s_hat=[-0.0013,-0.0293] s_true=[+0.0000,+0.0000] kg·m
[INFO] [1789419184.193826107] [mhe_node]: [tau_phys] roll=-0.295 pitch=-0.048 Nm
[INFO] [1789419184.194420901] [mhe_node]: [mass-diag] m_est=2.3582 T=23.129N tilt=0.19deg cos=0.99999 | T/g=2.3577 T*cos/g=2.3576 | m_est-T*cos/g=+0.0005kg (+0.02%) vz=-0.004
[INFO] [1789419184.195011907] [mhe_node]: [c_xy_est] cx=-0.0006 cy=-0.0124 m
[INFO] [1789419184.388283568] [mhe_node]: [s-collapse] |s|=0.02934 ref=0.02888 peak=0.02949 ovr=0 ratio=1.016 (thr 0.30) moment=0 quantity=0 resid=0 health=1 age=0.09 solve_ok=1 reanch=0 m_p=+0.2936 slow=0/5
[INFO] [1789419185.388254224] [mhe_node]: [s-collapse] |s|=0.02905 ref=0.02888 peak=0.02949 ovr=0 ratio=1.006 (thr 0.30) moment=0 quantity=0 resid=0 health=1 age=0.09 solve_ok=1 reanch=0 m_p=+0.2920 slow=0/5
[INFO] [1789419186.194409638] [mhe_node]: MHE mass estimate: 2.352 kg (T_phys=23.11N) | solve=5.3ms (max14.1)
[INFO] [1789419186.194820130] [mhe_node]: [truth] m_hat=2.3518 m_true=2.0643 err=+13.93% | c_hat=[+0.0000,+0.0000] c_true=[+0.0000,+0.0000] | Jxx_hat=0.01420 Jxx_true=0.01420 Jyz_hat=+0.00000 Jyz_true=+0.00000 | s_hat=[-0.0022,-0.0290] s_true=[+0.0000,+0.0000] kg·m
[INFO] [1789419186.195190896] [mhe_node]: [tau_phys] roll=-0.327 pitch=+0.229 Nm
[INFO] [1789419186.195604688] [mhe_node]: [mass-diag] m_est=2.3518 T=23.108N tilt=0.36deg cos=0.99998 | T/g=2.3555 T*cos/g=2.3555 | m_est-T*cos/g=-0.0037kg (-0.16%) vz=+0.012
[INFO] [1789419186.196009955] [mhe_node]: [c_xy_est] cx=-0.0009 cy=-0.0123 m
[INFO] [1789419186.388226264] [mhe_node]: [s-collapse] |s|=0.02910 ref=0.02888 peak=0.02949 ovr=0 ratio=1.008 (thr 0.30) moment=0 quantity=0 resid=0 health=1 age=0.09 solve_ok=1 reanch=0 m_p=+0.2871 slow=0/5
[INFO] [1789419187.388232150] [mhe_node]: [s-collapse] |s|=0.02894 ref=0.02888 peak=0.02949 ovr=0 ratio=1.002 (thr 0.30) moment=0 quantity=0 resid=0 health=1 age=0.09 solve_ok=1 reanch=0 m_p=+0.2782 slow=0/5
[INFO] [1789419188.200458698] [mhe_node]: MHE mass estimate: 2.343 kg (T_phys=23.16N) | solve=10.7ms (max21.2)
[INFO] [1789419188.201022295] [mhe_node]: [truth] m_hat=2.3434 m_true=2.0643 err=+13.52% | c_hat=[+0.0000,+0.0000] c_true=[+0.0000,+0.0000] | Jxx_hat=0.01420 Jxx_true=0.01420 Jyz_hat=+0.00000 Jyz_true=+0.00000 | s_hat=[-0.0063,-0.0293] s_true=[+0.0000,+0.0000] kg·m
[INFO] [1789419188.201549161] [mhe_node]: [tau_phys] roll=-0.259 pitch=+0.058 Nm
[INFO] [1789419188.202135672] [mhe_node]: [mass-diag] m_est=2.3434 T=23.161N tilt=4.66deg cos=0.99669 | T/g=2.3610 T*cos/g=2.3532 | m_est-T*cos/g=-0.0098kg (-0.42%) vz=+0.032
[INFO] [1789419188.202724219] [mhe_node]: [c_xy_est] cx=-0.0028 cy=-0.0125 m
[INFO] [1789419188.388229987] [mhe_node]: [s-collapse] |s|=0.02994 ref=0.02888 peak=0.02996 ovr=0 ratio=1.037 (thr 0.30) moment=0 quantity=0 resid=0 health=1 age=0.09 solve_ok=1 reanch=0 m_p=+0.2791 slow=0/5
[INFO] [1789419188.788331779] [mhe_node]: [c_xy-clamp] 越界剔除 0/300 (0.0%) 上限 0.0390 kg·m clamp=1
[INFO] [1789419189.388252979] [mhe_node]: [s-collapse] |s|=0.03178 ref=0.02888 peak=0.03178 ovr=0 ratio=1.100 (thr 0.30) moment=0 quantity=0 resid=0 health=1 age=0.09 solve_ok=1 reanch=0 m_p=+0.2710 slow=0/5
[INFO] [1789419190.202900279] [mhe_node]: MHE mass estimate: 2.337 kg (T_phys=22.95N) | solve=10.8ms (max16.8)
[INFO] [1789419190.203605216] [mhe_node]: [truth] m_hat=2.3366 m_true=2.0643 err=+13.19% | c_hat=[+0.0000,+0.0000] c_true=[+0.0000,+0.0000] | Jxx_hat=0.01420 Jxx_true=0.01420 Jyz_hat=+0.00000 Jyz_true=+0.00000 | s_hat=[-0.0267,-0.0259] s_true=[+0.0000,+0.0000] kg·m
[INFO] [1789419190.204129739] [mhe_node]: [tau_phys] roll=-0.193 pitch=+0.322 Nm
[INFO] [1789419190.204748670] [mhe_node]: [mass-diag] m_est=2.3366 T=22.953N tilt=5.93deg cos=0.99465 | T/g=2.3398 T*cos/g=2.3273 | m_est-T*cos/g=+0.0093kg (+0.40%) vz=+0.160
[INFO] [1789419190.205337546] [mhe_node]: [c_xy_est] cx=-0.0111 cy=-0.0111 m
[INFO] [1789419190.388243308] [mhe_node]: [s-collapse] |s|=0.03731 ref=0.02888 peak=0.03731 ovr=0 ratio=1.292 (thr 0.30) moment=0 quantity=0 resid=0 health=1 age=0.09 solve_ok=1 reanch=0 m_p=+0.2709 slow=0/5
[WARN] [1789419191.488145607] [mhe_node]: [s-collapse] |s|=0.04195 > 物理上限 0.039 — 动态失真,不参与 moment 投票(本轮累计 5 帧)
[INFO] [1789419192.198577020] [mhe_node]: MHE mass estimate: 2.332 kg (T_phys=22.84N) | solve=9.7ms (max14.7)
[INFO] [1789419192.199143156] [mhe_node]: [truth] m_hat=2.3317 m_true=2.0643 err=+12.95% | c_hat=[+0.0000,+0.0000] c_true=[+0.0000,+0.0000] | Jxx_hat=0.01420 Jxx_true=0.01420 Jyz_hat=+0.00000 Jyz_true=+0.00000 | s_hat=[-0.0365,-0.0246] s_true=[+0.0000,+0.0000] kg·m
[INFO] [1789419192.199663308] [mhe_node]: [tau_phys] roll=-0.227 pitch=+0.447 Nm
[INFO] [1789419192.200247749] [mhe_node]: [mass-diag] m_est=2.3317 T=22.841N tilt=7.67deg cos=0.99106 | T/g=2.3283 T*cos/g=2.3075 | m_est-T*cos/g=+0.0242kg (+1.05%) vz=+0.122
[INFO] [1789419192.200828153] [mhe_node]: [c_xy_est] cx=-0.0129 cy=-0.0106 m
[WARN] [1789419192.488140920] [mhe_node]: [s-collapse] |s|=0.04383 > 物理上限 0.039 — 动态失真,不参与 moment 投票(本轮累计 15 帧)
[WARN] [1789419193.488156765] [mhe_node]: [s-collapse] |s|=0.03954 > 物理上限 0.039 — 动态失真,不参与 moment 投票(本轮累计 25 帧)
[INFO] [1789419194.207862320] [mhe_node]: MHE mass estimate: 2.338 kg (T_phys=23.28N) | solve=10.1ms (max18.9)
[INFO] [1789419194.208428408] [mhe_node]: [truth] m_hat=2.3378 m_true=2.0643 err=+13.25% | c_hat=[+0.0000,+0.0000] c_true=[+0.0000,+0.0000] | Jxx_hat=0.01420 Jxx_true=0.01420 Jyz_hat=+0.00000 Jyz_true=+0.00000 | s_hat=[-0.0228,-0.0241] s_true=[+0.0000,+0.0000] kg·m
[INFO] [1789419194.208951235] [mhe_node]: [tau_phys] roll=-0.123 pitch=+0.313 Nm
[INFO] [1789419194.209540551] [mhe_node]: [mass-diag] m_est=2.3378 T=23.281N tilt=12.13deg cos=0.97767 | T/g=2.3731 T*cos/g=2.3202 | m_est-T*cos/g=+0.0176kg (+0.76%) vz=-0.105
[INFO] [1789419194.210121690] [mhe_node]: [c_xy_est] cx=-0.0101 cy=-0.0103 m
[INFO] [1789419194.388240275] [mhe_node]: [s-collapse] |s|=0.03269 ref=0.02888 peak=0.04412 ovr=25 ratio=1.132 (thr 0.30) moment=0 quantity=0 resid=0 health=1 age=0.09 solve_ok=1 reanch=0 m_p=+0.2734 slow=0/5
[INFO] [1789419195.388234727] [mhe_node]: [s-collapse] |s|=0.03516 ref=0.02888 peak=0.04412 ovr=25 ratio=1.218 (thr 0.30) moment=0 quantity=0 resid=0 health=1 age=0.08 solve_ok=1 reanch=0 m_p=+0.2603 slow=0/5
[INFO] [1789419196.202579469] [mhe_node]: MHE mass estimate: 2.314 kg (T_phys=22.74N) | solve=14.4ms (max22.7)
[INFO] [1789419196.203154053] [mhe_node]: [truth] m_hat=2.3139 m_true=2.0643 err=+12.09% | c_hat=[+0.0000,+0.0000] c_true=[+0.0000,+0.0000] | Jxx_hat=0.01420 Jxx_true=0.01420 Jyz_hat=+0.00000 Jyz_true=+0.00000 | s_hat=[-0.0479,-0.0247] s_true=[+0.0000,+0.0000] kg·m
[INFO] [1789419196.203684971] [mhe_node]: [tau_phys] roll=-0.259 pitch=+0.388 Nm
[INFO] [1789419196.204279496] [mhe_node]: [mass-diag] m_est=2.3139 T=22.740N tilt=8.58deg cos=0.98881 | T/g=2.3180 T*cos/g=2.2921 | m_est-T*cos/g=+0.0218kg (+0.95%) vz=-0.235
[INFO] [1789419196.204862294] [mhe_node]: [c_xy_est] cx=-0.0134 cy=-0.0087 m
[WARN] [1789419196.488139245] [mhe_node]: [s-collapse] |s|=0.05541 > 物理上限 0.039 — 动态失真,不参与 moment 投票(本轮累计 35 帧)
[WARN] [1789419197.488133913] [mhe_node]: [s-collapse] |s|=0.04972 > 物理上限 0.039 — 动态失真,不参与 moment 投票(本轮累计 45 帧)
[INFO] [1789419198.195279496] [mhe_node]: MHE mass estimate: 2.319 kg (T_phys=22.82N) | solve=11.6ms (max17.8)
[INFO] [1789419198.195846075] [mhe_node]: [truth] m_hat=2.3187 m_true=2.0643 err=+12.32% | c_hat=[+0.0000,+0.0000] c_true=[+0.0000,+0.0000] | Jxx_hat=0.01420 Jxx_true=0.01420 Jyz_hat=+0.00000 Jyz_true=+0.00000 | s_hat=[-0.0356,-0.0273] s_true=[+0.0000,+0.0000] kg·m
[INFO] [1789419198.196371993] [mhe_node]: [tau_phys] roll=-0.320 pitch=+0.557 Nm
[INFO] [1789419198.196962092] [mhe_node]: [mass-diag] m_est=2.3187 T=22.818N tilt=1.98deg cos=0.99940 | T/g=2.3260 T*cos/g=2.3246 | m_est-T*cos/g=-0.0060kg (-0.26%) vz=-0.218
[INFO] [1789419198.197550226] [mhe_node]: [c_xy_est] cx=-0.0134 cy=-0.0087 m
[WARN] [1789419198.488161186] [mhe_node]: [s-collapse] |s|=0.04561 > 物理上限 0.039 — 动态失真,不参与 moment 投票(本轮累计 55 帧)
[WARN] [1789419199.488189263] [mhe_node]: [s-collapse] |s|=0.05221 > 物理上限 0.039 — 动态失真,不参与 moment 投票(本轮累计 65 帧)
[INFO] [1789419200.207929061] [mhe_node]: MHE mass estimate: 2.327 kg (T_phys=23.45N) | solve=11.2ms (max19.0)
[INFO] [1789419200.208498438] [mhe_node]: [truth] m_hat=2.3274 m_true=2.0643 err=+12.75% | c_hat=[+0.0000,+0.0000] c_true=[+0.0000,+0.0000] | Jxx_hat=0.01420 Jxx_true=0.01420 Jyz_hat=+0.00000 Jyz_true=+0.00000 | s_hat=[-0.0353,-0.0297] s_true=[+0.0000,+0.0000] kg·m
[INFO] [1789419200.209020497] [mhe_node]: [tau_phys] roll=-0.391 pitch=+0.315 Nm
[INFO] [1789419200.209608884] [mhe_node]: [mass-diag] m_est=2.3274 T=23.451N tilt=9.25deg cos=0.98699 | T/g=2.3905 T*cos/g=2.3594 | m_est-T*cos/g=-0.0319kg (-1.35%) vz=-0.155
[INFO] [1789419200.210190654] [mhe_node]: [c_xy_est] cx=-0.0134 cy=-0.0087 m
[WARN] [1789419200.488212704] [mhe_node]: [s-collapse] |s|=0.04529 > 物理上限 0.039 — 动态失真,不参与 moment 投票(本轮累计 75 帧)
[WARN] [1789419201.488138080] [mhe_node]: [s-collapse] |s|=0.04507 > 物理上限 0.039 — 动态失真,不参与 moment 投票(本轮累计 85 帧)
[INFO] [1789419202.201042976] [mhe_node]: MHE mass estimate: 2.331 kg (T_phys=23.01N) | solve=9.8ms (max18.3)
[INFO] [1789419202.201624237] [mhe_node]: [truth] m_hat=2.3315 m_true=2.0643 err=+12.94% | c_hat=[+0.0000,+0.0000] c_true=[+0.0000,+0.0000] | Jxx_hat=0.01420 Jxx_true=0.01420 Jyz_hat=+0.00000 Jyz_true=+0.00000 | s_hat=[-0.0343,-0.0320] s_true=[+0.0000,+0.0000] kg·m
[INFO] [1789419202.202152161] [mhe_node]: [tau_phys] roll=-0.320 pitch=+0.368 Nm
[INFO] [1789419202.202748920] [mhe_node]: [mass-diag] m_est=2.3315 T=23.010N tilt=7.33deg cos=0.99183 | T/g=2.3455 T*cos/g=2.3264 | m_est-T*cos/g=+0.0051kg (+0.22%) vz=-0.036
[INFO] [1789419202.203342122] [mhe_node]: [c_xy_est] cx=-0.0134 cy=-0.0087 m
[WARN] [1789419202.488142911] [mhe_node]: [s-collapse] |s|=0.04763 > 物理上限 0.039 — 动态失真,不参与 moment 投票(本轮累计 95 帧)
[WARN] [1789419203.488151669] [mhe_node]: [s-collapse] |s|=0.05176 > 物理上限 0.039 — 动态失真,不参与 moment 投票(本轮累计 105 帧)
[INFO] [1789419204.197091017] [mhe_node]: MHE mass estimate: 2.331 kg (T_phys=23.40N) | solve=10.7ms (max18.9)
[INFO] [1789419204.197659149] [mhe_node]: [truth] m_hat=2.3308 m_true=2.0643 err=+12.91% | c_hat=[+0.0000,+0.0000] c_true=[+0.0000,+0.0000] | Jxx_hat=0.01420 Jxx_true=0.01420 Jyz_hat=+0.00000 Jyz_true=+0.00000 | s_hat=[-0.0394,-0.0304] s_true=[+0.0000,+0.0000] kg·m
[INFO] [1789419204.198190753] [mhe_node]: [tau_phys] roll=-0.401 pitch=+0.368 Nm
[INFO] [1789419204.198777412] [mhe_node]: [mass-diag] m_est=2.3308 T=23.402N tilt=6.42deg cos=0.99373 | T/g=2.3856 T*cos/g=2.3706 | m_est-T*cos/g=-0.0398kg (-1.68%) vz=+0.077
[INFO] [1789419204.199363853] [mhe_node]: [c_xy_est] cx=-0.0134 cy=-0.0087 m
[WARN] [1789419204.488138733] [mhe_node]: [s-collapse] |s|=0.04921 > 物理上限 0.039 — 动态失真,不参与 moment 投票(本轮累计 115 帧)
[WARN] [1789419205.488141600] [mhe_node]: [s-collapse] |s|=0.04554 > 物理上限 0.039 — 动态失真,不参与 moment 投票(本轮累计 125 帧)
[INFO] [1789419206.203717182] [mhe_node]: MHE mass estimate: 2.337 kg (T_phys=23.20N) | solve=9.3ms (max19.3)
[INFO] [1789419206.204284934] [mhe_node]: [truth] m_hat=2.3367 m_true=2.0643 err=+13.20% | c_hat=[+0.0000,+0.0000] c_true=[+0.0000,+0.0000] | Jxx_hat=0.01420 Jxx_true=0.01420 Jyz_hat=+0.00000 Jyz_true=+0.00000 | s_hat=[-0.0328,-0.0325] s_true=[+0.0000,+0.0000] kg·m
[INFO] [1789419206.204805989] [mhe_node]: [tau_phys] roll=-0.252 pitch=+0.315 Nm
[INFO] [1789419206.205393161] [mhe_node]: [mass-diag] m_est=2.3367 T=23.200N tilt=10.55deg cos=0.98311 | T/g=2.3650 T*cos/g=2.3250 | m_est-T*cos/g=+0.0117kg (+0.50%) vz=+0.212
[INFO] [1789419206.205976166] [mhe_node]: [c_xy_est] cx=-0.0134 cy=-0.0087 m
[WARN] [1789419206.488144230] [mhe_node]: [s-collapse] |s|=0.04720 > 物理上限 0.039 — 动态失真,不参与 moment 投票(本轮累计 135 帧)
[WARN] [1789419207.488147623] [mhe_node]: [s-collapse] |s|=0.05188 > 物理上限 0.039 — 动态失真,不参与 moment 投票(本轮累计 145 帧)
[INFO] [1789419208.197257514] [mhe_node]: MHE mass estimate: 2.321 kg (T_phys=20.90N) | solve=16.5ms (max29.2)
[INFO] [1789419208.197762691] [mhe_node]: [truth] m_hat=2.3213 m_true=2.0643 err=+12.45% | c_hat=[+0.0000,+0.0000] c_true=[+0.0000,+0.0000] | Jxx_hat=0.01420 Jxx_true=0.01420 Jyz_hat=+0.00000 Jyz_true=+0.00000 | s_hat=[-0.0542,-0.0276] s_true=[+0.0000,+0.0000] kg·m
[INFO] [1789419208.198134029] [mhe_node]: [tau_phys] roll=-0.245 pitch=+0.358 Nm
[INFO] [1789419208.198544346] [mhe_node]: [mass-diag] m_est=2.3213 T=20.901N tilt=3.87deg cos=0.99771 | T/g=2.1306 T*cos/g=2.1258 | m_est-T*cos/g=+0.1956kg (+9.20%) vz=+0.190
[INFO] [1789419208.198949762] [mhe_node]: [c_xy_est] cx=-0.0134 cy=-0.0087 m
[WARN] [1789419208.488168487] [mhe_node]: [s-collapse] |s|=0.05645 > 物理上限 0.039 — 动态失真,不参与 moment 投票(本轮累计 155 帧)
[INFO] [1789419209.388239871] [mhe_node]: [s-collapse] |s|=0.03562 ref=0.02888 peak=0.06195 ovr=160 ratio=1.233 (thr 0.30) moment=0 quantity=0 resid=0 health=1 age=0.08 solve_ok=1 reanch=0 m_p=+0.1988 slow=0/5
[WARN] [1789419209.963058015] [mhe_node]: MHE solve failed [status=2], skipping this window (streak 1)
[WARN] [1789419210.062949065] [mhe_node]: MHE solve failed [status=2], skipping this window (streak 2)
[WARN] [1789419210.161671265] [mhe_node]: MHE solve failed [status=2], skipping this window (streak 3)
[WARN] [1789419210.262429483] [mhe_node]: MHE solve failed [status=2], skipping this window (streak 4)
[WARN] [1789419210.363555627] [mhe_node]: MHE solve failed [status=2], skipping this window (streak 5)
[WARN] [1789419210.363889517] [mhe_node]: re-anchored arrival prior to current window after 5 consecutive failures (m seeded from previous m_est (seed_from_thrust off/unavailable): 1.961 -> 1.961 kg; T_phys/g=2.492)
[WARN] [1789419210.457732936] [mhe_node]: MHE solve failed [status=2], skipping this window (streak 1)
[WARN] [1789419210.487954992] [mhe_node]: [s-collapse] 估计不健康,释放判决暂停 (solve_ok=0 reanchored=1 age=0.63s) — 持续计数已清零
[WARN] [1789419210.562318946] [mhe_node]: MHE solve failed [status=2], skipping this window (streak 2)
[WARN] [1789419210.661450358] [mhe_node]: MHE solve failed [status=2], skipping this window (streak 3)
[WARN] [1789419210.762782438] [mhe_node]: MHE solve failed [status=2], skipping this window (streak 4)
[WARN] [1789419210.862952629] [mhe_node]: MHE solve failed [status=2], skipping this window (streak 5)
[WARN] [1789419210.863294486] [mhe_node]: re-anchored arrival prior to current window after 5 consecutive failures (m seeded from previous m_est (seed_from_thrust off/unavailable): 1.961 -> 1.961 kg; T_phys/g=2.050)
[WARN] [1789419210.961860786] [mhe_node]: MHE solve failed [status=2], skipping this window (streak 1)
[WARN] [1789419211.062036676] [mhe_node]: MHE solve failed [status=2], skipping this window (streak 2)
[WARN] [1789419211.164503789] [mhe_node]: MHE solve failed [status=2], skipping this window (streak 3)
[WARN] [1789419211.259146966] [mhe_node]: MHE solve failed [status=2], skipping this window (streak 4)
[WARN] [1789419211.360449604] [mhe_node]: MHE solve failed [status=2], skipping this window (streak 5)
[WARN] [1789419211.360815080] [mhe_node]: re-anchored arrival prior to current window after 5 consecutive failures (m seeded from previous m_est (seed_from_thrust off/unavailable): 1.961 -> 1.961 kg; T_phys/g=2.060)
[WARN] [1789419211.459164303] [mhe_node]: MHE solve failed [status=2], skipping this window (streak 1)
[WARN] [1789419211.487957141] [mhe_node]: [s-collapse] 估计不健康,释放判决暂停 (solve_ok=0 reanchored=1 age=1.63s) — 持续计数已清零
[WARN] [1789419211.559319626] [mhe_node]: MHE solve failed [status=2], skipping this window (streak 2)
[WARN] [1789419211.958878408] [mhe_node]: MHE solve failed [status=2], skipping this window (streak 1)
[WARN] [1789419212.059352778] [mhe_node]: MHE solve failed [status=2], skipping this window (streak 2)
[WARN] [1789419212.164094461] [mhe_node]: MHE solve failed [status=2], skipping this window (streak 3)
[WARN] [1789419212.256765671] [mhe_node]: MHE solve failed [status=2], skipping this window (streak 4)
[WARN] [1789419212.361816716] [mhe_node]: MHE solve failed [status=2], skipping this window (streak 5)
[WARN] [1789419212.362161560] [mhe_node]: re-anchored arrival prior to current window after 5 consecutive failures (m seeded from previous m_est (seed_from_thrust off/unavailable): 1.961 -> 1.961 kg; T_phys/g=1.782)
[WARN] [1789419212.462497744] [mhe_node]: MHE solve failed [status=2], skipping this window (streak 1)
[WARN] [1789419212.487969236] [mhe_node]: [s-collapse] 估计不健康,释放判决暂停 (solve_ok=0 reanchored=1 age=0.63s) — 持续计数已清零
[WARN] [1789419212.560850420] [mhe_node]: MHE solve failed [status=2], skipping this window (streak 2)
[WARN] [1789419212.661230566] [mhe_node]: MHE solve failed [status=2], skipping this window (streak 3)
[WARN] [1789419212.762900225] [mhe_node]: MHE solve failed [status=2], skipping this window (streak 4)
[WARN] [1789419212.863518817] [mhe_node]: MHE solve failed [status=2], skipping this window (streak 5)
[WARN] [1789419212.863852794] [mhe_node]: re-anchored arrival prior to current window after 5 consecutive failures (m seeded from previous m_est (seed_from_thrust off/unavailable): 1.961 -> 1.961 kg; T_phys/g=0.135)
[WARN] [1789419212.963044264] [mhe_node]: MHE solve failed [status=2], skipping this window (streak 1)
[WARN] [1789419213.062565624] [mhe_node]: MHE solve failed [status=2], skipping this window (streak 2)
[WARN] [1789419213.087879191] [mhe_node]: [payload-health] input stream stale; MHE window cleared, publishing held estimate as unhealthy
[WARN] [1789419254.788086774] [mhe_node]: [s-collapse] 估计不健康,释放判决暂停 (solve_ok=0 reanchored=1 age=42.93s) — 持续计数已清零
[WARN] [1789419255.788089359] [mhe_node]: [s-collapse] 估计不健康,释放判决暂停 (solve_ok=0 reanchored=1 age=43.93s) — 持续计数已清零
[INFO] [1789419256.388079577] [mhe_node]: arrival prior seeded: m=2.064 kg (m_nominal prior)
[INFO] [1789419256.409680820] [mhe_node]: MHE mass estimate: 1.961 kg (T_phys=19.53N) | solve=67.9ms (max75.8)
[INFO] [1789419256.410221278] [mhe_node]: [truth] m_hat=1.9611 m_true=2.0643 err=-5.00% | c_hat=[+0.0000,+0.0000] c_true=[+0.0000,+0.0000] | Jxx_hat=0.01420 Jxx_true=0.01420 Jyz_hat=+0.00000 Jyz_true=+0.00000 | s_hat=[+0.0045,-0.0015] s_true=[+0.0000,+0.0000] kg·m
[INFO] [1789419256.410747773] [mhe_node]: [tau_phys] roll=-0.011 pitch=-0.165 Nm
[INFO] [1789419256.411343868] [mhe_node]: [mass-diag] m_est=1.9611 T=19.533N tilt=3.49deg cos=0.99815 | T/g=1.9911 T*cos/g=1.9874 | m_est-T*cos/g=-0.0264kg (-1.33%) vz=+1.063
[INFO] [1789419256.411933755] [mhe_node]: [c_xy_est] cx=-0.0039 cy=-0.0012 m
[INFO] [1789419256.688209173] [mhe_node]: [s-collapse] |s|=0.00661 ref=0.02888 peak=0.06195 ovr=160 ratio=0.229 (thr 0.30) moment=1 quantity=1 resid=0 health=1 age=0.07 solve_ok=1 reanch=0 m_p=-0.1032 slow=3/5
[INFO] [1789419257.688221024] [mhe_node]: [s-collapse] |s|=0.01189 ref=0.02888 peak=0.06195 ovr=160 ratio=0.412 (thr 0.30) moment=0 quantity=1 resid=0 health=1 age=0.09 solve_ok=1 reanch=0 m_p=-0.0026 slow=0/5
[INFO] [1789419258.404618805] [mhe_node]: MHE mass estimate: 1.981 kg (T_phys=20.45N) | solve=16.1ms (max29.1)
[INFO] [1789419258.405169972] [mhe_node]: [truth] m_hat=1.9807 m_true=2.0643 err=-4.05% | c_hat=[+0.0000,+0.0000] c_true=[+0.0000,+0.0000] | Jxx_hat=0.01420 Jxx_true=0.01420 Jyz_hat=+0.00000 Jyz_true=+0.00000 | s_hat=[+0.0064,-0.0017] s_true=[+0.0000,+0.0000] kg·m
[INFO] [1789419258.405690095] [mhe_node]: [tau_phys] roll=-0.014 pitch=-0.002 Nm
[INFO] [1789419258.406279672] [mhe_node]: [mass-diag] m_est=1.9807 T=20.452N tilt=12.09deg cos=0.97782 | T/g=2.0848 T*cos/g=2.0385 | m_est-T*cos/g=-0.0579kg (-2.84%) vz=-0.014
[INFO] [1789419258.406861934] [mhe_node]: [c_xy_est] cx=+0.0036 cy=-0.0009 m
[INFO] [1789419258.688055317] [mhe_node]: [s-collapse] |s|=0.00526 ref=0.02888 peak=0.06195 ovr=160 ratio=0.182 (thr 0.30) moment=1 quantity=1 resid=0 health=1 age=0.09 solve_ok=1 reanch=0 m_p=-0.0787 slow=4/5
[INFO] [1789419258.788095019] [mhe_node]: [payload-state] LOADED->EMPTY (drop, m_p=-0.074kg)
[INFO] [1789419258.788345863] [mhe_node]: [c_xy_est] 载荷释放(slow: quantity empty + moment collapsed (ratio=0.161) x5帧) → 在线偏心估计归零(重新播种)
[INFO] [1789419258.799824821] [mhe_node]: [s-decay] n=1 |s_est|=0.00409 |s_target|=0.00000 |s_out|=0.00403 d_s_out=-0.00198 conf=0.135 present=0 armed=0 latched=1 health=1
[INFO] [1789419258.900722134] [mhe_node]: [s-decay] n=2 |s_est|=0.00357 |s_target|=0.00000 |s_out|=0.00270 d_s_out=-0.00133 conf=0.362 present=0 armed=0 latched=1 health=1
[INFO] [1789419258.998210191] [mhe_node]: [s-decay] n=3 |s_est|=0.00308 |s_target|=0.00000 |s_out|=0.00181 d_s_out=-0.00089 conf=0.568 present=0 armed=0 latched=1 health=1
[INFO] [1789419259.104519605] [mhe_node]: [s-decay] n=4 |s_est|=0.00263 |s_target|=0.00000 |s_out|=0.00121 d_s_out=-0.00060 conf=0.710 present=0 armed=0 latched=1 health=1
[INFO] [1789419259.197918551] [mhe_node]: [s-decay] n=5 |s_est|=0.00221 |s_target|=0.00000 |s_out|=0.00081 d_s_out=-0.00040 conf=0.806 present=0 armed=0 latched=1 health=1
[INFO] [1789419259.295550425] [mhe_node]: [s-decay] n=6 |s_est|=0.00183 |s_target|=0.00000 |s_out|=0.00054 d_s_out=-0.00027 conf=0.870 present=0 armed=0 latched=1 health=1
[INFO] [1789419259.397767663] [mhe_node]: [s-decay] n=7 |s_est|=0.00149 |s_target|=0.00000 |s_out|=0.00037 d_s_out=-0.00018 conf=0.913 present=0 armed=0 latched=1 health=1
[INFO] [1789419259.497828031] [mhe_node]: [s-decay] n=8 |s_est|=0.00118 |s_target|=0.00000 |s_out|=0.00024 d_s_out=-0.00012 conf=0.942 present=0 armed=0 latched=1 health=1
[INFO] [1789419259.596810698] [mhe_node]: [s-decay] n=9 |s_est|=0.00090 |s_target|=0.00000 |s_out|=0.00016 d_s_out=-0.00008 conf=0.961 present=0 armed=0 latched=1 health=1
[INFO] [1789419259.695473345] [mhe_node]: [s-decay] n=10 |s_est|=0.00065 |s_target|=0.00000 |s_out|=0.00011 d_s_out=-0.00005 conf=0.974 present=0 armed=0 latched=1 health=1
[INFO] [1789419259.795546039] [mhe_node]: [s-decay] n=11 |s_est|=0.00044 |s_target|=0.00000 |s_out|=0.00007 d_s_out=-0.00004 conf=0.982 present=0 armed=0 latched=1 health=1
[INFO] [1789419259.895481260] [mhe_node]: [s-decay] n=12 |s_est|=0.00027 |s_target|=0.00000 |s_out|=0.00005 d_s_out=-0.00002 conf=0.988 present=0 armed=0 latched=1 health=1
[INFO] [1789419259.995566061] [mhe_node]: [s-decay] n=13 |s_est|=0.00019 |s_target|=0.00000 |s_out|=0.00003 d_s_out=-0.00002 conf=0.992 present=0 armed=0 latched=1 health=1
[INFO] [1789419260.095480981] [mhe_node]: [s-decay] n=14 |s_est|=0.00023 |s_target|=0.00000 |s_out|=0.00002 d_s_out=-0.00001 conf=0.995 present=0 armed=0 latched=1 health=1
[INFO] [1789419260.198951338] [mhe_node]: [s-decay] n=15 |s_est|=0.00032 |s_target|=0.00000 |s_out|=0.00001 d_s_out=-0.00001 conf=0.996 present=0 armed=0 latched=1 health=1
[INFO] [1789419260.295640107] [mhe_node]: [s-decay] n=16 |s_est|=0.00040 |s_target|=0.00000 |s_out|=0.00001 d_s_out=-0.00000 conf=0.998 present=0 armed=0 latched=1 health=1
[INFO] [1789419260.395711056] [mhe_node]: MHE mass estimate: 2.054 kg (T_phys=20.14N) | solve=9.3ms (max19.4)
[INFO] [1789419260.396267390] [mhe_node]: [truth] m_hat=2.0537 m_true=2.0643 err=-0.51% | c_hat=[+0.0000,+0.0000] c_true=[+0.0000,+0.0000] | Jxx_hat=0.01420 Jxx_true=0.01420 Jyz_hat=+0.00000 Jyz_true=+0.00000 | s_hat=[-0.0000,+0.0005] s_true=[+0.0000,+0.0000] kg·m
[INFO] [1789419260.396789302] [mhe_node]: [tau_phys] roll=+0.006 pitch=-0.001 Nm
[INFO] [1789419260.397387580] [mhe_node]: [mass-diag] m_est=2.0537 T=20.137N tilt=1.35deg cos=0.99972 | T/g=2.0527 T*cos/g=2.0521 | m_est-T*cos/g=+0.0016kg (+0.08%) vz=-0.105
[INFO] [1789419260.397970247] [mhe_node]: [c_xy_est] cx=-0.0000 cy=+0.0002 m
[INFO] [1789419260.398352652] [mhe_node]: [s-decay] n=17 |s_est|=0.00047 |s_target|=0.00000 |s_out|=0.00001 d_s_out=-0.00000 conf=0.998 present=0 armed=0 latched=1 health=1
[INFO] [1789419260.496970842] [mhe_node]: [s-decay] n=18 |s_est|=0.00051 |s_target|=0.00000 |s_out|=0.00000 d_s_out=-0.00000 conf=0.999 present=0 armed=0 latched=1 health=1
[INFO] [1789419260.594645794] [mhe_node]: [s-decay] n=19 |s_est|=0.00055 |s_target|=0.00000 |s_out|=0.00000 d_s_out=-0.00000 conf=0.999 present=0 armed=0 latched=1 health=1
[INFO] [1789419260.693551633] [mhe_node]: [s-decay] n=20 |s_est|=0.00057 |s_target|=0.00000 |s_out|=0.00000 d_s_out=-0.00000 conf=1.000 present=0 armed=0 latched=1 health=1
[INFO] [1789419260.793531481] [mhe_node]: [s-decay] n=21 |s_est|=0.00058 |s_target|=0.00000 |s_out|=0.00000 d_s_out=-0.00000 conf=1.000 present=0 armed=0 latched=1 health=1
[INFO] [1789419260.893503337] [mhe_node]: [s-decay] n=22 |s_est|=0.00059 |s_target|=0.00000 |s_out|=0.00000 d_s_out=-0.00000 conf=1.000 present=0 armed=0 latched=1 health=1
[INFO] [1789419260.991855570] [mhe_node]: [s-decay] n=23 |s_est|=0.00058 |s_target|=0.00000 |s_out|=0.00000 d_s_out=-0.00000 conf=1.000 present=0 armed=0 latched=1 health=1
[INFO] [1789419261.093608122] [mhe_node]: [s-decay] n=24 |s_est|=0.00057 |s_target|=0.00000 |s_out|=0.00000 d_s_out=-0.00000 conf=1.000 present=0 armed=0 latched=1 health=1
[INFO] [1789419261.193645625] [mhe_node]: [s-decay] n=25 |s_est|=0.00056 |s_target|=0.00000 |s_out|=0.00000 d_s_out=-0.00000 conf=1.000 present=0 armed=0 latched=1 health=1
[INFO] [1789419261.293574768] [mhe_node]: [s-decay] n=26 |s_est|=0.00054 |s_target|=0.00000 |s_out|=0.00000 d_s_out=-0.00000 conf=1.000 present=0 armed=0 latched=1 health=1
[INFO] [1789419261.394150642] [mhe_node]: [s-decay] n=27 |s_est|=0.00051 |s_target|=0.00000 |s_out|=0.00000 d_s_out=-0.00000 conf=1.000 present=0 armed=0 latched=1 health=1
[INFO] [1789419261.493687642] [mhe_node]: [s-decay] n=28 |s_est|=0.00049 |s_target|=0.00000 |s_out|=0.00000 d_s_out=-0.00000 conf=1.000 present=0 armed=0 latched=1 health=1
[INFO] [1789419261.593684963] [mhe_node]: [s-decay] n=29 |s_est|=0.00046 |s_target|=0.00000 |s_out|=0.00000 d_s_out=-0.00000 conf=1.000 present=0 armed=0 latched=1 health=1
[INFO] [1789419261.693592887] [mhe_node]: [s-decay] n=30 |s_est|=0.00043 |s_target|=0.00000 |s_out|=0.00000 d_s_out=-0.00000 conf=1.000 present=0 armed=0 latched=1 health=1
[INFO] [1789419261.791770421] [mhe_node]: [s-decay] n=31 |s_est|=0.00041 |s_target|=0.00000 |s_out|=0.00000 d_s_out=-0.00000 conf=1.000 present=0 armed=0 latched=1 health=1
[INFO] [1789419261.891728239] [mhe_node]: [s-decay] n=32 |s_est|=0.00039 |s_target|=0.00000 |s_out|=0.00000 d_s_out=-0.00000 conf=1.000 present=0 armed=0 latched=1 health=1
[INFO] [1789419261.993619282] [mhe_node]: [s-decay] n=33 |s_est|=0.00037 |s_target|=0.00000 |s_out|=0.00000 d_s_out=-0.00000 conf=1.000 present=0 armed=0 latched=1 health=1
[INFO] [1789419262.094902357] [mhe_node]: [s-decay] n=34 |s_est|=0.00035 |s_target|=0.00000 |s_out|=0.00000 d_s_out=-0.00000 conf=1.000 present=0 armed=0 latched=1 health=1
[INFO] [1789419262.193557356] [mhe_node]: [s-decay] n=35 |s_est|=0.00033 |s_target|=0.00000 |s_out|=0.00000 d_s_out=-0.00000 conf=1.000 present=0 armed=0 latched=1 health=1
[INFO] [1789419262.293729520] [mhe_node]: [s-decay] n=36 |s_est|=0.00032 |s_target|=0.00000 |s_out|=0.00000 d_s_out=-0.00000 conf=1.000 present=0 armed=0 latched=1 health=1
[INFO] [1789419262.396064687] [mhe_node]: MHE mass estimate: 2.059 kg (T_phys=20.24N) | solve=5.0ms (max7.9)
[INFO] [1789419262.396614605] [mhe_node]: [truth] m_hat=2.0586 m_true=2.0643 err=-0.28% | c_hat=[+0.0000,+0.0000] c_true=[+0.0000,+0.0000] | Jxx_hat=0.01420 Jxx_true=0.01420 Jyz_hat=+0.00000 Jyz_true=+0.00000 | s_hat=[-0.0002,+0.0002] s_true=[+0.0000,+0.0000] kg·m
[INFO] [1789419262.397137030] [mhe_node]: [tau_phys] roll=-0.001 pitch=+0.002 Nm
[INFO] [1789419262.397726369] [mhe_node]: [mass-diag] m_est=2.0586 T=20.243N tilt=1.60deg cos=0.99961 | T/g=2.0635 T*cos/g=2.0627 | m_est-T*cos/g=-0.0042kg (-0.20%) vz=-0.089
[INFO] [1789419262.398311508] [mhe_node]: [c_xy_est] cx=-0.0001 cy=+0.0001 m
[INFO] [1789419262.398684741] [mhe_node]: [s-decay] n=37 |s_est|=0.00030 |s_target|=0.00000 |s_out|=0.00000 d_s_out=-0.00000 conf=1.000 present=0 armed=0 latched=1 health=1
[INFO] [1789419262.494266932] [mhe_node]: [s-decay] n=38 |s_est|=0.00029 |s_target|=0.00000 |s_out|=0.00000 d_s_out=-0.00000 conf=1.000 present=0 armed=0 latched=1 health=1
[INFO] [1789419262.593276175] [mhe_node]: [s-decay] n=39 |s_est|=0.00028 |s_target|=0.00000 |s_out|=0.00000 d_s_out=-0.00000 conf=1.000 present=0 armed=0 latched=1 health=1
[INFO] [1789419262.693283316] [mhe_node]: [s-decay] n=40 |s_est|=0.00026 |s_target|=0.00000 |s_out|=0.00000 d_s_out=-0.00000 conf=1.000 present=0 armed=0 latched=1 health=1
[INFO] [1789419262.792518826] [mhe_node]: [s-decay] n=41 |s_est|=0.00025 |s_target|=0.00000 |s_out|=0.00000 d_s_out=-0.00000 conf=1.000 present=0 armed=0 latched=1 health=1
[INFO] [1789419262.891165022] [mhe_node]: [s-decay] n=42 |s_est|=0.00023 |s_target|=0.00000 |s_out|=0.00000 d_s_out=-0.00000 conf=1.000 present=0 armed=0 latched=1 health=1
[INFO] [1789419262.992502411] [mhe_node]: [s-decay] n=43 |s_est|=0.00022 |s_target|=0.00000 |s_out|=0.00000 d_s_out=-0.00000 conf=1.000 present=0 armed=0 latched=1 health=1
[INFO] [1789419263.092660396] [mhe_node]: [s-decay] n=44 |s_est|=0.00020 |s_target|=0.00000 |s_out|=0.00000 d_s_out=-0.00000 conf=1.000 present=0 armed=0 latched=1 health=1
[INFO] [1789419263.193472570] [mhe_node]: [s-decay] n=45 |s_est|=0.00019 |s_target|=0.00000 |s_out|=0.00000 d_s_out=-0.00000 conf=1.000 present=0 armed=0 latched=1 health=1
[INFO] [1789419263.293649980] [mhe_node]: [s-decay] n=46 |s_est|=0.00017 |s_target|=0.00000 |s_out|=0.00000 d_s_out=-0.00000 conf=1.000 present=0 armed=0 latched=1 health=1
[INFO] [1789419263.394670566] [mhe_node]: [s-decay] n=47 |s_est|=0.00015 |s_target|=0.00000 |s_out|=0.00000 d_s_out=-0.00000 conf=1.000 present=0 armed=0 latched=1 health=1
[INFO] [1789419263.493387259] [mhe_node]: [s-decay] n=48 |s_est|=0.00014 |s_target|=0.00000 |s_out|=0.00000 d_s_out=-0.00000 conf=1.000 present=0 armed=0 latched=1 health=1
[INFO] [1789419263.591494701] [mhe_node]: [s-decay] n=49 |s_est|=0.00012 |s_target|=0.00000 |s_out|=0.00000 d_s_out=-0.00000 conf=1.000 present=0 armed=0 latched=1 health=1
[INFO] [1789419263.694189530] [mhe_node]: [s-decay] n=50 |s_est|=0.00010 |s_target|=0.00000 |s_out|=0.00000 d_s_out=-0.00000 conf=1.000 present=0 armed=0 latched=1 health=1
[INFO] [1789419263.792266600] [mhe_node]: [s-decay] n=51 |s_est|=0.00010 |s_target|=0.00000 |s_out|=0.00000 d_s_out=-0.00000 conf=1.000 present=0 armed=0 latched=1 health=1
[INFO] [1789419263.893286357] [mhe_node]: [s-decay] n=52 |s_est|=0.00009 |s_target|=0.00000 |s_out|=0.00000 d_s_out=-0.00000 conf=1.000 present=0 armed=0 latched=1 health=1
[INFO] [1789419263.993488540] [mhe_node]: [s-decay] n=53 |s_est|=0.00008 |s_target|=0.00000 |s_out|=0.00000 d_s_out=-0.00000 conf=1.000 present=0 armed=0 latched=1 health=1
[INFO] [1789419264.093547747] [mhe_node]: [s-decay] n=54 |s_est|=0.00008 |s_target|=0.00000 |s_out|=0.00000 d_s_out=-0.00000 conf=1.000 present=0 armed=0 latched=1 health=1
[INFO] [1789419264.193323534] [mhe_node]: [s-decay] n=55 |s_est|=0.00008 |s_target|=0.00000 |s_out|=0.00000 d_s_out=-0.00000 conf=1.000 present=0 armed=0 latched=1 health=1
[INFO] [1789419264.293419902] [mhe_node]: [s-decay] n=56 |s_est|=0.00007 |s_target|=0.00000 |s_out|=0.00000 d_s_out=-0.00000 conf=1.000 present=0 armed=0 latched=1 health=1
[INFO] [1789419264.394572259] [mhe_node]: MHE mass estimate: 2.059 kg (T_phys=20.23N) | solve=4.4ms (max5.8)
[INFO] [1789419264.395124056] [mhe_node]: [truth] m_hat=2.0590 m_true=2.0643 err=-0.26% | c_hat=[+0.0000,+0.0000] c_true=[+0.0000,+0.0000] | Jxx_hat=0.01420 Jxx_true=0.01420 Jyz_hat=+0.00000 Jyz_true=+0.00000 | s_hat=[-0.0001,+0.0000] s_true=[+0.0000,+0.0000] kg·m
[INFO] [1789419264.395643079] [mhe_node]: [tau_phys] roll=-0.000 pitch=+0.001 Nm
[INFO] [1789419264.396237900] [mhe_node]: [mass-diag] m_est=2.0590 T=20.231N tilt=1.80deg cos=0.99951 | T/g=2.0623 T*cos/g=2.0613 | m_est-T*cos/g=-0.0023kg (-0.11%) vz=-0.064
[INFO] [1789419264.396822294] [mhe_node]: [c_xy_est] cx=-0.0000 cy=+0.0000 m
[INFO] [1789419264.397197270] [mhe_node]: [s-decay] n=57 |s_est|=0.00007 |s_target|=0.00000 |s_out|=0.00000 d_s_out=-0.00000 conf=1.000 present=0 armed=0 latched=1 health=1
[INFO] [1789419264.493290854] [mhe_node]: [s-decay] n=58 |s_est|=0.00007 |s_target|=0.00000 |s_out|=0.00000 d_s_out=-0.00000 conf=1.000 present=0 armed=0 latched=1 health=1
[INFO] [1789419264.592473344] [mhe_node]: [s-decay] n=59 |s_est|=0.00006 |s_target|=0.00000 |s_out|=0.00000 d_s_out=-0.00000 conf=1.000 present=0 armed=0 latched=1 health=1
[INFO] [1789419264.693335051] [mhe_node]: [s-decay] n=60 |s_est|=0.00006 |s_target|=0.00000 |s_out|=0.00000 d_s_out=-0.00000 conf=1.000 present=0 armed=0 latched=1 health=1
[INFO] [1789419264.792433700] [mhe_node]: [s-decay] n=61 |s_est|=0.00006 |s_target|=0.00000 |s_out|=0.00000 d_s_out=-0.00000 conf=1.000 present=0 armed=0 latched=1 health=1
[INFO] [1789419264.892399999] [mhe_node]: [s-decay] n=62 |s_est|=0.00005 |s_target|=0.00000 |s_out|=0.00000 d_s_out=-0.00000 conf=1.000 present=0 armed=0 latched=1 health=1
[INFO] [1789419264.992600132] [mhe_node]: [s-decay] n=63 |s_est|=0.00005 |s_target|=0.00000 |s_out|=0.00000 d_s_out=-0.00000 conf=1.000 present=0 armed=0 latched=1 health=1
[INFO] [1789419265.093813737] [mhe_node]: [s-decay] n=64 |s_est|=0.00005 |s_target|=0.00000 |s_out|=0.00000 d_s_out=-0.00000 conf=1.000 present=0 armed=0 latched=1 health=1
[INFO] [1789419265.193496297] [mhe_node]: [s-decay] n=65 |s_est|=0.00004 |s_target|=0.00000 |s_out|=0.00000 d_s_out=-0.00000 conf=1.000 present=0 armed=0 latched=1 health=1
[INFO] [1789419265.292589378] [mhe_node]: [s-decay] n=66 |s_est|=0.00004 |s_target|=0.00000 |s_out|=0.00000 d_s_out=-0.00000 conf=1.000 present=0 armed=0 latched=1 health=1
[INFO] [1789419265.392872204] [mhe_node]: [s-decay] n=67 |s_est|=0.00003 |s_target|=0.00000 |s_out|=0.00000 d_s_out=-0.00000 conf=1.000 present=0 armed=0 latched=1 health=1
[INFO] [1789419265.492575097] [mhe_node]: [s-decay] n=68 |s_est|=0.00003 |s_target|=0.00000 |s_out|=0.00000 d_s_out=-0.00000 conf=1.000 present=0 armed=0 latched=1 health=1
[INFO] [1789419265.592593876] [mhe_node]: [s-decay] n=69 |s_est|=0.00003 |s_target|=0.00000 |s_out|=0.00000 d_s_out=-0.00000 conf=1.000 present=0 armed=0 latched=1 health=1
[INFO] [1789419265.693346685] [mhe_node]: [s-decay] n=70 |s_est|=0.00003 |s_target|=0.00000 |s_out|=0.00000 d_s_out=-0.00000 conf=1.000 present=0 armed=0 latched=1 health=1
[INFO] [1789419265.795528058] [mhe_node]: [s-decay] n=71 |s_est|=0.00004 |s_target|=0.00000 |s_out|=0.00000 d_s_out=-0.00000 conf=1.000 present=0 armed=0 latched=1 health=1
[INFO] [1789419265.894618253] [mhe_node]: [s-decay] n=72 |s_est|=0.00004 |s_target|=0.00000 |s_out|=0.00000 d_s_out=-0.00000 conf=1.000 present=0 armed=0 latched=1 health=1
[INFO] [1789419265.993377016] [mhe_node]: [s-decay] n=73 |s_est|=0.00005 |s_target|=0.00000 |s_out|=0.00000 d_s_out=-0.00000 conf=1.000 present=0 armed=0 latched=1 health=1
[INFO] [1789419266.092297453] [mhe_node]: [s-decay] n=74 |s_est|=0.00006 |s_target|=0.00000 |s_out|=0.00000 d_s_out=-0.00000 conf=1.000 present=0 armed=0 latched=1 health=1
[INFO] [1789419266.191765409] [mhe_node]: [s-decay] n=75 |s_est|=0.00006 |s_target|=0.00000 |s_out|=0.00000 d_s_out=-0.00000 conf=1.000 present=0 armed=0 latched=1 health=1
[INFO] [1789419266.294956996] [mhe_node]: [s-decay] n=76 |s_est|=0.00006 |s_target|=0.00000 |s_out|=0.00000 d_s_out=-0.00000 conf=1.000 present=0 armed=0 latched=1 health=1
[INFO] [1789419266.392622195] [mhe_node]: MHE mass estimate: 2.058 kg (T_phys=20.20N) | solve=4.3ms (max6.7)
[INFO] [1789419266.393014049] [mhe_node]: [truth] m_hat=2.0581 m_true=2.0643 err=-0.30% | c_hat=[+0.0000,+0.0000] c_true=[+0.0000,+0.0000] | Jxx_hat=0.01420 Jxx_true=0.01420 Jyz_hat=+0.00000 Jyz_true=+0.00000 | s_hat=[+0.0000,-0.0001] s_true=[+0.0000,+0.0000] kg·m
[INFO] [1789419266.393376836] [mhe_node]: [tau_phys] roll=-0.001 pitch=-0.000 Nm
[INFO] [1789419266.393792043] [mhe_node]: [mass-diag] m_est=2.0581 T=20.196N tilt=1.37deg cos=0.99971 | T/g=2.0587 T*cos/g=2.0581 | m_est-T*cos/g=-0.0000kg (-0.00%) vz=-0.055
[INFO] [1789419266.394192195] [mhe_node]: [c_xy_est] cx=+0.0000 cy=-0.0000 m
[INFO] [1789419266.394470315] [mhe_node]: [s-decay] n=77 |s_est|=0.00007 |s_target|=0.00000 |s_out|=0.00000 d_s_out=-0.00000 conf=1.000 present=0 armed=0 latched=1 health=1
[INFO] [1789419266.493528787] [mhe_node]: [s-decay] n=78 |s_est|=0.00008 |s_target|=0.00000 |s_out|=0.00000 d_s_out=-0.00000 conf=1.000 present=0 armed=0 latched=1 health=1
[INFO] [1789419266.593766743] [mhe_node]: [s-decay] n=79 |s_est|=0.00008 |s_target|=0.00000 |s_out|=0.00000 d_s_out=-0.00000 conf=1.000 present=0 armed=0 latched=1 health=1
[INFO] [1789419266.693587881] [mhe_node]: [s-decay] n=80 |s_est|=0.00009 |s_target|=0.00000 |s_out|=0.00000 d_s_out=-0.00000 conf=1.000 present=0 armed=0 latched=1 health=1
[INFO] [1789419266.792498672] [mhe_node]: [s-decay] n=81 |s_est|=0.00010 |s_target|=0.00000 |s_out|=0.00000 d_s_out=-0.00000 conf=1.000 present=0 armed=0 latched=1 health=1
[INFO] [1789419266.893417656] [mhe_node]: [s-decay] n=82 |s_est|=0.00011 |s_target|=0.00000 |s_out|=0.00000 d_s_out=-0.00000 conf=1.000 present=0 armed=0 latched=1 health=1
[INFO] [1789419266.995514001] [mhe_node]: [s-decay] n=83 |s_est|=0.00012 |s_target|=0.00000 |s_out|=0.00000 d_s_out=-0.00000 conf=1.000 present=0 armed=0 latched=1 health=1
[INFO] [1789419267.093357283] [mhe_node]: [s-decay] n=84 |s_est|=0.00013 |s_target|=0.00000 |s_out|=0.00000 d_s_out=-0.00000 conf=1.000 present=0 armed=0 latched=1 health=1
[INFO] [1789419267.193365820] [mhe_node]: [s-decay] n=85 |s_est|=0.00013 |s_target|=0.00000 |s_out|=0.00000 d_s_out=-0.00000 conf=1.000 present=0 armed=0 latched=1 health=1
[INFO] [1789419267.294332351] [mhe_node]: [s-decay] n=86 |s_est|=0.00016 |s_target|=0.00000 |s_out|=0.00000 d_s_out=-0.00000 conf=1.000 present=0 armed=0 latched=1 health=1
[INFO] [1789419267.394283110] [mhe_node]: [s-decay] n=87 |s_est|=0.00031 |s_target|=0.00000 |s_out|=0.00000 d_s_out=-0.00000 conf=1.000 present=0 armed=0 latched=1 health=1
[INFO] [1789419267.498411084] [mhe_node]: [s-decay] n=88 |s_est|=0.00044 |s_target|=0.00000 |s_out|=0.00000 d_s_out=-0.00000 conf=1.000 present=0 armed=0 latched=1 health=1
[INFO] [1789419267.594319742] [mhe_node]: [s-decay] n=89 |s_est|=0.00045 |s_target|=0.00000 |s_out|=0.00000 d_s_out=-0.00000 conf=1.000 present=0 armed=0 latched=1 health=1
[INFO] [1789419267.694382874] [mhe_node]: [s-decay] n=90 |s_est|=0.00043 |s_target|=0.00000 |s_out|=0.00000 d_s_out=-0.00000 conf=1.000 present=0 armed=0 latched=1 health=1
[INFO] [1789419267.793357417] [mhe_node]: [s-decay] n=91 |s_est|=0.00045 |s_target|=0.00000 |s_out|=0.00000 d_s_out=-0.00000 conf=1.000 present=0 armed=0 latched=1 health=1
[INFO] [1789419267.893337050] [mhe_node]: [s-decay] n=92 |s_est|=0.00050 |s_target|=0.00000 |s_out|=0.00000 d_s_out=-0.00000 conf=1.000 present=0 armed=0 latched=1 health=1
[INFO] [1789419268.002105891] [mhe_node]: [s-decay] n=93 |s_est|=0.00055 |s_target|=0.00000 |s_out|=0.00000 d_s_out=-0.00000 conf=1.000 present=0 armed=0 latched=1 health=1
[INFO] [1789419268.096738925] [mhe_node]: [s-decay] n=94 |s_est|=0.00059 |s_target|=0.00000 |s_out|=0.00000 d_s_out=-0.00000 conf=1.000 present=0 armed=0 latched=1 health=1
[INFO] [1789419268.195413333] [mhe_node]: [s-decay] n=95 |s_est|=0.00061 |s_target|=0.00000 |s_out|=0.00000 d_s_out=-0.00000 conf=1.000 present=0 armed=0 latched=1 health=1
[INFO] [1789419268.293659623] [mhe_node]: [s-decay] n=96 |s_est|=0.00061 |s_target|=0.00000 |s_out|=0.00000 d_s_out=-0.00000 conf=1.000 present=0 armed=0 latched=1 health=1
[INFO] [1789419268.393755240] [mhe_node]: MHE mass estimate: 2.058 kg (T_phys=20.20N) | solve=5.8ms (max13.3)
[INFO] [1789419268.394303292] [mhe_node]: [truth] m_hat=2.0579 m_true=2.0643 err=-0.31% | c_hat=[+0.0000,+0.0000] c_true=[+0.0000,+0.0000] | Jxx_hat=0.01420 Jxx_true=0.01420 Jyz_hat=+0.00000 Jyz_true=+0.00000 | s_hat=[+0.0006,+0.0001] s_true=[+0.0000,+0.0000] kg·m
[INFO] [1789419268.394821862] [mhe_node]: [tau_phys] roll=+0.000 pitch=+0.014 Nm
[INFO] [1789419268.395413221] [mhe_node]: [mass-diag] m_est=2.0579 T=20.201N tilt=0.54deg cos=0.99996 | T/g=2.0592 T*cos/g=2.0591 | m_est-T*cos/g=-0.0012kg (-0.06%) vz=-0.050
[INFO] [1789419268.395996639] [mhe_node]: [c_xy_est] cx=+0.0003 cy=+0.0000 m
[INFO] [1789419268.396383787] [mhe_node]: [s-decay] n=97 |s_est|=0.00059 |s_target|=0.00000 |s_out|=0.00000 d_s_out=-0.00000 conf=1.000 present=0 armed=0 latched=1 health=1
[INFO] [1789419268.494752635] [mhe_node]: [s-decay] n=98 |s_est|=0.00053 |s_target|=0.00000 |s_out|=0.00000 d_s_out=-0.00000 conf=1.000 present=0 armed=0 latched=1 health=1
[INFO] [1789419268.594655150] [mhe_node]: [s-decay] n=99 |s_est|=0.00047 |s_target|=0.00000 |s_out|=0.00000 d_s_out=-0.00000 conf=1.000 present=0 armed=0 latched=1 health=1
[INFO] [1789419268.695604245] [mhe_node]: [s-decay] n=100 |s_est|=0.00037 |s_target|=0.00000 |s_out|=0.00000 d_s_out=-0.00000 conf=1.000 present=0 armed=0 latched=1 health=1
[INFO] [1789419270.393441473] [mhe_node]: MHE mass estimate: 2.061 kg (T_phys=20.21N) | solve=5.6ms (max9.0)
[INFO] [1789419270.394116067] [mhe_node]: [truth] m_hat=2.0608 m_true=2.0643 err=-0.17% | c_hat=[+0.0000,+0.0000] c_true=[+0.0000,+0.0000] | Jxx_hat=0.01420 Jxx_true=0.01420 Jyz_hat=+0.00000 Jyz_true=+0.00000 | s_hat=[-0.0008,-0.0001] s_true=[+0.0000,+0.0000] kg·m
[INFO] [1789419270.394638110] [mhe_node]: [tau_phys] roll=-0.001 pitch=-0.000 Nm
[INFO] [1789419270.395232343] [mhe_node]: [mass-diag] m_est=2.0608 T=20.214N tilt=0.94deg cos=0.99986 | T/g=2.0605 T*cos/g=2.0603 | m_est-T*cos/g=+0.0005kg (+0.03%) vz=-0.018
[INFO] [1789419270.395820575] [mhe_node]: [c_xy_est] cx=-0.0004 cy=-0.0000 m
[INFO] [1789419272.393755771] [mhe_node]: MHE mass estimate: 2.061 kg (T_phys=20.21N) | solve=4.8ms (max7.8)
[INFO] [1789419272.394309831] [mhe_node]: [truth] m_hat=2.0606 m_true=2.0643 err=-0.18% | c_hat=[+0.0000,+0.0000] c_true=[+0.0000,+0.0000] | Jxx_hat=0.01420 Jxx_true=0.01420 Jyz_hat=+0.00000 Jyz_true=+0.00000 | s_hat=[-0.0005,-0.0001] s_true=[+0.0000,+0.0000] kg·m
[INFO] [1789419272.394826360] [mhe_node]: [tau_phys] roll=+0.002 pitch=+0.004 Nm
[INFO] [1789419272.395427389] [mhe_node]: [mass-diag] m_est=2.0606 T=20.210N tilt=1.01deg cos=0.99985 | T/g=2.0601 T*cos/g=2.0598 | m_est-T*cos/g=+0.0008kg (+0.04%) vz=-0.021
[INFO] [1789419272.396010542] [mhe_node]: [c_xy_est] cx=-0.0003 cy=-0.0000 m
[INFO] [1789419274.392525666] [mhe_node]: MHE mass estimate: 2.061 kg (T_phys=20.19N) | solve=4.6ms (max8.8)
[INFO] [1789419274.393065547] [mhe_node]: [truth] m_hat=2.0611 m_true=2.0643 err=-0.15% | c_hat=[+0.0000,+0.0000] c_true=[+0.0000,+0.0000] | Jxx_hat=0.01420 Jxx_true=0.01420 Jyz_hat=+0.00000 Jyz_true=+0.00000 | s_hat=[-0.0003,+0.0000] s_true=[+0.0000,+0.0000] kg·m
[INFO] [1789419274.393592791] [mhe_node]: [tau_phys] roll=-0.000 pitch=+0.000 Nm
[INFO] [1789419274.394187900] [mhe_node]: [mass-diag] m_est=2.0611 T=20.185N tilt=1.03deg cos=0.99984 | T/g=2.0576 T*cos/g=2.0573 | m_est-T*cos/g=+0.0038kg (+0.19%) vz=-0.018
[INFO] [1789419274.394770586] [mhe_node]: [c_xy_est] cx=-0.0001 cy=+0.0000 m
[INFO] [1789419276.393485223] [mhe_node]: MHE mass estimate: 2.063 kg (T_phys=20.21N) | solve=4.4ms (max6.6)
[INFO] [1789419276.394025243] [mhe_node]: [truth] m_hat=2.0634 m_true=2.0643 err=-0.05% | c_hat=[+0.0000,+0.0000] c_true=[+0.0000,+0.0000] | Jxx_hat=0.01420 Jxx_true=0.01420 Jyz_hat=+0.00000 Jyz_true=+0.00000 | s_hat=[-0.0004,-0.0000] s_true=[+0.0000,+0.0000] kg·m
[INFO] [1789419276.394547456] [mhe_node]: [tau_phys] roll=-0.004 pitch=+0.001 Nm
[INFO] [1789419276.395143516] [mhe_node]: [mass-diag] m_est=2.0634 T=20.207N tilt=0.70deg cos=0.99992 | T/g=2.0598 T*cos/g=2.0596 | m_est-T*cos/g=+0.0037kg (+0.18%) vz=-0.008
[INFO] [1789419276.395739049] [mhe_node]: [c_xy_est] cx=-0.0002 cy=-0.0000 m
[INFO] [1789419278.393602817] [mhe_node]: MHE mass estimate: 2.061 kg (T_phys=20.28N) | solve=4.4ms (max7.7)
[INFO] [1789419278.394159124] [mhe_node]: [truth] m_hat=2.0611 m_true=2.0643 err=-0.16% | c_hat=[+0.0000,+0.0000] c_true=[+0.0000,+0.0000] | Jxx_hat=0.01420 Jxx_true=0.01420 Jyz_hat=+0.00000 Jyz_true=+0.00000 | s_hat=[-0.0004,-0.0000] s_true=[+0.0000,+0.0000] kg·m
[INFO] [1789419278.394680936] [mhe_node]: [tau_phys] roll=+0.001 pitch=+0.003 Nm
[INFO] [1789419278.395281704] [mhe_node]: [mass-diag] m_est=2.0611 T=20.278N tilt=0.77deg cos=0.99991 | T/g=2.0671 T*cos/g=2.0669 | m_est-T*cos/g=-0.0058kg (-0.28%) vz=-0.020
[INFO] [1789419278.395872198] [mhe_node]: [c_xy_est] cx=-0.0002 cy=-0.0000 m
[INFO] [1789419280.392497878] [mhe_node]: MHE mass estimate: 2.063 kg (T_phys=20.26N) | solve=3.6ms (max4.8)
[INFO] [1789419280.393043562] [mhe_node]: [truth] m_hat=2.0627 m_true=2.0643 err=-0.08% | c_hat=[+0.0000,+0.0000] c_true=[+0.0000,+0.0000] | Jxx_hat=0.01420 Jxx_true=0.01420 Jyz_hat=+0.00000 Jyz_true=+0.00000 | s_hat=[-0.0001,+0.0001] s_true=[+0.0000,+0.0000] kg·m
[INFO] [1789419280.393569620] [mhe_node]: [tau_phys] roll=+0.001 pitch=+0.005 Nm
[INFO] [1789419280.394163611] [mhe_node]: [mass-diag] m_est=2.0627 T=20.262N tilt=0.73deg cos=0.99992 | T/g=2.0655 T*cos/g=2.0653 | m_est-T*cos/g=-0.0027kg (-0.13%) vz=-0.001
[INFO] [1789419280.394750333] [mhe_node]: [c_xy_est] cx=-0.0001 cy=+0.0000 m
[INFO] [1789419281.088274064] [mhe_node]: [c_xy-clamp] 越界剔除 0/600 (0.0%) 上限 0.0390 kg·m clamp=1
[INFO] [1789419282.392577533] [mhe_node]: MHE mass estimate: 2.060 kg (T_phys=20.23N) | solve=4.1ms (max6.6)
[INFO] [1789419282.393124788] [mhe_node]: [truth] m_hat=2.0604 m_true=2.0643 err=-0.19% | c_hat=[+0.0000,+0.0000] c_true=[+0.0000,+0.0000] | Jxx_hat=0.01420 Jxx_true=0.01420 Jyz_hat=+0.00000 Jyz_true=+0.00000 | s_hat=[-0.0004,+0.0000] s_true=[+0.0000,+0.0000] kg·m
[INFO] [1789419282.393644903] [mhe_node]: [tau_phys] roll=+0.001 pitch=+0.005 Nm
[INFO] [1789419282.394238215] [mhe_node]: [mass-diag] m_est=2.0604 T=20.232N tilt=1.10deg cos=0.99982 | T/g=2.0624 T*cos/g=2.0620 | m_est-T*cos/g=-0.0016kg (-0.08%) vz=-0.027
[INFO] [1789419282.394820709] [mhe_node]: [c_xy_est] cx=-0.0002 cy=+0.0000 m
[INFO] [1789419284.391044926] [mhe_node]: MHE mass estimate: 2.062 kg (T_phys=20.28N) | solve=4.0ms (max5.6)
[INFO] [1789419284.391443642] [mhe_node]: [truth] m_hat=2.0620 m_true=2.0643 err=-0.11% | c_hat=[+0.0000,+0.0000] c_true=[+0.0000,+0.0000] | Jxx_hat=0.01420 Jxx_true=0.01420 Jyz_hat=+0.00000 Jyz_true=+0.00000 | s_hat=[-0.0002,-0.0000] s_true=[+0.0000,+0.0000] kg·m
[INFO] [1789419284.391809793] [mhe_node]: [tau_phys] roll=+0.003 pitch=+0.006 Nm
[INFO] [1789419284.392226745] [mhe_node]: [mass-diag] m_est=2.0620 T=20.276N tilt=1.01deg cos=0.99984 | T/g=2.0669 T*cos/g=2.0666 | m_est-T*cos/g=-0.0046kg (-0.22%) vz=-0.019
[INFO] [1789419284.392631624] [mhe_node]: [c_xy_est] cx=-0.0001 cy=-0.0000 m
[INFO] [1789419286.391669924] [mhe_node]: MHE mass estimate: 2.061 kg (T_phys=20.25N) | solve=4.1ms (max7.6)
[INFO] [1789419286.392065177] [mhe_node]: [truth] m_hat=2.0612 m_true=2.0643 err=-0.15% | c_hat=[+0.0000,+0.0000] c_true=[+0.0000,+0.0000] | Jxx_hat=0.01420 Jxx_true=0.01420 Jyz_hat=+0.00000 Jyz_true=+0.00000 | s_hat=[-0.0003,-0.0000] s_true=[+0.0000,+0.0000] kg·m
[INFO] [1789419286.392431781] [mhe_node]: [tau_phys] roll=-0.003 pitch=+0.007 Nm
[INFO] [1789419286.392850523] [mhe_node]: [mass-diag] m_est=2.0612 T=20.247N tilt=0.81deg cos=0.99990 | T/g=2.0640 T*cos/g=2.0638 | m_est-T*cos/g=-0.0026kg (-0.12%) vz=-0.007
[INFO] [1789419286.393256757] [mhe_node]: [c_xy_est] cx=-0.0001 cy=-0.0000 m
[INFO] [1789419288.393561608] [mhe_node]: MHE mass estimate: 2.061 kg (T_phys=20.23N) | solve=4.6ms (max7.8)
[INFO] [1789419288.394252397] [mhe_node]: [truth] m_hat=2.0612 m_true=2.0643 err=-0.15% | c_hat=[+0.0000,+0.0000] c_true=[+0.0000,+0.0000] | Jxx_hat=0.01420 Jxx_true=0.01420 Jyz_hat=+0.00000 Jyz_true=+0.00000 | s_hat=[-0.0004,+0.0000] s_true=[+0.0000,+0.0000] kg·m
[INFO] [1789419288.394778738] [mhe_node]: [tau_phys] roll=+0.000 pitch=+0.004 Nm
[INFO] [1789419288.395381855] [mhe_node]: [mass-diag] m_est=2.0612 T=20.233N tilt=0.79deg cos=0.99990 | T/g=2.0625 T*cos/g=2.0623 | m_est-T*cos/g=-0.0011kg (-0.05%) vz=-0.017
[INFO] [1789419288.395966738] [mhe_node]: [c_xy_est] cx=-0.0002 cy=+0.0000 m
[INFO] [1789419290.394822567] [mhe_node]: MHE mass estimate: 2.060 kg (T_phys=20.24N) | solve=4.3ms (max8.7)
[INFO] [1789419290.395374605] [mhe_node]: [truth] m_hat=2.0601 m_true=2.0643 err=-0.20% | c_hat=[+0.0000,+0.0000] c_true=[+0.0000,+0.0000] | Jxx_hat=0.01420 Jxx_true=0.01420 Jyz_hat=+0.00000 Jyz_true=+0.00000 | s_hat=[-0.0004,+0.0000] s_true=[+0.0000,+0.0000] kg·m
[INFO] [1789419290.395897867] [mhe_node]: [tau_phys] roll=-0.004 pitch=-0.000 Nm
[INFO] [1789419290.396496235] [mhe_node]: [mass-diag] m_est=2.0601 T=20.244N tilt=0.82deg cos=0.99990 | T/g=2.0636 T*cos/g=2.0634 | m_est-T*cos/g=-0.0033kg (-0.16%) vz=-0.007
[INFO] [1789419290.397080097] [mhe_node]: [c_xy_est] cx=-0.0002 cy=+0.0000 m
[INFO] [1789419292.397992171] [mhe_node]: MHE mass estimate: 2.050 kg (T_phys=20.24N) | solve=8.6ms (max16.1)
[INFO] [1789419292.398537930] [mhe_node]: [truth] m_hat=2.0504 m_true=2.0643 err=-0.68% | c_hat=[+0.0000,+0.0000] c_true=[+0.0000,+0.0000] | Jxx_hat=0.01420 Jxx_true=0.01420 Jyz_hat=+0.00000 Jyz_true=+0.00000 | s_hat=[-0.0016,+0.0001] s_true=[+0.0000,+0.0000] kg·m
[INFO] [1789419292.399057261] [mhe_node]: [tau_phys] roll=+0.018 pitch=+0.038 Nm
[INFO] [1789419292.399650883] [mhe_node]: [mass-diag] m_est=2.0504 T=20.241N tilt=4.24deg cos=0.99726 | T/g=2.0633 T*cos/g=2.0577 | m_est-T*cos/g=-0.0073kg (-0.36%) vz=+0.036
[INFO] [1789419292.400237512] [mhe_node]: [c_xy_est] cx=-0.0007 cy=+0.0000 m
[INFO] [1789419294.393154432] [mhe_node]: MHE mass estimate: 2.053 kg (T_phys=20.38N) | solve=8.3ms (max14.3)
[INFO] [1789419294.393543627] [mhe_node]: [truth] m_hat=2.0533 m_true=2.0643 err=-0.53% | c_hat=[+0.0000,+0.0000] c_true=[+0.0000,+0.0000] | Jxx_hat=0.01420 Jxx_true=0.01420 Jyz_hat=+0.00000 Jyz_true=+0.00000 | s_hat=[-0.0053,+0.0012] s_true=[+0.0000,+0.0000] kg·m
[INFO] [1789419294.393909733] [mhe_node]: [tau_phys] roll=+0.030 pitch=+0.065 Nm
[INFO] [1789419294.394332506] [mhe_node]: [mass-diag] m_est=2.0533 T=20.382N tilt=6.17deg cos=0.99420 | T/g=2.0777 T*cos/g=2.0656 | m_est-T*cos/g=-0.0123kg (-0.60%) vz=+0.148
[INFO] [1789419294.394740299] [mhe_node]: [c_xy_est] cx=-0.0025 cy=+0.0006 m
[INFO] [1789419296.392483159] [mhe_node]: MHE mass estimate: 2.053 kg (T_phys=19.97N) | solve=8.6ms (max13.4)
[INFO] [1789419296.392875843] [mhe_node]: [truth] m_hat=2.0526 m_true=2.0643 err=-0.57% | c_hat=[+0.0000,+0.0000] c_true=[+0.0000,+0.0000] | Jxx_hat=0.01420 Jxx_true=0.01420 Jyz_hat=+0.00000 Jyz_true=+0.00000 | s_hat=[-0.0086,+0.0019] s_true=[+0.0000,+0.0000] kg·m
[INFO] [1789419296.393247292] [mhe_node]: [tau_phys] roll=+0.015 pitch=+0.048 Nm
[INFO] [1789419296.393669377] [mhe_node]: [mass-diag] m_est=2.0526 T=19.972N tilt=7.83deg cos=0.99068 | T/g=2.0359 T*cos/g=2.0169 | m_est-T*cos/g=+0.0357kg (+1.77%) vz=+0.109
[INFO] [1789419296.394081442] [mhe_node]: [c_xy_est] cx=-0.0042 cy=+0.0009 m
[INFO] [1789419298.397143726] [mhe_node]: MHE mass estimate: 2.053 kg (T_phys=20.37N) | solve=8.4ms (max14.6)
[INFO] [1789419298.397537089] [mhe_node]: [truth] m_hat=2.0530 m_true=2.0643 err=-0.55% | c_hat=[+0.0000,+0.0000] c_true=[+0.0000,+0.0000] | Jxx_hat=0.01420 Jxx_true=0.01420 Jyz_hat=+0.00000 Jyz_true=+0.00000 | s_hat=[-0.0057,+0.0022] s_true=[+0.0000,+0.0000] kg·m
[INFO] [1789419298.397900766] [mhe_node]: [tau_phys] roll=+0.050 pitch=+0.051 Nm
[INFO] [1789419298.398320898] [mhe_node]: [mass-diag] m_est=2.0530 T=20.368N tilt=12.08deg cos=0.97785 | T/g=2.0763 T*cos/g=2.0303 | m_est-T*cos/g=+0.0227kg (+1.12%) vz=-0.128
[INFO] [1789419298.398723067] [mhe_node]: [c_xy_est] cx=-0.0028 cy=+0.0010 m
[INFO] [1789419300.405314073] [mhe_node]: MHE mass estimate: 2.032 kg (T_phys=20.11N) | solve=12.1ms (max21.4)
[INFO] [1789419300.405852100] [mhe_node]: [truth] m_hat=2.0324 m_true=2.0643 err=-1.55% | c_hat=[+0.0000,+0.0000] c_true=[+0.0000,+0.0000] | Jxx_hat=0.01420 Jxx_true=0.01420 Jyz_hat=+0.00000 Jyz_true=+0.00000 | s_hat=[-0.0104,+0.0019] s_true=[+0.0000,+0.0000] kg·m
[INFO] [1789419300.406374358] [mhe_node]: [tau_phys] roll=+0.016 pitch=+0.099 Nm
[INFO] [1789419300.406958403] [mhe_node]: [mass-diag] m_est=2.0324 T=20.109N tilt=8.74deg cos=0.98840 | T/g=2.0498 T*cos/g=2.0260 | m_est-T*cos/g=+0.0064kg (+0.31%) vz=-0.227
[INFO] [1789419300.407542093] [mhe_node]: [c_xy_est] cx=-0.0050 cy=+0.0010 m
[INFO] [1789419302.398310423] [mhe_node]: MHE mass estimate: 2.039 kg (T_phys=20.14N) | solve=9.9ms (max15.9)
[INFO] [1789419302.398861101] [mhe_node]: [truth] m_hat=2.0390 m_true=2.0643 err=-1.23% | c_hat=[+0.0000,+0.0000] c_true=[+0.0000,+0.0000] | Jxx_hat=0.01420 Jxx_true=0.01420 Jyz_hat=+0.00000 Jyz_true=+0.00000 | s_hat=[-0.0126,+0.0016] s_true=[+0.0000,+0.0000] kg·m
[INFO] [1789419302.399395467] [mhe_node]: [tau_phys] roll=+0.029 pitch=-0.092 Nm
[INFO] [1789419302.399991224] [mhe_node]: [mass-diag] m_est=2.0390 T=20.140N tilt=1.91deg cos=0.99944 | T/g=2.0530 T*cos/g=2.0518 | m_est-T*cos/g=-0.0128kg (-0.63%) vz=-0.279
[INFO] [1789419302.400577735] [mhe_node]: [c_xy_est] cx=-0.0062 cy=+0.0008 m
[ros2run]: Killed
