[INFO] [1784799243.905523856] [acados_nmpc_node]: acados NMPC node starting, building/loading solver...
Code reuse possible, skipping code generation.
acados was compiled without OpenMP.
[INFO] [1784799243.922917064] [acados_nmpc_node]: CONTROL MODE: l1 (a=10.0, omega_c=0.5) — m_est 固定 2.0643kg,几何/增益缩放停用,平动扰动走 d_lumped
[INFO] [1784799243.930461409] [acados_nmpc_node]: GRIPPER MODE: hover over box (1.0,0.05) z 0.55->2.5m, lift after 1.5s, empty m_est=2.06kg
[INFO] [1784799243.930975810] [acados_nmpc_node]: Warming up acados solver...
[INFO] [1784799243.936369795] [acados_nmpc_node]: Solver warmup complete, took 4.8 ms
[INFO] [1784799243.949927704] [acados_nmpc_node]: Decoupled publish enabled: solve @10Hz, body_rate/thrust @50Hz (trajectory interpolation)
[INFO] [1784799243.950580850] [acados_nmpc_node]: acados NMPC node initialized! Waiting for EKF2 convergence...
[INFO] [1784799263.964456745] [acados_nmpc_node]: Waiting for EKF2 convergence... 10/10 s
[INFO] [1784799264.064586642] [acados_nmpc_node]: Switching to OFFBOARD mode
[INFO] [1784799264.364092570] [acados_nmpc_node]: Sending arm command
[INFO] [1784799265.364600244] [acados_nmpc_node]: Armed, preparing to move to trajectory start...
[INFO] [1784799270.167690730] [acados_nmpc_node]: [l1] d_hat_f=[-0.004,+0.003,+0.246]m/s^2 |equiv_dm=-0.052kg
[INFO] [1784799270.263716772] [acados_nmpc_node]: Gripper approach (climb): rising at spawn to z=1.50m | z=0.99m v=0.24m/s
[INFO] [1784799272.366876808] [acados_nmpc_node]: Gripper approach: climbed to safe altitude at spawn, now translating over box
[INFO] [1784799273.501454008] [acados_nmpc_node]: [l1] d_hat_f=[+0.003,+0.010,+0.063]m/s^2 |equiv_dm=-0.013kg
[INFO] [1784799274.667689241] [acados_nmpc_node]: Gripper approach: aligned above box, NMPC will take over here (z=1.50m), settle 3.0s then descend to z=0.55m to trigger attach
[INFO] [1784799274.770917293] [acados_nmpc_node]: Reached trajectory start, NMPC tracking begins!
[INFO] [1784799275.171145213] [acados_nmpc_node]: t=0.4s | pos_err=0.075m | T=20.43N | tau=[r-0.012 p-0.000 y-0.014]Nm | res_stat=6.362e-07(peak 6.362e-07) sqp_iter=3 | solve=3.7ms
[INFO] [1784799276.833592251] [acados_nmpc_node]: [l1] d_hat_f=[-0.019,-0.002,+0.028]m/s^2 |equiv_dm=-0.006kg
[INFO] [1784799277.868980953] [acados_nmpc_node]: t=3.1s | DESCEND: settle done, lowering 1.5->0.55m, will enable gripper at bottom
[INFO] [1784799280.170963758] [acados_nmpc_node]: t=5.4s | pos_err=0.076m | T=21.07N | tau=[r-0.000 p0.000 y-0.000]Nm | res_stat=5.875e-08(peak 7.013e-07) sqp_iter=3 | solve=3.6ms
[INFO] [1784799280.173229805] [acados_nmpc_node]: [l1] d_hat_f=[+0.004,-0.004,+0.001]m/s^2 |equiv_dm=-0.000kg
[INFO] [1784799281.452449388] [acados_nmpc_node]: t=6.7s | DESCEND done at z=0.569m (target 0.550m, z_err=0.019m, v=0.06m/s), gripper ENABLED (attach will trigger now)
[INFO] [1784799281.506875771] [acados_nmpc_node]: attach offset received: box-drone = [-0.027, -0.051, -0.491] m
[INFO] [1784799281.566207237] [acados_nmpc_node]: PX4 MC_ROLLRATE_K: 1.000 -> 5.000 (inertia ratio 5.07, cap 5.0)
[INFO] [1784799281.567103975] [acados_nmpc_node]: PX4 MC_PITCHRATE_K: 1.000 -> 5.000 (inertia ratio 5.07, cap 5.0)
[INFO] [1784799281.567800005] [acados_nmpc_node]: t=6.8s | ATTACH (control_mode=l1): rate gains from prior m_p=0.30kg (dJ=0.0579); no model-side feedforward, translational payload handled by L1 d_lumped only
[INFO] [1784799281.573788292] [acados_nmpc_node]: [attach-window] t=6.80s pos_err=0.025m T=19.91N z=0.565 m_est=2.064
[INFO] [1784799281.668145516] [acados_nmpc_node]: [attach-window] t=6.89s pos_err=0.022m T=19.96N z=0.564 m_est=2.064
[INFO] [1784799281.768592124] [acados_nmpc_node]: [attach-window] t=7.00s pos_err=0.020m T=19.98N z=0.564 m_est=2.064
[INFO] [1784799281.872007851] [acados_nmpc_node]: [attach-window] t=7.10s pos_err=0.020m T=19.98N z=0.564 m_est=2.064
[INFO] [1784799281.971471542] [acados_nmpc_node]: [attach-window] t=7.20s pos_err=0.022m T=19.96N z=0.564 m_est=2.064
[INFO] [1784799282.072177342] [acados_nmpc_node]: [attach-window] t=7.30s pos_err=0.024m T=19.90N z=0.565 m_est=2.064
[INFO] [1784799282.171429426] [acados_nmpc_node]: [attach-window] t=7.40s pos_err=0.025m T=19.88N z=0.566 m_est=2.064
[INFO] [1784799282.271642815] [acados_nmpc_node]: [attach-window] t=7.50s pos_err=0.026m T=19.84N z=0.567 m_est=2.064
[INFO] [1784799282.372433547] [acados_nmpc_node]: [attach-window] t=7.60s pos_err=0.026m T=19.80N z=0.569 m_est=2.064
[INFO] [1784799282.472071847] [acados_nmpc_node]: [attach-window] t=7.70s pos_err=0.028m T=19.75N z=0.572 m_est=2.064
[INFO] [1784799282.572174150] [acados_nmpc_node]: [attach-window] t=7.80s pos_err=0.030m T=19.70N z=0.574 m_est=2.064
[INFO] [1784799282.672057918] [acados_nmpc_node]: [attach-window] t=7.90s pos_err=0.032m T=19.66N z=0.576 m_est=2.064
[INFO] [1784799282.771875858] [acados_nmpc_node]: [attach-window] t=8.00s pos_err=0.034m T=19.61N z=0.578 m_est=2.064
[INFO] [1784799282.871796116] [acados_nmpc_node]: [attach-window] t=8.10s pos_err=0.035m T=19.57N z=0.579 m_est=2.064
[INFO] [1784799282.971779671] [acados_nmpc_node]: [attach-window] t=8.20s pos_err=0.036m T=19.54N z=0.580 m_est=2.064
[INFO] [1784799283.070517357] [acados_nmpc_node]: t=8.3s | LIFT: raising hover 0.55->2.5m to lift payload
[INFO] [1784799283.076903893] [acados_nmpc_node]: [attach-window] t=8.30s pos_err=0.037m T=19.51N z=0.581 m_est=2.064
[INFO] [1784799283.174970502] [acados_nmpc_node]: [attach-window] t=8.40s pos_err=0.037m T=19.49N z=0.582 m_est=2.064
[INFO] [1784799283.274702957] [acados_nmpc_node]: [attach-window] t=8.50s pos_err=0.034m T=19.54N z=0.583 m_est=2.064
[INFO] [1784799283.371201983] [acados_nmpc_node]: [attach-window] t=8.60s pos_err=0.027m T=19.71N z=0.582 m_est=2.064
[INFO] [1784799283.471563976] [acados_nmpc_node]: [attach-window] t=8.70s pos_err=0.022m T=20.06N z=0.582 m_est=2.064
[INFO] [1784799283.501085522] [acados_nmpc_node]: [l1] d_hat_f=[+0.010,+0.012,+0.115]m/s^2 |equiv_dm=-0.024kg
[INFO] [1784799283.572748897] [acados_nmpc_node]: [attach-window] t=8.80s pos_err=0.044m T=20.59N z=0.581 m_est=2.064
[INFO] [1784799283.672801012] [acados_nmpc_node]: [attach-window] t=8.90s pos_err=0.087m T=21.33N z=0.579 m_est=2.064
[INFO] [1784799283.772375655] [acados_nmpc_node]: [attach-window] t=9.00s pos_err=0.143m T=22.26N z=0.578 m_est=2.064
[INFO] [1784799283.873484198] [acados_nmpc_node]: [attach-window] t=9.10s pos_err=0.213m T=23.44N z=0.577 m_est=2.064
[INFO] [1784799283.975507060] [acados_nmpc_node]: [attach-window] t=9.20s pos_err=0.295m T=24.69N z=0.576 m_est=2.064
[INFO] [1784799284.074925473] [acados_nmpc_node]: [attach-window] t=9.30s pos_err=0.383m T=25.71N z=0.579 m_est=2.064
[INFO] [1784799284.174769212] [acados_nmpc_node]: [attach-window] t=9.40s pos_err=0.474m T=26.44N z=0.589 m_est=2.064
[INFO] [1784799284.270505433] [acados_nmpc_node]: [attach-window] t=9.50s pos_err=0.556m T=26.61N z=0.613 m_est=2.064
[INFO] [1784799284.373614658] [acados_nmpc_node]: [attach-window] t=9.60s pos_err=0.638m T=26.73N z=0.649 m_est=2.064
[INFO] [1784799284.475054064] [acados_nmpc_node]: [attach-window] t=9.70s pos_err=0.704m T=26.44N z=0.704 m_est=2.064
[INFO] [1784799284.575248634] [acados_nmpc_node]: [attach-window] t=9.80s pos_err=0.759m T=26.10N z=0.771 m_est=2.064
[INFO] [1784799284.676165399] [acados_nmpc_node]: [attach-window] t=9.90s pos_err=0.795m T=25.46N z=0.858 m_est=2.064
[INFO] [1784799284.772820068] [acados_nmpc_node]: [attach-window] t=10.00s pos_err=0.817m T=24.87N z=0.952 m_est=2.064
[INFO] [1784799284.873761697] [acados_nmpc_node]: [attach-window] t=10.10s pos_err=0.821m T=24.11N z=1.063 m_est=2.064
[INFO] [1784799284.974581881] [acados_nmpc_node]: [attach-window] t=10.20s pos_err=0.820m T=23.62N z=1.173 m_est=2.064
[INFO] [1784799285.074340407] [acados_nmpc_node]: [attach-window] t=10.30s pos_err=0.798m T=23.01N z=1.295 m_est=2.064
[INFO] [1784799285.173554962] [acados_nmpc_node]: [attach-window] t=10.40s pos_err=0.775m T=22.58N z=1.409 m_est=2.064
[INFO] [1784799285.175254874] [acados_nmpc_node]: t=10.4s | pos_err=0.775m | T=22.58N | tau=[r-0.004 p0.001 y-0.002]Nm | res_stat=6.682e-07(peak 7.578e-07) sqp_iter=4 | solve=3.8ms
[INFO] [1784799285.274350826] [acados_nmpc_node]: [attach-window] t=10.50s pos_err=0.734m T=22.07N z=1.530 m_est=2.064
[INFO] [1784799285.376774297] [acados_nmpc_node]: [attach-window] t=10.60s pos_err=0.695m T=21.74N z=1.639 m_est=2.064
[INFO] [1784799285.455002862] [acados_nmpc_node]: [attach-window] t=10.68s pos_err=0.629m T=21.13N z=1.752 m_est=2.064
[INFO] [1784799285.574687551] [acados_nmpc_node]: [attach-window] t=10.80s pos_err=0.582m T=20.92N z=1.850 m_est=2.064
[INFO] [1784799285.674843727] [acados_nmpc_node]: [attach-window] t=10.90s pos_err=0.515m T=20.70N z=1.948 m_est=2.064
[INFO] [1784799285.775302412] [acados_nmpc_node]: [attach-window] t=11.00s pos_err=0.455m T=20.51N z=2.029 m_est=2.064
[INFO] [1784799285.871587363] [acados_nmpc_node]: [attach-window] t=11.10s pos_err=0.388m T=20.34N z=2.107 m_est=2.064
[INFO] [1784799285.972904952] [acados_nmpc_node]: [attach-window] t=11.20s pos_err=0.330m T=20.28N z=2.169 m_est=2.064
[INFO] [1784799286.073832394] [acados_nmpc_node]: [attach-window] t=11.30s pos_err=0.274m T=20.35N z=2.227 m_est=2.064
[INFO] [1784799286.176519245] [acados_nmpc_node]: [attach-window] t=11.40s pos_err=0.230m T=20.55N z=2.270 m_est=2.064
[INFO] [1784799286.273233883] [acados_nmpc_node]: [attach-window] t=11.50s pos_err=0.194m T=20.86N z=2.306 m_est=2.064
[INFO] [1784799286.372165971] [acados_nmpc_node]: [attach-window] t=11.60s pos_err=0.167m T=21.17N z=2.333 m_est=2.064
[INFO] [1784799286.473438499] [acados_nmpc_node]: [attach-window] t=11.70s pos_err=0.146m T=21.47N z=2.354 m_est=2.064
[INFO] [1784799286.572462795] [acados_nmpc_node]: [attach-window] t=11.80s pos_err=0.131m T=21.71N z=2.369 m_est=2.064
[INFO] [1784799286.672811348] [acados_nmpc_node]: [attach-window] t=11.90s pos_err=0.119m T=21.89N z=2.382 m_est=2.064
[INFO] [1784799286.772402807] [acados_nmpc_node]: [attach-window] t=12.00s pos_err=0.110m T=22.03N z=2.390 m_est=2.064
[INFO] [1784799286.833212846] [acados_nmpc_node]: [l1] d_hat_f=[+0.002,+0.008,-0.611]m/s^2 |equiv_dm=+0.129kg
[INFO] [1784799286.872271448] [acados_nmpc_node]: [attach-window] t=12.10s pos_err=0.103m T=22.13N z=2.398 m_est=2.064
[INFO] [1784799286.973666782] [acados_nmpc_node]: [attach-window] t=12.20s pos_err=0.097m T=22.19N z=2.403 m_est=2.064
[INFO] [1784799287.073240610] [acados_nmpc_node]: [attach-window] t=12.30s pos_err=0.092m T=22.24N z=2.408 m_est=2.064
[INFO] [1784799287.174175594] [acados_nmpc_node]: [attach-window] t=12.40s pos_err=0.087m T=22.25N z=2.413 m_est=2.064
[INFO] [1784799287.277005157] [acados_nmpc_node]: [attach-window] t=12.50s pos_err=0.081m T=22.24N z=2.419 m_est=2.064
[INFO] [1784799287.375984865] [acados_nmpc_node]: [attach-window] t=12.60s pos_err=0.076m T=22.22N z=2.424 m_est=2.064
[INFO] [1784799287.468504666] [acados_nmpc_node]: [attach-window] t=12.70s pos_err=0.071m T=22.20N z=2.430 m_est=2.064
[INFO] [1784799287.575995440] [acados_nmpc_node]: [attach-window] t=12.80s pos_err=0.067m T=22.19N z=2.434 m_est=2.064
[INFO] [1784799287.676948480] [acados_nmpc_node]: [attach-window] t=12.90s pos_err=0.063m T=22.20N z=2.438 m_est=2.064
[INFO] [1784799287.777043858] [acados_nmpc_node]: [attach-window] t=13.00s pos_err=0.060m T=22.21N z=2.442 m_est=2.064
[INFO] [1784799287.876090189] [acados_nmpc_node]: [attach-window] t=13.10s pos_err=0.056m T=22.21N z=2.446 m_est=2.064
[INFO] [1784799287.976275991] [acados_nmpc_node]: [attach-window] t=13.20s pos_err=0.052m T=22.20N z=2.449 m_est=2.064
[INFO] [1784799288.073403356] [acados_nmpc_node]: [attach-window] t=13.30s pos_err=0.048m T=22.20N z=2.452 m_est=2.064
[INFO] [1784799288.174625960] [acados_nmpc_node]: [attach-window] t=13.40s pos_err=0.045m T=22.20N z=2.455 m_est=2.064
[INFO] [1784799288.276176872] [acados_nmpc_node]: [attach-window] t=13.50s pos_err=0.043m T=22.21N z=2.457 m_est=2.064
[INFO] [1784799288.374123316] [acados_nmpc_node]: [attach-window] t=13.60s pos_err=0.041m T=22.23N z=2.459 m_est=2.064
[INFO] [1784799288.470341099] [acados_nmpc_node]: [attach-window] t=13.70s pos_err=0.040m T=22.25N z=2.461 m_est=2.064
[INFO] [1784799288.570276890] [acados_nmpc_node]: [attach-window] t=13.80s pos_err=0.039m T=22.25N z=2.462 m_est=2.064
[INFO] [1784799288.670112201] [acados_nmpc_node]: [attach-window] t=13.90s pos_err=0.037m T=22.24N z=2.464 m_est=2.064
[INFO] [1784799288.773559292] [acados_nmpc_node]: [attach-window] t=14.00s pos_err=0.035m T=22.22N z=2.466 m_est=2.064
[INFO] [1784799288.873251142] [acados_nmpc_node]: [attach-window] t=14.10s pos_err=0.032m T=22.20N z=2.468 m_est=2.064
[INFO] [1784799288.975271735] [acados_nmpc_node]: [attach-window] t=14.20s pos_err=0.030m T=22.18N z=2.471 m_est=2.064
[INFO] [1784799289.074756121] [acados_nmpc_node]: [attach-window] t=14.30s pos_err=0.027m T=22.18N z=2.473 m_est=2.064
[INFO] [1784799289.175506575] [acados_nmpc_node]: [attach-window] t=14.40s pos_err=0.026m T=22.18N z=2.475 m_est=2.064
[INFO] [1784799289.276020196] [acados_nmpc_node]: [attach-window] t=14.50s pos_err=0.024m T=22.19N z=2.476 m_est=2.064
[INFO] [1784799289.376448433] [acados_nmpc_node]: [attach-window] t=14.60s pos_err=0.024m T=22.20N z=2.478 m_est=2.064
[INFO] [1784799289.474928249] [acados_nmpc_node]: [attach-window] t=14.70s pos_err=0.023m T=22.20N z=2.479 m_est=2.064
[INFO] [1784799289.576307813] [acados_nmpc_node]: [attach-window] t=14.80s pos_err=0.024m T=22.18N z=2.480 m_est=2.064
[INFO] [1784799289.675487368] [acados_nmpc_node]: [attach-window] t=14.90s pos_err=0.024m T=22.17N z=2.482 m_est=2.064
[INFO] [1784799289.774065820] [acados_nmpc_node]: [attach-window] t=15.00s pos_err=0.025m T=22.17N z=2.483 m_est=2.064
[INFO] [1784799289.873215710] [acados_nmpc_node]: [attach-window] t=15.10s pos_err=0.025m T=22.17N z=2.484 m_est=2.064
[INFO] [1784799289.975995853] [acados_nmpc_node]: [attach-window] t=15.20s pos_err=0.025m T=22.15N z=2.486 m_est=2.064
[INFO] [1784799290.075918232] [acados_nmpc_node]: [attach-window] t=15.30s pos_err=0.024m T=22.13N z=2.488 m_est=2.064
[INFO] [1784799290.175682396] [acados_nmpc_node]: [attach-window] t=15.40s pos_err=0.024m T=22.11N z=2.490 m_est=2.064
[INFO] [1784799290.177552338] [acados_nmpc_node]: t=15.4s | pos_err=0.024m | T=22.11N | tau=[r0.003 p-0.001 y-0.000]Nm | res_stat=4.747e-08(peak 9.998e-07) sqp_iter=3 | solve=3.2ms
[INFO] [1784799290.179377626] [acados_nmpc_node]: [l1] d_hat_f=[+0.006,+0.005,-0.868]m/s^2 |equiv_dm=+0.183kg
[INFO] [1784799290.276417432] [acados_nmpc_node]: [attach-window] t=15.50s pos_err=0.023m T=22.10N z=2.493 m_est=2.064
[INFO] [1784799290.375653075] [acados_nmpc_node]: [attach-window] t=15.60s pos_err=0.023m T=22.10N z=2.495 m_est=2.064
[INFO] [1784799290.475902959] [acados_nmpc_node]: [attach-window] t=15.70s pos_err=0.022m T=22.13N z=2.495 m_est=2.064
[INFO] [1784799290.576169842] [acados_nmpc_node]: [attach-window] t=15.80s pos_err=0.022m T=22.18N z=2.494 m_est=2.064
[INFO] [1784799290.670775949] [acados_nmpc_node]: [attach-window] t=15.90s pos_err=0.021m T=22.23N z=2.493 m_est=2.064
[INFO] [1784799290.772927112] [acados_nmpc_node]: [attach-window] t=16.00s pos_err=0.020m T=22.27N z=2.491 m_est=2.064
[INFO] [1784799290.875691250] [acados_nmpc_node]: [attach-window] t=16.10s pos_err=0.020m T=22.29N z=2.489 m_est=2.064
[INFO] [1784799290.974703255] [acados_nmpc_node]: [attach-window] t=16.20s pos_err=0.021m T=22.29N z=2.488 m_est=2.064
[INFO] [1784799291.074367065] [acados_nmpc_node]: [attach-window] t=16.30s pos_err=0.022m T=22.25N z=2.488 m_est=2.064
[INFO] [1784799291.176033059] [acados_nmpc_node]: [attach-window] t=16.40s pos_err=0.023m T=22.21N z=2.488 m_est=2.064
[INFO] [1784799291.278181174] [acados_nmpc_node]: [attach-window] t=16.50s pos_err=0.024m T=22.16N z=2.490 m_est=2.064
[INFO] [1784799291.376239514] [acados_nmpc_node]: [attach-window] t=16.60s pos_err=0.024m T=22.12N z=2.492 m_est=2.064
[INFO] [1784799291.476660292] [acados_nmpc_node]: [attach-window] t=16.70s pos_err=0.023m T=22.09N z=2.494 m_est=2.064
[INFO] [1784799291.567690674] [acados_nmpc_node]: [attach-window] t=16.79s pos_err=0.022m T=22.07N z=2.497 m_est=2.064
[INFO] [1784799291.674890532] [acados_nmpc_node]: [attach-window] t=16.90s pos_err=0.019m T=22.06N z=2.500 m_est=2.064
[INFO] [1784799291.775686205] [acados_nmpc_node]: [attach-window] t=17.00s pos_err=0.016m T=22.06N z=2.502 m_est=2.064
[INFO] [1784799291.875648471] [acados_nmpc_node]: [attach-window] t=17.10s pos_err=0.011m T=22.10N z=2.503 m_est=2.064
[INFO] [1784799291.977080387] [acados_nmpc_node]: [attach-window] t=17.20s pos_err=0.007m T=22.15N z=2.502 m_est=2.064
[INFO] [1784799292.075603852] [acados_nmpc_node]: [attach-window] t=17.30s pos_err=0.008m T=22.19N z=2.501 m_est=2.064
[INFO] [1784799292.175207712] [acados_nmpc_node]: [attach-window] t=17.40s pos_err=0.013m T=22.22N z=2.500 m_est=2.064
[INFO] [1784799292.276480945] [acados_nmpc_node]: [attach-window] t=17.50s pos_err=0.019m T=22.25N z=2.498 m_est=2.064
[INFO] [1784799292.377348251] [acados_nmpc_node]: [attach-window] t=17.60s pos_err=0.023m T=22.26N z=2.497 m_est=2.064
[INFO] [1784799292.477116954] [acados_nmpc_node]: [attach-window] t=17.70s pos_err=0.027m T=22.26N z=2.495 m_est=2.064
[INFO] [1784799292.573685008] [acados_nmpc_node]: [attach-window] t=17.80s pos_err=0.028m T=22.25N z=2.495 m_est=2.064
[INFO] [1784799292.673627318] [acados_nmpc_node]: [attach-window] t=17.90s pos_err=0.028m T=22.23N z=2.494 m_est=2.064
[INFO] [1784799292.774426965] [acados_nmpc_node]: [attach-window] t=18.00s pos_err=0.025m T=22.21N z=2.494 m_est=2.064
[INFO] [1784799292.873489127] [acados_nmpc_node]: [attach-window] t=18.10s pos_err=0.021m T=22.20N z=2.494 m_est=2.064
[INFO] [1784799292.973825150] [acados_nmpc_node]: [attach-window] t=18.20s pos_err=0.018m T=22.20N z=2.494 m_est=2.064
[INFO] [1784799293.069993081] [acados_nmpc_node]: [attach-window] t=18.30s pos_err=0.015m T=22.20N z=2.494 m_est=2.064
[INFO] [1784799293.171595579] [acados_nmpc_node]: [attach-window] t=18.40s pos_err=0.014m T=22.18N z=2.495 m_est=2.064
[INFO] [1784799293.278811846] [acados_nmpc_node]: [attach-window] t=18.50s pos_err=0.016m T=22.14N z=2.496 m_est=2.064
[INFO] [1784799293.373260155] [acados_nmpc_node]: [attach-window] t=18.60s pos_err=0.017m T=22.10N z=2.498 m_est=2.064
[INFO] [1784799293.474518684] [acados_nmpc_node]: [attach-window] t=18.70s pos_err=0.019m T=22.07N z=2.501 m_est=2.064
[INFO] [1784799293.500832580] [acados_nmpc_node]: [l1] d_hat_f=[+0.004,+0.006,-0.919]m/s^2 |equiv_dm=+0.193kg
[INFO] [1784799293.554423213] [acados_nmpc_node]: [attach-window] t=18.78s pos_err=0.021m T=22.08N z=2.503 m_est=2.064
[INFO] [1784799293.674101966] [acados_nmpc_node]: [attach-window] t=18.90s pos_err=0.020m T=22.10N z=2.504 m_est=2.064
[INFO] [1784799293.773378861] [acados_nmpc_node]: [attach-window] t=19.00s pos_err=0.019m T=22.13N z=2.504 m_est=2.064
[INFO] [1784799293.877189190] [acados_nmpc_node]: [attach-window] t=19.10s pos_err=0.016m T=22.15N z=2.504 m_est=2.064
[INFO] [1784799293.976376110] [acados_nmpc_node]: [attach-window] t=19.20s pos_err=0.012m T=22.17N z=2.504 m_est=2.064
[INFO] [1784799294.076849794] [acados_nmpc_node]: [attach-window] t=19.30s pos_err=0.009m T=22.19N z=2.503 m_est=2.064
[INFO] [1784799294.174425449] [acados_nmpc_node]: [attach-window] t=19.40s pos_err=0.010m T=22.18N z=2.503 m_est=2.064
[INFO] [1784799294.276303851] [acados_nmpc_node]: [attach-window] t=19.50s pos_err=0.013m T=22.17N z=2.503 m_est=2.064
[INFO] [1784799294.372713114] [acados_nmpc_node]: [attach-window] t=19.60s pos_err=0.016m T=22.16N z=2.503 m_est=2.064
[INFO] [1784799294.477714945] [acados_nmpc_node]: [attach-window] t=19.70s pos_err=0.018m T=22.16N z=2.503 m_est=2.064
[INFO] [1784799294.574227585] [acados_nmpc_node]: [attach-window] t=19.80s pos_err=0.019m T=22.17N z=2.503 m_est=2.064
[INFO] [1784799294.676470667] [acados_nmpc_node]: [attach-window] t=19.90s pos_err=0.018m T=22.17N z=2.503 m_est=2.064
[INFO] [1784799294.774994407] [acados_nmpc_node]: [attach-window] t=20.00s pos_err=0.017m T=22.17N z=2.503 m_est=2.064
[INFO] [1784799294.876253971] [acados_nmpc_node]: [attach-window] t=20.10s pos_err=0.016m T=22.16N z=2.504 m_est=2.064
[INFO] [1784799294.974360905] [acados_nmpc_node]: [attach-window] t=20.20s pos_err=0.015m T=22.15N z=2.504 m_est=2.064
[INFO] [1784799295.076751540] [acados_nmpc_node]: [attach-window] t=20.30s pos_err=0.015m T=22.14N z=2.505 m_est=2.064
[INFO] [1784799295.178093983] [acados_nmpc_node]: [attach-window] t=20.40s pos_err=0.015m T=22.15N z=2.504 m_est=2.064
[INFO] [1784799295.179811854] [acados_nmpc_node]: t=20.4s | pos_err=0.015m | T=22.15N | tau=[r0.001 p0.001 y0.000]Nm | res_stat=3.122e-08(peak 9.998e-07) sqp_iter=3 | solve=3.0ms
[INFO] [1784799295.277473722] [acados_nmpc_node]: [attach-window] t=20.50s pos_err=0.016m T=22.17N z=2.504 m_est=2.064
[INFO] [1784799295.376486367] [acados_nmpc_node]: [attach-window] t=20.60s pos_err=0.016m T=22.19N z=2.503 m_est=2.064
[INFO] [1784799295.475052384] [acados_nmpc_node]: [attach-window] t=20.70s pos_err=0.015m T=22.20N z=2.502 m_est=2.064
[INFO] [1784799295.556057730] [acados_nmpc_node]: [attach-window] t=20.79s pos_err=0.014m T=22.21N z=2.501 m_est=2.064
[INFO] [1784799295.674074159] [acados_nmpc_node]: [attach-window] t=20.90s pos_err=0.012m T=22.21N z=2.501 m_est=2.064
[INFO] [1784799295.776614038] [acados_nmpc_node]: [attach-window] t=21.00s pos_err=0.011m T=22.21N z=2.500 m_est=2.064
[INFO] [1784799295.875422340] [acados_nmpc_node]: [attach-window] t=21.10s pos_err=0.010m T=22.19N z=2.500 m_est=2.064
[INFO] [1784799295.977145517] [acados_nmpc_node]: [attach-window] t=21.20s pos_err=0.009m T=22.16N z=2.501 m_est=2.064
[INFO] [1784799296.078515459] [acados_nmpc_node]: [attach-window] t=21.30s pos_err=0.007m T=22.12N z=2.503 m_est=2.064
[INFO] [1784799296.173118683] [acados_nmpc_node]: [attach-window] t=21.40s pos_err=0.008m T=22.09N z=2.505 m_est=2.064
[INFO] [1784799296.275394414] [acados_nmpc_node]: [attach-window] t=21.50s pos_err=0.010m T=22.05N z=2.507 m_est=2.064
[INFO] [1784799296.377223600] [acados_nmpc_node]: [attach-window] t=21.60s pos_err=0.013m T=22.03N z=2.510 m_est=2.064
[INFO] [1784799296.472600889] [acados_nmpc_node]: [attach-window] t=21.70s pos_err=0.016m T=22.03N z=2.512 m_est=2.064
[INFO] [1784799296.575416591] [acados_nmpc_node]: [attach-window] t=21.80s pos_err=0.017m T=22.05N z=2.513 m_est=2.064
[INFO] [1784799296.671659114] [acados_nmpc_node]: [attach-window] t=21.90s pos_err=0.016m T=22.09N z=2.513 m_est=2.064
[INFO] [1784799296.776061565] [acados_nmpc_node]: [attach-window] t=22.00s pos_err=0.015m T=22.12N z=2.513 m_est=2.064
[INFO] [1784799296.833149989] [acados_nmpc_node]: [l1] d_hat_f=[-0.000,+0.005,-0.926]m/s^2 |equiv_dm=+0.195kg
[INFO] [1784799296.876167898] [acados_nmpc_node]: [attach-window] t=22.10s pos_err=0.013m T=22.14N z=2.513 m_est=2.064
[INFO] [1784799296.976409615] [acados_nmpc_node]: [attach-window] t=22.20s pos_err=0.013m T=22.15N z=2.512 m_est=2.064
[INFO] [1784799297.075892506] [acados_nmpc_node]: [attach-window] t=22.30s pos_err=0.013m T=22.17N z=2.511 m_est=2.064
[INFO] [1784799297.170554633] [acados_nmpc_node]: [attach-window] t=22.40s pos_err=0.015m T=22.19N z=2.510 m_est=2.064
[INFO] [1784799297.254866122] [acados_nmpc_node]: [attach-window] t=22.49s pos_err=0.015m T=22.20N z=2.509 m_est=2.064
[ros2run]: Killed
