[INFO] [1789395873.699809879] [mhe_node]: MHE node starting, building/loading solver... (geom_coupled=True, N=20, m_min=1.961, m_B=2.0643)
Code reuse possible, skipping code generation.
acados was compiled without OpenMP.
[INFO] [1789395873.706833861] [mhe_node]: [prior] geom_coupled=True → 载荷质量信息**完全不生效**(grip_payload_envelope=0.3 是死代码:coupled 档下 _payload_geometry 根本不被调用);模型只吃可测杆臂 r_p + 被估质量,m 的先验仅有 Q0 质量维=0.1 (σ=3.16kg,实质无先验)
[WARN] [1789395873.707319958] [mhe_node]: geom_release_mode='self':估计器不被告知 drop。⚠️ 2026-08-24 实测,**NMPC 侧也设成 'self' 会必然坠机**——drop 后控制器继续按幽灵偏心载荷配平,指令 0.424N·m(tau_max 的 85%)作用在空机 J_xx=0.0142 上 = 29.8 rad/s²,而 MHE 10Hz/2s 窗口要 1~2s 才纠得过来,飞机先翻。**正确组合 = MHE 'self' + NMPC 'event'**(控制器是发释放指令的一方,它知道不构成认知作弊)。
[INFO] [1789395873.709274855] [mhe_node]: [moment-ref] 物理上限由平台包线派生: 0.0390 kg·m = 0.30kg x 0.13m
[INFO] [1789395873.709980400] [mhe_node]: [c_xy_est] 质量域卸载判据已开:先武装(m_p>0.090kg),再判 m_p<0.03kg 持续 20 帧 -> 释放偏心估计
[INFO] [1789395873.710643346] [mhe_node]: [c_xy] 来源 = 一阶质量矩 s/m_T(窗口内估计,**无稳态门控**),替代窗外 EMA —— 机动中也会更新
[INFO] [1789395873.711759471] [mhe_node]: weight schedule theta = [-4.00, 0.00, 0.00, 0.00], signal mode = residual (residual self-trigger: thresh=4.4N persist=2 baseline_tau=3.0s)
[INFO] [1789395873.715319300] [mhe_node]: [release-selfcheck] READY: c_xy_est_enable=1, moment-state ns=2, ratio=0.30; legacy_mass=1, watchdog=3.0s
[INFO] [1789395873.716181343] [mhe_node]: MHE node initialized! tau_source=command (roll/pitch NMPC意图值, yaw NMPC意图值), motor_window_avg=False, geom_release_mode=self. Waiting for odometry + control data...
[INFO] [1789395895.815991932] [mhe_node]: arrival prior seeded: m=2.064 kg (m_nominal prior)
[INFO] [1789395895.816494027] [mhe_node]: [geom] model_geom_on=True (release_mode=self, truth_attached=False) mode=coupled(r_p) -> geom=[ 0.    0.   -0.47] dJ=0.0000 c_xy=[+0.0000,+0.0000] (dJ/c 为按当前 m_est 折算的诊断当量,模型内部随 m 实时生成)
[INFO] [1789395897.724760323] [mhe_node]: MHE mass estimate: 2.058 kg (T_phys=20.04N) | solve=4.2ms (max8.0)
[INFO] [1789395897.725312465] [mhe_node]: [truth] m_hat=2.0576 m_true=2.0643 err=-0.32% | c_hat=[+0.0000,+0.0000] c_true=[+0.0000,+0.0000] | Jxx_hat=0.01420 Jxx_true=0.01420 Jyz_hat=+0.00000 Jyz_true=+0.00000 | s_hat=[+0.0009,+0.0000] s_true=[+0.0000,+0.0000] kg·m
[INFO] [1789395897.725828511] [mhe_node]: [tau_phys] roll=+0.002 pitch=-0.028 Nm
[INFO] [1789395897.726428864] [mhe_node]: [mass-diag] m_est=2.0576 T=20.039N tilt=6.93deg cos=0.99269 | T/g=2.0427 T*cos/g=2.0277 | m_est-T*cos/g=+0.0299kg (+1.47%) vz=+0.096
[INFO] [1789395897.727009439] [mhe_node]: [c_xy_est] cx=+0.0003 cy=+0.0000 m
[INFO] [1789395899.726453451] [mhe_node]: MHE mass estimate: 2.061 kg (T_phys=21.04N) | solve=8.4ms (max14.8)
[INFO] [1789395899.727012769] [mhe_node]: [truth] m_hat=2.0607 m_true=2.0643 err=-0.17% | c_hat=[+0.0000,+0.0000] c_true=[+0.0000,+0.0000] | Jxx_hat=0.01420 Jxx_true=0.01420 Jyz_hat=+0.00000 Jyz_true=+0.00000 | s_hat=[-0.0010,+0.0001] s_true=[+0.0000,+0.0000] kg·m
[INFO] [1789395899.727534692] [mhe_node]: [tau_phys] roll=+0.004 pitch=-0.031 Nm
[INFO] [1789395899.728129139] [mhe_node]: [mass-diag] m_est=2.0607 T=21.040N tilt=2.23deg cos=0.99925 | T/g=2.1448 T*cos/g=2.1432 | m_est-T*cos/g=-0.0825kg (-3.85%) vz=+0.029
[INFO] [1789395899.728703737] [mhe_node]: [c_xy_est] cx=-0.0005 cy=+0.0000 m
[INFO] [1789395901.722198627] [mhe_node]: MHE mass estimate: 2.060 kg (T_phys=20.20N) | solve=6.1ms (max8.6)
[INFO] [1789395901.722742135] [mhe_node]: [truth] m_hat=2.0603 m_true=2.0643 err=-0.19% | c_hat=[+0.0000,+0.0000] c_true=[+0.0000,+0.0000] | Jxx_hat=0.01420 Jxx_true=0.01420 Jyz_hat=+0.00000 Jyz_true=+0.00000 | s_hat=[+0.0004,+0.0000] s_true=[+0.0000,+0.0000] kg·m
[INFO] [1789395901.723270979] [mhe_node]: [tau_phys] roll=-0.001 pitch=+0.000 Nm
[INFO] [1789395901.723853980] [mhe_node]: [mass-diag] m_est=2.0603 T=20.201N tilt=0.20deg cos=0.99999 | T/g=2.0593 T*cos/g=2.0592 | m_est-T*cos/g=+0.0011kg (+0.05%) vz=-0.001
[INFO] [1789395901.724432922] [mhe_node]: [c_xy_est] cx=+0.0002 cy=+0.0000 m
[INFO] [1789395903.515869692] [mhe_node]: [release-resid] STRONG 票: ΔT=-0.98N x4帧 (floor 0.9N)
[INFO] [1789395903.721498482] [mhe_node]: MHE mass estimate: 2.045 kg (T_phys=18.35N) | solve=4.2ms (max5.8)
[INFO] [1789395903.722036587] [mhe_node]: [truth] m_hat=2.0451 m_true=2.0643 err=-0.93% | c_hat=[+0.0000,+0.0000] c_true=[+0.0000,+0.0000] | Jxx_hat=0.01420 Jxx_true=0.01420 Jyz_hat=+0.00000 Jyz_true=+0.00000 | s_hat=[-0.0000,-0.0000] s_true=[+0.0000,+0.0000] kg·m
[INFO] [1789395903.722553696] [mhe_node]: [tau_phys] roll=-0.002 pitch=-0.001 Nm
[INFO] [1789395903.723138956] [mhe_node]: [mass-diag] m_est=2.0451 T=18.349N tilt=0.28deg cos=0.99999 | T/g=1.8704 T*cos/g=1.8704 | m_est-T*cos/g=+0.1747kg (+9.34%) vz=-0.533
[INFO] [1789395903.723715863] [mhe_node]: [c_xy_est] cx=-0.0000 cy=-0.0000 m
[INFO] [1789395905.721542587] [mhe_node]: MHE mass estimate: 2.058 kg (T_phys=20.34N) | solve=4.6ms (max9.3)
[INFO] [1789395905.722082507] [mhe_node]: [truth] m_hat=2.0575 m_true=2.0643 err=-0.33% | c_hat=[+0.0000,+0.0000] c_true=[+0.0000,+0.0000] | Jxx_hat=0.01420 Jxx_true=0.01420 Jyz_hat=+0.00000 Jyz_true=+0.00000 | s_hat=[-0.0000,-0.0000] s_true=[+0.0000,+0.0000] kg·m
[INFO] [1789395905.722598941] [mhe_node]: [tau_phys] roll=-0.001 pitch=-0.002 Nm
[INFO] [1789395905.723190847] [mhe_node]: [mass-diag] m_est=2.0575 T=20.345N tilt=0.33deg cos=0.99998 | T/g=2.0739 T*cos/g=2.0739 | m_est-T*cos/g=-0.0163kg (-0.79%) vz=-0.039
[INFO] [1789395905.723770310] [mhe_node]: [c_xy_est] cx=-0.0000 cy=-0.0000 m
[INFO] [1789395907.736378461] [mhe_node]: MHE mass estimate: 1.961 kg (T_phys=19.99N) | solve=20.9ms (max42.0)
[INFO] [1789395907.736918590] [mhe_node]: [truth] m_hat=1.9611 m_true=2.0643 err=-5.00% | c_hat=[+0.0000,+0.0000] c_true=[+0.0000,+0.0000] | Jxx_hat=0.01420 Jxx_true=0.01420 Jyz_hat=+0.00000 Jyz_true=+0.00000 | s_hat=[+0.0042,-0.0118] s_true=[+0.0000,+0.0000] kg·m
[INFO] [1789395907.737442314] [mhe_node]: [tau_phys] roll=-0.123 pitch=-0.050 Nm
[INFO] [1789395907.738029227] [mhe_node]: [mass-diag] m_est=1.9611 T=19.986N tilt=0.54deg cos=0.99996 | T/g=2.0373 T*cos/g=2.0372 | m_est-T*cos/g=-0.0762kg (-3.74%) vz=-0.002
[INFO] [1789395907.738608333] [mhe_node]: [c_xy_est] cx=+0.0018 cy=-0.0063 m
[INFO] [1789395909.741528782] [mhe_node]: MHE mass estimate: 1.961 kg (T_phys=21.30N) | solve=24.2ms (max33.8)
[INFO] [1789395909.742086675] [mhe_node]: [truth] m_hat=1.9611 m_true=2.0643 err=-5.00% | c_hat=[+0.0000,+0.0000] c_true=[+0.0000,+0.0000] | Jxx_hat=0.01420 Jxx_true=0.01420 Jyz_hat=+0.00000 Jyz_true=+0.00000 | s_hat=[+0.0058,+0.0038] s_true=[+0.0000,+0.0000] kg·m
[INFO] [1789395909.742605525] [mhe_node]: [tau_phys] roll=+0.193 pitch=+0.310 Nm
[INFO] [1789395909.743206285] [mhe_node]: [mass-diag] m_est=1.9611 T=21.296N tilt=0.37deg cos=0.99998 | T/g=2.1708 T*cos/g=2.1708 | m_est-T*cos/g=-0.2097kg (-9.66%) vz=+0.002
[INFO] [1789395909.743788536] [mhe_node]: [c_xy_est] cx=+0.0034 cy=+0.0014 m
[WARN] [1789395911.181551592] [mhe_node]: MHE solve failed [status=2], skipping this window (streak 1)
[WARN] [1789395911.282352258] [mhe_node]: MHE solve failed [status=2], skipping this window (streak 2)
[WARN] [1789395911.381580622] [mhe_node]: MHE solve failed [status=2], skipping this window (streak 3)
[WARN] [1789395911.485736959] [mhe_node]: MHE solve failed [status=2], skipping this window (streak 4)
[INFO] [1789395912.121307239] [mhe_node]: MHE mass estimate: 2.401 kg (T_phys=24.88N) | solve=38.0ms (max69.7)
[INFO] [1789395912.121870926] [mhe_node]: [truth] m_hat=2.4007 m_true=2.0643 err=+16.30% | c_hat=[+0.0000,+0.0000] c_true=[+0.0000,+0.0000] | Jxx_hat=0.01420 Jxx_true=0.01420 Jyz_hat=+0.00000 Jyz_true=+0.00000 | s_hat=[-0.0084,-0.0251] s_true=[+0.0000,+0.0000] kg·m
[INFO] [1789395912.122400452] [mhe_node]: [tau_phys] roll=-0.271 pitch=+0.238 Nm
[INFO] [1789395912.122986079] [mhe_node]: [mass-diag] m_est=2.4007 T=24.877N tilt=0.30deg cos=0.99999 | T/g=2.5359 T*cos/g=2.5358 | m_est-T*cos/g=-0.1351kg (-5.33%) vz=+1.101
[INFO] [1789395912.123570652] [mhe_node]: [c_xy_est] cx=-0.0034 cy=-0.0105 m
[INFO] [1789395913.515697663] [mhe_node]: [payload-state] EMPTY->LOADED (sustained m_p evidence, m_p=+0.308kg)
[INFO] [1789395913.615947706] [mhe_node]: [s-collapse] moment 基准未就绪(窗口 2/20, 越界剔除 0) — 暂不判决
[INFO] [1789395914.123252741] [mhe_node]: MHE mass estimate: 2.375 kg (T_phys=23.23N) | solve=6.4ms (max15.2)
[INFO] [1789395914.123824795] [mhe_node]: [truth] m_hat=2.3751 m_true=2.0643 err=+15.05% | c_hat=[+0.0000,+0.0000] c_true=[+0.0000,+0.0000] | Jxx_hat=0.01420 Jxx_true=0.01420 Jyz_hat=+0.00000 Jyz_true=+0.00000 | s_hat=[-0.0091,-0.0254] s_true=[+0.0000,+0.0000] kg·m
[INFO] [1789395914.124350724] [mhe_node]: [tau_phys] roll=-0.258 pitch=+0.354 Nm
[INFO] [1789395914.124944630] [mhe_node]: [mass-diag] m_est=2.3751 T=23.229N tilt=0.30deg cos=0.99999 | T/g=2.3679 T*cos/g=2.3678 | m_est-T*cos/g=+0.0072kg (+0.31%) vz=+1.141
[INFO] [1789395914.125523872] [mhe_node]: [c_xy_est] cx=-0.0029 cy=-0.0108 m
[INFO] [1789395914.615991545] [mhe_node]: [s-collapse] moment 基准未就绪(窗口 12/20, 越界剔除 0) — 暂不判决
[INFO] [1789395915.415846964] [mhe_node]: [c_xy_est] 质量域判据已武装(m_p=0.308kg 连续20帧高于水位)
[INFO] [1789395915.416270618] [mhe_node]: [moment-ref] 基准已建立并冻结: |s_ref|=0.02764 kg·m (窗口 20 帧, 中位 0.02769, 离散 0.04, 方向一致度 1.00, 越界剔除 0 帧) — 此后不再更新
[INFO] [1789395915.516064348] [mhe_node]: [s-collapse] |s|=0.02825 ref=0.02764 peak=0.02879 ovr=0 ratio=1.022 (thr 0.30) moment=0 quantity=0 resid=0 health=1 age=0.09 solve_ok=1 reanch=0 m_p=+0.3065 slow=0/5
[INFO] [1789395916.123238884] [mhe_node]: MHE mass estimate: 2.366 kg (T_phys=22.22N) | solve=6.2ms (max10.0)
[INFO] [1789395916.123820243] [mhe_node]: [truth] m_hat=2.3659 m_true=2.0643 err=+14.61% | c_hat=[+0.0000,+0.0000] c_true=[+0.0000,+0.0000] | Jxx_hat=0.01420 Jxx_true=0.01420 Jyz_hat=+0.00000 Jyz_true=+0.00000 | s_hat=[-0.0098,-0.0257] s_true=[+0.0000,+0.0000] kg·m
[INFO] [1789395916.124349072] [mhe_node]: [tau_phys] roll=-0.238 pitch=+0.201 Nm
[INFO] [1789395916.124942900] [mhe_node]: [mass-diag] m_est=2.3659 T=22.223N tilt=0.14deg cos=1.00000 | T/g=2.2654 T*cos/g=2.2654 | m_est-T*cos/g=+0.1006kg (+4.44%) vz=+0.452
[INFO] [1789395916.125530528] [mhe_node]: [c_xy_est] cx=-0.0043 cy=-0.0109 m
[INFO] [1789395916.516028285] [mhe_node]: [s-collapse] |s|=0.02723 ref=0.02764 peak=0.02879 ovr=0 ratio=0.985 (thr 0.30) moment=0 quantity=0 resid=0 health=1 age=0.09 solve_ok=1 reanch=0 m_p=+0.3015 slow=0/5
[INFO] [1789395917.516062176] [mhe_node]: [s-collapse] |s|=0.02702 ref=0.02764 peak=0.02879 ovr=0 ratio=0.977 (thr 0.30) moment=0 quantity=0 resid=0 health=1 age=0.09 solve_ok=1 reanch=0 m_p=+0.2998 slow=0/5
[INFO] [1789395918.120385907] [mhe_node]: MHE mass estimate: 2.365 kg (T_phys=23.06N) | solve=4.7ms (max8.8)
[INFO] [1789395918.121077876] [mhe_node]: [truth] m_hat=2.3655 m_true=2.0643 err=+14.59% | c_hat=[+0.0000,+0.0000] c_true=[+0.0000,+0.0000] | Jxx_hat=0.01420 Jxx_true=0.01420 Jyz_hat=+0.00000 Jyz_true=+0.00000 | s_hat=[-0.0094,-0.0259] s_true=[+0.0000,+0.0000] kg·m
[INFO] [1789395918.121597639] [mhe_node]: [tau_phys] roll=-0.244 pitch=+0.134 Nm
[INFO] [1789395918.122185272] [mhe_node]: [mass-diag] m_est=2.3655 T=23.055N tilt=0.36deg cos=0.99998 | T/g=2.3502 T*cos/g=2.3501 | m_est-T*cos/g=+0.0154kg (+0.65%) vz=+0.016
[INFO] [1789395918.122765662] [mhe_node]: [c_xy_est] cx=-0.0040 cy=-0.0109 m
[INFO] [1789395918.516044059] [mhe_node]: [s-collapse] |s|=0.02748 ref=0.02764 peak=0.02879 ovr=0 ratio=0.994 (thr 0.30) moment=0 quantity=0 resid=0 health=1 age=0.10 solve_ok=1 reanch=0 m_p=+0.2991 slow=0/5
[INFO] [1789395919.516017841] [mhe_node]: [s-collapse] |s|=0.02735 ref=0.02764 peak=0.02879 ovr=0 ratio=0.989 (thr 0.30) moment=0 quantity=0 resid=0 health=1 age=0.10 solve_ok=1 reanch=0 m_p=+0.2949 slow=0/5
[INFO] [1789395920.121376770] [mhe_node]: MHE mass estimate: 2.360 kg (T_phys=23.15N) | solve=4.0ms (max4.6)
[INFO] [1789395920.121943072] [mhe_node]: [truth] m_hat=2.3605 m_true=2.0643 err=+14.35% | c_hat=[+0.0000,+0.0000] c_true=[+0.0000,+0.0000] | Jxx_hat=0.01420 Jxx_true=0.01420 Jyz_hat=+0.00000 Jyz_true=+0.00000 | s_hat=[-0.0085,-0.0257] s_true=[+0.0000,+0.0000] kg·m
[INFO] [1789395920.122467269] [mhe_node]: [tau_phys] roll=-0.375 pitch=+0.006 Nm
[INFO] [1789395920.123050026] [mhe_node]: [mass-diag] m_est=2.3605 T=23.152N tilt=0.33deg cos=0.99998 | T/g=2.3601 T*cos/g=2.3600 | m_est-T*cos/g=+0.0004kg (+0.02%) vz=+0.007
[INFO] [1789395920.123631203] [mhe_node]: [c_xy_est] cx=-0.0036 cy=-0.0109 m
[INFO] [1789395920.516156380] [mhe_node]: [s-collapse] |s|=0.02696 ref=0.02764 peak=0.02879 ovr=0 ratio=0.975 (thr 0.30) moment=0 quantity=0 resid=0 health=1 age=0.10 solve_ok=1 reanch=0 m_p=+0.2953 slow=0/5
[INFO] [1789395921.515978399] [mhe_node]: [s-collapse] |s|=0.02705 ref=0.02764 peak=0.02879 ovr=0 ratio=0.979 (thr 0.30) moment=0 quantity=0 resid=0 health=1 age=0.09 solve_ok=1 reanch=0 m_p=+0.2905 slow=0/5
[INFO] [1789395922.122365729] [mhe_node]: MHE mass estimate: 2.354 kg (T_phys=23.19N) | solve=4.6ms (max9.0)
[INFO] [1789395922.122952523] [mhe_node]: [truth] m_hat=2.3536 m_true=2.0643 err=+14.01% | c_hat=[+0.0000,+0.0000] c_true=[+0.0000,+0.0000] | Jxx_hat=0.01420 Jxx_true=0.01420 Jyz_hat=+0.00000 Jyz_true=+0.00000 | s_hat=[-0.0092,-0.0254] s_true=[+0.0000,+0.0000] kg·m
[INFO] [1789395922.123476648] [mhe_node]: [tau_phys] roll=-0.269 pitch=+0.067 Nm
[INFO] [1789395922.124067232] [mhe_node]: [mass-diag] m_est=2.3536 T=23.189N tilt=0.34deg cos=0.99998 | T/g=2.3639 T*cos/g=2.3638 | m_est-T*cos/g=-0.0103kg (-0.43%) vz=-0.012
[INFO] [1789395922.124649133] [mhe_node]: [c_xy_est] cx=-0.0038 cy=-0.0108 m
[INFO] [1789395922.516004777] [mhe_node]: [s-collapse] |s|=0.02717 ref=0.02764 peak=0.02879 ovr=0 ratio=0.983 (thr 0.30) moment=0 quantity=0 resid=0 health=1 age=0.09 solve_ok=1 reanch=0 m_p=+0.2892 slow=0/5
[INFO] [1789395923.516019064] [mhe_node]: [s-collapse] |s|=0.02847 ref=0.02764 peak=0.02879 ovr=0 ratio=1.030 (thr 0.30) moment=0 quantity=0 resid=0 health=1 age=0.09 solve_ok=1 reanch=0 m_p=+0.2843 slow=0/5
[INFO] [1789395924.129396627] [mhe_node]: MHE mass estimate: 2.340 kg (T_phys=23.24N) | solve=9.2ms (max12.6)
[INFO] [1789395924.129976589] [mhe_node]: [truth] m_hat=2.3397 m_true=2.0643 err=+13.34% | c_hat=[+0.0000,+0.0000] c_true=[+0.0000,+0.0000] | Jxx_hat=0.01420 Jxx_true=0.01420 Jyz_hat=+0.00000 Jyz_true=+0.00000 | s_hat=[-0.0144,-0.0260] s_true=[+0.0000,+0.0000] kg·m
[INFO] [1789395924.130501763] [mhe_node]: [tau_phys] roll=-0.210 pitch=+0.333 Nm
[INFO] [1789395924.131094098] [mhe_node]: [mass-diag] m_est=2.3397 T=23.237N tilt=5.17deg cos=0.99593 | T/g=2.3687 T*cos/g=2.3591 | m_est-T*cos/g=-0.0193kg (-0.82%) vz=+0.029
[INFO] [1789395924.131682268] [mhe_node]: [c_xy_est] cx=-0.0062 cy=-0.0111 m
[INFO] [1789395924.516030026] [mhe_node]: [s-collapse] |s|=0.03018 ref=0.02764 peak=0.03018 ovr=0 ratio=1.092 (thr 0.30) moment=0 quantity=0 resid=0 health=1 age=0.09 solve_ok=1 reanch=0 m_p=+0.2740 slow=0/5
[INFO] [1789395925.516028522] [mhe_node]: [s-collapse] |s|=0.03558 ref=0.02764 peak=0.03558 ovr=0 ratio=1.287 (thr 0.30) moment=0 quantity=0 resid=0 health=1 age=0.09 solve_ok=1 reanch=0 m_p=+0.2729 slow=0/5
[INFO] [1789395925.615981834] [mhe_node]: [c_xy-clamp] 越界剔除 0/300 (0.0%) 上限 0.0390 kg·m clamp=1
[INFO] [1789395926.136288757] [mhe_node]: MHE mass estimate: 2.331 kg (T_phys=23.01N) | solve=11.1ms (max19.4)
[INFO] [1789395926.136874742] [mhe_node]: [truth] m_hat=2.3309 m_true=2.0643 err=+12.91% | c_hat=[+0.0000,+0.0000] c_true=[+0.0000,+0.0000] | Jxx_hat=0.01420 Jxx_true=0.01420 Jyz_hat=+0.00000 Jyz_true=+0.00000 | s_hat=[-0.0317,-0.0222] s_true=[+0.0000,+0.0000] kg·m
[INFO] [1789395926.137410999] [mhe_node]: [tau_phys] roll=-0.200 pitch=+0.174 Nm
[INFO] [1789395926.138007880] [mhe_node]: [mass-diag] m_est=2.3309 T=23.012N tilt=6.60deg cos=0.99338 | T/g=2.3458 T*cos/g=2.3302 | m_est-T*cos/g=+0.0006kg (+0.03%) vz=+0.158
[INFO] [1789395926.138599287] [mhe_node]: [c_xy_est] cx=-0.0135 cy=-0.0095 m
[WARN] [1789395926.615955750] [mhe_node]: [s-collapse] |s|=0.03984 > 物理上限 0.039 — 动态失真,不参与 moment 投票(本轮累计 3 帧)
[WARN] [1789395927.615815199] [mhe_node]: [s-collapse] |s|=0.04337 > 物理上限 0.039 — 动态失真,不参与 moment 投票(本轮累计 13 帧)
[INFO] [1789395928.124180445] [mhe_node]: MHE mass estimate: 2.332 kg (T_phys=22.88N) | solve=10.3ms (max19.3)
[INFO] [1789395928.124747885] [mhe_node]: [truth] m_hat=2.3317 m_true=2.0643 err=+12.95% | c_hat=[+0.0000,+0.0000] c_true=[+0.0000,+0.0000] | Jxx_hat=0.01420 Jxx_true=0.01420 Jyz_hat=+0.00000 Jyz_true=+0.00000 | s_hat=[-0.0403,-0.0222] s_true=[+0.0000,+0.0000] kg·m
[INFO] [1789395928.125268295] [mhe_node]: [tau_phys] roll=-0.204 pitch=+0.563 Nm
[INFO] [1789395928.125848812] [mhe_node]: [mass-diag] m_est=2.3317 T=22.883N tilt=7.26deg cos=0.99198 | T/g=2.3326 T*cos/g=2.3139 | m_est-T*cos/g=+0.0178kg (+0.77%) vz=+0.110
[INFO] [1789395928.126429640] [mhe_node]: [c_xy_est] cx=-0.0137 cy=-0.0095 m
[WARN] [1789395928.615933231] [mhe_node]: [s-collapse] |s|=0.04802 > 物理上限 0.039 — 动态失真,不参与 moment 投票(本轮累计 23 帧)
[WARN] [1789395929.615922812] [mhe_node]: [s-collapse] |s|=0.04328 > 物理上限 0.039 — 动态失真,不参与 moment 投票(本轮累计 33 帧)
[INFO] [1789395930.130151314] [mhe_node]: MHE mass estimate: 2.337 kg (T_phys=23.23N) | solve=10.4ms (max17.9)
[INFO] [1789395930.130730180] [mhe_node]: [truth] m_hat=2.3366 m_true=2.0643 err=+13.19% | c_hat=[+0.0000,+0.0000] c_true=[+0.0000,+0.0000] | Jxx_hat=0.01420 Jxx_true=0.01420 Jyz_hat=+0.00000 Jyz_true=+0.00000 | s_hat=[-0.0294,-0.0222] s_true=[+0.0000,+0.0000] kg·m
[INFO] [1789395930.131250854] [mhe_node]: [tau_phys] roll=-0.035 pitch=+0.424 Nm
[INFO] [1789395930.131838293] [mhe_node]: [mass-diag] m_est=2.3366 T=23.227N tilt=11.73deg cos=0.97910 | T/g=2.3677 T*cos/g=2.3182 | m_est-T*cos/g=+0.0184kg (+0.79%) vz=-0.124
[INFO] [1789395930.132415990] [mhe_node]: [c_xy_est] cx=-0.0132 cy=-0.0094 m
[INFO] [1789395930.516019858] [mhe_node]: [s-collapse] |s|=0.03512 ref=0.02764 peak=0.04871 ovr=36 ratio=1.270 (thr 0.30) moment=0 quantity=0 resid=0 health=1 age=0.09 solve_ok=1 reanch=0 m_p=+0.2723 slow=0/5
[WARN] [1789395931.615919987] [mhe_node]: [s-collapse] |s|=0.04832 > 物理上限 0.039 — 动态失真,不参与 moment 投票(本轮累计 41 帧)
[INFO] [1789395932.134361045] [mhe_node]: MHE mass estimate: 2.309 kg (T_phys=22.55N) | solve=14.8ms (max19.7)
[INFO] [1789395932.134943403] [mhe_node]: [truth] m_hat=2.3092 m_true=2.0643 err=+11.86% | c_hat=[+0.0000,+0.0000] c_true=[+0.0000,+0.0000] | Jxx_hat=0.01420 Jxx_true=0.01420 Jyz_hat=+0.00000 Jyz_true=+0.00000 | s_hat=[-0.0504,-0.0214] s_true=[+0.0000,+0.0000] kg·m
[INFO] [1789395932.135465709] [mhe_node]: [tau_phys] roll=-0.195 pitch=+0.432 Nm
[INFO] [1789395932.136055365] [mhe_node]: [mass-diag] m_est=2.3092 T=22.553N tilt=8.19deg cos=0.98980 | T/g=2.2989 T*cos/g=2.2755 | m_est-T*cos/g=+0.0337kg (+1.48%) vz=-0.251
[INFO] [1789395932.136633832] [mhe_node]: [c_xy_est] cx=-0.0139 cy=-0.0081 m
[WARN] [1789395932.615893933] [mhe_node]: [s-collapse] |s|=0.04940 > 物理上限 0.039 — 动态失真,不参与 moment 投票(本轮累计 51 帧)
[WARN] [1789395933.615938918] [mhe_node]: [s-collapse] |s|=0.04044 > 物理上限 0.039 — 动态失真,不参与 moment 投票(本轮累计 61 帧)
[INFO] [1789395934.132035263] [mhe_node]: MHE mass estimate: 2.277 kg (T_phys=22.85N) | solve=14.5ms (max19.1)
[INFO] [1789395934.132602015] [mhe_node]: [truth] m_hat=2.2768 m_true=2.0643 err=+10.30% | c_hat=[+0.0000,+0.0000] c_true=[+0.0000,+0.0000] | Jxx_hat=0.01420 Jxx_true=0.01420 Jyz_hat=+0.00000 Jyz_true=+0.00000 | s_hat=[-0.0437,-0.0215] s_true=[+0.0000,+0.0000] kg·m
[INFO] [1789395934.133122026] [mhe_node]: [tau_phys] roll=-0.259 pitch=+0.638 Nm
[INFO] [1789395934.133705026] [mhe_node]: [mass-diag] m_est=2.2768 T=22.847N tilt=2.83deg cos=0.99878 | T/g=2.3289 T*cos/g=2.3261 | m_est-T*cos/g=-0.0492kg (-2.12%) vz=-0.268
[INFO] [1789395934.134290113] [mhe_node]: [c_xy_est] cx=-0.0139 cy=-0.0081 m
[WARN] [1789395934.615931244] [mhe_node]: [s-collapse] |s|=0.05661 > 物理上限 0.039 — 动态失真,不参与 moment 投票(本轮累计 71 帧)
[WARN] [1789395935.615941074] [mhe_node]: [s-collapse] |s|=0.04232 > 物理上限 0.039 — 动态失真,不参与 moment 投票(本轮累计 81 帧)
[INFO] [1789395936.129604134] [mhe_node]: MHE mass estimate: 2.318 kg (T_phys=23.43N) | solve=16.4ms (max24.5)
[INFO] [1789395936.130337989] [mhe_node]: [truth] m_hat=2.3176 m_true=2.0643 err=+12.27% | c_hat=[+0.0000,+0.0000] c_true=[+0.0000,+0.0000] | Jxx_hat=0.01420 Jxx_true=0.01420 Jyz_hat=+0.00000 Jyz_true=+0.00000 | s_hat=[-0.0302,-0.0284] s_true=[+0.0000,+0.0000] kg·m
[INFO] [1789395936.130863229] [mhe_node]: [tau_phys] roll=-0.330 pitch=+0.510 Nm
[INFO] [1789395936.131468625] [mhe_node]: [mass-diag] m_est=2.3176 T=23.433N tilt=9.80deg cos=0.98542 | T/g=2.3887 T*cos/g=2.3539 | m_est-T*cos/g=-0.0362kg (-1.54%) vz=-0.099
[INFO] [1789395936.132065888] [mhe_node]: [c_xy_est] cx=-0.0139 cy=-0.0081 m
[WARN] [1789395936.615928116] [mhe_node]: [s-collapse] |s|=0.04316 > 物理上限 0.039 — 动态失真,不参与 moment 投票(本轮累计 91 帧)
[WARN] [1789395937.615926098] [mhe_node]: [s-collapse] |s|=0.05199 > 物理上限 0.039 — 动态失真,不参与 moment 投票(本轮累计 101 帧)
[INFO] [1789395938.124218068] [mhe_node]: MHE mass estimate: 2.332 kg (T_phys=23.01N) | solve=11.0ms (max17.0)
[INFO] [1789395938.124788557] [mhe_node]: [truth] m_hat=2.3324 m_true=2.0643 err=+12.99% | c_hat=[+0.0000,+0.0000] c_true=[+0.0000,+0.0000] | Jxx_hat=0.01420 Jxx_true=0.01420 Jyz_hat=+0.00000 Jyz_true=+0.00000 | s_hat=[-0.0442,-0.0285] s_true=[+0.0000,+0.0000] kg·m
[INFO] [1789395938.125309122] [mhe_node]: [tau_phys] roll=-0.246 pitch=+0.285 Nm
[INFO] [1789395938.125896078] [mhe_node]: [mass-diag] m_est=2.3324 T=23.013N tilt=6.74deg cos=0.99309 | T/g=2.3459 T*cos/g=2.3297 | m_est-T*cos/g=+0.0027kg (+0.12%) vz=-0.045
[INFO] [1789395938.126476085] [mhe_node]: [c_xy_est] cx=-0.0139 cy=-0.0081 m
[WARN] [1789395938.615929700] [mhe_node]: [s-collapse] |s|=0.05107 > 物理上限 0.039 — 动态失真,不参与 moment 投票(本轮累计 111 帧)
[WARN] [1789395939.615939250] [mhe_node]: [s-collapse] |s|=0.04616 > 物理上限 0.039 — 动态失真,不参与 moment 投票(本轮累计 121 帧)
[INFO] [1789395940.125301711] [mhe_node]: MHE mass estimate: 2.334 kg (T_phys=23.32N) | solve=8.2ms (max16.0)
[INFO] [1789395940.125873901] [mhe_node]: [truth] m_hat=2.3336 m_true=2.0643 err=+13.05% | c_hat=[+0.0000,+0.0000] c_true=[+0.0000,+0.0000] | Jxx_hat=0.01420 Jxx_true=0.01420 Jyz_hat=+0.00000 Jyz_true=+0.00000 | s_hat=[-0.0357,-0.0274] s_true=[+0.0000,+0.0000] kg·m
[INFO] [1789395940.126391257] [mhe_node]: [tau_phys] roll=-0.323 pitch=+0.369 Nm
[INFO] [1789395940.126975476] [mhe_node]: [mass-diag] m_est=2.3336 T=23.319N tilt=6.85deg cos=0.99287 | T/g=2.3771 T*cos/g=2.3601 | m_est-T*cos/g=-0.0265kg (-1.12%) vz=+0.074
[INFO] [1789395940.127559050] [mhe_node]: [c_xy_est] cx=-0.0139 cy=-0.0081 m
[WARN] [1789395940.615830202] [mhe_node]: [s-collapse] |s|=0.04514 > 物理上限 0.039 — 动态失真,不参与 moment 投票(本轮累计 131 帧)
[WARN] [1789395941.615815732] [mhe_node]: [s-collapse] |s|=0.04900 > 物理上限 0.039 — 动态失真,不参与 moment 投票(本轮累计 141 帧)
[INFO] [1789395942.125217486] [mhe_node]: MHE mass estimate: 2.340 kg (T_phys=23.47N) | solve=8.4ms (max13.6)
[INFO] [1789395942.125794486] [mhe_node]: [truth] m_hat=2.3400 m_true=2.0643 err=+13.36% | c_hat=[+0.0000,+0.0000] c_true=[+0.0000,+0.0000] | Jxx_hat=0.01420 Jxx_true=0.01420 Jyz_hat=+0.00000 Jyz_true=+0.00000 | s_hat=[-0.0418,-0.0289] s_true=[+0.0000,+0.0000] kg·m
[INFO] [1789395942.126327299] [mhe_node]: [tau_phys] roll=-0.214 pitch=+0.512 Nm
[INFO] [1789395942.126915838] [mhe_node]: [mass-diag] m_est=2.3400 T=23.471N tilt=10.34deg cos=0.98375 | T/g=2.3926 T*cos/g=2.3537 | m_est-T*cos/g=-0.0137kg (-0.58%) vz=+0.225
[INFO] [1789395942.127509516] [mhe_node]: [c_xy_est] cx=-0.0139 cy=-0.0081 m
[WARN] [1789395942.615985355] [mhe_node]: [s-collapse] |s|=0.05163 > 物理上限 0.039 — 动态失真,不参与 moment 投票(本轮累计 151 帧)
[WARN] [1789395943.615945165] [mhe_node]: [s-collapse] |s|=0.04539 > 物理上限 0.039 — 动态失真,不参与 moment 投票(本轮累计 161 帧)
[INFO] [1789395944.133173470] [mhe_node]: MHE mass estimate: 2.286 kg (T_phys=22.41N) | solve=10.4ms (max16.4)
[INFO] [1789395944.133743281] [mhe_node]: [truth] m_hat=2.2865 m_true=2.0643 err=+10.76% | c_hat=[+0.0000,+0.0000] c_true=[+0.0000,+0.0000] | Jxx_hat=0.01420 Jxx_true=0.01420 Jyz_hat=+0.00000 Jyz_true=+0.00000 | s_hat=[-0.0406,-0.0231] s_true=[+0.0000,+0.0000] kg·m
[INFO] [1789395944.134270202] [mhe_node]: [tau_phys] roll=-0.247 pitch=-0.018 Nm
[INFO] [1789395944.134856842] [mhe_node]: [mass-diag] m_est=2.2865 T=22.406N tilt=3.67deg cos=0.99795 | T/g=2.2839 T*cos/g=2.2793 | m_est-T*cos/g=+0.0072kg (+0.32%) vz=+0.223
[INFO] [1789395944.135435994] [mhe_node]: [c_xy_est] cx=-0.0139 cy=-0.0081 m
[WARN] [1789395944.615997413] [mhe_node]: [s-collapse] |s|=0.05205 > 物理上限 0.039 — 动态失真,不参与 moment 投票(本轮累计 171 帧)
[WARN] [1789395945.615961883] [mhe_node]: [s-collapse] |s|=0.04465 > 物理上限 0.039 — 动态失真,不参与 moment 投票(本轮累计 181 帧)
[INFO] [1789395946.125009314] [mhe_node]: MHE mass estimate: 2.327 kg (T_phys=23.11N) | solve=15.0ms (max27.4)
[INFO] [1789395946.125426014] [mhe_node]: [truth] m_hat=2.3267 m_true=2.0643 err=+12.71% | c_hat=[+0.0000,+0.0000] c_true=[+0.0000,+0.0000] | Jxx_hat=0.01420 Jxx_true=0.01420 Jyz_hat=+0.00000 Jyz_true=+0.00000 | s_hat=[-0.0303,-0.0241] s_true=[+0.0000,+0.0000] kg·m
[INFO] [1789395946.125791607] [mhe_node]: [tau_phys] roll=-0.184 pitch=+0.371 Nm
[INFO] [1789395946.126209824] [mhe_node]: [mass-diag] m_est=2.3267 T=23.115N tilt=6.39deg cos=0.99379 | T/g=2.3562 T*cos/g=2.3416 | m_est-T*cos/g=-0.0149kg (-0.64%) vz=+0.203
[INFO] [1789395946.126618209] [mhe_node]: [c_xy_est] cx=-0.0131 cy=-0.0104 m
[INFO] [1789395946.516006685] [mhe_node]: [s-collapse] |s|=0.03772 ref=0.02764 peak=0.05777 ovr=185 ratio=1.364 (thr 0.30) moment=0 quantity=0 resid=0 health=1 age=0.09 solve_ok=1 reanch=0 m_p=+0.2676 slow=0/5
[WARN] [1789395947.615898201] [mhe_node]: [s-collapse] |s|=0.04279 > 物理上限 0.039 — 动态失真,不参与 moment 投票(本轮累计 192 帧)
[INFO] [1789395948.131344803] [mhe_node]: MHE mass estimate: 2.336 kg (T_phys=22.91N) | solve=12.4ms (max19.0)
[INFO] [1789395948.131916047] [mhe_node]: [truth] m_hat=2.3357 m_true=2.0643 err=+13.15% | c_hat=[+0.0000,+0.0000] c_true=[+0.0000,+0.0000] | Jxx_hat=0.01420 Jxx_true=0.01420 Jyz_hat=+0.00000 Jyz_true=+0.00000 | s_hat=[-0.0378,-0.0217] s_true=[+0.0000,+0.0000] kg·m
[INFO] [1789395948.132435054] [mhe_node]: [tau_phys] roll=-0.228 pitch=+0.563 Nm
[INFO] [1789395948.133023230] [mhe_node]: [mass-diag] m_est=2.3357 T=22.911N tilt=9.42deg cos=0.98653 | T/g=2.3355 T*cos/g=2.3041 | m_est-T*cos/g=+0.0317kg (+1.38%) vz=+0.120
[INFO] [1789395948.133600786] [mhe_node]: [c_xy_est] cx=-0.0132 cy=-0.0100 m
[WARN] [1789395948.615984035] [mhe_node]: [s-collapse] |s|=0.04559 > 物理上限 0.039 — 动态失真,不参与 moment 投票(本轮累计 202 帧)
[WARN] [1789395949.615831315] [mhe_node]: [s-collapse] |s|=0.04710 > 物理上限 0.039 — 动态失真,不参与 moment 投票(本轮累计 212 帧)
[INFO] [1789395950.124022953] [mhe_node]: MHE mass estimate: 2.325 kg (T_phys=22.77N) | solve=9.6ms (max18.1)
[INFO] [1789395950.124611495] [mhe_node]: [truth] m_hat=2.3248 m_true=2.0643 err=+12.62% | c_hat=[+0.0000,+0.0000] c_true=[+0.0000,+0.0000] | Jxx_hat=0.01420 Jxx_true=0.01420 Jyz_hat=+0.00000 Jyz_true=+0.00000 | s_hat=[-0.0417,-0.0224] s_true=[+0.0000,+0.0000] kg·m
[INFO] [1789395950.125133675] [mhe_node]: [tau_phys] roll=-0.185 pitch=+0.330 Nm
[INFO] [1789395950.125716494] [mhe_node]: [mass-diag] m_est=2.3248 T=22.766N tilt=4.66deg cos=0.99670 | T/g=2.3207 T*cos/g=2.3130 | m_est-T*cos/g=+0.0117kg (+0.51%) vz=-0.028
[INFO] [1789395950.126304911] [mhe_node]: [c_xy_est] cx=-0.0132 cy=-0.0100 m
[WARN] [1789395950.616008873] [mhe_node]: [s-collapse] |s|=0.04714 > 物理上限 0.039 — 动态失真,不参与 moment 投票(本轮累计 222 帧)
[WARN] [1789395951.615966647] [mhe_node]: [s-collapse] |s|=0.04488 > 物理上限 0.039 — 动态失真,不参与 moment 投票(本轮累计 232 帧)
[INFO] [1789395952.122007415] [mhe_node]: MHE mass estimate: 2.334 kg (T_phys=23.22N) | solve=8.5ms (max14.7)
[INFO] [1789395952.122424012] [mhe_node]: [truth] m_hat=2.3341 m_true=2.0643 err=+13.07% | c_hat=[+0.0000,+0.0000] c_true=[+0.0000,+0.0000] | Jxx_hat=0.01420 Jxx_true=0.01420 Jyz_hat=+0.00000 Jyz_true=+0.00000 | s_hat=[-0.0374,-0.0219] s_true=[+0.0000,+0.0000] kg·m
[INFO] [1789395952.122801258] [mhe_node]: [tau_phys] roll=-0.212 pitch=+0.351 Nm
[INFO] [1789395952.123220612] [mhe_node]: [mass-diag] m_est=2.3341 T=23.221N tilt=9.29deg cos=0.98688 | T/g=2.3670 T*cos/g=2.3360 | m_est-T*cos/g=-0.0019kg (-0.08%) vz=-0.141
[INFO] [1789395952.123625731] [mhe_node]: [c_xy_est] cx=-0.0132 cy=-0.0100 m
[WARN] [1789395952.615872611] [mhe_node]: [s-collapse] |s|=0.04228 > 物理上限 0.039 — 动态失真,不参与 moment 投票(本轮累计 242 帧)
[WARN] [1789395953.615909597] [mhe_node]: [s-collapse] |s|=0.04528 > 物理上限 0.039 — 动态失真,不参与 moment 投票(本轮累计 252 帧)
[INFO] [1789395954.124252130] [mhe_node]: MHE mass estimate: 2.316 kg (T_phys=23.02N) | solve=10.7ms (max17.0)
[INFO] [1789395954.124674439] [mhe_node]: [truth] m_hat=2.3157 m_true=2.0643 err=+12.18% | c_hat=[+0.0000,+0.0000] c_true=[+0.0000,+0.0000] | Jxx_hat=0.01420 Jxx_true=0.01420 Jyz_hat=+0.00000 Jyz_true=+0.00000 | s_hat=[-0.0482,-0.0214] s_true=[+0.0000,+0.0000] kg·m
[INFO] [1789395954.125043035] [mhe_node]: [tau_phys] roll=-0.221 pitch=+0.681 Nm
[INFO] [1789395954.125467820] [mhe_node]: [mass-diag] m_est=2.3157 T=23.023N tilt=8.41deg cos=0.98924 | T/g=2.3468 T*cos/g=2.3216 | m_est-T*cos/g=-0.0059kg (-0.25%) vz=-0.210
[INFO] [1789395954.125877282] [mhe_node]: [c_xy_est] cx=-0.0132 cy=-0.0100 m
[WARN] [1789395954.615895645] [mhe_node]: [s-collapse] |s|=0.05419 > 物理上限 0.039 — 动态失真,不参与 moment 投票(本轮累计 262 帧)
[WARN] [1789395955.615923912] [mhe_node]: [s-collapse] |s|=0.04502 > 物理上限 0.039 — 动态失真,不参与 moment 投票(本轮累计 272 帧)
[INFO] [1789395956.128277499] [mhe_node]: MHE mass estimate: 2.307 kg (T_phys=22.81N) | solve=11.2ms (max19.0)
[INFO] [1789395956.128847034] [mhe_node]: [truth] m_hat=2.3067 m_true=2.0643 err=+11.74% | c_hat=[+0.0000,+0.0000] c_true=[+0.0000,+0.0000] | Jxx_hat=0.01420 Jxx_true=0.01420 Jyz_hat=+0.00000 Jyz_true=+0.00000 | s_hat=[-0.0375,-0.0245] s_true=[+0.0000,+0.0000] kg·m
[INFO] [1789395956.129362097] [mhe_node]: [tau_phys] roll=-0.260 pitch=+0.628 Nm
[INFO] [1789395956.129944798] [mhe_node]: [mass-diag] m_est=2.3067 T=22.813N tilt=1.73deg cos=0.99955 | T/g=2.3255 T*cos/g=2.3244 | m_est-T*cos/g=-0.0178kg (-0.77%) vz=-0.209
[INFO] [1789395956.130521918] [mhe_node]: [c_xy_est] cx=-0.0132 cy=-0.0100 m
[WARN] [1789395956.615959752] [mhe_node]: [s-collapse] |s|=0.04875 > 物理上限 0.039 — 动态失真,不参与 moment 投票(本轮累计 282 帧)
[WARN] [1789395957.615961341] [mhe_node]: [s-collapse] |s|=0.05408 > 物理上限 0.039 — 动态失真,不参与 moment 投票(本轮累计 292 帧)
[INFO] [1789395958.127801362] [mhe_node]: MHE mass estimate: 2.318 kg (T_phys=23.42N) | solve=12.3ms (max20.4)
[INFO] [1789395958.128372705] [mhe_node]: [truth] m_hat=2.3185 m_true=2.0643 err=+12.31% | c_hat=[+0.0000,+0.0000] c_true=[+0.0000,+0.0000] | Jxx_hat=0.01420 Jxx_true=0.01420 Jyz_hat=+0.00000 Jyz_true=+0.00000 | s_hat=[-0.0355,-0.0245] s_true=[+0.0000,+0.0000] kg·m
[INFO] [1789395958.128891477] [mhe_node]: [tau_phys] roll=-0.283 pitch=+0.193 Nm
[INFO] [1789395958.129475465] [mhe_node]: [mass-diag] m_est=2.3185 T=23.415N tilt=8.73deg cos=0.98842 | T/g=2.3869 T*cos/g=2.3592 | m_est-T*cos/g=-0.0407kg (-1.73%) vz=-0.130
[INFO] [1789395958.130057891] [mhe_node]: [c_xy_est] cx=-0.0132 cy=-0.0100 m
[WARN] [1789395958.615994162] [mhe_node]: [s-collapse] |s|=0.03929 > 物理上限 0.039 — 动态失真,不参与 moment 投票(本轮累计 302 帧)
[WARN] [1789395959.615969339] [mhe_node]: [s-collapse] |s|=0.04268 > 物理上限 0.039 — 动态失真,不参与 moment 投票(本轮累计 307 帧)
[INFO] [1789395960.128121263] [mhe_node]: MHE mass estimate: 2.328 kg (T_phys=23.08N) | solve=10.0ms (max12.9)
[INFO] [1789395960.128684171] [mhe_node]: [truth] m_hat=2.3277 m_true=2.0643 err=+12.76% | c_hat=[+0.0000,+0.0000] c_true=[+0.0000,+0.0000] | Jxx_hat=0.01420 Jxx_true=0.01420 Jyz_hat=+0.00000 Jyz_true=+0.00000 | s_hat=[-0.0380,-0.0274] s_true=[+0.0000,+0.0000] kg·m
[INFO] [1789395960.129210636] [mhe_node]: [tau_phys] roll=-0.292 pitch=+0.369 Nm
[INFO] [1789395960.129795468] [mhe_node]: [mass-diag] m_est=2.3277 T=23.083N tilt=7.65deg cos=0.99110 | T/g=2.3530 T*cos/g=2.3321 | m_est-T*cos/g=-0.0044kg (-0.19%) vz=-0.049
[INFO] [1789395960.130373120] [mhe_node]: [c_xy_est] cx=-0.0121 cy=-0.0111 m
[WARN] [1789395960.615965865] [mhe_node]: [s-collapse] |s|=0.04993 > 物理上限 0.039 — 动态失真,不参与 moment 投票(本轮累计 317 帧)
[WARN] [1789395961.615901686] [mhe_node]: [s-collapse] |s|=0.04877 > 物理上限 0.039 — 动态失真,不参与 moment 投票(本轮累计 327 帧)
[INFO] [1789395962.126597921] [mhe_node]: MHE mass estimate: 2.329 kg (T_phys=23.45N) | solve=11.7ms (max16.7)
[INFO] [1789395962.127170354] [mhe_node]: [truth] m_hat=2.3287 m_true=2.0643 err=+12.81% | c_hat=[+0.0000,+0.0000] c_true=[+0.0000,+0.0000] | Jxx_hat=0.01420 Jxx_true=0.01420 Jyz_hat=+0.00000 Jyz_true=+0.00000 | s_hat=[-0.0369,-0.0273] s_true=[+0.0000,+0.0000] kg·m
[INFO] [1789395962.127686072] [mhe_node]: [tau_phys] roll=-0.336 pitch=+0.437 Nm
[INFO] [1789395962.128275206] [mhe_node]: [mass-diag] m_est=2.3287 T=23.449N tilt=5.64deg cos=0.99516 | T/g=2.3903 T*cos/g=2.3787 | m_est-T*cos/g=-0.0500kg (-2.10%) vz=+0.043
[INFO] [1789395962.128865704] [mhe_node]: [c_xy_est] cx=-0.0121 cy=-0.0111 m
[WARN] [1789395962.615932839] [mhe_node]: [s-collapse] |s|=0.04590 > 物理上限 0.039 — 动态失真,不参与 moment 投票(本轮累计 337 帧)
[WARN] [1789395963.615939624] [mhe_node]: [s-collapse] |s|=0.04770 > 物理上限 0.039 — 动态失真,不参与 moment 投票(本轮累计 347 帧)
[INFO] [1789395964.125035643] [mhe_node]: MHE mass estimate: 2.337 kg (T_phys=23.39N) | solve=8.0ms (max12.7)
[INFO] [1789395964.125605230] [mhe_node]: [truth] m_hat=2.3369 m_true=2.0643 err=+13.21% | c_hat=[+0.0000,+0.0000] c_true=[+0.0000,+0.0000] | Jxx_hat=0.01420 Jxx_true=0.01420 Jyz_hat=+0.00000 Jyz_true=+0.00000 | s_hat=[-0.0399,-0.0288] s_true=[+0.0000,+0.0000] kg·m
[INFO] [1789395964.126130950] [mhe_node]: [tau_phys] roll=-0.221 pitch=+0.220 Nm
[INFO] [1789395964.126725101] [mhe_node]: [mass-diag] m_est=2.3369 T=23.394N tilt=10.49deg cos=0.98330 | T/g=2.3847 T*cos/g=2.3448 | m_est-T*cos/g=-0.0079kg (-0.34%) vz=+0.200
[INFO] [1789395964.127314311] [mhe_node]: [c_xy_est] cx=-0.0121 cy=-0.0111 m
[WARN] [1789395964.615958734] [mhe_node]: [s-collapse] |s|=0.04929 > 物理上限 0.039 — 动态失真,不参与 moment 投票(本轮累计 357 帧)
[WARN] [1789395965.615943030] [mhe_node]: [s-collapse] |s|=0.04785 > 物理上限 0.039 — 动态失真,不参与 moment 投票(本轮累计 367 帧)
[INFO] [1789395966.126306312] [mhe_node]: MHE mass estimate: 2.316 kg (T_phys=22.32N) | solve=10.0ms (max18.0)
[INFO] [1789395966.126891177] [mhe_node]: [truth] m_hat=2.3156 m_true=2.0643 err=+12.17% | c_hat=[+0.0000,+0.0000] c_true=[+0.0000,+0.0000] | Jxx_hat=0.01420 Jxx_true=0.01420 Jyz_hat=+0.00000 Jyz_true=+0.00000 | s_hat=[-0.0441,-0.0257] s_true=[+0.0000,+0.0000] kg·m
[INFO] [1789395966.127413850] [mhe_node]: [tau_phys] roll=-0.232 pitch=+0.142 Nm
[INFO] [1789395966.128002886] [mhe_node]: [mass-diag] m_est=2.3156 T=22.322N tilt=4.73deg cos=0.99659 | T/g=2.2754 T*cos/g=2.2677 | m_est-T*cos/g=+0.0479kg (+2.11%) vz=+0.239
[INFO] [1789395966.128596284] [mhe_node]: [c_xy_est] cx=-0.0121 cy=-0.0111 m
[WARN] [1789395966.615934964] [mhe_node]: [s-collapse] |s|=0.05178 > 物理上限 0.039 — 动态失真,不参与 moment 投票(本轮累计 377 帧)
[WARN] [1789395967.615921422] [mhe_node]: [s-collapse] |s|=0.03945 > 物理上限 0.039 — 动态失真,不参与 moment 投票(本轮累计 387 帧)
[INFO] [1789395968.130381988] [mhe_node]: MHE mass estimate: 2.311 kg (T_phys=23.05N) | solve=12.6ms (max19.8)
[INFO] [1789395968.130951452] [mhe_node]: [truth] m_hat=2.3108 m_true=2.0643 err=+11.94% | c_hat=[+0.0000,+0.0000] c_true=[+0.0000,+0.0000] | Jxx_hat=0.01420 Jxx_true=0.01420 Jyz_hat=+0.00000 Jyz_true=+0.00000 | s_hat=[-0.0295,-0.0231] s_true=[+0.0000,+0.0000] kg·m
[INFO] [1789395968.131472605] [mhe_node]: [tau_phys] roll=-0.213 pitch=+0.408 Nm
[INFO] [1789395968.132060383] [mhe_node]: [mass-diag] m_est=2.3108 T=23.054N tilt=5.97deg cos=0.99459 | T/g=2.3500 T*cos/g=2.3373 | m_est-T*cos/g=-0.0265kg (-1.13%) vz=+0.205
[INFO] [1789395968.132641341] [mhe_node]: [c_xy_est] cx=-0.0126 cy=-0.0101 m
[INFO] [1789395968.516023547] [mhe_node]: [s-collapse] |s|=0.03822 ref=0.02764 peak=0.05778 ovr=387 ratio=1.383 (thr 0.30) moment=0 quantity=0 resid=0 health=1 age=0.08 solve_ok=1 reanch=0 m_p=+0.2430 slow=0/5
[WARN] [1789395968.615921259] [mhe_node]: [s-collapse] |s|=0.03929 > 物理上限 0.039 — 动态失真,不参与 moment 投票(本轮累计 388 帧)
[WARN] [1789395969.615924235] [mhe_node]: [s-collapse] |s|=0.04587 > 物理上限 0.039 — 动态失真,不参与 moment 投票(本轮累计 398 帧)
[INFO] [1789395970.125952566] [mhe_node]: MHE mass estimate: 2.343 kg (T_phys=23.16N) | solve=11.2ms (max20.9)
[INFO] [1789395970.126740681] [mhe_node]: [truth] m_hat=2.3426 m_true=2.0643 err=+13.48% | c_hat=[+0.0000,+0.0000] c_true=[+0.0000,+0.0000] | Jxx_hat=0.01420 Jxx_true=0.01420 Jyz_hat=+0.00000 Jyz_true=+0.00000 | s_hat=[-0.0371,-0.0226] s_true=[+0.0000,+0.0000] kg·m
[INFO] [1789395970.127266127] [mhe_node]: [tau_phys] roll=-0.212 pitch=+0.523 Nm
[INFO] [1789395970.127854015] [mhe_node]: [mass-diag] m_est=2.3426 T=23.159N tilt=9.72deg cos=0.98563 | T/g=2.3608 T*cos/g=2.3269 | m_est-T*cos/g=+0.0157kg (+0.68%) vz=+0.164
[INFO] [1789395970.128441569] [mhe_node]: [c_xy_est] cx=-0.0134 cy=-0.0097 m
[WARN] [1789395970.615965555] [mhe_node]: [s-collapse] |s|=0.04383 > 物理上限 0.039 — 动态失真,不参与 moment 投票(本轮累计 408 帧)
[WARN] [1789395971.615948070] [mhe_node]: [s-collapse] |s|=0.04859 > 物理上限 0.039 — 动态失真,不参与 moment 投票(本轮累计 418 帧)
[INFO] [1789395972.125982968] [mhe_node]: MHE mass estimate: 2.321 kg (T_phys=22.85N) | solve=9.7ms (max22.3)
[INFO] [1789395972.126684936] [mhe_node]: [truth] m_hat=2.3209 m_true=2.0643 err=+12.43% | c_hat=[+0.0000,+0.0000] c_true=[+0.0000,+0.0000] | Jxx_hat=0.01420 Jxx_true=0.01420 Jyz_hat=+0.00000 Jyz_true=+0.00000 | s_hat=[-0.0395,-0.0225] s_true=[+0.0000,+0.0000] kg·m
[INFO] [1789395972.127206606] [mhe_node]: [tau_phys] roll=-0.210 pitch=+0.410 Nm
[INFO] [1789395972.127784701] [mhe_node]: [mass-diag] m_est=2.3209 T=22.855N tilt=5.15deg cos=0.99596 | T/g=2.3298 T*cos/g=2.3204 | m_est-T*cos/g=+0.0006kg (+0.03%) vz=-0.019
[INFO] [1789395972.128369414] [mhe_node]: [c_xy_est] cx=-0.0134 cy=-0.0097 m
[WARN] [1789395972.615956904] [mhe_node]: [s-collapse] |s|=0.04422 > 物理上限 0.039 — 动态失真,不参与 moment 投票(本轮累计 428 帧)
[WARN] [1789395973.615857704] [mhe_node]: [s-collapse] |s|=0.04485 > 物理上限 0.039 — 动态失真,不参与 moment 投票(本轮累计 438 帧)
[INFO] [1789395974.124970502] [mhe_node]: MHE mass estimate: 2.335 kg (T_phys=23.15N) | solve=9.0ms (max19.2)
[INFO] [1789395974.125542207] [mhe_node]: [truth] m_hat=2.3350 m_true=2.0643 err=+13.12% | c_hat=[+0.0000,+0.0000] c_true=[+0.0000,+0.0000] | Jxx_hat=0.01420 Jxx_true=0.01420 Jyz_hat=+0.00000 Jyz_true=+0.00000 | s_hat=[-0.0361,-0.0226] s_true=[+0.0000,+0.0000] kg·m
[INFO] [1789395974.126063975] [mhe_node]: [tau_phys] roll=-0.129 pitch=+0.398 Nm
[INFO] [1789395974.126660585] [mhe_node]: [mass-diag] m_est=2.3350 T=23.148N tilt=8.70deg cos=0.98850 | T/g=2.3596 T*cos/g=2.3324 | m_est-T*cos/g=+0.0026kg (+0.11%) vz=-0.131
[INFO] [1789395974.127245692] [mhe_node]: [c_xy_est] cx=-0.0134 cy=-0.0097 m
[WARN] [1789395974.615941927] [mhe_node]: [s-collapse] |s|=0.04066 > 物理上限 0.039 — 动态失真,不参与 moment 投票(本轮累计 448 帧)
[WARN] [1789395975.615951375] [mhe_node]: [s-collapse] |s|=0.04345 > 物理上限 0.039 — 动态失真,不参与 moment 投票(本轮累计 458 帧)
[INFO] [1789395976.126070938] [mhe_node]: MHE mass estimate: 2.318 kg (T_phys=22.64N) | solve=11.9ms (max17.9)
[INFO] [1789395976.126646669] [mhe_node]: [truth] m_hat=2.3177 m_true=2.0643 err=+12.28% | c_hat=[+0.0000,+0.0000] c_true=[+0.0000,+0.0000] | Jxx_hat=0.01420 Jxx_true=0.01420 Jyz_hat=+0.00000 Jyz_true=+0.00000 | s_hat=[-0.0486,-0.0208] s_true=[+0.0000,+0.0000] kg·m
[INFO] [1789395976.127168751] [mhe_node]: [tau_phys] roll=-0.259 pitch=+0.480 Nm
[INFO] [1789395976.127753079] [mhe_node]: [mass-diag] m_est=2.3177 T=22.639N tilt=9.33deg cos=0.98678 | T/g=2.3077 T*cos/g=2.2772 | m_est-T*cos/g=+0.0405kg (+1.78%) vz=-0.197
[INFO] [1789395976.128333953] [mhe_node]: [c_xy_est] cx=-0.0134 cy=-0.0097 m
[WARN] [1789395976.615935760] [mhe_node]: [s-collapse] |s|=0.05370 > 物理上限 0.039 — 动态失真,不参与 moment 投票(本轮累计 468 帧)
[WARN] [1789395977.615942393] [mhe_node]: [s-collapse] |s|=0.04564 > 物理上限 0.039 — 动态失真,不参与 moment 投票(本轮累计 478 帧)
[INFO] [1789395978.124981728] [mhe_node]: MHE mass estimate: 2.292 kg (T_phys=22.57N) | solve=11.9ms (max23.2)
[INFO] [1789395978.125545031] [mhe_node]: [truth] m_hat=2.2919 m_true=2.0643 err=+11.03% | c_hat=[+0.0000,+0.0000] c_true=[+0.0000,+0.0000] | Jxx_hat=0.01420 Jxx_true=0.01420 Jyz_hat=+0.00000 Jyz_true=+0.00000 | s_hat=[-0.0392,-0.0244] s_true=[+0.0000,+0.0000] kg·m
[INFO] [1789395978.126061977] [mhe_node]: [tau_phys] roll=-0.284 pitch=+0.460 Nm
[INFO] [1789395978.126645189] [mhe_node]: [mass-diag] m_est=2.2919 T=22.566N tilt=1.38deg cos=0.99971 | T/g=2.3003 T*cos/g=2.2996 | m_est-T*cos/g=-0.0077kg (-0.33%) vz=-0.226
[INFO] [1789395978.127227154] [mhe_node]: [c_xy_est] cx=-0.0134 cy=-0.0097 m
[WARN] [1789395978.615936085] [mhe_node]: [s-collapse] |s|=0.05034 > 物理上限 0.039 — 动态失真,不参与 moment 投票(本轮累计 488 帧)
[WARN] [1789395979.615933269] [mhe_node]: [s-collapse] |s|=0.05078 > 物理上限 0.039 — 动态失真,不参与 moment 投票(本轮累计 498 帧)
[INFO] [1789395980.129260555] [mhe_node]: MHE mass estimate: 2.323 kg (T_phys=23.52N) | solve=11.3ms (max19.1)
[INFO] [1789395980.129832897] [mhe_node]: [truth] m_hat=2.3229 m_true=2.0643 err=+12.53% | c_hat=[+0.0000,+0.0000] c_true=[+0.0000,+0.0000] | Jxx_hat=0.01420 Jxx_true=0.01420 Jyz_hat=+0.00000 Jyz_true=+0.00000 | s_hat=[-0.0337,-0.0260] s_true=[+0.0000,+0.0000] kg·m
[INFO] [1789395980.130353574] [mhe_node]: [tau_phys] roll=-0.273 pitch=+0.250 Nm
[INFO] [1789395980.130938310] [mhe_node]: [mass-diag] m_est=2.3229 T=23.521N tilt=8.92deg cos=0.98789 | T/g=2.3976 T*cos/g=2.3686 | m_est-T*cos/g=-0.0457kg (-1.93%) vz=-0.165
[INFO] [1789395980.131520897] [mhe_node]: [c_xy_est] cx=-0.0134 cy=-0.0097 m
[WARN] [1789395980.615948323] [mhe_node]: [s-collapse] |s|=0.04127 > 物理上限 0.039 — 动态失真,不参与 moment 投票(本轮累计 508 帧)
[WARN] [1789395981.615936539] [mhe_node]: [s-collapse] |s|=0.04478 > 物理上限 0.039 — 动态失真,不参与 moment 投票(本轮累计 518 帧)
[INFO] [1789395982.125198568] [mhe_node]: MHE mass estimate: 2.327 kg (T_phys=23.11N) | solve=9.9ms (max17.0)
[INFO] [1789395982.125760421] [mhe_node]: [truth] m_hat=2.3272 m_true=2.0643 err=+12.74% | c_hat=[+0.0000,+0.0000] c_true=[+0.0000,+0.0000] | Jxx_hat=0.01420 Jxx_true=0.01420 Jyz_hat=+0.00000 Jyz_true=+0.00000 | s_hat=[-0.0335,-0.0278] s_true=[+0.0000,+0.0000] kg·m
[INFO] [1789395982.126292448] [mhe_node]: [tau_phys] roll=-0.248 pitch=+0.479 Nm
[INFO] [1789395982.127108585] [mhe_node]: [mass-diag] m_est=2.3272 T=23.113N tilt=8.36deg cos=0.98938 | T/g=2.3560 T*cos/g=2.3310 | m_est-T*cos/g=-0.0038kg (-0.16%) vz=-0.045
[INFO] [1789395982.127706263] [mhe_node]: [c_xy_est] cx=-0.0134 cy=-0.0097 m
[WARN] [1789395982.615932485] [mhe_node]: [s-collapse] |s|=0.04429 > 物理上限 0.039 — 动态失真,不参与 moment 投票(本轮累计 528 帧)
[INFO] [1789395983.615881349] [mhe_node]: [release-resid] STRONG 票: ΔT=-5.93N x4帧 (floor 0.9N)
[WARN] [1789395983.616196270] [mhe_node]: [s-collapse] |s|=0.04518 > 物理上限 0.039 — 动态失真,不参与 moment 投票(本轮累计 538 帧)
[INFO] [1789395984.148255472] [mhe_node]: MHE mass estimate: 2.028 kg (T_phys=23.94N) | solve=18.8ms (max31.5)
[INFO] [1789395984.148791587] [mhe_node]: [truth] m_hat=2.0282 m_true=2.0643 err=-1.75% | c_hat=[+0.0000,+0.0000] c_true=[+0.0000,+0.0000] | Jxx_hat=0.01420 Jxx_true=0.01420 Jyz_hat=+0.00000 Jyz_true=+0.00000 | s_hat=[-0.0234,-0.0125] s_true=[+0.0000,+0.0000] kg·m
[INFO] [1789395984.149311316] [mhe_node]: [tau_phys] roll=-0.579 pitch=-0.590 Nm
[INFO] [1789395984.149905088] [mhe_node]: [mass-diag] m_est=2.0282 T=23.941N tilt=8.43deg cos=0.98920 | T/g=2.4404 T*cos/g=2.4141 | m_est-T*cos/g=-0.3859kg (-15.99%) vz=-0.861
[INFO] [1789395984.150497570] [mhe_node]: [c_xy_est] cx=-0.0131 cy=-0.0075 m
[WARN] [1789395984.305721647] [mhe_node]: MHE solve failed [status=2], skipping this window (streak 1)
[WARN] [1789395984.388208353] [mhe_node]: MHE solve failed [status=2], skipping this window (streak 2)
[WARN] [1789395984.484383714] [mhe_node]: MHE solve failed [status=2], skipping this window (streak 3)
[WARN] [1789395984.586649279] [mhe_node]: MHE solve failed [status=2], skipping this window (streak 4)
[WARN] [1789395984.615742424] [mhe_node]: [s-collapse] 估计不健康,释放判决暂停 (solve_ok=0 reanchored=0 age=0.47s) — 持续计数已清零
[INFO] [1789395985.516090044] [mhe_node]: [s-collapse] |s|=0.00931 ref=0.02764 peak=0.05778 ovr=541 ratio=0.337 (thr 0.30) moment=0 quantity=0 resid=1S health=1 age=0.08 solve_ok=1 reanch=0 m_p=+0.1397 slow=0/5
[INFO] [1789395985.915753389] [mhe_node]: [payload-state] LOADED->EMPTY (drop, m_p=-0.019kg)
[INFO] [1789395985.915934660] [mhe_node]: [c_xy_est] 载荷释放(fastB: strong residual + moment collapsed (ratio=0.190) x3帧) → 在线偏心估计归零(重新播种)
[INFO] [1789395985.935023566] [mhe_node]: [s-decay] n=1 |s_est|=0.00372 |s_target|=0.00000 |s_out|=0.00515 d_s_out=-0.00253 conf=0.004 present=0 armed=0 latched=1 health=1
[INFO] [1789395986.072320182] [mhe_node]: [s-decay] n=2 |s_est|=0.00286 |s_target|=0.00000 |s_out|=0.00345 d_s_out=-0.00170 conf=0.126 present=0 armed=0 latched=1 health=1
[INFO] [1789395986.140569861] [mhe_node]: [s-decay] n=3 |s_est|=0.00136 |s_target|=0.00000 |s_out|=0.00231 d_s_out=-0.00114 conf=0.362 present=0 armed=0 latched=1 health=1
[INFO] [1789395986.236900647] [mhe_node]: [s-decay] n=4 |s_est|=0.00196 |s_target|=0.00000 |s_out|=0.00155 d_s_out=-0.00076 conf=0.571 present=0 armed=0 latched=1 health=1
[INFO] [1789395986.333734640] [mhe_node]: [s-decay] n=5 |s_est|=0.00071 |s_target|=0.00000 |s_out|=0.00104 d_s_out=-0.00051 conf=0.712 present=0 armed=0 latched=1 health=1
[INFO] [1789395986.433670414] [mhe_node]: [s-decay] n=6 |s_est|=0.00027 |s_target|=0.00000 |s_out|=0.00070 d_s_out=-0.00034 conf=0.807 present=0 armed=0 latched=1 health=1
[INFO] [1789395986.542283134] [mhe_node]: MHE mass estimate: 1.961 kg (T_phys=20.17N) | solve=27.6ms (max73.9)
[INFO] [1789395986.542824442] [mhe_node]: [truth] m_hat=1.9611 m_true=2.0643 err=-5.00% | c_hat=[+0.0000,+0.0000] c_true=[+0.0000,+0.0000] | Jxx_hat=0.01420 Jxx_true=0.01420 Jyz_hat=+0.00000 Jyz_true=+0.00000 | s_hat=[-0.0017,+0.0003] s_true=[+0.0000,+0.0000] kg·m
[INFO] [1789395986.543344431] [mhe_node]: [tau_phys] roll=-0.014 pitch=-0.018 Nm
[INFO] [1789395986.543933801] [mhe_node]: [mass-diag] m_est=1.9611 T=20.171N tilt=8.34deg cos=0.98942 | T/g=2.0562 T*cos/g=2.0344 | m_est-T*cos/g=-0.0734kg (-3.61%) vz=+0.195
[INFO] [1789395986.544516574] [mhe_node]: [c_xy_est] cx=-0.0001 cy=+0.0001 m
[INFO] [1789395986.544901193] [mhe_node]: [s-decay] n=7 |s_est|=0.00178 |s_target|=0.00000 |s_out|=0.00047 d_s_out=-0.00023 conf=0.871 present=0 armed=0 latched=1 health=1
[INFO] [1789395986.649491067] [mhe_node]: [s-decay] n=8 |s_est|=0.00314 |s_target|=0.00000 |s_out|=0.00031 d_s_out=-0.00015 conf=0.913 present=0 armed=0 latched=1 health=1
[INFO] [1789395986.761349533] [mhe_node]: [s-decay] n=9 |s_est|=0.00563 |s_target|=0.00000 |s_out|=0.00021 d_s_out=-0.00010 conf=0.942 present=0 armed=0 latched=1 health=1
[INFO] [1789395986.864234148] [mhe_node]: [s-decay] n=10 |s_est|=0.00801 |s_target|=0.00000 |s_out|=0.00014 d_s_out=-0.00007 conf=0.961 present=0 armed=0 latched=1 health=1
[INFO] [1789395986.992237742] [mhe_node]: [s-decay] n=11 |s_est|=0.01110 |s_target|=0.00000 |s_out|=0.00009 d_s_out=-0.00005 conf=0.974 present=0 armed=0 latched=1 health=1
[WARN] [1789395987.086089127] [mhe_node]: MHE solve failed [status=2], skipping this window (streak 1)
[INFO] [1789395987.086436029] [mhe_node]: [s-decay] n=12 |s_est|=0.01110 |s_target|=0.00000 |s_out|=0.00009 d_s_out=+0.00000 conf=0.974 present=0 armed=0 latched=1 health=0
[INFO] [1789395987.169654151] [mhe_node]: [s-decay] n=13 |s_est|=0.01727 |s_target|=0.00000 |s_out|=0.00006 d_s_out=-0.00003 conf=0.983 present=0 armed=0 latched=1 health=1
[WARN] [1789395987.286122110] [mhe_node]: MHE solve failed [status=2], skipping this window (streak 1)
[INFO] [1789395987.286428045] [mhe_node]: [s-decay] n=14 |s_est|=0.01727 |s_target|=0.00000 |s_out|=0.00006 d_s_out=+0.00000 conf=0.983 present=0 armed=0 latched=1 health=0
[INFO] [1789395987.360333910] [mhe_node]: [s-decay] n=15 |s_est|=0.02277 |s_target|=0.00000 |s_out|=0.00004 d_s_out=-0.00002 conf=0.988 present=0 armed=0 latched=1 health=1
[INFO] [1789395987.457107465] [mhe_node]: [s-decay] n=16 |s_est|=0.02384 |s_target|=0.00000 |s_out|=0.00003 d_s_out=-0.00001 conf=0.992 present=0 armed=0 latched=1 health=1
[INFO] [1789395987.587197067] [mhe_node]: [s-decay] n=17 |s_est|=0.02548 |s_target|=0.00000 |s_out|=0.00002 d_s_out=-0.00001 conf=0.995 present=0 armed=0 latched=1 health=1
[WARN] [1789395987.682765735] [mhe_node]: MHE solve failed [status=2], skipping this window (streak 1)
[INFO] [1789395987.683072495] [mhe_node]: [s-decay] n=18 |s_est|=0.02548 |s_target|=0.00000 |s_out|=0.00002 d_s_out=+0.00000 conf=0.995 present=0 armed=0 latched=1 health=0
[WARN] [1789395987.789977151] [mhe_node]: MHE solve failed [status=2], skipping this window (streak 2)
[INFO] [1789395987.790291270] [mhe_node]: [s-decay] n=19 |s_est|=0.02548 |s_target|=0.00000 |s_out|=0.00002 d_s_out=+0.00000 conf=0.995 present=0 armed=0 latched=1 health=0
[WARN] [1789395987.886184459] [mhe_node]: MHE solve failed [status=2], skipping this window (streak 3)
[INFO] [1789395987.886494541] [mhe_node]: [s-decay] n=20 |s_est|=0.02548 |s_target|=0.00000 |s_out|=0.00002 d_s_out=+0.00000 conf=0.995 present=0 armed=0 latched=1 health=0
[INFO] [1789395987.957497769] [mhe_node]: [s-decay] n=21 |s_est|=0.03060 |s_target|=0.00000 |s_out|=0.00001 d_s_out=-0.00001 conf=0.996 present=0 armed=0 latched=1 health=1
[WARN] [1789395988.085642753] [mhe_node]: MHE solve failed [status=2], skipping this window (streak 1)
[INFO] [1789395988.085985539] [mhe_node]: [s-decay] n=22 |s_est|=0.03060 |s_target|=0.00000 |s_out|=0.00001 d_s_out=+0.00000 conf=0.996 present=0 armed=0 latched=1 health=0
[INFO] [1789395988.183083027] [mhe_node]: [s-decay] n=23 |s_est|=0.03266 |s_target|=0.00000 |s_out|=0.00001 d_s_out=-0.00000 conf=0.998 present=0 armed=0 latched=1 health=1
[INFO] [1789395988.235865007] [mhe_node]: [s-decay] n=24 |s_est|=0.03227 |s_target|=0.00000 |s_out|=0.00001 d_s_out=-0.00000 conf=0.998 present=0 armed=0 latched=1 health=1
[INFO] [1789395988.330625785] [mhe_node]: [s-decay] n=25 |s_est|=0.03223 |s_target|=0.00000 |s_out|=0.00000 d_s_out=-0.00000 conf=0.999 present=0 armed=0 latched=1 health=1
[INFO] [1789395988.443680925] [mhe_node]: [s-decay] n=26 |s_est|=0.03205 |s_target|=0.00000 |s_out|=0.00000 d_s_out=-0.00000 conf=0.999 present=0 armed=0 latched=1 health=1
[INFO] [1789395988.541979335] [mhe_node]: [s-decay] n=27 |s_est|=0.03246 |s_target|=0.00000 |s_out|=0.00000 d_s_out=-0.00000 conf=1.000 present=0 armed=0 latched=1 health=1
[INFO] [1789395988.642153141] [mhe_node]: [s-decay] n=28 |s_est|=0.03209 |s_target|=0.00000 |s_out|=0.00000 d_s_out=-0.00000 conf=1.000 present=0 armed=0 latched=1 health=1
[INFO] [1789395988.737497391] [mhe_node]: [s-decay] n=29 |s_est|=0.03215 |s_target|=0.00000 |s_out|=0.00000 d_s_out=-0.00000 conf=1.000 present=0 armed=0 latched=1 health=1
[INFO] [1789395988.841486380] [mhe_node]: [s-decay] n=30 |s_est|=0.03193 |s_target|=0.00000 |s_out|=0.00000 d_s_out=-0.00000 conf=1.000 present=0 armed=0 latched=1 health=1
[INFO] [1789395988.941550952] [mhe_node]: [s-decay] n=31 |s_est|=0.03169 |s_target|=0.00000 |s_out|=0.00000 d_s_out=-0.00000 conf=1.000 present=0 armed=0 latched=1 health=1
[INFO] [1789395989.043554971] [mhe_node]: [s-decay] n=32 |s_est|=0.03157 |s_target|=0.00000 |s_out|=0.00000 d_s_out=-0.00000 conf=1.000 present=0 armed=0 latched=1 health=1
[INFO] [1789395989.140321020] [mhe_node]: MHE mass estimate: 2.045 kg (T_phys=20.12N) | solve=42.3ms (max73.9)
[INFO] [1789395989.140864248] [mhe_node]: [truth] m_hat=2.0451 m_true=2.0643 err=-0.93% | c_hat=[+0.0000,+0.0000] c_true=[+0.0000,+0.0000] | Jxx_hat=0.01420 Jxx_true=0.01420 Jyz_hat=+0.00000 Jyz_true=+0.00000 | s_hat=[-0.0314,+0.0007] s_true=[+0.0000,+0.0000] kg·m
[INFO] [1789395989.141383766] [mhe_node]: [tau_phys] roll=+0.024 pitch=+0.276 Nm
[INFO] [1789395989.141970884] [mhe_node]: [mass-diag] m_est=2.0451 T=20.118N tilt=1.95deg cos=0.99942 | T/g=2.0507 T*cos/g=2.0496 | m_est-T*cos/g=-0.0044kg (-0.22%) vz=+0.238
[INFO] [1789395989.142557454] [mhe_node]: [c_xy_est] cx=-0.0154 cy=+0.0003 m
[INFO] [1789395989.142940127] [mhe_node]: [s-decay] n=33 |s_est|=0.03144 |s_target|=0.00000 |s_out|=0.00000 d_s_out=-0.00000 conf=1.000 present=0 armed=0 latched=1 health=1
[INFO] [1789395989.244641550] [mhe_node]: [s-decay] n=34 |s_est|=0.03133 |s_target|=0.00000 |s_out|=0.00000 d_s_out=-0.00000 conf=1.000 present=0 armed=0 latched=1 health=1
[INFO] [1789395989.343878031] [mhe_node]: [s-decay] n=35 |s_est|=0.03123 |s_target|=0.00000 |s_out|=0.00000 d_s_out=-0.00000 conf=1.000 present=0 armed=0 latched=1 health=1
[INFO] [1789395989.443593225] [mhe_node]: [s-decay] n=36 |s_est|=0.03105 |s_target|=0.00000 |s_out|=0.00000 d_s_out=-0.00000 conf=1.000 present=0 armed=0 latched=1 health=1
[INFO] [1789395989.551836695] [mhe_node]: [s-decay] n=37 |s_est|=0.03074 |s_target|=0.00000 |s_out|=0.00000 d_s_out=-0.00000 conf=1.000 present=0 armed=0 latched=1 health=1
[INFO] [1789395989.640189140] [mhe_node]: [s-decay] n=38 |s_est|=0.03042 |s_target|=0.00000 |s_out|=0.00000 d_s_out=-0.00000 conf=1.000 present=0 armed=0 latched=1 health=1
[INFO] [1789395989.745886289] [mhe_node]: [s-decay] n=39 |s_est|=0.03007 |s_target|=0.00000 |s_out|=0.00000 d_s_out=-0.00000 conf=1.000 present=0 armed=0 latched=1 health=1
[INFO] [1789395989.840391258] [mhe_node]: [s-decay] n=40 |s_est|=0.02960 |s_target|=0.00000 |s_out|=0.00000 d_s_out=-0.00000 conf=1.000 present=0 armed=0 latched=1 health=1
[INFO] [1789395989.934248082] [mhe_node]: [s-decay] n=41 |s_est|=0.02910 |s_target|=0.00000 |s_out|=0.00000 d_s_out=-0.00000 conf=1.000 present=0 armed=0 latched=1 health=1
[INFO] [1789395990.038712606] [mhe_node]: [s-decay] n=42 |s_est|=0.02852 |s_target|=0.00000 |s_out|=0.00000 d_s_out=-0.00000 conf=1.000 present=0 armed=0 latched=1 health=1
[INFO] [1789395990.138262604] [mhe_node]: [s-decay] n=43 |s_est|=0.02785 |s_target|=0.00000 |s_out|=0.00000 d_s_out=-0.00000 conf=1.000 present=0 armed=0 latched=1 health=1
[INFO] [1789395990.234800840] [mhe_node]: [s-decay] n=44 |s_est|=0.02731 |s_target|=0.00000 |s_out|=0.00000 d_s_out=-0.00000 conf=1.000 present=0 armed=0 latched=1 health=1
[INFO] [1789395990.336190843] [mhe_node]: [s-decay] n=45 |s_est|=0.02675 |s_target|=0.00000 |s_out|=0.00000 d_s_out=-0.00000 conf=1.000 present=0 armed=0 latched=1 health=1
[INFO] [1789395990.439388346] [mhe_node]: [s-decay] n=46 |s_est|=0.02631 |s_target|=0.00000 |s_out|=0.00000 d_s_out=-0.00000 conf=1.000 present=0 armed=0 latched=1 health=1
[INFO] [1789395990.539401360] [mhe_node]: [s-decay] n=47 |s_est|=0.02584 |s_target|=0.00000 |s_out|=0.00000 d_s_out=-0.00000 conf=1.000 present=0 armed=0 latched=1 health=1
[INFO] [1789395990.645311300] [mhe_node]: [s-decay] n=48 |s_est|=0.02512 |s_target|=0.00000 |s_out|=0.00000 d_s_out=-0.00000 conf=1.000 present=0 armed=0 latched=1 health=1
[INFO] [1789395990.732511287] [mhe_node]: [s-decay] n=49 |s_est|=0.02438 |s_target|=0.00000 |s_out|=0.00000 d_s_out=-0.00000 conf=1.000 present=0 armed=0 latched=1 health=1
[INFO] [1789395990.841764814] [mhe_node]: [s-decay] n=50 |s_est|=0.02357 |s_target|=0.00000 |s_out|=0.00000 d_s_out=-0.00000 conf=1.000 present=0 armed=0 latched=1 health=1
[INFO] [1789395990.939250377] [mhe_node]: [s-decay] n=51 |s_est|=0.02273 |s_target|=0.00000 |s_out|=0.00000 d_s_out=-0.00000 conf=1.000 present=0 armed=0 latched=1 health=1
[INFO] [1789395991.033640147] [mhe_node]: [s-decay] n=52 |s_est|=0.02185 |s_target|=0.00000 |s_out|=0.00000 d_s_out=-0.00000 conf=1.000 present=0 armed=0 latched=1 health=1
[INFO] [1789395991.138289750] [mhe_node]: MHE mass estimate: 2.034 kg (T_phys=20.51N) | solve=23.4ms (max35.2)
[INFO] [1789395991.138836755] [mhe_node]: [truth] m_hat=2.0340 m_true=2.0643 err=-1.47% | c_hat=[+0.0000,+0.0000] c_true=[+0.0000,+0.0000] | Jxx_hat=0.01420 Jxx_true=0.01420 Jyz_hat=+0.00000 Jyz_true=+0.00000 | s_hat=[-0.0209,+0.0023] s_true=[+0.0000,+0.0000] kg·m
[INFO] [1789395991.139360703] [mhe_node]: [tau_phys] roll=+0.042 pitch=+0.138 Nm
[INFO] [1789395991.139958910] [mhe_node]: [mass-diag] m_est=2.0340 T=20.505N tilt=8.80deg cos=0.98822 | T/g=2.0902 T*cos/g=2.0656 | m_est-T*cos/g=-0.0316kg (-1.53%) vz=+0.175
[INFO] [1789395991.140540585] [mhe_node]: [c_xy_est] cx=-0.0107 cy=+0.0011 m
[INFO] [1789395991.140923704] [mhe_node]: [s-decay] n=53 |s_est|=0.02099 |s_target|=0.00000 |s_out|=0.00000 d_s_out=-0.00000 conf=1.000 present=0 armed=0 latched=1 health=1
[INFO] [1789395991.234943413] [mhe_node]: [s-decay] n=54 |s_est|=0.02015 |s_target|=0.00000 |s_out|=0.00000 d_s_out=-0.00000 conf=1.000 present=0 armed=0 latched=1 health=1
[INFO] [1789395991.337183321] [mhe_node]: [s-decay] n=55 |s_est|=0.01936 |s_target|=0.00000 |s_out|=0.00000 d_s_out=-0.00000 conf=1.000 present=0 armed=0 latched=1 health=1
[INFO] [1789395991.439693081] [mhe_node]: [s-decay] n=56 |s_est|=0.01867 |s_target|=0.00000 |s_out|=0.00000 d_s_out=-0.00000 conf=1.000 present=0 armed=0 latched=1 health=1
[INFO] [1789395991.536561559] [mhe_node]: [s-decay] n=57 |s_est|=0.01798 |s_target|=0.00000 |s_out|=0.00000 d_s_out=-0.00000 conf=1.000 present=0 armed=0 latched=1 health=1
[INFO] [1789395991.638472682] [mhe_node]: [s-decay] n=58 |s_est|=0.01740 |s_target|=0.00000 |s_out|=0.00000 d_s_out=-0.00000 conf=1.000 present=0 armed=0 latched=1 health=1
[INFO] [1789395991.727354565] [mhe_node]: [s-decay] n=59 |s_est|=0.01686 |s_target|=0.00000 |s_out|=0.00000 d_s_out=-0.00000 conf=1.000 present=0 armed=0 latched=1 health=1
[INFO] [1789395991.828524285] [mhe_node]: [s-decay] n=60 |s_est|=0.01641 |s_target|=0.00000 |s_out|=0.00000 d_s_out=-0.00000 conf=1.000 present=0 armed=0 latched=1 health=1
[INFO] [1789395991.923822106] [mhe_node]: [s-decay] n=61 |s_est|=0.01602 |s_target|=0.00000 |s_out|=0.00000 d_s_out=-0.00000 conf=1.000 present=0 armed=0 latched=1 health=1
[INFO] [1789395992.026050313] [mhe_node]: [s-decay] n=62 |s_est|=0.01571 |s_target|=0.00000 |s_out|=0.00000 d_s_out=-0.00000 conf=1.000 present=0 armed=0 latched=1 health=1
[INFO] [1789395992.125341365] [mhe_node]: [s-decay] n=63 |s_est|=0.01544 |s_target|=0.00000 |s_out|=0.00000 d_s_out=-0.00000 conf=1.000 present=0 armed=0 latched=1 health=1
[INFO] [1789395992.226589267] [mhe_node]: [s-decay] n=64 |s_est|=0.01528 |s_target|=0.00000 |s_out|=0.00000 d_s_out=-0.00000 conf=1.000 present=0 armed=0 latched=1 health=1
[INFO] [1789395992.326604174] [mhe_node]: [s-decay] n=65 |s_est|=0.01520 |s_target|=0.00000 |s_out|=0.00000 d_s_out=-0.00000 conf=1.000 present=0 armed=0 latched=1 health=1
[INFO] [1789395992.429964480] [mhe_node]: [s-decay] n=66 |s_est|=0.01530 |s_target|=0.00000 |s_out|=0.00000 d_s_out=-0.00000 conf=1.000 present=0 armed=0 latched=1 health=1
[INFO] [1789395992.532233726] [mhe_node]: [s-decay] n=67 |s_est|=0.01551 |s_target|=0.00000 |s_out|=0.00000 d_s_out=-0.00000 conf=1.000 present=0 armed=0 latched=1 health=1
[INFO] [1789395992.629899785] [mhe_node]: [s-decay] n=68 |s_est|=0.01576 |s_target|=0.00000 |s_out|=0.00000 d_s_out=-0.00000 conf=1.000 present=0 armed=0 latched=1 health=1
[INFO] [1789395992.732170904] [mhe_node]: [s-decay] n=69 |s_est|=0.01605 |s_target|=0.00000 |s_out|=0.00000 d_s_out=-0.00000 conf=1.000 present=0 armed=0 latched=1 health=1
[INFO] [1789395992.828646039] [mhe_node]: [s-decay] n=70 |s_est|=0.01637 |s_target|=0.00000 |s_out|=0.00000 d_s_out=-0.00000 conf=1.000 present=0 armed=0 latched=1 health=1
[INFO] [1789395992.929705282] [mhe_node]: [s-decay] n=71 |s_est|=0.01674 |s_target|=0.00000 |s_out|=0.00000 d_s_out=-0.00000 conf=1.000 present=0 armed=0 latched=1 health=1
[INFO] [1789395993.034270565] [mhe_node]: [s-decay] n=72 |s_est|=0.01709 |s_target|=0.00000 |s_out|=0.00000 d_s_out=-0.00000 conf=1.000 present=0 armed=0 latched=1 health=1
[INFO] [1789395993.129619831] [mhe_node]: MHE mass estimate: 2.047 kg (T_phys=20.15N) | solve=14.2ms (max22.9)
[INFO] [1789395993.130159975] [mhe_node]: [truth] m_hat=2.0469 m_true=2.0643 err=-0.84% | c_hat=[+0.0000,+0.0000] c_true=[+0.0000,+0.0000] | Jxx_hat=0.01420 Jxx_true=0.01420 Jyz_hat=+0.00000 Jyz_true=+0.00000 | s_hat=[-0.0172,+0.0030] s_true=[+0.0000,+0.0000] kg·m
[INFO] [1789395993.130675464] [mhe_node]: [tau_phys] roll=+0.008 pitch=+0.202 Nm
[INFO] [1789395993.131261654] [mhe_node]: [mass-diag] m_est=2.0469 T=20.151N tilt=8.55deg cos=0.98887 | T/g=2.0541 T*cos/g=2.0313 | m_est-T*cos/g=+0.0156kg (+0.77%) vz=+0.084
[INFO] [1789395993.131844367] [mhe_node]: [c_xy_est] cx=-0.0082 cy=+0.0015 m
[INFO] [1789395993.132216407] [mhe_node]: [s-decay] n=73 |s_est|=0.01745 |s_target|=0.00000 |s_out|=0.00000 d_s_out=-0.00000 conf=1.000 present=0 armed=0 latched=1 health=1
[INFO] [1789395993.229655073] [mhe_node]: [s-decay] n=74 |s_est|=0.01781 |s_target|=0.00000 |s_out|=0.00000 d_s_out=-0.00000 conf=1.000 present=0 armed=0 latched=1 health=1
[INFO] [1789395993.329887449] [mhe_node]: [s-decay] n=75 |s_est|=0.01815 |s_target|=0.00000 |s_out|=0.00000 d_s_out=-0.00000 conf=1.000 present=0 armed=0 latched=1 health=1
[INFO] [1789395993.431929767] [mhe_node]: [s-decay] n=76 |s_est|=0.01852 |s_target|=0.00000 |s_out|=0.00000 d_s_out=-0.00000 conf=1.000 present=0 armed=0 latched=1 health=1
[INFO] [1789395993.532004369] [mhe_node]: [s-decay] n=77 |s_est|=0.01888 |s_target|=0.00000 |s_out|=0.00000 d_s_out=-0.00000 conf=1.000 present=0 armed=0 latched=1 health=1
[INFO] [1789395993.628618400] [mhe_node]: [s-decay] n=78 |s_est|=0.01921 |s_target|=0.00000 |s_out|=0.00000 d_s_out=-0.00000 conf=1.000 present=0 armed=0 latched=1 health=1
[INFO] [1789395993.727692374] [mhe_node]: [s-decay] n=79 |s_est|=0.01953 |s_target|=0.00000 |s_out|=0.00000 d_s_out=-0.00000 conf=1.000 present=0 armed=0 latched=1 health=1
[INFO] [1789395993.827890060] [mhe_node]: [s-decay] n=80 |s_est|=0.01983 |s_target|=0.00000 |s_out|=0.00000 d_s_out=-0.00000 conf=1.000 present=0 armed=0 latched=1 health=1
[INFO] [1789395993.927458858] [mhe_node]: [s-decay] n=81 |s_est|=0.02013 |s_target|=0.00000 |s_out|=0.00000 d_s_out=-0.00000 conf=1.000 present=0 armed=0 latched=1 health=1
[INFO] [1789395994.035316740] [mhe_node]: [s-decay] n=82 |s_est|=0.02041 |s_target|=0.00000 |s_out|=0.00000 d_s_out=-0.00000 conf=1.000 present=0 armed=0 latched=1 health=1
[INFO] [1789395994.129847854] [mhe_node]: [s-decay] n=83 |s_est|=0.02067 |s_target|=0.00000 |s_out|=0.00000 d_s_out=-0.00000 conf=1.000 present=0 armed=0 latched=1 health=1
[INFO] [1789395994.228814601] [mhe_node]: [s-decay] n=84 |s_est|=0.02083 |s_target|=0.00000 |s_out|=0.00000 d_s_out=-0.00000 conf=1.000 present=0 armed=0 latched=1 health=1
[INFO] [1789395994.327851239] [mhe_node]: [s-decay] n=85 |s_est|=0.02099 |s_target|=0.00000 |s_out|=0.00000 d_s_out=-0.00000 conf=1.000 present=0 armed=0 latched=1 health=1
[INFO] [1789395994.424440187] [mhe_node]: [s-decay] n=86 |s_est|=0.02111 |s_target|=0.00000 |s_out|=0.00000 d_s_out=-0.00000 conf=1.000 present=0 armed=0 latched=1 health=1
[INFO] [1789395994.524538565] [mhe_node]: [s-decay] n=87 |s_est|=0.02119 |s_target|=0.00000 |s_out|=0.00000 d_s_out=-0.00000 conf=1.000 present=0 armed=0 latched=1 health=1
[INFO] [1789395994.623662004] [mhe_node]: [s-decay] n=88 |s_est|=0.02127 |s_target|=0.00000 |s_out|=0.00000 d_s_out=-0.00000 conf=1.000 present=0 armed=0 latched=1 health=1
[INFO] [1789395994.724557508] [mhe_node]: [s-decay] n=89 |s_est|=0.02128 |s_target|=0.00000 |s_out|=0.00000 d_s_out=-0.00000 conf=1.000 present=0 armed=0 latched=1 health=1
[INFO] [1789395994.824341597] [mhe_node]: [s-decay] n=90 |s_est|=0.02118 |s_target|=0.00000 |s_out|=0.00000 d_s_out=-0.00000 conf=1.000 present=0 armed=0 latched=1 health=1
[INFO] [1789395994.924444923] [mhe_node]: [s-decay] n=91 |s_est|=0.02104 |s_target|=0.00000 |s_out|=0.00000 d_s_out=-0.00000 conf=1.000 present=0 armed=0 latched=1 health=1
[INFO] [1789395995.028766904] [mhe_node]: [s-decay] n=92 |s_est|=0.02081 |s_target|=0.00000 |s_out|=0.00000 d_s_out=-0.00000 conf=1.000 present=0 armed=0 latched=1 health=1
[INFO] [1789395995.128807135] [mhe_node]: MHE mass estimate: 2.053 kg (T_phys=20.11N) | solve=11.3ms (max18.7)
[INFO] [1789395995.129356141] [mhe_node]: [truth] m_hat=2.0527 m_true=2.0643 err=-0.56% | c_hat=[+0.0000,+0.0000] c_true=[+0.0000,+0.0000] | Jxx_hat=0.01420 Jxx_true=0.01420 Jyz_hat=+0.00000 Jyz_true=+0.00000 | s_hat=[-0.0204,+0.0022] s_true=[+0.0000,+0.0000] kg·m
[INFO] [1789395995.129881885] [mhe_node]: [tau_phys] roll=+0.032 pitch=+0.179 Nm
[INFO] [1789395995.130474181] [mhe_node]: [mass-diag] m_est=2.0527 T=20.110N tilt=5.78deg cos=0.99491 | T/g=2.0500 T*cos/g=2.0396 | m_est-T*cos/g=+0.0131kg (+0.64%) vz=-0.042
[INFO] [1789395995.131057436] [mhe_node]: [c_xy_est] cx=-0.0101 cy=+0.0010 m
[INFO] [1789395995.131447281] [mhe_node]: [s-decay] n=93 |s_est|=0.02052 |s_target|=0.00000 |s_out|=0.00000 d_s_out=-0.00000 conf=1.000 present=0 armed=0 latched=1 health=1
[INFO] [1789395995.230881539] [mhe_node]: [s-decay] n=94 |s_est|=0.02022 |s_target|=0.00000 |s_out|=0.00000 d_s_out=-0.00000 conf=1.000 present=0 armed=0 latched=1 health=1
[INFO] [1789395995.329796113] [mhe_node]: [s-decay] n=95 |s_est|=0.01989 |s_target|=0.00000 |s_out|=0.00000 d_s_out=-0.00000 conf=1.000 present=0 armed=0 latched=1 health=1
[INFO] [1789395995.430968976] [mhe_node]: [s-decay] n=96 |s_est|=0.01957 |s_target|=0.00000 |s_out|=0.00000 d_s_out=-0.00000 conf=1.000 present=0 armed=0 latched=1 health=1
[INFO] [1789395995.533322427] [mhe_node]: [s-decay] n=97 |s_est|=0.01923 |s_target|=0.00000 |s_out|=0.00000 d_s_out=-0.00000 conf=1.000 present=0 armed=0 latched=1 health=1
[INFO] [1789395995.631077355] [mhe_node]: [s-decay] n=98 |s_est|=0.01888 |s_target|=0.00000 |s_out|=0.00000 d_s_out=-0.00000 conf=1.000 present=0 armed=0 latched=1 health=1
[INFO] [1789395995.730107552] [mhe_node]: [s-decay] n=99 |s_est|=0.01853 |s_target|=0.00000 |s_out|=0.00000 d_s_out=-0.00000 conf=1.000 present=0 armed=0 latched=1 health=1
[INFO] [1789395995.828611700] [mhe_node]: [s-decay] n=100 |s_est|=0.01817 |s_target|=0.00000 |s_out|=0.00000 d_s_out=-0.00000 conf=1.000 present=0 armed=0 latched=1 health=1
[INFO] [1789395997.127913631] [mhe_node]: MHE mass estimate: 2.048 kg (T_phys=20.34N) | solve=12.3ms (max16.5)
[INFO] [1789395997.128458287] [mhe_node]: [truth] m_hat=2.0480 m_true=2.0643 err=-0.79% | c_hat=[+0.0000,+0.0000] c_true=[+0.0000,+0.0000] | Jxx_hat=0.01420 Jxx_true=0.01420 Jyz_hat=+0.00000 Jyz_true=+0.00000 | s_hat=[-0.0147,+0.0032] s_true=[+0.0000,+0.0000] kg·m
[INFO] [1789395997.128974082] [mhe_node]: [tau_phys] roll=+0.032 pitch=+0.194 Nm
[INFO] [1789395997.129559292] [mhe_node]: [mass-diag] m_est=2.0480 T=20.336N tilt=10.24deg cos=0.98408 | T/g=2.0730 T*cos/g=2.0400 | m_est-T*cos/g=+0.0080kg (+0.39%) vz=-0.165
[INFO] [1789395997.130138545] [mhe_node]: [c_xy_est] cx=-0.0072 cy=+0.0015 m
[INFO] [1789395999.147075617] [mhe_node]: MHE mass estimate: 2.019 kg (T_phys=20.07N) | solve=22.1ms (max35.2)
[INFO] [1789395999.147770840] [mhe_node]: [truth] m_hat=2.0193 m_true=2.0643 err=-2.18% | c_hat=[+0.0000,+0.0000] c_true=[+0.0000,+0.0000] | Jxx_hat=0.01420 Jxx_true=0.01420 Jyz_hat=+0.00000 Jyz_true=+0.00000 | s_hat=[-0.0269,+0.0015] s_true=[+0.0000,+0.0000] kg·m
[INFO] [1789395999.148294230] [mhe_node]: [tau_phys] roll=+0.014 pitch=+0.291 Nm
[INFO] [1789395999.148880816] [mhe_node]: [mass-diag] m_est=2.0193 T=20.075N tilt=6.74deg cos=0.99308 | T/g=2.0464 T*cos/g=2.0322 | m_est-T*cos/g=-0.0129kg (-0.64%) vz=-0.217
[INFO] [1789395999.149466323] [mhe_node]: [c_xy_est] cx=-0.0130 cy=+0.0008 m
[INFO] [1789396001.144820148] [mhe_node]: MHE mass estimate: 2.039 kg (T_phys=20.27N) | solve=24.6ms (max33.1)
[INFO] [1789396001.145381257] [mhe_node]: [truth] m_hat=2.0390 m_true=2.0643 err=-1.22% | c_hat=[+0.0000,+0.0000] c_true=[+0.0000,+0.0000] | Jxx_hat=0.01420 Jxx_true=0.01420 Jyz_hat=+0.00000 Jyz_true=+0.00000 | s_hat=[-0.0286,+0.0002] s_true=[+0.0000,+0.0000] kg·m
[INFO] [1789396001.145898175] [mhe_node]: [tau_phys] roll=-0.011 pitch=+0.157 Nm
[INFO] [1789396001.146494468] [mhe_node]: [mass-diag] m_est=2.0390 T=20.266N tilt=4.39deg cos=0.99706 | T/g=2.0659 T*cos/g=2.0598 | m_est-T*cos/g=-0.0208kg (-1.01%) vz=-0.208
[INFO] [1789396001.147079653] [mhe_node]: [c_xy_est] cx=-0.0142 cy=+0.0001 m
[INFO] [1789396003.126176228] [mhe_node]: MHE mass estimate: 2.043 kg (T_phys=20.55N) | solve=18.5ms (max31.6)
[INFO] [1789396003.126562976] [mhe_node]: [truth] m_hat=2.0431 m_true=2.0643 err=-1.03% | c_hat=[+0.0000,+0.0000] c_true=[+0.0000,+0.0000] | Jxx_hat=0.01420 Jxx_true=0.01420 Jyz_hat=+0.00000 Jyz_true=+0.00000 | s_hat=[-0.0152,-0.0017] s_true=[+0.0000,+0.0000] kg·m
[INFO] [1789396003.126924659] [mhe_node]: [tau_phys] roll=-0.016 pitch=+0.099 Nm
[INFO] [1789396003.127344933] [mhe_node]: [mass-diag] m_est=2.0431 T=20.554N tilt=9.80deg cos=0.98541 | T/g=2.0952 T*cos/g=2.0646 | m_est-T*cos/g=-0.0215kg (-1.04%) vz=-0.137
[INFO] [1789396003.127749683] [mhe_node]: [c_xy_est] cx=-0.0076 cy=-0.0008 m
[INFO] [1789396005.136419330] [mhe_node]: MHE mass estimate: 2.038 kg (T_phys=20.35N) | solve=14.2ms (max19.7)
[INFO] [1789396005.136961228] [mhe_node]: [truth] m_hat=2.0382 m_true=2.0643 err=-1.26% | c_hat=[+0.0000,+0.0000] c_true=[+0.0000,+0.0000] | Jxx_hat=0.01420 Jxx_true=0.01420 Jyz_hat=+0.00000 Jyz_true=+0.00000 | s_hat=[-0.0210,-0.0011] s_true=[+0.0000,+0.0000] kg·m
[INFO] [1789396005.137484794] [mhe_node]: [tau_phys] roll=-0.022 pitch=+0.265 Nm
[INFO] [1789396005.138072097] [mhe_node]: [mass-diag] m_est=2.0382 T=20.352N tilt=5.76deg cos=0.99495 | T/g=2.0746 T*cos/g=2.0641 | m_est-T*cos/g=-0.0259kg (-1.26%) vz=-0.021
[INFO] [1789396005.138651091] [mhe_node]: [c_xy_est] cx=-0.0101 cy=-0.0006 m
[INFO] [1789396007.145349017] [mhe_node]: MHE mass estimate: 1.961 kg (T_phys=20.83N) | solve=18.3ms (max37.6)
[INFO] [1789396007.145892785] [mhe_node]: [truth] m_hat=1.9611 m_true=2.0643 err=-5.00% | c_hat=[+0.0000,+0.0000] c_true=[+0.0000,+0.0000] | Jxx_hat=0.01420 Jxx_true=0.01420 Jyz_hat=+0.00000 Jyz_true=+0.00000 | s_hat=[-0.0112,-0.0000] s_true=[+0.0000,+0.0000] kg·m
[INFO] [1789396007.146408294] [mhe_node]: [tau_phys] roll=+0.030 pitch=+0.058 Nm
[INFO] [1789396007.146997049] [mhe_node]: [mass-diag] m_est=1.9611 T=20.833N tilt=10.18deg cos=0.98425 | T/g=2.1236 T*cos/g=2.0902 | m_est-T*cos/g=-0.1291kg (-6.18%) vz=+0.082
[INFO] [1789396007.147581818] [mhe_node]: [c_xy_est] cx=-0.0064 cy=-0.0002 m
[INFO] [1789396009.123423737] [mhe_node]: MHE mass estimate: 2.046 kg (T_phys=20.42N) | solve=15.5ms (max24.6)
[INFO] [1789396009.123809852] [mhe_node]: [truth] m_hat=2.0462 m_true=2.0643 err=-0.87% | c_hat=[+0.0000,+0.0000] c_true=[+0.0000,+0.0000] | Jxx_hat=0.01420 Jxx_true=0.01420 Jyz_hat=+0.00000 Jyz_true=+0.00000 | s_hat=[+0.0022,+0.0027] s_true=[+0.0000,+0.0000] kg·m
[INFO] [1789396009.124181320] [mhe_node]: [tau_phys] roll=+0.013 pitch=-0.018 Nm
[INFO] [1789396009.124609847] [mhe_node]: [mass-diag] m_est=2.0462 T=20.416N tilt=9.96deg cos=0.98494 | T/g=2.0811 T*cos/g=2.0498 | m_est-T*cos/g=-0.0035kg (-0.17%) vz=+0.210
[INFO] [1789396009.125031695] [mhe_node]: [c_xy_est] cx=+0.0010 cy=+0.0014 m
[INFO] [1789396010.215950195] [mhe_node]: [c_xy-clamp] 越界剔除 0/600 (0.0%) 上限 0.0390 kg·m clamp=1
[INFO] [1789396011.123290334] [mhe_node]: MHE mass estimate: 2.039 kg (T_phys=20.08N) | solve=8.5ms (max14.7)
[INFO] [1789396011.123685895] [mhe_node]: [truth] m_hat=2.0390 m_true=2.0643 err=-1.23% | c_hat=[+0.0000,+0.0000] c_true=[+0.0000,+0.0000] | Jxx_hat=0.01420 Jxx_true=0.01420 Jyz_hat=+0.00000 Jyz_true=+0.00000 | s_hat=[+0.0021,+0.0010] s_true=[+0.0000,+0.0000] kg·m
[INFO] [1789396011.124053940] [mhe_node]: [tau_phys] roll=+0.004 pitch=+0.010 Nm
[INFO] [1789396011.124471724] [mhe_node]: [mass-diag] m_est=2.0390 T=20.080N tilt=2.59deg cos=0.99898 | T/g=2.0469 T*cos/g=2.0448 | m_est-T*cos/g=-0.0059kg (-0.29%) vz=+0.225
[INFO] [1789396011.124877580] [mhe_node]: [c_xy_est] cx=+0.0010 cy=+0.0005 m
[INFO] [1789396013.122464778] [mhe_node]: MHE mass estimate: 2.052 kg (T_phys=20.43N) | solve=6.4ms (max14.8)
[INFO] [1789396013.123004550] [mhe_node]: [truth] m_hat=2.0524 m_true=2.0643 err=-0.58% | c_hat=[+0.0000,+0.0000] c_true=[+0.0000,+0.0000] | Jxx_hat=0.01420 Jxx_true=0.01420 Jyz_hat=+0.00000 Jyz_true=+0.00000 | s_hat=[+0.0001,-0.0004] s_true=[+0.0000,+0.0000] kg·m
[INFO] [1789396013.123526053] [mhe_node]: [tau_phys] roll=+0.001 pitch=+0.055 Nm
[INFO] [1789396013.124107939] [mhe_node]: [mass-diag] m_est=2.0524 T=20.429N tilt=7.72deg cos=0.99094 | T/g=2.0825 T*cos/g=2.0636 | m_est-T*cos/g=-0.0112kg (-0.54%) vz=+0.192
[INFO] [1789396013.124687403] [mhe_node]: [c_xy_est] cx=+0.0001 cy=-0.0001 m
[INFO] [1789396015.124652827] [mhe_node]: MHE mass estimate: 2.052 kg (T_phys=20.14N) | solve=9.6ms (max14.8)
[INFO] [1789396015.125201198] [mhe_node]: [truth] m_hat=2.0520 m_true=2.0643 err=-0.59% | c_hat=[+0.0000,+0.0000] c_true=[+0.0000,+0.0000] | Jxx_hat=0.01420 Jxx_true=0.01420 Jyz_hat=+0.00000 Jyz_true=+0.00000 | s_hat=[+0.0001,-0.0014] s_true=[+0.0000,+0.0000] kg·m
[INFO] [1789396015.125720969] [mhe_node]: [tau_phys] roll=-0.008 pitch=-0.078 Nm
[INFO] [1789396015.126314794] [mhe_node]: [mass-diag] m_est=2.0520 T=20.141N tilt=9.22deg cos=0.98709 | T/g=2.0531 T*cos/g=2.0266 | m_est-T*cos/g=+0.0254kg (+1.25%) vz=+0.110
[INFO] [1789396015.126892019] [mhe_node]: [c_xy_est] cx=-0.0001 cy=-0.0007 m
[INFO] [1789396017.123576412] [mhe_node]: MHE mass estimate: 2.048 kg (T_phys=20.11N) | solve=7.9ms (max12.6)
[INFO] [1789396017.124296995] [mhe_node]: [truth] m_hat=2.0477 m_true=2.0643 err=-0.80% | c_hat=[+0.0000,+0.0000] c_true=[+0.0000,+0.0000] | Jxx_hat=0.01420 Jxx_true=0.01420 Jyz_hat=+0.00000 Jyz_true=+0.00000 | s_hat=[+0.0007,-0.0002] s_true=[+0.0000,+0.0000] kg·m
[INFO] [1789396017.124873130] [mhe_node]: [tau_phys] roll=+0.001 pitch=+0.011 Nm
[INFO] [1789396017.125521406] [mhe_node]: [mass-diag] m_est=2.0477 T=20.111N tilt=5.05deg cos=0.99613 | T/g=2.0500 T*cos/g=2.0421 | m_est-T*cos/g=+0.0056kg (+0.27%) vz=-0.048
[INFO] [1789396017.126162688] [mhe_node]: [c_xy_est] cx=+0.0005 cy=-0.0001 m
[INFO] [1789396019.123406709] [mhe_node]: MHE mass estimate: 2.056 kg (T_phys=20.39N) | solve=8.4ms (max12.3)
[INFO] [1789396019.123825490] [mhe_node]: [truth] m_hat=2.0565 m_true=2.0643 err=-0.38% | c_hat=[+0.0000,+0.0000] c_true=[+0.0000,+0.0000] | Jxx_hat=0.01420 Jxx_true=0.01420 Jyz_hat=+0.00000 Jyz_true=+0.00000 | s_hat=[-0.0002,-0.0014] s_true=[+0.0000,+0.0000] kg·m
[INFO] [1789396019.124205705] [mhe_node]: [tau_phys] roll=-0.009 pitch=-0.012 Nm
[INFO] [1789396019.124644714] [mhe_node]: [mass-diag] m_est=2.0565 T=20.395N tilt=9.94deg cos=0.98498 | T/g=2.0790 T*cos/g=2.0478 | m_est-T*cos/g=+0.0087kg (+0.43%) vz=-0.161
[INFO] [1789396019.125057289] [mhe_node]: [c_xy_est] cx=-0.0002 cy=-0.0006 m
[INFO] [1789396021.123481045] [mhe_node]: MHE mass estimate: 2.049 kg (T_phys=20.24N) | solve=8.4ms (max13.5)
[INFO] [1789396021.124019953] [mhe_node]: [truth] m_hat=2.0487 m_true=2.0643 err=-0.76% | c_hat=[+0.0000,+0.0000] c_true=[+0.0000,+0.0000] | Jxx_hat=0.01420 Jxx_true=0.01420 Jyz_hat=+0.00000 Jyz_true=+0.00000 | s_hat=[+0.0014,+0.0001] s_true=[+0.0000,+0.0000] kg·m
[INFO] [1789396021.124548573] [mhe_node]: [tau_phys] roll=+0.008 pitch=-0.016 Nm
[INFO] [1789396021.125137686] [mhe_node]: [mass-diag] m_est=2.0487 T=20.242N tilt=7.32deg cos=0.99185 | T/g=2.0634 T*cos/g=2.0466 | m_est-T*cos/g=+0.0021kg (+0.10%) vz=-0.204
[INFO] [1789396021.125716320] [mhe_node]: [c_xy_est] cx=+0.0007 cy=-0.0000 m
[INFO] [1789396023.122479772] [mhe_node]: MHE mass estimate: 2.053 kg (T_phys=20.34N) | solve=8.1ms (max13.4)
[INFO] [1789396023.123018706] [mhe_node]: [truth] m_hat=2.0533 m_true=2.0643 err=-0.53% | c_hat=[+0.0000,+0.0000] c_true=[+0.0000,+0.0000] | Jxx_hat=0.01420 Jxx_true=0.01420 Jyz_hat=+0.00000 Jyz_true=+0.00000 | s_hat=[-0.0003,+0.0015] s_true=[+0.0000,+0.0000] kg·m
[INFO] [1789396023.123535152] [mhe_node]: [tau_phys] roll=+0.017 pitch=+0.016 Nm
[INFO] [1789396023.124121948] [mhe_node]: [mass-diag] m_est=2.0533 T=20.344N tilt=3.40deg cos=0.99824 | T/g=2.0738 T*cos/g=2.0701 | m_est-T*cos/g=-0.0169kg (-0.81%) vz=-0.213
[INFO] [1789396023.124702388] [mhe_node]: [c_xy_est] cx=-0.0001 cy=+0.0007 m
[INFO] [1789396025.126785882] [mhe_node]: MHE mass estimate: 2.058 kg (T_phys=20.58N) | solve=7.2ms (max15.9)
[INFO] [1789396025.127334391] [mhe_node]: [truth] m_hat=2.0580 m_true=2.0643 err=-0.30% | c_hat=[+0.0000,+0.0000] c_true=[+0.0000,+0.0000] | Jxx_hat=0.01420 Jxx_true=0.01420 Jyz_hat=+0.00000 Jyz_true=+0.00000 | s_hat=[-0.0006,+0.0025] s_true=[+0.0000,+0.0000] kg·m
[INFO] [1789396025.127850192] [mhe_node]: [tau_phys] roll=+0.027 pitch=-0.003 Nm
[INFO] [1789396025.128440873] [mhe_node]: [mass-diag] m_est=2.0580 T=20.580N tilt=9.55deg cos=0.98613 | T/g=2.0978 T*cos/g=2.0687 | m_est-T*cos/g=-0.0107kg (-0.52%) vz=-0.136
[INFO] [1789396025.129018333] [mhe_node]: [c_xy_est] cx=-0.0004 cy=+0.0012 m
[INFO] [1789396027.125782177] [mhe_node]: MHE mass estimate: 2.052 kg (T_phys=20.28N) | solve=8.5ms (max13.3)
[INFO] [1789396027.126323409] [mhe_node]: [truth] m_hat=2.0520 m_true=2.0643 err=-0.60% | c_hat=[+0.0000,+0.0000] c_true=[+0.0000,+0.0000] | Jxx_hat=0.01420 Jxx_true=0.01420 Jyz_hat=+0.00000 Jyz_true=+0.00000 | s_hat=[+0.0017,+0.0016] s_true=[+0.0000,+0.0000] kg·m
[INFO] [1789396027.126837764] [mhe_node]: [tau_phys] roll=+0.016 pitch=-0.017 Nm
[INFO] [1789396027.127423338] [mhe_node]: [mass-diag] m_est=2.0520 T=20.283N tilt=6.28deg cos=0.99399 | T/g=2.0676 T*cos/g=2.0552 | m_est-T*cos/g=-0.0031kg (-0.15%) vz=-0.034
[INFO] [1789396027.127995310] [mhe_node]: [c_xy_est] cx=+0.0008 cy=+0.0008 m
[INFO] [1789396029.122494598] [mhe_node]: MHE mass estimate: 2.053 kg (T_phys=20.56N) | solve=6.9ms (max11.1)
[INFO] [1789396029.123037542] [mhe_node]: [truth] m_hat=2.0535 m_true=2.0643 err=-0.52% | c_hat=[+0.0000,+0.0000] c_true=[+0.0000,+0.0000] | Jxx_hat=0.01420 Jxx_true=0.01420 Jyz_hat=+0.00000 Jyz_true=+0.00000 | s_hat=[-0.0011,+0.0019] s_true=[+0.0000,+0.0000] kg·m
[INFO] [1789396029.123561735] [mhe_node]: [tau_phys] roll=+0.021 pitch=+0.021 Nm
[INFO] [1789396029.124152390] [mhe_node]: [mass-diag] m_est=2.0535 T=20.555N tilt=7.01deg cos=0.99252 | T/g=2.0953 T*cos/g=2.0797 | m_est-T*cos/g=-0.0262kg (-1.26%) vz=+0.085
[INFO] [1789396029.124733110] [mhe_node]: [c_xy_est] cx=-0.0005 cy=+0.0009 m
[INFO] [1789396031.134398273] [mhe_node]: MHE mass estimate: 2.048 kg (T_phys=20.28N) | solve=9.7ms (max17.6)
[INFO] [1789396031.134938285] [mhe_node]: [truth] m_hat=2.0475 m_true=2.0643 err=-0.81% | c_hat=[+0.0000,+0.0000] c_true=[+0.0000,+0.0000] | Jxx_hat=0.01420 Jxx_true=0.01420 Jyz_hat=+0.00000 Jyz_true=+0.00000 | s_hat=[+0.0014,+0.0024] s_true=[+0.0000,+0.0000] kg·m
[INFO] [1789396031.135458566] [mhe_node]: [tau_phys] roll=+0.012 pitch=-0.028 Nm
[INFO] [1789396031.136039608] [mhe_node]: [mass-diag] m_est=2.0475 T=20.277N tilt=9.78deg cos=0.98547 | T/g=2.0670 T*cos/g=2.0369 | m_est-T*cos/g=+0.0106kg (+0.52%) vz=+0.220
[INFO] [1789396031.136624178] [mhe_node]: [c_xy_est] cx=+0.0005 cy=+0.0012 m
[ros2run]: Killed
