[INFO] [1789382275.229384266] [mhe_node]: MHE node starting, building/loading solver... (geom_coupled=True, N=20, m_min=1.961, m_B=2.0643)
Code reuse possible, skipping code generation.
acados was compiled without OpenMP.
[INFO] [1789382275.236425177] [mhe_node]: [prior] geom_coupled=True → 载荷质量信息**完全不生效**(grip_payload_envelope=0.3 是死代码:coupled 档下 _payload_geometry 根本不被调用);模型只吃可测杆臂 r_p + 被估质量,m 的先验仅有 Q0 质量维=0.1 (σ=3.16kg,实质无先验)
[WARN] [1789382275.236913168] [mhe_node]: geom_release_mode='self':估计器不被告知 drop。⚠️ 2026-08-24 实测,**NMPC 侧也设成 'self' 会必然坠机**——drop 后控制器继续按幽灵偏心载荷配平,指令 0.424N·m(tau_max 的 85%)作用在空机 J_xx=0.0142 上 = 29.8 rad/s²,而 MHE 10Hz/2s 窗口要 1~2s 才纠得过来,飞机先翻。**正确组合 = MHE 'self' + NMPC 'event'**(控制器是发释放指令的一方,它知道不构成认知作弊)。
[INFO] [1789382275.238858376] [mhe_node]: [moment-ref] 物理上限由平台包线派生: 0.0390 kg·m = 0.30kg x 0.13m
[INFO] [1789382275.239570000] [mhe_node]: [c_xy_est] 质量域卸载判据已开:先武装(m_p>0.090kg),再判 m_p<0.03kg 持续 20 帧 -> 释放偏心估计
[INFO] [1789382275.240232533] [mhe_node]: [c_xy] 来源 = 一阶质量矩 s/m_T(窗口内估计,**无稳态门控**),替代窗外 EMA —— 机动中也会更新
[INFO] [1789382275.241350428] [mhe_node]: weight schedule theta = [-4.00, 0.00, 0.00, 0.00], signal mode = residual (residual self-trigger: thresh=4.4N persist=2 baseline_tau=3.0s)
[INFO] [1789382275.244911354] [mhe_node]: [release-selfcheck] READY: c_xy_est_enable=1, moment-state ns=2, ratio=0.30; legacy_mass=1, watchdog=3.0s
[INFO] [1789382275.245787049] [mhe_node]: MHE node initialized! tau_source=command (roll/pitch NMPC意图值, yaw NMPC意图值), motor_window_avg=False, geom_release_mode=self. Waiting for odometry + control data...
[INFO] [1789382297.545547200] [mhe_node]: arrival prior seeded: m=2.064 kg (m_nominal prior)
[INFO] [1789382297.546053470] [mhe_node]: [geom] model_geom_on=True (release_mode=self, truth_attached=False) mode=coupled(r_p) -> geom=[ 0.    0.   -0.47] dJ=0.0000 c_xy=[+0.0000,+0.0000] (dJ/c 为按当前 m_est 折算的诊断当量,模型内部随 m 实时生成)
[INFO] [1789382299.452731687] [mhe_node]: MHE mass estimate: 2.059 kg (T_phys=20.09N) | solve=3.9ms (max6.4)
[INFO] [1789382299.453276919] [mhe_node]: [truth] m_hat=2.0588 m_true=2.0643 err=-0.27% | c_hat=[+0.0000,+0.0000] c_true=[+0.0000,+0.0000] | Jxx_hat=0.01420 Jxx_true=0.01420 Jyz_hat=+0.00000 Jyz_true=+0.00000 | s_hat=[+0.0009,+0.0001] s_true=[+0.0000,+0.0000] kg·m
[INFO] [1789382299.453786674] [mhe_node]: [tau_phys] roll=+0.006 pitch=-0.037 Nm
[INFO] [1789382299.454377661] [mhe_node]: [mass-diag] m_est=2.0588 T=20.086N tilt=6.96deg cos=0.99263 | T/g=2.0475 T*cos/g=2.0324 | m_est-T*cos/g=+0.0264kg (+1.30%) vz=+0.098
[INFO] [1789382299.454949703] [mhe_node]: [c_xy_est] cx=+0.0003 cy=+0.0000 m
[INFO] [1789382301.451745072] [mhe_node]: MHE mass estimate: 2.061 kg (T_phys=20.13N) | solve=8.6ms (max17.6)
[INFO] [1789382301.452287520] [mhe_node]: [truth] m_hat=2.0606 m_true=2.0643 err=-0.18% | c_hat=[+0.0000,+0.0000] c_true=[+0.0000,+0.0000] | Jxx_hat=0.01420 Jxx_true=0.01420 Jyz_hat=+0.00000 Jyz_true=+0.00000 | s_hat=[-0.0010,+0.0001] s_true=[+0.0000,+0.0000] kg·m
[INFO] [1789382301.452801852] [mhe_node]: [tau_phys] roll=+0.001 pitch=+0.013 Nm
[INFO] [1789382301.453391818] [mhe_node]: [mass-diag] m_est=2.0606 T=20.127N tilt=2.15deg cos=0.99929 | T/g=2.0517 T*cos/g=2.0503 | m_est-T*cos/g=+0.0103kg (+0.50%) vz=+0.046
[INFO] [1789382301.453970254] [mhe_node]: [c_xy_est] cx=-0.0005 cy=+0.0000 m
[INFO] [1789382303.451050586] [mhe_node]: MHE mass estimate: 2.057 kg (T_phys=20.17N) | solve=5.6ms (max11.7)
[INFO] [1789382303.451596780] [mhe_node]: [truth] m_hat=2.0573 m_true=2.0643 err=-0.34% | c_hat=[+0.0000,+0.0000] c_true=[+0.0000,+0.0000] | Jxx_hat=0.01420 Jxx_true=0.01420 Jyz_hat=+0.00000 Jyz_true=+0.00000 | s_hat=[+0.0001,-0.0000] s_true=[+0.0000,+0.0000] kg·m
[INFO] [1789382303.452120456] [mhe_node]: [tau_phys] roll=+0.004 pitch=+0.004 Nm
[INFO] [1789382303.452695100] [mhe_node]: [mass-diag] m_est=2.0573 T=20.172N tilt=0.27deg cos=0.99999 | T/g=2.0563 T*cos/g=2.0563 | m_est-T*cos/g=+0.0010kg (+0.05%) vz=-0.000
[INFO] [1789382303.453275548] [mhe_node]: [c_xy_est] cx=+0.0000 cy=-0.0000 m
[INFO] [1789382305.245348402] [mhe_node]: [release-resid] STRONG 票: ΔT=-1.03N x4帧 (floor 0.9N)
[INFO] [1789382305.455394624] [mhe_node]: MHE mass estimate: 2.047 kg (T_phys=18.20N) | solve=4.6ms (max9.0)
[INFO] [1789382305.455931123] [mhe_node]: [truth] m_hat=2.0474 m_true=2.0643 err=-0.82% | c_hat=[+0.0000,+0.0000] c_true=[+0.0000,+0.0000] | Jxx_hat=0.01420 Jxx_true=0.01420 Jyz_hat=+0.00000 Jyz_true=+0.00000 | s_hat=[+0.0002,-0.0001] s_true=[+0.0000,+0.0000] kg·m
[INFO] [1789382305.456449167] [mhe_node]: [tau_phys] roll=-0.003 pitch=+0.003 Nm
[INFO] [1789382305.457027952] [mhe_node]: [mass-diag] m_est=2.0474 T=18.198N tilt=0.31deg cos=0.99999 | T/g=1.8551 T*cos/g=1.8551 | m_est-T*cos/g=+0.1923kg (+10.37%) vz=-0.475
[INFO] [1789382305.457611095] [mhe_node]: [c_xy_est] cx=+0.0001 cy=-0.0000 m
[INFO] [1789382307.450900709] [mhe_node]: MHE mass estimate: 2.062 kg (T_phys=20.34N) | solve=5.1ms (max8.5)
[INFO] [1789382307.451438595] [mhe_node]: [truth] m_hat=2.0620 m_true=2.0643 err=-0.11% | c_hat=[+0.0000,+0.0000] c_true=[+0.0000,+0.0000] | Jxx_hat=0.01420 Jxx_true=0.01420 Jyz_hat=+0.00000 Jyz_true=+0.00000 | s_hat=[+0.0000,+0.0000] s_true=[+0.0000,+0.0000] kg·m
[INFO] [1789382307.451953172] [mhe_node]: [tau_phys] roll=+0.001 pitch=-0.000 Nm
[INFO] [1789382307.452530622] [mhe_node]: [mass-diag] m_est=2.0620 T=20.335N tilt=0.48deg cos=0.99997 | T/g=2.0729 T*cos/g=2.0728 | m_est-T*cos/g=-0.0109kg (-0.52%) vz=-0.052
[INFO] [1789382307.453101514] [mhe_node]: [c_xy_est] cx=+0.0000 cy=+0.0000 m
[INFO] [1789382309.456878577] [mhe_node]: MHE mass estimate: 1.973 kg (T_phys=19.66N) | solve=7.8ms (max16.3)
[INFO] [1789382309.457270745] [mhe_node]: [truth] m_hat=1.9734 m_true=2.0643 err=-4.40% | c_hat=[+0.0000,+0.0000] c_true=[+0.0000,+0.0000] | Jxx_hat=0.01420 Jxx_true=0.01420 Jyz_hat=+0.00000 Jyz_true=+0.00000 | s_hat=[-0.0041,+0.0002] s_true=[+0.0000,+0.0000] kg·m
[INFO] [1789382309.457632334] [mhe_node]: [tau_phys] roll=+0.027 pitch=+0.133 Nm
[INFO] [1789382309.458047402] [mhe_node]: [mass-diag] m_est=1.9734 T=19.663N tilt=0.10deg cos=1.00000 | T/g=2.0044 T*cos/g=2.0044 | m_est-T*cos/g=-0.0310kg (-1.54%) vz=+0.009
[INFO] [1789382309.458451169] [mhe_node]: [c_xy_est] cx=-0.0017 cy=+0.0001 m
[WARN] [1789382311.511275272] [mhe_node]: MHE solve failed [status=2], skipping this window (streak 1)
[WARN] [1789382311.615292430] [mhe_node]: MHE solve failed [status=2], skipping this window (streak 2)
[WARN] [1789382311.720468401] [mhe_node]: MHE solve failed [status=2], skipping this window (streak 3)
[WARN] [1789382311.814804576] [mhe_node]: MHE solve failed [status=2], skipping this window (streak 4)
[INFO] [1789382311.908757558] [mhe_node]: MHE mass estimate: 1.961 kg (T_phys=20.79N) | solve=45.8ms (max74.6)
[INFO] [1789382311.909173446] [mhe_node]: [truth] m_hat=1.9611 m_true=2.0643 err=-5.00% | c_hat=[+0.0000,+0.0000] c_true=[+0.0000,+0.0000] | Jxx_hat=0.01420 Jxx_true=0.01420 Jyz_hat=+0.00000 Jyz_true=+0.00000 | s_hat=[-0.0144,+0.0150] s_true=[+0.0000,+0.0000] kg·m
[INFO] [1789382311.909534921] [mhe_node]: [tau_phys] roll=+0.066 pitch=+0.145 Nm
[INFO] [1789382311.909952238] [mhe_node]: [mass-diag] m_est=1.9611 T=20.788N tilt=0.54deg cos=0.99996 | T/g=2.1190 T*cos/g=2.1189 | m_est-T*cos/g=-0.1579kg (-7.45%) vz=+0.010
[INFO] [1789382311.910357128] [mhe_node]: [c_xy_est] cx=-0.0045 cy=+0.0084 m
[WARN] [1789382312.111109474] [mhe_node]: MHE solve failed [status=2], skipping this window (streak 1)
[WARN] [1789382312.323564253] [mhe_node]: MHE solve failed [status=2], skipping this window (streak 1)
[WARN] [1789382312.817285344] [mhe_node]: MHE solve failed [status=2], skipping this window (streak 1)
[WARN] [1789382313.116016510] [mhe_node]: MHE solve failed [status=2], skipping this window (streak 1)
[INFO] [1789382314.251812336] [mhe_node]: MHE mass estimate: 2.371 kg (T_phys=24.92N) | solve=38.2ms (max78.4)
[INFO] [1789382314.252220663] [mhe_node]: [truth] m_hat=2.3707 m_true=2.0643 err=+14.84% | c_hat=[+0.0000,+0.0000] c_true=[+0.0000,+0.0000] | Jxx_hat=0.01420 Jxx_true=0.01420 Jyz_hat=+0.00000 Jyz_true=+0.00000 | s_hat=[+0.0015,-0.0280] s_true=[+0.0000,+0.0000] kg·m
[INFO] [1789382314.252582201] [mhe_node]: [tau_phys] roll=-0.346 pitch=-0.061 Nm
[INFO] [1789382314.252998323] [mhe_node]: [mass-diag] m_est=2.3707 T=24.920N tilt=1.46deg cos=0.99967 | T/g=2.5403 T*cos/g=2.5394 | m_est-T*cos/g=-0.1687kg (-6.64%) vz=+1.013
[INFO] [1789382314.253400712] [mhe_node]: [c_xy_est] cx=+0.0011 cy=-0.0120 m
[INFO] [1789382315.645424533] [mhe_node]: [payload-state] EMPTY->LOADED (sustained m_p evidence, m_p=+0.227kg)
[INFO] [1789382315.745596275] [mhe_node]: [s-collapse] moment 基准未就绪(窗口 0/20, 越界剔除 0) — 暂不判决
[INFO] [1789382316.269213918] [mhe_node]: MHE mass estimate: 2.316 kg (T_phys=22.32N) | solve=17.1ms (max25.7)
[INFO] [1789382316.269780092] [mhe_node]: [truth] m_hat=2.3164 m_true=2.0643 err=+12.21% | c_hat=[+0.0000,+0.0000] c_true=[+0.0000,+0.0000] | Jxx_hat=0.01420 Jxx_true=0.01420 Jyz_hat=+0.00000 Jyz_true=+0.00000 | s_hat=[-0.0110,-0.0229] s_true=[+0.0000,+0.0000] kg·m
[INFO] [1789382316.270300426] [mhe_node]: [tau_phys] roll=-0.282 pitch=-0.312 Nm
[INFO] [1789382316.270895847] [mhe_node]: [mass-diag] m_est=2.3164 T=22.324N tilt=1.30deg cos=0.99974 | T/g=2.2756 T*cos/g=2.2750 | m_est-T*cos/g=+0.0413kg (+1.82%) vz=+1.160
[INFO] [1789382316.271478529] [mhe_node]: [c_xy_est] cx=-0.0020 cy=-0.0100 m
[INFO] [1789382316.745530990] [mhe_node]: [s-collapse] moment 基准未就绪(窗口 0/20, 越界剔除 0) — 暂不判决
[INFO] [1789382317.545448824] [mhe_node]: [c_xy_est] 质量域判据已武装(m_p=0.226kg 连续20帧高于水位)
[INFO] [1789382317.745572673] [mhe_node]: [s-collapse] moment 基准未就绪(窗口 0/20, 越界剔除 0) — 暂不判决
[INFO] [1789382318.262813481] [mhe_node]: MHE mass estimate: 2.303 kg (T_phys=22.20N) | solve=19.3ms (max27.5)
[INFO] [1789382318.263378094] [mhe_node]: [truth] m_hat=2.3029 m_true=2.0643 err=+11.56% | c_hat=[+0.0000,+0.0000] c_true=[+0.0000,+0.0000] | Jxx_hat=0.01420 Jxx_true=0.01420 Jyz_hat=+0.00000 Jyz_true=+0.00000 | s_hat=[+0.0028,-0.0234] s_true=[+0.0000,+0.0000] kg·m
[INFO] [1789382318.263890820] [mhe_node]: [tau_phys] roll=-0.323 pitch=+1.222 Nm
[INFO] [1789382318.264474914] [mhe_node]: [mass-diag] m_est=2.3029 T=22.196N tilt=0.60deg cos=0.99995 | T/g=2.2626 T*cos/g=2.2625 | m_est-T*cos/g=+0.0404kg (+1.79%) vz=+0.478
[INFO] [1789382318.265045440] [mhe_node]: [c_xy_est] cx=-0.0020 cy=-0.0100 m
[INFO] [1789382318.745532729] [mhe_node]: [s-collapse] moment 基准未就绪(窗口 0/20, 越界剔除 0) — 暂不判决
[INFO] [1789382319.745552292] [mhe_node]: [s-collapse] moment 基准未就绪(窗口 1/20, 越界剔除 0) — 暂不判决
[INFO] [1789382320.266134851] [mhe_node]: MHE mass estimate: 2.320 kg (T_phys=22.70N) | solve=18.5ms (max25.7)
[INFO] [1789382320.266695497] [mhe_node]: [truth] m_hat=2.3205 m_true=2.0643 err=+12.41% | c_hat=[+0.0000,+0.0000] c_true=[+0.0000,+0.0000] | Jxx_hat=0.01420 Jxx_true=0.01420 Jyz_hat=+0.00000 Jyz_true=+0.00000 | s_hat=[+0.0025,-0.0250] s_true=[+0.0000,+0.0000] kg·m
[INFO] [1789382320.267214400] [mhe_node]: [tau_phys] roll=-0.284 pitch=-1.210 Nm
[INFO] [1789382320.267792727] [mhe_node]: [mass-diag] m_est=2.3205 T=22.703N tilt=0.52deg cos=0.99996 | T/g=2.3143 T*cos/g=2.3142 | m_est-T*cos/g=+0.0063kg (+0.27%) vz=+0.046
[INFO] [1789382320.268369240] [mhe_node]: [c_xy_est] cx=-0.0020 cy=-0.0100 m
[INFO] [1789382320.745562943] [mhe_node]: [s-collapse] moment 基准未就绪(窗口 0/20, 越界剔除 0) — 暂不判决
[INFO] [1789382321.745568209] [mhe_node]: [s-collapse] moment 基准未就绪(窗口 1/20, 越界剔除 0) — 暂不判决
[INFO] [1789382322.262863703] [mhe_node]: MHE mass estimate: 2.290 kg (T_phys=22.36N) | solve=16.7ms (max19.6)
[INFO] [1789382322.263428535] [mhe_node]: [truth] m_hat=2.2904 m_true=2.0643 err=+10.95% | c_hat=[+0.0000,+0.0000] c_true=[+0.0000,+0.0000] | Jxx_hat=0.01420 Jxx_true=0.01420 Jyz_hat=+0.00000 Jyz_true=+0.00000 | s_hat=[-0.0007,-0.0230] s_true=[+0.0000,+0.0000] kg·m
[INFO] [1789382322.263942409] [mhe_node]: [tau_phys] roll=-0.355 pitch=+0.398 Nm
[INFO] [1789382322.264524861] [mhe_node]: [mass-diag] m_est=2.2904 T=22.357N tilt=1.19deg cos=0.99979 | T/g=2.2790 T*cos/g=2.2786 | m_est-T*cos/g=+0.0118kg (+0.52%) vz=-0.023
[INFO] [1789382322.265098483] [mhe_node]: [c_xy_est] cx=-0.0020 cy=-0.0100 m
[INFO] [1789382322.745582200] [mhe_node]: [s-collapse] moment 基准未就绪(窗口 0/20, 越界剔除 0) — 暂不判决
[INFO] [1789382323.745571173] [mhe_node]: [s-collapse] moment 基准未就绪(窗口 0/20, 越界剔除 0) — 暂不判决
[INFO] [1789382324.264088073] [mhe_node]: MHE mass estimate: 2.301 kg (T_phys=22.26N) | solve=17.7ms (max23.0)
[INFO] [1789382324.264791146] [mhe_node]: [truth] m_hat=2.3010 m_true=2.0643 err=+11.47% | c_hat=[+0.0000,+0.0000] c_true=[+0.0000,+0.0000] | Jxx_hat=0.01420 Jxx_true=0.01420 Jyz_hat=+0.00000 Jyz_true=+0.00000 | s_hat=[-0.0002,-0.0235] s_true=[+0.0000,+0.0000] kg·m
[INFO] [1789382324.265313940] [mhe_node]: [tau_phys] roll=-0.450 pitch=+1.049 Nm
[INFO] [1789382324.265898187] [mhe_node]: [mass-diag] m_est=2.3010 T=22.260N tilt=0.60deg cos=0.99995 | T/g=2.2692 T*cos/g=2.2690 | m_est-T*cos/g=+0.0320kg (+1.41%) vz=-0.016
[INFO] [1789382324.266476485] [mhe_node]: [c_xy_est] cx=-0.0020 cy=-0.0100 m
[INFO] [1789382324.745520778] [mhe_node]: [s-collapse] moment 基准未就绪(窗口 0/20, 越界剔除 0) — 暂不判决
[INFO] [1789382325.745645056] [mhe_node]: [s-collapse] moment 基准未就绪(窗口 0/20, 越界剔除 0) — 暂不判决
[INFO] [1789382326.256409916] [mhe_node]: MHE mass estimate: 2.262 kg (T_phys=23.38N) | solve=16.3ms (max21.7)
[INFO] [1789382326.256966209] [mhe_node]: [truth] m_hat=2.2625 m_true=2.0643 err=+9.60% | c_hat=[+0.0000,+0.0000] c_true=[+0.0000,+0.0000] | Jxx_hat=0.01420 Jxx_true=0.01420 Jyz_hat=+0.00000 Jyz_true=+0.00000 | s_hat=[+0.0054,-0.0229] s_true=[+0.0000,+0.0000] kg·m
[INFO] [1789382326.257482900] [mhe_node]: [tau_phys] roll=-0.349 pitch=-0.942 Nm
[INFO] [1789382326.258060744] [mhe_node]: [mass-diag] m_est=2.2625 T=23.378N tilt=3.76deg cos=0.99784 | T/g=2.3831 T*cos/g=2.3779 | m_est-T*cos/g=-0.1154kg (-4.85%) vz=+0.056
[INFO] [1789382326.258644333] [mhe_node]: [c_xy_est] cx=-0.0020 cy=-0.0100 m
[INFO] [1789382326.745523249] [mhe_node]: [s-collapse] moment 基准未就绪(窗口 0/20, 越界剔除 0) — 暂不判决
[INFO] [1789382327.745639894] [mhe_node]: [s-collapse] moment 基准未就绪(窗口 0/20, 越界剔除 0) — 暂不判决
[INFO] [1789382328.264079709] [mhe_node]: MHE mass estimate: 2.307 kg (T_phys=22.83N) | solve=17.9ms (max25.7)
[INFO] [1789382328.264670043] [mhe_node]: [truth] m_hat=2.3068 m_true=2.0643 err=+11.75% | c_hat=[+0.0000,+0.0000] c_true=[+0.0000,+0.0000] | Jxx_hat=0.01420 Jxx_true=0.01420 Jyz_hat=+0.00000 Jyz_true=+0.00000 | s_hat=[+0.0034,-0.0259] s_true=[+0.0000,+0.0000] kg·m
[INFO] [1789382328.265186588] [mhe_node]: [tau_phys] roll=-0.426 pitch=-1.116 Nm
[INFO] [1789382328.265775409] [mhe_node]: [mass-diag] m_est=2.3068 T=22.831N tilt=6.28deg cos=0.99399 | T/g=2.3273 T*cos/g=2.3133 | m_est-T*cos/g=-0.0066kg (-0.28%) vz=+0.191
[INFO] [1789382328.266355039] [mhe_node]: [c_xy_est] cx=-0.0020 cy=-0.0100 m
[INFO] [1789382328.745505135] [mhe_node]: [s-collapse] moment 基准未就绪(窗口 0/20, 越界剔除 0) — 暂不判决
[INFO] [1789382329.745615440] [mhe_node]: [s-collapse] moment 基准未就绪(窗口 0/20, 越界剔除 0) — 暂不判决
[INFO] [1789382330.260627183] [mhe_node]: MHE mass estimate: 2.302 kg (T_phys=22.51N) | solve=15.3ms (max22.1)
[INFO] [1789382330.261200842] [mhe_node]: [truth] m_hat=2.3019 m_true=2.0643 err=+11.51% | c_hat=[+0.0000,+0.0000] c_true=[+0.0000,+0.0000] | Jxx_hat=0.01420 Jxx_true=0.01420 Jyz_hat=+0.00000 Jyz_true=+0.00000 | s_hat=[+0.0041,-0.0295] s_true=[+0.0000,+0.0000] kg·m
[INFO] [1789382330.261727194] [mhe_node]: [tau_phys] roll=-0.286 pitch=+0.549 Nm
[INFO] [1789382330.262332031] [mhe_node]: [mass-diag] m_est=2.3019 T=22.508N tilt=7.81deg cos=0.99073 | T/g=2.2944 T*cos/g=2.2731 | m_est-T*cos/g=+0.0288kg (+1.27%) vz=+0.116
[INFO] [1789382330.262912914] [mhe_node]: [c_xy_est] cx=-0.0020 cy=-0.0100 m
[INFO] [1789382330.745507714] [mhe_node]: [s-collapse] moment 基准未就绪(窗口 0/20, 越界剔除 0) — 暂不判决
[INFO] [1789382331.745515983] [mhe_node]: [s-collapse] moment 基准未就绪(窗口 0/20, 越界剔除 0) — 暂不判决
[INFO] [1789382332.261380097] [mhe_node]: MHE mass estimate: 2.304 kg (T_phys=24.73N) | solve=17.0ms (max22.0)
[INFO] [1789382332.261938309] [mhe_node]: [truth] m_hat=2.3036 m_true=2.0643 err=+11.59% | c_hat=[+0.0000,+0.0000] c_true=[+0.0000,+0.0000] | Jxx_hat=0.01420 Jxx_true=0.01420 Jyz_hat=+0.00000 Jyz_true=+0.00000 | s_hat=[+0.0077,-0.0274] s_true=[+0.0000,+0.0000] kg·m
[INFO] [1789382332.262452956] [mhe_node]: [tau_phys] roll=-0.192 pitch=+1.294 Nm
[INFO] [1789382332.263027622] [mhe_node]: [mass-diag] m_est=2.3036 T=24.727N tilt=11.69deg cos=0.97928 | T/g=2.5206 T*cos/g=2.4683 | m_est-T*cos/g=-0.1647kg (-6.67%) vz=-0.171
[INFO] [1789382332.263603967] [mhe_node]: [c_xy_est] cx=-0.0020 cy=-0.0100 m
[INFO] [1789382332.745555076] [mhe_node]: [s-collapse] moment 基准未就绪(窗口 0/20, 越界剔除 0) — 暂不判决
[INFO] [1789382333.745549538] [mhe_node]: [s-collapse] moment 基准未就绪(窗口 0/20, 越界剔除 0) — 暂不判决
[INFO] [1789382334.271898743] [mhe_node]: MHE mass estimate: 2.318 kg (T_phys=22.79N) | solve=18.8ms (max25.3)
[INFO] [1789382334.272465736] [mhe_node]: [truth] m_hat=2.3175 m_true=2.0643 err=+12.27% | c_hat=[+0.0000,+0.0000] c_true=[+0.0000,+0.0000] | Jxx_hat=0.01420 Jxx_true=0.01420 Jyz_hat=+0.00000 Jyz_true=+0.00000 | s_hat=[+0.0021,-0.0269] s_true=[+0.0000,+0.0000] kg·m
[INFO] [1789382334.272982486] [mhe_node]: [tau_phys] roll=-0.346 pitch=-0.039 Nm
[INFO] [1789382334.273570417] [mhe_node]: [mass-diag] m_est=2.3175 T=22.792N tilt=8.32deg cos=0.98947 | T/g=2.3234 T*cos/g=2.2989 | m_est-T*cos/g=+0.0186kg (+0.81%) vz=-0.206
[INFO] [1789382334.274148155] [mhe_node]: [c_xy_est] cx=-0.0020 cy=-0.0100 m
[INFO] [1789382334.745604955] [mhe_node]: [s-collapse] moment 基准未就绪(窗口 0/20, 越界剔除 0) — 暂不判决
[INFO] [1789382335.745570061] [mhe_node]: [s-collapse] moment 基准未就绪(窗口 0/20, 越界剔除 0) — 暂不判决
[INFO] [1789382336.258546230] [mhe_node]: MHE mass estimate: 2.299 kg (T_phys=22.63N) | solve=13.4ms (max20.8)
[INFO] [1789382336.259108566] [mhe_node]: [truth] m_hat=2.2988 m_true=2.0643 err=+11.36% | c_hat=[+0.0000,+0.0000] c_true=[+0.0000,+0.0000] | Jxx_hat=0.01420 Jxx_true=0.01420 Jyz_hat=+0.00000 Jyz_true=+0.00000 | s_hat=[+0.0012,-0.0239] s_true=[+0.0000,+0.0000] kg·m
[INFO] [1789382336.259631107] [mhe_node]: [tau_phys] roll=-0.203 pitch=-0.956 Nm
[INFO] [1789382336.260215189] [mhe_node]: [mass-diag] m_est=2.2988 T=22.629N tilt=2.79deg cos=0.99881 | T/g=2.3068 T*cos/g=2.3040 | m_est-T*cos/g=-0.0052kg (-0.23%) vz=-0.250
[INFO] [1789382336.260791743] [mhe_node]: [c_xy_est] cx=-0.0020 cy=-0.0100 m
[INFO] [1789382336.745537731] [mhe_node]: [s-collapse] moment 基准未就绪(窗口 0/20, 越界剔除 0) — 暂不判决
[INFO] [1789382337.745577228] [mhe_node]: [s-collapse] moment 基准未就绪(窗口 0/20, 越界剔除 0) — 暂不判决
[INFO] [1789382338.262955484] [mhe_node]: MHE mass estimate: 2.311 kg (T_phys=23.38N) | solve=15.3ms (max21.8)
[INFO] [1789382338.263520592] [mhe_node]: [truth] m_hat=2.3112 m_true=2.0643 err=+11.96% | c_hat=[+0.0000,+0.0000] c_true=[+0.0000,+0.0000] | Jxx_hat=0.01420 Jxx_true=0.01420 Jyz_hat=+0.00000 Jyz_true=+0.00000 | s_hat=[-0.0057,-0.0191] s_true=[+0.0000,+0.0000] kg·m
[INFO] [1789382338.264032387] [mhe_node]: [tau_phys] roll=-0.308 pitch=+0.494 Nm
[INFO] [1789382338.264616992] [mhe_node]: [mass-diag] m_est=2.3112 T=23.377N tilt=9.10deg cos=0.98742 | T/g=2.3830 T*cos/g=2.3530 | m_est-T*cos/g=-0.0418kg (-1.78%) vz=-0.154
[INFO] [1789382338.265203060] [mhe_node]: [c_xy_est] cx=-0.0020 cy=-0.0100 m
[INFO] [1789382338.745546682] [mhe_node]: [s-collapse] moment 基准未就绪(窗口 0/20, 越界剔除 0) — 暂不判决
[INFO] [1789382339.745578385] [mhe_node]: [s-collapse] moment 基准未就绪(窗口 0/20, 越界剔除 0) — 暂不判决
[INFO] [1789382340.256538110] [mhe_node]: MHE mass estimate: 2.301 kg (T_phys=22.65N) | solve=12.8ms (max17.9)
[INFO] [1789382340.257095077] [mhe_node]: [truth] m_hat=2.3014 m_true=2.0643 err=+11.49% | c_hat=[+0.0000,+0.0000] c_true=[+0.0000,+0.0000] | Jxx_hat=0.01420 Jxx_true=0.01420 Jyz_hat=+0.00000 Jyz_true=+0.00000 | s_hat=[+0.0011,-0.0206] s_true=[+0.0000,+0.0000] kg·m
[INFO] [1789382340.257607138] [mhe_node]: [tau_phys] roll=-0.167 pitch=+0.332 Nm
[INFO] [1789382340.258189845] [mhe_node]: [mass-diag] m_est=2.3014 T=22.647N tilt=7.03deg cos=0.99247 | T/g=2.3086 T*cos/g=2.2912 | m_est-T*cos/g=+0.0102kg (+0.45%) vz=-0.062
[INFO] [1789382340.258761884] [mhe_node]: [c_xy_est] cx=-0.0020 cy=-0.0100 m
[INFO] [1789382340.745560677] [mhe_node]: [s-collapse] moment 基准未就绪(窗口 0/20, 越界剔除 0) — 暂不判决
[INFO] [1789382341.745610211] [mhe_node]: [s-collapse] moment 基准未就绪(窗口 0/20, 越界剔除 0) — 暂不判决
[INFO] [1789382342.262896328] [mhe_node]: MHE mass estimate: 2.301 kg (T_phys=23.52N) | solve=15.1ms (max21.3)
[INFO] [1789382342.263576661] [mhe_node]: [truth] m_hat=2.3012 m_true=2.0643 err=+11.48% | c_hat=[+0.0000,+0.0000] c_true=[+0.0000,+0.0000] | Jxx_hat=0.01420 Jxx_true=0.01420 Jyz_hat=+0.00000 Jyz_true=+0.00000 | s_hat=[-0.0022,-0.0201] s_true=[+0.0000,+0.0000] kg·m
[INFO] [1789382342.264086708] [mhe_node]: [tau_phys] roll=-0.103 pitch=-1.024 Nm
[INFO] [1789382342.264665013] [mhe_node]: [mass-diag] m_est=2.3012 T=23.522N tilt=7.16deg cos=0.99221 | T/g=2.3977 T*cos/g=2.3790 | m_est-T*cos/g=-0.0779kg (-3.27%) vz=+0.043
[INFO] [1789382342.265236889] [mhe_node]: [c_xy_est] cx=-0.0020 cy=-0.0100 m
[INFO] [1789382342.745512494] [mhe_node]: [s-collapse] moment 基准未就绪(窗口 0/20, 越界剔除 0) — 暂不判决
[INFO] [1789382343.745568244] [mhe_node]: [s-collapse] moment 基准未就绪(窗口 0/20, 越界剔除 0) — 暂不判决
[INFO] [1789382344.270247498] [mhe_node]: MHE mass estimate: 2.290 kg (T_phys=23.31N) | solve=16.1ms (max23.9)
[INFO] [1789382344.270809321] [mhe_node]: [truth] m_hat=2.2896 m_true=2.0643 err=+10.91% | c_hat=[+0.0000,+0.0000] c_true=[+0.0000,+0.0000] | Jxx_hat=0.01420 Jxx_true=0.01420 Jyz_hat=+0.00000 Jyz_true=+0.00000 | s_hat=[-0.0031,-0.0175] s_true=[+0.0000,+0.0000] kg·m
[INFO] [1789382344.271327527] [mhe_node]: [tau_phys] roll=-0.227 pitch=+0.241 Nm
[INFO] [1789382344.271909284] [mhe_node]: [mass-diag] m_est=2.2896 T=23.312N tilt=11.27deg cos=0.98072 | T/g=2.3764 T*cos/g=2.3305 | m_est-T*cos/g=-0.0410kg (-1.76%) vz=+0.174
[INFO] [1789382344.272490516] [mhe_node]: [c_xy_est] cx=-0.0020 cy=-0.0100 m
[INFO] [1789382344.745583177] [mhe_node]: [s-collapse] moment 基准未就绪(窗口 0/20, 越界剔除 0) — 暂不判决
[INFO] [1789382345.745560532] [mhe_node]: [s-collapse] moment 基准未就绪(窗口 0/20, 越界剔除 0) — 暂不判决
[INFO] [1789382346.264910034] [mhe_node]: MHE mass estimate: 2.288 kg (T_phys=23.05N) | solve=15.8ms (max22.1)
[INFO] [1789382346.265475299] [mhe_node]: [truth] m_hat=2.2884 m_true=2.0643 err=+10.85% | c_hat=[+0.0000,+0.0000] c_true=[+0.0000,+0.0000] | Jxx_hat=0.01420 Jxx_true=0.01420 Jyz_hat=+0.00000 Jyz_true=+0.00000 | s_hat=[+0.0014,-0.0224] s_true=[+0.0000,+0.0000] kg·m
[INFO] [1789382346.265990225] [mhe_node]: [tau_phys] roll=-0.274 pitch=+1.463 Nm
[INFO] [1789382346.266569950] [mhe_node]: [mass-diag] m_est=2.2884 T=23.054N tilt=3.99deg cos=0.99757 | T/g=2.3501 T*cos/g=2.3444 | m_est-T*cos/g=-0.0560kg (-2.39%) vz=+0.224
[INFO] [1789382346.267149442] [mhe_node]: [c_xy_est] cx=-0.0020 cy=-0.0100 m
[INFO] [1789382346.745641421] [mhe_node]: [s-collapse] moment 基准未就绪(窗口 0/20, 越界剔除 0) — 暂不判决
[INFO] [1789382347.745653755] [mhe_node]: [s-collapse] moment 基准未就绪(窗口 0/20, 越界剔除 0) — 暂不判决
[INFO] [1789382348.258392627] [mhe_node]: MHE mass estimate: 2.301 kg (T_phys=22.74N) | solve=16.9ms (max24.3)
[INFO] [1789382348.258946352] [mhe_node]: [truth] m_hat=2.3006 m_true=2.0643 err=+11.45% | c_hat=[+0.0000,+0.0000] c_true=[+0.0000,+0.0000] | Jxx_hat=0.01420 Jxx_true=0.01420 Jyz_hat=+0.00000 Jyz_true=+0.00000 | s_hat=[-0.0062,-0.0252] s_true=[+0.0000,+0.0000] kg·m
[INFO] [1789382348.259458890] [mhe_node]: [tau_phys] roll=-0.305 pitch=+0.688 Nm
[INFO] [1789382348.260034180] [mhe_node]: [mass-diag] m_est=2.3006 T=22.742N tilt=6.86deg cos=0.99283 | T/g=2.3183 T*cos/g=2.3016 | m_est-T*cos/g=-0.0011kg (-0.05%) vz=+0.211
[INFO] [1789382348.260603148] [mhe_node]: [c_xy_est] cx=-0.0020 cy=-0.0100 m
[INFO] [1789382348.745604579] [mhe_node]: [s-collapse] moment 基准未就绪(窗口 0/20, 越界剔除 0) — 暂不判决
[INFO] [1789382349.745505853] [mhe_node]: [s-collapse] moment 基准未就绪(窗口 0/20, 越界剔除 0) — 暂不判决
[INFO] [1789382350.262654155] [mhe_node]: MHE mass estimate: 2.294 kg (T_phys=23.16N) | solve=17.5ms (max24.4)
[INFO] [1789382350.263214297] [mhe_node]: [truth] m_hat=2.2938 m_true=2.0643 err=+11.12% | c_hat=[+0.0000,+0.0000] c_true=[+0.0000,+0.0000] | Jxx_hat=0.01420 Jxx_true=0.01420 Jyz_hat=+0.00000 Jyz_true=+0.00000 | s_hat=[+0.0024,-0.0269] s_true=[+0.0000,+0.0000] kg·m
[INFO] [1789382350.263724582] [mhe_node]: [tau_phys] roll=-0.301 pitch=-1.343 Nm
[INFO] [1789382350.264306893] [mhe_node]: [mass-diag] m_est=2.2938 T=23.156N tilt=9.50deg cos=0.98628 | T/g=2.3605 T*cos/g=2.3281 | m_est-T*cos/g=-0.0343kg (-1.47%) vz=+0.134
[INFO] [1789382350.264875899] [mhe_node]: [c_xy_est] cx=-0.0020 cy=-0.0100 m
[INFO] [1789382350.745596683] [mhe_node]: [s-collapse] moment 基准未就绪(窗口 0/20, 越界剔除 0) — 暂不判决
[INFO] [1789382351.745561998] [mhe_node]: [s-collapse] moment 基准未就绪(窗口 0/20, 越界剔除 0) — 暂不判决
[INFO] [1789382352.259300294] [mhe_node]: MHE mass estimate: 2.296 kg (T_phys=22.32N) | solve=15.9ms (max20.9)
[INFO] [1789382352.259867873] [mhe_node]: [truth] m_hat=2.2958 m_true=2.0643 err=+11.22% | c_hat=[+0.0000,+0.0000] c_true=[+0.0000,+0.0000] | Jxx_hat=0.01420 Jxx_true=0.01420 Jyz_hat=+0.00000 Jyz_true=+0.00000 | s_hat=[-0.0013,-0.0253] s_true=[+0.0000,+0.0000] kg·m
[INFO] [1789382352.260387730] [mhe_node]: [tau_phys] roll=-0.292 pitch=-0.192 Nm
[INFO] [1789382352.260969379] [mhe_node]: [mass-diag] m_est=2.2958 T=22.317N tilt=5.48deg cos=0.99544 | T/g=2.2750 T*cos/g=2.2646 | m_est-T*cos/g=+0.0312kg (+1.38%) vz=-0.013
[INFO] [1789382352.261550877] [mhe_node]: [c_xy_est] cx=-0.0020 cy=-0.0100 m
[INFO] [1789382352.745556451] [mhe_node]: [s-collapse] moment 基准未就绪(窗口 0/20, 越界剔除 0) — 暂不判决
[INFO] [1789382353.745560553] [mhe_node]: [s-collapse] moment 基准未就绪(窗口 0/20, 越界剔除 0) — 暂不判决
[INFO] [1789382354.267471308] [mhe_node]: MHE mass estimate: 2.290 kg (T_phys=24.12N) | solve=17.7ms (max24.3)
[INFO] [1789382354.268059145] [mhe_node]: [truth] m_hat=2.2898 m_true=2.0643 err=+10.92% | c_hat=[+0.0000,+0.0000] c_true=[+0.0000,+0.0000] | Jxx_hat=0.01420 Jxx_true=0.01420 Jyz_hat=+0.00000 Jyz_true=+0.00000 | s_hat=[+0.0004,-0.0255] s_true=[+0.0000,+0.0000] kg·m
[INFO] [1789382354.268579971] [mhe_node]: [tau_phys] roll=-0.127 pitch=+1.383 Nm
[INFO] [1789382354.269176071] [mhe_node]: [mass-diag] m_est=2.2898 T=24.118N tilt=8.84deg cos=0.98812 | T/g=2.4585 T*cos/g=2.4293 | m_est-T*cos/g=-0.1395kg (-5.74%) vz=-0.160
[INFO] [1789382354.269754633] [mhe_node]: [c_xy_est] cx=-0.0020 cy=-0.0100 m
[INFO] [1789382354.745559836] [mhe_node]: [s-collapse] moment 基准未就绪(窗口 0/20, 越界剔除 0) — 暂不判决
[INFO] [1789382355.745581510] [mhe_node]: [s-collapse] moment 基准未就绪(窗口 0/20, 越界剔除 0) — 暂不判决
[INFO] [1789382356.260448432] [mhe_node]: MHE mass estimate: 2.308 kg (T_phys=22.87N) | solve=16.9ms (max23.1)
[INFO] [1789382356.261006135] [mhe_node]: [truth] m_hat=2.3078 m_true=2.0643 err=+11.79% | c_hat=[+0.0000,+0.0000] c_true=[+0.0000,+0.0000] | Jxx_hat=0.01420 Jxx_true=0.01420 Jyz_hat=+0.00000 Jyz_true=+0.00000 | s_hat=[+0.0008,-0.0257] s_true=[+0.0000,+0.0000] kg·m
[INFO] [1789382356.261523631] [mhe_node]: [tau_phys] roll=-0.325 pitch=+1.052 Nm
[INFO] [1789382356.262094205] [mhe_node]: [mass-diag] m_est=2.3078 T=22.867N tilt=8.24deg cos=0.98967 | T/g=2.3310 T*cos/g=2.3069 | m_est-T*cos/g=+0.0009kg (+0.04%) vz=-0.161
[INFO] [1789382356.262665656] [mhe_node]: [c_xy_est] cx=-0.0020 cy=-0.0100 m
[INFO] [1789382356.745558825] [mhe_node]: [s-collapse] moment 基准未就绪(窗口 0/20, 越界剔除 0) — 暂不判决
[INFO] [1789382357.745551124] [mhe_node]: [s-collapse] moment 基准未就绪(窗口 0/20, 越界剔除 0) — 暂不判决
[INFO] [1789382358.258795693] [mhe_node]: MHE mass estimate: 2.301 kg (T_phys=23.11N) | solve=15.9ms (max26.7)
[INFO] [1789382358.259357569] [mhe_node]: [truth] m_hat=2.3007 m_true=2.0643 err=+11.45% | c_hat=[+0.0000,+0.0000] c_true=[+0.0000,+0.0000] | Jxx_hat=0.01420 Jxx_true=0.01420 Jyz_hat=+0.00000 Jyz_true=+0.00000 | s_hat=[-0.0041,-0.0236] s_true=[+0.0000,+0.0000] kg·m
[INFO] [1789382358.259868679] [mhe_node]: [tau_phys] roll=-0.242 pitch=-1.362 Nm
[INFO] [1789382358.260447108] [mhe_node]: [mass-diag] m_est=2.3007 T=23.109N tilt=1.68deg cos=0.99957 | T/g=2.3557 T*cos/g=2.3547 | m_est-T*cos/g=-0.0540kg (-2.29%) vz=-0.242
[INFO] [1789382358.261018488] [mhe_node]: [c_xy_est] cx=-0.0020 cy=-0.0100 m
[INFO] [1789382358.745601918] [mhe_node]: [s-collapse] moment 基准未就绪(窗口 0/20, 越界剔除 0) — 暂不判决
[INFO] [1789382359.745610043] [mhe_node]: [s-collapse] moment 基准未就绪(窗口 0/20, 越界剔除 0) — 暂不判决
[INFO] [1789382360.265043047] [mhe_node]: MHE mass estimate: 2.312 kg (T_phys=24.17N) | solve=16.3ms (max24.5)
[INFO] [1789382360.265729298] [mhe_node]: [truth] m_hat=2.3117 m_true=2.0643 err=+11.99% | c_hat=[+0.0000,+0.0000] c_true=[+0.0000,+0.0000] | Jxx_hat=0.01420 Jxx_true=0.01420 Jyz_hat=+0.00000 Jyz_true=+0.00000 | s_hat=[-0.0118,-0.0203] s_true=[+0.0000,+0.0000] kg·m
[INFO] [1789382360.266251691] [mhe_node]: [tau_phys] roll=-0.135 pitch=-1.259 Nm
[INFO] [1789382360.266829763] [mhe_node]: [mass-diag] m_est=2.3117 T=24.174N tilt=8.71deg cos=0.98848 | T/g=2.4642 T*cos/g=2.4358 | m_est-T*cos/g=-0.1241kg (-5.09%) vz=-0.196
[INFO] [1789382360.267447926] [mhe_node]: [c_xy_est] cx=-0.0020 cy=-0.0100 m
[INFO] [1789382360.745641202] [mhe_node]: [s-collapse] moment 基准未就绪(窗口 0/20, 越界剔除 0) — 暂不判决
[INFO] [1789382361.745573160] [mhe_node]: [s-collapse] moment 基准未就绪(窗口 0/20, 越界剔除 0) — 暂不判决
[INFO] [1789382362.260991494] [mhe_node]: MHE mass estimate: 2.299 kg (T_phys=22.46N) | solve=17.0ms (max22.9)
[INFO] [1789382362.261399738] [mhe_node]: [truth] m_hat=2.2989 m_true=2.0643 err=+11.36% | c_hat=[+0.0000,+0.0000] c_true=[+0.0000,+0.0000] | Jxx_hat=0.01420 Jxx_true=0.01420 Jyz_hat=+0.00000 Jyz_true=+0.00000 | s_hat=[+0.0020,-0.0195] s_true=[+0.0000,+0.0000] kg·m
[INFO] [1789382362.261762415] [mhe_node]: [tau_phys] roll=-0.288 pitch=+0.150 Nm
[INFO] [1789382362.262173821] [mhe_node]: [mass-diag] m_est=2.2989 T=22.461N tilt=8.44deg cos=0.98918 | T/g=2.2896 T*cos/g=2.2649 | m_est-T*cos/g=+0.0340kg (+1.50%) vz=-0.041
[INFO] [1789382362.262574037] [mhe_node]: [c_xy_est] cx=-0.0020 cy=-0.0100 m
[INFO] [1789382362.745568020] [mhe_node]: [s-collapse] moment 基准未就绪(窗口 0/20, 越界剔除 0) — 暂不判决
[INFO] [1789382363.745554347] [mhe_node]: [s-collapse] moment 基准未就绪(窗口 0/20, 越界剔除 0) — 暂不判决
[INFO] [1789382364.263966093] [mhe_node]: MHE mass estimate: 2.308 kg (T_phys=22.48N) | solve=16.8ms (max26.8)
[INFO] [1789382364.264525261] [mhe_node]: [truth] m_hat=2.3077 m_true=2.0643 err=+11.79% | c_hat=[+0.0000,+0.0000] c_true=[+0.0000,+0.0000] | Jxx_hat=0.01420 Jxx_true=0.01420 Jyz_hat=+0.00000 Jyz_true=+0.00000 | s_hat=[-0.0017,-0.0211] s_true=[+0.0000,+0.0000] kg·m
[INFO] [1789382364.265034963] [mhe_node]: [tau_phys] roll=-0.329 pitch=+1.401 Nm
[INFO] [1789382364.265623765] [mhe_node]: [mass-diag] m_est=2.3077 T=22.481N tilt=5.70deg cos=0.99505 | T/g=2.2917 T*cos/g=2.2803 | m_est-T*cos/g=+0.0274kg (+1.20%) vz=+0.072
[INFO] [1789382364.266201748] [mhe_node]: [c_xy_est] cx=-0.0020 cy=-0.0100 m
[INFO] [1789382364.745411974] [mhe_node]: [s-collapse] moment 基准未就绪(窗口 0/20, 越界剔除 0) — 暂不判决
[INFO] [1789382365.745553320] [mhe_node]: [s-collapse] moment 基准未就绪(窗口 0/20, 越界剔除 0) — 暂不判决
[INFO] [1789382366.259356694] [mhe_node]: MHE mass estimate: 2.308 kg (T_phys=23.01N) | solve=15.4ms (max20.8)
[INFO] [1789382366.259907258] [mhe_node]: [truth] m_hat=2.3078 m_true=2.0643 err=+11.80% | c_hat=[+0.0000,+0.0000] c_true=[+0.0000,+0.0000] | Jxx_hat=0.01420 Jxx_true=0.01420 Jyz_hat=+0.00000 Jyz_true=+0.00000 | s_hat=[-0.0024,-0.0192] s_true=[+0.0000,+0.0000] kg·m
[INFO] [1789382366.260419230] [mhe_node]: [tau_phys] roll=-0.144 pitch=+0.908 Nm
[INFO] [1789382366.260992904] [mhe_node]: [mass-diag] m_est=2.3078 T=23.006N tilt=9.77deg cos=0.98551 | T/g=2.3452 T*cos/g=2.3112 | m_est-T*cos/g=-0.0034kg (-0.15%) vz=+0.226
[INFO] [1789382366.261567974] [mhe_node]: [c_xy_est] cx=-0.0020 cy=-0.0100 m
[INFO] [1789382366.745629523] [mhe_node]: [s-collapse] moment 基准未就绪(窗口 0/20, 越界剔除 0) — 暂不判决
[INFO] [1789382367.745565610] [mhe_node]: [s-collapse] moment 基准未就绪(窗口 0/20, 越界剔除 0) — 暂不判决
[INFO] [1789382368.266989433] [mhe_node]: MHE mass estimate: 2.291 kg (T_phys=22.82N) | solve=18.1ms (max27.2)
[INFO] [1789382368.267552993] [mhe_node]: [truth] m_hat=2.2912 m_true=2.0643 err=+10.99% | c_hat=[+0.0000,+0.0000] c_true=[+0.0000,+0.0000] | Jxx_hat=0.01420 Jxx_true=0.01420 Jyz_hat=+0.00000 Jyz_true=+0.00000 | s_hat=[+0.0009,-0.0215] s_true=[+0.0000,+0.0000] kg·m
[INFO] [1789382368.268067512] [mhe_node]: [tau_phys] roll=-0.328 pitch=-1.215 Nm
[INFO] [1789382368.268648295] [mhe_node]: [mass-diag] m_est=2.2912 T=22.817N tilt=4.12deg cos=0.99741 | T/g=2.3259 T*cos/g=2.3199 | m_est-T*cos/g=-0.0287kg (-1.24%) vz=+0.228
[INFO] [1789382368.269228425] [mhe_node]: [c_xy_est] cx=-0.0020 cy=-0.0100 m
[INFO] [1789382368.745581418] [mhe_node]: [s-collapse] moment 基准未就绪(窗口 0/20, 越界剔除 0) — 暂不判决
[INFO] [1789382369.745550865] [mhe_node]: [s-collapse] moment 基准未就绪(窗口 0/20, 越界剔除 0) — 暂不判决
[INFO] [1789382370.266157238] [mhe_node]: MHE mass estimate: 2.301 kg (T_phys=22.58N) | solve=16.7ms (max21.8)
[INFO] [1789382370.266715199] [mhe_node]: [truth] m_hat=2.3009 m_true=2.0643 err=+11.46% | c_hat=[+0.0000,+0.0000] c_true=[+0.0000,+0.0000] | Jxx_hat=0.01420 Jxx_true=0.01420 Jyz_hat=+0.00000 Jyz_true=+0.00000 | s_hat=[-0.0078,-0.0253] s_true=[+0.0000,+0.0000] kg·m
[INFO] [1789382370.267227418] [mhe_node]: [tau_phys] roll=-0.330 pitch=-0.571 Nm
[INFO] [1789382370.267810136] [mhe_node]: [mass-diag] m_est=2.3009 T=22.580N tilt=4.97deg cos=0.99624 | T/g=2.3017 T*cos/g=2.2930 | m_est-T*cos/g=+0.0078kg (+0.34%) vz=+0.200
[INFO] [1789382370.268386760] [mhe_node]: [c_xy_est] cx=-0.0020 cy=-0.0100 m
[INFO] [1789382370.745667084] [mhe_node]: [s-collapse] moment 基准未就绪(窗口 0/20, 越界剔除 0) — 暂不判决
[INFO] [1789382371.745587006] [mhe_node]: [s-collapse] moment 基准未就绪(窗口 0/20, 越界剔除 0) — 暂不判决
[INFO] [1789382372.264855493] [mhe_node]: MHE mass estimate: 2.279 kg (T_phys=22.92N) | solve=16.6ms (max22.1)
[INFO] [1789382372.265430536] [mhe_node]: [truth] m_hat=2.2791 m_true=2.0643 err=+10.40% | c_hat=[+0.0000,+0.0000] c_true=[+0.0000,+0.0000] | Jxx_hat=0.01420 Jxx_true=0.01420 Jyz_hat=+0.00000 Jyz_true=+0.00000 | s_hat=[+0.0030,-0.0262] s_true=[+0.0000,+0.0000] kg·m
[INFO] [1789382372.265953525] [mhe_node]: [tau_phys] roll=-0.269 pitch=+1.132 Nm
[INFO] [1789382372.266544449] [mhe_node]: [mass-diag] m_est=2.2791 T=22.923N tilt=9.94deg cos=0.98498 | T/g=2.3367 T*cos/g=2.3016 | m_est-T*cos/g=-0.0225kg (-0.98%) vz=+0.172
[INFO] [1789382372.267126303] [mhe_node]: [c_xy_est] cx=-0.0020 cy=-0.0100 m
[INFO] [1789382372.745691970] [mhe_node]: [s-collapse] moment 基准未就绪(窗口 0/20, 越界剔除 0) — 暂不判决
[INFO] [1789382373.745556629] [mhe_node]: [s-collapse] moment 基准未就绪(窗口 0/20, 越界剔除 0) — 暂不判决
[INFO] [1789382374.267160518] [mhe_node]: MHE mass estimate: 2.287 kg (T_phys=22.79N) | solve=18.0ms (max21.0)
[INFO] [1789382374.267724089] [mhe_node]: [truth] m_hat=2.2872 m_true=2.0643 err=+10.80% | c_hat=[+0.0000,+0.0000] c_true=[+0.0000,+0.0000] | Jxx_hat=0.01420 Jxx_true=0.01420 Jyz_hat=+0.00000 Jyz_true=+0.00000 | s_hat=[-0.0023,-0.0255] s_true=[+0.0000,+0.0000] kg·m
[INFO] [1789382374.268242327] [mhe_node]: [tau_phys] roll=-0.258 pitch=+1.258 Nm
[INFO] [1789382374.268816568] [mhe_node]: [mass-diag] m_est=2.2872 T=22.789N tilt=4.44deg cos=0.99700 | T/g=2.3230 T*cos/g=2.3160 | m_est-T*cos/g=-0.0289kg (-1.25%) vz=+0.005
[INFO] [1789382374.269392122] [mhe_node]: [c_xy_est] cx=-0.0020 cy=-0.0100 m
[INFO] [1789382374.745543898] [mhe_node]: [s-collapse] moment 基准未就绪(窗口 0/20, 越界剔除 0) — 暂不判决
[INFO] [1789382375.745570995] [mhe_node]: [s-collapse] moment 基准未就绪(窗口 0/20, 越界剔除 0) — 暂不判决
[INFO] [1789382376.258487102] [mhe_node]: MHE mass estimate: 2.305 kg (T_phys=21.93N) | solve=14.7ms (max19.7)
[INFO] [1789382376.258902730] [mhe_node]: [truth] m_hat=2.3046 m_true=2.0643 err=+11.64% | c_hat=[+0.0000,+0.0000] c_true=[+0.0000,+0.0000] | Jxx_hat=0.01420 Jxx_true=0.01420 Jyz_hat=+0.00000 Jyz_true=+0.00000 | s_hat=[-0.0030,-0.0261] s_true=[+0.0000,+0.0000] kg·m
[INFO] [1789382376.259265970] [mhe_node]: [tau_phys] roll=-0.596 pitch=-0.912 Nm
[INFO] [1789382376.259677594] [mhe_node]: [mass-diag] m_est=2.3046 T=21.926N tilt=8.95deg cos=0.98782 | T/g=2.2350 T*cos/g=2.2078 | m_est-T*cos/g=+0.0968kg (+4.38%) vz=-0.088
[INFO] [1789382376.260080121] [mhe_node]: [c_xy_est] cx=-0.0020 cy=-0.0100 m
[INFO] [1789382376.745572246] [mhe_node]: [s-collapse] moment 基准未就绪(窗口 0/20, 越界剔除 0) — 暂不判决
[INFO] [1789382377.745613897] [mhe_node]: [s-collapse] moment 基准未就绪(窗口 0/20, 越界剔除 0) — 暂不判决
[INFO] [1789382378.263759614] [mhe_node]: MHE mass estimate: 2.288 kg (T_phys=23.26N) | solve=17.8ms (max21.7)
[INFO] [1789382378.264463971] [mhe_node]: [truth] m_hat=2.2883 m_true=2.0643 err=+10.85% | c_hat=[+0.0000,+0.0000] c_true=[+0.0000,+0.0000] | Jxx_hat=0.01420 Jxx_true=0.01420 Jyz_hat=+0.00000 Jyz_true=+0.00000 | s_hat=[-0.0015,-0.0255] s_true=[+0.0000,+0.0000] kg·m
[INFO] [1789382378.264981945] [mhe_node]: [tau_phys] roll=-0.287 pitch=-0.981 Nm
[INFO] [1789382378.265572097] [mhe_node]: [mass-diag] m_est=2.2883 T=23.255N tilt=9.85deg cos=0.98525 | T/g=2.3706 T*cos/g=2.3356 | m_est-T*cos/g=-0.0473kg (-2.03%) vz=-0.187
[INFO] [1789382378.266148384] [mhe_node]: [c_xy_est] cx=-0.0020 cy=-0.0100 m
[INFO] [1789382378.745687551] [mhe_node]: [s-collapse] moment 基准未就绪(窗口 0/20, 越界剔除 0) — 暂不判决
[INFO] [1789382379.745563177] [mhe_node]: [s-collapse] moment 基准未就绪(窗口 0/20, 越界剔除 0) — 暂不判决
[INFO] [1789382380.256607644] [mhe_node]: MHE mass estimate: 2.293 kg (T_phys=22.53N) | solve=16.3ms (max23.3)
[INFO] [1789382380.257169725] [mhe_node]: [truth] m_hat=2.2931 m_true=2.0643 err=+11.08% | c_hat=[+0.0000,+0.0000] c_true=[+0.0000,+0.0000] | Jxx_hat=0.01420 Jxx_true=0.01420 Jyz_hat=+0.00000 Jyz_true=+0.00000 | s_hat=[-0.0042,-0.0236] s_true=[+0.0000,+0.0000] kg·m
[INFO] [1789382380.257682230] [mhe_node]: [tau_phys] roll=-0.259 pitch=+0.030 Nm
[INFO] [1789382380.258264248] [mhe_node]: [mass-diag] m_est=2.2931 T=22.525N tilt=2.35deg cos=0.99916 | T/g=2.2962 T*cos/g=2.2942 | m_est-T*cos/g=-0.0012kg (-0.05%) vz=-0.248
[INFO] [1789382380.258831441] [mhe_node]: [c_xy_est] cx=-0.0020 cy=-0.0100 m
[INFO] [1789382380.745573247] [mhe_node]: [s-collapse] moment 基准未就绪(窗口 0/20, 越界剔除 0) — 暂不判决
[INFO] [1789382381.745569288] [mhe_node]: [s-collapse] moment 基准未就绪(窗口 0/20, 越界剔除 0) — 暂不判决
[INFO] [1789382382.257676861] [mhe_node]: MHE mass estimate: 2.321 kg (T_phys=23.47N) | solve=14.2ms (max18.8)
[INFO] [1789382382.258244304] [mhe_node]: [truth] m_hat=2.3208 m_true=2.0643 err=+12.42% | c_hat=[+0.0000,+0.0000] c_true=[+0.0000,+0.0000] | Jxx_hat=0.01420 Jxx_true=0.01420 Jyz_hat=+0.00000 Jyz_true=+0.00000 | s_hat=[-0.0074,-0.0227] s_true=[+0.0000,+0.0000] kg·m
[INFO] [1789382382.258756115] [mhe_node]: [tau_phys] roll=-0.282 pitch=+1.050 Nm
[INFO] [1789382382.259333687] [mhe_node]: [mass-diag] m_est=2.3208 T=23.468N tilt=8.86deg cos=0.98808 | T/g=2.3923 T*cos/g=2.3638 | m_est-T*cos/g=-0.0430kg (-1.82%) vz=-0.182
[INFO] [1789382382.259903995] [mhe_node]: [c_xy_est] cx=-0.0020 cy=-0.0100 m
[INFO] [1789382382.745507840] [mhe_node]: [s-collapse] moment 基准未就绪(窗口 0/20, 越界剔除 0) — 暂不判决
[INFO] [1789382383.745517701] [mhe_node]: [s-collapse] moment 基准未就绪(窗口 0/20, 越界剔除 0) — 暂不判决
[INFO] [1789382384.268705778] [mhe_node]: MHE mass estimate: 2.306 kg (T_phys=22.66N) | solve=15.4ms (max22.3)
[INFO] [1789382384.269270778] [mhe_node]: [truth] m_hat=2.3060 m_true=2.0643 err=+11.71% | c_hat=[+0.0000,+0.0000] c_true=[+0.0000,+0.0000] | Jxx_hat=0.01420 Jxx_true=0.01420 Jyz_hat=+0.00000 Jyz_true=+0.00000 | s_hat=[+0.0005,-0.0193] s_true=[+0.0000,+0.0000] kg·m
[INFO] [1789382384.269790116] [mhe_node]: [tau_phys] roll=-0.204 pitch=-0.164 Nm
[INFO] [1789382384.270374944] [mhe_node]: [mass-diag] m_est=2.3060 T=22.660N tilt=7.80deg cos=0.99075 | T/g=2.3099 T*cos/g=2.2885 | m_est-T*cos/g=+0.0174kg (+0.76%) vz=-0.038
[INFO] [1789382384.270957781] [mhe_node]: [c_xy_est] cx=-0.0020 cy=-0.0100 m
[INFO] [1789382384.745558520] [mhe_node]: [s-collapse] moment 基准未就绪(窗口 0/20, 越界剔除 0) — 暂不判决
[INFO] [1789382385.745583307] [mhe_node]: [s-collapse] moment 基准未就绪(窗口 0/20, 越界剔除 0) — 暂不判决
[INFO] [1789382385.845512351] [mhe_node]: [release-resid] STRONG 票: ΔT=-2.07N x4帧 (floor 0.9N)
[INFO] [1789382386.299504632] [mhe_node]: MHE mass estimate: 1.961 kg (T_phys=19.52N) | solve=22.0ms (max55.8)
[INFO] [1789382386.299894488] [mhe_node]: [truth] m_hat=1.9611 m_true=2.0643 err=-5.00% | c_hat=[+0.0000,+0.0000] c_true=[+0.0000,+0.0000] | Jxx_hat=0.01420 Jxx_true=0.01420 Jyz_hat=+0.00000 Jyz_true=+0.00000 | s_hat=[+0.0002,-0.0061] s_true=[+0.0000,+0.0000] kg·m
[INFO] [1789382386.300259271] [mhe_node]: [tau_phys] roll=+1.160 pitch=+0.090 Nm
[INFO] [1789382386.300675043] [mhe_node]: [mass-diag] m_est=1.9611 T=19.522N tilt=7.30deg cos=0.99190 | T/g=1.9901 T*cos/g=1.9739 | m_est-T*cos/g=-0.0129kg (-0.65%) vz=+0.035
[INFO] [1789382386.301080076] [mhe_node]: [c_xy_est] cx=-0.0020 cy=-0.0100 m
[INFO] [1789382386.745555729] [mhe_node]: [s-collapse] moment 基准未就绪(窗口 0/20, 越界剔除 0) — 暂不判决
[INFO] [1789382387.745543485] [mhe_node]: [s-collapse] moment 基准未就绪(窗口 0/20, 越界剔除 0) — 暂不判决
[INFO] [1789382388.281061276] [mhe_node]: MHE mass estimate: 1.961 kg (T_phys=20.60N) | solve=31.8ms (max47.8)
[INFO] [1789382388.281619794] [mhe_node]: [truth] m_hat=1.9611 m_true=2.0643 err=-5.00% | c_hat=[+0.0000,+0.0000] c_true=[+0.0000,+0.0000] | Jxx_hat=0.01420 Jxx_true=0.01420 Jyz_hat=+0.00000 Jyz_true=+0.00000 | s_hat=[-0.0019,+0.0009] s_true=[+0.0000,+0.0000] kg·m
[INFO] [1789382388.282140685] [mhe_node]: [tau_phys] roll=+0.021 pitch=-0.048 Nm
[INFO] [1789382388.282731625] [mhe_node]: [mass-diag] m_est=1.9611 T=20.601N tilt=9.76deg cos=0.98553 | T/g=2.1000 T*cos/g=2.0696 | m_est-T*cos/g=-0.1085kg (-5.24%) vz=+0.142
[INFO] [1789382388.283319163] [mhe_node]: [c_xy_est] cx=-0.0020 cy=-0.0100 m
[INFO] [1789382388.745508688] [mhe_node]: [s-collapse] moment 基准未就绪(窗口 0/20, 越界剔除 0) — 暂不判决
[INFO] [1789382389.745574151] [mhe_node]: [s-collapse] moment 基准未就绪(窗口 0/20, 越界剔除 0) — 暂不判决
[INFO] [1789382390.253089188] [mhe_node]: MHE mass estimate: 2.042 kg (T_phys=20.08N) | solve=13.0ms (max25.4)
[INFO] [1789382390.253624119] [mhe_node]: [truth] m_hat=2.0422 m_true=2.0643 err=-1.07% | c_hat=[+0.0000,+0.0000] c_true=[+0.0000,+0.0000] | Jxx_hat=0.01420 Jxx_true=0.01420 Jyz_hat=+0.00000 Jyz_true=+0.00000 | s_hat=[+0.0035,+0.0015] s_true=[+0.0000,+0.0000] kg·m
[INFO] [1789382390.254143801] [mhe_node]: [tau_phys] roll=+0.010 pitch=-0.028 Nm
[INFO] [1789382390.254725060] [mhe_node]: [mass-diag] m_est=2.0422 T=20.077N tilt=6.10deg cos=0.99434 | T/g=2.0466 T*cos/g=2.0350 | m_est-T*cos/g=+0.0072kg (+0.35%) vz=+0.248
[INFO] [1789382390.255301228] [mhe_node]: [c_xy_est] cx=-0.0020 cy=-0.0100 m
[INFO] [1789382390.745490141] [mhe_node]: [s-collapse] moment 基准未就绪(窗口 0/20, 越界剔除 0) — 暂不判决
[INFO] [1789382391.745559574] [mhe_node]: [s-collapse] moment 基准未就绪(窗口 0/20, 越界剔除 0) — 暂不判决
[INFO] [1789382392.255125753] [mhe_node]: MHE mass estimate: 2.039 kg (T_phys=20.15N) | solve=8.2ms (max13.5)
[INFO] [1789382392.255662059] [mhe_node]: [truth] m_hat=2.0386 m_true=2.0643 err=-1.25% | c_hat=[+0.0000,+0.0000] c_true=[+0.0000,+0.0000] | Jxx_hat=0.01420 Jxx_true=0.01420 Jyz_hat=+0.00000 Jyz_true=+0.00000 | s_hat=[+0.0011,+0.0003] s_true=[+0.0000,+0.0000] kg·m
[INFO] [1789382392.256174801] [mhe_node]: [tau_phys] roll=-0.002 pitch=+0.004 Nm
[INFO] [1789382392.256749193] [mhe_node]: [mass-diag] m_est=2.0386 T=20.147N tilt=4.13deg cos=0.99741 | T/g=2.0537 T*cos/g=2.0484 | m_est-T*cos/g=-0.0098kg (-0.48%) vz=+0.201
[INFO] [1789382392.257321024] [mhe_node]: [c_xy_est] cx=-0.0020 cy=-0.0100 m
[INFO] [1789382392.745564966] [mhe_node]: [s-collapse] moment 基准未就绪(窗口 0/20, 越界剔除 0) — 暂不判决
[INFO] [1789382393.745538516] [mhe_node]: [s-collapse] moment 基准未就绪(窗口 0/20, 越界剔除 0) — 暂不判决
[INFO] [1789382394.253068935] [mhe_node]: MHE mass estimate: 2.051 kg (T_phys=20.31N) | solve=7.8ms (max19.0)
[INFO] [1789382394.253610479] [mhe_node]: [truth] m_hat=2.0515 m_true=2.0643 err=-0.62% | c_hat=[+0.0000,+0.0000] c_true=[+0.0000,+0.0000] | Jxx_hat=0.01420 Jxx_true=0.01420 Jyz_hat=+0.00000 Jyz_true=+0.00000 | s_hat=[-0.0012,-0.0013] s_true=[+0.0000,+0.0000] kg·m
[INFO] [1789382394.254124226] [mhe_node]: [tau_phys] roll=-0.015 pitch=-0.009 Nm
[INFO] [1789382394.254710517] [mhe_node]: [mass-diag] m_est=2.0515 T=20.308N tilt=9.53deg cos=0.98620 | T/g=2.0701 T*cos/g=2.0416 | m_est-T*cos/g=+0.0099kg (+0.49%) vz=+0.140
[INFO] [1789382394.255300480] [mhe_node]: [c_xy_est] cx=-0.0020 cy=-0.0100 m
[INFO] [1789382394.745494983] [mhe_node]: [s-collapse] moment 基准未就绪(窗口 0/20, 越界剔除 0) — 暂不判决
[INFO] [1789382395.745489521] [mhe_node]: [s-collapse] moment 基准未就绪(窗口 0/20, 越界剔除 0) — 暂不判决
[INFO] [1789382396.251461768] [mhe_node]: MHE mass estimate: 2.047 kg (T_phys=20.17N) | solve=8.0ms (max13.6)
[INFO] [1789382396.251937052] [mhe_node]: [truth] m_hat=2.0473 m_true=2.0643 err=-0.82% | c_hat=[+0.0000,+0.0000] c_true=[+0.0000,+0.0000] | Jxx_hat=0.01420 Jxx_true=0.01420 Jyz_hat=+0.00000 Jyz_true=+0.00000 | s_hat=[+0.0015,-0.0006] s_true=[+0.0000,+0.0000] kg·m
[INFO] [1789382396.252302593] [mhe_node]: [tau_phys] roll=-0.005 pitch=-0.019 Nm
[INFO] [1789382396.252719195] [mhe_node]: [mass-diag] m_est=2.0473 T=20.169N tilt=5.55deg cos=0.99531 | T/g=2.0560 T*cos/g=2.0463 | m_est-T*cos/g=+0.0010kg (+0.05%) vz=+0.019
[INFO] [1789382396.253130047] [mhe_node]: [c_xy_est] cx=-0.0020 cy=-0.0100 m
[INFO] [1789382396.745610487] [mhe_node]: [s-collapse] moment 基准未就绪(窗口 0/20, 越界剔除 0) — 暂不判决
[INFO] [1789382397.745635204] [mhe_node]: [s-collapse] moment 基准未就绪(窗口 0/20, 越界剔除 0) — 暂不判决
[INFO] [1789382398.257658617] [mhe_node]: MHE mass estimate: 2.058 kg (T_phys=20.39N) | solve=6.8ms (max12.5)
[INFO] [1789382398.258197549] [mhe_node]: [truth] m_hat=2.0582 m_true=2.0643 err=-0.30% | c_hat=[+0.0000,+0.0000] c_true=[+0.0000,+0.0000] | Jxx_hat=0.01420 Jxx_true=0.01420 Jyz_hat=+0.00000 Jyz_true=+0.00000 | s_hat=[-0.0006,-0.0006] s_true=[+0.0000,+0.0000] kg·m
[INFO] [1789382398.258706220] [mhe_node]: [tau_phys] roll=-0.021 pitch=+0.002 Nm
[INFO] [1789382398.259290944] [mhe_node]: [mass-diag] m_est=2.0582 T=20.387N tilt=8.23deg cos=0.98969 | T/g=2.0782 T*cos/g=2.0568 | m_est-T*cos/g=+0.0014kg (+0.07%) vz=-0.093
[INFO] [1789382398.259862144] [mhe_node]: [c_xy_est] cx=-0.0020 cy=-0.0100 m
[INFO] [1789382398.745534979] [mhe_node]: [s-collapse] moment 基准未就绪(窗口 0/20, 越界剔除 0) — 暂不判决
[INFO] [1789382399.745540260] [mhe_node]: [s-collapse] moment 基准未就绪(窗口 0/20, 越界剔除 0) — 暂不判决
[INFO] [1789382400.256519573] [mhe_node]: MHE mass estimate: 2.052 kg (T_phys=20.15N) | solve=9.8ms (max16.8)
[INFO] [1789382400.257059773] [mhe_node]: [truth] m_hat=2.0522 m_true=2.0643 err=-0.59% | c_hat=[+0.0000,+0.0000] c_true=[+0.0000,+0.0000] | Jxx_hat=0.01420 Jxx_true=0.01420 Jyz_hat=+0.00000 Jyz_true=+0.00000 | s_hat=[+0.0016,-0.0010] s_true=[+0.0000,+0.0000] kg·m
[INFO] [1789382400.257574098] [mhe_node]: [tau_phys] roll=-0.002 pitch=-0.036 Nm
[INFO] [1789382400.258159236] [mhe_node]: [mass-diag] m_est=2.0522 T=20.151N tilt=9.96deg cos=0.98492 | T/g=2.0542 T*cos/g=2.0232 | m_est-T*cos/g=+0.0290kg (+1.43%) vz=-0.181
[INFO] [1789382400.258741436] [mhe_node]: [c_xy_est] cx=-0.0020 cy=-0.0100 m
[INFO] [1789382400.745560399] [mhe_node]: [s-collapse] moment 基准未就绪(窗口 0/20, 越界剔除 0) — 暂不判决
[INFO] [1789382401.745543693] [mhe_node]: [s-collapse] moment 基准未就绪(窗口 0/20, 越界剔除 0) — 暂不判决
[INFO] [1789382402.253966113] [mhe_node]: MHE mass estimate: 2.045 kg (T_phys=20.09N) | solve=7.5ms (max11.2)
[INFO] [1789382402.254506170] [mhe_node]: [truth] m_hat=2.0452 m_true=2.0643 err=-0.93% | c_hat=[+0.0000,+0.0000] c_true=[+0.0000,+0.0000] | Jxx_hat=0.01420 Jxx_true=0.01420 Jyz_hat=+0.00000 Jyz_true=+0.00000 | s_hat=[+0.0017,+0.0008] s_true=[+0.0000,+0.0000] kg·m
[INFO] [1789382402.255015217] [mhe_node]: [tau_phys] roll=+0.017 pitch=+0.010 Nm
[INFO] [1789382402.255601142] [mhe_node]: [mass-diag] m_est=2.0452 T=20.094N tilt=2.01deg cos=0.99939 | T/g=2.0483 T*cos/g=2.0471 | m_est-T*cos/g=-0.0019kg (-0.09%) vz=-0.236
[INFO] [1789382402.256183514] [mhe_node]: [c_xy_est] cx=-0.0020 cy=-0.0100 m
[INFO] [1789382402.745494397] [mhe_node]: [s-collapse] moment 基准未就绪(窗口 0/20, 越界剔除 0) — 暂不判决
[INFO] [1789382403.745493966] [mhe_node]: [s-collapse] moment 基准未就绪(窗口 0/20, 越界剔除 0) — 暂不判决
[INFO] [1789382404.253312413] [mhe_node]: MHE mass estimate: 2.058 kg (T_phys=20.53N) | solve=9.4ms (max17.1)
[INFO] [1789382404.253855810] [mhe_node]: [truth] m_hat=2.0582 m_true=2.0643 err=-0.29% | c_hat=[+0.0000,+0.0000] c_true=[+0.0000,+0.0000] | Jxx_hat=0.01420 Jxx_true=0.01420 Jyz_hat=+0.00000 Jyz_true=+0.00000 | s_hat=[-0.0009,+0.0021] s_true=[+0.0000,+0.0000] kg·m
[INFO] [1789382404.254370309] [mhe_node]: [tau_phys] roll=+0.027 pitch=+0.007 Nm
[INFO] [1789382404.254960589] [mhe_node]: [mass-diag] m_est=2.0582 T=20.525N tilt=8.02deg cos=0.99022 | T/g=2.0923 T*cos/g=2.0718 | m_est-T*cos/g=-0.0136kg (-0.65%) vz=-0.198
[INFO] [1789382404.255540777] [mhe_node]: [c_xy_est] cx=-0.0020 cy=-0.0100 m
[INFO] [1789382404.745556722] [mhe_node]: [s-collapse] moment 基准未就绪(窗口 0/20, 越界剔除 0) — 暂不判决
[INFO] [1789382405.745529492] [mhe_node]: [s-collapse] moment 基准未就绪(窗口 0/20, 越界剔除 0) — 暂不判决
[INFO] [1789382406.254030969] [mhe_node]: MHE mass estimate: 2.054 kg (T_phys=20.41N) | solve=9.4ms (max16.1)
[INFO] [1789382406.254566251] [mhe_node]: [truth] m_hat=2.0536 m_true=2.0643 err=-0.52% | c_hat=[+0.0000,+0.0000] c_true=[+0.0000,+0.0000] | Jxx_hat=0.01420 Jxx_true=0.01420 Jyz_hat=+0.00000 Jyz_true=+0.00000 | s_hat=[+0.0014,+0.0022] s_true=[+0.0000,+0.0000] kg·m
[INFO] [1789382406.255074825] [mhe_node]: [tau_phys] roll=+0.021 pitch=-0.041 Nm
[INFO] [1789382406.255659151] [mhe_node]: [mass-diag] m_est=2.0536 T=20.405N tilt=9.34deg cos=0.98674 | T/g=2.0800 T*cos/g=2.0525 | m_est-T*cos/g=+0.0011kg (+0.05%) vz=-0.067
[INFO] [1789382406.256243442] [mhe_node]: [c_xy_est] cx=-0.0020 cy=-0.0100 m
[INFO] [1789382406.745537983] [mhe_node]: [s-collapse] moment 基准未就绪(窗口 0/20, 越界剔除 0) — 暂不判决
[INFO] [1789382407.745579061] [mhe_node]: [s-collapse] moment 基准未就绪(窗口 0/20, 越界剔除 0) — 暂不判决
[INFO] [1789382408.252096496] [mhe_node]: MHE mass estimate: 2.048 kg (T_phys=20.42N) | solve=6.6ms (max10.1)
[INFO] [1789382408.252641667] [mhe_node]: [truth] m_hat=2.0481 m_true=2.0643 err=-0.79% | c_hat=[+0.0000,+0.0000] c_true=[+0.0000,+0.0000] | Jxx_hat=0.01420 Jxx_true=0.01420 Jyz_hat=+0.00000 Jyz_true=+0.00000 | s_hat=[+0.0001,+0.0015] s_true=[+0.0000,+0.0000] kg·m
[INFO] [1789382408.253158220] [mhe_node]: [tau_phys] roll=+0.015 pitch=+0.028 Nm
[INFO] [1789382408.253741652] [mhe_node]: [mass-diag] m_est=2.0481 T=20.418N tilt=4.60deg cos=0.99678 | T/g=2.0813 T*cos/g=2.0746 | m_est-T*cos/g=-0.0265kg (-1.28%) vz=+0.014
[INFO] [1789382408.254323238] [mhe_node]: [c_xy_est] cx=-0.0020 cy=-0.0100 m
[INFO] [1789382408.745486598] [mhe_node]: [s-collapse] moment 基准未就绪(窗口 0/20, 越界剔除 0) — 暂不判决
[INFO] [1789382409.745630414] [mhe_node]: [s-collapse] moment 基准未就绪(窗口 0/20, 越界剔除 0) — 暂不判决
[INFO] [1789382410.254099599] [mhe_node]: MHE mass estimate: 2.054 kg (T_phys=20.60N) | solve=7.6ms (max11.6)
[INFO] [1789382410.254634711] [mhe_node]: [truth] m_hat=2.0542 m_true=2.0643 err=-0.49% | c_hat=[+0.0000,+0.0000] c_true=[+0.0000,+0.0000] | Jxx_hat=0.01420 Jxx_true=0.01420 Jyz_hat=+0.00000 Jyz_true=+0.00000 | s_hat=[-0.0004,+0.0026] s_true=[+0.0000,+0.0000] kg·m
[INFO] [1789382410.255148592] [mhe_node]: [tau_phys] roll=+0.018 pitch=-0.016 Nm
[INFO] [1789382410.255725986] [mhe_node]: [mass-diag] m_est=2.0542 T=20.599N tilt=9.57deg cos=0.98607 | T/g=2.0998 T*cos/g=2.0706 | m_est-T*cos/g=-0.0164kg (-0.79%) vz=+0.170
[INFO] [1789382410.256302431] [mhe_node]: [c_xy_est] cx=-0.0020 cy=-0.0100 m
[INFO] [1789382410.745594159] [mhe_node]: [s-collapse] moment 基准未就绪(窗口 0/20, 越界剔除 0) — 暂不判决
[INFO] [1789382411.745535879] [mhe_node]: [s-collapse] moment 基准未就绪(窗口 0/20, 越界剔除 0) — 暂不判决
[INFO] [1789382412.255168938] [mhe_node]: MHE mass estimate: 2.040 kg (T_phys=20.09N) | solve=9.9ms (max18.0)
[INFO] [1789382412.255558661] [mhe_node]: [truth] m_hat=2.0401 m_true=2.0643 err=-1.17% | c_hat=[+0.0000,+0.0000] c_true=[+0.0000,+0.0000] | Jxx_hat=0.01420 Jxx_true=0.01420 Jyz_hat=+0.00000 Jyz_true=+0.00000 | s_hat=[+0.0032,+0.0015] s_true=[+0.0000,+0.0000] kg·m
[INFO] [1789382412.255928578] [mhe_node]: [tau_phys] roll=+0.006 pitch=-0.042 Nm
[INFO] [1789382412.256346952] [mhe_node]: [mass-diag] m_est=2.0401 T=20.091N tilt=7.03deg cos=0.99248 | T/g=2.0480 T*cos/g=2.0326 | m_est-T*cos/g=+0.0075kg (+0.37%) vz=+0.235
[INFO] [1789382412.256751023] [mhe_node]: [c_xy_est] cx=-0.0020 cy=-0.0100 m
[INFO] [1789382412.745568924] [mhe_node]: [s-collapse] moment 基准未就绪(窗口 0/20, 越界剔除 0) — 暂不判决
[INFO] [1789382413.745592853] [mhe_node]: [s-collapse] moment 基准未就绪(窗口 0/20, 越界剔除 0) — 暂不判决
[INFO] [1789382414.253012185] [mhe_node]: MHE mass estimate: 2.038 kg (T_phys=20.20N) | solve=8.3ms (max15.6)
[INFO] [1789382414.253670890] [mhe_node]: [truth] m_hat=2.0384 m_true=2.0643 err=-1.26% | c_hat=[+0.0000,+0.0000] c_true=[+0.0000,+0.0000] | Jxx_hat=0.01420 Jxx_true=0.01420 Jyz_hat=+0.00000 Jyz_true=+0.00000 | s_hat=[+0.0018,+0.0004] s_true=[+0.0000,+0.0000] kg·m
[INFO] [1789382414.254183450] [mhe_node]: [tau_phys] roll=-0.000 pitch=+0.005 Nm
[INFO] [1789382414.254756445] [mhe_node]: [mass-diag] m_est=2.0384 T=20.199N tilt=3.61deg cos=0.99801 | T/g=2.0590 T*cos/g=2.0549 | m_est-T*cos/g=-0.0165kg (-0.80%) vz=+0.196
[INFO] [1789382414.255333837] [mhe_node]: [c_xy_est] cx=-0.0020 cy=-0.0100 m
[INFO] [1789382414.745632322] [mhe_node]: [s-collapse] moment 基准未就绪(窗口 0/20, 越界剔除 0) — 暂不判决
[INFO] [1789382415.745527022] [mhe_node]: [s-collapse] moment 基准未就绪(窗口 0/20, 越界剔除 0) — 暂不判决
[INFO] [1789382416.258655183] [mhe_node]: MHE mass estimate: 2.052 kg (T_phys=20.38N) | solve=7.9ms (max12.4)
[INFO] [1789382416.259193873] [mhe_node]: [truth] m_hat=2.0516 m_true=2.0643 err=-0.62% | c_hat=[+0.0000,+0.0000] c_true=[+0.0000,+0.0000] | Jxx_hat=0.01420 Jxx_true=0.01420 Jyz_hat=+0.00000 Jyz_true=+0.00000 | s_hat=[-0.0011,-0.0012] s_true=[+0.0000,+0.0000] kg·m
[INFO] [1789382416.259705991] [mhe_node]: [tau_phys] roll=-0.025 pitch=-0.012 Nm
[INFO] [1789382416.260285808] [mhe_node]: [mass-diag] m_est=2.0516 T=20.385N tilt=9.48deg cos=0.98635 | T/g=2.0780 T*cos/g=2.0496 | m_est-T*cos/g=+0.0019kg (+0.09%) vz=+0.142
[INFO] [1789382416.260859349] [mhe_node]: [c_xy_est] cx=-0.0020 cy=-0.0100 m
[INFO] [1789382416.745586904] [mhe_node]: [s-collapse] moment 基准未就绪(窗口 0/20, 越界剔除 0) — 暂不判决
[INFO] [1789382417.745499861] [mhe_node]: [s-collapse] moment 基准未就绪(窗口 0/20, 越界剔除 0) — 暂不判决
[INFO] [1789382418.252062213] [mhe_node]: MHE mass estimate: 2.052 kg (T_phys=20.13N) | solve=8.7ms (max18.8)
[INFO] [1789382418.252602623] [mhe_node]: [truth] m_hat=2.0519 m_true=2.0643 err=-0.60% | c_hat=[+0.0000,+0.0000] c_true=[+0.0000,+0.0000] | Jxx_hat=0.01420 Jxx_true=0.01420 Jyz_hat=+0.00000 Jyz_true=+0.00000 | s_hat=[+0.0005,-0.0006] s_true=[+0.0000,+0.0000] kg·m
[INFO] [1789382418.253119704] [mhe_node]: [tau_phys] roll=-0.004 pitch=-0.013 Nm
[INFO] [1789382418.253699153] [mhe_node]: [mass-diag] m_est=2.0519 T=20.132N tilt=6.39deg cos=0.99378 | T/g=2.0521 T*cos/g=2.0394 | m_est-T*cos/g=+0.0126kg (+0.62%) vz=+0.046
[INFO] [1789382418.254275917] [mhe_node]: [c_xy_est] cx=-0.0020 cy=-0.0100 m
[INFO] [1789382418.745633416] [mhe_node]: [s-collapse] moment 基准未就绪(窗口 0/20, 越界剔除 0) — 暂不判决
[INFO] [1789382419.745538383] [mhe_node]: [s-collapse] moment 基准未就绪(窗口 0/20, 越界剔除 0) — 暂不判决
[INFO] [1789382420.252022926] [mhe_node]: MHE mass estimate: 2.058 kg (T_phys=20.29N) | solve=5.9ms (max7.9)
[INFO] [1789382420.252562599] [mhe_node]: [truth] m_hat=2.0576 m_true=2.0643 err=-0.33% | c_hat=[+0.0000,+0.0000] c_true=[+0.0000,+0.0000] | Jxx_hat=0.01420 Jxx_true=0.01420 Jyz_hat=+0.00000 Jyz_true=+0.00000 | s_hat=[-0.0009,-0.0003] s_true=[+0.0000,+0.0000] kg·m
[INFO] [1789382420.253070538] [mhe_node]: [tau_phys] roll=-0.012 pitch=+0.000 Nm
[INFO] [1789382420.253647117] [mhe_node]: [mass-diag] m_est=2.0576 T=20.289N tilt=7.23deg cos=0.99204 | T/g=2.0682 T*cos/g=2.0517 | m_est-T*cos/g=+0.0059kg (+0.29%) vz=-0.091
[INFO] [1789382420.254225643] [mhe_node]: [c_xy_est] cx=-0.0020 cy=-0.0100 m
[INFO] [1789382420.745545023] [mhe_node]: [s-collapse] moment 基准未就绪(窗口 0/20, 越界剔除 0) — 暂不判决
[INFO] [1789382421.745550749] [mhe_node]: [s-collapse] moment 基准未就绪(窗口 0/20, 越界剔除 0) — 暂不判决
[INFO] [1789382422.253132657] [mhe_node]: MHE mass estimate: 2.053 kg (T_phys=20.26N) | solve=9.2ms (max15.8)
[INFO] [1789382422.253678990] [mhe_node]: [truth] m_hat=2.0533 m_true=2.0643 err=-0.53% | c_hat=[+0.0000,+0.0000] c_true=[+0.0000,+0.0000] | Jxx_hat=0.01420 Jxx_true=0.01420 Jyz_hat=+0.00000 Jyz_true=+0.00000 | s_hat=[+0.0005,-0.0009] s_true=[+0.0000,+0.0000] kg·m
[INFO] [1789382422.254195672] [mhe_node]: [tau_phys] roll=-0.000 pitch=-0.027 Nm
[INFO] [1789382422.254779355] [mhe_node]: [mass-diag] m_est=2.0533 T=20.264N tilt=10.45deg cos=0.98340 | T/g=2.0656 T*cos/g=2.0313 | m_est-T*cos/g=+0.0220kg (+1.08%) vz=-0.172
[INFO] [1789382422.255358606] [mhe_node]: [c_xy_est] cx=-0.0020 cy=-0.0100 m
[INFO] [1789382422.745582213] [mhe_node]: [s-collapse] moment 基准未就绪(窗口 0/20, 越界剔除 0) — 暂不判决
[INFO] [1789382423.745498344] [mhe_node]: [s-collapse] moment 基准未就绪(窗口 0/20, 越界剔除 0) — 暂不判决
[INFO] [1789382424.252235566] [mhe_node]: MHE mass estimate: 2.045 kg (T_phys=20.00N) | solve=8.1ms (max13.5)
[INFO] [1789382424.252786795] [mhe_node]: [truth] m_hat=2.0454 m_true=2.0643 err=-0.92% | c_hat=[+0.0000,+0.0000] c_true=[+0.0000,+0.0000] | Jxx_hat=0.01420 Jxx_true=0.01420 Jyz_hat=+0.00000 Jyz_true=+0.00000 | s_hat=[+0.0020,+0.0007] s_true=[+0.0000,+0.0000] kg·m
[INFO] [1789382424.253309824] [mhe_node]: [tau_phys] roll=+0.010 pitch=-0.015 Nm
[INFO] [1789382424.253896508] [mhe_node]: [mass-diag] m_est=2.0454 T=20.001N tilt=3.36deg cos=0.99829 | T/g=2.0388 T*cos/g=2.0353 | m_est-T*cos/g=+0.0101kg (+0.50%) vz=-0.227
[INFO] [1789382424.254474379] [mhe_node]: [c_xy_est] cx=-0.0020 cy=-0.0100 m
[INFO] [1789382424.745549761] [mhe_node]: [s-collapse] moment 基准未就绪(窗口 0/20, 越界剔除 0) — 暂不判决
[INFO] [1789382425.745556357] [mhe_node]: [s-collapse] moment 基准未就绪(窗口 0/20, 越界剔除 0) — 暂不判决
[INFO] [1789382426.253071567] [mhe_node]: MHE mass estimate: 2.056 kg (T_phys=20.62N) | solve=7.7ms (max16.7)
[INFO] [1789382426.253611613] [mhe_node]: [truth] m_hat=2.0565 m_true=2.0643 err=-0.38% | c_hat=[+0.0000,+0.0000] c_true=[+0.0000,+0.0000] | Jxx_hat=0.01420 Jxx_true=0.01420 Jyz_hat=+0.00000 Jyz_true=+0.00000 | s_hat=[-0.0010,+0.0018] s_true=[+0.0000,+0.0000] kg·m
[INFO] [1789382426.254128158] [mhe_node]: [tau_phys] roll=+0.032 pitch=+0.011 Nm
[INFO] [1789382426.254709049] [mhe_node]: [mass-diag] m_est=2.0565 T=20.625N tilt=7.53deg cos=0.99138 | T/g=2.1024 T*cos/g=2.0843 | m_est-T*cos/g=-0.0278kg (-1.33%) vz=-0.195
[INFO] [1789382426.255285199] [mhe_node]: [c_xy_est] cx=-0.0020 cy=-0.0100 m
[INFO] [1789382426.745538121] [mhe_node]: [s-collapse] moment 基准未就绪(窗口 0/20, 越界剔除 0) — 暂不判决
[INFO] [1789382427.745549723] [mhe_node]: [s-collapse] moment 基准未就绪(窗口 0/20, 越界剔除 0) — 暂不判决
[INFO] [1789382428.253100409] [mhe_node]: MHE mass estimate: 2.054 kg (T_phys=20.45N) | solve=7.7ms (max10.7)
[INFO] [1789382428.253637645] [mhe_node]: [truth] m_hat=2.0535 m_true=2.0643 err=-0.52% | c_hat=[+0.0000,+0.0000] c_true=[+0.0000,+0.0000] | Jxx_hat=0.01420 Jxx_true=0.01420 Jyz_hat=+0.00000 Jyz_true=+0.00000 | s_hat=[+0.0013,+0.0025] s_true=[+0.0000,+0.0000] kg·m
[INFO] [1789382428.254155569] [mhe_node]: [tau_phys] roll=+0.017 pitch=-0.051 Nm
[INFO] [1789382428.254729703] [mhe_node]: [mass-diag] m_est=2.0535 T=20.447N tilt=9.57deg cos=0.98607 | T/g=2.0843 T*cos/g=2.0553 | m_est-T*cos/g=-0.0018kg (-0.09%) vz=-0.072
[INFO] [1789382428.255311104] [mhe_node]: [c_xy_est] cx=-0.0020 cy=-0.0100 m
[INFO] [1789382428.745629734] [mhe_node]: [s-collapse] moment 基准未就绪(窗口 0/20, 越界剔除 0) — 暂不判决
[INFO] [1789382429.745532919] [mhe_node]: [s-collapse] moment 基准未就绪(窗口 0/20, 越界剔除 0) — 暂不判决
[INFO] [1789382430.252097878] [mhe_node]: MHE mass estimate: 2.048 kg (T_phys=20.36N) | solve=6.7ms (max12.6)
[INFO] [1789382430.252640917] [mhe_node]: [truth] m_hat=2.0485 m_true=2.0643 err=-0.77% | c_hat=[+0.0000,+0.0000] c_true=[+0.0000,+0.0000] | Jxx_hat=0.01420 Jxx_true=0.01420 Jyz_hat=+0.00000 Jyz_true=+0.00000 | s_hat=[+0.0011,+0.0015] s_true=[+0.0000,+0.0000] kg·m
[INFO] [1789382430.253159389] [mhe_node]: [tau_phys] roll=+0.024 pitch=+0.002 Nm
[INFO] [1789382430.253741011] [mhe_node]: [mass-diag] m_est=2.0485 T=20.362N tilt=4.77deg cos=0.99654 | T/g=2.0757 T*cos/g=2.0685 | m_est-T*cos/g=-0.0200kg (-0.97%) vz=+0.012
[INFO] [1789382430.254319016] [mhe_node]: [c_xy_est] cx=-0.0020 cy=-0.0100 m
[INFO] [1789382430.745549569] [mhe_node]: [s-collapse] moment 基准未就绪(窗口 0/20, 越界剔除 0) — 暂不判决
[INFO] [1789382431.745567400] [mhe_node]: [s-collapse] moment 基准未就绪(窗口 0/20, 越界剔除 0) — 暂不判决
[INFO] [1789382432.253088126] [mhe_node]: MHE mass estimate: 2.054 kg (T_phys=20.55N) | solve=6.5ms (max11.5)
[INFO] [1789382432.253755697] [mhe_node]: [truth] m_hat=2.0543 m_true=2.0643 err=-0.48% | c_hat=[+0.0000,+0.0000] c_true=[+0.0000,+0.0000] | Jxx_hat=0.01420 Jxx_true=0.01420 Jyz_hat=+0.00000 Jyz_true=+0.00000 | s_hat=[-0.0008,+0.0023] s_true=[+0.0000,+0.0000] kg·m
[INFO] [1789382432.254279600] [mhe_node]: [tau_phys] roll=+0.030 pitch=-0.008 Nm
[INFO] [1789382432.254866303] [mhe_node]: [mass-diag] m_est=2.0543 T=20.551N tilt=9.33deg cos=0.98676 | T/g=2.0949 T*cos/g=2.0672 | m_est-T*cos/g=-0.0129kg (-0.62%) vz=+0.160
[INFO] [1789382432.255454434] [mhe_node]: [c_xy_est] cx=-0.0020 cy=-0.0100 m
[INFO] [1789382432.745509863] [mhe_node]: [s-collapse] moment 基准未就绪(窗口 0/20, 越界剔除 0) — 暂不判决
[INFO] [1789382433.745552539] [mhe_node]: [s-collapse] moment 基准未就绪(窗口 0/20, 越界剔除 0) — 暂不判决
[INFO] [1789382434.254221193] [mhe_node]: MHE mass estimate: 2.041 kg (T_phys=20.17N) | solve=10.2ms (max17.7)
[INFO] [1789382434.254752050] [mhe_node]: [truth] m_hat=2.0414 m_true=2.0643 err=-1.11% | c_hat=[+0.0000,+0.0000] c_true=[+0.0000,+0.0000] | Jxx_hat=0.01420 Jxx_true=0.01420 Jyz_hat=+0.00000 Jyz_true=+0.00000 | s_hat=[+0.0044,+0.0018] s_true=[+0.0000,+0.0000] kg·m
[INFO] [1789382434.255263094] [mhe_node]: [tau_phys] roll=+0.015 pitch=-0.039 Nm
[INFO] [1789382434.255836416] [mhe_node]: [mass-diag] m_est=2.0414 T=20.175N tilt=7.59deg cos=0.99125 | T/g=2.0566 T*cos/g=2.0386 | m_est-T*cos/g=+0.0029kg (+0.14%) vz=+0.239
[INFO] [1789382434.256408940] [mhe_node]: [c_xy_est] cx=-0.0020 cy=-0.0100 m
[INFO] [1789382434.745525112] [mhe_node]: [s-collapse] moment 基准未就绪(窗口 0/20, 越界剔除 0) — 暂不判决
[INFO] [1789382435.745543474] [mhe_node]: [s-collapse] moment 基准未就绪(窗口 0/20, 越界剔除 0) — 暂不判决
[INFO] [1789382436.252071430] [mhe_node]: MHE mass estimate: 2.046 kg (T_phys=20.13N) | solve=8.1ms (max16.0)
[INFO] [1789382436.252609595] [mhe_node]: [truth] m_hat=2.0465 m_true=2.0643 err=-0.86% | c_hat=[+0.0000,+0.0000] c_true=[+0.0000,+0.0000] | Jxx_hat=0.01420 Jxx_true=0.01420 Jyz_hat=+0.00000 Jyz_true=+0.00000 | s_hat=[+0.0004,+0.0005] s_true=[+0.0000,+0.0000] kg·m
[INFO] [1789382436.253129036] [mhe_node]: [tau_phys] roll=-0.005 pitch=-0.001 Nm
[INFO] [1789382436.253707372] [mhe_node]: [mass-diag] m_est=2.0465 T=20.133N tilt=2.45deg cos=0.99909 | T/g=2.0523 T*cos/g=2.0505 | m_est-T*cos/g=-0.0040kg (-0.19%) vz=+0.227
[INFO] [1789382436.254282910] [mhe_node]: [c_xy_est] cx=-0.0020 cy=-0.0100 m
[INFO] [1789382436.745562089] [mhe_node]: [s-collapse] moment 基准未就绪(窗口 0/20, 越界剔除 0) — 暂不判决
[ros2run]: Killed
