[INFO] [1785744597.085083953] [mhe_node]: MHE node starting, building/loading solver...
Code reuse possible, skipping code generation.
acados was compiled without OpenMP.
[INFO] [1785744597.091236125] [mhe_node]: weight schedule theta = [-4.00, 0.00, 0.00, 0.00], signal mode = external
[INFO] [1785744597.095181061] [mhe_node]: MHE node initialized! Waiting for odometry + control data...
[INFO] [1785744625.295384995] [mhe_node]: [geom] payload_attached=False -> dJ=0.0000 c_xy=[+0.0000,+0.0000]
[INFO] [1785744627.196941436] [mhe_node]: MHE mass estimate: 2.062 kg (T_phys=18.33N) | solve=1.7ms (max3.1)
[INFO] [1785744627.197244536] [mhe_node]: [tau_phys] roll=-0.001 pitch=+0.000 Nm
[INFO] [1785744627.197529826] [mhe_node]: [c_xy_est] cx=-0.0001 cy=-0.0000 m
[INFO] [1785744629.197601355] [mhe_node]: MHE mass estimate: 2.072 kg (T_phys=20.28N) | solve=1.4ms (max1.6)
[INFO] [1785744629.198024950] [mhe_node]: [tau_phys] roll=-0.003 pitch=-0.002 Nm
[INFO] [1785744629.198435751] [mhe_node]: [c_xy_est] cx=-0.0000 cy=-0.0000 m
[INFO] [1785744629.860969353] [mhe_node]: mass event [attach (gripper)] received at frame 66: armed, waiting for T_phys confirmation (baseline=20.34N, thresh=1.5N)
[INFO] [1785744629.895327082] [mhe_node]: [geom] payload_attached=True -> dJ=0.0498 c_xy=[+0.0017,-0.0077]
[INFO] [1785744629.902003101] [mhe_node]: [post-event] m_est=2.030 kg (T_phys=20.34N)
[INFO] [1785744629.999389075] [mhe_node]: [post-event] m_est=2.032 kg (T_phys=19.62N)
[INFO] [1785744630.100812330] [mhe_node]: [post-event] m_est=2.031 kg (T_phys=19.59N)
[INFO] [1785744630.201070009] [mhe_node]: [post-event] m_est=2.030 kg (T_phys=19.54N)
[INFO] [1785744630.301381310] [mhe_node]: [post-event] m_est=2.028 kg (T_phys=19.50N)
[INFO] [1785744630.400774025] [mhe_node]: [post-event] m_est=2.025 kg (T_phys=19.46N)
[INFO] [1785744630.501312123] [mhe_node]: [post-event] m_est=2.021 kg (T_phys=19.40N)
[INFO] [1785744630.601267579] [mhe_node]: [post-event] m_est=2.016 kg (T_phys=19.35N)
[INFO] [1785744630.701203991] [mhe_node]: [post-event] m_est=2.011 kg (T_phys=19.30N)
[INFO] [1785744630.801156462] [mhe_node]: [post-event] m_est=2.005 kg (T_phys=19.25N)
[INFO] [1785744630.901716801] [mhe_node]: [post-event] m_est=1.999 kg (T_phys=19.19N)
[INFO] [1785744631.000275611] [mhe_node]: [post-event] m_est=1.992 kg (T_phys=19.14N)
[INFO] [1785744631.101682773] [mhe_node]: [post-event] m_est=1.985 kg (T_phys=19.09N)
[INFO] [1785744631.202270013] [mhe_node]: [post-event] m_est=1.977 kg (T_phys=19.03N)
[INFO] [1785744631.202702881] [mhe_node]: MHE mass estimate: 1.977 kg (T_phys=19.03N) | solve=4.1ms (max6.4)
[INFO] [1785744631.203096889] [mhe_node]: [tau_phys] roll=+0.114 pitch=+0.040 Nm | model pred: roll=-0.000 pitch=-0.000 (m_p=0.000 r=[+0.018,-0.079])
[INFO] [1785744631.203509336] [mhe_node]: [c_xy_est] cx=-0.0019 cy=+0.0010 m | truth c=[+0.0000,-0.0000] (m_p=0.000)
[INFO] [1785744631.303465405] [mhe_node]: [post-event] m_est=1.968 kg (T_phys=18.96N)
[INFO] [1785744631.403400211] [mhe_node]: [post-event] m_est=1.961 kg (T_phys=18.86N)
[INFO] [1785744631.495179627] [mhe_node]: mass event confirmed by T_phys (18.79N vs baseline 20.34N) at frame 82: de-weighting pre-event stages
[INFO] [1785744631.495845728] [mhe_node]: event transition started: pre-event stages de-weighted
[INFO] [1785744631.503236459] [mhe_node]: [transition] m_est=1.961 kg (T_phys=18.79N)
[INFO] [1785744631.599795945] [mhe_node]: [transition] m_est=1.962 kg (T_phys=18.80N)
[INFO] [1785744631.699269401] [mhe_node]: [transition] m_est=1.961 kg (T_phys=18.93N)
[INFO] [1785744631.799221505] [mhe_node]: [transition] m_est=1.961 kg (T_phys=19.16N)
[INFO] [1785744631.899400501] [mhe_node]: [transition] m_est=1.961 kg (T_phys=19.53N)
[INFO] [1785744631.999855478] [mhe_node]: [transition] m_est=1.961 kg (T_phys=20.10N)
[INFO] [1785744632.100694913] [mhe_node]: [transition] m_est=1.961 kg (T_phys=20.87N)
[INFO] [1785744632.200808452] [mhe_node]: [transition] m_est=1.966 kg (T_phys=21.90N)
[INFO] [1785744632.301130198] [mhe_node]: [transition] m_est=1.989 kg (T_phys=23.12N)
[INFO] [1785744632.400598065] [mhe_node]: [transition] m_est=2.016 kg (T_phys=24.48N)
[INFO] [1785744632.500717353] [mhe_node]: [transition] m_est=2.043 kg (T_phys=25.41N)
[INFO] [1785744632.600039464] [mhe_node]: [transition] m_est=2.066 kg (T_phys=25.75N)
[INFO] [1785744632.701089829] [mhe_node]: [transition] m_est=2.085 kg (T_phys=25.80N)
[INFO] [1785744632.801116852] [mhe_node]: [transition] m_est=2.099 kg (T_phys=25.36N)
[INFO] [1785744632.900016063] [mhe_node]: [transition] m_est=2.110 kg (T_phys=24.96N)
[INFO] [1785744632.999851754] [mhe_node]: [transition] m_est=2.116 kg (T_phys=24.25N)
[INFO] [1785744633.099299983] [mhe_node]: [transition] m_est=2.118 kg (T_phys=23.77N)
[INFO] [1785744633.199230930] [mhe_node]: [transition] m_est=2.117 kg (T_phys=23.05N)
[INFO] [1785744633.199560154] [mhe_node]: MHE mass estimate: 2.117 kg (T_phys=23.05N) | solve=4.5ms (max7.6)
[INFO] [1785744633.199840782] [mhe_node]: [tau_phys] roll=-0.191 pitch=-0.032 Nm | model pred: roll=-0.041 pitch=-0.009 (m_p=0.053 r=[+0.018,-0.079])
[INFO] [1785744633.200134592] [mhe_node]: [c_xy_est] cx=+0.0023 cy=+0.0001 m | truth c=[+0.0004,-0.0020] (m_p=0.053)
[INFO] [1785744633.302010505] [mhe_node]: [transition] m_est=2.113 kg (T_phys=22.61N)
[INFO] [1785744633.400952232] [mhe_node]: [transition] m_est=2.108 kg (T_phys=22.01N)
[INFO] [1785744633.496002185] [mhe_node]: event transition ended: nominal weights restored
[INFO] [1785744633.501710515] [mhe_node]: [post-event] m_est=2.101 kg (T_phys=21.64N)
[INFO] [1785744633.600141835] [mhe_node]: [post-event] m_est=2.105 kg (T_phys=21.18N)
[INFO] [1785744633.700226370] [mhe_node]: [post-event] m_est=2.109 kg (T_phys=21.02N)
[INFO] [1785744633.800078033] [mhe_node]: [post-event] m_est=2.113 kg (T_phys=20.75N)
[INFO] [1785744633.901500814] [mhe_node]: [post-event] m_est=2.115 kg (T_phys=20.61N)
[INFO] [1785744634.001063023] [mhe_node]: [post-event] m_est=2.117 kg (T_phys=20.40N)
[INFO] [1785744634.100639199] [mhe_node]: [post-event] m_est=2.119 kg (T_phys=20.29N)
[INFO] [1785744634.200541103] [mhe_node]: [post-event] m_est=2.121 kg (T_phys=20.21N)
[INFO] [1785744634.300676404] [mhe_node]: [post-event] m_est=2.125 kg (T_phys=20.24N)
[INFO] [1785744634.400249251] [mhe_node]: [post-event] m_est=2.132 kg (T_phys=20.36N)
[INFO] [1785744634.500303438] [mhe_node]: [post-event] m_est=2.142 kg (T_phys=20.58N)
[INFO] [1785744634.600174275] [mhe_node]: [post-event] m_est=2.155 kg (T_phys=20.92N)
[INFO] [1785744634.700209703] [mhe_node]: [post-event] m_est=2.170 kg (T_phys=21.28N)
[INFO] [1785744634.799690621] [mhe_node]: [post-event] m_est=2.186 kg (T_phys=21.59N)
[INFO] [1785744634.899687962] [mhe_node]: [post-event] m_est=2.202 kg (T_phys=21.84N)
[INFO] [1785744635.000332696] [mhe_node]: [post-event] m_est=2.217 kg (T_phys=22.03N)
[INFO] [1785744635.099841785] [mhe_node]: [post-event] m_est=2.230 kg (T_phys=22.13N)
[INFO] [1785744635.199794055] [mhe_node]: [post-event] m_est=2.242 kg (T_phys=22.18N)
[INFO] [1785744635.200238253] [mhe_node]: MHE mass estimate: 2.242 kg (T_phys=22.18N) | solve=4.6ms (max5.8)
[INFO] [1785744635.200628265] [mhe_node]: [tau_phys] roll=-0.160 pitch=-0.029 Nm | model pred: roll=-0.137 pitch=-0.031 (m_p=0.177 r=[+0.018,-0.079])
[INFO] [1785744635.201045067] [mhe_node]: [c_xy_est] cx=+0.0019 cy=-0.0051 m | truth c=[+0.0014,-0.0062] (m_p=0.177)
[INFO] [1785744635.299418907] [mhe_node]: [post-event] m_est=2.251 kg (T_phys=22.21N)
[INFO] [1785744635.399596494] [mhe_node]: [post-event] m_est=2.258 kg (T_phys=22.20N)
[INFO] [1785744635.500333922] [mhe_node]: [post-event] m_est=2.264 kg (T_phys=22.21N)
[INFO] [1785744635.599859042] [mhe_node]: [post-event] m_est=2.268 kg (T_phys=22.21N)
[INFO] [1785744635.698909005] [mhe_node]: [post-event] m_est=2.271 kg (T_phys=22.21N)
[INFO] [1785744635.799387232] [mhe_node]: [post-event] m_est=2.273 kg (T_phys=22.22N)
[INFO] [1785744635.898968222] [mhe_node]: [post-event] m_est=2.275 kg (T_phys=22.23N)
[INFO] [1785744635.999976292] [mhe_node]: [post-event] m_est=2.276 kg (T_phys=22.24N)
[INFO] [1785744636.099524586] [mhe_node]: [post-event] m_est=2.276 kg (T_phys=22.25N)
[INFO] [1785744636.198904467] [mhe_node]: [post-event] m_est=2.276 kg (T_phys=22.27N)
[INFO] [1785744636.299925630] [mhe_node]: [post-event] m_est=2.277 kg (T_phys=22.29N)
[INFO] [1785744636.399111737] [mhe_node]: [post-event] m_est=2.277 kg (T_phys=22.31N)
[INFO] [1785744636.499001031] [mhe_node]: [post-event] m_est=2.277 kg (T_phys=22.33N)
[INFO] [1785744636.598526950] [mhe_node]: [post-event] m_est=2.278 kg (T_phys=22.34N)
[INFO] [1785744636.698648258] [mhe_node]: [post-event] m_est=2.278 kg (T_phys=22.36N)
[INFO] [1785744636.798606982] [mhe_node]: [post-event] m_est=2.279 kg (T_phys=22.39N)
[INFO] [1785744637.198842152] [mhe_node]: MHE mass estimate: 2.283 kg (T_phys=22.41N) | solve=3.3ms (max4.5)
[INFO] [1785744637.199260756] [mhe_node]: [tau_phys] roll=-0.178 pitch=-0.041 Nm | model pred: roll=-0.169 pitch=-0.038 (m_p=0.219 r=[+0.018,-0.079])
[INFO] [1785744637.199678396] [mhe_node]: [c_xy_est] cx=+0.0018 cy=-0.0067 m | truth c=[+0.0017,-0.0075] (m_p=0.219)
[INFO] [1785744639.197886998] [mhe_node]: MHE mass estimate: 2.283 kg (T_phys=22.32N) | solve=2.2ms (max2.7)
[INFO] [1785744639.198309768] [mhe_node]: [tau_phys] roll=-0.171 pitch=-0.022 Nm | model pred: roll=-0.169 pitch=-0.038 (m_p=0.219 r=[+0.018,-0.079])
[INFO] [1785744639.198734576] [mhe_node]: [c_xy_est] cx=+0.0016 cy=-0.0074 m | truth c=[+0.0017,-0.0075] (m_p=0.219)
[INFO] [1785744641.197552947] [mhe_node]: MHE mass estimate: 2.287 kg (T_phys=22.42N) | solve=1.8ms (max2.0)
[INFO] [1785744641.197967057] [mhe_node]: [tau_phys] roll=-0.179 pitch=-0.037 Nm | model pred: roll=-0.172 pitch=-0.038 (m_p=0.223 r=[+0.018,-0.079])
[INFO] [1785744641.198382095] [mhe_node]: [c_xy_est] cx=+0.0016 cy=-0.0076 m | truth c=[+0.0017,-0.0076] (m_p=0.223)
[INFO] [1785744643.197559186] [mhe_node]: MHE mass estimate: 2.287 kg (T_phys=22.38N) | solve=1.5ms (max1.6)
[INFO] [1785744643.197976776] [mhe_node]: [tau_phys] roll=-0.174 pitch=-0.032 Nm | model pred: roll=-0.171 pitch=-0.038 (m_p=0.222 r=[+0.018,-0.079])
[INFO] [1785744643.198394757] [mhe_node]: [c_xy_est] cx=+0.0016 cy=-0.0077 m | truth c=[+0.0017,-0.0076] (m_p=0.222)
[ros2run]: Killed
