[INFO] [1785422680.186779057] [mhe_node]: MHE node starting, building/loading solver...
Code reuse possible, skipping code generation.
acados was compiled without OpenMP.
[INFO] [1785422680.193049112] [mhe_node]: weight schedule theta = [-4.00, 0.00, 0.00, 0.00], signal mode = external
[INFO] [1785422680.196805743] [mhe_node]: MHE node initialized! Waiting for odometry + control data...
[INFO] [1785422708.597017193] [mhe_node]: [geom] payload_attached=False -> dJ=0.0000 c_xy=[+0.0000,+0.0000]
[INFO] [1785422710.499136445] [mhe_node]: MHE mass estimate: 2.061 kg (T_phys=18.63N)
[INFO] [1785422710.499539900] [mhe_node]: [tau_phys] roll=-0.002 pitch=+0.000 Nm
[INFO] [1785422710.499934528] [mhe_node]: [c_xy_est] cx=-0.0001 cy=-0.0000 m
[INFO] [1785422712.499083590] [mhe_node]: MHE mass estimate: 2.066 kg (T_phys=20.39N)
[INFO] [1785422712.499491895] [mhe_node]: [tau_phys] roll=-0.001 pitch=-0.002 Nm
[INFO] [1785422712.499887053] [mhe_node]: [c_xy_est] cx=-0.0000 cy=-0.0000 m
[INFO] [1785422712.877006849] [mhe_node]: mass event [attach (gripper)] received at frame 63: armed, waiting for T_phys confirmation (baseline=20.34N, thresh=1.9N)
[INFO] [1785422712.896915100] [mhe_node]: [geom] payload_attached=True -> dJ=0.0425 c_xy=[-0.0029,-0.0103]
[INFO] [1785422712.903611662] [mhe_node]: [post-event] m_est=1.991 kg (T_phys=20.34N)
[INFO] [1785422713.003520575] [mhe_node]: [post-event] m_est=1.996 kg (T_phys=19.12N)
[INFO] [1785422713.101071237] [mhe_node]: [post-event] m_est=1.995 kg (T_phys=19.14N)
[INFO] [1785422713.205691013] [mhe_node]: [post-event] m_est=1.992 kg (T_phys=19.13N)
[INFO] [1785422713.303911461] [mhe_node]: [post-event] m_est=1.989 kg (T_phys=19.10N)
[INFO] [1785422713.404419357] [mhe_node]: [post-event] m_est=1.985 kg (T_phys=19.06N)
[INFO] [1785422713.504614252] [mhe_node]: [post-event] m_est=1.979 kg (T_phys=19.00N)
[INFO] [1785422713.605090472] [mhe_node]: [post-event] m_est=1.972 kg (T_phys=18.93N)
[INFO] [1785422713.705852512] [mhe_node]: [post-event] m_est=1.964 kg (T_phys=18.87N)
[INFO] [1785422713.805056753] [mhe_node]: [post-event] m_est=1.961 kg (T_phys=18.79N)
[INFO] [1785422713.905136645] [mhe_node]: [post-event] m_est=1.961 kg (T_phys=18.78N)
[INFO] [1785422714.005592681] [mhe_node]: [post-event] m_est=1.961 kg (T_phys=18.80N)
[INFO] [1785422714.105648834] [mhe_node]: [post-event] m_est=1.961 kg (T_phys=18.83N)
[INFO] [1785422714.206778003] [mhe_node]: [post-event] m_est=1.961 kg (T_phys=18.85N)
[INFO] [1785422714.304345536] [mhe_node]: [post-event] m_est=1.961 kg (T_phys=18.88N)
[INFO] [1785422714.405849518] [mhe_node]: [post-event] m_est=1.961 kg (T_phys=18.89N)
[INFO] [1785422714.504582583] [mhe_node]: [post-event] m_est=1.961 kg (T_phys=18.90N)
[INFO] [1785422714.505002883] [mhe_node]: MHE mass estimate: 1.961 kg (T_phys=18.90N)
[INFO] [1785422714.505374988] [mhe_node]: [tau_phys] roll=+0.184 pitch=-0.293 Nm | model pred: roll=-0.000 pitch=+0.000 (m_p=0.000 r=[-0.033,-0.117])
[INFO] [1785422714.505772682] [mhe_node]: [c_xy_est] cx=+0.0068 cy=+0.0033 m | truth c=[-0.0000,-0.0000] (m_p=0.000)
[INFO] [1785422714.604745719] [mhe_node]: [post-event] m_est=1.961 kg (T_phys=18.94N)
[INFO] [1785422714.706265409] [mhe_node]: [post-event] m_est=1.961 kg (T_phys=19.06N)
[INFO] [1785422714.804596635] [mhe_node]: [post-event] m_est=1.961 kg (T_phys=19.30N)
[INFO] [1785422714.903102816] [mhe_node]: [post-event] m_est=1.961 kg (T_phys=19.68N)
[INFO] [1785422715.006185346] [mhe_node]: [post-event] m_est=1.961 kg (T_phys=20.22N)
[INFO] [1785422715.106012249] [mhe_node]: [post-event] m_est=1.961 kg (T_phys=20.92N)
[INFO] [1785422715.206257196] [mhe_node]: [post-event] m_est=1.961 kg (T_phys=21.80N)
[INFO] [1785422715.296822692] [mhe_node]: mass event confirmed by T_phys (22.86N vs baseline 20.34N) at frame 87: de-weighting pre-event stages
[INFO] [1785422715.297548336] [mhe_node]: event transition started: pre-event stages de-weighted
[INFO] [1785422715.306254418] [mhe_node]: [transition] m_est=1.961 kg (T_phys=22.86N)
[INFO] [1785422715.402113204] [mhe_node]: [transition] m_est=2.001 kg (T_phys=23.78N)
[INFO] [1785422715.500581281] [mhe_node]: [transition] m_est=2.139 kg (T_phys=24.60N)
[INFO] [1785422715.600738800] [mhe_node]: [transition] m_est=2.213 kg (T_phys=26.02N)
[INFO] [1785422715.700594636] [mhe_node]: [transition] m_est=2.247 kg (T_phys=25.75N)
[INFO] [1785422715.800523272] [mhe_node]: [transition] m_est=2.255 kg (T_phys=25.03N)
[INFO] [1785422715.901096355] [mhe_node]: [transition] m_est=2.247 kg (T_phys=24.07N)
[INFO] [1785422716.001009929] [mhe_node]: [transition] m_est=2.237 kg (T_phys=22.96N)
[INFO] [1785422716.101820944] [mhe_node]: [transition] m_est=2.223 kg (T_phys=22.35N)
[INFO] [1785422716.203219104] [mhe_node]: [transition] m_est=2.210 kg (T_phys=21.77N)
[INFO] [1785422716.304095651] [mhe_node]: [transition] m_est=2.197 kg (T_phys=21.53N)
[INFO] [1785422716.403916115] [mhe_node]: [transition] m_est=2.185 kg (T_phys=21.25N)
[INFO] [1785422716.505427331] [mhe_node]: [transition] m_est=2.175 kg (T_phys=21.17N)
[INFO] [1785422716.505852345] [mhe_node]: MHE mass estimate: 2.175 kg (T_phys=21.17N)
[INFO] [1785422716.506231170] [mhe_node]: [tau_phys] roll=-0.231 pitch=+0.091 Nm | model pred: roll=-0.126 pitch=+0.036 (m_p=0.110 r=[-0.033,-0.117])
[INFO] [1785422716.506630275] [mhe_node]: [c_xy_est] cx=+0.0027 cy=-0.0011 m | truth c=[-0.0017,-0.0059] (m_p=0.110)
[INFO] [1785422716.603931553] [mhe_node]: [transition] m_est=2.166 kg (T_phys=20.95N)
[INFO] [1785422716.706441743] [mhe_node]: [transition] m_est=2.159 kg (T_phys=20.85N)
[INFO] [1785422716.803059420] [mhe_node]: [transition] m_est=2.153 kg (T_phys=20.65N)
[INFO] [1785422716.904307300] [mhe_node]: [transition] m_est=2.148 kg (T_phys=20.46N)
[INFO] [1785422717.005792748] [mhe_node]: [transition] m_est=2.145 kg (T_phys=20.38N)
[INFO] [1785422717.104319280] [mhe_node]: [transition] m_est=2.143 kg (T_phys=20.29N)
[INFO] [1785422717.203787082] [mhe_node]: [transition] m_est=2.142 kg (T_phys=20.20N)
[INFO] [1785422717.297646061] [mhe_node]: event transition ended: nominal weights restored
[INFO] [1785422717.305016113] [mhe_node]: [post-event] m_est=2.143 kg (T_phys=20.21N)
[INFO] [1785422717.402547558] [mhe_node]: [post-event] m_est=2.150 kg (T_phys=20.30N)
[INFO] [1785422717.502572804] [mhe_node]: [post-event] m_est=2.161 kg (T_phys=20.54N)
[INFO] [1785422717.603081072] [mhe_node]: [post-event] m_est=2.171 kg (T_phys=20.85N)
[INFO] [1785422717.702617242] [mhe_node]: [post-event] m_est=2.182 kg (T_phys=21.13N)
[INFO] [1785422717.803622599] [mhe_node]: [post-event] m_est=2.191 kg (T_phys=21.39N)
[INFO] [1785422717.902675082] [mhe_node]: [post-event] m_est=2.199 kg (T_phys=21.58N)
[INFO] [1785422718.002202055] [mhe_node]: [post-event] m_est=2.206 kg (T_phys=21.72N)
[INFO] [1785422718.101780236] [mhe_node]: [post-event] m_est=2.212 kg (T_phys=21.82N)
[INFO] [1785422718.201826371] [mhe_node]: [post-event] m_est=2.217 kg (T_phys=21.87N)
[INFO] [1785422718.302742056] [mhe_node]: [post-event] m_est=2.222 kg (T_phys=21.90N)
[INFO] [1785422718.401429793] [mhe_node]: [post-event] m_est=2.227 kg (T_phys=21.90N)
[INFO] [1785422718.501389391] [mhe_node]: [post-event] m_est=2.230 kg (T_phys=21.90N)
[INFO] [1785422718.501806525] [mhe_node]: MHE mass estimate: 2.230 kg (T_phys=21.90N)
[INFO] [1785422718.502184864] [mhe_node]: [tau_phys] roll=-0.214 pitch=+0.074 Nm | model pred: roll=-0.190 pitch=+0.054 (m_p=0.166 r=[-0.033,-0.117])
[INFO] [1785422718.502577060] [mhe_node]: [c_xy_est] cx=-0.0013 cy=-0.0068 m | truth c=[-0.0025,-0.0087] (m_p=0.166)
[INFO] [1785422718.602465921] [mhe_node]: [post-event] m_est=2.234 kg (T_phys=21.89N)
[INFO] [1785422718.700994919] [mhe_node]: [post-event] m_est=2.237 kg (T_phys=21.91N)
[INFO] [1785422718.801003858] [mhe_node]: [post-event] m_est=2.239 kg (T_phys=21.94N)
[INFO] [1785422718.901042573] [mhe_node]: [post-event] m_est=2.242 kg (T_phys=21.96N)
[INFO] [1785422719.000643026] [mhe_node]: [post-event] m_est=2.243 kg (T_phys=21.99N)
[INFO] [1785422719.099731641] [mhe_node]: [post-event] m_est=2.245 kg (T_phys=22.01N)
[INFO] [1785422719.199822682] [mhe_node]: [post-event] m_est=2.246 kg (T_phys=22.02N)
[INFO] [1785422719.299819048] [mhe_node]: [post-event] m_est=2.246 kg (T_phys=22.04N)
[INFO] [1785422719.399726364] [mhe_node]: [post-event] m_est=2.247 kg (T_phys=22.05N)
[INFO] [1785422719.500659581] [mhe_node]: [post-event] m_est=2.247 kg (T_phys=22.06N)
[INFO] [1785422719.600864710] [mhe_node]: [post-event] m_est=2.248 kg (T_phys=22.07N)
[INFO] [1785422719.700606946] [mhe_node]: [post-event] m_est=2.248 kg (T_phys=22.09N)
[INFO] [1785422719.801122803] [mhe_node]: [post-event] m_est=2.249 kg (T_phys=22.11N)
[INFO] [1785422720.500331685] [mhe_node]: MHE mass estimate: 2.255 kg (T_phys=22.18N)
[INFO] [1785422720.500726442] [mhe_node]: [tau_phys] roll=-0.219 pitch=+0.080 Nm | model pred: roll=-0.218 pitch=+0.062 (m_p=0.191 r=[-0.033,-0.117])
[INFO] [1785422720.501131786] [mhe_node]: [c_xy_est] cx=-0.0028 cy=-0.0088 m | truth c=[-0.0028,-0.0099] (m_p=0.191)
[INFO] [1785422722.500036123] [mhe_node]: MHE mass estimate: 2.259 kg (T_phys=22.13N)
[INFO] [1785422722.500434473] [mhe_node]: [tau_phys] roll=-0.206 pitch=+0.097 Nm | model pred: roll=-0.223 pitch=+0.064 (m_p=0.195 r=[-0.033,-0.117])
[INFO] [1785422722.500837532] [mhe_node]: [c_xy_est] cx=-0.0033 cy=-0.0095 m | truth c=[-0.0029,-0.0100] (m_p=0.195)
[INFO] [1785422724.499545368] [mhe_node]: MHE mass estimate: 2.261 kg (T_phys=22.12N)
[INFO] [1785422724.499948176] [mhe_node]: [tau_phys] roll=-0.202 pitch=+0.082 Nm | model pred: roll=-0.225 pitch=+0.064 (m_p=0.197 r=[-0.033,-0.117])
[INFO] [1785422724.500359849] [mhe_node]: [c_xy_est] cx=-0.0035 cy=-0.0098 m | truth c=[-0.0029,-0.0101] (m_p=0.197)
[INFO] [1785422726.499608685] [mhe_node]: MHE mass estimate: 2.260 kg (T_phys=22.22N)
[INFO] [1785422726.500008868] [mhe_node]: [tau_phys] roll=-0.212 pitch=+0.075 Nm | model pred: roll=-0.224 pitch=+0.064 (m_p=0.196 r=[-0.033,-0.117])
[INFO] [1785422726.500401670] [mhe_node]: [c_xy_est] cx=-0.0037 cy=-0.0100 m | truth c=[-0.0029,-0.0101] (m_p=0.196)
[ros2run]: Killed
