[INFO] [1784800136.219561863] [mhe_node]: MHE node starting, building/loading solver...
Code reuse possible, skipping code generation.
acados was compiled without OpenMP.
[INFO] [1784800136.229987473] [mhe_node]: weight schedule theta = [-4.00, 0.00, 0.00, 0.00], signal mode = external
[INFO] [1784800136.237779892] [mhe_node]: MHE node initialized! Waiting for odometry + control data...
[INFO] [1784800169.039302978] [mhe_node]: [geom] payload_attached=False -> dJ=0.0000 c_xy=[+0.0000,+0.0000]
[INFO] [1784800170.950658145] [mhe_node]: MHE mass estimate: 2.064 kg (T_phys=18.38N)
[INFO] [1784800170.952774230] [mhe_node]: [tau_phys] roll=-0.002 pitch=-0.001 Nm
[INFO] [1784800170.954856784] [mhe_node]: [c_xy_est] cx=-0.0001 cy=+0.0000 m
[INFO] [1784800172.951871909] [mhe_node]: MHE mass estimate: 2.071 kg (T_phys=20.25N)
[INFO] [1784800172.954168653] [mhe_node]: [tau_phys] roll=-0.000 pitch=+0.004 Nm
[INFO] [1784800172.956497779] [mhe_node]: [c_xy_est] cx=-0.0001 cy=+0.0000 m
[INFO] [1784800173.725544248] [mhe_node]: mass event [attach (gripper)] received at frame 67: armed, waiting for T_phys confirmation (baseline=20.34N, thresh=1.5N)
[INFO] [1784800173.739356997] [mhe_node]: [geom] payload_attached=True -> dJ=0.0515 c_xy=[-0.0033,-0.0160]
[INFO] [1784800173.784033002] [mhe_node]: [post-event] m_est=1.961 kg (T_phys=20.34N)
[INFO] [1784800173.882665241] [mhe_node]: [post-event] m_est=1.961 kg (T_phys=20.01N)
[INFO] [1784800173.994382947] [mhe_node]: [post-event] m_est=1.961 kg (T_phys=19.02N)
[INFO] [1784800174.093776013] [mhe_node]: [post-event] m_est=1.961 kg (T_phys=19.06N)
[INFO] [1784800174.192361134] [mhe_node]: [post-event] m_est=1.961 kg (T_phys=19.07N)
[INFO] [1784800174.290646036] [mhe_node]: [post-event] m_est=1.961 kg (T_phys=19.08N)
[INFO] [1784800174.386040805] [mhe_node]: [post-event] m_est=1.961 kg (T_phys=19.08N)
[INFO] [1784800174.489536410] [mhe_node]: [post-event] m_est=1.961 kg (T_phys=19.09N)
[INFO] [1784800174.587042006] [mhe_node]: [post-event] m_est=1.961 kg (T_phys=19.09N)
[INFO] [1784800174.687548789] [mhe_node]: [post-event] m_est=1.961 kg (T_phys=19.07N)
[INFO] [1784800174.783659192] [mhe_node]: [post-event] m_est=1.961 kg (T_phys=19.08N)
[INFO] [1784800174.886103227] [mhe_node]: [post-event] m_est=1.961 kg (T_phys=19.06N)
[INFO] [1784800174.988630505] [mhe_node]: [post-event] m_est=1.961 kg (T_phys=19.03N)
[INFO] [1784800174.989868087] [mhe_node]: MHE mass estimate: 1.961 kg (T_phys=19.03N)
[INFO] [1784800174.990975705] [mhe_node]: [tau_phys] roll=+0.255 pitch=+0.036 Nm | model pred: roll=-0.000 pitch=+0.000 (m_p=0.000 r=[-0.038,-0.181])
[INFO] [1784800174.992124641] [mhe_node]: [c_xy_est] cx=-0.0004 cy=+0.0027 m | truth c=[-0.0000,-0.0000] (m_p=0.000)
[INFO] [1784800175.077921687] [mhe_node]: [post-event] m_est=1.961 kg (T_phys=19.05N)
[INFO] [1784800175.185058656] [mhe_node]: [post-event] m_est=1.961 kg (T_phys=19.05N)
[INFO] [1784800175.293399017] [mhe_node]: [post-event] m_est=1.961 kg (T_phys=19.02N)
[INFO] [1784800175.385215258] [mhe_node]: [post-event] m_est=1.961 kg (T_phys=19.01N)
[INFO] [1784800175.488294895] [mhe_node]: [post-event] m_est=1.961 kg (T_phys=19.01N)
[INFO] [1784800175.582681530] [mhe_node]: [post-event] m_est=1.961 kg (T_phys=19.07N)
[INFO] [1784800175.695127321] [mhe_node]: [post-event] m_est=1.961 kg (T_phys=19.21N)
[INFO] [1784800175.786450984] [mhe_node]: [post-event] m_est=1.961 kg (T_phys=19.46N)
[INFO] [1784800175.885000912] [mhe_node]: [post-event] m_est=1.961 kg (T_phys=19.84N)
[INFO] [1784800175.986211481] [mhe_node]: [post-event] m_est=1.961 kg (T_phys=20.45N)
[INFO] [1784800176.090830368] [mhe_node]: [post-event] m_est=1.961 kg (T_phys=21.21N)
[INFO] [1784800176.138710579] [mhe_node]: mass event confirmed by T_phys (22.08N vs baseline 20.34N) at frame 91: de-weighting pre-event stages
[INFO] [1784800176.141677110] [mhe_node]: event transition started: pre-event stages de-weighted
[INFO] [1784800176.178981703] [mhe_node]: [transition] m_est=1.961 kg (T_phys=22.08N)
[INFO] [1784800176.265899721] [mhe_node]: [transition] m_est=1.979 kg (T_phys=23.05N)
[INFO] [1784800176.348847222] [mhe_node]: [transition] m_est=2.107 kg (T_phys=24.07N)
[INFO] [1784800176.441190161] [mhe_node]: [transition] m_est=2.171 kg (T_phys=26.48N)
[INFO] [1784800176.560706878] [mhe_node]: [transition] m_est=2.184 kg (T_phys=26.45N)
[INFO] [1784800176.662445230] [mhe_node]: [transition] m_est=2.184 kg (T_phys=26.50N)
[INFO] [1784800176.763062329] [mhe_node]: [transition] m_est=2.176 kg (T_phys=25.71N)
[INFO] [1784800176.873913811] [mhe_node]: [transition] m_est=2.172 kg (T_phys=24.75N)
[INFO] [1784800176.970738095] [mhe_node]: [transition] m_est=2.164 kg (T_phys=23.52N)
[INFO] [1784800176.972509458] [mhe_node]: MHE mass estimate: 2.164 kg (T_phys=23.52N)
[INFO] [1784800176.974071286] [mhe_node]: [tau_phys] roll=-0.352 pitch=+0.112 Nm | model pred: roll=-0.177 pitch=+0.037 (m_p=0.100 r=[-0.038,-0.181])
[INFO] [1784800176.975627600] [mhe_node]: [c_xy_est] cx=-0.0026 cy=+0.0001 m | truth c=[-0.0017,-0.0083] (m_p=0.100)
[INFO] [1784800177.073165425] [mhe_node]: [transition] m_est=2.156 kg (T_phys=22.75N)
[INFO] [1784800177.174898290] [mhe_node]: [transition] m_est=2.145 kg (T_phys=21.86N)
[INFO] [1784800177.278883431] [mhe_node]: [transition] m_est=2.135 kg (T_phys=21.51N)
[INFO] [1784800177.379445647] [mhe_node]: [transition] m_est=2.123 kg (T_phys=21.20N)
[INFO] [1784800177.478453102] [mhe_node]: [transition] m_est=2.113 kg (T_phys=21.07N)
[INFO] [1784800177.582587181] [mhe_node]: [transition] m_est=2.103 kg (T_phys=20.84N)
[INFO] [1784800177.679360260] [mhe_node]: [transition] m_est=2.095 kg (T_phys=20.76N)
[INFO] [1784800177.776412443] [mhe_node]: [transition] m_est=2.089 kg (T_phys=20.58N)
[INFO] [1784800177.887963562] [mhe_node]: [transition] m_est=2.085 kg (T_phys=20.56N)
[INFO] [1784800177.965243264] [mhe_node]: [transition] m_est=2.082 kg (T_phys=20.32N)
[INFO] [1784800178.075871244] [mhe_node]: [transition] m_est=2.080 kg (T_phys=20.21N)
[INFO] [1784800178.143683867] [mhe_node]: event transition ended: nominal weights restored
[INFO] [1784800178.189035752] [mhe_node]: [post-event] m_est=2.080 kg (T_phys=20.19N)
[INFO] [1784800178.280037213] [mhe_node]: [post-event] m_est=2.093 kg (T_phys=20.25N)
[INFO] [1784800178.369606446] [mhe_node]: [post-event] m_est=2.110 kg (T_phys=20.43N)
[INFO] [1784800178.454216482] [mhe_node]: [post-event] m_est=2.127 kg (T_phys=20.78N)
[INFO] [1784800178.575489383] [mhe_node]: [post-event] m_est=2.144 kg (T_phys=21.23N)
[INFO] [1784800178.673367888] [mhe_node]: [post-event] m_est=2.158 kg (T_phys=21.44N)
[INFO] [1784800178.779239267] [mhe_node]: [post-event] m_est=2.171 kg (T_phys=21.68N)
[INFO] [1784800178.874280239] [mhe_node]: [post-event] m_est=2.181 kg (T_phys=21.87N)
[INFO] [1784800178.970031636] [mhe_node]: [post-event] m_est=2.190 kg (T_phys=21.97N)
[INFO] [1784800178.971837858] [mhe_node]: MHE mass estimate: 2.190 kg (T_phys=21.97N)
[INFO] [1784800178.973495626] [mhe_node]: [tau_phys] roll=-0.363 pitch=+0.093 Nm | model pred: roll=-0.222 pitch=+0.046 (m_p=0.125 r=[-0.038,-0.181])
[INFO] [1784800178.975239925] [mhe_node]: [c_xy_est] cx=-0.0040 cy=-0.0101 m | truth c=[-0.0022,-0.0103] (m_p=0.125)
[INFO] [1784800179.071978987] [mhe_node]: [post-event] m_est=2.197 kg (T_phys=22.00N)
[INFO] [1784800179.167887816] [mhe_node]: [post-event] m_est=2.202 kg (T_phys=21.97N)
[INFO] [1784800179.265735685] [mhe_node]: [post-event] m_est=2.207 kg (T_phys=21.94N)
[INFO] [1784800179.365873994] [mhe_node]: [post-event] m_est=2.211 kg (T_phys=21.88N)
[INFO] [1784800179.466626713] [mhe_node]: [post-event] m_est=2.214 kg (T_phys=21.85N)
[INFO] [1784800179.571086013] [mhe_node]: [post-event] m_est=2.217 kg (T_phys=21.83N)
[INFO] [1784800179.664698677] [mhe_node]: [post-event] m_est=2.219 kg (T_phys=21.83N)
[INFO] [1784800179.764066597] [mhe_node]: [post-event] m_est=2.221 kg (T_phys=21.85N)
[INFO] [1784800179.864185925] [mhe_node]: [post-event] m_est=2.223 kg (T_phys=21.88N)
[INFO] [1784800179.963109963] [mhe_node]: [post-event] m_est=2.225 kg (T_phys=21.93N)
[INFO] [1784800180.065419075] [mhe_node]: [post-event] m_est=2.227 kg (T_phys=21.98N)
[INFO] [1784800180.162432894] [mhe_node]: [post-event] m_est=2.229 kg (T_phys=22.01N)
[INFO] [1784800180.262693128] [mhe_node]: [post-event] m_est=2.231 kg (T_phys=22.05N)
[INFO] [1784800180.363702427] [mhe_node]: [post-event] m_est=2.233 kg (T_phys=22.07N)
[INFO] [1784800180.457154558] [mhe_node]: [post-event] m_est=2.236 kg (T_phys=22.08N)
[INFO] [1784800180.561750084] [mhe_node]: [post-event] m_est=2.238 kg (T_phys=22.08N)
[INFO] [1784800180.647119229] [mhe_node]: [post-event] m_est=2.240 kg (T_phys=22.07N)
[INFO] [1784800180.961571516] [mhe_node]: MHE mass estimate: 2.246 kg (T_phys=22.12N)
[INFO] [1784800180.963869600] [mhe_node]: [tau_phys] roll=-0.340 pitch=+0.102 Nm | model pred: roll=-0.322 pitch=+0.067 (m_p=0.181 r=[-0.038,-0.181])
[INFO] [1784800180.965871589] [mhe_node]: [c_xy_est] cx=-0.0042 cy=-0.0137 m | truth c=[-0.0030,-0.0146] (m_p=0.181)
[INFO] [1784800182.956109483] [mhe_node]: MHE mass estimate: 2.257 kg (T_phys=22.12N)
[INFO] [1784800182.958410800] [mhe_node]: [tau_phys] roll=-0.346 pitch=+0.102 Nm | model pred: roll=-0.343 pitch=+0.071 (m_p=0.193 r=[-0.038,-0.181])
[INFO] [1784800182.960777940] [mhe_node]: [c_xy_est] cx=-0.0046 cy=-0.0152 m | truth c=[-0.0032,-0.0155] (m_p=0.193)
[INFO] [1784800184.955977076] [mhe_node]: MHE mass estimate: 2.260 kg (T_phys=22.17N)
[INFO] [1784800184.958280613] [mhe_node]: [tau_phys] roll=-0.352 pitch=+0.094 Nm | model pred: roll=-0.347 pitch=+0.072 (m_p=0.195 r=[-0.038,-0.181])
[INFO] [1784800184.960648009] [mhe_node]: [c_xy_est] cx=-0.0047 cy=-0.0156 m | truth c=[-0.0033,-0.0156] (m_p=0.195)
[INFO] [1784800186.954329917] [mhe_node]: MHE mass estimate: 2.260 kg (T_phys=22.16N)
[INFO] [1784800186.956516854] [mhe_node]: [tau_phys] roll=-0.348 pitch=+0.104 Nm | model pred: roll=-0.348 pitch=+0.072 (m_p=0.196 r=[-0.038,-0.181])
[INFO] [1784800186.958610747] [mhe_node]: [c_xy_est] cx=-0.0046 cy=-0.0159 m | truth c=[-0.0033,-0.0157] (m_p=0.196)
[INFO] [1784800188.954210954] [mhe_node]: MHE mass estimate: 2.259 kg (T_phys=22.15N)
[INFO] [1784800188.956547069] [mhe_node]: [tau_phys] roll=-0.349 pitch=+0.102 Nm | model pred: roll=-0.346 pitch=+0.072 (m_p=0.195 r=[-0.038,-0.181])
[INFO] [1784800188.958923166] [mhe_node]: [c_xy_est] cx=-0.0049 cy=-0.0159 m | truth c=[-0.0032,-0.0156] (m_p=0.195)
[ros2run]: Killed
