[INFO] [1789383761.458210424] [mhe_node]: MHE node starting, building/loading solver... (geom_coupled=True, N=20, m_min=1.961, m_B=2.0643)
Code reuse possible, skipping code generation.
acados was compiled without OpenMP.
[INFO] [1789383761.465107726] [mhe_node]: [prior] geom_coupled=True → 载荷质量信息**完全不生效**(grip_payload_envelope=0.3 是死代码:coupled 档下 _payload_geometry 根本不被调用);模型只吃可测杆臂 r_p + 被估质量,m 的先验仅有 Q0 质量维=0.1 (σ=3.16kg,实质无先验)
[WARN] [1789383761.465586743] [mhe_node]: geom_release_mode='self':估计器不被告知 drop。⚠️ 2026-08-24 实测,**NMPC 侧也设成 'self' 会必然坠机**——drop 后控制器继续按幽灵偏心载荷配平,指令 0.424N·m(tau_max 的 85%)作用在空机 J_xx=0.0142 上 = 29.8 rad/s²,而 MHE 10Hz/2s 窗口要 1~2s 才纠得过来,飞机先翻。**正确组合 = MHE 'self' + NMPC 'event'**(控制器是发释放指令的一方,它知道不构成认知作弊)。
[INFO] [1789383761.467505967] [mhe_node]: [moment-ref] 物理上限由平台包线派生: 0.0390 kg·m = 0.30kg x 0.13m
[INFO] [1789383761.468207516] [mhe_node]: [c_xy_est] 质量域卸载判据已开:先武装(m_p>0.090kg),再判 m_p<0.03kg 持续 20 帧 -> 释放偏心估计
[INFO] [1789383761.468863382] [mhe_node]: [c_xy] 来源 = 一阶质量矩 s/m_T(窗口内估计,**无稳态门控**),替代窗外 EMA —— 机动中也会更新
[INFO] [1789383761.469975141] [mhe_node]: weight schedule theta = [-4.00, 0.00, 0.00, 0.00], signal mode = residual (residual self-trigger: thresh=4.4N persist=2 baseline_tau=3.0s)
[INFO] [1789383761.473542694] [mhe_node]: [release-selfcheck] READY: c_xy_est_enable=1, moment-state ns=2, ratio=0.30; legacy_mass=1, watchdog=3.0s
[INFO] [1789383761.474399220] [mhe_node]: MHE node initialized! tau_source=command (roll/pitch NMPC意图值, yaw NMPC意图值), motor_window_avg=False, geom_release_mode=self. Waiting for odometry + control data...
[INFO] [1789383783.774133388] [mhe_node]: arrival prior seeded: m=2.064 kg (m_nominal prior)
[INFO] [1789383783.774623784] [mhe_node]: [geom] model_geom_on=True (release_mode=self, truth_attached=False) mode=coupled(r_p) -> geom=[ 0.    0.   -0.47] dJ=0.0000 c_xy=[+0.0000,+0.0000] (dJ/c 为按当前 m_est 折算的诊断当量,模型内部随 m 实时生成)
[INFO] [1789383785.687533167] [mhe_node]: MHE mass estimate: 2.043 kg (T_phys=20.10N) | solve=5.2ms (max16.8)
[INFO] [1789383785.688077176] [mhe_node]: [truth] m_hat=2.0426 m_true=2.0643 err=-1.05% | c_hat=[+0.0000,+0.0000] c_true=[+0.0000,+0.0000] | Jxx_hat=0.01420 Jxx_true=0.01420 Jyz_hat=+0.00000 Jyz_true=+0.00000 | s_hat=[-0.0021,-0.0001] s_true=[+0.0000,+0.0000] kg·m
[INFO] [1789383785.688594445] [mhe_node]: [tau_phys] roll=+0.004 pitch=-0.019 Nm
[INFO] [1789383785.689189682] [mhe_node]: [mass-diag] m_est=2.0426 T=20.105N tilt=7.00deg cos=0.99255 | T/g=2.0494 T*cos/g=2.0341 | m_est-T*cos/g=+0.0085kg (+0.42%) vz=+0.083
[INFO] [1789383785.689766934] [mhe_node]: [c_xy_est] cx=-0.0009 cy=-0.0001 m
[INFO] [1789383787.678250794] [mhe_node]: MHE mass estimate: 2.060 kg (T_phys=20.72N) | solve=8.0ms (max14.6)
[INFO] [1789383787.678656004] [mhe_node]: [truth] m_hat=2.0597 m_true=2.0643 err=-0.22% | c_hat=[+0.0000,+0.0000] c_true=[+0.0000,+0.0000] | Jxx_hat=0.01420 Jxx_true=0.01420 Jyz_hat=+0.00000 Jyz_true=+0.00000 | s_hat=[-0.0009,+0.0001] s_true=[+0.0000,+0.0000] kg·m
[INFO] [1789383787.679016630] [mhe_node]: [tau_phys] roll=+0.002 pitch=-0.005 Nm
[INFO] [1789383787.679438183] [mhe_node]: [mass-diag] m_est=2.0597 T=20.722N tilt=2.21deg cos=0.99925 | T/g=2.1124 T*cos/g=2.1108 | m_est-T*cos/g=-0.0511kg (-2.42%) vz=+0.046
[INFO] [1789383787.679844779] [mhe_node]: [c_xy_est] cx=-0.0005 cy=+0.0001 m
[INFO] [1789383789.679677855] [mhe_node]: MHE mass estimate: 2.058 kg (T_phys=20.19N) | solve=5.2ms (max6.7)
[INFO] [1789383789.680213216] [mhe_node]: [truth] m_hat=2.0577 m_true=2.0643 err=-0.32% | c_hat=[+0.0000,+0.0000] c_true=[+0.0000,+0.0000] | Jxx_hat=0.01420 Jxx_true=0.01420 Jyz_hat=+0.00000 Jyz_true=+0.00000 | s_hat=[+0.0000,-0.0001] s_true=[+0.0000,+0.0000] kg·m
[INFO] [1789383789.680729167] [mhe_node]: [tau_phys] roll=-0.001 pitch=-0.005 Nm
[INFO] [1789383789.681306670] [mhe_node]: [mass-diag] m_est=2.0577 T=20.191N tilt=0.14deg cos=1.00000 | T/g=2.0582 T*cos/g=2.0582 | m_est-T*cos/g=-0.0005kg (-0.03%) vz=-0.031
[INFO] [1789383789.681879364] [mhe_node]: [c_xy_est] cx=-0.0000 cy=-0.0001 m
[INFO] [1789383791.374062472] [mhe_node]: [release-resid] STRONG 票: ΔT=-1.04N x4帧 (floor 0.9N)
[INFO] [1789383791.679732700] [mhe_node]: MHE mass estimate: 2.041 kg (T_phys=18.53N) | solve=4.7ms (max11.6)
[INFO] [1789383791.680269993] [mhe_node]: [truth] m_hat=2.0409 m_true=2.0643 err=-1.13% | c_hat=[+0.0000,+0.0000] c_true=[+0.0000,+0.0000] | Jxx_hat=0.01420 Jxx_true=0.01420 Jyz_hat=+0.00000 Jyz_true=+0.00000 | s_hat=[+0.0001,-0.0000] s_true=[+0.0000,+0.0000] kg·m
[INFO] [1789383791.680777805] [mhe_node]: [tau_phys] roll=+0.003 pitch=+0.003 Nm
[INFO] [1789383791.681356059] [mhe_node]: [mass-diag] m_est=2.0409 T=18.531N tilt=0.19deg cos=0.99999 | T/g=1.8890 T*cos/g=1.8890 | m_est-T*cos/g=+0.1519kg (+8.04%) vz=-0.576
[INFO] [1789383791.681925654] [mhe_node]: [c_xy_est] cx=+0.0001 cy=-0.0000 m
[INFO] [1789383793.679555378] [mhe_node]: MHE mass estimate: 2.059 kg (T_phys=20.20N) | solve=5.1ms (max9.3)
[INFO] [1789383793.680094066] [mhe_node]: [truth] m_hat=2.0593 m_true=2.0643 err=-0.24% | c_hat=[+0.0000,+0.0000] c_true=[+0.0000,+0.0000] | Jxx_hat=0.01420 Jxx_true=0.01420 Jyz_hat=+0.00000 Jyz_true=+0.00000 | s_hat=[+0.0000,-0.0000] s_true=[+0.0000,+0.0000] kg·m
[INFO] [1789383793.680611426] [mhe_node]: [tau_phys] roll=+0.002 pitch=-0.001 Nm
[INFO] [1789383793.681198824] [mhe_node]: [mass-diag] m_est=2.0593 T=20.198N tilt=0.15deg cos=1.00000 | T/g=2.0590 T*cos/g=2.0589 | m_est-T*cos/g=+0.0004kg (+0.02%) vz=-0.049
[INFO] [1789383793.681773416] [mhe_node]: [c_xy_est] cx=+0.0000 cy=+0.0000 m
[INFO] [1789383795.708472233] [mhe_node]: MHE mass estimate: 1.961 kg (T_phys=19.22N) | solve=10.4ms (max33.3)
[INFO] [1789383795.709015463] [mhe_node]: [truth] m_hat=1.9611 m_true=2.0643 err=-5.00% | c_hat=[+0.0000,+0.0000] c_true=[+0.0000,+0.0000] | Jxx_hat=0.01420 Jxx_true=0.01420 Jyz_hat=+0.00000 Jyz_true=+0.00000 | s_hat=[-0.0071,+0.0013] s_true=[+0.0000,+0.0000] kg·m
[INFO] [1789383795.709530730] [mhe_node]: [tau_phys] roll=-0.044 pitch=+0.416 Nm
[INFO] [1789383795.710119486] [mhe_node]: [mass-diag] m_est=1.9611 T=19.223N tilt=0.24deg cos=0.99999 | T/g=1.9595 T*cos/g=1.9595 | m_est-T*cos/g=+0.0016kg (+0.08%) vz=-0.014
[INFO] [1789383795.710690040] [mhe_node]: [c_xy_est] cx=-0.0027 cy=+0.0007 m
[WARN] [1789383796.135749161] [mhe_node]: MHE solve failed [status=2], skipping this window (streak 1)
[WARN] [1789383796.744100433] [mhe_node]: MHE solve failed [status=2], skipping this window (streak 1)
[WARN] [1789383796.947300370] [mhe_node]: MHE solve failed [status=2], skipping this window (streak 1)
[WARN] [1789383797.047026134] [mhe_node]: MHE solve failed [status=2], skipping this window (streak 2)
[WARN] [1789383797.147580545] [mhe_node]: MHE solve failed [status=2], skipping this window (streak 3)
[WARN] [1789383797.246656923] [mhe_node]: MHE solve failed [status=2], skipping this window (streak 4)
[WARN] [1789383797.346638528] [mhe_node]: MHE solve failed [status=2], skipping this window (streak 5)
[WARN] [1789383797.346958373] [mhe_node]: re-anchored arrival prior to current window after 5 consecutive failures (m seeded from thrust_phys: 1.961 -> 1.961 kg)
[WARN] [1789383797.448498943] [mhe_node]: MHE solve failed [status=2], skipping this window (streak 1)
[WARN] [1789383797.550565899] [mhe_node]: MHE solve failed [status=2], skipping this window (streak 2)
[WARN] [1789383797.650267688] [mhe_node]: MHE solve failed [status=2], skipping this window (streak 3)
[WARN] [1789383797.752046133] [mhe_node]: MHE solve failed [status=2], skipping this window (streak 4)
[WARN] [1789383797.852577140] [mhe_node]: MHE solve failed [status=2], skipping this window (streak 5)
[WARN] [1789383797.852911538] [mhe_node]: re-anchored arrival prior to current window after 5 consecutive failures (m seeded from thrust_phys: 1.961 -> 1.961 kg)
[WARN] [1789383797.950008890] [mhe_node]: MHE solve failed [status=2], skipping this window (streak 1)
[WARN] [1789383798.048889362] [mhe_node]: MHE solve failed [status=2], skipping this window (streak 2)
[WARN] [1789383798.165658449] [mhe_node]: MHE solve failed [status=2], skipping this window (streak 3)
[WARN] [1789383798.252408606] [mhe_node]: MHE solve failed [status=2], skipping this window (streak 4)
[WARN] [1789383798.349433482] [mhe_node]: MHE solve failed [status=2], skipping this window (streak 5)
[WARN] [1789383798.349747974] [mhe_node]: re-anchored arrival prior to current window after 5 consecutive failures (m seeded from thrust_phys: 1.961 -> 1.961 kg)
[WARN] [1789383798.454258198] [mhe_node]: MHE solve failed [status=2], skipping this window (streak 1)
[WARN] [1789383798.554965067] [mhe_node]: MHE solve failed [status=2], skipping this window (streak 2)
[WARN] [1789383798.653718837] [mhe_node]: MHE solve failed [status=2], skipping this window (streak 3)
[WARN] [1789383798.763092526] [mhe_node]: MHE solve failed [status=2], skipping this window (streak 4)
[WARN] [1789383798.852406091] [mhe_node]: MHE solve failed [status=2], skipping this window (streak 5)
[WARN] [1789383798.852722976] [mhe_node]: re-anchored arrival prior to current window after 5 consecutive failures (m seeded from thrust_phys: 1.961 -> 1.961 kg)
[WARN] [1789383798.949685842] [mhe_node]: MHE solve failed [status=2], skipping this window (streak 1)
[WARN] [1789383799.048895894] [mhe_node]: MHE solve failed [status=2], skipping this window (streak 2)
[WARN] [1789383799.148720058] [mhe_node]: MHE solve failed [status=2], skipping this window (streak 3)
[WARN] [1789383799.345516551] [mhe_node]: MHE solve failed [status=2], skipping this window (streak 1)
[WARN] [1789383799.444686623] [mhe_node]: MHE solve failed [status=2], skipping this window (streak 2)
[WARN] [1789383799.545227308] [mhe_node]: MHE solve failed [status=2], skipping this window (streak 3)
[WARN] [1789383799.649437320] [mhe_node]: MHE solve failed [status=2], skipping this window (streak 4)
[WARN] [1789383799.746540234] [mhe_node]: MHE solve failed [status=2], skipping this window (streak 5)
[WARN] [1789383799.746855798] [mhe_node]: re-anchored arrival prior to current window after 5 consecutive failures (m seeded from thrust_phys: 1.961 -> 1.961 kg)
[WARN] [1789383799.848216670] [mhe_node]: MHE solve failed [status=2], skipping this window (streak 1)
[WARN] [1789383799.947611755] [mhe_node]: MHE solve failed [status=2], skipping this window (streak 2)
[WARN] [1789383800.048995759] [mhe_node]: MHE solve failed [status=2], skipping this window (streak 3)
[WARN] [1789383800.149187240] [mhe_node]: MHE solve failed [status=2], skipping this window (streak 4)
[WARN] [1789383800.249616901] [mhe_node]: MHE solve failed [status=2], skipping this window (streak 5)
[WARN] [1789383800.249940692] [mhe_node]: re-anchored arrival prior to current window after 5 consecutive failures (m seeded from thrust_phys: 1.961 -> 1.961 kg)
[WARN] [1789383800.350971126] [mhe_node]: MHE solve failed [status=2], skipping this window (streak 1)
[WARN] [1789383800.646691886] [mhe_node]: MHE solve failed [status=2], skipping this window (streak 1)
[WARN] [1789383800.749484090] [mhe_node]: MHE solve failed [status=2], skipping this window (streak 2)
[WARN] [1789383800.849827879] [mhe_node]: MHE solve failed [status=2], skipping this window (streak 3)
[WARN] [1789383801.250262037] [mhe_node]: MHE solve failed [status=2], skipping this window (streak 1)
[WARN] [1789383801.349913926] [mhe_node]: MHE solve failed [status=2], skipping this window (streak 2)
[WARN] [1789383801.448719457] [mhe_node]: MHE solve failed [status=2], skipping this window (streak 3)
[WARN] [1789383801.548901211] [mhe_node]: MHE solve failed [status=2], skipping this window (streak 4)
[WARN] [1789383801.649037702] [mhe_node]: MHE solve failed [status=2], skipping this window (streak 5)
[WARN] [1789383801.649366741] [mhe_node]: re-anchored arrival prior to current window after 5 consecutive failures (m seeded from thrust_phys: 1.961 -> 1.961 kg)
[INFO] [1789383801.673944273] [mhe_node]: [release-resid] STRONG 票: ΔT=-12.09N x4帧 (floor 0.9N)
[WARN] [1789383801.749386794] [mhe_node]: MHE solve failed [status=2], skipping this window (streak 1)
[WARN] [1789383801.849038869] [mhe_node]: MHE solve failed [status=2], skipping this window (streak 2)
[WARN] [1789383801.949029265] [mhe_node]: MHE solve failed [status=2], skipping this window (streak 3)
[WARN] [1789383802.047237780] [mhe_node]: MHE solve failed [status=2], skipping this window (streak 4)
[WARN] [1789383802.149596051] [mhe_node]: MHE solve failed [status=2], skipping this window (streak 5)
[WARN] [1789383802.149946020] [mhe_node]: re-anchored arrival prior to current window after 5 consecutive failures (m seeded from thrust_phys: 1.961 -> 1.961 kg)
[WARN] [1789383802.249599672] [mhe_node]: MHE solve failed [status=2], skipping this window (streak 1)
[WARN] [1789383802.350834272] [mhe_node]: MHE solve failed [status=2], skipping this window (streak 2)
[WARN] [1789383802.450489975] [mhe_node]: MHE solve failed [status=2], skipping this window (streak 3)
[WARN] [1789383802.551126525] [mhe_node]: MHE solve failed [status=2], skipping this window (streak 4)
[WARN] [1789383802.651436130] [mhe_node]: MHE solve failed [status=2], skipping this window (streak 5)
[WARN] [1789383802.651753540] [mhe_node]: re-anchored arrival prior to current window after 5 consecutive failures (m seeded from thrust_phys: 1.961 -> 1.961 kg)
[WARN] [1789383802.747830881] [mhe_node]: MHE solve failed [status=2], skipping this window (streak 1)
[WARN] [1789383802.848333647] [mhe_node]: MHE solve failed [status=2], skipping this window (streak 2)
[WARN] [1789383802.947652000] [mhe_node]: MHE solve failed [status=2], skipping this window (streak 3)
[WARN] [1789383803.049168209] [mhe_node]: MHE solve failed [status=2], skipping this window (streak 4)
[WARN] [1789383803.149126209] [mhe_node]: MHE solve failed [status=2], skipping this window (streak 5)
[WARN] [1789383803.149449448] [mhe_node]: re-anchored arrival prior to current window after 5 consecutive failures (m seeded from thrust_phys: 1.961 -> 1.961 kg)
[WARN] [1789383803.249740052] [mhe_node]: MHE solve failed [status=2], skipping this window (streak 1)
[WARN] [1789383803.348515085] [mhe_node]: MHE solve failed [status=2], skipping this window (streak 2)
[WARN] [1789383803.448638960] [mhe_node]: MHE solve failed [status=2], skipping this window (streak 3)
[WARN] [1789383803.548612266] [mhe_node]: MHE solve failed [status=2], skipping this window (streak 4)
[WARN] [1789383803.649794201] [mhe_node]: MHE solve failed [status=2], skipping this window (streak 5)
[WARN] [1789383803.650123249] [mhe_node]: re-anchored arrival prior to current window after 5 consecutive failures (m seeded from thrust_phys: 1.961 -> 1.961 kg)
[WARN] [1789383803.748557161] [mhe_node]: MHE solve failed [status=2], skipping this window (streak 1)
[WARN] [1789383803.848762816] [mhe_node]: MHE solve failed [status=2], skipping this window (streak 2)
[WARN] [1789383803.947907442] [mhe_node]: MHE solve failed [status=2], skipping this window (streak 3)
[WARN] [1789383804.049024018] [mhe_node]: MHE solve failed [status=2], skipping this window (streak 4)
[WARN] [1789383804.152623284] [mhe_node]: MHE solve failed [status=2], skipping this window (streak 5)
[WARN] [1789383804.152942895] [mhe_node]: re-anchored arrival prior to current window after 5 consecutive failures (m seeded from thrust_phys: 1.961 -> 1.961 kg)
[WARN] [1789383804.248934144] [mhe_node]: MHE solve failed [status=2], skipping this window (streak 1)
[WARN] [1789383804.347466454] [mhe_node]: MHE solve failed [status=2], skipping this window (streak 2)
[WARN] [1789383804.373820600] [mhe_node]: [payload-health] input stream stale; MHE window cleared, publishing held estimate as unhealthy
[WARN] [1789383805.173900412] [mhe_node]: [payload-health] input stream stale; MHE window cleared, publishing held estimate as unhealthy
[INFO] [1789383886.874098999] [mhe_node]: [release-resid] STRONG 票: ΔT=-4.47N x4帧 (floor 0.9N)
[INFO] [1789383887.574279040] [mhe_node]: arrival prior seeded: m=2.064 kg (m_nominal prior)
[INFO] [1789383887.984512843] [mhe_node]: MHE mass estimate: 2.001 kg (T_phys=18.91N) | solve=59.4ms (max78.3)
[INFO] [1789383887.985055804] [mhe_node]: [truth] m_hat=2.0008 m_true=2.0643 err=-3.08% | c_hat=[+0.0000,+0.0000] c_true=[+0.0000,+0.0000] | Jxx_hat=0.01420 Jxx_true=0.01420 Jyz_hat=+0.00000 Jyz_true=+0.00000 | s_hat=[+0.0004,-0.0021] s_true=[+0.0000,+0.0000] kg·m
[INFO] [1789383887.985569683] [mhe_node]: [tau_phys] roll=-0.010 pitch=-0.002 Nm
[INFO] [1789383887.986153247] [mhe_node]: [mass-diag] m_est=2.0008 T=18.913N tilt=2.89deg cos=0.99873 | T/g=1.9279 T*cos/g=1.9255 | m_est-T*cos/g=+0.0753kg (+3.91%) vz=+0.673
[INFO] [1789383887.986722794] [mhe_node]: [c_xy_est] cx=+0.0001 cy=-0.0012 m
[INFO] [1789383889.980590312] [mhe_node]: MHE mass estimate: 2.064 kg (T_phys=20.00N) | solve=6.5ms (max16.6)
[INFO] [1789383889.981137087] [mhe_node]: [truth] m_hat=2.0641 m_true=2.0643 err=-0.01% | c_hat=[+0.0000,+0.0000] c_true=[+0.0000,+0.0000] | Jxx_hat=0.01420 Jxx_true=0.01420 Jyz_hat=+0.00000 Jyz_true=+0.00000 | s_hat=[+0.0000,-0.0004] s_true=[+0.0000,+0.0000] kg·m
[INFO] [1789383889.981644130] [mhe_node]: [tau_phys] roll=+0.000 pitch=+0.000 Nm
[INFO] [1789383889.982237083] [mhe_node]: [mass-diag] m_est=2.0641 T=19.996N tilt=0.60deg cos=0.99995 | T/g=2.0383 T*cos/g=2.0382 | m_est-T*cos/g=+0.0259kg (+1.27%) vz=+0.123
[INFO] [1789383889.982819687] [mhe_node]: [c_xy_est] cx=+0.0000 cy=-0.0002 m
[INFO] [1789383891.980927970] [mhe_node]: MHE mass estimate: 2.039 kg (T_phys=20.25N) | solve=5.8ms (max9.2)
[INFO] [1789383891.981473636] [mhe_node]: [truth] m_hat=2.0389 m_true=2.0643 err=-1.23% | c_hat=[+0.0000,+0.0000] c_true=[+0.0000,+0.0000] | Jxx_hat=0.01420 Jxx_true=0.01420 Jyz_hat=+0.00000 Jyz_true=+0.00000 | s_hat=[+0.0000,-0.0002] s_true=[+0.0000,+0.0000] kg·m
[INFO] [1789383891.981984691] [mhe_node]: [tau_phys] roll=-0.017 pitch=+0.006 Nm
[INFO] [1789383891.982571194] [mhe_node]: [mass-diag] m_est=2.0389 T=20.247N tilt=3.87deg cos=0.99772 | T/g=2.0639 T*cos/g=2.0592 | m_est-T*cos/g=-0.0203kg (-0.99%) vz=-0.009
[INFO] [1789383891.983144464] [mhe_node]: [c_xy_est] cx=-0.0000 cy=-0.0001 m
[INFO] [1789383892.174327507] [mhe_node]: [c_xy-clamp] 越界剔除 0/300 (0.0%) 上限 0.0390 kg·m clamp=1
[INFO] [1789383893.980852947] [mhe_node]: MHE mass estimate: 2.059 kg (T_phys=20.11N) | solve=5.7ms (max9.3)
[INFO] [1789383893.981407831] [mhe_node]: [truth] m_hat=2.0592 m_true=2.0643 err=-0.25% | c_hat=[+0.0000,+0.0000] c_true=[+0.0000,+0.0000] | Jxx_hat=0.01420 Jxx_true=0.01420 Jyz_hat=+0.00000 Jyz_true=+0.00000 | s_hat=[-0.0002,+0.0003] s_true=[+0.0000,+0.0000] kg·m
[INFO] [1789383893.981929978] [mhe_node]: [tau_phys] roll=+0.001 pitch=-0.002 Nm
[INFO] [1789383893.982533128] [mhe_node]: [mass-diag] m_est=2.0592 T=20.114N tilt=0.25deg cos=0.99999 | T/g=2.0504 T*cos/g=2.0504 | m_est-T*cos/g=+0.0089kg (+0.43%) vz=-0.023
[INFO] [1789383893.983103054] [mhe_node]: [c_xy_est] cx=-0.0001 cy=+0.0002 m
[INFO] [1789383895.978658836] [mhe_node]: MHE mass estimate: 2.061 kg (T_phys=20.23N) | solve=4.2ms (max6.7)
[INFO] [1789383895.979202697] [mhe_node]: [truth] m_hat=2.0613 m_true=2.0643 err=-0.15% | c_hat=[+0.0000,+0.0000] c_true=[+0.0000,+0.0000] | Jxx_hat=0.01420 Jxx_true=0.01420 Jyz_hat=+0.00000 Jyz_true=+0.00000 | s_hat=[+0.0003,+0.0002] s_true=[+0.0000,+0.0000] kg·m
[INFO] [1789383895.979713917] [mhe_node]: [tau_phys] roll=+0.001 pitch=+0.003 Nm
[INFO] [1789383895.980295169] [mhe_node]: [mass-diag] m_est=2.0613 T=20.231N tilt=0.46deg cos=0.99997 | T/g=2.0623 T*cos/g=2.0622 | m_est-T*cos/g=-0.0009kg (-0.04%) vz=-0.016
[INFO] [1789383895.980864334] [mhe_node]: [c_xy_est] cx=+0.0001 cy=+0.0001 m
[INFO] [1789383897.978715764] [mhe_node]: MHE mass estimate: 2.060 kg (T_phys=20.23N) | solve=3.9ms (max6.9)
[INFO] [1789383897.979264790] [mhe_node]: [truth] m_hat=2.0603 m_true=2.0643 err=-0.19% | c_hat=[+0.0000,+0.0000] c_true=[+0.0000,+0.0000] | Jxx_hat=0.01420 Jxx_true=0.01420 Jyz_hat=+0.00000 Jyz_true=+0.00000 | s_hat=[-0.0002,+0.0002] s_true=[+0.0000,+0.0000] kg·m
[INFO] [1789383897.979783381] [mhe_node]: [tau_phys] roll=+0.002 pitch=+0.003 Nm
[INFO] [1789383897.980374286] [mhe_node]: [mass-diag] m_est=2.0603 T=20.233N tilt=0.32deg cos=0.99998 | T/g=2.0625 T*cos/g=2.0624 | m_est-T*cos/g=-0.0022kg (-0.10%) vz=-0.017
[INFO] [1789383897.980942101] [mhe_node]: [c_xy_est] cx=-0.0001 cy=+0.0001 m
[INFO] [1789383899.978620109] [mhe_node]: MHE mass estimate: 2.064 kg (T_phys=20.23N) | solve=3.6ms (max3.8)
[INFO] [1789383899.979296648] [mhe_node]: [truth] m_hat=2.0640 m_true=2.0643 err=-0.02% | c_hat=[+0.0000,+0.0000] c_true=[+0.0000,+0.0000] | Jxx_hat=0.01420 Jxx_true=0.01420 Jyz_hat=+0.00000 Jyz_true=+0.00000 | s_hat=[-0.0002,+0.0000] s_true=[+0.0000,+0.0000] kg·m
[INFO] [1789383899.979806307] [mhe_node]: [tau_phys] roll=-0.002 pitch=+0.002 Nm
[INFO] [1789383899.980387078] [mhe_node]: [mass-diag] m_est=2.0640 T=20.226N tilt=0.13deg cos=1.00000 | T/g=2.0617 T*cos/g=2.0617 | m_est-T*cos/g=+0.0022kg (+0.11%) vz=+0.005
[INFO] [1789383899.980954990] [mhe_node]: [c_xy_est] cx=-0.0001 cy=+0.0000 m
[INFO] [1789383901.978635891] [mhe_node]: MHE mass estimate: 2.061 kg (T_phys=20.24N) | solve=3.5ms (max3.7)
[INFO] [1789383901.979168963] [mhe_node]: [truth] m_hat=2.0607 m_true=2.0643 err=-0.18% | c_hat=[+0.0000,+0.0000] c_true=[+0.0000,+0.0000] | Jxx_hat=0.01420 Jxx_true=0.01420 Jyz_hat=+0.00000 Jyz_true=+0.00000 | s_hat=[-0.0000,+0.0001] s_true=[+0.0000,+0.0000] kg·m
[INFO] [1789383901.979679195] [mhe_node]: [tau_phys] roll=-0.001 pitch=+0.005 Nm
[INFO] [1789383901.980269496] [mhe_node]: [mass-diag] m_est=2.0607 T=20.237N tilt=0.23deg cos=0.99999 | T/g=2.0629 T*cos/g=2.0629 | m_est-T*cos/g=-0.0023kg (-0.11%) vz=-0.012
[INFO] [1789383901.980843052] [mhe_node]: [c_xy_est] cx=-0.0000 cy=+0.0000 m
[INFO] [1789383903.977235566] [mhe_node]: MHE mass estimate: 2.061 kg (T_phys=20.23N) | solve=3.2ms (max3.7)
[INFO] [1789383903.977640489] [mhe_node]: [truth] m_hat=2.0608 m_true=2.0643 err=-0.17% | c_hat=[+0.0000,+0.0000] c_true=[+0.0000,+0.0000] | Jxx_hat=0.01420 Jxx_true=0.01420 Jyz_hat=+0.00000 Jyz_true=+0.00000 | s_hat=[-0.0000,+0.0001] s_true=[+0.0000,+0.0000] kg·m
[INFO] [1789383903.978004190] [mhe_node]: [tau_phys] roll=+0.004 pitch=-0.001 Nm
[INFO] [1789383903.978428514] [mhe_node]: [mass-diag] m_est=2.0608 T=20.231N tilt=0.17deg cos=1.00000 | T/g=2.0623 T*cos/g=2.0623 | m_est-T*cos/g=-0.0015kg (-0.07%) vz=-0.017
[INFO] [1789383903.978832994] [mhe_node]: [c_xy_est] cx=-0.0000 cy=+0.0000 m
[INFO] [1789383905.978492171] [mhe_node]: MHE mass estimate: 2.061 kg (T_phys=20.28N) | solve=3.5ms (max5.3)
[INFO] [1789383905.979027896] [mhe_node]: [truth] m_hat=2.0614 m_true=2.0643 err=-0.14% | c_hat=[+0.0000,+0.0000] c_true=[+0.0000,+0.0000] | Jxx_hat=0.01420 Jxx_true=0.01420 Jyz_hat=+0.00000 Jyz_true=+0.00000 | s_hat=[-0.0001,+0.0001] s_true=[+0.0000,+0.0000] kg·m
[INFO] [1789383905.979539160] [mhe_node]: [tau_phys] roll=+0.001 pitch=-0.001 Nm
[INFO] [1789383905.980122566] [mhe_node]: [mass-diag] m_est=2.0614 T=20.275N tilt=0.23deg cos=0.99999 | T/g=2.0668 T*cos/g=2.0668 | m_est-T*cos/g=-0.0054kg (-0.26%) vz=-0.012
[INFO] [1789383905.980692385] [mhe_node]: [c_xy_est] cx=-0.0000 cy=+0.0001 m
[INFO] [1789383907.978581647] [mhe_node]: MHE mass estimate: 2.061 kg (T_phys=20.29N) | solve=4.0ms (max7.5)
[INFO] [1789383907.979121732] [mhe_node]: [truth] m_hat=2.0612 m_true=2.0643 err=-0.15% | c_hat=[+0.0000,+0.0000] c_true=[+0.0000,+0.0000] | Jxx_hat=0.01420 Jxx_true=0.01420 Jyz_hat=+0.00000 Jyz_true=+0.00000 | s_hat=[-0.0001,+0.0000] s_true=[+0.0000,+0.0000] kg·m
[INFO] [1789383907.979633375] [mhe_node]: [tau_phys] roll=+0.002 pitch=+0.002 Nm
[INFO] [1789383907.980215514] [mhe_node]: [mass-diag] m_est=2.0612 T=20.293N tilt=0.12deg cos=1.00000 | T/g=2.0686 T*cos/g=2.0686 | m_est-T*cos/g=-0.0074kg (-0.36%) vz=-0.012
[INFO] [1789383907.980793270] [mhe_node]: [c_xy_est] cx=-0.0001 cy=+0.0000 m
[INFO] [1789383909.978526774] [mhe_node]: MHE mass estimate: 2.062 kg (T_phys=20.31N) | solve=3.5ms (max3.7)
[INFO] [1789383909.979292738] [mhe_node]: [truth] m_hat=2.0621 m_true=2.0643 err=-0.11% | c_hat=[+0.0000,+0.0000] c_true=[+0.0000,+0.0000] | Jxx_hat=0.01420 Jxx_true=0.01420 Jyz_hat=+0.00000 Jyz_true=+0.00000 | s_hat=[-0.0001,+0.0001] s_true=[+0.0000,+0.0000] kg·m
[INFO] [1789383909.979810260] [mhe_node]: [tau_phys] roll=-0.000 pitch=-0.001 Nm
[INFO] [1789383909.980389993] [mhe_node]: [mass-diag] m_est=2.0621 T=20.305N tilt=0.08deg cos=1.00000 | T/g=2.0698 T*cos/g=2.0698 | m_est-T*cos/g=-0.0077kg (-0.37%) vz=-0.001
[INFO] [1789383909.980960173] [mhe_node]: [c_xy_est] cx=-0.0000 cy=+0.0000 m
[INFO] [1789383911.978626055] [mhe_node]: MHE mass estimate: 2.061 kg (T_phys=20.19N) | solve=3.5ms (max3.7)
[INFO] [1789383911.979177760] [mhe_node]: [truth] m_hat=2.0606 m_true=2.0643 err=-0.18% | c_hat=[+0.0000,+0.0000] c_true=[+0.0000,+0.0000] | Jxx_hat=0.01420 Jxx_true=0.01420 Jyz_hat=+0.00000 Jyz_true=+0.00000 | s_hat=[+0.0000,+0.0001] s_true=[+0.0000,+0.0000] kg·m
[INFO] [1789383911.979685383] [mhe_node]: [tau_phys] roll=+0.001 pitch=-0.001 Nm
[INFO] [1789383911.980267351] [mhe_node]: [mass-diag] m_est=2.0606 T=20.193N tilt=0.16deg cos=1.00000 | T/g=2.0584 T*cos/g=2.0584 | m_est-T*cos/g=+0.0022kg (+0.11%) vz=-0.010
[INFO] [1789383911.980838875] [mhe_node]: [c_xy_est] cx=+0.0000 cy=+0.0000 m
[ros2run]: Killed
