[INFO] [1789380821.198161911] [mhe_node]: MHE node starting, building/loading solver... (geom_coupled=True, N=20, m_min=1.961, m_B=2.0643)
Code reuse possible, skipping code generation.
acados was compiled without OpenMP.
[INFO] [1789380821.205283446] [mhe_node]: [prior] geom_coupled=True → 载荷质量信息**完全不生效**(grip_payload_envelope=0.3 是死代码:coupled 档下 _payload_geometry 根本不被调用);模型只吃可测杆臂 r_p + 被估质量,m 的先验仅有 Q0 质量维=0.1 (σ=3.16kg,实质无先验)
[WARN] [1789380821.205785220] [mhe_node]: geom_release_mode='self':估计器不被告知 drop。⚠️ 2026-08-24 实测,**NMPC 侧也设成 'self' 会必然坠机**——drop 后控制器继续按幽灵偏心载荷配平,指令 0.424N·m(tau_max 的 85%)作用在空机 J_xx=0.0142 上 = 29.8 rad/s²,而 MHE 10Hz/2s 窗口要 1~2s 才纠得过来,飞机先翻。**正确组合 = MHE 'self' + NMPC 'event'**(控制器是发释放指令的一方,它知道不构成认知作弊)。
[INFO] [1789380821.207733006] [mhe_node]: [moment-ref] 物理上限由平台包线派生: 0.0390 kg·m = 0.30kg x 0.13m
[INFO] [1789380821.208463271] [mhe_node]: [c_xy_est] 质量域卸载判据已开:先武装(m_p>0.090kg),再判 m_p<0.03kg 持续 20 帧 -> 释放偏心估计
[INFO] [1789380821.209127532] [mhe_node]: [c_xy] 来源 = 一阶质量矩 s/m_T(窗口内估计,**无稳态门控**),替代窗外 EMA —— 机动中也会更新
[INFO] [1789380821.210256471] [mhe_node]: weight schedule theta = [-4.00, 0.00, 0.00, 0.00], signal mode = residual (residual self-trigger: thresh=4.4N persist=2 baseline_tau=3.0s)
[INFO] [1789380821.213851468] [mhe_node]: [release-selfcheck] READY: c_xy_est_enable=1, moment-state ns=2, ratio=0.30; legacy_mass=1, watchdog=3.0s
[INFO] [1789380821.214728051] [mhe_node]: MHE node initialized! tau_source=command (roll/pitch NMPC意图值, yaw NMPC意图值), motor_window_avg=False, geom_release_mode=self. Waiting for odometry + control data...
[INFO] [1789380843.314499081] [mhe_node]: arrival prior seeded: m=2.064 kg (m_nominal prior)
[INFO] [1789380843.315022476] [mhe_node]: [geom] model_geom_on=True (release_mode=self, truth_attached=False) mode=coupled(r_p) -> geom=[ 0.    0.   -0.47] dJ=0.0000 c_xy=[+0.0000,+0.0000] (dJ/c 为按当前 m_est 折算的诊断当量,模型内部随 m 实时生成)
[INFO] [1789380845.224039753] [mhe_node]: MHE mass estimate: 2.049 kg (T_phys=20.06N) | solve=4.4ms (max9.8)
[INFO] [1789380845.224585565] [mhe_node]: [truth] m_hat=2.0487 m_true=2.0643 err=-0.76% | c_hat=[+0.0000,+0.0000] c_true=[+0.0000,+0.0000] | Jxx_hat=0.01420 Jxx_true=0.01420 Jyz_hat=+0.00000 Jyz_true=+0.00000 | s_hat=[-0.0018,-0.0001] s_true=[+0.0000,+0.0000] kg·m
[INFO] [1789380845.225093862] [mhe_node]: [tau_phys] roll=+0.007 pitch=-0.038 Nm
[INFO] [1789380845.225675961] [mhe_node]: [mass-diag] m_est=2.0487 T=20.059N tilt=6.80deg cos=0.99297 | T/g=2.0447 T*cos/g=2.0304 | m_est-T*cos/g=+0.0183kg (+0.90%) vz=+0.107
[INFO] [1789380845.226247981] [mhe_node]: [c_xy_est] cx=-0.0007 cy=-0.0000 m
[INFO] [1789380847.223355589] [mhe_node]: MHE mass estimate: 2.059 kg (T_phys=20.15N) | solve=9.7ms (max17.1)
[INFO] [1789380847.223903295] [mhe_node]: [truth] m_hat=2.0586 m_true=2.0643 err=-0.27% | c_hat=[+0.0000,+0.0000] c_true=[+0.0000,+0.0000] | Jxx_hat=0.01420 Jxx_true=0.01420 Jyz_hat=+0.00000 Jyz_true=+0.00000 | s_hat=[-0.0011,+0.0001] s_true=[+0.0000,+0.0000] kg·m
[INFO] [1789380847.224421421] [mhe_node]: [tau_phys] roll=+0.000 pitch=+0.013 Nm
[INFO] [1789380847.225007618] [mhe_node]: [mass-diag] m_est=2.0586 T=20.149N tilt=2.21deg cos=0.99926 | T/g=2.0539 T*cos/g=2.0524 | m_est-T*cos/g=+0.0062kg (+0.30%) vz=+0.027
[INFO] [1789380847.225584404] [mhe_node]: [c_xy_est] cx=-0.0005 cy=+0.0000 m
[INFO] [1789380849.224942143] [mhe_node]: MHE mass estimate: 2.062 kg (T_phys=20.24N) | solve=6.6ms (max14.8)
[INFO] [1789380849.225479490] [mhe_node]: [truth] m_hat=2.0617 m_true=2.0643 err=-0.12% | c_hat=[+0.0000,+0.0000] c_true=[+0.0000,+0.0000] | Jxx_hat=0.01420 Jxx_true=0.01420 Jyz_hat=+0.00000 Jyz_true=+0.00000 | s_hat=[+0.0003,+0.0000] s_true=[+0.0000,+0.0000] kg·m
[INFO] [1789380849.226016411] [mhe_node]: [tau_phys] roll=+0.000 pitch=-0.001 Nm
[INFO] [1789380849.226596269] [mhe_node]: [mass-diag] m_est=2.0617 T=20.244N tilt=0.22deg cos=0.99999 | T/g=2.0636 T*cos/g=2.0636 | m_est-T*cos/g=-0.0019kg (-0.09%) vz=+0.020
[INFO] [1789380849.227180547] [mhe_node]: [c_xy_est] cx=+0.0001 cy=+0.0000 m
[INFO] [1789380851.221246339] [mhe_node]: MHE mass estimate: 2.048 kg (T_phys=18.25N) | solve=4.8ms (max8.9)
[INFO] [1789380851.221779516] [mhe_node]: [truth] m_hat=2.0480 m_true=2.0643 err=-0.79% | c_hat=[+0.0000,+0.0000] c_true=[+0.0000,+0.0000] | Jxx_hat=0.01420 Jxx_true=0.01420 Jyz_hat=+0.00000 Jyz_true=+0.00000 | s_hat=[+0.0001,+0.0000] s_true=[+0.0000,+0.0000] kg·m
[INFO] [1789380851.222290917] [mhe_node]: [tau_phys] roll=-0.000 pitch=-0.000 Nm
[INFO] [1789380851.222860874] [mhe_node]: [mass-diag] m_est=2.0480 T=18.251N tilt=0.19deg cos=0.99999 | T/g=1.8604 T*cos/g=1.8604 | m_est-T*cos/g=+0.1876kg (+10.08%) vz=-0.493
[INFO] [1789380851.223434273] [mhe_node]: [c_xy_est] cx=+0.0000 cy=-0.0000 m
[INFO] [1789380853.218063216] [mhe_node]: MHE mass estimate: 2.059 kg (T_phys=20.27N) | solve=4.6ms (max7.1)
[INFO] [1789380853.218466265] [mhe_node]: [truth] m_hat=2.0587 m_true=2.0643 err=-0.27% | c_hat=[+0.0000,+0.0000] c_true=[+0.0000,+0.0000] | Jxx_hat=0.01420 Jxx_true=0.01420 Jyz_hat=+0.00000 Jyz_true=+0.00000 | s_hat=[+0.0001,+0.0000] s_true=[+0.0000,+0.0000] kg·m
[INFO] [1789380853.218840317] [mhe_node]: [tau_phys] roll=-0.002 pitch=-0.002 Nm
[INFO] [1789380853.219257753] [mhe_node]: [mass-diag] m_est=2.0587 T=20.274N tilt=0.17deg cos=1.00000 | T/g=2.0666 T*cos/g=2.0666 | m_est-T*cos/g=-0.0079kg (-0.38%) vz=-0.049
[INFO] [1789380853.219663800] [mhe_node]: [c_xy_est] cx=+0.0000 cy=+0.0000 m
[INFO] [1789380855.249293302] [mhe_node]: MHE mass estimate: 1.961 kg (T_phys=19.03N) | solve=17.0ms (max34.3)
[INFO] [1789380855.249819765] [mhe_node]: [truth] m_hat=1.9611 m_true=2.0643 err=-5.00% | c_hat=[+0.0000,+0.0000] c_true=[+0.0000,+0.0000] | Jxx_hat=0.01420 Jxx_true=0.01420 Jyz_hat=+0.00000 Jyz_true=+0.00000 | s_hat=[+0.0130,-0.0069] s_true=[+0.0000,+0.0000] kg·m
[INFO] [1789380855.250333598] [mhe_node]: [tau_phys] roll=-0.218 pitch=-0.196 Nm
[INFO] [1789380855.250906988] [mhe_node]: [mass-diag] m_est=1.9611 T=19.032N tilt=0.25deg cos=0.99999 | T/g=1.9401 T*cos/g=1.9401 | m_est-T*cos/g=+0.0210kg (+1.08%) vz=+0.000
[INFO] [1789380855.251477806] [mhe_node]: [c_xy_est] cx=+0.0061 cy=-0.0029 m
[WARN] [1789380855.975834736] [mhe_node]: MHE solve failed [status=2], skipping this window (streak 1)
[WARN] [1789380856.282659152] [mhe_node]: MHE solve failed [status=2], skipping this window (streak 1)
[WARN] [1789380856.379331052] [mhe_node]: MHE solve failed [status=2], skipping this window (streak 2)
[WARN] [1789380856.484618120] [mhe_node]: MHE solve failed [status=2], skipping this window (streak 3)
[WARN] [1789380856.585842976] [mhe_node]: MHE solve failed [status=2], skipping this window (streak 4)
[WARN] [1789380856.683764924] [mhe_node]: MHE solve failed [status=2], skipping this window (streak 5)
[WARN] [1789380856.684105366] [mhe_node]: re-anchored arrival prior to current window after 5 consecutive failures (m seeded from thrust_phys: 1.961 -> 1.961 kg)
[WARN] [1789380856.784184599] [mhe_node]: MHE solve failed [status=2], skipping this window (streak 1)
[WARN] [1789380856.884805231] [mhe_node]: MHE solve failed [status=2], skipping this window (streak 2)
[WARN] [1789380856.988009118] [mhe_node]: MHE solve failed [status=2], skipping this window (streak 3)
[WARN] [1789380857.080657640] [mhe_node]: MHE solve failed [status=2], skipping this window (streak 4)
[WARN] [1789380857.182800332] [mhe_node]: MHE solve failed [status=2], skipping this window (streak 5)
[WARN] [1789380857.183126657] [mhe_node]: re-anchored arrival prior to current window after 5 consecutive failures (m seeded from thrust_phys: 1.961 -> 1.961 kg)
[WARN] [1789380857.278187392] [mhe_node]: MHE solve failed [status=2], skipping this window (streak 1)
[WARN] [1789380857.383611046] [mhe_node]: MHE solve failed [status=2], skipping this window (streak 2)
[WARN] [1789380857.587043236] [mhe_node]: MHE solve failed [status=2], skipping this window (streak 1)
[WARN] [1789380857.704748237] [mhe_node]: MHE solve failed [status=2], skipping this window (streak 2)
[WARN] [1789380857.788829124] [mhe_node]: MHE solve failed [status=2], skipping this window (streak 3)
[WARN] [1789380857.887405909] [mhe_node]: MHE solve failed [status=2], skipping this window (streak 4)
[WARN] [1789380857.987927191] [mhe_node]: MHE solve failed [status=2], skipping this window (streak 5)
[WARN] [1789380857.988250442] [mhe_node]: re-anchored arrival prior to current window after 5 consecutive failures (m seeded from thrust_phys: 1.961 -> 1.961 kg)
[WARN] [1789380858.087110765] [mhe_node]: MHE solve failed [status=2], skipping this window (streak 1)
[WARN] [1789380858.188467194] [mhe_node]: MHE solve failed [status=2], skipping this window (streak 2)
[WARN] [1789380858.288799640] [mhe_node]: MHE solve failed [status=2], skipping this window (streak 3)
[WARN] [1789380858.389916615] [mhe_node]: MHE solve failed [status=2], skipping this window (streak 4)
[WARN] [1789380858.489781911] [mhe_node]: MHE solve failed [status=2], skipping this window (streak 5)
[WARN] [1789380858.490102665] [mhe_node]: re-anchored arrival prior to current window after 5 consecutive failures (m seeded from thrust_phys: 1.961 -> 1.961 kg)
[WARN] [1789380858.590279394] [mhe_node]: MHE solve failed [status=2], skipping this window (streak 1)
[WARN] [1789380858.689084029] [mhe_node]: MHE solve failed [status=2], skipping this window (streak 2)
[WARN] [1789380858.789811736] [mhe_node]: MHE solve failed [status=2], skipping this window (streak 3)
[WARN] [1789380858.889259101] [mhe_node]: MHE solve failed [status=2], skipping this window (streak 4)
[WARN] [1789380858.989208495] [mhe_node]: MHE solve failed [status=2], skipping this window (streak 5)
[WARN] [1789380858.989528811] [mhe_node]: re-anchored arrival prior to current window after 5 consecutive failures (m seeded from thrust_phys: 1.961 -> 1.961 kg)
[WARN] [1789380859.088803536] [mhe_node]: MHE solve failed [status=2], skipping this window (streak 1)
[WARN] [1789380859.188249830] [mhe_node]: MHE solve failed [status=2], skipping this window (streak 2)
[WARN] [1789380859.288729196] [mhe_node]: MHE solve failed [status=2], skipping this window (streak 3)
[WARN] [1789380859.387688860] [mhe_node]: MHE solve failed [status=2], skipping this window (streak 4)
[WARN] [1789380859.490003719] [mhe_node]: MHE solve failed [status=2], skipping this window (streak 5)
[WARN] [1789380859.490342566] [mhe_node]: re-anchored arrival prior to current window after 5 consecutive failures (m seeded from thrust_phys: 1.961 -> 1.961 kg)
[WARN] [1789380859.585559285] [mhe_node]: MHE solve failed [status=2], skipping this window (streak 1)
[WARN] [1789380859.788801713] [mhe_node]: MHE solve failed [status=2], skipping this window (streak 1)
[WARN] [1789380859.876440526] [mhe_node]: MHE solve failed [status=2], skipping this window (streak 2)
[INFO] [1789380860.863301982] [mhe_node]: MHE mass estimate: 1.961 kg (T_phys=23.70N) | solve=56.4ms (max75.2)
[INFO] [1789380860.863690941] [mhe_node]: [truth] m_hat=1.9611 m_true=2.0643 err=-5.00% | c_hat=[+0.0000,+0.0000] c_true=[+0.0000,+0.0000] | Jxx_hat=0.01420 Jxx_true=0.01420 Jyz_hat=+0.00000 Jyz_true=+0.00000 | s_hat=[-0.0020,-0.0194] s_true=[+0.0000,+0.0000] kg·m
[INFO] [1789380860.864059312] [mhe_node]: [tau_phys] roll=+0.116 pitch=+0.033 Nm
[INFO] [1789380860.864476709] [mhe_node]: [mass-diag] m_est=1.9611 T=23.697N tilt=3.30deg cos=0.99834 | T/g=2.4156 T*cos/g=2.4116 | m_est-T*cos/g=-0.4505kg (-18.68%) vz=+1.161
[INFO] [1789380860.864881763] [mhe_node]: [c_xy_est] cx=-0.0008 cy=-0.0095 m
[WARN] [1789380860.984632792] [mhe_node]: MHE solve failed [status=2], skipping this window (streak 1)
[WARN] [1789380861.097053378] [mhe_node]: MHE solve failed [status=2], skipping this window (streak 2)
[INFO] [1789380862.114518959] [mhe_node]: [release-resid] STRONG 票: ΔT=-1.27N x4帧 (floor 0.9N)
[INFO] [1789380863.019991477] [mhe_node]: MHE mass estimate: 2.365 kg (T_phys=22.47N) | solve=9.8ms (max39.6)
[INFO] [1789380863.020578861] [mhe_node]: [truth] m_hat=2.3650 m_true=2.0643 err=+14.57% | c_hat=[+0.0000,+0.0000] c_true=[+0.0000,+0.0000] | Jxx_hat=0.01420 Jxx_true=0.01420 Jyz_hat=+0.00000 Jyz_true=+0.00000 | s_hat=[-0.0049,-0.0201] s_true=[+0.0000,+0.0000] kg·m
[INFO] [1789380863.021162792] [mhe_node]: [tau_phys] roll=-0.163 pitch=+0.030 Nm
[INFO] [1789380863.021742010] [mhe_node]: [mass-diag] m_est=2.3650 T=22.471N tilt=0.26deg cos=0.99999 | T/g=2.2906 T*cos/g=2.2906 | m_est-T*cos/g=+0.0745kg (+3.25%) vz=+0.873
[INFO] [1789380863.022315711] [mhe_node]: [c_xy_est] cx=-0.0021 cy=-0.0088 m
[INFO] [1789380863.314332923] [mhe_node]: [payload-state] EMPTY->LOADED (sustained m_p evidence, m_p=+0.303kg)
[INFO] [1789380863.414461473] [mhe_node]: [s-collapse] moment 基准未就绪(窗口 2/20, 越界剔除 0) — 暂不判决
[INFO] [1789380864.414460144] [mhe_node]: [s-collapse] moment 基准未就绪(窗口 12/20, 越界剔除 0) — 暂不判决
[INFO] [1789380865.020768785] [mhe_node]: MHE mass estimate: 2.360 kg (T_phys=22.58N) | solve=4.8ms (max6.7)
[INFO] [1789380865.021330655] [mhe_node]: [truth] m_hat=2.3605 m_true=2.0643 err=+14.35% | c_hat=[+0.0000,+0.0000] c_true=[+0.0000,+0.0000] | Jxx_hat=0.01420 Jxx_true=0.01420 Jyz_hat=+0.00000 Jyz_true=+0.00000 | s_hat=[-0.0054,-0.0202] s_true=[+0.0000,+0.0000] kg·m
[INFO] [1789380865.021843419] [mhe_node]: [tau_phys] roll=-0.202 pitch=-0.997 Nm
[INFO] [1789380865.022450183] [mhe_node]: [mass-diag] m_est=2.3605 T=22.582N tilt=0.14deg cos=1.00000 | T/g=2.3020 T*cos/g=2.3020 | m_est-T*cos/g=+0.0585kg (+2.54%) vz=+0.118
[INFO] [1789380865.023023058] [mhe_node]: [c_xy_est] cx=-0.0021 cy=-0.0083 m
[INFO] [1789380865.214413850] [mhe_node]: [c_xy_est] 质量域判据已武装(m_p=0.294kg 连续20帧高于水位)
[INFO] [1789380865.414443901] [mhe_node]: [s-collapse] moment 基准未就绪(窗口 0/20, 越界剔除 0) — 暂不判决
[INFO] [1789380866.414553744] [mhe_node]: [s-collapse] moment 基准未就绪(窗口 0/20, 越界剔除 0) — 暂不判决
[INFO] [1789380867.030538323] [mhe_node]: MHE mass estimate: 2.258 kg (T_phys=22.75N) | solve=13.4ms (max20.4)
[INFO] [1789380867.031089932] [mhe_node]: [truth] m_hat=2.2578 m_true=2.0643 err=+9.38% | c_hat=[+0.0000,+0.0000] c_true=[+0.0000,+0.0000] | Jxx_hat=0.01420 Jxx_true=0.01420 Jyz_hat=+0.00000 Jyz_true=+0.00000 | s_hat=[+0.0088,-0.0136] s_true=[+0.0000,+0.0000] kg·m
[INFO] [1789380867.031601616] [mhe_node]: [tau_phys] roll=-0.179 pitch=+1.199 Nm
[INFO] [1789380867.032180352] [mhe_node]: [mass-diag] m_est=2.2578 T=22.747N tilt=0.82deg cos=0.99990 | T/g=2.3187 T*cos/g=2.3185 | m_est-T*cos/g=-0.0607kg (-2.62%) vz=-0.034
[INFO] [1789380867.032755972] [mhe_node]: [c_xy_est] cx=-0.0021 cy=-0.0083 m
[INFO] [1789380867.414436164] [mhe_node]: [s-collapse] moment 基准未就绪(窗口 0/20, 越界剔除 0) — 暂不判决
[INFO] [1789380868.414459255] [mhe_node]: [s-collapse] moment 基准未就绪(窗口 1/20, 越界剔除 0) — 暂不判决
[INFO] [1789380869.029918447] [mhe_node]: MHE mass estimate: 2.311 kg (T_phys=22.79N) | solve=18.0ms (max25.5)
[INFO] [1789380869.030475844] [mhe_node]: [truth] m_hat=2.3106 m_true=2.0643 err=+11.93% | c_hat=[+0.0000,+0.0000] c_true=[+0.0000,+0.0000] | Jxx_hat=0.01420 Jxx_true=0.01420 Jyz_hat=+0.00000 Jyz_true=+0.00000 | s_hat=[-0.0020,-0.0166] s_true=[+0.0000,+0.0000] kg·m
[INFO] [1789380869.030987868] [mhe_node]: [tau_phys] roll=-0.196 pitch=+1.179 Nm
[INFO] [1789380869.031562814] [mhe_node]: [mass-diag] m_est=2.3106 T=22.790N tilt=0.74deg cos=0.99992 | T/g=2.3231 T*cos/g=2.3229 | m_est-T*cos/g=-0.0124kg (-0.53%) vz=+0.021
[INFO] [1789380869.032146163] [mhe_node]: [c_xy_est] cx=-0.0021 cy=-0.0083 m
[INFO] [1789380869.414494487] [mhe_node]: [s-collapse] moment 基准未就绪(窗口 0/20, 越界剔除 0) — 暂不判决
[INFO] [1789380870.414561261] [mhe_node]: [s-collapse] moment 基准未就绪(窗口 0/20, 越界剔除 0) — 暂不判决
[INFO] [1789380871.032214546] [mhe_node]: MHE mass estimate: 2.312 kg (T_phys=23.77N) | solve=14.9ms (max21.1)
[INFO] [1789380871.032776665] [mhe_node]: [truth] m_hat=2.3121 m_true=2.0643 err=+12.00% | c_hat=[+0.0000,+0.0000] c_true=[+0.0000,+0.0000] | Jxx_hat=0.01420 Jxx_true=0.01420 Jyz_hat=+0.00000 Jyz_true=+0.00000 | s_hat=[-0.0122,-0.0142] s_true=[+0.0000,+0.0000] kg·m
[INFO] [1789380871.033293197] [mhe_node]: [tau_phys] roll=-0.394 pitch=-0.025 Nm
[INFO] [1789380871.033865807] [mhe_node]: [mass-diag] m_est=2.3121 T=23.771N tilt=1.49deg cos=0.99966 | T/g=2.4232 T*cos/g=2.4223 | m_est-T*cos/g=-0.1102kg (-4.55%) vz=+0.039
[INFO] [1789380871.034440323] [mhe_node]: [c_xy_est] cx=-0.0021 cy=-0.0083 m
[INFO] [1789380871.414426119] [mhe_node]: [release-resid] STRONG 票: ΔT=-0.96N x4帧 (floor 0.9N)
[INFO] [1789380871.414725492] [mhe_node]: [s-collapse] moment 基准未就绪(窗口 0/20, 越界剔除 0) — 暂不判决
[INFO] [1789380872.414498735] [mhe_node]: [s-collapse] moment 基准未就绪(窗口 0/20, 越界剔除 0) — 暂不判决
[INFO] [1789380873.033165049] [mhe_node]: MHE mass estimate: 2.309 kg (T_phys=22.58N) | solve=16.4ms (max25.1)
[INFO] [1789380873.033748518] [mhe_node]: [truth] m_hat=2.3094 m_true=2.0643 err=+11.87% | c_hat=[+0.0000,+0.0000] c_true=[+0.0000,+0.0000] | Jxx_hat=0.01420 Jxx_true=0.01420 Jyz_hat=+0.00000 Jyz_true=+0.00000 | s_hat=[-0.0075,-0.0143] s_true=[+0.0000,+0.0000] kg·m
[INFO] [1789380873.034268909] [mhe_node]: [tau_phys] roll=-0.195 pitch=-1.301 Nm
[INFO] [1789380873.034855703] [mhe_node]: [mass-diag] m_est=2.3094 T=22.585N tilt=5.59deg cos=0.99524 | T/g=2.3022 T*cos/g=2.2912 | m_est-T*cos/g=+0.0182kg (+0.79%) vz=+0.178
[INFO] [1789380873.035431088] [mhe_node]: [c_xy_est] cx=-0.0021 cy=-0.0083 m
[INFO] [1789380873.414451402] [mhe_node]: [s-collapse] moment 基准未就绪(窗口 0/20, 越界剔除 0) — 暂不判决
[INFO] [1789380874.414456584] [mhe_node]: [s-collapse] moment 基准未就绪(窗口 0/20, 越界剔除 0) — 暂不判决
[INFO] [1789380875.034806850] [mhe_node]: MHE mass estimate: 2.265 kg (T_phys=22.26N) | solve=17.0ms (max24.2)
[INFO] [1789380875.035367879] [mhe_node]: [truth] m_hat=2.2646 m_true=2.0643 err=+9.71% | c_hat=[+0.0000,+0.0000] c_true=[+0.0000,+0.0000] | Jxx_hat=0.01420 Jxx_true=0.01420 Jyz_hat=+0.00000 Jyz_true=+0.00000 | s_hat=[-0.0219,-0.0115] s_true=[+0.0000,+0.0000] kg·m
[INFO] [1789380875.035879429] [mhe_node]: [tau_phys] roll=-0.081 pitch=-0.169 Nm
[INFO] [1789380875.036461856] [mhe_node]: [mass-diag] m_est=2.2646 T=22.263N tilt=8.55deg cos=0.98890 | T/g=2.2694 T*cos/g=2.2442 | m_est-T*cos/g=+0.0204kg (+0.91%) vz=+0.171
[INFO] [1789380875.037036507] [mhe_node]: [c_xy_est] cx=-0.0021 cy=-0.0083 m
[INFO] [1789380875.414556220] [mhe_node]: [s-collapse] moment 基准未就绪(窗口 0/20, 越界剔除 0) — 暂不判决
[INFO] [1789380876.414513207] [mhe_node]: [s-collapse] moment 基准未就绪(窗口 0/20, 越界剔除 0) — 暂不判决
[INFO] [1789380877.030860015] [mhe_node]: MHE mass estimate: 2.298 kg (T_phys=22.95N) | solve=15.3ms (max25.5)
[INFO] [1789380877.031417023] [mhe_node]: [truth] m_hat=2.2979 m_true=2.0643 err=+11.32% | c_hat=[+0.0000,+0.0000] c_true=[+0.0000,+0.0000] | Jxx_hat=0.01420 Jxx_true=0.01420 Jyz_hat=+0.00000 Jyz_true=+0.00000 | s_hat=[-0.0285,-0.0140] s_true=[+0.0000,+0.0000] kg·m
[INFO] [1789380877.031934468] [mhe_node]: [tau_phys] roll=+0.146 pitch=+1.249 Nm
[INFO] [1789380877.032519006] [mhe_node]: [mass-diag] m_est=2.2979 T=22.949N tilt=9.09deg cos=0.98744 | T/g=2.3394 T*cos/g=2.3100 | m_est-T*cos/g=-0.0121kg (-0.52%) vz=-0.033
[INFO] [1789380877.033093736] [mhe_node]: [c_xy_est] cx=-0.0021 cy=-0.0083 m
[INFO] [1789380877.414452206] [mhe_node]: [s-collapse] moment 基准未就绪(窗口 0/20, 越界剔除 0) — 暂不判决
[INFO] [1789380878.414571637] [mhe_node]: [s-collapse] moment 基准未就绪(窗口 0/20, 越界剔除 0) — 暂不判决
[INFO] [1789380879.033622910] [mhe_node]: MHE mass estimate: 2.295 kg (T_phys=22.56N) | solve=18.4ms (max21.9)
[INFO] [1789380879.034334528] [mhe_node]: [truth] m_hat=2.2952 m_true=2.0643 err=+11.18% | c_hat=[+0.0000,+0.0000] c_true=[+0.0000,+0.0000] | Jxx_hat=0.01420 Jxx_true=0.01420 Jyz_hat=+0.00000 Jyz_true=+0.00000 | s_hat=[-0.0242,-0.0099] s_true=[+0.0000,+0.0000] kg·m
[INFO] [1789380879.034860733] [mhe_node]: [tau_phys] roll=-0.391 pitch=+0.945 Nm
[INFO] [1789380879.035451415] [mhe_node]: [mass-diag] m_est=2.2952 T=22.561N tilt=10.16deg cos=0.98431 | T/g=2.2998 T*cos/g=2.2637 | m_est-T*cos/g=+0.0315kg (+1.39%) vz=-0.256
[INFO] [1789380879.036024671] [mhe_node]: [c_xy_est] cx=-0.0021 cy=-0.0083 m
[INFO] [1789380879.414555802] [mhe_node]: [s-collapse] moment 基准未就绪(窗口 0/20, 越界剔除 0) — 暂不判决
[WARN] [1789380880.414570729] [mhe_node]: [s-collapse] |s|=0.04654 > 物理上限 0.039 — 动态失真,不参与 moment 投票(本轮累计 9 帧)
[INFO] [1789380881.035380969] [mhe_node]: MHE mass estimate: 2.274 kg (T_phys=22.00N) | solve=18.5ms (max25.6)
[INFO] [1789380881.035930682] [mhe_node]: [truth] m_hat=2.2744 m_true=2.0643 err=+10.18% | c_hat=[+0.0000,+0.0000] c_true=[+0.0000,+0.0000] | Jxx_hat=0.01420 Jxx_true=0.01420 Jyz_hat=+0.00000 Jyz_true=+0.00000 | s_hat=[-0.0471,-0.0132] s_true=[+0.0000,+0.0000] kg·m
[INFO] [1789380881.036442581] [mhe_node]: [tau_phys] roll=-0.149 pitch=+0.104 Nm
[INFO] [1789380881.037019927] [mhe_node]: [mass-diag] m_est=2.2744 T=21.997N tilt=2.88deg cos=0.99874 | T/g=2.2423 T*cos/g=2.2395 | m_est-T*cos/g=+0.0349kg (+1.56%) vz=-0.250
[INFO] [1789380881.037594041] [mhe_node]: [c_xy_est] cx=-0.0021 cy=-0.0083 m
[WARN] [1789380881.414523771] [mhe_node]: [s-collapse] |s|=0.05028 > 物理上限 0.039 — 动态失真,不参与 moment 投票(本轮累计 19 帧)
[WARN] [1789380882.414471194] [mhe_node]: [s-collapse] |s|=0.04902 > 物理上限 0.039 — 动态失真,不参与 moment 投票(本轮累计 29 帧)
[INFO] [1789380883.029232778] [mhe_node]: MHE mass estimate: 2.289 kg (T_phys=23.60N) | solve=18.0ms (max22.7)
[INFO] [1789380883.029791059] [mhe_node]: [truth] m_hat=2.2888 m_true=2.0643 err=+10.87% | c_hat=[+0.0000,+0.0000] c_true=[+0.0000,+0.0000] | Jxx_hat=0.01420 Jxx_true=0.01420 Jyz_hat=+0.00000 Jyz_true=+0.00000 | s_hat=[-0.0402,-0.0155] s_true=[+0.0000,+0.0000] kg·m
[INFO] [1789380883.030306150] [mhe_node]: [tau_phys] roll=+0.001 pitch=-0.782 Nm
[INFO] [1789380883.030881568] [mhe_node]: [mass-diag] m_est=2.2888 T=23.597N tilt=8.12deg cos=0.98998 | T/g=2.4054 T*cos/g=2.3814 | m_est-T*cos/g=-0.0926kg (-3.89%) vz=-0.267
[INFO] [1789380883.031459165] [mhe_node]: [c_xy_est] cx=-0.0021 cy=-0.0083 m
[WARN] [1789380883.414591396] [mhe_node]: [s-collapse] |s|=0.03937 > 物理上限 0.039 — 动态失真,不参与 moment 投票(本轮累计 38 帧)
[INFO] [1789380884.414517990] [mhe_node]: [s-collapse] moment 基准未就绪(窗口 0/20, 越界剔除 39) — 暂不判决
[INFO] [1789380885.037667825] [mhe_node]: MHE mass estimate: 2.327 kg (T_phys=22.26N) | solve=15.2ms (max22.3)
[INFO] [1789380885.038222181] [mhe_node]: [truth] m_hat=2.3270 m_true=2.0643 err=+12.72% | c_hat=[+0.0000,+0.0000] c_true=[+0.0000,+0.0000] | Jxx_hat=0.01420 Jxx_true=0.01420 Jyz_hat=+0.00000 Jyz_true=+0.00000 | s_hat=[-0.0237,-0.0169] s_true=[+0.0000,+0.0000] kg·m
[INFO] [1789380885.038750360] [mhe_node]: [tau_phys] roll=-0.274 pitch=-0.213 Nm
[INFO] [1789380885.039325864] [mhe_node]: [mass-diag] m_est=2.3270 T=22.256N tilt=8.80deg cos=0.98823 | T/g=2.2687 T*cos/g=2.2420 | m_est-T*cos/g=+0.0850kg (+3.79%) vz=+0.004
[INFO] [1789380885.039895872] [mhe_node]: [c_xy_est] cx=-0.0021 cy=-0.0083 m
[INFO] [1789380885.414462132] [mhe_node]: [s-collapse] moment 基准未就绪(窗口 0/20, 越界剔除 39) — 暂不判决
[INFO] [1789380886.414509791] [mhe_node]: [s-collapse] moment 基准未就绪(窗口 0/20, 越界剔除 39) — 暂不判决
[INFO] [1789380887.036273960] [mhe_node]: MHE mass estimate: 2.308 kg (T_phys=22.44N) | solve=17.5ms (max24.9)
[INFO] [1789380887.036829962] [mhe_node]: [truth] m_hat=2.3082 m_true=2.0643 err=+11.82% | c_hat=[+0.0000,+0.0000] c_true=[+0.0000,+0.0000] | Jxx_hat=0.01420 Jxx_true=0.01420 Jyz_hat=+0.00000 Jyz_true=+0.00000 | s_hat=[-0.0382,-0.0168] s_true=[+0.0000,+0.0000] kg·m
[INFO] [1789380887.037351193] [mhe_node]: [tau_phys] roll=-0.233 pitch=-0.020 Nm
[INFO] [1789380887.037925321] [mhe_node]: [mass-diag] m_est=2.3082 T=22.436N tilt=4.94deg cos=0.99628 | T/g=2.2870 T*cos/g=2.2785 | m_est-T*cos/g=+0.0297kg (+1.30%) vz=+0.030
[INFO] [1789380887.038500141] [mhe_node]: [c_xy_est] cx=-0.0021 cy=-0.0083 m
[WARN] [1789380887.414503910] [mhe_node]: [s-collapse] |s|=0.03982 > 物理上限 0.039 — 动态失真,不参与 moment 投票(本轮累计 47 帧)
[INFO] [1789380888.414607477] [mhe_node]: [s-collapse] moment 基准未就绪(窗口 0/20, 越界剔除 47) — 暂不判决
[INFO] [1789380889.032863695] [mhe_node]: MHE mass estimate: 2.265 kg (T_phys=24.17N) | solve=16.9ms (max19.9)
[INFO] [1789380889.033419980] [mhe_node]: [truth] m_hat=2.2654 m_true=2.0643 err=+9.74% | c_hat=[+0.0000,+0.0000] c_true=[+0.0000,+0.0000] | Jxx_hat=0.01420 Jxx_true=0.01420 Jyz_hat=+0.00000 Jyz_true=+0.00000 | s_hat=[-0.0269,-0.0160] s_true=[+0.0000,+0.0000] kg·m
[INFO] [1789380889.033929799] [mhe_node]: [tau_phys] roll=-0.173 pitch=-0.140 Nm
[INFO] [1789380889.034505697] [mhe_node]: [mass-diag] m_est=2.2654 T=24.175N tilt=10.58deg cos=0.98300 | T/g=2.4643 T*cos/g=2.4224 | m_est-T*cos/g=-0.1570kg (-6.48%) vz=+0.147
[INFO] [1789380889.035073289] [mhe_node]: [c_xy_est] cx=-0.0021 cy=-0.0083 m
[INFO] [1789380889.414521286] [mhe_node]: [s-collapse] moment 基准未就绪(窗口 0/20, 越界剔除 47) — 暂不判决
[INFO] [1789380890.414531962] [mhe_node]: [s-collapse] moment 基准未就绪(窗口 0/20, 越界剔除 47) — 暂不判决
[INFO] [1789380891.036714121] [mhe_node]: MHE mass estimate: 2.301 kg (T_phys=22.69N) | solve=18.2ms (max25.7)
[INFO] [1789380891.037267227] [mhe_node]: [truth] m_hat=2.3007 m_true=2.0643 err=+11.45% | c_hat=[+0.0000,+0.0000] c_true=[+0.0000,+0.0000] | Jxx_hat=0.01420 Jxx_true=0.01420 Jyz_hat=+0.00000 Jyz_true=+0.00000 | s_hat=[-0.0347,-0.0160] s_true=[+0.0000,+0.0000] kg·m
[INFO] [1789380891.037775462] [mhe_node]: [tau_phys] roll=-0.155 pitch=-0.377 Nm
[INFO] [1789380891.038353858] [mhe_node]: [mass-diag] m_est=2.3007 T=22.694N tilt=9.49deg cos=0.98631 | T/g=2.3133 T*cos/g=2.2817 | m_est-T*cos/g=+0.0191kg (+0.84%) vz=+0.260
[INFO] [1789380891.038920233] [mhe_node]: [c_xy_est] cx=-0.0021 cy=-0.0083 m
[WARN] [1789380891.414515070] [mhe_node]: [s-collapse] |s|=0.03984 > 物理上限 0.039 — 动态失真,不参与 moment 投票(本轮累计 48 帧)
[WARN] [1789380892.414578316] [mhe_node]: [s-collapse] |s|=0.04634 > 物理上限 0.039 — 动态失真,不参与 moment 投票(本轮累计 56 帧)
[INFO] [1789380893.026552168] [mhe_node]: MHE mass estimate: 2.305 kg (T_phys=23.07N) | solve=16.3ms (max23.9)
[INFO] [1789380893.026960923] [mhe_node]: [truth] m_hat=2.3054 m_true=2.0643 err=+11.68% | c_hat=[+0.0000,+0.0000] c_true=[+0.0000,+0.0000] | Jxx_hat=0.01420 Jxx_true=0.01420 Jyz_hat=+0.00000 Jyz_true=+0.00000 | s_hat=[-0.0441,-0.0164] s_true=[+0.0000,+0.0000] kg·m
[INFO] [1789380893.027332422] [mhe_node]: [tau_phys] roll=-0.100 pitch=+1.795 Nm
[INFO] [1789380893.027746924] [mhe_node]: [mass-diag] m_est=2.3054 T=23.069N tilt=2.33deg cos=0.99917 | T/g=2.3516 T*cos/g=2.3497 | m_est-T*cos/g=-0.0443kg (-1.88%) vz=+0.216
[INFO] [1789380893.028156483] [mhe_node]: [c_xy_est] cx=-0.0021 cy=-0.0083 m
[WARN] [1789380893.414536904] [mhe_node]: [s-collapse] |s|=0.04637 > 物理上限 0.039 — 动态失真,不参与 moment 投票(本轮累计 66 帧)
[INFO] [1789380894.414458255] [mhe_node]: [s-collapse] moment 基准未就绪(窗口 0/20, 越界剔除 72) — 暂不判决
[INFO] [1789380895.037188624] [mhe_node]: MHE mass estimate: 2.317 kg (T_phys=22.02N) | solve=16.8ms (max21.9)
[INFO] [1789380895.037746963] [mhe_node]: [truth] m_hat=2.3171 m_true=2.0643 err=+12.25% | c_hat=[+0.0000,+0.0000] c_true=[+0.0000,+0.0000] | Jxx_hat=0.01420 Jxx_true=0.01420 Jyz_hat=+0.00000 Jyz_true=+0.00000 | s_hat=[-0.0181,-0.0144] s_true=[+0.0000,+0.0000] kg·m
[INFO] [1789380895.038263550] [mhe_node]: [tau_phys] roll=+0.173 pitch=+1.584 Nm
[INFO] [1789380895.038838254] [mhe_node]: [mass-diag] m_est=2.3171 T=22.024N tilt=8.92deg cos=0.98791 | T/g=2.2450 T*cos/g=2.2179 | m_est-T*cos/g=+0.0992kg (+4.47%) vz=+0.141
[INFO] [1789380895.039415901] [mhe_node]: [c_xy_est] cx=-0.0021 cy=-0.0083 m
[INFO] [1789380895.414560358] [mhe_node]: [s-collapse] moment 基准未就绪(窗口 0/20, 越界剔除 72) — 暂不判决
[INFO] [1789380896.414501409] [mhe_node]: [s-collapse] moment 基准未就绪(窗口 0/20, 越界剔除 72) — 暂不判决
[INFO] [1789380897.029559021] [mhe_node]: MHE mass estimate: 2.282 kg (T_phys=22.93N) | solve=16.4ms (max28.8)
[INFO] [1789380897.030238575] [mhe_node]: [truth] m_hat=2.2818 m_true=2.0643 err=+10.54% | c_hat=[+0.0000,+0.0000] c_true=[+0.0000,+0.0000] | Jxx_hat=0.01420 Jxx_true=0.01420 Jyz_hat=+0.00000 Jyz_true=+0.00000 | s_hat=[-0.0216,-0.0123] s_true=[+0.0000,+0.0000] kg·m
[INFO] [1789380897.030747036] [mhe_node]: [tau_phys] roll=-0.290 pitch=+0.899 Nm
[INFO] [1789380897.031320912] [mhe_node]: [mass-diag] m_est=2.2818 T=22.926N tilt=6.27deg cos=0.99402 | T/g=2.3370 T*cos/g=2.3230 | m_est-T*cos/g=-0.0412kg (-1.77%) vz=+0.053
[INFO] [1789380897.031890462] [mhe_node]: [c_xy_est] cx=-0.0021 cy=-0.0083 m
[INFO] [1789380897.414522230] [mhe_node]: [s-collapse] moment 基准未就绪(窗口 0/20, 越界剔除 72) — 暂不判决
[INFO] [1789380898.414501932] [mhe_node]: [s-collapse] moment 基准未就绪(窗口 0/20, 越界剔除 72) — 暂不判决
[INFO] [1789380899.027274859] [mhe_node]: MHE mass estimate: 2.289 kg (T_phys=22.55N) | solve=15.7ms (max25.5)
[INFO] [1789380899.027824072] [mhe_node]: [truth] m_hat=2.2890 m_true=2.0643 err=+10.88% | c_hat=[+0.0000,+0.0000] c_true=[+0.0000,+0.0000] | Jxx_hat=0.01420 Jxx_true=0.01420 Jyz_hat=+0.00000 Jyz_true=+0.00000 | s_hat=[-0.0293,-0.0135] s_true=[+0.0000,+0.0000] kg·m
[INFO] [1789380899.028334298] [mhe_node]: [tau_phys] roll=-0.220 pitch=+0.415 Nm
[INFO] [1789380899.028907251] [mhe_node]: [mass-diag] m_est=2.2890 T=22.554N tilt=6.91deg cos=0.99274 | T/g=2.2991 T*cos/g=2.2824 | m_est-T*cos/g=+0.0066kg (+0.29%) vz=-0.092
[INFO] [1789380899.029481027] [mhe_node]: [c_xy_est] cx=-0.0021 cy=-0.0083 m
[INFO] [1789380899.414460100] [mhe_node]: [s-collapse] moment 基准未就绪(窗口 0/20, 越界剔除 72) — 暂不判决
[INFO] [1789380900.414520880] [mhe_node]: [s-collapse] moment 基准未就绪(窗口 0/20, 越界剔除 72) — 暂不判决
[INFO] [1789380901.032461379] [mhe_node]: MHE mass estimate: 2.306 kg (T_phys=22.99N) | solve=15.0ms (max20.9)
[INFO] [1789380901.033017057] [mhe_node]: [truth] m_hat=2.3059 m_true=2.0643 err=+11.70% | c_hat=[+0.0000,+0.0000] c_true=[+0.0000,+0.0000] | Jxx_hat=0.01420 Jxx_true=0.01420 Jyz_hat=+0.00000 Jyz_true=+0.00000 | s_hat=[-0.0228,-0.0122] s_true=[+0.0000,+0.0000] kg·m
[INFO] [1789380901.033535923] [mhe_node]: [tau_phys] roll=-0.113 pitch=-0.942 Nm
[INFO] [1789380901.034117300] [mhe_node]: [mass-diag] m_est=2.3059 T=22.993N tilt=10.36deg cos=0.98370 | T/g=2.3439 T*cos/g=2.3057 | m_est-T*cos/g=+0.0002kg (+0.01%) vz=-0.183
[INFO] [1789380901.034682961] [mhe_node]: [c_xy_est] cx=-0.0021 cy=-0.0083 m
[INFO] [1789380901.414451178] [mhe_node]: [s-collapse] moment 基准未就绪(窗口 0/20, 越界剔除 72) — 暂不判决
[WARN] [1789380902.414511158] [mhe_node]: [s-collapse] |s|=0.04111 > 物理上限 0.039 — 动态失真,不参与 moment 投票(本轮累计 73 帧)
[INFO] [1789380903.030284155] [mhe_node]: MHE mass estimate: 2.294 kg (T_phys=22.34N) | solve=16.4ms (max27.1)
[INFO] [1789380903.030834701] [mhe_node]: [truth] m_hat=2.2939 m_true=2.0643 err=+11.12% | c_hat=[+0.0000,+0.0000] c_true=[+0.0000,+0.0000] | Jxx_hat=0.01420 Jxx_true=0.01420 Jyz_hat=+0.00000 Jyz_true=+0.00000 | s_hat=[-0.0428,-0.0169] s_true=[+0.0000,+0.0000] kg·m
[INFO] [1789380903.031355786] [mhe_node]: [tau_phys] roll=-0.178 pitch=-0.039 Nm
[INFO] [1789380903.031996806] [mhe_node]: [mass-diag] m_est=2.2939 T=22.336N tilt=5.54deg cos=0.99533 | T/g=2.2769 T*cos/g=2.2662 | m_est-T*cos/g=+0.0277kg (+1.22%) vz=-0.226
[INFO] [1789380903.032573035] [mhe_node]: [c_xy_est] cx=-0.0021 cy=-0.0083 m
[WARN] [1789380903.414552331] [mhe_node]: [s-collapse] |s|=0.04466 > 物理上限 0.039 — 动态失真,不参与 moment 投票(本轮累计 83 帧)
[WARN] [1789380904.414458260] [mhe_node]: [s-collapse] |s|=0.04260 > 物理上限 0.039 — 动态失真,不参与 moment 投票(本轮累计 93 帧)
[INFO] [1789380905.024499040] [mhe_node]: MHE mass estimate: 2.275 kg (T_phys=22.82N) | solve=16.5ms (max21.9)
[INFO] [1789380905.024907503] [mhe_node]: [truth] m_hat=2.2747 m_true=2.0643 err=+10.19% | c_hat=[+0.0000,+0.0000] c_true=[+0.0000,+0.0000] | Jxx_hat=0.01420 Jxx_true=0.01420 Jyz_hat=+0.00000 Jyz_true=+0.00000 | s_hat=[-0.0311,-0.0156] s_true=[+0.0000,+0.0000] kg·m
[INFO] [1789380905.025272654] [mhe_node]: [tau_phys] roll=-0.358 pitch=+1.378 Nm
[INFO] [1789380905.025687105] [mhe_node]: [mass-diag] m_est=2.2747 T=22.822N tilt=5.63deg cos=0.99518 | T/g=2.3264 T*cos/g=2.3152 | m_est-T*cos/g=-0.0405kg (-1.75%) vz=-0.226
[INFO] [1789380905.026090102] [mhe_node]: [c_xy_est] cx=-0.0021 cy=-0.0083 m
[INFO] [1789380905.414518369] [mhe_node]: [s-collapse] moment 基准未就绪(窗口 0/20, 越界剔除 96) — 暂不判决
[INFO] [1789380906.414520772] [mhe_node]: [s-collapse] moment 基准未就绪(窗口 0/20, 越界剔除 96) — 暂不判决
[INFO] [1789380907.027328330] [mhe_node]: MHE mass estimate: 2.297 kg (T_phys=23.52N) | solve=15.9ms (max21.9)
[INFO] [1789380907.027876223] [mhe_node]: [truth] m_hat=2.2973 m_true=2.0643 err=+11.29% | c_hat=[+0.0000,+0.0000] c_true=[+0.0000,+0.0000] | Jxx_hat=0.01420 Jxx_true=0.01420 Jyz_hat=+0.00000 Jyz_true=+0.00000 | s_hat=[-0.0216,-0.0166] s_true=[+0.0000,+0.0000] kg·m
[INFO] [1789380907.028394232] [mhe_node]: [tau_phys] roll=-0.200 pitch=+1.523 Nm
[INFO] [1789380907.028967725] [mhe_node]: [mass-diag] m_est=2.2973 T=23.522N tilt=9.57deg cos=0.98608 | T/g=2.3978 T*cos/g=2.3644 | m_est-T*cos/g=-0.0671kg (-2.84%) vz=-0.030
[INFO] [1789380907.029540795] [mhe_node]: [c_xy_est] cx=-0.0021 cy=-0.0083 m
[INFO] [1789380907.414521804] [mhe_node]: [s-collapse] moment 基准未就绪(窗口 0/20, 越界剔除 96) — 暂不判决
[INFO] [1789380908.414605317] [mhe_node]: [s-collapse] moment 基准未就绪(窗口 0/20, 越界剔除 96) — 暂不判决
[INFO] [1789380909.023934052] [mhe_node]: MHE mass estimate: 2.277 kg (T_phys=23.07N) | solve=15.4ms (max23.2)
[INFO] [1789380909.024346079] [mhe_node]: [truth] m_hat=2.2767 m_true=2.0643 err=+10.29% | c_hat=[+0.0000,+0.0000] c_true=[+0.0000,+0.0000] | Jxx_hat=0.01420 Jxx_true=0.01420 Jyz_hat=+0.00000 Jyz_true=+0.00000 | s_hat=[-0.0272,-0.0166] s_true=[+0.0000,+0.0000] kg·m
[INFO] [1789380909.024712049] [mhe_node]: [tau_phys] roll=-0.313 pitch=+1.313 Nm
[INFO] [1789380909.025132247] [mhe_node]: [mass-diag] m_est=2.2767 T=23.066N tilt=4.73deg cos=0.99659 | T/g=2.3513 T*cos/g=2.3432 | m_est-T*cos/g=-0.0665kg (-2.84%) vz=+0.013
[INFO] [1789380909.025542927] [mhe_node]: [c_xy_est] cx=-0.0021 cy=-0.0083 m
[INFO] [1789380909.414494037] [mhe_node]: [s-collapse] moment 基准未就绪(窗口 0/20, 越界剔除 96) — 暂不判决
[INFO] [1789380910.414449837] [mhe_node]: [s-collapse] moment 基准未就绪(窗口 0/20, 越界剔除 96) — 暂不判决
[INFO] [1789380911.030150610] [mhe_node]: MHE mass estimate: 2.293 kg (T_phys=19.99N) | solve=17.0ms (max21.9)
[INFO] [1789380911.030701639] [mhe_node]: [truth] m_hat=2.2935 m_true=2.0643 err=+11.10% | c_hat=[+0.0000,+0.0000] c_true=[+0.0000,+0.0000] | Jxx_hat=0.01420 Jxx_true=0.01420 Jyz_hat=+0.00000 Jyz_true=+0.00000 | s_hat=[-0.0217,-0.0157] s_true=[+0.0000,+0.0000] kg·m
[INFO] [1789380911.031214576] [mhe_node]: [tau_phys] roll=-0.555 pitch=+1.474 Nm
[INFO] [1789380911.031784084] [mhe_node]: [mass-diag] m_est=2.2935 T=19.994N tilt=8.64deg cos=0.98864 | T/g=2.0382 T*cos/g=2.0150 | m_est-T*cos/g=+0.2785kg (+13.82%) vz=+0.142
[INFO] [1789380911.032359608] [mhe_node]: [c_xy_est] cx=-0.0021 cy=-0.0083 m
[INFO] [1789380911.414542513] [mhe_node]: [s-collapse] moment 基准未就绪(窗口 0/20, 越界剔除 96) — 暂不判决
[INFO] [1789380912.414449555] [mhe_node]: [s-collapse] moment 基准未就绪(窗口 0/20, 越界剔除 96) — 暂不判决
[INFO] [1789380913.024107945] [mhe_node]: MHE mass estimate: 2.308 kg (T_phys=23.21N) | solve=15.1ms (max21.2)
[INFO] [1789380913.024520549] [mhe_node]: [truth] m_hat=2.3084 m_true=2.0643 err=+11.83% | c_hat=[+0.0000,+0.0000] c_true=[+0.0000,+0.0000] | Jxx_hat=0.01420 Jxx_true=0.01420 Jyz_hat=+0.00000 Jyz_true=+0.00000 | s_hat=[-0.0280,-0.0163] s_true=[+0.0000,+0.0000] kg·m
[INFO] [1789380913.024886005] [mhe_node]: [tau_phys] roll=-0.239 pitch=+1.398 Nm
[INFO] [1789380913.025296287] [mhe_node]: [mass-diag] m_est=2.3084 T=23.214N tilt=7.94deg cos=0.99042 | T/g=2.3664 T*cos/g=2.3437 | m_est-T*cos/g=-0.0353kg (-1.51%) vz=+0.259
[INFO] [1789380913.025698573] [mhe_node]: [c_xy_est] cx=-0.0021 cy=-0.0083 m
[INFO] [1789380913.414523639] [mhe_node]: [s-collapse] moment 基准未就绪(窗口 0/20, 越界剔除 96) — 暂不判决
[INFO] [1789380914.414539935] [mhe_node]: [s-collapse] moment 基准未就绪(窗口 0/20, 越界剔除 96) — 暂不判决
[INFO] [1789380915.029122769] [mhe_node]: MHE mass estimate: 2.275 kg (T_phys=22.77N) | solve=17.9ms (max24.8)
[INFO] [1789380915.029616683] [mhe_node]: [truth] m_hat=2.2745 m_true=2.0643 err=+10.18% | c_hat=[+0.0000,+0.0000] c_true=[+0.0000,+0.0000] | Jxx_hat=0.01420 Jxx_true=0.01420 Jyz_hat=+0.00000 Jyz_true=+0.00000 | s_hat=[-0.0382,-0.0151] s_true=[+0.0000,+0.0000] kg·m
[INFO] [1789380915.029982752] [mhe_node]: [tau_phys] roll=-0.110 pitch=+1.401 Nm
[INFO] [1789380915.030394816] [mhe_node]: [mass-diag] m_est=2.2745 T=22.774N tilt=1.87deg cos=0.99947 | T/g=2.3215 T*cos/g=2.3202 | m_est-T*cos/g=-0.0457kg (-1.97%) vz=+0.222
[INFO] [1789380915.030795377] [mhe_node]: [c_xy_est] cx=-0.0021 cy=-0.0083 m
[WARN] [1789380915.414579937] [mhe_node]: [s-collapse] |s|=0.04205 > 物理上限 0.039 — 动态失真,不参与 moment 投票(本轮累计 102 帧)
[INFO] [1789380916.414653905] [mhe_node]: [s-collapse] moment 基准未就绪(窗口 0/20, 越界剔除 111) — 暂不判决
[INFO] [1789380917.027487452] [mhe_node]: MHE mass estimate: 2.303 kg (T_phys=23.26N) | solve=18.7ms (max29.3)
[INFO] [1789380917.028053284] [mhe_node]: [truth] m_hat=2.3033 m_true=2.0643 err=+11.58% | c_hat=[+0.0000,+0.0000] c_true=[+0.0000,+0.0000] | Jxx_hat=0.01420 Jxx_true=0.01420 Jyz_hat=+0.00000 Jyz_true=+0.00000 | s_hat=[-0.0252,-0.0153] s_true=[+0.0000,+0.0000] kg·m
[INFO] [1789380917.028570442] [mhe_node]: [tau_phys] roll=-0.272 pitch=+0.264 Nm
[INFO] [1789380917.029150934] [mhe_node]: [mass-diag] m_est=2.3033 T=23.257N tilt=9.18deg cos=0.98718 | T/g=2.3707 T*cos/g=2.3403 | m_est-T*cos/g=-0.0371kg (-1.58%) vz=+0.157
[INFO] [1789380917.029719046] [mhe_node]: [c_xy_est] cx=-0.0021 cy=-0.0083 m
[INFO] [1789380917.414501748] [mhe_node]: [s-collapse] moment 基准未就绪(窗口 0/20, 越界剔除 111) — 暂不判决
[INFO] [1789380918.414470435] [mhe_node]: [s-collapse] moment 基准未就绪(窗口 0/20, 越界剔除 111) — 暂不判决
[INFO] [1789380919.032532720] [mhe_node]: MHE mass estimate: 2.279 kg (T_phys=23.58N) | solve=15.5ms (max20.8)
[INFO] [1789380919.033078790] [mhe_node]: [truth] m_hat=2.2788 m_true=2.0643 err=+10.39% | c_hat=[+0.0000,+0.0000] c_true=[+0.0000,+0.0000] | Jxx_hat=0.01420 Jxx_true=0.01420 Jyz_hat=+0.00000 Jyz_true=+0.00000 | s_hat=[-0.0302,-0.0130] s_true=[+0.0000,+0.0000] kg·m
[INFO] [1789380919.033590600] [mhe_node]: [tau_phys] roll=-0.094 pitch=-1.125 Nm
[INFO] [1789380919.034162564] [mhe_node]: [mass-diag] m_est=2.2788 T=23.577N tilt=8.03deg cos=0.99019 | T/g=2.4034 T*cos/g=2.3798 | m_est-T*cos/g=-0.1010kg (-4.24%) vz=+0.014
[INFO] [1789380919.034731037] [mhe_node]: [c_xy_est] cx=-0.0021 cy=-0.0083 m
[INFO] [1789380919.414624543] [mhe_node]: [s-collapse] moment 基准未就绪(窗口 0/20, 越界剔除 111) — 暂不判决
[INFO] [1789380920.414537238] [mhe_node]: [s-collapse] moment 基准未就绪(窗口 0/20, 越界剔除 112) — 暂不判决
[INFO] [1789380921.031546254] [mhe_node]: MHE mass estimate: 2.293 kg (T_phys=22.17N) | solve=16.3ms (max22.9)
[INFO] [1789380921.032095601] [mhe_node]: [truth] m_hat=2.2927 m_true=2.0643 err=+11.07% | c_hat=[+0.0000,+0.0000] c_true=[+0.0000,+0.0000] | Jxx_hat=0.01420 Jxx_true=0.01420 Jyz_hat=+0.00000 Jyz_true=+0.00000 | s_hat=[-0.0336,-0.0146] s_true=[+0.0000,+0.0000] kg·m
[INFO] [1789380921.032614555] [mhe_node]: [tau_phys] roll=-0.060 pitch=-0.033 Nm
[INFO] [1789380921.033190126] [mhe_node]: [mass-diag] m_est=2.2927 T=22.166N tilt=6.02deg cos=0.99449 | T/g=2.2596 T*cos/g=2.2471 | m_est-T*cos/g=+0.0456kg (+2.03%) vz=-0.085
[INFO] [1789380921.033759446] [mhe_node]: [c_xy_est] cx=-0.0021 cy=-0.0083 m
[INFO] [1789380921.414451234] [mhe_node]: [s-collapse] moment 基准未就绪(窗口 0/20, 越界剔除 112) — 暂不判决
[INFO] [1789380922.414490706] [mhe_node]: [s-collapse] moment 基准未就绪(窗口 0/20, 越界剔除 112) — 暂不判决
[INFO] [1789380923.026151714] [mhe_node]: MHE mass estimate: 2.312 kg (T_phys=20.30N) | solve=16.8ms (max21.9)
[INFO] [1789380923.026558182] [mhe_node]: [truth] m_hat=2.3124 m_true=2.0643 err=+12.02% | c_hat=[+0.0000,+0.0000] c_true=[+0.0000,+0.0000] | Jxx_hat=0.01420 Jxx_true=0.01420 Jyz_hat=+0.00000 Jyz_true=+0.00000 | s_hat=[-0.0209,-0.0139] s_true=[+0.0000,+0.0000] kg·m
[INFO] [1789380923.026921665] [mhe_node]: [tau_phys] roll=-0.249 pitch=+1.752 Nm
[INFO] [1789380923.027337456] [mhe_node]: [mass-diag] m_est=2.3124 T=20.299N tilt=10.76deg cos=0.98240 | T/g=2.0692 T*cos/g=2.0328 | m_est-T*cos/g=+0.2795kg (+13.75%) vz=-0.122
[INFO] [1789380923.027744325] [mhe_node]: [c_xy_est] cx=-0.0021 cy=-0.0083 m
[INFO] [1789380923.414612488] [mhe_node]: [s-collapse] moment 基准未就绪(窗口 0/20, 越界剔除 112) — 暂不判决
[INFO] [1789380924.414565479] [mhe_node]: [s-collapse] moment 基准未就绪(窗口 0/20, 越界剔除 113) — 暂不判决
[INFO] [1789380925.030091938] [mhe_node]: MHE mass estimate: 2.310 kg (T_phys=22.67N) | solve=16.3ms (max21.8)
[INFO] [1789380925.030645248] [mhe_node]: [truth] m_hat=2.3102 m_true=2.0643 err=+11.91% | c_hat=[+0.0000,+0.0000] c_true=[+0.0000,+0.0000] | Jxx_hat=0.01420 Jxx_true=0.01420 Jyz_hat=+0.00000 Jyz_true=+0.00000 | s_hat=[-0.0368,-0.0160] s_true=[+0.0000,+0.0000] kg·m
[INFO] [1789380925.031160674] [mhe_node]: [tau_phys] roll=-0.194 pitch=+1.177 Nm
[INFO] [1789380925.031730664] [mhe_node]: [mass-diag] m_est=2.3102 T=22.668N tilt=4.14deg cos=0.99739 | T/g=2.3107 T*cos/g=2.3046 | m_est-T*cos/g=+0.0056kg (+0.24%) vz=-0.214
[INFO] [1789380925.032306756] [mhe_node]: [c_xy_est] cx=-0.0021 cy=-0.0083 m
[WARN] [1789380925.414513679] [mhe_node]: [s-collapse] |s|=0.04054 > 物理上限 0.039 — 动态失真,不参与 moment 投票(本轮累计 122 帧)
[INFO] [1789380926.414600022] [mhe_node]: [s-collapse] moment 基准未就绪(窗口 0/20, 越界剔除 129) — 暂不判决
[INFO] [1789380927.035186094] [mhe_node]: MHE mass estimate: 2.289 kg (T_phys=22.75N) | solve=17.3ms (max23.5)
[INFO] [1789380927.035738242] [mhe_node]: [truth] m_hat=2.2887 m_true=2.0643 err=+10.87% | c_hat=[+0.0000,+0.0000] c_true=[+0.0000,+0.0000] | Jxx_hat=0.01420 Jxx_true=0.01420 Jyz_hat=+0.00000 Jyz_true=+0.00000 | s_hat=[-0.0333,-0.0170] s_true=[+0.0000,+0.0000] kg·m
[INFO] [1789380927.036254495] [mhe_node]: [tau_phys] roll=-0.170 pitch=+0.261 Nm
[INFO] [1789380927.036830647] [mhe_node]: [mass-diag] m_est=2.2887 T=22.747N tilt=6.34deg cos=0.99389 | T/g=2.3187 T*cos/g=2.3046 | m_est-T*cos/g=-0.0159kg (-0.69%) vz=-0.229
[INFO] [1789380927.037405224] [mhe_node]: [c_xy_est] cx=-0.0021 cy=-0.0083 m
[INFO] [1789380927.414367385] [mhe_node]: [s-collapse] moment 基准未就绪(窗口 0/20, 越界剔除 130) — 暂不判决
[INFO] [1789380928.414510723] [mhe_node]: [s-collapse] moment 基准未就绪(窗口 0/20, 越界剔除 133) — 暂不判决
[INFO] [1789380929.029714374] [mhe_node]: MHE mass estimate: 2.300 kg (T_phys=23.15N) | solve=17.2ms (max25.5)
[INFO] [1789380929.030277774] [mhe_node]: [truth] m_hat=2.2998 m_true=2.0643 err=+11.41% | c_hat=[+0.0000,+0.0000] c_true=[+0.0000,+0.0000] | Jxx_hat=0.01420 Jxx_true=0.01420 Jyz_hat=+0.00000 Jyz_true=+0.00000 | s_hat=[-0.0250,-0.0172] s_true=[+0.0000,+0.0000] kg·m
[INFO] [1789380929.030791054] [mhe_node]: [tau_phys] roll=-0.146 pitch=-0.871 Nm
[INFO] [1789380929.031389956] [mhe_node]: [mass-diag] m_est=2.2998 T=23.150N tilt=9.92deg cos=0.98504 | T/g=2.3599 T*cos/g=2.3246 | m_est-T*cos/g=-0.0248kg (-1.07%) vz=-0.051
[INFO] [1789380929.031962624] [mhe_node]: [c_xy_est] cx=-0.0021 cy=-0.0083 m
[INFO] [1789380929.414528065] [mhe_node]: [s-collapse] moment 基准未就绪(窗口 0/20, 越界剔除 133) — 暂不判决
[INFO] [1789380930.414569289] [mhe_node]: [s-collapse] moment 基准未就绪(窗口 0/20, 越界剔除 133) — 暂不判决
[INFO] [1789380931.039126007] [mhe_node]: MHE mass estimate: 2.273 kg (T_phys=23.64N) | solve=16.9ms (max23.9)
[INFO] [1789380931.039672083] [mhe_node]: [truth] m_hat=2.2726 m_true=2.0643 err=+10.09% | c_hat=[+0.0000,+0.0000] c_true=[+0.0000,+0.0000] | Jxx_hat=0.01420 Jxx_true=0.01420 Jyz_hat=+0.00000 Jyz_true=+0.00000 | s_hat=[-0.0241,-0.0160] s_true=[+0.0000,+0.0000] kg·m
[INFO] [1789380931.040188748] [mhe_node]: [tau_phys] roll=-0.043 pitch=-1.111 Nm
[INFO] [1789380931.040760774] [mhe_node]: [mass-diag] m_est=2.2726 T=23.640N tilt=5.24deg cos=0.99582 | T/g=2.4098 T*cos/g=2.3997 | m_est-T*cos/g=-0.1271kg (-5.30%) vz=-0.057
[INFO] [1789380931.041336543] [mhe_node]: [c_xy_est] cx=-0.0021 cy=-0.0083 m
[INFO] [1789380931.414505335] [mhe_node]: [s-collapse] moment 基准未就绪(窗口 0/20, 越界剔除 133) — 暂不判决
[INFO] [1789380931.614396117] [mhe_node]: [release-resid] STRONG 票: ΔT=-1.77N x4帧 (floor 0.9N)
[WARN] [1789380931.903831116] [mhe_node]: MHE solve failed [status=2], skipping this window (streak 1)
[WARN] [1789380931.984983537] [mhe_node]: MHE solve failed [status=2], skipping this window (streak 2)
[WARN] [1789380932.384938354] [mhe_node]: MHE solve failed [status=2], skipping this window (streak 1)
[WARN] [1789380932.414591150] [mhe_node]: [s-collapse] 估计不健康,释放判决暂停 (solve_ok=0 reanchored=0 age=0.13s) — 持续计数已清零
[WARN] [1789380932.483891615] [mhe_node]: MHE solve failed [status=2], skipping this window (streak 2)
[WARN] [1789380932.580539440] [mhe_node]: MHE solve failed [status=2], skipping this window (streak 3)
[WARN] [1789380932.784525725] [mhe_node]: MHE solve failed [status=2], skipping this window (streak 1)
[INFO] [1789380933.414425303] [mhe_node]: [s-collapse] moment 基准未就绪(窗口 0/20, 越界剔除 133) — 暂不判决
[INFO] [1789380933.656373626] [mhe_node]: MHE mass estimate: 1.961 kg (T_phys=20.39N) | solve=51.8ms (max89.0)
[INFO] [1789380933.656903977] [mhe_node]: [truth] m_hat=1.9611 m_true=2.0643 err=-5.00% | c_hat=[+0.0000,+0.0000] c_true=[+0.0000,+0.0000] | Jxx_hat=0.01420 Jxx_true=0.01420 Jyz_hat=+0.00000 Jyz_true=+0.00000 | s_hat=[-0.0193,-0.0011] s_true=[+0.0000,+0.0000] kg·m
[INFO] [1789380933.657416185] [mhe_node]: [tau_phys] roll=-0.013 pitch=+0.110 Nm
[INFO] [1789380933.658000437] [mhe_node]: [mass-diag] m_est=1.9611 T=20.392N tilt=9.60deg cos=0.98600 | T/g=2.0787 T*cos/g=2.0496 | m_est-T*cos/g=-0.0885kg (-4.32%) vz=+0.173
[INFO] [1789380933.658582316] [mhe_node]: [c_xy_est] cx=-0.0021 cy=-0.0083 m
[INFO] [1789380934.414550374] [mhe_node]: [s-collapse] moment 基准未就绪(窗口 0/20, 越界剔除 133) — 暂不判决
[INFO] [1789380935.414553305] [mhe_node]: [s-collapse] moment 基准未就绪(窗口 0/20, 越界剔除 133) — 暂不判决
[INFO] [1789380935.630470990] [mhe_node]: MHE mass estimate: 2.049 kg (T_phys=20.31N) | solve=22.2ms (max39.8)
[INFO] [1789380935.631067603] [mhe_node]: [truth] m_hat=2.0486 m_true=2.0643 err=-0.76% | c_hat=[+0.0000,+0.0000] c_true=[+0.0000,+0.0000] | Jxx_hat=0.01420 Jxx_true=0.01420 Jyz_hat=+0.00000 Jyz_true=+0.00000 | s_hat=[-0.0198,-0.0003] s_true=[+0.0000,+0.0000] kg·m
[INFO] [1789380935.631665454] [mhe_node]: [tau_phys] roll=+0.003 pitch=+0.255 Nm
[INFO] [1789380935.632331397] [mhe_node]: [mass-diag] m_est=2.0486 T=20.308N tilt=6.64deg cos=0.99329 | T/g=2.0701 T*cos/g=2.0562 | m_est-T*cos/g=-0.0076kg (-0.37%) vz=+0.231
[INFO] [1789380935.633000283] [mhe_node]: [c_xy_est] cx=-0.0021 cy=-0.0083 m
[INFO] [1789380936.414440910] [mhe_node]: [s-collapse] moment 基准未就绪(窗口 0/20, 越界剔除 133) — 暂不判决
[INFO] [1789380937.414430524] [mhe_node]: [s-collapse] moment 基准未就绪(窗口 0/20, 越界剔除 133) — 暂不判决
[INFO] [1789380937.629740026] [mhe_node]: MHE mass estimate: 2.051 kg (T_phys=20.30N) | solve=10.0ms (max18.8)
[INFO] [1789380937.630268075] [mhe_node]: [truth] m_hat=2.0513 m_true=2.0643 err=-0.63% | c_hat=[+0.0000,+0.0000] c_true=[+0.0000,+0.0000] | Jxx_hat=0.01420 Jxx_true=0.01420 Jyz_hat=+0.00000 Jyz_true=+0.00000 | s_hat=[-0.0229,+0.0009] s_true=[+0.0000,+0.0000] kg·m
[INFO] [1789380937.630775065] [mhe_node]: [tau_phys] roll=+0.022 pitch=+0.215 Nm
[INFO] [1789380937.631360445] [mhe_node]: [mass-diag] m_est=2.0513 T=20.302N tilt=3.25deg cos=0.99839 | T/g=2.0695 T*cos/g=2.0662 | m_est-T*cos/g=-0.0149kg (-0.72%) vz=+0.209
[INFO] [1789380937.631938367] [mhe_node]: [c_xy_est] cx=-0.0021 cy=-0.0083 m
[INFO] [1789380938.414437536] [mhe_node]: [s-collapse] moment 基准未就绪(窗口 0/20, 越界剔除 133) — 暂不判决
[INFO] [1789380939.414431243] [mhe_node]: [s-collapse] moment 基准未就绪(窗口 0/20, 越界剔除 133) — 暂不判决
[INFO] [1789380939.627683466] [mhe_node]: MHE mass estimate: 2.045 kg (T_phys=20.39N) | solve=12.9ms (max17.8)
[INFO] [1789380939.628242150] [mhe_node]: [truth] m_hat=2.0452 m_true=2.0643 err=-0.92% | c_hat=[+0.0000,+0.0000] c_true=[+0.0000,+0.0000] | Jxx_hat=0.01420 Jxx_true=0.01420 Jyz_hat=+0.00000 Jyz_true=+0.00000 | s_hat=[-0.0147,+0.0018] s_true=[+0.0000,+0.0000] kg·m
[INFO] [1789380939.628756430] [mhe_node]: [tau_phys] roll=+0.043 pitch=+0.147 Nm
[INFO] [1789380939.629347287] [mhe_node]: [mass-diag] m_est=2.0452 T=20.390N tilt=9.62deg cos=0.98593 | T/g=2.0785 T*cos/g=2.0492 | m_est-T*cos/g=-0.0040kg (-0.19%) vz=+0.139
[INFO] [1789380939.629920207] [mhe_node]: [c_xy_est] cx=-0.0021 cy=-0.0083 m
[INFO] [1789380940.414439702] [mhe_node]: [s-collapse] moment 基准未就绪(窗口 0/20, 越界剔除 133) — 暂不判决
[INFO] [1789380941.414449652] [mhe_node]: [s-collapse] moment 基准未就绪(窗口 0/20, 越界剔除 133) — 暂不判决
[INFO] [1789380941.628513794] [mhe_node]: MHE mass estimate: 2.049 kg (T_phys=20.07N) | solve=10.3ms (max16.9)
[INFO] [1789380941.629041894] [mhe_node]: [truth] m_hat=2.0487 m_true=2.0643 err=-0.76% | c_hat=[+0.0000,+0.0000] c_true=[+0.0000,+0.0000] | Jxx_hat=0.01420 Jxx_true=0.01420 Jyz_hat=+0.00000 Jyz_true=+0.00000 | s_hat=[-0.0167,+0.0017] s_true=[+0.0000,+0.0000] kg·m
[INFO] [1789380941.629556348] [mhe_node]: [tau_phys] roll=+0.021 pitch=+0.195 Nm
[INFO] [1789380941.630132978] [mhe_node]: [mass-diag] m_est=2.0487 T=20.073N tilt=6.33deg cos=0.99391 | T/g=2.0462 T*cos/g=2.0338 | m_est-T*cos/g=+0.0149kg (+0.73%) vz=+0.038
[INFO] [1789380941.630703569] [mhe_node]: [c_xy_est] cx=-0.0021 cy=-0.0083 m
[INFO] [1789380942.414433854] [mhe_node]: [s-collapse] moment 基准未就绪(窗口 0/20, 越界剔除 133) — 暂不判决
[INFO] [1789380943.414562130] [mhe_node]: [s-collapse] moment 基准未就绪(窗口 0/20, 越界剔除 133) — 暂不判决
[INFO] [1789380943.624979435] [mhe_node]: MHE mass estimate: 2.050 kg (T_phys=20.27N) | solve=8.3ms (max15.6)
[INFO] [1789380943.625509493] [mhe_node]: [truth] m_hat=2.0502 m_true=2.0643 err=-0.68% | c_hat=[+0.0000,+0.0000] c_true=[+0.0000,+0.0000] | Jxx_hat=0.01420 Jxx_true=0.01420 Jyz_hat=+0.00000 Jyz_true=+0.00000 | s_hat=[-0.0165,+0.0020] s_true=[+0.0000,+0.0000] kg·m
[INFO] [1789380943.626016665] [mhe_node]: [tau_phys] roll=+0.041 pitch=+0.149 Nm
[INFO] [1789380943.626609649] [mhe_node]: [mass-diag] m_est=2.0502 T=20.268N tilt=7.23deg cos=0.99205 | T/g=2.0661 T*cos/g=2.0497 | m_est-T*cos/g=+0.0005kg (+0.03%) vz=-0.112
[INFO] [1789380943.627191443] [mhe_node]: [c_xy_est] cx=-0.0021 cy=-0.0083 m
[INFO] [1789380944.414492990] [mhe_node]: [s-collapse] moment 基准未就绪(窗口 0/20, 越界剔除 133) — 暂不判决
[INFO] [1789380945.414490111] [mhe_node]: [s-collapse] moment 基准未就绪(窗口 0/20, 越界剔除 133) — 暂不判决
[INFO] [1789380945.627116071] [mhe_node]: MHE mass estimate: 2.048 kg (T_phys=20.33N) | solve=11.6ms (max17.9)
[INFO] [1789380945.627775219] [mhe_node]: [truth] m_hat=2.0479 m_true=2.0643 err=-0.79% | c_hat=[+0.0000,+0.0000] c_true=[+0.0000,+0.0000] | Jxx_hat=0.01420 Jxx_true=0.01420 Jyz_hat=+0.00000 Jyz_true=+0.00000 | s_hat=[-0.0143,+0.0025] s_true=[+0.0000,+0.0000] kg·m
[INFO] [1789380945.628290517] [mhe_node]: [tau_phys] roll=+0.002 pitch=+0.251 Nm
[INFO] [1789380945.628863025] [mhe_node]: [mass-diag] m_est=2.0479 T=20.334N tilt=10.35deg cos=0.98373 | T/g=2.0728 T*cos/g=2.0391 | m_est-T*cos/g=+0.0088kg (+0.43%) vz=-0.165
[INFO] [1789380945.629435655] [mhe_node]: [c_xy_est] cx=-0.0021 cy=-0.0083 m
[INFO] [1789380946.414539954] [mhe_node]: [s-collapse] moment 基准未就绪(窗口 0/20, 越界剔除 133) — 暂不判决
[INFO] [1789380947.414530053] [mhe_node]: [s-collapse] moment 基准未就绪(窗口 0/20, 越界剔除 133) — 暂不判决
[INFO] [1789380947.637683666] [mhe_node]: MHE mass estimate: 2.044 kg (T_phys=20.00N) | solve=18.2ms (max26.6)
[INFO] [1789380947.638222879] [mhe_node]: [truth] m_hat=2.0443 m_true=2.0643 err=-0.97% | c_hat=[+0.0000,+0.0000] c_true=[+0.0000,+0.0000] | Jxx_hat=0.01420 Jxx_true=0.01420 Jyz_hat=+0.00000 Jyz_true=+0.00000 | s_hat=[-0.0255,+0.0012] s_true=[+0.0000,+0.0000] kg·m
[INFO] [1789380947.638733877] [mhe_node]: [tau_phys] roll=+0.004 pitch=+0.201 Nm
[INFO] [1789380947.639315138] [mhe_node]: [mass-diag] m_est=2.0443 T=20.003N tilt=3.68deg cos=0.99794 | T/g=2.0391 T*cos/g=2.0349 | m_est-T*cos/g=+0.0094kg (+0.46%) vz=-0.227
[INFO] [1789380947.639885919] [mhe_node]: [c_xy_est] cx=-0.0021 cy=-0.0083 m
[INFO] [1789380948.414499773] [mhe_node]: [s-collapse] moment 基准未就绪(窗口 0/20, 越界剔除 133) — 暂不判决
[INFO] [1789380949.414435270] [mhe_node]: [s-collapse] moment 基准未就绪(窗口 0/20, 越界剔除 133) — 暂不判决
[INFO] [1789380949.628148083] [mhe_node]: MHE mass estimate: 2.042 kg (T_phys=20.49N) | solve=14.0ms (max22.0)
[INFO] [1789380949.628677644] [mhe_node]: [truth] m_hat=2.0417 m_true=2.0643 err=-1.09% | c_hat=[+0.0000,+0.0000] c_true=[+0.0000,+0.0000] | Jxx_hat=0.01420 Jxx_true=0.01420 Jyz_hat=+0.00000 Jyz_true=+0.00000 | s_hat=[-0.0212,+0.0001] s_true=[+0.0000,+0.0000] kg·m
[INFO] [1789380949.629192631] [mhe_node]: [tau_phys] roll=-0.008 pitch=+0.113 Nm
[INFO] [1789380949.629767351] [mhe_node]: [mass-diag] m_est=2.0417 T=20.492N tilt=7.17deg cos=0.99218 | T/g=2.0889 T*cos/g=2.0726 | m_est-T*cos/g=-0.0309kg (-1.49%) vz=-0.201
[INFO] [1789380949.630342982] [mhe_node]: [c_xy_est] cx=-0.0021 cy=-0.0083 m
[INFO] [1789380950.414474940] [mhe_node]: [s-collapse] moment 基准未就绪(窗口 0/20, 越界剔除 133) — 暂不判决
[INFO] [1789380951.414447827] [mhe_node]: [s-collapse] moment 基准未就绪(窗口 0/20, 越界剔除 133) — 暂不判决
[INFO] [1789380951.624049636] [mhe_node]: MHE mass estimate: 2.053 kg (T_phys=20.58N) | solve=13.1ms (max27.0)
[INFO] [1789380951.624584109] [mhe_node]: [truth] m_hat=2.0525 m_true=2.0643 err=-0.57% | c_hat=[+0.0000,+0.0000] c_true=[+0.0000,+0.0000] | Jxx_hat=0.01420 Jxx_true=0.01420 Jyz_hat=+0.00000 Jyz_true=+0.00000 | s_hat=[-0.0128,-0.0016] s_true=[+0.0000,+0.0000] kg·m
[INFO] [1789380951.625093260] [mhe_node]: [tau_phys] roll=-0.002 pitch=+0.160 Nm
[INFO] [1789380951.625671579] [mhe_node]: [mass-diag] m_est=2.0525 T=20.578N tilt=9.47deg cos=0.98638 | T/g=2.0976 T*cos/g=2.0691 | m_est-T*cos/g=-0.0166kg (-0.80%) vz=-0.078
[INFO] [1789380951.626246233] [mhe_node]: [c_xy_est] cx=-0.0021 cy=-0.0083 m
[INFO] [1789380952.414462041] [mhe_node]: [s-collapse] moment 基准未就绪(窗口 0/20, 越界剔除 133) — 暂不判决
[INFO] [1789380953.414452499] [mhe_node]: [s-collapse] moment 基准未就绪(窗口 0/20, 越界剔除 133) — 暂不判决
[INFO] [1789380953.620306679] [mhe_node]: MHE mass estimate: 2.050 kg (T_phys=20.46N) | solve=12.1ms (max19.5)
[INFO] [1789380953.620692951] [mhe_node]: [truth] m_hat=2.0503 m_true=2.0643 err=-0.68% | c_hat=[+0.0000,+0.0000] c_true=[+0.0000,+0.0000] | Jxx_hat=0.01420 Jxx_true=0.01420 Jyz_hat=+0.00000 Jyz_true=+0.00000 | s_hat=[-0.0180,-0.0004] s_true=[+0.0000,+0.0000] kg·m
[INFO] [1789380953.621061190] [mhe_node]: [tau_phys] roll=-0.013 pitch=+0.180 Nm
[INFO] [1789380953.621475693] [mhe_node]: [mass-diag] m_est=2.0503 T=20.459N tilt=4.82deg cos=0.99647 | T/g=2.0855 T*cos/g=2.0781 | m_est-T*cos/g=-0.0278kg (-1.34%) vz=+0.008
[INFO] [1789380953.621880485] [mhe_node]: [c_xy_est] cx=-0.0021 cy=-0.0083 m
[INFO] [1789380954.414506435] [mhe_node]: [s-collapse] moment 基准未就绪(窗口 0/20, 越界剔除 133) — 暂不判决
[INFO] [1789380955.414480446] [mhe_node]: [s-collapse] moment 基准未就绪(窗口 0/20, 越界剔除 133) — 暂不判决
[INFO] [1789380955.623904170] [mhe_node]: MHE mass estimate: 2.053 kg (T_phys=20.64N) | solve=9.3ms (max17.8)
[INFO] [1789380955.624446725] [mhe_node]: [truth] m_hat=2.0533 m_true=2.0643 err=-0.53% | c_hat=[+0.0000,+0.0000] c_true=[+0.0000,+0.0000] | Jxx_hat=0.01420 Jxx_true=0.01420 Jyz_hat=+0.00000 Jyz_true=+0.00000 | s_hat=[-0.0130,-0.0008] s_true=[+0.0000,+0.0000] kg·m
[INFO] [1789380955.624967954] [mhe_node]: [tau_phys] roll=-0.034 pitch=+0.136 Nm
[INFO] [1789380955.625565202] [mhe_node]: [mass-diag] m_est=2.0533 T=20.639N tilt=9.24deg cos=0.98704 | T/g=2.1039 T*cos/g=2.0766 | m_est-T*cos/g=-0.0233kg (-1.12%) vz=+0.144
[INFO] [1789380955.626150808] [mhe_node]: [c_xy_est] cx=-0.0021 cy=-0.0083 m
[INFO] [1789380956.414503106] [mhe_node]: [s-collapse] moment 基准未就绪(窗口 0/20, 越界剔除 133) — 暂不判决
[INFO] [1789380957.414541789] [mhe_node]: [s-collapse] moment 基准未就绪(窗口 0/20, 越界剔除 133) — 暂不判决
[INFO] [1789380957.628135526] [mhe_node]: MHE mass estimate: 2.045 kg (T_phys=20.33N) | solve=11.8ms (max17.7)
[INFO] [1789380957.628667365] [mhe_node]: [truth] m_hat=2.0448 m_true=2.0643 err=-0.95% | c_hat=[+0.0000,+0.0000] c_true=[+0.0000,+0.0000] | Jxx_hat=0.01420 Jxx_true=0.01420 Jyz_hat=+0.00000 Jyz_true=+0.00000 | s_hat=[-0.0179,-0.0004] s_true=[+0.0000,+0.0000] kg·m
[INFO] [1789380957.629181294] [mhe_node]: [tau_phys] roll=+0.000 pitch=+0.284 Nm
[INFO] [1789380957.629763300] [mhe_node]: [mass-diag] m_est=2.0448 T=20.334N tilt=7.98deg cos=0.99032 | T/g=2.0728 T*cos/g=2.0527 | m_est-T*cos/g=-0.0079kg (-0.38%) vz=+0.252
[INFO] [1789380957.630342376] [mhe_node]: [c_xy_est] cx=-0.0021 cy=-0.0083 m
[INFO] [1789380958.414506785] [mhe_node]: [s-collapse] moment 基准未就绪(窗口 0/20, 越界剔除 133) — 暂不判决
[INFO] [1789380959.414439123] [mhe_node]: [s-collapse] moment 基准未就绪(窗口 0/20, 越界剔除 133) — 暂不判决
[INFO] [1789380959.622957248] [mhe_node]: MHE mass estimate: 2.052 kg (T_phys=20.13N) | solve=14.6ms (max25.9)
[INFO] [1789380959.623488846] [mhe_node]: [truth] m_hat=2.0521 m_true=2.0643 err=-0.59% | c_hat=[+0.0000,+0.0000] c_true=[+0.0000,+0.0000] | Jxx_hat=0.01420 Jxx_true=0.01420 Jyz_hat=+0.00000 Jyz_true=+0.00000 | s_hat=[-0.0240,+0.0008] s_true=[+0.0000,+0.0000] kg·m
[INFO] [1789380959.623997812] [mhe_node]: [tau_phys] roll=+0.024 pitch=+0.262 Nm
[INFO] [1789380959.624577778] [mhe_node]: [mass-diag] m_est=2.0521 T=20.126N tilt=1.99deg cos=0.99939 | T/g=2.0516 T*cos/g=2.0503 | m_est-T*cos/g=+0.0017kg (+0.08%) vz=+0.216
[INFO] [1789380959.625154516] [mhe_node]: [c_xy_est] cx=-0.0021 cy=-0.0083 m
[INFO] [1789380960.414522331] [mhe_node]: [s-collapse] moment 基准未就绪(窗口 0/20, 越界剔除 133) — 暂不判决
[INFO] [1789380961.414516432] [mhe_node]: [s-collapse] moment 基准未就绪(窗口 0/20, 越界剔除 133) — 暂不判决
[INFO] [1789380961.638377527] [mhe_node]: MHE mass estimate: 2.047 kg (T_phys=20.58N) | solve=14.4ms (max23.4)
[INFO] [1789380961.638903023] [mhe_node]: [truth] m_hat=2.0471 m_true=2.0643 err=-0.83% | c_hat=[+0.0000,+0.0000] c_true=[+0.0000,+0.0000] | Jxx_hat=0.01420 Jxx_true=0.01420 Jyz_hat=+0.00000 Jyz_true=+0.00000 | s_hat=[-0.0157,+0.0016] s_true=[+0.0000,+0.0000] kg·m
[INFO] [1789380961.639411603] [mhe_node]: [tau_phys] roll=+0.047 pitch=+0.145 Nm
[INFO] [1789380961.639990124] [mhe_node]: [mass-diag] m_est=2.0471 T=20.582N tilt=9.16deg cos=0.98723 | T/g=2.0981 T*cos/g=2.0713 | m_est-T*cos/g=-0.0242kg (-1.17%) vz=+0.151
[INFO] [1789380961.640574837] [mhe_node]: [c_xy_est] cx=-0.0021 cy=-0.0083 m
[INFO] [1789380962.414467745] [mhe_node]: [s-collapse] moment 基准未就绪(窗口 0/20, 越界剔除 133) — 暂不判决
[INFO] [1789380963.414554973] [mhe_node]: [s-collapse] moment 基准未就绪(窗口 0/20, 越界剔除 133) — 暂不判决
[INFO] [1789380963.625227186] [mhe_node]: MHE mass estimate: 2.051 kg (T_phys=20.13N) | solve=10.8ms (max22.3)
[INFO] [1789380963.625898917] [mhe_node]: [truth] m_hat=2.0511 m_true=2.0643 err=-0.64% | c_hat=[+0.0000,+0.0000] c_true=[+0.0000,+0.0000] | Jxx_hat=0.01420 Jxx_true=0.01420 Jyz_hat=+0.00000 Jyz_true=+0.00000 | s_hat=[-0.0158,+0.0020] s_true=[+0.0000,+0.0000] kg·m
[INFO] [1789380963.626411689] [mhe_node]: [tau_phys] roll=+0.012 pitch=+0.145 Nm
[INFO] [1789380963.626986298] [mhe_node]: [mass-diag] m_est=2.0511 T=20.128N tilt=6.98deg cos=0.99259 | T/g=2.0517 T*cos/g=2.0365 | m_est-T*cos/g=+0.0146kg (+0.72%) vz=+0.044
[INFO] [1789380963.627557651] [mhe_node]: [c_xy_est] cx=-0.0021 cy=-0.0083 m
[INFO] [1789380964.414515136] [mhe_node]: [s-collapse] moment 基准未就绪(窗口 0/20, 越界剔除 133) — 暂不判决
[INFO] [1789380965.414534498] [mhe_node]: [s-collapse] moment 基准未就绪(窗口 0/20, 越界剔除 133) — 暂不判决
[INFO] [1789380965.627363539] [mhe_node]: MHE mass estimate: 2.053 kg (T_phys=20.23N) | solve=8.2ms (max12.0)
[INFO] [1789380965.627917540] [mhe_node]: [truth] m_hat=2.0530 m_true=2.0643 err=-0.55% | c_hat=[+0.0000,+0.0000] c_true=[+0.0000,+0.0000] | Jxx_hat=0.01420 Jxx_true=0.01420 Jyz_hat=+0.00000 Jyz_true=+0.00000 | s_hat=[-0.0166,+0.0018] s_true=[+0.0000,+0.0000] kg·m
[INFO] [1789380965.628428842] [mhe_node]: [tau_phys] roll=+0.037 pitch=+0.139 Nm
[INFO] [1789380965.629006002] [mhe_node]: [mass-diag] m_est=2.0530 T=20.231N tilt=6.56deg cos=0.99345 | T/g=2.0623 T*cos/g=2.0488 | m_est-T*cos/g=+0.0042kg (+0.21%) vz=-0.088
[INFO] [1789380965.629580201] [mhe_node]: [c_xy_est] cx=-0.0021 cy=-0.0083 m
[INFO] [1789380966.414484366] [mhe_node]: [s-collapse] moment 基准未就绪(窗口 0/20, 越界剔除 133) — 暂不判决
[INFO] [1789380967.414559484] [mhe_node]: [s-collapse] moment 基准未就绪(窗口 0/20, 越界剔除 133) — 暂不判决
[INFO] [1789380967.626576617] [mhe_node]: MHE mass estimate: 2.049 kg (T_phys=20.33N) | solve=11.1ms (max16.7)
[INFO] [1789380967.627108968] [mhe_node]: [truth] m_hat=2.0495 m_true=2.0643 err=-0.72% | c_hat=[+0.0000,+0.0000] c_true=[+0.0000,+0.0000] | Jxx_hat=0.01420 Jxx_true=0.01420 Jyz_hat=+0.00000 Jyz_true=+0.00000 | s_hat=[-0.0136,+0.0025] s_true=[+0.0000,+0.0000] kg·m
[INFO] [1789380967.627622417] [mhe_node]: [tau_phys] roll=+0.002 pitch=+0.188 Nm
[INFO] [1789380967.628207804] [mhe_node]: [mass-diag] m_est=2.0495 T=20.327N tilt=10.88deg cos=0.98202 | T/g=2.0721 T*cos/g=2.0348 | m_est-T*cos/g=+0.0146kg (+0.72%) vz=-0.161
[INFO] [1789380967.628780995] [mhe_node]: [c_xy_est] cx=-0.0021 cy=-0.0083 m
[INFO] [1789380968.414505981] [mhe_node]: [s-collapse] moment 基准未就绪(窗口 0/20, 越界剔除 133) — 暂不判决
[INFO] [1789380969.414482650] [mhe_node]: [s-collapse] moment 基准未就绪(窗口 0/20, 越界剔除 133) — 暂不判决
[INFO] [1789380969.628430086] [mhe_node]: MHE mass estimate: 2.040 kg (T_phys=20.21N) | solve=15.0ms (max23.6)
[INFO] [1789380969.628817058] [mhe_node]: [truth] m_hat=2.0403 m_true=2.0643 err=-1.16% | c_hat=[+0.0000,+0.0000] c_true=[+0.0000,+0.0000] | Jxx_hat=0.01420 Jxx_true=0.01420 Jyz_hat=+0.00000 Jyz_true=+0.00000 | s_hat=[-0.0243,+0.0013] s_true=[+0.0000,+0.0000] kg·m
[INFO] [1789380969.629179912] [mhe_node]: [tau_phys] roll=+0.006 pitch=+0.185 Nm
[INFO] [1789380969.629593176] [mhe_node]: [mass-diag] m_est=2.0403 T=20.213N tilt=4.93deg cos=0.99630 | T/g=2.0604 T*cos/g=2.0528 | m_est-T*cos/g=-0.0125kg (-0.61%) vz=-0.218
[INFO] [1789380969.629996130] [mhe_node]: [c_xy_est] cx=-0.0021 cy=-0.0083 m
[INFO] [1789380970.414442694] [mhe_node]: [s-collapse] moment 基准未就绪(窗口 0/20, 越界剔除 133) — 暂不判决
[INFO] [1789380971.414547925] [mhe_node]: [s-collapse] moment 基准未就绪(窗口 0/20, 越界剔除 133) — 暂不判决
[INFO] [1789380971.632661980] [mhe_node]: MHE mass estimate: 2.032 kg (T_phys=20.32N) | solve=13.0ms (max21.0)
[INFO] [1789380971.633218344] [mhe_node]: [truth] m_hat=2.0321 m_true=2.0643 err=-1.56% | c_hat=[+0.0000,+0.0000] c_true=[+0.0000,+0.0000] | Jxx_hat=0.01420 Jxx_true=0.01420 Jyz_hat=+0.00000 Jyz_true=+0.00000 | s_hat=[-0.0214,+0.0003] s_true=[+0.0000,+0.0000] kg·m
[INFO] [1789380971.633732908] [mhe_node]: [tau_phys] roll=-0.021 pitch=+0.179 Nm
[INFO] [1789380971.634326424] [mhe_node]: [mass-diag] m_est=2.0321 T=20.324N tilt=6.19deg cos=0.99416 | T/g=2.0718 T*cos/g=2.0597 | m_est-T*cos/g=-0.0276kg (-1.34%) vz=-0.205
[INFO] [1789380971.634900947] [mhe_node]: [c_xy_est] cx=-0.0021 cy=-0.0083 m
[INFO] [1789380972.414492430] [mhe_node]: [s-collapse] moment 基准未就绪(窗口 0/20, 越界剔除 133) — 暂不判决
[INFO] [1789380973.414648242] [mhe_node]: [s-collapse] moment 基准未就绪(窗口 0/20, 越界剔除 133) — 暂不判决
[ros2run]: Killed
