[INFO] [1789409670.565519929] [proximity_gripper_node]: proximity_gripper ready (gz-transport): drone=x500_0 targets=['box', 'box2', 'box3', 'box4'] pose_topic=/world/gripper_test/pose/info r_xy=0.18 h=[0.3,1.5] v_rel_max=0.2 detach_delay=0.00s partial_loss=dry:[(45.0, 'box4'), (80.0, 'box3'), (115.0, 'box2')]
[INFO] [1789409703.564519385] [proximity_gripper_node]: gripper ENABLED
[INFO] [1789409703.661004541] [proximity_gripper_node]: attach condition met: d_xy=0.174 dz=0.489 v_rel=0.000 (r_xy 上限 0.180)
[INFO] [1789409703.661186132] [proximity_gripper_node]: -> ATTACH "x500_0 base_link box box_link"
[INFO] [1789409703.661335794] [proximity_gripper_node]: -> attach offset (box - drone) = [-0.025, -0.172, -0.489] m
[INFO] [1789409703.661449191] [proximity_gripper_node]: attach 暂不触发 [box2]: 偏心 d_xy=0.184 ≥ r_xy=0.180 (配平 roll ≈ 0.543N·m = 109% 的 ±0.5 约束)
[INFO] [1789409703.661577072] [proximity_gripper_node]: attach condition met: d_xy=0.086 dz=0.489 v_rel=0.000 (r_xy 上限 0.180)
[INFO] [1789409703.661683360] [proximity_gripper_node]: -> ATTACH "x500_0 base_link box3 box_link"
[INFO] [1789409703.661801898] [proximity_gripper_node]: -> attach offset (box - drone) = [-0.025, -0.082, -0.489] m
[INFO] [1789409703.661923575] [proximity_gripper_node]: attach condition met: d_xy=0.105 dz=0.489 v_rel=0.000 (r_xy 上限 0.180)
[INFO] [1789409703.662023328] [proximity_gripper_node]: -> ATTACH "x500_0 base_link box4 box_link"
[INFO] [1789409703.662135241] [proximity_gripper_node]: -> attach offset (box - drone) = [+0.065, -0.082, -0.489] m
[INFO] [1789409705.760971629] [proximity_gripper_node]: attach 暂不触发 [box2]: 偏心 d_xy=0.196 ≥ r_xy=0.180 (配平 roll ≈ 0.577N·m = 115% 的 ±0.5 约束)
[INFO] [1789409707.761068522] [proximity_gripper_node]: attach 暂不触发 [box2]: 偏心 d_xy=0.182 ≥ r_xy=0.180 (配平 roll ≈ 0.536N·m = 107% 的 ±0.5 约束)
[INFO] [1789409707.961226741] [proximity_gripper_node]: attach condition met: d_xy=0.178 dz=0.495 v_rel=0.000 (r_xy 上限 0.180)
[INFO] [1789409707.961381454] [proximity_gripper_node]: -> ATTACH "x500_0 base_link box2 box_link"
[INFO] [1789409707.961519058] [proximity_gripper_node]: -> attach offset (box - drone) = [+0.062, -0.167, -0.495] m
[WARN] [1789409748.760980419] [proximity_gripper_node]: PARTIAL LOSS (dry) "box4" at +45.10s after first attach (marker only, still attached=True)
[WARN] [1789409783.761183012] [proximity_gripper_node]: PARTIAL LOSS (dry) "box3" at +80.10s after first attach (marker only, still attached=True)
[WARN] [1789409818.760969742] [proximity_gripper_node]: PARTIAL LOSS (dry) "box2" at +115.10s after first attach (marker only, still attached=True)
[ros2run]: Killed
