[INFO] [1785424250.178647532] [acados_nmpc_node]: acados NMPC node starting, building/loading solver...
Code reuse possible, skipping code generation.
acados was compiled without OpenMP.
[INFO] [1785424250.189224439] [acados_nmpc_node]: GRIPPER MODE: hover over box (1.0,0.1) z 0.55->2.5m, lift after 1.5s, empty m_est=2.06kg
[INFO] [1785424250.189649459] [acados_nmpc_node]: Warming up acados solver...
[INFO] [1785424250.195582277] [acados_nmpc_node]: Solver warmup complete, took 5.5 ms
[INFO] [1785424250.202630700] [acados_nmpc_node]: Decoupled publish enabled: solve @20Hz, body_rate/thrust @50Hz (trajectory interpolation)
[INFO] [1785424250.203138468] [acados_nmpc_node]: acados NMPC node initialized! Waiting for EKF2 convergence...
[INFO] [1785424260.203744286] [acados_nmpc_node]: Waiting for EKF2 convergence... 5/10 s
[INFO] [1785424265.204376905] [acados_nmpc_node]: Waiting for EKF2 convergence... 10/10 s
[INFO] [1785424265.252638061] [acados_nmpc_node]: Switching to OFFBOARD mode
[INFO] [1785424266.104262851] [acados_nmpc_node]: Sending arm command
[INFO] [1785424267.104388410] [acados_nmpc_node]: Armed, preparing to move to trajectory start...
[INFO] [1785424269.552554417] [acados_nmpc_node]: Gripper approach (climb): rising at spawn to z=1.50m | z=0.14m v=0.39m/s
[INFO] [1785424272.052547919] [acados_nmpc_node]: Gripper approach (climb): rising at spawn to z=1.50m | z=1.02m v=0.23m/s
[INFO] [1785424274.152612186] [acados_nmpc_node]: Gripper approach: climbed to safe altitude at spawn, now translating over box
[INFO] [1785424274.552682717] [acados_nmpc_node]: Gripper approach (high): aligning over box at z=1.50m | xy=0.982m z_err=0.157m v=0.23m/s
[INFO] [1785424276.404006416] [acados_nmpc_node]: Gripper approach: aligned above box, NMPC will take over here (z=1.50m), settle 3.0s then descend to z=0.55m to trigger attach
[INFO] [1785424276.452645741] [acados_nmpc_node]: Reached trajectory start, NMPC tracking begins!
[INFO] [1785424277.007021807] [acados_nmpc_node]: t=0.6s | pos_err=0.081m | T=20.06N | tau=[r-0.017 p0.028 y-0.017]Nm | res_stat=3.681e-07(peak 5.249e-07) sqp_iter=3 | solve=1.5ms
[INFO] [1785424279.452537237] [acados_nmpc_node]: t=3.0s | DESCEND: settle done, lowering 1.5->0.55m, will enable gripper at bottom
[INFO] [1785424282.006993346] [acados_nmpc_node]: t=5.6s | pos_err=0.068m | T=20.47N | tau=[r-0.001 p0.000 y-0.000]Nm | res_stat=9.802e-07(peak 9.938e-07) sqp_iter=2 | solve=1.2ms
[INFO] [1785424283.005479646] [acados_nmpc_node]: t=6.6s | DESCEND done at z=0.570m (target 0.550m, z_err=0.020m, v=0.05m/s), gripper ENABLED (attach will trigger now)
[INFO] [1785424283.067699725] [acados_nmpc_node]: attach offset received: box-drone = [-0.013, -0.072, -0.475] m
[INFO] [1785424283.105393902] [acados_nmpc_node]: PX4 MC_ROLLRATE_K: 1.000 -> 5.000 (inertia ratio 5.07, cap 5.0)
[INFO] [1785424283.105608109] [acados_nmpc_node]: PX4 MC_PITCHRATE_K: 1.000 -> 5.000 (inertia ratio 5.07, cap 5.0)
[INFO] [1785424283.105803243] [acados_nmpc_node]: t=6.7s | ATTACH (geom_source=online): dJ/gain init from prior m_p=0.30kg arm=0.47m (dJ=0.0579); c_xy+dJ refine online, attach truth eval-only
[INFO] [1785424283.108148216] [acados_nmpc_node]: [attach-window] t=6.65s pos_err=0.019m T=19.85N z=0.566 m_est=2.058
[INFO] [1785424283.154192531] [acados_nmpc_node]: [attach-window] t=6.70s pos_err=0.020m T=19.55N z=0.567 m_est=2.029
[INFO] [1785424283.207320270] [acados_nmpc_node]: [attach-window] t=6.75s pos_err=0.021m T=19.51N z=0.569 m_est=2.029
[INFO] [1785424283.254097983] [acados_nmpc_node]: [attach-window] t=6.80s pos_err=0.022m T=19.49N z=0.570 m_est=2.030
[INFO] [1785424283.307301169] [acados_nmpc_node]: [attach-window] t=6.85s pos_err=0.024m T=19.44N z=0.572 m_est=2.030
[INFO] [1785424283.354326103] [acados_nmpc_node]: [attach-window] t=6.90s pos_err=0.024m T=19.41N z=0.573 m_est=2.029
[INFO] [1785424283.407177045] [acados_nmpc_node]: [attach-window] t=6.95s pos_err=0.026m T=19.37N z=0.575 m_est=2.029
[INFO] [1785424283.454200269] [acados_nmpc_node]: [attach-window] t=7.00s pos_err=0.027m T=19.33N z=0.577 m_est=2.028
[INFO] [1785424283.507231626] [acados_nmpc_node]: [attach-window] t=7.05s pos_err=0.029m T=19.29N z=0.579 m_est=2.028
[INFO] [1785424283.554276492] [acados_nmpc_node]: [attach-window] t=7.10s pos_err=0.030m T=19.24N z=0.580 m_est=2.026
[INFO] [1785424283.607147220] [acados_nmpc_node]: [attach-window] t=7.15s pos_err=0.032m T=19.20N z=0.581 m_est=2.026
[INFO] [1785424283.654316519] [acados_nmpc_node]: [attach-window] t=7.20s pos_err=0.033m T=19.15N z=0.583 m_est=2.024
[INFO] [1785424283.707490161] [acados_nmpc_node]: [attach-window] t=7.25s pos_err=0.035m T=19.12N z=0.584 m_est=2.024
[INFO] [1785424283.753813701] [acados_nmpc_node]: [attach-window] t=7.30s pos_err=0.035m T=19.07N z=0.585 m_est=2.020
[INFO] [1785424283.807420290] [acados_nmpc_node]: [attach-window] t=7.35s pos_err=0.036m T=19.05N z=0.586 m_est=2.020
[INFO] [1785424283.854429357] [acados_nmpc_node]: [attach-window] t=7.40s pos_err=0.037m T=19.00N z=0.586 m_est=2.016
[INFO] [1785424283.907441394] [acados_nmpc_node]: [attach-window] t=7.45s pos_err=0.037m T=18.94N z=0.586 m_est=2.011
[INFO] [1785424283.954498970] [acados_nmpc_node]: [attach-window] t=7.50s pos_err=0.037m T=18.94N z=0.586 m_est=2.011
[INFO] [1785424284.007404056] [acados_nmpc_node]: [attach-window] t=7.55s pos_err=0.038m T=18.94N z=0.586 m_est=2.011
[INFO] [1785424284.054492077] [acados_nmpc_node]: [attach-window] t=7.60s pos_err=0.038m T=18.88N z=0.586 m_est=2.004
[INFO] [1785424284.107433836] [acados_nmpc_node]: [attach-window] t=7.65s pos_err=0.038m T=18.88N z=0.586 m_est=2.004
[INFO] [1785424284.154375260] [acados_nmpc_node]: [attach-window] t=7.70s pos_err=0.038m T=18.82N z=0.586 m_est=1.998
[INFO] [1785424284.207292172] [acados_nmpc_node]: [attach-window] t=7.75s pos_err=0.039m T=18.75N z=0.586 m_est=1.990
[INFO] [1785424284.254332942] [acados_nmpc_node]: [attach-window] t=7.80s pos_err=0.039m T=18.75N z=0.587 m_est=1.990
[INFO] [1785424284.307543705] [acados_nmpc_node]: [attach-window] t=7.85s pos_err=0.039m T=18.66N z=0.587 m_est=1.983
[INFO] [1785424284.354437138] [acados_nmpc_node]: [attach-window] t=7.90s pos_err=0.040m T=18.65N z=0.587 m_est=1.983
[INFO] [1785424284.407417121] [acados_nmpc_node]: [attach-window] t=7.95s pos_err=0.040m T=18.64N z=0.588 m_est=1.983
[INFO] [1785424284.454458210] [acados_nmpc_node]: [attach-window] t=8.00s pos_err=0.041m T=18.55N z=0.589 m_est=1.975
[INFO] [1785424284.507498148] [acados_nmpc_node]: [attach-window] t=8.05s pos_err=0.042m T=18.53N z=0.590 m_est=1.975
[INFO] [1785424284.554310360] [acados_nmpc_node]: [attach-window] t=8.10s pos_err=0.042m T=18.43N z=0.591 m_est=1.966
[INFO] [1785424284.605556061] [acados_nmpc_node]: t=8.2s | LIFT: raising hover 0.55->2.5m to lift payload
[INFO] [1785424284.607873152] [acados_nmpc_node]: [attach-window] t=8.15s pos_err=0.043m T=18.41N z=0.592 m_est=1.966
[INFO] [1785424284.654402711] [acados_nmpc_node]: [attach-window] t=8.20s pos_err=0.044m T=18.34N z=0.593 m_est=1.961
[INFO] [1785424284.707840149] [acados_nmpc_node]: [attach-window] t=8.25s pos_err=0.045m T=18.33N z=0.594 m_est=1.961
[INFO] [1785424284.754396807] [acados_nmpc_node]: [attach-window] t=8.30s pos_err=0.044m T=18.34N z=0.595 m_est=1.961
[INFO] [1785424284.807585744] [acados_nmpc_node]: [attach-window] t=8.35s pos_err=0.042m T=18.37N z=0.596 m_est=1.961
[INFO] [1785424284.854406823] [acados_nmpc_node]: [attach-window] t=8.40s pos_err=0.038m T=18.44N z=0.597 m_est=1.961
[INFO] [1785424284.907763068] [acados_nmpc_node]: [attach-window] t=8.45s pos_err=0.032m T=18.56N z=0.597 m_est=1.961
[INFO] [1785424284.954560288] [acados_nmpc_node]: [attach-window] t=8.50s pos_err=0.024m T=18.72N z=0.597 m_est=1.961
[INFO] [1785424285.007503211] [acados_nmpc_node]: [attach-window] t=8.55s pos_err=0.014m T=18.96N z=0.597 m_est=1.961
[INFO] [1785424285.054448887] [acados_nmpc_node]: [attach-window] t=8.60s pos_err=0.010m T=19.21N z=0.597 m_est=1.961
[INFO] [1785424285.107491379] [acados_nmpc_node]: [attach-window] t=8.65s pos_err=0.024m T=19.57N z=0.597 m_est=1.961
[INFO] [1785424285.154516318] [acados_nmpc_node]: [attach-window] t=8.70s pos_err=0.043m T=19.94N z=0.596 m_est=1.961
[INFO] [1785424285.207483720] [acados_nmpc_node]: [attach-window] t=8.75s pos_err=0.068m T=20.42N z=0.595 m_est=1.961
[INFO] [1785424285.254417238] [acados_nmpc_node]: [attach-window] t=8.80s pos_err=0.093m T=20.89N z=0.595 m_est=1.961
[INFO] [1785424285.307407209] [acados_nmpc_node]: [attach-window] t=8.85s pos_err=0.125m T=21.49N z=0.594 m_est=1.961
[INFO] [1785424285.354548024] [acados_nmpc_node]: [attach-window] t=8.90s pos_err=0.156m T=22.07N z=0.594 m_est=1.961
[INFO] [1785424285.407540365] [acados_nmpc_node]: [attach-window] t=8.95s pos_err=0.195m T=22.79N z=0.593 m_est=1.961
[INFO] [1785424285.454082893] [acados_nmpc_node]: [attach-window] t=9.00s pos_err=0.231m T=23.49N z=0.593 m_est=1.961
[INFO] [1785424285.505944689] [acados_nmpc_node]: [attach-window] t=9.05s pos_err=0.275m T=24.28N z=0.592 m_est=1.961
[INFO] [1785424285.554031332] [acados_nmpc_node]: [attach-window] t=9.10s pos_err=0.318m T=25.07N z=0.592 m_est=1.961
[INFO] [1785424285.606087686] [acados_nmpc_node]: [attach-window] t=9.15s pos_err=0.366m T=25.77N z=0.593 m_est=1.961
[INFO] [1785424285.654157191] [acados_nmpc_node]: [attach-window] t=9.20s pos_err=0.412m T=26.38N z=0.594 m_est=1.961
[INFO] [1785424285.706132761] [acados_nmpc_node]: [attach-window] t=9.25s pos_err=0.460m T=27.18N z=0.599 m_est=2.009
[INFO] [1785424285.754131905] [acados_nmpc_node]: [attach-window] t=9.30s pos_err=0.507m T=27.70N z=0.604 m_est=2.009
[INFO] [1785424285.806069191] [acados_nmpc_node]: [attach-window] t=9.35s pos_err=0.552m T=28.99N z=0.617 m_est=2.145
[INFO] [1785424285.854094853] [acados_nmpc_node]: [attach-window] t=9.40s pos_err=0.595m T=29.09N z=0.628 m_est=2.145
[INFO] [1785424285.906001595] [acados_nmpc_node]: [attach-window] t=9.45s pos_err=0.630m T=29.40N z=0.654 m_est=2.259
[INFO] [1785424285.954307958] [acados_nmpc_node]: [attach-window] t=9.50s pos_err=0.670m T=29.41N z=0.670 m_est=2.259
[INFO] [1785424286.006296708] [acados_nmpc_node]: [attach-window] t=9.55s pos_err=0.692m T=28.16N z=0.712 m_est=2.262
[INFO] [1785424286.054075054] [acados_nmpc_node]: [attach-window] t=9.60s pos_err=0.719m T=27.64N z=0.743 m_est=2.262
[INFO] [1785424286.107768905] [acados_nmpc_node]: [attach-window] t=9.65s pos_err=0.725m T=26.52N z=0.801 m_est=2.277
[INFO] [1785424286.154523990] [acados_nmpc_node]: [attach-window] t=9.70s pos_err=0.750m T=26.42N z=0.833 m_est=2.277
[INFO] [1785424286.207758050] [acados_nmpc_node]: [attach-window] t=9.75s pos_err=0.747m T=25.70N z=0.901 m_est=2.312
[INFO] [1785424286.254617293] [acados_nmpc_node]: [attach-window] t=9.80s pos_err=0.758m T=25.40N z=0.946 m_est=2.312
[INFO] [1785424286.307688681] [acados_nmpc_node]: [attach-window] t=9.85s pos_err=0.745m T=24.11N z=1.022 m_est=2.268
[INFO] [1785424286.354401667] [acados_nmpc_node]: [attach-window] t=9.90s pos_err=0.761m T=24.15N z=1.060 m_est=2.268
[INFO] [1785424286.407710390] [acados_nmpc_node]: [attach-window] t=9.95s pos_err=0.743m T=23.37N z=1.139 m_est=2.247
[INFO] [1785424286.454510429] [acados_nmpc_node]: [attach-window] t=10.00s pos_err=0.746m T=23.32N z=1.188 m_est=2.247
[INFO] [1785424286.506066507] [acados_nmpc_node]: [attach-window] t=10.05s pos_err=0.723m T=22.86N z=1.267 m_est=2.243
[INFO] [1785424286.554375372] [acados_nmpc_node]: [attach-window] t=10.10s pos_err=0.733m T=23.11N z=1.306 m_est=2.243
[INFO] [1785424286.605826424] [acados_nmpc_node]: [attach-window] t=10.15s pos_err=0.708m T=22.76N z=1.382 m_est=2.240
[INFO] [1785424286.654016321] [acados_nmpc_node]: [attach-window] t=10.20s pos_err=0.706m T=22.82N z=1.429 m_est=2.240
[INFO] [1785424286.705974615] [acados_nmpc_node]: [attach-window] t=10.25s pos_err=0.678m T=22.50N z=1.503 m_est=2.240
[INFO] [1785424286.753912632] [acados_nmpc_node]: [attach-window] t=10.30s pos_err=0.682m T=22.72N z=1.539 m_est=2.243
[INFO] [1785424286.805762758] [acados_nmpc_node]: [attach-window] t=10.35s pos_err=0.652m T=22.56N z=1.610 m_est=2.259
[INFO] [1785424286.854001546] [acados_nmpc_node]: [attach-window] t=10.40s pos_err=0.644m T=22.56N z=1.653 m_est=2.259
[INFO] [1785424286.907641405] [acados_nmpc_node]: [attach-window] t=10.45s pos_err=0.612m T=22.24N z=1.719 m_est=2.259
[INFO] [1785424286.954628904] [acados_nmpc_node]: [attach-window] t=10.50s pos_err=0.607m T=22.37N z=1.752 m_est=2.267
[INFO] [1785424287.007914281] [acados_nmpc_node]: [attach-window] t=10.55s pos_err=0.572m T=22.06N z=1.815 m_est=2.267
[INFO] [1785424287.008401983] [acados_nmpc_node]: t=10.6s | pos_err=0.572m | T=22.06N | tau=[r-0.069 p0.093 y0.002]Nm | res_stat=7.735e-07(peak 9.938e-07) sqp_iter=3 | solve=1.6ms
[INFO] [1785424287.054564779] [acados_nmpc_node]: [attach-window] t=10.60s pos_err=0.556m T=21.91N z=1.853 m_est=2.260
[INFO] [1785424287.107797830] [acados_nmpc_node]: [attach-window] t=10.65s pos_err=0.518m T=21.60N z=1.913 m_est=2.260
[INFO] [1785424287.154404414] [acados_nmpc_node]: [attach-window] t=10.70s pos_err=0.506m T=21.60N z=1.942 m_est=2.259
[INFO] [1785424287.207654629] [acados_nmpc_node]: [attach-window] t=10.75s pos_err=0.466m T=21.37N z=1.997 m_est=2.259
[INFO] [1785424287.254363370] [acados_nmpc_node]: [attach-window] t=10.80s pos_err=0.444m T=21.31N z=2.029 m_est=2.260
[INFO] [1785424287.307712745] [acados_nmpc_node]: [attach-window] t=10.85s pos_err=0.405m T=21.16N z=2.078 m_est=2.260
[INFO] [1785424287.354430450] [acados_nmpc_node]: [attach-window] t=10.90s pos_err=0.389m T=21.18N z=2.101 m_est=2.263
[INFO] [1785424287.405850806] [acados_nmpc_node]: [attach-window] t=10.95s pos_err=0.350m T=21.10N z=2.145 m_est=2.263
[INFO] [1785424287.454047010] [acados_nmpc_node]: [attach-window] t=11.00s pos_err=0.328m T=21.12N z=2.170 m_est=2.265
[INFO] [1785424287.505991938] [acados_nmpc_node]: [attach-window] t=11.05s pos_err=0.293m T=21.11N z=2.206 m_est=2.265
[INFO] [1785424287.553991777] [acados_nmpc_node]: [attach-window] t=11.10s pos_err=0.273m T=21.20N z=2.227 m_est=2.272
[INFO] [1785424287.606022391] [acados_nmpc_node]: [attach-window] t=11.15s pos_err=0.247m T=21.27N z=2.254 m_est=2.272
[INFO] [1785424287.654160632] [acados_nmpc_node]: [attach-window] t=11.20s pos_err=0.230m T=21.31N z=2.271 m_est=2.267
[INFO] [1785424287.706432972] [acados_nmpc_node]: [attach-window] t=11.25s pos_err=0.206m T=21.49N z=2.295 m_est=2.270
[INFO] [1785424287.754085593] [acados_nmpc_node]: [attach-window] t=11.30s pos_err=0.195m T=21.58N z=2.305 m_est=2.270
[INFO] [1785424287.805721296] [acados_nmpc_node]: [attach-window] t=11.35s pos_err=0.176m T=21.77N z=2.325 m_est=2.270
[INFO] [1785424287.853916239] [acados_nmpc_node]: [attach-window] t=11.40s pos_err=0.166m T=21.96N z=2.335 m_est=2.278
[INFO] [1785424287.906481463] [acados_nmpc_node]: [attach-window] t=11.45s pos_err=0.152m T=22.22N z=2.349 m_est=2.286
[INFO] [1785424287.953987704] [acados_nmpc_node]: [attach-window] t=11.50s pos_err=0.144m T=22.31N z=2.357 m_est=2.286
[INFO] [1785424288.005865098] [acados_nmpc_node]: [attach-window] t=11.55s pos_err=0.132m T=22.50N z=2.369 m_est=2.295
[INFO] [1785424288.053860099] [acados_nmpc_node]: [attach-window] t=11.60s pos_err=0.127m T=22.54N z=2.374 m_est=2.295
[INFO] [1785424288.106199867] [acados_nmpc_node]: [attach-window] t=11.65s pos_err=0.117m T=22.68N z=2.384 m_est=2.304
[INFO] [1785424288.154241758] [acados_nmpc_node]: [attach-window] t=11.70s pos_err=0.112m T=22.70N z=2.389 m_est=2.304
[INFO] [1785424288.207665040] [acados_nmpc_node]: [attach-window] t=11.75s pos_err=0.103m T=22.78N z=2.398 m_est=2.312
[INFO] [1785424288.254047722] [acados_nmpc_node]: [attach-window] t=11.80s pos_err=0.098m T=22.78N z=2.403 m_est=2.312
[INFO] [1785424288.307622639] [acados_nmpc_node]: [attach-window] t=11.85s pos_err=0.090m T=22.83N z=2.411 m_est=2.319
[INFO] [1785424288.354321129] [acados_nmpc_node]: [attach-window] t=11.90s pos_err=0.085m T=22.82N z=2.415 m_est=2.319
[INFO] [1785424288.407441188] [acados_nmpc_node]: [attach-window] t=11.95s pos_err=0.077m T=22.85N z=2.423 m_est=2.326
[INFO] [1785424288.454276157] [acados_nmpc_node]: [attach-window] t=12.00s pos_err=0.072m T=22.83N z=2.428 m_est=2.326
[INFO] [1785424288.507393816] [acados_nmpc_node]: [attach-window] t=12.05s pos_err=0.065m T=22.79N z=2.436 m_est=2.326
[INFO] [1785424288.554125916] [acados_nmpc_node]: [attach-window] t=12.10s pos_err=0.061m T=22.84N z=2.439 m_est=2.332
[INFO] [1785424288.607396557] [acados_nmpc_node]: [attach-window] t=12.15s pos_err=0.054m T=22.87N z=2.446 m_est=2.337
[INFO] [1785424288.654105900] [acados_nmpc_node]: [attach-window] t=12.20s pos_err=0.050m T=22.86N z=2.450 m_est=2.337
[INFO] [1785424288.707451465] [acados_nmpc_node]: [attach-window] t=12.25s pos_err=0.044m T=22.88N z=2.456 m_est=2.342
[INFO] [1785424288.754161702] [acados_nmpc_node]: [attach-window] t=12.30s pos_err=0.041m T=22.87N z=2.460 m_est=2.342
[INFO] [1785424288.807617510] [acados_nmpc_node]: [attach-window] t=12.35s pos_err=0.036m T=22.88N z=2.464 m_est=2.344
[INFO] [1785424288.854105660] [acados_nmpc_node]: [attach-window] t=12.40s pos_err=0.033m T=22.87N z=2.467 m_est=2.344
[INFO] [1785424288.907409417] [acados_nmpc_node]: [attach-window] t=12.45s pos_err=0.029m T=22.88N z=2.472 m_est=2.345
[INFO] [1785424288.954385333] [acados_nmpc_node]: [attach-window] t=12.50s pos_err=0.027m T=22.89N z=2.474 m_est=2.345
[INFO] [1785424289.007624660] [acados_nmpc_node]: [attach-window] t=12.55s pos_err=0.023m T=22.91N z=2.477 m_est=2.347
[INFO] [1785424289.054195393] [acados_nmpc_node]: [attach-window] t=12.60s pos_err=0.022m T=22.93N z=2.479 m_est=2.347
[INFO] [1785424289.107604179] [acados_nmpc_node]: [attach-window] t=12.65s pos_err=0.019m T=22.96N z=2.482 m_est=2.349
[INFO] [1785424289.154229742] [acados_nmpc_node]: [attach-window] t=12.70s pos_err=0.018m T=22.97N z=2.484 m_est=2.349
[INFO] [1785424289.207712390] [acados_nmpc_node]: [attach-window] t=12.75s pos_err=0.017m T=23.00N z=2.486 m_est=2.351
[INFO] [1785424289.254156147] [acados_nmpc_node]: [attach-window] t=12.80s pos_err=0.016m T=23.02N z=2.487 m_est=2.351
[INFO] [1785424289.307594735] [acados_nmpc_node]: [attach-window] t=12.85s pos_err=0.016m T=23.05N z=2.488 m_est=2.352
[INFO] [1785424289.354210746] [acados_nmpc_node]: [attach-window] t=12.90s pos_err=0.016m T=23.06N z=2.489 m_est=2.352
[INFO] [1785424289.407582717] [acados_nmpc_node]: [attach-window] t=12.95s pos_err=0.015m T=23.09N z=2.490 m_est=2.354
[INFO] [1785424289.454127619] [acados_nmpc_node]: [attach-window] t=13.00s pos_err=0.015m T=23.09N z=2.491 m_est=2.354
[INFO] [1785424289.507555333] [acados_nmpc_node]: [attach-window] t=13.05s pos_err=0.014m T=23.09N z=2.491 m_est=2.354
[INFO] [1785424289.554071806] [acados_nmpc_node]: [attach-window] t=13.10s pos_err=0.013m T=23.09N z=2.492 m_est=2.354
[INFO] [1785424289.607635732] [acados_nmpc_node]: [attach-window] t=13.15s pos_err=0.011m T=23.09N z=2.494 m_est=2.355
[INFO] [1785424289.654146476] [acados_nmpc_node]: [attach-window] t=13.20s pos_err=0.011m T=23.08N z=2.494 m_est=2.355
[INFO] [1785424289.707533063] [acados_nmpc_node]: [attach-window] t=13.25s pos_err=0.009m T=23.07N z=2.496 m_est=2.356
[INFO] [1785424289.754092475] [acados_nmpc_node]: [attach-window] t=13.30s pos_err=0.009m T=23.07N z=2.497 m_est=2.356
[INFO] [1785424289.807549190] [acados_nmpc_node]: [attach-window] t=13.35s pos_err=0.008m T=23.07N z=2.497 m_est=2.356
[INFO] [1785424289.854335347] [acados_nmpc_node]: [attach-window] t=13.40s pos_err=0.008m T=23.08N z=2.498 m_est=2.356
[INFO] [1785424289.907612555] [acados_nmpc_node]: [attach-window] t=13.45s pos_err=0.007m T=23.09N z=2.498 m_est=2.356
[INFO] [1785424289.954108715] [acados_nmpc_node]: [attach-window] t=13.50s pos_err=0.007m T=23.11N z=2.498 m_est=2.356
[INFO] [1785424290.007397118] [acados_nmpc_node]: [attach-window] t=13.55s pos_err=0.006m T=23.14N z=2.497 m_est=2.356
[INFO] [1785424290.054175033] [acados_nmpc_node]: [attach-window] t=13.60s pos_err=0.006m T=23.15N z=2.497 m_est=2.356
[INFO] [1785424290.107538173] [acados_nmpc_node]: [attach-window] t=13.65s pos_err=0.005m T=23.19N z=2.495 m_est=2.356
[INFO] [1785424290.154363692] [acados_nmpc_node]: [attach-window] t=13.70s pos_err=0.006m T=23.20N z=2.495 m_est=2.356
[INFO] [1785424290.207510559] [acados_nmpc_node]: [attach-window] t=13.75s pos_err=0.007m T=23.23N z=2.493 m_est=2.357
[INFO] [1785424290.254248921] [acados_nmpc_node]: [attach-window] t=13.80s pos_err=0.008m T=23.24N z=2.493 m_est=2.357
[INFO] [1785424290.307818212] [acados_nmpc_node]: [attach-window] t=13.85s pos_err=0.009m T=23.25N z=2.491 m_est=2.357
[INFO] [1785424290.354191408] [acados_nmpc_node]: [attach-window] t=13.90s pos_err=0.010m T=23.25N z=2.491 m_est=2.357
[INFO] [1785424290.407546833] [acados_nmpc_node]: [attach-window] t=13.95s pos_err=0.011m T=23.25N z=2.490 m_est=2.358
[INFO] [1785424290.454200643] [acados_nmpc_node]: [attach-window] t=14.00s pos_err=0.011m T=23.24N z=2.490 m_est=2.358
[INFO] [1785424290.507662255] [acados_nmpc_node]: [attach-window] t=14.05s pos_err=0.012m T=23.23N z=2.489 m_est=2.359
[INFO] [1785424290.554199563] [acados_nmpc_node]: [attach-window] t=14.10s pos_err=0.012m T=23.21N z=2.490 m_est=2.359
[INFO] [1785424290.607861296] [acados_nmpc_node]: [attach-window] t=14.15s pos_err=0.012m T=23.20N z=2.490 m_est=2.360
[INFO] [1785424290.654163149] [acados_nmpc_node]: [attach-window] t=14.20s pos_err=0.013m T=23.18N z=2.490 m_est=2.360
[INFO] [1785424290.707654243] [acados_nmpc_node]: [attach-window] t=14.25s pos_err=0.013m T=23.17N z=2.490 m_est=2.360
[INFO] [1785424290.754110263] [acados_nmpc_node]: [attach-window] t=14.30s pos_err=0.013m T=23.16N z=2.490 m_est=2.360
[INFO] [1785424290.807623257] [acados_nmpc_node]: [attach-window] t=14.35s pos_err=0.013m T=23.15N z=2.491 m_est=2.361
[INFO] [1785424290.854209072] [acados_nmpc_node]: [attach-window] t=14.40s pos_err=0.013m T=23.13N z=2.492 m_est=2.361
[INFO] [1785424290.907545149] [acados_nmpc_node]: [attach-window] t=14.45s pos_err=0.013m T=23.12N z=2.493 m_est=2.361
[INFO] [1785424290.954506272] [acados_nmpc_node]: [attach-window] t=14.50s pos_err=0.013m T=23.11N z=2.493 m_est=2.361
[INFO] [1785424291.008070623] [acados_nmpc_node]: [attach-window] t=14.55s pos_err=0.013m T=23.09N z=2.495 m_est=2.361
[INFO] [1785424291.054266886] [acados_nmpc_node]: [attach-window] t=14.60s pos_err=0.013m T=23.08N z=2.496 m_est=2.361
[INFO] [1785424291.107545475] [acados_nmpc_node]: [attach-window] t=14.65s pos_err=0.013m T=23.06N z=2.497 m_est=2.361
[INFO] [1785424291.154134779] [acados_nmpc_node]: [attach-window] t=14.70s pos_err=0.012m T=23.05N z=2.498 m_est=2.361
[INFO] [1785424291.207767241] [acados_nmpc_node]: [attach-window] t=14.75s pos_err=0.012m T=23.04N z=2.500 m_est=2.360
[INFO] [1785424291.254086698] [acados_nmpc_node]: [attach-window] t=14.80s pos_err=0.012m T=23.03N z=2.501 m_est=2.360
[INFO] [1785424291.307733308] [acados_nmpc_node]: [attach-window] t=14.85s pos_err=0.013m T=23.02N z=2.503 m_est=2.360
[INFO] [1785424291.354225720] [acados_nmpc_node]: [attach-window] t=14.90s pos_err=0.013m T=23.02N z=2.504 m_est=2.360
[INFO] [1785424291.407780196] [acados_nmpc_node]: [attach-window] t=14.95s pos_err=0.013m T=23.01N z=2.505 m_est=2.359
[INFO] [1785424291.454366840] [acados_nmpc_node]: [attach-window] t=15.00s pos_err=0.014m T=23.01N z=2.506 m_est=2.359
[INFO] [1785424291.507702062] [acados_nmpc_node]: [attach-window] t=15.05s pos_err=0.015m T=23.01N z=2.507 m_est=2.359
[INFO] [1785424291.554274598] [acados_nmpc_node]: [attach-window] t=15.10s pos_err=0.015m T=23.02N z=2.508 m_est=2.359
[INFO] [1785424291.607747858] [acados_nmpc_node]: [attach-window] t=15.15s pos_err=0.016m T=23.03N z=2.509 m_est=2.358
[INFO] [1785424291.654140244] [acados_nmpc_node]: [attach-window] t=15.20s pos_err=0.016m T=23.04N z=2.509 m_est=2.358
[INFO] [1785424291.708082968] [acados_nmpc_node]: [attach-window] t=15.25s pos_err=0.017m T=23.07N z=2.509 m_est=2.358
[INFO] [1785424291.754233865] [acados_nmpc_node]: [attach-window] t=15.30s pos_err=0.017m T=23.08N z=2.509 m_est=2.358
[INFO] [1785424291.807717277] [acados_nmpc_node]: [attach-window] t=15.35s pos_err=0.018m T=23.10N z=2.509 m_est=2.357
[INFO] [1785424291.854423376] [acados_nmpc_node]: [attach-window] t=15.40s pos_err=0.019m T=23.12N z=2.508 m_est=2.357
[INFO] [1785424291.907578636] [acados_nmpc_node]: [attach-window] t=15.45s pos_err=0.019m T=23.13N z=2.508 m_est=2.357
[INFO] [1785424291.954197983] [acados_nmpc_node]: [attach-window] t=15.50s pos_err=0.020m T=23.13N z=2.508 m_est=2.357
[INFO] [1785424292.007846782] [acados_nmpc_node]: [attach-window] t=15.55s pos_err=0.020m T=23.14N z=2.507 m_est=2.357
[INFO] [1785424292.008338785] [acados_nmpc_node]: t=15.6s | pos_err=0.020m | T=23.14N | tau=[r-0.198 p0.062 y0.000]Nm | res_stat=5.059e-07(peak 9.938e-07) sqp_iter=2 | solve=1.3ms
[INFO] [1785424292.054162973] [acados_nmpc_node]: [attach-window] t=15.60s pos_err=0.021m T=23.14N z=2.507 m_est=2.357
[INFO] [1785424292.107762530] [acados_nmpc_node]: [attach-window] t=15.65s pos_err=0.021m T=23.16N z=2.506 m_est=2.357
[INFO] [1785424292.154186143] [acados_nmpc_node]: [attach-window] t=15.70s pos_err=0.021m T=23.17N z=2.506 m_est=2.357
[INFO] [1785424292.207668898] [acados_nmpc_node]: [attach-window] t=15.75s pos_err=0.022m T=23.19N z=2.505 m_est=2.358
[INFO] [1785424292.254121790] [acados_nmpc_node]: [attach-window] t=15.80s pos_err=0.022m T=23.19N z=2.504 m_est=2.358
[INFO] [1785424292.307799104] [acados_nmpc_node]: [attach-window] t=15.85s pos_err=0.021m T=23.20N z=2.503 m_est=2.358
[INFO] [1785424292.354201276] [acados_nmpc_node]: [attach-window] t=15.90s pos_err=0.021m T=23.21N z=2.503 m_est=2.358
[INFO] [1785424292.408140978] [acados_nmpc_node]: [attach-window] t=15.95s pos_err=0.020m T=23.22N z=2.502 m_est=2.359
[INFO] [1785424292.454439120] [acados_nmpc_node]: [attach-window] t=16.00s pos_err=0.020m T=23.22N z=2.501 m_est=2.359
[INFO] [1785424292.508032132] [acados_nmpc_node]: [attach-window] t=16.05s pos_err=0.019m T=23.23N z=2.500 m_est=2.360
[INFO] [1785424292.554179154] [acados_nmpc_node]: [attach-window] t=16.10s pos_err=0.018m T=23.22N z=2.500 m_est=2.360
[INFO] [1785424292.607823194] [acados_nmpc_node]: [attach-window] t=16.15s pos_err=0.017m T=23.23N z=2.499 m_est=2.360
[INFO] [1785424292.654247012] [acados_nmpc_node]: [attach-window] t=16.20s pos_err=0.017m T=23.23N z=2.498 m_est=2.360
[INFO] [1785424292.707760651] [acados_nmpc_node]: [attach-window] t=16.25s pos_err=0.016m T=23.23N z=2.497 m_est=2.361
[INFO] [1785424292.754190513] [acados_nmpc_node]: [attach-window] t=16.30s pos_err=0.015m T=23.23N z=2.497 m_est=2.361
[INFO] [1785424292.807816573] [acados_nmpc_node]: [attach-window] t=16.35s pos_err=0.015m T=23.22N z=2.497 m_est=2.361
[INFO] [1785424292.854316828] [acados_nmpc_node]: [attach-window] t=16.40s pos_err=0.014m T=23.21N z=2.497 m_est=2.361
[INFO] [1785424292.907733124] [acados_nmpc_node]: [attach-window] t=16.45s pos_err=0.013m T=23.20N z=2.496 m_est=2.362
[INFO] [1785424292.954282338] [acados_nmpc_node]: [attach-window] t=16.50s pos_err=0.012m T=23.19N z=2.497 m_est=2.362
[INFO] [1785424293.008029137] [acados_nmpc_node]: [attach-window] t=16.55s pos_err=0.011m T=23.17N z=2.497 m_est=2.362
[INFO] [1785424293.054278575] [acados_nmpc_node]: [attach-window] t=16.60s pos_err=0.010m T=23.16N z=2.497 m_est=2.362
[INFO] [1785424293.107825348] [acados_nmpc_node]: [attach-window] t=16.65s pos_err=0.009m T=23.15N z=2.497 m_est=2.362
[INFO] [1785424293.153639111] [acados_nmpc_node]: [attach-window] t=16.70s pos_err=0.009m T=23.14N z=2.498 m_est=2.362
[INFO] [1785424293.206130783] [acados_nmpc_node]: [attach-window] t=16.75s pos_err=0.009m T=23.13N z=2.498 m_est=2.362
[INFO] [1785424293.253655177] [acados_nmpc_node]: [attach-window] t=16.80s pos_err=0.009m T=23.12N z=2.499 m_est=2.362
[INFO] [1785424293.306277278] [acados_nmpc_node]: [attach-window] t=16.85s pos_err=0.009m T=23.10N z=2.500 m_est=2.362
[INFO] [1785424293.353798156] [acados_nmpc_node]: [attach-window] t=16.90s pos_err=0.009m T=23.09N z=2.500 m_est=2.362
[INFO] [1785424293.406078493] [acados_nmpc_node]: [attach-window] t=16.95s pos_err=0.011m T=23.08N z=2.502 m_est=2.362
[INFO] [1785424293.453691593] [acados_nmpc_node]: [attach-window] t=17.00s pos_err=0.011m T=23.07N z=2.503 m_est=2.362
[INFO] [1785424293.506121320] [acados_nmpc_node]: [attach-window] t=17.05s pos_err=0.012m T=23.05N z=2.504 m_est=2.361
[INFO] [1785424293.553720749] [acados_nmpc_node]: [attach-window] t=17.10s pos_err=0.013m T=23.05N z=2.505 m_est=2.361
[INFO] [1785424293.606243084] [acados_nmpc_node]: [attach-window] t=17.15s pos_err=0.014m T=23.04N z=2.506 m_est=2.361
[INFO] [1785424293.654247499] [acados_nmpc_node]: [attach-window] t=17.20s pos_err=0.014m T=23.05N z=2.507 m_est=2.361
[INFO] [1785424293.707842027] [acados_nmpc_node]: [attach-window] t=17.25s pos_err=0.015m T=23.05N z=2.508 m_est=2.361
[INFO] [1785424293.754171890] [acados_nmpc_node]: [attach-window] t=17.30s pos_err=0.015m T=23.05N z=2.508 m_est=2.361
[INFO] [1785424293.806147757] [acados_nmpc_node]: [attach-window] t=17.35s pos_err=0.015m T=23.06N z=2.509 m_est=2.360
[INFO] [1785424293.853742251] [acados_nmpc_node]: [attach-window] t=17.40s pos_err=0.015m T=23.07N z=2.509 m_est=2.360
[INFO] [1785424293.907846546] [acados_nmpc_node]: [attach-window] t=17.45s pos_err=0.014m T=23.07N z=2.509 m_est=2.360
[INFO] [1785424293.954182924] [acados_nmpc_node]: [attach-window] t=17.50s pos_err=0.014m T=23.08N z=2.510 m_est=2.360
[INFO] [1785424294.007785537] [acados_nmpc_node]: [attach-window] t=17.55s pos_err=0.014m T=23.07N z=2.511 m_est=2.359
[INFO] [1785424294.054228967] [acados_nmpc_node]: [attach-window] t=17.60s pos_err=0.013m T=23.07N z=2.511 m_est=2.359
[INFO] [1785424294.106055994] [acados_nmpc_node]: [attach-window] t=17.65s pos_err=0.013m T=23.06N z=2.512 m_est=2.359
[INFO] [1785424294.153701605] [acados_nmpc_node]: [attach-window] t=17.70s pos_err=0.013m T=23.07N z=2.512 m_est=2.359
[INFO] [1785424294.206278756] [acados_nmpc_node]: [attach-window] t=17.75s pos_err=0.013m T=23.09N z=2.512 m_est=2.359
[INFO] [1785424294.253613545] [acados_nmpc_node]: [attach-window] t=17.80s pos_err=0.013m T=23.10N z=2.512 m_est=2.359
[INFO] [1785424294.306168911] [acados_nmpc_node]: [attach-window] t=17.85s pos_err=0.013m T=23.11N z=2.512 m_est=2.359
[INFO] [1785424294.353609776] [acados_nmpc_node]: [attach-window] t=17.90s pos_err=0.013m T=23.12N z=2.511 m_est=2.359
[INFO] [1785424294.406591425] [acados_nmpc_node]: [attach-window] t=17.95s pos_err=0.013m T=23.14N z=2.511 m_est=2.359
[INFO] [1785424294.453767393] [acados_nmpc_node]: [attach-window] t=18.00s pos_err=0.013m T=23.15N z=2.510 m_est=2.359
[INFO] [1785424294.506218577] [acados_nmpc_node]: [attach-window] t=18.05s pos_err=0.012m T=23.17N z=2.509 m_est=2.359
[INFO] [1785424294.553745509] [acados_nmpc_node]: [attach-window] t=18.10s pos_err=0.012m T=23.18N z=2.508 m_est=2.359
[INFO] [1785424294.606039188] [acados_nmpc_node]: [attach-window] t=18.15s pos_err=0.011m T=23.21N z=2.507 m_est=2.359
[INFO] [1785424294.653759383] [acados_nmpc_node]: [attach-window] t=18.20s pos_err=0.010m T=23.22N z=2.506 m_est=2.359
[INFO] [1785424294.706217588] [acados_nmpc_node]: [attach-window] t=18.25s pos_err=0.009m T=23.24N z=2.504 m_est=2.360
[INFO] [1785424294.753764724] [acados_nmpc_node]: [attach-window] t=18.30s pos_err=0.008m T=23.24N z=2.504 m_est=2.360
[INFO] [1785424294.806113102] [acados_nmpc_node]: [attach-window] t=18.35s pos_err=0.007m T=23.25N z=2.502 m_est=2.360
[INFO] [1785424294.853760462] [acados_nmpc_node]: [attach-window] t=18.40s pos_err=0.006m T=23.25N z=2.501 m_est=2.360
[INFO] [1785424294.906245472] [acados_nmpc_node]: [attach-window] t=18.45s pos_err=0.006m T=23.25N z=2.500 m_est=2.361
[INFO] [1785424294.953996781] [acados_nmpc_node]: [attach-window] t=18.50s pos_err=0.006m T=23.25N z=2.499 m_est=2.361
[INFO] [1785424295.006388477] [acados_nmpc_node]: [attach-window] t=18.55s pos_err=0.006m T=23.25N z=2.498 m_est=2.361
[INFO] [1785424295.053907382] [acados_nmpc_node]: [attach-window] t=18.60s pos_err=0.006m T=23.25N z=2.497 m_est=2.361
[INFO] [1785424295.106226333] [acados_nmpc_node]: [attach-window] t=18.65s pos_err=0.008m T=23.25N z=2.496 m_est=2.362
[INFO] [1785424295.153803126] [acados_nmpc_node]: [attach-window] t=18.70s pos_err=0.008m T=23.24N z=2.495 m_est=2.362
[INFO] [1785424295.206029562] [acados_nmpc_node]: [attach-window] t=18.75s pos_err=0.009m T=23.23N z=2.495 m_est=2.362
[INFO] [1785424295.253708440] [acados_nmpc_node]: [attach-window] t=18.80s pos_err=0.009m T=23.21N z=2.495 m_est=2.362
[INFO] [1785424295.306091508] [acados_nmpc_node]: [attach-window] t=18.85s pos_err=0.010m T=23.18N z=2.495 m_est=2.363
[INFO] [1785424295.353815845] [acados_nmpc_node]: [attach-window] t=18.90s pos_err=0.010m T=23.16N z=2.496 m_est=2.363
[INFO] [1785424295.406201458] [acados_nmpc_node]: [attach-window] t=18.95s pos_err=0.009m T=23.12N z=2.497 m_est=2.363
[INFO] [1785424295.453810491] [acados_nmpc_node]: [attach-window] t=19.00s pos_err=0.009m T=23.10N z=2.498 m_est=2.363
[INFO] [1785424295.506366169] [acados_nmpc_node]: [attach-window] t=19.05s pos_err=0.008m T=23.08N z=2.499 m_est=2.363
[INFO] [1785424295.554126748] [acados_nmpc_node]: [attach-window] t=19.10s pos_err=0.008m T=23.07N z=2.500 m_est=2.363
[INFO] [1785424295.607817155] [acados_nmpc_node]: [attach-window] t=19.15s pos_err=0.007m T=23.07N z=2.501 m_est=2.362
[INFO] [1785424295.654176973] [acados_nmpc_node]: [attach-window] t=19.20s pos_err=0.007m T=23.06N z=2.501 m_est=2.362
[INFO] [1785424295.707959196] [acados_nmpc_node]: [attach-window] t=19.25s pos_err=0.007m T=23.06N z=2.502 m_est=2.362
[INFO] [1785424295.754086507] [acados_nmpc_node]: [attach-window] t=19.30s pos_err=0.008m T=23.06N z=2.503 m_est=2.362
[INFO] [1785424295.807875125] [acados_nmpc_node]: [attach-window] t=19.35s pos_err=0.008m T=23.05N z=2.504 m_est=2.362
[INFO] [1785424295.854222472] [acados_nmpc_node]: [attach-window] t=19.40s pos_err=0.009m T=23.05N z=2.505 m_est=2.362
[INFO] [1785424295.908094696] [acados_nmpc_node]: [attach-window] t=19.45s pos_err=0.010m T=23.05N z=2.506 m_est=2.361
[INFO] [1785424295.954126017] [acados_nmpc_node]: [attach-window] t=19.50s pos_err=0.011m T=23.05N z=2.506 m_est=2.361
[INFO] [1785424296.007983299] [acados_nmpc_node]: [attach-window] t=19.55s pos_err=0.012m T=23.05N z=2.507 m_est=2.360
[INFO] [1785424296.054375402] [acados_nmpc_node]: [attach-window] t=19.60s pos_err=0.013m T=23.05N z=2.507 m_est=2.360
[INFO] [1785424296.108508027] [acados_nmpc_node]: [attach-window] t=19.65s pos_err=0.015m T=23.05N z=2.509 m_est=2.360
[INFO] [1785424296.154505288] [acados_nmpc_node]: [attach-window] t=19.70s pos_err=0.016m T=23.05N z=2.509 m_est=2.360
[INFO] [1785424296.208111307] [acados_nmpc_node]: [attach-window] t=19.75s pos_err=0.017m T=23.04N z=2.510 m_est=2.359
[INFO] [1785424296.254319801] [acados_nmpc_node]: [attach-window] t=19.80s pos_err=0.018m T=23.04N z=2.511 m_est=2.359
[INFO] [1785424296.308368279] [acados_nmpc_node]: [attach-window] t=19.85s pos_err=0.019m T=23.04N z=2.512 m_est=2.359
[INFO] [1785424296.354472478] [acados_nmpc_node]: [attach-window] t=19.90s pos_err=0.019m T=23.04N z=2.512 m_est=2.359
[INFO] [1785424296.408126481] [acados_nmpc_node]: [attach-window] t=19.95s pos_err=0.020m T=23.05N z=2.513 m_est=2.358
[INFO] [1785424296.454268693] [acados_nmpc_node]: [attach-window] t=20.00s pos_err=0.020m T=23.06N z=2.513 m_est=2.358
[INFO] [1785424296.508489550] [acados_nmpc_node]: [attach-window] t=20.05s pos_err=0.020m T=23.07N z=2.513 m_est=2.358
[INFO] [1785424296.554256637] [acados_nmpc_node]: [attach-window] t=20.10s pos_err=0.020m T=23.09N z=2.513 m_est=2.358
[INFO] [1785424296.608150715] [acados_nmpc_node]: [attach-window] t=20.15s pos_err=0.019m T=23.10N z=2.513 m_est=2.358
[INFO] [1785424296.654234159] [acados_nmpc_node]: [attach-window] t=20.20s pos_err=0.019m T=23.11N z=2.513 m_est=2.358
[INFO] [1785424296.708169347] [acados_nmpc_node]: [attach-window] t=20.25s pos_err=0.019m T=23.13N z=2.512 m_est=2.358
[INFO] [1785424296.754291505] [acados_nmpc_node]: [attach-window] t=20.30s pos_err=0.018m T=23.14N z=2.512 m_est=2.358
[INFO] [1785424296.808223509] [acados_nmpc_node]: [attach-window] t=20.35s pos_err=0.017m T=23.15N z=2.511 m_est=2.358
[INFO] [1785424296.854142399] [acados_nmpc_node]: [attach-window] t=20.40s pos_err=0.017m T=23.16N z=2.510 m_est=2.358
[INFO] [1785424296.908128745] [acados_nmpc_node]: [attach-window] t=20.45s pos_err=0.016m T=23.19N z=2.509 m_est=2.358
[INFO] [1785424296.954278237] [acados_nmpc_node]: [attach-window] t=20.50s pos_err=0.015m T=23.19N z=2.509 m_est=2.358
[INFO] [1785424297.008493970] [acados_nmpc_node]: [attach-window] t=20.55s pos_err=0.015m T=23.21N z=2.507 m_est=2.358
[INFO] [1785424297.008988252] [acados_nmpc_node]: t=20.6s | pos_err=0.015m | T=23.21N | tau=[r-0.205 p0.046 y-0.003]Nm | res_stat=7.598e-08(peak 9.938e-07) sqp_iter=2 | solve=1.3ms
[INFO] [1785424297.054235789] [acados_nmpc_node]: [attach-window] t=20.60s pos_err=0.014m T=23.22N z=2.507 m_est=2.358
[INFO] [1785424297.108031338] [acados_nmpc_node]: [attach-window] t=20.65s pos_err=0.014m T=23.22N z=2.505 m_est=2.359
[INFO] [1785424297.154346657] [acados_nmpc_node]: [attach-window] t=20.70s pos_err=0.014m T=23.22N z=2.505 m_est=2.359
[INFO] [1785424297.208134042] [acados_nmpc_node]: [attach-window] t=20.75s pos_err=0.013m T=23.21N z=2.504 m_est=2.359
[INFO] [1785424297.254202909] [acados_nmpc_node]: [attach-window] t=20.80s pos_err=0.013m T=23.20N z=2.504 m_est=2.359
[INFO] [1785424297.307999071] [acados_nmpc_node]: [attach-window] t=20.85s pos_err=0.013m T=23.19N z=2.503 m_est=2.360
[INFO] [1785424297.354416917] [acados_nmpc_node]: [attach-window] t=20.90s pos_err=0.013m T=23.18N z=2.503 m_est=2.360
[INFO] [1785424297.408248647] [acados_nmpc_node]: [attach-window] t=20.95s pos_err=0.013m T=23.17N z=2.503 m_est=2.361
[INFO] [1785424297.454331745] [acados_nmpc_node]: [attach-window] t=21.00s pos_err=0.012m T=23.16N z=2.503 m_est=2.361
[INFO] [1785424297.506217205] [acados_nmpc_node]: [attach-window] t=21.05s pos_err=0.012m T=23.16N z=2.503 m_est=2.361
[INFO] [1785424297.553888241] [acados_nmpc_node]: [attach-window] t=21.10s pos_err=0.012m T=23.16N z=2.503 m_est=2.361
[INFO] [1785424297.608140796] [acados_nmpc_node]: [attach-window] t=21.15s pos_err=0.011m T=23.16N z=2.502 m_est=2.361
[INFO] [1785424297.654421192] [acados_nmpc_node]: [attach-window] t=21.20s pos_err=0.011m T=23.16N z=2.502 m_est=2.361
[ros2run]: Killed
