[INFO] [1789059337.376445987] [mhe_node]: MHE node starting, building/loading solver... (geom_coupled=True, N=20, m_min=1.961, m_B=2.0643)
Code reuse possible, skipping code generation.
acados was compiled without OpenMP.
[INFO] [1789059337.383481916] [mhe_node]: [prior] geom_coupled=True → 载荷质量信息**完全不生效**(grip_payload_envelope=0.3 是死代码:coupled 档下 _payload_geometry 根本不被调用);模型只吃可测杆臂 r_p + 被估质量,m 的先验仅有 Q0 质量维=0.1 (σ=3.16kg,实质无先验)
[WARN] [1789059337.383962521] [mhe_node]: geom_release_mode='self':估计器不被告知 drop。⚠️ 2026-08-24 实测,**NMPC 侧也设成 'self' 会必然坠机**——drop 后控制器继续按幽灵偏心载荷配平,指令 0.424N·m(tau_max 的 85%)作用在空机 J_xx=0.0142 上 = 29.8 rad/s²,而 MHE 10Hz/2s 窗口要 1~2s 才纠得过来,飞机先翻。**正确组合 = MHE 'self' + NMPC 'event'**(控制器是发释放指令的一方,它知道不构成认知作弊)。
[INFO] [1789059337.385890790] [mhe_node]: [moment-ref] 物理上限由平台包线派生: 0.0390 kg·m = 0.30kg x 0.13m
[INFO] [1789059337.386534161] [mhe_node]: [c_xy_est] 质量域卸载判据已开:先武装(m_p>0.090kg),再判 m_p<0.03kg 持续 20 帧 -> 释放偏心估计
[INFO] [1789059337.387183849] [mhe_node]: [c_xy] 来源 = 一阶质量矩 s/m_T(窗口内估计,**无稳态门控**),替代窗外 EMA —— 机动中也会更新
[INFO] [1789059337.388290055] [mhe_node]: weight schedule theta = [-4.00, 0.00, 0.00, 0.00], signal mode = residual (residual self-trigger: thresh=4.4N persist=2 baseline_tau=3.0s)
[INFO] [1789059337.392544117] [mhe_node]: MHE node initialized! tau_source=command (roll/pitch NMPC意图值, yaw NMPC意图值), motor_window_avg=False, geom_release_mode=self. Waiting for odometry + control data...
[INFO] [1789059359.492118207] [mhe_node]: [no-signal] baseline settled at 20.01N (quiet 20 frames); detector armed
[INFO] [1789059359.492346290] [mhe_node]: arrival prior seeded: m=2.064 kg (m_nominal prior)
[INFO] [1789059359.492647969] [mhe_node]: [geom] model_geom_on=True (release_mode=self, truth_attached=False) mode=coupled(r_p) -> geom=[ 0.    0.   -0.47] dJ=0.0000 c_xy=[+0.0000,+0.0000] (dJ/c 为按当前 m_est 折算的诊断当量,模型内部随 m 实时生成)
[INFO] [1789059361.403043051] [mhe_node]: MHE mass estimate: 2.056 kg (T_phys=19.96N) | solve=4.2ms (max12.2)
[INFO] [1789059361.403597486] [mhe_node]: [truth] m_hat=2.0563 m_true=2.0643 err=-0.39% | c_hat=[+0.0000,+0.0000] c_true=[+0.0000,+0.0000] | Jxx_hat=0.01420 Jxx_true=0.01420 Jyz_hat=+0.00000 Jyz_true=+0.00000 | s_hat=[+0.0009,+0.0000] s_true=[+0.0000,+0.0000] kg·m
[INFO] [1789059361.404110358] [mhe_node]: [tau_phys] roll=+0.004 pitch=-0.028 Nm
[INFO] [1789059361.404707108] [mhe_node]: [mass-diag] m_est=2.0563 T=19.957N tilt=6.66deg cos=0.99325 | T/g=2.0344 T*cos/g=2.0206 | m_est-T*cos/g=+0.0357kg (+1.76%) vz=+0.094
[INFO] [1789059361.405284425] [mhe_node]: [c_xy_est] cx=+0.0003 cy=+0.0000 m
[INFO] [1789059363.399459996] [mhe_node]: MHE mass estimate: 2.063 kg (T_phys=20.84N) | solve=8.8ms (max21.7)
[INFO] [1789059363.400005619] [mhe_node]: [truth] m_hat=2.0632 m_true=2.0643 err=-0.05% | c_hat=[+0.0000,+0.0000] c_true=[+0.0000,+0.0000] | Jxx_hat=0.01420 Jxx_true=0.01420 Jyz_hat=+0.00000 Jyz_true=+0.00000 | s_hat=[-0.0009,+0.0001] s_true=[+0.0000,+0.0000] kg·m
[INFO] [1789059363.400529857] [mhe_node]: [tau_phys] roll=+0.003 pitch=-0.004 Nm
[INFO] [1789059363.401127305] [mhe_node]: [mass-diag] m_est=2.0632 T=20.841N tilt=2.16deg cos=0.99929 | T/g=2.1245 T*cos/g=2.1230 | m_est-T*cos/g=-0.0598kg (-2.82%) vz=+0.074
[INFO] [1789059363.401711177] [mhe_node]: [c_xy_est] cx=-0.0005 cy=+0.0000 m
[INFO] [1789059365.397623948] [mhe_node]: MHE mass estimate: 2.060 kg (T_phys=20.22N) | solve=5.9ms (max9.4)
[INFO] [1789059365.398172821] [mhe_node]: [truth] m_hat=2.0598 m_true=2.0643 err=-0.22% | c_hat=[+0.0000,+0.0000] c_true=[+0.0000,+0.0000] | Jxx_hat=0.01420 Jxx_true=0.01420 Jyz_hat=+0.00000 Jyz_true=+0.00000 | s_hat=[+0.0003,-0.0000] s_true=[+0.0000,+0.0000] kg·m
[INFO] [1789059365.398703230] [mhe_node]: [tau_phys] roll=+0.001 pitch=-0.003 Nm
[INFO] [1789059365.399310048] [mhe_node]: [mass-diag] m_est=2.0598 T=20.220N tilt=0.34deg cos=0.99998 | T/g=2.0611 T*cos/g=2.0611 | m_est-T*cos/g=-0.0013kg (-0.07%) vz=+0.008
[INFO] [1789059365.399889035] [mhe_node]: [c_xy_est] cx=+0.0001 cy=-0.0000 m
[INFO] [1789059367.400165156] [mhe_node]: MHE mass estimate: 2.042 kg (T_phys=18.74N) | solve=5.9ms (max8.8)
[INFO] [1789059367.400709046] [mhe_node]: [truth] m_hat=2.0420 m_true=2.0643 err=-1.08% | c_hat=[+0.0000,+0.0000] c_true=[+0.0000,+0.0000] | Jxx_hat=0.01420 Jxx_true=0.01420 Jyz_hat=+0.00000 Jyz_true=+0.00000 | s_hat=[+0.0000,+0.0001] s_true=[+0.0000,+0.0000] kg·m
[INFO] [1789059367.401227587] [mhe_node]: [tau_phys] roll=+0.002 pitch=-0.002 Nm
[INFO] [1789059367.401800674] [mhe_node]: [mass-diag] m_est=2.0420 T=18.738N tilt=0.25deg cos=0.99999 | T/g=1.9101 T*cos/g=1.9101 | m_est-T*cos/g=+0.1320kg (+6.91%) vz=-0.561
[INFO] [1789059367.402378565] [mhe_node]: [c_xy_est] cx=+0.0000 cy=+0.0000 m
[INFO] [1789059369.402224674] [mhe_node]: MHE mass estimate: 2.056 kg (T_phys=20.26N) | solve=5.6ms (max10.0)
[INFO] [1789059369.402778884] [mhe_node]: [truth] m_hat=2.0564 m_true=2.0643 err=-0.38% | c_hat=[+0.0000,+0.0000] c_true=[+0.0000,+0.0000] | Jxx_hat=0.01420 Jxx_true=0.01420 Jyz_hat=+0.00000 Jyz_true=+0.00000 | s_hat=[+0.0001,+0.0001] s_true=[+0.0000,+0.0000] kg·m
[INFO] [1789059369.403312581] [mhe_node]: [tau_phys] roll=-0.000 pitch=-0.004 Nm
[INFO] [1789059369.403901763] [mhe_node]: [mass-diag] m_est=2.0564 T=20.260N tilt=0.11deg cos=1.00000 | T/g=2.0653 T*cos/g=2.0653 | m_est-T*cos/g=-0.0089kg (-0.43%) vz=-0.063
[INFO] [1789059369.404485479] [mhe_node]: [c_xy_est] cx=+0.0001 cy=+0.0000 m
[INFO] [1789059371.430158379] [mhe_node]: MHE mass estimate: 1.973 kg (T_phys=20.07N) | solve=10.6ms (max37.1)
[INFO] [1789059371.430705868] [mhe_node]: [truth] m_hat=1.9727 m_true=2.0643 err=-4.44% | c_hat=[+0.0000,+0.0000] c_true=[+0.0000,+0.0000] | Jxx_hat=0.01420 Jxx_true=0.01420 Jyz_hat=+0.00000 Jyz_true=+0.00000 | s_hat=[+0.0079,+0.0019] s_true=[+0.0000,+0.0000] kg·m
[INFO] [1789059371.431241389] [mhe_node]: [tau_phys] roll=-0.001 pitch=-0.207 Nm
[INFO] [1789059371.431835659] [mhe_node]: [mass-diag] m_est=1.9727 T=20.066N tilt=0.12deg cos=1.00000 | T/g=2.0455 T*cos/g=2.0455 | m_est-T*cos/g=-0.0728kg (-3.56%) vz=+0.001
[INFO] [1789059371.432419186] [mhe_node]: [c_xy_est] cx=+0.0034 cy=+0.0009 m
[INFO] [1789059373.437640101] [mhe_node]: MHE mass estimate: 1.961 kg (T_phys=19.90N) | solve=26.6ms (max46.9)
[INFO] [1789059373.438184387] [mhe_node]: [truth] m_hat=1.9611 m_true=2.0643 err=-5.00% | c_hat=[+0.0000,+0.0000] c_true=[+0.0000,+0.0000] | Jxx_hat=0.01420 Jxx_true=0.01420 Jyz_hat=+0.00000 Jyz_true=+0.00000 | s_hat=[+0.0154,-0.0045] s_true=[+0.0000,+0.0000] kg·m
[INFO] [1789059373.438704086] [mhe_node]: [tau_phys] roll=-0.219 pitch=-0.215 Nm
[INFO] [1789059373.439580258] [mhe_node]: [mass-diag] m_est=1.9611 T=19.904N tilt=0.11deg cos=1.00000 | T/g=2.0290 T*cos/g=2.0290 | m_est-T*cos/g=-0.0679kg (-3.35%) vz=+0.003
[INFO] [1789059373.440044784] [mhe_node]: [c_xy_est] cx=+0.0081 cy=-0.0017 m
[WARN] [1789059374.658690220] [mhe_node]: MHE solve failed [status=2], skipping this window (streak 1)
[WARN] [1789059374.759312839] [mhe_node]: MHE solve failed [status=2], skipping this window (streak 2)
[WARN] [1789059374.858363183] [mhe_node]: MHE solve failed [status=2], skipping this window (streak 3)
[WARN] [1789059374.958838493] [mhe_node]: MHE solve failed [status=2], skipping this window (streak 4)
[WARN] [1789059375.058474023] [mhe_node]: MHE solve failed [status=2], skipping this window (streak 5)
[WARN] [1789059375.058800080] [mhe_node]: re-anchored arrival prior to current window after 5 consecutive failures (m seeded from thrust_phys: 1.961 -> 1.961 kg)
[WARN] [1789059375.159005172] [mhe_node]: MHE solve failed [status=2], skipping this window (streak 1)
[WARN] [1789059375.262250462] [mhe_node]: MHE solve failed [status=2], skipping this window (streak 2)
[WARN] [1789059375.364754570] [mhe_node]: MHE solve failed [status=2], skipping this window (streak 3)
[WARN] [1789059375.463542734] [mhe_node]: MHE solve failed [status=2], skipping this window (streak 4)
[INFO] [1789059376.304326493] [mhe_node]: MHE mass estimate: 2.360 kg (T_phys=25.46N) | solve=50.5ms (max77.3)
[INFO] [1789059376.304881373] [mhe_node]: [truth] m_hat=2.3596 m_true=2.0643 err=+14.30% | c_hat=[+0.0000,+0.0000] c_true=[+0.0000,+0.0000] | Jxx_hat=0.01420 Jxx_true=0.01420 Jyz_hat=+0.00000 Jyz_true=+0.00000 | s_hat=[-0.0129,-0.0281] s_true=[+0.0000,+0.0000] kg·m
[INFO] [1789059376.305404009] [mhe_node]: [tau_phys] roll=-0.266 pitch=+1.131 Nm
[INFO] [1789059376.305988161] [mhe_node]: [mass-diag] m_est=2.3596 T=25.463N tilt=1.34deg cos=0.99973 | T/g=2.5956 T*cos/g=2.5949 | m_est-T*cos/g=-0.2353kg (-9.07%) vz=+0.924
[INFO] [1789059376.306570109] [mhe_node]: [c_xy_est] cx=-0.0049 cy=-0.0120 m
[INFO] [1789059377.792086291] [mhe_node]: [payload-state] EMPTY->LOADED (sustained m_p evidence, m_p=+0.211kg)
[INFO] [1789059377.892255021] [mhe_node]: [s-collapse] moment 基准未就绪(窗口 1/20, 越界剔除 0) — 暂不判决
[INFO] [1789059378.312521588] [mhe_node]: MHE mass estimate: 2.294 kg (T_phys=23.08N) | solve=18.4ms (max27.1)
[INFO] [1789059378.313085732] [mhe_node]: [truth] m_hat=2.2941 m_true=2.0643 err=+11.13% | c_hat=[+0.0000,+0.0000] c_true=[+0.0000,+0.0000] | Jxx_hat=0.01420 Jxx_true=0.01420 Jyz_hat=+0.00000 Jyz_true=+0.00000 | s_hat=[-0.0061,-0.0228] s_true=[+0.0000,+0.0000] kg·m
[INFO] [1789059378.313608651] [mhe_node]: [tau_phys] roll=-0.333 pitch=-1.208 Nm
[INFO] [1789059378.314200367] [mhe_node]: [mass-diag] m_est=2.2941 T=23.079N tilt=0.61deg cos=0.99994 | T/g=2.3526 T*cos/g=2.3524 | m_est-T*cos/g=-0.0583kg (-2.48%) vz=+1.166
[INFO] [1789059378.314789703] [mhe_node]: [c_xy_est] cx=-0.0035 cy=-0.0098 m
[INFO] [1789059378.892272666] [mhe_node]: [s-collapse] moment 基准未就绪(窗口 1/20, 越界剔除 0) — 暂不判决
[INFO] [1789059379.692165281] [mhe_node]: [c_xy_est] 质量域判据已武装(m_p=0.238kg 连续20帧高于水位)
[INFO] [1789059379.892183576] [mhe_node]: [s-collapse] moment 基准未就绪(窗口 0/20, 越界剔除 0) — 暂不判决
[INFO] [1789059380.310818592] [mhe_node]: MHE mass estimate: 2.308 kg (T_phys=21.78N) | solve=16.6ms (max22.1)
[INFO] [1789059380.311383155] [mhe_node]: [truth] m_hat=2.3083 m_true=2.0643 err=+11.82% | c_hat=[+0.0000,+0.0000] c_true=[+0.0000,+0.0000] | Jxx_hat=0.01420 Jxx_true=0.01420 Jyz_hat=+0.00000 Jyz_true=+0.00000 | s_hat=[-0.0104,-0.0242] s_true=[+0.0000,+0.0000] kg·m
[INFO] [1789059380.311938266] [mhe_node]: [tau_phys] roll=-0.328 pitch=-0.791 Nm
[INFO] [1789059380.312548331] [mhe_node]: [mass-diag] m_est=2.3083 T=21.779N tilt=0.91deg cos=0.99988 | T/g=2.2200 T*cos/g=2.2198 | m_est-T*cos/g=+0.0885kg (+3.99%) vz=+0.522
[INFO] [1789059380.313157952] [mhe_node]: [c_xy_est] cx=-0.0035 cy=-0.0098 m
[INFO] [1789059380.892338678] [mhe_node]: [s-collapse] moment 基准未就绪(窗口 0/20, 越界剔除 0) — 暂不判决
[INFO] [1789059381.892243542] [mhe_node]: [s-collapse] moment 基准未就绪(窗口 1/20, 越界剔除 0) — 暂不判决
[INFO] [1789059382.312902669] [mhe_node]: MHE mass estimate: 2.301 kg (T_phys=23.04N) | solve=15.8ms (max19.9)
[INFO] [1789059382.313465400] [mhe_node]: [truth] m_hat=2.3010 m_true=2.0643 err=+11.46% | c_hat=[+0.0000,+0.0000] c_true=[+0.0000,+0.0000] | Jxx_hat=0.01420 Jxx_true=0.01420 Jyz_hat=+0.00000 Jyz_true=+0.00000 | s_hat=[-0.0074,-0.0242] s_true=[+0.0000,+0.0000] kg·m
[INFO] [1789059382.313969378] [mhe_node]: [tau_phys] roll=-0.271 pitch=+1.355 Nm
[INFO] [1789059382.314560756] [mhe_node]: [mass-diag] m_est=2.3010 T=23.040N tilt=0.32deg cos=0.99998 | T/g=2.3486 T*cos/g=2.3486 | m_est-T*cos/g=-0.0476kg (-2.03%) vz=-0.004
[INFO] [1789059382.315141705] [mhe_node]: [c_xy_est] cx=-0.0035 cy=-0.0098 m
[INFO] [1789059382.892310837] [mhe_node]: [s-collapse] moment 基准未就绪(窗口 0/20, 越界剔除 0) — 暂不判决
[INFO] [1789059383.892322028] [mhe_node]: [s-collapse] moment 基准未就绪(窗口 0/20, 越界剔除 0) — 暂不判决
[INFO] [1789059384.311701814] [mhe_node]: MHE mass estimate: 2.297 kg (T_phys=22.45N) | solve=17.3ms (max24.2)
[INFO] [1789059384.312265144] [mhe_node]: [truth] m_hat=2.2975 m_true=2.0643 err=+11.30% | c_hat=[+0.0000,+0.0000] c_true=[+0.0000,+0.0000] | Jxx_hat=0.01420 Jxx_true=0.01420 Jyz_hat=+0.00000 Jyz_true=+0.00000 | s_hat=[-0.0078,-0.0236] s_true=[+0.0000,+0.0000] kg·m
[INFO] [1789059384.312787852] [mhe_node]: [tau_phys] roll=-0.298 pitch=-0.174 Nm
[INFO] [1789059384.313370125] [mhe_node]: [mass-diag] m_est=2.2975 T=22.452N tilt=1.03deg cos=0.99984 | T/g=2.2887 T*cos/g=2.2883 | m_est-T*cos/g=+0.0092kg (+0.40%) vz=+0.002
[INFO] [1789059384.313948850] [mhe_node]: [c_xy_est] cx=-0.0035 cy=-0.0098 m
[INFO] [1789059384.892305628] [mhe_node]: [s-collapse] moment 基准未就绪(窗口 1/20, 越界剔除 0) — 暂不判决
[INFO] [1789059385.892254214] [mhe_node]: [s-collapse] moment 基准未就绪(窗口 0/20, 越界剔除 0) — 暂不判决
[INFO] [1789059386.316268754] [mhe_node]: MHE mass estimate: 2.297 kg (T_phys=23.03N) | solve=17.2ms (max23.2)
[INFO] [1789059386.316944895] [mhe_node]: [truth] m_hat=2.2971 m_true=2.0643 err=+11.28% | c_hat=[+0.0000,+0.0000] c_true=[+0.0000,+0.0000] | Jxx_hat=0.01420 Jxx_true=0.01420 Jyz_hat=+0.00000 Jyz_true=+0.00000 | s_hat=[-0.0104,-0.0237] s_true=[+0.0000,+0.0000] kg·m
[INFO] [1789059386.317468643] [mhe_node]: [tau_phys] roll=-0.257 pitch=-0.931 Nm
[INFO] [1789059386.318056453] [mhe_node]: [mass-diag] m_est=2.2971 T=23.026N tilt=0.87deg cos=0.99989 | T/g=2.3472 T*cos/g=2.3469 | m_est-T*cos/g=-0.0498kg (-2.12%) vz=-0.016
[INFO] [1789059386.318643582] [mhe_node]: [c_xy_est] cx=-0.0035 cy=-0.0098 m
[INFO] [1789059386.892266067] [mhe_node]: [s-collapse] moment 基准未就绪(窗口 0/20, 越界剔除 0) — 暂不判决
[INFO] [1789059387.892313068] [mhe_node]: [s-collapse] moment 基准未就绪(窗口 0/20, 越界剔除 0) — 暂不判决
[INFO] [1789059388.308980004] [mhe_node]: MHE mass estimate: 2.298 kg (T_phys=23.13N) | solve=17.7ms (max24.5)
[INFO] [1789059388.309543879] [mhe_node]: [truth] m_hat=2.2982 m_true=2.0643 err=+11.33% | c_hat=[+0.0000,+0.0000] c_true=[+0.0000,+0.0000] | Jxx_hat=0.01420 Jxx_true=0.01420 Jyz_hat=+0.00000 Jyz_true=+0.00000 | s_hat=[-0.0055,-0.0238] s_true=[+0.0000,+0.0000] kg·m
[INFO] [1789059388.310062180] [mhe_node]: [tau_phys] roll=-0.178 pitch=+0.703 Nm
[INFO] [1789059388.310650215] [mhe_node]: [mass-diag] m_est=2.2982 T=23.132N tilt=5.25deg cos=0.99580 | T/g=2.3581 T*cos/g=2.3482 | m_est-T*cos/g=-0.0500kg (-2.13%) vz=+0.073
[INFO] [1789059388.311231053] [mhe_node]: [c_xy_est] cx=-0.0035 cy=-0.0098 m
[INFO] [1789059388.892330527] [mhe_node]: [s-collapse] moment 基准未就绪(窗口 0/20, 越界剔除 0) — 暂不判决
[INFO] [1789059389.892328779] [mhe_node]: [s-collapse] moment 基准未就绪(窗口 0/20, 越界剔除 0) — 暂不判决
[INFO] [1789059390.307680690] [mhe_node]: MHE mass estimate: 2.307 kg (T_phys=22.56N) | solve=19.3ms (max28.5)
[INFO] [1789059390.308254161] [mhe_node]: [truth] m_hat=2.3066 m_true=2.0643 err=+11.74% | c_hat=[+0.0000,+0.0000] c_true=[+0.0000,+0.0000] | Jxx_hat=0.01420 Jxx_true=0.01420 Jyz_hat=+0.00000 Jyz_true=+0.00000 | s_hat=[-0.0015,-0.0261] s_true=[+0.0000,+0.0000] kg·m
[INFO] [1789059390.308775818] [mhe_node]: [tau_phys] roll=-0.371 pitch=+0.085 Nm
[INFO] [1789059390.309364904] [mhe_node]: [mass-diag] m_est=2.3066 T=22.558N tilt=5.80deg cos=0.99489 | T/g=2.2995 T*cos/g=2.2877 | m_est-T*cos/g=+0.0189kg (+0.83%) vz=+0.200
[INFO] [1789059390.309938502] [mhe_node]: [c_xy_est] cx=-0.0035 cy=-0.0098 m
[INFO] [1789059390.892339237] [mhe_node]: [s-collapse] moment 基准未就绪(窗口 0/20, 越界剔除 0) — 暂不判决
[INFO] [1789059391.892249003] [mhe_node]: [s-collapse] moment 基准未就绪(窗口 0/20, 越界剔除 0) — 暂不判决
[INFO] [1789059392.310273283] [mhe_node]: MHE mass estimate: 2.277 kg (T_phys=22.76N) | solve=18.3ms (max25.0)
[INFO] [1789059392.310838898] [mhe_node]: [truth] m_hat=2.2768 m_true=2.0643 err=+10.29% | c_hat=[+0.0000,+0.0000] c_true=[+0.0000,+0.0000] | Jxx_hat=0.01420 Jxx_true=0.01420 Jyz_hat=+0.00000 Jyz_true=+0.00000 | s_hat=[-0.0082,-0.0255] s_true=[+0.0000,+0.0000] kg·m
[INFO] [1789059392.311371495] [mhe_node]: [tau_phys] roll=-0.502 pitch=-1.124 Nm
[INFO] [1789059392.311963342] [mhe_node]: [mass-diag] m_est=2.2768 T=22.760N tilt=7.56deg cos=0.99131 | T/g=2.3201 T*cos/g=2.2999 | m_est-T*cos/g=-0.0232kg (-1.01%) vz=+0.120
[INFO] [1789059392.312533908] [mhe_node]: [c_xy_est] cx=-0.0035 cy=-0.0098 m
[INFO] [1789059392.892317081] [mhe_node]: [s-collapse] moment 基准未就绪(窗口 0/20, 越界剔除 0) — 暂不判决
[INFO] [1789059393.892262334] [mhe_node]: [s-collapse] moment 基准未就绪(窗口 0/20, 越界剔除 0) — 暂不判决
[INFO] [1789059394.304157736] [mhe_node]: MHE mass estimate: 2.303 kg (T_phys=18.42N) | solve=18.3ms (max28.4)
[INFO] [1789059394.304567339] [mhe_node]: [truth] m_hat=2.3028 m_true=2.0643 err=+11.56% | c_hat=[+0.0000,+0.0000] c_true=[+0.0000,+0.0000] | Jxx_hat=0.01420 Jxx_true=0.01420 Jyz_hat=+0.00000 Jyz_true=+0.00000 | s_hat=[-0.0124,-0.0291] s_true=[+0.0000,+0.0000] kg·m
[INFO] [1789059394.304931827] [mhe_node]: [tau_phys] roll=-0.706 pitch=-1.179 Nm
[INFO] [1789059394.305343986] [mhe_node]: [mass-diag] m_est=2.3028 T=18.418N tilt=11.99deg cos=0.97819 | T/g=1.8775 T*cos/g=1.8365 | m_est-T*cos/g=+0.4663kg (+25.39%) vz=-0.128
[INFO] [1789059394.305746322] [mhe_node]: [c_xy_est] cx=-0.0035 cy=-0.0098 m
[INFO] [1789059394.892256041] [mhe_node]: [s-collapse] moment 基准未就绪(窗口 0/20, 越界剔除 0) — 暂不判决
[INFO] [1789059395.892309833] [mhe_node]: [s-collapse] moment 基准未就绪(窗口 0/20, 越界剔除 0) — 暂不判决
[INFO] [1789059396.315857044] [mhe_node]: MHE mass estimate: 2.321 kg (T_phys=23.20N) | solve=19.4ms (max25.6)
[INFO] [1789059396.316418675] [mhe_node]: [truth] m_hat=2.3207 m_true=2.0643 err=+12.42% | c_hat=[+0.0000,+0.0000] c_true=[+0.0000,+0.0000] | Jxx_hat=0.01420 Jxx_true=0.01420 Jyz_hat=+0.00000 Jyz_true=+0.00000 | s_hat=[-0.0108,-0.0258] s_true=[+0.0000,+0.0000] kg·m
[INFO] [1789059396.316936840] [mhe_node]: [tau_phys] roll=-0.390 pitch=-1.026 Nm
[INFO] [1789059396.317524801] [mhe_node]: [mass-diag] m_est=2.3207 T=23.202N tilt=9.19deg cos=0.98717 | T/g=2.3652 T*cos/g=2.3348 | m_est-T*cos/g=-0.0141kg (-0.60%) vz=-0.115
[INFO] [1789059396.318106123] [mhe_node]: [c_xy_est] cx=-0.0035 cy=-0.0098 m
[INFO] [1789059396.892306123] [mhe_node]: [s-collapse] moment 基准未就绪(窗口 0/20, 越界剔除 0) — 暂不判决
[INFO] [1789059397.892257211] [mhe_node]: [s-collapse] moment 基准未就绪(窗口 0/20, 越界剔除 0) — 暂不判决
[INFO] [1789059398.312791082] [mhe_node]: MHE mass estimate: 2.301 kg (T_phys=22.33N) | solve=16.0ms (max20.6)
[INFO] [1789059398.313357292] [mhe_node]: [truth] m_hat=2.3012 m_true=2.0643 err=+11.47% | c_hat=[+0.0000,+0.0000] c_true=[+0.0000,+0.0000] | Jxx_hat=0.01420 Jxx_true=0.01420 Jyz_hat=+0.00000 Jyz_true=+0.00000 | s_hat=[-0.0151,-0.0215] s_true=[+0.0000,+0.0000] kg·m
[INFO] [1789059398.313877838] [mhe_node]: [tau_phys] roll=-0.255 pitch=+0.156 Nm
[INFO] [1789059398.314465184] [mhe_node]: [mass-diag] m_est=2.3012 T=22.333N tilt=2.01deg cos=0.99938 | T/g=2.2765 T*cos/g=2.2751 | m_est-T*cos/g=+0.0261kg (+1.15%) vz=-0.260
[INFO] [1789059398.315036026] [mhe_node]: [c_xy_est] cx=-0.0035 cy=-0.0098 m
[INFO] [1789059398.892264750] [mhe_node]: [s-collapse] moment 基准未就绪(窗口 0/20, 越界剔除 0) — 暂不判决
[INFO] [1789059399.892296499] [mhe_node]: [s-collapse] moment 基准未就绪(窗口 0/20, 越界剔除 0) — 暂不判决
[INFO] [1789059400.311479545] [mhe_node]: MHE mass estimate: 2.325 kg (T_phys=22.98N) | solve=18.7ms (max32.3)
[INFO] [1789059400.312042618] [mhe_node]: [truth] m_hat=2.3246 m_true=2.0643 err=+12.61% | c_hat=[+0.0000,+0.0000] c_true=[+0.0000,+0.0000] | Jxx_hat=0.01420 Jxx_true=0.01420 Jyz_hat=+0.00000 Jyz_true=+0.00000 | s_hat=[-0.0166,-0.0195] s_true=[+0.0000,+0.0000] kg·m
[INFO] [1789059400.312566504] [mhe_node]: [tau_phys] roll=-0.434 pitch=+1.020 Nm
[INFO] [1789059400.313164851] [mhe_node]: [mass-diag] m_est=2.3246 T=22.977N tilt=9.13deg cos=0.98732 | T/g=2.3422 T*cos/g=2.3125 | m_est-T*cos/g=+0.0121kg (+0.52%) vz=-0.161
[INFO] [1789059400.313750545] [mhe_node]: [c_xy_est] cx=-0.0035 cy=-0.0098 m
[INFO] [1789059400.892254866] [mhe_node]: [s-collapse] moment 基准未就绪(窗口 0/20, 越界剔除 0) — 暂不判决
[INFO] [1789059401.892263622] [mhe_node]: [s-collapse] moment 基准未就绪(窗口 0/20, 越界剔除 0) — 暂不判决
[INFO] [1789059402.301054510] [mhe_node]: MHE mass estimate: 2.307 kg (T_phys=22.69N) | solve=14.0ms (max21.2)
[INFO] [1789059402.301463864] [mhe_node]: [truth] m_hat=2.3069 m_true=2.0643 err=+11.75% | c_hat=[+0.0000,+0.0000] c_true=[+0.0000,+0.0000] | Jxx_hat=0.01420 Jxx_true=0.01420 Jyz_hat=+0.00000 Jyz_true=+0.00000 | s_hat=[-0.0064,-0.0210] s_true=[+0.0000,+0.0000] kg·m
[INFO] [1789059402.301827000] [mhe_node]: [tau_phys] roll=-0.259 pitch=+1.619 Nm
[INFO] [1789059402.302242741] [mhe_node]: [mass-diag] m_est=2.3069 T=22.692N tilt=6.57deg cos=0.99343 | T/g=2.3132 T*cos/g=2.2980 | m_est-T*cos/g=+0.0090kg (+0.39%) vz=-0.049
[INFO] [1789059402.302649849] [mhe_node]: [c_xy_est] cx=-0.0035 cy=-0.0098 m
[INFO] [1789059402.892316132] [mhe_node]: [s-collapse] moment 基准未就绪(窗口 0/20, 越界剔除 0) — 暂不判决
[INFO] [1789059403.892328590] [mhe_node]: [s-collapse] moment 基准未就绪(窗口 0/20, 越界剔除 0) — 暂不判决
[INFO] [1789059404.311658766] [mhe_node]: MHE mass estimate: 2.295 kg (T_phys=22.95N) | solve=16.2ms (max21.0)
[INFO] [1789059404.312344411] [mhe_node]: [truth] m_hat=2.2947 m_true=2.0643 err=+11.16% | c_hat=[+0.0000,+0.0000] c_true=[+0.0000,+0.0000] | Jxx_hat=0.01420 Jxx_true=0.01420 Jyz_hat=+0.00000 Jyz_true=+0.00000 | s_hat=[-0.0155,-0.0209] s_true=[+0.0000,+0.0000] kg·m
[INFO] [1789059404.312865601] [mhe_node]: [tau_phys] roll=-0.162 pitch=+0.049 Nm
[INFO] [1789059404.313456046] [mhe_node]: [mass-diag] m_est=2.2947 T=22.953N tilt=6.66deg cos=0.99326 | T/g=2.3398 T*cos/g=2.3240 | m_est-T*cos/g=-0.0293kg (-1.26%) vz=+0.047
[INFO] [1789059404.314038877] [mhe_node]: [c_xy_est] cx=-0.0035 cy=-0.0098 m
[INFO] [1789059404.892286636] [mhe_node]: [s-collapse] moment 基准未就绪(窗口 0/20, 越界剔除 0) — 暂不判决
[INFO] [1789059405.892306625] [mhe_node]: [s-collapse] moment 基准未就绪(窗口 0/20, 越界剔除 0) — 暂不判决
[INFO] [1789059406.307450309] [mhe_node]: MHE mass estimate: 2.315 kg (T_phys=23.00N) | solve=14.4ms (max21.4)
[INFO] [1789059406.308002123] [mhe_node]: [truth] m_hat=2.3150 m_true=2.0643 err=+12.14% | c_hat=[+0.0000,+0.0000] c_true=[+0.0000,+0.0000] | Jxx_hat=0.01420 Jxx_true=0.01420 Jyz_hat=+0.00000 Jyz_true=+0.00000 | s_hat=[-0.0139,-0.0174] s_true=[+0.0000,+0.0000] kg·m
[INFO] [1789059406.308527960] [mhe_node]: [tau_phys] roll=-0.316 pitch=-0.890 Nm
[INFO] [1789059406.309136101] [mhe_node]: [mass-diag] m_est=2.3150 T=22.999N tilt=9.96deg cos=0.98492 | T/g=2.3444 T*cos/g=2.3091 | m_est-T*cos/g=+0.0059kg (+0.25%) vz=+0.210
[INFO] [1789059406.309713969] [mhe_node]: [c_xy_est] cx=-0.0035 cy=-0.0098 m
[INFO] [1789059406.892260701] [mhe_node]: [s-collapse] moment 基准未就绪(窗口 0/20, 越界剔除 0) — 暂不判决
[INFO] [1789059407.892318711] [mhe_node]: [s-collapse] moment 基准未就绪(窗口 0/20, 越界剔除 0) — 暂不判决
[INFO] [1789059408.305231856] [mhe_node]: MHE mass estimate: 2.283 kg (T_phys=22.74N) | solve=16.7ms (max20.1)
[INFO] [1789059408.305645729] [mhe_node]: [truth] m_hat=2.2829 m_true=2.0643 err=+10.59% | c_hat=[+0.0000,+0.0000] c_true=[+0.0000,+0.0000] | Jxx_hat=0.01420 Jxx_true=0.01420 Jyz_hat=+0.00000 Jyz_true=+0.00000 | s_hat=[-0.0117,-0.0222] s_true=[+0.0000,+0.0000] kg·m
[INFO] [1789059408.306011541] [mhe_node]: [tau_phys] roll=-0.400 pitch=-1.294 Nm
[INFO] [1789059408.306423683] [mhe_node]: [mass-diag] m_est=2.2829 T=22.737N tilt=4.27deg cos=0.99722 | T/g=2.3177 T*cos/g=2.3113 | m_est-T*cos/g=-0.0284kg (-1.23%) vz=+0.223
[INFO] [1789059408.306831785] [mhe_node]: [c_xy_est] cx=-0.0035 cy=-0.0098 m
[INFO] [1789059408.892325011] [mhe_node]: [s-collapse] moment 基准未就绪(窗口 0/20, 越界剔除 0) — 暂不判决
[INFO] [1789059409.892267695] [mhe_node]: [s-collapse] moment 基准未就绪(窗口 0/20, 越界剔除 0) — 暂不判决
[INFO] [1789059410.314708453] [mhe_node]: MHE mass estimate: 2.304 kg (T_phys=23.04N) | solve=17.1ms (max21.6)
[INFO] [1789059410.315282343] [mhe_node]: [truth] m_hat=2.3036 m_true=2.0643 err=+11.59% | c_hat=[+0.0000,+0.0000] c_true=[+0.0000,+0.0000] | Jxx_hat=0.01420 Jxx_true=0.01420 Jyz_hat=+0.00000 Jyz_true=+0.00000 | s_hat=[-0.0203,-0.0269] s_true=[+0.0000,+0.0000] kg·m
[INFO] [1789059410.315799878] [mhe_node]: [tau_phys] roll=-0.419 pitch=-0.660 Nm
[INFO] [1789059410.316390211] [mhe_node]: [mass-diag] m_est=2.3036 T=23.039N tilt=6.09deg cos=0.99435 | T/g=2.3485 T*cos/g=2.3352 | m_est-T*cos/g=-0.0317kg (-1.36%) vz=+0.174
[INFO] [1789059410.316967696] [mhe_node]: [c_xy_est] cx=-0.0035 cy=-0.0098 m
[INFO] [1789059410.892287538] [mhe_node]: [s-collapse] moment 基准未就绪(窗口 0/20, 越界剔除 0) — 暂不判决
[INFO] [1789059411.892305078] [mhe_node]: [s-collapse] moment 基准未就绪(窗口 0/20, 越界剔除 0) — 暂不判决
[INFO] [1789059412.315757232] [mhe_node]: MHE mass estimate: 2.287 kg (T_phys=22.78N) | solve=19.0ms (max29.3)
[INFO] [1789059412.316322633] [mhe_node]: [truth] m_hat=2.2865 m_true=2.0643 err=+10.77% | c_hat=[+0.0000,+0.0000] c_true=[+0.0000,+0.0000] | Jxx_hat=0.01420 Jxx_true=0.01420 Jyz_hat=+0.00000 Jyz_true=+0.00000 | s_hat=[-0.0078,-0.0291] s_true=[+0.0000,+0.0000] kg·m
[INFO] [1789059412.316843671] [mhe_node]: [tau_phys] roll=-0.367 pitch=-0.898 Nm
[INFO] [1789059412.317428935] [mhe_node]: [mass-diag] m_est=2.2865 T=22.785N tilt=10.06deg cos=0.98461 | T/g=2.3226 T*cos/g=2.2869 | m_est-T*cos/g=-0.0003kg (-0.01%) vz=+0.160
[INFO] [1789059412.318012418] [mhe_node]: [c_xy_est] cx=-0.0035 cy=-0.0098 m
[INFO] [1789059412.892321739] [mhe_node]: [s-collapse] moment 基准未就绪(窗口 0/20, 越界剔除 0) — 暂不判决
[INFO] [1789059413.892269705] [mhe_node]: [s-collapse] moment 基准未就绪(窗口 0/20, 越界剔除 0) — 暂不判决
[INFO] [1789059414.310849215] [mhe_node]: MHE mass estimate: 2.307 kg (T_phys=22.82N) | solve=19.2ms (max27.1)
[INFO] [1789059414.311435384] [mhe_node]: [truth] m_hat=2.3069 m_true=2.0643 err=+11.75% | c_hat=[+0.0000,+0.0000] c_true=[+0.0000,+0.0000] | Jxx_hat=0.01420 Jxx_true=0.01420 Jyz_hat=+0.00000 Jyz_true=+0.00000 | s_hat=[-0.0140,-0.0244] s_true=[+0.0000,+0.0000] kg·m
[INFO] [1789059414.311951692] [mhe_node]: [tau_phys] roll=-0.465 pitch=-0.952 Nm
[INFO] [1789059414.312551370] [mhe_node]: [mass-diag] m_est=2.3069 T=22.816N tilt=5.50deg cos=0.99540 | T/g=2.3258 T*cos/g=2.3151 | m_est-T*cos/g=-0.0082kg (-0.36%) vz=+0.016
[INFO] [1789059414.313135764] [mhe_node]: [c_xy_est] cx=-0.0035 cy=-0.0098 m
[INFO] [1789059414.892305816] [mhe_node]: [s-collapse] moment 基准未就绪(窗口 0/20, 越界剔除 0) — 暂不判决
[INFO] [1789059415.892298566] [mhe_node]: [s-collapse] moment 基准未就绪(窗口 0/20, 越界剔除 0) — 暂不判决
[INFO] [1789059416.310323482] [mhe_node]: MHE mass estimate: 2.292 kg (T_phys=22.27N) | solve=18.9ms (max27.2)
[INFO] [1789059416.310892471] [mhe_node]: [truth] m_hat=2.2924 m_true=2.0643 err=+11.05% | c_hat=[+0.0000,+0.0000] c_true=[+0.0000,+0.0000] | Jxx_hat=0.01420 Jxx_true=0.01420 Jyz_hat=+0.00000 Jyz_true=+0.00000 | s_hat=[-0.0118,-0.0262] s_true=[+0.0000,+0.0000] kg·m
[INFO] [1789059416.311419090] [mhe_node]: [tau_phys] roll=-0.521 pitch=-0.919 Nm
[INFO] [1789059416.312007019] [mhe_node]: [mass-diag] m_est=2.2924 T=22.269N tilt=9.29deg cos=0.98688 | T/g=2.2700 T*cos/g=2.2402 | m_est-T*cos/g=+0.0522kg (+2.33%) vz=-0.125
[INFO] [1789059416.312587097] [mhe_node]: [c_xy_est] cx=-0.0035 cy=-0.0098 m
[INFO] [1789059416.892135986] [mhe_node]: [s-collapse] moment 基准未就绪(窗口 0/20, 越界剔除 0) — 暂不判决
[INFO] [1789059417.892317372] [mhe_node]: [s-collapse] moment 基准未就绪(窗口 0/20, 越界剔除 0) — 暂不判决
[INFO] [1789059418.308418115] [mhe_node]: MHE mass estimate: 2.288 kg (T_phys=23.10N) | solve=17.1ms (max24.7)
[INFO] [1789059418.308979360] [mhe_node]: [truth] m_hat=2.2876 m_true=2.0643 err=+10.82% | c_hat=[+0.0000,+0.0000] c_true=[+0.0000,+0.0000] | Jxx_hat=0.01420 Jxx_true=0.01420 Jyz_hat=+0.00000 Jyz_true=+0.00000 | s_hat=[-0.0098,-0.0252] s_true=[+0.0000,+0.0000] kg·m
[INFO] [1789059418.309500781] [mhe_node]: [tau_phys] roll=-0.313 pitch=-0.932 Nm
[INFO] [1789059418.310091146] [mhe_node]: [mass-diag] m_est=2.2876 T=23.100N tilt=9.80deg cos=0.98541 | T/g=2.3548 T*cos/g=2.3204 | m_est-T*cos/g=-0.0328kg (-1.41%) vz=-0.196
[INFO] [1789059418.310678419] [mhe_node]: [c_xy_est] cx=-0.0035 cy=-0.0098 m
[INFO] [1789059418.892311889] [mhe_node]: [s-collapse] moment 基准未就绪(窗口 0/20, 越界剔除 0) — 暂不判决
[INFO] [1789059419.892265555] [mhe_node]: [s-collapse] moment 基准未就绪(窗口 0/20, 越界剔除 0) — 暂不判决
[INFO] [1789059420.307332186] [mhe_node]: MHE mass estimate: 2.300 kg (T_phys=22.19N) | solve=17.4ms (max25.1)
[INFO] [1789059420.307899207] [mhe_node]: [truth] m_hat=2.2997 m_true=2.0643 err=+11.40% | c_hat=[+0.0000,+0.0000] c_true=[+0.0000,+0.0000] | Jxx_hat=0.01420 Jxx_true=0.01420 Jyz_hat=+0.00000 Jyz_true=+0.00000 | s_hat=[-0.0129,-0.0242] s_true=[+0.0000,+0.0000] kg·m
[INFO] [1789059420.308423140] [mhe_node]: [tau_phys] roll=-0.283 pitch=+0.152 Nm
[INFO] [1789059420.309013754] [mhe_node]: [mass-diag] m_est=2.2997 T=22.187N tilt=2.17deg cos=0.99928 | T/g=2.2617 T*cos/g=2.2601 | m_est-T*cos/g=+0.0396kg (+1.75%) vz=-0.212
[INFO] [1789059420.309598083] [mhe_node]: [c_xy_est] cx=-0.0035 cy=-0.0098 m
[INFO] [1789059420.892260476] [mhe_node]: [s-collapse] moment 基准未就绪(窗口 0/20, 越界剔除 0) — 暂不判决
[INFO] [1789059421.892282413] [mhe_node]: [s-collapse] moment 基准未就绪(窗口 0/20, 越界剔除 0) — 暂不判决
[INFO] [1789059422.309846595] [mhe_node]: MHE mass estimate: 2.327 kg (T_phys=23.33N) | solve=17.5ms (max24.3)
[INFO] [1789059422.310594280] [mhe_node]: [truth] m_hat=2.3270 m_true=2.0643 err=+12.73% | c_hat=[+0.0000,+0.0000] c_true=[+0.0000,+0.0000] | Jxx_hat=0.01420 Jxx_true=0.01420 Jyz_hat=+0.00000 Jyz_true=+0.00000 | s_hat=[-0.0167,-0.0225] s_true=[+0.0000,+0.0000] kg·m
[INFO] [1789059422.311176483] [mhe_node]: [tau_phys] roll=-0.309 pitch=+0.673 Nm
[INFO] [1789059422.311823052] [mhe_node]: [mass-diag] m_est=2.3270 T=23.333N tilt=8.35deg cos=0.98940 | T/g=2.3785 T*cos/g=2.3533 | m_est-T*cos/g=-0.0263kg (-1.12%) vz=-0.161
[INFO] [1789059422.312473573] [mhe_node]: [c_xy_est] cx=-0.0035 cy=-0.0098 m
[INFO] [1789059422.892272340] [mhe_node]: [s-collapse] moment 基准未就绪(窗口 0/20, 越界剔除 0) — 暂不判决
[INFO] [1789059423.892254409] [mhe_node]: [s-collapse] moment 基准未就绪(窗口 0/20, 越界剔除 0) — 暂不判决
[INFO] [1789059424.310622528] [mhe_node]: MHE mass estimate: 2.305 kg (T_phys=23.19N) | solve=15.3ms (max21.1)
[INFO] [1789059424.311190631] [mhe_node]: [truth] m_hat=2.3048 m_true=2.0643 err=+11.65% | c_hat=[+0.0000,+0.0000] c_true=[+0.0000,+0.0000] | Jxx_hat=0.01420 Jxx_true=0.01420 Jyz_hat=+0.00000 Jyz_true=+0.00000 | s_hat=[-0.0085,-0.0214] s_true=[+0.0000,+0.0000] kg·m
[INFO] [1789059424.311706695] [mhe_node]: [tau_phys] roll=-0.251 pitch=+1.338 Nm
[INFO] [1789059424.312289251] [mhe_node]: [mass-diag] m_est=2.3048 T=23.193N tilt=8.00deg cos=0.99026 | T/g=2.3642 T*cos/g=2.3412 | m_est-T*cos/g=-0.0364kg (-1.55%) vz=-0.044
[INFO] [1789059424.312870727] [mhe_node]: [c_xy_est] cx=-0.0035 cy=-0.0098 m
[INFO] [1789059424.892389319] [mhe_node]: [s-collapse] moment 基准未就绪(窗口 0/20, 越界剔除 0) — 暂不判决
[INFO] [1789059425.892261567] [mhe_node]: [s-collapse] moment 基准未就绪(窗口 0/20, 越界剔除 0) — 暂不判决
[INFO] [1789059426.308627393] [mhe_node]: MHE mass estimate: 2.306 kg (T_phys=23.54N) | solve=17.4ms (max23.3)
[INFO] [1789059426.309191883] [mhe_node]: [truth] m_hat=2.3061 m_true=2.0643 err=+11.71% | c_hat=[+0.0000,+0.0000] c_true=[+0.0000,+0.0000] | Jxx_hat=0.01420 Jxx_true=0.01420 Jyz_hat=+0.00000 Jyz_true=+0.00000 | s_hat=[-0.0138,-0.0212] s_true=[+0.0000,+0.0000] kg·m
[INFO] [1789059426.309717672] [mhe_node]: [tau_phys] roll=-0.269 pitch=+1.187 Nm
[INFO] [1789059426.310309865] [mhe_node]: [mass-diag] m_est=2.3061 T=23.538N tilt=5.56deg cos=0.99529 | T/g=2.3994 T*cos/g=2.3881 | m_est-T*cos/g=-0.0821kg (-3.44%) vz=+0.031
[INFO] [1789059426.310892236] [mhe_node]: [c_xy_est] cx=-0.0035 cy=-0.0098 m
[INFO] [1789059426.892346954] [mhe_node]: [s-collapse] moment 基准未就绪(窗口 0/20, 越界剔除 0) — 暂不判决
[INFO] [1789059427.892248169] [mhe_node]: [s-collapse] moment 基准未就绪(窗口 0/20, 越界剔除 0) — 暂不判决
[INFO] [1789059428.304477899] [mhe_node]: MHE mass estimate: 2.329 kg (T_phys=23.29N) | solve=15.6ms (max21.0)
[INFO] [1789059428.305043703] [mhe_node]: [truth] m_hat=2.3292 m_true=2.0643 err=+12.83% | c_hat=[+0.0000,+0.0000] c_true=[+0.0000,+0.0000] | Jxx_hat=0.01420 Jxx_true=0.01420 Jyz_hat=+0.00000 Jyz_true=+0.00000 | s_hat=[-0.0155,-0.0188] s_true=[+0.0000,+0.0000] kg·m
[INFO] [1789059428.305569742] [mhe_node]: [tau_phys] roll=-0.285 pitch=+0.694 Nm
[INFO] [1789059428.306153179] [mhe_node]: [mass-diag] m_est=2.3292 T=23.287N tilt=9.94deg cos=0.98498 | T/g=2.3738 T*cos/g=2.3382 | m_est-T*cos/g=-0.0090kg (-0.39%) vz=+0.194
[INFO] [1789059428.306731485] [mhe_node]: [c_xy_est] cx=-0.0035 cy=-0.0098 m
[INFO] [1789059428.892264508] [mhe_node]: [s-collapse] moment 基准未就绪(窗口 0/20, 越界剔除 0) — 暂不判决
[INFO] [1789059429.892253900] [mhe_node]: [s-collapse] moment 基准未就绪(窗口 0/20, 越界剔除 0) — 暂不判决
[INFO] [1789059430.309850612] [mhe_node]: MHE mass estimate: 2.286 kg (T_phys=23.47N) | solve=15.7ms (max24.4)
[INFO] [1789059430.310423403] [mhe_node]: [truth] m_hat=2.2865 m_true=2.0643 err=+10.76% | c_hat=[+0.0000,+0.0000] c_true=[+0.0000,+0.0000] | Jxx_hat=0.01420 Jxx_true=0.01420 Jyz_hat=+0.00000 Jyz_true=+0.00000 | s_hat=[-0.0038,-0.0232] s_true=[+0.0000,+0.0000] kg·m
[INFO] [1789059430.310941839] [mhe_node]: [tau_phys] roll=-0.234 pitch=+1.380 Nm
[INFO] [1789059430.311538193] [mhe_node]: [mass-diag] m_est=2.2865 T=23.467N tilt=5.47deg cos=0.99545 | T/g=2.3922 T*cos/g=2.3813 | m_est-T*cos/g=-0.0948kg (-3.98%) vz=+0.217
[INFO] [1789059430.312155774] [mhe_node]: [c_xy_est] cx=-0.0035 cy=-0.0098 m
[INFO] [1789059430.892259319] [mhe_node]: [s-collapse] moment 基准未就绪(窗口 0/20, 越界剔除 0) — 暂不判决
[INFO] [1789059431.892259306] [mhe_node]: [s-collapse] moment 基准未就绪(窗口 0/20, 越界剔除 0) — 暂不判决
[INFO] [1789059432.312830321] [mhe_node]: MHE mass estimate: 2.289 kg (T_phys=22.96N) | solve=17.4ms (max26.6)
[INFO] [1789059432.313402363] [mhe_node]: [truth] m_hat=2.2888 m_true=2.0643 err=+10.87% | c_hat=[+0.0000,+0.0000] c_true=[+0.0000,+0.0000] | Jxx_hat=0.01420 Jxx_true=0.01420 Jyz_hat=+0.00000 Jyz_true=+0.00000 | s_hat=[-0.0119,-0.0249] s_true=[+0.0000,+0.0000] kg·m
[INFO] [1789059432.313923938] [mhe_node]: [tau_phys] roll=-0.252 pitch=+1.278 Nm
[INFO] [1789059432.314516902] [mhe_node]: [mass-diag] m_est=2.2888 T=22.958N tilt=5.42deg cos=0.99553 | T/g=2.3402 T*cos/g=2.3298 | m_est-T*cos/g=-0.0410kg (-1.76%) vz=+0.210
[INFO] [1789059432.315107349] [mhe_node]: [c_xy_est] cx=-0.0035 cy=-0.0098 m
[INFO] [1789059432.892304934] [mhe_node]: [s-collapse] moment 基准未就绪(窗口 0/20, 越界剔除 0) — 暂不判决
[INFO] [1789059433.892314268] [mhe_node]: [s-collapse] moment 基准未就绪(窗口 0/20, 越界剔除 0) — 暂不判决
[INFO] [1789059434.310275430] [mhe_node]: MHE mass estimate: 2.297 kg (T_phys=22.60N) | solve=18.1ms (max20.9)
[INFO] [1789059434.310841887] [mhe_node]: [truth] m_hat=2.2973 m_true=2.0643 err=+11.29% | c_hat=[+0.0000,+0.0000] c_true=[+0.0000,+0.0000] | Jxx_hat=0.01420 Jxx_true=0.01420 Jyz_hat=+0.00000 Jyz_true=+0.00000 | s_hat=[-0.0112,-0.0293] s_true=[+0.0000,+0.0000] kg·m
[INFO] [1789059434.311367947] [mhe_node]: [tau_phys] roll=-0.313 pitch=+0.827 Nm
[INFO] [1789059434.311959364] [mhe_node]: [mass-diag] m_est=2.2973 T=22.602N tilt=8.87deg cos=0.98804 | T/g=2.3040 T*cos/g=2.2764 | m_est-T*cos/g=+0.0209kg (+0.92%) vz=+0.152
[INFO] [1789059434.312553513] [mhe_node]: [c_xy_est] cx=-0.0035 cy=-0.0098 m
[INFO] [1789059434.892322294] [mhe_node]: [s-collapse] moment 基准未就绪(窗口 0/20, 越界剔除 0) — 暂不判决
[INFO] [1789059435.892284606] [mhe_node]: [s-collapse] moment 基准未就绪(窗口 0/20, 越界剔除 0) — 暂不判决
[INFO] [1789059436.304605025] [mhe_node]: MHE mass estimate: 2.304 kg (T_phys=22.30N) | solve=18.5ms (max25.9)
[INFO] [1789059436.305016921] [mhe_node]: [truth] m_hat=2.3037 m_true=2.0643 err=+11.60% | c_hat=[+0.0000,+0.0000] c_true=[+0.0000,+0.0000] | Jxx_hat=0.01420 Jxx_true=0.01420 Jyz_hat=+0.00000 Jyz_true=+0.00000 | s_hat=[-0.0137,-0.0262] s_true=[+0.0000,+0.0000] kg·m
[INFO] [1789059436.305383832] [mhe_node]: [tau_phys] roll=-0.354 pitch=-0.061 Nm
[INFO] [1789059436.305796779] [mhe_node]: [mass-diag] m_est=2.3037 T=22.296N tilt=4.86deg cos=0.99640 | T/g=2.2728 T*cos/g=2.2646 | m_est-T*cos/g=+0.0391kg (+1.73%) vz=+0.019
[INFO] [1789059436.306206034] [mhe_node]: [c_xy_est] cx=-0.0035 cy=-0.0098 m
[INFO] [1789059436.892304232] [mhe_node]: [s-collapse] moment 基准未就绪(窗口 0/20, 越界剔除 0) — 暂不判决
[INFO] [1789059437.892309945] [mhe_node]: [s-collapse] moment 基准未就绪(窗口 0/20, 越界剔除 0) — 暂不判决
[INFO] [1789059438.303376700] [mhe_node]: MHE mass estimate: 2.304 kg (T_phys=19.03N) | solve=16.8ms (max24.0)
[INFO] [1789059438.303789839] [mhe_node]: [truth] m_hat=2.3041 m_true=2.0643 err=+11.62% | c_hat=[+0.0000,+0.0000] c_true=[+0.0000,+0.0000] | Jxx_hat=0.01420 Jxx_true=0.01420 Jyz_hat=+0.00000 Jyz_true=+0.00000 | s_hat=[-0.0138,-0.0281] s_true=[+0.0000,+0.0000] kg·m
[INFO] [1789059438.304157716] [mhe_node]: [tau_phys] roll=-0.650 pitch=-1.322 Nm
[INFO] [1789059438.304569782] [mhe_node]: [mass-diag] m_est=2.3041 T=19.026N tilt=8.62deg cos=0.98871 | T/g=1.9394 T*cos/g=1.9175 | m_est-T*cos/g=+0.3866kg (+20.16%) vz=-0.114
[INFO] [1789059438.304972476] [mhe_node]: [c_xy_est] cx=-0.0035 cy=-0.0098 m
[INFO] [1789059438.892270624] [mhe_node]: [s-collapse] moment 基准未就绪(窗口 0/20, 越界剔除 0) — 暂不判决
[INFO] [1789059439.892316407] [mhe_node]: [s-collapse] moment 基准未就绪(窗口 0/20, 越界剔除 0) — 暂不判决
[INFO] [1789059440.314373156] [mhe_node]: MHE mass estimate: 2.318 kg (T_phys=22.62N) | solve=18.2ms (max22.5)
[INFO] [1789059440.315063490] [mhe_node]: [truth] m_hat=2.3184 m_true=2.0643 err=+12.31% | c_hat=[+0.0000,+0.0000] c_true=[+0.0000,+0.0000] | Jxx_hat=0.01420 Jxx_true=0.01420 Jyz_hat=+0.00000 Jyz_true=+0.00000 | s_hat=[-0.0089,-0.0278] s_true=[+0.0000,+0.0000] kg·m
[INFO] [1789059440.315588543] [mhe_node]: [tau_phys] roll=-0.267 pitch=-0.166 Nm
[INFO] [1789059440.316181707] [mhe_node]: [mass-diag] m_est=2.3184 T=22.622N tilt=10.87deg cos=0.98204 | T/g=2.3060 T*cos/g=2.2646 | m_est-T*cos/g=+0.0538kg (+2.38%) vz=-0.158
[INFO] [1789059440.316764004] [mhe_node]: [c_xy_est] cx=-0.0035 cy=-0.0098 m
[INFO] [1789059440.892276895] [mhe_node]: [s-collapse] moment 基准未就绪(窗口 0/20, 越界剔除 0) — 暂不判决
[INFO] [1789059441.892277415] [mhe_node]: [s-collapse] moment 基准未就绪(窗口 0/20, 越界剔除 0) — 暂不判决
[INFO] [1789059442.310712387] [mhe_node]: MHE mass estimate: 2.290 kg (T_phys=22.78N) | solve=17.1ms (max25.5)
[INFO] [1789059442.311284931] [mhe_node]: [truth] m_hat=2.2905 m_true=2.0643 err=+10.96% | c_hat=[+0.0000,+0.0000] c_true=[+0.0000,+0.0000] | Jxx_hat=0.01420 Jxx_true=0.01420 Jyz_hat=+0.00000 Jyz_true=+0.00000 | s_hat=[-0.0143,-0.0238] s_true=[+0.0000,+0.0000] kg·m
[INFO] [1789059442.311806911] [mhe_node]: [tau_phys] roll=-0.316 pitch=+1.279 Nm
[INFO] [1789059442.312395437] [mhe_node]: [mass-diag] m_est=2.2905 T=22.777N tilt=1.22deg cos=0.99977 | T/g=2.3218 T*cos/g=2.3213 | m_est-T*cos/g=-0.0308kg (-1.33%) vz=-0.242
[INFO] [1789059442.312976803] [mhe_node]: [c_xy_est] cx=-0.0035 cy=-0.0098 m
[INFO] [1789059442.892279363] [mhe_node]: [s-collapse] moment 基准未就绪(窗口 0/20, 越界剔除 0) — 暂不判决
[INFO] [1789059443.892349094] [mhe_node]: [s-collapse] moment 基准未就绪(窗口 0/20, 越界剔除 0) — 暂不判决
[INFO] [1789059444.306556989] [mhe_node]: MHE mass estimate: 2.317 kg (T_phys=23.61N) | solve=17.9ms (max26.2)
[INFO] [1789059444.307132445] [mhe_node]: [truth] m_hat=2.3168 m_true=2.0643 err=+12.23% | c_hat=[+0.0000,+0.0000] c_true=[+0.0000,+0.0000] | Jxx_hat=0.01420 Jxx_true=0.01420 Jyz_hat=+0.00000 Jyz_true=+0.00000 | s_hat=[-0.0143,-0.0226] s_true=[+0.0000,+0.0000] kg·m
[INFO] [1789059444.307654230] [mhe_node]: [tau_phys] roll=-0.413 pitch=+0.870 Nm
[INFO] [1789059444.308245209] [mhe_node]: [mass-diag] m_est=2.3168 T=23.607N tilt=7.85deg cos=0.99063 | T/g=2.4064 T*cos/g=2.3839 | m_est-T*cos/g=-0.0671kg (-2.81%) vz=-0.186
[INFO] [1789059444.308826648] [mhe_node]: [c_xy_est] cx=-0.0035 cy=-0.0098 m
[INFO] [1789059444.892195030] [mhe_node]: [s-collapse] moment 基准未就绪(窗口 0/20, 越界剔除 0) — 暂不判决
[INFO] [1789059445.892262093] [mhe_node]: [s-collapse] moment 基准未就绪(窗口 0/20, 越界剔除 0) — 暂不判决
[INFO] [1789059446.308405013] [mhe_node]: MHE mass estimate: 2.312 kg (T_phys=23.36N) | solve=14.7ms (max21.1)
[INFO] [1789059446.308966398] [mhe_node]: [truth] m_hat=2.3123 m_true=2.0643 err=+12.01% | c_hat=[+0.0000,+0.0000] c_true=[+0.0000,+0.0000] | Jxx_hat=0.01420 Jxx_true=0.01420 Jyz_hat=+0.00000 Jyz_true=+0.00000 | s_hat=[-0.0129,-0.0215] s_true=[+0.0000,+0.0000] kg·m
[INFO] [1789059446.309490816] [mhe_node]: [tau_phys] roll=-0.074 pitch=+1.017 Nm
[INFO] [1789059446.310078955] [mhe_node]: [mass-diag] m_est=2.3123 T=23.364N tilt=8.26deg cos=0.98962 | T/g=2.3817 T*cos/g=2.3570 | m_est-T*cos/g=-0.0447kg (-1.90%) vz=-0.098
[INFO] [1789059446.310663305] [mhe_node]: [c_xy_est] cx=-0.0035 cy=-0.0098 m
[INFO] [1789059446.892276526] [mhe_node]: [s-collapse] moment 基准未就绪(窗口 0/20, 越界剔除 0) — 暂不判决
[INFO] [1789059447.692329919] [mhe_node]: [no-signal] mass mutation self-detected at frame 901: T_phys=17.73N vs baseline 22.97N (dev 5.24N > 4.4N over 2 frames, direction=DROP); de-weighting pre-event stages
[INFO] [1789059447.692653027] [mhe_node]: [no-signal] 残差检出 DROP 方向 → 作为释放证据保持 3.0s
[INFO] [1789059447.693735837] [mhe_node]: event transition started: pre-event stages de-weighted
[WARN] [1789059447.879749755] [mhe_node]: MHE solve failed [status=2], skipping this window (streak 1)
[INFO] [1789059447.892312752] [mhe_node]: [release-resid] STRONG 票: ΔT=-2.52N x4帧 (floor 0.9N)
[WARN] [1789059447.892512491] [mhe_node]: [s-collapse] 估计不健康,释放判决暂停 (solve_ok=0 reanchored=0 age=0.16s) — 持续计数已清零
[WARN] [1789059448.064253433] [mhe_node]: MHE solve failed [status=2], skipping this window (streak 1)
[WARN] [1789059448.177306685] [mhe_node]: MHE solve failed [status=2], skipping this window (streak 2)
[WARN] [1789059448.355032782] [mhe_node]: MHE solve failed [status=2], skipping this window (streak 1)
[WARN] [1789059448.563255674] [mhe_node]: MHE solve failed [status=2], skipping this window (streak 1)
[INFO] [1789059448.839954814] [mhe_node]: MHE mass estimate: 1.961 kg (T_phys=19.59N) | solve=42.8ms (max86.7)
[INFO] [1789059448.840345576] [mhe_node]: [truth] m_hat=1.9611 m_true=2.0643 err=-5.00% | c_hat=[+0.0000,+0.0000] c_true=[+0.0000,+0.0000] | Jxx_hat=0.01420 Jxx_true=0.01420 Jyz_hat=+0.00000 Jyz_true=+0.00000 | s_hat=[-0.0097,-0.0054] s_true=[+0.0000,+0.0000] kg·m
[INFO] [1789059448.840702359] [mhe_node]: [tau_phys] roll=+0.259 pitch=+0.327 Nm
[INFO] [1789059448.841108166] [mhe_node]: [mass-diag] m_est=1.9611 T=19.586N tilt=7.38deg cos=0.99173 | T/g=1.9966 T*cos/g=1.9800 | m_est-T*cos/g=-0.0190kg (-0.96%) vz=+0.069
[INFO] [1789059448.841510123] [mhe_node]: [c_xy_est] cx=-0.0035 cy=-0.0098 m
[INFO] [1789059448.892250086] [mhe_node]: [s-collapse] moment 基准未就绪(窗口 0/20, 越界剔除 0) — 暂不判决
[INFO] [1789059449.593040635] [mhe_node]: event transition ended: nominal weights restored
[INFO] [1789059449.892295340] [mhe_node]: [s-collapse] moment 基准未就绪(窗口 0/20, 越界剔除 0) — 暂不判决
[INFO] [1789059450.824136693] [mhe_node]: MHE mass estimate: 1.961 kg (T_phys=20.51N) | solve=31.7ms (max47.1)
[INFO] [1789059450.824675932] [mhe_node]: [truth] m_hat=1.9611 m_true=2.0643 err=-5.00% | c_hat=[+0.0000,+0.0000] c_true=[+0.0000,+0.0000] | Jxx_hat=0.01420 Jxx_true=0.01420 Jyz_hat=+0.00000 Jyz_true=+0.00000 | s_hat=[+0.0041,+0.0021] s_true=[+0.0000,+0.0000] kg·m
[INFO] [1789059450.825196598] [mhe_node]: [tau_phys] roll=+0.013 pitch=-0.031 Nm
[INFO] [1789059450.825782040] [mhe_node]: [mass-diag] m_est=1.9611 T=20.513N tilt=10.15deg cos=0.98435 | T/g=2.0910 T*cos/g=2.0583 | m_est-T*cos/g=-0.0972kg (-4.72%) vz=+0.206
[INFO] [1789059450.826361086] [mhe_node]: [c_xy_est] cx=-0.0035 cy=-0.0098 m
[INFO] [1789059450.892269249] [mhe_node]: [s-collapse] moment 基准未就绪(窗口 0/20, 越界剔除 0) — 暂不判决
[INFO] [1789059451.892282186] [mhe_node]: [s-collapse] moment 基准未就绪(窗口 0/20, 越界剔除 0) — 暂不判决
[INFO] [1789059452.092240104] [mhe_node]: [no-signal] baseline settled at 20.79N (quiet 20 frames); detector armed
[INFO] [1789059452.799830319] [mhe_node]: MHE mass estimate: 2.032 kg (T_phys=19.95N) | solve=16.4ms (max31.3)
[INFO] [1789059452.800367264] [mhe_node]: [truth] m_hat=2.0325 m_true=2.0643 err=-1.54% | c_hat=[+0.0000,+0.0000] c_true=[+0.0000,+0.0000] | Jxx_hat=0.01420 Jxx_true=0.01420 Jyz_hat=+0.00000 Jyz_true=+0.00000 | s_hat=[+0.0032,+0.0011] s_true=[+0.0000,+0.0000] kg·m
[INFO] [1789059452.800885532] [mhe_node]: [tau_phys] roll=-0.002 pitch=-0.084 Nm
[INFO] [1789059452.801466402] [mhe_node]: [mass-diag] m_est=2.0325 T=19.952N tilt=4.09deg cos=0.99745 | T/g=2.0339 T*cos/g=2.0287 | m_est-T*cos/g=+0.0038kg (+0.19%) vz=+0.218
[INFO] [1789059452.802044601] [mhe_node]: [c_xy_est] cx=-0.0035 cy=-0.0098 m
[INFO] [1789059452.892293549] [mhe_node]: [s-collapse] moment 基准未就绪(窗口 0/20, 越界剔除 0) — 暂不判决
[INFO] [1789059453.892277527] [mhe_node]: [s-collapse] moment 基准未就绪(窗口 0/20, 越界剔除 0) — 暂不判决
[INFO] [1789059454.802987851] [mhe_node]: MHE mass estimate: 2.045 kg (T_phys=20.37N) | solve=7.8ms (max12.4)
[INFO] [1789059454.803532888] [mhe_node]: [truth] m_hat=2.0450 m_true=2.0643 err=-0.94% | c_hat=[+0.0000,+0.0000] c_true=[+0.0000,+0.0000] | Jxx_hat=0.01420 Jxx_true=0.01420 Jyz_hat=+0.00000 Jyz_true=+0.00000 | s_hat=[-0.0011,-0.0003] s_true=[+0.0000,+0.0000] kg·m
[INFO] [1789059454.804049867] [mhe_node]: [tau_phys] roll=-0.017 pitch=+0.017 Nm
[INFO] [1789059454.804642900] [mhe_node]: [mass-diag] m_est=2.0450 T=20.366N tilt=6.41deg cos=0.99375 | T/g=2.0760 T*cos/g=2.0631 | m_est-T*cos/g=-0.0181kg (-0.88%) vz=+0.208
[INFO] [1789059454.805225845] [mhe_node]: [c_xy_est] cx=-0.0035 cy=-0.0098 m
[INFO] [1789059454.892228138] [mhe_node]: [s-collapse] moment 基准未就绪(窗口 0/20, 越界剔除 0) — 暂不判决
[INFO] [1789059455.892243124] [mhe_node]: [s-collapse] moment 基准未就绪(窗口 0/20, 越界剔除 0) — 暂不判决
[INFO] [1789059456.799814883] [mhe_node]: MHE mass estimate: 2.053 kg (T_phys=20.33N) | solve=8.8ms (max14.7)
[INFO] [1789059456.800358655] [mhe_node]: [truth] m_hat=2.0528 m_true=2.0643 err=-0.56% | c_hat=[+0.0000,+0.0000] c_true=[+0.0000,+0.0000] | Jxx_hat=0.01420 Jxx_true=0.01420 Jyz_hat=+0.00000 Jyz_true=+0.00000 | s_hat=[-0.0006,-0.0015] s_true=[+0.0000,+0.0000] kg·m
[INFO] [1789059456.800874395] [mhe_node]: [tau_phys] roll=-0.010 pitch=-0.021 Nm
[INFO] [1789059456.801464159] [mhe_node]: [mass-diag] m_est=2.0528 T=20.333N tilt=9.21deg cos=0.98711 | T/g=2.0727 T*cos/g=2.0460 | m_est-T*cos/g=+0.0068kg (+0.33%) vz=+0.136
[INFO] [1789059456.802046964] [mhe_node]: [c_xy_est] cx=-0.0035 cy=-0.0098 m
[INFO] [1789059456.892224514] [mhe_node]: [s-collapse] moment 基准未就绪(窗口 0/20, 越界剔除 0) — 暂不判决
[INFO] [1789059457.892105148] [mhe_node]: [s-collapse] moment 基准未就绪(窗口 0/20, 越界剔除 0) — 暂不判决
[INFO] [1789059458.799777270] [mhe_node]: MHE mass estimate: 2.047 kg (T_phys=20.07N) | solve=8.2ms (max13.6)
[INFO] [1789059458.800323714] [mhe_node]: [truth] m_hat=2.0472 m_true=2.0643 err=-0.83% | c_hat=[+0.0000,+0.0000] c_true=[+0.0000,+0.0000] | Jxx_hat=0.01420 Jxx_true=0.01420 Jyz_hat=+0.00000 Jyz_true=+0.00000 | s_hat=[+0.0008,-0.0005] s_true=[+0.0000,+0.0000] kg·m
[INFO] [1789059458.800840498] [mhe_node]: [tau_phys] roll=-0.001 pitch=+0.016 Nm
[INFO] [1789059458.801430722] [mhe_node]: [mass-diag] m_est=2.0472 T=20.065N tilt=4.77deg cos=0.99653 | T/g=2.0454 T*cos/g=2.0383 | m_est-T*cos/g=+0.0089kg (+0.43%) vz=-0.008
[INFO] [1789059458.802009585] [mhe_node]: [c_xy_est] cx=-0.0035 cy=-0.0098 m
[INFO] [1789059458.892279685] [mhe_node]: [s-collapse] moment 基准未就绪(窗口 0/20, 越界剔除 0) — 暂不判决
[INFO] [1789059459.892329007] [mhe_node]: [s-collapse] moment 基准未就绪(窗口 0/20, 越界剔除 0) — 暂不判决
[INFO] [1789059460.800980487] [mhe_node]: MHE mass estimate: 2.058 kg (T_phys=20.36N) | solve=7.9ms (max13.9)
[INFO] [1789059460.801511698] [mhe_node]: [truth] m_hat=2.0581 m_true=2.0643 err=-0.30% | c_hat=[+0.0000,+0.0000] c_true=[+0.0000,+0.0000] | Jxx_hat=0.01420 Jxx_true=0.01420 Jyz_hat=+0.00000 Jyz_true=+0.00000 | s_hat=[-0.0010,-0.0013] s_true=[+0.0000,+0.0000] kg·m
[INFO] [1789059460.802058727] [mhe_node]: [tau_phys] roll=-0.016 pitch=-0.007 Nm
[INFO] [1789059460.802653664] [mhe_node]: [mass-diag] m_est=2.0581 T=20.360N tilt=8.73deg cos=0.98841 | T/g=2.0755 T*cos/g=2.0514 | m_est-T*cos/g=+0.0067kg (+0.33%) vz=-0.130
[INFO] [1789059460.803235470] [mhe_node]: [c_xy_est] cx=-0.0035 cy=-0.0098 m
[INFO] [1789059460.892283397] [mhe_node]: [s-collapse] moment 基准未就绪(窗口 0/20, 越界剔除 0) — 暂不判决
[INFO] [1789059461.892299177] [mhe_node]: [s-collapse] moment 基准未就绪(窗口 0/20, 越界剔除 0) — 暂不判决
[INFO] [1789059462.800917571] [mhe_node]: MHE mass estimate: 2.050 kg (T_phys=20.12N) | solve=8.6ms (max13.7)
[INFO] [1789059462.801581194] [mhe_node]: [truth] m_hat=2.0497 m_true=2.0643 err=-0.71% | c_hat=[+0.0000,+0.0000] c_true=[+0.0000,+0.0000] | Jxx_hat=0.01420 Jxx_true=0.01420 Jyz_hat=+0.00000 Jyz_true=+0.00000 | s_hat=[+0.0024,-0.0007] s_true=[+0.0000,+0.0000] kg·m
[INFO] [1789059462.802107933] [mhe_node]: [tau_phys] roll=+0.001 pitch=-0.029 Nm
[INFO] [1789059462.802707143] [mhe_node]: [mass-diag] m_est=2.0497 T=20.123N tilt=9.10deg cos=0.98743 | T/g=2.0512 T*cos/g=2.0255 | m_est-T*cos/g=+0.0242kg (+1.20%) vz=-0.204
[INFO] [1789059462.803292500] [mhe_node]: [c_xy_est] cx=-0.0035 cy=-0.0098 m
[INFO] [1789059462.892223169] [mhe_node]: [s-collapse] moment 基准未就绪(窗口 0/20, 越界剔除 0) — 暂不判决
[INFO] [1789059463.892236997] [mhe_node]: [s-collapse] moment 基准未就绪(窗口 0/20, 越界剔除 0) — 暂不判决
[INFO] [1789059464.801111726] [mhe_node]: MHE mass estimate: 2.048 kg (T_phys=20.23N) | solve=9.0ms (max15.7)
[INFO] [1789059464.801653333] [mhe_node]: [truth] m_hat=2.0481 m_true=2.0643 err=-0.79% | c_hat=[+0.0000,+0.0000] c_true=[+0.0000,+0.0000] | Jxx_hat=0.01420 Jxx_true=0.01420 Jyz_hat=+0.00000 Jyz_true=+0.00000 | s_hat=[+0.0007,+0.0012] s_true=[+0.0000,+0.0000] kg·m
[INFO] [1789059464.802182441] [mhe_node]: [tau_phys] roll=+0.018 pitch=+0.021 Nm
[INFO] [1789059464.802780990] [mhe_node]: [mass-diag] m_est=2.0481 T=20.231N tilt=1.81deg cos=0.99950 | T/g=2.0623 T*cos/g=2.0613 | m_est-T*cos/g=-0.0132kg (-0.64%) vz=-0.225
[INFO] [1789059464.803370115] [mhe_node]: [c_xy_est] cx=-0.0035 cy=-0.0098 m
[INFO] [1789059464.892223435] [mhe_node]: [s-collapse] moment 基准未就绪(窗口 0/20, 越界剔除 0) — 暂不判决
[INFO] [1789059465.892227534] [mhe_node]: [s-collapse] moment 基准未就绪(窗口 0/20, 越界剔除 0) — 暂不判决
[INFO] [1789059466.801227516] [mhe_node]: MHE mass estimate: 2.058 kg (T_phys=20.64N) | solve=8.1ms (max11.5)
[INFO] [1789059466.801767230] [mhe_node]: [truth] m_hat=2.0582 m_true=2.0643 err=-0.30% | c_hat=[+0.0000,+0.0000] c_true=[+0.0000,+0.0000] | Jxx_hat=0.01420 Jxx_true=0.01420 Jyz_hat=+0.00000 Jyz_true=+0.00000 | s_hat=[-0.0014,+0.0026] s_true=[+0.0000,+0.0000] kg·m
[INFO] [1789059466.802299167] [mhe_node]: [tau_phys] roll=+0.028 pitch=-0.001 Nm
[INFO] [1789059466.802895842] [mhe_node]: [mass-diag] m_est=2.0582 T=20.638N tilt=8.99deg cos=0.98771 | T/g=2.1038 T*cos/g=2.0779 | m_est-T*cos/g=-0.0198kg (-0.95%) vz=-0.171
[INFO] [1789059466.803484970] [mhe_node]: [c_xy_est] cx=-0.0035 cy=-0.0098 m
[INFO] [1789059466.892222380] [mhe_node]: [s-collapse] moment 基准未就绪(窗口 0/20, 越界剔除 0) — 暂不判决
[INFO] [1789059467.892297762] [mhe_node]: [s-collapse] moment 基准未就绪(窗口 0/20, 越界剔除 0) — 暂不判决
[INFO] [1789059468.800987577] [mhe_node]: MHE mass estimate: 2.053 kg (T_phys=20.32N) | solve=9.7ms (max21.5)
[INFO] [1789059468.801524243] [mhe_node]: [truth] m_hat=2.0529 m_true=2.0643 err=-0.55% | c_hat=[+0.0000,+0.0000] c_true=[+0.0000,+0.0000] | Jxx_hat=0.01420 Jxx_true=0.01420 Jyz_hat=+0.00000 Jyz_true=+0.00000 | s_hat=[+0.0009,+0.0018] s_true=[+0.0000,+0.0000] kg·m
[INFO] [1789059468.802042415] [mhe_node]: [tau_phys] roll=+0.012 pitch=-0.009 Nm
[INFO] [1789059468.802627613] [mhe_node]: [mass-diag] m_est=2.0529 T=20.321N tilt=7.76deg cos=0.99084 | T/g=2.0715 T*cos/g=2.0525 | m_est-T*cos/g=+0.0004kg (+0.02%) vz=-0.047
[INFO] [1789059468.803205577] [mhe_node]: [c_xy_est] cx=-0.0035 cy=-0.0098 m
[INFO] [1789059468.892248433] [mhe_node]: [s-collapse] moment 基准未就绪(窗口 0/20, 越界剔除 0) — 暂不判决
[INFO] [1789059469.892237545] [mhe_node]: [s-collapse] moment 基准未就绪(窗口 0/20, 越界剔除 0) — 暂不判决
[INFO] [1789059470.801522861] [mhe_node]: MHE mass estimate: 2.054 kg (T_phys=20.47N) | solve=7.6ms (max14.7)
[INFO] [1789059470.802063027] [mhe_node]: [truth] m_hat=2.0545 m_true=2.0643 err=-0.48% | c_hat=[+0.0000,+0.0000] c_true=[+0.0000,+0.0000] | Jxx_hat=0.01420 Jxx_true=0.01420 Jyz_hat=+0.00000 Jyz_true=+0.00000 | s_hat=[-0.0012,+0.0017] s_true=[+0.0000,+0.0000] kg·m
[INFO] [1789059470.802595496] [mhe_node]: [tau_phys] roll=+0.022 pitch=+0.027 Nm
[INFO] [1789059470.803193706] [mhe_node]: [mass-diag] m_est=2.0545 T=20.467N tilt=5.52deg cos=0.99537 | T/g=2.0864 T*cos/g=2.0767 | m_est-T*cos/g=-0.0222kg (-1.07%) vz=+0.069
[INFO] [1789059470.803777753] [mhe_node]: [c_xy_est] cx=-0.0035 cy=-0.0098 m
[INFO] [1789059470.892277106] [mhe_node]: [s-collapse] moment 基准未就绪(窗口 0/20, 越界剔除 0) — 暂不判决
[INFO] [1789059471.892278610] [mhe_node]: [s-collapse] moment 基准未就绪(窗口 0/20, 越界剔除 0) — 暂不判决
[INFO] [1789059472.805294185] [mhe_node]: MHE mass estimate: 2.049 kg (T_phys=20.51N) | solve=9.2ms (max19.2)
[INFO] [1789059472.805832422] [mhe_node]: [truth] m_hat=2.0487 m_true=2.0643 err=-0.75% | c_hat=[+0.0000,+0.0000] c_true=[+0.0000,+0.0000] | Jxx_hat=0.01420 Jxx_true=0.01420 Jyz_hat=+0.00000 Jyz_true=+0.00000 | s_hat=[-0.0000,+0.0029] s_true=[+0.0000,+0.0000] kg·m
[INFO] [1789059472.806355363] [mhe_node]: [tau_phys] roll=+0.016 pitch=-0.040 Nm
[INFO] [1789059472.806942465] [mhe_node]: [mass-diag] m_est=2.0487 T=20.510N tilt=10.04deg cos=0.98467 | T/g=2.0907 T*cos/g=2.0587 | m_est-T*cos/g=-0.0100kg (-0.48%) vz=+0.193
[INFO] [1789059472.807525798] [mhe_node]: [c_xy_est] cx=-0.0035 cy=-0.0098 m
[INFO] [1789059472.892226868] [mhe_node]: [s-collapse] moment 基准未就绪(窗口 0/20, 越界剔除 0) — 暂不判决
[INFO] [1789059473.892308906] [mhe_node]: [s-collapse] moment 基准未就绪(窗口 0/20, 越界剔除 0) — 暂不判决
[INFO] [1789059474.798916840] [mhe_node]: MHE mass estimate: 2.039 kg (T_phys=20.14N) | solve=10.4ms (max18.9)
[INFO] [1789059474.799462042] [mhe_node]: [truth] m_hat=2.0386 m_true=2.0643 err=-1.25% | c_hat=[+0.0000,+0.0000] c_true=[+0.0000,+0.0000] | Jxx_hat=0.01420 Jxx_true=0.01420 Jyz_hat=+0.00000 Jyz_true=+0.00000 | s_hat=[+0.0026,+0.0011] s_true=[+0.0000,+0.0000] kg·m
[INFO] [1789059474.799982618] [mhe_node]: [tau_phys] roll=+0.003 pitch=-0.004 Nm
[INFO] [1789059474.800575178] [mhe_node]: [mass-diag] m_est=2.0386 T=20.142N tilt=5.09deg cos=0.99605 | T/g=2.0533 T*cos/g=2.0451 | m_est-T*cos/g=-0.0066kg (-0.32%) vz=+0.232
[INFO] [1789059474.801162471] [mhe_node]: [c_xy_est] cx=-0.0035 cy=-0.0098 m
[INFO] [1789059474.892271763] [mhe_node]: [s-collapse] moment 基准未就绪(窗口 0/20, 越界剔除 0) — 暂不判决
[INFO] [1789059475.892374720] [mhe_node]: [s-collapse] moment 基准未就绪(窗口 0/20, 越界剔除 0) — 暂不判决
[INFO] [1789059476.799772099] [mhe_node]: MHE mass estimate: 2.048 kg (T_phys=20.24N) | solve=7.7ms (max13.5)
[INFO] [1789059476.800315338] [mhe_node]: [truth] m_hat=2.0477 m_true=2.0643 err=-0.81% | c_hat=[+0.0000,+0.0000] c_true=[+0.0000,+0.0000] | Jxx_hat=0.01420 Jxx_true=0.01420 Jyz_hat=+0.00000 Jyz_true=+0.00000 | s_hat=[-0.0003,-0.0004] s_true=[+0.0000,+0.0000] kg·m
[INFO] [1789059476.800833128] [mhe_node]: [tau_phys] roll=-0.008 pitch=+0.018 Nm
[INFO] [1789059476.801426358] [mhe_node]: [mass-diag] m_est=2.0477 T=20.241N tilt=5.12deg cos=0.99600 | T/g=2.0633 T*cos/g=2.0551 | m_est-T*cos/g=-0.0074kg (-0.36%) vz=+0.214
[INFO] [1789059476.802008363] [mhe_node]: [c_xy_est] cx=-0.0035 cy=-0.0098 m
[INFO] [1789059476.892244894] [mhe_node]: [s-collapse] moment 基准未就绪(窗口 0/20, 越界剔除 0) — 暂不判决
[INFO] [1789059477.892285301] [mhe_node]: [s-collapse] moment 基准未就绪(窗口 0/20, 越界剔除 0) — 暂不判决
[INFO] [1789059478.803221823] [mhe_node]: MHE mass estimate: 2.052 kg (T_phys=20.27N) | solve=9.4ms (max18.3)
[INFO] [1789059478.803757008] [mhe_node]: [truth] m_hat=2.0517 m_true=2.0643 err=-0.61% | c_hat=[+0.0000,+0.0000] c_true=[+0.0000,+0.0000] | Jxx_hat=0.01420 Jxx_true=0.01420 Jyz_hat=+0.00000 Jyz_true=+0.00000 | s_hat=[-0.0006,-0.0018] s_true=[+0.0000,+0.0000] kg·m
[INFO] [1789059478.804270610] [mhe_node]: [tau_phys] roll=-0.011 pitch=+0.000 Nm
[INFO] [1789059478.804852368] [mhe_node]: [mass-diag] m_est=2.0517 T=20.272N tilt=9.64deg cos=0.98589 | T/g=2.0664 T*cos/g=2.0373 | m_est-T*cos/g=+0.0145kg (+0.71%) vz=+0.141
[INFO] [1789059478.805431947] [mhe_node]: [c_xy_est] cx=-0.0035 cy=-0.0098 m
[INFO] [1789059478.892256528] [mhe_node]: [s-collapse] moment 基准未就绪(窗口 0/20, 越界剔除 0) — 暂不判决
[INFO] [1789059479.892298017] [mhe_node]: [s-collapse] moment 基准未就绪(窗口 0/20, 越界剔除 0) — 暂不判决
[INFO] [1789059480.799818945] [mhe_node]: MHE mass estimate: 2.049 kg (T_phys=20.04N) | solve=7.5ms (max12.2)
[INFO] [1789059480.800484703] [mhe_node]: [truth] m_hat=2.0492 m_true=2.0643 err=-0.73% | c_hat=[+0.0000,+0.0000] c_true=[+0.0000,+0.0000] | Jxx_hat=0.01420 Jxx_true=0.01420 Jyz_hat=+0.00000 Jyz_true=+0.00000 | s_hat=[+0.0009,-0.0005] s_true=[+0.0000,+0.0000] kg·m
[INFO] [1789059480.801001525] [mhe_node]: [tau_phys] roll=-0.001 pitch=+0.014 Nm
[INFO] [1789059480.801595749] [mhe_node]: [mass-diag] m_est=2.0492 T=20.044N tilt=4.74deg cos=0.99658 | T/g=2.0432 T*cos/g=2.0363 | m_est-T*cos/g=+0.0130kg (+0.64%) vz=-0.002
[INFO] [1789059480.802180096] [mhe_node]: [c_xy_est] cx=-0.0035 cy=-0.0098 m
[INFO] [1789059480.892251652] [mhe_node]: [s-collapse] moment 基准未就绪(窗口 0/20, 越界剔除 0) — 暂不判决
[INFO] [1789059481.892238429] [mhe_node]: [s-collapse] moment 基准未就绪(窗口 0/20, 越界剔除 0) — 暂不判决
[INFO] [1789059482.806867944] [mhe_node]: MHE mass estimate: 2.057 kg (T_phys=20.37N) | solve=7.4ms (max13.9)
[INFO] [1789059482.807409958] [mhe_node]: [truth] m_hat=2.0573 m_true=2.0643 err=-0.34% | c_hat=[+0.0000,+0.0000] c_true=[+0.0000,+0.0000] | Jxx_hat=0.01420 Jxx_true=0.01420 Jyz_hat=+0.00000 Jyz_true=+0.00000 | s_hat=[-0.0012,-0.0012] s_true=[+0.0000,+0.0000] kg·m
[INFO] [1789059482.807928302] [mhe_node]: [tau_phys] roll=-0.001 pitch=+0.044 Nm
[INFO] [1789059482.808514581] [mhe_node]: [mass-diag] m_est=2.0573 T=20.372N tilt=8.79deg cos=0.98825 | T/g=2.0767 T*cos/g=2.0523 | m_est-T*cos/g=+0.0050kg (+0.24%) vz=-0.112
[INFO] [1789059482.809095906] [mhe_node]: [c_xy_est] cx=-0.0035 cy=-0.0098 m
[INFO] [1789059482.892241944] [mhe_node]: [s-collapse] moment 基准未就绪(窗口 0/20, 越界剔除 0) — 暂不判决
[INFO] [1789059483.892283997] [mhe_node]: [s-collapse] moment 基准未就绪(窗口 0/20, 越界剔除 0) — 暂不判决
[INFO] [1789059484.800801329] [mhe_node]: MHE mass estimate: 2.051 kg (T_phys=20.14N) | solve=11.2ms (max17.2)
[INFO] [1789059484.801337268] [mhe_node]: [truth] m_hat=2.0514 m_true=2.0643 err=-0.62% | c_hat=[+0.0000,+0.0000] c_true=[+0.0000,+0.0000] | Jxx_hat=0.01420 Jxx_true=0.01420 Jyz_hat=+0.00000 Jyz_true=+0.00000 | s_hat=[+0.0017,-0.0010] s_true=[+0.0000,+0.0000] kg·m
[INFO] [1789059484.801845043] [mhe_node]: [tau_phys] roll=+0.003 pitch=-0.023 Nm
[INFO] [1789059484.802432768] [mhe_node]: [mass-diag] m_est=2.0514 T=20.136N tilt=9.51deg cos=0.98624 | T/g=2.0526 T*cos/g=2.0244 | m_est-T*cos/g=+0.0270kg (+1.34%) vz=-0.199
[INFO] [1789059484.803018677] [mhe_node]: [c_xy_est] cx=-0.0035 cy=-0.0098 m
[INFO] [1789059484.892235539] [mhe_node]: [s-collapse] moment 基准未就绪(窗口 0/20, 越界剔除 0) — 暂不判决
[INFO] [1789059485.892296218] [mhe_node]: [s-collapse] moment 基准未就绪(窗口 0/20, 越界剔除 0) — 暂不判决
[INFO] [1789059486.797463937] [mhe_node]: MHE mass estimate: 2.044 kg (T_phys=20.21N) | solve=8.3ms (max15.7)
[INFO] [1789059486.797847506] [mhe_node]: [truth] m_hat=2.0444 m_true=2.0643 err=-0.96% | c_hat=[+0.0000,+0.0000] c_true=[+0.0000,+0.0000] | Jxx_hat=0.01420 Jxx_true=0.01420 Jyz_hat=+0.00000 Jyz_true=+0.00000 | s_hat=[+0.0025,+0.0011] s_true=[+0.0000,+0.0000] kg·m
[INFO] [1789059486.798213589] [mhe_node]: [tau_phys] roll=+0.012 pitch=+0.018 Nm
[INFO] [1789059486.798625305] [mhe_node]: [mass-diag] m_est=2.0444 T=20.213N tilt=1.09deg cos=0.99982 | T/g=2.0604 T*cos/g=2.0600 | m_est-T*cos/g=-0.0156kg (-0.76%) vz=-0.234
[INFO] [1789059486.799025108] [mhe_node]: [c_xy_est] cx=-0.0035 cy=-0.0098 m
[INFO] [1789059486.892101135] [mhe_node]: [s-collapse] moment 基准未就绪(窗口 0/20, 越界剔除 0) — 暂不判决
[INFO] [1789059487.892118256] [mhe_node]: [s-collapse] moment 基准未就绪(窗口 0/20, 越界剔除 0) — 暂不判决
[INFO] [1789059488.798755726] [mhe_node]: MHE mass estimate: 2.060 kg (T_phys=20.56N) | solve=6.6ms (max13.5)
[INFO] [1789059488.799299992] [mhe_node]: [truth] m_hat=2.0599 m_true=2.0643 err=-0.21% | c_hat=[+0.0000,+0.0000] c_true=[+0.0000,+0.0000] | Jxx_hat=0.01420 Jxx_true=0.01420 Jyz_hat=+0.00000 Jyz_true=+0.00000 | s_hat=[-0.0007,+0.0026] s_true=[+0.0000,+0.0000] kg·m
[INFO] [1789059488.799821742] [mhe_node]: [tau_phys] roll=+0.025 pitch=+0.013 Nm
[INFO] [1789059488.800417154] [mhe_node]: [mass-diag] m_est=2.0599 T=20.561N tilt=8.59deg cos=0.98879 | T/g=2.0959 T*cos/g=2.0724 | m_est-T*cos/g=-0.0125kg (-0.60%) vz=-0.171
[INFO] [1789059488.800999347] [mhe_node]: [c_xy_est] cx=-0.0035 cy=-0.0098 m
[INFO] [1789059488.892283286] [mhe_node]: [s-collapse] moment 基准未就绪(窗口 0/20, 越界剔除 0) — 暂不判决
[INFO] [1789059489.892283499] [mhe_node]: [s-collapse] moment 基准未就绪(窗口 0/20, 越界剔除 0) — 暂不判决
[INFO] [1789059490.806822027] [mhe_node]: MHE mass estimate: 2.052 kg (T_phys=20.48N) | solve=9.0ms (max15.5)
[INFO] [1789059490.807358833] [mhe_node]: [truth] m_hat=2.0521 m_true=2.0643 err=-0.59% | c_hat=[+0.0000,+0.0000] c_true=[+0.0000,+0.0000] | Jxx_hat=0.01420 Jxx_true=0.01420 Jyz_hat=+0.00000 Jyz_true=+0.00000 | s_hat=[+0.0005,+0.0019] s_true=[+0.0000,+0.0000] kg·m
[INFO] [1789059490.807873904] [mhe_node]: [tau_phys] roll=+0.012 pitch=+0.001 Nm
[INFO] [1789059490.808462429] [mhe_node]: [mass-diag] m_est=2.0521 T=20.483N tilt=8.32deg cos=0.98947 | T/g=2.0880 T*cos/g=2.0660 | m_est-T*cos/g=-0.0139kg (-0.67%) vz=-0.084
[INFO] [1789059490.809041160] [mhe_node]: [c_xy_est] cx=-0.0035 cy=-0.0098 m
[INFO] [1789059490.892310885] [mhe_node]: [s-collapse] moment 基准未就绪(窗口 0/20, 越界剔除 0) — 暂不判决
[INFO] [1789059491.892282222] [mhe_node]: [s-collapse] moment 基准未就绪(窗口 0/20, 越界剔除 0) — 暂不判决
[INFO] [1789059492.800736788] [mhe_node]: MHE mass estimate: 2.044 kg (T_phys=20.45N) | solve=7.4ms (max10.2)
[INFO] [1789059492.801278799] [mhe_node]: [truth] m_hat=2.0440 m_true=2.0643 err=-0.98% | c_hat=[+0.0000,+0.0000] c_true=[+0.0000,+0.0000] | Jxx_hat=0.01420 Jxx_true=0.01420 Jyz_hat=+0.00000 Jyz_true=+0.00000 | s_hat=[+0.0011,+0.0017] s_true=[+0.0000,+0.0000] kg·m
[INFO] [1789059492.801801627] [mhe_node]: [tau_phys] roll=+0.019 pitch=+0.029 Nm
[INFO] [1789059492.802391912] [mhe_node]: [mass-diag] m_est=2.0440 T=20.452N tilt=5.15deg cos=0.99597 | T/g=2.0849 T*cos/g=2.0764 | m_est-T*cos/g=-0.0324kg (-1.56%) vz=+0.057
[INFO] [1789059492.802973166] [mhe_node]: [c_xy_est] cx=-0.0035 cy=-0.0098 m
[INFO] [1789059492.892291470] [mhe_node]: [s-collapse] moment 基准未就绪(窗口 0/20, 越界剔除 0) — 暂不判决
[INFO] [1789059493.892241534] [mhe_node]: [s-collapse] moment 基准未就绪(窗口 0/20, 越界剔除 0) — 暂不判决
[INFO] [1789059494.808783189] [mhe_node]: MHE mass estimate: 2.049 kg (T_phys=20.51N) | solve=8.2ms (max15.6)
[INFO] [1789059494.809336453] [mhe_node]: [truth] m_hat=2.0488 m_true=2.0643 err=-0.75% | c_hat=[+0.0000,+0.0000] c_true=[+0.0000,+0.0000] | Jxx_hat=0.01420 Jxx_true=0.01420 Jyz_hat=+0.00000 Jyz_true=+0.00000 | s_hat=[-0.0003,+0.0029] s_true=[+0.0000,+0.0000] kg·m
[INFO] [1789059494.809862167] [mhe_node]: [tau_phys] roll=+0.029 pitch=-0.091 Nm
[INFO] [1789059494.810453516] [mhe_node]: [mass-diag] m_est=2.0488 T=20.514N tilt=10.08deg cos=0.98457 | T/g=2.0911 T*cos/g=2.0588 | m_est-T*cos/g=-0.0101kg (-0.49%) vz=+0.170
[INFO] [1789059494.811044543] [mhe_node]: [c_xy_est] cx=-0.0035 cy=-0.0098 m
[INFO] [1789059494.892294330] [mhe_node]: [s-collapse] moment 基准未就绪(窗口 0/20, 越界剔除 0) — 暂不判决
[INFO] [1789059495.892304562] [mhe_node]: [s-collapse] moment 基准未就绪(窗口 0/20, 越界剔除 0) — 暂不判决
[INFO] [1789059496.807802694] [mhe_node]: MHE mass estimate: 2.038 kg (T_phys=20.21N) | solve=10.8ms (max14.8)
[INFO] [1789059496.808346433] [mhe_node]: [truth] m_hat=2.0385 m_true=2.0643 err=-1.25% | c_hat=[+0.0000,+0.0000] c_true=[+0.0000,+0.0000] | Jxx_hat=0.01420 Jxx_true=0.01420 Jyz_hat=+0.00000 Jyz_true=+0.00000 | s_hat=[+0.0029,+0.0013] s_true=[+0.0000,+0.0000] kg·m
[INFO] [1789059496.808865111] [mhe_node]: [tau_phys] roll=+0.007 pitch=-0.044 Nm
[INFO] [1789059496.809454937] [mhe_node]: [mass-diag] m_est=2.0385 T=20.211N tilt=6.18deg cos=0.99419 | T/g=2.0603 T*cos/g=2.0483 | m_est-T*cos/g=-0.0099kg (-0.48%) vz=+0.250
[INFO] [1789059496.810035592] [mhe_node]: [c_xy_est] cx=-0.0035 cy=-0.0098 m
[INFO] [1789059496.892260303] [mhe_node]: [s-collapse] moment 基准未就绪(窗口 0/20, 越界剔除 0) — 暂不判决
[INFO] [1789059497.892242285] [mhe_node]: [s-collapse] moment 基准未就绪(窗口 0/20, 越界剔除 0) — 暂不判决
[INFO] [1789059498.798849087] [mhe_node]: MHE mass estimate: 2.049 kg (T_phys=20.23N) | solve=8.0ms (max16.8)
[INFO] [1789059498.799505427] [mhe_node]: [truth] m_hat=2.0492 m_true=2.0643 err=-0.73% | c_hat=[+0.0000,+0.0000] c_true=[+0.0000,+0.0000] | Jxx_hat=0.01420 Jxx_true=0.01420 Jyz_hat=+0.00000 Jyz_true=+0.00000 | s_hat=[-0.0016,-0.0001] s_true=[+0.0000,+0.0000] kg·m
[INFO] [1789059498.800015261] [mhe_node]: [tau_phys] roll=-0.009 pitch=+0.034 Nm
[INFO] [1789059498.800821244] [mhe_node]: [mass-diag] m_est=2.0492 T=20.231N tilt=4.34deg cos=0.99713 | T/g=2.0623 T*cos/g=2.0564 | m_est-T*cos/g=-0.0072kg (-0.35%) vz=+0.211
[INFO] [1789059498.801400238] [mhe_node]: [c_xy_est] cx=-0.0035 cy=-0.0098 m
[INFO] [1789059498.892390368] [mhe_node]: [s-collapse] moment 基准未就绪(窗口 0/20, 越界剔除 0) — 暂不判决
[ros2run]: Killed
