[INFO] [1785422762.807160071] [acados_nmpc_node]: acados NMPC node starting, building/loading solver...
Code reuse possible, skipping code generation.
acados was compiled without OpenMP.
[INFO] [1785422762.817711281] [acados_nmpc_node]: GRIPPER MODE: hover over box (1.0,0.1) z 0.55->2.5m, lift after 1.5s, empty m_est=2.06kg
[INFO] [1785422762.818139005] [acados_nmpc_node]: Warming up acados solver...
[INFO] [1785422762.824241798] [acados_nmpc_node]: Solver warmup complete, took 5.7 ms
[INFO] [1785422762.831311866] [acados_nmpc_node]: Decoupled publish enabled: solve @20Hz, body_rate/thrust @50Hz (trajectory interpolation)
[INFO] [1785422762.831816830] [acados_nmpc_node]: acados NMPC node initialized! Waiting for EKF2 convergence...
[INFO] [1785422772.832696433] [acados_nmpc_node]: Waiting for EKF2 convergence... 5/10 s
[INFO] [1785422777.832782844] [acados_nmpc_node]: Waiting for EKF2 convergence... 10/10 s
[INFO] [1785422777.933109856] [acados_nmpc_node]: Switching to OFFBOARD mode
[INFO] [1785422778.733031724] [acados_nmpc_node]: Sending arm command
[INFO] [1785422779.732244836] [acados_nmpc_node]: Armed, preparing to move to trajectory start...
[INFO] [1785422782.133143723] [acados_nmpc_node]: Gripper approach (climb): rising at spawn to z=1.50m | z=0.06m v=0.44m/s
[INFO] [1785422784.633638597] [acados_nmpc_node]: Gripper approach (climb): rising at spawn to z=1.50m | z=1.01m v=0.23m/s
[INFO] [1785422786.481253211] [acados_nmpc_node]: Gripper approach: climbed to safe altitude at spawn, now translating over box
[INFO] [1785422787.133592842] [acados_nmpc_node]: Gripper approach (high): aligning over box at z=1.50m | xy=0.869m z_err=0.136m v=0.50m/s
[INFO] [1785422788.733684192] [acados_nmpc_node]: Gripper approach: aligned above box, NMPC will take over here (z=1.50m), settle 3.0s then descend to z=0.55m to trigger attach
[INFO] [1785422788.781607982] [acados_nmpc_node]: Reached trajectory start, NMPC tracking begins!
[INFO] [1785422789.582494899] [acados_nmpc_node]: t=0.8s | pos_err=0.032m | T=20.09N | tau=[r0.017 p-0.021 y-0.010]Nm | res_stat=2.029e-07(peak 7.667e-07) sqp_iter=3 | solve=1.1ms
[INFO] [1785422791.833924943] [acados_nmpc_node]: t=3.1s | DESCEND: settle done, lowering 1.5->0.55m, will enable gripper at bottom
[INFO] [1785422794.582333337] [acados_nmpc_node]: t=5.8s | pos_err=0.063m | T=20.32N | tau=[r-0.001 p-0.004 y-0.000]Nm | res_stat=3.389e-07(peak 8.866e-07) sqp_iter=2 | solve=0.9ms
[INFO] [1785422795.381224672] [acados_nmpc_node]: t=6.6s | DESCEND done at z=0.569m (target 0.550m, z_err=0.019m, v=0.05m/s), gripper ENABLED (attach will trigger now)
[INFO] [1785422795.399855059] [acados_nmpc_node]: attach offset received: box-drone = [-0.010, -0.080, -0.477] m
[INFO] [1785422795.434015448] [acados_nmpc_node]: PX4 MC_ROLLRATE_K: 1.000 -> 3.836 (inertia ratio 3.84, cap 5.0)
[INFO] [1785422795.434226333] [acados_nmpc_node]: PX4 MC_PITCHRATE_K: 1.000 -> 3.836 (inertia ratio 3.84, cap 5.0)
[INFO] [1785422795.434419297] [acados_nmpc_node]: t=6.7s | ATTACH (geom_source=online): dJ/gain init from prior m_p=0.20kg arm=0.47m (dJ=0.0403); c_xy+dJ refine online, attach truth eval-only
[INFO] [1785422795.436651244] [acados_nmpc_node]: [attach-window] t=6.65s pos_err=0.019m T=19.52N z=0.567 m_est=2.028
[INFO] [1785422795.482894092] [acados_nmpc_node]: [attach-window] t=6.70s pos_err=0.020m T=19.51N z=0.567 m_est=2.028
[INFO] [1785422795.536001025] [acados_nmpc_node]: [attach-window] t=6.75s pos_err=0.020m T=19.52N z=0.568 m_est=2.030
[INFO] [1785422795.583092977] [acados_nmpc_node]: [attach-window] t=6.80s pos_err=0.021m T=19.50N z=0.569 m_est=2.030
[INFO] [1785422795.636014940] [acados_nmpc_node]: [attach-window] t=6.85s pos_err=0.022m T=19.48N z=0.570 m_est=2.029
[INFO] [1785422795.683396528] [acados_nmpc_node]: [attach-window] t=6.90s pos_err=0.023m T=19.46N z=0.571 m_est=2.029
[INFO] [1785422795.735881393] [acados_nmpc_node]: [attach-window] t=6.95s pos_err=0.023m T=19.41N z=0.572 m_est=2.028
[INFO] [1785422795.783027070] [acados_nmpc_node]: [attach-window] t=7.00s pos_err=0.023m T=19.41N z=0.572 m_est=2.028
[INFO] [1785422795.836156084] [acados_nmpc_node]: [attach-window] t=7.05s pos_err=0.023m T=19.38N z=0.573 m_est=2.025
[INFO] [1785422795.882913833] [acados_nmpc_node]: [attach-window] t=7.10s pos_err=0.024m T=19.38N z=0.573 m_est=2.025
[INFO] [1785422795.935875401] [acados_nmpc_node]: [attach-window] t=7.15s pos_err=0.024m T=19.32N z=0.574 m_est=2.022
[INFO] [1785422795.983075166] [acados_nmpc_node]: [attach-window] t=7.20s pos_err=0.024m T=19.32N z=0.574 m_est=2.022
[INFO] [1785422796.036298649] [acados_nmpc_node]: [attach-window] t=7.25s pos_err=0.025m T=19.25N z=0.574 m_est=2.018
[INFO] [1785422796.083145186] [acados_nmpc_node]: [attach-window] t=7.30s pos_err=0.025m T=19.27N z=0.575 m_est=2.018
[INFO] [1785422796.135855892] [acados_nmpc_node]: [attach-window] t=7.35s pos_err=0.025m T=19.21N z=0.575 m_est=2.013
[INFO] [1785422796.183121372] [acados_nmpc_node]: [attach-window] t=7.40s pos_err=0.025m T=19.22N z=0.575 m_est=2.013
[INFO] [1785422796.236187127] [acados_nmpc_node]: [attach-window] t=7.45s pos_err=0.025m T=19.17N z=0.575 m_est=2.008
[INFO] [1785422796.283143327] [acados_nmpc_node]: [attach-window] t=7.50s pos_err=0.025m T=19.17N z=0.574 m_est=2.008
[INFO] [1785422796.336109217] [acados_nmpc_node]: [attach-window] t=7.55s pos_err=0.025m T=19.13N z=0.574 m_est=2.002
[INFO] [1785422796.383044637] [acados_nmpc_node]: [attach-window] t=7.60s pos_err=0.024m T=19.14N z=0.573 m_est=2.002
[INFO] [1785422796.436119427] [acados_nmpc_node]: [attach-window] t=7.65s pos_err=0.023m T=19.11N z=0.572 m_est=1.995
[INFO] [1785422796.483100462] [acados_nmpc_node]: [attach-window] t=7.70s pos_err=0.023m T=19.13N z=0.571 m_est=1.995
[INFO] [1785422796.536027192] [acados_nmpc_node]: [attach-window] t=7.75s pos_err=0.022m T=19.11N z=0.569 m_est=1.989
[INFO] [1785422796.583151984] [acados_nmpc_node]: [attach-window] t=7.80s pos_err=0.021m T=19.13N z=0.568 m_est=1.989
[INFO] [1785422796.636241683] [acados_nmpc_node]: [attach-window] t=7.85s pos_err=0.019m T=19.12N z=0.566 m_est=1.982
[INFO] [1785422796.683163748] [acados_nmpc_node]: [attach-window] t=7.90s pos_err=0.018m T=19.15N z=0.565 m_est=1.982
[INFO] [1785422796.736095661] [acados_nmpc_node]: [attach-window] t=7.95s pos_err=0.016m T=19.14N z=0.562 m_est=1.976
[INFO] [1785422796.783095685] [acados_nmpc_node]: [attach-window] t=8.00s pos_err=0.016m T=19.17N z=0.561 m_est=1.976
[INFO] [1785422796.836143156] [acados_nmpc_node]: [attach-window] t=8.05s pos_err=0.014m T=19.17N z=0.559 m_est=1.971
[INFO] [1785422796.883220320] [acados_nmpc_node]: [attach-window] t=8.10s pos_err=0.013m T=19.20N z=0.557 m_est=1.971
[INFO] [1785422796.934194712] [acados_nmpc_node]: t=8.2s | LIFT: raising hover 0.55->2.5m to lift payload
[INFO] [1785422796.936433045] [acados_nmpc_node]: [attach-window] t=8.15s pos_err=0.011m T=19.19N z=0.555 m_est=1.966
[INFO] [1785422796.983124374] [acados_nmpc_node]: [attach-window] t=8.20s pos_err=0.011m T=19.22N z=0.554 m_est=1.966
[INFO] [1785422797.036750481] [acados_nmpc_node]: [attach-window] t=8.25s pos_err=0.010m T=19.27N z=0.552 m_est=1.966
[INFO] [1785422797.083105393] [acados_nmpc_node]: [attach-window] t=8.30s pos_err=0.009m T=19.27N z=0.551 m_est=1.961
[INFO] [1785422797.136301229] [acados_nmpc_node]: [attach-window] t=8.35s pos_err=0.011m T=19.36N z=0.550 m_est=1.961
[INFO] [1785422797.183037857] [acados_nmpc_node]: [attach-window] t=8.40s pos_err=0.014m T=19.45N z=0.549 m_est=1.961
[INFO] [1785422797.236246187] [acados_nmpc_node]: [attach-window] t=8.45s pos_err=0.021m T=19.61N z=0.548 m_est=1.961
[INFO] [1785422797.283250645] [acados_nmpc_node]: [attach-window] t=8.50s pos_err=0.029m T=19.77N z=0.548 m_est=1.961
[INFO] [1785422797.336067387] [acados_nmpc_node]: [attach-window] t=8.55s pos_err=0.041m T=20.01N z=0.548 m_est=1.961
[INFO] [1785422797.383103643] [acados_nmpc_node]: [attach-window] t=8.60s pos_err=0.054m T=20.26N z=0.548 m_est=1.961
[INFO] [1785422797.436099524] [acados_nmpc_node]: [attach-window] t=8.65s pos_err=0.072m T=20.60N z=0.548 m_est=1.961
[INFO] [1785422797.483042168] [acados_nmpc_node]: [attach-window] t=8.70s pos_err=0.091m T=20.95N z=0.548 m_est=1.961
[INFO] [1785422797.535998943] [acados_nmpc_node]: [attach-window] t=8.75s pos_err=0.116m T=21.41N z=0.548 m_est=1.961
[INFO] [1785422797.583092802] [acados_nmpc_node]: [attach-window] t=8.80s pos_err=0.141m T=21.87N z=0.548 m_est=1.961
[INFO] [1785422797.636142528] [acados_nmpc_node]: [attach-window] t=8.85s pos_err=0.172m T=22.44N z=0.548 m_est=1.961
[INFO] [1785422797.683254388] [acados_nmpc_node]: [attach-window] t=8.90s pos_err=0.202m T=23.00N z=0.548 m_est=1.961
[INFO] [1785422797.736473753] [acados_nmpc_node]: [attach-window] t=8.95s pos_err=0.239m T=23.67N z=0.549 m_est=1.961
[INFO] [1785422797.783419764] [acados_nmpc_node]: [attach-window] t=9.00s pos_err=0.275m T=24.28N z=0.549 m_est=1.961
[INFO] [1785422797.836420231] [acados_nmpc_node]: [attach-window] t=9.05s pos_err=0.317m T=25.07N z=0.551 m_est=1.998
[INFO] [1785422797.883310874] [acados_nmpc_node]: [attach-window] t=9.10s pos_err=0.357m T=25.57N z=0.553 m_est=1.998
[INFO] [1785422797.934978725] [acados_nmpc_node]: [attach-window] t=9.15s pos_err=0.397m T=27.05N z=0.561 m_est=2.148
[INFO] [1785422797.982689243] [acados_nmpc_node]: [attach-window] t=9.20s pos_err=0.439m T=27.38N z=0.567 m_est=2.148
[INFO] [1785422798.036653652] [acados_nmpc_node]: [attach-window] t=9.25s pos_err=0.476m T=27.55N z=0.585 m_est=2.226
[INFO] [1785422798.083390898] [acados_nmpc_node]: [attach-window] t=9.30s pos_err=0.514m T=27.56N z=0.597 m_est=2.226
[INFO] [1785422798.136597664] [acados_nmpc_node]: [attach-window] t=9.35s pos_err=0.541m T=26.96N z=0.629 m_est=2.269
[INFO] [1785422798.183365624] [acados_nmpc_node]: [attach-window] t=9.40s pos_err=0.575m T=26.84N z=0.648 m_est=2.269
[INFO] [1785422798.236205982] [acados_nmpc_node]: [attach-window] t=9.45s pos_err=0.584m T=25.41N z=0.701 m_est=2.266
[INFO] [1785422798.283329704] [acados_nmpc_node]: [attach-window] t=9.50s pos_err=0.613m T=25.31N z=0.727 m_est=2.266
[INFO] [1785422798.336382907] [acados_nmpc_node]: [attach-window] t=9.55s pos_err=0.618m T=24.29N z=0.786 m_est=2.253
[INFO] [1785422798.383226342] [acados_nmpc_node]: [attach-window] t=9.60s pos_err=0.643m T=24.34N z=0.818 m_est=2.253
[INFO] [1785422798.436258178] [acados_nmpc_node]: [attach-window] t=9.65s pos_err=0.632m T=23.21N z=0.893 m_est=2.231
[INFO] [1785422798.483146638] [acados_nmpc_node]: [attach-window] t=9.70s pos_err=0.654m T=23.36N z=0.928 m_est=2.231
[INFO] [1785422798.536276273] [acados_nmpc_node]: [attach-window] t=9.75s pos_err=0.647m T=22.76N z=1.000 m_est=2.213
[INFO] [1785422798.583148668] [acados_nmpc_node]: [attach-window] t=9.80s pos_err=0.667m T=23.01N z=1.036 m_est=2.213
[INFO] [1785422798.636262235] [acados_nmpc_node]: [attach-window] t=9.85s pos_err=0.649m T=22.35N z=1.118 m_est=2.198
[INFO] [1785422798.683118714] [acados_nmpc_node]: [attach-window] t=9.90s pos_err=0.667m T=22.64N z=1.154 m_est=2.198
[INFO] [1785422798.736670822] [acados_nmpc_node]: [attach-window] t=9.95s pos_err=0.655m T=22.32N z=1.227 m_est=2.187
[INFO] [1785422798.783456379] [acados_nmpc_node]: [attach-window] t=10.00s pos_err=0.671m T=22.61N z=1.263 m_est=2.187
[INFO] [1785422798.836334308] [acados_nmpc_node]: [attach-window] t=10.05s pos_err=0.647m T=22.12N z=1.343 m_est=2.179
[INFO] [1785422798.883079558] [acados_nmpc_node]: [attach-window] t=10.10s pos_err=0.660m T=22.38N z=1.378 m_est=2.179
[INFO] [1785422798.936304322] [acados_nmpc_node]: [attach-window] t=10.15s pos_err=0.635m T=21.94N z=1.457 m_est=2.174
[INFO] [1785422798.983128106] [acados_nmpc_node]: [attach-window] t=10.20s pos_err=0.644m T=22.16N z=1.491 m_est=2.174
[INFO] [1785422799.036237815] [acados_nmpc_node]: [attach-window] t=10.25s pos_err=0.624m T=21.89N z=1.559 m_est=2.171
[INFO] [1785422799.083155447] [acados_nmpc_node]: [attach-window] t=10.30s pos_err=0.629m T=22.07N z=1.592 m_est=2.171
[INFO] [1785422799.136360811] [acados_nmpc_node]: [attach-window] t=10.35s pos_err=0.597m T=21.62N z=1.666 m_est=2.168
[INFO] [1785422799.183153189] [acados_nmpc_node]: [attach-window] t=10.40s pos_err=0.598m T=21.73N z=1.698 m_est=2.168
[INFO] [1785422799.236362409] [acados_nmpc_node]: [attach-window] t=10.45s pos_err=0.570m T=21.44N z=1.761 m_est=2.167
[INFO] [1785422799.283147309] [acados_nmpc_node]: [attach-window] t=10.50s pos_err=0.567m T=21.51N z=1.792 m_est=2.167
[INFO] [1785422799.336507759] [acados_nmpc_node]: [attach-window] t=10.55s pos_err=0.535m T=21.21N z=1.852 m_est=2.167
[INFO] [1785422799.383383449] [acados_nmpc_node]: [attach-window] t=10.60s pos_err=0.521m T=21.13N z=1.889 m_est=2.167
[INFO] [1785422799.436384627] [acados_nmpc_node]: [attach-window] t=10.65s pos_err=0.486m T=20.85N z=1.945 m_est=2.167
[INFO] [1785422799.483138530] [acados_nmpc_node]: [attach-window] t=10.70s pos_err=0.475m T=20.84N z=1.973 m_est=2.167
[INFO] [1785422799.536759585] [acados_nmpc_node]: [attach-window] t=10.75s pos_err=0.437m T=20.61N z=2.025 m_est=2.168
[INFO] [1785422799.583398021] [acados_nmpc_node]: [attach-window] t=10.80s pos_err=0.423m T=20.58N z=2.051 m_est=2.168
[INFO] [1785422799.583871438] [acados_nmpc_node]: t=10.8s | pos_err=0.423m | T=20.58N | tau=[r-0.104 p-0.005 y-0.002]Nm | res_stat=2.785e-07(peak 9.682e-07) sqp_iter=3 | solve=1.7ms
[INFO] [1785422799.634682502] [acados_nmpc_node]: [attach-window] t=10.85s pos_err=0.378m T=20.35N z=2.105 m_est=2.170
[INFO] [1785422799.682534062] [acados_nmpc_node]: [attach-window] t=10.90s pos_err=0.362m T=20.32N z=2.128 m_est=2.170
[INFO] [1785422799.734647812] [acados_nmpc_node]: [attach-window] t=10.95s pos_err=0.319m T=20.20N z=2.176 m_est=2.171
[INFO] [1785422799.782679149] [acados_nmpc_node]: [attach-window] t=11.00s pos_err=0.307m T=20.22N z=2.190 m_est=2.171
[INFO] [1785422799.834805513] [acados_nmpc_node]: [attach-window] t=11.05s pos_err=0.268m T=20.21N z=2.231 m_est=2.173
[INFO] [1785422799.883087268] [acados_nmpc_node]: [attach-window] t=11.10s pos_err=0.252m T=20.23N z=2.248 m_est=2.173
[INFO] [1785422799.936285261] [acados_nmpc_node]: [attach-window] t=11.15s pos_err=0.219m T=20.36N z=2.281 m_est=2.176
[INFO] [1785422799.983162713] [acados_nmpc_node]: [attach-window] t=11.20s pos_err=0.206m T=20.43N z=2.294 m_est=2.176
[INFO] [1785422800.036561982] [acados_nmpc_node]: [attach-window] t=11.25s pos_err=0.183m T=20.63N z=2.317 m_est=2.181
[INFO] [1785422800.083188501] [acados_nmpc_node]: [attach-window] t=11.30s pos_err=0.173m T=20.73N z=2.327 m_est=2.181
[INFO] [1785422800.136527495] [acados_nmpc_node]: [attach-window] t=11.35s pos_err=0.156m T=20.98N z=2.345 m_est=2.188
[INFO] [1785422800.183158309] [acados_nmpc_node]: [attach-window] t=11.40s pos_err=0.148m T=21.08N z=2.352 m_est=2.188
[INFO] [1785422800.236453510] [acados_nmpc_node]: [attach-window] t=11.45s pos_err=0.134m T=21.36N z=2.367 m_est=2.196
[INFO] [1785422800.283257398] [acados_nmpc_node]: [attach-window] t=11.50s pos_err=0.129m T=21.45N z=2.372 m_est=2.196
[INFO] [1785422800.336425798] [acados_nmpc_node]: [attach-window] t=11.55s pos_err=0.119m T=21.65N z=2.382 m_est=2.205
[INFO] [1785422800.383088660] [acados_nmpc_node]: [attach-window] t=11.60s pos_err=0.115m T=21.70N z=2.386 m_est=2.205
[INFO] [1785422800.436395964] [acados_nmpc_node]: [attach-window] t=11.65s pos_err=0.106m T=21.84N z=2.395 m_est=2.214
[INFO] [1785422800.483076115] [acados_nmpc_node]: [attach-window] t=11.70s pos_err=0.102m T=21.87N z=2.399 m_est=2.214
[INFO] [1785422800.536287971] [acados_nmpc_node]: [attach-window] t=11.75s pos_err=0.095m T=21.95N z=2.406 m_est=2.222
[INFO] [1785422800.583080018] [acados_nmpc_node]: [attach-window] t=11.80s pos_err=0.092m T=21.95N z=2.409 m_est=2.222
[INFO] [1785422800.636633951] [acados_nmpc_node]: [attach-window] t=11.85s pos_err=0.085m T=21.99N z=2.416 m_est=2.229
[INFO] [1785422800.682880217] [acados_nmpc_node]: [attach-window] t=11.90s pos_err=0.082m T=21.98N z=2.420 m_est=2.229
[INFO] [1785422800.736338987] [acados_nmpc_node]: [attach-window] t=11.95s pos_err=0.076m T=22.00N z=2.426 m_est=2.235
[INFO] [1785422800.782837241] [acados_nmpc_node]: [attach-window] t=12.00s pos_err=0.073m T=21.99N z=2.429 m_est=2.235
[INFO] [1785422800.834706007] [acados_nmpc_node]: [attach-window] t=12.05s pos_err=0.067m T=22.01N z=2.435 m_est=2.241
[INFO] [1785422800.882464693] [acados_nmpc_node]: [attach-window] t=12.10s pos_err=0.064m T=21.99N z=2.438 m_est=2.241
[INFO] [1785422800.934517239] [acados_nmpc_node]: [attach-window] t=12.15s pos_err=0.059m T=22.02N z=2.443 m_est=2.246
[INFO] [1785422800.982598485] [acados_nmpc_node]: [attach-window] t=12.20s pos_err=0.057m T=22.01N z=2.445 m_est=2.246
[INFO] [1785422801.034661773] [acados_nmpc_node]: [attach-window] t=12.25s pos_err=0.053m T=22.04N z=2.449 m_est=2.251
[INFO] [1785422801.083124795] [acados_nmpc_node]: [attach-window] t=12.30s pos_err=0.052m T=22.04N z=2.451 m_est=2.251
[INFO] [1785422801.136353827] [acados_nmpc_node]: [attach-window] t=12.35s pos_err=0.049m T=22.07N z=2.455 m_est=2.255
[INFO] [1785422801.183130624] [acados_nmpc_node]: [attach-window] t=12.40s pos_err=0.048m T=22.06N z=2.456 m_est=2.255
[INFO] [1785422801.236468771] [acados_nmpc_node]: [attach-window] t=12.45s pos_err=0.045m T=22.08N z=2.460 m_est=2.258
[INFO] [1785422801.282879210] [acados_nmpc_node]: [attach-window] t=12.50s pos_err=0.043m T=22.08N z=2.461 m_est=2.258
[INFO] [1785422801.336232230] [acados_nmpc_node]: [attach-window] t=12.55s pos_err=0.040m T=22.09N z=2.464 m_est=2.261
[INFO] [1785422801.382925350] [acados_nmpc_node]: [attach-window] t=12.60s pos_err=0.039m T=22.08N z=2.466 m_est=2.261
[INFO] [1785422801.436367035] [acados_nmpc_node]: [attach-window] t=12.65s pos_err=0.035m T=22.06N z=2.470 m_est=2.263
[INFO] [1785422801.482904568] [acados_nmpc_node]: [attach-window] t=12.70s pos_err=0.033m T=22.05N z=2.471 m_est=2.263
[INFO] [1785422801.536177173] [acados_nmpc_node]: [attach-window] t=12.75s pos_err=0.029m T=22.02N z=2.475 m_est=2.264
[INFO] [1785422801.582853192] [acados_nmpc_node]: [attach-window] t=12.80s pos_err=0.027m T=22.01N z=2.476 m_est=2.264
[INFO] [1785422801.636321454] [acados_nmpc_node]: [attach-window] t=12.85s pos_err=0.022m T=21.99N z=2.480 m_est=2.265
[INFO] [1785422801.683225127] [acados_nmpc_node]: [attach-window] t=12.90s pos_err=0.020m T=21.99N z=2.482 m_est=2.265
[INFO] [1785422801.736206782] [acados_nmpc_node]: [attach-window] t=12.95s pos_err=0.016m T=21.98N z=2.485 m_est=2.264
[INFO] [1785422801.782997181] [acados_nmpc_node]: [attach-window] t=13.00s pos_err=0.015m T=21.98N z=2.486 m_est=2.264
[INFO] [1785422801.836474135] [acados_nmpc_node]: [attach-window] t=13.05s pos_err=0.012m T=21.99N z=2.489 m_est=2.264
[INFO] [1785422801.882944974] [acados_nmpc_node]: [attach-window] t=13.10s pos_err=0.011m T=22.01N z=2.490 m_est=2.264
[INFO] [1785422801.936285476] [acados_nmpc_node]: [attach-window] t=13.15s pos_err=0.010m T=22.03N z=2.491 m_est=2.262
[INFO] [1785422801.982814826] [acados_nmpc_node]: [attach-window] t=13.20s pos_err=0.010m T=22.05N z=2.491 m_est=2.262
[INFO] [1785422802.037017794] [acados_nmpc_node]: [attach-window] t=13.25s pos_err=0.009m T=22.07N z=2.492 m_est=2.261
[INFO] [1785422802.083211341] [acados_nmpc_node]: [attach-window] t=13.30s pos_err=0.009m T=22.08N z=2.493 m_est=2.261
[INFO] [1785422802.136734489] [acados_nmpc_node]: [attach-window] t=13.35s pos_err=0.010m T=22.09N z=2.493 m_est=2.260
[INFO] [1785422802.183215295] [acados_nmpc_node]: [attach-window] t=13.40s pos_err=0.010m T=22.10N z=2.494 m_est=2.260
[INFO] [1785422802.236436933] [acados_nmpc_node]: [attach-window] t=13.45s pos_err=0.011m T=22.11N z=2.494 m_est=2.260
[INFO] [1785422802.283250452] [acados_nmpc_node]: [attach-window] t=13.50s pos_err=0.011m T=22.12N z=2.494 m_est=2.260
[INFO] [1785422802.336498472] [acados_nmpc_node]: [attach-window] t=13.55s pos_err=0.011m T=22.12N z=2.495 m_est=2.259
[INFO] [1785422802.383041836] [acados_nmpc_node]: [attach-window] t=13.60s pos_err=0.011m T=22.13N z=2.495 m_est=2.259
[INFO] [1785422802.436372772] [acados_nmpc_node]: [attach-window] t=13.65s pos_err=0.011m T=22.14N z=2.495 m_est=2.259
[INFO] [1785422802.483047343] [acados_nmpc_node]: [attach-window] t=13.70s pos_err=0.011m T=22.14N z=2.495 m_est=2.259
[INFO] [1785422802.536543736] [acados_nmpc_node]: [attach-window] t=13.75s pos_err=0.010m T=22.15N z=2.496 m_est=2.259
[INFO] [1785422802.583043319] [acados_nmpc_node]: [attach-window] t=13.80s pos_err=0.010m T=22.16N z=2.496 m_est=2.259
[INFO] [1785422802.636521081] [acados_nmpc_node]: [attach-window] t=13.85s pos_err=0.010m T=22.17N z=2.495 m_est=2.259
[INFO] [1785422802.683163187] [acados_nmpc_node]: [attach-window] t=13.90s pos_err=0.010m T=22.18N z=2.495 m_est=2.259
[INFO] [1785422802.736586320] [acados_nmpc_node]: [attach-window] t=13.95s pos_err=0.009m T=22.20N z=2.495 m_est=2.260
[INFO] [1785422802.783070291] [acados_nmpc_node]: [attach-window] t=14.00s pos_err=0.009m T=22.20N z=2.495 m_est=2.260
[INFO] [1785422802.836193419] [acados_nmpc_node]: [attach-window] t=14.05s pos_err=0.009m T=22.20N z=2.495 m_est=2.260
[INFO] [1785422802.882840618] [acados_nmpc_node]: [attach-window] t=14.10s pos_err=0.008m T=22.20N z=2.495 m_est=2.260
[INFO] [1785422802.936386393] [acados_nmpc_node]: [attach-window] t=14.15s pos_err=0.008m T=22.20N z=2.495 m_est=2.261
[INFO] [1785422802.982855071] [acados_nmpc_node]: [attach-window] t=14.20s pos_err=0.008m T=22.19N z=2.495 m_est=2.261
[INFO] [1785422803.036551140] [acados_nmpc_node]: [attach-window] t=14.25s pos_err=0.007m T=22.18N z=2.495 m_est=2.261
[INFO] [1785422803.082913507] [acados_nmpc_node]: [attach-window] t=14.30s pos_err=0.007m T=22.18N z=2.496 m_est=2.261
[INFO] [1785422803.136593185] [acados_nmpc_node]: [attach-window] t=14.35s pos_err=0.006m T=22.17N z=2.496 m_est=2.261
[INFO] [1785422803.183052401] [acados_nmpc_node]: [attach-window] t=14.40s pos_err=0.006m T=22.17N z=2.496 m_est=2.261
[INFO] [1785422803.236584224] [acados_nmpc_node]: [attach-window] t=14.45s pos_err=0.005m T=22.16N z=2.497 m_est=2.262
[INFO] [1785422803.283237473] [acados_nmpc_node]: [attach-window] t=14.50s pos_err=0.005m T=22.16N z=2.497 m_est=2.262
[INFO] [1785422803.336539554] [acados_nmpc_node]: [attach-window] t=14.55s pos_err=0.004m T=22.15N z=2.497 m_est=2.262
[INFO] [1785422803.383163791] [acados_nmpc_node]: [attach-window] t=14.60s pos_err=0.004m T=22.15N z=2.498 m_est=2.262
[INFO] [1785422803.436214373] [acados_nmpc_node]: [attach-window] t=14.65s pos_err=0.002m T=22.13N z=2.499 m_est=2.262
[INFO] [1785422803.482866762] [acados_nmpc_node]: [attach-window] t=14.70s pos_err=0.001m T=22.12N z=2.500 m_est=2.262
[INFO] [1785422803.536414721] [acados_nmpc_node]: [attach-window] t=14.75s pos_err=0.001m T=22.10N z=2.501 m_est=2.262
[INFO] [1785422803.582909975] [acados_nmpc_node]: [attach-window] t=14.80s pos_err=0.002m T=22.09N z=2.502 m_est=2.262
[INFO] [1785422803.636433689] [acados_nmpc_node]: [attach-window] t=14.85s pos_err=0.005m T=22.07N z=2.503 m_est=2.261
[INFO] [1785422803.683025849] [acados_nmpc_node]: [attach-window] t=14.90s pos_err=0.006m T=22.07N z=2.504 m_est=2.261
[INFO] [1785422803.736387197] [acados_nmpc_node]: [attach-window] t=14.95s pos_err=0.008m T=22.07N z=2.505 m_est=2.261
[INFO] [1785422803.783173177] [acados_nmpc_node]: [attach-window] t=15.00s pos_err=0.009m T=22.07N z=2.506 m_est=2.261
[INFO] [1785422803.836347837] [acados_nmpc_node]: [attach-window] t=15.05s pos_err=0.011m T=22.07N z=2.507 m_est=2.261
[INFO] [1785422803.883142166] [acados_nmpc_node]: [attach-window] t=15.10s pos_err=0.012m T=22.08N z=2.507 m_est=2.261
[INFO] [1785422803.936155551] [acados_nmpc_node]: [attach-window] t=15.15s pos_err=0.013m T=22.11N z=2.507 m_est=2.260
[INFO] [1785422803.983096119] [acados_nmpc_node]: [attach-window] t=15.20s pos_err=0.013m T=22.12N z=2.507 m_est=2.260
[INFO] [1785422804.036537336] [acados_nmpc_node]: [attach-window] t=15.25s pos_err=0.014m T=22.14N z=2.507 m_est=2.260
[INFO] [1785422804.083290347] [acados_nmpc_node]: [attach-window] t=15.30s pos_err=0.015m T=22.16N z=2.506 m_est=2.260
[INFO] [1785422804.136535032] [acados_nmpc_node]: [attach-window] t=15.35s pos_err=0.015m T=22.17N z=2.506 m_est=2.260
[INFO] [1785422804.182912583] [acados_nmpc_node]: [attach-window] t=15.40s pos_err=0.015m T=22.18N z=2.505 m_est=2.260
[INFO] [1785422804.236570376] [acados_nmpc_node]: [attach-window] t=15.45s pos_err=0.015m T=22.20N z=2.505 m_est=2.260
[INFO] [1785422804.282901466] [acados_nmpc_node]: [attach-window] t=15.50s pos_err=0.015m T=22.21N z=2.504 m_est=2.260
[INFO] [1785422804.336326295] [acados_nmpc_node]: [attach-window] t=15.55s pos_err=0.014m T=22.22N z=2.503 m_est=2.260
[INFO] [1785422804.382883447] [acados_nmpc_node]: [attach-window] t=15.60s pos_err=0.014m T=22.22N z=2.503 m_est=2.260
[INFO] [1785422804.436400758] [acados_nmpc_node]: [attach-window] t=15.65s pos_err=0.013m T=22.22N z=2.502 m_est=2.260
[INFO] [1785422804.482840957] [acados_nmpc_node]: [attach-window] t=15.70s pos_err=0.012m T=22.22N z=2.502 m_est=2.260
[INFO] [1785422804.536509086] [acados_nmpc_node]: [attach-window] t=15.75s pos_err=0.011m T=22.21N z=2.502 m_est=2.260
[INFO] [1785422804.582919590] [acados_nmpc_node]: [attach-window] t=15.80s pos_err=0.010m T=22.20N z=2.502 m_est=2.260
[INFO] [1785422804.583407414] [acados_nmpc_node]: t=15.8s | pos_err=0.010m | T=22.20N | tau=[r-0.155 p0.029 y0.000]Nm | res_stat=7.409e-07(peak 9.682e-07) sqp_iter=2 | solve=1.2ms
[INFO] [1785422804.636349235] [acados_nmpc_node]: [attach-window] t=15.85s pos_err=0.008m T=22.20N z=2.501 m_est=2.260
[INFO] [1785422804.682950964] [acados_nmpc_node]: [attach-window] t=15.90s pos_err=0.007m T=22.19N z=2.501 m_est=2.260
[INFO] [1785422804.736495388] [acados_nmpc_node]: [attach-window] t=15.95s pos_err=0.006m T=22.18N z=2.502 m_est=2.261
[INFO] [1785422804.783196907] [acados_nmpc_node]: [attach-window] t=16.00s pos_err=0.005m T=22.17N z=2.502 m_est=2.261
[INFO] [1785422804.836623686] [acados_nmpc_node]: [attach-window] t=16.05s pos_err=0.005m T=22.16N z=2.502 m_est=2.261
[INFO] [1785422804.882992873] [acados_nmpc_node]: [attach-window] t=16.10s pos_err=0.005m T=22.16N z=2.502 m_est=2.261
[INFO] [1785422804.936382083] [acados_nmpc_node]: [attach-window] t=16.15s pos_err=0.006m T=22.16N z=2.502 m_est=2.261
[INFO] [1785422804.982931115] [acados_nmpc_node]: [attach-window] t=16.20s pos_err=0.006m T=22.16N z=2.503 m_est=2.261
[INFO] [1785422805.036364493] [acados_nmpc_node]: [attach-window] t=16.25s pos_err=0.006m T=22.16N z=2.503 m_est=2.261
[INFO] [1785422805.082412273] [acados_nmpc_node]: [attach-window] t=16.30s pos_err=0.006m T=22.16N z=2.503 m_est=2.261
[INFO] [1785422805.134727823] [acados_nmpc_node]: [attach-window] t=16.35s pos_err=0.006m T=22.17N z=2.502 m_est=2.261
[INFO] [1785422805.182383882] [acados_nmpc_node]: [attach-window] t=16.40s pos_err=0.006m T=22.17N z=2.502 m_est=2.261
[INFO] [1785422805.236502599] [acados_nmpc_node]: [attach-window] t=16.45s pos_err=0.005m T=22.17N z=2.503 m_est=2.262
[INFO] [1785422805.282888798] [acados_nmpc_node]: [attach-window] t=16.50s pos_err=0.005m T=22.16N z=2.503 m_est=2.262
[INFO] [1785422805.336402729] [acados_nmpc_node]: [attach-window] t=16.55s pos_err=0.004m T=22.16N z=2.503 m_est=2.262
[INFO] [1785422805.382928665] [acados_nmpc_node]: [attach-window] t=16.60s pos_err=0.004m T=22.16N z=2.503 m_est=2.262
[INFO] [1785422805.436486407] [acados_nmpc_node]: [attach-window] t=16.65s pos_err=0.003m T=22.17N z=2.502 m_est=2.261
[INFO] [1785422805.482853147] [acados_nmpc_node]: [attach-window] t=16.70s pos_err=0.003m T=22.17N z=2.502 m_est=2.261
[INFO] [1785422805.536654651] [acados_nmpc_node]: [attach-window] t=16.75s pos_err=0.003m T=22.17N z=2.502 m_est=2.261
[INFO] [1785422805.582793320] [acados_nmpc_node]: [attach-window] t=16.80s pos_err=0.003m T=22.18N z=2.502 m_est=2.261
[INFO] [1785422805.636510322] [acados_nmpc_node]: [attach-window] t=16.85s pos_err=0.004m T=22.18N z=2.501 m_est=2.261
[INFO] [1785422805.682925237] [acados_nmpc_node]: [attach-window] t=16.90s pos_err=0.004m T=22.18N z=2.501 m_est=2.261
[INFO] [1785422805.734858205] [acados_nmpc_node]: [attach-window] t=16.95s pos_err=0.004m T=22.18N z=2.501 m_est=2.261
[INFO] [1785422805.782463177] [acados_nmpc_node]: [attach-window] t=17.00s pos_err=0.004m T=22.18N z=2.501 m_est=2.261
[INFO] [1785422805.834946412] [acados_nmpc_node]: [attach-window] t=17.05s pos_err=0.004m T=22.17N z=2.501 m_est=2.261
[INFO] [1785422805.883088239] [acados_nmpc_node]: [attach-window] t=17.10s pos_err=0.004m T=22.17N z=2.501 m_est=2.261
[INFO] [1785422805.936547461] [acados_nmpc_node]: [attach-window] t=17.15s pos_err=0.004m T=22.16N z=2.501 m_est=2.261
[INFO] [1785422805.983093973] [acados_nmpc_node]: [attach-window] t=17.20s pos_err=0.004m T=22.16N z=2.501 m_est=2.261
[INFO] [1785422806.036649301] [acados_nmpc_node]: [attach-window] t=17.25s pos_err=0.006m T=22.16N z=2.501 m_est=2.261
[INFO] [1785422806.083263608] [acados_nmpc_node]: [attach-window] t=17.30s pos_err=0.007m T=22.16N z=2.501 m_est=2.261
[INFO] [1785422806.136851718] [acados_nmpc_node]: [attach-window] t=17.35s pos_err=0.009m T=22.16N z=2.501 m_est=2.261
[INFO] [1785422806.183149847] [acados_nmpc_node]: [attach-window] t=17.40s pos_err=0.010m T=22.17N z=2.501 m_est=2.261
[INFO] [1785422806.236939297] [acados_nmpc_node]: [attach-window] t=17.45s pos_err=0.012m T=22.17N z=2.501 m_est=2.261
[INFO] [1785422806.282565909] [acados_nmpc_node]: [attach-window] t=17.50s pos_err=0.013m T=22.18N z=2.501 m_est=2.261
[INFO] [1785422806.336498446] [acados_nmpc_node]: [attach-window] t=17.55s pos_err=0.014m T=22.18N z=2.500 m_est=2.261
[INFO] [1785422806.382908319] [acados_nmpc_node]: [attach-window] t=17.60s pos_err=0.015m T=22.18N z=2.500 m_est=2.261
[INFO] [1785422806.436540995] [acados_nmpc_node]: [attach-window] t=17.65s pos_err=0.016m T=22.17N z=2.500 m_est=2.261
[INFO] [1785422806.482884390] [acados_nmpc_node]: [attach-window] t=17.70s pos_err=0.016m T=22.17N z=2.500 m_est=2.261
[INFO] [1785422806.536619644] [acados_nmpc_node]: [attach-window] t=17.75s pos_err=0.016m T=22.17N z=2.500 m_est=2.261
[INFO] [1785422806.582814941] [acados_nmpc_node]: [attach-window] t=17.80s pos_err=0.016m T=22.17N z=2.500 m_est=2.261
[INFO] [1785422806.636540945] [acados_nmpc_node]: [attach-window] t=17.85s pos_err=0.015m T=22.17N z=2.500 m_est=2.261
[INFO] [1785422806.682886363] [acados_nmpc_node]: [attach-window] t=17.90s pos_err=0.014m T=22.17N z=2.500 m_est=2.261
[INFO] [1785422806.736658972] [acados_nmpc_node]: [attach-window] t=17.95s pos_err=0.012m T=22.18N z=2.500 m_est=2.261
[INFO] [1785422806.782885964] [acados_nmpc_node]: [attach-window] t=18.00s pos_err=0.012m T=22.19N z=2.500 m_est=2.261
[INFO] [1785422806.836503801] [acados_nmpc_node]: [attach-window] t=18.05s pos_err=0.009m T=22.19N z=2.500 m_est=2.261
[INFO] [1785422806.882867354] [acados_nmpc_node]: [attach-window] t=18.10s pos_err=0.008m T=22.20N z=2.499 m_est=2.261
[INFO] [1785422806.936596686] [acados_nmpc_node]: [attach-window] t=18.15s pos_err=0.006m T=22.20N z=2.499 m_est=2.261
[INFO] [1785422806.982896156] [acados_nmpc_node]: [attach-window] t=18.20s pos_err=0.005m T=22.20N z=2.499 m_est=2.261
[INFO] [1785422807.036481055] [acados_nmpc_node]: [attach-window] t=18.25s pos_err=0.003m T=22.19N z=2.499 m_est=2.261
[INFO] [1785422807.082863085] [acados_nmpc_node]: [attach-window] t=18.30s pos_err=0.002m T=22.19N z=2.499 m_est=2.261
[INFO] [1785422807.136818095] [acados_nmpc_node]: [attach-window] t=18.35s pos_err=0.002m T=22.19N z=2.499 m_est=2.261
[INFO] [1785422807.182928825] [acados_nmpc_node]: [attach-window] t=18.40s pos_err=0.002m T=22.19N z=2.499 m_est=2.261
[INFO] [1785422807.236576036] [acados_nmpc_node]: [attach-window] t=18.45s pos_err=0.004m T=22.20N z=2.498 m_est=2.261
[INFO] [1785422807.282916742] [acados_nmpc_node]: [attach-window] t=18.50s pos_err=0.005m T=22.20N z=2.498 m_est=2.261
[INFO] [1785422807.336582596] [acados_nmpc_node]: [attach-window] t=18.55s pos_err=0.007m T=22.20N z=2.498 m_est=2.261
[INFO] [1785422807.382950869] [acados_nmpc_node]: [attach-window] t=18.60s pos_err=0.009m T=22.20N z=2.498 m_est=2.261
[INFO] [1785422807.437019719] [acados_nmpc_node]: [attach-window] t=18.65s pos_err=0.011m T=22.18N z=2.498 m_est=2.261
[INFO] [1785422807.483122604] [acados_nmpc_node]: [attach-window] t=18.70s pos_err=0.012m T=22.17N z=2.498 m_est=2.261
[INFO] [1785422807.536649841] [acados_nmpc_node]: [attach-window] t=18.75s pos_err=0.014m T=22.15N z=2.499 m_est=2.261
[INFO] [1785422807.583174167] [acados_nmpc_node]: [attach-window] t=18.80s pos_err=0.015m T=22.14N z=2.500 m_est=2.261
[INFO] [1785422807.636672164] [acados_nmpc_node]: [attach-window] t=18.85s pos_err=0.016m T=22.12N z=2.501 m_est=2.261
[INFO] [1785422807.682923353] [acados_nmpc_node]: [attach-window] t=18.90s pos_err=0.017m T=22.10N z=2.502 m_est=2.261
[INFO] [1785422807.736627511] [acados_nmpc_node]: [attach-window] t=18.95s pos_err=0.018m T=22.08N z=2.504 m_est=2.261
[INFO] [1785422807.783004191] [acados_nmpc_node]: [attach-window] t=19.00s pos_err=0.018m T=22.07N z=2.504 m_est=2.261
[INFO] [1785422807.836738966] [acados_nmpc_node]: [attach-window] t=19.05s pos_err=0.019m T=22.07N z=2.506 m_est=2.261
[INFO] [1785422807.882940015] [acados_nmpc_node]: [attach-window] t=19.10s pos_err=0.019m T=22.07N z=2.507 m_est=2.261
[INFO] [1785422807.936808514] [acados_nmpc_node]: [attach-window] t=19.15s pos_err=0.020m T=22.07N z=2.508 m_est=2.261
[INFO] [1785422807.982949594] [acados_nmpc_node]: [attach-window] t=19.20s pos_err=0.020m T=22.07N z=2.508 m_est=2.261
[INFO] [1785422808.036953445] [acados_nmpc_node]: [attach-window] t=19.25s pos_err=0.022m T=22.08N z=2.509 m_est=2.260
[INFO] [1785422808.083395288] [acados_nmpc_node]: [attach-window] t=19.30s pos_err=0.022m T=22.08N z=2.510 m_est=2.260
[INFO] [1785422808.137154867] [acados_nmpc_node]: [attach-window] t=19.35s pos_err=0.023m T=22.09N z=2.510 m_est=2.260
[INFO] [1785422808.183173939] [acados_nmpc_node]: [attach-window] t=19.40s pos_err=0.023m T=22.10N z=2.510 m_est=2.260
[INFO] [1785422808.236692272] [acados_nmpc_node]: [attach-window] t=19.45s pos_err=0.024m T=22.11N z=2.511 m_est=2.260
[INFO] [1785422808.283130027] [acados_nmpc_node]: [attach-window] t=19.50s pos_err=0.025m T=22.11N z=2.511 m_est=2.260
[INFO] [1785422808.336631213] [acados_nmpc_node]: [attach-window] t=19.55s pos_err=0.025m T=22.12N z=2.512 m_est=2.259
[INFO] [1785422808.382945692] [acados_nmpc_node]: [attach-window] t=19.60s pos_err=0.025m T=22.13N z=2.512 m_est=2.259
[INFO] [1785422808.436832453] [acados_nmpc_node]: [attach-window] t=19.65s pos_err=0.026m T=22.13N z=2.512 m_est=2.259
[INFO] [1785422808.483132093] [acados_nmpc_node]: [attach-window] t=19.70s pos_err=0.026m T=22.14N z=2.512 m_est=2.259
[INFO] [1785422808.536680228] [acados_nmpc_node]: [attach-window] t=19.75s pos_err=0.026m T=22.14N z=2.512 m_est=2.259
[INFO] [1785422808.583118301] [acados_nmpc_node]: [attach-window] t=19.80s pos_err=0.026m T=22.14N z=2.512 m_est=2.259
[INFO] [1785422808.636835780] [acados_nmpc_node]: [attach-window] t=19.85s pos_err=0.025m T=22.14N z=2.512 m_est=2.259
[INFO] [1785422808.683116371] [acados_nmpc_node]: [attach-window] t=19.90s pos_err=0.025m T=22.14N z=2.513 m_est=2.259
[INFO] [1785422808.736621993] [acados_nmpc_node]: [attach-window] t=19.95s pos_err=0.024m T=22.13N z=2.513 m_est=2.259
[INFO] [1785422808.782946938] [acados_nmpc_node]: [attach-window] t=20.00s pos_err=0.024m T=22.13N z=2.513 m_est=2.259
[INFO] [1785422808.836629924] [acados_nmpc_node]: [attach-window] t=20.05s pos_err=0.023m T=22.13N z=2.514 m_est=2.259
[INFO] [1785422808.883024803] [acados_nmpc_node]: [attach-window] t=20.10s pos_err=0.022m T=22.13N z=2.514 m_est=2.259
[INFO] [1785422808.936750466] [acados_nmpc_node]: [attach-window] t=20.15s pos_err=0.021m T=22.13N z=2.514 m_est=2.259
[INFO] [1785422808.982965292] [acados_nmpc_node]: [attach-window] t=20.20s pos_err=0.020m T=22.13N z=2.514 m_est=2.259
[INFO] [1785422809.036751990] [acados_nmpc_node]: [attach-window] t=20.25s pos_err=0.019m T=22.14N z=2.514 m_est=2.259
[INFO] [1785422809.082466289] [acados_nmpc_node]: [attach-window] t=20.30s pos_err=0.018m T=22.14N z=2.514 m_est=2.259
[INFO] [1785422809.134927269] [acados_nmpc_node]: [attach-window] t=20.35s pos_err=0.017m T=22.15N z=2.513 m_est=2.260
[INFO] [1785422809.182380969] [acados_nmpc_node]: [attach-window] t=20.40s pos_err=0.016m T=22.16N z=2.513 m_est=2.260
[INFO] [1785422809.235057423] [acados_nmpc_node]: [attach-window] t=20.45s pos_err=0.015m T=22.17N z=2.512 m_est=2.260
[INFO] [1785422809.282482587] [acados_nmpc_node]: [attach-window] t=20.50s pos_err=0.014m T=22.18N z=2.512 m_est=2.260
[INFO] [1785422809.334877470] [acados_nmpc_node]: [attach-window] t=20.55s pos_err=0.013m T=22.19N z=2.511 m_est=2.260
[INFO] [1785422809.382370797] [acados_nmpc_node]: [attach-window] t=20.60s pos_err=0.013m T=22.19N z=2.511 m_est=2.260
[INFO] [1785422809.434916511] [acados_nmpc_node]: [attach-window] t=20.65s pos_err=0.012m T=22.20N z=2.510 m_est=2.260
[INFO] [1785422809.482401987] [acados_nmpc_node]: [attach-window] t=20.70s pos_err=0.011m T=22.20N z=2.510 m_est=2.260
[INFO] [1785422809.534958187] [acados_nmpc_node]: [attach-window] t=20.75s pos_err=0.011m T=22.21N z=2.509 m_est=2.261
[INFO] [1785422809.582285991] [acados_nmpc_node]: [attach-window] t=20.80s pos_err=0.010m T=22.22N z=2.508 m_est=2.261
[INFO] [1785422809.582622528] [acados_nmpc_node]: t=20.8s | pos_err=0.010m | T=22.22N | tau=[r-0.143 p0.033 y-0.001]Nm | res_stat=7.120e-07(peak 9.682e-07) sqp_iter=2 | solve=0.9ms
[INFO] [1785422809.635260960] [acados_nmpc_node]: [attach-window] t=20.85s pos_err=0.010m T=22.22N z=2.507 m_est=2.261
[INFO] [1785422809.682456086] [acados_nmpc_node]: [attach-window] t=20.90s pos_err=0.010m T=22.23N z=2.507 m_est=2.261
[INFO] [1785422809.734793939] [acados_nmpc_node]: [attach-window] t=20.95s pos_err=0.010m T=22.23N z=2.506 m_est=2.261
[INFO] [1785422809.782427231] [acados_nmpc_node]: [attach-window] t=21.00s pos_err=0.011m T=22.23N z=2.505 m_est=2.261
[INFO] [1785422809.835057142] [acados_nmpc_node]: [attach-window] t=21.05s pos_err=0.011m T=22.23N z=2.504 m_est=2.261
[INFO] [1785422809.882376015] [acados_nmpc_node]: [attach-window] t=21.10s pos_err=0.011m T=22.23N z=2.504 m_est=2.261
[INFO] [1785422809.934788810] [acados_nmpc_node]: [attach-window] t=21.15s pos_err=0.011m T=22.24N z=2.502 m_est=2.262
[INFO] [1785422809.982408319] [acados_nmpc_node]: [attach-window] t=21.20s pos_err=0.011m T=22.24N z=2.502 m_est=2.262
[INFO] [1785422810.034989634] [acados_nmpc_node]: [attach-window] t=21.25s pos_err=0.011m T=22.25N z=2.500 m_est=2.262
[INFO] [1785422810.082605706] [acados_nmpc_node]: [attach-window] t=21.30s pos_err=0.011m T=22.26N z=2.500 m_est=2.262
[INFO] [1785422810.135094544] [acados_nmpc_node]: [attach-window] t=21.35s pos_err=0.011m T=22.26N z=2.498 m_est=2.262
[INFO] [1785422810.182399072] [acados_nmpc_node]: [attach-window] t=21.40s pos_err=0.011m T=22.26N z=2.498 m_est=2.262
[INFO] [1785422810.235292393] [acados_nmpc_node]: [attach-window] t=21.45s pos_err=0.011m T=22.25N z=2.497 m_est=2.262
[INFO] [1785422810.282516095] [acados_nmpc_node]: [attach-window] t=21.50s pos_err=0.011m T=22.25N z=2.497 m_est=2.262
[ros2run]: Killed
