[INFO] [1789418720.036603507] [mhe_node]: MHE node starting, building/loading solver... (geom_coupled=True, N=20, m_min=1.961, m_B=2.0643)
Code reuse possible, skipping code generation.
acados was compiled without OpenMP.
[INFO] [1789418720.043612392] [mhe_node]: [prior] geom_coupled=True → 载荷质量信息**完全不生效**(grip_payload_envelope=0.3 是死代码:coupled 档下 _payload_geometry 根本不被调用);模型只吃可测杆臂 r_p + 被估质量,m 的先验仅有 Q0 质量维=0.1 (σ=3.16kg,实质无先验)
[WARN] [1789418720.044102953] [mhe_node]: geom_release_mode='self':估计器不被告知 drop。⚠️ 2026-08-24 实测,**NMPC 侧也设成 'self' 会必然坠机**——drop 后控制器继续按幽灵偏心载荷配平,指令 0.424N·m(tau_max 的 85%)作用在空机 J_xx=0.0142 上 = 29.8 rad/s²,而 MHE 10Hz/2s 窗口要 1~2s 才纠得过来,飞机先翻。**正确组合 = MHE 'self' + NMPC 'event'**(控制器是发释放指令的一方,它知道不构成认知作弊)。
[INFO] [1789418720.046040101] [mhe_node]: [moment-ref] 物理上限由平台包线派生: 0.0390 kg·m = 0.30kg x 0.13m
[INFO] [1789418720.046757911] [mhe_node]: [c_xy_est] 质量域卸载判据已开:先武装(m_p>0.090kg),再判 m_p<0.03kg 持续 20 帧 -> 释放偏心估计
[INFO] [1789418720.047430771] [mhe_node]: [c_xy] 来源 = 一阶质量矩 s/m_T(窗口内估计,**无稳态门控**),替代窗外 EMA —— 机动中也会更新
[WARN] [1789418720.049358864] [mhe_node]: [cmd-armed] matched command-armed baseline ON: eventless release paths suppressed; release window opens on /gripper/enable True->False, confirm T*cos/g < m_B+0.10kg for 3.0s (|vz|<0.3)
[INFO] [1789418720.050432358] [mhe_node]: weight schedule theta = [-4.00, 0.00, 0.00, 0.00], signal mode = residual (residual self-trigger: thresh=4.4N persist=2 baseline_tau=3.0s)
[INFO] [1789418720.053558947] [mhe_node]: [release-selfcheck] READY: c_xy_est_enable=1, moment-state ns=2, ratio=0.30; legacy_mass=1, watchdog=3.0s
[INFO] [1789418720.054460392] [mhe_node]: MHE node initialized! tau_source=command (roll/pitch NMPC意图值, yaw NMPC意图值), motor_window_avg=False, geom_release_mode=self. Waiting for odometry + control data...
[INFO] [1789418742.254048311] [mhe_node]: arrival prior seeded: m=2.064 kg (m_nominal prior)
[INFO] [1789418742.254455252] [mhe_node]: [geom] model_geom_on=True (release_mode=self, truth_attached=False) mode=coupled(r_p) -> geom=[ 0.    0.   -0.47] dJ=0.0000 c_xy=[+0.0000,+0.0000] (dJ/c 为按当前 m_est 折算的诊断当量,模型内部随 m 实时生成)
[INFO] [1789418744.162908488] [mhe_node]: MHE mass estimate: 2.063 kg (T_phys=20.14N) | solve=3.8ms (max8.1)
[INFO] [1789418744.163456262] [mhe_node]: [truth] m_hat=2.0628 m_true=2.0643 err=-0.07% | c_hat=[+0.0000,+0.0000] c_true=[+0.0000,+0.0000] | Jxx_hat=0.01420 Jxx_true=0.01420 Jyz_hat=+0.00000 Jyz_true=+0.00000 | s_hat=[+0.0002,+0.0000] s_true=[+0.0000,+0.0000] kg·m
[INFO] [1789418744.163971179] [mhe_node]: [tau_phys] roll=+0.007 pitch=-0.066 Nm
[INFO] [1789418744.164570301] [mhe_node]: [mass-diag] m_est=2.0628 T=20.139N tilt=3.71deg cos=0.99790 | T/g=2.0529 T*cos/g=2.0486 | m_est-T*cos/g=+0.0142kg (+0.69%) vz=+0.122
[INFO] [1789418744.165228230] [mhe_node]: [c_xy_est] cx=-0.0000 cy=+0.0000 m
[INFO] [1789418746.160476977] [mhe_node]: MHE mass estimate: 2.062 kg (T_phys=20.22N) | solve=7.7ms (max15.9)
[INFO] [1789418746.161023536] [mhe_node]: [truth] m_hat=2.0621 m_true=2.0643 err=-0.11% | c_hat=[+0.0000,+0.0000] c_true=[+0.0000,+0.0000] | Jxx_hat=0.01420 Jxx_true=0.01420 Jyz_hat=+0.00000 Jyz_true=+0.00000 | s_hat=[-0.0010,+0.0001] s_true=[+0.0000,+0.0000] kg·m
[INFO] [1789418746.161552252] [mhe_node]: [tau_phys] roll=+0.001 pitch=+0.002 Nm
[INFO] [1789418746.162143806] [mhe_node]: [mass-diag] m_est=2.0621 T=20.224N tilt=2.38deg cos=0.99914 | T/g=2.0616 T*cos/g=2.0598 | m_est-T*cos/g=+0.0022kg (+0.11%) vz=+0.035
[INFO] [1789418746.162728891] [mhe_node]: [c_xy_est] cx=-0.0004 cy=+0.0000 m
[INFO] [1789418748.157795811] [mhe_node]: MHE mass estimate: 2.057 kg (T_phys=20.26N) | solve=5.0ms (max6.9)
[INFO] [1789418748.158203135] [mhe_node]: [truth] m_hat=2.0567 m_true=2.0643 err=-0.37% | c_hat=[+0.0000,+0.0000] c_true=[+0.0000,+0.0000] | Jxx_hat=0.01420 Jxx_true=0.01420 Jyz_hat=+0.00000 Jyz_true=+0.00000 | s_hat=[+0.0000,+0.0001] s_true=[+0.0000,+0.0000] kg·m
[INFO] [1789418748.158574061] [mhe_node]: [tau_phys] roll=-0.001 pitch=-0.001 Nm
[INFO] [1789418748.158992101] [mhe_node]: [mass-diag] m_est=2.0567 T=20.265N tilt=0.21deg cos=0.99999 | T/g=2.0657 T*cos/g=2.0657 | m_est-T*cos/g=-0.0090kg (-0.43%) vz=-0.005
[INFO] [1789418748.159402535] [mhe_node]: [c_xy_est] cx=+0.0000 cy=+0.0000 m
[INFO] [1789418750.157774823] [mhe_node]: MHE mass estimate: 2.054 kg (T_phys=18.22N) | solve=4.5ms (max8.7)
[INFO] [1789418750.158248921] [mhe_node]: [truth] m_hat=2.0540 m_true=2.0643 err=-0.50% | c_hat=[+0.0000,+0.0000] c_true=[+0.0000,+0.0000] | Jxx_hat=0.01420 Jxx_true=0.01420 Jyz_hat=+0.00000 Jyz_true=+0.00000 | s_hat=[+0.0000,-0.0000] s_true=[+0.0000,+0.0000] kg·m
[INFO] [1789418750.158613378] [mhe_node]: [tau_phys] roll=+0.001 pitch=+0.003 Nm
[INFO] [1789418750.159029310] [mhe_node]: [mass-diag] m_est=2.0540 T=18.215N tilt=0.32deg cos=0.99998 | T/g=1.8568 T*cos/g=1.8568 | m_est-T*cos/g=+0.1972kg (+10.62%) vz=-0.360
[INFO] [1789418750.159438525] [mhe_node]: [c_xy_est] cx=+0.0000 cy=-0.0000 m
[INFO] [1789418752.163513059] [mhe_node]: MHE mass estimate: 2.071 kg (T_phys=20.31N) | solve=5.4ms (max9.2)
[INFO] [1789418752.164080000] [mhe_node]: [truth] m_hat=2.0708 m_true=2.0643 err=+0.31% | c_hat=[+0.0000,+0.0000] c_true=[+0.0000,+0.0000] | Jxx_hat=0.01420 Jxx_true=0.01420 Jyz_hat=+0.00000 Jyz_true=+0.00000 | s_hat=[+0.0000,+0.0000] s_true=[+0.0000,+0.0000] kg·m
[INFO] [1789418752.164602154] [mhe_node]: [tau_phys] roll=-0.002 pitch=-0.001 Nm
[INFO] [1789418752.165195742] [mhe_node]: [mass-diag] m_est=2.0708 T=20.310N tilt=0.28deg cos=0.99999 | T/g=2.0704 T*cos/g=2.0704 | m_est-T*cos/g=+0.0004kg (+0.02%) vz=-0.052
[INFO] [1789418752.165777652] [mhe_node]: [c_xy_est] cx=+0.0000 cy=+0.0000 m
[INFO] [1789418754.168657520] [mhe_node]: MHE mass estimate: 1.991 kg (T_phys=19.58N) | solve=7.7ms (max18.7)
[INFO] [1789418754.169202364] [mhe_node]: [truth] m_hat=1.9911 m_true=2.0643 err=-3.55% | c_hat=[+0.0000,+0.0000] c_true=[+0.0000,+0.0000] | Jxx_hat=0.01420 Jxx_true=0.01420 Jyz_hat=+0.00000 Jyz_true=+0.00000 | s_hat=[+0.0043,+0.0029] s_true=[+0.0000,+0.0000] kg·m
[INFO] [1789418754.169722297] [mhe_node]: [tau_phys] roll=-0.008 pitch=-0.000 Nm
[INFO] [1789418754.170307381] [mhe_node]: [mass-diag] m_est=1.9911 T=19.576N tilt=0.27deg cos=0.99999 | T/g=1.9955 T*cos/g=1.9955 | m_est-T*cos/g=-0.0044kg (-0.22%) vz=+0.004
[INFO] [1789418754.170883911] [mhe_node]: [c_xy_est] cx=+0.0019 cy=+0.0013 m
[INFO] [1789418756.170951435] [mhe_node]: MHE mass estimate: 1.974 kg (T_phys=19.67N) | solve=14.1ms (max19.1)
[INFO] [1789418756.171517956] [mhe_node]: [truth] m_hat=1.9735 m_true=2.0643 err=-4.40% | c_hat=[+0.0000,+0.0000] c_true=[+0.0000,+0.0000] | Jxx_hat=0.01420 Jxx_true=0.01420 Jyz_hat=+0.00000 Jyz_true=+0.00000 | s_hat=[-0.0022,+0.0012] s_true=[+0.0000,+0.0000] kg·m
[INFO] [1789418756.172040861] [mhe_node]: [tau_phys] roll=+0.056 pitch=+0.020 Nm
[INFO] [1789418756.172648645] [mhe_node]: [mass-diag] m_est=1.9735 T=19.668N tilt=0.28deg cos=0.99999 | T/g=2.0049 T*cos/g=2.0048 | m_est-T*cos/g=-0.0313kg (-1.56%) vz=-0.000
[INFO] [1789418756.173240296] [mhe_node]: [c_xy_est] cx=-0.0012 cy=+0.0003 m
[INFO] [1789418758.197157733] [mhe_node]: MHE mass estimate: 1.961 kg (T_phys=24.38N) | solve=28.2ms (max42.1)
[INFO] [1789418758.197714569] [mhe_node]: [truth] m_hat=1.9611 m_true=2.0643 err=-5.00% | c_hat=[+0.0000,+0.0000] c_true=[+0.0000,+0.0000] | Jxx_hat=0.01420 Jxx_true=0.01420 Jyz_hat=+0.00000 Jyz_true=+0.00000 | s_hat=[-0.0007,-0.0096] s_true=[+0.0000,+0.0000] kg·m
[INFO] [1789418758.198244493] [mhe_node]: [tau_phys] roll=-0.203 pitch=+0.214 Nm
[INFO] [1789418758.198839004] [mhe_node]: [mass-diag] m_est=1.9611 T=24.378N tilt=0.21deg cos=0.99999 | T/g=2.4850 T*cos/g=2.4850 | m_est-T*cos/g=-0.5239kg (-21.08%) vz=+0.454
[INFO] [1789418758.199424509] [mhe_node]: [c_xy_est] cx=+0.0002 cy=-0.0043 m
[INFO] [1789418760.159408064] [mhe_node]: MHE mass estimate: 2.337 kg (T_phys=23.00N) | solve=9.3ms (max38.0)
[INFO] [1789418760.159970773] [mhe_node]: [truth] m_hat=2.3365 m_true=2.0643 err=+13.19% | c_hat=[+0.0000,+0.0000] c_true=[+0.0000,+0.0000] | Jxx_hat=0.01420 Jxx_true=0.01420 Jyz_hat=+0.00000 Jyz_true=+0.00000 | s_hat=[-0.0084,-0.0195] s_true=[+0.0000,+0.0000] kg·m
[INFO] [1789418760.160499132] [mhe_node]: [tau_phys] roll=-0.206 pitch=+0.030 Nm
[INFO] [1789418760.161085325] [mhe_node]: [mass-diag] m_est=2.3365 T=23.003N tilt=0.22deg cos=0.99999 | T/g=2.3448 T*cos/g=2.3448 | m_est-T*cos/g=-0.0083kg (-0.35%) vz=+1.205
[INFO] [1789418760.161665849] [mhe_node]: [c_xy_est] cx=-0.0037 cy=-0.0083 m
[INFO] [1789418760.453988824] [mhe_node]: [payload-state] EMPTY->LOADED (sustained m_p evidence, m_p=+0.270kg)
[INFO] [1789418760.554084649] [mhe_node]: [s-collapse] moment 基准未就绪(窗口 2/20, 越界剔除 0) — 暂不判决
[INFO] [1789418761.554108572] [mhe_node]: [s-collapse] moment 基准未就绪(窗口 12/20, 越界剔除 0) — 暂不判决
[INFO] [1789418762.158535911] [mhe_node]: MHE mass estimate: 2.343 kg (T_phys=22.27N) | solve=4.2ms (max6.7)
[INFO] [1789418762.159099562] [mhe_node]: [truth] m_hat=2.3430 m_true=2.0643 err=+13.50% | c_hat=[+0.0000,+0.0000] c_true=[+0.0000,+0.0000] | Jxx_hat=0.01420 Jxx_true=0.01420 Jyz_hat=+0.00000 Jyz_true=+0.00000 | s_hat=[-0.0086,-0.0196] s_true=[+0.0000,+0.0000] kg·m
[INFO] [1789418762.159623698] [mhe_node]: [tau_phys] roll=-0.176 pitch=+0.103 Nm
[INFO] [1789418762.160212063] [mhe_node]: [mass-diag] m_est=2.3430 T=22.267N tilt=0.33deg cos=0.99998 | T/g=2.2698 T*cos/g=2.2698 | m_est-T*cos/g=+0.0732kg (+3.22%) vz=+0.927
[INFO] [1789418762.160793668] [mhe_node]: [c_xy_est] cx=-0.0036 cy=-0.0084 m
[INFO] [1789418762.353978751] [mhe_node]: [c_xy_est] 质量域判据已武装(m_p=0.279kg 连续20帧高于水位)
[INFO] [1789418762.354450169] [mhe_node]: [moment-ref] 基准已建立并冻结: |s_ref|=0.02142 kg·m (窗口 20 帧, 中位 0.02142, 离散 0.01, 方向一致度 1.00, 越界剔除 0 帧) — 此后不再更新
[INFO] [1789418762.454197652] [mhe_node]: [s-collapse] |s|=0.02135 ref=0.02142 peak=0.02157 ovr=0 ratio=0.997 (thr 0.30) moment=0 quantity=0 resid=0 health=1 age=0.10 solve_ok=1 reanch=0 m_p=+0.2790 slow=0/5
[INFO] [1789418763.454240422] [mhe_node]: [s-collapse] |s|=0.02152 ref=0.02142 peak=0.02157 ovr=0 ratio=1.005 (thr 0.30) moment=0 quantity=0 resid=0 health=1 age=0.10 solve_ok=1 reanch=0 m_p=+0.2860 slow=0/5
[INFO] [1789418764.159425230] [mhe_node]: MHE mass estimate: 2.362 kg (T_phys=22.62N) | solve=3.8ms (max4.9)
[INFO] [1789418764.159983951] [mhe_node]: [truth] m_hat=2.3618 m_true=2.0643 err=+14.41% | c_hat=[+0.0000,+0.0000] c_true=[+0.0000,+0.0000] | Jxx_hat=0.01420 Jxx_true=0.01420 Jyz_hat=+0.00000 Jyz_true=+0.00000 | s_hat=[-0.0083,-0.0201] s_true=[+0.0000,+0.0000] kg·m
[INFO] [1789418764.160515408] [mhe_node]: [tau_phys] roll=-0.173 pitch=+0.103 Nm
[INFO] [1789418764.161119623] [mhe_node]: [mass-diag] m_est=2.3618 T=22.619N tilt=0.34deg cos=0.99998 | T/g=2.3057 T*cos/g=2.3057 | m_est-T*cos/g=+0.0561kg (+2.43%) vz=+0.164
[INFO] [1789418764.161701609] [mhe_node]: [c_xy_est] cx=-0.0035 cy=-0.0085 m
[INFO] [1789418764.454190008] [mhe_node]: [s-collapse] |s|=0.02158 ref=0.02142 peak=0.02184 ovr=0 ratio=1.007 (thr 0.30) moment=0 quantity=0 resid=0 health=1 age=0.09 solve_ok=1 reanch=0 m_p=+0.2993 slow=0/5
[INFO] [1789418765.454222633] [mhe_node]: [s-collapse] |s|=0.02157 ref=0.02142 peak=0.02184 ovr=0 ratio=1.007 (thr 0.30) moment=0 quantity=0 resid=0 health=1 age=0.09 solve_ok=1 reanch=0 m_p=+0.3006 slow=0/5
[INFO] [1789418766.158508827] [mhe_node]: MHE mass estimate: 2.365 kg (T_phys=23.15N) | solve=4.1ms (max6.7)
[INFO] [1789418766.159069734] [mhe_node]: [truth] m_hat=2.3645 m_true=2.0643 err=+14.54% | c_hat=[+0.0000,+0.0000] c_true=[+0.0000,+0.0000] | Jxx_hat=0.01420 Jxx_true=0.01420 Jyz_hat=+0.00000 Jyz_true=+0.00000 | s_hat=[-0.0085,-0.0200] s_true=[+0.0000,+0.0000] kg·m
[INFO] [1789418766.159595322] [mhe_node]: [tau_phys] roll=-0.184 pitch=+0.090 Nm
[INFO] [1789418766.160189030] [mhe_node]: [mass-diag] m_est=2.3645 T=23.155N tilt=0.18deg cos=1.00000 | T/g=2.3603 T*cos/g=2.3603 | m_est-T*cos/g=+0.0042kg (+0.18%) vz=+0.018
[INFO] [1789418766.160771019] [mhe_node]: [c_xy_est] cx=-0.0036 cy=-0.0085 m
[INFO] [1789418766.454216400] [mhe_node]: [s-collapse] |s|=0.02170 ref=0.02142 peak=0.02184 ovr=0 ratio=1.013 (thr 0.30) moment=0 quantity=0 resid=0 health=1 age=0.10 solve_ok=1 reanch=0 m_p=+0.2999 slow=0/5
[INFO] [1789418767.454055664] [mhe_node]: [s-collapse] |s|=0.02159 ref=0.02142 peak=0.02184 ovr=0 ratio=1.008 (thr 0.30) moment=0 quantity=0 resid=0 health=1 age=0.10 solve_ok=1 reanch=0 m_p=+0.2930 slow=0/5
[INFO] [1789418768.159416291] [mhe_node]: MHE mass estimate: 2.356 kg (T_phys=23.07N) | solve=3.9ms (max5.4)
[INFO] [1789418768.159981846] [mhe_node]: [truth] m_hat=2.3556 m_true=2.0643 err=+14.11% | c_hat=[+0.0000,+0.0000] c_true=[+0.0000,+0.0000] | Jxx_hat=0.01420 Jxx_true=0.01420 Jyz_hat=+0.00000 Jyz_true=+0.00000 | s_hat=[-0.0084,-0.0198] s_true=[+0.0000,+0.0000] kg·m
[INFO] [1789418768.160512620] [mhe_node]: [tau_phys] roll=-0.208 pitch=+0.242 Nm
[INFO] [1789418768.161101286] [mhe_node]: [mass-diag] m_est=2.3556 T=23.066N tilt=0.27deg cos=0.99999 | T/g=2.3512 T*cos/g=2.3512 | m_est-T*cos/g=+0.0044kg (+0.19%) vz=-0.024
[INFO] [1789418768.161687595] [mhe_node]: [c_xy_est] cx=-0.0036 cy=-0.0084 m
[INFO] [1789418768.454080063] [mhe_node]: [s-collapse] |s|=0.02170 ref=0.02142 peak=0.02184 ovr=0 ratio=1.013 (thr 0.30) moment=0 quantity=0 resid=0 health=1 age=0.10 solve_ok=1 reanch=0 m_p=+0.2908 slow=0/5
[INFO] [1789418769.454253697] [mhe_node]: [s-collapse] |s|=0.02127 ref=0.02142 peak=0.02184 ovr=0 ratio=0.993 (thr 0.30) moment=0 quantity=0 resid=0 health=1 age=0.09 solve_ok=1 reanch=0 m_p=+0.2901 slow=0/5
[INFO] [1789418770.164326154] [mhe_node]: MHE mass estimate: 2.348 kg (T_phys=23.14N) | solve=7.3ms (max21.6)
[INFO] [1789418770.164886002] [mhe_node]: [truth] m_hat=2.3483 m_true=2.0643 err=+13.76% | c_hat=[+0.0000,+0.0000] c_true=[+0.0000,+0.0000] | Jxx_hat=0.01420 Jxx_true=0.01420 Jyz_hat=+0.00000 Jyz_true=+0.00000 | s_hat=[-0.0107,-0.0181] s_true=[+0.0000,+0.0000] kg·m
[INFO] [1789418770.165407506] [mhe_node]: [tau_phys] roll=-0.193 pitch=-0.061 Nm
[INFO] [1789418770.165985955] [mhe_node]: [mass-diag] m_est=2.3483 T=23.138N tilt=2.24deg cos=0.99923 | T/g=2.3587 T*cos/g=2.3568 | m_est-T*cos/g=-0.0085kg (-0.36%) vz=-0.014
[INFO] [1789418770.166566817] [mhe_node]: [c_xy_est] cx=-0.0046 cy=-0.0077 m
[INFO] [1789418770.454244636] [mhe_node]: [s-collapse] |s|=0.02088 ref=0.02142 peak=0.02184 ovr=0 ratio=0.975 (thr 0.30) moment=0 quantity=0 resid=0 health=1 age=0.09 solve_ok=1 reanch=0 m_p=+0.2824 slow=0/5
[INFO] [1789418771.454195433] [mhe_node]: [s-collapse] |s|=0.01962 ref=0.02142 peak=0.02184 ovr=0 ratio=0.916 (thr 0.30) moment=0 quantity=0 resid=0 health=1 age=0.09 solve_ok=1 reanch=0 m_p=+0.2795 slow=0/5
[INFO] [1789418772.054282984] [mhe_node]: [c_xy-clamp] 越界剔除 0/300 (0.0%) 上限 0.0390 kg·m clamp=1
[INFO] [1789418772.164368719] [mhe_node]: MHE mass estimate: 2.343 kg (T_phys=23.19N) | solve=10.2ms (max16.0)
[INFO] [1789418772.164939356] [mhe_node]: [truth] m_hat=2.3429 m_true=2.0643 err=+13.50% | c_hat=[+0.0000,+0.0000] c_true=[+0.0000,+0.0000] | Jxx_hat=0.01420 Jxx_true=0.01420 Jyz_hat=+0.00000 Jyz_true=+0.00000 | s_hat=[-0.0009,-0.0206] s_true=[+0.0000,+0.0000] kg·m
[INFO] [1789418772.165466282] [mhe_node]: [tau_phys] roll=-0.210 pitch=+0.098 Nm
[INFO] [1789418772.166050129] [mhe_node]: [mass-diag] m_est=2.3429 T=23.192N tilt=5.33deg cos=0.99568 | T/g=2.3641 T*cos/g=2.3539 | m_est-T*cos/g=-0.0110kg (-0.47%) vz=+0.110
[INFO] [1789418772.166633400] [mhe_node]: [c_xy_est] cx=-0.0002 cy=-0.0087 m
[INFO] [1789418772.454180294] [mhe_node]: [s-collapse] |s|=0.02071 ref=0.02142 peak=0.02184 ovr=0 ratio=0.967 (thr 0.30) moment=0 quantity=0 resid=0 health=1 age=0.09 solve_ok=1 reanch=0 m_p=+0.2782 slow=0/5
[INFO] [1789418773.454090903] [mhe_node]: [s-collapse] |s|=0.02187 ref=0.02142 peak=0.02187 ovr=0 ratio=1.021 (thr 0.30) moment=0 quantity=0 resid=0 health=1 age=0.09 solve_ok=1 reanch=0 m_p=+0.2720 slow=0/5
[INFO] [1789418774.164375814] [mhe_node]: MHE mass estimate: 2.333 kg (T_phys=23.03N) | solve=7.5ms (max17.0)
[INFO] [1789418774.164939781] [mhe_node]: [truth] m_hat=2.3331 m_true=2.0643 err=+13.02% | c_hat=[+0.0000,+0.0000] c_true=[+0.0000,+0.0000] | Jxx_hat=0.01420 Jxx_true=0.01420 Jyz_hat=+0.00000 Jyz_true=+0.00000 | s_hat=[-0.0023,-0.0238] s_true=[+0.0000,+0.0000] kg·m
[INFO] [1789418774.165460195] [mhe_node]: [tau_phys] roll=-0.234 pitch=+0.553 Nm
[INFO] [1789418774.166039247] [mhe_node]: [mass-diag] m_est=2.3331 T=23.035N tilt=7.72deg cos=0.99094 | T/g=2.3481 T*cos/g=2.3268 | m_est-T*cos/g=+0.0063kg (+0.27%) vz=+0.165
[INFO] [1789418774.166619855] [mhe_node]: [c_xy_est] cx=-0.0011 cy=-0.0101 m
[INFO] [1789418774.454197712] [mhe_node]: [s-collapse] |s|=0.02429 ref=0.02142 peak=0.02429 ovr=0 ratio=1.134 (thr 0.30) moment=0 quantity=0 resid=0 health=1 age=0.09 solve_ok=1 reanch=0 m_p=+0.2680 slow=0/5
[INFO] [1789418775.454204359] [mhe_node]: [s-collapse] |s|=0.02395 ref=0.02142 peak=0.02459 ovr=0 ratio=1.118 (thr 0.30) moment=0 quantity=0 resid=0 health=1 age=0.09 solve_ok=1 reanch=0 m_p=+0.2610 slow=0/5
[INFO] [1789418776.168699056] [mhe_node]: MHE mass estimate: 2.331 kg (T_phys=23.18N) | solve=9.3ms (max15.9)
[INFO] [1789418776.169398635] [mhe_node]: [truth] m_hat=2.3309 m_true=2.0643 err=+12.92% | c_hat=[+0.0000,+0.0000] c_true=[+0.0000,+0.0000] | Jxx_hat=0.01420 Jxx_true=0.01420 Jyz_hat=+0.00000 Jyz_true=+0.00000 | s_hat=[-0.0065,-0.0232] s_true=[+0.0000,+0.0000] kg·m
[INFO] [1789418776.169918269] [mhe_node]: [tau_phys] roll=-0.248 pitch=+0.287 Nm
[INFO] [1789418776.170499901] [mhe_node]: [mass-diag] m_est=2.3309 T=23.181N tilt=8.90deg cos=0.98796 | T/g=2.3630 T*cos/g=2.3346 | m_est-T*cos/g=-0.0036kg (-0.16%) vz=+0.004
[INFO] [1789418776.171077229] [mhe_node]: [c_xy_est] cx=-0.0030 cy=-0.0099 m
[INFO] [1789418776.454259902] [mhe_node]: [s-collapse] |s|=0.02500 ref=0.02142 peak=0.02500 ovr=0 ratio=1.167 (thr 0.30) moment=0 quantity=0 resid=0 health=1 age=0.08 solve_ok=1 reanch=0 m_p=+0.2705 slow=0/5
[INFO] [1789418777.454192676] [mhe_node]: [s-collapse] |s|=0.02779 ref=0.02142 peak=0.02779 ovr=0 ratio=1.298 (thr 0.30) moment=0 quantity=0 resid=0 health=1 age=0.09 solve_ok=1 reanch=0 m_p=+0.2809 slow=0/5
[INFO] [1789418778.167299714] [mhe_node]: MHE mass estimate: 2.341 kg (T_phys=23.17N) | solve=11.7ms (max17.7)
[INFO] [1789418778.167862707] [mhe_node]: [truth] m_hat=2.3410 m_true=2.0643 err=+13.40% | c_hat=[+0.0000,+0.0000] c_true=[+0.0000,+0.0000] | Jxx_hat=0.01420 Jxx_true=0.01420 Jyz_hat=+0.00000 Jyz_true=+0.00000 | s_hat=[-0.0031,-0.0278] s_true=[+0.0000,+0.0000] kg·m
[INFO] [1789418778.168395047] [mhe_node]: [tau_phys] roll=-0.246 pitch=+0.152 Nm
[INFO] [1789418778.168975537] [mhe_node]: [mass-diag] m_est=2.3410 T=23.174N tilt=11.65deg cos=0.97940 | T/g=2.3623 T*cos/g=2.3136 | m_est-T*cos/g=+0.0274kg (+1.19%) vz=-0.149
[INFO] [1789418778.169564422] [mhe_node]: [c_xy_est] cx=-0.0017 cy=-0.0119 m
[INFO] [1789418778.454195289] [mhe_node]: [s-collapse] |s|=0.02755 ref=0.02142 peak=0.02810 ovr=0 ratio=1.286 (thr 0.30) moment=0 quantity=0 resid=0 health=1 age=0.09 solve_ok=1 reanch=0 m_p=+0.2759 slow=0/5
[INFO] [1789418779.454190276] [mhe_node]: [s-collapse] |s|=0.02171 ref=0.02142 peak=0.02810 ovr=0 ratio=1.014 (thr 0.30) moment=0 quantity=0 resid=0 health=1 age=0.08 solve_ok=1 reanch=0 m_p=+0.2611 slow=0/5
[INFO] [1789418780.168882719] [mhe_node]: MHE mass estimate: 2.318 kg (T_phys=22.50N) | solve=10.5ms (max15.7)
[INFO] [1789418780.169449513] [mhe_node]: [truth] m_hat=2.3179 m_true=2.0643 err=+12.28% | c_hat=[+0.0000,+0.0000] c_true=[+0.0000,+0.0000] | Jxx_hat=0.01420 Jxx_true=0.01420 Jyz_hat=+0.00000 Jyz_true=+0.00000 | s_hat=[-0.0016,-0.0184] s_true=[+0.0000,+0.0000] kg·m
[INFO] [1789418780.169966952] [mhe_node]: [tau_phys] roll=-0.175 pitch=-0.130 Nm
[INFO] [1789418780.170553248] [mhe_node]: [mass-diag] m_est=2.3179 T=22.499N tilt=4.62deg cos=0.99675 | T/g=2.2934 T*cos/g=2.2860 | m_est-T*cos/g=+0.0319kg (+1.40%) vz=-0.254
[INFO] [1789418780.171140663] [mhe_node]: [c_xy_est] cx=-0.0011 cy=-0.0081 m
[INFO] [1789418780.454244411] [mhe_node]: [s-collapse] |s|=0.01770 ref=0.02142 peak=0.02810 ovr=0 ratio=0.826 (thr 0.30) moment=0 quantity=0 resid=0 health=1 age=0.09 solve_ok=1 reanch=0 m_p=+0.2510 slow=0/5
[INFO] [1789418781.454211517] [mhe_node]: [s-collapse] |s|=0.01573 ref=0.02142 peak=0.02810 ovr=0 ratio=0.734 (thr 0.30) moment=0 quantity=0 resid=0 health=1 age=0.09 solve_ok=1 reanch=0 m_p=+0.2495 slow=0/5
[INFO] [1789418782.165440907] [mhe_node]: MHE mass estimate: 2.323 kg (T_phys=23.39N) | solve=11.4ms (max17.3)
[INFO] [1789418782.166007617] [mhe_node]: [truth] m_hat=2.3229 m_true=2.0643 err=+12.53% | c_hat=[+0.0000,+0.0000] c_true=[+0.0000,+0.0000] | Jxx_hat=0.01420 Jxx_true=0.01420 Jyz_hat=+0.00000 Jyz_true=+0.00000 | s_hat=[-0.0125,-0.0129] s_true=[+0.0000,+0.0000] kg·m
[INFO] [1789418782.166532528] [mhe_node]: [tau_phys] roll=-0.185 pitch=+0.510 Nm
[INFO] [1789418782.167116104] [mhe_node]: [mass-diag] m_est=2.3229 T=23.388N tilt=6.10deg cos=0.99433 | T/g=2.3841 T*cos/g=2.3706 | m_est-T*cos/g=-0.0477kg (-2.01%) vz=-0.228
[INFO] [1789418782.167695828] [mhe_node]: [c_xy_est] cx=-0.0057 cy=-0.0056 m
[INFO] [1789418782.454200415] [mhe_node]: [s-collapse] |s|=0.01913 ref=0.02142 peak=0.02810 ovr=0 ratio=0.893 (thr 0.30) moment=0 quantity=0 resid=0 health=1 age=0.09 solve_ok=1 reanch=0 m_p=+0.2618 slow=0/5
[INFO] [1789418783.454231048] [mhe_node]: [s-collapse] |s|=0.02218 ref=0.02142 peak=0.02810 ovr=0 ratio=1.036 (thr 0.30) moment=0 quantity=0 resid=0 health=1 age=0.09 solve_ok=1 reanch=0 m_p=+0.2639 slow=0/5
[INFO] [1789418784.165347098] [mhe_node]: MHE mass estimate: 2.321 kg (T_phys=23.25N) | solve=10.7ms (max21.3)
[INFO] [1789418784.165752386] [mhe_node]: [truth] m_hat=2.3207 m_true=2.0643 err=+12.42% | c_hat=[+0.0000,+0.0000] c_true=[+0.0000,+0.0000] | Jxx_hat=0.01420 Jxx_true=0.01420 Jyz_hat=+0.00000 Jyz_true=+0.00000 | s_hat=[-0.0162,-0.0103] s_true=[+0.0000,+0.0000] kg·m
[INFO] [1789418784.166124031] [mhe_node]: [tau_phys] roll=-0.158 pitch=-0.195 Nm
[INFO] [1789418784.166539421] [mhe_node]: [mass-diag] m_est=2.3207 T=23.248N tilt=9.98deg cos=0.98486 | T/g=2.3698 T*cos/g=2.3339 | m_est-T*cos/g=-0.0132kg (-0.57%) vz=-0.092
[INFO] [1789418784.166942459] [mhe_node]: [c_xy_est] cx=-0.0077 cy=-0.0045 m
[INFO] [1789418784.454208446] [mhe_node]: [s-collapse] |s|=0.01777 ref=0.02142 peak=0.02810 ovr=0 ratio=0.830 (thr 0.30) moment=0 quantity=0 resid=0 health=1 age=0.08 solve_ok=1 reanch=0 m_p=+0.2544 slow=0/5
[INFO] [1789418785.454248836] [mhe_node]: [s-collapse] |s|=0.01390 ref=0.02142 peak=0.02810 ovr=0 ratio=0.649 (thr 0.30) moment=0 quantity=0 resid=0 health=1 age=0.09 solve_ok=1 reanch=0 m_p=+0.2631 slow=0/5
[INFO] [1789418786.169031515] [mhe_node]: MHE mass estimate: 2.322 kg (T_phys=23.08N) | solve=9.3ms (max14.6)
[INFO] [1789418786.169622411] [mhe_node]: [truth] m_hat=2.3223 m_true=2.0643 err=+12.50% | c_hat=[+0.0000,+0.0000] c_true=[+0.0000,+0.0000] | Jxx_hat=0.01420 Jxx_true=0.01420 Jyz_hat=+0.00000 Jyz_true=+0.00000 | s_hat=[-0.0056,-0.0144] s_true=[+0.0000,+0.0000] kg·m
[INFO] [1789418786.170150128] [mhe_node]: [tau_phys] roll=-0.130 pitch=+0.268 Nm
[INFO] [1789418786.170742213] [mhe_node]: [mass-diag] m_est=2.3223 T=23.078N tilt=5.08deg cos=0.99608 | T/g=2.3525 T*cos/g=2.3433 | m_est-T*cos/g=-0.0210kg (-0.90%) vz=-0.020
[INFO] [1789418786.171330241] [mhe_node]: [c_xy_est] cx=-0.0025 cy=-0.0061 m
[INFO] [1789418786.454203983] [mhe_node]: [s-collapse] |s|=0.01605 ref=0.02142 peak=0.02810 ovr=0 ratio=0.749 (thr 0.30) moment=0 quantity=0 resid=0 health=1 age=0.09 solve_ok=1 reanch=0 m_p=+0.2577 slow=0/5
[INFO] [1789418787.454192928] [mhe_node]: [s-collapse] |s|=0.01797 ref=0.02142 peak=0.02810 ovr=0 ratio=0.839 (thr 0.30) moment=0 quantity=0 resid=0 health=1 age=0.09 solve_ok=1 reanch=0 m_p=+0.2743 slow=0/5
[INFO] [1789418788.164459501] [mhe_node]: MHE mass estimate: 2.344 kg (T_phys=23.54N) | solve=8.1ms (max16.1)
[INFO] [1789418788.165021954] [mhe_node]: [truth] m_hat=2.3439 m_true=2.0643 err=+13.55% | c_hat=[+0.0000,+0.0000] c_true=[+0.0000,+0.0000] | Jxx_hat=0.01420 Jxx_true=0.01420 Jyz_hat=+0.00000 Jyz_true=+0.00000 | s_hat=[-0.0121,-0.0130] s_true=[+0.0000,+0.0000] kg·m
[INFO] [1789418788.165553006] [mhe_node]: [tau_phys] roll=-0.110 pitch=+0.015 Nm
[INFO] [1789418788.166139907] [mhe_node]: [mass-diag] m_est=2.3439 T=23.538N tilt=9.27deg cos=0.98694 | T/g=2.3994 T*cos/g=2.3681 | m_est-T*cos/g=-0.0241kg (-1.02%) vz=+0.157
[INFO] [1789418788.166716013] [mhe_node]: [c_xy_est] cx=-0.0053 cy=-0.0056 m
[INFO] [1789418788.454223738] [mhe_node]: [s-collapse] |s|=0.01746 ref=0.02142 peak=0.02810 ovr=0 ratio=0.815 (thr 0.30) moment=0 quantity=0 resid=0 health=1 age=0.09 solve_ok=1 reanch=0 m_p=+0.2796 slow=0/5
[INFO] [1789418789.454201905] [mhe_node]: [s-collapse] |s|=0.01370 ref=0.02142 peak=0.02810 ovr=0 ratio=0.640 (thr 0.30) moment=0 quantity=0 resid=0 health=1 age=0.09 solve_ok=1 reanch=0 m_p=+0.2724 slow=0/5
[INFO] [1789418790.162468498] [mhe_node]: MHE mass estimate: 2.329 kg (T_phys=22.91N) | solve=8.2ms (max14.8)
[INFO] [1789418790.163030063] [mhe_node]: [truth] m_hat=2.3286 m_true=2.0643 err=+12.80% | c_hat=[+0.0000,+0.0000] c_true=[+0.0000,+0.0000] | Jxx_hat=0.01420 Jxx_true=0.01420 Jyz_hat=+0.00000 Jyz_true=+0.00000 | s_hat=[-0.0042,-0.0141] s_true=[+0.0000,+0.0000] kg·m
[INFO] [1789418790.163551105] [mhe_node]: [tau_phys] roll=-0.110 pitch=+0.594 Nm
[INFO] [1789418790.164137098] [mhe_node]: [mass-diag] m_est=2.3286 T=22.913N tilt=8.63deg cos=0.98869 | T/g=2.3357 T*cos/g=2.3093 | m_est-T*cos/g=+0.0193kg (+0.84%) vz=+0.227
[INFO] [1789418790.164714219] [mhe_node]: [c_xy_est] cx=-0.0018 cy=-0.0059 m
[INFO] [1789418790.454193924] [mhe_node]: [s-collapse] |s|=0.01524 ref=0.02142 peak=0.02810 ovr=0 ratio=0.712 (thr 0.30) moment=0 quantity=0 resid=0 health=1 age=0.09 solve_ok=1 reanch=0 m_p=+0.2627 slow=0/5
[INFO] [1789418791.454202291] [mhe_node]: [s-collapse] |s|=0.01674 ref=0.02142 peak=0.02810 ovr=0 ratio=0.782 (thr 0.30) moment=0 quantity=0 resid=0 health=1 age=0.09 solve_ok=1 reanch=0 m_p=+0.2520 slow=0/5
[INFO] [1789418792.162175428] [mhe_node]: MHE mass estimate: 2.310 kg (T_phys=22.83N) | solve=9.6ms (max23.7)
[INFO] [1789418792.162732846] [mhe_node]: [truth] m_hat=2.3098 m_true=2.0643 err=+11.89% | c_hat=[+0.0000,+0.0000] c_true=[+0.0000,+0.0000] | Jxx_hat=0.01420 Jxx_true=0.01420 Jyz_hat=+0.00000 Jyz_true=+0.00000 | s_hat=[-0.0064,-0.0160] s_true=[+0.0000,+0.0000] kg·m
[INFO] [1789418792.163261080] [mhe_node]: [tau_phys] roll=-0.145 pitch=+0.751 Nm
[INFO] [1789418792.163844969] [mhe_node]: [mass-diag] m_est=2.3098 T=22.829N tilt=1.43deg cos=0.99969 | T/g=2.3271 T*cos/g=2.3264 | m_est-T*cos/g=-0.0166kg (-0.71%) vz=+0.202
[INFO] [1789418792.164430715] [mhe_node]: [c_xy_est] cx=-0.0028 cy=-0.0068 m
[INFO] [1789418792.454260632] [mhe_node]: [s-collapse] |s|=0.01751 ref=0.02142 peak=0.02810 ovr=0 ratio=0.817 (thr 0.30) moment=0 quantity=0 resid=0 health=1 age=0.09 solve_ok=1 reanch=0 m_p=+0.2462 slow=0/5
[INFO] [1789418793.454203118] [mhe_node]: [s-collapse] |s|=0.02057 ref=0.02142 peak=0.02810 ovr=0 ratio=0.960 (thr 0.30) moment=0 quantity=0 resid=0 health=1 age=0.09 solve_ok=1 reanch=0 m_p=+0.2560 slow=0/5
[INFO] [1789418794.171586719] [mhe_node]: MHE mass estimate: 2.322 kg (T_phys=23.08N) | solve=12.2ms (max20.3)
[INFO] [1789418794.172274960] [mhe_node]: [truth] m_hat=2.3221 m_true=2.0643 err=+12.49% | c_hat=[+0.0000,+0.0000] c_true=[+0.0000,+0.0000] | Jxx_hat=0.01420 Jxx_true=0.01420 Jyz_hat=+0.00000 Jyz_true=+0.00000 | s_hat=[-0.0100,-0.0202] s_true=[+0.0000,+0.0000] kg·m
[INFO] [1789418794.172795512] [mhe_node]: [tau_phys] roll=-0.081 pitch=+0.740 Nm
[INFO] [1789418794.173380448] [mhe_node]: [mass-diag] m_est=2.3221 T=23.085N tilt=8.95deg cos=0.98781 | T/g=2.3532 T*cos/g=2.3245 | m_est-T*cos/g=-0.0025kg (-0.11%) vz=+0.172
[INFO] [1789418794.173956996] [mhe_node]: [c_xy_est] cx=-0.0048 cy=-0.0086 m
[INFO] [1789418794.454239623] [mhe_node]: [s-collapse] |s|=0.02334 ref=0.02142 peak=0.02810 ovr=0 ratio=1.090 (thr 0.30) moment=0 quantity=0 resid=0 health=1 age=0.09 solve_ok=1 reanch=0 m_p=+0.2582 slow=0/5
[INFO] [1789418795.454207824] [mhe_node]: [s-collapse] |s|=0.02258 ref=0.02142 peak=0.02810 ovr=0 ratio=1.054 (thr 0.30) moment=0 quantity=0 resid=0 health=1 age=0.08 solve_ok=1 reanch=0 m_p=+0.2586 slow=0/5
[INFO] [1789418796.163094824] [mhe_node]: MHE mass estimate: 2.316 kg (T_phys=22.64N) | solve=12.0ms (max21.3)
[INFO] [1789418796.163508846] [mhe_node]: [truth] m_hat=2.3161 m_true=2.0643 err=+12.20% | c_hat=[+0.0000,+0.0000] c_true=[+0.0000,+0.0000] | Jxx_hat=0.01420 Jxx_true=0.01420 Jyz_hat=+0.00000 Jyz_true=+0.00000 | s_hat=[-0.0062,-0.0201] s_true=[+0.0000,+0.0000] kg·m
[INFO] [1789418796.163878488] [mhe_node]: [tau_phys] roll=-0.141 pitch=+0.069 Nm
[INFO] [1789418796.164293160] [mhe_node]: [mass-diag] m_est=2.3161 T=22.643N tilt=8.13deg cos=0.98994 | T/g=2.3082 T*cos/g=2.2850 | m_est-T*cos/g=+0.0312kg (+1.36%) vz=+0.060
[INFO] [1789418796.164698447] [mhe_node]: [c_xy_est] cx=-0.0033 cy=-0.0087 m
[INFO] [1789418796.454195097] [mhe_node]: [s-collapse] |s|=0.02136 ref=0.02142 peak=0.02810 ovr=0 ratio=0.997 (thr 0.30) moment=0 quantity=0 resid=0 health=1 age=0.09 solve_ok=1 reanch=0 m_p=+0.2499 slow=0/5
[INFO] [1789418797.454205374] [mhe_node]: [s-collapse] |s|=0.02011 ref=0.02142 peak=0.02810 ovr=0 ratio=0.939 (thr 0.30) moment=0 quantity=0 resid=0 health=1 age=0.09 solve_ok=1 reanch=0 m_p=+0.2547 slow=0/5
[INFO] [1789418798.165170469] [mhe_node]: MHE mass estimate: 2.318 kg (T_phys=23.20N) | solve=12.1ms (max20.4)
[INFO] [1789418798.165729879] [mhe_node]: [truth] m_hat=2.3180 m_true=2.0643 err=+12.29% | c_hat=[+0.0000,+0.0000] c_true=[+0.0000,+0.0000] | Jxx_hat=0.01420 Jxx_true=0.01420 Jyz_hat=+0.00000 Jyz_true=+0.00000 | s_hat=[-0.0111,-0.0178] s_true=[+0.0000,+0.0000] kg·m
[INFO] [1789418798.166256586] [mhe_node]: [tau_phys] roll=-0.326 pitch=-0.775 Nm
[INFO] [1789418798.166839099] [mhe_node]: [mass-diag] m_est=2.3180 T=23.198N tilt=6.18deg cos=0.99419 | T/g=2.3647 T*cos/g=2.3510 | m_est-T*cos/g=-0.0330kg (-1.40%) vz=-0.101
[INFO] [1789418798.167421321] [mhe_node]: [c_xy_est] cx=-0.0046 cy=-0.0077 m
[INFO] [1789418798.454288794] [mhe_node]: [s-collapse] |s|=0.02131 ref=0.02142 peak=0.02810 ovr=0 ratio=0.995 (thr 0.30) moment=0 quantity=0 resid=0 health=1 age=0.09 solve_ok=1 reanch=0 m_p=+0.2579 slow=0/5
[INFO] [1789418799.454257270] [mhe_node]: [s-collapse] |s|=0.02252 ref=0.02142 peak=0.02810 ovr=0 ratio=1.052 (thr 0.30) moment=0 quantity=0 resid=0 health=1 age=0.09 solve_ok=1 reanch=0 m_p=+0.2685 slow=0/5
[INFO] [1789418800.179276693] [mhe_node]: MHE mass estimate: 2.324 kg (T_phys=22.89N) | solve=13.2ms (max24.3)
[INFO] [1789418800.179843177] [mhe_node]: [truth] m_hat=2.3238 m_true=2.0643 err=+12.57% | c_hat=[+0.0000,+0.0000] c_true=[+0.0000,+0.0000] | Jxx_hat=0.01420 Jxx_true=0.01420 Jyz_hat=+0.00000 Jyz_true=+0.00000 | s_hat=[-0.0063,-0.0212] s_true=[+0.0000,+0.0000] kg·m
[INFO] [1789418800.180376864] [mhe_node]: [tau_phys] roll=-0.238 pitch=-0.114 Nm
[INFO] [1789418800.180966527] [mhe_node]: [mass-diag] m_est=2.3238 T=22.894N tilt=10.29deg cos=0.98391 | T/g=2.3338 T*cos/g=2.2962 | m_est-T*cos/g=+0.0276kg (+1.20%) vz=-0.153
[INFO] [1789418800.181560128] [mhe_node]: [c_xy_est] cx=-0.0020 cy=-0.0093 m
[INFO] [1789418800.454236534] [mhe_node]: [s-collapse] |s|=0.02127 ref=0.02142 peak=0.02810 ovr=0 ratio=0.993 (thr 0.30) moment=0 quantity=0 resid=0 health=1 age=0.09 solve_ok=1 reanch=0 m_p=+0.2586 slow=0/5
[INFO] [1789418801.454205521] [mhe_node]: [s-collapse] |s|=0.01911 ref=0.02142 peak=0.02810 ovr=0 ratio=0.892 (thr 0.30) moment=0 quantity=0 resid=0 health=1 age=0.08 solve_ok=1 reanch=0 m_p=+0.2529 slow=0/5
[INFO] [1789418802.054293151] [mhe_node]: [c_xy-clamp] 越界剔除 0/600 (0.0%) 上限 0.0390 kg·m clamp=1
[INFO] [1789418802.170735551] [mhe_node]: MHE mass estimate: 2.308 kg (T_phys=22.97N) | solve=14.4ms (max20.1)
[INFO] [1789418802.171303321] [mhe_node]: [truth] m_hat=2.3080 m_true=2.0643 err=+11.81% | c_hat=[+0.0000,+0.0000] c_true=[+0.0000,+0.0000] | Jxx_hat=0.01420 Jxx_true=0.01420 Jyz_hat=+0.00000 Jyz_true=+0.00000 | s_hat=[-0.0059,-0.0165] s_true=[+0.0000,+0.0000] kg·m
[INFO] [1789418802.171829784] [mhe_node]: [tau_phys] roll=-0.168 pitch=+1.408 Nm
[INFO] [1789418802.172420781] [mhe_node]: [mass-diag] m_est=2.3080 T=22.972N tilt=4.63deg cos=0.99674 | T/g=2.3417 T*cos/g=2.3341 | m_est-T*cos/g=-0.0261kg (-1.12%) vz=-0.233
[INFO] [1789418802.173002227] [mhe_node]: [c_xy_est] cx=-0.0025 cy=-0.0072 m
[INFO] [1789418802.454259864] [mhe_node]: [s-collapse] |s|=0.01749 ref=0.02142 peak=0.02810 ovr=0 ratio=0.817 (thr 0.30) moment=0 quantity=0 resid=0 health=1 age=0.09 solve_ok=1 reanch=0 m_p=+0.2392 slow=0/5
[INFO] [1789418803.454249733] [mhe_node]: [s-collapse] |s|=0.01955 ref=0.02142 peak=0.02810 ovr=0 ratio=0.913 (thr 0.30) moment=0 quantity=0 resid=0 health=1 age=0.08 solve_ok=1 reanch=0 m_p=+0.2492 slow=0/5
[INFO] [1789418804.169965192] [mhe_node]: MHE mass estimate: 2.327 kg (T_phys=23.08N) | solve=12.4ms (max19.4)
[INFO] [1789418804.170557558] [mhe_node]: [truth] m_hat=2.3265 m_true=2.0643 err=+12.70% | c_hat=[+0.0000,+0.0000] c_true=[+0.0000,+0.0000] | Jxx_hat=0.01420 Jxx_true=0.01420 Jyz_hat=+0.00000 Jyz_true=+0.00000 | s_hat=[-0.0150,-0.0154] s_true=[+0.0000,+0.0000] kg·m
[INFO] [1789418804.171077094] [mhe_node]: [tau_phys] roll=-0.136 pitch=-0.599 Nm
[INFO] [1789418804.171670445] [mhe_node]: [mass-diag] m_est=2.3265 T=23.080N tilt=5.32deg cos=0.99570 | T/g=2.3527 T*cos/g=2.3425 | m_est-T*cos/g=-0.0160kg (-0.68%) vz=-0.210
[INFO] [1789418804.172261872] [mhe_node]: [c_xy_est] cx=-0.0070 cy=-0.0066 m
[INFO] [1789418804.454198121] [mhe_node]: [s-collapse] |s|=0.02229 ref=0.02142 peak=0.02810 ovr=0 ratio=1.041 (thr 0.30) moment=0 quantity=0 resid=0 health=1 age=0.09 solve_ok=1 reanch=0 m_p=+0.2644 slow=0/5
[INFO] [1789418805.454208424] [mhe_node]: [s-collapse] |s|=0.02165 ref=0.02142 peak=0.02810 ovr=0 ratio=1.011 (thr 0.30) moment=0 quantity=0 resid=0 health=1 age=0.09 solve_ok=1 reanch=0 m_p=+0.2693 slow=0/5
[INFO] [1789418806.173001998] [mhe_node]: MHE mass estimate: 2.334 kg (T_phys=23.22N) | solve=12.3ms (max17.9)
[INFO] [1789418806.173619086] [mhe_node]: [truth] m_hat=2.3340 m_true=2.0643 err=+13.06% | c_hat=[+0.0000,+0.0000] c_true=[+0.0000,+0.0000] | Jxx_hat=0.01420 Jxx_true=0.01420 Jyz_hat=+0.00000 Jyz_true=+0.00000 | s_hat=[-0.0177,-0.0109] s_true=[+0.0000,+0.0000] kg·m
[INFO] [1789418806.174146279] [mhe_node]: [tau_phys] roll=-0.115 pitch=+0.651 Nm
[INFO] [1789418806.174742457] [mhe_node]: [mass-diag] m_est=2.3340 T=23.222N tilt=9.44deg cos=0.98645 | T/g=2.3671 T*cos/g=2.3351 | m_est-T*cos/g=-0.0011kg (-0.05%) vz=-0.107
[INFO] [1789418806.175328449] [mhe_node]: [c_xy_est] cx=-0.0077 cy=-0.0048 m
[INFO] [1789418806.454301909] [mhe_node]: [s-collapse] |s|=0.01885 ref=0.02142 peak=0.02810 ovr=0 ratio=0.880 (thr 0.30) moment=0 quantity=0 resid=0 health=1 age=0.09 solve_ok=1 reanch=0 m_p=+0.2655 slow=0/5
[INFO] [1789418807.454206271] [mhe_node]: [s-collapse] |s|=0.01377 ref=0.02142 peak=0.02810 ovr=0 ratio=0.643 (thr 0.30) moment=0 quantity=0 resid=0 health=1 age=0.09 solve_ok=1 reanch=0 m_p=+0.2597 slow=0/5
[INFO] [1789418808.166642484] [mhe_node]: MHE mass estimate: 2.318 kg (T_phys=22.68N) | solve=11.2ms (max20.0)
[INFO] [1789418808.167207237] [mhe_node]: [truth] m_hat=2.3183 m_true=2.0643 err=+12.31% | c_hat=[+0.0000,+0.0000] c_true=[+0.0000,+0.0000] | Jxx_hat=0.01420 Jxx_true=0.01420 Jyz_hat=+0.00000 Jyz_true=+0.00000 | s_hat=[-0.0042,-0.0141] s_true=[+0.0000,+0.0000] kg·m
[INFO] [1789418808.167726475] [mhe_node]: [tau_phys] roll=-0.183 pitch=+0.642 Nm
[INFO] [1789418808.168318528] [mhe_node]: [mass-diag] m_est=2.3183 T=22.684N tilt=5.16deg cos=0.99594 | T/g=2.3123 T*cos/g=2.3029 | m_est-T*cos/g=+0.0154kg (+0.67%) vz=+0.006
[INFO] [1789418808.168910457] [mhe_node]: [c_xy_est] cx=-0.0022 cy=-0.0061 m
[INFO] [1789418808.454191644] [mhe_node]: [s-collapse] |s|=0.01580 ref=0.02142 peak=0.02810 ovr=0 ratio=0.738 (thr 0.30) moment=0 quantity=0 resid=0 health=1 age=0.09 solve_ok=1 reanch=0 m_p=+0.2494 slow=0/5
[INFO] [1789418809.454222099] [mhe_node]: [s-collapse] |s|=0.01839 ref=0.02142 peak=0.02810 ovr=0 ratio=0.859 (thr 0.30) moment=0 quantity=0 resid=0 health=1 age=0.09 solve_ok=1 reanch=0 m_p=+0.2431 slow=0/5
[INFO] [1789418810.169790859] [mhe_node]: MHE mass estimate: 2.317 kg (T_phys=23.53N) | solve=13.6ms (max22.0)
[INFO] [1789418810.170361154] [mhe_node]: [truth] m_hat=2.3169 m_true=2.0643 err=+12.24% | c_hat=[+0.0000,+0.0000] c_true=[+0.0000,+0.0000] | Jxx_hat=0.01420 Jxx_true=0.01420 Jyz_hat=+0.00000 Jyz_true=+0.00000 | s_hat=[-0.0134,-0.0126] s_true=[+0.0000,+0.0000] kg·m
[INFO] [1789418810.170886999] [mhe_node]: [tau_phys] roll=+0.054 pitch=-0.968 Nm
[INFO] [1789418810.171475502] [mhe_node]: [mass-diag] m_est=2.3169 T=23.528N tilt=8.69deg cos=0.98851 | T/g=2.3983 T*cos/g=2.3708 | m_est-T*cos/g=-0.0539kg (-2.27%) vz=+0.126
[INFO] [1789418810.172057469] [mhe_node]: [c_xy_est] cx=-0.0060 cy=-0.0054 m
[INFO] [1789418810.454194200] [mhe_node]: [s-collapse] |s|=0.01801 ref=0.02142 peak=0.02810 ovr=0 ratio=0.841 (thr 0.30) moment=0 quantity=0 resid=0 health=1 age=0.08 solve_ok=1 reanch=0 m_p=+0.2552 slow=0/5
[INFO] [1789418811.454200460] [mhe_node]: [s-collapse] |s|=0.01489 ref=0.02142 peak=0.02810 ovr=0 ratio=0.695 (thr 0.30) moment=0 quantity=0 resid=0 health=1 age=0.09 solve_ok=1 reanch=0 m_p=+0.2614 slow=0/5
[INFO] [1789418812.166405182] [mhe_node]: MHE mass estimate: 2.313 kg (T_phys=22.58N) | solve=12.2ms (max17.7)
[INFO] [1789418812.167106904] [mhe_node]: [truth] m_hat=2.3126 m_true=2.0643 err=+12.03% | c_hat=[+0.0000,+0.0000] c_true=[+0.0000,+0.0000] | Jxx_hat=0.01420 Jxx_true=0.01420 Jyz_hat=+0.00000 Jyz_true=+0.00000 | s_hat=[-0.0068,-0.0120] s_true=[+0.0000,+0.0000] kg·m
[INFO] [1789418812.167662569] [mhe_node]: [tau_phys] roll=-0.141 pitch=-0.037 Nm
[INFO] [1789418812.168260769] [mhe_node]: [mass-diag] m_est=2.3126 T=22.578N tilt=8.24deg cos=0.98967 | T/g=2.3016 T*cos/g=2.2778 | m_est-T*cos/g=+0.0348kg (+1.53%) vz=+0.236
[INFO] [1789418812.168845751] [mhe_node]: [c_xy_est] cx=-0.0023 cy=-0.0052 m
[INFO] [1789418812.454195464] [mhe_node]: [s-collapse] |s|=0.01336 ref=0.02142 peak=0.02810 ovr=0 ratio=0.624 (thr 0.30) moment=0 quantity=0 resid=0 health=1 age=0.09 solve_ok=1 reanch=0 m_p=+0.2466 slow=0/5
[INFO] [1789418813.454268143] [mhe_node]: [s-collapse] |s|=0.01652 ref=0.02142 peak=0.02810 ovr=0 ratio=0.771 (thr 0.30) moment=0 quantity=0 resid=0 health=1 age=0.08 solve_ok=1 reanch=0 m_p=+0.2419 slow=0/5
[INFO] [1789418814.165525257] [mhe_node]: MHE mass estimate: 2.315 kg (T_phys=22.88N) | solve=12.1ms (max16.8)
[INFO] [1789418814.166089699] [mhe_node]: [truth] m_hat=2.3148 m_true=2.0643 err=+12.13% | c_hat=[+0.0000,+0.0000] c_true=[+0.0000,+0.0000] | Jxx_hat=0.01420 Jxx_true=0.01420 Jyz_hat=+0.00000 Jyz_true=+0.00000 | s_hat=[-0.0096,-0.0162] s_true=[+0.0000,+0.0000] kg·m
[INFO] [1789418814.166610532] [mhe_node]: [tau_phys] roll=-0.149 pitch=+0.781 Nm
[INFO] [1789418814.167205300] [mhe_node]: [mass-diag] m_est=2.3148 T=22.877N tilt=1.03deg cos=0.99984 | T/g=2.3320 T*cos/g=2.3316 | m_est-T*cos/g=-0.0168kg (-0.72%) vz=+0.213
[INFO] [1789418814.167785850] [mhe_node]: [c_xy_est] cx=-0.0039 cy=-0.0069 m
[INFO] [1789418814.454199882] [mhe_node]: [s-collapse] |s|=0.01959 ref=0.02142 peak=0.02810 ovr=0 ratio=0.915 (thr 0.30) moment=0 quantity=0 resid=0 health=1 age=0.08 solve_ok=1 reanch=0 m_p=+0.2506 slow=0/5
[INFO] [1789418815.454192705] [mhe_node]: [s-collapse] |s|=0.02254 ref=0.02142 peak=0.02810 ovr=0 ratio=1.052 (thr 0.30) moment=0 quantity=0 resid=0 health=1 age=0.09 solve_ok=1 reanch=0 m_p=+0.2618 slow=0/5
[INFO] [1789418816.166561258] [mhe_node]: MHE mass estimate: 2.330 kg (T_phys=22.96N) | solve=10.2ms (max18.3)
[INFO] [1789418816.167128855] [mhe_node]: [truth] m_hat=2.3298 m_true=2.0643 err=+12.86% | c_hat=[+0.0000,+0.0000] c_true=[+0.0000,+0.0000] | Jxx_hat=0.01420 Jxx_true=0.01420 Jyz_hat=+0.00000 Jyz_true=+0.00000 | s_hat=[-0.0107,-0.0208] s_true=[+0.0000,+0.0000] kg·m
[INFO] [1789418816.167654830] [mhe_node]: [tau_phys] roll=-0.239 pitch=-0.269 Nm
[INFO] [1789418816.168247860] [mhe_node]: [mass-diag] m_est=2.3298 T=22.956N tilt=8.50deg cos=0.98900 | T/g=2.3401 T*cos/g=2.3143 | m_est-T*cos/g=+0.0155kg (+0.67%) vz=+0.192
[INFO] [1789418816.168830516] [mhe_node]: [c_xy_est] cx=-0.0051 cy=-0.0088 m
[INFO] [1789418816.454210676] [mhe_node]: [s-collapse] |s|=0.02383 ref=0.02142 peak=0.02810 ovr=0 ratio=1.113 (thr 0.30) moment=0 quantity=0 resid=0 health=1 age=0.08 solve_ok=1 reanch=0 m_p=+0.2651 slow=0/5
[INFO] [1789418817.454261974] [mhe_node]: [s-collapse] |s|=0.02305 ref=0.02142 peak=0.02810 ovr=0 ratio=1.076 (thr 0.30) moment=0 quantity=0 resid=0 health=1 age=0.09 solve_ok=1 reanch=0 m_p=+0.2572 slow=0/5
[INFO] [1789418818.166618991] [mhe_node]: MHE mass estimate: 2.315 kg (T_phys=23.22N) | solve=11.9ms (max17.9)
[INFO] [1789418818.167190945] [mhe_node]: [truth] m_hat=2.3150 m_true=2.0643 err=+12.15% | c_hat=[+0.0000,+0.0000] c_true=[+0.0000,+0.0000] | Jxx_hat=0.01420 Jxx_true=0.01420 Jyz_hat=+0.00000 Jyz_true=+0.00000 | s_hat=[-0.0075,-0.0200] s_true=[+0.0000,+0.0000] kg·m
[INFO] [1789418818.167720121] [mhe_node]: [tau_phys] roll=-0.187 pitch=-1.255 Nm
[INFO] [1789418818.168328626] [mhe_node]: [mass-diag] m_est=2.3150 T=23.224N tilt=8.97deg cos=0.98777 | T/g=2.3674 T*cos/g=2.3384 | m_est-T*cos/g=-0.0234kg (-1.00%) vz=+0.070
[INFO] [1789418818.168915696] [mhe_node]: [c_xy_est] cx=-0.0030 cy=-0.0089 m
[INFO] [1789418818.454281237] [mhe_node]: [s-collapse] |s|=0.02069 ref=0.02142 peak=0.02810 ovr=0 ratio=0.966 (thr 0.30) moment=0 quantity=0 resid=0 health=1 age=0.09 solve_ok=1 reanch=0 m_p=+0.2522 slow=0/5
[INFO] [1789418819.454214357] [mhe_node]: [s-collapse] |s|=0.01927 ref=0.02142 peak=0.02810 ovr=0 ratio=0.900 (thr 0.30) moment=0 quantity=0 resid=0 health=1 age=0.09 solve_ok=1 reanch=0 m_p=+0.2496 slow=0/5
[INFO] [1789418820.171692571] [mhe_node]: MHE mass estimate: 2.322 kg (T_phys=22.73N) | solve=13.1ms (max19.0)
[INFO] [1789418820.172268616] [mhe_node]: [truth] m_hat=2.3218 m_true=2.0643 err=+12.47% | c_hat=[+0.0000,+0.0000] c_true=[+0.0000,+0.0000] | Jxx_hat=0.01420 Jxx_true=0.01420 Jyz_hat=+0.00000 Jyz_true=+0.00000 | s_hat=[-0.0094,-0.0178] s_true=[+0.0000,+0.0000] kg·m
[INFO] [1789418820.172806197] [mhe_node]: [tau_phys] roll=-0.218 pitch=+0.660 Nm
[INFO] [1789418820.173410289] [mhe_node]: [mass-diag] m_est=2.3218 T=22.730N tilt=5.64deg cos=0.99516 | T/g=2.3170 T*cos/g=2.3058 | m_est-T*cos/g=+0.0160kg (+0.69%) vz=-0.055
[INFO] [1789418820.173995561] [mhe_node]: [c_xy_est] cx=-0.0035 cy=-0.0076 m
[INFO] [1789418820.454230982] [mhe_node]: [s-collapse] |s|=0.01950 ref=0.02142 peak=0.02810 ovr=0 ratio=0.911 (thr 0.30) moment=0 quantity=0 resid=0 health=1 age=0.08 solve_ok=1 reanch=0 m_p=+0.2582 slow=0/5
[INFO] [1789418821.454303137] [mhe_node]: [s-collapse] |s|=0.02156 ref=0.02142 peak=0.02810 ovr=0 ratio=1.006 (thr 0.30) moment=0 quantity=0 resid=0 health=1 age=0.08 solve_ok=1 reanch=0 m_p=+0.2583 slow=0/5
[INFO] [1789418822.168263267] [mhe_node]: MHE mass estimate: 2.320 kg (T_phys=23.33N) | solve=12.8ms (max17.6)
[INFO] [1789418822.168828631] [mhe_node]: [truth] m_hat=2.3201 m_true=2.0643 err=+12.39% | c_hat=[+0.0000,+0.0000] c_true=[+0.0000,+0.0000] | Jxx_hat=0.01420 Jxx_true=0.01420 Jyz_hat=+0.00000 Jyz_true=+0.00000 | s_hat=[-0.0061,-0.0203] s_true=[+0.0000,+0.0000] kg·m
[INFO] [1789418822.169351163] [mhe_node]: [tau_phys] roll=-0.229 pitch=+1.330 Nm
[INFO] [1789418822.169936313] [mhe_node]: [mass-diag] m_est=2.3201 T=23.325N tilt=9.95deg cos=0.98495 | T/g=2.3777 T*cos/g=2.3419 | m_est-T*cos/g=-0.0218kg (-0.93%) vz=-0.144
[INFO] [1789418822.170520200] [mhe_node]: [c_xy_est] cx=-0.0030 cy=-0.0087 m
[INFO] [1789418822.454200480] [mhe_node]: [s-collapse] |s|=0.02134 ref=0.02142 peak=0.02810 ovr=0 ratio=0.996 (thr 0.30) moment=0 quantity=0 resid=0 health=1 age=0.09 solve_ok=1 reanch=0 m_p=+0.2550 slow=0/5
[INFO] [1789418823.454232965] [mhe_node]: [s-collapse] |s|=0.02019 ref=0.02142 peak=0.02810 ovr=0 ratio=0.943 (thr 0.30) moment=0 quantity=0 resid=0 health=1 age=0.09 solve_ok=1 reanch=0 m_p=+0.2546 slow=0/5
[INFO] [1789418824.173256255] [mhe_node]: MHE mass estimate: 2.312 kg (T_phys=22.54N) | solve=13.4ms (max19.9)
[INFO] [1789418824.173821250] [mhe_node]: [truth] m_hat=2.3115 m_true=2.0643 err=+11.98% | c_hat=[+0.0000,+0.0000] c_true=[+0.0000,+0.0000] | Jxx_hat=0.01420 Jxx_true=0.01420 Jyz_hat=+0.00000 Jyz_true=+0.00000 | s_hat=[-0.0043,-0.0176] s_true=[+0.0000,+0.0000] kg·m
[INFO] [1789418824.174352983] [mhe_node]: [tau_phys] roll=-0.218 pitch=-0.688 Nm
[INFO] [1789418824.174942545] [mhe_node]: [mass-diag] m_est=2.3115 T=22.540N tilt=6.87deg cos=0.99282 | T/g=2.2976 T*cos/g=2.2812 | m_est-T*cos/g=+0.0304kg (+1.33%) vz=-0.226
[INFO] [1789418824.175530489] [mhe_node]: [c_xy_est] cx=-0.0027 cy=-0.0076 m
[INFO] [1789418824.454321121] [mhe_node]: [s-collapse] |s|=0.01816 ref=0.02142 peak=0.02810 ovr=0 ratio=0.848 (thr 0.30) moment=0 quantity=0 resid=0 health=1 age=0.09 solve_ok=1 reanch=0 m_p=+0.2441 slow=0/5
[INFO] [1789418825.454242244] [mhe_node]: [s-collapse] |s|=0.01856 ref=0.02142 peak=0.02810 ovr=0 ratio=0.866 (thr 0.30) moment=0 quantity=0 resid=0 health=1 age=0.09 solve_ok=1 reanch=0 m_p=+0.2522 slow=0/5
[INFO] [1789418826.160876981] [mhe_node]: MHE mass estimate: 2.320 kg (T_phys=22.81N) | solve=12.2ms (max17.9)
[INFO] [1789418826.161302747] [mhe_node]: [truth] m_hat=2.3195 m_true=2.0643 err=+12.36% | c_hat=[+0.0000,+0.0000] c_true=[+0.0000,+0.0000] | Jxx_hat=0.01420 Jxx_true=0.01420 Jyz_hat=+0.00000 Jyz_true=+0.00000 | s_hat=[-0.0127,-0.0156] s_true=[+0.0000,+0.0000] kg·m
[INFO] [1789418826.161667913] [mhe_node]: [tau_phys] roll=-0.116 pitch=-0.108 Nm
[INFO] [1789418826.162083328] [mhe_node]: [mass-diag] m_est=2.3195 T=22.813N tilt=5.13deg cos=0.99599 | T/g=2.3255 T*cos/g=2.3162 | m_est-T*cos/g=+0.0034kg (+0.15%) vz=-0.216
[INFO] [1789418826.162493589] [mhe_node]: [c_xy_est] cx=-0.0050 cy=-0.0068 m
[INFO] [1789418826.454189747] [mhe_node]: [s-collapse] |s|=0.01972 ref=0.02142 peak=0.02810 ovr=0 ratio=0.921 (thr 0.30) moment=0 quantity=0 resid=0 health=1 age=0.09 solve_ok=1 reanch=0 m_p=+0.2578 slow=0/5
[INFO] [1789418827.454187278] [mhe_node]: [s-collapse] |s|=0.02008 ref=0.02142 peak=0.02810 ovr=0 ratio=0.938 (thr 0.30) moment=0 quantity=0 resid=0 health=1 age=0.09 solve_ok=1 reanch=0 m_p=+0.2674 slow=0/5
[INFO] [1789418828.166454726] [mhe_node]: MHE mass estimate: 2.326 kg (T_phys=23.35N) | solve=11.5ms (max19.9)
[INFO] [1789418828.167017693] [mhe_node]: [truth] m_hat=2.3259 m_true=2.0643 err=+12.67% | c_hat=[+0.0000,+0.0000] c_true=[+0.0000,+0.0000] | Jxx_hat=0.01420 Jxx_true=0.01420 Jyz_hat=+0.00000 Jyz_true=+0.00000 | s_hat=[-0.0140,-0.0117] s_true=[+0.0000,+0.0000] kg·m
[INFO] [1789418828.167589630] [mhe_node]: [tau_phys] roll=-0.216 pitch=+1.056 Nm
[INFO] [1789418828.168248325] [mhe_node]: [mass-diag] m_est=2.3259 T=23.348N tilt=9.14deg cos=0.98732 | T/g=2.3801 T*cos/g=2.3499 | m_est-T*cos/g=-0.0240kg (-1.02%) vz=-0.097
[INFO] [1789418828.168883636] [mhe_node]: [c_xy_est] cx=-0.0059 cy=-0.0051 m
[INFO] [1789418828.454251723] [mhe_node]: [s-collapse] |s|=0.01780 ref=0.02142 peak=0.02810 ovr=0 ratio=0.831 (thr 0.30) moment=0 quantity=0 resid=0 health=1 age=0.09 solve_ok=1 reanch=0 m_p=+0.2599 slow=0/5
[INFO] [1789418829.454267777] [mhe_node]: [s-collapse] |s|=0.01503 ref=0.02142 peak=0.02810 ovr=0 ratio=0.702 (thr 0.30) moment=0 quantity=0 resid=0 health=1 age=0.09 solve_ok=1 reanch=0 m_p=+0.2549 slow=0/5
[INFO] [1789418830.162120217] [mhe_node]: MHE mass estimate: 2.320 kg (T_phys=23.20N) | solve=10.4ms (max18.9)
[INFO] [1789418830.162803475] [mhe_node]: [truth] m_hat=2.3202 m_true=2.0643 err=+12.40% | c_hat=[+0.0000,+0.0000] c_true=[+0.0000,+0.0000] | Jxx_hat=0.01420 Jxx_true=0.01420 Jyz_hat=+0.00000 Jyz_true=+0.00000 | s_hat=[-0.0053,-0.0143] s_true=[+0.0000,+0.0000] kg·m
[INFO] [1789418830.163325426] [mhe_node]: [tau_phys] roll=-0.178 pitch=+0.839 Nm
[INFO] [1789418830.163907224] [mhe_node]: [mass-diag] m_est=2.3202 T=23.205N tilt=5.15deg cos=0.99597 | T/g=2.3654 T*cos/g=2.3559 | m_est-T*cos/g=-0.0356kg (-1.51%) vz=-0.018
[INFO] [1789418830.164487833] [mhe_node]: [c_xy_est] cx=-0.0028 cy=-0.0060 m
[INFO] [1789418830.454201573] [mhe_node]: [s-collapse] |s|=0.01653 ref=0.02142 peak=0.02810 ovr=0 ratio=0.772 (thr 0.30) moment=0 quantity=0 resid=0 health=1 age=0.09 solve_ok=1 reanch=0 m_p=+0.2561 slow=0/5
[INFO] [1789418831.454211210] [mhe_node]: [s-collapse] |s|=0.00209 ref=0.02142 peak=0.02810 ovr=0 ratio=0.097 (thr 0.30) moment=1 quantity=1 resid=0 health=1 age=0.06 solve_ok=1 reanch=0 m_p=-0.1032 slow=2/5
[INFO] [1789418832.054254573] [mhe_node]: [c_xy-clamp] 越界剔除 0/900 (0.0%) 上限 0.0390 kg·m clamp=1
[INFO] [1789418832.182329910] [mhe_node]: MHE mass estimate: 1.961 kg (T_phys=20.29N) | solve=21.3ms (max41.8)
[INFO] [1789418832.182869198] [mhe_node]: [truth] m_hat=1.9611 m_true=2.0643 err=-5.00% | c_hat=[+0.0000,+0.0000] c_true=[+0.0000,+0.0000] | Jxx_hat=0.01420 Jxx_true=0.01420 Jyz_hat=+0.00000 Jyz_true=+0.00000 | s_hat=[+0.0056,+0.0096] s_true=[+0.0000,+0.0000] kg·m
[INFO] [1789418832.183390726] [mhe_node]: [tau_phys] roll=+0.222 pitch=-0.072 Nm
[INFO] [1789418832.183975560] [mhe_node]: [mass-diag] m_est=1.9611 T=20.292N tilt=12.89deg cos=0.97478 | T/g=2.0685 T*cos/g=2.0163 | m_est-T*cos/g=-0.0552kg (-2.74%) vz=-0.083
[INFO] [1789418832.184557942] [mhe_node]: [c_xy_est] cx=+0.0027 cy=+0.0045 m
[INFO] [1789418832.454228158] [mhe_node]: [s-collapse] |s|=0.01027 ref=0.02142 peak=0.02810 ovr=0 ratio=0.479 (thr 0.30) moment=0 quantity=1 resid=0 health=1 age=0.07 solve_ok=1 reanch=0 m_p=-0.1032 slow=0/5
[INFO] [1789418833.454173783] [mhe_node]: [s-collapse] |s|=0.00652 ref=0.02142 peak=0.02810 ovr=0 ratio=0.305 (thr 0.30) moment=0 quantity=1 resid=0 health=1 age=0.08 solve_ok=1 reanch=0 m_p=-0.1032 slow=0/5
[INFO] [1789418834.179252425] [mhe_node]: MHE mass estimate: 1.991 kg (T_phys=20.28N) | solve=26.1ms (max39.9)
[INFO] [1789418834.179790581] [mhe_node]: [truth] m_hat=1.9914 m_true=2.0643 err=-3.53% | c_hat=[+0.0000,+0.0000] c_true=[+0.0000,+0.0000] | Jxx_hat=0.01420 Jxx_true=0.01420 Jyz_hat=+0.00000 Jyz_true=+0.00000 | s_hat=[+0.0004,+0.0016] s_true=[+0.0000,+0.0000] kg·m
[INFO] [1789418834.180317793] [mhe_node]: [tau_phys] roll=+0.014 pitch=-0.035 Nm
[INFO] [1789418834.180910171] [mhe_node]: [mass-diag] m_est=1.9914 T=20.285N tilt=9.77deg cos=0.98550 | T/g=2.0677 T*cos/g=2.0378 | m_est-T*cos/g=-0.0463kg (-2.27%) vz=+0.216
[INFO] [1789418834.181509261] [mhe_node]: [c_xy_est] cx=-0.0004 cy=+0.0006 m
[INFO] [1789418834.454184661] [mhe_node]: [s-collapse] |s|=0.00282 ref=0.02142 peak=0.02810 ovr=0 ratio=0.132 (thr 0.30) moment=1 quantity=1 resid=0 health=1 age=0.09 solve_ok=1 reanch=0 m_p=-0.0418 slow=9/5
[INFO] [1789418834.454553275] [mhe_node]: [cmd-armed] suppressed eventless release (slow: quantity empty + moment collapsed (ratio=0.132) x9帧)
[INFO] [1789418835.454170943] [mhe_node]: [s-collapse] |s|=0.00231 ref=0.02142 peak=0.02810 ovr=0 ratio=0.108 (thr 0.30) moment=1 quantity=1 resid=0 health=1 age=0.09 solve_ok=1 reanch=0 m_p=-0.0246 slow=19/5
[INFO] [1789418835.454534180] [mhe_node]: [cmd-armed] suppressed eventless release (slow: quantity empty + moment collapsed (ratio=0.108) x19帧)
[INFO] [1789418836.166093287] [mhe_node]: MHE mass estimate: 2.041 kg (T_phys=20.14N) | solve=9.7ms (max20.3)
[INFO] [1789418836.166639523] [mhe_node]: [truth] m_hat=2.0410 m_true=2.0643 err=-1.13% | c_hat=[+0.0000,+0.0000] c_true=[+0.0000,+0.0000] | Jxx_hat=0.01420 Jxx_true=0.01420 Jyz_hat=+0.00000 Jyz_true=+0.00000 | s_hat=[-0.0003,+0.0011] s_true=[+0.0000,+0.0000] kg·m
[INFO] [1789418836.167162522] [mhe_node]: [tau_phys] roll=+0.006 pitch=-0.011 Nm
[INFO] [1789418836.167757327] [mhe_node]: [mass-diag] m_est=2.0410 T=20.142N tilt=2.39deg cos=0.99913 | T/g=2.0532 T*cos/g=2.0514 | m_est-T*cos/g=-0.0104kg (-0.51%) vz=+0.247
[INFO] [1789418836.168350318] [mhe_node]: [c_xy_est] cx=-0.0000 cy=+0.0006 m
[INFO] [1789418836.454228258] [mhe_node]: [s-collapse] |s|=0.00122 ref=0.02142 peak=0.02810 ovr=0 ratio=0.057 (thr 0.30) moment=1 quantity=1 resid=0 health=1 age=0.09 solve_ok=1 reanch=0 m_p=-0.0210 slow=29/5
[INFO] [1789418836.454591893] [mhe_node]: [cmd-armed] suppressed eventless release (slow: quantity empty + moment collapsed (ratio=0.057) x29帧)
[INFO] [1789418837.454172557] [mhe_node]: [s-collapse] |s|=0.00131 ref=0.02142 peak=0.02810 ovr=0 ratio=0.061 (thr 0.30) moment=1 quantity=1 resid=0 health=1 age=0.09 solve_ok=1 reanch=0 m_p=-0.0160 slow=39/5
[INFO] [1789418837.454534324] [mhe_node]: [cmd-armed] suppressed eventless release (slow: quantity empty + moment collapsed (ratio=0.061) x39帧)
[INFO] [1789418838.160790731] [mhe_node]: MHE mass estimate: 2.051 kg (T_phys=20.29N) | solve=6.5ms (max10.1)
[INFO] [1789418838.161338171] [mhe_node]: [truth] m_hat=2.0514 m_true=2.0643 err=-0.62% | c_hat=[+0.0000,+0.0000] c_true=[+0.0000,+0.0000] | Jxx_hat=0.01420 Jxx_true=0.01420 Jyz_hat=+0.00000 Jyz_true=+0.00000 | s_hat=[-0.0014,+0.0000] s_true=[+0.0000,+0.0000] kg·m
[INFO] [1789418838.161857037] [mhe_node]: [tau_phys] roll=-0.004 pitch=+0.016 Nm
[INFO] [1789418838.162443903] [mhe_node]: [mass-diag] m_est=2.0514 T=20.291N tilt=7.96deg cos=0.99036 | T/g=2.0684 T*cos/g=2.0485 | m_est-T*cos/g=+0.0029kg (+0.14%) vz=+0.185
[INFO] [1789418838.163020696] [mhe_node]: [c_xy_est] cx=-0.0006 cy=+0.0001 m
[INFO] [1789418838.454147419] [mhe_node]: [s-collapse] |s|=0.00145 ref=0.02142 peak=0.02810 ovr=0 ratio=0.067 (thr 0.30) moment=1 quantity=1 resid=0 health=1 age=0.09 solve_ok=1 reanch=0 m_p=-0.0127 slow=49/5
[INFO] [1789418838.454413452] [mhe_node]: [cmd-armed] suppressed eventless release (slow: quantity empty + moment collapsed (ratio=0.067) x49帧)
[INFO] [1789418839.454164450] [mhe_node]: [s-collapse] |s|=0.00139 ref=0.02142 peak=0.02810 ovr=0 ratio=0.065 (thr 0.30) moment=1 quantity=1 resid=0 health=1 age=0.09 solve_ok=1 reanch=0 m_p=-0.0118 slow=59/5
[INFO] [1789418839.454423917] [mhe_node]: [cmd-armed] suppressed eventless release (slow: quantity empty + moment collapsed (ratio=0.065) x59帧)
[INFO] [1789418840.162884902] [mhe_node]: MHE mass estimate: 2.049 kg (T_phys=20.09N) | solve=10.0ms (max23.5)
[INFO] [1789418840.163425068] [mhe_node]: [truth] m_hat=2.0494 m_true=2.0643 err=-0.72% | c_hat=[+0.0000,+0.0000] c_true=[+0.0000,+0.0000] | Jxx_hat=0.01420 Jxx_true=0.01420 Jyz_hat=+0.00000 Jyz_true=+0.00000 | s_hat=[+0.0001,-0.0012] s_true=[+0.0000,+0.0000] kg·m
[INFO] [1789418840.163942779] [mhe_node]: [tau_phys] roll=-0.003 pitch=-0.013 Nm
[INFO] [1789418840.164526395] [mhe_node]: [mass-diag] m_est=2.0494 T=20.090N tilt=8.84deg cos=0.98811 | T/g=2.0479 T*cos/g=2.0236 | m_est-T*cos/g=+0.0258kg (+1.28%) vz=+0.091
[INFO] [1789418840.165107808] [mhe_node]: [c_xy_est] cx=-0.0000 cy=-0.0006 m
[INFO] [1789418840.454184872] [mhe_node]: [s-collapse] |s|=0.00120 ref=0.02142 peak=0.02810 ovr=0 ratio=0.056 (thr 0.30) moment=1 quantity=1 resid=0 health=1 age=0.09 solve_ok=1 reanch=0 m_p=-0.0159 slow=69/5
[INFO] [1789418840.454551339] [mhe_node]: [cmd-armed] suppressed eventless release (slow: quantity empty + moment collapsed (ratio=0.056) x69帧)
[INFO] [1789418841.454184274] [mhe_node]: [s-collapse] |s|=0.00053 ref=0.02142 peak=0.02810 ovr=0 ratio=0.025 (thr 0.30) moment=1 quantity=1 resid=0 health=1 age=0.09 solve_ok=1 reanch=0 m_p=-0.0139 slow=79/5
[INFO] [1789418841.454546595] [mhe_node]: [cmd-armed] suppressed eventless release (slow: quantity empty + moment collapsed (ratio=0.025) x79帧)
[INFO] [1789418842.166056202] [mhe_node]: MHE mass estimate: 2.051 kg (T_phys=20.17N) | solve=8.0ms (max12.2)
[INFO] [1789418842.166602398] [mhe_node]: [truth] m_hat=2.0512 m_true=2.0643 err=-0.64% | c_hat=[+0.0000,+0.0000] c_true=[+0.0000,+0.0000] | Jxx_hat=0.01420 Jxx_true=0.01420 Jyz_hat=+0.00000 Jyz_true=+0.00000 | s_hat=[-0.0000,+0.0001] s_true=[+0.0000,+0.0000] kg·m
[INFO] [1789418842.167126628] [mhe_node]: [tau_phys] roll=+0.000 pitch=+0.003 Nm
[INFO] [1789418842.167713352] [mhe_node]: [mass-diag] m_est=2.0512 T=20.168N tilt=5.02deg cos=0.99617 | T/g=2.0559 T*cos/g=2.0480 | m_est-T*cos/g=+0.0032kg (+0.15%) vz=-0.044
[INFO] [1789418842.168300698] [mhe_node]: [c_xy_est] cx=+0.0000 cy=+0.0000 m
[INFO] [1789418842.454259024] [mhe_node]: [s-collapse] |s|=0.00017 ref=0.02142 peak=0.02810 ovr=0 ratio=0.008 (thr 0.30) moment=1 quantity=1 resid=0 health=1 age=0.09 solve_ok=1 reanch=0 m_p=-0.0119 slow=89/5
[INFO] [1789418842.454633339] [mhe_node]: [cmd-armed] suppressed eventless release (slow: quantity empty + moment collapsed (ratio=0.008) x89帧)
[INFO] [1789418843.454230070] [mhe_node]: [s-collapse] |s|=0.00082 ref=0.02142 peak=0.02810 ovr=0 ratio=0.038 (thr 0.30) moment=1 quantity=1 resid=0 health=1 age=0.09 solve_ok=1 reanch=0 m_p=-0.0071 slow=99/5
[INFO] [1789418843.454612286] [mhe_node]: [cmd-armed] suppressed eventless release (slow: quantity empty + moment collapsed (ratio=0.038) x99帧)
[INFO] [1789418844.167297404] [mhe_node]: MHE mass estimate: 2.057 kg (T_phys=20.38N) | solve=8.2ms (max17.9)
[INFO] [1789418844.167841441] [mhe_node]: [truth] m_hat=2.0574 m_true=2.0643 err=-0.33% | c_hat=[+0.0000,+0.0000] c_true=[+0.0000,+0.0000] | Jxx_hat=0.01420 Jxx_true=0.01420 Jyz_hat=+0.00000 Jyz_true=+0.00000 | s_hat=[-0.0008,-0.0009] s_true=[+0.0000,+0.0000] kg·m
[INFO] [1789418844.168370779] [mhe_node]: [tau_phys] roll=-0.009 pitch=+0.005 Nm
[INFO] [1789418844.168963947] [mhe_node]: [mass-diag] m_est=2.0574 T=20.376N tilt=10.01deg cos=0.98477 | T/g=2.0771 T*cos/g=2.0454 | m_est-T*cos/g=+0.0120kg (+0.59%) vz=-0.136
[INFO] [1789418844.169546908] [mhe_node]: [c_xy_est] cx=-0.0004 cy=-0.0004 m
[INFO] [1789418844.454177588] [mhe_node]: [s-collapse] |s|=0.00123 ref=0.02142 peak=0.02810 ovr=0 ratio=0.057 (thr 0.30) moment=1 quantity=1 resid=0 health=1 age=0.09 solve_ok=1 reanch=0 m_p=-0.0073 slow=109/5
[INFO] [1789418844.454540616] [mhe_node]: [cmd-armed] suppressed eventless release (slow: quantity empty + moment collapsed (ratio=0.057) x109帧)
[INFO] [1789418845.454175199] [mhe_node]: [s-collapse] |s|=0.00114 ref=0.02142 peak=0.02810 ovr=0 ratio=0.053 (thr 0.30) moment=1 quantity=1 resid=0 health=1 age=0.09 solve_ok=1 reanch=0 m_p=-0.0124 slow=119/5
[INFO] [1789418845.454535118] [mhe_node]: [cmd-armed] suppressed eventless release (slow: quantity empty + moment collapsed (ratio=0.053) x119帧)
[INFO] [1789418846.161847595] [mhe_node]: MHE mass estimate: 2.048 kg (T_phys=20.12N) | solve=9.5ms (max19.3)
[INFO] [1789418846.162397815] [mhe_node]: [truth] m_hat=2.0481 m_true=2.0643 err=-0.78% | c_hat=[+0.0000,+0.0000] c_true=[+0.0000,+0.0000] | Jxx_hat=0.01420 Jxx_true=0.01420 Jyz_hat=+0.00000 Jyz_true=+0.00000 | s_hat=[+0.0017,-0.0001] s_true=[+0.0000,+0.0000] kg·m
[INFO] [1789418846.162917430] [mhe_node]: [tau_phys] roll=+0.005 pitch=+0.002 Nm
[INFO] [1789418846.163503873] [mhe_node]: [mass-diag] m_est=2.0481 T=20.116N tilt=6.55deg cos=0.99347 | T/g=2.0506 T*cos/g=2.0372 | m_est-T*cos/g=+0.0109kg (+0.54%) vz=-0.208
[INFO] [1789418846.164084136] [mhe_node]: [c_xy_est] cx=+0.0008 cy=-0.0001 m
[INFO] [1789418846.454184810] [mhe_node]: [s-collapse] |s|=0.00171 ref=0.02142 peak=0.02810 ovr=0 ratio=0.080 (thr 0.30) moment=1 quantity=1 resid=0 health=1 age=0.09 solve_ok=1 reanch=0 m_p=-0.0168 slow=129/5
[INFO] [1789418846.454552324] [mhe_node]: [cmd-armed] suppressed eventless release (slow: quantity empty + moment collapsed (ratio=0.080) x129帧)
[INFO] [1789418847.454237239] [mhe_node]: [s-collapse] |s|=0.00126 ref=0.02142 peak=0.02810 ovr=0 ratio=0.059 (thr 0.30) moment=1 quantity=1 resid=0 health=1 age=0.09 solve_ok=1 reanch=0 m_p=-0.0171 slow=139/5
[INFO] [1789418847.454603729] [mhe_node]: [cmd-armed] suppressed eventless release (slow: quantity empty + moment collapsed (ratio=0.059) x139帧)
[INFO] [1789418848.160600789] [mhe_node]: MHE mass estimate: 2.049 kg (T_phys=20.40N) | solve=7.0ms (max12.2)
[INFO] [1789418848.161286132] [mhe_node]: [truth] m_hat=2.0488 m_true=2.0643 err=-0.75% | c_hat=[+0.0000,+0.0000] c_true=[+0.0000,+0.0000] | Jxx_hat=0.01420 Jxx_true=0.01420 Jyz_hat=+0.00000 Jyz_true=+0.00000 | s_hat=[-0.0001,+0.0012] s_true=[+0.0000,+0.0000] kg·m
[INFO] [1789418848.161814029] [mhe_node]: [tau_phys] roll=+0.018 pitch=+0.013 Nm
[INFO] [1789418848.162402947] [mhe_node]: [mass-diag] m_est=2.0488 T=20.401N tilt=3.78deg cos=0.99783 | T/g=2.0796 T*cos/g=2.0751 | m_est-T*cos/g=-0.0263kg (-1.27%) vz=-0.226
[INFO] [1789418848.162980504] [mhe_node]: [c_xy_est] cx=+0.0000 cy=+0.0005 m
[INFO] [1789418848.454224305] [mhe_node]: [s-collapse] |s|=0.00132 ref=0.02142 peak=0.02810 ovr=0 ratio=0.061 (thr 0.30) moment=1 quantity=1 resid=0 health=1 age=0.09 solve_ok=1 reanch=0 m_p=-0.0137 slow=149/5
[INFO] [1789418848.454588341] [mhe_node]: [cmd-armed] suppressed eventless release (slow: quantity empty + moment collapsed (ratio=0.061) x149帧)
[INFO] [1789418849.454173729] [mhe_node]: [s-collapse] |s|=0.00223 ref=0.02142 peak=0.02810 ovr=0 ratio=0.104 (thr 0.30) moment=1 quantity=1 resid=0 health=1 age=0.09 solve_ok=1 reanch=0 m_p=-0.0058 slow=159/5
[INFO] [1789418849.454541597] [mhe_node]: [cmd-armed] suppressed eventless release (slow: quantity empty + moment collapsed (ratio=0.104) x159帧)
[INFO] [1789418850.165268397] [mhe_node]: MHE mass estimate: 2.057 kg (T_phys=20.61N) | solve=6.4ms (max10.8)
[INFO] [1789418850.165655975] [mhe_node]: [truth] m_hat=2.0575 m_true=2.0643 err=-0.33% | c_hat=[+0.0000,+0.0000] c_true=[+0.0000,+0.0000] | Jxx_hat=0.01420 Jxx_true=0.01420 Jyz_hat=+0.00000 Jyz_true=+0.00000 | s_hat=[-0.0013,+0.0019] s_true=[+0.0000,+0.0000] kg·m
[INFO] [1789418850.166017777] [mhe_node]: [tau_phys] roll=+0.022 pitch=-0.005 Nm
[INFO] [1789418850.166433123] [mhe_node]: [mass-diag] m_est=2.0575 T=20.606N tilt=9.49deg cos=0.98631 | T/g=2.1005 T*cos/g=2.0718 | m_est-T*cos/g=-0.0143kg (-0.69%) vz=-0.138
[INFO] [1789418850.166835839] [mhe_node]: [c_xy_est] cx=-0.0007 cy=+0.0009 m
[INFO] [1789418850.454200041] [mhe_node]: [s-collapse] |s|=0.00230 ref=0.02142 peak=0.02810 ovr=0 ratio=0.107 (thr 0.30) moment=1 quantity=1 resid=0 health=1 age=0.09 solve_ok=1 reanch=0 m_p=-0.0068 slow=169/5
[INFO] [1789418850.454577668] [mhe_node]: [cmd-armed] suppressed eventless release (slow: quantity empty + moment collapsed (ratio=0.107) x169帧)
[INFO] [1789418851.454075778] [mhe_node]: [s-collapse] |s|=0.00201 ref=0.02142 peak=0.02810 ovr=0 ratio=0.094 (thr 0.30) moment=1 quantity=1 resid=0 health=1 age=0.09 solve_ok=1 reanch=0 m_p=-0.0134 slow=179/5
[INFO] [1789418851.454344164] [mhe_node]: [cmd-armed] suppressed eventless release (slow: quantity empty + moment collapsed (ratio=0.094) x179帧)
[INFO] [1789418852.165096664] [mhe_node]: MHE mass estimate: 2.047 kg (T_phys=20.33N) | solve=9.4ms (max14.9)
[INFO] [1789418852.165638554] [mhe_node]: [truth] m_hat=2.0472 m_true=2.0643 err=-0.83% | c_hat=[+0.0000,+0.0000] c_true=[+0.0000,+0.0000] | Jxx_hat=0.01420 Jxx_true=0.01420 Jyz_hat=+0.00000 Jyz_true=+0.00000 | s_hat=[+0.0018,+0.0017] s_true=[+0.0000,+0.0000] kg·m
[INFO] [1789418852.166160674] [mhe_node]: [tau_phys] roll=+0.014 pitch=-0.011 Nm
[INFO] [1789418852.166745464] [mhe_node]: [mass-diag] m_est=2.0472 T=20.335N tilt=6.16deg cos=0.99423 | T/g=2.0729 T*cos/g=2.0609 | m_est-T*cos/g=-0.0137kg (-0.66%) vz=-0.041
[INFO] [1789418852.167332353] [mhe_node]: [c_xy_est] cx=+0.0009 cy=+0.0009 m
[INFO] [1789418852.454316701] [mhe_node]: [s-collapse] |s|=0.00235 ref=0.02142 peak=0.02810 ovr=0 ratio=0.110 (thr 0.30) moment=1 quantity=1 resid=0 health=1 age=0.09 solve_ok=1 reanch=0 m_p=-0.0176 slow=189/5
[INFO] [1789418852.454676976] [mhe_node]: [cmd-armed] suppressed eventless release (slow: quantity empty + moment collapsed (ratio=0.110) x189帧)
[INFO] [1789418853.454228407] [mhe_node]: [s-collapse] |s|=0.00138 ref=0.02142 peak=0.02810 ovr=0 ratio=0.065 (thr 0.30) moment=1 quantity=1 resid=0 health=1 age=0.10 solve_ok=1 reanch=0 m_p=-0.0127 slow=199/5
[INFO] [1789418853.454492912] [mhe_node]: [cmd-armed] suppressed eventless release (slow: quantity empty + moment collapsed (ratio=0.065) x199帧)
[INFO] [1789418854.162982601] [mhe_node]: MHE mass estimate: 2.053 kg (T_phys=20.55N) | solve=6.2ms (max11.4)
[INFO] [1789418854.163547573] [mhe_node]: [truth] m_hat=2.0532 m_true=2.0643 err=-0.54% | c_hat=[+0.0000,+0.0000] c_true=[+0.0000,+0.0000] | Jxx_hat=0.01420 Jxx_true=0.01420 Jyz_hat=+0.00000 Jyz_true=+0.00000 | s_hat=[-0.0006,+0.0015] s_true=[+0.0000,+0.0000] kg·m
[INFO] [1789418854.164070469] [mhe_node]: [tau_phys] roll=+0.019 pitch=+0.014 Nm
[INFO] [1789418854.164661460] [mhe_node]: [mass-diag] m_est=2.0532 T=20.548N tilt=7.29deg cos=0.99192 | T/g=2.0946 T*cos/g=2.0777 | m_est-T*cos/g=-0.0245kg (-1.18%) vz=+0.098
[INFO] [1789418854.165244165] [mhe_node]: [c_xy_est] cx=-0.0002 cy=+0.0007 m
[INFO] [1789418854.454244728] [mhe_node]: [s-collapse] |s|=0.00173 ref=0.02142 peak=0.02810 ovr=0 ratio=0.081 (thr 0.30) moment=1 quantity=1 resid=0 health=1 age=0.09 solve_ok=1 reanch=0 m_p=-0.0109 slow=209/5
[INFO] [1789418854.454640145] [mhe_node]: [cmd-armed] suppressed eventless release (slow: quantity empty + moment collapsed (ratio=0.081) x209帧)
[INFO] [1789418855.454227277] [mhe_node]: [s-collapse] |s|=0.00223 ref=0.02142 peak=0.02810 ovr=0 ratio=0.104 (thr 0.30) moment=1 quantity=1 resid=0 health=1 age=0.09 solve_ok=1 reanch=0 m_p=-0.0132 slow=219/5
[INFO] [1789418855.454592498] [mhe_node]: [cmd-armed] suppressed eventless release (slow: quantity empty + moment collapsed (ratio=0.104) x219帧)
[INFO] [1789418856.161604754] [mhe_node]: MHE mass estimate: 2.052 kg (T_phys=20.37N) | solve=7.8ms (max15.7)
[INFO] [1789418856.162145764] [mhe_node]: [truth] m_hat=2.0516 m_true=2.0643 err=-0.62% | c_hat=[+0.0000,+0.0000] c_true=[+0.0000,+0.0000] | Jxx_hat=0.01420 Jxx_true=0.01420 Jyz_hat=+0.00000 Jyz_true=+0.00000 | s_hat=[+0.0006,+0.0023] s_true=[+0.0000,+0.0000] kg·m
[INFO] [1789418856.162661183] [mhe_node]: [tau_phys] roll=+0.017 pitch=-0.019 Nm
[INFO] [1789418856.163245044] [mhe_node]: [mass-diag] m_est=2.0516 T=20.366N tilt=10.03deg cos=0.98473 | T/g=2.0761 T*cos/g=2.0444 | m_est-T*cos/g=+0.0072kg (+0.35%) vz=+0.233
[INFO] [1789418856.163823635] [mhe_node]: [c_xy_est] cx=+0.0002 cy=+0.0011 m
[INFO] [1789418856.454232743] [mhe_node]: [s-collapse] |s|=0.00238 ref=0.02142 peak=0.02810 ovr=0 ratio=0.111 (thr 0.30) moment=1 quantity=1 resid=0 health=1 age=0.09 solve_ok=1 reanch=0 m_p=-0.0132 slow=229/5
[INFO] [1789418856.454598804] [mhe_node]: [cmd-armed] suppressed eventless release (slow: quantity empty + moment collapsed (ratio=0.111) x229帧)
[INFO] [1789418857.454188157] [mhe_node]: [s-collapse] |s|=0.00163 ref=0.02142 peak=0.02810 ovr=0 ratio=0.076 (thr 0.30) moment=1 quantity=1 resid=0 health=1 age=0.09 solve_ok=1 reanch=0 m_p=-0.0249 slow=239/5
[INFO] [1789418857.454551121] [mhe_node]: [cmd-armed] suppressed eventless release (slow: quantity empty + moment collapsed (ratio=0.076) x239帧)
[INFO] [1789418858.160892256] [mhe_node]: MHE mass estimate: 2.041 kg (T_phys=20.01N) | solve=7.0ms (max10.1)
[INFO] [1789418858.161434699] [mhe_node]: [truth] m_hat=2.0410 m_true=2.0643 err=-1.13% | c_hat=[+0.0000,+0.0000] c_true=[+0.0000,+0.0000] | Jxx_hat=0.01420 Jxx_true=0.01420 Jyz_hat=+0.00000 Jyz_true=+0.00000 | s_hat=[+0.0005,+0.0010] s_true=[+0.0000,+0.0000] kg·m
[INFO] [1789418858.161956313] [mhe_node]: [tau_phys] roll=+0.008 pitch=-0.016 Nm
[INFO] [1789418858.162543246] [mhe_node]: [mass-diag] m_est=2.0410 T=20.010N tilt=3.25deg cos=0.99839 | T/g=2.0398 T*cos/g=2.0365 | m_est-T*cos/g=+0.0045kg (+0.22%) vz=+0.216
[INFO] [1789418858.163140430] [mhe_node]: [c_xy_est] cx=+0.0002 cy=+0.0005 m
[INFO] [1789418858.454185035] [mhe_node]: [s-collapse] |s|=0.00121 ref=0.02142 peak=0.02810 ovr=0 ratio=0.057 (thr 0.30) moment=1 quantity=1 resid=0 health=1 age=0.09 solve_ok=1 reanch=0 m_p=-0.0240 slow=249/5
[INFO] [1789418858.454550415] [mhe_node]: [cmd-armed] suppressed eventless release (slow: quantity empty + moment collapsed (ratio=0.057) x249帧)
[INFO] [1789418859.454232280] [mhe_node]: [s-collapse] |s|=0.00063 ref=0.02142 peak=0.02810 ovr=0 ratio=0.029 (thr 0.30) moment=1 quantity=1 resid=0 health=1 age=0.09 solve_ok=1 reanch=0 m_p=-0.0230 slow=259/5
[INFO] [1789418859.454601918] [mhe_node]: [cmd-armed] suppressed eventless release (slow: quantity empty + moment collapsed (ratio=0.029) x259帧)
[INFO] [1789418860.167386083] [mhe_node]: MHE mass estimate: 2.053 kg (T_phys=20.45N) | solve=8.1ms (max17.0)
[INFO] [1789418860.167927931] [mhe_node]: [truth] m_hat=2.0531 m_true=2.0643 err=-0.54% | c_hat=[+0.0000,+0.0000] c_true=[+0.0000,+0.0000] | Jxx_hat=0.01420 Jxx_true=0.01420 Jyz_hat=+0.00000 Jyz_true=+0.00000 | s_hat=[-0.0016,+0.0001] s_true=[+0.0000,+0.0000] kg·m
[INFO] [1789418860.168456127] [mhe_node]: [tau_phys] roll=-0.006 pitch=+0.015 Nm
[INFO] [1789418860.169047751] [mhe_node]: [mass-diag] m_est=2.0531 T=20.446N tilt=7.44deg cos=0.99158 | T/g=2.0842 T*cos/g=2.0666 | m_est-T*cos/g=-0.0136kg (-0.66%) vz=+0.198
[INFO] [1789418860.169646187] [mhe_node]: [c_xy_est] cx=-0.0007 cy=+0.0001 m
[INFO] [1789418860.454230802] [mhe_node]: [s-collapse] |s|=0.00164 ref=0.02142 peak=0.02810 ovr=0 ratio=0.076 (thr 0.30) moment=1 quantity=1 resid=0 health=1 age=0.09 solve_ok=1 reanch=0 m_p=-0.0100 slow=269/5
[INFO] [1789418860.454593062] [mhe_node]: [cmd-armed] suppressed eventless release (slow: quantity empty + moment collapsed (ratio=0.076) x269帧)
[INFO] [1789418861.454231892] [mhe_node]: [s-collapse] |s|=0.00132 ref=0.02142 peak=0.02810 ovr=0 ratio=0.062 (thr 0.30) moment=1 quantity=1 resid=0 health=1 age=0.08 solve_ok=1 reanch=0 m_p=-0.0111 slow=279/5
[INFO] [1789418861.454595909] [mhe_node]: [cmd-armed] suppressed eventless release (slow: quantity empty + moment collapsed (ratio=0.062) x279帧)
[INFO] [1789418862.054261794] [mhe_node]: [c_xy-clamp] 越界剔除 0/1200 (0.0%) 上限 0.0390 kg·m clamp=1
[INFO] [1789418862.161706312] [mhe_node]: MHE mass estimate: 2.052 kg (T_phys=20.23N) | solve=10.6ms (max20.2)
[INFO] [1789418862.162246504] [mhe_node]: [truth] m_hat=2.0519 m_true=2.0643 err=-0.60% | c_hat=[+0.0000,+0.0000] c_true=[+0.0000,+0.0000] | Jxx_hat=0.01420 Jxx_true=0.01420 Jyz_hat=+0.00000 Jyz_true=+0.00000 | s_hat=[-0.0005,-0.0013] s_true=[+0.0000,+0.0000] kg·m
[INFO] [1789418862.162758072] [mhe_node]: [tau_phys] roll=-0.007 pitch=-0.018 Nm
[INFO] [1789418862.163342708] [mhe_node]: [mass-diag] m_est=2.0519 T=20.228N tilt=9.30deg cos=0.98686 | T/g=2.0620 T*cos/g=2.0349 | m_est-T*cos/g=+0.0170kg (+0.84%) vz=+0.124
[INFO] [1789418862.163928543] [mhe_node]: [c_xy_est] cx=-0.0003 cy=-0.0006 m
[INFO] [1789418862.454181257] [mhe_node]: [s-collapse] |s|=0.00124 ref=0.02142 peak=0.02810 ovr=0 ratio=0.058 (thr 0.30) moment=1 quantity=1 resid=0 health=1 age=0.10 solve_ok=1 reanch=0 m_p=-0.0122 slow=289/5
[INFO] [1789418862.454548459] [mhe_node]: [cmd-armed] suppressed eventless release (slow: quantity empty + moment collapsed (ratio=0.058) x289帧)
[INFO] [1789418863.454181708] [mhe_node]: [s-collapse] |s|=0.00045 ref=0.02142 peak=0.02810 ovr=0 ratio=0.021 (thr 0.30) moment=1 quantity=1 resid=0 health=1 age=0.09 solve_ok=1 reanch=0 m_p=-0.0153 slow=299/5
[INFO] [1789418863.454550176] [mhe_node]: [cmd-armed] suppressed eventless release (slow: quantity empty + moment collapsed (ratio=0.021) x299帧)
[INFO] [1789418864.160686401] [mhe_node]: MHE mass estimate: 2.052 kg (T_phys=20.09N) | solve=7.7ms (max12.3)
[INFO] [1789418864.161238354] [mhe_node]: [truth] m_hat=2.0524 m_true=2.0643 err=-0.58% | c_hat=[+0.0000,+0.0000] c_true=[+0.0000,+0.0000] | Jxx_hat=0.01420 Jxx_true=0.01420 Jyz_hat=+0.00000 Jyz_true=+0.00000 | s_hat=[-0.0001,-0.0000] s_true=[+0.0000,+0.0000] kg·m
[INFO] [1789418864.161761117] [mhe_node]: [tau_phys] roll=+0.002 pitch=+0.009 Nm
[INFO] [1789418864.162356081] [mhe_node]: [mass-diag] m_est=2.0524 T=20.092N tilt=4.66deg cos=0.99669 | T/g=2.0481 T*cos/g=2.0413 | m_est-T*cos/g=+0.0111kg (+0.54%) vz=-0.029
[INFO] [1789418864.162939759] [mhe_node]: [c_xy_est] cx=-0.0000 cy=-0.0000 m
[INFO] [1789418864.454185590] [mhe_node]: [s-collapse] |s|=0.00026 ref=0.02142 peak=0.02810 ovr=0 ratio=0.012 (thr 0.30) moment=1 quantity=1 resid=0 health=1 age=0.09 solve_ok=1 reanch=0 m_p=-0.0113 slow=309/5
[INFO] [1789418864.454552797] [mhe_node]: [cmd-armed] suppressed eventless release (slow: quantity empty + moment collapsed (ratio=0.012) x309帧)
[INFO] [1789418865.454177685] [mhe_node]: [s-collapse] |s|=0.00080 ref=0.02142 peak=0.02810 ovr=0 ratio=0.037 (thr 0.30) moment=1 quantity=1 resid=0 health=1 age=0.09 solve_ok=1 reanch=0 m_p=-0.0086 slow=319/5
[INFO] [1789418865.454541382] [mhe_node]: [cmd-armed] suppressed eventless release (slow: quantity empty + moment collapsed (ratio=0.037) x319帧)
[INFO] [1789418866.162609478] [mhe_node]: MHE mass estimate: 2.056 kg (T_phys=20.38N) | solve=7.6ms (max12.5)
[INFO] [1789418866.163285645] [mhe_node]: [truth] m_hat=2.0558 m_true=2.0643 err=-0.41% | c_hat=[+0.0000,+0.0000] c_true=[+0.0000,+0.0000] | Jxx_hat=0.01420 Jxx_true=0.01420 Jyz_hat=+0.00000 Jyz_true=+0.00000 | s_hat=[-0.0009,-0.0007] s_true=[+0.0000,+0.0000] kg·m
[INFO] [1789418866.163823579] [mhe_node]: [tau_phys] roll=-0.012 pitch=+0.001 Nm
[INFO] [1789418866.164412670] [mhe_node]: [mass-diag] m_est=2.0558 T=20.381N tilt=9.80deg cos=0.98542 | T/g=2.0776 T*cos/g=2.0473 | m_est-T*cos/g=+0.0085kg (+0.42%) vz=-0.149
[INFO] [1789418866.164993536] [mhe_node]: [c_xy_est] cx=-0.0005 cy=-0.0003 m
[INFO] [1789418866.454235438] [mhe_node]: [s-collapse] |s|=0.00110 ref=0.02142 peak=0.02810 ovr=0 ratio=0.051 (thr 0.30) moment=1 quantity=1 resid=0 health=1 age=0.08 solve_ok=1 reanch=0 m_p=-0.0090 slow=329/5
[INFO] [1789418866.454599995] [mhe_node]: [cmd-armed] suppressed eventless release (slow: quantity empty + moment collapsed (ratio=0.051) x329帧)
[INFO] [1789418867.454217329] [mhe_node]: [s-collapse] |s|=0.00132 ref=0.02142 peak=0.02810 ovr=0 ratio=0.062 (thr 0.30) moment=1 quantity=1 resid=0 health=1 age=0.09 solve_ok=1 reanch=0 m_p=-0.0115 slow=339/5
[INFO] [1789418867.454584211] [mhe_node]: [cmd-armed] suppressed eventless release (slow: quantity empty + moment collapsed (ratio=0.062) x339帧)
[INFO] [1789418868.162159748] [mhe_node]: MHE mass estimate: 2.047 kg (T_phys=20.17N) | solve=8.5ms (max16.1)
[INFO] [1789418868.162557370] [mhe_node]: [truth] m_hat=2.0468 m_true=2.0643 err=-0.85% | c_hat=[+0.0000,+0.0000] c_true=[+0.0000,+0.0000] | Jxx_hat=0.01420 Jxx_true=0.01420 Jyz_hat=+0.00000 Jyz_true=+0.00000 | s_hat=[+0.0011,-0.0003] s_true=[+0.0000,+0.0000] kg·m
[INFO] [1789418868.162922173] [mhe_node]: [tau_phys] roll=+0.002 pitch=-0.019 Nm
[INFO] [1789418868.163340000] [mhe_node]: [mass-diag] m_est=2.0468 T=20.167N tilt=7.65deg cos=0.99111 | T/g=2.0558 T*cos/g=2.0375 | m_est-T*cos/g=+0.0093kg (+0.45%) vz=-0.220
[INFO] [1789418868.163744853] [mhe_node]: [c_xy_est] cx=+0.0005 cy=-0.0002 m
[INFO] [1789418868.454201989] [mhe_node]: [s-collapse] |s|=0.00106 ref=0.02142 peak=0.02810 ovr=0 ratio=0.050 (thr 0.30) moment=1 quantity=1 resid=0 health=1 age=0.09 solve_ok=1 reanch=0 m_p=-0.0183 slow=349/5
[INFO] [1789418868.454570508] [mhe_node]: [cmd-armed] suppressed eventless release (slow: quantity empty + moment collapsed (ratio=0.050) x349帧)
[INFO] [1789418869.454178065] [mhe_node]: [s-collapse] |s|=0.00073 ref=0.02142 peak=0.02810 ovr=0 ratio=0.034 (thr 0.30) moment=1 quantity=1 resid=0 health=1 age=0.09 solve_ok=1 reanch=0 m_p=-0.0167 slow=359/5
[INFO] [1789418869.454546589] [mhe_node]: [cmd-armed] suppressed eventless release (slow: quantity empty + moment collapsed (ratio=0.034) x359帧)
[INFO] [1789418870.160624621] [mhe_node]: MHE mass estimate: 2.047 kg (T_phys=20.26N) | solve=7.0ms (max12.3)
[INFO] [1789418870.161162010] [mhe_node]: [truth] m_hat=2.0473 m_true=2.0643 err=-0.82% | c_hat=[+0.0000,+0.0000] c_true=[+0.0000,+0.0000] | Jxx_hat=0.01420 Jxx_true=0.01420 Jyz_hat=+0.00000 Jyz_true=+0.00000 | s_hat=[-0.0001,+0.0010] s_true=[+0.0000,+0.0000] kg·m
[INFO] [1789418870.161679515] [mhe_node]: [tau_phys] roll=+0.016 pitch=+0.015 Nm
[INFO] [1789418870.162261960] [mhe_node]: [mass-diag] m_est=2.0473 T=20.264N tilt=2.80deg cos=0.99881 | T/g=2.0656 T*cos/g=2.0632 | m_est-T*cos/g=-0.0158kg (-0.77%) vz=-0.237
[INFO] [1789418870.162839899] [mhe_node]: [c_xy_est] cx=-0.0000 cy=+0.0005 m
[INFO] [1789418870.454204102] [mhe_node]: [s-collapse] |s|=0.00117 ref=0.02142 peak=0.02810 ovr=0 ratio=0.054 (thr 0.30) moment=1 quantity=1 resid=0 health=1 age=0.09 solve_ok=1 reanch=0 m_p=-0.0160 slow=369/5
[INFO] [1789418870.454577428] [mhe_node]: [cmd-armed] suppressed eventless release (slow: quantity empty + moment collapsed (ratio=0.054) x369帧)
[INFO] [1789418871.454168511] [mhe_node]: [s-collapse] |s|=0.00231 ref=0.02142 peak=0.02810 ovr=0 ratio=0.108 (thr 0.30) moment=1 quantity=1 resid=0 health=1 age=0.09 solve_ok=1 reanch=0 m_p=-0.0075 slow=379/5
[INFO] [1789418871.454531479] [mhe_node]: [cmd-armed] suppressed eventless release (slow: quantity empty + moment collapsed (ratio=0.108) x379帧)
[INFO] [1789418872.162324255] [mhe_node]: MHE mass estimate: 2.060 kg (T_phys=20.57N) | solve=6.9ms (max9.5)
[INFO] [1789418872.162871897] [mhe_node]: [truth] m_hat=2.0596 m_true=2.0643 err=-0.23% | c_hat=[+0.0000,+0.0000] c_true=[+0.0000,+0.0000] | Jxx_hat=0.01420 Jxx_true=0.01420 Jyz_hat=+0.00000 Jyz_true=+0.00000 | s_hat=[-0.0013,+0.0019] s_true=[+0.0000,+0.0000] kg·m
[INFO] [1789418872.163462464] [mhe_node]: [tau_phys] roll=+0.028 pitch=-0.004 Nm
[INFO] [1789418872.164057179] [mhe_node]: [mass-diag] m_est=2.0596 T=20.574N tilt=9.73deg cos=0.98562 | T/g=2.0973 T*cos/g=2.0671 | m_est-T*cos/g=-0.0075kg (-0.36%) vz=-0.145
[INFO] [1789418872.164639389] [mhe_node]: [c_xy_est] cx=-0.0007 cy=+0.0009 m
[INFO] [1789418872.454212696] [mhe_node]: [s-collapse] |s|=0.00226 ref=0.02142 peak=0.02810 ovr=0 ratio=0.106 (thr 0.30) moment=1 quantity=1 resid=0 health=1 age=0.10 solve_ok=1 reanch=0 m_p=-0.0055 slow=389/5
[INFO] [1789418872.454582017] [mhe_node]: [cmd-armed] suppressed eventless release (slow: quantity empty + moment collapsed (ratio=0.106) x389帧)
[INFO] [1789418873.454223969] [mhe_node]: [s-collapse] |s|=0.00213 ref=0.02142 peak=0.02810 ovr=0 ratio=0.099 (thr 0.30) moment=1 quantity=1 resid=0 health=1 age=0.08 solve_ok=1 reanch=0 m_p=-0.0097 slow=399/5
[INFO] [1789418873.454588562] [mhe_node]: [cmd-armed] suppressed eventless release (slow: quantity empty + moment collapsed (ratio=0.099) x399帧)
[INFO] [1789418874.159935490] [mhe_node]: MHE mass estimate: 2.052 kg (T_phys=20.29N) | solve=8.4ms (max19.2)
[INFO] [1789418874.160329304] [mhe_node]: [truth] m_hat=2.0519 m_true=2.0643 err=-0.60% | c_hat=[+0.0000,+0.0000] c_true=[+0.0000,+0.0000] | Jxx_hat=0.01420 Jxx_true=0.01420 Jyz_hat=+0.00000 Jyz_true=+0.00000 | s_hat=[+0.0004,+0.0017] s_true=[+0.0000,+0.0000] kg·m
[INFO] [1789418874.160693449] [mhe_node]: [tau_phys] roll=+0.008 pitch=+0.006 Nm
[INFO] [1789418874.161105886] [mhe_node]: [mass-diag] m_est=2.0519 T=20.293N tilt=6.59deg cos=0.99339 | T/g=2.0686 T*cos/g=2.0550 | m_est-T*cos/g=-0.0031kg (-0.15%) vz=-0.039
[INFO] [1789418874.161511000] [mhe_node]: [c_xy_est] cx=+0.0002 cy=+0.0009 m
[INFO] [1789418874.454173309] [mhe_node]: [s-collapse] |s|=0.00168 ref=0.02142 peak=0.02810 ovr=0 ratio=0.078 (thr 0.30) moment=1 quantity=1 resid=0 health=1 age=0.09 solve_ok=1 reanch=0 m_p=-0.0133 slow=409/5
[INFO] [1789418874.454550574] [mhe_node]: [cmd-armed] suppressed eventless release (slow: quantity empty + moment collapsed (ratio=0.078) x409帧)
[INFO] [1789418875.454220174] [mhe_node]: [s-collapse] |s|=0.00138 ref=0.02142 peak=0.02810 ovr=0 ratio=0.065 (thr 0.30) moment=1 quantity=1 resid=0 health=1 age=0.09 solve_ok=1 reanch=0 m_p=-0.0150 slow=419/5
[INFO] [1789418875.454589581] [mhe_node]: [cmd-armed] suppressed eventless release (slow: quantity empty + moment collapsed (ratio=0.065) x419帧)
[INFO] [1789418876.160635042] [mhe_node]: MHE mass estimate: 2.051 kg (T_phys=20.51N) | solve=7.0ms (max11.4)
[INFO] [1789418876.161172830] [mhe_node]: [truth] m_hat=2.0512 m_true=2.0643 err=-0.63% | c_hat=[+0.0000,+0.0000] c_true=[+0.0000,+0.0000] | Jxx_hat=0.01420 Jxx_true=0.01420 Jyz_hat=+0.00000 Jyz_true=+0.00000 | s_hat=[-0.0004,+0.0015] s_true=[+0.0000,+0.0000] kg·m
[INFO] [1789418876.161688511] [mhe_node]: [tau_phys] roll=+0.022 pitch=+0.009 Nm
[INFO] [1789418876.162273001] [mhe_node]: [mass-diag] m_est=2.0512 T=20.512N tilt=6.92deg cos=0.99272 | T/g=2.0909 T*cos/g=2.0757 | m_est-T*cos/g=-0.0245kg (-1.18%) vz=+0.065
[INFO] [1789418876.162849839] [mhe_node]: [c_xy_est] cx=-0.0002 cy=+0.0007 m
[INFO] [1789418876.454207629] [mhe_node]: [s-collapse] |s|=0.00166 ref=0.02142 peak=0.02810 ovr=0 ratio=0.077 (thr 0.30) moment=1 quantity=1 resid=0 health=1 age=0.09 solve_ok=1 reanch=0 m_p=-0.0124 slow=429/5
[INFO] [1789418876.454580808] [mhe_node]: [cmd-armed] suppressed eventless release (slow: quantity empty + moment collapsed (ratio=0.077) x429帧)
[INFO] [1789418877.454210053] [mhe_node]: [s-collapse] |s|=0.00213 ref=0.02142 peak=0.02810 ovr=0 ratio=0.099 (thr 0.30) moment=1 quantity=1 resid=0 health=1 age=0.08 solve_ok=1 reanch=0 m_p=-0.0102 slow=439/5
[INFO] [1789418877.454582230] [mhe_node]: [cmd-armed] suppressed eventless release (slow: quantity empty + moment collapsed (ratio=0.099) x439帧)
[INFO] [1789418878.162903929] [mhe_node]: MHE mass estimate: 2.051 kg (T_phys=20.46N) | solve=10.1ms (max17.1)
[INFO] [1789418878.163447918] [mhe_node]: [truth] m_hat=2.0507 m_true=2.0643 err=-0.66% | c_hat=[+0.0000,+0.0000] c_true=[+0.0000,+0.0000] | Jxx_hat=0.01420 Jxx_true=0.01420 Jyz_hat=+0.00000 Jyz_true=+0.00000 | s_hat=[+0.0005,+0.0023] s_true=[+0.0000,+0.0000] kg·m
[INFO] [1789418878.163967386] [mhe_node]: [tau_phys] roll=+0.018 pitch=-0.033 Nm
[INFO] [1789418878.164555293] [mhe_node]: [mass-diag] m_est=2.0507 T=20.462N tilt=10.22deg cos=0.98414 | T/g=2.0858 T*cos/g=2.0527 | m_est-T*cos/g=-0.0021kg (-0.10%) vz=+0.231
[INFO] [1789418878.165136103] [mhe_node]: [c_xy_est] cx=+0.0002 cy=+0.0011 m
[INFO] [1789418878.454223130] [mhe_node]: [s-collapse] |s|=0.00252 ref=0.02142 peak=0.02810 ovr=0 ratio=0.118 (thr 0.30) moment=1 quantity=1 resid=0 health=1 age=0.09 solve_ok=1 reanch=0 m_p=-0.0145 slow=449/5
[INFO] [1789418878.454587859] [mhe_node]: [cmd-armed] suppressed eventless release (slow: quantity empty + moment collapsed (ratio=0.118) x449帧)
[INFO] [1789418879.454183275] [mhe_node]: [s-collapse] |s|=0.00203 ref=0.02142 peak=0.02810 ovr=0 ratio=0.095 (thr 0.30) moment=1 quantity=1 resid=0 health=1 age=0.09 solve_ok=1 reanch=0 m_p=-0.0201 slow=459/5
[INFO] [1789418879.454547405] [mhe_node]: [cmd-armed] suppressed eventless release (slow: quantity empty + moment collapsed (ratio=0.095) x459帧)
[INFO] [1789418880.164932180] [mhe_node]: MHE mass estimate: 2.040 kg (T_phys=20.10N) | solve=8.4ms (max13.7)
[INFO] [1789418880.165477483] [mhe_node]: [truth] m_hat=2.0396 m_true=2.0643 err=-1.20% | c_hat=[+0.0000,+0.0000] c_true=[+0.0000,+0.0000] | Jxx_hat=0.01420 Jxx_true=0.01420 Jyz_hat=+0.00000 Jyz_true=+0.00000 | s_hat=[+0.0008,+0.0012] s_true=[+0.0000,+0.0000] kg·m
[INFO] [1789418880.165997751] [mhe_node]: [tau_phys] roll=+0.012 pitch=+0.017 Nm
[INFO] [1789418880.166596264] [mhe_node]: [mass-diag] m_est=2.0396 T=20.103N tilt=3.55deg cos=0.99808 | T/g=2.0492 T*cos/g=2.0453 | m_est-T*cos/g=-0.0057kg (-0.28%) vz=+0.226
[INFO] [1789418880.167189811] [mhe_node]: [c_xy_est] cx=+0.0005 cy=+0.0006 m
[INFO] [1789418880.454185454] [mhe_node]: [s-collapse] |s|=0.00128 ref=0.02142 peak=0.02810 ovr=0 ratio=0.060 (thr 0.30) moment=1 quantity=1 resid=0 health=1 age=0.09 solve_ok=1 reanch=0 m_p=-0.0264 slow=469/5
[INFO] [1789418880.454551601] [mhe_node]: [cmd-armed] suppressed eventless release (slow: quantity empty + moment collapsed (ratio=0.060) x469帧)
[INFO] [1789418881.454313804] [mhe_node]: [s-collapse] |s|=0.00116 ref=0.02142 peak=0.02810 ovr=0 ratio=0.054 (thr 0.30) moment=1 quantity=1 resid=0 health=1 age=0.09 solve_ok=1 reanch=0 m_p=-0.0158 slow=479/5
[INFO] [1789418881.454682008] [mhe_node]: [cmd-armed] suppressed eventless release (slow: quantity empty + moment collapsed (ratio=0.054) x479帧)
[INFO] [1789418882.160837979] [mhe_node]: MHE mass estimate: 2.049 kg (T_phys=20.33N) | solve=8.1ms (max16.5)
[INFO] [1789418882.161383091] [mhe_node]: [truth] m_hat=2.0492 m_true=2.0643 err=-0.73% | c_hat=[+0.0000,+0.0000] c_true=[+0.0000,+0.0000] | Jxx_hat=0.01420 Jxx_true=0.01420 Jyz_hat=+0.00000 Jyz_true=+0.00000 | s_hat=[-0.0010,+0.0002] s_true=[+0.0000,+0.0000] kg·m
[INFO] [1789418882.161903251] [mhe_node]: [tau_phys] roll=-0.001 pitch=+0.011 Nm
[INFO] [1789418882.162495002] [mhe_node]: [mass-diag] m_est=2.0492 T=20.326N tilt=6.34deg cos=0.99389 | T/g=2.0720 T*cos/g=2.0593 | m_est-T*cos/g=-0.0101kg (-0.49%) vz=+0.188
[INFO] [1789418882.163076211] [mhe_node]: [c_xy_est] cx=-0.0005 cy=+0.0001 m
[INFO] [1789418882.454177504] [mhe_node]: [s-collapse] |s|=0.00107 ref=0.02142 peak=0.02810 ovr=0 ratio=0.050 (thr 0.30) moment=1 quantity=1 resid=0 health=1 age=0.09 solve_ok=1 reanch=0 m_p=-0.0144 slow=489/5
[INFO] [1789418882.454542286] [mhe_node]: [cmd-armed] suppressed eventless release (slow: quantity empty + moment collapsed (ratio=0.050) x489帧)
[INFO] [1789418883.454312610] [mhe_node]: [s-collapse] |s|=0.00162 ref=0.02142 peak=0.02810 ovr=0 ratio=0.076 (thr 0.30) moment=1 quantity=1 resid=0 health=1 age=0.09 solve_ok=1 reanch=0 m_p=-0.0108 slow=499/5
[INFO] [1789418883.454703410] [mhe_node]: [cmd-armed] suppressed eventless release (slow: quantity empty + moment collapsed (ratio=0.076) x499帧)
[INFO] [1789418884.163008081] [mhe_node]: MHE mass estimate: 2.051 kg (T_phys=20.24N) | solve=9.4ms (max17.2)
[INFO] [1789418884.163684663] [mhe_node]: [truth] m_hat=2.0506 m_true=2.0643 err=-0.67% | c_hat=[+0.0000,+0.0000] c_true=[+0.0000,+0.0000] | Jxx_hat=0.01420 Jxx_true=0.01420 Jyz_hat=+0.00000 Jyz_true=+0.00000 | s_hat=[-0.0010,-0.0011] s_true=[+0.0000,+0.0000] kg·m
[INFO] [1789418884.164205083] [mhe_node]: [tau_phys] roll=-0.005 pitch=-0.006 Nm
[INFO] [1789418884.164788629] [mhe_node]: [mass-diag] m_est=2.0506 T=20.245N tilt=9.01deg cos=0.98767 | T/g=2.0637 T*cos/g=2.0382 | m_est-T*cos/g=+0.0123kg (+0.60%) vz=+0.122
[INFO] [1789418884.165369196] [mhe_node]: [c_xy_est] cx=-0.0005 cy=-0.0005 m
[INFO] [1789418884.454169780] [mhe_node]: [s-collapse] |s|=0.00144 ref=0.02142 peak=0.02810 ovr=0 ratio=0.067 (thr 0.30) moment=1 quantity=1 resid=0 health=1 age=0.09 solve_ok=1 reanch=0 m_p=-0.0140 slow=509/5
[INFO] [1789418884.454528900] [mhe_node]: [cmd-armed] suppressed eventless release (slow: quantity empty + moment collapsed (ratio=0.067) x509帧)
[INFO] [1789418885.454087273] [mhe_node]: [s-collapse] |s|=0.00071 ref=0.02142 peak=0.02810 ovr=0 ratio=0.033 (thr 0.30) moment=1 quantity=1 resid=0 health=1 age=0.09 solve_ok=1 reanch=0 m_p=-0.0155 slow=519/5
[INFO] [1789418885.454352531] [mhe_node]: [cmd-armed] suppressed eventless release (slow: quantity empty + moment collapsed (ratio=0.033) x519帧)
[ros2run]: Killed
