[INFO] [1785421599.921871482] [mhe_node]: MHE node starting, building/loading solver...
Code reuse possible, skipping code generation.
acados was compiled without OpenMP.
[INFO] [1785421599.928215428] [mhe_node]: weight schedule theta = [-4.80, -1.21, 0.49, -0.96, 0.99], signal mode = external
[INFO] [1785421599.932032947] [mhe_node]: MHE node initialized! Waiting for odometry + control data...
[INFO] [1785421628.332166897] [mhe_node]: [geom] payload_attached=False -> dJ=0.0000 c_xy=[+0.0000,+0.0000]
[INFO] [1785421630.234324745] [mhe_node]: MHE mass estimate: 2.062 kg (T_phys=18.71N)
[INFO] [1785421630.234729885] [mhe_node]: [tau_phys] roll=+0.001 pitch=+0.002 Nm
[INFO] [1785421630.235133148] [mhe_node]: [c_xy_est] cx=-0.0001 cy=-0.0000 m
[INFO] [1785421632.233704452] [mhe_node]: MHE mass estimate: 2.065 kg (T_phys=20.30N)
[INFO] [1785421632.234001307] [mhe_node]: [tau_phys] roll=+0.002 pitch=-0.005 Nm
[INFO] [1785421632.234274621] [mhe_node]: [c_xy_est] cx=+0.0000 cy=-0.0000 m
[INFO] [1785421633.104876565] [mhe_node]: mass event [attach (gripper)] received at frame 68: armed, waiting for T_phys confirmation (baseline=20.33N, thresh=2.9N)
[INFO] [1785421633.132131574] [mhe_node]: [geom] payload_attached=True -> dJ=0.0582 c_xy=[-0.0005,-0.0167]
[INFO] [1785421633.143665168] [mhe_node]: [post-event] m_est=1.963 kg (T_phys=20.32N)
[INFO] [1785421633.242957104] [mhe_node]: [post-event] m_est=1.970 kg (T_phys=18.94N)
[INFO] [1785421633.342783786] [mhe_node]: [post-event] m_est=1.970 kg (T_phys=18.95N)
[INFO] [1785421633.442700632] [mhe_node]: [post-event] m_est=1.968 kg (T_phys=18.94N)
[INFO] [1785421633.542889375] [mhe_node]: [post-event] m_est=1.966 kg (T_phys=18.88N)
[INFO] [1785421633.643527170] [mhe_node]: [post-event] m_est=1.961 kg (T_phys=18.83N)
[INFO] [1785421633.743579626] [mhe_node]: [post-event] m_est=1.961 kg (T_phys=18.77N)
[INFO] [1785421633.842002350] [mhe_node]: [post-event] m_est=1.961 kg (T_phys=18.75N)
[INFO] [1785421633.942931633] [mhe_node]: [post-event] m_est=1.961 kg (T_phys=18.73N)
[INFO] [1785421634.038045710] [mhe_node]: [post-event] m_est=1.961 kg (T_phys=18.70N)
[INFO] [1785421634.142011120] [mhe_node]: [post-event] m_est=1.961 kg (T_phys=18.69N)
[INFO] [1785421634.241857234] [mhe_node]: [post-event] m_est=1.961 kg (T_phys=18.67N)
[INFO] [1785421634.242278516] [mhe_node]: MHE mass estimate: 1.961 kg (T_phys=18.67N)
[INFO] [1785421634.242649427] [mhe_node]: [tau_phys] roll=-0.180 pitch=+0.234 Nm | model pred: roll=-0.000 pitch=+0.000 (m_p=0.000 r=[-0.004,-0.132])
[INFO] [1785421634.243045304] [mhe_node]: [c_xy_est] cx=-0.0058 cy=-0.0022 m | truth c=[-0.0000,-0.0000] (m_p=0.000)
[INFO] [1785421634.341322631] [mhe_node]: [post-event] m_est=1.961 kg (T_phys=18.67N)
[INFO] [1785421634.438005760] [mhe_node]: [post-event] m_est=1.961 kg (T_phys=18.68N)
[INFO] [1785421634.538541261] [mhe_node]: [post-event] m_est=1.961 kg (T_phys=18.69N)
[INFO] [1785421634.638475047] [mhe_node]: [post-event] m_est=1.961 kg (T_phys=18.69N)
[INFO] [1785421634.740301140] [mhe_node]: [post-event] m_est=1.961 kg (T_phys=18.70N)
[INFO] [1785421634.837498046] [mhe_node]: [post-event] m_est=1.961 kg (T_phys=18.75N)
[INFO] [1785421634.940355066] [mhe_node]: [post-event] m_est=1.961 kg (T_phys=18.86N)
[INFO] [1785421635.039377825] [mhe_node]: [post-event] m_est=1.961 kg (T_phys=19.10N)
[INFO] [1785421635.139327024] [mhe_node]: [post-event] m_est=1.961 kg (T_phys=19.51N)
[INFO] [1785421635.238573456] [mhe_node]: [post-event] m_est=1.961 kg (T_phys=20.11N)
[INFO] [1785421635.339494264] [mhe_node]: [post-event] m_est=1.961 kg (T_phys=20.92N)
[INFO] [1785421635.438814340] [mhe_node]: [post-event] m_est=1.961 kg (T_phys=21.96N)
[INFO] [1785421635.538835842] [mhe_node]: [post-event] m_est=1.961 kg (T_phys=23.16N)
[INFO] [1785421635.632041429] [mhe_node]: mass event confirmed by T_phys (24.44N vs baseline 20.33N) at frame 93: de-weighting pre-event stages
[INFO] [1785421635.632711522] [mhe_node]: event transition started: pre-event stages de-weighted
[INFO] [1785421635.639382598] [mhe_node]: [transition] m_est=1.961 kg (T_phys=24.44N)
[INFO] [1785421635.735685067] [mhe_node]: [transition] m_est=2.016 kg (T_phys=25.35N)
[INFO] [1785421635.835082544] [mhe_node]: [transition] m_est=2.147 kg (T_phys=26.29N)
[INFO] [1785421635.934990054] [mhe_node]: [transition] m_est=2.253 kg (T_phys=27.51N)
[INFO] [1785421636.034976877] [mhe_node]: [transition] m_est=2.303 kg (T_phys=27.35N)
[INFO] [1785421636.135349568] [mhe_node]: [transition] m_est=2.324 kg (T_phys=26.43N)
[INFO] [1785421636.235710308] [mhe_node]: [transition] m_est=2.326 kg (T_phys=24.88N)
[INFO] [1785421636.236141188] [mhe_node]: MHE mass estimate: 2.326 kg (T_phys=24.88N)
[INFO] [1785421636.236520278] [mhe_node]: [tau_phys] roll=-0.402 pitch=+0.054 Nm | model pred: roll=-0.338 pitch=+0.010 (m_p=0.261 r=[-0.004,-0.132])
[INFO] [1785421636.236920193] [mhe_node]: [c_xy_est] cx=-0.0055 cy=-0.0079 m | truth c=[-0.0004,-0.0148] (m_p=0.261)
[INFO] [1785421636.339251219] [mhe_node]: [transition] m_est=2.309 kg (T_phys=23.76N)
[INFO] [1785421636.436190467] [mhe_node]: [transition] m_est=2.300 kg (T_phys=22.66N)
[INFO] [1785421636.537618729] [mhe_node]: [transition] m_est=2.287 kg (T_phys=22.04N)
[INFO] [1785421636.637487598] [mhe_node]: [transition] m_est=2.277 kg (T_phys=21.86N)
[INFO] [1785421636.737409113] [mhe_node]: [transition] m_est=2.276 kg (T_phys=21.80N)
[INFO] [1785421636.836920686] [mhe_node]: [transition] m_est=2.276 kg (T_phys=21.69N)
[INFO] [1785421636.937289893] [mhe_node]: [transition] m_est=2.279 kg (T_phys=21.68N)
[INFO] [1785421637.037138926] [mhe_node]: [transition] m_est=2.284 kg (T_phys=21.53N)
[INFO] [1785421637.137419620] [mhe_node]: [transition] m_est=2.287 kg (T_phys=21.42N)
[INFO] [1785421637.238308195] [mhe_node]: [transition] m_est=2.290 kg (T_phys=21.19N)
[INFO] [1785421637.337830282] [mhe_node]: [transition] m_est=2.292 kg (T_phys=21.07N)
[INFO] [1785421637.438314405] [mhe_node]: [transition] m_est=2.295 kg (T_phys=20.96N)
[INFO] [1785421637.537302458] [mhe_node]: [transition] m_est=2.297 kg (T_phys=20.96N)
[INFO] [1785421637.632535802] [mhe_node]: event transition ended: nominal weights restored
[INFO] [1785421637.636398258] [mhe_node]: [post-event] m_est=2.292 kg (T_phys=21.04N)
[INFO] [1785421637.736529874] [mhe_node]: [post-event] m_est=2.294 kg (T_phys=21.17N)
[INFO] [1785421637.838340515] [mhe_node]: [post-event] m_est=2.300 kg (T_phys=21.49N)
[INFO] [1785421637.936518474] [mhe_node]: [post-event] m_est=2.306 kg (T_phys=21.85N)
[INFO] [1785421638.036576647] [mhe_node]: [post-event] m_est=2.313 kg (T_phys=22.20N)
[INFO] [1785421638.138173123] [mhe_node]: [post-event] m_est=2.321 kg (T_phys=22.46N)
[INFO] [1785421638.236186624] [mhe_node]: [post-event] m_est=2.327 kg (T_phys=22.66N)
[INFO] [1785421638.236610787] [mhe_node]: MHE mass estimate: 2.327 kg (T_phys=22.66N)
[INFO] [1785421638.236992075] [mhe_node]: [tau_phys] roll=-0.389 pitch=+0.036 Nm | model pred: roll=-0.340 pitch=+0.010 (m_p=0.263 r=[-0.004,-0.132])
[INFO] [1785421638.237392161] [mhe_node]: [c_xy_est] cx=-0.0030 cy=-0.0137 m | truth c=[-0.0004,-0.0149] (m_p=0.263)
[INFO] [1785421638.336713943] [mhe_node]: [post-event] m_est=2.333 kg (T_phys=22.77N)
[INFO] [1785421638.436114493] [mhe_node]: [post-event] m_est=2.338 kg (T_phys=22.83N)
[INFO] [1785421638.535243139] [mhe_node]: [post-event] m_est=2.341 kg (T_phys=22.86N)
[INFO] [1785421638.634881631] [mhe_node]: [post-event] m_est=2.345 kg (T_phys=22.88N)
[INFO] [1785421638.735789544] [mhe_node]: [post-event] m_est=2.347 kg (T_phys=22.91N)
[INFO] [1785421638.835776773] [mhe_node]: [post-event] m_est=2.350 kg (T_phys=22.95N)
[INFO] [1785421638.935838656] [mhe_node]: [post-event] m_est=2.352 kg (T_phys=22.98N)
[INFO] [1785421639.036445974] [mhe_node]: [post-event] m_est=2.353 kg (T_phys=23.02N)
[INFO] [1785421639.134653799] [mhe_node]: [post-event] m_est=2.355 kg (T_phys=23.07N)
[INFO] [1785421639.234539524] [mhe_node]: [post-event] m_est=2.356 kg (T_phys=23.10N)
[INFO] [1785421639.334592372] [mhe_node]: [post-event] m_est=2.357 kg (T_phys=23.12N)
[INFO] [1785421639.435375951] [mhe_node]: [post-event] m_est=2.357 kg (T_phys=23.14N)
[INFO] [1785421639.535390552] [mhe_node]: [post-event] m_est=2.358 kg (T_phys=23.16N)
[INFO] [1785421639.635403752] [mhe_node]: [post-event] m_est=2.358 kg (T_phys=23.17N)
[INFO] [1785421639.735389279] [mhe_node]: [post-event] m_est=2.358 kg (T_phys=23.17N)
[INFO] [1785421639.835389121] [mhe_node]: [post-event] m_est=2.358 kg (T_phys=23.17N)
[INFO] [1785421639.935413142] [mhe_node]: [post-event] m_est=2.359 kg (T_phys=23.14N)
[INFO] [1785421640.035492921] [mhe_node]: [post-event] m_est=2.359 kg (T_phys=23.11N)
[INFO] [1785421640.235512892] [mhe_node]: MHE mass estimate: 2.359 kg (T_phys=23.06N)
[INFO] [1785421640.235912538] [mhe_node]: [tau_phys] roll=-0.373 pitch=+0.042 Nm | model pred: roll=-0.381 pitch=+0.011 (m_p=0.295 r=[-0.004,-0.132])
[INFO] [1785421640.236320148] [mhe_node]: [c_xy_est] cx=-0.0022 cy=-0.0156 m | truth c=[-0.0005,-0.0164] (m_p=0.295)
[INFO] [1785421642.235165873] [mhe_node]: MHE mass estimate: 2.361 kg (T_phys=23.10N)
[INFO] [1785421642.235573662] [mhe_node]: [tau_phys] roll=-0.371 pitch=+0.033 Nm | model pred: roll=-0.383 pitch=+0.012 (m_p=0.297 r=[-0.004,-0.132])
[INFO] [1785421642.235981047] [mhe_node]: [c_xy_est] cx=-0.0018 cy=-0.0163 m | truth c=[-0.0005,-0.0166] (m_p=0.297)
[INFO] [1785421644.235135134] [mhe_node]: MHE mass estimate: 2.359 kg (T_phys=23.18N)
[INFO] [1785421644.235535762] [mhe_node]: [tau_phys] roll=-0.403 pitch=+0.036 Nm | model pred: roll=-0.381 pitch=+0.011 (m_p=0.295 r=[-0.004,-0.132])
[INFO] [1785421644.235943276] [mhe_node]: [c_xy_est] cx=-0.0018 cy=-0.0167 m | truth c=[-0.0005,-0.0165] (m_p=0.295)
[INFO] [1785421646.234689203] [mhe_node]: MHE mass estimate: 2.362 kg (T_phys=23.19N)
[INFO] [1785421646.235095296] [mhe_node]: [tau_phys] roll=-0.379 pitch=+0.034 Nm | model pred: roll=-0.384 pitch=+0.012 (m_p=0.297 r=[-0.004,-0.132])
[INFO] [1785421646.235498985] [mhe_node]: [c_xy_est] cx=-0.0017 cy=-0.0167 m | truth c=[-0.0005,-0.0166] (m_p=0.297)
[ros2run]: Killed
