[INFO] [1785745423.303380895] [acados_nmpc_node]: acados NMPC node starting, building/loading solver...
Code reuse possible, skipping code generation.
acados was compiled without OpenMP.
[INFO] [1785745423.313698526] [acados_nmpc_node]: GRIPPER MODE: hover over box (1.0,0.05) z 0.55->2.5m, lift after 1.5s, empty m_est=2.06kg
[INFO] [1785745423.314120609] [acados_nmpc_node]: Warming up acados solver...
[INFO] [1785745423.320127579] [acados_nmpc_node]: Solver warmup complete, took 5.6 ms
[INFO] [1785745423.327569345] [acados_nmpc_node]: Decoupled publish enabled: solve @20Hz, body_rate/thrust @50Hz (trajectory interpolation)
[INFO] [1785745423.328079871] [acados_nmpc_node]: acados NMPC node initialized! Waiting for EKF2 convergence...
[INFO] [1785745433.328689445] [acados_nmpc_node]: Waiting for EKF2 convergence... 5/10 s
[INFO] [1785745438.328242633] [acados_nmpc_node]: Waiting for EKF2 convergence... 10/10 s
[INFO] [1785745438.377578146] [acados_nmpc_node]: Switching to OFFBOARD mode
[INFO] [1785745439.229258463] [acados_nmpc_node]: Sending arm command
[INFO] [1785745440.229138116] [acados_nmpc_node]: Armed, preparing to move to trajectory start...
[INFO] [1785745442.677546645] [acados_nmpc_node]: Gripper approach (climb): rising at spawn to z=1.50m | z=0.02m v=0.48m/s
[INFO] [1785745445.177442536] [acados_nmpc_node]: Gripper approach (climb): rising at spawn to z=1.50m | z=1.01m v=0.24m/s
[INFO] [1785745447.177464392] [acados_nmpc_node]: Gripper approach: climbed to safe altitude at spawn, now translating over box
[INFO] [1785745447.677592697] [acados_nmpc_node]: Gripper approach (high): aligning over box at z=1.50m | xy=0.946m z_err=0.148m v=0.37m/s
[INFO] [1785745449.377555294] [acados_nmpc_node]: Gripper approach: aligned above box, NMPC will take over here (z=1.50m), settle 3.0s then descend to z=0.55m to trigger attach
[INFO] [1785745449.430402746] [acados_nmpc_node]: Reached trajectory start, NMPC tracking begins!
[INFO] [1785745450.131747800] [acados_nmpc_node]: t=0.7s | pos_err=0.067m | T=20.00N | tau=[r-0.001 p0.020 y-0.008]Nm | res_stat=4.389e-07(peak 8.019e-07) sqp_iter=3 | solve=1.5ms
[INFO] [1785745452.429996605] [acados_nmpc_node]: t=3.0s | DESCEND: settle done, lowering 1.5->0.55m, will enable gripper at bottom
[INFO] [1785745455.131934400] [acados_nmpc_node]: t=5.7s | pos_err=0.065m | T=20.28N | tau=[r0.000 p-0.000 y0.000]Nm | res_stat=3.957e-08(peak 9.580e-07) sqp_iter=3 | solve=1.4ms
[INFO] [1785745455.977434984] [acados_nmpc_node]: t=6.5s | DESCEND done at z=0.568m (target 0.550m, z_err=0.018m, v=0.06m/s), gripper ENABLED (attach will trigger now)
[INFO] [1785745455.994208929] [acados_nmpc_node]: attach offset received: box-drone = [+0.027, +0.005, -0.538] m
[INFO] [1785745456.030356842] [acados_nmpc_node]: PX4 MC_ROLLRATE_K: 1.000 -> 4.156 (inertia ratio 4.16, cap 5.0)
[INFO] [1785745456.030580725] [acados_nmpc_node]: PX4 MC_PITCHRATE_K: 1.000 -> 4.156 (inertia ratio 4.16, cap 5.0)
[INFO] [1785745456.030778914] [acados_nmpc_node]: t=6.6s | ATTACH (geom_source=online): dJ/gain init from prior m_p=0.23kg arm=0.47m (dJ=0.0448); c_xy+dJ refine online, attach truth eval-only
[INFO] [1785745456.032755475] [acados_nmpc_node]: [attach-window] t=6.60s pos_err=0.024m T=20.38N z=0.566 m_est=2.055
[INFO] [1785745456.079629822] [acados_nmpc_node]: [attach-window] t=6.65s pos_err=0.025m T=19.81N z=0.566 m_est=2.055
[INFO] [1785745456.132291230] [acados_nmpc_node]: [attach-window] t=6.70s pos_err=0.026m T=19.81N z=0.566 m_est=2.055
[INFO] [1785745456.179327278] [acados_nmpc_node]: [attach-window] t=6.75s pos_err=0.028m T=19.79N z=0.567 m_est=2.055
[INFO] [1785745456.232078473] [acados_nmpc_node]: [attach-window] t=6.80s pos_err=0.029m T=19.78N z=0.567 m_est=2.055
[INFO] [1785745456.279380955] [acados_nmpc_node]: [attach-window] t=6.85s pos_err=0.031m T=19.77N z=0.568 m_est=2.055
[INFO] [1785745456.332029644] [acados_nmpc_node]: [attach-window] t=6.90s pos_err=0.031m T=19.76N z=0.568 m_est=2.055
[INFO] [1785745456.379264715] [acados_nmpc_node]: [attach-window] t=6.95s pos_err=0.032m T=19.76N z=0.568 m_est=2.055
[INFO] [1785745456.432016214] [acados_nmpc_node]: [attach-window] t=7.00s pos_err=0.033m T=19.74N z=0.568 m_est=2.054
[INFO] [1785745456.479399361] [acados_nmpc_node]: [attach-window] t=7.05s pos_err=0.033m T=19.73N z=0.568 m_est=2.054
[INFO] [1785745456.532394839] [acados_nmpc_node]: [attach-window] t=7.10s pos_err=0.033m T=19.71N z=0.569 m_est=2.052
[INFO] [1785745456.579427086] [acados_nmpc_node]: [attach-window] t=7.15s pos_err=0.032m T=19.69N z=0.569 m_est=2.052
[INFO] [1785745456.630642514] [acados_nmpc_node]: [attach-window] t=7.20s pos_err=0.032m T=19.66N z=0.570 m_est=2.050
[INFO] [1785745456.678919330] [acados_nmpc_node]: [attach-window] t=7.25s pos_err=0.032m T=19.64N z=0.571 m_est=2.050
[INFO] [1785745456.730494711] [acados_nmpc_node]: [attach-window] t=7.30s pos_err=0.032m T=19.60N z=0.571 m_est=2.048
[INFO] [1785745456.779021588] [acados_nmpc_node]: [attach-window] t=7.35s pos_err=0.032m T=19.58N z=0.572 m_est=2.048
[INFO] [1785745456.832223753] [acados_nmpc_node]: [attach-window] t=7.40s pos_err=0.032m T=19.54N z=0.573 m_est=2.044
[INFO] [1785745456.879248142] [acados_nmpc_node]: [attach-window] t=7.45s pos_err=0.031m T=19.52N z=0.574 m_est=2.044
[INFO] [1785745456.932193833] [acados_nmpc_node]: [attach-window] t=7.50s pos_err=0.031m T=19.47N z=0.574 m_est=2.040
[INFO] [1785745456.979366195] [acados_nmpc_node]: [attach-window] t=7.55s pos_err=0.031m T=19.46N z=0.575 m_est=2.040
[INFO] [1785745457.032295306] [acados_nmpc_node]: [attach-window] t=7.60s pos_err=0.031m T=19.41N z=0.575 m_est=2.035
[INFO] [1785745457.079326026] [acados_nmpc_node]: [attach-window] t=7.65s pos_err=0.032m T=19.40N z=0.576 m_est=2.035
[INFO] [1785745457.132210233] [acados_nmpc_node]: [attach-window] t=7.70s pos_err=0.032m T=19.31N z=0.576 m_est=2.028
[INFO] [1785745457.179357541] [acados_nmpc_node]: [attach-window] t=7.75s pos_err=0.034m T=19.29N z=0.578 m_est=2.028
[INFO] [1785745457.232224497] [acados_nmpc_node]: [attach-window] t=7.80s pos_err=0.034m T=19.06N z=0.578 m_est=2.005
[INFO] [1785745457.279256074] [acados_nmpc_node]: [attach-window] t=7.85s pos_err=0.037m T=19.02N z=0.580 m_est=2.005
[INFO] [1785745457.332152304] [acados_nmpc_node]: [attach-window] t=7.90s pos_err=0.038m T=18.86N z=0.581 m_est=1.991
[INFO] [1785745457.379367124] [acados_nmpc_node]: [attach-window] t=7.95s pos_err=0.040m T=18.82N z=0.583 m_est=1.991
[INFO] [1785745457.432119147] [acados_nmpc_node]: [attach-window] t=8.00s pos_err=0.041m T=18.68N z=0.583 m_est=1.978
[INFO] [1785745457.479460434] [acados_nmpc_node]: [attach-window] t=8.05s pos_err=0.043m T=18.64N z=0.585 m_est=1.978
[INFO] [1785745457.530351506] [acados_nmpc_node]: t=8.1s | LIFT: raising hover 0.55->2.5m to lift payload
[INFO] [1785745457.532540517] [acados_nmpc_node]: [attach-window] t=8.10s pos_err=0.044m T=18.51N z=0.586 m_est=1.966
[INFO] [1785745457.579429399] [acados_nmpc_node]: [attach-window] t=8.15s pos_err=0.046m T=18.47N z=0.588 m_est=1.966
[INFO] [1785745457.632163696] [acados_nmpc_node]: [attach-window] t=8.20s pos_err=0.047m T=18.42N z=0.588 m_est=1.961
[INFO] [1785745457.679292828] [acados_nmpc_node]: [attach-window] t=8.25s pos_err=0.048m T=18.40N z=0.590 m_est=1.961
[INFO] [1785745457.732188899] [acados_nmpc_node]: [attach-window] t=8.30s pos_err=0.047m T=18.44N z=0.591 m_est=1.961
[INFO] [1785745457.779269775] [acados_nmpc_node]: [attach-window] t=8.35s pos_err=0.046m T=18.49N z=0.592 m_est=1.961
[INFO] [1785745457.832165108] [acados_nmpc_node]: [attach-window] t=8.40s pos_err=0.042m T=18.61N z=0.593 m_est=1.961
[INFO] [1785745457.879383806] [acados_nmpc_node]: [attach-window] t=8.45s pos_err=0.040m T=18.74N z=0.594 m_est=1.961
[INFO] [1785745457.932327496] [acados_nmpc_node]: [attach-window] t=8.50s pos_err=0.037m T=18.95N z=0.595 m_est=1.961
[INFO] [1785745457.979526271] [acados_nmpc_node]: [attach-window] t=8.55s pos_err=0.039m T=19.19N z=0.595 m_est=1.961
[INFO] [1785745458.032528410] [acados_nmpc_node]: [attach-window] t=8.60s pos_err=0.046m T=19.53N z=0.595 m_est=1.961
[INFO] [1785745458.079611314] [acados_nmpc_node]: [attach-window] t=8.65s pos_err=0.059m T=19.88N z=0.595 m_est=1.961
[INFO] [1785745458.132475322] [acados_nmpc_node]: [attach-window] t=8.70s pos_err=0.079m T=20.34N z=0.595 m_est=1.961
[INFO] [1785745458.179682048] [acados_nmpc_node]: [attach-window] t=8.75s pos_err=0.102m T=20.81N z=0.595 m_est=1.961
[INFO] [1785745458.232695009] [acados_nmpc_node]: [attach-window] t=8.80s pos_err=0.131m T=21.40N z=0.595 m_est=1.961
[INFO] [1785745458.279629755] [acados_nmpc_node]: [attach-window] t=8.85s pos_err=0.161m T=21.97N z=0.594 m_est=1.961
[INFO] [1785745458.332692547] [acados_nmpc_node]: [attach-window] t=8.90s pos_err=0.198m T=22.68N z=0.594 m_est=1.961
[INFO] [1785745458.379805186] [acados_nmpc_node]: [attach-window] t=8.95s pos_err=0.234m T=23.37N z=0.594 m_est=1.961
[INFO] [1785745458.432442826] [acados_nmpc_node]: [attach-window] t=9.00s pos_err=0.277m T=24.18N z=0.593 m_est=1.961
[INFO] [1785745458.479716200] [acados_nmpc_node]: [attach-window] t=9.05s pos_err=0.319m T=24.74N z=0.593 m_est=1.961
[INFO] [1785745458.532564877] [acados_nmpc_node]: [attach-window] t=9.10s pos_err=0.367m T=25.46N z=0.594 m_est=1.961
[INFO] [1785745458.579677528] [acados_nmpc_node]: [attach-window] t=9.15s pos_err=0.408m T=25.57N z=0.599 m_est=1.961
[INFO] [1785745458.632478705] [acados_nmpc_node]: [attach-window] t=9.20s pos_err=0.459m T=26.27N z=0.601 m_est=1.961
[INFO] [1785745458.679523084] [acados_nmpc_node]: [attach-window] t=9.25s pos_err=0.497m T=26.07N z=0.614 m_est=1.961
[INFO] [1785745458.732695654] [acados_nmpc_node]: [attach-window] t=9.30s pos_err=0.547m T=26.57N z=0.622 m_est=1.961
[INFO] [1785745458.779661851] [acados_nmpc_node]: [attach-window] t=9.35s pos_err=0.580m T=26.26N z=0.643 m_est=1.961
[INFO] [1785745458.832613413] [acados_nmpc_node]: [attach-window] t=9.40s pos_err=0.628m T=26.82N z=0.656 m_est=1.975
[INFO] [1785745458.879944148] [acados_nmpc_node]: [attach-window] t=9.45s pos_err=0.649m T=26.13N z=0.691 m_est=1.975
[INFO] [1785745458.932647207] [acados_nmpc_node]: [attach-window] t=9.50s pos_err=0.695m T=26.61N z=0.709 m_est=1.989
[INFO] [1785745458.979649595] [acados_nmpc_node]: [attach-window] t=9.55s pos_err=0.710m T=25.95N z=0.751 m_est=1.989
[INFO] [1785745459.032510256] [acados_nmpc_node]: [attach-window] t=9.60s pos_err=0.751m T=26.34N z=0.774 m_est=2.001
[INFO] [1785745459.079698530] [acados_nmpc_node]: [attach-window] t=9.65s pos_err=0.751m T=25.31N z=0.831 m_est=2.001
[INFO] [1785745459.132453942] [acados_nmpc_node]: [attach-window] t=9.70s pos_err=0.787m T=25.73N z=0.860 m_est=2.022
[INFO] [1785745459.179584815] [acados_nmpc_node]: [attach-window] t=9.75s pos_err=0.784m T=24.91N z=0.920 m_est=2.022
[INFO] [1785745459.232480726] [acados_nmpc_node]: [attach-window] t=9.80s pos_err=0.815m T=25.33N z=0.952 m_est=2.047
[INFO] [1785745459.279601303] [acados_nmpc_node]: [attach-window] t=9.85s pos_err=0.794m T=24.23N z=1.027 m_est=2.047
[INFO] [1785745459.332570645] [acados_nmpc_node]: [attach-window] t=9.90s pos_err=0.819m T=24.61N z=1.062 m_est=2.073
[INFO] [1785745459.378927684] [acados_nmpc_node]: [attach-window] t=9.95s pos_err=0.799m T=23.76N z=1.135 m_est=2.073
[INFO] [1785745459.431003244] [acados_nmpc_node]: [attach-window] t=10.00s pos_err=0.818m T=24.08N z=1.172 m_est=2.097
[INFO] [1785745459.478834968] [acados_nmpc_node]: [attach-window] t=10.05s pos_err=0.782m T=23.04N z=1.257 m_est=2.097
[INFO] [1785745459.530926316] [acados_nmpc_node]: [attach-window] t=10.10s pos_err=0.794m T=23.32N z=1.296 m_est=2.120
[INFO] [1785745459.579335429] [acados_nmpc_node]: [attach-window] t=10.15s pos_err=0.762m T=22.58N z=1.374 m_est=2.120
[INFO] [1785745459.630853491] [acados_nmpc_node]: [attach-window] t=10.20s pos_err=0.769m T=22.82N z=1.413 m_est=2.140
[INFO] [1785745459.678938809] [acados_nmpc_node]: [attach-window] t=10.25s pos_err=0.721m T=21.95N z=1.500 m_est=2.140
[INFO] [1785745459.730747910] [acados_nmpc_node]: [attach-window] t=10.30s pos_err=0.723m T=22.14N z=1.539 m_est=2.156
[INFO] [1785745459.778694215] [acados_nmpc_node]: [attach-window] t=10.35s pos_err=0.682m T=21.55N z=1.615 m_est=2.156
[INFO] [1785745459.830662303] [acados_nmpc_node]: [attach-window] t=10.40s pos_err=0.678m T=21.71N z=1.652 m_est=2.170
[INFO] [1785745459.878903685] [acados_nmpc_node]: [attach-window] t=10.45s pos_err=0.625m T=21.06N z=1.734 m_est=2.170
[INFO] [1785745459.930950480] [acados_nmpc_node]: [attach-window] t=10.50s pos_err=0.618m T=21.19N z=1.769 m_est=2.180
[INFO] [1785745459.979395355] [acados_nmpc_node]: [attach-window] t=10.55s pos_err=0.572m T=20.78N z=1.837 m_est=2.180
[INFO] [1785745460.032323817] [acados_nmpc_node]: [attach-window] t=10.60s pos_err=0.561m T=20.87N z=1.870 m_est=2.188
[INFO] [1785745460.079437695] [acados_nmpc_node]: [attach-window] t=10.65s pos_err=0.507m T=20.46N z=1.941 m_est=2.188
[INFO] [1785745460.132459879] [acados_nmpc_node]: [attach-window] t=10.70s pos_err=0.492m T=20.52N z=1.971 m_est=2.194
[INFO] [1785745460.132936072] [acados_nmpc_node]: t=10.7s | pos_err=0.492m | T=20.52N | tau=[r-0.020 p0.013 y0.003]Nm | res_stat=3.635e-07(peak 9.917e-07) sqp_iter=3 | solve=1.5ms
[INFO] [1785745460.179388118] [acados_nmpc_node]: [attach-window] t=10.75s pos_err=0.447m T=20.30N z=2.027 m_est=2.194
[INFO] [1785745460.232576700] [acados_nmpc_node]: [attach-window] t=10.80s pos_err=0.424m T=20.32N z=2.060 m_est=2.198
[INFO] [1785745460.279328709] [acados_nmpc_node]: [attach-window] t=10.85s pos_err=0.381m T=20.21N z=2.109 m_est=2.198
[INFO] [1785745460.332458603] [acados_nmpc_node]: [attach-window] t=10.90s pos_err=0.363m T=20.26N z=2.132 m_est=2.201
[INFO] [1785745460.379369654] [acados_nmpc_node]: [attach-window] t=10.95s pos_err=0.324m T=20.24N z=2.174 m_est=2.201
[INFO] [1785745460.432469155] [acados_nmpc_node]: [attach-window] t=11.00s pos_err=0.307m T=20.29N z=2.193 m_est=2.205
[INFO] [1785745460.478832919] [acados_nmpc_node]: [attach-window] t=11.05s pos_err=0.268m T=20.37N z=2.232 m_est=2.205
[INFO] [1785745460.530970797] [acados_nmpc_node]: [attach-window] t=11.10s pos_err=0.253m T=20.46N z=2.248 m_est=2.208
[INFO] [1785745460.579472957] [acados_nmpc_node]: [attach-window] t=11.15s pos_err=0.225m T=20.60N z=2.276 m_est=2.208
[INFO] [1785745460.632544359] [acados_nmpc_node]: [attach-window] t=11.20s pos_err=0.212m T=20.74N z=2.288 m_est=2.214
[INFO] [1785745460.679350564] [acados_nmpc_node]: [attach-window] t=11.25s pos_err=0.188m T=20.95N z=2.313 m_est=2.214
[INFO] [1785745460.732444422] [acados_nmpc_node]: [attach-window] t=11.30s pos_err=0.179m T=21.12N z=2.322 m_est=2.220
[INFO] [1785745460.779316144] [acados_nmpc_node]: [attach-window] t=11.35s pos_err=0.163m T=21.31N z=2.338 m_est=2.220
[INFO] [1785745460.832419518] [acados_nmpc_node]: [attach-window] t=11.40s pos_err=0.154m T=21.49N z=2.347 m_est=2.227
[INFO] [1785745460.879395406] [acados_nmpc_node]: [attach-window] t=11.45s pos_err=0.142m T=21.64N z=2.359 m_est=2.227
[INFO] [1785745460.932333460] [acados_nmpc_node]: [attach-window] t=11.50s pos_err=0.137m T=21.77N z=2.365 m_est=2.235
[INFO] [1785745460.979345472] [acados_nmpc_node]: [attach-window] t=11.55s pos_err=0.127m T=21.87N z=2.375 m_est=2.235
[INFO] [1785745461.032422107] [acados_nmpc_node]: [attach-window] t=11.60s pos_err=0.123m T=21.98N z=2.379 m_est=2.243
[INFO] [1785745461.079391598] [acados_nmpc_node]: [attach-window] t=11.65s pos_err=0.114m T=22.05N z=2.388 m_est=2.243
[INFO] [1785745461.132548512] [acados_nmpc_node]: [attach-window] t=11.70s pos_err=0.110m T=22.14N z=2.392 m_est=2.251
[INFO] [1785745461.179343520] [acados_nmpc_node]: [attach-window] t=11.75s pos_err=0.103m T=22.15N z=2.399 m_est=2.251
[INFO] [1785745461.232440267] [acados_nmpc_node]: [attach-window] t=11.80s pos_err=0.100m T=22.22N z=2.403 m_est=2.258
[INFO] [1785745461.279143603] [acados_nmpc_node]: [attach-window] t=11.85s pos_err=0.092m T=22.20N z=2.411 m_est=2.258
[INFO] [1785745461.332867454] [acados_nmpc_node]: [attach-window] t=11.90s pos_err=0.089m T=22.25N z=2.414 m_est=2.265
[INFO] [1785745461.379136603] [acados_nmpc_node]: [attach-window] t=11.95s pos_err=0.082m T=22.22N z=2.420 m_est=2.265
[INFO] [1785745461.432538064] [acados_nmpc_node]: [attach-window] t=12.00s pos_err=0.079m T=22.25N z=2.423 m_est=2.271
[INFO] [1785745461.479224996] [acados_nmpc_node]: [attach-window] t=12.05s pos_err=0.072m T=22.21N z=2.430 m_est=2.271
[INFO] [1785745461.532208512] [acados_nmpc_node]: [attach-window] t=12.10s pos_err=0.069m T=22.24N z=2.433 m_est=2.275
[INFO] [1785745461.579170550] [acados_nmpc_node]: [attach-window] t=12.15s pos_err=0.063m T=22.21N z=2.439 m_est=2.275
[INFO] [1785745461.632159230] [acados_nmpc_node]: [attach-window] t=12.20s pos_err=0.061m T=22.22N z=2.442 m_est=2.279
[INFO] [1785745461.679177073] [acados_nmpc_node]: [attach-window] t=12.25s pos_err=0.054m T=22.19N z=2.448 m_est=2.279
[INFO] [1785745461.732282237] [acados_nmpc_node]: [attach-window] t=12.30s pos_err=0.052m T=22.20N z=2.451 m_est=2.281
[INFO] [1785745461.779211549] [acados_nmpc_node]: [attach-window] t=12.35s pos_err=0.046m T=22.18N z=2.457 m_est=2.281
[INFO] [1785745461.832226985] [acados_nmpc_node]: [attach-window] t=12.40s pos_err=0.044m T=22.19N z=2.459 m_est=2.283
[INFO] [1785745461.879173609] [acados_nmpc_node]: [attach-window] t=12.45s pos_err=0.039m T=22.19N z=2.463 m_est=2.283
[INFO] [1785745461.932272226] [acados_nmpc_node]: [attach-window] t=12.50s pos_err=0.037m T=22.20N z=2.465 m_est=2.284
[INFO] [1785745461.979224248] [acados_nmpc_node]: [attach-window] t=12.55s pos_err=0.033m T=22.21N z=2.469 m_est=2.284
[INFO] [1785745462.032478635] [acados_nmpc_node]: [attach-window] t=12.60s pos_err=0.031m T=22.22N z=2.471 m_est=2.284
[INFO] [1785745462.079278141] [acados_nmpc_node]: [attach-window] t=12.65s pos_err=0.028m T=22.22N z=2.475 m_est=2.284
[INFO] [1785745462.132321525] [acados_nmpc_node]: [attach-window] t=12.70s pos_err=0.026m T=22.22N z=2.476 m_est=2.284
[INFO] [1785745462.179160957] [acados_nmpc_node]: [attach-window] t=12.75s pos_err=0.023m T=22.23N z=2.479 m_est=2.284
[INFO] [1785745462.232251047] [acados_nmpc_node]: [attach-window] t=12.80s pos_err=0.021m T=22.23N z=2.481 m_est=2.284
[INFO] [1785745462.279177192] [acados_nmpc_node]: [attach-window] t=12.85s pos_err=0.019m T=22.26N z=2.483 m_est=2.284
[INFO] [1785745462.332400271] [acados_nmpc_node]: [attach-window] t=12.90s pos_err=0.018m T=22.28N z=2.484 m_est=2.283
[INFO] [1785745462.379057958] [acados_nmpc_node]: [attach-window] t=12.95s pos_err=0.017m T=22.32N z=2.485 m_est=2.283
[INFO] [1785745462.432206256] [acados_nmpc_node]: [attach-window] t=13.00s pos_err=0.016m T=22.33N z=2.485 m_est=2.283
[INFO] [1785745462.479162001] [acados_nmpc_node]: [attach-window] t=13.05s pos_err=0.015m T=22.36N z=2.485 m_est=2.283
[INFO] [1785745462.532529705] [acados_nmpc_node]: [attach-window] t=13.10s pos_err=0.015m T=22.38N z=2.486 m_est=2.283
[INFO] [1785745462.579070599] [acados_nmpc_node]: [attach-window] t=13.15s pos_err=0.014m T=22.40N z=2.486 m_est=2.283
[INFO] [1785745462.632351525] [acados_nmpc_node]: [attach-window] t=13.20s pos_err=0.014m T=22.40N z=2.486 m_est=2.283
[INFO] [1785745462.679056743] [acados_nmpc_node]: [attach-window] t=13.25s pos_err=0.014m T=22.42N z=2.486 m_est=2.283
[INFO] [1785745462.732244722] [acados_nmpc_node]: [attach-window] t=13.30s pos_err=0.014m T=22.43N z=2.486 m_est=2.283
[INFO] [1785745462.778575072] [acados_nmpc_node]: [attach-window] t=13.35s pos_err=0.014m T=22.43N z=2.486 m_est=2.283
[INFO] [1785745462.830888279] [acados_nmpc_node]: [attach-window] t=13.40s pos_err=0.014m T=22.43N z=2.487 m_est=2.283
[INFO] [1785745462.879165420] [acados_nmpc_node]: [attach-window] t=13.45s pos_err=0.013m T=22.42N z=2.488 m_est=2.283
[INFO] [1785745462.932338036] [acados_nmpc_node]: [attach-window] t=13.50s pos_err=0.013m T=22.41N z=2.488 m_est=2.284
[INFO] [1785745462.979114606] [acados_nmpc_node]: [attach-window] t=13.55s pos_err=0.012m T=22.39N z=2.489 m_est=2.284
[INFO] [1785745463.030613921] [acados_nmpc_node]: [attach-window] t=13.60s pos_err=0.012m T=22.38N z=2.490 m_est=2.284
[INFO] [1785745463.078688150] [acados_nmpc_node]: [attach-window] t=13.65s pos_err=0.011m T=22.36N z=2.491 m_est=2.284
[INFO] [1785745463.130695405] [acados_nmpc_node]: [attach-window] t=13.70s pos_err=0.011m T=22.36N z=2.492 m_est=2.284
[INFO] [1785745463.178680087] [acados_nmpc_node]: [attach-window] t=13.75s pos_err=0.010m T=22.34N z=2.494 m_est=2.284
[INFO] [1785745463.230540995] [acados_nmpc_node]: [attach-window] t=13.80s pos_err=0.010m T=22.34N z=2.495 m_est=2.285
[INFO] [1785745463.278491339] [acados_nmpc_node]: [attach-window] t=13.85s pos_err=0.009m T=22.33N z=2.496 m_est=2.285
[INFO] [1785745463.330656009] [acados_nmpc_node]: [attach-window] t=13.90s pos_err=0.009m T=22.32N z=2.497 m_est=2.285
[INFO] [1785745463.378683241] [acados_nmpc_node]: [attach-window] t=13.95s pos_err=0.008m T=22.32N z=2.499 m_est=2.285
[INFO] [1785745463.430648500] [acados_nmpc_node]: [attach-window] t=14.00s pos_err=0.008m T=22.32N z=2.499 m_est=2.285
[INFO] [1785745463.478661860] [acados_nmpc_node]: [attach-window] t=14.05s pos_err=0.007m T=22.31N z=2.501 m_est=2.285
[INFO] [1785745463.530692884] [acados_nmpc_node]: [attach-window] t=14.10s pos_err=0.007m T=22.31N z=2.502 m_est=2.284
[INFO] [1785745463.578683388] [acados_nmpc_node]: [attach-window] t=14.15s pos_err=0.007m T=22.32N z=2.503 m_est=2.284
[INFO] [1785745463.630646969] [acados_nmpc_node]: [attach-window] t=14.20s pos_err=0.007m T=22.33N z=2.503 m_est=2.284
[INFO] [1785745463.678493846] [acados_nmpc_node]: [attach-window] t=14.25s pos_err=0.006m T=22.35N z=2.504 m_est=2.284
[INFO] [1785745463.730561416] [acados_nmpc_node]: [attach-window] t=14.30s pos_err=0.006m T=22.35N z=2.504 m_est=2.284
[INFO] [1785745463.778643967] [acados_nmpc_node]: [attach-window] t=14.35s pos_err=0.007m T=22.36N z=2.504 m_est=2.284
[INFO] [1785745463.830606527] [acados_nmpc_node]: [attach-window] t=14.40s pos_err=0.007m T=22.37N z=2.504 m_est=2.284
[INFO] [1785745463.878673966] [acados_nmpc_node]: [attach-window] t=14.45s pos_err=0.009m T=22.38N z=2.505 m_est=2.284
[INFO] [1785745463.930706154] [acados_nmpc_node]: [attach-window] t=14.50s pos_err=0.009m T=22.38N z=2.505 m_est=2.284
[INFO] [1785745463.978778871] [acados_nmpc_node]: [attach-window] t=14.55s pos_err=0.010m T=22.40N z=2.504 m_est=2.284
[INFO] [1785745464.030921047] [acados_nmpc_node]: [attach-window] t=14.60s pos_err=0.010m T=22.41N z=2.504 m_est=2.283
[INFO] [1785745464.078649853] [acados_nmpc_node]: [attach-window] t=14.65s pos_err=0.011m T=22.43N z=2.504 m_est=2.283
[INFO] [1785745464.130588112] [acados_nmpc_node]: [attach-window] t=14.70s pos_err=0.011m T=22.43N z=2.503 m_est=2.283
[INFO] [1785745464.178518723] [acados_nmpc_node]: [attach-window] t=14.75s pos_err=0.011m T=22.45N z=2.502 m_est=2.283
[INFO] [1785745464.232317887] [acados_nmpc_node]: [attach-window] t=14.80s pos_err=0.011m T=22.46N z=2.502 m_est=2.283
[INFO] [1785745464.279086239] [acados_nmpc_node]: [attach-window] t=14.85s pos_err=0.011m T=22.47N z=2.501 m_est=2.283
[INFO] [1785745464.332460616] [acados_nmpc_node]: [attach-window] t=14.90s pos_err=0.010m T=22.48N z=2.501 m_est=2.284
[INFO] [1785745464.379011504] [acados_nmpc_node]: [attach-window] t=14.95s pos_err=0.010m T=22.48N z=2.500 m_est=2.284
[INFO] [1785745464.432384807] [acados_nmpc_node]: [attach-window] t=15.00s pos_err=0.010m T=22.48N z=2.499 m_est=2.284
[INFO] [1785745464.479160682] [acados_nmpc_node]: [attach-window] t=15.05s pos_err=0.009m T=22.47N z=2.499 m_est=2.284
[INFO] [1785745464.532402937] [acados_nmpc_node]: [attach-window] t=15.10s pos_err=0.009m T=22.46N z=2.499 m_est=2.284
[INFO] [1785745464.579106394] [acados_nmpc_node]: [attach-window] t=15.15s pos_err=0.009m T=22.44N z=2.499 m_est=2.284
[INFO] [1785745464.632381347] [acados_nmpc_node]: [attach-window] t=15.20s pos_err=0.009m T=22.43N z=2.499 m_est=2.285
[INFO] [1785745464.679048959] [acados_nmpc_node]: [attach-window] t=15.25s pos_err=0.009m T=22.41N z=2.500 m_est=2.285
[INFO] [1785745464.732598182] [acados_nmpc_node]: [attach-window] t=15.30s pos_err=0.009m T=22.40N z=2.500 m_est=2.285
[INFO] [1785745464.779078004] [acados_nmpc_node]: [attach-window] t=15.35s pos_err=0.009m T=22.40N z=2.501 m_est=2.285
[INFO] [1785745464.832618956] [acados_nmpc_node]: [attach-window] t=15.40s pos_err=0.009m T=22.39N z=2.501 m_est=2.285
[INFO] [1785745464.879058824] [acados_nmpc_node]: [attach-window] t=15.45s pos_err=0.009m T=22.40N z=2.501 m_est=2.285
[INFO] [1785745464.932502639] [acados_nmpc_node]: [attach-window] t=15.50s pos_err=0.009m T=22.41N z=2.501 m_est=2.286
[INFO] [1785745464.979181450] [acados_nmpc_node]: [attach-window] t=15.55s pos_err=0.009m T=22.43N z=2.501 m_est=2.286
[INFO] [1785745465.032513757] [acados_nmpc_node]: [attach-window] t=15.60s pos_err=0.009m T=22.43N z=2.501 m_est=2.286
[INFO] [1785745465.079443027] [acados_nmpc_node]: [attach-window] t=15.65s pos_err=0.009m T=22.44N z=2.500 m_est=2.286
[INFO] [1785745465.132881500] [acados_nmpc_node]: [attach-window] t=15.70s pos_err=0.009m T=22.44N z=2.500 m_est=2.286
[INFO] [1785745465.133355210] [acados_nmpc_node]: t=15.7s | pos_err=0.009m | T=22.44N | tau=[r-0.004 p-0.062 y0.002]Nm | res_stat=5.177e-08(peak 9.917e-07) sqp_iter=3 | solve=1.5ms
[INFO] [1785745465.179396220] [acados_nmpc_node]: [attach-window] t=15.75s pos_err=0.010m T=22.44N z=2.500 m_est=2.286
[INFO] [1785745465.232650768] [acados_nmpc_node]: [attach-window] t=15.80s pos_err=0.011m T=22.44N z=2.500 m_est=2.286
[INFO] [1785745465.279148798] [acados_nmpc_node]: [attach-window] t=15.85s pos_err=0.012m T=22.44N z=2.500 m_est=2.286
[INFO] [1785745465.333249115] [acados_nmpc_node]: [attach-window] t=15.90s pos_err=0.012m T=22.44N z=2.500 m_est=2.286
[INFO] [1785745465.379233126] [acados_nmpc_node]: [attach-window] t=15.95s pos_err=0.013m T=22.44N z=2.499 m_est=2.286
[INFO] [1785745465.432609986] [acados_nmpc_node]: [attach-window] t=16.00s pos_err=0.014m T=22.44N z=2.499 m_est=2.286
[INFO] [1785745465.479162101] [acados_nmpc_node]: [attach-window] t=16.05s pos_err=0.014m T=22.44N z=2.499 m_est=2.286
[INFO] [1785745465.532632248] [acados_nmpc_node]: [attach-window] t=16.10s pos_err=0.014m T=22.43N z=2.499 m_est=2.286
[INFO] [1785745465.579129417] [acados_nmpc_node]: [attach-window] t=16.15s pos_err=0.014m T=22.43N z=2.499 m_est=2.286
[INFO] [1785745465.632519725] [acados_nmpc_node]: [attach-window] t=16.20s pos_err=0.014m T=22.42N z=2.499 m_est=2.286
[INFO] [1785745465.679212339] [acados_nmpc_node]: [attach-window] t=16.25s pos_err=0.014m T=22.41N z=2.500 m_est=2.286
[INFO] [1785745465.732562271] [acados_nmpc_node]: [attach-window] t=16.30s pos_err=0.014m T=22.41N z=2.500 m_est=2.286
[INFO] [1785745465.779291927] [acados_nmpc_node]: [attach-window] t=16.35s pos_err=0.014m T=22.39N z=2.501 m_est=2.286
[INFO] [1785745465.833029196] [acados_nmpc_node]: [attach-window] t=16.40s pos_err=0.014m T=22.39N z=2.501 m_est=2.286
[INFO] [1785745465.879068980] [acados_nmpc_node]: [attach-window] t=16.45s pos_err=0.015m T=22.37N z=2.502 m_est=2.286
[INFO] [1785745465.932656395] [acados_nmpc_node]: [attach-window] t=16.50s pos_err=0.015m T=22.37N z=2.502 m_est=2.286
[INFO] [1785745465.979221699] [acados_nmpc_node]: [attach-window] t=16.55s pos_err=0.015m T=22.37N z=2.503 m_est=2.286
[INFO] [1785745466.032697323] [acados_nmpc_node]: [attach-window] t=16.60s pos_err=0.016m T=22.37N z=2.503 m_est=2.285
[INFO] [1785745466.079128326] [acados_nmpc_node]: [attach-window] t=16.65s pos_err=0.016m T=22.38N z=2.504 m_est=2.285
[INFO] [1785745466.132601678] [acados_nmpc_node]: [attach-window] t=16.70s pos_err=0.016m T=22.38N z=2.504 m_est=2.285
[INFO] [1785745466.179265980] [acados_nmpc_node]: [attach-window] t=16.75s pos_err=0.016m T=22.39N z=2.504 m_est=2.285
[INFO] [1785745466.232704381] [acados_nmpc_node]: [attach-window] t=16.80s pos_err=0.016m T=22.40N z=2.504 m_est=2.285
[INFO] [1785745466.279173637] [acados_nmpc_node]: [attach-window] t=16.85s pos_err=0.016m T=22.42N z=2.504 m_est=2.285
[INFO] [1785745466.332576749] [acados_nmpc_node]: [attach-window] t=16.90s pos_err=0.016m T=22.42N z=2.503 m_est=2.285
[INFO] [1785745466.379094664] [acados_nmpc_node]: [attach-window] t=16.95s pos_err=0.016m T=22.43N z=2.503 m_est=2.285
[INFO] [1785745466.432671089] [acados_nmpc_node]: [attach-window] t=17.00s pos_err=0.016m T=22.43N z=2.503 m_est=2.285
[INFO] [1785745466.478692507] [acados_nmpc_node]: [attach-window] t=17.05s pos_err=0.016m T=22.41N z=2.504 m_est=2.285
[INFO] [1785745466.530966577] [acados_nmpc_node]: [attach-window] t=17.10s pos_err=0.016m T=22.41N z=2.504 m_est=2.285
[INFO] [1785745466.578842010] [acados_nmpc_node]: [attach-window] t=17.15s pos_err=0.016m T=22.39N z=2.505 m_est=2.285
[INFO] [1785745466.630896210] [acados_nmpc_node]: [attach-window] t=17.20s pos_err=0.016m T=22.39N z=2.505 m_est=2.285
[INFO] [1785745466.678689271] [acados_nmpc_node]: [attach-window] t=17.25s pos_err=0.016m T=22.38N z=2.506 m_est=2.285
[INFO] [1785745466.731020752] [acados_nmpc_node]: [attach-window] t=17.30s pos_err=0.016m T=22.38N z=2.506 m_est=2.285
[INFO] [1785745466.778702896] [acados_nmpc_node]: [attach-window] t=17.35s pos_err=0.015m T=22.39N z=2.506 m_est=2.285
[INFO] [1785745466.830787863] [acados_nmpc_node]: [attach-window] t=17.40s pos_err=0.015m T=22.39N z=2.506 m_est=2.285
[INFO] [1785745466.878622405] [acados_nmpc_node]: [attach-window] t=17.45s pos_err=0.014m T=22.40N z=2.506 m_est=2.285
[INFO] [1785745466.930805110] [acados_nmpc_node]: [attach-window] t=17.50s pos_err=0.013m T=22.41N z=2.506 m_est=2.285
[INFO] [1785745466.979108332] [acados_nmpc_node]: [attach-window] t=17.55s pos_err=0.012m T=22.41N z=2.506 m_est=2.285
[INFO] [1785745467.032482048] [acados_nmpc_node]: [attach-window] t=17.60s pos_err=0.011m T=22.41N z=2.506 m_est=2.285
[INFO] [1785745467.079101241] [acados_nmpc_node]: [attach-window] t=17.65s pos_err=0.010m T=22.42N z=2.506 m_est=2.285
[INFO] [1785745467.132654876] [acados_nmpc_node]: [attach-window] t=17.70s pos_err=0.010m T=22.42N z=2.506 m_est=2.285
[INFO] [1785745467.179080932] [acados_nmpc_node]: [attach-window] t=17.75s pos_err=0.008m T=22.43N z=2.505 m_est=2.285
[INFO] [1785745467.232661522] [acados_nmpc_node]: [attach-window] t=17.80s pos_err=0.008m T=22.43N z=2.505 m_est=2.285
[INFO] [1785745467.279071254] [acados_nmpc_node]: [attach-window] t=17.85s pos_err=0.006m T=22.44N z=2.505 m_est=2.285
[INFO] [1785745467.332688152] [acados_nmpc_node]: [attach-window] t=17.90s pos_err=0.006m T=22.44N z=2.504 m_est=2.285
[INFO] [1785745467.379034126] [acados_nmpc_node]: [attach-window] t=17.95s pos_err=0.005m T=22.44N z=2.504 m_est=2.285
[INFO] [1785745467.432611967] [acados_nmpc_node]: [attach-window] t=18.00s pos_err=0.004m T=22.44N z=2.504 m_est=2.285
[INFO] [1785745467.479131812] [acados_nmpc_node]: [attach-window] t=18.05s pos_err=0.004m T=22.43N z=2.504 m_est=2.285
[INFO] [1785745467.532572872] [acados_nmpc_node]: [attach-window] t=18.10s pos_err=0.004m T=22.43N z=2.504 m_est=2.286
[INFO] [1785745467.579165964] [acados_nmpc_node]: [attach-window] t=18.15s pos_err=0.004m T=22.43N z=2.504 m_est=2.286
[INFO] [1785745467.632677671] [acados_nmpc_node]: [attach-window] t=18.20s pos_err=0.005m T=22.43N z=2.504 m_est=2.286
[INFO] [1785745467.679050789] [acados_nmpc_node]: [attach-window] t=18.25s pos_err=0.005m T=22.43N z=2.504 m_est=2.286
[INFO] [1785745467.732688694] [acados_nmpc_node]: [attach-window] t=18.30s pos_err=0.005m T=22.44N z=2.503 m_est=2.286
[INFO] [1785745467.779189955] [acados_nmpc_node]: [attach-window] t=18.35s pos_err=0.007m T=22.44N z=2.503 m_est=2.286
[INFO] [1785745467.832984623] [acados_nmpc_node]: [attach-window] t=18.40s pos_err=0.007m T=22.44N z=2.503 m_est=2.286
[INFO] [1785745467.879461237] [acados_nmpc_node]: [attach-window] t=18.45s pos_err=0.009m T=22.44N z=2.503 m_est=2.286
[INFO] [1785745467.932879512] [acados_nmpc_node]: [attach-window] t=18.50s pos_err=0.010m T=22.44N z=2.503 m_est=2.286
[INFO] [1785745467.979402023] [acados_nmpc_node]: [attach-window] t=18.55s pos_err=0.012m T=22.43N z=2.503 m_est=2.286
[INFO] [1785745468.033277842] [acados_nmpc_node]: [attach-window] t=18.60s pos_err=0.013m T=22.42N z=2.503 m_est=2.286
[INFO] [1785745468.079341185] [acados_nmpc_node]: [attach-window] t=18.65s pos_err=0.015m T=22.41N z=2.503 m_est=2.286
[INFO] [1785745468.132994748] [acados_nmpc_node]: [attach-window] t=18.70s pos_err=0.016m T=22.41N z=2.504 m_est=2.286
[INFO] [1785745468.179076547] [acados_nmpc_node]: [attach-window] t=18.75s pos_err=0.018m T=22.40N z=2.504 m_est=2.286
[INFO] [1785745468.232862855] [acados_nmpc_node]: [attach-window] t=18.80s pos_err=0.018m T=22.40N z=2.504 m_est=2.286
[INFO] [1785745468.279240320] [acados_nmpc_node]: [attach-window] t=18.85s pos_err=0.020m T=22.41N z=2.504 m_est=2.286
[INFO] [1785745468.332849072] [acados_nmpc_node]: [attach-window] t=18.90s pos_err=0.021m T=22.42N z=2.504 m_est=2.286
[INFO] [1785745468.379203092] [acados_nmpc_node]: [attach-window] t=18.95s pos_err=0.021m T=22.43N z=2.503 m_est=2.286
[INFO] [1785745468.432819966] [acados_nmpc_node]: [attach-window] t=19.00s pos_err=0.021m T=22.44N z=2.503 m_est=2.286
[INFO] [1785745468.479206811] [acados_nmpc_node]: [attach-window] t=19.05s pos_err=0.021m T=22.45N z=2.502 m_est=2.286
[INFO] [1785745468.532819715] [acados_nmpc_node]: [attach-window] t=19.10s pos_err=0.021m T=22.45N z=2.502 m_est=2.286
[INFO] [1785745468.579163672] [acados_nmpc_node]: [attach-window] t=19.15s pos_err=0.020m T=22.46N z=2.501 m_est=2.286
[INFO] [1785745468.632745779] [acados_nmpc_node]: [attach-window] t=19.20s pos_err=0.019m T=22.46N z=2.501 m_est=2.286
[INFO] [1785745468.679247128] [acados_nmpc_node]: [attach-window] t=19.25s pos_err=0.018m T=22.45N z=2.500 m_est=2.286
[INFO] [1785745468.730903463] [acados_nmpc_node]: [attach-window] t=19.30s pos_err=0.017m T=22.46N z=2.500 m_est=2.286
[INFO] [1785745468.779128826] [acados_nmpc_node]: [attach-window] t=19.35s pos_err=0.015m T=22.46N z=2.499 m_est=2.286
[INFO] [1785745468.832757061] [acados_nmpc_node]: [attach-window] t=19.40s pos_err=0.014m T=22.46N z=2.499 m_est=2.286
[INFO] [1785745468.879142807] [acados_nmpc_node]: [attach-window] t=19.45s pos_err=0.012m T=22.46N z=2.499 m_est=2.286
[INFO] [1785745468.932586398] [acados_nmpc_node]: [attach-window] t=19.50s pos_err=0.011m T=22.46N z=2.499 m_est=2.286
[INFO] [1785745468.979062215] [acados_nmpc_node]: [attach-window] t=19.55s pos_err=0.008m T=22.45N z=2.499 m_est=2.286
[INFO] [1785745469.032711964] [acados_nmpc_node]: [attach-window] t=19.60s pos_err=0.008m T=22.45N z=2.498 m_est=2.286
[INFO] [1785745469.079086840] [acados_nmpc_node]: [attach-window] t=19.65s pos_err=0.006m T=22.44N z=2.499 m_est=2.286
[INFO] [1785745469.132944637] [acados_nmpc_node]: [attach-window] t=19.70s pos_err=0.005m T=22.43N z=2.499 m_est=2.286
[INFO] [1785745469.179159503] [acados_nmpc_node]: [attach-window] t=19.75s pos_err=0.005m T=22.43N z=2.499 m_est=2.286
[INFO] [1785745469.232708821] [acados_nmpc_node]: [attach-window] t=19.80s pos_err=0.005m T=22.43N z=2.499 m_est=2.287
[INFO] [1785745469.279149402] [acados_nmpc_node]: [attach-window] t=19.85s pos_err=0.005m T=22.43N z=2.498 m_est=2.287
[INFO] [1785745469.330997145] [acados_nmpc_node]: [attach-window] t=19.90s pos_err=0.005m T=22.43N z=2.499 m_est=2.287
[INFO] [1785745469.378665404] [acados_nmpc_node]: [attach-window] t=19.95s pos_err=0.006m T=22.42N z=2.499 m_est=2.287
[INFO] [1785745469.430915516] [acados_nmpc_node]: [attach-window] t=20.00s pos_err=0.006m T=22.42N z=2.499 m_est=2.287
[INFO] [1785745469.478627371] [acados_nmpc_node]: [attach-window] t=20.05s pos_err=0.006m T=22.40N z=2.500 m_est=2.287
[INFO] [1785745469.530797197] [acados_nmpc_node]: [attach-window] t=20.10s pos_err=0.006m T=22.39N z=2.500 m_est=2.286
[INFO] [1785745469.578681264] [acados_nmpc_node]: [attach-window] t=20.15s pos_err=0.007m T=22.37N z=2.501 m_est=2.286
[INFO] [1785745469.630964214] [acados_nmpc_node]: [attach-window] t=20.20s pos_err=0.007m T=22.36N z=2.502 m_est=2.286
[INFO] [1785745469.678546805] [acados_nmpc_node]: [attach-window] t=20.25s pos_err=0.007m T=22.34N z=2.503 m_est=2.286
[INFO] [1785745469.730975375] [acados_nmpc_node]: [attach-window] t=20.30s pos_err=0.007m T=22.34N z=2.504 m_est=2.286
[INFO] [1785745469.779155666] [acados_nmpc_node]: [attach-window] t=20.35s pos_err=0.007m T=22.34N z=2.504 m_est=2.286
[INFO] [1785745469.832723412] [acados_nmpc_node]: [attach-window] t=20.40s pos_err=0.008m T=22.35N z=2.505 m_est=2.286
[INFO] [1785745469.878646056] [acados_nmpc_node]: [attach-window] t=20.45s pos_err=0.008m T=22.37N z=2.505 m_est=2.286
[INFO] [1785745469.930975175] [acados_nmpc_node]: [attach-window] t=20.50s pos_err=0.008m T=22.38N z=2.505 m_est=2.286
[INFO] [1785745469.979273668] [acados_nmpc_node]: [attach-window] t=20.55s pos_err=0.009m T=22.40N z=2.505 m_est=2.286
[INFO] [1785745470.032934282] [acados_nmpc_node]: [attach-window] t=20.60s pos_err=0.009m T=22.40N z=2.505 m_est=2.285
[INFO] [1785745470.079127567] [acados_nmpc_node]: [attach-window] t=20.65s pos_err=0.010m T=22.42N z=2.504 m_est=2.285
[INFO] [1785745470.132913721] [acados_nmpc_node]: [attach-window] t=20.70s pos_err=0.010m T=22.42N z=2.504 m_est=2.285
[INFO] [1785745470.133399444] [acados_nmpc_node]: t=20.7s | pos_err=0.010m | T=22.42N | tau=[r0.009 p-0.060 y-0.000]Nm | res_stat=2.254e-07(peak 9.917e-07) sqp_iter=2 | solve=1.2ms
[INFO] [1785745470.179193952] [acados_nmpc_node]: [attach-window] t=20.75s pos_err=0.011m T=22.43N z=2.504 m_est=2.285
[INFO] [1785745470.232933706] [acados_nmpc_node]: [attach-window] t=20.80s pos_err=0.012m T=22.43N z=2.504 m_est=2.285
[INFO] [1785745470.279151501] [acados_nmpc_node]: [attach-window] t=20.85s pos_err=0.013m T=22.42N z=2.504 m_est=2.285
[INFO] [1785745470.333178192] [acados_nmpc_node]: [attach-window] t=20.90s pos_err=0.013m T=22.41N z=2.504 m_est=2.285
[INFO] [1785745470.379194528] [acados_nmpc_node]: [attach-window] t=20.95s pos_err=0.013m T=22.40N z=2.505 m_est=2.285
[INFO] [1785745470.430999893] [acados_nmpc_node]: [attach-window] t=21.00s pos_err=0.013m T=22.41N z=2.505 m_est=2.285
[INFO] [1785745470.478515104] [acados_nmpc_node]: [attach-window] t=21.05s pos_err=0.013m T=22.41N z=2.505 m_est=2.285
[INFO] [1785745470.531198538] [acados_nmpc_node]: [attach-window] t=21.10s pos_err=0.013m T=22.41N z=2.505 m_est=2.285
[INFO] [1785745470.578683818] [acados_nmpc_node]: [attach-window] t=21.15s pos_err=0.012m T=22.42N z=2.505 m_est=2.285
[INFO] [1785745470.631117725] [acados_nmpc_node]: [attach-window] t=21.20s pos_err=0.011m T=22.43N z=2.504 m_est=2.285
[INFO] [1785745470.678725547] [acados_nmpc_node]: [attach-window] t=21.25s pos_err=0.010m T=22.44N z=2.504 m_est=2.285
[INFO] [1785745470.731175703] [acados_nmpc_node]: [attach-window] t=21.30s pos_err=0.009m T=22.44N z=2.504 m_est=2.285
[INFO] [1785745470.778913744] [acados_nmpc_node]: [attach-window] t=21.35s pos_err=0.009m T=22.44N z=2.504 m_est=2.285
[ros2run]: Killed
