[INFO] [1788462373.171727351] [mhe_node]: MHE node starting, building/loading solver... (geom_coupled=True, N=20, m_min=1.961, m_B=2.0643)
Code reuse possible, skipping code generation.
acados was compiled without OpenMP.
[INFO] [1788462373.178759759] [mhe_node]: [prior] geom_coupled=True → 载荷质量信息**完全不生效**(grip_payload_envelope=0.3 是死代码:coupled 档下 _payload_geometry 根本不被调用);模型只吃可测杆臂 r_p + 被估质量,m 的先验仅有 Q0 质量维=0.1 (σ=3.16kg,实质无先验)
[WARN] [1788462373.179243732] [mhe_node]: geom_release_mode='self':估计器不被告知 drop。⚠️ 2026-08-24 实测,**NMPC 侧也设成 'self' 会必然坠机**——drop 后控制器继续按幽灵偏心载荷配平,指令 0.424N·m(tau_max 的 85%)作用在空机 J_xx=0.0142 上 = 29.8 rad/s²,而 MHE 10Hz/2s 窗口要 1~2s 才纠得过来,飞机先翻。**正确组合 = MHE 'self' + NMPC 'event'**(控制器是发释放指令的一方,它知道不构成认知作弊)。
[INFO] [1788462373.180669170] [mhe_node]: [c_xy_est] 质量域卸载判据已开:先武装(m_p>0.090kg),再判 m_p<0.03kg 持续 20 帧 -> 释放偏心估计
[INFO] [1788462373.181200462] [mhe_node]: [c_xy] 来源 = 一阶质量矩 s/m_T(窗口内估计,**无稳态门控**),替代窗外 EMA —— 机动中也会更新
[INFO] [1788462373.182190988] [mhe_node]: weight schedule theta = [-4.00, 0.00, 0.00, 0.00], signal mode = residual (residual self-trigger: thresh=1.5N persist=2 baseline_tau=3.0s)
[INFO] [1788462373.186314069] [mhe_node]: MHE node initialized! tau_source=command (roll/pitch NMPC意图值, yaw NMPC意图值), motor_window_avg=False, geom_release_mode=self. Waiting for odometry + control data...
[INFO] [1788462395.486096495] [mhe_node]: [no-signal] baseline settled at 19.96N (quiet 20 frames); detector armed
[INFO] [1788462395.486371810] [mhe_node]: arrival prior seeded: m=2.064 kg (m_nominal prior)
[INFO] [1788462395.486749242] [mhe_node]: [geom] model_geom_on=True (release_mode=self, truth_attached=False) mode=coupled(r_p) -> geom=[ 0.    0.   -0.47] dJ=0.0000 c_xy=[+0.0000,+0.0000] (dJ/c 为按当前 m_est 折算的诊断当量,模型内部随 m 实时生成)
[INFO] [1788462397.395550220] [mhe_node]: MHE mass estimate: 2.062 kg (T_phys=20.02N) | solve=3.8ms (max8.5)
[INFO] [1788462397.396106803] [mhe_node]: [truth] m_hat=2.0622 m_true=2.0643 err=-0.10% | c_hat=[+0.0000,+0.0000] c_true=[+0.0000,+0.0000] | Jxx_hat=0.01420 Jxx_true=0.01420 Jyz_hat=+0.00000 Jyz_true=+0.00000 | s_hat=[+0.0002,+0.0000] s_true=[+0.0000,+0.0000] kg·m
[INFO] [1788462397.396621051] [mhe_node]: [tau_phys] roll=+0.007 pitch=-0.066 Nm
[INFO] [1788462397.397212953] [mhe_node]: [mass-diag] m_est=2.0622 T=20.017N tilt=4.43deg cos=0.99701 | T/g=2.0405 T*cos/g=2.0344 | m_est-T*cos/g=+0.0278kg (+1.37%) vz=+0.121
[INFO] [1788462397.397805416] [mhe_node]: [c_xy_est] cx=-0.0000 cy=-0.0000 m
[INFO] [1788462399.393528894] [mhe_node]: MHE mass estimate: 2.060 kg (T_phys=20.21N) | solve=9.1ms (max18.2)
[INFO] [1788462399.394082909] [mhe_node]: [truth] m_hat=2.0599 m_true=2.0643 err=-0.21% | c_hat=[+0.0000,+0.0000] c_true=[+0.0000,+0.0000] | Jxx_hat=0.01420 Jxx_true=0.01420 Jyz_hat=+0.00000 Jyz_true=+0.00000 | s_hat=[-0.0011,+0.0001] s_true=[+0.0000,+0.0000] kg·m
[INFO] [1788462399.394598973] [mhe_node]: [tau_phys] roll=+0.002 pitch=+0.004 Nm
[INFO] [1788462399.395191677] [mhe_node]: [mass-diag] m_est=2.0599 T=20.210N tilt=2.63deg cos=0.99894 | T/g=2.0602 T*cos/g=2.0580 | m_est-T*cos/g=+0.0019kg (+0.09%) vz=+0.023
[INFO] [1788462399.395775121] [mhe_node]: [c_xy_est] cx=-0.0005 cy=+0.0001 m
[INFO] [1788462401.391379067] [mhe_node]: MHE mass estimate: 2.060 kg (T_phys=20.17N) | solve=6.0ms (max9.8)
[INFO] [1788462401.391941335] [mhe_node]: [truth] m_hat=2.0605 m_true=2.0643 err=-0.19% | c_hat=[+0.0000,+0.0000] c_true=[+0.0000,+0.0000] | Jxx_hat=0.01420 Jxx_true=0.01420 Jyz_hat=+0.00000 Jyz_true=+0.00000 | s_hat=[+0.0002,+0.0000] s_true=[+0.0000,+0.0000] kg·m
[INFO] [1788462401.392470961] [mhe_node]: [tau_phys] roll=-0.003 pitch=+0.007 Nm
[INFO] [1788462401.393069786] [mhe_node]: [mass-diag] m_est=2.0605 T=20.170N tilt=0.37deg cos=0.99998 | T/g=2.0561 T*cos/g=2.0560 | m_est-T*cos/g=+0.0044kg (+0.22%) vz=-0.001
[INFO] [1788462401.393662473] [mhe_node]: [c_xy_est] cx=+0.0001 cy=+0.0000 m
[INFO] [1788462403.286133152] [mhe_node]: [no-signal] mass mutation self-detected at frame 97: T_phys=18.13N vs baseline 20.07N (dev 1.94N > 1.5N over 2 frames, direction=DROP); de-weighting pre-event stages
[INFO] [1788462403.287246588] [mhe_node]: event transition started: pre-event stages de-weighted
[INFO] [1788462403.391198367] [mhe_node]: MHE mass estimate: 2.023 kg (T_phys=18.14N) | solve=4.4ms (max6.8)
[INFO] [1788462403.391745702] [mhe_node]: [truth] m_hat=2.0233 m_true=2.0643 err=-1.99% | c_hat=[+0.0000,+0.0000] c_true=[+0.0000,+0.0000] | Jxx_hat=0.01420 Jxx_true=0.01420 Jyz_hat=+0.00000 Jyz_true=+0.00000 | s_hat=[+0.0003,-0.0001] s_true=[+0.0000,+0.0000] kg·m
[INFO] [1788462403.392264715] [mhe_node]: [tau_phys] roll=+0.002 pitch=-0.005 Nm
[INFO] [1788462403.392852262] [mhe_node]: [mass-diag] m_est=2.0233 T=18.141N tilt=0.10deg cos=1.00000 | T/g=1.8493 T*cos/g=1.8493 | m_est-T*cos/g=+0.1740kg (+9.41%) vz=-0.328
[INFO] [1788462403.393430525] [mhe_node]: [c_xy_est] cx=+0.0000 cy=-0.0000 m
[INFO] [1788462405.186920446] [mhe_node]: event transition ended: nominal weights restored
[INFO] [1788462405.391556335] [mhe_node]: MHE mass estimate: 2.066 kg (T_phys=20.32N) | solve=4.3ms (max8.0)
[INFO] [1788462405.392132454] [mhe_node]: [truth] m_hat=2.0657 m_true=2.0643 err=+0.07% | c_hat=[+0.0000,+0.0000] c_true=[+0.0000,+0.0000] | Jxx_hat=0.01420 Jxx_true=0.01420 Jyz_hat=+0.00000 Jyz_true=+0.00000 | s_hat=[+0.0002,-0.0001] s_true=[+0.0000,+0.0000] kg·m
[INFO] [1788462405.392651431] [mhe_node]: [tau_phys] roll=-0.001 pitch=-0.001 Nm
[INFO] [1788462405.393239065] [mhe_node]: [mass-diag] m_est=2.0657 T=20.316N tilt=0.32deg cos=0.99998 | T/g=2.0709 T*cos/g=2.0709 | m_est-T*cos/g=-0.0052kg (-0.25%) vz=-0.068
[INFO] [1788462405.393820567] [mhe_node]: [c_xy_est] cx=+0.0001 cy=-0.0000 m
[INFO] [1788462407.286039563] [mhe_node]: [no-signal] baseline settled at 20.21N (quiet 20 frames); detector armed
[INFO] [1788462407.402456046] [mhe_node]: MHE mass estimate: 2.003 kg (T_phys=20.04N) | solve=10.6ms (max32.1)
[INFO] [1788462407.403000041] [mhe_node]: [truth] m_hat=2.0034 m_true=2.0643 err=-2.95% | c_hat=[+0.0000,+0.0000] c_true=[+0.0000,+0.0000] | Jxx_hat=0.01420 Jxx_true=0.01420 Jyz_hat=+0.00000 Jyz_true=+0.00000 | s_hat=[+0.0044,+0.0001] s_true=[+0.0000,+0.0000] kg·m
[INFO] [1788462407.403516474] [mhe_node]: [tau_phys] roll=-0.065 pitch=-0.052 Nm
[INFO] [1788462407.404115578] [mhe_node]: [mass-diag] m_est=2.0034 T=20.041N tilt=0.61deg cos=0.99994 | T/g=2.0429 T*cos/g=2.0428 | m_est-T*cos/g=-0.0394kg (-1.93%) vz=-0.001
[INFO] [1788462407.404695140] [mhe_node]: [c_xy_est] cx=+0.0021 cy=+0.0001 m
[INFO] [1788462408.586144150] [mhe_node]: [no-signal] mass mutation self-detected at frame 150: T_phys=22.45N vs baseline 20.31N (dev 2.14N > 1.5N over 2 frames, direction=ATTACH); de-weighting pre-event stages
[INFO] [1788462408.586352050] [mhe_node]: [payload-state] EMPTY->LOADED (attach, m_p=-0.038kg)
[INFO] [1788462408.587417052] [mhe_node]: event transition started: pre-event stages de-weighted
[INFO] [1788462409.392765625] [mhe_node]: MHE mass estimate: 2.238 kg (T_phys=22.67N) | solve=11.8ms (max25.9)
[INFO] [1788462409.393331846] [mhe_node]: [truth] m_hat=2.2383 m_true=2.0643 err=+8.43% | c_hat=[+0.0000,+0.0000] c_true=[+0.0000,+0.0000] | Jxx_hat=0.01420 Jxx_true=0.01420 Jyz_hat=+0.00000 Jyz_true=+0.00000 | s_hat=[-0.0033,-0.0182] s_true=[+0.0000,+0.0000] kg·m
[INFO] [1788462409.393856993] [mhe_node]: [tau_phys] roll=-0.080 pitch=-0.440 Nm
[INFO] [1788462409.394445325] [mhe_node]: [mass-diag] m_est=2.2383 T=22.668N tilt=0.18deg cos=1.00000 | T/g=2.3107 T*cos/g=2.3107 | m_est-T*cos/g=-0.0724kg (-3.13%) vz=+0.464
[INFO] [1788462409.395028923] [mhe_node]: [c_xy_est] cx=-0.0008 cy=-0.0081 m
[INFO] [1788462410.486906925] [mhe_node]: event transition ended: nominal weights restored
[INFO] [1788462411.437598081] [mhe_node]: MHE mass estimate: 1.961 kg (T_phys=21.94N) | solve=27.0ms (max50.8)
[INFO] [1788462411.438002450] [mhe_node]: [truth] m_hat=1.9611 m_true=2.0643 err=-5.00% | c_hat=[+0.0000,+0.0000] c_true=[+0.0000,+0.0000] | Jxx_hat=0.01420 Jxx_true=0.01420 Jyz_hat=+0.00000 Jyz_true=+0.00000 | s_hat=[+0.0087,-0.0082] s_true=[+0.0000,+0.0000] kg·m
[INFO] [1788462411.438368108] [mhe_node]: [tau_phys] roll=-0.165 pitch=+0.012 Nm
[INFO] [1788462411.438785698] [mhe_node]: [mass-diag] m_est=1.9611 T=21.945N tilt=1.35deg cos=0.99972 | T/g=2.2370 T*cos/g=2.2364 | m_est-T*cos/g=-0.2753kg (-12.31%) vz=+1.019
[INFO] [1788462411.439189685] [mhe_node]: [c_xy_est] cx=+0.0051 cy=-0.0043 m
[INFO] [1788462413.396720957] [mhe_node]: MHE mass estimate: 2.224 kg (T_phys=21.02N) | solve=23.4ms (max43.1)
[INFO] [1788462413.397399926] [mhe_node]: [truth] m_hat=2.2241 m_true=2.0643 err=+7.74% | c_hat=[+0.0000,+0.0000] c_true=[+0.0000,+0.0000] | Jxx_hat=0.01420 Jxx_true=0.01420 Jyz_hat=+0.00000 Jyz_true=+0.00000 | s_hat=[-0.0022,-0.0181] s_true=[+0.0000,+0.0000] kg·m
[INFO] [1788462413.397924559] [mhe_node]: [tau_phys] roll=-0.201 pitch=+0.033 Nm
[INFO] [1788462413.398505628] [mhe_node]: [mass-diag] m_est=2.2241 T=21.018N tilt=0.33deg cos=0.99998 | T/g=2.1425 T*cos/g=2.1425 | m_est-T*cos/g=+0.0816kg (+3.81%) vz=+1.059
[INFO] [1788462413.399087840] [mhe_node]: [c_xy_est] cx=-0.0006 cy=-0.0081 m
[INFO] [1788462414.086131996] [mhe_node]: [no-signal] baseline settled at 21.45N (quiet 20 frames); detector armed
[INFO] [1788462414.386027034] [mhe_node]: [c_xy_est] 质量域判据已武装(m_p=0.149kg 连续20帧高于水位)
[INFO] [1788462415.390551441] [mhe_node]: MHE mass estimate: 2.221 kg (T_phys=20.97N) | solve=4.2ms (max6.6)
[INFO] [1788462415.391122505] [mhe_node]: [truth] m_hat=2.2206 m_true=2.0643 err=+7.57% | c_hat=[+0.0000,+0.0000] c_true=[+0.0000,+0.0000] | Jxx_hat=0.01420 Jxx_true=0.01420 Jyz_hat=+0.00000 Jyz_true=+0.00000 | s_hat=[-0.0023,-0.0183] s_true=[+0.0000,+0.0000] kg·m
[INFO] [1788462415.391648022] [mhe_node]: [tau_phys] roll=-0.170 pitch=+0.042 Nm
[INFO] [1788462415.392247136] [mhe_node]: [mass-diag] m_est=2.2206 T=20.970N tilt=0.31deg cos=0.99999 | T/g=2.1376 T*cos/g=2.1376 | m_est-T*cos/g=+0.0830kg (+3.88%) vz=+0.262
[INFO] [1788462415.392831473] [mhe_node]: [c_xy_est] cx=-0.0010 cy=-0.0083 m
[INFO] [1788462417.391303434] [mhe_node]: MHE mass estimate: 2.214 kg (T_phys=21.65N) | solve=3.5ms (max4.4)
[INFO] [1788462417.391880500] [mhe_node]: [truth] m_hat=2.2140 m_true=2.0643 err=+7.25% | c_hat=[+0.0000,+0.0000] c_true=[+0.0000,+0.0000] | Jxx_hat=0.01420 Jxx_true=0.01420 Jyz_hat=+0.00000 Jyz_true=+0.00000 | s_hat=[-0.0022,-0.0184] s_true=[+0.0000,+0.0000] kg·m
[INFO] [1788462417.392404643] [mhe_node]: [tau_phys] roll=-0.182 pitch=+0.024 Nm
[INFO] [1788462417.392990874] [mhe_node]: [mass-diag] m_est=2.2140 T=21.654N tilt=0.02deg cos=1.00000 | T/g=2.2073 T*cos/g=2.2073 | m_est-T*cos/g=+0.0067kg (+0.30%) vz=-0.006
[INFO] [1788462417.393568320] [mhe_node]: [c_xy_est] cx=-0.0010 cy=-0.0083 m
[INFO] [1788462419.392528589] [mhe_node]: MHE mass estimate: 2.210 kg (T_phys=21.57N) | solve=4.2ms (max10.8)
[INFO] [1788462419.393100732] [mhe_node]: [truth] m_hat=2.2099 m_true=2.0643 err=+7.05% | c_hat=[+0.0000,+0.0000] c_true=[+0.0000,+0.0000] | Jxx_hat=0.01420 Jxx_true=0.01420 Jyz_hat=+0.00000 Jyz_true=+0.00000 | s_hat=[-0.0034,-0.0175] s_true=[+0.0000,+0.0000] kg·m
[INFO] [1788462419.393619401] [mhe_node]: [tau_phys] roll=-0.158 pitch=-0.154 Nm
[INFO] [1788462419.394217984] [mhe_node]: [mass-diag] m_est=2.2099 T=21.569N tilt=0.15deg cos=1.00000 | T/g=2.1987 T*cos/g=2.1987 | m_est-T*cos/g=+0.0112kg (+0.51%) vz=+0.006
[INFO] [1788462419.394803514] [mhe_node]: [c_xy_est] cx=-0.0014 cy=-0.0079 m
[INFO] [1788462421.395182319] [mhe_node]: MHE mass estimate: 2.201 kg (T_phys=21.27N) | solve=5.9ms (max10.9)
[INFO] [1788462421.395746523] [mhe_node]: [truth] m_hat=2.2006 m_true=2.0643 err=+6.60% | c_hat=[+0.0000,+0.0000] c_true=[+0.0000,+0.0000] | Jxx_hat=0.01420 Jxx_true=0.01420 Jyz_hat=+0.00000 Jyz_true=+0.00000 | s_hat=[-0.0033,-0.0175] s_true=[+0.0000,+0.0000] kg·m
[INFO] [1788462421.396266534] [mhe_node]: [tau_phys] roll=-0.202 pitch=+0.131 Nm
[INFO] [1788462421.396851241] [mhe_node]: [mass-diag] m_est=2.2006 T=21.266N tilt=0.97deg cos=0.99986 | T/g=2.1678 T*cos/g=2.1674 | m_est-T*cos/g=+0.0332kg (+1.53%) vz=-0.001
[INFO] [1788462421.397422307] [mhe_node]: [c_xy_est] cx=-0.0014 cy=-0.0080 m
[INFO] [1788462423.399857965] [mhe_node]: MHE mass estimate: 2.198 kg (T_phys=21.74N) | solve=11.2ms (max20.1)
[INFO] [1788462423.400420040] [mhe_node]: [truth] m_hat=2.1977 m_true=2.0643 err=+6.46% | c_hat=[+0.0000,+0.0000] c_true=[+0.0000,+0.0000] | Jxx_hat=0.01420 Jxx_true=0.01420 Jyz_hat=+0.00000 Jyz_true=+0.00000 | s_hat=[+0.0035,-0.0179] s_true=[+0.0000,+0.0000] kg·m
[INFO] [1788462423.400942448] [mhe_node]: [tau_phys] roll=-0.184 pitch=-0.058 Nm
[INFO] [1788462423.401526337] [mhe_node]: [mass-diag] m_est=2.1977 T=21.741N tilt=5.56deg cos=0.99530 | T/g=2.2162 T*cos/g=2.2057 | m_est-T*cos/g=-0.0080kg (-0.36%) vz=+0.084
[INFO] [1788462423.402110691] [mhe_node]: [c_xy_est] cx=+0.0015 cy=-0.0082 m
[INFO] [1788462425.393472835] [mhe_node]: MHE mass estimate: 2.186 kg (T_phys=21.70N) | solve=6.5ms (max11.5)
[INFO] [1788462425.394056507] [mhe_node]: [truth] m_hat=2.1863 m_true=2.0643 err=+5.91% | c_hat=[+0.0000,+0.0000] c_true=[+0.0000,+0.0000] | Jxx_hat=0.01420 Jxx_true=0.01420 Jyz_hat=+0.00000 Jyz_true=+0.00000 | s_hat=[+0.0019,-0.0201] s_true=[+0.0000,+0.0000] kg·m
[INFO] [1788462425.394576649] [mhe_node]: [tau_phys] roll=-0.221 pitch=-0.051 Nm
[INFO] [1788462425.395163812] [mhe_node]: [mass-diag] m_est=2.1863 T=21.697N tilt=7.57deg cos=0.99130 | T/g=2.2117 T*cos/g=2.1925 | m_est-T*cos/g=-0.0061kg (-0.28%) vz=+0.160
[INFO] [1788462425.395764657] [mhe_node]: [c_xy_est] cx=+0.0009 cy=-0.0091 m
[INFO] [1788462427.404105885] [mhe_node]: MHE mass estimate: 2.186 kg (T_phys=21.58N) | solve=8.4ms (max17.1)
[INFO] [1788462427.404665868] [mhe_node]: [truth] m_hat=2.1857 m_true=2.0643 err=+5.88% | c_hat=[+0.0000,+0.0000] c_true=[+0.0000,+0.0000] | Jxx_hat=0.01420 Jxx_true=0.01420 Jyz_hat=+0.00000 Jyz_true=+0.00000 | s_hat=[-0.0001,-0.0210] s_true=[+0.0000,+0.0000] kg·m
[INFO] [1788462427.405198484] [mhe_node]: [tau_phys] roll=-0.194 pitch=+0.174 Nm
[INFO] [1788462427.405777659] [mhe_node]: [mass-diag] m_est=2.1857 T=21.582N tilt=7.47deg cos=0.99151 | T/g=2.2000 T*cos/g=2.1813 | m_est-T*cos/g=+0.0044kg (+0.20%) vz=+0.045
[INFO] [1788462427.406352571] [mhe_node]: [c_xy_est] cx=+0.0000 cy=-0.0097 m
[INFO] [1788462429.398129721] [mhe_node]: MHE mass estimate: 2.192 kg (T_phys=21.86N) | solve=10.2ms (max16.1)
[INFO] [1788462429.398691868] [mhe_node]: [truth] m_hat=2.1920 m_true=2.0643 err=+6.19% | c_hat=[+0.0000,+0.0000] c_true=[+0.0000,+0.0000] | Jxx_hat=0.01420 Jxx_true=0.01420 Jyz_hat=+0.00000 Jyz_true=+0.00000 | s_hat=[+0.0004,-0.0226] s_true=[+0.0000,+0.0000] kg·m
[INFO] [1788462429.399213076] [mhe_node]: [tau_phys] roll=-0.198 pitch=-0.116 Nm
[INFO] [1788462429.399799987] [mhe_node]: [mass-diag] m_est=2.1920 T=21.863N tilt=12.18deg cos=0.97749 | T/g=2.2287 T*cos/g=2.1785 | m_est-T*cos/g=+0.0135kg (+0.62%) vz=-0.148
[INFO] [1788462429.400381021] [mhe_node]: [c_xy_est] cx=-0.0000 cy=-0.0103 m
[INFO] [1788462431.393475462] [mhe_node]: MHE mass estimate: 2.175 kg (T_phys=21.48N) | solve=10.1ms (max16.9)
[INFO] [1788462431.394179076] [mhe_node]: [truth] m_hat=2.1746 m_true=2.0643 err=+5.34% | c_hat=[+0.0000,+0.0000] c_true=[+0.0000,+0.0000] | Jxx_hat=0.01420 Jxx_true=0.01420 Jyz_hat=+0.00000 Jyz_true=+0.00000 | s_hat=[+0.0013,-0.0174] s_true=[+0.0000,+0.0000] kg·m
[INFO] [1788462431.394704127] [mhe_node]: [tau_phys] roll=-0.185 pitch=-0.257 Nm
[INFO] [1788462431.395297903] [mhe_node]: [mass-diag] m_est=2.1746 T=21.476N tilt=5.91deg cos=0.99469 | T/g=2.1892 T*cos/g=2.1775 | m_est-T*cos/g=-0.0030kg (-0.14%) vz=-0.261
[INFO] [1788462431.395882608] [mhe_node]: [c_xy_est] cx=+0.0007 cy=-0.0081 m
[INFO] [1788462433.400981019] [mhe_node]: MHE mass estimate: 2.189 kg (T_phys=21.84N) | solve=8.7ms (max16.1)
[INFO] [1788462433.401549863] [mhe_node]: [truth] m_hat=2.1889 m_true=2.0643 err=+6.04% | c_hat=[+0.0000,+0.0000] c_true=[+0.0000,+0.0000] | Jxx_hat=0.01420 Jxx_true=0.01420 Jyz_hat=+0.00000 Jyz_true=+0.00000 | s_hat=[-0.0033,-0.0142] s_true=[+0.0000,+0.0000] kg·m
[INFO] [1788462433.402079147] [mhe_node]: [tau_phys] roll=-0.137 pitch=+0.053 Nm
[INFO] [1788462433.402668386] [mhe_node]: [mass-diag] m_est=2.1889 T=21.838N tilt=4.86deg cos=0.99640 | T/g=2.2261 T*cos/g=2.2180 | m_est-T*cos/g=-0.0291kg (-1.31%) vz=-0.213
[INFO] [1788462433.403254971] [mhe_node]: [c_xy_est] cx=-0.0013 cy=-0.0065 m
[INFO] [1788462435.397307907] [mhe_node]: MHE mass estimate: 2.201 kg (T_phys=21.95N) | solve=8.2ms (max12.7)
[INFO] [1788462435.397874294] [mhe_node]: [truth] m_hat=2.2009 m_true=2.0643 err=+6.62% | c_hat=[+0.0000,+0.0000] c_true=[+0.0000,+0.0000] | Jxx_hat=0.01420 Jxx_true=0.01420 Jyz_hat=+0.00000 Jyz_true=+0.00000 | s_hat=[-0.0075,-0.0128] s_true=[+0.0000,+0.0000] kg·m
[INFO] [1788462435.398387790] [mhe_node]: [tau_phys] roll=-0.122 pitch=+0.024 Nm
[INFO] [1788462435.398966675] [mhe_node]: [mass-diag] m_est=2.2009 T=21.949N tilt=9.67deg cos=0.98580 | T/g=2.2374 T*cos/g=2.2057 | m_est-T*cos/g=-0.0048kg (-0.22%) vz=-0.099
[INFO] [1788462435.399542458] [mhe_node]: [c_xy_est] cx=-0.0034 cy=-0.0058 m
[INFO] [1788462437.392333074] [mhe_node]: MHE mass estimate: 2.189 kg (T_phys=21.58N) | solve=8.1ms (max15.1)
[INFO] [1788462437.392902932] [mhe_node]: [truth] m_hat=2.1887 m_true=2.0643 err=+6.03% | c_hat=[+0.0000,+0.0000] c_true=[+0.0000,+0.0000] | Jxx_hat=0.01420 Jxx_true=0.01420 Jyz_hat=+0.00000 Jyz_true=+0.00000 | s_hat=[-0.0009,-0.0140] s_true=[+0.0000,+0.0000] kg·m
[INFO] [1788462437.393423570] [mhe_node]: [tau_phys] roll=-0.163 pitch=+0.183 Nm
[INFO] [1788462437.394012480] [mhe_node]: [mass-diag] m_est=2.1887 T=21.580N tilt=5.20deg cos=0.99588 | T/g=2.1998 T*cos/g=2.1907 | m_est-T*cos/g=-0.0020kg (-0.09%) vz=-0.006
[INFO] [1788462437.394594199] [mhe_node]: [c_xy_est] cx=-0.0004 cy=-0.0063 m
[INFO] [1788462439.402812156] [mhe_node]: MHE mass estimate: 2.188 kg (T_phys=22.00N) | solve=7.9ms (max15.9)
[INFO] [1788462439.403380795] [mhe_node]: [truth] m_hat=2.1883 m_true=2.0643 err=+6.01% | c_hat=[+0.0000,+0.0000] c_true=[+0.0000,+0.0000] | Jxx_hat=0.01420 Jxx_true=0.01420 Jyz_hat=+0.00000 Jyz_true=+0.00000 | s_hat=[-0.0086,-0.0150] s_true=[+0.0000,+0.0000] kg·m
[INFO] [1788462439.403916210] [mhe_node]: [tau_phys] roll=-0.116 pitch=+0.011 Nm
[INFO] [1788462439.404506988] [mhe_node]: [mass-diag] m_est=2.1883 T=22.004N tilt=8.74deg cos=0.98840 | T/g=2.2430 T*cos/g=2.2170 | m_est-T*cos/g=-0.0287kg (-1.29%) vz=+0.111
[INFO] [1788462439.405092585] [mhe_node]: [c_xy_est] cx=-0.0037 cy=-0.0068 m
[INFO] [1788462441.393326881] [mhe_node]: MHE mass estimate: 2.183 kg (T_phys=21.62N) | solve=10.9ms (max19.1)
[INFO] [1788462441.393902420] [mhe_node]: [truth] m_hat=2.1833 m_true=2.0643 err=+5.76% | c_hat=[+0.0000,+0.0000] c_true=[+0.0000,+0.0000] | Jxx_hat=0.01420 Jxx_true=0.01420 Jyz_hat=+0.00000 Jyz_true=+0.00000 | s_hat=[+0.0011,-0.0126] s_true=[+0.0000,+0.0000] kg·m
[INFO] [1788462441.394424339] [mhe_node]: [tau_phys] roll=-0.152 pitch=-0.052 Nm
[INFO] [1788462441.395012268] [mhe_node]: [mass-diag] m_est=2.1833 T=21.616N tilt=9.74deg cos=0.98560 | T/g=2.2034 T*cos/g=2.1717 | m_est-T*cos/g=+0.0116kg (+0.53%) vz=+0.217
[INFO] [1788462441.395593791] [mhe_node]: [c_xy_est] cx=+0.0002 cy=-0.0057 m
[INFO] [1788462443.393322738] [mhe_node]: MHE mass estimate: 2.180 kg (T_phys=21.53N) | solve=8.5ms (max14.7)
[INFO] [1788462443.393891532] [mhe_node]: [truth] m_hat=2.1795 m_true=2.0643 err=+5.58% | c_hat=[+0.0000,+0.0000] c_true=[+0.0000,+0.0000] | Jxx_hat=0.01420 Jxx_true=0.01420 Jyz_hat=+0.00000 Jyz_true=+0.00000 | s_hat=[-0.0041,-0.0164] s_true=[+0.0000,+0.0000] kg·m
[INFO] [1788462443.394409431] [mhe_node]: [tau_phys] roll=-0.176 pitch=+0.160 Nm
[INFO] [1788462443.394989403] [mhe_node]: [mass-diag] m_est=2.1795 T=21.530N tilt=1.72deg cos=0.99955 | T/g=2.1947 T*cos/g=2.1937 | m_est-T*cos/g=-0.0142kg (-0.65%) vz=+0.228
[INFO] [1788462443.395563208] [mhe_node]: [c_xy_est] cx=-0.0017 cy=-0.0075 m
[INFO] [1788462445.396435506] [mhe_node]: MHE mass estimate: 2.201 kg (T_phys=21.93N) | solve=6.6ms (max9.7)
[INFO] [1788462445.397011714] [mhe_node]: [truth] m_hat=2.2011 m_true=2.0643 err=+6.63% | c_hat=[+0.0000,+0.0000] c_true=[+0.0000,+0.0000] | Jxx_hat=0.01420 Jxx_true=0.01420 Jyz_hat=+0.00000 Jyz_true=+0.00000 | s_hat=[-0.0087,-0.0196] s_true=[+0.0000,+0.0000] kg·m
[INFO] [1788462445.397530943] [mhe_node]: [tau_phys] roll=-0.194 pitch=+0.021 Nm
[INFO] [1788462445.398119801] [mhe_node]: [mass-diag] m_est=2.2011 T=21.931N tilt=8.35deg cos=0.98939 | T/g=2.2356 T*cos/g=2.2118 | m_est-T*cos/g=-0.0107kg (-0.48%) vz=+0.193
[INFO] [1788462445.398697403] [mhe_node]: [c_xy_est] cx=-0.0040 cy=-0.0089 m
[INFO] [1788462447.402919630] [mhe_node]: MHE mass estimate: 2.197 kg (T_phys=21.57N) | solve=9.9ms (max15.9)
[INFO] [1788462447.403488421] [mhe_node]: [truth] m_hat=2.1972 m_true=2.0643 err=+6.44% | c_hat=[+0.0000,+0.0000] c_true=[+0.0000,+0.0000] | Jxx_hat=0.01420 Jxx_true=0.01420 Jyz_hat=+0.00000 Jyz_true=+0.00000 | s_hat=[-0.0038,-0.0202] s_true=[+0.0000,+0.0000] kg·m
[INFO] [1788462447.404012191] [mhe_node]: [tau_phys] roll=-0.221 pitch=+0.257 Nm
[INFO] [1788462447.404593630] [mhe_node]: [mass-diag] m_est=2.1972 T=21.566N tilt=9.06deg cos=0.98751 | T/g=2.1984 T*cos/g=2.1709 | m_est-T*cos/g=+0.0263kg (+1.21%) vz=+0.101
[INFO] [1788462447.405185946] [mhe_node]: [c_xy_est] cx=-0.0017 cy=-0.0093 m
[INFO] [1788462449.393281006] [mhe_node]: MHE mass estimate: 2.195 kg (T_phys=21.58N) | solve=7.7ms (max17.6)
[INFO] [1788462449.393979677] [mhe_node]: [truth] m_hat=2.1951 m_true=2.0643 err=+6.33% | c_hat=[+0.0000,+0.0000] c_true=[+0.0000,+0.0000] | Jxx_hat=0.01420 Jxx_true=0.01420 Jyz_hat=+0.00000 Jyz_true=+0.00000 | s_hat=[-0.0051,-0.0184] s_true=[+0.0000,+0.0000] kg·m
[INFO] [1788462449.394502712] [mhe_node]: [tau_phys] roll=-0.199 pitch=+0.012 Nm
[INFO] [1788462449.395091180] [mhe_node]: [mass-diag] m_est=2.1951 T=21.581N tilt=5.31deg cos=0.99571 | T/g=2.1999 T*cos/g=2.1905 | m_est-T*cos/g=+0.0046kg (+0.21%) vz=-0.056
[INFO] [1788462449.395698045] [mhe_node]: [c_xy_est] cx=-0.0025 cy=-0.0084 m
[INFO] [1788462451.395061253] [mhe_node]: MHE mass estimate: 2.201 kg (T_phys=21.86N) | solve=8.5ms (max12.9)
[INFO] [1788462451.395630630] [mhe_node]: [truth] m_hat=2.2010 m_true=2.0643 err=+6.62% | c_hat=[+0.0000,+0.0000] c_true=[+0.0000,+0.0000] | Jxx_hat=0.01420 Jxx_true=0.01420 Jyz_hat=+0.00000 Jyz_true=+0.00000 | s_hat=[-0.0047,-0.0205] s_true=[+0.0000,+0.0000] kg·m
[INFO] [1788462451.396151123] [mhe_node]: [tau_phys] roll=-0.174 pitch=+0.094 Nm
[INFO] [1788462451.396762938] [mhe_node]: [mass-diag] m_est=2.2010 T=21.857N tilt=10.25deg cos=0.98403 | T/g=2.2280 T*cos/g=2.1925 | m_est-T*cos/g=+0.0085kg (+0.39%) vz=-0.156
[INFO] [1788462451.397347144] [mhe_node]: [c_xy_est] cx=-0.0024 cy=-0.0093 m
[INFO] [1788462453.398729953] [mhe_node]: MHE mass estimate: 2.190 kg (T_phys=21.45N) | solve=8.4ms (max14.0)
[INFO] [1788462453.399476077] [mhe_node]: [truth] m_hat=2.1905 m_true=2.0643 err=+6.11% | c_hat=[+0.0000,+0.0000] c_true=[+0.0000,+0.0000] | Jxx_hat=0.01420 Jxx_true=0.01420 Jyz_hat=+0.00000 Jyz_true=+0.00000 | s_hat=[-0.0035,-0.0185] s_true=[+0.0000,+0.0000] kg·m
[INFO] [1788462453.400002186] [mhe_node]: [tau_phys] roll=-0.155 pitch=+0.308 Nm
[INFO] [1788462453.400587898] [mhe_node]: [mass-diag] m_est=2.1905 T=21.451N tilt=6.66deg cos=0.99324 | T/g=2.1867 T*cos/g=2.1719 | m_est-T*cos/g=+0.0186kg (+0.85%) vz=-0.218
[INFO] [1788462453.401170236] [mhe_node]: [c_xy_est] cx=-0.0017 cy=-0.0085 m
[INFO] [1788462455.395580002] [mhe_node]: MHE mass estimate: 2.191 kg (T_phys=21.73N) | solve=7.6ms (max20.4)
[INFO] [1788462455.396150805] [mhe_node]: [truth] m_hat=2.1909 m_true=2.0643 err=+6.13% | c_hat=[+0.0000,+0.0000] c_true=[+0.0000,+0.0000] | Jxx_hat=0.01420 Jxx_true=0.01420 Jyz_hat=+0.00000 Jyz_true=+0.00000 | s_hat=[-0.0071,-0.0156] s_true=[+0.0000,+0.0000] kg·m
[INFO] [1788462455.396674264] [mhe_node]: [tau_phys] roll=-0.150 pitch=+0.071 Nm
[INFO] [1788462455.397263062] [mhe_node]: [mass-diag] m_est=2.1909 T=21.732N tilt=4.05deg cos=0.99751 | T/g=2.2153 T*cos/g=2.2097 | m_est-T*cos/g=-0.0188kg (-0.85%) vz=-0.225
[INFO] [1788462455.397855206] [mhe_node]: [c_xy_est] cx=-0.0031 cy=-0.0072 m
[INFO] [1788462457.396543417] [mhe_node]: MHE mass estimate: 2.201 kg (T_phys=22.09N) | solve=10.2ms (max20.4)
[INFO] [1788462457.397118687] [mhe_node]: [truth] m_hat=2.2006 m_true=2.0643 err=+6.60% | c_hat=[+0.0000,+0.0000] c_true=[+0.0000,+0.0000] | Jxx_hat=0.01420 Jxx_true=0.01420 Jyz_hat=+0.00000 Jyz_true=+0.00000 | s_hat=[-0.0110,-0.0141] s_true=[+0.0000,+0.0000] kg·m
[INFO] [1788462457.397639994] [mhe_node]: [tau_phys] roll=-0.133 pitch=+0.076 Nm
[INFO] [1788462457.398227858] [mhe_node]: [mass-diag] m_est=2.2006 T=22.095N tilt=9.87deg cos=0.98519 | T/g=2.2523 T*cos/g=2.2189 | m_est-T*cos/g=-0.0183kg (-0.82%) vz=-0.118
[INFO] [1788462457.398810699] [mhe_node]: [c_xy_est] cx=-0.0051 cy=-0.0065 m
[INFO] [1788462459.396575410] [mhe_node]: MHE mass estimate: 2.197 kg (T_phys=21.74N) | solve=7.1ms (max11.7)
[INFO] [1788462459.397146930] [mhe_node]: [truth] m_hat=2.1967 m_true=2.0643 err=+6.41% | c_hat=[+0.0000,+0.0000] c_true=[+0.0000,+0.0000] | Jxx_hat=0.01420 Jxx_true=0.01420 Jyz_hat=+0.00000 Jyz_true=+0.00000 | s_hat=[-0.0062,-0.0161] s_true=[+0.0000,+0.0000] kg·m
[INFO] [1788462459.397662574] [mhe_node]: [tau_phys] roll=-0.169 pitch=+0.118 Nm
[INFO] [1788462459.398252235] [mhe_node]: [mass-diag] m_est=2.1967 T=21.736N tilt=5.95deg cos=0.99461 | T/g=2.2157 T*cos/g=2.2038 | m_est-T*cos/g=-0.0071kg (-0.32%) vz=-0.012
[INFO] [1788462459.398837595] [mhe_node]: [c_xy_est] cx=-0.0028 cy=-0.0073 m
[INFO] [1788462461.395553540] [mhe_node]: MHE mass estimate: 2.198 kg (T_phys=22.02N) | solve=6.9ms (max10.8)
[INFO] [1788462461.396125829] [mhe_node]: [truth] m_hat=2.1982 m_true=2.0643 err=+6.49% | c_hat=[+0.0000,+0.0000] c_true=[+0.0000,+0.0000] | Jxx_hat=0.01420 Jxx_true=0.01420 Jyz_hat=+0.00000 Jyz_true=+0.00000 | s_hat=[-0.0094,-0.0161] s_true=[+0.0000,+0.0000] kg·m
[INFO] [1788462461.396643237] [mhe_node]: [tau_phys] roll=-0.202 pitch=+0.062 Nm
[INFO] [1788462461.397231775] [mhe_node]: [mass-diag] m_est=2.1982 T=22.020N tilt=7.58deg cos=0.99125 | T/g=2.2446 T*cos/g=2.2250 | m_est-T*cos/g=-0.0268kg (-1.20%) vz=+0.107
[INFO] [1788462461.397813850] [mhe_node]: [c_xy_est] cx=-0.0041 cy=-0.0072 m
[INFO] [1788462463.398420010] [mhe_node]: MHE mass estimate: 2.193 kg (T_phys=21.78N) | solve=10.8ms (max16.9)
[INFO] [1788462463.398987794] [mhe_node]: [truth] m_hat=2.1931 m_true=2.0643 err=+6.24% | c_hat=[+0.0000,+0.0000] c_true=[+0.0000,+0.0000] | Jxx_hat=0.01420 Jxx_true=0.01420 Jyz_hat=+0.00000 Jyz_true=+0.00000 | s_hat=[-0.0036,-0.0140] s_true=[+0.0000,+0.0000] kg·m
[INFO] [1788462463.399508329] [mhe_node]: [tau_phys] roll=-0.172 pitch=-0.026 Nm
[INFO] [1788462463.400096586] [mhe_node]: [mass-diag] m_est=2.1931 T=21.776N tilt=9.76deg cos=0.98553 | T/g=2.2197 T*cos/g=2.1876 | m_est-T*cos/g=+0.0055kg (+0.25%) vz=+0.228
[INFO] [1788462463.400678409] [mhe_node]: [c_xy_est] cx=-0.0018 cy=-0.0064 m
[INFO] [1788462465.394577036] [mhe_node]: MHE mass estimate: 2.188 kg (T_phys=21.57N) | solve=8.8ms (max14.1)
[INFO] [1788462465.395148302] [mhe_node]: [truth] m_hat=2.1875 m_true=2.0643 err=+5.97% | c_hat=[+0.0000,+0.0000] c_true=[+0.0000,+0.0000] | Jxx_hat=0.01420 Jxx_true=0.01420 Jyz_hat=+0.00000 Jyz_true=+0.00000 | s_hat=[-0.0048,-0.0172] s_true=[+0.0000,+0.0000] kg·m
[INFO] [1788462465.395673110] [mhe_node]: [tau_phys] roll=-0.173 pitch=+0.145 Nm
[INFO] [1788462465.396266052] [mhe_node]: [mass-diag] m_est=2.1875 T=21.566N tilt=2.17deg cos=0.99929 | T/g=2.1984 T*cos/g=2.1968 | m_est-T*cos/g=-0.0093kg (-0.42%) vz=+0.245
[INFO] [1788462465.396852476] [mhe_node]: [c_xy_est] cx=-0.0020 cy=-0.0078 m
[INFO] [1788462467.395435286] [mhe_node]: MHE mass estimate: 2.197 kg (T_phys=21.96N) | solve=6.3ms (max12.0)
[INFO] [1788462467.396131875] [mhe_node]: [truth] m_hat=2.1967 m_true=2.0643 err=+6.41% | c_hat=[+0.0000,+0.0000] c_true=[+0.0000,+0.0000] | Jxx_hat=0.01420 Jxx_true=0.01420 Jyz_hat=+0.00000 Jyz_true=+0.00000 | s_hat=[-0.0082,-0.0198] s_true=[+0.0000,+0.0000] kg·m
[INFO] [1788462467.396648895] [mhe_node]: [tau_phys] roll=-0.202 pitch=+0.121 Nm
[INFO] [1788462467.397262692] [mhe_node]: [mass-diag] m_est=2.1967 T=21.963N tilt=7.82deg cos=0.99069 | T/g=2.2389 T*cos/g=2.2180 | m_est-T*cos/g=-0.0214kg (-0.96%) vz=+0.187
[INFO] [1788462467.397845083] [mhe_node]: [c_xy_est] cx=-0.0038 cy=-0.0090 m
[INFO] [1788462469.395388641] [mhe_node]: MHE mass estimate: 2.194 kg (T_phys=21.64N) | solve=8.3ms (max10.5)
[INFO] [1788462469.395958906] [mhe_node]: [truth] m_hat=2.1941 m_true=2.0643 err=+6.29% | c_hat=[+0.0000,+0.0000] c_true=[+0.0000,+0.0000] | Jxx_hat=0.01420 Jxx_true=0.01420 Jyz_hat=+0.00000 Jyz_true=+0.00000 | s_hat=[-0.0049,-0.0205] s_true=[+0.0000,+0.0000] kg·m
[INFO] [1788462469.396482185] [mhe_node]: [tau_phys] roll=-0.189 pitch=+0.040 Nm
[INFO] [1788462469.397082455] [mhe_node]: [mass-diag] m_est=2.1941 T=21.644N tilt=9.20deg cos=0.98713 | T/g=2.2063 T*cos/g=2.1779 | m_est-T*cos/g=+0.0162kg (+0.74%) vz=+0.084
[INFO] [1788462469.397659077] [mhe_node]: [c_xy_est] cx=-0.0023 cy=-0.0093 m
[INFO] [1788462471.397938903] [mhe_node]: MHE mass estimate: 2.196 kg (T_phys=21.54N) | solve=6.7ms (max13.9)
[INFO] [1788462471.398504003] [mhe_node]: [truth] m_hat=2.1961 m_true=2.0643 err=+6.39% | c_hat=[+0.0000,+0.0000] c_true=[+0.0000,+0.0000] | Jxx_hat=0.01420 Jxx_true=0.01420 Jyz_hat=+0.00000 Jyz_true=+0.00000 | s_hat=[-0.0058,-0.0193] s_true=[+0.0000,+0.0000] kg·m
[INFO] [1788462471.399034359] [mhe_node]: [tau_phys] roll=-0.170 pitch=-0.100 Nm
[INFO] [1788462471.399631345] [mhe_node]: [mass-diag] m_est=2.1961 T=21.537N tilt=4.51deg cos=0.99690 | T/g=2.1955 T*cos/g=2.1886 | m_est-T*cos/g=+0.0075kg (+0.34%) vz=-0.036
[INFO] [1788462471.400220032] [mhe_node]: [c_xy_est] cx=-0.0025 cy=-0.0088 m
[INFO] [1788462473.395139504] [mhe_node]: MHE mass estimate: 2.198 kg (T_phys=21.84N) | solve=9.3ms (max14.7)
[INFO] [1788462473.395703274] [mhe_node]: [truth] m_hat=2.1982 m_true=2.0643 err=+6.49% | c_hat=[+0.0000,+0.0000] c_true=[+0.0000,+0.0000] | Jxx_hat=0.01420 Jxx_true=0.01420 Jyz_hat=+0.00000 Jyz_true=+0.00000 | s_hat=[-0.0037,-0.0212] s_true=[+0.0000,+0.0000] kg·m
[INFO] [1788462473.396226299] [mhe_node]: [tau_phys] roll=-0.187 pitch=+0.153 Nm
[INFO] [1788462473.396814077] [mhe_node]: [mass-diag] m_est=2.1982 T=21.844N tilt=10.14deg cos=0.98438 | T/g=2.2268 T*cos/g=2.1920 | m_est-T*cos/g=+0.0062kg (+0.28%) vz=-0.157
[INFO] [1788462473.397397483] [mhe_node]: [c_xy_est] cx=-0.0018 cy=-0.0096 m
[INFO] [1788462475.393542481] [mhe_node]: MHE mass estimate: 2.190 kg (T_phys=21.51N) | solve=8.0ms (max12.6)
[INFO] [1788462475.394113000] [mhe_node]: [truth] m_hat=2.1899 m_true=2.0643 err=+6.09% | c_hat=[+0.0000,+0.0000] c_true=[+0.0000,+0.0000] | Jxx_hat=0.01420 Jxx_true=0.01420 Jyz_hat=+0.00000 Jyz_true=+0.00000 | s_hat=[-0.0030,-0.0193] s_true=[+0.0000,+0.0000] kg·m
[INFO] [1788462475.394637376] [mhe_node]: [tau_phys] roll=-0.179 pitch=-0.208 Nm
[INFO] [1788462475.395228102] [mhe_node]: [mass-diag] m_est=2.1899 T=21.515N tilt=7.09deg cos=0.99236 | T/g=2.1931 T*cos/g=2.1764 | m_est-T*cos/g=+0.0136kg (+0.62%) vz=-0.202
[INFO] [1788462475.395814758] [mhe_node]: [c_xy_est] cx=-0.0013 cy=-0.0089 m
[INFO] [1788462477.398883030] [mhe_node]: MHE mass estimate: 2.190 kg (T_phys=21.76N) | solve=8.9ms (max16.2)
[INFO] [1788462477.399452822] [mhe_node]: [truth] m_hat=2.1903 m_true=2.0643 err=+6.10% | c_hat=[+0.0000,+0.0000] c_true=[+0.0000,+0.0000] | Jxx_hat=0.01420 Jxx_true=0.01420 Jyz_hat=+0.00000 Jyz_true=+0.00000 | s_hat=[-0.0106,-0.0164] s_true=[+0.0000,+0.0000] kg·m
[INFO] [1788462477.399975698] [mhe_node]: [tau_phys] roll=-0.156 pitch=+0.104 Nm
[INFO] [1788462477.400559128] [mhe_node]: [mass-diag] m_est=2.1903 T=21.758N tilt=3.27deg cos=0.99837 | T/g=2.2180 T*cos/g=2.2144 | m_est-T*cos/g=-0.0240kg (-1.09%) vz=-0.252
[INFO] [1788462477.401136035] [mhe_node]: [c_xy_est] cx=-0.0047 cy=-0.0075 m
[INFO] [1788462479.394363295] [mhe_node]: MHE mass estimate: 2.203 kg (T_phys=22.01N) | solve=7.2ms (max11.6)
[INFO] [1788462479.394939424] [mhe_node]: [truth] m_hat=2.2033 m_true=2.0643 err=+6.73% | c_hat=[+0.0000,+0.0000] c_true=[+0.0000,+0.0000] | Jxx_hat=0.01420 Jxx_true=0.01420 Jyz_hat=+0.00000 Jyz_true=+0.00000 | s_hat=[-0.0100,-0.0158] s_true=[+0.0000,+0.0000] kg·m
[INFO] [1788462479.395464500] [mhe_node]: [tau_phys] roll=-0.148 pitch=-0.029 Nm
[INFO] [1788462479.396049882] [mhe_node]: [mass-diag] m_est=2.2033 T=22.008N tilt=9.66deg cos=0.98581 | T/g=2.2435 T*cos/g=2.2116 | m_est-T*cos/g=-0.0083kg (-0.38%) vz=-0.129
[INFO] [1788462479.396627284] [mhe_node]: [c_xy_est] cx=-0.0046 cy=-0.0072 m
[INFO] [1788462481.393286985] [mhe_node]: MHE mass estimate: 2.196 kg (T_phys=21.76N) | solve=8.9ms (max19.6)
[INFO] [1788462481.393856329] [mhe_node]: [truth] m_hat=2.1956 m_true=2.0643 err=+6.36% | c_hat=[+0.0000,+0.0000] c_true=[+0.0000,+0.0000] | Jxx_hat=0.01420 Jxx_true=0.01420 Jyz_hat=+0.00000 Jyz_true=+0.00000 | s_hat=[-0.0051,-0.0159] s_true=[+0.0000,+0.0000] kg·m
[INFO] [1788462481.394376949] [mhe_node]: [tau_phys] roll=-0.169 pitch=+0.064 Nm
[INFO] [1788462481.394969436] [mhe_node]: [mass-diag] m_est=2.1956 T=21.761N tilt=6.80deg cos=0.99297 | T/g=2.2182 T*cos/g=2.2026 | m_est-T*cos/g=-0.0071kg (-0.32%) vz=-0.030
[INFO] [1788462481.395550796] [mhe_node]: [c_xy_est] cx=-0.0022 cy=-0.0072 m
[INFO] [1788462482.386157689] [mhe_node]: [no-signal] mass mutation self-detected at frame 888: T_phys=19.45N vs baseline 21.71N (dev 2.25N > 1.5N over 2 frames, direction=DROP); de-weighting pre-event stages
[INFO] [1788462482.386368998] [mhe_node]: [payload-state] LOADED->EMPTY (drop, m_p=+0.116kg)
[INFO] [1788462482.386550673] [mhe_node]: [c_xy_est] 载荷释放(no-signal residual) → 在线偏心估计归零(重新播种)
[INFO] [1788462482.386820016] [mhe_node]: [no-signal] → 自主释放载荷几何(无外部 drop 信号)
[INFO] [1788462482.387867602] [mhe_node]: event transition started: pre-event stages de-weighted
[INFO] [1788462482.394764793] [mhe_node]: [s-decay] n=1 |s_est|=0.01667 |s_target|=0.00000 |s_out|=0.01096 d_s_out=-0.00539 conf=0.000 present=0 armed=0 latched=1 health=1
[WARN] [1788462482.573624806] [mhe_node]: MHE solve failed [status=2], skipping this window (streak 1)
[INFO] [1788462482.573972497] [mhe_node]: [s-decay] n=2 |s_est|=0.01667 |s_target|=0.00000 |s_out|=0.01096 d_s_out=+0.00000 conf=0.000 present=0 armed=0 latched=1 health=0
[INFO] [1788462482.619423343] [mhe_node]: [s-decay] n=3 |s_est|=0.01477 |s_target|=0.00000 |s_out|=0.00735 d_s_out=-0.00361 conf=0.000 present=0 armed=0 latched=1 health=1
[WARN] [1788462482.758590225] [mhe_node]: MHE solve failed [status=2], skipping this window (streak 1)
[INFO] [1788462482.758914892] [mhe_node]: [s-decay] n=4 |s_est|=0.01477 |s_target|=0.00000 |s_out|=0.00735 d_s_out=+0.00000 conf=0.000 present=0 armed=0 latched=1 health=0
[WARN] [1788462482.861995292] [mhe_node]: MHE solve failed [status=2], skipping this window (streak 2)
[INFO] [1788462482.862299180] [mhe_node]: [s-decay] n=5 |s_est|=0.01477 |s_target|=0.00000 |s_out|=0.00735 d_s_out=+0.00000 conf=0.000 present=0 armed=0 latched=1 health=0
[WARN] [1788462482.964386368] [mhe_node]: MHE solve failed [status=2], skipping this window (streak 3)
[INFO] [1788462482.964692316] [mhe_node]: [s-decay] n=6 |s_est|=0.01477 |s_target|=0.00000 |s_out|=0.00735 d_s_out=+0.00000 conf=0.000 present=0 armed=0 latched=1 health=0
[INFO] [1788462483.028580042] [mhe_node]: [s-decay] n=7 |s_est|=0.00511 |s_target|=0.00000 |s_out|=0.00493 d_s_out=-0.00242 conf=0.000 present=0 armed=0 latched=1 health=1
[WARN] [1788462483.165045311] [mhe_node]: MHE solve failed [status=2], skipping this window (streak 1)
[INFO] [1788462483.165366582] [mhe_node]: [s-decay] n=8 |s_est|=0.00511 |s_target|=0.00000 |s_out|=0.00493 d_s_out=+0.00000 conf=0.000 present=0 armed=0 latched=1 health=0
[INFO] [1788462483.241829723] [mhe_node]: [s-decay] n=9 |s_est|=0.00403 |s_target|=0.00000 |s_out|=0.00330 d_s_out=-0.00162 conf=0.049 present=0 armed=0 latched=1 health=1
[INFO] [1788462483.316809868] [mhe_node]: [s-decay] n=10 |s_est|=0.00306 |s_target|=0.00000 |s_out|=0.00221 d_s_out=-0.00109 conf=0.249 present=0 armed=0 latched=1 health=1
[INFO] [1788462483.415326778] [mhe_node]: [s-decay] n=11 |s_est|=0.00777 |s_target|=0.00000 |s_out|=0.00148 d_s_out=-0.00073 conf=0.479 present=0 armed=0 latched=1 health=1
[INFO] [1788462483.519816139] [mhe_node]: [s-decay] n=12 |s_est|=0.00733 |s_target|=0.00000 |s_out|=0.00099 d_s_out=-0.00049 conf=0.650 present=0 armed=0 latched=1 health=1
[INFO] [1788462483.650881600] [mhe_node]: [s-decay] n=13 |s_est|=0.01031 |s_target|=0.00000 |s_out|=0.00067 d_s_out=-0.00033 conf=0.766 present=0 armed=0 latched=1 health=1
[INFO] [1788462483.716131603] [mhe_node]: [s-decay] n=14 |s_est|=0.00940 |s_target|=0.00000 |s_out|=0.00045 d_s_out=-0.00022 conf=0.843 present=0 armed=0 latched=1 health=1
[INFO] [1788462483.842121948] [mhe_node]: [s-decay] n=15 |s_est|=0.01099 |s_target|=0.00000 |s_out|=0.00030 d_s_out=-0.00015 conf=0.895 present=0 armed=0 latched=1 health=1
[INFO] [1788462483.916720050] [mhe_node]: MHE mass estimate: 1.961 kg (T_phys=20.07N) | solve=41.7ms (max86.7)
[INFO] [1788462483.917105065] [mhe_node]: [truth] m_hat=1.9611 m_true=2.0643 err=-5.00% | c_hat=[+0.0000,+0.0000] c_true=[+0.0000,+0.0000] | Jxx_hat=0.01420 Jxx_true=0.01420 Jyz_hat=+0.00000 Jyz_true=+0.00000 | s_hat=[-0.0105,+0.0021] s_true=[+0.0000,+0.0000] kg·m
[INFO] [1788462483.917469079] [mhe_node]: [tau_phys] roll=+0.181 pitch=+0.288 Nm
[INFO] [1788462483.917897193] [mhe_node]: [mass-diag] m_est=1.9611 T=20.068N tilt=8.57deg cos=0.98885 | T/g=2.0457 T*cos/g=2.0229 | m_est-T*cos/g=-0.0618kg (-3.06%) vz=+0.058
[INFO] [1788462483.918298671] [mhe_node]: [c_xy_est] cx=-0.0055 cy=+0.0012 m
[INFO] [1788462483.918569421] [mhe_node]: [s-decay] n=16 |s_est|=0.01073 |s_target|=0.00000 |s_out|=0.00020 d_s_out=-0.00010 conf=0.929 present=0 armed=0 latched=1 health=1
[INFO] [1788462484.012544637] [mhe_node]: [s-decay] n=17 |s_est|=0.01076 |s_target|=0.00000 |s_out|=0.00013 d_s_out=-0.00007 conf=0.953 present=0 armed=0 latched=1 health=1
[INFO] [1788462484.121805502] [mhe_node]: [s-decay] n=18 |s_est|=0.01063 |s_target|=0.00000 |s_out|=0.00009 d_s_out=-0.00004 conf=0.968 present=0 armed=0 latched=1 health=1
[INFO] [1788462484.218591925] [mhe_node]: [s-decay] n=19 |s_est|=0.01033 |s_target|=0.00000 |s_out|=0.00006 d_s_out=-0.00003 conf=0.979 present=0 armed=0 latched=1 health=1
[INFO] [1788462484.286888386] [mhe_node]: event transition ended: nominal weights restored
[INFO] [1788462484.325814470] [mhe_node]: [s-decay] n=20 |s_est|=0.01003 |s_target|=0.00000 |s_out|=0.00004 d_s_out=-0.00002 conf=0.986 present=0 armed=0 latched=1 health=1
[INFO] [1788462484.416400639] [mhe_node]: [s-decay] n=21 |s_est|=0.01089 |s_target|=0.00000 |s_out|=0.00003 d_s_out=-0.00001 conf=0.990 present=0 armed=0 latched=1 health=1
[INFO] [1788462484.523556660] [mhe_node]: [s-decay] n=22 |s_est|=0.01094 |s_target|=0.00000 |s_out|=0.00002 d_s_out=-0.00001 conf=0.994 present=0 armed=0 latched=1 health=1
[INFO] [1788462484.634581555] [mhe_node]: [s-decay] n=23 |s_est|=0.01111 |s_target|=0.00000 |s_out|=0.00001 d_s_out=-0.00001 conf=0.996 present=0 armed=0 latched=1 health=1
[INFO] [1788462484.712761115] [mhe_node]: [s-decay] n=24 |s_est|=0.00893 |s_target|=0.00000 |s_out|=0.00001 d_s_out=-0.00000 conf=0.997 present=0 armed=0 latched=1 health=1
[INFO] [1788462484.836880694] [mhe_node]: [s-decay] n=25 |s_est|=0.00877 |s_target|=0.00000 |s_out|=0.00001 d_s_out=-0.00000 conf=0.998 present=0 armed=0 latched=1 health=1
[INFO] [1788462484.919502807] [mhe_node]: [s-decay] n=26 |s_est|=0.00600 |s_target|=0.00000 |s_out|=0.00000 d_s_out=-0.00000 conf=0.999 present=0 armed=0 latched=1 health=1
[INFO] [1788462485.028483230] [mhe_node]: [s-decay] n=27 |s_est|=0.00543 |s_target|=0.00000 |s_out|=0.00000 d_s_out=-0.00000 conf=0.999 present=0 armed=0 latched=1 health=1
[INFO] [1788462485.111707004] [mhe_node]: [s-decay] n=28 |s_est|=0.00272 |s_target|=0.00000 |s_out|=0.00000 d_s_out=-0.00000 conf=0.999 present=0 armed=0 latched=1 health=1
[INFO] [1788462485.213033831] [mhe_node]: [s-decay] n=29 |s_est|=0.00251 |s_target|=0.00000 |s_out|=0.00000 d_s_out=-0.00000 conf=1.000 present=0 armed=0 latched=1 health=1
[INFO] [1788462485.307816214] [mhe_node]: [s-decay] n=30 |s_est|=0.00347 |s_target|=0.00000 |s_out|=0.00000 d_s_out=-0.00000 conf=1.000 present=0 armed=0 latched=1 health=1
[INFO] [1788462485.403210658] [mhe_node]: [s-decay] n=31 |s_est|=0.00233 |s_target|=0.00000 |s_out|=0.00000 d_s_out=-0.00000 conf=1.000 present=0 armed=0 latched=1 health=1
[INFO] [1788462485.495541980] [mhe_node]: [s-decay] n=32 |s_est|=0.00378 |s_target|=0.00000 |s_out|=0.00000 d_s_out=-0.00000 conf=1.000 present=0 armed=0 latched=1 health=1
[INFO] [1788462485.602127422] [mhe_node]: [s-decay] n=33 |s_est|=0.00235 |s_target|=0.00000 |s_out|=0.00000 d_s_out=-0.00000 conf=1.000 present=0 armed=0 latched=1 health=1
[INFO] [1788462485.695484271] [mhe_node]: [s-decay] n=34 |s_est|=0.00339 |s_target|=0.00000 |s_out|=0.00000 d_s_out=-0.00000 conf=1.000 present=0 armed=0 latched=1 health=1
[INFO] [1788462485.791725137] [mhe_node]: [s-decay] n=35 |s_est|=0.00281 |s_target|=0.00000 |s_out|=0.00000 d_s_out=-0.00000 conf=1.000 present=0 armed=0 latched=1 health=1
[INFO] [1788462485.891836363] [mhe_node]: MHE mass estimate: 2.047 kg (T_phys=20.25N) | solve=26.3ms (max50.3)
[INFO] [1788462485.892220315] [mhe_node]: [truth] m_hat=2.0474 m_true=2.0643 err=-0.82% | c_hat=[+0.0000,+0.0000] c_true=[+0.0000,+0.0000] | Jxx_hat=0.01420 Jxx_true=0.01420 Jyz_hat=+0.00000 Jyz_true=+0.00000 | s_hat=[+0.0021,+0.0020] s_true=[+0.0000,+0.0000] kg·m
[INFO] [1788462485.892578427] [mhe_node]: [tau_phys] roll=+0.013 pitch=-0.049 Nm
[INFO] [1788462485.892992625] [mhe_node]: [mass-diag] m_est=2.0474 T=20.252N tilt=9.05deg cos=0.98755 | T/g=2.0644 T*cos/g=2.0387 | m_est-T*cos/g=+0.0088kg (+0.43%) vz=+0.217
[INFO] [1788462485.893397224] [mhe_node]: [c_xy_est] cx=+0.0008 cy=+0.0011 m
[INFO] [1788462485.893670072] [mhe_node]: [s-decay] n=36 |s_est|=0.00287 |s_target|=0.00000 |s_out|=0.00000 d_s_out=-0.00000 conf=1.000 present=0 armed=0 latched=1 health=1
[INFO] [1788462485.992768680] [mhe_node]: [s-decay] n=37 |s_est|=0.00290 |s_target|=0.00000 |s_out|=0.00000 d_s_out=-0.00000 conf=1.000 present=0 armed=0 latched=1 health=1
[INFO] [1788462486.094784877] [mhe_node]: [s-decay] n=38 |s_est|=0.00285 |s_target|=0.00000 |s_out|=0.00000 d_s_out=-0.00000 conf=1.000 present=0 armed=0 latched=1 health=1
[INFO] [1788462486.192604558] [mhe_node]: [s-decay] n=39 |s_est|=0.00291 |s_target|=0.00000 |s_out|=0.00000 d_s_out=-0.00000 conf=1.000 present=0 armed=0 latched=1 health=1
[INFO] [1788462486.294813546] [mhe_node]: [s-decay] n=40 |s_est|=0.00291 |s_target|=0.00000 |s_out|=0.00000 d_s_out=-0.00000 conf=1.000 present=0 armed=0 latched=1 health=1
[INFO] [1788462486.386077649] [mhe_node]: [no-signal] baseline settled at 20.63N (quiet 20 frames); detector armed
[INFO] [1788462486.396317035] [mhe_node]: [s-decay] n=41 |s_est|=0.00299 |s_target|=0.00000 |s_out|=0.00000 d_s_out=-0.00000 conf=1.000 present=0 armed=0 latched=1 health=1
[INFO] [1788462486.493743165] [mhe_node]: [s-decay] n=42 |s_est|=0.00290 |s_target|=0.00000 |s_out|=0.00000 d_s_out=-0.00000 conf=1.000 present=0 armed=0 latched=1 health=1
[INFO] [1788462486.593630921] [mhe_node]: [s-decay] n=43 |s_est|=0.00287 |s_target|=0.00000 |s_out|=0.00000 d_s_out=-0.00000 conf=1.000 present=0 armed=0 latched=1 health=1
[INFO] [1788462486.693510763] [mhe_node]: [s-decay] n=44 |s_est|=0.00283 |s_target|=0.00000 |s_out|=0.00000 d_s_out=-0.00000 conf=1.000 present=0 armed=0 latched=1 health=1
[INFO] [1788462486.794890157] [mhe_node]: [s-decay] n=45 |s_est|=0.00287 |s_target|=0.00000 |s_out|=0.00000 d_s_out=-0.00000 conf=1.000 present=0 armed=0 latched=1 health=1
[INFO] [1788462486.890606409] [mhe_node]: [s-decay] n=46 |s_est|=0.00289 |s_target|=0.00000 |s_out|=0.00000 d_s_out=-0.00000 conf=1.000 present=0 armed=0 latched=1 health=1
[INFO] [1788462487.000462508] [mhe_node]: [s-decay] n=47 |s_est|=0.00297 |s_target|=0.00000 |s_out|=0.00000 d_s_out=-0.00000 conf=1.000 present=0 armed=0 latched=1 health=1
[INFO] [1788462487.094733734] [mhe_node]: [s-decay] n=48 |s_est|=0.00302 |s_target|=0.00000 |s_out|=0.00000 d_s_out=-0.00000 conf=1.000 present=0 armed=0 latched=1 health=1
[INFO] [1788462487.192605045] [mhe_node]: [s-decay] n=49 |s_est|=0.00302 |s_target|=0.00000 |s_out|=0.00000 d_s_out=-0.00000 conf=1.000 present=0 armed=0 latched=1 health=1
[INFO] [1788462487.299384797] [mhe_node]: [s-decay] n=50 |s_est|=0.00303 |s_target|=0.00000 |s_out|=0.00000 d_s_out=-0.00000 conf=1.000 present=0 armed=0 latched=1 health=1
[INFO] [1788462487.392568929] [mhe_node]: [s-decay] n=51 |s_est|=0.00300 |s_target|=0.00000 |s_out|=0.00000 d_s_out=-0.00000 conf=1.000 present=0 armed=0 latched=1 health=1
[INFO] [1788462487.494744485] [mhe_node]: [s-decay] n=52 |s_est|=0.00283 |s_target|=0.00000 |s_out|=0.00000 d_s_out=-0.00000 conf=1.000 present=0 armed=0 latched=1 health=1
[INFO] [1788462487.592520537] [mhe_node]: [s-decay] n=53 |s_est|=0.00270 |s_target|=0.00000 |s_out|=0.00000 d_s_out=-0.00000 conf=1.000 present=0 armed=0 latched=1 health=1
[INFO] [1788462487.692495674] [mhe_node]: [s-decay] n=54 |s_est|=0.00254 |s_target|=0.00000 |s_out|=0.00000 d_s_out=-0.00000 conf=1.000 present=0 armed=0 latched=1 health=1
[INFO] [1788462487.795870443] [mhe_node]: [s-decay] n=55 |s_est|=0.00245 |s_target|=0.00000 |s_out|=0.00000 d_s_out=-0.00000 conf=1.000 present=0 armed=0 latched=1 health=1
[INFO] [1788462487.892650736] [mhe_node]: MHE mass estimate: 2.040 kg (T_phys=20.10N) | solve=7.4ms (max13.7)
[INFO] [1788462487.893193242] [mhe_node]: [truth] m_hat=2.0405 m_true=2.0643 err=-1.15% | c_hat=[+0.0000,+0.0000] c_true=[+0.0000,+0.0000] | Jxx_hat=0.01420 Jxx_true=0.01420 Jyz_hat=+0.00000 Jyz_true=+0.00000 | s_hat=[+0.0022,+0.0007] s_true=[+0.0000,+0.0000] kg·m
[INFO] [1788462487.893711074] [mhe_node]: [tau_phys] roll=+0.003 pitch=-0.015 Nm
[INFO] [1788462487.894303916] [mhe_node]: [mass-diag] m_est=2.0405 T=20.101N tilt=1.83deg cos=0.99949 | T/g=2.0491 T*cos/g=2.0480 | m_est-T*cos/g=-0.0075kg (-0.37%) vz=+0.210
[INFO] [1788462487.894883350] [mhe_node]: [c_xy_est] cx=+0.0011 cy=+0.0003 m
[INFO] [1788462487.895259940] [mhe_node]: [s-decay] n=56 |s_est|=0.00230 |s_target|=0.00000 |s_out|=0.00000 d_s_out=-0.00000 conf=1.000 present=0 armed=0 latched=1 health=1
[INFO] [1788462487.992504353] [mhe_node]: [s-decay] n=57 |s_est|=0.00222 |s_target|=0.00000 |s_out|=0.00000 d_s_out=-0.00000 conf=1.000 present=0 armed=0 latched=1 health=1
[INFO] [1788462488.098246371] [mhe_node]: [s-decay] n=58 |s_est|=0.00210 |s_target|=0.00000 |s_out|=0.00000 d_s_out=-0.00000 conf=1.000 present=0 armed=0 latched=1 health=1
[INFO] [1788462488.196841264] [mhe_node]: [s-decay] n=59 |s_est|=0.00203 |s_target|=0.00000 |s_out|=0.00000 d_s_out=-0.00000 conf=1.000 present=0 armed=0 latched=1 health=1
[INFO] [1788462488.296068565] [mhe_node]: [s-decay] n=60 |s_est|=0.00193 |s_target|=0.00000 |s_out|=0.00000 d_s_out=-0.00000 conf=1.000 present=0 armed=0 latched=1 health=1
[INFO] [1788462488.396918896] [mhe_node]: [s-decay] n=61 |s_est|=0.00189 |s_target|=0.00000 |s_out|=0.00000 d_s_out=-0.00000 conf=1.000 present=0 armed=0 latched=1 health=1
[INFO] [1788462488.492775858] [mhe_node]: [s-decay] n=62 |s_est|=0.00166 |s_target|=0.00000 |s_out|=0.00000 d_s_out=-0.00000 conf=1.000 present=0 armed=0 latched=1 health=1
[INFO] [1788462488.596829501] [mhe_node]: [s-decay] n=63 |s_est|=0.00144 |s_target|=0.00000 |s_out|=0.00000 d_s_out=-0.00000 conf=1.000 present=0 armed=0 latched=1 health=1
[INFO] [1788462488.701330442] [mhe_node]: [s-decay] n=64 |s_est|=0.00118 |s_target|=0.00000 |s_out|=0.00000 d_s_out=-0.00000 conf=1.000 present=0 armed=0 latched=1 health=1
[INFO] [1788462488.801458612] [mhe_node]: [s-decay] n=65 |s_est|=0.00098 |s_target|=0.00000 |s_out|=0.00000 d_s_out=-0.00000 conf=1.000 present=0 armed=0 latched=1 health=1
[INFO] [1788462488.891109692] [mhe_node]: [s-decay] n=66 |s_est|=0.00073 |s_target|=0.00000 |s_out|=0.00000 d_s_out=-0.00000 conf=1.000 present=0 armed=0 latched=1 health=1
[INFO] [1788462488.993564444] [mhe_node]: [s-decay] n=67 |s_est|=0.00054 |s_target|=0.00000 |s_out|=0.00000 d_s_out=-0.00000 conf=1.000 present=0 armed=0 latched=1 health=1
[INFO] [1788462489.093594728] [mhe_node]: [s-decay] n=68 |s_est|=0.00031 |s_target|=0.00000 |s_out|=0.00000 d_s_out=-0.00000 conf=1.000 present=0 armed=0 latched=1 health=1
[INFO] [1788462489.194739247] [mhe_node]: [s-decay] n=69 |s_est|=0.00009 |s_target|=0.00000 |s_out|=0.00000 d_s_out=-0.00000 conf=1.000 present=0 armed=0 latched=1 health=1
[INFO] [1788462489.293663777] [mhe_node]: [s-decay] n=70 |s_est|=0.00015 |s_target|=0.00000 |s_out|=0.00000 d_s_out=-0.00000 conf=1.000 present=0 armed=0 latched=1 health=1
[INFO] [1788462489.393573848] [mhe_node]: [s-decay] n=71 |s_est|=0.00031 |s_target|=0.00000 |s_out|=0.00000 d_s_out=-0.00000 conf=1.000 present=0 armed=0 latched=1 health=1
[INFO] [1788462489.493514743] [mhe_node]: [s-decay] n=72 |s_est|=0.00051 |s_target|=0.00000 |s_out|=0.00000 d_s_out=-0.00000 conf=1.000 present=0 armed=0 latched=1 health=1
[INFO] [1788462489.594709270] [mhe_node]: [s-decay] n=73 |s_est|=0.00066 |s_target|=0.00000 |s_out|=0.00000 d_s_out=-0.00000 conf=1.000 present=0 armed=0 latched=1 health=1
[INFO] [1788462489.693758794] [mhe_node]: [s-decay] n=74 |s_est|=0.00083 |s_target|=0.00000 |s_out|=0.00000 d_s_out=-0.00000 conf=1.000 present=0 armed=0 latched=1 health=1
[INFO] [1788462489.793587717] [mhe_node]: [s-decay] n=75 |s_est|=0.00095 |s_target|=0.00000 |s_out|=0.00000 d_s_out=-0.00000 conf=1.000 present=0 armed=0 latched=1 health=1
[INFO] [1788462489.892654422] [mhe_node]: MHE mass estimate: 2.053 kg (T_phys=20.51N) | solve=8.2ms (max14.6)
[INFO] [1788462489.893316250] [mhe_node]: [truth] m_hat=2.0526 m_true=2.0643 err=-0.57% | c_hat=[+0.0000,+0.0000] c_true=[+0.0000,+0.0000] | Jxx_hat=0.01420 Jxx_true=0.01420 Jyz_hat=+0.00000 Jyz_true=+0.00000 | s_hat=[-0.0010,-0.0004] s_true=[+0.0000,+0.0000] kg·m
[INFO] [1788462489.893845515] [mhe_node]: [tau_phys] roll=-0.021 pitch=+0.011 Nm
[INFO] [1788462489.894434359] [mhe_node]: [mass-diag] m_est=2.0526 T=20.508N tilt=8.90deg cos=0.98796 | T/g=2.0905 T*cos/g=2.0653 | m_est-T*cos/g=-0.0128kg (-0.62%) vz=+0.180
[INFO] [1788462489.895017223] [mhe_node]: [c_xy_est] cx=-0.0004 cy=-0.0002 m
[INFO] [1788462489.895391975] [mhe_node]: [s-decay] n=76 |s_est|=0.00109 |s_target|=0.00000 |s_out|=0.00000 d_s_out=-0.00000 conf=1.000 present=0 armed=0 latched=1 health=1
[INFO] [1788462489.993755202] [mhe_node]: [s-decay] n=77 |s_est|=0.00118 |s_target|=0.00000 |s_out|=0.00000 d_s_out=-0.00000 conf=1.000 present=0 armed=0 latched=1 health=1
[INFO] [1788462490.093594066] [mhe_node]: [s-decay] n=78 |s_est|=0.00129 |s_target|=0.00000 |s_out|=0.00000 d_s_out=-0.00000 conf=1.000 present=0 armed=0 latched=1 health=1
[INFO] [1788462490.194770719] [mhe_node]: [s-decay] n=79 |s_est|=0.00136 |s_target|=0.00000 |s_out|=0.00000 d_s_out=-0.00000 conf=1.000 present=0 armed=0 latched=1 health=1
[INFO] [1788462490.295896525] [mhe_node]: [s-decay] n=80 |s_est|=0.00143 |s_target|=0.00000 |s_out|=0.00000 d_s_out=-0.00000 conf=1.000 present=0 armed=0 latched=1 health=1
[INFO] [1788462490.404849714] [mhe_node]: [s-decay] n=81 |s_est|=0.00146 |s_target|=0.00000 |s_out|=0.00000 d_s_out=-0.00000 conf=1.000 present=0 armed=0 latched=1 health=1
[INFO] [1788462490.501579622] [mhe_node]: [s-decay] n=82 |s_est|=0.00149 |s_target|=0.00000 |s_out|=0.00000 d_s_out=-0.00000 conf=1.000 present=0 armed=0 latched=1 health=1
[INFO] [1788462490.592564536] [mhe_node]: [s-decay] n=83 |s_est|=0.00150 |s_target|=0.00000 |s_out|=0.00000 d_s_out=-0.00000 conf=1.000 present=0 armed=0 latched=1 health=1
[INFO] [1788462490.699070947] [mhe_node]: [s-decay] n=84 |s_est|=0.00152 |s_target|=0.00000 |s_out|=0.00000 d_s_out=-0.00000 conf=1.000 present=0 armed=0 latched=1 health=1
[INFO] [1788462490.795903565] [mhe_node]: [s-decay] n=85 |s_est|=0.00153 |s_target|=0.00000 |s_out|=0.00000 d_s_out=-0.00000 conf=1.000 present=0 armed=0 latched=1 health=1
[INFO] [1788462490.893542761] [mhe_node]: [s-decay] n=86 |s_est|=0.00151 |s_target|=0.00000 |s_out|=0.00000 d_s_out=-0.00000 conf=1.000 present=0 armed=0 latched=1 health=1
[INFO] [1788462490.994617991] [mhe_node]: [s-decay] n=87 |s_est|=0.00151 |s_target|=0.00000 |s_out|=0.00000 d_s_out=-0.00000 conf=1.000 present=0 armed=0 latched=1 health=1
[INFO] [1788462491.096887400] [mhe_node]: [s-decay] n=88 |s_est|=0.00153 |s_target|=0.00000 |s_out|=0.00000 d_s_out=-0.00000 conf=1.000 present=0 armed=0 latched=1 health=1
[INFO] [1788462491.199393457] [mhe_node]: [s-decay] n=89 |s_est|=0.00152 |s_target|=0.00000 |s_out|=0.00000 d_s_out=-0.00000 conf=1.000 present=0 armed=0 latched=1 health=1
[INFO] [1788462491.310778304] [mhe_node]: [s-decay] n=90 |s_est|=0.00149 |s_target|=0.00000 |s_out|=0.00000 d_s_out=-0.00000 conf=1.000 present=0 armed=0 latched=1 health=1
[INFO] [1788462491.399393172] [mhe_node]: [s-decay] n=91 |s_est|=0.00146 |s_target|=0.00000 |s_out|=0.00000 d_s_out=-0.00000 conf=1.000 present=0 armed=0 latched=1 health=1
[INFO] [1788462491.495776808] [mhe_node]: [s-decay] n=92 |s_est|=0.00142 |s_target|=0.00000 |s_out|=0.00000 d_s_out=-0.00000 conf=1.000 present=0 armed=0 latched=1 health=1
[INFO] [1788462491.599136293] [mhe_node]: [s-decay] n=93 |s_est|=0.00140 |s_target|=0.00000 |s_out|=0.00000 d_s_out=-0.00000 conf=1.000 present=0 armed=0 latched=1 health=1
[INFO] [1788462491.696863145] [mhe_node]: [s-decay] n=94 |s_est|=0.00137 |s_target|=0.00000 |s_out|=0.00000 d_s_out=-0.00000 conf=1.000 present=0 armed=0 latched=1 health=1
[INFO] [1788462491.799519851] [mhe_node]: [s-decay] n=95 |s_est|=0.00138 |s_target|=0.00000 |s_out|=0.00000 d_s_out=-0.00000 conf=1.000 present=0 armed=0 latched=1 health=1
[INFO] [1788462491.892022569] [mhe_node]: MHE mass estimate: 2.048 kg (T_phys=20.09N) | solve=10.7ms (max24.0)
[INFO] [1788462491.892405673] [mhe_node]: [truth] m_hat=2.0479 m_true=2.0643 err=-0.79% | c_hat=[+0.0000,+0.0000] c_true=[+0.0000,+0.0000] | Jxx_hat=0.01420 Jxx_true=0.01420 Jyz_hat=+0.00000 Jyz_true=+0.00000 | s_hat=[+0.0008,-0.0011] s_true=[+0.0000,+0.0000] kg·m
[INFO] [1788462491.892770424] [mhe_node]: [tau_phys] roll=-0.011 pitch=-0.036 Nm
[INFO] [1788462491.893190081] [mhe_node]: [mass-diag] m_est=2.0479 T=20.094N tilt=8.19deg cos=0.98980 | T/g=2.0483 T*cos/g=2.0275 | m_est-T*cos/g=+0.0205kg (+1.01%) vz=+0.072
[INFO] [1788462491.893590448] [mhe_node]: [c_xy_est] cx=+0.0003 cy=-0.0006 m
[INFO] [1788462491.893867828] [mhe_node]: [s-decay] n=96 |s_est|=0.00139 |s_target|=0.00000 |s_out|=0.00000 d_s_out=-0.00000 conf=1.000 present=0 armed=0 latched=1 health=1
[INFO] [1788462491.991113914] [mhe_node]: [s-decay] n=97 |s_est|=0.00146 |s_target|=0.00000 |s_out|=0.00000 d_s_out=-0.00000 conf=1.000 present=0 armed=0 latched=1 health=1
[INFO] [1788462492.092063495] [mhe_node]: [s-decay] n=98 |s_est|=0.00151 |s_target|=0.00000 |s_out|=0.00000 d_s_out=-0.00000 conf=1.000 present=0 armed=0 latched=1 health=1
[INFO] [1788462492.198089927] [mhe_node]: [s-decay] n=99 |s_est|=0.00160 |s_target|=0.00000 |s_out|=0.00000 d_s_out=-0.00000 conf=1.000 present=0 armed=0 latched=1 health=1
[INFO] [1788462492.304966973] [mhe_node]: [s-decay] n=100 |s_est|=0.00164 |s_target|=0.00000 |s_out|=0.00000 d_s_out=-0.00000 conf=1.000 present=0 armed=0 latched=1 health=1
[INFO] [1788462493.894645450] [mhe_node]: MHE mass estimate: 2.053 kg (T_phys=20.18N) | solve=7.4ms (max18.2)
[INFO] [1788462493.895190591] [mhe_node]: [truth] m_hat=2.0525 m_true=2.0643 err=-0.57% | c_hat=[+0.0000,+0.0000] c_true=[+0.0000,+0.0000] | Jxx_hat=0.01420 Jxx_true=0.01420 Jyz_hat=+0.00000 Jyz_true=+0.00000 | s_hat=[+0.0008,-0.0003] s_true=[+0.0000,+0.0000] kg·m
[INFO] [1788462493.895707817] [mhe_node]: [tau_phys] roll=+0.003 pitch=+0.021 Nm
[INFO] [1788462493.896299532] [mhe_node]: [mass-diag] m_est=2.0525 T=20.175N tilt=5.38deg cos=0.99560 | T/g=2.0566 T*cos/g=2.0475 | m_est-T*cos/g=+0.0050kg (+0.24%) vz=-0.053
[INFO] [1788462493.896885141] [mhe_node]: [c_xy_est] cx=+0.0004 cy=-0.0002 m
[INFO] [1788462495.902591209] [mhe_node]: MHE mass estimate: 2.055 kg (T_phys=20.47N) | solve=8.0ms (max15.7)
[INFO] [1788462495.903118212] [mhe_node]: [truth] m_hat=2.0555 m_true=2.0643 err=-0.43% | c_hat=[+0.0000,+0.0000] c_true=[+0.0000,+0.0000] | Jxx_hat=0.01420 Jxx_true=0.01420 Jyz_hat=+0.00000 Jyz_true=+0.00000 | s_hat=[-0.0006,-0.0009] s_true=[+0.0000,+0.0000] kg·m
[INFO] [1788462495.903628564] [mhe_node]: [tau_phys] roll=-0.009 pitch=-0.033 Nm
[INFO] [1788462495.904218999] [mhe_node]: [mass-diag] m_est=2.0555 T=20.469N tilt=10.48deg cos=0.98331 | T/g=2.0865 T*cos/g=2.0517 | m_est-T*cos/g=+0.0038kg (+0.18%) vz=-0.165
[INFO] [1788462495.904806410] [mhe_node]: [c_xy_est] cx=-0.0004 cy=-0.0004 m
[INFO] [1788462497.899353960] [mhe_node]: MHE mass estimate: 2.045 kg (T_phys=20.09N) | solve=9.6ms (max13.2)
[INFO] [1788462497.899895034] [mhe_node]: [truth] m_hat=2.0450 m_true=2.0643 err=-0.93% | c_hat=[+0.0000,+0.0000] c_true=[+0.0000,+0.0000] | Jxx_hat=0.01420 Jxx_true=0.01420 Jyz_hat=+0.00000 Jyz_true=+0.00000 | s_hat=[+0.0037,-0.0001] s_true=[+0.0000,+0.0000] kg·m
[INFO] [1788462497.900412507] [mhe_node]: [tau_phys] roll=+0.012 pitch=+0.000 Nm
[INFO] [1788462497.901001257] [mhe_node]: [mass-diag] m_est=2.0450 T=20.087N tilt=6.08deg cos=0.99437 | T/g=2.0476 T*cos/g=2.0360 | m_est-T*cos/g=+0.0090kg (+0.44%) vz=-0.222
[INFO] [1788462497.901577339] [mhe_node]: [c_xy_est] cx=+0.0018 cy=-0.0001 m
[INFO] [1788462499.892670774] [mhe_node]: MHE mass estimate: 2.050 kg (T_phys=20.38N) | solve=9.9ms (max15.7)
[INFO] [1788462499.893229529] [mhe_node]: [truth] m_hat=2.0499 m_true=2.0643 err=-0.70% | c_hat=[+0.0000,+0.0000] c_true=[+0.0000,+0.0000] | Jxx_hat=0.01420 Jxx_true=0.01420 Jyz_hat=+0.00000 Jyz_true=+0.00000 | s_hat=[-0.0000,+0.0014] s_true=[+0.0000,+0.0000] kg·m
[INFO] [1788462499.893755051] [mhe_node]: [tau_phys] roll=+0.022 pitch=+0.001 Nm
[INFO] [1788462499.894341464] [mhe_node]: [mass-diag] m_est=2.0499 T=20.375N tilt=4.71deg cos=0.99663 | T/g=2.0770 T*cos/g=2.0700 | m_est-T*cos/g=-0.0201kg (-0.97%) vz=-0.242
[INFO] [1788462499.894927868] [mhe_node]: [c_xy_est] cx=+0.0001 cy=+0.0006 m
[INFO] [1788462501.908538513] [mhe_node]: MHE mass estimate: 2.058 kg (T_phys=20.52N) | solve=9.0ms (max21.5)
[INFO] [1788462501.909092140] [mhe_node]: [truth] m_hat=2.0577 m_true=2.0643 err=-0.32% | c_hat=[+0.0000,+0.0000] c_true=[+0.0000,+0.0000] | Jxx_hat=0.01420 Jxx_true=0.01420 Jyz_hat=+0.00000 Jyz_true=+0.00000 | s_hat=[-0.0002,+0.0023] s_true=[+0.0000,+0.0000] kg·m
[INFO] [1788462501.909620006] [mhe_node]: [tau_phys] roll=+0.024 pitch=-0.025 Nm
[INFO] [1788462501.910215972] [mhe_node]: [mass-diag] m_est=2.0577 T=20.515N tilt=9.86deg cos=0.98524 | T/g=2.0913 T*cos/g=2.0604 | m_est-T*cos/g=-0.0028kg (-0.13%) vz=-0.128
[INFO] [1788462501.910803689] [mhe_node]: [c_xy_est] cx=-0.0002 cy=+0.0011 m
[INFO] [1788462503.892656284] [mhe_node]: MHE mass estimate: 2.053 kg (T_phys=20.28N) | solve=8.2ms (max12.4)
[INFO] [1788462503.893201744] [mhe_node]: [truth] m_hat=2.0526 m_true=2.0643 err=-0.57% | c_hat=[+0.0000,+0.0000] c_true=[+0.0000,+0.0000] | Jxx_hat=0.01420 Jxx_true=0.01420 Jyz_hat=+0.00000 Jyz_true=+0.00000 | s_hat=[+0.0006,+0.0012] s_true=[+0.0000,+0.0000] kg·m
[INFO] [1788462503.893724506] [mhe_node]: [tau_phys] roll=+0.020 pitch=-0.020 Nm
[INFO] [1788462503.894313850] [mhe_node]: [mass-diag] m_est=2.0526 T=20.284N tilt=5.63deg cos=0.99518 | T/g=2.0677 T*cos/g=2.0577 | m_est-T*cos/g=-0.0051kg (-0.25%) vz=-0.013
[INFO] [1788462503.894897701] [mhe_node]: [c_xy_est] cx=+0.0003 cy=+0.0006 m
[INFO] [1788462505.896939263] [mhe_node]: MHE mass estimate: 2.055 kg (T_phys=20.46N) | solve=7.6ms (max14.7)
[INFO] [1788462505.897480111] [mhe_node]: [truth] m_hat=2.0548 m_true=2.0643 err=-0.46% | c_hat=[+0.0000,+0.0000] c_true=[+0.0000,+0.0000] | Jxx_hat=0.01420 Jxx_true=0.01420 Jyz_hat=+0.00000 Jyz_true=+0.00000 | s_hat=[-0.0006,+0.0016] s_true=[+0.0000,+0.0000] kg·m
[INFO] [1788462505.897996488] [mhe_node]: [tau_phys] roll=+0.027 pitch=+0.003 Nm
[INFO] [1788462505.898584002] [mhe_node]: [mass-diag] m_est=2.0548 T=20.462N tilt=7.78deg cos=0.99080 | T/g=2.0858 T*cos/g=2.0666 | m_est-T*cos/g=-0.0118kg (-0.57%) vz=+0.107
[INFO] [1788462505.899166491] [mhe_node]: [c_xy_est] cx=-0.0003 cy=+0.0008 m
[INFO] [1788462507.897611033] [mhe_node]: MHE mass estimate: 2.049 kg (T_phys=20.27N) | solve=9.0ms (max12.4)
[INFO] [1788462507.898104528] [mhe_node]: [truth] m_hat=2.0493 m_true=2.0643 err=-0.73% | c_hat=[+0.0000,+0.0000] c_true=[+0.0000,+0.0000] | Jxx_hat=0.01420 Jxx_true=0.01420 Jyz_hat=+0.00000 Jyz_true=+0.00000 | s_hat=[+0.0014,+0.0018] s_true=[+0.0000,+0.0000] kg·m
[INFO] [1788462507.898478704] [mhe_node]: [tau_phys] roll=+0.011 pitch=-0.038 Nm
[INFO] [1788462507.898901357] [mhe_node]: [mass-diag] m_est=2.0493 T=20.275N tilt=9.30deg cos=0.98685 | T/g=2.0667 T*cos/g=2.0396 | m_est-T*cos/g=+0.0098kg (+0.48%) vz=+0.224
[INFO] [1788462507.899315980] [mhe_node]: [c_xy_est] cx=+0.0006 cy=+0.0009 m
[INFO] [1788462509.896875519] [mhe_node]: MHE mass estimate: 2.039 kg (T_phys=20.08N) | solve=8.9ms (max17.1)
[INFO] [1788462509.897413627] [mhe_node]: [truth] m_hat=2.0389 m_true=2.0643 err=-1.23% | c_hat=[+0.0000,+0.0000] c_true=[+0.0000,+0.0000] | Jxx_hat=0.01420 Jxx_true=0.01420 Jyz_hat=+0.00000 Jyz_true=+0.00000 | s_hat=[+0.0033,+0.0008] s_true=[+0.0000,+0.0000] kg·m
[INFO] [1788462509.897937889] [mhe_node]: [tau_phys] roll=+0.001 pitch=-0.043 Nm
[INFO] [1788462509.898527820] [mhe_node]: [mass-diag] m_est=2.0389 T=20.077N tilt=2.82deg cos=0.99879 | T/g=2.0466 T*cos/g=2.0441 | m_est-T*cos/g=-0.0052kg (-0.25%) vz=+0.235
[INFO] [1788462509.899111625] [mhe_node]: [c_xy_est] cx=+0.0016 cy=+0.0004 m
[INFO] [1788462511.895975035] [mhe_node]: MHE mass estimate: 2.050 kg (T_phys=20.37N) | solve=7.9ms (max13.7)
[INFO] [1788462511.896520396] [mhe_node]: [truth] m_hat=2.0500 m_true=2.0643 err=-0.69% | c_hat=[+0.0000,+0.0000] c_true=[+0.0000,+0.0000] | Jxx_hat=0.01420 Jxx_true=0.01420 Jyz_hat=+0.00000 Jyz_true=+0.00000 | s_hat=[-0.0004,-0.0004] s_true=[+0.0000,+0.0000] kg·m
[INFO] [1788462511.897041972] [mhe_node]: [tau_phys] roll=-0.014 pitch=+0.014 Nm
[INFO] [1788462511.897636008] [mhe_node]: [mass-diag] m_est=2.0500 T=20.371N tilt=7.83deg cos=0.99068 | T/g=2.0765 T*cos/g=2.0572 | m_est-T*cos/g=-0.0071kg (-0.35%) vz=+0.189
[INFO] [1788462511.898217218] [mhe_node]: [c_xy_est] cx=-0.0001 cy=-0.0001 m
[INFO] [1788462513.897977677] [mhe_node]: MHE mass estimate: 2.051 kg (T_phys=20.09N) | solve=10.4ms (max28.4)
[INFO] [1788462513.898512433] [mhe_node]: [truth] m_hat=2.0508 m_true=2.0643 err=-0.65% | c_hat=[+0.0000,+0.0000] c_true=[+0.0000,+0.0000] | Jxx_hat=0.01420 Jxx_true=0.01420 Jyz_hat=+0.00000 Jyz_true=+0.00000 | s_hat=[+0.0004,-0.0013] s_true=[+0.0000,+0.0000] kg·m
[INFO] [1788462513.899030578] [mhe_node]: [tau_phys] roll=-0.003 pitch=-0.012 Nm
[INFO] [1788462513.899614167] [mhe_node]: [mass-diag] m_est=2.0508 T=20.091N tilt=8.83deg cos=0.98815 | T/g=2.0480 T*cos/g=2.0237 | m_est-T*cos/g=+0.0271kg (+1.34%) vz=+0.098
[INFO] [1788462513.900193496] [mhe_node]: [c_xy_est] cx=+0.0001 cy=-0.0006 m
[INFO] [1788462515.893690888] [mhe_node]: MHE mass estimate: 2.049 kg (T_phys=20.19N) | solve=8.2ms (max12.4)
[INFO] [1788462515.894239674] [mhe_node]: [truth] m_hat=2.0488 m_true=2.0643 err=-0.75% | c_hat=[+0.0000,+0.0000] c_true=[+0.0000,+0.0000] | Jxx_hat=0.01420 Jxx_true=0.01420 Jyz_hat=+0.00000 Jyz_true=+0.00000 | s_hat=[+0.0012,-0.0004] s_true=[+0.0000,+0.0000] kg·m
[INFO] [1788462515.894759037] [mhe_node]: [tau_phys] roll=-0.007 pitch=-0.009 Nm
[INFO] [1788462515.895346576] [mhe_node]: [mass-diag] m_est=2.0488 T=20.186N tilt=5.26deg cos=0.99578 | T/g=2.0577 T*cos/g=2.0490 | m_est-T*cos/g=-0.0002kg (-0.01%) vz=-0.050
[INFO] [1788462515.895927646] [mhe_node]: [c_xy_est] cx=+0.0007 cy=-0.0002 m
[INFO] [1788462517.901964470] [mhe_node]: MHE mass estimate: 2.055 kg (T_phys=20.36N) | solve=8.0ms (max15.8)
[INFO] [1788462517.902500430] [mhe_node]: [truth] m_hat=2.0554 m_true=2.0643 err=-0.43% | c_hat=[+0.0000,+0.0000] c_true=[+0.0000,+0.0000] | Jxx_hat=0.01420 Jxx_true=0.01420 Jyz_hat=+0.00000 Jyz_true=+0.00000 | s_hat=[-0.0009,-0.0006] s_true=[+0.0000,+0.0000] kg·m
[INFO] [1788462517.903018164] [mhe_node]: [tau_phys] roll=-0.010 pitch=-0.022 Nm
[INFO] [1788462517.903603536] [mhe_node]: [mass-diag] m_est=2.0554 T=20.362N tilt=9.74deg cos=0.98559 | T/g=2.0756 T*cos/g=2.0457 | m_est-T*cos/g=+0.0097kg (+0.48%) vz=-0.157
[INFO] [1788462517.904178617] [mhe_node]: [c_xy_est] cx=-0.0005 cy=-0.0003 m
[INFO] [1788462519.893769583] [mhe_node]: MHE mass estimate: 2.045 kg (T_phys=20.19N) | solve=9.1ms (max17.9)
[INFO] [1788462519.894311943] [mhe_node]: [truth] m_hat=2.0454 m_true=2.0643 err=-0.92% | c_hat=[+0.0000,+0.0000] c_true=[+0.0000,+0.0000] | Jxx_hat=0.01420 Jxx_true=0.01420 Jyz_hat=+0.00000 Jyz_true=+0.00000 | s_hat=[+0.0026,-0.0001] s_true=[+0.0000,+0.0000] kg·m
[INFO] [1788462519.894840635] [mhe_node]: [tau_phys] roll=+0.007 pitch=-0.023 Nm
[INFO] [1788462519.895426687] [mhe_node]: [mass-diag] m_est=2.0454 T=20.190N tilt=6.95deg cos=0.99265 | T/g=2.0581 T*cos/g=2.0429 | m_est-T*cos/g=+0.0025kg (+0.12%) vz=-0.216
[INFO] [1788462519.896008794] [mhe_node]: [c_xy_est] cx=+0.0013 cy=-0.0001 m
[INFO] [1788462521.898150637] [mhe_node]: MHE mass estimate: 2.049 kg (T_phys=20.32N) | solve=8.0ms (max13.6)
[INFO] [1788462521.898690572] [mhe_node]: [truth] m_hat=2.0495 m_true=2.0643 err=-0.72% | c_hat=[+0.0000,+0.0000] c_true=[+0.0000,+0.0000] | Jxx_hat=0.01420 Jxx_true=0.01420 Jyz_hat=+0.00000 Jyz_true=+0.00000 | s_hat=[+0.0006,+0.0014] s_true=[+0.0000,+0.0000] kg·m
[INFO] [1788462521.899213128] [mhe_node]: [tau_phys] roll=+0.013 pitch=+0.013 Nm
[INFO] [1788462521.899805854] [mhe_node]: [mass-diag] m_est=2.0495 T=20.318N tilt=3.62deg cos=0.99800 | T/g=2.0712 T*cos/g=2.0670 | m_est-T*cos/g=-0.0175kg (-0.85%) vz=-0.236
[INFO] [1788462521.900388095] [mhe_node]: [c_xy_est] cx=+0.0002 cy=+0.0006 m
[INFO] [1788462523.899581061] [mhe_node]: MHE mass estimate: 2.058 kg (T_phys=20.57N) | solve=7.4ms (max14.8)
[INFO] [1788462523.900122315] [mhe_node]: [truth] m_hat=2.0576 m_true=2.0643 err=-0.32% | c_hat=[+0.0000,+0.0000] c_true=[+0.0000,+0.0000] | Jxx_hat=0.01420 Jxx_true=0.01420 Jyz_hat=+0.00000 Jyz_true=+0.00000 | s_hat=[-0.0005,+0.0021] s_true=[+0.0000,+0.0000] kg·m
[INFO] [1788462523.900638319] [mhe_node]: [tau_phys] roll=+0.023 pitch=-0.011 Nm
[INFO] [1788462523.901237854] [mhe_node]: [mass-diag] m_est=2.0576 T=20.567N tilt=9.56deg cos=0.98613 | T/g=2.0965 T*cos/g=2.0674 | m_est-T*cos/g=-0.0098kg (-0.48%) vz=-0.139
[INFO] [1788462523.901828023] [mhe_node]: [c_xy_est] cx=-0.0003 cy=+0.0010 m
[ros2run]: Killed
