[INFO] [1785419451.569893786] [acados_nmpc_node]: acados NMPC node starting, building/loading solver...
Code reuse possible, skipping code generation.
acados was compiled without OpenMP.
[INFO] [1785419451.580376917] [acados_nmpc_node]: GRIPPER MODE: hover over box (1.0,0.1) z 0.55->2.5m, lift after 1.5s, empty m_est=2.06kg
[INFO] [1785419451.580804562] [acados_nmpc_node]: Warming up acados solver...
[INFO] [1785419451.586761710] [acados_nmpc_node]: Solver warmup complete, took 5.5 ms
[INFO] [1785419451.593813663] [acados_nmpc_node]: Decoupled publish enabled: solve @20Hz, body_rate/thrust @50Hz (trajectory interpolation)
[INFO] [1785419451.594322005] [acados_nmpc_node]: acados NMPC node initialized! Waiting for EKF2 convergence...
[INFO] [1785419461.594947628] [acados_nmpc_node]: Waiting for EKF2 convergence... 5/10 s
[INFO] [1785419466.595365085] [acados_nmpc_node]: Waiting for EKF2 convergence... 10/10 s
[INFO] [1785419466.643771031] [acados_nmpc_node]: Switching to OFFBOARD mode
[INFO] [1785419467.543771083] [acados_nmpc_node]: Sending arm command
[INFO] [1785419468.543618199] [acados_nmpc_node]: Armed, preparing to move to trajectory start...
[INFO] [1785419470.995028462] [acados_nmpc_node]: Gripper approach (climb): rising at spawn to z=1.50m | z=0.03m v=0.49m/s
[INFO] [1785419473.495218127] [acados_nmpc_node]: Gripper approach (climb): rising at spawn to z=1.50m | z=1.03m v=0.22m/s
[INFO] [1785419475.343654170] [acados_nmpc_node]: Gripper approach: climbed to safe altitude at spawn, now translating over box
[INFO] [1785419475.995271701] [acados_nmpc_node]: Gripper approach (high): aligning over box at z=1.50m | xy=0.899m z_err=0.133m v=0.50m/s
[INFO] [1785419477.643795048] [acados_nmpc_node]: Gripper approach: aligned above box, NMPC will take over here (z=1.50m), settle 3.0s then descend to z=0.55m to trigger attach
[INFO] [1785419477.696544422] [acados_nmpc_node]: Reached trajectory start, NMPC tracking begins!
[INFO] [1785419478.445671695] [acados_nmpc_node]: t=0.7s | pos_err=0.057m | T=20.04N | tau=[r0.001 p0.016 y-0.013]Nm | res_stat=2.819e-07(peak 8.110e-07) sqp_iter=3 | solve=1.5ms
[INFO] [1785419480.696457103] [acados_nmpc_node]: t=3.0s | DESCEND: settle done, lowering 1.5->0.55m, will enable gripper at bottom
[INFO] [1785419483.445380234] [acados_nmpc_node]: t=5.7s | pos_err=0.050m | T=20.35N | tau=[r-0.002 p-0.001 y-0.000]Nm | res_stat=4.847e-07(peak 9.675e-07) sqp_iter=2 | solve=1.2ms
[INFO] [1785419484.296594500] [acados_nmpc_node]: t=6.6s | DESCEND done at z=0.570m (target 0.550m, z_err=0.020m, v=0.05m/s), gripper ENABLED (attach will trigger now)
[INFO] [1785419484.361979025] [acados_nmpc_node]: attach offset received: box-drone = [-0.029, -0.039, -0.552] m
[INFO] [1785419484.396629739] [acados_nmpc_node]: PX4 MC_ROLLRATE_K: 1.000 -> 3.836 (inertia ratio 3.84, cap 5.0)
[INFO] [1785419484.396836347] [acados_nmpc_node]: PX4 MC_PITCHRATE_K: 1.000 -> 3.836 (inertia ratio 3.84, cap 5.0)
[INFO] [1785419484.397032340] [acados_nmpc_node]: t=6.7s | ATTACH (geom_source=online): dJ/gain init from prior m_p=0.20kg arm=0.47m (dJ=0.0403); c_xy+dJ refine online, attach truth eval-only
[INFO] [1785419484.399214035] [acados_nmpc_node]: [attach-window] t=6.70s pos_err=0.021m T=20.23N z=0.567 m_est=2.050
[INFO] [1785419484.445649484] [acados_nmpc_node]: [attach-window] t=6.75s pos_err=0.023m T=19.72N z=0.568 m_est=2.050
[INFO] [1785419484.498559582] [acados_nmpc_node]: [attach-window] t=6.80s pos_err=0.024m T=19.72N z=0.569 m_est=2.050
[INFO] [1785419484.545533002] [acados_nmpc_node]: [attach-window] t=6.85s pos_err=0.026m T=19.68N z=0.570 m_est=2.050
[INFO] [1785419484.598645003] [acados_nmpc_node]: [attach-window] t=6.90s pos_err=0.027m T=19.67N z=0.571 m_est=2.050
[INFO] [1785419484.645588613] [acados_nmpc_node]: [attach-window] t=6.95s pos_err=0.029m T=19.63N z=0.572 m_est=2.050
[INFO] [1785419484.698539852] [acados_nmpc_node]: [attach-window] t=7.00s pos_err=0.030m T=19.61N z=0.573 m_est=2.049
[INFO] [1785419484.745525712] [acados_nmpc_node]: [attach-window] t=7.05s pos_err=0.031m T=19.57N z=0.575 m_est=2.049
[INFO] [1785419484.798646743] [acados_nmpc_node]: [attach-window] t=7.10s pos_err=0.032m T=19.55N z=0.576 m_est=2.048
[INFO] [1785419484.845565100] [acados_nmpc_node]: [attach-window] t=7.15s pos_err=0.034m T=19.51N z=0.577 m_est=2.048
[INFO] [1785419484.897007803] [acados_nmpc_node]: [attach-window] t=7.20s pos_err=0.034m T=19.48N z=0.578 m_est=2.046
[INFO] [1785419484.944956038] [acados_nmpc_node]: [attach-window] t=7.25s pos_err=0.035m T=19.47N z=0.579 m_est=2.046
[INFO] [1785419484.997263814] [acados_nmpc_node]: [attach-window] t=7.30s pos_err=0.036m T=19.44N z=0.579 m_est=2.044
[INFO] [1785419485.045034607] [acados_nmpc_node]: [attach-window] t=7.35s pos_err=0.036m T=19.44N z=0.579 m_est=2.044
[INFO] [1785419485.098478844] [acados_nmpc_node]: [attach-window] t=7.40s pos_err=0.035m T=19.42N z=0.579 m_est=2.041
[INFO] [1785419485.145526182] [acados_nmpc_node]: [attach-window] t=7.45s pos_err=0.035m T=19.44N z=0.578 m_est=2.041
[INFO] [1785419485.198629299] [acados_nmpc_node]: [attach-window] t=7.50s pos_err=0.034m T=19.42N z=0.577 m_est=2.038
[INFO] [1785419485.245549153] [acados_nmpc_node]: [attach-window] t=7.55s pos_err=0.033m T=19.45N z=0.576 m_est=2.038
[INFO] [1785419485.298436463] [acados_nmpc_node]: [attach-window] t=7.60s pos_err=0.032m T=19.42N z=0.576 m_est=2.034
[INFO] [1785419485.345560772] [acados_nmpc_node]: [attach-window] t=7.65s pos_err=0.031m T=19.46N z=0.574 m_est=2.034
[INFO] [1785419485.398473055] [acados_nmpc_node]: [attach-window] t=7.70s pos_err=0.030m T=19.43N z=0.574 m_est=2.030
[INFO] [1785419485.445566641] [acados_nmpc_node]: [attach-window] t=7.75s pos_err=0.029m T=19.47N z=0.572 m_est=2.030
[INFO] [1785419485.498724015] [acados_nmpc_node]: [attach-window] t=7.80s pos_err=0.028m T=19.44N z=0.572 m_est=2.026
[INFO] [1785419485.545541771] [acados_nmpc_node]: [attach-window] t=7.85s pos_err=0.027m T=19.48N z=0.570 m_est=2.026
[INFO] [1785419485.598621592] [acados_nmpc_node]: [attach-window] t=7.90s pos_err=0.026m T=19.45N z=0.569 m_est=2.021
[INFO] [1785419485.645614465] [acados_nmpc_node]: [attach-window] t=7.95s pos_err=0.025m T=19.48N z=0.568 m_est=2.021
[INFO] [1785419485.698750551] [acados_nmpc_node]: [attach-window] t=8.00s pos_err=0.024m T=19.45N z=0.567 m_est=2.017
[INFO] [1785419485.745605211] [acados_nmpc_node]: [attach-window] t=8.05s pos_err=0.023m T=19.48N z=0.566 m_est=2.017
[INFO] [1785419485.798562381] [acados_nmpc_node]: [attach-window] t=8.10s pos_err=0.022m T=19.45N z=0.565 m_est=2.013
[INFO] [1785419485.845664801] [acados_nmpc_node]: [attach-window] t=8.15s pos_err=0.021m T=19.47N z=0.565 m_est=2.013
[INFO] [1785419485.896660896] [acados_nmpc_node]: t=8.2s | LIFT: raising hover 0.55->2.5m to lift payload
[INFO] [1785419485.898873888] [acados_nmpc_node]: [attach-window] t=8.20s pos_err=0.020m T=19.43N z=0.564 m_est=2.009
[INFO] [1785419485.945545870] [acados_nmpc_node]: [attach-window] t=8.25s pos_err=0.019m T=19.44N z=0.564 m_est=2.009
[INFO] [1785419485.998847013] [acados_nmpc_node]: [attach-window] t=8.30s pos_err=0.018m T=19.42N z=0.564 m_est=2.005
[INFO] [1785419486.045608513] [acados_nmpc_node]: [attach-window] t=8.35s pos_err=0.016m T=19.46N z=0.564 m_est=2.005
[INFO] [1785419486.098790186] [acados_nmpc_node]: [attach-window] t=8.40s pos_err=0.013m T=19.48N z=0.563 m_est=2.001
[INFO] [1785419486.145694283] [acados_nmpc_node]: [attach-window] t=8.45s pos_err=0.010m T=19.58N z=0.563 m_est=2.001
[INFO] [1785419486.198587579] [acados_nmpc_node]: [attach-window] t=8.50s pos_err=0.010m T=19.69N z=0.563 m_est=1.998
[INFO] [1785419486.245611496] [acados_nmpc_node]: [attach-window] t=8.55s pos_err=0.016m T=19.87N z=0.562 m_est=1.998
[INFO] [1785419486.298664012] [acados_nmpc_node]: [attach-window] t=8.60s pos_err=0.028m T=20.08N z=0.561 m_est=1.994
[INFO] [1785419486.345596321] [acados_nmpc_node]: [attach-window] t=8.65s pos_err=0.041m T=20.35N z=0.561 m_est=1.994
[INFO] [1785419486.398706179] [acados_nmpc_node]: [attach-window] t=8.70s pos_err=0.059m T=20.67N z=0.561 m_est=1.992
[INFO] [1785419486.445552078] [acados_nmpc_node]: [attach-window] t=8.75s pos_err=0.078m T=21.03N z=0.560 m_est=1.992
[INFO] [1785419486.498779891] [acados_nmpc_node]: [attach-window] t=8.80s pos_err=0.103m T=21.48N z=0.560 m_est=1.990
[INFO] [1785419486.545715345] [acados_nmpc_node]: [attach-window] t=8.85s pos_err=0.128m T=21.96N z=0.560 m_est=1.990
[INFO] [1785419486.598768503] [acados_nmpc_node]: [attach-window] t=8.90s pos_err=0.159m T=22.50N z=0.560 m_est=1.989
[INFO] [1785419486.645802290] [acados_nmpc_node]: [attach-window] t=8.95s pos_err=0.190m T=23.08N z=0.560 m_est=1.989
[INFO] [1785419486.698982186] [acados_nmpc_node]: [attach-window] t=9.00s pos_err=0.228m T=23.80N z=0.560 m_est=1.990
[INFO] [1785419486.745808309] [acados_nmpc_node]: [attach-window] t=9.05s pos_err=0.264m T=24.31N z=0.560 m_est=1.990
[INFO] [1785419486.798884990] [acados_nmpc_node]: [attach-window] t=9.10s pos_err=0.307m T=25.27N z=0.561 m_est=2.021
[INFO] [1785419486.845797208] [acados_nmpc_node]: [attach-window] t=9.15s pos_err=0.345m T=25.49N z=0.564 m_est=2.021
[INFO] [1785419486.898892815] [acados_nmpc_node]: [attach-window] t=9.20s pos_err=0.392m T=26.94N z=0.568 m_est=2.114
[INFO] [1785419486.945775899] [acados_nmpc_node]: [attach-window] t=9.25s pos_err=0.426m T=26.60N z=0.580 m_est=2.114
[INFO] [1785419486.999111791] [acados_nmpc_node]: [attach-window] t=9.30s pos_err=0.473m T=27.73N z=0.587 m_est=2.200
[INFO] [1785419487.045842058] [acados_nmpc_node]: [attach-window] t=9.35s pos_err=0.501m T=27.01N z=0.609 m_est=2.200
[INFO] [1785419487.098981790] [acados_nmpc_node]: [attach-window] t=9.40s pos_err=0.546m T=27.49N z=0.624 m_est=2.241
[INFO] [1785419487.145618558] [acados_nmpc_node]: [attach-window] t=9.45s pos_err=0.558m T=26.12N z=0.665 m_est=2.241
[INFO] [1785419487.198967768] [acados_nmpc_node]: [attach-window] t=9.50s pos_err=0.598m T=26.30N z=0.687 m_est=2.258
[INFO] [1785419487.245547150] [acados_nmpc_node]: [attach-window] t=9.55s pos_err=0.602m T=25.15N z=0.738 m_est=2.258
[INFO] [1785419487.298695510] [acados_nmpc_node]: [attach-window] t=9.60s pos_err=0.638m T=25.16N z=0.766 m_est=2.248
[INFO] [1785419487.345670491] [acados_nmpc_node]: [attach-window] t=9.65s pos_err=0.626m T=23.87N z=0.835 m_est=2.248
[INFO] [1785419487.398872052] [acados_nmpc_node]: [attach-window] t=9.70s pos_err=0.657m T=23.98N z=0.868 m_est=2.238
[INFO] [1785419487.445652376] [acados_nmpc_node]: [attach-window] t=9.75s pos_err=0.646m T=23.19N z=0.937 m_est=2.238
[INFO] [1785419487.498736351] [acados_nmpc_node]: [attach-window] t=9.80s pos_err=0.674m T=23.35N z=0.973 m_est=2.221
[INFO] [1785419487.545570665] [acados_nmpc_node]: [attach-window] t=9.85s pos_err=0.649m T=22.51N z=1.055 m_est=2.221
[INFO] [1785419487.598937259] [acados_nmpc_node]: [attach-window] t=9.90s pos_err=0.675m T=22.81N z=1.091 m_est=2.212
[INFO] [1785419487.645596474] [acados_nmpc_node]: [attach-window] t=9.95s pos_err=0.646m T=22.16N z=1.174 m_est=2.212
[INFO] [1785419487.698740845] [acados_nmpc_node]: [attach-window] t=10.00s pos_err=0.679m T=22.68N z=1.202 m_est=2.202
[INFO] [1785419487.745593133] [acados_nmpc_node]: [attach-window] t=10.05s pos_err=0.649m T=22.13N z=1.284 m_est=2.202
[INFO] [1785419487.798845643] [acados_nmpc_node]: [attach-window] t=10.10s pos_err=0.670m T=22.50N z=1.320 m_est=2.199
[INFO] [1785419487.845753520] [acados_nmpc_node]: [attach-window] t=10.15s pos_err=0.647m T=22.13N z=1.392 m_est=2.199
[INFO] [1785419487.898815280] [acados_nmpc_node]: [attach-window] t=10.20s pos_err=0.655m T=22.29N z=1.436 m_est=2.197
[INFO] [1785419487.945608104] [acados_nmpc_node]: [attach-window] t=10.25s pos_err=0.629m T=21.89N z=1.506 m_est=2.197
[INFO] [1785419487.998887506] [acados_nmpc_node]: [attach-window] t=10.30s pos_err=0.642m T=22.17N z=1.540 m_est=2.196
[INFO] [1785419488.045602501] [acados_nmpc_node]: [attach-window] t=10.35s pos_err=0.613m T=21.77N z=1.609 m_est=2.196
[INFO] [1785419488.099473595] [acados_nmpc_node]: [attach-window] t=10.40s pos_err=0.621m T=21.99N z=1.642 m_est=2.199
[INFO] [1785419488.145671976] [acados_nmpc_node]: [attach-window] t=10.45s pos_err=0.579m T=21.41N z=1.717 m_est=2.199
[INFO] [1785419488.198946277] [acados_nmpc_node]: [attach-window] t=10.50s pos_err=0.582m T=21.57N z=1.750 m_est=2.203
[INFO] [1785419488.245540032] [acados_nmpc_node]: [attach-window] t=10.55s pos_err=0.545m T=21.16N z=1.814 m_est=2.203
[INFO] [1785419488.298790042] [acados_nmpc_node]: [attach-window] t=10.60s pos_err=0.542m T=21.26N z=1.845 m_est=2.206
[INFO] [1785419488.345601325] [acados_nmpc_node]: [attach-window] t=10.65s pos_err=0.496m T=20.78N z=1.914 m_est=2.206
[INFO] [1785419488.398670868] [acados_nmpc_node]: [attach-window] t=10.70s pos_err=0.488m T=20.85N z=1.943 m_est=2.209
[INFO] [1785419488.445588002] [acados_nmpc_node]: [attach-window] t=10.75s pos_err=0.447m T=20.55N z=2.000 m_est=2.209
[INFO] [1785419488.446066840] [acados_nmpc_node]: t=10.7s | pos_err=0.447m | T=20.55N | tau=[r-0.024 p0.025 y0.001]Nm | res_stat=2.952e-07(peak 9.682e-07) sqp_iter=3 | solve=1.5ms
[INFO] [1785419488.498845171] [acados_nmpc_node]: [attach-window] t=10.80s pos_err=0.436m T=20.59N z=2.027 m_est=2.211
[INFO] [1785419488.545562453] [acados_nmpc_node]: [attach-window] t=10.85s pos_err=0.389m T=20.31N z=2.085 m_est=2.211
[INFO] [1785419488.598905492] [acados_nmpc_node]: [attach-window] t=10.90s pos_err=0.375m T=20.34N z=2.109 m_est=2.214
[INFO] [1785419488.645576477] [acados_nmpc_node]: [attach-window] t=10.95s pos_err=0.336m T=20.22N z=2.154 m_est=2.214
[INFO] [1785419488.698875766] [acados_nmpc_node]: [attach-window] t=11.00s pos_err=0.320m T=20.24N z=2.175 m_est=2.216
[INFO] [1785419488.745733126] [acados_nmpc_node]: [attach-window] t=11.05s pos_err=0.280m T=20.20N z=2.218 m_est=2.216
[INFO] [1785419488.799003493] [acados_nmpc_node]: [attach-window] t=11.10s pos_err=0.264m T=20.22N z=2.236 m_est=2.216
[INFO] [1785419488.845750809] [acados_nmpc_node]: [attach-window] t=11.15s pos_err=0.232m T=20.26N z=2.268 m_est=2.216
[INFO] [1785419488.899125097] [acados_nmpc_node]: [attach-window] t=11.20s pos_err=0.217m T=20.31N z=2.283 m_est=2.218
[INFO] [1785419488.945602567] [acados_nmpc_node]: [attach-window] t=11.25s pos_err=0.186m T=20.43N z=2.314 m_est=2.218
[INFO] [1785419488.998850801] [acados_nmpc_node]: [attach-window] t=11.30s pos_err=0.174m T=20.52N z=2.326 m_est=2.220
[INFO] [1785419489.045786766] [acados_nmpc_node]: [attach-window] t=11.35s pos_err=0.152m T=20.68N z=2.348 m_est=2.220
[INFO] [1785419489.098870146] [acados_nmpc_node]: [attach-window] t=11.40s pos_err=0.142m T=20.80N z=2.358 m_est=2.224
[INFO] [1785419489.145653587] [acados_nmpc_node]: [attach-window] t=11.45s pos_err=0.123m T=20.99N z=2.377 m_est=2.224
[INFO] [1785419489.198817294] [acados_nmpc_node]: [attach-window] t=11.50s pos_err=0.115m T=21.12N z=2.385 m_est=2.229
[INFO] [1785419489.245618054] [acados_nmpc_node]: [attach-window] t=11.55s pos_err=0.102m T=21.26N z=2.398 m_est=2.229
[INFO] [1785419489.298824756] [acados_nmpc_node]: [attach-window] t=11.60s pos_err=0.096m T=21.37N z=2.404 m_est=2.233
[INFO] [1785419489.345504857] [acados_nmpc_node]: [attach-window] t=11.65s pos_err=0.085m T=21.51N z=2.416 m_est=2.233
[INFO] [1785419489.399012141] [acados_nmpc_node]: [attach-window] t=11.70s pos_err=0.080m T=21.61N z=2.420 m_est=2.238
[INFO] [1785419489.445363960] [acados_nmpc_node]: [attach-window] t=11.75s pos_err=0.072m T=21.69N z=2.428 m_est=2.238
[INFO] [1785419489.498650021] [acados_nmpc_node]: [attach-window] t=11.80s pos_err=0.069m T=21.76N z=2.431 m_est=2.242
[INFO] [1785419489.545330455] [acados_nmpc_node]: [attach-window] t=11.85s pos_err=0.061m T=21.82N z=2.439 m_est=2.242
[INFO] [1785419489.598680967] [acados_nmpc_node]: [attach-window] t=11.90s pos_err=0.058m T=21.86N z=2.442 m_est=2.246
[INFO] [1785419489.645448613] [acados_nmpc_node]: [attach-window] t=11.95s pos_err=0.052m T=21.88N z=2.448 m_est=2.246
[INFO] [1785419489.698580411] [acados_nmpc_node]: [attach-window] t=12.00s pos_err=0.049m T=21.92N z=2.451 m_est=2.249
[INFO] [1785419489.745313217] [acados_nmpc_node]: [attach-window] t=12.05s pos_err=0.044m T=21.93N z=2.456 m_est=2.249
[INFO] [1785419489.797262471] [acados_nmpc_node]: [attach-window] t=12.10s pos_err=0.042m T=21.96N z=2.459 m_est=2.252
[INFO] [1785419489.844777827] [acados_nmpc_node]: [attach-window] t=12.15s pos_err=0.038m T=21.96N z=2.463 m_est=2.252
[INFO] [1785419489.898432024] [acados_nmpc_node]: [attach-window] t=12.20s pos_err=0.036m T=21.98N z=2.465 m_est=2.255
[INFO] [1785419489.945482587] [acados_nmpc_node]: [attach-window] t=12.25s pos_err=0.032m T=21.97N z=2.470 m_est=2.255
[INFO] [1785419489.998954386] [acados_nmpc_node]: [attach-window] t=12.30s pos_err=0.030m T=21.99N z=2.472 m_est=2.257
[INFO] [1785419490.045604364] [acados_nmpc_node]: [attach-window] t=12.35s pos_err=0.027m T=21.99N z=2.476 m_est=2.257
[INFO] [1785419490.099230625] [acados_nmpc_node]: [attach-window] t=12.40s pos_err=0.026m T=22.00N z=2.478 m_est=2.260
[INFO] [1785419490.145693137] [acados_nmpc_node]: [attach-window] t=12.45s pos_err=0.023m T=21.97N z=2.483 m_est=2.260
[INFO] [1785419490.198891670] [acados_nmpc_node]: [attach-window] t=12.50s pos_err=0.022m T=21.98N z=2.485 m_est=2.261
[INFO] [1785419490.245730393] [acados_nmpc_node]: [attach-window] t=12.55s pos_err=0.020m T=21.95N z=2.489 m_est=2.261
[INFO] [1785419490.297564657] [acados_nmpc_node]: [attach-window] t=12.60s pos_err=0.019m T=21.94N z=2.491 m_est=2.262
[INFO] [1785419490.345086640] [acados_nmpc_node]: [attach-window] t=12.65s pos_err=0.018m T=21.92N z=2.496 m_est=2.262
[INFO] [1785419490.398595019] [acados_nmpc_node]: [attach-window] t=12.70s pos_err=0.018m T=21.93N z=2.498 m_est=2.262
[INFO] [1785419490.445363558] [acados_nmpc_node]: [attach-window] t=12.75s pos_err=0.017m T=21.93N z=2.501 m_est=2.262
[INFO] [1785419490.498665039] [acados_nmpc_node]: [attach-window] t=12.80s pos_err=0.017m T=21.94N z=2.502 m_est=2.262
[INFO] [1785419490.545397944] [acados_nmpc_node]: [attach-window] t=12.85s pos_err=0.017m T=21.96N z=2.505 m_est=2.262
[INFO] [1785419490.598514250] [acados_nmpc_node]: [attach-window] t=12.90s pos_err=0.017m T=21.97N z=2.506 m_est=2.262
[INFO] [1785419490.645383279] [acados_nmpc_node]: [attach-window] t=12.95s pos_err=0.017m T=22.00N z=2.508 m_est=2.262
[INFO] [1785419490.697198634] [acados_nmpc_node]: [attach-window] t=13.00s pos_err=0.017m T=22.02N z=2.508 m_est=2.262
[INFO] [1785419490.744778416] [acados_nmpc_node]: [attach-window] t=13.05s pos_err=0.016m T=22.05N z=2.509 m_est=2.262
[INFO] [1785419490.797239549] [acados_nmpc_node]: [attach-window] t=13.10s pos_err=0.015m T=22.06N z=2.510 m_est=2.261
[INFO] [1785419490.844774718] [acados_nmpc_node]: [attach-window] t=13.15s pos_err=0.014m T=22.10N z=2.510 m_est=2.261
[INFO] [1785419490.897151143] [acados_nmpc_node]: [attach-window] t=13.20s pos_err=0.013m T=22.11N z=2.510 m_est=2.261
[INFO] [1785419490.944768773] [acados_nmpc_node]: [attach-window] t=13.25s pos_err=0.011m T=22.15N z=2.509 m_est=2.261
[INFO] [1785419490.996953162] [acados_nmpc_node]: [attach-window] t=13.30s pos_err=0.010m T=22.16N z=2.508 m_est=2.260
[INFO] [1785419491.044800270] [acados_nmpc_node]: [attach-window] t=13.35s pos_err=0.009m T=22.19N z=2.508 m_est=2.260
[INFO] [1785419491.098670709] [acados_nmpc_node]: [attach-window] t=13.40s pos_err=0.008m T=22.20N z=2.507 m_est=2.260
[INFO] [1785419491.145293545] [acados_nmpc_node]: [attach-window] t=13.45s pos_err=0.008m T=22.21N z=2.506 m_est=2.260
[INFO] [1785419491.198629639] [acados_nmpc_node]: [attach-window] t=13.50s pos_err=0.008m T=22.22N z=2.506 m_est=2.260
[INFO] [1785419491.245322338] [acados_nmpc_node]: [attach-window] t=13.55s pos_err=0.009m T=22.22N z=2.505 m_est=2.260
[INFO] [1785419491.298721527] [acados_nmpc_node]: [attach-window] t=13.60s pos_err=0.009m T=22.23N z=2.504 m_est=2.260
[INFO] [1785419491.345529626] [acados_nmpc_node]: [attach-window] t=13.65s pos_err=0.010m T=22.23N z=2.504 m_est=2.260
[INFO] [1785419491.399233058] [acados_nmpc_node]: [attach-window] t=13.70s pos_err=0.011m T=22.23N z=2.503 m_est=2.260
[INFO] [1785419491.445362547] [acados_nmpc_node]: [attach-window] t=13.75s pos_err=0.011m T=22.22N z=2.503 m_est=2.260
[INFO] [1785419491.499095045] [acados_nmpc_node]: [attach-window] t=13.80s pos_err=0.012m T=22.23N z=2.502 m_est=2.261
[INFO] [1785419491.545382108] [acados_nmpc_node]: [attach-window] t=13.85s pos_err=0.013m T=22.23N z=2.501 m_est=2.261
[INFO] [1785419491.598841562] [acados_nmpc_node]: [attach-window] t=13.90s pos_err=0.013m T=22.23N z=2.501 m_est=2.261
[INFO] [1785419491.645370492] [acados_nmpc_node]: [attach-window] t=13.95s pos_err=0.014m T=22.24N z=2.500 m_est=2.261
[INFO] [1785419491.698838527] [acados_nmpc_node]: [attach-window] t=14.00s pos_err=0.015m T=22.24N z=2.500 m_est=2.262
[INFO] [1785419491.745378172] [acados_nmpc_node]: [attach-window] t=14.05s pos_err=0.016m T=22.25N z=2.499 m_est=2.262
[INFO] [1785419491.798987449] [acados_nmpc_node]: [attach-window] t=14.10s pos_err=0.017m T=22.26N z=2.498 m_est=2.262
[INFO] [1785419491.845512677] [acados_nmpc_node]: [attach-window] t=14.15s pos_err=0.018m T=22.26N z=2.497 m_est=2.262
[INFO] [1785419491.899079705] [acados_nmpc_node]: [attach-window] t=14.20s pos_err=0.019m T=22.26N z=2.497 m_est=2.263
[INFO] [1785419491.945457500] [acados_nmpc_node]: [attach-window] t=14.25s pos_err=0.020m T=22.26N z=2.496 m_est=2.263
[INFO] [1785419491.999133731] [acados_nmpc_node]: [attach-window] t=14.30s pos_err=0.021m T=22.26N z=2.495 m_est=2.263
[INFO] [1785419492.045441527] [acados_nmpc_node]: [attach-window] t=14.35s pos_err=0.022m T=22.25N z=2.494 m_est=2.263
[INFO] [1785419492.097284237] [acados_nmpc_node]: [attach-window] t=14.40s pos_err=0.022m T=22.25N z=2.494 m_est=2.263
[INFO] [1785419492.144924818] [acados_nmpc_node]: [attach-window] t=14.45s pos_err=0.021m T=22.24N z=2.494 m_est=2.263
[INFO] [1785419492.197198224] [acados_nmpc_node]: [attach-window] t=14.50s pos_err=0.021m T=22.24N z=2.493 m_est=2.264
[INFO] [1785419492.244815782] [acados_nmpc_node]: [attach-window] t=14.55s pos_err=0.020m T=22.23N z=2.493 m_est=2.264
[INFO] [1785419492.298975686] [acados_nmpc_node]: [attach-window] t=14.60s pos_err=0.019m T=22.23N z=2.493 m_est=2.264
[INFO] [1785419492.345441038] [acados_nmpc_node]: [attach-window] t=14.65s pos_err=0.017m T=22.22N z=2.493 m_est=2.264
[INFO] [1785419492.398829337] [acados_nmpc_node]: [attach-window] t=14.70s pos_err=0.017m T=22.21N z=2.493 m_est=2.263
[INFO] [1785419492.445322728] [acados_nmpc_node]: [attach-window] t=14.75s pos_err=0.015m T=22.21N z=2.493 m_est=2.263
[INFO] [1785419492.498650189] [acados_nmpc_node]: [attach-window] t=14.80s pos_err=0.015m T=22.20N z=2.493 m_est=2.263
[INFO] [1785419492.545384558] [acados_nmpc_node]: [attach-window] t=14.85s pos_err=0.014m T=22.19N z=2.493 m_est=2.263
[INFO] [1785419492.599088384] [acados_nmpc_node]: [attach-window] t=14.90s pos_err=0.014m T=22.19N z=2.493 m_est=2.263
[INFO] [1785419492.645561516] [acados_nmpc_node]: [attach-window] t=14.95s pos_err=0.015m T=22.18N z=2.493 m_est=2.263
[INFO] [1785419492.699152264] [acados_nmpc_node]: [attach-window] t=15.00s pos_err=0.015m T=22.18N z=2.493 m_est=2.263
[INFO] [1785419492.745590995] [acados_nmpc_node]: [attach-window] t=15.05s pos_err=0.017m T=22.18N z=2.493 m_est=2.263
[INFO] [1785419492.797315347] [acados_nmpc_node]: [attach-window] t=15.10s pos_err=0.017m T=22.17N z=2.493 m_est=2.263
[INFO] [1785419492.844989608] [acados_nmpc_node]: [attach-window] t=15.15s pos_err=0.019m T=22.17N z=2.493 m_est=2.263
[INFO] [1785419492.897406809] [acados_nmpc_node]: [attach-window] t=15.20s pos_err=0.019m T=22.17N z=2.494 m_est=2.262
[INFO] [1785419492.944992229] [acados_nmpc_node]: [attach-window] t=15.25s pos_err=0.021m T=22.16N z=2.494 m_est=2.262
[INFO] [1785419492.997620143] [acados_nmpc_node]: [attach-window] t=15.30s pos_err=0.022m T=22.16N z=2.494 m_est=2.262
[INFO] [1785419493.044992538] [acados_nmpc_node]: [attach-window] t=15.35s pos_err=0.023m T=22.16N z=2.494 m_est=2.262
[INFO] [1785419493.098873515] [acados_nmpc_node]: [attach-window] t=15.40s pos_err=0.024m T=22.15N z=2.495 m_est=2.262
[INFO] [1785419493.145538633] [acados_nmpc_node]: [attach-window] t=15.45s pos_err=0.024m T=22.14N z=2.495 m_est=2.262
[INFO] [1785419493.198901570] [acados_nmpc_node]: [attach-window] t=15.50s pos_err=0.024m T=22.14N z=2.496 m_est=2.262
[INFO] [1785419493.245377601] [acados_nmpc_node]: [attach-window] t=15.55s pos_err=0.023m T=22.14N z=2.496 m_est=2.262
[INFO] [1785419493.298921271] [acados_nmpc_node]: [attach-window] t=15.60s pos_err=0.023m T=22.13N z=2.497 m_est=2.261
[INFO] [1785419493.345438990] [acados_nmpc_node]: [attach-window] t=15.65s pos_err=0.022m T=22.13N z=2.498 m_est=2.261
[INFO] [1785419493.398886985] [acados_nmpc_node]: [attach-window] t=15.70s pos_err=0.022m T=22.12N z=2.498 m_est=2.261
[INFO] [1785419493.445343878] [acados_nmpc_node]: [attach-window] t=15.75s pos_err=0.021m T=22.12N z=2.499 m_est=2.261
[INFO] [1785419493.445828047] [acados_nmpc_node]: t=15.7s | pos_err=0.021m | T=22.12N | tau=[r-0.056 p0.061 y-0.002]Nm | res_stat=1.522e-07(peak 9.682e-07) sqp_iter=2 | solve=1.3ms
[INFO] [1785419493.498971257] [acados_nmpc_node]: [attach-window] t=15.80s pos_err=0.020m T=22.11N z=2.499 m_est=2.261
[INFO] [1785419493.545433864] [acados_nmpc_node]: [attach-window] t=15.85s pos_err=0.018m T=22.12N z=2.500 m_est=2.261
[INFO] [1785419493.598949490] [acados_nmpc_node]: [attach-window] t=15.90s pos_err=0.017m T=22.12N z=2.500 m_est=2.261
[INFO] [1785419493.645301243] [acados_nmpc_node]: [attach-window] t=15.95s pos_err=0.015m T=22.13N z=2.500 m_est=2.261
[INFO] [1785419493.699279683] [acados_nmpc_node]: [attach-window] t=16.00s pos_err=0.014m T=22.14N z=2.500 m_est=2.260
[INFO] [1785419493.745452266] [acados_nmpc_node]: [attach-window] t=16.05s pos_err=0.012m T=22.16N z=2.500 m_est=2.260
[INFO] [1785419493.799032167] [acados_nmpc_node]: [attach-window] t=16.10s pos_err=0.011m T=22.17N z=2.500 m_est=2.260
[INFO] [1785419493.845409799] [acados_nmpc_node]: [attach-window] t=16.15s pos_err=0.008m T=22.19N z=2.499 m_est=2.260
[INFO] [1785419493.899103403] [acados_nmpc_node]: [attach-window] t=16.20s pos_err=0.008m T=22.21N z=2.498 m_est=2.260
[INFO] [1785419493.945483577] [acados_nmpc_node]: [attach-window] t=16.25s pos_err=0.007m T=22.23N z=2.497 m_est=2.260
[INFO] [1785419493.999085504] [acados_nmpc_node]: [attach-window] t=16.30s pos_err=0.007m T=22.24N z=2.497 m_est=2.260
[INFO] [1785419494.045347506] [acados_nmpc_node]: [attach-window] t=16.35s pos_err=0.008m T=22.25N z=2.495 m_est=2.260
[INFO] [1785419494.099175257] [acados_nmpc_node]: [attach-window] t=16.40s pos_err=0.009m T=22.25N z=2.495 m_est=2.260
[INFO] [1785419494.145402072] [acados_nmpc_node]: [attach-window] t=16.45s pos_err=0.010m T=22.25N z=2.494 m_est=2.260
[INFO] [1785419494.199098044] [acados_nmpc_node]: [attach-window] t=16.50s pos_err=0.011m T=22.25N z=2.494 m_est=2.260
[INFO] [1785419494.245495489] [acados_nmpc_node]: [attach-window] t=16.55s pos_err=0.012m T=22.24N z=2.493 m_est=2.260
[INFO] [1785419494.298948837] [acados_nmpc_node]: [attach-window] t=16.60s pos_err=0.012m T=22.23N z=2.493 m_est=2.260
[INFO] [1785419494.345432446] [acados_nmpc_node]: [attach-window] t=16.65s pos_err=0.013m T=22.21N z=2.494 m_est=2.260
[INFO] [1785419494.399037310] [acados_nmpc_node]: [attach-window] t=16.70s pos_err=0.013m T=22.20N z=2.494 m_est=2.261
[INFO] [1785419494.445326456] [acados_nmpc_node]: [attach-window] t=16.75s pos_err=0.013m T=22.20N z=2.494 m_est=2.261
[INFO] [1785419494.499036398] [acados_nmpc_node]: [attach-window] t=16.80s pos_err=0.013m T=22.19N z=2.494 m_est=2.261
[INFO] [1785419494.545336237] [acados_nmpc_node]: [attach-window] t=16.85s pos_err=0.013m T=22.19N z=2.494 m_est=2.261
[INFO] [1785419494.598910718] [acados_nmpc_node]: [attach-window] t=16.90s pos_err=0.013m T=22.18N z=2.494 m_est=2.261
[INFO] [1785419494.645330851] [acados_nmpc_node]: [attach-window] t=16.95s pos_err=0.013m T=22.16N z=2.495 m_est=2.261
[INFO] [1785419494.698891172] [acados_nmpc_node]: [attach-window] t=17.00s pos_err=0.012m T=22.15N z=2.495 m_est=2.261
[INFO] [1785419494.745302077] [acados_nmpc_node]: [attach-window] t=17.05s pos_err=0.012m T=22.15N z=2.496 m_est=2.261
[INFO] [1785419494.798917367] [acados_nmpc_node]: [attach-window] t=17.10s pos_err=0.011m T=22.15N z=2.496 m_est=2.261
[INFO] [1785419494.845448754] [acados_nmpc_node]: [attach-window] t=17.15s pos_err=0.011m T=22.16N z=2.496 m_est=2.261
[INFO] [1785419494.899028945] [acados_nmpc_node]: [attach-window] t=17.20s pos_err=0.011m T=22.17N z=2.496 m_est=2.261
[INFO] [1785419494.945317521] [acados_nmpc_node]: [attach-window] t=17.25s pos_err=0.011m T=22.20N z=2.495 m_est=2.261
[INFO] [1785419494.998943816] [acados_nmpc_node]: [attach-window] t=17.30s pos_err=0.012m T=22.21N z=2.495 m_est=2.261
[INFO] [1785419495.045345034] [acados_nmpc_node]: [attach-window] t=17.35s pos_err=0.012m T=22.23N z=2.494 m_est=2.261
[INFO] [1785419495.099086773] [acados_nmpc_node]: [attach-window] t=17.40s pos_err=0.012m T=22.24N z=2.494 m_est=2.261
[INFO] [1785419495.145312936] [acados_nmpc_node]: [attach-window] t=17.45s pos_err=0.013m T=22.26N z=2.492 m_est=2.261
[INFO] [1785419495.198984002] [acados_nmpc_node]: [attach-window] t=17.50s pos_err=0.014m T=22.26N z=2.492 m_est=2.261
[INFO] [1785419495.245540185] [acados_nmpc_node]: [attach-window] t=17.55s pos_err=0.015m T=22.27N z=2.491 m_est=2.261
[INFO] [1785419495.299144405] [acados_nmpc_node]: [attach-window] t=17.60s pos_err=0.015m T=22.27N z=2.490 m_est=2.261
[INFO] [1785419495.345568637] [acados_nmpc_node]: [attach-window] t=17.65s pos_err=0.016m T=22.25N z=2.490 m_est=2.261
[INFO] [1785419495.399152970] [acados_nmpc_node]: [attach-window] t=17.70s pos_err=0.017m T=22.25N z=2.490 m_est=2.262
[INFO] [1785419495.445653584] [acados_nmpc_node]: [attach-window] t=17.75s pos_err=0.018m T=22.23N z=2.490 m_est=2.262
[INFO] [1785419495.499344411] [acados_nmpc_node]: [attach-window] t=17.80s pos_err=0.018m T=22.22N z=2.490 m_est=2.262
[INFO] [1785419495.545394528] [acados_nmpc_node]: [attach-window] t=17.85s pos_err=0.020m T=22.20N z=2.490 m_est=2.262
[INFO] [1785419495.599212994] [acados_nmpc_node]: [attach-window] t=17.90s pos_err=0.020m T=22.19N z=2.490 m_est=2.262
[INFO] [1785419495.645364711] [acados_nmpc_node]: [attach-window] t=17.95s pos_err=0.021m T=22.17N z=2.491 m_est=2.262
[INFO] [1785419495.699293290] [acados_nmpc_node]: [attach-window] t=18.00s pos_err=0.021m T=22.16N z=2.491 m_est=2.262
[INFO] [1785419495.745387431] [acados_nmpc_node]: [attach-window] t=18.05s pos_err=0.022m T=22.14N z=2.493 m_est=2.262
[INFO] [1785419495.799131289] [acados_nmpc_node]: [attach-window] t=18.10s pos_err=0.022m T=22.13N z=2.493 m_est=2.262
[INFO] [1785419495.845334733] [acados_nmpc_node]: [attach-window] t=18.15s pos_err=0.022m T=22.12N z=2.495 m_est=2.262
[INFO] [1785419495.899138024] [acados_nmpc_node]: [attach-window] t=18.20s pos_err=0.022m T=22.11N z=2.495 m_est=2.262
[INFO] [1785419495.945400800] [acados_nmpc_node]: [attach-window] t=18.25s pos_err=0.023m T=22.11N z=2.496 m_est=2.262
[INFO] [1785419495.999208354] [acados_nmpc_node]: [attach-window] t=18.30s pos_err=0.022m T=22.11N z=2.497 m_est=2.262
[INFO] [1785419496.045383577] [acados_nmpc_node]: [attach-window] t=18.35s pos_err=0.022m T=22.11N z=2.498 m_est=2.262
[INFO] [1785419496.099079639] [acados_nmpc_node]: [attach-window] t=18.40s pos_err=0.022m T=22.12N z=2.498 m_est=2.261
[INFO] [1785419496.145461130] [acados_nmpc_node]: [attach-window] t=18.45s pos_err=0.022m T=22.14N z=2.498 m_est=2.261
[INFO] [1785419496.199106690] [acados_nmpc_node]: [attach-window] t=18.50s pos_err=0.022m T=22.15N z=2.498 m_est=2.261
[INFO] [1785419496.245373039] [acados_nmpc_node]: [attach-window] t=18.55s pos_err=0.021m T=22.17N z=2.498 m_est=2.261
[INFO] [1785419496.299280937] [acados_nmpc_node]: [attach-window] t=18.60s pos_err=0.021m T=22.18N z=2.498 m_est=2.261
[INFO] [1785419496.345663477] [acados_nmpc_node]: [attach-window] t=18.65s pos_err=0.021m T=22.19N z=2.497 m_est=2.261
[INFO] [1785419496.399184515] [acados_nmpc_node]: [attach-window] t=18.70s pos_err=0.021m T=22.20N z=2.497 m_est=2.261
[INFO] [1785419496.445380474] [acados_nmpc_node]: [attach-window] t=18.75s pos_err=0.021m T=22.20N z=2.497 m_est=2.261
[INFO] [1785419496.499264881] [acados_nmpc_node]: [attach-window] t=18.80s pos_err=0.021m T=22.20N z=2.497 m_est=2.261
[INFO] [1785419496.545434785] [acados_nmpc_node]: [attach-window] t=18.85s pos_err=0.021m T=22.19N z=2.497 m_est=2.261
[INFO] [1785419496.599054743] [acados_nmpc_node]: [attach-window] t=18.90s pos_err=0.021m T=22.19N z=2.497 m_est=2.261
[INFO] [1785419496.645347687] [acados_nmpc_node]: [attach-window] t=18.95s pos_err=0.021m T=22.18N z=2.497 m_est=2.261
[INFO] [1785419496.699020980] [acados_nmpc_node]: [attach-window] t=19.00s pos_err=0.021m T=22.18N z=2.497 m_est=2.260
[INFO] [1785419496.745365021] [acados_nmpc_node]: [attach-window] t=19.05s pos_err=0.021m T=22.17N z=2.497 m_est=2.260
[INFO] [1785419496.797533722] [acados_nmpc_node]: [attach-window] t=19.10s pos_err=0.021m T=22.17N z=2.497 m_est=2.260
[INFO] [1785419496.844842619] [acados_nmpc_node]: [attach-window] t=19.15s pos_err=0.021m T=22.17N z=2.497 m_est=2.260
[INFO] [1785419496.897451536] [acados_nmpc_node]: [attach-window] t=19.20s pos_err=0.020m T=22.17N z=2.497 m_est=2.260
[INFO] [1785419496.944874043] [acados_nmpc_node]: [attach-window] t=19.25s pos_err=0.019m T=22.17N z=2.498 m_est=2.260
[INFO] [1785419496.997487486] [acados_nmpc_node]: [attach-window] t=19.30s pos_err=0.019m T=22.17N z=2.498 m_est=2.260
[INFO] [1785419497.044782252] [acados_nmpc_node]: [attach-window] t=19.35s pos_err=0.017m T=22.17N z=2.498 m_est=2.260
[INFO] [1785419497.097413003] [acados_nmpc_node]: [attach-window] t=19.40s pos_err=0.017m T=22.17N z=2.498 m_est=2.261
[INFO] [1785419497.144830903] [acados_nmpc_node]: [attach-window] t=19.45s pos_err=0.015m T=22.15N z=2.499 m_est=2.261
[INFO] [1785419497.197601668] [acados_nmpc_node]: [attach-window] t=19.50s pos_err=0.015m T=22.15N z=2.499 m_est=2.261
[INFO] [1785419497.245314616] [acados_nmpc_node]: [attach-window] t=19.55s pos_err=0.013m T=22.13N z=2.500 m_est=2.261
[INFO] [1785419497.299134472] [acados_nmpc_node]: [attach-window] t=19.60s pos_err=0.012m T=22.12N z=2.501 m_est=2.261
[INFO] [1785419497.345319500] [acados_nmpc_node]: [attach-window] t=19.65s pos_err=0.012m T=22.11N z=2.502 m_est=2.261
[INFO] [1785419497.399155559] [acados_nmpc_node]: [attach-window] t=19.70s pos_err=0.011m T=22.10N z=2.503 m_est=2.261
[INFO] [1785419497.445360872] [acados_nmpc_node]: [attach-window] t=19.75s pos_err=0.011m T=22.10N z=2.503 m_est=2.261
[INFO] [1785419497.499232221] [acados_nmpc_node]: [attach-window] t=19.80s pos_err=0.011m T=22.10N z=2.504 m_est=2.261
[INFO] [1785419497.545327874] [acados_nmpc_node]: [attach-window] t=19.85s pos_err=0.011m T=22.10N z=2.505 m_est=2.261
[INFO] [1785419497.599266135] [acados_nmpc_node]: [attach-window] t=19.90s pos_err=0.011m T=22.10N z=2.505 m_est=2.261
[INFO] [1785419497.645321287] [acados_nmpc_node]: [attach-window] t=19.95s pos_err=0.012m T=22.12N z=2.505 m_est=2.261
[INFO] [1785419497.697374833] [acados_nmpc_node]: [attach-window] t=20.00s pos_err=0.012m T=22.12N z=2.505 m_est=2.260
[INFO] [1785419497.744778351] [acados_nmpc_node]: [attach-window] t=20.05s pos_err=0.013m T=22.13N z=2.505 m_est=2.260
[INFO] [1785419497.797347194] [acados_nmpc_node]: [attach-window] t=20.10s pos_err=0.013m T=22.14N z=2.505 m_est=2.260
[INFO] [1785419497.844862900] [acados_nmpc_node]: [attach-window] t=20.15s pos_err=0.014m T=22.16N z=2.505 m_est=2.260
[INFO] [1785419497.899141531] [acados_nmpc_node]: [attach-window] t=20.20s pos_err=0.015m T=22.16N z=2.505 m_est=2.260
[INFO] [1785419497.945393149] [acados_nmpc_node]: [attach-window] t=20.25s pos_err=0.015m T=22.17N z=2.505 m_est=2.260
[INFO] [1785419497.999342510] [acados_nmpc_node]: [attach-window] t=20.30s pos_err=0.016m T=22.17N z=2.505 m_est=2.260
[INFO] [1785419498.045377832] [acados_nmpc_node]: [attach-window] t=20.35s pos_err=0.016m T=22.17N z=2.505 m_est=2.260
[INFO] [1785419498.099078593] [acados_nmpc_node]: [attach-window] t=20.40s pos_err=0.017m T=22.17N z=2.505 m_est=2.260
[INFO] [1785419498.145431159] [acados_nmpc_node]: [attach-window] t=20.45s pos_err=0.017m T=22.16N z=2.505 m_est=2.260
[INFO] [1785419498.199351674] [acados_nmpc_node]: [attach-window] t=20.50s pos_err=0.017m T=22.16N z=2.505 m_est=2.260
[INFO] [1785419498.245419846] [acados_nmpc_node]: [attach-window] t=20.55s pos_err=0.017m T=22.16N z=2.506 m_est=2.260
[INFO] [1785419498.299329544] [acados_nmpc_node]: [attach-window] t=20.60s pos_err=0.017m T=22.15N z=2.506 m_est=2.260
[INFO] [1785419498.345453690] [acados_nmpc_node]: [attach-window] t=20.65s pos_err=0.017m T=22.13N z=2.507 m_est=2.260
[INFO] [1785419498.399334026] [acados_nmpc_node]: [attach-window] t=20.70s pos_err=0.017m T=22.13N z=2.507 m_est=2.260
[INFO] [1785419498.445403370] [acados_nmpc_node]: [attach-window] t=20.75s pos_err=0.017m T=22.11N z=2.508 m_est=2.260
[INFO] [1785419498.445898506] [acados_nmpc_node]: t=20.7s | pos_err=0.017m | T=22.11N | tau=[r-0.074 p0.065 y-0.002]Nm | res_stat=1.176e-07(peak 9.682e-07) sqp_iter=2 | solve=1.3ms
[INFO] [1785419498.499388678] [acados_nmpc_node]: [attach-window] t=20.80s pos_err=0.017m T=22.10N z=2.509 m_est=2.260
[INFO] [1785419498.545364182] [acados_nmpc_node]: [attach-window] t=20.85s pos_err=0.018m T=22.10N z=2.510 m_est=2.260
[INFO] [1785419498.599459369] [acados_nmpc_node]: [attach-window] t=20.90s pos_err=0.018m T=22.09N z=2.511 m_est=2.260
[INFO] [1785419498.645384108] [acados_nmpc_node]: [attach-window] t=20.95s pos_err=0.019m T=22.09N z=2.512 m_est=2.260
[INFO] [1785419498.699266042] [acados_nmpc_node]: [attach-window] t=21.00s pos_err=0.019m T=22.09N z=2.512 m_est=2.259
[INFO] [1785419498.745322459] [acados_nmpc_node]: [attach-window] t=21.05s pos_err=0.020m T=22.10N z=2.513 m_est=2.259
[INFO] [1785419498.799187207] [acados_nmpc_node]: [attach-window] t=21.10s pos_err=0.021m T=22.11N z=2.513 m_est=2.259
[INFO] [1785419498.845434103] [acados_nmpc_node]: [attach-window] t=21.15s pos_err=0.021m T=22.13N z=2.512 m_est=2.259
[INFO] [1785419498.899289875] [acados_nmpc_node]: [attach-window] t=21.20s pos_err=0.021m T=22.14N z=2.512 m_est=2.259
[INFO] [1785419498.945303461] [acados_nmpc_node]: [attach-window] t=21.25s pos_err=0.020m T=22.16N z=2.512 m_est=2.259
[INFO] [1785419498.999301681] [acados_nmpc_node]: [attach-window] t=21.30s pos_err=0.020m T=22.16N z=2.512 m_est=2.259
[INFO] [1785419499.045526871] [acados_nmpc_node]: [attach-window] t=21.35s pos_err=0.020m T=22.17N z=2.512 m_est=2.259
[ros2run]: Killed
