[INFO] [1785421682.563335603] [acados_nmpc_node]: acados NMPC node starting, building/loading solver...
Code reuse possible, skipping code generation.
acados was compiled without OpenMP.
[INFO] [1785421682.573545143] [acados_nmpc_node]: GRIPPER MODE: hover over box (1.0,0.1) z 0.55->2.5m, lift after 1.5s, empty m_est=2.06kg
[INFO] [1785421682.573974772] [acados_nmpc_node]: Warming up acados solver...
[INFO] [1785421682.579948446] [acados_nmpc_node]: Solver warmup complete, took 5.5 ms
[INFO] [1785421682.586876007] [acados_nmpc_node]: Decoupled publish enabled: solve @20Hz, body_rate/thrust @50Hz (trajectory interpolation)
[INFO] [1785421682.587408434] [acados_nmpc_node]: acados NMPC node initialized! Waiting for EKF2 convergence...
[INFO] [1785421692.587565477] [acados_nmpc_node]: Waiting for EKF2 convergence... 5/10 s
[INFO] [1785421697.588679606] [acados_nmpc_node]: Waiting for EKF2 convergence... 10/10 s
[INFO] [1785421697.688637096] [acados_nmpc_node]: Switching to OFFBOARD mode
[INFO] [1785421698.488114826] [acados_nmpc_node]: Sending arm command
[INFO] [1785421699.488774521] [acados_nmpc_node]: Armed, preparing to move to trajectory start...
[INFO] [1785421701.889012343] [acados_nmpc_node]: Gripper approach (climb): rising at spawn to z=1.50m | z=-0.00m v=0.40m/s
[INFO] [1785421704.389145520] [acados_nmpc_node]: Gripper approach (climb): rising at spawn to z=1.50m | z=1.02m v=0.22m/s
[INFO] [1785421706.189273009] [acados_nmpc_node]: Gripper approach: climbed to safe altitude at spawn, now translating over box
[INFO] [1785421706.889211206] [acados_nmpc_node]: Gripper approach (high): aligning over box at z=1.50m | xy=0.857m z_err=0.133m v=0.53m/s
[INFO] [1785421708.436928374] [acados_nmpc_node]: Gripper approach: aligned above box, NMPC will take over here (z=1.50m), settle 3.0s then descend to z=0.55m to trigger attach
[INFO] [1785421708.489420000] [acados_nmpc_node]: Reached trajectory start, NMPC tracking begins!
[INFO] [1785421709.338858402] [acados_nmpc_node]: t=0.8s | pos_err=0.029m | T=20.03N | tau=[r0.019 p-0.032 y-0.016]Nm | res_stat=4.124e-07(peak 8.324e-07) sqp_iter=3 | solve=1.5ms
[INFO] [1785421711.489367807] [acados_nmpc_node]: t=3.0s | DESCEND: settle done, lowering 1.5->0.55m, will enable gripper at bottom
[INFO] [1785421714.338561553] [acados_nmpc_node]: t=5.8s | pos_err=0.043m | T=20.31N | tau=[r0.001 p0.002 y0.000]Nm | res_stat=9.617e-08(peak 9.103e-07) sqp_iter=2 | solve=1.3ms
[INFO] [1785421715.189648044] [acados_nmpc_node]: t=6.7s | DESCEND done at z=0.570m (target 0.550m, z_err=0.020m, v=0.04m/s), gripper ENABLED (attach will trigger now)
[INFO] [1785421715.241807918] [acados_nmpc_node]: attach offset received: box-drone = [+0.010, -0.108, -0.521] m
[INFO] [1785421715.289887015] [acados_nmpc_node]: PX4 MC_ROLLRATE_K: 1.000 -> 5.000 (inertia ratio 5.07, cap 5.0)
[INFO] [1785421715.290101204] [acados_nmpc_node]: PX4 MC_PITCHRATE_K: 1.000 -> 5.000 (inertia ratio 5.07, cap 5.0)
[INFO] [1785421715.290291959] [acados_nmpc_node]: t=6.8s | ATTACH (geom_source=online): dJ/gain init from prior m_p=0.30kg arm=0.47m (dJ=0.0579); c_xy+dJ refine online, attach truth eval-only
[INFO] [1785421715.292503019] [acados_nmpc_node]: [attach-window] t=6.80s pos_err=0.020m T=19.43N z=0.568 m_est=2.011
[INFO] [1785421715.338436222] [acados_nmpc_node]: [attach-window] t=6.85s pos_err=0.021m T=19.41N z=0.570 m_est=2.011
[INFO] [1785421715.391260107] [acados_nmpc_node]: [attach-window] t=6.90s pos_err=0.022m T=19.42N z=0.570 m_est=2.014
[INFO] [1785421715.438677646] [acados_nmpc_node]: [attach-window] t=6.95s pos_err=0.024m T=19.39N z=0.572 m_est=2.014
[INFO] [1785421715.491472441] [acados_nmpc_node]: [attach-window] t=7.00s pos_err=0.024m T=19.37N z=0.573 m_est=2.014
[INFO] [1785421715.538719288] [acados_nmpc_node]: [attach-window] t=7.05s pos_err=0.026m T=19.35N z=0.574 m_est=2.014
[INFO] [1785421715.591943384] [acados_nmpc_node]: [attach-window] t=7.10s pos_err=0.026m T=19.32N z=0.575 m_est=2.012
[INFO] [1785421715.638740907] [acados_nmpc_node]: [attach-window] t=7.15s pos_err=0.028m T=19.29N z=0.576 m_est=2.012
[INFO] [1785421715.691738186] [acados_nmpc_node]: [attach-window] t=7.20s pos_err=0.028m T=19.26N z=0.576 m_est=2.010
[INFO] [1785421715.738651559] [acados_nmpc_node]: [attach-window] t=7.25s pos_err=0.029m T=19.25N z=0.577 m_est=2.010
[INFO] [1785421715.791674409] [acados_nmpc_node]: [attach-window] t=7.30s pos_err=0.029m T=19.21N z=0.577 m_est=2.007
[INFO] [1785421715.838696819] [acados_nmpc_node]: [attach-window] t=7.35s pos_err=0.030m T=19.20N z=0.578 m_est=2.007
[INFO] [1785421715.891647644] [acados_nmpc_node]: [attach-window] t=7.40s pos_err=0.030m T=19.15N z=0.578 m_est=2.003
[INFO] [1785421715.938593868] [acados_nmpc_node]: [attach-window] t=7.45s pos_err=0.031m T=19.14N z=0.579 m_est=2.003
[INFO] [1785421715.991574387] [acados_nmpc_node]: [attach-window] t=7.50s pos_err=0.031m T=19.08N z=0.579 m_est=1.998
[INFO] [1785421716.038612571] [acados_nmpc_node]: [attach-window] t=7.55s pos_err=0.032m T=19.07N z=0.580 m_est=1.998
[INFO] [1785421716.091840140] [acados_nmpc_node]: [attach-window] t=7.60s pos_err=0.032m T=19.01N z=0.580 m_est=1.992
[INFO] [1785421716.138692143] [acados_nmpc_node]: [attach-window] t=7.65s pos_err=0.032m T=19.01N z=0.581 m_est=1.992
[INFO] [1785421716.191658202] [acados_nmpc_node]: [attach-window] t=7.70s pos_err=0.032m T=18.94N z=0.581 m_est=1.986
[INFO] [1785421716.238637653] [acados_nmpc_node]: [attach-window] t=7.75s pos_err=0.032m T=18.94N z=0.581 m_est=1.986
[INFO] [1785421716.291843722] [acados_nmpc_node]: [attach-window] t=7.80s pos_err=0.032m T=18.88N z=0.581 m_est=1.980
[INFO] [1785421716.338729715] [acados_nmpc_node]: [attach-window] t=7.85s pos_err=0.032m T=18.87N z=0.581 m_est=1.980
[INFO] [1785421716.391652838] [acados_nmpc_node]: [attach-window] t=7.90s pos_err=0.032m T=18.80N z=0.581 m_est=1.973
[INFO] [1785421716.438613326] [acados_nmpc_node]: [attach-window] t=7.95s pos_err=0.032m T=18.81N z=0.581 m_est=1.973
[INFO] [1785421716.491642017] [acados_nmpc_node]: [attach-window] t=8.00s pos_err=0.032m T=18.74N z=0.581 m_est=1.965
[INFO] [1785421716.538610850] [acados_nmpc_node]: [attach-window] t=8.05s pos_err=0.032m T=18.75N z=0.581 m_est=1.965
[INFO] [1785421716.591685169] [acados_nmpc_node]: [attach-window] t=8.10s pos_err=0.032m T=18.71N z=0.581 m_est=1.961
[INFO] [1785421716.638704815] [acados_nmpc_node]: [attach-window] t=8.15s pos_err=0.032m T=18.73N z=0.580 m_est=1.961
[INFO] [1785421716.691725483] [acados_nmpc_node]: [attach-window] t=8.20s pos_err=0.032m T=18.73N z=0.580 m_est=1.961
[INFO] [1785421716.738744087] [acados_nmpc_node]: [attach-window] t=8.25s pos_err=0.032m T=18.75N z=0.579 m_est=1.961
[INFO] [1785421716.789817993] [acados_nmpc_node]: t=8.3s | LIFT: raising hover 0.55->2.5m to lift payload
[INFO] [1785421716.792049066] [acados_nmpc_node]: [attach-window] t=8.30s pos_err=0.032m T=18.76N z=0.579 m_est=1.961
[INFO] [1785421716.838592832] [acados_nmpc_node]: [attach-window] t=8.35s pos_err=0.032m T=18.78N z=0.578 m_est=1.961
[INFO] [1785421716.891692617] [acados_nmpc_node]: [attach-window] t=8.40s pos_err=0.031m T=18.80N z=0.578 m_est=1.961
[INFO] [1785421716.938657582] [acados_nmpc_node]: [attach-window] t=8.45s pos_err=0.031m T=18.84N z=0.577 m_est=1.961
[INFO] [1785421716.991686615] [acados_nmpc_node]: [attach-window] t=8.50s pos_err=0.029m T=18.90N z=0.577 m_est=1.961
[INFO] [1785421717.038701531] [acados_nmpc_node]: [attach-window] t=8.55s pos_err=0.026m T=18.99N z=0.576 m_est=1.961
[INFO] [1785421717.090280557] [acados_nmpc_node]: [attach-window] t=8.60s pos_err=0.023m T=19.13N z=0.576 m_est=1.961
[INFO] [1785421717.138098833] [acados_nmpc_node]: [attach-window] t=8.65s pos_err=0.023m T=19.30N z=0.576 m_est=1.961
[INFO] [1785421717.190278685] [acados_nmpc_node]: [attach-window] t=8.70s pos_err=0.026m T=19.53N z=0.575 m_est=1.961
[INFO] [1785421717.238230674] [acados_nmpc_node]: [attach-window] t=8.75s pos_err=0.035m T=19.80N z=0.575 m_est=1.961
[INFO] [1785421717.290188095] [acados_nmpc_node]: [attach-window] t=8.80s pos_err=0.050m T=20.13N z=0.575 m_est=1.961
[INFO] [1785421717.338108536] [acados_nmpc_node]: [attach-window] t=8.85s pos_err=0.068m T=20.50N z=0.575 m_est=1.961
[INFO] [1785421717.390177093] [acados_nmpc_node]: [attach-window] t=8.90s pos_err=0.091m T=20.95N z=0.575 m_est=1.961
[INFO] [1785421717.438211728] [acados_nmpc_node]: [attach-window] t=8.95s pos_err=0.115m T=21.43N z=0.575 m_est=1.961
[INFO] [1785421717.491694348] [acados_nmpc_node]: [attach-window] t=9.00s pos_err=0.146m T=22.01N z=0.575 m_est=1.961
[INFO] [1785421717.538619455] [acados_nmpc_node]: [attach-window] t=9.05s pos_err=0.176m T=22.58N z=0.575 m_est=1.961
[INFO] [1785421717.592142124] [acados_nmpc_node]: [attach-window] t=9.10s pos_err=0.214m T=23.29N z=0.575 m_est=1.961
[INFO] [1785421717.638759671] [acados_nmpc_node]: [attach-window] t=9.15s pos_err=0.250m T=23.97N z=0.575 m_est=1.961
[INFO] [1785421717.691839624] [acados_nmpc_node]: [attach-window] t=9.20s pos_err=0.294m T=25.00N z=0.575 m_est=1.981
[INFO] [1785421717.738637257] [acados_nmpc_node]: [attach-window] t=9.25s pos_err=0.335m T=25.66N z=0.575 m_est=1.981
[INFO] [1785421717.792091357] [acados_nmpc_node]: [attach-window] t=9.30s pos_err=0.384m T=28.19N z=0.575 m_est=2.153
[INFO] [1785421717.838924643] [acados_nmpc_node]: [attach-window] t=9.35s pos_err=0.426m T=28.27N z=0.580 m_est=2.153
[INFO] [1785421717.892526221] [acados_nmpc_node]: [attach-window] t=9.40s pos_err=0.477m T=29.82N z=0.584 m_est=2.269
[INFO] [1785421717.939005711] [acados_nmpc_node]: [attach-window] t=9.45s pos_err=0.512m T=29.08N z=0.599 m_est=2.269
[INFO] [1785421717.992227714] [acados_nmpc_node]: [attach-window] t=9.50s pos_err=0.560m T=29.81N z=0.609 m_est=2.341
[INFO] [1785421718.039010262] [acados_nmpc_node]: [attach-window] t=9.55s pos_err=0.579m T=28.19N z=0.644 m_est=2.341
[INFO] [1785421718.092276545] [acados_nmpc_node]: [attach-window] t=9.60s pos_err=0.620m T=28.33N z=0.664 m_est=2.370
[INFO] [1785421718.138845605] [acados_nmpc_node]: [attach-window] t=9.65s pos_err=0.628m T=26.89N z=0.712 m_est=2.370
[INFO] [1785421718.192284827] [acados_nmpc_node]: [attach-window] t=9.70s pos_err=0.664m T=26.82N z=0.739 m_est=2.367
[INFO] [1785421718.238795709] [acados_nmpc_node]: [attach-window] t=9.75s pos_err=0.652m T=25.23N z=0.809 m_est=2.367
[INFO] [1785421718.292330060] [acados_nmpc_node]: [attach-window] t=9.80s pos_err=0.683m T=25.23N z=0.843 m_est=2.357
[INFO] [1785421718.338758077] [acados_nmpc_node]: [attach-window] t=9.85s pos_err=0.659m T=23.99N z=0.923 m_est=2.357
[INFO] [1785421718.392118474] [acados_nmpc_node]: [attach-window] t=9.90s pos_err=0.696m T=24.37N z=0.951 m_est=2.343
[INFO] [1785421718.438701383] [acados_nmpc_node]: [attach-window] t=9.95s pos_err=0.667m T=23.43N z=1.036 m_est=2.343
[INFO] [1785421718.491888561] [acados_nmpc_node]: [attach-window] t=10.00s pos_err=0.692m T=23.67N z=1.075 m_est=2.332
[INFO] [1785421718.538692732] [acados_nmpc_node]: [attach-window] t=10.05s pos_err=0.669m T=23.12N z=1.152 m_est=2.332
[INFO] [1785421718.591968506] [acados_nmpc_node]: [attach-window] t=10.10s pos_err=0.691m T=23.42N z=1.190 m_est=2.323
[INFO] [1785421718.638670840] [acados_nmpc_node]: [attach-window] t=10.15s pos_err=0.657m T=22.80N z=1.276 m_est=2.323
[INFO] [1785421718.691807301] [acados_nmpc_node]: [attach-window] t=10.20s pos_err=0.676m T=23.12N z=1.314 m_est=2.316
[INFO] [1785421718.738653224] [acados_nmpc_node]: [attach-window] t=10.25s pos_err=0.650m T=22.75N z=1.388 m_est=2.316
[INFO] [1785421718.792124765] [acados_nmpc_node]: [attach-window] t=10.30s pos_err=0.666m T=23.06N z=1.425 m_est=2.311
[INFO] [1785421718.838145382] [acados_nmpc_node]: [attach-window] t=10.35s pos_err=0.629m T=22.52N z=1.506 m_est=2.311
[INFO] [1785421718.890248513] [acados_nmpc_node]: [attach-window] t=10.40s pos_err=0.640m T=22.77N z=1.541 m_est=2.308
[INFO] [1785421718.938678528] [acados_nmpc_node]: [attach-window] t=10.45s pos_err=0.610m T=22.42N z=1.611 m_est=2.308
[INFO] [1785421718.991868939] [acados_nmpc_node]: [attach-window] t=10.50s pos_err=0.617m T=22.63N z=1.645 m_est=2.305
[INFO] [1785421719.038588758] [acados_nmpc_node]: [attach-window] t=10.55s pos_err=0.575m T=22.13N z=1.721 m_est=2.305
[INFO] [1785421719.091931331] [acados_nmpc_node]: [attach-window] t=10.60s pos_err=0.578m T=22.29N z=1.753 m_est=2.304
[INFO] [1785421719.138675031] [acados_nmpc_node]: [attach-window] t=10.65s pos_err=0.542m T=21.94N z=1.817 m_est=2.304
[INFO] [1785421719.191991168] [acados_nmpc_node]: [attach-window] t=10.70s pos_err=0.539m T=22.05N z=1.848 m_est=2.303
[INFO] [1785421719.238814545] [acados_nmpc_node]: [attach-window] t=10.75s pos_err=0.494m T=21.63N z=1.916 m_est=2.303
[INFO] [1785421719.292009042] [acados_nmpc_node]: [attach-window] t=10.80s pos_err=0.486m T=21.69N z=1.945 m_est=2.303
[INFO] [1785421719.338633608] [acados_nmpc_node]: [attach-window] t=10.85s pos_err=0.447m T=21.43N z=2.000 m_est=2.303
[INFO] [1785421719.339114388] [acados_nmpc_node]: t=10.8s | pos_err=0.447m | T=21.43N | tau=[r-0.191 p-0.023 y0.007]Nm | res_stat=7.847e-07(peak 9.645e-07) sqp_iter=3 | solve=1.5ms
[INFO] [1785421719.392081779] [acados_nmpc_node]: [attach-window] t=10.90s pos_err=0.436m T=21.46N z=2.027 m_est=2.303
[INFO] [1785421719.438104980] [acados_nmpc_node]: [attach-window] t=10.95s pos_err=0.390m T=21.21N z=2.084 m_est=2.303
[INFO] [1785421719.490305996] [acados_nmpc_node]: [attach-window] t=11.00s pos_err=0.376m T=21.23N z=2.108 m_est=2.304
[INFO] [1785421719.538553172] [acados_nmpc_node]: [attach-window] t=11.05s pos_err=0.338m T=21.11N z=2.152 m_est=2.304
[INFO] [1785421719.592295499] [acados_nmpc_node]: [attach-window] t=11.10s pos_err=0.322m T=21.13N z=2.173 m_est=2.304
[INFO] [1785421719.638786620] [acados_nmpc_node]: [attach-window] t=11.15s pos_err=0.282m T=21.08N z=2.216 m_est=2.304
[INFO] [1785421719.692066003] [acados_nmpc_node]: [attach-window] t=11.20s pos_err=0.266m T=21.11N z=2.234 m_est=2.305
[INFO] [1785421719.738717453] [acados_nmpc_node]: [attach-window] t=11.25s pos_err=0.231m T=21.17N z=2.270 m_est=2.305
[INFO] [1785421719.791992455] [acados_nmpc_node]: [attach-window] t=11.30s pos_err=0.216m T=21.24N z=2.284 m_est=2.307
[INFO] [1785421719.838728761] [acados_nmpc_node]: [attach-window] t=11.35s pos_err=0.191m T=21.38N z=2.310 m_est=2.307
[INFO] [1785421719.891969076] [acados_nmpc_node]: [attach-window] t=11.40s pos_err=0.179m T=21.49N z=2.322 m_est=2.310
[INFO] [1785421719.938676399] [acados_nmpc_node]: [attach-window] t=11.45s pos_err=0.158m T=21.67N z=2.342 m_est=2.310
[INFO] [1785421719.991842686] [acados_nmpc_node]: [attach-window] t=11.50s pos_err=0.149m T=21.81N z=2.351 m_est=2.315
[INFO] [1785421720.038768703] [acados_nmpc_node]: [attach-window] t=11.55s pos_err=0.132m T=22.03N z=2.369 m_est=2.315
[INFO] [1785421720.091972141] [acados_nmpc_node]: [attach-window] t=11.60s pos_err=0.125m T=22.18N z=2.375 m_est=2.321
[INFO] [1785421720.138636982] [acados_nmpc_node]: [attach-window] t=11.65s pos_err=0.114m T=22.34N z=2.387 m_est=2.321
[INFO] [1785421720.191829884] [acados_nmpc_node]: [attach-window] t=11.70s pos_err=0.108m T=22.47N z=2.392 m_est=2.328
[INFO] [1785421720.238665932] [acados_nmpc_node]: [attach-window] t=11.75s pos_err=0.098m T=22.59N z=2.402 m_est=2.328
[INFO] [1785421720.292082178] [acados_nmpc_node]: [attach-window] t=11.80s pos_err=0.094m T=22.69N z=2.407 m_est=2.335
[INFO] [1785421720.338436346] [acados_nmpc_node]: [attach-window] t=11.85s pos_err=0.086m T=22.73N z=2.415 m_est=2.335
[INFO] [1785421720.391706191] [acados_nmpc_node]: [attach-window] t=11.90s pos_err=0.082m T=22.79N z=2.419 m_est=2.340
[INFO] [1785421720.438453005] [acados_nmpc_node]: [attach-window] t=11.95s pos_err=0.073m T=22.79N z=2.428 m_est=2.340
[INFO] [1785421720.491737850] [acados_nmpc_node]: [attach-window] t=12.00s pos_err=0.070m T=22.82N z=2.431 m_est=2.345
[INFO] [1785421720.538487426] [acados_nmpc_node]: [attach-window] t=12.05s pos_err=0.062m T=22.80N z=2.439 m_est=2.345
[INFO] [1785421720.591574443] [acados_nmpc_node]: [attach-window] t=12.10s pos_err=0.059m T=22.82N z=2.442 m_est=2.349
[INFO] [1785421720.637874582] [acados_nmpc_node]: [attach-window] t=12.15s pos_err=0.051m T=22.78N z=2.451 m_est=2.349
[INFO] [1785421720.690194882] [acados_nmpc_node]: [attach-window] t=12.20s pos_err=0.048m T=22.80N z=2.454 m_est=2.352
[INFO] [1785421720.737900111] [acados_nmpc_node]: [attach-window] t=12.25s pos_err=0.041m T=22.78N z=2.461 m_est=2.352
[INFO] [1785421720.790276593] [acados_nmpc_node]: [attach-window] t=12.30s pos_err=0.038m T=22.80N z=2.464 m_est=2.355
[INFO] [1785421720.837897749] [acados_nmpc_node]: [attach-window] t=12.35s pos_err=0.032m T=22.78N z=2.471 m_est=2.355
[INFO] [1785421720.890271013] [acados_nmpc_node]: [attach-window] t=12.40s pos_err=0.030m T=22.80N z=2.473 m_est=2.357
[INFO] [1785421720.937928162] [acados_nmpc_node]: [attach-window] t=12.45s pos_err=0.025m T=22.80N z=2.479 m_est=2.357
[INFO] [1785421720.990149102] [acados_nmpc_node]: [attach-window] t=12.50s pos_err=0.022m T=22.82N z=2.481 m_est=2.359
[INFO] [1785421721.038010179] [acados_nmpc_node]: [attach-window] t=12.55s pos_err=0.018m T=22.83N z=2.486 m_est=2.359
[INFO] [1785421721.090415398] [acados_nmpc_node]: [attach-window] t=12.60s pos_err=0.017m T=22.85N z=2.488 m_est=2.360
[INFO] [1785421721.137887833] [acados_nmpc_node]: [attach-window] t=12.65s pos_err=0.016m T=22.87N z=2.492 m_est=2.360
[INFO] [1785421721.191920700] [acados_nmpc_node]: [attach-window] t=12.70s pos_err=0.015m T=22.89N z=2.493 m_est=2.361
[INFO] [1785421721.238598261] [acados_nmpc_node]: [attach-window] t=12.75s pos_err=0.015m T=22.92N z=2.496 m_est=2.361
[INFO] [1785421721.291844834] [acados_nmpc_node]: [attach-window] t=12.80s pos_err=0.015m T=22.94N z=2.497 m_est=2.361
[INFO] [1785421721.338743143] [acados_nmpc_node]: [attach-window] t=12.85s pos_err=0.015m T=22.96N z=2.499 m_est=2.361
[INFO] [1785421721.391824521] [acados_nmpc_node]: [attach-window] t=12.90s pos_err=0.016m T=22.97N z=2.500 m_est=2.361
[INFO] [1785421721.438384129] [acados_nmpc_node]: [attach-window] t=12.95s pos_err=0.016m T=22.99N z=2.502 m_est=2.361
[INFO] [1785421721.491796833] [acados_nmpc_node]: [attach-window] t=13.00s pos_err=0.016m T=23.00N z=2.502 m_est=2.361
[INFO] [1785421721.538603845] [acados_nmpc_node]: [attach-window] t=13.05s pos_err=0.016m T=23.03N z=2.503 m_est=2.361
[INFO] [1785421721.591702876] [acados_nmpc_node]: [attach-window] t=13.10s pos_err=0.016m T=23.04N z=2.503 m_est=2.360
[INFO] [1785421721.638584648] [acados_nmpc_node]: [attach-window] t=13.15s pos_err=0.016m T=23.07N z=2.503 m_est=2.360
[INFO] [1785421721.691954590] [acados_nmpc_node]: [attach-window] t=13.20s pos_err=0.016m T=23.07N z=2.503 m_est=2.360
[INFO] [1785421721.738537756] [acados_nmpc_node]: [attach-window] t=13.25s pos_err=0.016m T=23.09N z=2.504 m_est=2.360
[INFO] [1785421721.790353857] [acados_nmpc_node]: [attach-window] t=13.30s pos_err=0.015m T=23.10N z=2.504 m_est=2.360
[INFO] [1785421721.837875605] [acados_nmpc_node]: [attach-window] t=13.35s pos_err=0.015m T=23.11N z=2.504 m_est=2.360
[INFO] [1785421721.890000864] [acados_nmpc_node]: [attach-window] t=13.40s pos_err=0.015m T=23.12N z=2.504 m_est=2.360
[INFO] [1785421721.938434870] [acados_nmpc_node]: [attach-window] t=13.45s pos_err=0.015m T=23.12N z=2.503 m_est=2.360
[INFO] [1785421721.992162261] [acados_nmpc_node]: [attach-window] t=13.50s pos_err=0.015m T=23.13N z=2.503 m_est=2.360
[INFO] [1785421722.038405269] [acados_nmpc_node]: [attach-window] t=13.55s pos_err=0.015m T=23.14N z=2.503 m_est=2.360
[INFO] [1785421722.091991854] [acados_nmpc_node]: [attach-window] t=13.60s pos_err=0.016m T=23.14N z=2.503 m_est=2.361
[INFO] [1785421722.138432757] [acados_nmpc_node]: [attach-window] t=13.65s pos_err=0.018m T=23.15N z=2.502 m_est=2.361
[INFO] [1785421722.192030898] [acados_nmpc_node]: [attach-window] t=13.70s pos_err=0.018m T=23.16N z=2.502 m_est=2.361
[INFO] [1785421722.238497452] [acados_nmpc_node]: [attach-window] t=13.75s pos_err=0.020m T=23.16N z=2.502 m_est=2.361
[INFO] [1785421722.292213225] [acados_nmpc_node]: [attach-window] t=13.80s pos_err=0.021m T=23.16N z=2.502 m_est=2.362
[INFO] [1785421722.338421914] [acados_nmpc_node]: [attach-window] t=13.85s pos_err=0.022m T=23.15N z=2.502 m_est=2.362
[INFO] [1785421722.392376493] [acados_nmpc_node]: [attach-window] t=13.90s pos_err=0.023m T=23.14N z=2.502 m_est=2.362
[INFO] [1785421722.438437370] [acados_nmpc_node]: [attach-window] t=13.95s pos_err=0.023m T=23.13N z=2.502 m_est=2.362
[INFO] [1785421722.491885669] [acados_nmpc_node]: [attach-window] t=14.00s pos_err=0.024m T=23.12N z=2.503 m_est=2.363
[INFO] [1785421722.538564464] [acados_nmpc_node]: [attach-window] t=14.05s pos_err=0.024m T=23.11N z=2.503 m_est=2.363
[INFO] [1785421722.591954897] [acados_nmpc_node]: [attach-window] t=14.10s pos_err=0.025m T=23.10N z=2.503 m_est=2.363
[INFO] [1785421722.638434362] [acados_nmpc_node]: [attach-window] t=14.15s pos_err=0.025m T=23.10N z=2.504 m_est=2.363
[INFO] [1785421722.692074189] [acados_nmpc_node]: [attach-window] t=14.20s pos_err=0.026m T=23.09N z=2.504 m_est=2.363
[INFO] [1785421722.738550609] [acados_nmpc_node]: [attach-window] t=14.25s pos_err=0.026m T=23.09N z=2.504 m_est=2.363
[INFO] [1785421722.791984102] [acados_nmpc_node]: [attach-window] t=14.30s pos_err=0.026m T=23.09N z=2.505 m_est=2.363
[INFO] [1785421722.838617086] [acados_nmpc_node]: [attach-window] t=14.35s pos_err=0.025m T=23.08N z=2.505 m_est=2.363
[INFO] [1785421722.892069549] [acados_nmpc_node]: [attach-window] t=14.40s pos_err=0.025m T=23.07N z=2.506 m_est=2.362
[INFO] [1785421722.938399762] [acados_nmpc_node]: [attach-window] t=14.45s pos_err=0.024m T=23.06N z=2.507 m_est=2.362
[INFO] [1785421722.992020639] [acados_nmpc_node]: [attach-window] t=14.50s pos_err=0.024m T=23.05N z=2.507 m_est=2.362
[INFO] [1785421723.038721528] [acados_nmpc_node]: [attach-window] t=14.55s pos_err=0.023m T=23.05N z=2.508 m_est=2.362
[INFO] [1785421723.092029017] [acados_nmpc_node]: [attach-window] t=14.60s pos_err=0.022m T=23.05N z=2.508 m_est=2.361
[INFO] [1785421723.138516544] [acados_nmpc_node]: [attach-window] t=14.65s pos_err=0.020m T=23.05N z=2.509 m_est=2.361
[INFO] [1785421723.191971030] [acados_nmpc_node]: [attach-window] t=14.70s pos_err=0.019m T=23.05N z=2.509 m_est=2.361
[INFO] [1785421723.238513156] [acados_nmpc_node]: [attach-window] t=14.75s pos_err=0.017m T=23.07N z=2.510 m_est=2.361
[INFO] [1785421723.291930780] [acados_nmpc_node]: [attach-window] t=14.80s pos_err=0.016m T=23.08N z=2.510 m_est=2.361
[INFO] [1785421723.338424312] [acados_nmpc_node]: [attach-window] t=14.85s pos_err=0.015m T=23.09N z=2.509 m_est=2.361
[INFO] [1785421723.391948339] [acados_nmpc_node]: [attach-window] t=14.90s pos_err=0.014m T=23.10N z=2.509 m_est=2.360
[INFO] [1785421723.438391075] [acados_nmpc_node]: [attach-window] t=14.95s pos_err=0.012m T=23.12N z=2.509 m_est=2.360
[INFO] [1785421723.490500494] [acados_nmpc_node]: [attach-window] t=15.00s pos_err=0.011m T=23.12N z=2.509 m_est=2.360
[INFO] [1785421723.538463604] [acados_nmpc_node]: [attach-window] t=15.05s pos_err=0.011m T=23.11N z=2.509 m_est=2.360
[INFO] [1785421723.591935041] [acados_nmpc_node]: [attach-window] t=15.10s pos_err=0.011m T=23.11N z=2.509 m_est=2.360
[INFO] [1785421723.638681643] [acados_nmpc_node]: [attach-window] t=15.15s pos_err=0.011m T=23.10N z=2.510 m_est=2.360
[INFO] [1785421723.692076560] [acados_nmpc_node]: [attach-window] t=15.20s pos_err=0.011m T=23.09N z=2.510 m_est=2.360
[INFO] [1785421723.738462245] [acados_nmpc_node]: [attach-window] t=15.25s pos_err=0.013m T=23.07N z=2.511 m_est=2.360
[INFO] [1785421723.792118362] [acados_nmpc_node]: [attach-window] t=15.30s pos_err=0.013m T=23.07N z=2.511 m_est=2.360
[INFO] [1785421723.838599783] [acados_nmpc_node]: [attach-window] t=15.35s pos_err=0.015m T=23.06N z=2.512 m_est=2.360
[INFO] [1785421723.892158649] [acados_nmpc_node]: [attach-window] t=15.40s pos_err=0.016m T=23.05N z=2.513 m_est=2.360
[INFO] [1785421723.938455971] [acados_nmpc_node]: [attach-window] t=15.45s pos_err=0.018m T=23.05N z=2.513 m_est=2.360
[INFO] [1785421723.992048980] [acados_nmpc_node]: [attach-window] t=15.50s pos_err=0.019m T=23.05N z=2.514 m_est=2.360
[INFO] [1785421724.038540608] [acados_nmpc_node]: [attach-window] t=15.55s pos_err=0.020m T=23.06N z=2.514 m_est=2.360
[INFO] [1785421724.092689522] [acados_nmpc_node]: [attach-window] t=15.60s pos_err=0.021m T=23.07N z=2.514 m_est=2.360
[INFO] [1785421724.138781946] [acados_nmpc_node]: [attach-window] t=15.65s pos_err=0.022m T=23.09N z=2.514 m_est=2.360
[INFO] [1785421724.192443084] [acados_nmpc_node]: [attach-window] t=15.70s pos_err=0.023m T=23.11N z=2.513 m_est=2.360
[INFO] [1785421724.238657081] [acados_nmpc_node]: [attach-window] t=15.75s pos_err=0.024m T=23.14N z=2.512 m_est=2.360
[INFO] [1785421724.292310372] [acados_nmpc_node]: [attach-window] t=15.80s pos_err=0.024m T=23.16N z=2.511 m_est=2.360
[INFO] [1785421724.338802937] [acados_nmpc_node]: [attach-window] t=15.85s pos_err=0.025m T=23.18N z=2.510 m_est=2.360
[INFO] [1785421724.339291069] [acados_nmpc_node]: t=15.8s | pos_err=0.025m | T=23.18N | tau=[r-0.305 p-0.017 y-0.002]Nm | res_stat=4.617e-07(peak 9.645e-07) sqp_iter=3 | solve=1.6ms
[INFO] [1785421724.392405593] [acados_nmpc_node]: [attach-window] t=15.90s pos_err=0.025m T=23.19N z=2.509 m_est=2.360
[INFO] [1785421724.438713928] [acados_nmpc_node]: [attach-window] t=15.95s pos_err=0.025m T=23.20N z=2.508 m_est=2.360
[INFO] [1785421724.492263091] [acados_nmpc_node]: [attach-window] t=16.00s pos_err=0.025m T=23.21N z=2.507 m_est=2.360
[INFO] [1785421724.538572817] [acados_nmpc_node]: [attach-window] t=16.05s pos_err=0.025m T=23.21N z=2.506 m_est=2.360
[INFO] [1785421724.592267850] [acados_nmpc_node]: [attach-window] t=16.10s pos_err=0.025m T=23.21N z=2.506 m_est=2.361
[INFO] [1785421724.638452527] [acados_nmpc_node]: [attach-window] t=16.15s pos_err=0.025m T=23.20N z=2.505 m_est=2.361
[INFO] [1785421724.692057090] [acados_nmpc_node]: [attach-window] t=16.20s pos_err=0.025m T=23.19N z=2.505 m_est=2.361
[INFO] [1785421724.738079153] [acados_nmpc_node]: [attach-window] t=16.25s pos_err=0.024m T=23.17N z=2.504 m_est=2.361
[INFO] [1785421724.790338837] [acados_nmpc_node]: [attach-window] t=16.30s pos_err=0.024m T=23.15N z=2.505 m_est=2.361
[INFO] [1785421724.837975290] [acados_nmpc_node]: [attach-window] t=16.35s pos_err=0.023m T=23.13N z=2.505 m_est=2.361
[INFO] [1785421724.890310470] [acados_nmpc_node]: [attach-window] t=16.40s pos_err=0.023m T=23.12N z=2.505 m_est=2.362
[INFO] [1785421724.937845074] [acados_nmpc_node]: [attach-window] t=16.45s pos_err=0.022m T=23.11N z=2.505 m_est=2.362
[INFO] [1785421724.990240641] [acados_nmpc_node]: [attach-window] t=16.50s pos_err=0.021m T=23.10N z=2.506 m_est=2.362
[INFO] [1785421725.037887858] [acados_nmpc_node]: [attach-window] t=16.55s pos_err=0.020m T=23.09N z=2.506 m_est=2.362
[INFO] [1785421725.090419684] [acados_nmpc_node]: [attach-window] t=16.60s pos_err=0.020m T=23.09N z=2.507 m_est=2.362
[INFO] [1785421725.137908713] [acados_nmpc_node]: [attach-window] t=16.65s pos_err=0.019m T=23.07N z=2.507 m_est=2.362
[INFO] [1785421725.190295812] [acados_nmpc_node]: [attach-window] t=16.70s pos_err=0.018m T=23.07N z=2.508 m_est=2.362
[INFO] [1785421725.237868190] [acados_nmpc_node]: [attach-window] t=16.75s pos_err=0.017m T=23.07N z=2.508 m_est=2.362
[INFO] [1785421725.292062977] [acados_nmpc_node]: [attach-window] t=16.80s pos_err=0.016m T=23.08N z=2.508 m_est=2.362
[INFO] [1785421725.338371810] [acados_nmpc_node]: [attach-window] t=16.85s pos_err=0.015m T=23.09N z=2.508 m_est=2.362
[INFO] [1785421725.392022149] [acados_nmpc_node]: [attach-window] t=16.90s pos_err=0.015m T=23.10N z=2.508 m_est=2.362
[INFO] [1785421725.438351513] [acados_nmpc_node]: [attach-window] t=16.95s pos_err=0.014m T=23.11N z=2.508 m_est=2.362
[INFO] [1785421725.492152590] [acados_nmpc_node]: [attach-window] t=17.00s pos_err=0.013m T=23.11N z=2.508 m_est=2.362
[INFO] [1785421725.538371825] [acados_nmpc_node]: [attach-window] t=17.05s pos_err=0.013m T=23.12N z=2.507 m_est=2.362
[INFO] [1785421725.592081989] [acados_nmpc_node]: [attach-window] t=17.10s pos_err=0.012m T=23.13N z=2.507 m_est=2.362
[INFO] [1785421725.638616627] [acados_nmpc_node]: [attach-window] t=17.15s pos_err=0.011m T=23.13N z=2.507 m_est=2.362
[INFO] [1785421725.692350019] [acados_nmpc_node]: [attach-window] t=17.20s pos_err=0.011m T=23.14N z=2.506 m_est=2.361
[INFO] [1785421725.738406673] [acados_nmpc_node]: [attach-window] t=17.25s pos_err=0.010m T=23.15N z=2.506 m_est=2.361
[INFO] [1785421725.792087154] [acados_nmpc_node]: [attach-window] t=17.30s pos_err=0.009m T=23.16N z=2.505 m_est=2.361
[INFO] [1785421725.838545564] [acados_nmpc_node]: [attach-window] t=17.35s pos_err=0.007m T=23.17N z=2.505 m_est=2.361
[INFO] [1785421725.892118391] [acados_nmpc_node]: [attach-window] t=17.40s pos_err=0.006m T=23.17N z=2.504 m_est=2.361
[INFO] [1785421725.938431975] [acados_nmpc_node]: [attach-window] t=17.45s pos_err=0.005m T=23.16N z=2.504 m_est=2.361
[INFO] [1785421725.992059753] [acados_nmpc_node]: [attach-window] t=17.50s pos_err=0.005m T=23.15N z=2.504 m_est=2.361
[INFO] [1785421726.038534063] [acados_nmpc_node]: [attach-window] t=17.55s pos_err=0.005m T=23.12N z=2.505 m_est=2.361
[INFO] [1785421726.092236388] [acados_nmpc_node]: [attach-window] t=17.60s pos_err=0.005m T=23.11N z=2.505 m_est=2.361
[INFO] [1785421726.138407856] [acados_nmpc_node]: [attach-window] t=17.65s pos_err=0.007m T=23.08N z=2.506 m_est=2.361
[INFO] [1785421726.192207594] [acados_nmpc_node]: [attach-window] t=17.70s pos_err=0.008m T=23.07N z=2.507 m_est=2.361
[INFO] [1785421726.238498785] [acados_nmpc_node]: [attach-window] t=17.75s pos_err=0.010m T=23.04N z=2.509 m_est=2.361
[INFO] [1785421726.292078417] [acados_nmpc_node]: [attach-window] t=17.80s pos_err=0.011m T=23.03N z=2.510 m_est=2.361
[INFO] [1785421726.338587122] [acados_nmpc_node]: [attach-window] t=17.85s pos_err=0.013m T=23.01N z=2.511 m_est=2.361
[INFO] [1785421726.392047951] [acados_nmpc_node]: [attach-window] t=17.90s pos_err=0.014m T=23.00N z=2.512 m_est=2.361
[INFO] [1785421726.438424052] [acados_nmpc_node]: [attach-window] t=17.95s pos_err=0.015m T=23.00N z=2.514 m_est=2.361
[INFO] [1785421726.492303936] [acados_nmpc_node]: [attach-window] t=18.00s pos_err=0.016m T=23.00N z=2.514 m_est=2.361
[INFO] [1785421726.538436631] [acados_nmpc_node]: [attach-window] t=18.05s pos_err=0.016m T=23.02N z=2.515 m_est=2.361
[INFO] [1785421726.592181579] [acados_nmpc_node]: [attach-window] t=18.10s pos_err=0.016m T=23.03N z=2.515 m_est=2.361
[INFO] [1785421726.638480650] [acados_nmpc_node]: [attach-window] t=18.15s pos_err=0.017m T=23.05N z=2.515 m_est=2.361
[INFO] [1785421726.692126724] [acados_nmpc_node]: [attach-window] t=18.20s pos_err=0.016m T=23.06N z=2.515 m_est=2.360
[INFO] [1785421726.738517920] [acados_nmpc_node]: [attach-window] t=18.25s pos_err=0.016m T=23.07N z=2.515 m_est=2.360
[INFO] [1785421726.792251545] [acados_nmpc_node]: [attach-window] t=18.30s pos_err=0.016m T=23.08N z=2.515 m_est=2.360
[INFO] [1785421726.838497793] [acados_nmpc_node]: [attach-window] t=18.35s pos_err=0.016m T=23.10N z=2.515 m_est=2.360
[INFO] [1785421726.890592517] [acados_nmpc_node]: [attach-window] t=18.40s pos_err=0.016m T=23.10N z=2.515 m_est=2.360
[INFO] [1785421726.937887152] [acados_nmpc_node]: [attach-window] t=18.45s pos_err=0.015m T=23.11N z=2.514 m_est=2.360
[INFO] [1785421726.990419430] [acados_nmpc_node]: [attach-window] t=18.50s pos_err=0.015m T=23.11N z=2.514 m_est=2.360
[INFO] [1785421727.038512110] [acados_nmpc_node]: [attach-window] t=18.55s pos_err=0.016m T=23.12N z=2.514 m_est=2.360
[INFO] [1785421727.092391437] [acados_nmpc_node]: [attach-window] t=18.60s pos_err=0.016m T=23.12N z=2.514 m_est=2.360
[INFO] [1785421727.138439708] [acados_nmpc_node]: [attach-window] t=18.65s pos_err=0.017m T=23.12N z=2.514 m_est=2.360
[INFO] [1785421727.192461138] [acados_nmpc_node]: [attach-window] t=18.70s pos_err=0.017m T=23.11N z=2.514 m_est=2.360
[INFO] [1785421727.238418404] [acados_nmpc_node]: [attach-window] t=18.75s pos_err=0.018m T=23.10N z=2.514 m_est=2.360
[INFO] [1785421727.292165620] [acados_nmpc_node]: [attach-window] t=18.80s pos_err=0.018m T=23.10N z=2.514 m_est=2.360
[INFO] [1785421727.338443955] [acados_nmpc_node]: [attach-window] t=18.85s pos_err=0.019m T=23.09N z=2.514 m_est=2.360
[INFO] [1785421727.392127688] [acados_nmpc_node]: [attach-window] t=18.90s pos_err=0.019m T=23.09N z=2.514 m_est=2.360
[INFO] [1785421727.438444910] [acados_nmpc_node]: [attach-window] t=18.95s pos_err=0.019m T=23.10N z=2.514 m_est=2.360
[INFO] [1785421727.492352132] [acados_nmpc_node]: [attach-window] t=19.00s pos_err=0.019m T=23.10N z=2.514 m_est=2.360
[INFO] [1785421727.538574130] [acados_nmpc_node]: [attach-window] t=19.05s pos_err=0.020m T=23.11N z=2.514 m_est=2.360
[INFO] [1785421727.592322950] [acados_nmpc_node]: [attach-window] t=19.10s pos_err=0.020m T=23.12N z=2.514 m_est=2.360
[INFO] [1785421727.638942582] [acados_nmpc_node]: [attach-window] t=19.15s pos_err=0.020m T=23.13N z=2.513 m_est=2.360
[INFO] [1785421727.692285546] [acados_nmpc_node]: [attach-window] t=19.20s pos_err=0.020m T=23.13N z=2.513 m_est=2.360
[INFO] [1785421727.738566875] [acados_nmpc_node]: [attach-window] t=19.25s pos_err=0.020m T=23.12N z=2.513 m_est=2.360
[INFO] [1785421727.792588741] [acados_nmpc_node]: [attach-window] t=19.30s pos_err=0.020m T=23.12N z=2.513 m_est=2.361
[INFO] [1785421727.838474984] [acados_nmpc_node]: [attach-window] t=19.35s pos_err=0.021m T=23.09N z=2.514 m_est=2.361
[INFO] [1785421727.892424768] [acados_nmpc_node]: [attach-window] t=19.40s pos_err=0.021m T=23.09N z=2.514 m_est=2.361
[INFO] [1785421727.938494842] [acados_nmpc_node]: [attach-window] t=19.45s pos_err=0.021m T=23.07N z=2.515 m_est=2.361
[INFO] [1785421727.992289610] [acados_nmpc_node]: [attach-window] t=19.50s pos_err=0.021m T=23.07N z=2.515 m_est=2.361
[INFO] [1785421728.038436132] [acados_nmpc_node]: [attach-window] t=19.55s pos_err=0.022m T=23.07N z=2.515 m_est=2.361
[INFO] [1785421728.092339865] [acados_nmpc_node]: [attach-window] t=19.60s pos_err=0.022m T=23.08N z=2.516 m_est=2.361
[INFO] [1785421728.138466756] [acados_nmpc_node]: [attach-window] t=19.65s pos_err=0.022m T=23.08N z=2.516 m_est=2.361
[INFO] [1785421728.192259963] [acados_nmpc_node]: [attach-window] t=19.70s pos_err=0.022m T=23.08N z=2.516 m_est=2.361
[INFO] [1785421728.238492560] [acados_nmpc_node]: [attach-window] t=19.75s pos_err=0.022m T=23.09N z=2.516 m_est=2.361
[INFO] [1785421728.292394168] [acados_nmpc_node]: [attach-window] t=19.80s pos_err=0.021m T=23.10N z=2.516 m_est=2.361
[INFO] [1785421728.338465154] [acados_nmpc_node]: [attach-window] t=19.85s pos_err=0.021m T=23.10N z=2.516 m_est=2.361
[INFO] [1785421728.392351076] [acados_nmpc_node]: [attach-window] t=19.90s pos_err=0.021m T=23.10N z=2.516 m_est=2.361
[INFO] [1785421728.438433526] [acados_nmpc_node]: [attach-window] t=19.95s pos_err=0.020m T=23.11N z=2.516 m_est=2.361
[INFO] [1785421728.492138121] [acados_nmpc_node]: [attach-window] t=20.00s pos_err=0.020m T=23.11N z=2.516 m_est=2.361
[INFO] [1785421728.538465026] [acados_nmpc_node]: [attach-window] t=20.05s pos_err=0.020m T=23.12N z=2.515 m_est=2.361
[INFO] [1785421728.592176024] [acados_nmpc_node]: [attach-window] t=20.10s pos_err=0.020m T=23.13N z=2.515 m_est=2.361
[INFO] [1785421728.638404616] [acados_nmpc_node]: [attach-window] t=20.15s pos_err=0.019m T=23.15N z=2.514 m_est=2.361
[INFO] [1785421728.692206844] [acados_nmpc_node]: [attach-window] t=20.20s pos_err=0.018m T=23.16N z=2.513 m_est=2.361
[INFO] [1785421728.738581617] [acados_nmpc_node]: [attach-window] t=20.25s pos_err=0.017m T=23.17N z=2.512 m_est=2.361
[INFO] [1785421728.792290949] [acados_nmpc_node]: [attach-window] t=20.30s pos_err=0.017m T=23.18N z=2.512 m_est=2.361
[INFO] [1785421728.837881163] [acados_nmpc_node]: [attach-window] t=20.35s pos_err=0.016m T=23.18N z=2.511 m_est=2.361
[INFO] [1785421728.890608556] [acados_nmpc_node]: [attach-window] t=20.40s pos_err=0.016m T=23.18N z=2.510 m_est=2.361
[INFO] [1785421728.938017100] [acados_nmpc_node]: [attach-window] t=20.45s pos_err=0.015m T=23.18N z=2.509 m_est=2.361
[INFO] [1785421728.990706035] [acados_nmpc_node]: [attach-window] t=20.50s pos_err=0.015m T=23.17N z=2.509 m_est=2.361
[INFO] [1785421729.038051347] [acados_nmpc_node]: [attach-window] t=20.55s pos_err=0.015m T=23.16N z=2.508 m_est=2.361
[INFO] [1785421729.090388814] [acados_nmpc_node]: [attach-window] t=20.60s pos_err=0.015m T=23.16N z=2.508 m_est=2.362
[INFO] [1785421729.137866707] [acados_nmpc_node]: [attach-window] t=20.65s pos_err=0.015m T=23.15N z=2.508 m_est=2.362
[INFO] [1785421729.190838297] [acados_nmpc_node]: [attach-window] t=20.70s pos_err=0.015m T=23.15N z=2.508 m_est=2.362
[INFO] [1785421729.237847912] [acados_nmpc_node]: [attach-window] t=20.75s pos_err=0.015m T=23.13N z=2.508 m_est=2.362
[INFO] [1785421729.290354853] [acados_nmpc_node]: [attach-window] t=20.80s pos_err=0.015m T=23.13N z=2.508 m_est=2.362
[INFO] [1785421729.337849142] [acados_nmpc_node]: [attach-window] t=20.85s pos_err=0.015m T=23.13N z=2.507 m_est=2.362
[INFO] [1785421729.338201594] [acados_nmpc_node]: t=20.8s | pos_err=0.015m | T=23.13N | tau=[r-0.304 p-0.023 y-0.001]Nm | res_stat=5.045e-08(peak 9.951e-07) sqp_iter=2 | solve=1.0ms
[INFO] [1785421729.390446079] [acados_nmpc_node]: [attach-window] t=20.90s pos_err=0.014m T=23.13N z=2.507 m_est=2.362
[INFO] [1785421729.438064834] [acados_nmpc_node]: [attach-window] t=20.95s pos_err=0.013m T=23.14N z=2.507 m_est=2.362
[INFO] [1785421729.490446581] [acados_nmpc_node]: [attach-window] t=21.00s pos_err=0.013m T=23.14N z=2.507 m_est=2.362
[INFO] [1785421729.537919293] [acados_nmpc_node]: [attach-window] t=21.05s pos_err=0.012m T=23.14N z=2.506 m_est=2.362
[INFO] [1785421729.590607772] [acados_nmpc_node]: [attach-window] t=21.10s pos_err=0.012m T=23.13N z=2.507 m_est=2.362
[INFO] [1785421729.638049093] [acados_nmpc_node]: [attach-window] t=21.15s pos_err=0.011m T=23.11N z=2.507 m_est=2.362
[INFO] [1785421729.690851929] [acados_nmpc_node]: [attach-window] t=21.20s pos_err=0.011m T=23.10N z=2.508 m_est=2.362
[INFO] [1785421729.738120847] [acados_nmpc_node]: [attach-window] t=21.25s pos_err=0.012m T=23.07N z=2.509 m_est=2.362
[INFO] [1785421729.790549920] [acados_nmpc_node]: [attach-window] t=21.30s pos_err=0.012m T=23.06N z=2.509 m_est=2.362
[INFO] [1785421729.837924270] [acados_nmpc_node]: [attach-window] t=21.35s pos_err=0.013m T=23.04N z=2.511 m_est=2.362
[INFO] [1785421729.890631793] [acados_nmpc_node]: [attach-window] t=21.40s pos_err=0.013m T=23.03N z=2.511 m_est=2.362
[INFO] [1785421729.937989227] [acados_nmpc_node]: [attach-window] t=21.45s pos_err=0.014m T=23.02N z=2.512 m_est=2.362
[INFO] [1785421729.992419138] [acados_nmpc_node]: [attach-window] t=21.50s pos_err=0.014m T=23.02N z=2.513 m_est=2.362
[INFO] [1785421730.038583426] [acados_nmpc_node]: [attach-window] t=21.55s pos_err=0.014m T=23.02N z=2.513 m_est=2.362
[ros2run]: Killed
