[INFO] [1785419699.473341610] [mhe_node]: MHE node starting, building/loading solver...
Code reuse possible, skipping code generation.
acados was compiled without OpenMP.
[INFO] [1785419699.479718867] [mhe_node]: weight schedule theta = [-4.80, -1.21, 0.49, -0.96], signal mode = external
[INFO] [1785419699.483508099] [mhe_node]: MHE node initialized! Waiting for odometry + control data...
[INFO] [1785419727.583697841] [mhe_node]: [geom] payload_attached=False -> dJ=0.0000 c_xy=[+0.0000,+0.0000]
[INFO] [1785419729.485912407] [mhe_node]: MHE mass estimate: 2.059 kg (T_phys=18.49N)
[INFO] [1785419729.486321448] [mhe_node]: [tau_phys] roll=-0.003 pitch=-0.001 Nm
[INFO] [1785419729.486721054] [mhe_node]: [c_xy_est] cx=+0.0002 cy=+0.0000 m
[INFO] [1785419731.485849905] [mhe_node]: MHE mass estimate: 2.070 kg (T_phys=20.34N)
[INFO] [1785419731.486257072] [mhe_node]: [tau_phys] roll=-0.001 pitch=-0.002 Nm
[INFO] [1785419731.486653325] [mhe_node]: [c_xy_est] cx=+0.0001 cy=+0.0000 m
[INFO] [1785419731.964045215] [mhe_node]: mass event [attach (gripper)] received at frame 64: armed, waiting for T_phys confirmation (baseline=20.28N, thresh=1.5N)
[INFO] [1785419731.983646825] [mhe_node]: [geom] payload_attached=True -> dJ=0.0666 c_xy=[+0.0040,-0.0168]
[INFO] [1785419731.995678980] [mhe_node]: [post-event] m_est=1.972 kg (T_phys=20.29N)
[INFO] [1785419732.093775107] [mhe_node]: [post-event] m_est=1.978 kg (T_phys=18.99N)
[INFO] [1785419732.192422226] [mhe_node]: [post-event] m_est=1.978 kg (T_phys=19.01N)
[INFO] [1785419732.294200440] [mhe_node]: [post-event] m_est=1.977 kg (T_phys=19.02N)
[INFO] [1785419732.392239603] [mhe_node]: [post-event] m_est=1.975 kg (T_phys=19.03N)
[INFO] [1785419732.492354404] [mhe_node]: [post-event] m_est=1.972 kg (T_phys=19.03N)
[INFO] [1785419732.592946306] [mhe_node]: [post-event] m_est=1.967 kg (T_phys=19.01N)
[INFO] [1785419732.694430077] [mhe_node]: [post-event] m_est=1.962 kg (T_phys=18.99N)
[INFO] [1785419732.793572261] [mhe_node]: [post-event] m_est=1.961 kg (T_phys=18.96N)
[INFO] [1785419732.896121277] [mhe_node]: [post-event] m_est=1.961 kg (T_phys=18.96N)
[INFO] [1785419732.993447640] [mhe_node]: [post-event] m_est=1.961 kg (T_phys=18.96N)
[INFO] [1785419733.092571743] [mhe_node]: [post-event] m_est=1.961 kg (T_phys=18.95N)
[INFO] [1785419733.192535661] [mhe_node]: [post-event] m_est=1.961 kg (T_phys=18.92N)
[INFO] [1785419733.293795448] [mhe_node]: [post-event] m_est=1.961 kg (T_phys=18.88N)
[INFO] [1785419733.395006478] [mhe_node]: [post-event] m_est=1.961 kg (T_phys=18.85N)
[INFO] [1785419733.496091669] [mhe_node]: [post-event] m_est=1.961 kg (T_phys=18.83N)
[INFO] [1785419733.496514162] [mhe_node]: MHE mass estimate: 1.961 kg (T_phys=18.83N)
[INFO] [1785419733.496893746] [mhe_node]: [tau_phys] roll=+0.286 pitch=+0.200 Nm | model pred: roll=-0.000 pitch=-0.000 (m_p=0.000 r=[+0.032,-0.132])
[INFO] [1785419733.497297437] [mhe_node]: [c_xy_est] cx=-0.0081 cy=+0.0038 m | truth c=[+0.0000,-0.0000] (m_p=0.000)
[INFO] [1785419733.594210231] [mhe_node]: [post-event] m_est=1.961 kg (T_phys=18.81N)
[INFO] [1785419733.693709886] [mhe_node]: [post-event] m_est=1.961 kg (T_phys=18.84N)
[INFO] [1785419733.793658969] [mhe_node]: [post-event] m_est=1.961 kg (T_phys=18.97N)
[INFO] [1785419733.894641082] [mhe_node]: [post-event] m_est=1.961 kg (T_phys=19.22N)
[INFO] [1785419733.993947242] [mhe_node]: [post-event] m_est=1.961 kg (T_phys=19.63N)
[INFO] [1785419734.094980461] [mhe_node]: [post-event] m_est=1.961 kg (T_phys=20.22N)
[INFO] [1785419734.193668771] [mhe_node]: [post-event] m_est=1.961 kg (T_phys=20.96N)
[INFO] [1785419734.283607154] [mhe_node]: mass event confirmed by T_phys (21.86N vs baseline 20.28N) at frame 87: de-weighting pre-event stages
[INFO] [1785419734.284399786] [mhe_node]: event transition started: pre-event stages de-weighted
[INFO] [1785419734.295667969] [mhe_node]: [transition] m_est=1.961 kg (T_phys=21.86N)
[INFO] [1785419734.388369171] [mhe_node]: [transition] m_est=1.984 kg (T_phys=22.96N)
[INFO] [1785419734.487321747] [mhe_node]: [transition] m_est=2.075 kg (T_phys=24.56N)
[INFO] [1785419734.587331382] [mhe_node]: [transition] m_est=2.200 kg (T_phys=26.30N)
[INFO] [1785419734.687261287] [mhe_node]: [transition] m_est=2.288 kg (T_phys=27.60N)
[INFO] [1785419734.787299626] [mhe_node]: [transition] m_est=2.339 kg (T_phys=27.42N)
[INFO] [1785419734.887577400] [mhe_node]: [transition] m_est=2.349 kg (T_phys=26.66N)
[INFO] [1785419734.988034479] [mhe_node]: [transition] m_est=2.347 kg (T_phys=25.16N)
[INFO] [1785419735.088526260] [mhe_node]: [transition] m_est=2.329 kg (T_phys=23.83N)
[INFO] [1785419735.188532080] [mhe_node]: [transition] m_est=2.314 kg (T_phys=23.05N)
[INFO] [1785419735.289226159] [mhe_node]: [transition] m_est=2.295 kg (T_phys=22.61N)
[INFO] [1785419735.391711136] [mhe_node]: [transition] m_est=2.277 kg (T_phys=22.17N)
[INFO] [1785419735.489321950] [mhe_node]: [transition] m_est=2.265 kg (T_phys=22.06N)
[INFO] [1785419735.489634065] [mhe_node]: MHE mass estimate: 2.265 kg (T_phys=22.06N)
[INFO] [1785419735.489900607] [mhe_node]: [tau_phys] roll=-0.419 pitch=-0.077 Nm | model pred: roll=-0.260 pitch=-0.062 (m_p=0.200 r=[+0.032,-0.132])
[INFO] [1785419735.490182452] [mhe_node]: [c_xy_est] cx=-0.0038 cy=-0.0015 m | truth c=[+0.0028,-0.0117] (m_p=0.200)
[INFO] [1785419735.591012622] [mhe_node]: [transition] m_est=2.252 kg (T_phys=21.87N)
[INFO] [1785419735.689741841] [mhe_node]: [transition] m_est=2.242 kg (T_phys=21.72N)
[INFO] [1785419735.789919232] [mhe_node]: [transition] m_est=2.234 kg (T_phys=21.63N)
[INFO] [1785419735.892936293] [mhe_node]: [transition] m_est=2.226 kg (T_phys=21.50N)
[INFO] [1785419735.993675023] [mhe_node]: [transition] m_est=2.220 kg (T_phys=21.25N)
[INFO] [1785419736.092061998] [mhe_node]: [transition] m_est=2.214 kg (T_phys=21.11N)
[INFO] [1785419736.192450227] [mhe_node]: [transition] m_est=2.211 kg (T_phys=20.98N)
[INFO] [1785419736.284353425] [mhe_node]: event transition ended: nominal weights restored
[INFO] [1785419736.292006427] [mhe_node]: [post-event] m_est=2.206 kg (T_phys=20.92N)
[INFO] [1785419736.391470953] [mhe_node]: [post-event] m_est=2.210 kg (T_phys=20.94N)
[INFO] [1785419736.491578808] [mhe_node]: [post-event] m_est=2.219 kg (T_phys=21.08N)
[INFO] [1785419736.590556825] [mhe_node]: [post-event] m_est=2.231 kg (T_phys=21.35N)
[INFO] [1785419736.689269294] [mhe_node]: [post-event] m_est=2.243 kg (T_phys=21.70N)
[INFO] [1785419736.791104099] [mhe_node]: [post-event] m_est=2.257 kg (T_phys=22.05N)
[INFO] [1785419736.889801190] [mhe_node]: [post-event] m_est=2.269 kg (T_phys=22.36N)
[INFO] [1785419736.990696494] [mhe_node]: [post-event] m_est=2.280 kg (T_phys=22.60N)
[INFO] [1785419737.090730600] [mhe_node]: [post-event] m_est=2.289 kg (T_phys=22.75N)
[INFO] [1785419737.189305115] [mhe_node]: [post-event] m_est=2.297 kg (T_phys=22.84N)
[INFO] [1785419737.289338060] [mhe_node]: [post-event] m_est=2.304 kg (T_phys=22.89N)
[INFO] [1785419737.389024650] [mhe_node]: [post-event] m_est=2.311 kg (T_phys=22.93N)
[INFO] [1785419737.488919152] [mhe_node]: [post-event] m_est=2.317 kg (T_phys=22.96N)
[INFO] [1785419737.489354687] [mhe_node]: MHE mass estimate: 2.317 kg (T_phys=22.96N)
[INFO] [1785419737.489735246] [mhe_node]: [tau_phys] roll=-0.382 pitch=-0.083 Nm | model pred: roll=-0.328 pitch=-0.078 (m_p=0.252 r=[+0.032,-0.132])
[INFO] [1785419737.490140840] [mhe_node]: [c_xy_est] cx=+0.0005 cy=-0.0115 m | truth c=[+0.0034,-0.0144] (m_p=0.252)
[INFO] [1785419737.589401231] [mhe_node]: [post-event] m_est=2.322 kg (T_phys=22.97N)
[INFO] [1785419737.688519789] [mhe_node]: [post-event] m_est=2.327 kg (T_phys=22.98N)
[INFO] [1785419737.788511333] [mhe_node]: [post-event] m_est=2.331 kg (T_phys=23.00N)
[INFO] [1785419737.888641006] [mhe_node]: [post-event] m_est=2.334 kg (T_phys=23.00N)
[INFO] [1785419737.987728027] [mhe_node]: [post-event] m_est=2.337 kg (T_phys=23.00N)
[INFO] [1785419738.088682361] [mhe_node]: [post-event] m_est=2.339 kg (T_phys=23.00N)
[INFO] [1785419738.187718088] [mhe_node]: [post-event] m_est=2.341 kg (T_phys=22.98N)
[INFO] [1785419738.287732656] [mhe_node]: [post-event] m_est=2.342 kg (T_phys=22.97N)
[INFO] [1785419738.387686011] [mhe_node]: [post-event] m_est=2.343 kg (T_phys=22.98N)
[INFO] [1785419738.487890264] [mhe_node]: [post-event] m_est=2.344 kg (T_phys=23.00N)
[INFO] [1785419738.587306922] [mhe_node]: [post-event] m_est=2.344 kg (T_phys=23.04N)
[INFO] [1785419738.687786251] [mhe_node]: [post-event] m_est=2.345 kg (T_phys=23.07N)
[INFO] [1785419738.787661700] [mhe_node]: [post-event] m_est=2.346 kg (T_phys=23.10N)
[INFO] [1785419738.887754285] [mhe_node]: [post-event] m_est=2.347 kg (T_phys=23.12N)
[INFO] [1785419739.487617369] [mhe_node]: MHE mass estimate: 2.352 kg (T_phys=23.09N)
[INFO] [1785419739.487907916] [mhe_node]: [tau_phys] roll=-0.377 pitch=-0.059 Nm | model pred: roll=-0.373 pitch=-0.089 (m_p=0.288 r=[+0.032,-0.132])
[INFO] [1785419739.488196187] [mhe_node]: [c_xy_est] cx=+0.0021 cy=-0.0149 m | truth c=[+0.0039,-0.0162] (m_p=0.288)
[INFO] [1785419741.486705692] [mhe_node]: MHE mass estimate: 2.358 kg (T_phys=23.18N)
[INFO] [1785419741.487111915] [mhe_node]: [tau_phys] roll=-0.386 pitch=-0.066 Nm | model pred: roll=-0.382 pitch=-0.091 (m_p=0.294 r=[+0.032,-0.132])
[INFO] [1785419741.487517656] [mhe_node]: [c_xy_est] cx=+0.0027 cy=-0.0162 m | truth c=[+0.0039,-0.0165] (m_p=0.294)
[INFO] [1785419743.485552368] [mhe_node]: MHE mass estimate: 2.361 kg (T_phys=23.21N)
[INFO] [1785419743.485852991] [mhe_node]: [tau_phys] roll=-0.408 pitch=-0.055 Nm | model pred: roll=-0.385 pitch=-0.092 (m_p=0.296 r=[+0.032,-0.132])
[INFO] [1785419743.486160364] [mhe_node]: [c_xy_est] cx=+0.0028 cy=-0.0166 m | truth c=[+0.0040,-0.0166] (m_p=0.296)
[INFO] [1785419745.485654430] [mhe_node]: MHE mass estimate: 2.360 kg (T_phys=23.17N)
[INFO] [1785419745.485948396] [mhe_node]: [tau_phys] roll=-0.371 pitch=-0.068 Nm | model pred: roll=-0.384 pitch=-0.092 (m_p=0.296 r=[+0.032,-0.132])
[INFO] [1785419745.486237065] [mhe_node]: [c_xy_est] cx=+0.0030 cy=-0.0168 m | truth c=[+0.0040,-0.0166] (m_p=0.296)
[ros2run]: Killed
