[INFO] [1788469690.359670716] [mhe_node]: MHE node starting, building/loading solver... (geom_coupled=True, N=20, m_min=1.961, m_B=2.0643)
Code reuse possible, skipping code generation.
acados was compiled without OpenMP.
[INFO] [1788469690.366617546] [mhe_node]: [prior] geom_coupled=True → 载荷质量信息**完全不生效**(grip_payload_envelope=0.3 是死代码:coupled 档下 _payload_geometry 根本不被调用);模型只吃可测杆臂 r_p + 被估质量,m 的先验仅有 Q0 质量维=0.1 (σ=3.16kg,实质无先验)
[WARN] [1788469690.367104526] [mhe_node]: geom_release_mode='self':估计器不被告知 drop。⚠️ 2026-08-24 实测,**NMPC 侧也设成 'self' 会必然坠机**——drop 后控制器继续按幽灵偏心载荷配平,指令 0.424N·m(tau_max 的 85%)作用在空机 J_xx=0.0142 上 = 29.8 rad/s²,而 MHE 10Hz/2s 窗口要 1~2s 才纠得过来,飞机先翻。**正确组合 = MHE 'self' + NMPC 'event'**(控制器是发释放指令的一方,它知道不构成认知作弊)。
[INFO] [1788469690.368517979] [mhe_node]: [c_xy_est] 质量域卸载判据已开:先武装(m_p>0.090kg),再判 m_p<0.03kg 持续 20 帧 -> 释放偏心估计
[INFO] [1788469690.369046709] [mhe_node]: [c_xy] 来源 = 一阶质量矩 s/m_T(窗口内估计,**无稳态门控**),替代窗外 EMA —— 机动中也会更新
[INFO] [1788469690.370027446] [mhe_node]: weight schedule theta = [-4.00, 0.00, 0.00, 0.00], signal mode = residual (residual self-trigger: thresh=1.5N persist=2 baseline_tau=3.0s)
[INFO] [1788469690.374196268] [mhe_node]: MHE node initialized! tau_source=command (roll/pitch NMPC意图值, yaw NMPC意图值), motor_window_avg=False, geom_release_mode=self. Waiting for odometry + control data...
[INFO] [1788469712.673948753] [mhe_node]: [no-signal] baseline settled at 19.97N (quiet 20 frames); detector armed
[INFO] [1788469712.674246500] [mhe_node]: arrival prior seeded: m=2.064 kg (m_nominal prior)
[INFO] [1788469712.674634146] [mhe_node]: [geom] model_geom_on=True (release_mode=self, truth_attached=False) mode=coupled(r_p) -> geom=[ 0.    0.   -0.47] dJ=0.0000 c_xy=[+0.0000,+0.0000] (dJ/c 为按当前 m_est 折算的诊断当量,模型内部随 m 实时生成)
[INFO] [1788469714.581859649] [mhe_node]: MHE mass estimate: 2.056 kg (T_phys=20.04N) | solve=4.3ms (max11.0)
[INFO] [1788469714.582419827] [mhe_node]: [truth] m_hat=2.0560 m_true=2.0643 err=-0.40% | c_hat=[+0.0000,+0.0000] c_true=[+0.0000,+0.0000] | Jxx_hat=0.01420 Jxx_true=0.01420 Jyz_hat=+0.00000 Jyz_true=+0.00000 | s_hat=[+0.0011,+0.0000] s_true=[+0.0000,+0.0000] kg·m
[INFO] [1788469714.582944791] [mhe_node]: [tau_phys] roll=+0.003 pitch=-0.016 Nm
[INFO] [1788469714.583538555] [mhe_node]: [mass-diag] m_est=2.0560 T=20.043N tilt=6.86deg cos=0.99284 | T/g=2.0431 T*cos/g=2.0285 | m_est-T*cos/g=+0.0275kg (+1.35%) vz=+0.074
[INFO] [1788469714.584128110] [mhe_node]: [c_xy_est] cx=+0.0004 cy=+0.0000 m
[INFO] [1788469716.582622580] [mhe_node]: MHE mass estimate: 2.060 kg (T_phys=20.07N) | solve=7.1ms (max13.7)
[INFO] [1788469716.583178390] [mhe_node]: [truth] m_hat=2.0596 m_true=2.0643 err=-0.23% | c_hat=[+0.0000,+0.0000] c_true=[+0.0000,+0.0000] | Jxx_hat=0.01420 Jxx_true=0.01420 Jyz_hat=+0.00000 Jyz_true=+0.00000 | s_hat=[-0.0009,+0.0001] s_true=[+0.0000,+0.0000] kg·m
[INFO] [1788469716.583704435] [mhe_node]: [tau_phys] roll=-0.001 pitch=+0.012 Nm
[INFO] [1788469716.584305210] [mhe_node]: [mass-diag] m_est=2.0596 T=20.069N tilt=1.89deg cos=0.99946 | T/g=2.0458 T*cos/g=2.0447 | m_est-T*cos/g=+0.0149kg (+0.73%) vz=+0.024
[INFO] [1788469716.584893459] [mhe_node]: [c_xy_est] cx=-0.0004 cy=+0.0000 m
[INFO] [1788469718.579271708] [mhe_node]: MHE mass estimate: 2.060 kg (T_phys=20.27N) | solve=4.8ms (max6.8)
[INFO] [1788469718.579824814] [mhe_node]: [truth] m_hat=2.0597 m_true=2.0643 err=-0.22% | c_hat=[+0.0000,+0.0000] c_true=[+0.0000,+0.0000] | Jxx_hat=0.01420 Jxx_true=0.01420 Jyz_hat=+0.00000 Jyz_true=+0.00000 | s_hat=[-0.0000,-0.0000] s_true=[+0.0000,+0.0000] kg·m
[INFO] [1788469718.580345604] [mhe_node]: [tau_phys] roll=-0.002 pitch=+0.000 Nm
[INFO] [1788469718.580937436] [mhe_node]: [mass-diag] m_est=2.0597 T=20.275N tilt=0.26deg cos=0.99999 | T/g=2.0667 T*cos/g=2.0667 | m_est-T*cos/g=-0.0070kg (-0.34%) vz=-0.013
[INFO] [1788469718.581524582] [mhe_node]: [c_xy_est] cx=-0.0000 cy=-0.0000 m
[INFO] [1788469720.173971398] [mhe_node]: [no-signal] mass mutation self-detected at frame 94: T_phys=18.13N vs baseline 20.06N (dev 1.93N > 1.5N over 2 frames, direction=DROP); de-weighting pre-event stages
[INFO] [1788469720.175125440] [mhe_node]: event transition started: pre-event stages de-weighted
[INFO] [1788469720.580093322] [mhe_node]: MHE mass estimate: 2.025 kg (T_phys=18.54N) | solve=4.0ms (max7.8)
[INFO] [1788469720.580646715] [mhe_node]: [truth] m_hat=2.0249 m_true=2.0643 err=-1.91% | c_hat=[+0.0000,+0.0000] c_true=[+0.0000,+0.0000] | Jxx_hat=0.01420 Jxx_true=0.01420 Jyz_hat=+0.00000 Jyz_true=+0.00000 | s_hat=[+0.0002,+0.0000] s_true=[+0.0000,+0.0000] kg·m
[INFO] [1788469720.581175543] [mhe_node]: [tau_phys] roll=+0.002 pitch=-0.005 Nm
[INFO] [1788469720.581769492] [mhe_node]: [mass-diag] m_est=2.0249 T=18.538N tilt=0.08deg cos=1.00000 | T/g=1.8897 T*cos/g=1.8897 | m_est-T*cos/g=+0.1352kg (+7.16%) vz=-0.610
[INFO] [1788469720.582359270] [mhe_node]: [c_xy_est] cx=+0.0001 cy=+0.0000 m
[INFO] [1788469722.074835401] [mhe_node]: event transition ended: nominal weights restored
[INFO] [1788469722.579700187] [mhe_node]: MHE mass estimate: 2.054 kg (T_phys=20.31N) | solve=4.2ms (max6.2)
[INFO] [1788469722.580249380] [mhe_node]: [truth] m_hat=2.0542 m_true=2.0643 err=-0.49% | c_hat=[+0.0000,+0.0000] c_true=[+0.0000,+0.0000] | Jxx_hat=0.01420 Jxx_true=0.01420 Jyz_hat=+0.00000 Jyz_true=+0.00000 | s_hat=[+0.0000,+0.0000] s_true=[+0.0000,+0.0000] kg·m
[INFO] [1788469722.580774629] [mhe_node]: [tau_phys] roll=+0.001 pitch=+0.003 Nm
[INFO] [1788469722.581365505] [mhe_node]: [mass-diag] m_est=2.0542 T=20.306N tilt=0.22deg cos=0.99999 | T/g=2.0700 T*cos/g=2.0699 | m_est-T*cos/g=-0.0157kg (-0.76%) vz=-0.072
[INFO] [1788469722.581949510] [mhe_node]: [c_xy_est] cx=+0.0000 cy=+0.0000 m
[INFO] [1788469724.173955566] [mhe_node]: [no-signal] baseline settled at 20.34N (quiet 20 frames); detector armed
[INFO] [1788469724.578770697] [mhe_node]: MHE mass estimate: 2.065 kg (T_phys=20.38N) | solve=4.3ms (max8.1)
[INFO] [1788469724.579347694] [mhe_node]: [truth] m_hat=2.0650 m_true=2.0643 err=+0.03% | c_hat=[+0.0000,+0.0000] c_true=[+0.0000,+0.0000] | Jxx_hat=0.01420 Jxx_true=0.01420 Jyz_hat=+0.00000 Jyz_true=+0.00000 | s_hat=[-0.0000,+0.0000] s_true=[+0.0000,+0.0000] kg·m
[INFO] [1788469724.579876107] [mhe_node]: [tau_phys] roll=+0.001 pitch=-0.001 Nm
[INFO] [1788469724.580541586] [mhe_node]: [mass-diag] m_est=2.0650 T=20.380N tilt=0.18deg cos=1.00000 | T/g=2.0775 T*cos/g=2.0775 | m_est-T*cos/g=-0.0125kg (-0.60%) vz=+0.014
[INFO] [1788469724.581127963] [mhe_node]: [c_xy_est] cx=-0.0000 cy=+0.0000 m
[INFO] [1788469726.578356379] [mhe_node]: MHE mass estimate: 2.059 kg (T_phys=20.23N) | solve=3.5ms (max4.6)
[INFO] [1788469726.578906978] [mhe_node]: [truth] m_hat=2.0594 m_true=2.0643 err=-0.24% | c_hat=[+0.0000,+0.0000] c_true=[+0.0000,+0.0000] | Jxx_hat=0.01420 Jxx_true=0.01420 Jyz_hat=+0.00000 Jyz_true=+0.00000 | s_hat=[-0.0001,+0.0000] s_true=[+0.0000,+0.0000] kg·m
[INFO] [1788469726.579429059] [mhe_node]: [tau_phys] roll=+0.000 pitch=+0.001 Nm
[INFO] [1788469726.580020710] [mhe_node]: [mass-diag] m_est=2.0594 T=20.231N tilt=0.07deg cos=1.00000 | T/g=2.0623 T*cos/g=2.0623 | m_est-T*cos/g=-0.0029kg (-0.14%) vz=-0.015
[INFO] [1788469726.580596187] [mhe_node]: [c_xy_est] cx=-0.0000 cy=+0.0000 m
[INFO] [1788469728.578316414] [mhe_node]: MHE mass estimate: 2.061 kg (T_phys=20.24N) | solve=3.6ms (max5.2)
[INFO] [1788469728.578863951] [mhe_node]: [truth] m_hat=2.0611 m_true=2.0643 err=-0.16% | c_hat=[+0.0000,+0.0000] c_true=[+0.0000,+0.0000] | Jxx_hat=0.01420 Jxx_true=0.01420 Jyz_hat=+0.00000 Jyz_true=+0.00000 | s_hat=[+0.0001,+0.0001] s_true=[+0.0000,+0.0000] kg·m
[INFO] [1788469728.579383784] [mhe_node]: [tau_phys] roll=+0.001 pitch=-0.001 Nm
[INFO] [1788469728.579985386] [mhe_node]: [mass-diag] m_est=2.0611 T=20.240N tilt=0.26deg cos=0.99999 | T/g=2.0632 T*cos/g=2.0632 | m_est-T*cos/g=-0.0021kg (-0.10%) vz=-0.019
[INFO] [1788469728.580566521] [mhe_node]: [c_xy_est] cx=+0.0000 cy=+0.0000 m
[INFO] [1788469730.584844705] [mhe_node]: MHE mass estimate: 2.034 kg (T_phys=19.72N) | solve=7.6ms (max15.9)
[INFO] [1788469730.585382242] [mhe_node]: [truth] m_hat=2.0335 m_true=2.0643 err=-1.49% | c_hat=[+0.0000,+0.0000] c_true=[+0.0000,+0.0000] | Jxx_hat=0.01420 Jxx_true=0.01420 Jyz_hat=+0.00000 Jyz_true=+0.00000 | s_hat=[+0.0034,+0.0029] s_true=[+0.0000,+0.0000] kg·m
[INFO] [1788469730.585902342] [mhe_node]: [tau_phys] roll=+0.007 pitch=-0.099 Nm
[INFO] [1788469730.586491513] [mhe_node]: [mass-diag] m_est=2.0335 T=19.718N tilt=0.24deg cos=0.99999 | T/g=2.0100 T*cos/g=2.0100 | m_est-T*cos/g=+0.0235kg (+1.17%) vz=-0.006
[INFO] [1788469730.587071912] [mhe_node]: [c_xy_est] cx=+0.0014 cy=+0.0015 m
[INFO] [1788469731.774047378] [mhe_node]: [no-signal] mass mutation self-detected at frame 210: T_phys=22.41N vs baseline 20.12N (dev 2.29N > 1.5N over 2 frames, direction=ATTACH); de-weighting pre-event stages
[INFO] [1788469731.774204188] [mhe_node]: [payload-state] EMPTY->LOADED (attach, m_p=-0.059kg)
[INFO] [1788469731.774924131] [mhe_node]: event transition started: pre-event stages de-weighted
[INFO] [1788469732.582416977] [mhe_node]: MHE mass estimate: 2.359 kg (T_phys=23.65N) | solve=10.4ms (max19.0)
[INFO] [1788469732.582986106] [mhe_node]: [truth] m_hat=2.3591 m_true=2.0643 err=+14.28% | c_hat=[+0.0000,+0.0000] c_true=[+0.0000,+0.0000] | Jxx_hat=0.01420 Jxx_true=0.01420 Jyz_hat=+0.00000 Jyz_true=+0.00000 | s_hat=[-0.0038,-0.0367] s_true=[+0.0000,+0.0000] kg·m
[INFO] [1788469732.583504527] [mhe_node]: [tau_phys] roll=-0.314 pitch=+0.058 Nm
[INFO] [1788469732.584094112] [mhe_node]: [mass-diag] m_est=2.3591 T=23.647N tilt=1.19deg cos=0.99978 | T/g=2.4105 T*cos/g=2.4100 | m_est-T*cos/g=-0.0510kg (-2.11%) vz=+0.548
[INFO] [1788469732.584673542] [mhe_node]: [c_xy_est] cx=-0.0018 cy=-0.0146 m
[INFO] [1788469733.674753193] [mhe_node]: event transition ended: nominal weights restored
[INFO] [1788469733.873986844] [mhe_node]: [c_xy_est] 质量域判据已武装(m_p=0.269kg 连续20帧高于水位)
[INFO] [1788469734.578876132] [mhe_node]: MHE mass estimate: 2.372 kg (T_phys=23.89N) | solve=8.4ms (max13.7)
[INFO] [1788469734.579289447] [mhe_node]: [truth] m_hat=2.3724 m_true=2.0643 err=+14.93% | c_hat=[+0.0000,+0.0000] c_true=[+0.0000,+0.0000] | Jxx_hat=0.01420 Jxx_true=0.01420 Jyz_hat=+0.00000 Jyz_true=+0.00000 | s_hat=[-0.0057,-0.0382] s_true=[+0.0000,+0.0000] kg·m
[INFO] [1788469734.579658668] [mhe_node]: [tau_phys] roll=-0.376 pitch=+0.020 Nm
[INFO] [1788469734.580079348] [mhe_node]: [mass-diag] m_est=2.3724 T=23.894N tilt=0.28deg cos=0.99999 | T/g=2.4357 T*cos/g=2.4356 | m_est-T*cos/g=-0.0632kg (-2.60%) vz=+1.133
[INFO] [1788469734.580483221] [mhe_node]: [c_xy_est] cx=-0.0024 cy=-0.0156 m
[INFO] [1788469736.577751666] [mhe_node]: MHE mass estimate: 2.365 kg (T_phys=22.54N) | solve=4.6ms (max8.9)
[INFO] [1788469736.578161490] [mhe_node]: [truth] m_hat=2.3651 m_true=2.0643 err=+14.57% | c_hat=[+0.0000,+0.0000] c_true=[+0.0000,+0.0000] | Jxx_hat=0.01420 Jxx_true=0.01420 Jyz_hat=+0.00000 Jyz_true=+0.00000 | s_hat=[-0.0053,-0.0379] s_true=[+0.0000,+0.0000] kg·m
[INFO] [1788469736.578527953] [mhe_node]: [tau_phys] roll=-0.356 pitch=-0.152 Nm
[INFO] [1788469736.578942564] [mhe_node]: [mass-diag] m_est=2.3651 T=22.536N tilt=0.10deg cos=1.00000 | T/g=2.2972 T*cos/g=2.2972 | m_est-T*cos/g=+0.0679kg (+2.95%) vz=+0.981
[INFO] [1788469736.579346766] [mhe_node]: [c_xy_est] cx=-0.0021 cy=-0.0160 m
[INFO] [1788469738.588388717] [mhe_node]: MHE mass estimate: 2.347 kg (T_phys=21.94N) | solve=7.9ms (max18.2)
[INFO] [1788469738.588957553] [mhe_node]: [truth] m_hat=2.3473 m_true=2.0643 err=+13.71% | c_hat=[+0.0000,+0.0000] c_true=[+0.0000,+0.0000] | Jxx_hat=0.01420 Jxx_true=0.01420 Jyz_hat=+0.00000 Jyz_true=+0.00000 | s_hat=[-0.0051,-0.0354] s_true=[+0.0000,+0.0000] kg·m
[INFO] [1788469738.589479293] [mhe_node]: [tau_phys] roll=-0.358 pitch=+0.705 Nm
[INFO] [1788469738.590075835] [mhe_node]: [mass-diag] m_est=2.3473 T=21.937N tilt=0.74deg cos=0.99992 | T/g=2.2362 T*cos/g=2.2360 | m_est-T*cos/g=+0.1113kg (+4.98%) vz=+0.237
[INFO] [1788469738.590657457] [mhe_node]: [c_xy_est] cx=-0.0021 cy=-0.0151 m
[INFO] [1788469740.592328783] [mhe_node]: MHE mass estimate: 2.303 kg (T_phys=22.86N) | solve=18.8ms (max30.5)
[INFO] [1788469740.593018291] [mhe_node]: [truth] m_hat=2.3034 m_true=2.0643 err=+11.58% | c_hat=[+0.0000,+0.0000] c_true=[+0.0000,+0.0000] | Jxx_hat=0.01420 Jxx_true=0.01420 Jyz_hat=+0.00000 Jyz_true=+0.00000 | s_hat=[-0.0028,-0.0284] s_true=[+0.0000,+0.0000] kg·m
[INFO] [1788469740.593534403] [mhe_node]: [tau_phys] roll=-0.391 pitch=-0.668 Nm
[INFO] [1788469740.594122789] [mhe_node]: [mass-diag] m_est=2.3034 T=22.857N tilt=0.32deg cos=0.99998 | T/g=2.3300 T*cos/g=2.3300 | m_est-T*cos/g=-0.0266kg (-1.14%) vz=-0.037
[INFO] [1788469740.594704180] [mhe_node]: [c_xy_est] cx=-0.0014 cy=-0.0123 m
[INFO] [1788469741.073998915] [mhe_node]: [no-signal] baseline settled at 22.72N (quiet 20 frames); detector armed
[INFO] [1788469742.581698138] [mhe_node]: MHE mass estimate: 2.328 kg (T_phys=23.07N) | solve=16.9ms (max25.6)
[INFO] [1788469742.582112059] [mhe_node]: [truth] m_hat=2.3279 m_true=2.0643 err=+12.77% | c_hat=[+0.0000,+0.0000] c_true=[+0.0000,+0.0000] | Jxx_hat=0.01420 Jxx_true=0.01420 Jyz_hat=+0.00000 Jyz_true=+0.00000 | s_hat=[-0.0016,-0.0334] s_true=[+0.0000,+0.0000] kg·m
[INFO] [1788469742.582478745] [mhe_node]: [tau_phys] roll=-0.362 pitch=+0.710 Nm
[INFO] [1788469742.582894318] [mhe_node]: [mass-diag] m_est=2.3279 T=23.069N tilt=0.46deg cos=0.99997 | T/g=2.3516 T*cos/g=2.3515 | m_est-T*cos/g=-0.0236kg (-1.00%) vz=+0.002
[INFO] [1788469742.583297298] [mhe_node]: [c_xy_est] cx=-0.0008 cy=-0.0144 m
[INFO] [1788469744.592116154] [mhe_node]: MHE mass estimate: 2.307 kg (T_phys=24.35N) | solve=15.9ms (max22.5)
[INFO] [1788469744.592678681] [mhe_node]: [truth] m_hat=2.3073 m_true=2.0643 err=+11.77% | c_hat=[+0.0000,+0.0000] c_true=[+0.0000,+0.0000] | Jxx_hat=0.01420 Jxx_true=0.01420 Jyz_hat=+0.00000 Jyz_true=+0.00000 | s_hat=[-0.0082,-0.0310] s_true=[+0.0000,+0.0000] kg·m
[INFO] [1788469744.593201154] [mhe_node]: [tau_phys] roll=-0.172 pitch=-1.293 Nm
[INFO] [1788469744.593792640] [mhe_node]: [mass-diag] m_est=2.3073 T=24.347N tilt=1.85deg cos=0.99948 | T/g=2.4819 T*cos/g=2.4806 | m_est-T*cos/g=-0.1732kg (-6.98%) vz=-0.088
[INFO] [1788469744.594373757] [mhe_node]: [c_xy_est] cx=-0.0031 cy=-0.0137 m
[INFO] [1788469746.598682971] [mhe_node]: MHE mass estimate: 2.285 kg (T_phys=22.91N) | solve=19.1ms (max29.4)
[INFO] [1788469746.599256576] [mhe_node]: [truth] m_hat=2.2854 m_true=2.0643 err=+10.71% | c_hat=[+0.0000,+0.0000] c_true=[+0.0000,+0.0000] | Jxx_hat=0.01420 Jxx_true=0.01420 Jyz_hat=+0.00000 Jyz_true=+0.00000 | s_hat=[+0.0035,-0.0285] s_true=[+0.0000,+0.0000] kg·m
[INFO] [1788469746.599783525] [mhe_node]: [tau_phys] roll=-0.315 pitch=-0.167 Nm
[INFO] [1788469746.600365790] [mhe_node]: [mass-diag] m_est=2.2854 T=22.911N tilt=6.34deg cos=0.99388 | T/g=2.3355 T*cos/g=2.3212 | m_est-T*cos/g=-0.0357kg (-1.54%) vz=+0.112
[INFO] [1788469746.600946174] [mhe_node]: [c_xy_est] cx=+0.0018 cy=-0.0124 m
[INFO] [1788469748.589094915] [mhe_node]: MHE mass estimate: 2.328 kg (T_phys=23.17N) | solve=15.5ms (max24.7)
[INFO] [1788469748.589659475] [mhe_node]: [truth] m_hat=2.3281 m_true=2.0643 err=+12.78% | c_hat=[+0.0000,+0.0000] c_true=[+0.0000,+0.0000] | Jxx_hat=0.01420 Jxx_true=0.01420 Jyz_hat=+0.00000 Jyz_true=+0.00000 | s_hat=[+0.0001,-0.0383] s_true=[+0.0000,+0.0000] kg·m
[INFO] [1788469748.590183191] [mhe_node]: [tau_phys] roll=-0.407 pitch=+0.148 Nm
[INFO] [1788469748.590773357] [mhe_node]: [mass-diag] m_est=2.3281 T=23.173N tilt=7.77deg cos=0.99082 | T/g=2.3621 T*cos/g=2.3404 | m_est-T*cos/g=-0.0124kg (-0.53%) vz=+0.180
[INFO] [1788469748.591360693] [mhe_node]: [c_xy_est] cx=-0.0002 cy=-0.0163 m
[INFO] [1788469750.584302366] [mhe_node]: MHE mass estimate: 2.332 kg (T_phys=23.01N) | solve=10.6ms (max20.1)
[INFO] [1788469750.584859375] [mhe_node]: [truth] m_hat=2.3323 m_true=2.0643 err=+12.98% | c_hat=[+0.0000,+0.0000] c_true=[+0.0000,+0.0000] | Jxx_hat=0.01420 Jxx_true=0.01420 Jyz_hat=+0.00000 Jyz_true=+0.00000 | s_hat=[-0.0066,-0.0400] s_true=[+0.0000,+0.0000] kg·m
[INFO] [1788469750.585372068] [mhe_node]: [tau_phys] roll=-0.325 pitch=+0.201 Nm
[INFO] [1788469750.585958280] [mhe_node]: [mass-diag] m_est=2.3323 T=23.007N tilt=7.96deg cos=0.99037 | T/g=2.3452 T*cos/g=2.3226 | m_est-T*cos/g=+0.0097kg (+0.42%) vz=+0.021
[INFO] [1788469750.586538351] [mhe_node]: [c_xy_est] cx=-0.0026 cy=-0.0173 m
[INFO] [1788469752.586911086] [mhe_node]: MHE mass estimate: 2.338 kg (T_phys=23.41N) | solve=13.9ms (max21.0)
[INFO] [1788469752.587473316] [mhe_node]: [truth] m_hat=2.3376 m_true=2.0643 err=+13.24% | c_hat=[+0.0000,+0.0000] c_true=[+0.0000,+0.0000] | Jxx_hat=0.01420 Jxx_true=0.01420 Jyz_hat=+0.00000 Jyz_true=+0.00000 | s_hat=[-0.0096,-0.0373] s_true=[+0.0000,+0.0000] kg·m
[INFO] [1788469752.588000376] [mhe_node]: [tau_phys] roll=-0.412 pitch=+0.214 Nm
[INFO] [1788469752.588587543] [mhe_node]: [mass-diag] m_est=2.3376 T=23.408N tilt=12.58deg cos=0.97598 | T/g=2.3861 T*cos/g=2.3288 | m_est-T*cos/g=+0.0088kg (+0.38%) vz=-0.163
[INFO] [1788469752.589171044] [mhe_node]: [c_xy_est] cx=-0.0041 cy=-0.0159 m
[INFO] [1788469754.586093738] [mhe_node]: MHE mass estimate: 2.313 kg (T_phys=22.53N) | solve=16.1ms (max23.5)
[INFO] [1788469754.586654102] [mhe_node]: [truth] m_hat=2.3127 m_true=2.0643 err=+12.03% | c_hat=[+0.0000,+0.0000] c_true=[+0.0000,+0.0000] | Jxx_hat=0.01420 Jxx_true=0.01420 Jyz_hat=+0.00000 Jyz_true=+0.00000 | s_hat=[-0.0033,-0.0327] s_true=[+0.0000,+0.0000] kg·m
[INFO] [1788469754.587176515] [mhe_node]: [tau_phys] roll=-0.363 pitch=-0.640 Nm
[INFO] [1788469754.587767294] [mhe_node]: [mass-diag] m_est=2.3127 T=22.535N tilt=4.86deg cos=0.99640 | T/g=2.2971 T*cos/g=2.2889 | m_est-T*cos/g=+0.0238kg (+1.04%) vz=-0.250
[INFO] [1788469754.588350662] [mhe_node]: [c_xy_est] cx=-0.0014 cy=-0.0143 m
[INFO] [1788469756.590322351] [mhe_node]: MHE mass estimate: 2.311 kg (T_phys=23.14N) | solve=14.5ms (max22.2)
[INFO] [1788469756.590896903] [mhe_node]: [truth] m_hat=2.3112 m_true=2.0643 err=+11.96% | c_hat=[+0.0000,+0.0000] c_true=[+0.0000,+0.0000] | Jxx_hat=0.01420 Jxx_true=0.01420 Jyz_hat=+0.00000 Jyz_true=+0.00000 | s_hat=[-0.0180,-0.0288] s_true=[+0.0000,+0.0000] kg·m
[INFO] [1788469756.591418481] [mhe_node]: [tau_phys] roll=-0.352 pitch=-0.492 Nm
[INFO] [1788469756.592010049] [mhe_node]: [mass-diag] m_est=2.3112 T=23.138N tilt=5.37deg cos=0.99561 | T/g=2.3586 T*cos/g=2.3482 | m_est-T*cos/g=-0.0371kg (-1.58%) vz=-0.220
[INFO] [1788469756.592592948] [mhe_node]: [c_xy_est] cx=-0.0066 cy=-0.0122 m
[INFO] [1788469758.586267560] [mhe_node]: MHE mass estimate: 2.332 kg (T_phys=23.41N) | solve=13.7ms (max19.7)
[INFO] [1788469758.586986241] [mhe_node]: [truth] m_hat=2.3316 m_true=2.0643 err=+12.95% | c_hat=[+0.0000,+0.0000] c_true=[+0.0000,+0.0000] | Jxx_hat=0.01420 Jxx_true=0.01420 Jyz_hat=+0.00000 Jyz_true=+0.00000 | s_hat=[-0.0238,-0.0329] s_true=[+0.0000,+0.0000] kg·m
[INFO] [1788469758.587510055] [mhe_node]: [tau_phys] roll=-0.345 pitch=+0.674 Nm
[INFO] [1788469758.588102057] [mhe_node]: [mass-diag] m_est=2.3316 T=23.409N tilt=9.80deg cos=0.98540 | T/g=2.3862 T*cos/g=2.3514 | m_est-T*cos/g=-0.0198kg (-0.84%) vz=-0.091
[INFO] [1788469758.588681728] [mhe_node]: [c_xy_est] cx=-0.0102 cy=-0.0142 m
[INFO] [1788469760.587193618] [mhe_node]: MHE mass estimate: 2.326 kg (T_phys=23.13N) | solve=13.8ms (max19.9)
[INFO] [1788469760.587770207] [mhe_node]: [truth] m_hat=2.3263 m_true=2.0643 err=+12.69% | c_hat=[+0.0000,+0.0000] c_true=[+0.0000,+0.0000] | Jxx_hat=0.01420 Jxx_true=0.01420 Jyz_hat=+0.00000 Jyz_true=+0.00000 | s_hat=[-0.0162,-0.0331] s_true=[+0.0000,+0.0000] kg·m
[INFO] [1788469760.588294930] [mhe_node]: [tau_phys] roll=-0.388 pitch=+0.687 Nm
[INFO] [1788469760.588883739] [mhe_node]: [mass-diag] m_est=2.3263 T=23.127N tilt=4.81deg cos=0.99648 | T/g=2.3575 T*cos/g=2.3492 | m_est-T*cos/g=-0.0229kg (-0.98%) vz=-0.000
[INFO] [1788469760.589466195] [mhe_node]: [c_xy_est] cx=-0.0069 cy=-0.0144 m
[INFO] [1788469762.591083723] [mhe_node]: MHE mass estimate: 2.293 kg (T_phys=23.44N) | solve=15.8ms (max25.8)
[INFO] [1788469762.591653172] [mhe_node]: [truth] m_hat=2.2934 m_true=2.0643 err=+11.10% | c_hat=[+0.0000,+0.0000] c_true=[+0.0000,+0.0000] | Jxx_hat=0.01420 Jxx_true=0.01420 Jyz_hat=+0.00000 Jyz_true=+0.00000 | s_hat=[-0.0050,-0.0264] s_true=[+0.0000,+0.0000] kg·m
[INFO] [1788469762.592178913] [mhe_node]: [tau_phys] roll=-0.183 pitch=+0.014 Nm
[INFO] [1788469762.592768709] [mhe_node]: [mass-diag] m_est=2.2934 T=23.441N tilt=8.80deg cos=0.98822 | T/g=2.3895 T*cos/g=2.3613 | m_est-T*cos/g=-0.0679kg (-2.88%) vz=+0.081
[INFO] [1788469762.593343787] [mhe_node]: [c_xy_est] cx=-0.0023 cy=-0.0114 m
[INFO] [1788469764.592138052] [mhe_node]: MHE mass estimate: 2.285 kg (T_phys=22.77N) | solve=16.0ms (max20.8)
[INFO] [1788469764.592708396] [mhe_node]: [truth] m_hat=2.2849 m_true=2.0643 err=+10.68% | c_hat=[+0.0000,+0.0000] c_true=[+0.0000,+0.0000] | Jxx_hat=0.01420 Jxx_true=0.01420 Jyz_hat=+0.00000 Jyz_true=+0.00000 | s_hat=[-0.0155,-0.0274] s_true=[+0.0000,+0.0000] kg·m
[INFO] [1788469764.593237019] [mhe_node]: [tau_phys] roll=-0.318 pitch=-0.498 Nm
[INFO] [1788469764.593830986] [mhe_node]: [mass-diag] m_est=2.2849 T=22.773N tilt=8.97deg cos=0.98778 | T/g=2.3214 T*cos/g=2.2931 | m_est-T*cos/g=-0.0082kg (-0.36%) vz=+0.200
[INFO] [1788469764.594412413] [mhe_node]: [c_xy_est] cx=-0.0063 cy=-0.0119 m
[INFO] [1788469766.589944219] [mhe_node]: MHE mass estimate: 2.295 kg (T_phys=22.76N) | solve=15.9ms (max22.4)
[INFO] [1788469766.590510559] [mhe_node]: [truth] m_hat=2.2947 m_true=2.0643 err=+11.16% | c_hat=[+0.0000,+0.0000] c_true=[+0.0000,+0.0000] | Jxx_hat=0.01420 Jxx_true=0.01420 Jyz_hat=+0.00000 Jyz_true=+0.00000 | s_hat=[-0.0149,-0.0299] s_true=[+0.0000,+0.0000] kg·m
[INFO] [1788469766.591035585] [mhe_node]: [tau_phys] roll=-0.428 pitch=-0.930 Nm
[INFO] [1788469766.591626867] [mhe_node]: [mass-diag] m_est=2.2947 T=22.761N tilt=1.73deg cos=0.99954 | T/g=2.3202 T*cos/g=2.3191 | m_est-T*cos/g=-0.0244kg (-1.05%) vz=+0.227
[INFO] [1788469766.592213618] [mhe_node]: [c_xy_est] cx=-0.0053 cy=-0.0130 m
[INFO] [1788469768.592405548] [mhe_node]: MHE mass estimate: 2.330 kg (T_phys=23.09N) | solve=16.8ms (max23.1)
[INFO] [1788469768.592966636] [mhe_node]: [truth] m_hat=2.3304 m_true=2.0643 err=+12.89% | c_hat=[+0.0000,+0.0000] c_true=[+0.0000,+0.0000] | Jxx_hat=0.01420 Jxx_true=0.01420 Jyz_hat=+0.00000 Jyz_true=+0.00000 | s_hat=[-0.0137,-0.0357] s_true=[+0.0000,+0.0000] kg·m
[INFO] [1788469768.593483260] [mhe_node]: [tau_phys] roll=-0.334 pitch=+0.380 Nm
[INFO] [1788469768.594062150] [mhe_node]: [mass-diag] m_est=2.3304 T=23.095N tilt=8.76deg cos=0.98834 | T/g=2.3542 T*cos/g=2.3268 | m_est-T*cos/g=+0.0036kg (+0.16%) vz=+0.194
[INFO] [1788469768.594635984] [mhe_node]: [c_xy_est] cx=-0.0056 cy=-0.0152 m
[INFO] [1788469770.587080190] [mhe_node]: MHE mass estimate: 2.320 kg (T_phys=22.56N) | solve=15.9ms (max23.0)
[INFO] [1788469770.587640043] [mhe_node]: [truth] m_hat=2.3202 m_true=2.0643 err=+12.40% | c_hat=[+0.0000,+0.0000] c_true=[+0.0000,+0.0000] | Jxx_hat=0.01420 Jxx_true=0.01420 Jyz_hat=+0.00000 Jyz_true=+0.00000 | s_hat=[-0.0069,-0.0341] s_true=[+0.0000,+0.0000] kg·m
[INFO] [1788469770.588180480] [mhe_node]: [tau_phys] roll=-0.393 pitch=-0.171 Nm
[INFO] [1788469770.588783166] [mhe_node]: [mass-diag] m_est=2.3202 T=22.564N tilt=7.64deg cos=0.99111 | T/g=2.3001 T*cos/g=2.2796 | m_est-T*cos/g=+0.0406kg (+1.78%) vz=+0.072
[INFO] [1788469770.589362632] [mhe_node]: [c_xy_est] cx=-0.0033 cy=-0.0147 m
[INFO] [1788469772.591462095] [mhe_node]: MHE mass estimate: 2.309 kg (T_phys=22.67N) | solve=15.6ms (max20.2)
[INFO] [1788469772.592033603] [mhe_node]: [truth] m_hat=2.3092 m_true=2.0643 err=+11.87% | c_hat=[+0.0000,+0.0000] c_true=[+0.0000,+0.0000] | Jxx_hat=0.01420 Jxx_true=0.01420 Jyz_hat=+0.00000 Jyz_true=+0.00000 | s_hat=[-0.0103,-0.0320] s_true=[+0.0000,+0.0000] kg·m
[INFO] [1788469772.592559106] [mhe_node]: [tau_phys] roll=-0.386 pitch=+0.010 Nm
[INFO] [1788469772.593155324] [mhe_node]: [mass-diag] m_est=2.3092 T=22.665N tilt=5.45deg cos=0.99548 | T/g=2.3104 T*cos/g=2.3000 | m_est-T*cos/g=+0.0092kg (+0.40%) vz=-0.050
[INFO] [1788469772.593750504] [mhe_node]: [c_xy_est] cx=-0.0042 cy=-0.0137 m
[INFO] [1788469774.591162776] [mhe_node]: MHE mass estimate: 2.311 kg (T_phys=23.23N) | solve=17.1ms (max24.2)
[INFO] [1788469774.591745836] [mhe_node]: [truth] m_hat=2.3111 m_true=2.0643 err=+11.96% | c_hat=[+0.0000,+0.0000] c_true=[+0.0000,+0.0000] | Jxx_hat=0.01420 Jxx_true=0.01420 Jyz_hat=+0.00000 Jyz_true=+0.00000 | s_hat=[+0.0013,-0.0342] s_true=[+0.0000,+0.0000] kg·m
[INFO] [1788469774.592270469] [mhe_node]: [tau_phys] roll=-0.345 pitch=+0.845 Nm
[INFO] [1788469774.592864622] [mhe_node]: [mass-diag] m_est=2.3111 T=23.226N tilt=10.30deg cos=0.98388 | T/g=2.3676 T*cos/g=2.3294 | m_est-T*cos/g=-0.0183kg (-0.79%) vz=-0.161
[INFO] [1788469774.593450781] [mhe_node]: [c_xy_est] cx=-0.0000 cy=-0.0148 m
[INFO] [1788469776.600326153] [mhe_node]: MHE mass estimate: 2.298 kg (T_phys=22.35N) | solve=15.1ms (max25.5)
[INFO] [1788469776.601032204] [mhe_node]: [truth] m_hat=2.2979 m_true=2.0643 err=+11.31% | c_hat=[+0.0000,+0.0000] c_true=[+0.0000,+0.0000] | Jxx_hat=0.01420 Jxx_true=0.01420 Jyz_hat=+0.00000 Jyz_true=+0.00000 | s_hat=[-0.0049,-0.0297] s_true=[+0.0000,+0.0000] kg·m
[INFO] [1788469776.601557986] [mhe_node]: [tau_phys] roll=-0.359 pitch=-0.111 Nm
[INFO] [1788469776.602152738] [mhe_node]: [mass-diag] m_est=2.2979 T=22.346N tilt=6.18deg cos=0.99418 | T/g=2.2779 T*cos/g=2.2646 | m_est-T*cos/g=+0.0332kg (+1.47%) vz=-0.217
[INFO] [1788469776.602742269] [mhe_node]: [c_xy_est] cx=-0.0016 cy=-0.0134 m
[INFO] [1788469778.588169568] [mhe_node]: MHE mass estimate: 2.331 kg (T_phys=23.12N) | solve=19.2ms (max31.0)
[INFO] [1788469778.588746073] [mhe_node]: [truth] m_hat=2.3313 m_true=2.0643 err=+12.94% | c_hat=[+0.0000,+0.0000] c_true=[+0.0000,+0.0000] | Jxx_hat=0.01420 Jxx_true=0.01420 Jyz_hat=+0.00000 Jyz_true=+0.00000 | s_hat=[-0.0179,-0.0314] s_true=[+0.0000,+0.0000] kg·m
[INFO] [1788469778.589268734] [mhe_node]: [tau_phys] roll=-0.344 pitch=+0.240 Nm
[INFO] [1788469778.589858974] [mhe_node]: [mass-diag] m_est=2.3313 T=23.123N tilt=4.65deg cos=0.99671 | T/g=2.3571 T*cos/g=2.3493 | m_est-T*cos/g=-0.0180kg (-0.76%) vz=-0.196
[INFO] [1788469778.590434425] [mhe_node]: [c_xy_est] cx=-0.0073 cy=-0.0134 m
[INFO] [1788469780.587309869] [mhe_node]: MHE mass estimate: 2.334 kg (T_phys=23.23N) | solve=11.6ms (max15.7)
[INFO] [1788469780.587891433] [mhe_node]: [truth] m_hat=2.3339 m_true=2.0643 err=+13.06% | c_hat=[+0.0000,+0.0000] c_true=[+0.0000,+0.0000] | Jxx_hat=0.01420 Jxx_true=0.01420 Jyz_hat=+0.00000 Jyz_true=+0.00000 | s_hat=[-0.0177,-0.0323] s_true=[+0.0000,+0.0000] kg·m
[INFO] [1788469780.588409177] [mhe_node]: [tau_phys] roll=-0.394 pitch=-0.662 Nm
[INFO] [1788469780.589006160] [mhe_node]: [mass-diag] m_est=2.3339 T=23.232N tilt=10.01deg cos=0.98477 | T/g=2.3682 T*cos/g=2.3322 | m_est-T*cos/g=+0.0018kg (+0.08%) vz=-0.118
[INFO] [1788469780.589590020] [mhe_node]: [c_xy_est] cx=-0.0074 cy=-0.0139 m
[INFO] [1788469782.588191015] [mhe_node]: MHE mass estimate: 2.313 kg (T_phys=22.92N) | solve=15.9ms (max24.3)
[INFO] [1788469782.588762660] [mhe_node]: [truth] m_hat=2.3130 m_true=2.0643 err=+12.05% | c_hat=[+0.0000,+0.0000] c_true=[+0.0000,+0.0000] | Jxx_hat=0.01420 Jxx_true=0.01420 Jyz_hat=+0.00000 Jyz_true=+0.00000 | s_hat=[-0.0141,-0.0297] s_true=[+0.0000,+0.0000] kg·m
[INFO] [1788469782.589283329] [mhe_node]: [tau_phys] roll=-0.375 pitch=-0.699 Nm
[INFO] [1788469782.589878465] [mhe_node]: [mass-diag] m_est=2.3130 T=22.917N tilt=6.06deg cos=0.99441 | T/g=2.3361 T*cos/g=2.3231 | m_est-T*cos/g=-0.0100kg (-0.43%) vz=-0.005
[INFO] [1788469782.590460851] [mhe_node]: [c_xy_est] cx=-0.0062 cy=-0.0129 m
[INFO] [1788469784.600463810] [mhe_node]: MHE mass estimate: 2.302 kg (T_phys=22.92N) | solve=16.3ms (max25.6)
[INFO] [1788469784.601037927] [mhe_node]: [truth] m_hat=2.3024 m_true=2.0643 err=+11.53% | c_hat=[+0.0000,+0.0000] c_true=[+0.0000,+0.0000] | Jxx_hat=0.01420 Jxx_true=0.01420 Jyz_hat=+0.00000 Jyz_true=+0.00000 | s_hat=[-0.0160,-0.0304] s_true=[+0.0000,+0.0000] kg·m
[INFO] [1788469784.601567415] [mhe_node]: [tau_phys] roll=-0.395 pitch=-0.393 Nm
[INFO] [1788469784.602165467] [mhe_node]: [mass-diag] m_est=2.3024 T=22.917N tilt=7.93deg cos=0.99043 | T/g=2.3361 T*cos/g=2.3137 | m_est-T*cos/g=-0.0114kg (-0.49%) vz=+0.115
[INFO] [1788469784.602752686] [mhe_node]: [c_xy_est] cx=-0.0067 cy=-0.0133 m
[INFO] [1788469786.586180893] [mhe_node]: MHE mass estimate: 2.307 kg (T_phys=22.74N) | solve=16.0ms (max21.3)
[INFO] [1788469786.586749481] [mhe_node]: [truth] m_hat=2.3072 m_true=2.0643 err=+11.77% | c_hat=[+0.0000,+0.0000] c_true=[+0.0000,+0.0000] | Jxx_hat=0.01420 Jxx_true=0.01420 Jyz_hat=+0.00000 Jyz_true=+0.00000 | s_hat=[-0.0104,-0.0274] s_true=[+0.0000,+0.0000] kg·m
[INFO] [1788469786.587273726] [mhe_node]: [tau_phys] roll=-0.248 pitch=+0.736 Nm
[INFO] [1788469786.587868380] [mhe_node]: [mass-diag] m_est=2.3072 T=22.742N tilt=8.99deg cos=0.98772 | T/g=2.3183 T*cos/g=2.2898 | m_est-T*cos/g=+0.0174kg (+0.76%) vz=+0.227
[INFO] [1788469786.588450089] [mhe_node]: [c_xy_est] cx=-0.0044 cy=-0.0118 m
[INFO] [1788469788.589127184] [mhe_node]: MHE mass estimate: 2.310 kg (T_phys=23.07N) | solve=16.4ms (max22.9)
[INFO] [1788469788.589697929] [mhe_node]: [truth] m_hat=2.3099 m_true=2.0643 err=+11.90% | c_hat=[+0.0000,+0.0000] c_true=[+0.0000,+0.0000] | Jxx_hat=0.01420 Jxx_true=0.01420 Jyz_hat=+0.00000 Jyz_true=+0.00000 | s_hat=[-0.0083,-0.0316] s_true=[+0.0000,+0.0000] kg·m
[INFO] [1788469788.590229099] [mhe_node]: [tau_phys] roll=-0.327 pitch=+0.603 Nm
[INFO] [1788469788.590831175] [mhe_node]: [mass-diag] m_est=2.3099 T=23.069N tilt=1.75deg cos=0.99953 | T/g=2.3515 T*cos/g=2.3504 | m_est-T*cos/g=-0.0405kg (-1.72%) vz=+0.220
[INFO] [1788469788.591419558] [mhe_node]: [c_xy_est] cx=-0.0032 cy=-0.0137 m
[INFO] [1788469790.585236290] [mhe_node]: MHE mass estimate: 2.322 kg (T_phys=23.25N) | solve=15.8ms (max23.8)
[INFO] [1788469790.585654343] [mhe_node]: [truth] m_hat=2.3221 m_true=2.0643 err=+12.49% | c_hat=[+0.0000,+0.0000] c_true=[+0.0000,+0.0000] | Jxx_hat=0.01420 Jxx_true=0.01420 Jyz_hat=+0.00000 Jyz_true=+0.00000 | s_hat=[-0.0197,-0.0338] s_true=[+0.0000,+0.0000] kg·m
[INFO] [1788469790.586022715] [mhe_node]: [tau_phys] roll=-0.435 pitch=-0.300 Nm
[INFO] [1788469790.586442653] [mhe_node]: [mass-diag] m_est=2.3221 T=23.249N tilt=8.17deg cos=0.98986 | T/g=2.3699 T*cos/g=2.3459 | m_est-T*cos/g=-0.0238kg (-1.01%) vz=+0.213
[INFO] [1788469790.586852996] [mhe_node]: [c_xy_est] cx=-0.0086 cy=-0.0144 m
[INFO] [1788469792.591339010] [mhe_node]: MHE mass estimate: 2.308 kg (T_phys=22.57N) | solve=18.5ms (max25.2)
[INFO] [1788469792.591922713] [mhe_node]: [truth] m_hat=2.3082 m_true=2.0643 err=+11.81% | c_hat=[+0.0000,+0.0000] c_true=[+0.0000,+0.0000] | Jxx_hat=0.01420 Jxx_true=0.01420 Jyz_hat=+0.00000 Jyz_true=+0.00000 | s_hat=[+0.0037,-0.0321] s_true=[+0.0000,+0.0000] kg·m
[INFO] [1788469792.592456431] [mhe_node]: [tau_phys] roll=-0.368 pitch=+0.239 Nm
[INFO] [1788469792.593060596] [mhe_node]: [mass-diag] m_est=2.3082 T=22.569N tilt=8.96deg cos=0.98780 | T/g=2.3006 T*cos/g=2.2726 | m_est-T*cos/g=+0.0356kg (+1.57%) vz=+0.110
[INFO] [1788469792.593654515] [mhe_node]: [c_xy_est] cx=+0.0018 cy=-0.0138 m
[INFO] [1788469794.587101429] [mhe_node]: MHE mass estimate: 2.324 kg (T_phys=22.89N) | solve=17.1ms (max21.9)
[INFO] [1788469794.587818142] [mhe_node]: [truth] m_hat=2.3237 m_true=2.0643 err=+12.56% | c_hat=[+0.0000,+0.0000] c_true=[+0.0000,+0.0000] | Jxx_hat=0.01420 Jxx_true=0.01420 Jyz_hat=+0.00000 Jyz_true=+0.00000 | s_hat=[-0.0095,-0.0336] s_true=[+0.0000,+0.0000] kg·m
[INFO] [1788469794.588347139] [mhe_node]: [tau_phys] roll=-0.339 pitch=+0.955 Nm
[INFO] [1788469794.588963377] [mhe_node]: [mass-diag] m_est=2.3237 T=22.885N tilt=5.06deg cos=0.99611 | T/g=2.3328 T*cos/g=2.3238 | m_est-T*cos/g=-0.0001kg (-0.00%) vz=-0.033
[INFO] [1788469794.589548136] [mhe_node]: [c_xy_est] cx=-0.0044 cy=-0.0144 m
[INFO] [1788469796.591745815] [mhe_node]: MHE mass estimate: 2.289 kg (T_phys=23.21N) | solve=17.7ms (max23.8)
[INFO] [1788469796.592313423] [mhe_node]: [truth] m_hat=2.2895 m_true=2.0643 err=+10.91% | c_hat=[+0.0000,+0.0000] c_true=[+0.0000,+0.0000] | Jxx_hat=0.01420 Jxx_true=0.01420 Jyz_hat=+0.00000 Jyz_true=+0.00000 | s_hat=[-0.0140,-0.0288] s_true=[+0.0000,+0.0000] kg·m
[INFO] [1788469796.592849593] [mhe_node]: [tau_phys] roll=-0.487 pitch=-1.022 Nm
[INFO] [1788469796.593436641] [mhe_node]: [mass-diag] m_est=2.2895 T=23.206N tilt=10.12deg cos=0.98445 | T/g=2.3656 T*cos/g=2.3288 | m_est-T*cos/g=-0.0393kg (-1.69%) vz=-0.159
[INFO] [1788469796.594020719] [mhe_node]: [c_xy_est] cx=-0.0056 cy=-0.0127 m
[INFO] [1788469798.592322550] [mhe_node]: MHE mass estimate: 2.314 kg (T_phys=22.34N) | solve=18.2ms (max22.7)
[INFO] [1788469798.592900705] [mhe_node]: [truth] m_hat=2.3142 m_true=2.0643 err=+12.11% | c_hat=[+0.0000,+0.0000] c_true=[+0.0000,+0.0000] | Jxx_hat=0.01420 Jxx_true=0.01420 Jyz_hat=+0.00000 Jyz_true=+0.00000 | s_hat=[-0.0046,-0.0328] s_true=[+0.0000,+0.0000] kg·m
[INFO] [1788469798.593422359] [mhe_node]: [tau_phys] roll=-0.340 pitch=-0.095 Nm
[INFO] [1788469798.594018257] [mhe_node]: [mass-diag] m_est=2.3142 T=22.336N tilt=7.30deg cos=0.99190 | T/g=2.2768 T*cos/g=2.2584 | m_est-T*cos/g=+0.0558kg (+2.47%) vz=-0.184
[INFO] [1788469798.594601994] [mhe_node]: [c_xy_est] cx=-0.0014 cy=-0.0138 m
[INFO] [1788469800.602605188] [mhe_node]: MHE mass estimate: 2.307 kg (T_phys=23.35N) | solve=17.3ms (max27.8)
[INFO] [1788469800.603174191] [mhe_node]: [truth] m_hat=2.3074 m_true=2.0643 err=+11.78% | c_hat=[+0.0000,+0.0000] c_true=[+0.0000,+0.0000] | Jxx_hat=0.01420 Jxx_true=0.01420 Jyz_hat=+0.00000 Jyz_true=+0.00000 | s_hat=[-0.0068,-0.0290] s_true=[+0.0000,+0.0000] kg·m
[INFO] [1788469800.603696314] [mhe_node]: [tau_phys] roll=-0.359 pitch=+1.253 Nm
[INFO] [1788469800.604295292] [mhe_node]: [mass-diag] m_est=2.3074 T=23.349N tilt=3.51deg cos=0.99813 | T/g=2.3802 T*cos/g=2.3757 | m_est-T*cos/g=-0.0683kg (-2.88%) vz=-0.214
[INFO] [1788469800.604881151] [mhe_node]: [c_xy_est] cx=-0.0035 cy=-0.0127 m
[INFO] [1788469802.588156667] [mhe_node]: MHE mass estimate: 2.329 kg (T_phys=23.41N) | solve=15.6ms (max23.1)
[INFO] [1788469802.588729081] [mhe_node]: [truth] m_hat=2.3288 m_true=2.0643 err=+12.81% | c_hat=[+0.0000,+0.0000] c_true=[+0.0000,+0.0000] | Jxx_hat=0.01420 Jxx_true=0.01420 Jyz_hat=+0.00000 Jyz_true=+0.00000 | s_hat=[-0.0161,-0.0299] s_true=[+0.0000,+0.0000] kg·m
[INFO] [1788469802.589250592] [mhe_node]: [tau_phys] roll=-0.168 pitch=-0.863 Nm
[INFO] [1788469802.589842546] [mhe_node]: [mass-diag] m_est=2.3288 T=23.412N tilt=9.72deg cos=0.98563 | T/g=2.3865 T*cos/g=2.3522 | m_est-T*cos/g=-0.0234kg (-1.00%) vz=-0.131
[INFO] [1788469802.590427676] [mhe_node]: [c_xy_est] cx=-0.0070 cy=-0.0128 m
[INFO] [1788469804.591487182] [mhe_node]: MHE mass estimate: 2.304 kg (T_phys=22.92N) | solve=14.2ms (max21.3)
[INFO] [1788469804.592060625] [mhe_node]: [truth] m_hat=2.3036 m_true=2.0643 err=+11.59% | c_hat=[+0.0000,+0.0000] c_true=[+0.0000,+0.0000] | Jxx_hat=0.01420 Jxx_true=0.01420 Jyz_hat=+0.00000 Jyz_true=+0.00000 | s_hat=[-0.0137,-0.0297] s_true=[+0.0000,+0.0000] kg·m
[INFO] [1788469804.592594815] [mhe_node]: [tau_phys] roll=-0.405 pitch=+0.278 Nm
[INFO] [1788469804.593195599] [mhe_node]: [mass-diag] m_est=2.3036 T=22.925N tilt=6.18deg cos=0.99418 | T/g=2.3369 T*cos/g=2.3233 | m_est-T*cos/g=-0.0197kg (-0.85%) vz=-0.047
[INFO] [1788469804.593784036] [mhe_node]: [c_xy_est] cx=-0.0060 cy=-0.0129 m
[INFO] [1788469805.274068962] [mhe_node]: [no-signal] mass mutation self-detected at frame 945: T_phys=19.63N vs baseline 23.01N (dev 3.39N > 1.5N over 2 frames, direction=DROP); de-weighting pre-event stages
[INFO] [1788469805.274281091] [mhe_node]: [payload-state] LOADED->EMPTY (drop, m_p=+0.231kg)
[INFO] [1788469805.274477132] [mhe_node]: [c_xy_est] 载荷释放(no-signal residual) → 在线偏心估计归零(重新播种)
[INFO] [1788469805.274750071] [mhe_node]: [no-signal] → 自主释放载荷几何(无外部 drop 信号)
[INFO] [1788469805.275810097] [mhe_node]: event transition started: pre-event stages de-weighted
[INFO] [1788469805.283525836] [mhe_node]: [s-decay] n=1 |s_est|=0.03257 |s_target|=0.00000 |s_out|=0.02215 d_s_out=-0.01089 conf=0.000 present=0 armed=0 latched=1 health=1
[INFO] [1788469805.411540278] [mhe_node]: [s-decay] n=2 |s_est|=0.03327 |s_target|=0.00000 |s_out|=0.01485 d_s_out=-0.00730 conf=0.000 present=0 armed=0 latched=1 health=1
[WARN] [1788469805.574583665] [mhe_node]: MHE solve failed [status=2], skipping this window (streak 1)
[INFO] [1788469805.574964669] [mhe_node]: [s-decay] n=3 |s_est|=0.03327 |s_target|=0.00000 |s_out|=0.01485 d_s_out=+0.00000 conf=0.000 present=0 armed=0 latched=1 health=0
[WARN] [1788469805.653486415] [mhe_node]: MHE solve failed [status=2], skipping this window (streak 2)
[INFO] [1788469805.653783513] [mhe_node]: [s-decay] n=4 |s_est|=0.03327 |s_target|=0.00000 |s_out|=0.01485 d_s_out=+0.00000 conf=0.000 present=0 armed=0 latched=1 health=0
[WARN] [1788469805.754231651] [mhe_node]: MHE solve failed [status=2], skipping this window (streak 3)
[INFO] [1788469805.754529101] [mhe_node]: [s-decay] n=5 |s_est|=0.03327 |s_target|=0.00000 |s_out|=0.01485 d_s_out=+0.00000 conf=0.000 present=0 armed=0 latched=1 health=0
[WARN] [1788469805.849793059] [mhe_node]: MHE solve failed [status=2], skipping this window (streak 4)
[INFO] [1788469805.850101901] [mhe_node]: [s-decay] n=6 |s_est|=0.03327 |s_target|=0.00000 |s_out|=0.01485 d_s_out=+0.00000 conf=0.000 present=0 armed=0 latched=1 health=0
[WARN] [1788469805.969729835] [mhe_node]: MHE solve failed [status=2], skipping this window (streak 5)
[WARN] [1788469805.970062372] [mhe_node]: re-anchored arrival prior to current window after 5 consecutive failures (m seeded from thrust_phys: 1.988 -> 1.988 kg)
[INFO] [1788469805.970370842] [mhe_node]: [s-decay] n=7 |s_est|=0.00000 |s_target|=0.00000 |s_out|=0.01485 d_s_out=+0.00000 conf=0.000 present=0 armed=0 latched=1 health=0
[WARN] [1788469806.041549349] [mhe_node]: MHE solve failed [status=2], skipping this window (streak 1)
[INFO] [1788469806.041843915] [mhe_node]: [s-decay] n=8 |s_est|=0.00000 |s_target|=0.00000 |s_out|=0.01485 d_s_out=+0.00000 conf=0.000 present=0 armed=0 latched=1 health=0
[WARN] [1788469806.140979142] [mhe_node]: MHE solve failed [status=2], skipping this window (streak 2)
[INFO] [1788469806.141298544] [mhe_node]: [s-decay] n=9 |s_est|=0.00000 |s_target|=0.00000 |s_out|=0.01485 d_s_out=+0.00000 conf=0.000 present=0 armed=0 latched=1 health=0
[WARN] [1788469806.242348915] [mhe_node]: MHE solve failed [status=2], skipping this window (streak 3)
[INFO] [1788469806.242637656] [mhe_node]: [s-decay] n=10 |s_est|=0.00000 |s_target|=0.00000 |s_out|=0.01485 d_s_out=+0.00000 conf=0.000 present=0 armed=0 latched=1 health=0
[WARN] [1788469806.340874805] [mhe_node]: MHE solve failed [status=2], skipping this window (streak 4)
[INFO] [1788469806.341175104] [mhe_node]: [s-decay] n=11 |s_est|=0.00000 |s_target|=0.00000 |s_out|=0.01485 d_s_out=+0.00000 conf=0.000 present=0 armed=0 latched=1 health=0
[INFO] [1788469806.412234420] [mhe_node]: [s-decay] n=12 |s_est|=0.00781 |s_target|=0.00000 |s_out|=0.00995 d_s_out=-0.00489 conf=0.000 present=0 armed=0 latched=1 health=1
[INFO] [1788469806.502423753] [mhe_node]: [s-decay] n=13 |s_est|=0.00983 |s_target|=0.00000 |s_out|=0.00667 d_s_out=-0.00328 conf=0.000 present=0 armed=0 latched=1 health=1
[INFO] [1788469806.605651854] [mhe_node]: [s-decay] n=14 |s_est|=0.00787 |s_target|=0.00000 |s_out|=0.00447 d_s_out=-0.00220 conf=0.000 present=0 armed=0 latched=1 health=1
[INFO] [1788469806.704850400] [mhe_node]: [s-decay] n=15 |s_est|=0.00897 |s_target|=0.00000 |s_out|=0.00300 d_s_out=-0.00147 conf=0.071 present=0 armed=0 latched=1 health=1
[INFO] [1788469806.814378435] [mhe_node]: [s-decay] n=16 |s_est|=0.00944 |s_target|=0.00000 |s_out|=0.00201 d_s_out=-0.00099 conf=0.287 present=0 armed=0 latched=1 health=1
[INFO] [1788469806.904852293] [mhe_node]: [s-decay] n=17 |s_est|=0.00977 |s_target|=0.00000 |s_out|=0.00135 d_s_out=-0.00066 conf=0.508 present=0 armed=0 latched=1 health=1
[INFO] [1788469807.007198496] [mhe_node]: [s-decay] n=18 |s_est|=0.00964 |s_target|=0.00000 |s_out|=0.00090 d_s_out=-0.00044 conf=0.670 present=0 armed=0 latched=1 health=1
[INFO] [1788469807.107445056] [mhe_node]: [s-decay] n=19 |s_est|=0.00944 |s_target|=0.00000 |s_out|=0.00061 d_s_out=-0.00030 conf=0.779 present=0 armed=0 latched=1 health=1
[INFO] [1788469807.174740524] [mhe_node]: event transition ended: nominal weights restored
[INFO] [1788469807.211796656] [mhe_node]: [s-decay] n=20 |s_est|=0.00926 |s_target|=0.00000 |s_out|=0.00041 d_s_out=-0.00020 conf=0.852 present=0 armed=0 latched=1 health=1
[INFO] [1788469807.304203658] [mhe_node]: [s-decay] n=21 |s_est|=0.00828 |s_target|=0.00000 |s_out|=0.00027 d_s_out=-0.00013 conf=0.901 present=0 armed=0 latched=1 health=1
[INFO] [1788469807.413087708] [mhe_node]: [s-decay] n=22 |s_est|=0.00673 |s_target|=0.00000 |s_out|=0.00018 d_s_out=-0.00009 conf=0.933 present=0 armed=0 latched=1 health=1
[INFO] [1788469807.508244219] [mhe_node]: MHE mass estimate: 1.961 kg (T_phys=20.71N) | solve=49.6ms (max95.2)
[INFO] [1788469807.508785191] [mhe_node]: [truth] m_hat=1.9611 m_true=2.0643 err=-5.00% | c_hat=[+0.0000,+0.0000] c_true=[+0.0000,+0.0000] | Jxx_hat=0.01420 Jxx_true=0.01420 Jyz_hat=+0.00000 Jyz_true=+0.00000 | s_hat=[+0.0064,+0.0026] s_true=[+0.0000,+0.0000] kg·m
[INFO] [1788469807.509298587] [mhe_node]: [tau_phys] roll=+0.031 pitch=-0.022 Nm
[INFO] [1788469807.509893341] [mhe_node]: [mass-diag] m_est=1.9611 T=20.708N tilt=9.61deg cos=0.98596 | T/g=2.1109 T*cos/g=2.0812 | m_est-T*cos/g=-0.1201kg (-5.77%) vz=+0.137
[INFO] [1788469807.510472047] [mhe_node]: [c_xy_est] cx=+0.0030 cy=+0.0017 m
[INFO] [1788469807.510828353] [mhe_node]: [s-decay] n=23 |s_est|=0.00695 |s_target|=0.00000 |s_out|=0.00012 d_s_out=-0.00006 conf=0.955 present=0 armed=0 latched=1 health=1
[INFO] [1788469807.601195961] [mhe_node]: [s-decay] n=24 |s_est|=0.00656 |s_target|=0.00000 |s_out|=0.00008 d_s_out=-0.00004 conf=0.970 present=0 armed=0 latched=1 health=1
[INFO] [1788469807.698280182] [mhe_node]: [s-decay] n=25 |s_est|=0.00569 |s_target|=0.00000 |s_out|=0.00005 d_s_out=-0.00003 conf=0.980 present=0 armed=0 latched=1 health=1
[INFO] [1788469807.803550389] [mhe_node]: [s-decay] n=26 |s_est|=0.00445 |s_target|=0.00000 |s_out|=0.00004 d_s_out=-0.00002 conf=0.987 present=0 armed=0 latched=1 health=1
[INFO] [1788469807.902883022] [mhe_node]: [s-decay] n=27 |s_est|=0.00550 |s_target|=0.00000 |s_out|=0.00002 d_s_out=-0.00001 conf=0.991 present=0 armed=0 latched=1 health=1
[INFO] [1788469808.006354467] [mhe_node]: [s-decay] n=28 |s_est|=0.00387 |s_target|=0.00000 |s_out|=0.00002 d_s_out=-0.00001 conf=0.994 present=0 armed=0 latched=1 health=1
[INFO] [1788469808.104883324] [mhe_node]: [s-decay] n=29 |s_est|=0.00539 |s_target|=0.00000 |s_out|=0.00001 d_s_out=-0.00001 conf=0.996 present=0 armed=0 latched=1 health=1
[INFO] [1788469808.213179177] [mhe_node]: [s-decay] n=30 |s_est|=0.00361 |s_target|=0.00000 |s_out|=0.00001 d_s_out=-0.00000 conf=0.997 present=0 armed=0 latched=1 health=1
[INFO] [1788469808.296151823] [mhe_node]: [s-decay] n=31 |s_est|=0.00496 |s_target|=0.00000 |s_out|=0.00000 d_s_out=-0.00000 conf=0.998 present=0 armed=0 latched=1 health=1
[INFO] [1788469808.395617864] [mhe_node]: [s-decay] n=32 |s_est|=0.00291 |s_target|=0.00000 |s_out|=0.00000 d_s_out=-0.00000 conf=0.999 present=0 armed=0 latched=1 health=1
[INFO] [1788469808.495325578] [mhe_node]: [s-decay] n=33 |s_est|=0.00417 |s_target|=0.00000 |s_out|=0.00000 d_s_out=-0.00000 conf=0.999 present=0 armed=0 latched=1 health=1
[INFO] [1788469808.584057910] [mhe_node]: [s-decay] n=34 |s_est|=0.00220 |s_target|=0.00000 |s_out|=0.00000 d_s_out=-0.00000 conf=0.999 present=0 armed=0 latched=1 health=1
[INFO] [1788469808.681263695] [mhe_node]: [s-decay] n=35 |s_est|=0.00269 |s_target|=0.00000 |s_out|=0.00000 d_s_out=-0.00000 conf=1.000 present=0 armed=0 latched=1 health=1
[INFO] [1788469808.782473835] [mhe_node]: [s-decay] n=36 |s_est|=0.00298 |s_target|=0.00000 |s_out|=0.00000 d_s_out=-0.00000 conf=1.000 present=0 armed=0 latched=1 health=1
[INFO] [1788469808.882506839] [mhe_node]: [s-decay] n=37 |s_est|=0.00344 |s_target|=0.00000 |s_out|=0.00000 d_s_out=-0.00000 conf=1.000 present=0 armed=0 latched=1 health=1
[INFO] [1788469808.982577491] [mhe_node]: [s-decay] n=38 |s_est|=0.00357 |s_target|=0.00000 |s_out|=0.00000 d_s_out=-0.00000 conf=1.000 present=0 armed=0 latched=1 health=1
[INFO] [1788469809.088233208] [mhe_node]: [s-decay] n=39 |s_est|=0.00369 |s_target|=0.00000 |s_out|=0.00000 d_s_out=-0.00000 conf=1.000 present=0 armed=0 latched=1 health=1
[INFO] [1788469809.182486961] [mhe_node]: [s-decay] n=40 |s_est|=0.00383 |s_target|=0.00000 |s_out|=0.00000 d_s_out=-0.00000 conf=1.000 present=0 armed=0 latched=1 health=1
[INFO] [1788469809.273954782] [mhe_node]: [no-signal] baseline settled at 20.52N (quiet 20 frames); detector armed
[INFO] [1788469809.280755916] [mhe_node]: [s-decay] n=41 |s_est|=0.00392 |s_target|=0.00000 |s_out|=0.00000 d_s_out=-0.00000 conf=1.000 present=0 armed=0 latched=1 health=1
[INFO] [1788469809.380431583] [mhe_node]: [s-decay] n=42 |s_est|=0.00390 |s_target|=0.00000 |s_out|=0.00000 d_s_out=-0.00000 conf=1.000 present=0 armed=0 latched=1 health=1
[INFO] [1788469809.485069064] [mhe_node]: MHE mass estimate: 2.047 kg (T_phys=20.05N) | solve=17.7ms (max38.5)
[INFO] [1788469809.485611604] [mhe_node]: [truth] m_hat=2.0465 m_true=2.0643 err=-0.86% | c_hat=[+0.0000,+0.0000] c_true=[+0.0000,+0.0000] | Jxx_hat=0.01420 Jxx_true=0.01420 Jyz_hat=+0.00000 Jyz_true=+0.00000 | s_hat=[+0.0035,+0.0018] s_true=[+0.0000,+0.0000] kg·m
[INFO] [1788469809.486131854] [mhe_node]: [tau_phys] roll=+0.010 pitch=-0.017 Nm
[INFO] [1788469809.486732563] [mhe_node]: [mass-diag] m_est=2.0465 T=20.050N tilt=7.35deg cos=0.99178 | T/g=2.0438 T*cos/g=2.0270 | m_est-T*cos/g=+0.0196kg (+0.97%) vz=+0.241
[INFO] [1788469809.487313610] [mhe_node]: [c_xy_est] cx=+0.0017 cy=+0.0009 m
[INFO] [1788469809.487676724] [mhe_node]: [s-decay] n=43 |s_est|=0.00391 |s_target|=0.00000 |s_out|=0.00000 d_s_out=-0.00000 conf=1.000 present=0 armed=0 latched=1 health=1
[INFO] [1788469809.580540306] [mhe_node]: [s-decay] n=44 |s_est|=0.00388 |s_target|=0.00000 |s_out|=0.00000 d_s_out=-0.00000 conf=1.000 present=0 armed=0 latched=1 health=1
[INFO] [1788469809.690598216] [mhe_node]: [s-decay] n=45 |s_est|=0.00380 |s_target|=0.00000 |s_out|=0.00000 d_s_out=-0.00000 conf=1.000 present=0 armed=0 latched=1 health=1
[INFO] [1788469809.780517227] [mhe_node]: [s-decay] n=46 |s_est|=0.00358 |s_target|=0.00000 |s_out|=0.00000 d_s_out=-0.00000 conf=1.000 present=0 armed=0 latched=1 health=1
[INFO] [1788469809.879202303] [mhe_node]: [s-decay] n=47 |s_est|=0.00341 |s_target|=0.00000 |s_out|=0.00000 d_s_out=-0.00000 conf=1.000 present=0 armed=0 latched=1 health=1
[INFO] [1788469809.979208567] [mhe_node]: [s-decay] n=48 |s_est|=0.00324 |s_target|=0.00000 |s_out|=0.00000 d_s_out=-0.00000 conf=1.000 present=0 armed=0 latched=1 health=1
[INFO] [1788469810.086052799] [mhe_node]: [s-decay] n=49 |s_est|=0.00312 |s_target|=0.00000 |s_out|=0.00000 d_s_out=-0.00000 conf=1.000 present=0 armed=0 latched=1 health=1
[INFO] [1788469810.183653020] [mhe_node]: [s-decay] n=50 |s_est|=0.00299 |s_target|=0.00000 |s_out|=0.00000 d_s_out=-0.00000 conf=1.000 present=0 armed=0 latched=1 health=1
[INFO] [1788469810.281429304] [mhe_node]: [s-decay] n=51 |s_est|=0.00288 |s_target|=0.00000 |s_out|=0.00000 d_s_out=-0.00000 conf=1.000 present=0 armed=0 latched=1 health=1
[INFO] [1788469810.380458812] [mhe_node]: [s-decay] n=52 |s_est|=0.00274 |s_target|=0.00000 |s_out|=0.00000 d_s_out=-0.00000 conf=1.000 present=0 armed=0 latched=1 health=1
[INFO] [1788469810.482664185] [mhe_node]: [s-decay] n=53 |s_est|=0.00263 |s_target|=0.00000 |s_out|=0.00000 d_s_out=-0.00000 conf=1.000 present=0 armed=0 latched=1 health=1
[INFO] [1788469810.584739964] [mhe_node]: [s-decay] n=54 |s_est|=0.00248 |s_target|=0.00000 |s_out|=0.00000 d_s_out=-0.00000 conf=1.000 present=0 armed=0 latched=1 health=1
[INFO] [1788469810.680357981] [mhe_node]: [s-decay] n=55 |s_est|=0.00238 |s_target|=0.00000 |s_out|=0.00000 d_s_out=-0.00000 conf=1.000 present=0 armed=0 latched=1 health=1
[INFO] [1788469810.781734843] [mhe_node]: [s-decay] n=56 |s_est|=0.00222 |s_target|=0.00000 |s_out|=0.00000 d_s_out=-0.00000 conf=1.000 present=0 armed=0 latched=1 health=1
[INFO] [1788469810.880444193] [mhe_node]: [s-decay] n=57 |s_est|=0.00212 |s_target|=0.00000 |s_out|=0.00000 d_s_out=-0.00000 conf=1.000 present=0 armed=0 latched=1 health=1
[INFO] [1788469810.978546836] [mhe_node]: [s-decay] n=58 |s_est|=0.00198 |s_target|=0.00000 |s_out|=0.00000 d_s_out=-0.00000 conf=1.000 present=0 armed=0 latched=1 health=1
[INFO] [1788469811.078329299] [mhe_node]: [s-decay] n=59 |s_est|=0.00189 |s_target|=0.00000 |s_out|=0.00000 d_s_out=-0.00000 conf=1.000 present=0 armed=0 latched=1 health=1
[INFO] [1788469811.187230508] [mhe_node]: [s-decay] n=60 |s_est|=0.00176 |s_target|=0.00000 |s_out|=0.00000 d_s_out=-0.00000 conf=1.000 present=0 armed=0 latched=1 health=1
[INFO] [1788469811.284899689] [mhe_node]: [s-decay] n=61 |s_est|=0.00169 |s_target|=0.00000 |s_out|=0.00000 d_s_out=-0.00000 conf=1.000 present=0 armed=0 latched=1 health=1
[INFO] [1788469811.383777934] [mhe_node]: [s-decay] n=62 |s_est|=0.00156 |s_target|=0.00000 |s_out|=0.00000 d_s_out=-0.00000 conf=1.000 present=0 armed=0 latched=1 health=1
[INFO] [1788469811.490658814] [mhe_node]: MHE mass estimate: 2.043 kg (T_phys=20.03N) | solve=8.1ms (max15.9)
[INFO] [1788469811.491203501] [mhe_node]: [truth] m_hat=2.0428 m_true=2.0643 err=-1.04% | c_hat=[+0.0000,+0.0000] c_true=[+0.0000,+0.0000] | Jxx_hat=0.01420 Jxx_true=0.01420 Jyz_hat=+0.00000 Jyz_true=+0.00000 | s_hat=[+0.0014,+0.0005] s_true=[+0.0000,+0.0000] kg·m
[INFO] [1788469811.491724402] [mhe_node]: [tau_phys] roll=+0.001 pitch=+0.018 Nm
[INFO] [1788469811.492318279] [mhe_node]: [mass-diag] m_est=2.0428 T=20.032N tilt=2.63deg cos=0.99895 | T/g=2.0420 T*cos/g=2.0398 | m_est-T*cos/g=+0.0029kg (+0.14%) vz=+0.206
[INFO] [1788469811.492899117] [mhe_node]: [c_xy_est] cx=+0.0007 cy=+0.0003 m
[INFO] [1788469811.493265131] [mhe_node]: [s-decay] n=63 |s_est|=0.00150 |s_target|=0.00000 |s_out|=0.00000 d_s_out=-0.00000 conf=1.000 present=0 armed=0 latched=1 health=1
[INFO] [1788469811.582586688] [mhe_node]: [s-decay] n=64 |s_est|=0.00138 |s_target|=0.00000 |s_out|=0.00000 d_s_out=-0.00000 conf=1.000 present=0 armed=0 latched=1 health=1
[INFO] [1788469811.683997611] [mhe_node]: [s-decay] n=65 |s_est|=0.00120 |s_target|=0.00000 |s_out|=0.00000 d_s_out=-0.00000 conf=1.000 present=0 armed=0 latched=1 health=1
[INFO] [1788469811.785948901] [mhe_node]: [s-decay] n=66 |s_est|=0.00081 |s_target|=0.00000 |s_out|=0.00000 d_s_out=-0.00000 conf=1.000 present=0 armed=0 latched=1 health=1
[INFO] [1788469811.881420157] [mhe_node]: [s-decay] n=67 |s_est|=0.00048 |s_target|=0.00000 |s_out|=0.00000 d_s_out=-0.00000 conf=1.000 present=0 armed=0 latched=1 health=1
[INFO] [1788469811.981631626] [mhe_node]: [s-decay] n=68 |s_est|=0.00028 |s_target|=0.00000 |s_out|=0.00000 d_s_out=-0.00000 conf=1.000 present=0 armed=0 latched=1 health=1
[INFO] [1788469812.081469835] [mhe_node]: [s-decay] n=69 |s_est|=0.00039 |s_target|=0.00000 |s_out|=0.00000 d_s_out=-0.00000 conf=1.000 present=0 armed=0 latched=1 health=1
[INFO] [1788469812.184627633] [mhe_node]: [s-decay] n=70 |s_est|=0.00062 |s_target|=0.00000 |s_out|=0.00000 d_s_out=-0.00000 conf=1.000 present=0 armed=0 latched=1 health=1
[INFO] [1788469812.282472961] [mhe_node]: [s-decay] n=71 |s_est|=0.00088 |s_target|=0.00000 |s_out|=0.00000 d_s_out=-0.00000 conf=1.000 present=0 armed=0 latched=1 health=1
[INFO] [1788469812.385893416] [mhe_node]: [s-decay] n=72 |s_est|=0.00115 |s_target|=0.00000 |s_out|=0.00000 d_s_out=-0.00000 conf=1.000 present=0 armed=0 latched=1 health=1
[INFO] [1788469812.481384565] [mhe_node]: [s-decay] n=73 |s_est|=0.00139 |s_target|=0.00000 |s_out|=0.00000 d_s_out=-0.00000 conf=1.000 present=0 armed=0 latched=1 health=1
[INFO] [1788469812.581534433] [mhe_node]: [s-decay] n=74 |s_est|=0.00164 |s_target|=0.00000 |s_out|=0.00000 d_s_out=-0.00000 conf=1.000 present=0 armed=0 latched=1 health=1
[INFO] [1788469812.681542291] [mhe_node]: [s-decay] n=75 |s_est|=0.00183 |s_target|=0.00000 |s_out|=0.00000 d_s_out=-0.00000 conf=1.000 present=0 armed=0 latched=1 health=1
[INFO] [1788469812.782532242] [mhe_node]: [s-decay] n=76 |s_est|=0.00208 |s_target|=0.00000 |s_out|=0.00000 d_s_out=-0.00000 conf=1.000 present=0 armed=0 latched=1 health=1
[INFO] [1788469812.880525673] [mhe_node]: [s-decay] n=77 |s_est|=0.00225 |s_target|=0.00000 |s_out|=0.00000 d_s_out=-0.00000 conf=1.000 present=0 armed=0 latched=1 health=1
[INFO] [1788469812.978488873] [mhe_node]: [s-decay] n=78 |s_est|=0.00239 |s_target|=0.00000 |s_out|=0.00000 d_s_out=-0.00000 conf=1.000 present=0 armed=0 latched=1 health=1
[INFO] [1788469813.083917943] [mhe_node]: [s-decay] n=79 |s_est|=0.00246 |s_target|=0.00000 |s_out|=0.00000 d_s_out=-0.00000 conf=1.000 present=0 armed=0 latched=1 health=1
[INFO] [1788469813.180435845] [mhe_node]: [s-decay] n=80 |s_est|=0.00251 |s_target|=0.00000 |s_out|=0.00000 d_s_out=-0.00000 conf=1.000 present=0 armed=0 latched=1 health=1
[INFO] [1788469813.285054098] [mhe_node]: [s-decay] n=81 |s_est|=0.00248 |s_target|=0.00000 |s_out|=0.00000 d_s_out=-0.00000 conf=1.000 present=0 armed=0 latched=1 health=1
[INFO] [1788469813.381368393] [mhe_node]: [s-decay] n=82 |s_est|=0.00236 |s_target|=0.00000 |s_out|=0.00000 d_s_out=-0.00000 conf=1.000 present=0 armed=0 latched=1 health=1
[INFO] [1788469813.481499608] [mhe_node]: MHE mass estimate: 2.055 kg (T_phys=20.36N) | solve=7.7ms (max11.2)
[INFO] [1788469813.482166531] [mhe_node]: [truth] m_hat=2.0552 m_true=2.0643 err=-0.44% | c_hat=[+0.0000,+0.0000] c_true=[+0.0000,+0.0000] | Jxx_hat=0.01420 Jxx_true=0.01420 Jyz_hat=+0.00000 Jyz_true=+0.00000 | s_hat=[-0.0022,-0.0003] s_true=[+0.0000,+0.0000] kg·m
[INFO] [1788469813.482683081] [mhe_node]: [tau_phys] roll=-0.015 pitch=+0.001 Nm
[INFO] [1788469813.483277225] [mhe_node]: [mass-diag] m_est=2.0552 T=20.362N tilt=9.45deg cos=0.98642 | T/g=2.0756 T*cos/g=2.0475 | m_est-T*cos/g=+0.0078kg (+0.38%) vz=+0.160
[INFO] [1788469813.483867513] [mhe_node]: [c_xy_est] cx=-0.0011 cy=-0.0001 m
[INFO] [1788469813.484236060] [mhe_node]: [s-decay] n=83 |s_est|=0.00219 |s_target|=0.00000 |s_out|=0.00000 d_s_out=-0.00000 conf=1.000 present=0 armed=0 latched=1 health=1
[INFO] [1788469813.584740559] [mhe_node]: [s-decay] n=84 |s_est|=0.00200 |s_target|=0.00000 |s_out|=0.00000 d_s_out=-0.00000 conf=1.000 present=0 armed=0 latched=1 health=1
[INFO] [1788469813.682551355] [mhe_node]: [s-decay] n=85 |s_est|=0.00178 |s_target|=0.00000 |s_out|=0.00000 d_s_out=-0.00000 conf=1.000 present=0 armed=0 latched=1 health=1
[INFO] [1788469813.782402115] [mhe_node]: [s-decay] n=86 |s_est|=0.00167 |s_target|=0.00000 |s_out|=0.00000 d_s_out=-0.00000 conf=1.000 present=0 armed=0 latched=1 health=1
[INFO] [1788469813.884665361] [mhe_node]: [s-decay] n=87 |s_est|=0.00154 |s_target|=0.00000 |s_out|=0.00000 d_s_out=-0.00000 conf=1.000 present=0 armed=0 latched=1 health=1
[INFO] [1788469813.984920162] [mhe_node]: [s-decay] n=88 |s_est|=0.00144 |s_target|=0.00000 |s_out|=0.00000 d_s_out=-0.00000 conf=1.000 present=0 armed=0 latched=1 health=1
[INFO] [1788469814.090273838] [mhe_node]: [s-decay] n=89 |s_est|=0.00137 |s_target|=0.00000 |s_out|=0.00000 d_s_out=-0.00000 conf=1.000 present=0 armed=0 latched=1 health=1
[INFO] [1788469814.187268600] [mhe_node]: [s-decay] n=90 |s_est|=0.00132 |s_target|=0.00000 |s_out|=0.00000 d_s_out=-0.00000 conf=1.000 present=0 armed=0 latched=1 health=1
[INFO] [1788469814.286910318] [mhe_node]: [s-decay] n=91 |s_est|=0.00127 |s_target|=0.00000 |s_out|=0.00000 d_s_out=-0.00000 conf=1.000 present=0 armed=0 latched=1 health=1
[INFO] [1788469814.387447749] [mhe_node]: [s-decay] n=92 |s_est|=0.00127 |s_target|=0.00000 |s_out|=0.00000 d_s_out=-0.00000 conf=1.000 present=0 armed=0 latched=1 health=1
[INFO] [1788469814.488199245] [mhe_node]: [s-decay] n=93 |s_est|=0.00127 |s_target|=0.00000 |s_out|=0.00000 d_s_out=-0.00000 conf=1.000 present=0 armed=0 latched=1 health=1
[INFO] [1788469814.583521947] [mhe_node]: [s-decay] n=94 |s_est|=0.00129 |s_target|=0.00000 |s_out|=0.00000 d_s_out=-0.00000 conf=1.000 present=0 armed=0 latched=1 health=1
[INFO] [1788469814.684783729] [mhe_node]: [s-decay] n=95 |s_est|=0.00129 |s_target|=0.00000 |s_out|=0.00000 d_s_out=-0.00000 conf=1.000 present=0 armed=0 latched=1 health=1
[INFO] [1788469814.785042277] [mhe_node]: [s-decay] n=96 |s_est|=0.00124 |s_target|=0.00000 |s_out|=0.00000 d_s_out=-0.00000 conf=1.000 present=0 armed=0 latched=1 health=1
[INFO] [1788469814.882591428] [mhe_node]: [s-decay] n=97 |s_est|=0.00121 |s_target|=0.00000 |s_out|=0.00000 d_s_out=-0.00000 conf=1.000 present=0 armed=0 latched=1 health=1
[INFO] [1788469814.981483615] [mhe_node]: [s-decay] n=98 |s_est|=0.00117 |s_target|=0.00000 |s_out|=0.00000 d_s_out=-0.00000 conf=1.000 present=0 armed=0 latched=1 health=1
[INFO] [1788469815.082605388] [mhe_node]: [s-decay] n=99 |s_est|=0.00111 |s_target|=0.00000 |s_out|=0.00000 d_s_out=-0.00000 conf=1.000 present=0 armed=0 latched=1 health=1
[INFO] [1788469815.180471156] [mhe_node]: [s-decay] n=100 |s_est|=0.00102 |s_target|=0.00000 |s_out|=0.00000 d_s_out=-0.00000 conf=1.000 present=0 armed=0 latched=1 health=1
[INFO] [1788469815.488231003] [mhe_node]: MHE mass estimate: 2.053 kg (T_phys=20.15N) | solve=10.6ms (max15.9)
[INFO] [1788469815.488780401] [mhe_node]: [truth] m_hat=2.0527 m_true=2.0643 err=-0.56% | c_hat=[+0.0000,+0.0000] c_true=[+0.0000,+0.0000] | Jxx_hat=0.01420 Jxx_true=0.01420 Jyz_hat=+0.00000 Jyz_true=+0.00000 | s_hat=[+0.0008,-0.0005] s_true=[+0.0000,+0.0000] kg·m
[INFO] [1788469815.489302183] [mhe_node]: [tau_phys] roll=-0.001 pitch=-0.003 Nm
[INFO] [1788469815.489897831] [mhe_node]: [mass-diag] m_est=2.0527 T=20.151N tilt=6.21deg cos=0.99412 | T/g=2.0542 T*cos/g=2.0421 | m_est-T*cos/g=+0.0106kg (+0.52%) vz=+0.039
[INFO] [1788469815.490479396] [mhe_node]: [c_xy_est] cx=+0.0003 cy=-0.0003 m
[INFO] [1788469817.486029107] [mhe_node]: MHE mass estimate: 2.055 kg (T_phys=20.29N) | solve=7.2ms (max13.5)
[INFO] [1788469817.486571073] [mhe_node]: [truth] m_hat=2.0550 m_true=2.0643 err=-0.45% | c_hat=[+0.0000,+0.0000] c_true=[+0.0000,+0.0000] | Jxx_hat=0.01420 Jxx_true=0.01420 Jyz_hat=+0.00000 Jyz_true=+0.00000 | s_hat=[-0.0007,+0.0000] s_true=[+0.0000,+0.0000] kg·m
[INFO] [1788469817.487095273] [mhe_node]: [tau_phys] roll=+0.012 pitch=+0.021 Nm
[INFO] [1788469817.487688242] [mhe_node]: [mass-diag] m_est=2.0550 T=20.291N tilt=6.66deg cos=0.99326 | T/g=2.0684 T*cos/g=2.0544 | m_est-T*cos/g=+0.0006kg (+0.03%) vz=-0.091
[INFO] [1788469817.488277181] [mhe_node]: [c_xy_est] cx=-0.0003 cy=+0.0000 m
[INFO] [1788469819.484902932] [mhe_node]: MHE mass estimate: 2.053 kg (T_phys=20.37N) | solve=9.4ms (max18.2)
[INFO] [1788469819.485451375] [mhe_node]: [truth] m_hat=2.0534 m_true=2.0643 err=-0.53% | c_hat=[+0.0000,+0.0000] c_true=[+0.0000,+0.0000] | Jxx_hat=0.01420 Jxx_true=0.01420 Jyz_hat=+0.00000 Jyz_true=+0.00000 | s_hat=[+0.0003,-0.0007] s_true=[+0.0000,+0.0000] kg·m
[INFO] [1788469819.485980297] [mhe_node]: [tau_phys] roll=-0.003 pitch=-0.025 Nm
[INFO] [1788469819.486575419] [mhe_node]: [mass-diag] m_est=2.0534 T=20.374N tilt=10.69deg cos=0.98266 | T/g=2.0769 T*cos/g=2.0408 | m_est-T*cos/g=+0.0125kg (+0.61%) vz=-0.174
[INFO] [1788469819.487162434] [mhe_node]: [c_xy_est] cx=+0.0000 cy=-0.0003 m
[INFO] [1788469821.481608535] [mhe_node]: MHE mass estimate: 2.046 kg (T_phys=20.15N) | solve=8.7ms (max17.7)
[INFO] [1788469821.482156508] [mhe_node]: [truth] m_hat=2.0462 m_true=2.0643 err=-0.88% | c_hat=[+0.0000,+0.0000] c_true=[+0.0000,+0.0000] | Jxx_hat=0.01420 Jxx_true=0.01420 Jyz_hat=+0.00000 Jyz_true=+0.00000 | s_hat=[+0.0023,+0.0005] s_true=[+0.0000,+0.0000] kg·m
[INFO] [1788469821.482676639] [mhe_node]: [tau_phys] roll=+0.009 pitch=+0.088 Nm
[INFO] [1788469821.483275223] [mhe_node]: [mass-diag] m_est=2.0462 T=20.148N tilt=3.82deg cos=0.99778 | T/g=2.0539 T*cos/g=2.0493 | m_est-T*cos/g=-0.0031kg (-0.15%) vz=-0.232
[INFO] [1788469821.483865478] [mhe_node]: [c_xy_est] cx=+0.0012 cy=+0.0002 m
[INFO] [1788469823.481585034] [mhe_node]: MHE mass estimate: 2.051 kg (T_phys=20.57N) | solve=8.7ms (max19.4)
[INFO] [1788469823.482135557] [mhe_node]: [truth] m_hat=2.0506 m_true=2.0643 err=-0.67% | c_hat=[+0.0000,+0.0000] c_true=[+0.0000,+0.0000] | Jxx_hat=0.01420 Jxx_true=0.01420 Jyz_hat=+0.00000 Jyz_true=+0.00000 | s_hat=[-0.0006,+0.0015] s_true=[+0.0000,+0.0000] kg·m
[INFO] [1788469823.482661052] [mhe_node]: [tau_phys] roll=+0.021 pitch=+0.014 Nm
[INFO] [1788469823.483273718] [mhe_node]: [mass-diag] m_est=2.0506 T=20.575N tilt=6.50deg cos=0.99357 | T/g=2.0973 T*cos/g=2.0838 | m_est-T*cos/g=-0.0333kg (-1.60%) vz=-0.208
[INFO] [1788469823.483865524] [mhe_node]: [c_xy_est] cx=-0.0002 cy=+0.0007 m
[INFO] [1788469825.488287525] [mhe_node]: MHE mass estimate: 2.052 kg (T_phys=20.60N) | solve=8.8ms (max14.7)
[INFO] [1788469825.488835893] [mhe_node]: [truth] m_hat=2.0524 m_true=2.0643 err=-0.57% | c_hat=[+0.0000,+0.0000] c_true=[+0.0000,+0.0000] | Jxx_hat=0.01420 Jxx_true=0.01420 Jyz_hat=+0.00000 Jyz_true=+0.00000 | s_hat=[+0.0003,+0.0021] s_true=[+0.0000,+0.0000] kg·m
[INFO] [1788469825.489357523] [mhe_node]: [tau_phys] roll=+0.014 pitch=-0.022 Nm
[INFO] [1788469825.489955725] [mhe_node]: [mass-diag] m_est=2.0524 T=20.597N tilt=9.85deg cos=0.98526 | T/g=2.0996 T*cos/g=2.0686 | m_est-T*cos/g=-0.0162kg (-0.78%) vz=-0.108
[INFO] [1788469825.490541804] [mhe_node]: [c_xy_est] cx=+0.0000 cy=+0.0010 m
[INFO] [1788469827.482755526] [mhe_node]: MHE mass estimate: 2.052 kg (T_phys=20.44N) | solve=7.4ms (max13.5)
[INFO] [1788469827.483292643] [mhe_node]: [truth] m_hat=2.0523 m_true=2.0643 err=-0.58% | c_hat=[+0.0000,+0.0000] c_true=[+0.0000,+0.0000] | Jxx_hat=0.01420 Jxx_true=0.01420 Jyz_hat=+0.00000 Jyz_true=+0.00000 | s_hat=[+0.0004,+0.0013] s_true=[+0.0000,+0.0000] kg·m
[INFO] [1788469827.483820484] [mhe_node]: [tau_phys] roll=+0.016 pitch=+0.002 Nm
[INFO] [1788469827.484419163] [mhe_node]: [mass-diag] m_est=2.0523 T=20.442N tilt=4.52deg cos=0.99689 | T/g=2.0838 T*cos/g=2.0773 | m_est-T*cos/g=-0.0249kg (-1.20%) vz=+0.021
[INFO] [1788469827.485003329] [mhe_node]: [c_xy_est] cx=+0.0002 cy=+0.0006 m
[INFO] [1788469829.479112352] [mhe_node]: MHE mass estimate: 2.055 kg (T_phys=20.58N) | solve=7.0ms (max12.5)
[INFO] [1788469829.479497669] [mhe_node]: [truth] m_hat=2.0552 m_true=2.0643 err=-0.44% | c_hat=[+0.0000,+0.0000] c_true=[+0.0000,+0.0000] | Jxx_hat=0.01420 Jxx_true=0.01420 Jyz_hat=+0.00000 Jyz_true=+0.00000 | s_hat=[-0.0008,+0.0019] s_true=[+0.0000,+0.0000] kg·m
[INFO] [1788469829.479864997] [mhe_node]: [tau_phys] roll=+0.031 pitch=-0.016 Nm
[INFO] [1788469829.480285256] [mhe_node]: [mass-diag] m_est=2.0552 T=20.577N tilt=9.32deg cos=0.98680 | T/g=2.0976 T*cos/g=2.0699 | m_est-T*cos/g=-0.0146kg (-0.71%) vz=+0.143
[INFO] [1788469829.480694134] [mhe_node]: [c_xy_est] cx=-0.0004 cy=+0.0009 m
[INFO] [1788469831.484982704] [mhe_node]: MHE mass estimate: 2.043 kg (T_phys=20.19N) | solve=10.3ms (max18.1)
[INFO] [1788469831.485662894] [mhe_node]: [truth] m_hat=2.0430 m_true=2.0643 err=-1.03% | c_hat=[+0.0000,+0.0000] c_true=[+0.0000,+0.0000] | Jxx_hat=0.01420 Jxx_true=0.01420 Jyz_hat=+0.00000 Jyz_true=+0.00000 | s_hat=[+0.0038,+0.0017] s_true=[+0.0000,+0.0000] kg·m
[INFO] [1788469831.486188088] [mhe_node]: [tau_phys] roll=+0.013 pitch=+0.061 Nm
[INFO] [1788469831.486782664] [mhe_node]: [mass-diag] m_est=2.0430 T=20.186N tilt=8.63deg cos=0.98868 | T/g=2.0577 T*cos/g=2.0344 | m_est-T*cos/g=+0.0087kg (+0.43%) vz=+0.216
[INFO] [1788469831.487366009] [mhe_node]: [c_xy_est] cx=+0.0018 cy=+0.0009 m
[INFO] [1788469833.480506463] [mhe_node]: MHE mass estimate: 2.045 kg (T_phys=20.16N) | solve=7.3ms (max11.4)
[INFO] [1788469833.481050558] [mhe_node]: [truth] m_hat=2.0453 m_true=2.0643 err=-0.92% | c_hat=[+0.0000,+0.0000] c_true=[+0.0000,+0.0000] | Jxx_hat=0.01420 Jxx_true=0.01420 Jyz_hat=+0.00000 Jyz_true=+0.00000 | s_hat=[-0.0002,+0.0006] s_true=[+0.0000,+0.0000] kg·m
[INFO] [1788469833.481573187] [mhe_node]: [tau_phys] roll=-0.001 pitch=+0.001 Nm
[INFO] [1788469833.482161006] [mhe_node]: [mass-diag] m_est=2.0453 T=20.159N tilt=1.91deg cos=0.99945 | T/g=2.0549 T*cos/g=2.0538 | m_est-T*cos/g=-0.0085kg (-0.41%) vz=+0.219
[INFO] [1788469833.482745434] [mhe_node]: [c_xy_est] cx=-0.0001 cy=+0.0003 m
[INFO] [1788469835.480679228] [mhe_node]: MHE mass estimate: 2.056 kg (T_phys=20.35N) | solve=7.0ms (max13.6)
[INFO] [1788469835.481219788] [mhe_node]: [truth] m_hat=2.0557 m_true=2.0643 err=-0.42% | c_hat=[+0.0000,+0.0000] c_true=[+0.0000,+0.0000] | Jxx_hat=0.01420 Jxx_true=0.01420 Jyz_hat=+0.00000 Jyz_true=+0.00000 | s_hat=[-0.0017,-0.0001] s_true=[+0.0000,+0.0000] kg·m
[INFO] [1788469835.481748959] [mhe_node]: [tau_phys] roll=-0.015 pitch=+0.010 Nm
[INFO] [1788469835.482338924] [mhe_node]: [mass-diag] m_est=2.0557 T=20.354N tilt=9.26deg cos=0.98698 | T/g=2.0748 T*cos/g=2.0478 | m_est-T*cos/g=+0.0079kg (+0.39%) vz=+0.180
[INFO] [1788469835.482924388] [mhe_node]: [c_xy_est] cx=-0.0008 cy=-0.0000 m
[INFO] [1788469837.481428084] [mhe_node]: MHE mass estimate: 2.050 kg (T_phys=20.12N) | solve=10.8ms (max22.9)
[INFO] [1788469837.481974358] [mhe_node]: [truth] m_hat=2.0502 m_true=2.0643 err=-0.68% | c_hat=[+0.0000,+0.0000] c_true=[+0.0000,+0.0000] | Jxx_hat=0.01420 Jxx_true=0.01420 Jyz_hat=+0.00000 Jyz_true=+0.00000 | s_hat=[+0.0008,-0.0006] s_true=[+0.0000,+0.0000] kg·m
[INFO] [1788469837.482491538] [mhe_node]: [tau_phys] roll=-0.005 pitch=+0.060 Nm
[INFO] [1788469837.483092899] [mhe_node]: [mass-diag] m_est=2.0502 T=20.117N tilt=7.57deg cos=0.99128 | T/g=2.0507 T*cos/g=2.0328 | m_est-T*cos/g=+0.0174kg (+0.86%) vz=+0.055
[INFO] [1788469837.483674833] [mhe_node]: [c_xy_est] cx=+0.0003 cy=-0.0003 m
[INFO] [1788469839.484045254] [mhe_node]: MHE mass estimate: 2.056 kg (T_phys=20.26N) | solve=6.6ms (max9.5)
[INFO] [1788469839.484594843] [mhe_node]: [truth] m_hat=2.0561 m_true=2.0643 err=-0.40% | c_hat=[+0.0000,+0.0000] c_true=[+0.0000,+0.0000] | Jxx_hat=0.01420 Jxx_true=0.01420 Jyz_hat=+0.00000 Jyz_true=+0.00000 | s_hat=[+0.0001,-0.0002] s_true=[+0.0000,+0.0000] kg·m
[INFO] [1788469839.485117727] [mhe_node]: [tau_phys] roll=-0.007 pitch=+0.005 Nm
[INFO] [1788469839.485707775] [mhe_node]: [mass-diag] m_est=2.0561 T=20.263N tilt=6.07deg cos=0.99440 | T/g=2.0655 T*cos/g=2.0540 | m_est-T*cos/g=+0.0021kg (+0.10%) vz=-0.072
[INFO] [1788469839.486292434] [mhe_node]: [c_xy_est] cx=+0.0001 cy=-0.0001 m
[INFO] [1788469841.489408368] [mhe_node]: MHE mass estimate: 2.056 kg (T_phys=20.37N) | solve=8.5ms (max18.5)
[INFO] [1788469841.489947893] [mhe_node]: [truth] m_hat=2.0557 m_true=2.0643 err=-0.42% | c_hat=[+0.0000,+0.0000] c_true=[+0.0000,+0.0000] | Jxx_hat=0.01420 Jxx_true=0.01420 Jyz_hat=+0.00000 Jyz_true=+0.00000 | s_hat=[-0.0005,-0.0007] s_true=[+0.0000,+0.0000] kg·m
[INFO] [1788469841.490462022] [mhe_node]: [tau_phys] roll=+0.005 pitch=+0.027 Nm
[INFO] [1788469841.491050956] [mhe_node]: [mass-diag] m_est=2.0557 T=20.368N tilt=10.56deg cos=0.98305 | T/g=2.0763 T*cos/g=2.0411 | m_est-T*cos/g=+0.0146kg (+0.72%) vz=-0.165
[INFO] [1788469841.491630489] [mhe_node]: [c_xy_est] cx=-0.0002 cy=-0.0004 m
[INFO] [1788469843.487237802] [mhe_node]: MHE mass estimate: 2.039 kg (T_phys=20.04N) | solve=9.2ms (max19.2)
[INFO] [1788469843.487796926] [mhe_node]: [truth] m_hat=2.0394 m_true=2.0643 err=-1.21% | c_hat=[+0.0000,+0.0000] c_true=[+0.0000,+0.0000] | Jxx_hat=0.01420 Jxx_true=0.01420 Jyz_hat=+0.00000 Jyz_true=+0.00000 | s_hat=[+0.0004,+0.0003] s_true=[+0.0000,+0.0000] kg·m
[INFO] [1788469843.488321235] [mhe_node]: [tau_phys] roll=+0.007 pitch=+0.034 Nm
[INFO] [1788469843.488921868] [mhe_node]: [mass-diag] m_est=2.0394 T=20.039N tilt=4.62deg cos=0.99675 | T/g=2.0427 T*cos/g=2.0361 | m_est-T*cos/g=+0.0033kg (+0.16%) vz=-0.241
[INFO] [1788469843.489499873] [mhe_node]: [c_xy_est] cx=+0.0003 cy=+0.0001 m
[INFO] [1788469845.480496054] [mhe_node]: MHE mass estimate: 2.053 kg (T_phys=20.52N) | solve=8.1ms (max17.0)
[INFO] [1788469845.481042817] [mhe_node]: [truth] m_hat=2.0528 m_true=2.0643 err=-0.56% | c_hat=[+0.0000,+0.0000] c_true=[+0.0000,+0.0000] | Jxx_hat=0.01420 Jxx_true=0.01420 Jyz_hat=+0.00000 Jyz_true=+0.00000 | s_hat=[-0.0008,+0.0015] s_true=[+0.0000,+0.0000] kg·m
[INFO] [1788469845.481561282] [mhe_node]: [tau_phys] roll=+0.012 pitch=+0.056 Nm
[INFO] [1788469845.482154092] [mhe_node]: [mass-diag] m_est=2.0528 T=20.516N tilt=5.69deg cos=0.99508 | T/g=2.0913 T*cos/g=2.0810 | m_est-T*cos/g=-0.0282kg (-1.35%) vz=-0.228
[INFO] [1788469845.482737088] [mhe_node]: [c_xy_est] cx=-0.0005 cy=+0.0007 m
[ros2run]: Killed
