[INFO] [1784798976.234198061] [mhe_node]: MHE node starting, building/loading solver...
Code reuse possible, skipping code generation.
acados was compiled without OpenMP.
[INFO] [1784798976.243924626] [mhe_node]: weight schedule theta = [-4.00, 0.00, 0.00, 0.00], signal mode = external
[INFO] [1784798976.252192957] [mhe_node]: MHE node initialized! Waiting for odometry + control data...
[INFO] [1784799009.154049500] [mhe_node]: [geom] payload_attached=False -> dJ=0.0000 c_xy=[+0.0000,+0.0000]
[INFO] [1784799011.066099211] [mhe_node]: MHE mass estimate: 2.063 kg (T_phys=18.17N)
[INFO] [1784799011.068357502] [mhe_node]: [tau_phys] roll=+0.001 pitch=-0.003 Nm
[INFO] [1784799011.070688230] [mhe_node]: [c_xy_est] cx=-0.0001 cy=+0.0000 m
[INFO] [1784799013.066022600] [mhe_node]: MHE mass estimate: 2.071 kg (T_phys=20.28N)
[INFO] [1784799013.068312619] [mhe_node]: [tau_phys] roll=+0.000 pitch=+0.001 Nm
[INFO] [1784799013.070663526] [mhe_node]: [c_xy_est] cx=-0.0001 cy=+0.0000 m
[INFO] [1784799013.805574981] [mhe_node]: mass event [attach (gripper)] received at frame 67: armed, waiting for T_phys confirmation (baseline=20.39N, thresh=1.5N)
[INFO] [1784799013.853863056] [mhe_node]: [geom] payload_attached=True -> dJ=0.0479 c_xy=[-0.0003,-0.0056]
[INFO] [1784799013.876907598] [mhe_node]: [post-event] m_est=2.049 kg (T_phys=20.38N)
[INFO] [1784799013.976908678] [mhe_node]: [post-event] m_est=2.050 kg (T_phys=20.11N)
[INFO] [1784799014.077746086] [mhe_node]: [post-event] m_est=2.050 kg (T_phys=19.98N)
[INFO] [1784799014.179075866] [mhe_node]: [post-event] m_est=2.050 kg (T_phys=20.01N)
[INFO] [1784799014.295032280] [mhe_node]: [post-event] m_est=2.049 kg (T_phys=19.99N)
[INFO] [1784799014.386256160] [mhe_node]: [post-event] m_est=2.048 kg (T_phys=19.98N)
[INFO] [1784799014.480381842] [mhe_node]: [post-event] m_est=2.046 kg (T_phys=19.96N)
[INFO] [1784799014.577002095] [mhe_node]: [post-event] m_est=2.044 kg (T_phys=19.97N)
[INFO] [1784799014.685147321] [mhe_node]: [post-event] m_est=2.042 kg (T_phys=19.99N)
[INFO] [1784799014.781528213] [mhe_node]: [post-event] m_est=2.040 kg (T_phys=19.98N)
[INFO] [1784799014.878561435] [mhe_node]: [post-event] m_est=2.038 kg (T_phys=19.97N)
[INFO] [1784799014.977480658] [mhe_node]: [post-event] m_est=2.036 kg (T_phys=19.98N)
[INFO] [1784799015.082997405] [mhe_node]: [post-event] m_est=2.033 kg (T_phys=20.00N)
[INFO] [1784799015.084646910] [mhe_node]: MHE mass estimate: 2.033 kg (T_phys=20.00N)
[INFO] [1784799015.086117310] [mhe_node]: [tau_phys] roll=+0.118 pitch=-0.179 Nm | model pred: roll=-0.000 pitch=+0.000 (m_p=0.000 r=[-0.003,-0.063])
[INFO] [1784799015.087831653] [mhe_node]: [c_xy_est] cx=+0.0028 cy=+0.0017 m | truth c=[-0.0000,-0.0000] (m_p=0.000)
[INFO] [1784799015.188081104] [mhe_node]: [post-event] m_est=2.031 kg (T_phys=19.99N)
[INFO] [1784799015.258036869] [mhe_node]: [post-event] m_est=2.030 kg (T_phys=19.97N)
[INFO] [1784799015.380014847] [mhe_node]: [post-event] m_est=2.028 kg (T_phys=19.96N)
[INFO] [1784799015.480962819] [mhe_node]: [post-event] m_est=2.026 kg (T_phys=19.99N)
[INFO] [1784799015.581209825] [mhe_node]: [post-event] m_est=2.025 kg (T_phys=19.99N)
[INFO] [1784799015.683066985] [mhe_node]: [post-event] m_est=2.023 kg (T_phys=20.02N)
[INFO] [1784799015.783677365] [mhe_node]: [post-event] m_est=2.022 kg (T_phys=20.15N)
[INFO] [1784799015.885458274] [mhe_node]: [post-event] m_est=2.022 kg (T_phys=20.38N)
[INFO] [1784799015.983366766] [mhe_node]: [post-event] m_est=2.021 kg (T_phys=20.82N)
[INFO] [1784799016.080693781] [mhe_node]: [post-event] m_est=2.022 kg (T_phys=21.40N)
[INFO] [1784799016.153633874] [mhe_node]: mass event confirmed by T_phys (22.10N vs baseline 20.39N) at frame 90: de-weighting pre-event stages
[INFO] [1784799016.157368231] [mhe_node]: event transition started: pre-event stages de-weighted
[INFO] [1784799016.182987602] [mhe_node]: [transition] m_est=2.024 kg (T_phys=22.10N)
[INFO] [1784799016.271060366] [mhe_node]: [transition] m_est=2.045 kg (T_phys=23.00N)
[INFO] [1784799016.369933222] [mhe_node]: [transition] m_est=2.139 kg (T_phys=23.91N)
[INFO] [1784799016.470053870] [mhe_node]: [transition] m_est=2.180 kg (T_phys=24.78N)
[INFO] [1784799016.569757949] [mhe_node]: [transition] m_est=2.194 kg (T_phys=26.32N)
[INFO] [1784799016.671739014] [mhe_node]: [transition] m_est=2.194 kg (T_phys=26.54N)
[INFO] [1784799016.771223458] [mhe_node]: [transition] m_est=2.196 kg (T_phys=26.14N)
[INFO] [1784799016.871884497] [mhe_node]: [transition] m_est=2.194 kg (T_phys=25.02N)
[INFO] [1784799016.974518588] [mhe_node]: [transition] m_est=2.193 kg (T_phys=24.14N)
[INFO] [1784799017.074243188] [mhe_node]: [transition] m_est=2.190 kg (T_phys=23.20N)
[INFO] [1784799017.076429634] [mhe_node]: MHE mass estimate: 2.190 kg (T_phys=23.20N)
[INFO] [1784799017.078411901] [mhe_node]: [tau_phys] roll=-0.128 pitch=-0.014 Nm | model pred: roll=-0.078 pitch=+0.004 (m_p=0.125 r=[-0.003,-0.063])
[INFO] [1784799017.080413790] [mhe_node]: [c_xy_est] cx=+0.0026 cy=-0.0021 m | truth c=[-0.0002,-0.0036] (m_p=0.125)
[INFO] [1784799017.176516376] [mhe_node]: [transition] m_est=2.187 kg (T_phys=22.59N)
[INFO] [1784799017.274358979] [mhe_node]: [transition] m_est=2.185 kg (T_phys=22.07N)
[INFO] [1784799017.376598254] [mhe_node]: [transition] m_est=2.183 kg (T_phys=21.80N)
[INFO] [1784799017.476462159] [mhe_node]: [transition] m_est=2.181 kg (T_phys=21.46N)
[INFO] [1784799017.576188855] [mhe_node]: [transition] m_est=2.181 kg (T_phys=21.25N)
[INFO] [1784799017.676618233] [mhe_node]: [transition] m_est=2.180 kg (T_phys=21.01N)
[INFO] [1784799017.776248136] [mhe_node]: [transition] m_est=2.181 kg (T_phys=20.98N)
[INFO] [1784799017.877052073] [mhe_node]: [transition] m_est=2.181 kg (T_phys=20.75N)
[INFO] [1784799017.977519367] [mhe_node]: [transition] m_est=2.183 kg (T_phys=20.66N)
[INFO] [1784799018.078524975] [mhe_node]: [transition] m_est=2.184 kg (T_phys=20.45N)
[INFO] [1784799018.157909557] [mhe_node]: event transition ended: nominal weights restored
[INFO] [1784799018.177952933] [mhe_node]: [post-event] m_est=2.186 kg (T_phys=20.29N)
[INFO] [1784799018.274801734] [mhe_node]: [post-event] m_est=2.190 kg (T_phys=20.18N)
[INFO] [1784799018.372903169] [mhe_node]: [post-event] m_est=2.195 kg (T_phys=20.14N)
[INFO] [1784799018.474696872] [mhe_node]: [post-event] m_est=2.200 kg (T_phys=20.25N)
[INFO] [1784799018.574776172] [mhe_node]: [post-event] m_est=2.206 kg (T_phys=20.48N)
[INFO] [1784799018.674393282] [mhe_node]: [post-event] m_est=2.212 kg (T_phys=20.80N)
[INFO] [1784799018.777177971] [mhe_node]: [post-event] m_est=2.217 kg (T_phys=21.13N)
[INFO] [1784799018.856051898] [mhe_node]: [post-event] m_est=2.223 kg (T_phys=21.45N)
[INFO] [1784799018.972182553] [mhe_node]: [post-event] m_est=2.228 kg (T_phys=21.75N)
[INFO] [1784799019.072906086] [mhe_node]: [post-event] m_est=2.232 kg (T_phys=21.86N)
[INFO] [1784799019.075302630] [mhe_node]: MHE mass estimate: 2.232 kg (T_phys=21.86N)
[INFO] [1784799019.077522125] [mhe_node]: [tau_phys] roll=-0.126 pitch=+0.002 Nm | model pred: roll=-0.104 pitch=+0.005 (m_p=0.168 r=[-0.003,-0.063])
[INFO] [1784799019.079724961] [mhe_node]: [c_xy_est] cx=+0.0009 cy=-0.0043 m | truth c=[-0.0002,-0.0048] (m_p=0.168)
[INFO] [1784799019.172530713] [mhe_node]: [post-event] m_est=2.236 kg (T_phys=21.95N)
[INFO] [1784799019.272619015] [mhe_node]: [post-event] m_est=2.240 kg (T_phys=21.97N)
[INFO] [1784799019.372686102] [mhe_node]: [post-event] m_est=2.243 kg (T_phys=22.04N)
[INFO] [1784799019.472565065] [mhe_node]: [post-event] m_est=2.246 kg (T_phys=22.06N)
[INFO] [1784799019.572754004] [mhe_node]: [post-event] m_est=2.248 kg (T_phys=22.07N)
[INFO] [1784799019.675507416] [mhe_node]: [post-event] m_est=2.251 kg (T_phys=22.07N)
[INFO] [1784799019.772728956] [mhe_node]: [post-event] m_est=2.252 kg (T_phys=22.07N)
[INFO] [1784799019.870174929] [mhe_node]: [post-event] m_est=2.253 kg (T_phys=22.07N)
[INFO] [1784799019.970516122] [mhe_node]: [post-event] m_est=2.254 kg (T_phys=22.06N)
[INFO] [1784799020.070579292] [mhe_node]: [post-event] m_est=2.255 kg (T_phys=22.05N)
[INFO] [1784799020.169105962] [mhe_node]: [post-event] m_est=2.255 kg (T_phys=22.04N)
[INFO] [1784799020.256437428] [mhe_node]: [post-event] m_est=2.256 kg (T_phys=22.03N)
[INFO] [1784799020.355262783] [mhe_node]: [post-event] m_est=2.256 kg (T_phys=22.04N)
[INFO] [1784799020.468603419] [mhe_node]: [post-event] m_est=2.256 kg (T_phys=22.05N)
[INFO] [1784799020.570190292] [mhe_node]: [post-event] m_est=2.256 kg (T_phys=22.09N)
[INFO] [1784799020.670328601] [mhe_node]: [post-event] m_est=2.256 kg (T_phys=22.13N)
[INFO] [1784799020.769876474] [mhe_node]: [post-event] m_est=2.257 kg (T_phys=22.16N)
[INFO] [1784799021.068653538] [mhe_node]: MHE mass estimate: 2.258 kg (T_phys=22.20N)
[INFO] [1784799021.070532868] [mhe_node]: [tau_phys] roll=-0.126 pitch=+0.012 Nm | model pred: roll=-0.120 pitch=+0.006 (m_p=0.194 r=[-0.003,-0.063])
[INFO] [1784799021.072459617] [mhe_node]: [c_xy_est] cx=-0.0000 cy=-0.0052 m | truth c=[-0.0003,-0.0054] (m_p=0.194)
[INFO] [1784799023.066258887] [mhe_node]: MHE mass estimate: 2.259 kg (T_phys=22.19N)
[INFO] [1784799023.068539405] [mhe_node]: [tau_phys] roll=-0.129 pitch=+0.011 Nm | model pred: roll=-0.121 pitch=+0.006 (m_p=0.195 r=[-0.003,-0.063])
[INFO] [1784799023.070755472] [mhe_node]: [c_xy_est] cx=-0.0001 cy=-0.0054 m | truth c=[-0.0003,-0.0054] (m_p=0.195)
[INFO] [1784799025.065639329] [mhe_node]: MHE mass estimate: 2.261 kg (T_phys=22.19N)
[INFO] [1784799025.067919835] [mhe_node]: [tau_phys] roll=-0.124 pitch=+0.023 Nm | model pred: roll=-0.121 pitch=+0.006 (m_p=0.196 r=[-0.003,-0.063])
[INFO] [1784799025.070306584] [mhe_node]: [c_xy_est] cx=-0.0006 cy=-0.0055 m | truth c=[-0.0003,-0.0055] (m_p=0.196)
[INFO] [1784799027.065913706] [mhe_node]: MHE mass estimate: 2.260 kg (T_phys=22.20N)
[INFO] [1784799027.068186070] [mhe_node]: [tau_phys] roll=-0.127 pitch=+0.005 Nm | model pred: roll=-0.121 pitch=+0.006 (m_p=0.196 r=[-0.003,-0.063])
[INFO] [1784799027.070555556] [mhe_node]: [c_xy_est] cx=-0.0005 cy=-0.0056 m | truth c=[-0.0003,-0.0055] (m_p=0.196)
[INFO] [1784799029.065850268] [mhe_node]: MHE mass estimate: 2.261 kg (T_phys=22.21N)
[INFO] [1784799029.068136442] [mhe_node]: [tau_phys] roll=-0.124 pitch=+0.027 Nm | model pred: roll=-0.122 pitch=+0.006 (m_p=0.197 r=[-0.003,-0.063])
[INFO] [1784799029.070506167] [mhe_node]: [c_xy_est] cx=-0.0006 cy=-0.0056 m | truth c=[-0.0003,-0.0055] (m_p=0.197)
[ros2run]: Killed
