[INFO] [1785481815.097278769] [acados_nmpc_node]: acados NMPC node starting, building/loading solver...
Code reuse possible, skipping code generation.
acados was compiled without OpenMP.
[INFO] [1785481815.107586374] [acados_nmpc_node]: GRIPPER MODE: hover over box (1.0,0.1) z 0.55->2.5m, lift after 1.5s, empty m_est=2.06kg
[INFO] [1785481815.108019686] [acados_nmpc_node]: Warming up acados solver...
[INFO] [1785481815.111685129] [acados_nmpc_node]: Solver warmup complete, took 3.2 ms
[INFO] [1785481815.118603999] [acados_nmpc_node]: Decoupled publish enabled: solve @10Hz, body_rate/thrust @50Hz (trajectory interpolation)
[INFO] [1785481815.119112528] [acados_nmpc_node]: acados NMPC node initialized! Waiting for EKF2 convergence...
[INFO] [1785481835.120612200] [acados_nmpc_node]: Waiting for EKF2 convergence... 10/10 s
[INFO] [1785481835.220793136] [acados_nmpc_node]: Switching to OFFBOARD mode
[INFO] [1785481836.119853730] [acados_nmpc_node]: Sending arm command
[INFO] [1785481837.120829718] [acados_nmpc_node]: Armed, preparing to move to trajectory start...
[INFO] [1785481842.021010252] [acados_nmpc_node]: Gripper approach (climb): rising at spawn to z=1.50m | z=0.99m v=0.23m/s
[INFO] [1785481844.121251444] [acados_nmpc_node]: Gripper approach: climbed to safe altitude at spawn, now translating over box
[INFO] [1785481846.521499399] [acados_nmpc_node]: Gripper approach: aligned above box, NMPC will take over here (z=1.50m), settle 3.0s then descend to z=0.55m to trigger attach
[INFO] [1785481846.621651743] [acados_nmpc_node]: Reached trajectory start, NMPC tracking begins!
[INFO] [1785481846.922820230] [acados_nmpc_node]: t=0.3s | pos_err=0.074m | T=20.43N | tau=[r-0.008 p-0.012 y-0.011]Nm | res_stat=4.114e-07(peak 4.114e-07) sqp_iter=4 | solve=1.0ms
[INFO] [1785481849.621508284] [acados_nmpc_node]: t=3.0s | DESCEND: settle done, lowering 1.5->0.55m, will enable gripper at bottom
[INFO] [1785481851.922814843] [acados_nmpc_node]: t=5.3s | pos_err=0.107m | T=21.04N | tau=[r0.002 p-0.002 y0.000]Nm | res_stat=9.271e-08(peak 7.864e-07) sqp_iter=3 | solve=0.8ms
[INFO] [1785481854.821928593] [acados_nmpc_node]: t=8.2s | DESCEND done at z=0.568m (target 0.550m, z_err=0.018m, v=0.03m/s), gripper ENABLED (attach will trigger now)
[INFO] [1785481854.885159300] [acados_nmpc_node]: attach offset received: box-drone = [+0.008, -0.106, -0.427] m
[INFO] [1785481854.920719470] [acados_nmpc_node]: PX4 MC_ROLLRATE_K: 1.000 -> 5.000 (inertia ratio 5.07, cap 5.0)
[INFO] [1785481854.920889366] [acados_nmpc_node]: PX4 MC_PITCHRATE_K: 1.000 -> 5.000 (inertia ratio 5.07, cap 5.0)
[INFO] [1785481854.921038886] [acados_nmpc_node]: t=8.3s | ATTACH (geom_source=online): dJ/gain init from prior m_p=0.30kg arm=0.47m (dJ=0.0579); c_xy+dJ refine online, attach truth eval-only
[INFO] [1785481854.922075779] [acados_nmpc_node]: [attach-window] t=8.30s pos_err=0.016m T=20.29N z=0.566 m_est=2.064
[INFO] [1785481855.021742506] [acados_nmpc_node]: [attach-window] t=8.40s pos_err=0.017m T=19.13N z=0.566 m_est=1.986
[INFO] [1785481855.121575180] [acados_nmpc_node]: [attach-window] t=8.50s pos_err=0.018m T=19.17N z=0.567 m_est=1.991
[INFO] [1785481855.221537311] [acados_nmpc_node]: [attach-window] t=8.60s pos_err=0.019m T=19.17N z=0.567 m_est=1.991
[INFO] [1785481855.321705125] [acados_nmpc_node]: [attach-window] t=8.70s pos_err=0.019m T=19.16N z=0.568 m_est=1.990
[INFO] [1785481855.421626370] [acados_nmpc_node]: [attach-window] t=8.80s pos_err=0.019m T=19.15N z=0.568 m_est=1.989
[INFO] [1785481855.521560330] [acados_nmpc_node]: [attach-window] t=8.90s pos_err=0.019m T=19.13N z=0.567 m_est=1.986
[INFO] [1785481855.621668403] [acados_nmpc_node]: [attach-window] t=9.00s pos_err=0.019m T=19.08N z=0.567 m_est=1.983
[INFO] [1785481855.721477981] [acados_nmpc_node]: [attach-window] t=9.10s pos_err=0.020m T=19.02N z=0.568 m_est=1.978
[INFO] [1785481855.821608696] [acados_nmpc_node]: [attach-window] t=9.20s pos_err=0.020m T=18.96N z=0.569 m_est=1.972
[INFO] [1785481855.921518253] [acados_nmpc_node]: [attach-window] t=9.30s pos_err=0.022m T=18.89N z=0.569 m_est=1.966
[INFO] [1785481856.023122921] [acados_nmpc_node]: [attach-window] t=9.40s pos_err=0.023m T=18.84N z=0.569 m_est=1.961
[INFO] [1785481856.123222554] [acados_nmpc_node]: [attach-window] t=9.50s pos_err=0.024m T=18.85N z=0.569 m_est=1.961
[INFO] [1785481856.223119964] [acados_nmpc_node]: [attach-window] t=9.60s pos_err=0.025m T=18.85N z=0.569 m_est=1.961
[INFO] [1785481856.323235596] [acados_nmpc_node]: [attach-window] t=9.70s pos_err=0.025m T=18.85N z=0.569 m_est=1.961
[INFO] [1785481856.421976916] [acados_nmpc_node]: t=9.8s | LIFT: raising hover 0.55->2.5m to lift payload
[INFO] [1785481856.423506442] [acados_nmpc_node]: [attach-window] t=9.80s pos_err=0.025m T=18.86N z=0.569 m_est=1.961
[INFO] [1785481856.523188201] [acados_nmpc_node]: [attach-window] t=9.90s pos_err=0.024m T=18.88N z=0.569 m_est=1.961
[INFO] [1785481856.623334209] [acados_nmpc_node]: [attach-window] t=10.00s pos_err=0.020m T=18.96N z=0.568 m_est=1.961
[INFO] [1785481856.723034119] [acados_nmpc_node]: [attach-window] t=10.10s pos_err=0.014m T=19.16N z=0.568 m_est=1.961
[INFO] [1785481856.821814118] [acados_nmpc_node]: [attach-window] t=10.20s pos_err=0.024m T=19.52N z=0.567 m_est=1.961
[INFO] [1785481856.921829464] [acados_nmpc_node]: [attach-window] t=10.30s pos_err=0.055m T=20.08N z=0.565 m_est=1.961
[INFO] [1785481856.922182379] [acados_nmpc_node]: t=10.3s | pos_err=0.055m | T=20.08N | tau=[r0.110 p-0.109 y0.000]Nm | res_stat=3.615e-07(peak 9.836e-07) sqp_iter=3 | solve=0.7ms
[INFO] [1785481857.021665263] [acados_nmpc_node]: [attach-window] t=10.40s pos_err=0.100m T=20.83N z=0.563 m_est=1.961
[INFO] [1785481857.121521867] [acados_nmpc_node]: [attach-window] t=10.50s pos_err=0.158m T=21.79N z=0.561 m_est=1.961
[INFO] [1785481857.221701737] [acados_nmpc_node]: [attach-window] t=10.60s pos_err=0.229m T=22.93N z=0.559 m_est=1.961
[INFO] [1785481857.323297991] [acados_nmpc_node]: [attach-window] t=10.70s pos_err=0.311m T=24.25N z=0.558 m_est=1.961
[INFO] [1785481857.422077568] [acados_nmpc_node]: [attach-window] t=10.80s pos_err=0.403m T=25.65N z=0.557 m_est=1.961
[INFO] [1785481857.521850851] [acados_nmpc_node]: [attach-window] t=10.90s pos_err=0.503m T=27.31N z=0.557 m_est=1.994
[INFO] [1785481857.622069944] [acados_nmpc_node]: [attach-window] t=11.00s pos_err=0.605m T=29.41N z=0.565 m_est=2.115
[INFO] [1785481857.723337373] [acados_nmpc_node]: [attach-window] t=11.10s pos_err=0.703m T=30.08N z=0.584 m_est=2.158
[INFO] [1785481857.823485751] [acados_nmpc_node]: [attach-window] t=11.20s pos_err=0.785m T=29.55N z=0.622 m_est=2.168
[INFO] [1785481857.923317545] [acados_nmpc_node]: [attach-window] t=11.30s pos_err=0.839m T=28.22N z=0.689 m_est=2.179
[INFO] [1785481858.023207218] [acados_nmpc_node]: [attach-window] t=11.40s pos_err=0.876m T=27.02N z=0.774 m_est=2.182
[INFO] [1785481858.123199935] [acados_nmpc_node]: [attach-window] t=11.50s pos_err=0.884m T=25.66N z=0.886 m_est=2.187
[INFO] [1785481858.223249495] [acados_nmpc_node]: [attach-window] t=11.60s pos_err=0.883m T=24.72N z=1.002 m_est=2.187
[INFO] [1785481858.323339373] [acados_nmpc_node]: [attach-window] t=11.70s pos_err=0.860m T=23.81N z=1.133 m_est=2.187
[INFO] [1785481858.423589519] [acados_nmpc_node]: [attach-window] t=11.80s pos_err=0.837m T=23.30N z=1.256 m_est=2.186
[INFO] [1785481858.523360891] [acados_nmpc_node]: [attach-window] t=11.90s pos_err=0.797m T=22.75N z=1.387 m_est=2.182
[INFO] [1785481858.623554037] [acados_nmpc_node]: [attach-window] t=12.00s pos_err=0.761m T=22.49N z=1.503 m_est=2.178
[INFO] [1785481858.723423023] [acados_nmpc_node]: [attach-window] t=12.10s pos_err=0.712m T=22.18N z=1.620 m_est=2.173
[INFO] [1785481858.823439172] [acados_nmpc_node]: [attach-window] t=12.20s pos_err=0.667m T=22.01N z=1.721 m_est=2.169
[INFO] [1785481858.923474686] [acados_nmpc_node]: [attach-window] t=12.30s pos_err=0.609m T=21.77N z=1.822 m_est=2.165
[INFO] [1785481859.023415100] [acados_nmpc_node]: [attach-window] t=12.40s pos_err=0.550m T=21.58N z=1.914 m_est=2.162
[INFO] [1785481859.121879119] [acados_nmpc_node]: [attach-window] t=12.50s pos_err=0.495m T=21.48N z=1.989 m_est=2.160
[INFO] [1785481859.221591012] [acados_nmpc_node]: [attach-window] t=12.60s pos_err=0.439m T=21.42N z=2.056 m_est=2.159
[INFO] [1785481859.323212041] [acados_nmpc_node]: [attach-window] t=12.70s pos_err=0.381m T=21.41N z=2.119 m_est=2.159
[INFO] [1785481859.423267787] [acados_nmpc_node]: [attach-window] t=12.80s pos_err=0.333m T=21.50N z=2.168 m_est=2.161
[INFO] [1785481859.523130581] [acados_nmpc_node]: [attach-window] t=12.90s pos_err=0.289m T=21.70N z=2.212 m_est=2.163
[INFO] [1785481859.623292244] [acados_nmpc_node]: [attach-window] t=13.00s pos_err=0.256m T=22.22N z=2.245 m_est=2.193
[INFO] [1785481859.723336512] [acados_nmpc_node]: [attach-window] t=13.10s pos_err=0.228m T=22.48N z=2.272 m_est=2.193
[INFO] [1785481859.823435924] [acados_nmpc_node]: [attach-window] t=13.20s pos_err=0.208m T=22.96N z=2.292 m_est=2.226
[INFO] [1785481859.923178853] [acados_nmpc_node]: [attach-window] t=13.30s pos_err=0.190m T=23.16N z=2.310 m_est=2.240
[INFO] [1785481860.023210189] [acados_nmpc_node]: [attach-window] t=13.40s pos_err=0.174m T=23.20N z=2.326 m_est=2.251
[INFO] [1785481860.123295916] [acados_nmpc_node]: [attach-window] t=13.50s pos_err=0.160m T=23.07N z=2.340 m_est=2.251
[INFO] [1785481860.223290467] [acados_nmpc_node]: [attach-window] t=13.60s pos_err=0.147m T=23.12N z=2.354 m_est=2.269
[INFO] [1785481860.323298053] [acados_nmpc_node]: [attach-window] t=13.70s pos_err=0.133m T=23.09N z=2.367 m_est=2.276
[INFO] [1785481860.423173045] [acados_nmpc_node]: [attach-window] t=13.80s pos_err=0.122m T=23.04N z=2.379 m_est=2.281
[INFO] [1785481860.523370085] [acados_nmpc_node]: [attach-window] t=13.90s pos_err=0.110m T=23.00N z=2.391 m_est=2.286
[INFO] [1785481860.623395954] [acados_nmpc_node]: [attach-window] t=14.00s pos_err=0.100m T=22.98N z=2.402 m_est=2.291
[INFO] [1785481860.723473569] [acados_nmpc_node]: [attach-window] t=14.10s pos_err=0.090m T=22.97N z=2.412 m_est=2.294
[INFO] [1785481860.823428812] [acados_nmpc_node]: [attach-window] t=14.20s pos_err=0.082m T=22.98N z=2.421 m_est=2.298
[INFO] [1785481860.923391062] [acados_nmpc_node]: [attach-window] t=14.30s pos_err=0.074m T=23.01N z=2.429 m_est=2.302
[INFO] [1785481861.021950951] [acados_nmpc_node]: [attach-window] t=14.40s pos_err=0.068m T=23.05N z=2.435 m_est=2.305
[INFO] [1785481861.121997065] [acados_nmpc_node]: [attach-window] t=14.50s pos_err=0.063m T=23.09N z=2.440 m_est=2.309
[INFO] [1785481861.221615454] [acados_nmpc_node]: [attach-window] t=14.60s pos_err=0.058m T=23.14N z=2.444 m_est=2.312
[INFO] [1785481861.321710663] [acados_nmpc_node]: [attach-window] t=14.70s pos_err=0.054m T=23.16N z=2.448 m_est=2.316
[INFO] [1785481861.422225854] [acados_nmpc_node]: [attach-window] t=14.80s pos_err=0.049m T=23.16N z=2.452 m_est=2.320
[INFO] [1785481861.521914933] [acados_nmpc_node]: [attach-window] t=14.90s pos_err=0.045m T=23.15N z=2.456 m_est=2.323
[INFO] [1785481861.621952032] [acados_nmpc_node]: [attach-window] t=15.00s pos_err=0.040m T=23.13N z=2.460 m_est=2.326
[INFO] [1785481861.722042668] [acados_nmpc_node]: [attach-window] t=15.10s pos_err=0.037m T=23.13N z=2.463 m_est=2.329
[INFO] [1785481861.823380913] [acados_nmpc_node]: [attach-window] t=15.20s pos_err=0.034m T=23.11N z=2.467 m_est=2.332
[INFO] [1785481861.923369420] [acados_nmpc_node]: [attach-window] t=15.30s pos_err=0.032m T=23.11N z=2.470 m_est=2.335
[INFO] [1785481861.923845129] [acados_nmpc_node]: t=15.3s | pos_err=0.032m | T=23.11N | tau=[r-0.266 p-0.015 y-0.004]Nm | res_stat=3.641e-07(peak 9.836e-07) sqp_iter=3 | solve=0.8ms
[INFO] [1785481862.023484520] [acados_nmpc_node]: [attach-window] t=15.40s pos_err=0.031m T=23.12N z=2.472 m_est=2.337
[INFO] [1785481862.123385751] [acados_nmpc_node]: [attach-window] t=15.50s pos_err=0.031m T=23.13N z=2.473 m_est=2.339
[INFO] [1785481862.223463376] [acados_nmpc_node]: [attach-window] t=15.60s pos_err=0.031m T=23.15N z=2.474 m_est=2.340
[INFO] [1785481862.323546125] [acados_nmpc_node]: [attach-window] t=15.70s pos_err=0.031m T=23.15N z=2.476 m_est=2.342
[INFO] [1785481862.423502429] [acados_nmpc_node]: [attach-window] t=15.80s pos_err=0.031m T=23.14N z=2.477 m_est=2.343
[INFO] [1785481862.523603375] [acados_nmpc_node]: [attach-window] t=15.90s pos_err=0.032m T=23.13N z=2.478 m_est=2.345
[INFO] [1785481862.623488703] [acados_nmpc_node]: [attach-window] t=16.00s pos_err=0.033m T=23.15N z=2.479 m_est=2.346
[INFO] [1785481862.723458069] [acados_nmpc_node]: [attach-window] t=16.10s pos_err=0.034m T=23.17N z=2.479 m_est=2.347
[INFO] [1785481862.823580809] [acados_nmpc_node]: [attach-window] t=16.20s pos_err=0.034m T=23.19N z=2.479 m_est=2.348
[INFO] [1785481862.923683464] [acados_nmpc_node]: [attach-window] t=16.30s pos_err=0.034m T=23.20N z=2.479 m_est=2.350
[INFO] [1785481863.023665472] [acados_nmpc_node]: [attach-window] t=16.40s pos_err=0.034m T=23.21N z=2.479 m_est=2.351
[INFO] [1785481863.122032537] [acados_nmpc_node]: [attach-window] t=16.50s pos_err=0.032m T=23.21N z=2.479 m_est=2.352
[INFO] [1785481863.223362813] [acados_nmpc_node]: [attach-window] t=16.60s pos_err=0.031m T=23.20N z=2.479 m_est=2.353
[INFO] [1785481863.323456985] [acados_nmpc_node]: [attach-window] t=16.70s pos_err=0.029m T=23.18N z=2.479 m_est=2.354
[INFO] [1785481863.423492115] [acados_nmpc_node]: [attach-window] t=16.80s pos_err=0.026m T=23.15N z=2.481 m_est=2.354
[INFO] [1785481863.523337543] [acados_nmpc_node]: [attach-window] t=16.90s pos_err=0.023m T=23.11N z=2.483 m_est=2.355
[INFO] [1785481863.623518735] [acados_nmpc_node]: [attach-window] t=17.00s pos_err=0.020m T=23.08N z=2.484 m_est=2.355
[INFO] [1785481863.723474934] [acados_nmpc_node]: [attach-window] t=17.10s pos_err=0.017m T=23.06N z=2.487 m_est=2.355
[INFO] [1785481863.823435829] [acados_nmpc_node]: [attach-window] t=17.20s pos_err=0.014m T=23.04N z=2.489 m_est=2.355
[INFO] [1785481863.923457020] [acados_nmpc_node]: [attach-window] t=17.30s pos_err=0.012m T=23.03N z=2.492 m_est=2.355
[INFO] [1785481864.021876352] [acados_nmpc_node]: [attach-window] t=17.40s pos_err=0.010m T=23.03N z=2.494 m_est=2.355
[INFO] [1785481864.121857867] [acados_nmpc_node]: [attach-window] t=17.50s pos_err=0.008m T=23.04N z=2.496 m_est=2.355
[INFO] [1785481864.223516264] [acados_nmpc_node]: [attach-window] t=17.60s pos_err=0.006m T=23.05N z=2.498 m_est=2.356
[INFO] [1785481864.323617467] [acados_nmpc_node]: [attach-window] t=17.70s pos_err=0.005m T=23.05N z=2.500 m_est=2.356
[INFO] [1785481864.423641714] [acados_nmpc_node]: [attach-window] t=17.80s pos_err=0.006m T=23.04N z=2.502 m_est=2.356
[INFO] [1785481864.523554065] [acados_nmpc_node]: [attach-window] t=17.90s pos_err=0.009m T=23.03N z=2.503 m_est=2.356
[INFO] [1785481864.622306943] [acados_nmpc_node]: [attach-window] t=18.00s pos_err=0.011m T=23.03N z=2.505 m_est=2.356
[INFO] [1785481864.723559449] [acados_nmpc_node]: [attach-window] t=18.10s pos_err=0.014m T=23.05N z=2.506 m_est=2.356
[INFO] [1785481864.823858679] [acados_nmpc_node]: [attach-window] t=18.20s pos_err=0.016m T=23.07N z=2.506 m_est=2.357
[INFO] [1785481864.923661802] [acados_nmpc_node]: [attach-window] t=18.30s pos_err=0.018m T=23.09N z=2.507 m_est=2.357
[INFO] [1785481865.023751888] [acados_nmpc_node]: [attach-window] t=18.40s pos_err=0.020m T=23.08N z=2.508 m_est=2.357
[INFO] [1785481865.123787555] [acados_nmpc_node]: [attach-window] t=18.50s pos_err=0.022m T=23.07N z=2.509 m_est=2.358
[INFO] [1785481865.222045039] [acados_nmpc_node]: [attach-window] t=18.60s pos_err=0.024m T=23.07N z=2.509 m_est=2.358
[INFO] [1785481865.322051298] [acados_nmpc_node]: [attach-window] t=18.70s pos_err=0.026m T=23.08N z=2.509 m_est=2.358
[INFO] [1785481865.423677824] [acados_nmpc_node]: [attach-window] t=18.80s pos_err=0.026m T=23.09N z=2.509 m_est=2.358
[INFO] [1785481865.523828107] [acados_nmpc_node]: [attach-window] t=18.90s pos_err=0.026m T=23.09N z=2.509 m_est=2.359
[INFO] [1785481865.623690126] [acados_nmpc_node]: [attach-window] t=19.00s pos_err=0.026m T=23.08N z=2.510 m_est=2.359
[INFO] [1785481865.723421216] [acados_nmpc_node]: [attach-window] t=19.10s pos_err=0.025m T=23.06N z=2.511 m_est=2.359
[INFO] [1785481865.823472444] [acados_nmpc_node]: [attach-window] t=19.20s pos_err=0.024m T=23.05N z=2.512 m_est=2.359
[INFO] [1785481865.923438577] [acados_nmpc_node]: [attach-window] t=19.30s pos_err=0.024m T=23.05N z=2.513 m_est=2.359
[INFO] [1785481866.023582162] [acados_nmpc_node]: [attach-window] t=19.40s pos_err=0.023m T=23.06N z=2.513 m_est=2.359
[INFO] [1785481866.123821739] [acados_nmpc_node]: [attach-window] t=19.50s pos_err=0.022m T=23.09N z=2.513 m_est=2.359
[INFO] [1785481866.223916402] [acados_nmpc_node]: [attach-window] t=19.60s pos_err=0.021m T=23.12N z=2.511 m_est=2.359
[INFO] [1785481866.323861659] [acados_nmpc_node]: [attach-window] t=19.70s pos_err=0.021m T=23.14N z=2.510 m_est=2.359
[INFO] [1785481866.423892776] [acados_nmpc_node]: [attach-window] t=19.80s pos_err=0.021m T=23.16N z=2.509 m_est=2.359
[INFO] [1785481866.523818516] [acados_nmpc_node]: [attach-window] t=19.90s pos_err=0.020m T=23.16N z=2.507 m_est=2.360
[INFO] [1785481866.623686540] [acados_nmpc_node]: [attach-window] t=20.00s pos_err=0.019m T=23.17N z=2.506 m_est=2.360
[INFO] [1785481866.722134472] [acados_nmpc_node]: [attach-window] t=20.10s pos_err=0.017m T=23.17N z=2.505 m_est=2.360
[INFO] [1785481866.821918650] [acados_nmpc_node]: [attach-window] t=20.20s pos_err=0.014m T=23.17N z=2.503 m_est=2.360
[INFO] [1785481866.922083803] [acados_nmpc_node]: [attach-window] t=20.30s pos_err=0.010m T=23.17N z=2.502 m_est=2.361
[INFO] [1785481866.922428830] [acados_nmpc_node]: t=20.3s | pos_err=0.010m | T=23.17N | tau=[r-0.313 p0.000 y-0.001]Nm | res_stat=4.193e-07(peak 9.836e-07) sqp_iter=3 | solve=0.6ms
[INFO] [1785481867.022375305] [acados_nmpc_node]: [attach-window] t=20.40s pos_err=0.007m T=23.17N z=2.501 m_est=2.361
[INFO] [1785481867.122002210] [acados_nmpc_node]: [attach-window] t=20.50s pos_err=0.004m T=23.16N z=2.500 m_est=2.361
[INFO] [1785481867.223523155] [acados_nmpc_node]: [attach-window] t=20.60s pos_err=0.003m T=23.15N z=2.500 m_est=2.361
[INFO] [1785481867.323538501] [acados_nmpc_node]: [attach-window] t=20.70s pos_err=0.005m T=23.12N z=2.501 m_est=2.361
[INFO] [1785481867.424054229] [acados_nmpc_node]: [attach-window] t=20.80s pos_err=0.006m T=23.11N z=2.501 m_est=2.361
[INFO] [1785481867.523636926] [acados_nmpc_node]: [attach-window] t=20.90s pos_err=0.008m T=23.12N z=2.501 m_est=2.361
[INFO] [1785481867.623610489] [acados_nmpc_node]: [attach-window] t=21.00s pos_err=0.009m T=23.14N z=2.500 m_est=2.361
[INFO] [1785481867.723679440] [acados_nmpc_node]: [attach-window] t=21.10s pos_err=0.010m T=23.17N z=2.498 m_est=2.361
[INFO] [1785481867.824087287] [acados_nmpc_node]: [attach-window] t=21.20s pos_err=0.011m T=23.19N z=2.497 m_est=2.361
[INFO] [1785481867.923697996] [acados_nmpc_node]: [attach-window] t=21.30s pos_err=0.011m T=23.20N z=2.495 m_est=2.361
[INFO] [1785481868.023717584] [acados_nmpc_node]: [attach-window] t=21.40s pos_err=0.011m T=23.22N z=2.493 m_est=2.361
[INFO] [1785481868.123584029] [acados_nmpc_node]: [attach-window] t=21.50s pos_err=0.011m T=23.21N z=2.491 m_est=2.361
[INFO] [1785481868.223694734] [acados_nmpc_node]: [attach-window] t=21.60s pos_err=0.011m T=23.20N z=2.491 m_est=2.361
[INFO] [1785481868.323870007] [acados_nmpc_node]: [attach-window] t=21.70s pos_err=0.011m T=23.17N z=2.491 m_est=2.362
[INFO] [1785481868.423782815] [acados_nmpc_node]: [attach-window] t=21.80s pos_err=0.010m T=23.14N z=2.491 m_est=2.362
[INFO] [1785481868.524029242] [acados_nmpc_node]: [attach-window] t=21.90s pos_err=0.010m T=23.10N z=2.493 m_est=2.362
[INFO] [1785481868.623816454] [acados_nmpc_node]: [attach-window] t=22.00s pos_err=0.009m T=23.07N z=2.494 m_est=2.362
[INFO] [1785481868.723877002] [acados_nmpc_node]: [attach-window] t=22.10s pos_err=0.008m T=23.06N z=2.496 m_est=2.361
[INFO] [1785481868.823817932] [acados_nmpc_node]: [attach-window] t=22.20s pos_err=0.006m T=23.06N z=2.497 m_est=2.361
[INFO] [1785481868.923878541] [acados_nmpc_node]: [attach-window] t=22.30s pos_err=0.005m T=23.06N z=2.499 m_est=2.361
[INFO] [1785481869.024047785] [acados_nmpc_node]: [attach-window] t=22.40s pos_err=0.006m T=23.06N z=2.500 m_est=2.361
[INFO] [1785481869.123927809] [acados_nmpc_node]: [attach-window] t=22.50s pos_err=0.008m T=23.08N z=2.500 m_est=2.360
[INFO] [1785481869.223858795] [acados_nmpc_node]: [attach-window] t=22.60s pos_err=0.010m T=23.08N z=2.501 m_est=2.360
[INFO] [1785481869.323933356] [acados_nmpc_node]: [attach-window] t=22.70s pos_err=0.013m T=23.07N z=2.502 m_est=2.360
[INFO] [1785481869.424036569] [acados_nmpc_node]: [attach-window] t=22.80s pos_err=0.016m T=23.04N z=2.504 m_est=2.359
[INFO] [1785481869.523987848] [acados_nmpc_node]: [attach-window] t=22.90s pos_err=0.017m T=23.02N z=2.506 m_est=2.359
[INFO] [1785481869.623940114] [acados_nmpc_node]: [attach-window] t=23.00s pos_err=0.019m T=23.02N z=2.507 m_est=2.359
[INFO] [1785481869.724088414] [acados_nmpc_node]: [attach-window] t=23.10s pos_err=0.019m T=23.03N z=2.508 m_est=2.359
[INFO] [1785481869.823840851] [acados_nmpc_node]: [attach-window] t=23.20s pos_err=0.019m T=23.05N z=2.509 m_est=2.359
[INFO] [1785481869.924002585] [acados_nmpc_node]: [attach-window] t=23.30s pos_err=0.019m T=23.07N z=2.509 m_est=2.359
[INFO] [1785481870.024106256] [acados_nmpc_node]: [attach-window] t=23.40s pos_err=0.018m T=23.09N z=2.509 m_est=2.359
[INFO] [1785481870.123923425] [acados_nmpc_node]: [attach-window] t=23.50s pos_err=0.017m T=23.10N z=2.509 m_est=2.359
[INFO] [1785481870.223923158] [acados_nmpc_node]: [attach-window] t=23.60s pos_err=0.016m T=23.12N z=2.508 m_est=2.359
[INFO] [1785481870.323844477] [acados_nmpc_node]: [attach-window] t=23.70s pos_err=0.015m T=23.14N z=2.507 m_est=2.360
[INFO] [1785481870.423735064] [acados_nmpc_node]: [attach-window] t=23.80s pos_err=0.014m T=23.16N z=2.506 m_est=2.360
[INFO] [1785481870.523878793] [acados_nmpc_node]: [attach-window] t=23.90s pos_err=0.013m T=23.19N z=2.504 m_est=2.360
[INFO] [1785481870.624153398] [acados_nmpc_node]: [attach-window] t=24.00s pos_err=0.013m T=23.21N z=2.502 m_est=2.360
[INFO] [1785481870.723989398] [acados_nmpc_node]: [attach-window] t=24.10s pos_err=0.013m T=23.22N z=2.500 m_est=2.360
[INFO] [1785481870.824021932] [acados_nmpc_node]: [attach-window] t=24.20s pos_err=0.013m T=23.21N z=2.498 m_est=2.361
[INFO] [1785481870.922521539] [acados_nmpc_node]: [attach-window] t=24.30s pos_err=0.014m T=23.18N z=2.498 m_est=2.361
[INFO] [1785481871.022326625] [acados_nmpc_node]: [attach-window] t=24.40s pos_err=0.015m T=23.15N z=2.498 m_est=2.361
[INFO] [1785481871.123974458] [acados_nmpc_node]: [attach-window] t=24.50s pos_err=0.016m T=23.12N z=2.498 m_est=2.361
[INFO] [1785481871.224000389] [acados_nmpc_node]: [attach-window] t=24.60s pos_err=0.016m T=23.08N z=2.500 m_est=2.361
[INFO] [1785481871.323892232] [acados_nmpc_node]: [attach-window] t=24.70s pos_err=0.016m T=23.04N z=2.502 m_est=2.361
[INFO] [1785481871.424000204] [acados_nmpc_node]: [attach-window] t=24.80s pos_err=0.015m T=23.00N z=2.504 m_est=2.361
[INFO] [1785481871.524042945] [acados_nmpc_node]: [attach-window] t=24.90s pos_err=0.015m T=23.00N z=2.506 m_est=2.361
[INFO] [1785481871.623959246] [acados_nmpc_node]: [attach-window] t=25.00s pos_err=0.015m T=23.02N z=2.507 m_est=2.360
[INFO] [1785481871.724005812] [acados_nmpc_node]: [attach-window] t=25.10s pos_err=0.015m T=23.05N z=2.507 m_est=2.360
[INFO] [1785481871.824098382] [acados_nmpc_node]: [attach-window] t=25.20s pos_err=0.014m T=23.09N z=2.507 m_est=2.360
[INFO] [1785481871.924078086] [acados_nmpc_node]: [attach-window] t=25.30s pos_err=0.013m T=23.13N z=2.505 m_est=2.360
[INFO] [1785481871.924558781] [acados_nmpc_node]: t=25.3s | pos_err=0.013m | T=23.13N | tau=[r-0.300 p0.002 y-0.001]Nm | res_stat=1.416e-07(peak 9.836e-07) sqp_iter=2 | solve=0.7ms
[INFO] [1785481872.023987056] [acados_nmpc_node]: [attach-window] t=25.40s pos_err=0.011m T=23.17N z=2.503 m_est=2.359
[INFO] [1785481872.124331453] [acados_nmpc_node]: [attach-window] t=25.50s pos_err=0.010m T=23.20N z=2.502 m_est=2.360
[INFO] [1785481872.224017701] [acados_nmpc_node]: [attach-window] t=25.60s pos_err=0.010m T=23.19N z=2.501 m_est=2.360
[INFO] [1785481872.324148370] [acados_nmpc_node]: [attach-window] t=25.70s pos_err=0.011m T=23.17N z=2.500 m_est=2.360
[INFO] [1785481872.424120167] [acados_nmpc_node]: [attach-window] t=25.80s pos_err=0.013m T=23.15N z=2.500 m_est=2.360
[INFO] [1785481872.524292451] [acados_nmpc_node]: [attach-window] t=25.90s pos_err=0.015m T=23.13N z=2.500 m_est=2.360
[INFO] [1785481872.624340521] [acados_nmpc_node]: [attach-window] t=26.00s pos_err=0.016m T=23.11N z=2.500 m_est=2.361
[INFO] [1785481872.722354480] [acados_nmpc_node]: [attach-window] t=26.10s pos_err=0.016m T=23.10N z=2.501 m_est=2.361
[INFO] [1785481872.822421543] [acados_nmpc_node]: [attach-window] t=26.20s pos_err=0.016m T=23.10N z=2.501 m_est=2.361
[INFO] [1785481872.924251359] [acados_nmpc_node]: [attach-window] t=26.30s pos_err=0.016m T=23.10N z=2.501 m_est=2.361
[INFO] [1785481873.022369768] [acados_nmpc_node]: [attach-window] t=26.40s pos_err=0.015m T=23.10N z=2.502 m_est=2.361
[INFO] [1785481873.122386827] [acados_nmpc_node]: [attach-window] t=26.50s pos_err=0.015m T=23.11N z=2.502 m_est=2.361
[INFO] [1785481873.222129825] [acados_nmpc_node]: [attach-window] t=26.60s pos_err=0.014m T=23.10N z=2.502 m_est=2.361
[INFO] [1785481873.324078468] [acados_nmpc_node]: [attach-window] t=26.70s pos_err=0.013m T=23.09N z=2.503 m_est=2.360
[INFO] [1785481873.424399936] [acados_nmpc_node]: [attach-window] t=26.80s pos_err=0.011m T=23.09N z=2.503 m_est=2.360
[INFO] [1785481873.524159623] [acados_nmpc_node]: [attach-window] t=26.90s pos_err=0.009m T=23.09N z=2.503 m_est=2.360
[INFO] [1785481873.624248698] [acados_nmpc_node]: [attach-window] t=27.00s pos_err=0.010m T=23.08N z=2.504 m_est=2.360
[INFO] [1785481873.724198631] [acados_nmpc_node]: [attach-window] t=27.10s pos_err=0.013m T=23.08N z=2.505 m_est=2.360
[INFO] [1785481873.824101873] [acados_nmpc_node]: [attach-window] t=27.20s pos_err=0.016m T=23.07N z=2.505 m_est=2.360
[INFO] [1785481873.924375485] [acados_nmpc_node]: [attach-window] t=27.30s pos_err=0.021m T=23.07N z=2.506 m_est=2.360
[INFO] [1785481874.024292012] [acados_nmpc_node]: [attach-window] t=27.40s pos_err=0.024m T=23.06N z=2.507 m_est=2.360
[INFO] [1785481874.124205802] [acados_nmpc_node]: [attach-window] t=27.50s pos_err=0.027m T=23.05N z=2.508 m_est=2.360
[INFO] [1785481874.224237963] [acados_nmpc_node]: [attach-window] t=27.60s pos_err=0.028m T=23.07N z=2.508 m_est=2.360
[INFO] [1785481874.324228399] [acados_nmpc_node]: [attach-window] t=27.70s pos_err=0.029m T=23.09N z=2.508 m_est=2.360
[INFO] [1785481874.424290061] [acados_nmpc_node]: [attach-window] t=27.80s pos_err=0.029m T=23.13N z=2.507 m_est=2.360
[INFO] [1785481874.524312015] [acados_nmpc_node]: [attach-window] t=27.90s pos_err=0.028m T=23.16N z=2.505 m_est=2.360
[INFO] [1785481874.624498609] [acados_nmpc_node]: [attach-window] t=28.00s pos_err=0.027m T=23.20N z=2.502 m_est=2.360
[INFO] [1785481874.724360992] [acados_nmpc_node]: [attach-window] t=28.10s pos_err=0.026m T=23.23N z=2.499 m_est=2.360
[INFO] [1785481874.824110012] [acados_nmpc_node]: [attach-window] t=28.20s pos_err=0.024m T=23.26N z=2.496 m_est=2.360
[INFO] [1785481874.924328152] [acados_nmpc_node]: [attach-window] t=28.30s pos_err=0.023m T=23.28N z=2.493 m_est=2.361
[INFO] [1785481875.022613114] [acados_nmpc_node]: [attach-window] t=28.40s pos_err=0.022m T=23.27N z=2.491 m_est=2.361
[INFO] [1785481875.124176190] [acados_nmpc_node]: [attach-window] t=28.50s pos_err=0.021m T=23.23N z=2.490 m_est=2.362
[INFO] [1785481875.224203665] [acados_nmpc_node]: [attach-window] t=28.60s pos_err=0.019m T=23.16N z=2.491 m_est=2.362
[INFO] [1785481875.324442102] [acados_nmpc_node]: [attach-window] t=28.70s pos_err=0.018m T=23.10N z=2.493 m_est=2.362
[INFO] [1785481875.422607486] [acados_nmpc_node]: [attach-window] t=28.80s pos_err=0.016m T=23.06N z=2.494 m_est=2.362
[INFO] [1785481875.524282117] [acados_nmpc_node]: [attach-window] t=28.90s pos_err=0.015m T=23.04N z=2.496 m_est=2.362
[INFO] [1785481875.622650603] [acados_nmpc_node]: [attach-window] t=29.00s pos_err=0.015m T=23.03N z=2.498 m_est=2.362
[INFO] [1785481875.722423461] [acados_nmpc_node]: [attach-window] t=29.10s pos_err=0.016m T=23.02N z=2.500 m_est=2.361
[INFO] [1785481875.824131565] [acados_nmpc_node]: [attach-window] t=29.20s pos_err=0.018m T=23.03N z=2.501 m_est=2.361
[INFO] [1785481875.924189218] [acados_nmpc_node]: [attach-window] t=29.30s pos_err=0.019m T=23.04N z=2.502 m_est=2.360
[INFO] [1785481876.024181336] [acados_nmpc_node]: [attach-window] t=29.40s pos_err=0.018m T=23.08N z=2.502 m_est=2.360
[INFO] [1785481876.124092544] [acados_nmpc_node]: [attach-window] t=29.50s pos_err=0.017m T=23.12N z=2.500 m_est=2.359
[INFO] [1785481876.224280659] [acados_nmpc_node]: [attach-window] t=29.60s pos_err=0.014m T=23.17N z=2.498 m_est=2.359
[INFO] [1785481876.324329455] [acados_nmpc_node]: [attach-window] t=29.70s pos_err=0.012m T=23.20N z=2.496 m_est=2.359
[INFO] [1785481876.424272573] [acados_nmpc_node]: [attach-window] t=29.80s pos_err=0.010m T=23.22N z=2.494 m_est=2.359
[INFO] [1785481876.524324711] [acados_nmpc_node]: [attach-window] t=29.90s pos_err=0.009m T=23.23N z=2.493 m_est=2.360
[INFO] [1785481876.624366155] [acados_nmpc_node]: [attach-window] t=30.00s pos_err=0.009m T=23.22N z=2.491 m_est=2.360
[INFO] [1785481876.724197833] [acados_nmpc_node]: [attach-window] t=30.10s pos_err=0.010m T=23.21N z=2.490 m_est=2.361
[INFO] [1785481876.824368273] [acados_nmpc_node]: [attach-window] t=30.20s pos_err=0.011m T=23.20N z=2.489 m_est=2.361
[INFO] [1785481876.924330755] [acados_nmpc_node]: [attach-window] t=30.30s pos_err=0.011m T=23.18N z=2.489 m_est=2.361
[INFO] [1785481876.924815286] [acados_nmpc_node]: t=30.3s | pos_err=0.011m | T=23.18N | tau=[r-0.305 p-0.008 y-0.002]Nm | res_stat=1.889e-07(peak 9.836e-07) sqp_iter=2 | solve=0.7ms
[INFO] [1785481877.024664882] [acados_nmpc_node]: [attach-window] t=30.40s pos_err=0.011m T=23.16N z=2.489 m_est=2.362
[INFO] [1785481877.124556388] [acados_nmpc_node]: [attach-window] t=30.50s pos_err=0.011m T=23.15N z=2.489 m_est=2.362
[INFO] [1785481877.224616110] [acados_nmpc_node]: [attach-window] t=30.60s pos_err=0.010m T=23.12N z=2.490 m_est=2.362
[INFO] [1785481877.324536759] [acados_nmpc_node]: [attach-window] t=30.70s pos_err=0.011m T=23.10N z=2.490 m_est=2.362
[INFO] [1785481877.424368648] [acados_nmpc_node]: [attach-window] t=30.80s pos_err=0.012m T=23.10N z=2.491 m_est=2.361
[INFO] [1785481877.524499059] [acados_nmpc_node]: [attach-window] t=30.90s pos_err=0.014m T=23.10N z=2.491 m_est=2.361
[INFO] [1785481877.624527488] [acados_nmpc_node]: [attach-window] t=31.00s pos_err=0.016m T=23.11N z=2.492 m_est=2.361
[INFO] [1785481877.724481301] [acados_nmpc_node]: [attach-window] t=31.10s pos_err=0.017m T=23.11N z=2.492 m_est=2.360
[INFO] [1785481877.824514717] [acados_nmpc_node]: [attach-window] t=31.20s pos_err=0.018m T=23.12N z=2.492 m_est=2.360
[INFO] [1785481877.924725242] [acados_nmpc_node]: [attach-window] t=31.30s pos_err=0.018m T=23.12N z=2.492 m_est=2.360
[INFO] [1785481878.024332561] [acados_nmpc_node]: [attach-window] t=31.40s pos_err=0.018m T=23.10N z=2.493 m_est=2.360
[INFO] [1785481878.122586988] [acados_nmpc_node]: [attach-window] t=31.50s pos_err=0.018m T=23.10N z=2.494 m_est=2.360
[INFO] [1785481878.224355351] [acados_nmpc_node]: [attach-window] t=31.60s pos_err=0.017m T=23.09N z=2.495 m_est=2.360
[INFO] [1785481878.324404163] [acados_nmpc_node]: [attach-window] t=31.70s pos_err=0.017m T=23.10N z=2.495 m_est=2.360
[INFO] [1785481878.424717280] [acados_nmpc_node]: [attach-window] t=31.80s pos_err=0.017m T=23.11N z=2.495 m_est=2.360
[INFO] [1785481878.524512214] [acados_nmpc_node]: [attach-window] t=31.90s pos_err=0.018m T=23.11N z=2.496 m_est=2.360
[INFO] [1785481878.624466259] [acados_nmpc_node]: [attach-window] t=32.00s pos_err=0.019m T=23.10N z=2.497 m_est=2.360
[INFO] [1785481878.724386663] [acados_nmpc_node]: [attach-window] t=32.10s pos_err=0.020m T=23.07N z=2.499 m_est=2.360
[INFO] [1785481878.824420354] [acados_nmpc_node]: [attach-window] t=32.20s pos_err=0.022m T=23.03N z=2.501 m_est=2.360
[INFO] [1785481878.924692818] [acados_nmpc_node]: [attach-window] t=32.30s pos_err=0.024m T=22.99N z=2.504 m_est=2.359
[INFO] [1785481879.024709030] [acados_nmpc_node]: [attach-window] t=32.40s pos_err=0.027m T=22.96N z=2.507 m_est=2.359
[INFO] [1785481879.124727701] [acados_nmpc_node]: [attach-window] t=32.50s pos_err=0.029m T=22.96N z=2.510 m_est=2.359
[INFO] [1785481879.224718186] [acados_nmpc_node]: [attach-window] t=32.60s pos_err=0.031m T=22.98N z=2.511 m_est=2.359
[INFO] [1785481879.324716615] [acados_nmpc_node]: [attach-window] t=32.70s pos_err=0.033m T=23.01N z=2.512 m_est=2.358
[INFO] [1785481879.424661673] [acados_nmpc_node]: [attach-window] t=32.80s pos_err=0.034m T=23.06N z=2.511 m_est=2.358
[INFO] [1785481879.524695411] [acados_nmpc_node]: [attach-window] t=32.90s pos_err=0.034m T=23.11N z=2.510 m_est=2.358
[INFO] [1785481879.624654789] [acados_nmpc_node]: [attach-window] t=33.00s pos_err=0.033m T=23.14N z=2.509 m_est=2.358
[INFO] [1785481879.724658338] [acados_nmpc_node]: [attach-window] t=33.10s pos_err=0.032m T=23.15N z=2.508 m_est=2.358
[INFO] [1785481879.824513457] [acados_nmpc_node]: [attach-window] t=33.20s pos_err=0.030m T=23.15N z=2.507 m_est=2.359
[INFO] [1785481879.924572816] [acados_nmpc_node]: [attach-window] t=33.30s pos_err=0.027m T=23.16N z=2.506 m_est=2.359
[INFO] [1785481880.024532678] [acados_nmpc_node]: [attach-window] t=33.40s pos_err=0.022m T=23.19N z=2.503 m_est=2.359
[INFO] [1785481880.122746363] [acados_nmpc_node]: [attach-window] t=33.50s pos_err=0.019m T=23.20N z=2.501 m_est=2.360
[INFO] [1785481880.222392704] [acados_nmpc_node]: [attach-window] t=33.60s pos_err=0.015m T=23.20N z=2.500 m_est=2.360
[INFO] [1785481880.322681326] [acados_nmpc_node]: [attach-window] t=33.70s pos_err=0.013m T=23.20N z=2.498 m_est=2.361
[INFO] [1785481880.422863584] [acados_nmpc_node]: [attach-window] t=33.80s pos_err=0.012m T=23.20N z=2.497 m_est=2.361
[INFO] [1785481880.522396597] [acados_nmpc_node]: [attach-window] t=33.90s pos_err=0.012m T=23.20N z=2.496 m_est=2.361
[INFO] [1785481880.624879041] [acados_nmpc_node]: [attach-window] t=34.00s pos_err=0.012m T=23.20N z=2.496 m_est=2.362
[ros2run]: Killed
