[INFO] [1785420856.280835744] [acados_nmpc_node]: acados NMPC node starting, building/loading solver...
Code reuse possible, skipping code generation.
acados was compiled without OpenMP.
[INFO] [1785420856.291397458] [acados_nmpc_node]: GRIPPER MODE: hover over box (1.0,0.1) z 0.55->2.5m, lift after 1.5s, empty m_est=2.06kg
[INFO] [1785420856.291819074] [acados_nmpc_node]: Warming up acados solver...
[INFO] [1785420856.297869547] [acados_nmpc_node]: Solver warmup complete, took 5.6 ms
[INFO] [1785420856.305066091] [acados_nmpc_node]: Decoupled publish enabled: solve @20Hz, body_rate/thrust @50Hz (trajectory interpolation)
[INFO] [1785420856.305582804] [acados_nmpc_node]: acados NMPC node initialized! Waiting for EKF2 convergence...
[INFO] [1785420866.306171937] [acados_nmpc_node]: Waiting for EKF2 convergence... 5/10 s
[INFO] [1785420871.306580279] [acados_nmpc_node]: Waiting for EKF2 convergence... 10/10 s
[INFO] [1785420871.355166830] [acados_nmpc_node]: Switching to OFFBOARD mode
[INFO] [1785420872.254969157] [acados_nmpc_node]: Sending arm command
[INFO] [1785420873.254843542] [acados_nmpc_node]: Armed, preparing to move to trajectory start...
[INFO] [1785420875.706991928] [acados_nmpc_node]: Gripper approach (climb): rising at spawn to z=1.50m | z=0.02m v=0.43m/s
[INFO] [1785420878.207197877] [acados_nmpc_node]: Gripper approach (climb): rising at spawn to z=1.50m | z=1.00m v=0.24m/s
[INFO] [1785420880.354981470] [acados_nmpc_node]: Gripper approach: climbed to safe altitude at spawn, now translating over box
[INFO] [1785420880.707494216] [acados_nmpc_node]: Gripper approach (high): aligning over box at z=1.50m | xy=1.012m z_err=0.163m v=0.17m/s
[INFO] [1785420882.654948183] [acados_nmpc_node]: Gripper approach: aligned above box, NMPC will take over here (z=1.50m), settle 3.0s then descend to z=0.55m to trigger attach
[INFO] [1785420882.707927772] [acados_nmpc_node]: Reached trajectory start, NMPC tracking begins!
[INFO] [1785420883.156373778] [acados_nmpc_node]: t=0.4s | pos_err=0.051m | T=19.94N | tau=[r-0.025 p0.024 y-0.017]Nm | res_stat=3.693e-07(peak 6.711e-07) sqp_iter=3 | solve=1.1ms
[INFO] [1785420885.707590522] [acados_nmpc_node]: t=3.0s | DESCEND: settle done, lowering 1.5->0.55m, will enable gripper at bottom
[INFO] [1785420888.156278656] [acados_nmpc_node]: t=5.4s | pos_err=0.059m | T=20.68N | tau=[r-0.003 p-0.000 y-0.001]Nm | res_stat=4.516e-08(peak 9.871e-07) sqp_iter=3 | solve=1.1ms
[INFO] [1785420888.854920856] [acados_nmpc_node]: t=6.1s | DESCEND done at z=0.568m (target 0.550m, z_err=0.018m, v=0.04m/s), gripper ENABLED (attach will trigger now)
[INFO] [1785420888.878173429] [acados_nmpc_node]: attach offset received: box-drone = [-0.019, -0.139, -0.535] m
[INFO] [1785420888.907832219] [acados_nmpc_node]: PX4 MC_ROLLRATE_K: 1.000 -> 5.000 (inertia ratio 5.07, cap 5.0)
[INFO] [1785420888.908049516] [acados_nmpc_node]: PX4 MC_PITCHRATE_K: 1.000 -> 5.000 (inertia ratio 5.07, cap 5.0)
[INFO] [1785420888.908244943] [acados_nmpc_node]: t=6.2s | ATTACH (geom_source=online): dJ/gain init from prior m_p=0.30kg arm=0.47m (dJ=0.0579); c_xy+dJ refine online, attach truth eval-only
[INFO] [1785420888.910570607] [acados_nmpc_node]: [attach-window] t=6.20s pos_err=0.019m T=19.57N z=0.567 m_est=1.987
[INFO] [1785420888.956814982] [acados_nmpc_node]: [attach-window] t=6.25s pos_err=0.021m T=19.13N z=0.567 m_est=1.987
[INFO] [1785420889.010010061] [acados_nmpc_node]: [attach-window] t=6.30s pos_err=0.021m T=19.16N z=0.568 m_est=1.991
[INFO] [1785420889.057021717] [acados_nmpc_node]: [attach-window] t=6.35s pos_err=0.024m T=19.14N z=0.570 m_est=1.991
[INFO] [1785420889.109748538] [acados_nmpc_node]: [attach-window] t=6.40s pos_err=0.025m T=19.11N z=0.570 m_est=1.990
[INFO] [1785420889.157127897] [acados_nmpc_node]: [attach-window] t=6.45s pos_err=0.026m T=19.06N z=0.572 m_est=1.990
[INFO] [1785420889.209922272] [acados_nmpc_node]: [attach-window] t=6.50s pos_err=0.028m T=19.02N z=0.573 m_est=1.987
[INFO] [1785420889.257077363] [acados_nmpc_node]: [attach-window] t=6.55s pos_err=0.030m T=18.98N z=0.575 m_est=1.987
[INFO] [1785420889.309809758] [acados_nmpc_node]: [attach-window] t=6.60s pos_err=0.031m T=18.91N z=0.576 m_est=1.984
[INFO] [1785420889.357034399] [acados_nmpc_node]: [attach-window] t=6.65s pos_err=0.033m T=18.89N z=0.578 m_est=1.984
[INFO] [1785420889.407926560] [acados_nmpc_node]: [attach-window] t=6.70s pos_err=0.034m T=18.84N z=0.579 m_est=1.980
[INFO] [1785420889.456353380] [acados_nmpc_node]: [attach-window] t=6.75s pos_err=0.035m T=18.79N z=0.580 m_est=1.980
[INFO] [1785420889.508096575] [acados_nmpc_node]: [attach-window] t=6.80s pos_err=0.036m T=18.73N z=0.581 m_est=1.975
[INFO] [1785420889.556192146] [acados_nmpc_node]: [attach-window] t=6.85s pos_err=0.037m T=18.69N z=0.582 m_est=1.975
[INFO] [1785420889.609564950] [acados_nmpc_node]: [attach-window] t=6.90s pos_err=0.038m T=18.62N z=0.582 m_est=1.968
[INFO] [1785420889.657016579] [acados_nmpc_node]: [attach-window] t=6.95s pos_err=0.039m T=18.62N z=0.583 m_est=1.968
[INFO] [1785420889.709747501] [acados_nmpc_node]: [attach-window] t=7.00s pos_err=0.039m T=18.59N z=0.583 m_est=1.968
[INFO] [1785420889.756944485] [acados_nmpc_node]: [attach-window] t=7.05s pos_err=0.040m T=18.53N z=0.584 m_est=1.961
[INFO] [1785420889.809615414] [acados_nmpc_node]: [attach-window] t=7.10s pos_err=0.040m T=18.51N z=0.584 m_est=1.961
[INFO] [1785420889.856907937] [acados_nmpc_node]: [attach-window] t=7.15s pos_err=0.040m T=18.51N z=0.585 m_est=1.961
[INFO] [1785420889.909794797] [acados_nmpc_node]: [attach-window] t=7.20s pos_err=0.041m T=18.51N z=0.585 m_est=1.961
[INFO] [1785420889.956857037] [acados_nmpc_node]: [attach-window] t=7.25s pos_err=0.040m T=18.50N z=0.585 m_est=1.961
[INFO] [1785420890.009951588] [acados_nmpc_node]: [attach-window] t=7.30s pos_err=0.040m T=18.49N z=0.586 m_est=1.961
[INFO] [1785420890.057155299] [acados_nmpc_node]: [attach-window] t=7.35s pos_err=0.040m T=18.50N z=0.586 m_est=1.961
[INFO] [1785420890.109916868] [acados_nmpc_node]: [attach-window] t=7.40s pos_err=0.040m T=18.50N z=0.586 m_est=1.961
[INFO] [1785420890.156216655] [acados_nmpc_node]: [attach-window] t=7.45s pos_err=0.039m T=18.50N z=0.586 m_est=1.961
[INFO] [1785420890.208258599] [acados_nmpc_node]: [attach-window] t=7.50s pos_err=0.039m T=18.49N z=0.586 m_est=1.961
[INFO] [1785420890.256266902] [acados_nmpc_node]: [attach-window] t=7.55s pos_err=0.039m T=18.50N z=0.586 m_est=1.961
[INFO] [1785420890.308286328] [acados_nmpc_node]: [attach-window] t=7.60s pos_err=0.038m T=18.51N z=0.586 m_est=1.961
[INFO] [1785420890.356305226] [acados_nmpc_node]: [attach-window] t=7.65s pos_err=0.038m T=18.50N z=0.586 m_est=1.961
[INFO] [1785420890.408314344] [acados_nmpc_node]: [attach-window] t=7.70s pos_err=0.038m T=18.50N z=0.586 m_est=1.961
[INFO] [1785420890.454738998] [acados_nmpc_node]: t=7.7s | LIFT: raising hover 0.55->2.5m to lift payload
[INFO] [1785420890.456378318] [acados_nmpc_node]: [attach-window] t=7.75s pos_err=0.037m T=18.52N z=0.585 m_est=1.961
[INFO] [1785420890.508081313] [acados_nmpc_node]: [attach-window] t=7.80s pos_err=0.037m T=18.53N z=0.585 m_est=1.961
[INFO] [1785420890.556162865] [acados_nmpc_node]: [attach-window] t=7.85s pos_err=0.035m T=18.56N z=0.584 m_est=1.961
[INFO] [1785420890.609979516] [acados_nmpc_node]: [attach-window] t=7.90s pos_err=0.032m T=18.62N z=0.584 m_est=1.961
[INFO] [1785420890.657007926] [acados_nmpc_node]: [attach-window] t=7.95s pos_err=0.029m T=18.71N z=0.584 m_est=1.961
[INFO] [1785420890.709976938] [acados_nmpc_node]: [attach-window] t=8.00s pos_err=0.023m T=18.84N z=0.584 m_est=1.961
[INFO] [1785420890.756838630] [acados_nmpc_node]: [attach-window] t=8.05s pos_err=0.019m T=19.00N z=0.584 m_est=1.961
[INFO] [1785420890.809868821] [acados_nmpc_node]: [attach-window] t=8.10s pos_err=0.017m T=19.23N z=0.584 m_est=1.961
[INFO] [1785420890.856808264] [acados_nmpc_node]: [attach-window] t=8.15s pos_err=0.024m T=19.48N z=0.584 m_est=1.961
[INFO] [1785420890.909889051] [acados_nmpc_node]: [attach-window] t=8.20s pos_err=0.039m T=19.82N z=0.584 m_est=1.961
[INFO] [1785420890.956826795] [acados_nmpc_node]: [attach-window] t=8.25s pos_err=0.057m T=20.18N z=0.584 m_est=1.961
[INFO] [1785420891.009712432] [acados_nmpc_node]: [attach-window] t=8.30s pos_err=0.081m T=20.64N z=0.584 m_est=1.961
[INFO] [1785420891.056788420] [acados_nmpc_node]: [attach-window] t=8.35s pos_err=0.105m T=21.09N z=0.584 m_est=1.961
[INFO] [1785420891.109869926] [acados_nmpc_node]: [attach-window] t=8.40s pos_err=0.136m T=21.69N z=0.584 m_est=1.961
[INFO] [1785420891.157137022] [acados_nmpc_node]: [attach-window] t=8.45s pos_err=0.166m T=22.22N z=0.584 m_est=1.961
[INFO] [1785420891.210240139] [acados_nmpc_node]: [attach-window] t=8.50s pos_err=0.204m T=22.92N z=0.584 m_est=1.961
[INFO] [1785420891.257258367] [acados_nmpc_node]: [attach-window] t=8.55s pos_err=0.240m T=23.55N z=0.585 m_est=1.961
[INFO] [1785420891.310045813] [acados_nmpc_node]: [attach-window] t=8.60s pos_err=0.283m T=24.35N z=0.585 m_est=1.961
[INFO] [1785420891.357123524] [acados_nmpc_node]: [attach-window] t=8.65s pos_err=0.324m T=25.00N z=0.586 m_est=1.961
[INFO] [1785420891.410318367] [acados_nmpc_node]: [attach-window] t=8.70s pos_err=0.372m T=25.80N z=0.587 m_est=1.961
[INFO] [1785420891.457367007] [acados_nmpc_node]: [attach-window] t=8.75s pos_err=0.415m T=26.14N z=0.590 m_est=1.961
[INFO] [1785420891.510522609] [acados_nmpc_node]: [attach-window] t=8.80s pos_err=0.467m T=27.40N z=0.593 m_est=2.018
[INFO] [1785420891.557383864] [acados_nmpc_node]: [attach-window] t=8.85s pos_err=0.509m T=27.44N z=0.602 m_est=2.018
[INFO] [1785420891.610418466] [acados_nmpc_node]: [attach-window] t=8.90s pos_err=0.559m T=29.73N z=0.611 m_est=2.209
[INFO] [1785420891.657352315] [acados_nmpc_node]: [attach-window] t=8.95s pos_err=0.593m T=29.21N z=0.630 m_est=2.209
[INFO] [1785420891.710529656] [acados_nmpc_node]: [attach-window] t=9.00s pos_err=0.642m T=30.21N z=0.643 m_est=2.299
[INFO] [1785420891.757166560] [acados_nmpc_node]: [attach-window] t=9.05s pos_err=0.664m T=28.95N z=0.677 m_est=2.299
[INFO] [1785420891.810190465] [acados_nmpc_node]: [attach-window] t=9.10s pos_err=0.706m T=29.30N z=0.698 m_est=2.351
[INFO] [1785420891.857054767] [acados_nmpc_node]: [attach-window] t=9.15s pos_err=0.705m T=27.34N z=0.757 m_est=2.351
[INFO] [1785420891.910291822] [acados_nmpc_node]: [attach-window] t=9.20s pos_err=0.739m T=27.25N z=0.788 m_est=2.363
[INFO] [1785420891.957080092] [acados_nmpc_node]: [attach-window] t=9.25s pos_err=0.729m T=25.72N z=0.856 m_est=2.363
[INFO] [1785420892.010196808] [acados_nmpc_node]: [attach-window] t=9.30s pos_err=0.757m T=25.56N z=0.892 m_est=2.349
[INFO] [1785420892.057128769] [acados_nmpc_node]: [attach-window] t=9.35s pos_err=0.726m T=24.02N z=0.980 m_est=2.349
[INFO] [1785420892.110083024] [acados_nmpc_node]: [attach-window] t=9.40s pos_err=0.748m T=23.98N z=1.021 m_est=2.332
[INFO] [1785420892.157072160] [acados_nmpc_node]: [attach-window] t=9.45s pos_err=0.720m T=23.11N z=1.104 m_est=2.332
[INFO] [1785420892.210154390] [acados_nmpc_node]: [attach-window] t=9.50s pos_err=0.738m T=23.22N z=1.146 m_est=2.312
[INFO] [1785420892.257077694] [acados_nmpc_node]: [attach-window] t=9.55s pos_err=0.697m T=22.43N z=1.239 m_est=2.312
[INFO] [1785420892.310245365] [acados_nmpc_node]: [attach-window] t=9.60s pos_err=0.713m T=22.63N z=1.280 m_est=2.295
[INFO] [1785420892.357138706] [acados_nmpc_node]: [attach-window] t=9.65s pos_err=0.680m T=22.23N z=1.360 m_est=2.295
[INFO] [1785420892.410243178] [acados_nmpc_node]: [attach-window] t=9.70s pos_err=0.693m T=22.48N z=1.399 m_est=2.279
[INFO] [1785420892.457198324] [acados_nmpc_node]: [attach-window] t=9.75s pos_err=0.651m T=22.03N z=1.485 m_est=2.279
[INFO] [1785420892.509987314] [acados_nmpc_node]: [attach-window] t=9.80s pos_err=0.661m T=22.26N z=1.523 m_est=2.266
[INFO] [1785420892.557000142] [acados_nmpc_node]: [attach-window] t=9.85s pos_err=0.627m T=22.00N z=1.595 m_est=2.266
[INFO] [1785420892.610391464] [acados_nmpc_node]: [attach-window] t=9.90s pos_err=0.633m T=22.19N z=1.630 m_est=2.255
[INFO] [1785420892.657089260] [acados_nmpc_node]: [attach-window] t=9.95s pos_err=0.590m T=21.82N z=1.707 m_est=2.255
[INFO] [1785420892.710183049] [acados_nmpc_node]: [attach-window] t=10.00s pos_err=0.591m T=21.96N z=1.740 m_est=2.245
[INFO] [1785420892.756802475] [acados_nmpc_node]: [attach-window] t=10.05s pos_err=0.547m T=21.62N z=1.812 m_est=2.245
[INFO] [1785420892.809982061] [acados_nmpc_node]: [attach-window] t=10.10s pos_err=0.545m T=21.73N z=1.842 m_est=2.237
[INFO] [1785420892.856827357] [acados_nmpc_node]: [attach-window] t=10.15s pos_err=0.508m T=21.54N z=1.901 m_est=2.237
[INFO] [1785420892.909951700] [acados_nmpc_node]: [attach-window] t=10.20s pos_err=0.502m T=21.62N z=1.929 m_est=2.231
[INFO] [1785420892.956818320] [acados_nmpc_node]: [attach-window] t=10.25s pos_err=0.459m T=21.40N z=1.988 m_est=2.231
[INFO] [1785420893.010059922] [acados_nmpc_node]: [attach-window] t=10.30s pos_err=0.449m T=21.45N z=2.014 m_est=2.227
[INFO] [1785420893.056803948] [acados_nmpc_node]: [attach-window] t=10.35s pos_err=0.412m T=21.32N z=2.062 m_est=2.227
[INFO] [1785420893.110022079] [acados_nmpc_node]: [attach-window] t=10.40s pos_err=0.399m T=21.36N z=2.084 m_est=2.227
[INFO] [1785420893.156780341] [acados_nmpc_node]: [attach-window] t=10.45s pos_err=0.363m T=21.24N z=2.127 m_est=2.224
[INFO] [1785420893.157261530] [acados_nmpc_node]: t=10.4s | pos_err=0.363m | T=21.24N | tau=[r-0.114 p-0.040 y-0.007]Nm | res_stat=6.267e-07(peak 9.871e-07) sqp_iter=3 | solve=1.5ms
[INFO] [1785420893.210031313] [acados_nmpc_node]: [attach-window] t=10.50s pos_err=0.348m T=21.24N z=2.147 m_est=2.224
[INFO] [1785420893.256794150] [acados_nmpc_node]: [attach-window] t=10.55s pos_err=0.310m T=21.20N z=2.188 m_est=2.224
[INFO] [1785420893.309820192] [acados_nmpc_node]: [attach-window] t=10.60s pos_err=0.295m T=21.22N z=2.205 m_est=2.224
[INFO] [1785420893.356768265] [acados_nmpc_node]: [attach-window] t=10.65s pos_err=0.265m T=21.28N z=2.235 m_est=2.224
[INFO] [1785420893.410067843] [acados_nmpc_node]: [attach-window] t=10.70s pos_err=0.248m T=21.34N z=2.253 m_est=2.225
[INFO] [1785420893.456798262] [acados_nmpc_node]: [attach-window] t=10.75s pos_err=0.223m T=21.47N z=2.278 m_est=2.225
[INFO] [1785420893.510006606] [acados_nmpc_node]: [attach-window] t=10.80s pos_err=0.212m T=21.64N z=2.289 m_est=2.235
[INFO] [1785420893.556735924] [acados_nmpc_node]: [attach-window] t=10.85s pos_err=0.192m T=21.81N z=2.309 m_est=2.235
[INFO] [1785420893.610003890] [acados_nmpc_node]: [attach-window] t=10.90s pos_err=0.184m T=22.02N z=2.317 m_est=2.249
[INFO] [1785420893.656878898] [acados_nmpc_node]: [attach-window] t=10.95s pos_err=0.166m T=22.19N z=2.334 m_est=2.249
[INFO] [1785420893.710174724] [acados_nmpc_node]: [attach-window] t=11.00s pos_err=0.160m T=22.38N z=2.341 m_est=2.263
[INFO] [1785420893.756889807] [acados_nmpc_node]: [attach-window] t=11.05s pos_err=0.148m T=22.50N z=2.352 m_est=2.263
[INFO] [1785420893.810320700] [acados_nmpc_node]: [attach-window] t=11.10s pos_err=0.143m T=22.67N z=2.358 m_est=2.277
[INFO] [1785420893.856848685] [acados_nmpc_node]: [attach-window] t=11.15s pos_err=0.133m T=22.73N z=2.368 m_est=2.277
[INFO] [1785420893.910154940] [acados_nmpc_node]: [attach-window] t=11.20s pos_err=0.129m T=22.86N z=2.372 m_est=2.289
[INFO] [1785420893.956766826] [acados_nmpc_node]: [attach-window] t=11.25s pos_err=0.121m T=22.87N z=2.379 m_est=2.289
[INFO] [1785420894.009950172] [acados_nmpc_node]: [attach-window] t=11.30s pos_err=0.118m T=22.96N z=2.383 m_est=2.299
[INFO] [1785420894.056850147] [acados_nmpc_node]: [attach-window] t=11.35s pos_err=0.110m T=22.93N z=2.391 m_est=2.299
[INFO] [1785420894.109849198] [acados_nmpc_node]: [attach-window] t=11.40s pos_err=0.106m T=22.99N z=2.394 m_est=2.307
[INFO] [1785420894.156881968] [acados_nmpc_node]: [attach-window] t=11.45s pos_err=0.100m T=22.95N z=2.401 m_est=2.307
[INFO] [1785420894.210085532] [acados_nmpc_node]: [attach-window] t=11.50s pos_err=0.097m T=22.98N z=2.404 m_est=2.313
[INFO] [1785420894.256801115] [acados_nmpc_node]: [attach-window] t=11.55s pos_err=0.090m T=22.94N z=2.411 m_est=2.313
[INFO] [1785420894.310077666] [acados_nmpc_node]: [attach-window] t=11.60s pos_err=0.087m T=22.96N z=2.414 m_est=2.318
[INFO] [1785420894.356889802] [acados_nmpc_node]: [attach-window] t=11.65s pos_err=0.081m T=22.92N z=2.420 m_est=2.318
[INFO] [1785420894.410034663] [acados_nmpc_node]: [attach-window] t=11.70s pos_err=0.079m T=22.95N z=2.423 m_est=2.323
[INFO] [1785420894.456836534] [acados_nmpc_node]: [attach-window] t=11.75s pos_err=0.074m T=22.93N z=2.428 m_est=2.323
[INFO] [1785420894.510128253] [acados_nmpc_node]: [attach-window] t=11.80s pos_err=0.072m T=22.96N z=2.430 m_est=2.327
[INFO] [1785420894.556772225] [acados_nmpc_node]: [attach-window] t=11.85s pos_err=0.068m T=22.94N z=2.435 m_est=2.327
[INFO] [1785420894.610013023] [acados_nmpc_node]: [attach-window] t=11.90s pos_err=0.066m T=22.97N z=2.437 m_est=2.330
[INFO] [1785420894.656877299] [acados_nmpc_node]: [attach-window] t=11.95s pos_err=0.062m T=22.96N z=2.442 m_est=2.330
[INFO] [1785420894.710198681] [acados_nmpc_node]: [attach-window] t=12.00s pos_err=0.060m T=22.98N z=2.444 m_est=2.334
[INFO] [1785420894.756705438] [acados_nmpc_node]: [attach-window] t=12.05s pos_err=0.056m T=22.96N z=2.448 m_est=2.334
[INFO] [1785420894.810015718] [acados_nmpc_node]: [attach-window] t=12.10s pos_err=0.054m T=22.98N z=2.450 m_est=2.337
[INFO] [1785420894.856727394] [acados_nmpc_node]: [attach-window] t=12.15s pos_err=0.050m T=22.95N z=2.454 m_est=2.337
[INFO] [1785420894.909879273] [acados_nmpc_node]: [attach-window] t=12.20s pos_err=0.048m T=22.97N z=2.456 m_est=2.340
[INFO] [1785420894.956625289] [acados_nmpc_node]: [attach-window] t=12.25s pos_err=0.044m T=22.96N z=2.459 m_est=2.340
[INFO] [1785420895.009934861] [acados_nmpc_node]: [attach-window] t=12.30s pos_err=0.042m T=22.97N z=2.461 m_est=2.342
[INFO] [1785420895.056707878] [acados_nmpc_node]: [attach-window] t=12.35s pos_err=0.038m T=22.95N z=2.465 m_est=2.342
[INFO] [1785420895.110009090] [acados_nmpc_node]: [attach-window] t=12.40s pos_err=0.036m T=22.95N z=2.467 m_est=2.344
[INFO] [1785420895.156699018] [acados_nmpc_node]: [attach-window] t=12.45s pos_err=0.032m T=22.92N z=2.471 m_est=2.344
[INFO] [1785420895.209973921] [acados_nmpc_node]: [attach-window] t=12.50s pos_err=0.030m T=22.92N z=2.473 m_est=2.345
[INFO] [1785420895.256596117] [acados_nmpc_node]: [attach-window] t=12.55s pos_err=0.026m T=22.89N z=2.477 m_est=2.345
[INFO] [1785420895.309929050] [acados_nmpc_node]: [attach-window] t=12.60s pos_err=0.025m T=22.89N z=2.479 m_est=2.346
[INFO] [1785420895.356693205] [acados_nmpc_node]: [attach-window] t=12.65s pos_err=0.021m T=22.87N z=2.483 m_est=2.346
[INFO] [1785420895.409880446] [acados_nmpc_node]: [attach-window] t=12.70s pos_err=0.019m T=22.86N z=2.485 m_est=2.346
[INFO] [1785420895.456562762] [acados_nmpc_node]: [attach-window] t=12.75s pos_err=0.016m T=22.85N z=2.489 m_est=2.346
[INFO] [1785420895.509883791] [acados_nmpc_node]: [attach-window] t=12.80s pos_err=0.015m T=22.85N z=2.491 m_est=2.346
[INFO] [1785420895.556579539] [acados_nmpc_node]: [attach-window] t=12.85s pos_err=0.013m T=22.85N z=2.494 m_est=2.346
[INFO] [1785420895.610277251] [acados_nmpc_node]: [attach-window] t=12.90s pos_err=0.013m T=22.87N z=2.496 m_est=2.346
[INFO] [1785420895.656923336] [acados_nmpc_node]: [attach-window] t=12.95s pos_err=0.012m T=22.90N z=2.498 m_est=2.346
[INFO] [1785420895.708652617] [acados_nmpc_node]: [attach-window] t=13.00s pos_err=0.012m T=22.92N z=2.499 m_est=2.346
[INFO] [1785420895.756070982] [acados_nmpc_node]: [attach-window] t=13.05s pos_err=0.012m T=22.96N z=2.500 m_est=2.346
[INFO] [1785420895.809877916] [acados_nmpc_node]: [attach-window] t=13.10s pos_err=0.012m T=22.99N z=2.500 m_est=2.347
[INFO] [1785420895.856572643] [acados_nmpc_node]: [attach-window] t=13.15s pos_err=0.012m T=23.03N z=2.501 m_est=2.347
[INFO] [1785420895.910058099] [acados_nmpc_node]: [attach-window] t=13.20s pos_err=0.012m T=23.06N z=2.500 m_est=2.347
[INFO] [1785420895.956589811] [acados_nmpc_node]: [attach-window] t=13.25s pos_err=0.012m T=23.10N z=2.500 m_est=2.347
[INFO] [1785420896.009915046] [acados_nmpc_node]: [attach-window] t=13.30s pos_err=0.012m T=23.13N z=2.499 m_est=2.348
[INFO] [1785420896.056543424] [acados_nmpc_node]: [attach-window] t=13.35s pos_err=0.012m T=23.16N z=2.498 m_est=2.348
[INFO] [1785420896.110346732] [acados_nmpc_node]: [attach-window] t=13.40s pos_err=0.013m T=23.19N z=2.497 m_est=2.349
[INFO] [1785420896.156611106] [acados_nmpc_node]: [attach-window] t=13.45s pos_err=0.013m T=23.22N z=2.495 m_est=2.349
[INFO] [1785420896.209976139] [acados_nmpc_node]: [attach-window] t=13.50s pos_err=0.013m T=23.23N z=2.494 m_est=2.351
[INFO] [1785420896.256627368] [acados_nmpc_node]: [attach-window] t=13.55s pos_err=0.014m T=23.24N z=2.493 m_est=2.351
[INFO] [1785420896.310176637] [acados_nmpc_node]: [attach-window] t=13.60s pos_err=0.014m T=23.26N z=2.492 m_est=2.352
[INFO] [1785420896.356623232] [acados_nmpc_node]: [attach-window] t=13.65s pos_err=0.015m T=23.26N z=2.490 m_est=2.352
[INFO] [1785420896.410076359] [acados_nmpc_node]: [attach-window] t=13.70s pos_err=0.015m T=23.27N z=2.489 m_est=2.354
[INFO] [1785420896.456581682] [acados_nmpc_node]: [attach-window] t=13.75s pos_err=0.015m T=23.26N z=2.488 m_est=2.354
[INFO] [1785420896.509928550] [acados_nmpc_node]: [attach-window] t=13.80s pos_err=0.015m T=23.27N z=2.487 m_est=2.355
[INFO] [1785420896.556664996] [acados_nmpc_node]: [attach-window] t=13.85s pos_err=0.015m T=23.25N z=2.486 m_est=2.355
[INFO] [1785420896.610322603] [acados_nmpc_node]: [attach-window] t=13.90s pos_err=0.016m T=23.25N z=2.486 m_est=2.357
[INFO] [1785420896.656834377] [acados_nmpc_node]: [attach-window] t=13.95s pos_err=0.016m T=23.22N z=2.485 m_est=2.357
[INFO] [1785420896.710112747] [acados_nmpc_node]: [attach-window] t=14.00s pos_err=0.016m T=23.21N z=2.485 m_est=2.358
[INFO] [1785420896.756695393] [acados_nmpc_node]: [attach-window] t=14.05s pos_err=0.015m T=23.18N z=2.485 m_est=2.358
[INFO] [1785420896.810471799] [acados_nmpc_node]: [attach-window] t=14.10s pos_err=0.015m T=23.18N z=2.486 m_est=2.359
[INFO] [1785420896.856935463] [acados_nmpc_node]: [attach-window] t=14.15s pos_err=0.015m T=23.14N z=2.486 m_est=2.359
[INFO] [1785420896.910324573] [acados_nmpc_node]: [attach-window] t=14.20s pos_err=0.014m T=23.14N z=2.487 m_est=2.360
[INFO] [1785420896.956862387] [acados_nmpc_node]: [attach-window] t=14.25s pos_err=0.013m T=23.11N z=2.488 m_est=2.360
[INFO] [1785420897.010495147] [acados_nmpc_node]: [attach-window] t=14.30s pos_err=0.013m T=23.10N z=2.488 m_est=2.361
[INFO] [1785420897.056052491] [acados_nmpc_node]: [attach-window] t=14.35s pos_err=0.012m T=23.08N z=2.489 m_est=2.361
[INFO] [1785420897.108400611] [acados_nmpc_node]: [attach-window] t=14.40s pos_err=0.011m T=23.07N z=2.490 m_est=2.361
[INFO] [1785420897.156635769] [acados_nmpc_node]: [attach-window] t=14.45s pos_err=0.010m T=23.06N z=2.491 m_est=2.361
[INFO] [1785420897.208531127] [acados_nmpc_node]: [attach-window] t=14.50s pos_err=0.010m T=23.05N z=2.492 m_est=2.362
[INFO] [1785420897.256196725] [acados_nmpc_node]: [attach-window] t=14.55s pos_err=0.008m T=23.03N z=2.493 m_est=2.362
[INFO] [1785420897.310115691] [acados_nmpc_node]: [attach-window] t=14.60s pos_err=0.007m T=23.02N z=2.494 m_est=2.362
[INFO] [1785420897.356554658] [acados_nmpc_node]: [attach-window] t=14.65s pos_err=0.006m T=23.01N z=2.496 m_est=2.362
[INFO] [1785420897.409971801] [acados_nmpc_node]: [attach-window] t=14.70s pos_err=0.005m T=22.99N z=2.497 m_est=2.361
[INFO] [1785420897.456683499] [acados_nmpc_node]: [attach-window] t=14.75s pos_err=0.003m T=22.97N z=2.499 m_est=2.361
[INFO] [1785420897.510156700] [acados_nmpc_node]: [attach-window] t=14.80s pos_err=0.003m T=22.96N z=2.500 m_est=2.361
[INFO] [1785420897.556560484] [acados_nmpc_node]: [attach-window] t=14.85s pos_err=0.003m T=22.95N z=2.502 m_est=2.361
[INFO] [1785420897.610005682] [acados_nmpc_node]: [attach-window] t=14.90s pos_err=0.004m T=22.94N z=2.503 m_est=2.360
[INFO] [1785420897.656618086] [acados_nmpc_node]: [attach-window] t=14.95s pos_err=0.005m T=22.94N z=2.505 m_est=2.360
[INFO] [1785420897.710089561] [acados_nmpc_node]: [attach-window] t=15.00s pos_err=0.006m T=22.93N z=2.506 m_est=2.360
[INFO] [1785420897.756596491] [acados_nmpc_node]: [attach-window] t=15.05s pos_err=0.008m T=22.94N z=2.508 m_est=2.360
[INFO] [1785420897.810146373] [acados_nmpc_node]: [attach-window] t=15.10s pos_err=0.009m T=22.94N z=2.509 m_est=2.359
[INFO] [1785420897.856642443] [acados_nmpc_node]: [attach-window] t=15.15s pos_err=0.011m T=22.96N z=2.510 m_est=2.359
[INFO] [1785420897.910121413] [acados_nmpc_node]: [attach-window] t=15.20s pos_err=0.012m T=22.96N z=2.510 m_est=2.358
[INFO] [1785420897.956581600] [acados_nmpc_node]: [attach-window] t=15.25s pos_err=0.013m T=22.99N z=2.511 m_est=2.358
[INFO] [1785420898.010111959] [acados_nmpc_node]: [attach-window] t=15.30s pos_err=0.013m T=23.00N z=2.511 m_est=2.358
[INFO] [1785420898.056636245] [acados_nmpc_node]: [attach-window] t=15.35s pos_err=0.013m T=23.04N z=2.511 m_est=2.358
[INFO] [1785420898.110072359] [acados_nmpc_node]: [attach-window] t=15.40s pos_err=0.013m T=23.05N z=2.511 m_est=2.358
[INFO] [1785420898.156523258] [acados_nmpc_node]: [attach-window] t=15.45s pos_err=0.012m T=23.07N z=2.510 m_est=2.358
[INFO] [1785420898.157003994] [acados_nmpc_node]: t=15.4s | pos_err=0.012m | T=23.07N | tau=[r-0.378 p0.052 y0.002]Nm | res_stat=6.295e-08(peak 9.871e-07) sqp_iter=2 | solve=1.3ms
[INFO] [1785420898.210523123] [acados_nmpc_node]: [attach-window] t=15.50s pos_err=0.012m T=23.08N z=2.510 m_est=2.357
[INFO] [1785420898.256627507] [acados_nmpc_node]: [attach-window] t=15.55s pos_err=0.011m T=23.11N z=2.509 m_est=2.357
[INFO] [1785420898.310185520] [acados_nmpc_node]: [attach-window] t=15.60s pos_err=0.011m T=23.11N z=2.509 m_est=2.358
[INFO] [1785420898.356578620] [acados_nmpc_node]: [attach-window] t=15.65s pos_err=0.010m T=23.13N z=2.508 m_est=2.358
[INFO] [1785420898.408661665] [acados_nmpc_node]: [attach-window] t=15.70s pos_err=0.009m T=23.13N z=2.507 m_est=2.358
[INFO] [1785420898.456069936] [acados_nmpc_node]: [attach-window] t=15.75s pos_err=0.008m T=23.14N z=2.506 m_est=2.358
[INFO] [1785420898.508550610] [acados_nmpc_node]: [attach-window] t=15.80s pos_err=0.008m T=23.15N z=2.506 m_est=2.358
[INFO] [1785420898.556039457] [acados_nmpc_node]: [attach-window] t=15.85s pos_err=0.007m T=23.15N z=2.505 m_est=2.358
[INFO] [1785420898.608388298] [acados_nmpc_node]: [attach-window] t=15.90s pos_err=0.006m T=23.16N z=2.504 m_est=2.359
[INFO] [1785420898.656317275] [acados_nmpc_node]: [attach-window] t=15.95s pos_err=0.006m T=23.17N z=2.503 m_est=2.359
[INFO] [1785420898.708720333] [acados_nmpc_node]: [attach-window] t=16.00s pos_err=0.005m T=23.17N z=2.503 m_est=2.359
[INFO] [1785420898.756193088] [acados_nmpc_node]: [attach-window] t=16.05s pos_err=0.005m T=23.18N z=2.501 m_est=2.359
[INFO] [1785420898.808812083] [acados_nmpc_node]: [attach-window] t=16.10s pos_err=0.005m T=23.19N z=2.501 m_est=2.360
[INFO] [1785420898.856087629] [acados_nmpc_node]: [attach-window] t=16.15s pos_err=0.005m T=23.19N z=2.499 m_est=2.360
[INFO] [1785420898.908643650] [acados_nmpc_node]: [attach-window] t=16.20s pos_err=0.005m T=23.19N z=2.499 m_est=2.360
[INFO] [1785420898.956008618] [acados_nmpc_node]: [attach-window] t=16.25s pos_err=0.006m T=23.18N z=2.498 m_est=2.360
[INFO] [1785420899.008614449] [acados_nmpc_node]: [attach-window] t=16.30s pos_err=0.006m T=23.18N z=2.498 m_est=2.361
[INFO] [1785420899.056010648] [acados_nmpc_node]: [attach-window] t=16.35s pos_err=0.007m T=23.16N z=2.498 m_est=2.361
[INFO] [1785420899.108584988] [acados_nmpc_node]: [attach-window] t=16.40s pos_err=0.007m T=23.15N z=2.498 m_est=2.362
[INFO] [1785420899.156138376] [acados_nmpc_node]: [attach-window] t=16.45s pos_err=0.007m T=23.13N z=2.498 m_est=2.362
[INFO] [1785420899.208486207] [acados_nmpc_node]: [attach-window] t=16.50s pos_err=0.008m T=23.13N z=2.498 m_est=2.362
[INFO] [1785420899.256040916] [acados_nmpc_node]: [attach-window] t=16.55s pos_err=0.008m T=23.10N z=2.499 m_est=2.362
[INFO] [1785420899.308243454] [acados_nmpc_node]: [attach-window] t=16.60s pos_err=0.008m T=23.09N z=2.499 m_est=2.362
[INFO] [1785420899.356046406] [acados_nmpc_node]: [attach-window] t=16.65s pos_err=0.009m T=23.06N z=2.500 m_est=2.362
[INFO] [1785420899.408651470] [acados_nmpc_node]: [attach-window] t=16.70s pos_err=0.009m T=23.05N z=2.501 m_est=2.363
[INFO] [1785420899.456001109] [acados_nmpc_node]: [attach-window] t=16.75s pos_err=0.010m T=23.03N z=2.502 m_est=2.363
[INFO] [1785420899.508621246] [acados_nmpc_node]: [attach-window] t=16.80s pos_err=0.010m T=23.02N z=2.503 m_est=2.362
[INFO] [1785420899.556130866] [acados_nmpc_node]: [attach-window] t=16.85s pos_err=0.011m T=23.01N z=2.504 m_est=2.362
[INFO] [1785420899.610188629] [acados_nmpc_node]: [attach-window] t=16.90s pos_err=0.012m T=23.00N z=2.505 m_est=2.362
[INFO] [1785420899.656609867] [acados_nmpc_node]: [attach-window] t=16.95s pos_err=0.013m T=23.00N z=2.506 m_est=2.362
[INFO] [1785420899.710151655] [acados_nmpc_node]: [attach-window] t=17.00s pos_err=0.013m T=23.00N z=2.506 m_est=2.362
[INFO] [1785420899.756629016] [acados_nmpc_node]: [attach-window] t=17.05s pos_err=0.014m T=23.03N z=2.507 m_est=2.362
[INFO] [1785420899.810659682] [acados_nmpc_node]: [attach-window] t=17.10s pos_err=0.014m T=23.04N z=2.507 m_est=2.361
[INFO] [1785420899.856603692] [acados_nmpc_node]: [attach-window] t=17.15s pos_err=0.015m T=23.07N z=2.506 m_est=2.361
[INFO] [1785420899.910813214] [acados_nmpc_node]: [attach-window] t=17.20s pos_err=0.016m T=23.08N z=2.506 m_est=2.361
[INFO] [1785420899.956073114] [acados_nmpc_node]: [attach-window] t=17.25s pos_err=0.017m T=23.10N z=2.505 m_est=2.361
[INFO] [1785420900.009481242] [acados_nmpc_node]: [attach-window] t=17.30s pos_err=0.018m T=23.11N z=2.505 m_est=2.361
[INFO] [1785420900.056159222] [acados_nmpc_node]: [attach-window] t=17.35s pos_err=0.019m T=23.12N z=2.504 m_est=2.361
[INFO] [1785420900.108991589] [acados_nmpc_node]: [attach-window] t=17.40s pos_err=0.020m T=23.12N z=2.504 m_est=2.360
[INFO] [1785420900.156091139] [acados_nmpc_node]: [attach-window] t=17.45s pos_err=0.021m T=23.12N z=2.504 m_est=2.360
[INFO] [1785420900.209045847] [acados_nmpc_node]: [attach-window] t=17.50s pos_err=0.022m T=23.12N z=2.504 m_est=2.360
[INFO] [1785420900.256270775] [acados_nmpc_node]: [attach-window] t=17.55s pos_err=0.022m T=23.13N z=2.503 m_est=2.360
[INFO] [1785420900.308673414] [acados_nmpc_node]: [attach-window] t=17.60s pos_err=0.022m T=23.14N z=2.502 m_est=2.360
[INFO] [1785420900.356043457] [acados_nmpc_node]: [attach-window] t=17.65s pos_err=0.021m T=23.16N z=2.501 m_est=2.360
[INFO] [1785420900.410555446] [acados_nmpc_node]: [attach-window] t=17.70s pos_err=0.021m T=23.16N z=2.501 m_est=2.360
[INFO] [1785420900.456893772] [acados_nmpc_node]: [attach-window] t=17.75s pos_err=0.019m T=23.16N z=2.500 m_est=2.360
[INFO] [1785420900.510520876] [acados_nmpc_node]: [attach-window] t=17.80s pos_err=0.019m T=23.15N z=2.500 m_est=2.361
[INFO] [1785420900.556658394] [acados_nmpc_node]: [attach-window] t=17.85s pos_err=0.017m T=23.13N z=2.500 m_est=2.361
[INFO] [1785420900.610713683] [acados_nmpc_node]: [attach-window] t=17.90s pos_err=0.017m T=23.11N z=2.500 m_est=2.361
[INFO] [1785420900.657153511] [acados_nmpc_node]: [attach-window] t=17.95s pos_err=0.015m T=23.08N z=2.501 m_est=2.361
[INFO] [1785420900.710831658] [acados_nmpc_node]: [attach-window] t=18.00s pos_err=0.015m T=23.07N z=2.501 m_est=2.361
[INFO] [1785420900.757069704] [acados_nmpc_node]: [attach-window] t=18.05s pos_err=0.014m T=23.04N z=2.502 m_est=2.361
[INFO] [1785420900.810838291] [acados_nmpc_node]: [attach-window] t=18.10s pos_err=0.014m T=23.04N z=2.503 m_est=2.361
[INFO] [1785420900.857042813] [acados_nmpc_node]: [attach-window] t=18.15s pos_err=0.015m T=23.03N z=2.503 m_est=2.361
[INFO] [1785420900.910523542] [acados_nmpc_node]: [attach-window] t=18.20s pos_err=0.015m T=23.03N z=2.504 m_est=2.361
[INFO] [1785420900.956680410] [acados_nmpc_node]: [attach-window] t=18.25s pos_err=0.016m T=23.03N z=2.504 m_est=2.361
[INFO] [1785420901.010496454] [acados_nmpc_node]: [attach-window] t=18.30s pos_err=0.017m T=23.03N z=2.505 m_est=2.361
[INFO] [1785420901.056777070] [acados_nmpc_node]: [attach-window] t=18.35s pos_err=0.018m T=23.03N z=2.505 m_est=2.361
[INFO] [1785420901.110293312] [acados_nmpc_node]: [attach-window] t=18.40s pos_err=0.019m T=23.03N z=2.506 m_est=2.361
[INFO] [1785420901.156892186] [acados_nmpc_node]: [attach-window] t=18.45s pos_err=0.020m T=23.03N z=2.506 m_est=2.361
[INFO] [1785420901.210925294] [acados_nmpc_node]: [attach-window] t=18.50s pos_err=0.021m T=23.02N z=2.507 m_est=2.361
[INFO] [1785420901.256918714] [acados_nmpc_node]: [attach-window] t=18.55s pos_err=0.023m T=23.01N z=2.508 m_est=2.361
[INFO] [1785420901.310654539] [acados_nmpc_node]: [attach-window] t=18.60s pos_err=0.024m T=23.01N z=2.508 m_est=2.361
[INFO] [1785420901.356927364] [acados_nmpc_node]: [attach-window] t=18.65s pos_err=0.026m T=23.02N z=2.509 m_est=2.361
[INFO] [1785420901.410747579] [acados_nmpc_node]: [attach-window] t=18.70s pos_err=0.026m T=23.01N z=2.509 m_est=2.360
[INFO] [1785420901.456943097] [acados_nmpc_node]: [attach-window] t=18.75s pos_err=0.028m T=23.02N z=2.510 m_est=2.360
[INFO] [1785420901.510974394] [acados_nmpc_node]: [attach-window] t=18.80s pos_err=0.028m T=23.02N z=2.510 m_est=2.360
[INFO] [1785420901.556919588] [acados_nmpc_node]: [attach-window] t=18.85s pos_err=0.029m T=23.03N z=2.510 m_est=2.360
[INFO] [1785420901.610626424] [acados_nmpc_node]: [attach-window] t=18.90s pos_err=0.029m T=23.03N z=2.510 m_est=2.359
[INFO] [1785420901.656797901] [acados_nmpc_node]: [attach-window] t=18.95s pos_err=0.030m T=23.04N z=2.511 m_est=2.359
[INFO] [1785420901.710510079] [acados_nmpc_node]: [attach-window] t=19.00s pos_err=0.029m T=23.04N z=2.511 m_est=2.359
[INFO] [1785420901.756632475] [acados_nmpc_node]: [attach-window] t=19.05s pos_err=0.029m T=23.05N z=2.511 m_est=2.359
[INFO] [1785420901.810289305] [acados_nmpc_node]: [attach-window] t=19.10s pos_err=0.029m T=23.05N z=2.511 m_est=2.359
[INFO] [1785420901.856782302] [acados_nmpc_node]: [attach-window] t=19.15s pos_err=0.028m T=23.05N z=2.511 m_est=2.359
[INFO] [1785420901.910412489] [acados_nmpc_node]: [attach-window] t=19.20s pos_err=0.027m T=23.05N z=2.511 m_est=2.359
[INFO] [1785420901.956609642] [acados_nmpc_node]: [attach-window] t=19.25s pos_err=0.026m T=23.06N z=2.511 m_est=2.359
[INFO] [1785420902.010386971] [acados_nmpc_node]: [attach-window] t=19.30s pos_err=0.025m T=23.06N z=2.511 m_est=2.359
[INFO] [1785420902.056721138] [acados_nmpc_node]: [attach-window] t=19.35s pos_err=0.023m T=23.08N z=2.511 m_est=2.359
[INFO] [1785420902.110437704] [acados_nmpc_node]: [attach-window] t=19.40s pos_err=0.022m T=23.09N z=2.511 m_est=2.359
[INFO] [1785420902.156654535] [acados_nmpc_node]: [attach-window] t=19.45s pos_err=0.021m T=23.09N z=2.511 m_est=2.359
[INFO] [1785420902.210731625] [acados_nmpc_node]: [attach-window] t=19.50s pos_err=0.020m T=23.09N z=2.511 m_est=2.359
[INFO] [1785420902.256751895] [acados_nmpc_node]: [attach-window] t=19.55s pos_err=0.020m T=23.08N z=2.511 m_est=2.359
[INFO] [1785420902.310704355] [acados_nmpc_node]: [attach-window] t=19.60s pos_err=0.020m T=23.08N z=2.511 m_est=2.359
[INFO] [1785420902.356611967] [acados_nmpc_node]: [attach-window] t=19.65s pos_err=0.020m T=23.08N z=2.511 m_est=2.359
[INFO] [1785420902.410738948] [acados_nmpc_node]: [attach-window] t=19.70s pos_err=0.020m T=23.08N z=2.511 m_est=2.359
[INFO] [1785420902.456587516] [acados_nmpc_node]: [attach-window] t=19.75s pos_err=0.021m T=23.08N z=2.511 m_est=2.359
[INFO] [1785420902.510480399] [acados_nmpc_node]: [attach-window] t=19.80s pos_err=0.021m T=23.08N z=2.511 m_est=2.359
[INFO] [1785420902.556656314] [acados_nmpc_node]: [attach-window] t=19.85s pos_err=0.021m T=23.07N z=2.511 m_est=2.359
[INFO] [1785420902.610461109] [acados_nmpc_node]: [attach-window] t=19.90s pos_err=0.021m T=23.07N z=2.511 m_est=2.359
[INFO] [1785420902.656663601] [acados_nmpc_node]: [attach-window] t=19.95s pos_err=0.021m T=23.08N z=2.511 m_est=2.359
[INFO] [1785420902.710735048] [acados_nmpc_node]: [attach-window] t=20.00s pos_err=0.020m T=23.09N z=2.510 m_est=2.360
[INFO] [1785420902.756673728] [acados_nmpc_node]: [attach-window] t=20.05s pos_err=0.019m T=23.11N z=2.509 m_est=2.360
[INFO] [1785420902.811018597] [acados_nmpc_node]: [attach-window] t=20.10s pos_err=0.019m T=23.12N z=2.509 m_est=2.360
[INFO] [1785420902.856650323] [acados_nmpc_node]: [attach-window] t=20.15s pos_err=0.017m T=23.15N z=2.508 m_est=2.360
[INFO] [1785420902.910480056] [acados_nmpc_node]: [attach-window] t=20.20s pos_err=0.016m T=23.16N z=2.507 m_est=2.360
[INFO] [1785420902.956664603] [acados_nmpc_node]: [attach-window] t=20.25s pos_err=0.015m T=23.18N z=2.505 m_est=2.360
[INFO] [1785420903.010708344] [acados_nmpc_node]: [attach-window] t=20.30s pos_err=0.014m T=23.19N z=2.504 m_est=2.360
[INFO] [1785420903.056663458] [acados_nmpc_node]: [attach-window] t=20.35s pos_err=0.012m T=23.20N z=2.503 m_est=2.360
[INFO] [1785420903.110280946] [acados_nmpc_node]: [attach-window] t=20.40s pos_err=0.011m T=23.21N z=2.502 m_est=2.361
[INFO] [1785420903.156742144] [acados_nmpc_node]: [attach-window] t=20.45s pos_err=0.010m T=23.20N z=2.501 m_est=2.361
[INFO] [1785420903.157210269] [acados_nmpc_node]: t=20.4s | pos_err=0.010m | T=23.20N | tau=[r-0.391 p0.079 y0.002]Nm | res_stat=1.077e-07(peak 9.889e-07) sqp_iter=2 | solve=1.4ms
[INFO] [1785420903.210607503] [acados_nmpc_node]: [attach-window] t=20.50s pos_err=0.009m T=23.20N z=2.501 m_est=2.361
[INFO] [1785420903.256603681] [acados_nmpc_node]: [attach-window] t=20.55s pos_err=0.008m T=23.18N z=2.500 m_est=2.361
[INFO] [1785420903.310467276] [acados_nmpc_node]: [attach-window] t=20.60s pos_err=0.007m T=23.17N z=2.500 m_est=2.362
[INFO] [1785420903.356650593] [acados_nmpc_node]: [attach-window] t=20.65s pos_err=0.006m T=23.14N z=2.500 m_est=2.362
[INFO] [1785420903.410363173] [acados_nmpc_node]: [attach-window] t=20.70s pos_err=0.005m T=23.13N z=2.500 m_est=2.362
[INFO] [1785420903.456608160] [acados_nmpc_node]: [attach-window] t=20.75s pos_err=0.004m T=23.09N z=2.501 m_est=2.362
[INFO] [1785420903.510413024] [acados_nmpc_node]: [attach-window] t=20.80s pos_err=0.003m T=23.07N z=2.501 m_est=2.362
[INFO] [1785420903.556056170] [acados_nmpc_node]: [attach-window] t=20.85s pos_err=0.004m T=23.04N z=2.503 m_est=2.362
[INFO] [1785420903.610643782] [acados_nmpc_node]: [attach-window] t=20.90s pos_err=0.004m T=23.02N z=2.504 m_est=2.362
[INFO] [1785420903.656617059] [acados_nmpc_node]: [attach-window] t=20.95s pos_err=0.006m T=22.99N z=2.506 m_est=2.362
[INFO] [1785420903.710500074] [acados_nmpc_node]: [attach-window] t=21.00s pos_err=0.007m T=22.98N z=2.507 m_est=2.362
[INFO] [1785420903.756830380] [acados_nmpc_node]: [attach-window] t=21.05s pos_err=0.008m T=22.97N z=2.508 m_est=2.362
[INFO] [1785420903.810879853] [acados_nmpc_node]: [attach-window] t=21.10s pos_err=0.008m T=22.97N z=2.508 m_est=2.362
[ros2run]: Killed
