[INFO] [1785418072.170822018] [acados_nmpc_node]: acados NMPC node starting, building/loading solver...
Code reuse possible, skipping code generation.
acados was compiled without OpenMP.
[INFO] [1785418072.181137102] [acados_nmpc_node]: GRIPPER MODE: hover over box (1.0,0.1) z 0.55->2.5m, lift after 1.5s, empty m_est=2.06kg
[INFO] [1785418072.181560470] [acados_nmpc_node]: Warming up acados solver...
[INFO] [1785418072.187489042] [acados_nmpc_node]: Solver warmup complete, took 5.5 ms
[INFO] [1785418072.194379644] [acados_nmpc_node]: Decoupled publish enabled: solve @20Hz, body_rate/thrust @50Hz (trajectory interpolation)
[INFO] [1785418072.194884147] [acados_nmpc_node]: acados NMPC node initialized! Waiting for EKF2 convergence...
[INFO] [1785418082.195004003] [acados_nmpc_node]: Waiting for EKF2 convergence... 5/10 s
[INFO] [1785418087.196346229] [acados_nmpc_node]: Waiting for EKF2 convergence... 10/10 s
[INFO] [1785418087.296420751] [acados_nmpc_node]: Switching to OFFBOARD mode
[INFO] [1785418088.144379756] [acados_nmpc_node]: Sending arm command
[INFO] [1785418089.144305160] [acados_nmpc_node]: Armed, preparing to move to trajectory start...
[INFO] [1785418091.544362736] [acados_nmpc_node]: Gripper approach (climb): rising at spawn to z=1.50m | z=0.09m v=0.40m/s
[INFO] [1785418094.044425158] [acados_nmpc_node]: Gripper approach (climb): rising at spawn to z=1.50m | z=1.00m v=0.25m/s
[INFO] [1785418096.144351435] [acados_nmpc_node]: Gripper approach: climbed to safe altitude at spawn, now translating over box
[INFO] [1785418096.544408744] [acados_nmpc_node]: Gripper approach (high): aligning over box at z=1.50m | xy=0.978m z_err=0.156m v=0.23m/s
[INFO] [1785418098.397070203] [acados_nmpc_node]: Gripper approach: aligned above box, NMPC will take over here (z=1.50m), settle 3.0s then descend to z=0.55m to trigger attach
[INFO] [1785418098.444661632] [acados_nmpc_node]: Reached trajectory start, NMPC tracking begins!
[INFO] [1785418098.998657234] [acados_nmpc_node]: t=0.6s | pos_err=0.059m | T=20.07N | tau=[r-0.020 p0.027 y-0.021]Nm | res_stat=3.817e-07(peak 9.106e-07) sqp_iter=3 | solve=1.5ms
[INFO] [1785418101.444298625] [acados_nmpc_node]: t=3.0s | DESCEND: settle done, lowering 1.5->0.55m, will enable gripper at bottom
[INFO] [1785418103.998912254] [acados_nmpc_node]: t=5.6s | pos_err=0.062m | T=20.50N | tau=[r-0.000 p0.001 y-0.001]Nm | res_stat=6.889e-07(peak 9.106e-07) sqp_iter=2 | solve=1.2ms
[INFO] [1785418104.944264112] [acados_nmpc_node]: t=6.5s | DESCEND done at z=0.569m (target 0.550m, z_err=0.019m, v=0.05m/s), gripper ENABLED (attach will trigger now)
[INFO] [1785418104.958370431] [acados_nmpc_node]: attach offset received: box-drone = [+0.016, -0.098, -0.477] m
[INFO] [1785418104.997219866] [acados_nmpc_node]: PX4 MC_ROLLRATE_K: 1.000 -> 3.836 (inertia ratio 3.84, cap 5.0)
[INFO] [1785418104.997428623] [acados_nmpc_node]: PX4 MC_PITCHRATE_K: 1.000 -> 3.836 (inertia ratio 3.84, cap 5.0)
[INFO] [1785418104.997622817] [acados_nmpc_node]: t=6.6s | ATTACH (geom_source=online): dJ/gain init from prior m_p=0.20kg arm=0.47m (dJ=0.0403); c_xy+dJ refine online, attach truth eval-only
[INFO] [1785418104.999856599] [acados_nmpc_node]: [attach-window] t=6.55s pos_err=0.020m T=19.62N z=0.567 m_est=2.011
[INFO] [1785418105.046260310] [acados_nmpc_node]: [attach-window] t=6.60s pos_err=0.020m T=19.34N z=0.568 m_est=2.011
[INFO] [1785418105.098893447] [acados_nmpc_node]: [attach-window] t=6.65s pos_err=0.020m T=19.37N z=0.568 m_est=2.014
[INFO] [1785418105.146175293] [acados_nmpc_node]: [attach-window] t=6.70s pos_err=0.020m T=19.36N z=0.568 m_est=2.014
[INFO] [1785418105.198856566] [acados_nmpc_node]: [attach-window] t=6.75s pos_err=0.020m T=19.34N z=0.568 m_est=2.013
[INFO] [1785418105.246190946] [acados_nmpc_node]: [attach-window] t=6.80s pos_err=0.020m T=19.37N z=0.568 m_est=2.013
[INFO] [1785418105.299245986] [acados_nmpc_node]: [attach-window] t=6.85s pos_err=0.020m T=19.34N z=0.568 m_est=2.012
[INFO] [1785418105.346052773] [acados_nmpc_node]: [attach-window] t=6.90s pos_err=0.020m T=19.34N z=0.568 m_est=2.012
[INFO] [1785418105.398887884] [acados_nmpc_node]: [attach-window] t=6.95s pos_err=0.020m T=19.33N z=0.567 m_est=2.010
[INFO] [1785418105.445999484] [acados_nmpc_node]: [attach-window] t=7.00s pos_err=0.020m T=19.34N z=0.567 m_est=2.010
[INFO] [1785418105.499286952] [acados_nmpc_node]: [attach-window] t=7.05s pos_err=0.020m T=19.33N z=0.566 m_est=2.006
[INFO] [1785418105.546207591] [acados_nmpc_node]: [attach-window] t=7.10s pos_err=0.020m T=19.35N z=0.565 m_est=2.006
[INFO] [1785418105.599319017] [acados_nmpc_node]: [attach-window] t=7.15s pos_err=0.020m T=19.32N z=0.565 m_est=2.003
[INFO] [1785418105.646162327] [acados_nmpc_node]: [attach-window] t=7.20s pos_err=0.021m T=19.34N z=0.564 m_est=2.003
[INFO] [1785418105.699102926] [acados_nmpc_node]: [attach-window] t=7.25s pos_err=0.021m T=19.31N z=0.564 m_est=1.998
[INFO] [1785418105.746182789] [acados_nmpc_node]: [attach-window] t=7.30s pos_err=0.023m T=19.32N z=0.563 m_est=1.998
[INFO] [1785418105.799377890] [acados_nmpc_node]: [attach-window] t=7.35s pos_err=0.024m T=19.27N z=0.563 m_est=1.992
[INFO] [1785418105.846161817] [acados_nmpc_node]: [attach-window] t=7.40s pos_err=0.026m T=19.27N z=0.562 m_est=1.992
[INFO] [1785418105.899161649] [acados_nmpc_node]: [attach-window] t=7.45s pos_err=0.027m T=19.21N z=0.562 m_est=1.986
[INFO] [1785418105.946343722] [acados_nmpc_node]: [attach-window] t=7.50s pos_err=0.029m T=19.22N z=0.562 m_est=1.986
[INFO] [1785418105.999357469] [acados_nmpc_node]: [attach-window] t=7.55s pos_err=0.030m T=19.15N z=0.562 m_est=1.979
[INFO] [1785418106.046241168] [acados_nmpc_node]: [attach-window] t=7.60s pos_err=0.032m T=19.16N z=0.561 m_est=1.979
[INFO] [1785418106.099389435] [acados_nmpc_node]: [attach-window] t=7.65s pos_err=0.032m T=19.08N z=0.562 m_est=1.971
[INFO] [1785418106.146193767] [acados_nmpc_node]: [attach-window] t=7.70s pos_err=0.034m T=19.07N z=0.562 m_est=1.971
[INFO] [1785418106.199558126] [acados_nmpc_node]: [attach-window] t=7.75s pos_err=0.035m T=18.99N z=0.561 m_est=1.963
[INFO] [1785418106.246269074] [acados_nmpc_node]: [attach-window] t=7.80s pos_err=0.036m T=18.99N z=0.561 m_est=1.963
[INFO] [1785418106.299328322] [acados_nmpc_node]: [attach-window] t=7.85s pos_err=0.036m T=18.97N z=0.561 m_est=1.961
[INFO] [1785418106.346250550] [acados_nmpc_node]: [attach-window] t=7.90s pos_err=0.037m T=18.99N z=0.561 m_est=1.961
[INFO] [1785418106.399311341] [acados_nmpc_node]: [attach-window] t=7.95s pos_err=0.037m T=18.99N z=0.560 m_est=1.961
[INFO] [1785418106.446205688] [acados_nmpc_node]: [attach-window] t=8.00s pos_err=0.037m T=19.01N z=0.559 m_est=1.961
[INFO] [1785418106.497252226] [acados_nmpc_node]: t=8.1s | LIFT: raising hover 0.55->2.5m to lift payload
[INFO] [1785418106.499524558] [acados_nmpc_node]: [attach-window] t=8.05s pos_err=0.037m T=19.02N z=0.559 m_est=1.961
[INFO] [1785418106.546363039] [acados_nmpc_node]: [attach-window] t=8.10s pos_err=0.037m T=19.03N z=0.558 m_est=1.961
[INFO] [1785418106.599442033] [acados_nmpc_node]: [attach-window] t=8.15s pos_err=0.037m T=19.05N z=0.558 m_est=1.961
[INFO] [1785418106.646195244] [acados_nmpc_node]: [attach-window] t=8.20s pos_err=0.037m T=19.09N z=0.557 m_est=1.961
[INFO] [1785418106.699347845] [acados_nmpc_node]: [attach-window] t=8.25s pos_err=0.038m T=19.15N z=0.557 m_est=1.961
[INFO] [1785418106.746192502] [acados_nmpc_node]: [attach-window] t=8.30s pos_err=0.038m T=19.24N z=0.556 m_est=1.961
[INFO] [1785418106.799268344] [acados_nmpc_node]: [attach-window] t=8.35s pos_err=0.040m T=19.37N z=0.556 m_est=1.961
[INFO] [1785418106.846378256] [acados_nmpc_node]: [attach-window] t=8.40s pos_err=0.043m T=19.52N z=0.556 m_est=1.961
[INFO] [1785418106.899490955] [acados_nmpc_node]: [attach-window] t=8.45s pos_err=0.050m T=19.74N z=0.556 m_est=1.961
[INFO] [1785418106.946233028] [acados_nmpc_node]: [attach-window] t=8.50s pos_err=0.058m T=19.97N z=0.557 m_est=1.961
[INFO] [1785418106.999356523] [acados_nmpc_node]: [attach-window] t=8.55s pos_err=0.073m T=20.30N z=0.557 m_est=1.961
[INFO] [1785418107.046225277] [acados_nmpc_node]: [attach-window] t=8.60s pos_err=0.088m T=20.64N z=0.558 m_est=1.961
[INFO] [1785418107.099259948] [acados_nmpc_node]: [attach-window] t=8.65s pos_err=0.111m T=21.09N z=0.558 m_est=1.961
[INFO] [1785418107.146473163] [acados_nmpc_node]: [attach-window] t=8.70s pos_err=0.133m T=21.51N z=0.559 m_est=1.961
[INFO] [1785418107.199793585] [acados_nmpc_node]: [attach-window] t=8.75s pos_err=0.163m T=22.08N z=0.560 m_est=1.961
[INFO] [1785418107.246355951] [acados_nmpc_node]: [attach-window] t=8.80s pos_err=0.191m T=22.59N z=0.561 m_est=1.961
[INFO] [1785418107.299718910] [acados_nmpc_node]: [attach-window] t=8.85s pos_err=0.228m T=23.24N z=0.562 m_est=1.961
[INFO] [1785418107.346750554] [acados_nmpc_node]: [attach-window] t=8.90s pos_err=0.262m T=23.80N z=0.563 m_est=1.961
[INFO] [1785418107.400029393] [acados_nmpc_node]: [attach-window] t=8.95s pos_err=0.304m T=24.82N z=0.564 m_est=1.994
[INFO] [1785418107.446701634] [acados_nmpc_node]: [attach-window] t=9.00s pos_err=0.341m T=25.04N z=0.569 m_est=1.994
[INFO] [1785418107.500045116] [acados_nmpc_node]: [attach-window] t=9.05s pos_err=0.388m T=27.21N z=0.571 m_est=2.139
[INFO] [1785418107.546695800] [acados_nmpc_node]: [attach-window] t=9.10s pos_err=0.424m T=26.99N z=0.582 m_est=2.139
[INFO] [1785418107.599808742] [acados_nmpc_node]: [attach-window] t=9.15s pos_err=0.471m T=28.07N z=0.590 m_est=2.221
[INFO] [1785418107.646586630] [acados_nmpc_node]: [attach-window] t=9.20s pos_err=0.500m T=27.25N z=0.611 m_est=2.221
[INFO] [1785418107.698357715] [acados_nmpc_node]: [attach-window] t=9.25s pos_err=0.543m T=27.69N z=0.626 m_est=2.263
[INFO] [1785418107.745970464] [acados_nmpc_node]: [attach-window] t=9.30s pos_err=0.556m T=26.22N z=0.667 m_est=2.263
[INFO] [1785418107.797845396] [acados_nmpc_node]: [attach-window] t=9.35s pos_err=0.594m T=26.26N z=0.690 m_est=2.274
[INFO] [1785418107.845868011] [acados_nmpc_node]: [attach-window] t=9.40s pos_err=0.599m T=25.05N z=0.742 m_est=2.274
[INFO] [1785418107.899634732] [acados_nmpc_node]: [attach-window] t=9.45s pos_err=0.634m T=25.01N z=0.771 m_est=2.262
[INFO] [1785418107.946553327] [acados_nmpc_node]: [attach-window] t=9.50s pos_err=0.620m T=23.69N z=0.842 m_est=2.262
[INFO] [1785418107.999970206] [acados_nmpc_node]: [attach-window] t=9.55s pos_err=0.652m T=23.75N z=0.876 m_est=2.246
[INFO] [1785418108.045975753] [acados_nmpc_node]: [attach-window] t=9.60s pos_err=0.639m T=22.97N z=0.946 m_est=2.246
[INFO] [1785418108.097937043] [acados_nmpc_node]: [attach-window] t=9.65s pos_err=0.666m T=23.12N z=0.982 m_est=2.228
[INFO] [1785418108.145865746] [acados_nmpc_node]: [attach-window] t=9.70s pos_err=0.642m T=22.37N z=1.064 m_est=2.228
[INFO] [1785418108.197898051] [acados_nmpc_node]: [attach-window] t=9.75s pos_err=0.666m T=22.61N z=1.101 m_est=2.213
[INFO] [1785418108.245924735] [acados_nmpc_node]: [attach-window] t=9.80s pos_err=0.649m T=22.22N z=1.175 m_est=2.213
[INFO] [1785418108.297945829] [acados_nmpc_node]: [attach-window] t=9.85s pos_err=0.672m T=22.50N z=1.211 m_est=2.198
[INFO] [1785418108.345908065] [acados_nmpc_node]: [attach-window] t=9.90s pos_err=0.643m T=22.00N z=1.292 m_est=2.198
[INFO] [1785418108.397764368] [acados_nmpc_node]: [attach-window] t=9.95s pos_err=0.663m T=22.28N z=1.328 m_est=2.186
[INFO] [1785418108.445829071] [acados_nmpc_node]: [attach-window] t=10.00s pos_err=0.641m T=21.96N z=1.399 m_est=2.186
[INFO] [1785418108.497604817] [acados_nmpc_node]: [attach-window] t=10.05s pos_err=0.657m T=22.21N z=1.434 m_est=2.175
[INFO] [1785418108.545702702] [acados_nmpc_node]: [attach-window] t=10.10s pos_err=0.625m T=21.74N z=1.512 m_est=2.175
[INFO] [1785418108.597634639] [acados_nmpc_node]: [attach-window] t=10.15s pos_err=0.637m T=21.94N z=1.546 m_est=2.166
[INFO] [1785418108.645630548] [acados_nmpc_node]: [attach-window] t=10.20s pos_err=0.610m T=21.63N z=1.612 m_est=2.166
[INFO] [1785418108.697637075] [acados_nmpc_node]: [attach-window] t=10.25s pos_err=0.618m T=21.80N z=1.645 m_est=2.158
[INFO] [1785418108.745753151] [acados_nmpc_node]: [attach-window] t=10.30s pos_err=0.580m T=21.36N z=1.717 m_est=2.158
[INFO] [1785418108.799447949] [acados_nmpc_node]: [attach-window] t=10.35s pos_err=0.584m T=21.48N z=1.748 m_est=2.152
[INFO] [1785418108.846160445] [acados_nmpc_node]: [attach-window] t=10.40s pos_err=0.551m T=21.17N z=1.809 m_est=2.152
[INFO] [1785418108.899289649] [acados_nmpc_node]: [attach-window] t=10.45s pos_err=0.549m T=21.27N z=1.839 m_est=2.146
[INFO] [1785418108.946080105] [acados_nmpc_node]: [attach-window] t=10.50s pos_err=0.507m T=20.90N z=1.903 m_est=2.146
[INFO] [1785418108.999298147] [acados_nmpc_node]: [attach-window] t=10.55s pos_err=0.502m T=20.95N z=1.930 m_est=2.143
[INFO] [1785418108.999774060] [acados_nmpc_node]: t=10.6s | pos_err=0.502m | T=20.95N | tau=[r-0.045 p0.028 y0.011]Nm | res_stat=5.406e-07(peak 9.829e-07) sqp_iter=3 | solve=1.5ms
[INFO] [1785418109.046168459] [acados_nmpc_node]: [attach-window] t=10.60s pos_err=0.465m T=20.72N z=1.982 m_est=2.143
[INFO] [1785418109.099299884] [acados_nmpc_node]: [attach-window] t=10.65s pos_err=0.456m T=20.74N z=2.007 m_est=2.140
[INFO] [1785418109.146093111] [acados_nmpc_node]: [attach-window] t=10.70s pos_err=0.414m T=20.52N z=2.061 m_est=2.140
[INFO] [1785418109.199574228] [acados_nmpc_node]: [attach-window] t=10.75s pos_err=0.401m T=20.53N z=2.083 m_est=2.138
[INFO] [1785418109.246138813] [acados_nmpc_node]: [attach-window] t=10.80s pos_err=0.366m T=20.43N z=2.124 m_est=2.138
[INFO] [1785418109.299392170] [acados_nmpc_node]: [attach-window] t=10.85s pos_err=0.347m T=20.42N z=2.149 m_est=2.138
[INFO] [1785418109.346212566] [acados_nmpc_node]: [attach-window] t=10.90s pos_err=0.314m T=20.39N z=2.185 m_est=2.138
[INFO] [1785418109.399327821] [acados_nmpc_node]: [attach-window] t=10.95s pos_err=0.299m T=20.47N z=2.201 m_est=2.144
[INFO] [1785418109.446186955] [acados_nmpc_node]: [attach-window] t=11.00s pos_err=0.270m T=20.51N z=2.231 m_est=2.144
[INFO] [1785418109.499395581] [acados_nmpc_node]: [attach-window] t=11.05s pos_err=0.256m T=20.62N z=2.245 m_est=2.153
[INFO] [1785418109.546349031] [acados_nmpc_node]: [attach-window] t=11.10s pos_err=0.228m T=20.72N z=2.274 m_est=2.153
[INFO] [1785418109.599411095] [acados_nmpc_node]: [attach-window] t=11.15s pos_err=0.217m T=20.86N z=2.285 m_est=2.162
[INFO] [1785418109.646196905] [acados_nmpc_node]: [attach-window] t=11.20s pos_err=0.196m T=20.97N z=2.305 m_est=2.162
[INFO] [1785418109.699488377] [acados_nmpc_node]: [attach-window] t=11.25s pos_err=0.187m T=21.12N z=2.315 m_est=2.172
[INFO] [1785418109.746222687] [acados_nmpc_node]: [attach-window] t=11.30s pos_err=0.169m T=21.24N z=2.333 m_est=2.172
[INFO] [1785418109.799463780] [acados_nmpc_node]: [attach-window] t=11.35s pos_err=0.162m T=21.38N z=2.340 m_est=2.182
[INFO] [1785418109.846123978] [acados_nmpc_node]: [attach-window] t=11.40s pos_err=0.147m T=21.48N z=2.355 m_est=2.182
[INFO] [1785418109.899371490] [acados_nmpc_node]: [attach-window] t=11.45s pos_err=0.143m T=21.59N z=2.359 m_est=2.191
[INFO] [1785418109.946259653] [acados_nmpc_node]: [attach-window] t=11.50s pos_err=0.131m T=21.66N z=2.371 m_est=2.191
[INFO] [1785418109.999468971] [acados_nmpc_node]: [attach-window] t=11.55s pos_err=0.125m T=21.75N z=2.376 m_est=2.199
[INFO] [1785418110.046032969] [acados_nmpc_node]: [attach-window] t=11.60s pos_err=0.116m T=21.77N z=2.386 m_est=2.199
[INFO] [1785418110.099321513] [acados_nmpc_node]: [attach-window] t=11.65s pos_err=0.111m T=21.84N z=2.390 m_est=2.206
[INFO] [1785418110.145912225] [acados_nmpc_node]: [attach-window] t=11.70s pos_err=0.101m T=21.83N z=2.400 m_est=2.206
[INFO] [1785418110.199532481] [acados_nmpc_node]: [attach-window] t=11.75s pos_err=0.097m T=21.88N z=2.404 m_est=2.212
[INFO] [1785418110.245912748] [acados_nmpc_node]: [attach-window] t=11.80s pos_err=0.089m T=21.86N z=2.412 m_est=2.212
[INFO] [1785418110.299413926] [acados_nmpc_node]: [attach-window] t=11.85s pos_err=0.085m T=21.90N z=2.415 m_est=2.218
[INFO] [1785418110.345929405] [acados_nmpc_node]: [attach-window] t=11.90s pos_err=0.077m T=21.87N z=2.424 m_est=2.218
[INFO] [1785418110.399404231] [acados_nmpc_node]: [attach-window] t=11.95s pos_err=0.074m T=21.90N z=2.427 m_est=2.223
[INFO] [1785418110.445995993] [acados_nmpc_node]: [attach-window] t=12.00s pos_err=0.067m T=21.89N z=2.434 m_est=2.223
[INFO] [1785418110.499283843] [acados_nmpc_node]: [attach-window] t=12.05s pos_err=0.065m T=21.92N z=2.437 m_est=2.227
[INFO] [1785418110.546224514] [acados_nmpc_node]: [attach-window] t=12.10s pos_err=0.059m T=21.92N z=2.443 m_est=2.227
[INFO] [1785418110.599468659] [acados_nmpc_node]: [attach-window] t=12.15s pos_err=0.057m T=21.96N z=2.445 m_est=2.230
[INFO] [1785418110.645943973] [acados_nmpc_node]: [attach-window] t=12.20s pos_err=0.053m T=21.97N z=2.449 m_est=2.230
[INFO] [1785418110.699592365] [acados_nmpc_node]: [attach-window] t=12.25s pos_err=0.051m T=22.00N z=2.451 m_est=2.233
[INFO] [1785418110.746121495] [acados_nmpc_node]: [attach-window] t=12.30s pos_err=0.047m T=22.00N z=2.456 m_est=2.233
[INFO] [1785418110.797863423] [acados_nmpc_node]: [attach-window] t=12.35s pos_err=0.046m T=22.03N z=2.457 m_est=2.236
[INFO] [1785418110.845947466] [acados_nmpc_node]: [attach-window] t=12.40s pos_err=0.043m T=22.03N z=2.461 m_est=2.236
[INFO] [1785418110.899250620] [acados_nmpc_node]: [attach-window] t=12.45s pos_err=0.041m T=22.05N z=2.463 m_est=2.239
[INFO] [1785418110.945985957] [acados_nmpc_node]: [attach-window] t=12.50s pos_err=0.038m T=22.04N z=2.466 m_est=2.239
[INFO] [1785418110.999356634] [acados_nmpc_node]: [attach-window] t=12.55s pos_err=0.037m T=22.06N z=2.468 m_est=2.241
[INFO] [1785418111.046026821] [acados_nmpc_node]: [attach-window] t=12.60s pos_err=0.034m T=22.05N z=2.471 m_est=2.241
[INFO] [1785418111.099272796] [acados_nmpc_node]: [attach-window] t=12.65s pos_err=0.032m T=22.06N z=2.472 m_est=2.243
[INFO] [1785418111.146021469] [acados_nmpc_node]: [attach-window] t=12.70s pos_err=0.029m T=22.06N z=2.475 m_est=2.243
[INFO] [1785418111.199158618] [acados_nmpc_node]: [attach-window] t=12.75s pos_err=0.028m T=22.07N z=2.476 m_est=2.244
[INFO] [1785418111.245905714] [acados_nmpc_node]: [attach-window] t=12.80s pos_err=0.025m T=22.07N z=2.478 m_est=2.244
[INFO] [1785418111.299376638] [acados_nmpc_node]: [attach-window] t=12.85s pos_err=0.024m T=22.09N z=2.479 m_est=2.246
[INFO] [1785418111.345875362] [acados_nmpc_node]: [attach-window] t=12.90s pos_err=0.021m T=22.09N z=2.481 m_est=2.246
[INFO] [1785418111.397643561] [acados_nmpc_node]: [attach-window] t=12.95s pos_err=0.020m T=22.10N z=2.482 m_est=2.247
[INFO] [1785418111.445925221] [acados_nmpc_node]: [attach-window] t=13.00s pos_err=0.018m T=22.10N z=2.483 m_est=2.247
[INFO] [1785418111.499572219] [acados_nmpc_node]: [attach-window] t=13.05s pos_err=0.017m T=22.10N z=2.484 m_est=2.248
[INFO] [1785418111.545982476] [acados_nmpc_node]: [attach-window] t=13.10s pos_err=0.015m T=22.10N z=2.486 m_est=2.248
[INFO] [1785418111.599430907] [acados_nmpc_node]: [attach-window] t=13.15s pos_err=0.014m T=22.10N z=2.487 m_est=2.249
[INFO] [1785418111.645872506] [acados_nmpc_node]: [attach-window] t=13.20s pos_err=0.013m T=22.11N z=2.488 m_est=2.249
[INFO] [1785418111.699266065] [acados_nmpc_node]: [attach-window] t=13.25s pos_err=0.012m T=22.12N z=2.488 m_est=2.250
[INFO] [1785418111.745976557] [acados_nmpc_node]: [attach-window] t=13.30s pos_err=0.012m T=22.13N z=2.489 m_est=2.250
[INFO] [1785418111.799663024] [acados_nmpc_node]: [attach-window] t=13.35s pos_err=0.012m T=22.14N z=2.489 m_est=2.251
[INFO] [1785418111.845976591] [acados_nmpc_node]: [attach-window] t=13.40s pos_err=0.012m T=22.15N z=2.490 m_est=2.251
[INFO] [1785418111.899445914] [acados_nmpc_node]: [attach-window] t=13.45s pos_err=0.012m T=22.15N z=2.490 m_est=2.251
[INFO] [1785418111.945910069] [acados_nmpc_node]: [attach-window] t=13.50s pos_err=0.012m T=22.14N z=2.491 m_est=2.251
[INFO] [1785418111.999621998] [acados_nmpc_node]: [attach-window] t=13.55s pos_err=0.012m T=22.14N z=2.492 m_est=2.252
[INFO] [1785418112.046007274] [acados_nmpc_node]: [attach-window] t=13.60s pos_err=0.012m T=22.13N z=2.493 m_est=2.252
[INFO] [1785418112.099631971] [acados_nmpc_node]: [attach-window] t=13.65s pos_err=0.011m T=22.14N z=2.493 m_est=2.253
[INFO] [1785418112.145941786] [acados_nmpc_node]: [attach-window] t=13.70s pos_err=0.011m T=22.13N z=2.494 m_est=2.253
[INFO] [1785418112.199618491] [acados_nmpc_node]: [attach-window] t=13.75s pos_err=0.010m T=22.13N z=2.494 m_est=2.253
[INFO] [1785418112.245886102] [acados_nmpc_node]: [attach-window] t=13.80s pos_err=0.009m T=22.12N z=2.495 m_est=2.253
[INFO] [1785418112.299330532] [acados_nmpc_node]: [attach-window] t=13.85s pos_err=0.009m T=22.12N z=2.496 m_est=2.254
[INFO] [1785418112.345868592] [acados_nmpc_node]: [attach-window] t=13.90s pos_err=0.009m T=22.13N z=2.496 m_est=2.254
[INFO] [1785418112.399449176] [acados_nmpc_node]: [attach-window] t=13.95s pos_err=0.009m T=22.13N z=2.497 m_est=2.255
[INFO] [1785418112.445970400] [acados_nmpc_node]: [attach-window] t=14.00s pos_err=0.009m T=22.14N z=2.497 m_est=2.255
[INFO] [1785418112.499377721] [acados_nmpc_node]: [attach-window] t=14.05s pos_err=0.009m T=22.16N z=2.497 m_est=2.255
[INFO] [1785418112.546056593] [acados_nmpc_node]: [attach-window] t=14.10s pos_err=0.009m T=22.17N z=2.497 m_est=2.255
[INFO] [1785418112.599429870] [acados_nmpc_node]: [attach-window] t=14.15s pos_err=0.009m T=22.17N z=2.497 m_est=2.256
[INFO] [1785418112.645866661] [acados_nmpc_node]: [attach-window] t=14.20s pos_err=0.009m T=22.17N z=2.497 m_est=2.256
[INFO] [1785418112.699446873] [acados_nmpc_node]: [attach-window] t=14.25s pos_err=0.009m T=22.17N z=2.497 m_est=2.256
[INFO] [1785418112.745873907] [acados_nmpc_node]: [attach-window] t=14.30s pos_err=0.009m T=22.17N z=2.497 m_est=2.256
[INFO] [1785418112.799295895] [acados_nmpc_node]: [attach-window] t=14.35s pos_err=0.010m T=22.17N z=2.497 m_est=2.257
[INFO] [1785418112.845908802] [acados_nmpc_node]: [attach-window] t=14.40s pos_err=0.010m T=22.17N z=2.497 m_est=2.257
[INFO] [1785418112.899435631] [acados_nmpc_node]: [attach-window] t=14.45s pos_err=0.011m T=22.17N z=2.497 m_est=2.257
[INFO] [1785418112.945903271] [acados_nmpc_node]: [attach-window] t=14.50s pos_err=0.012m T=22.16N z=2.497 m_est=2.257
[INFO] [1785418112.999509703] [acados_nmpc_node]: [attach-window] t=14.55s pos_err=0.012m T=22.17N z=2.497 m_est=2.257
[INFO] [1785418113.045841553] [acados_nmpc_node]: [attach-window] t=14.60s pos_err=0.013m T=22.16N z=2.498 m_est=2.257
[INFO] [1785418113.099352998] [acados_nmpc_node]: [attach-window] t=14.65s pos_err=0.013m T=22.17N z=2.498 m_est=2.258
[INFO] [1785418113.145899384] [acados_nmpc_node]: [attach-window] t=14.70s pos_err=0.014m T=22.16N z=2.498 m_est=2.258
[INFO] [1785418113.199454525] [acados_nmpc_node]: [attach-window] t=14.75s pos_err=0.015m T=22.15N z=2.498 m_est=2.258
[INFO] [1785418113.245903841] [acados_nmpc_node]: [attach-window] t=14.80s pos_err=0.016m T=22.15N z=2.498 m_est=2.258
[INFO] [1785418113.299482560] [acados_nmpc_node]: [attach-window] t=14.85s pos_err=0.016m T=22.15N z=2.499 m_est=2.258
[INFO] [1785418113.345912091] [acados_nmpc_node]: [attach-window] t=14.90s pos_err=0.017m T=22.16N z=2.498 m_est=2.258
[INFO] [1785418113.399550359] [acados_nmpc_node]: [attach-window] t=14.95s pos_err=0.018m T=22.17N z=2.498 m_est=2.258
[INFO] [1785418113.446218762] [acados_nmpc_node]: [attach-window] t=15.00s pos_err=0.019m T=22.19N z=2.498 m_est=2.258
[INFO] [1785418113.499834547] [acados_nmpc_node]: [attach-window] t=15.05s pos_err=0.020m T=22.20N z=2.497 m_est=2.258
[INFO] [1785418113.546028687] [acados_nmpc_node]: [attach-window] t=15.10s pos_err=0.020m T=22.21N z=2.497 m_est=2.258
[INFO] [1785418113.599536681] [acados_nmpc_node]: [attach-window] t=15.15s pos_err=0.020m T=22.21N z=2.496 m_est=2.259
[INFO] [1785418113.645971325] [acados_nmpc_node]: [attach-window] t=15.20s pos_err=0.020m T=22.20N z=2.496 m_est=2.259
[INFO] [1785418113.697656059] [acados_nmpc_node]: [attach-window] t=15.25s pos_err=0.019m T=22.20N z=2.496 m_est=2.259
[INFO] [1785418113.745390470] [acados_nmpc_node]: [attach-window] t=15.30s pos_err=0.017m T=22.18N z=2.496 m_est=2.259
[INFO] [1785418113.797835625] [acados_nmpc_node]: [attach-window] t=15.35s pos_err=0.016m T=22.18N z=2.496 m_est=2.259
[INFO] [1785418113.845661792] [acados_nmpc_node]: [attach-window] t=15.40s pos_err=0.014m T=22.18N z=2.496 m_est=2.259
[INFO] [1785418113.897905667] [acados_nmpc_node]: [attach-window] t=15.45s pos_err=0.012m T=22.19N z=2.496 m_est=2.259
[INFO] [1785418113.945634560] [acados_nmpc_node]: [attach-window] t=15.50s pos_err=0.009m T=22.19N z=2.496 m_est=2.259
[INFO] [1785418113.998072333] [acados_nmpc_node]: [attach-window] t=15.55s pos_err=0.008m T=22.19N z=2.496 m_est=2.260
[INFO] [1785418113.998415478] [acados_nmpc_node]: t=15.6s | pos_err=0.008m | T=22.19N | tau=[r-0.187 p-0.010 y-0.002]Nm | res_stat=1.813e-07(peak 9.928e-07) sqp_iter=3 | solve=1.2ms
[INFO] [1785418114.045594723] [acados_nmpc_node]: [attach-window] t=15.60s pos_err=0.006m T=22.18N z=2.496 m_est=2.260
[INFO] [1785418114.097811749] [acados_nmpc_node]: [attach-window] t=15.65s pos_err=0.006m T=22.17N z=2.496 m_est=2.260
[INFO] [1785418114.145612817] [acados_nmpc_node]: [attach-window] t=15.70s pos_err=0.007m T=22.17N z=2.496 m_est=2.260
[INFO] [1785418114.197704166] [acados_nmpc_node]: [attach-window] t=15.75s pos_err=0.008m T=22.16N z=2.496 m_est=2.260
[INFO] [1785418114.245717278] [acados_nmpc_node]: [attach-window] t=15.80s pos_err=0.010m T=22.16N z=2.496 m_est=2.260
[INFO] [1785418114.297705353] [acados_nmpc_node]: [attach-window] t=15.85s pos_err=0.011m T=22.17N z=2.497 m_est=2.260
[INFO] [1785418114.345490719] [acados_nmpc_node]: [attach-window] t=15.90s pos_err=0.013m T=22.17N z=2.497 m_est=2.260
[INFO] [1785418114.398052975] [acados_nmpc_node]: [attach-window] t=15.95s pos_err=0.014m T=22.17N z=2.497 m_est=2.260
[INFO] [1785418114.445803117] [acados_nmpc_node]: [attach-window] t=16.00s pos_err=0.016m T=22.17N z=2.497 m_est=2.260
[INFO] [1785418114.497840631] [acados_nmpc_node]: [attach-window] t=16.05s pos_err=0.017m T=22.17N z=2.497 m_est=2.260
[INFO] [1785418114.545646056] [acados_nmpc_node]: [attach-window] t=16.10s pos_err=0.019m T=22.18N z=2.496 m_est=2.260
[INFO] [1785418114.597660944] [acados_nmpc_node]: [attach-window] t=16.15s pos_err=0.019m T=22.18N z=2.496 m_est=2.260
[INFO] [1785418114.645912514] [acados_nmpc_node]: [attach-window] t=16.20s pos_err=0.019m T=22.19N z=2.496 m_est=2.260
[INFO] [1785418114.699440962] [acados_nmpc_node]: [attach-window] t=16.25s pos_err=0.019m T=22.19N z=2.495 m_est=2.260
[INFO] [1785418114.745841369] [acados_nmpc_node]: [attach-window] t=16.30s pos_err=0.019m T=22.20N z=2.495 m_est=2.260
[INFO] [1785418114.799599361] [acados_nmpc_node]: [attach-window] t=16.35s pos_err=0.019m T=22.20N z=2.495 m_est=2.260
[INFO] [1785418114.845951691] [acados_nmpc_node]: [attach-window] t=16.40s pos_err=0.018m T=22.20N z=2.494 m_est=2.260
[INFO] [1785418114.899730990] [acados_nmpc_node]: [attach-window] t=16.45s pos_err=0.018m T=22.20N z=2.494 m_est=2.261
[INFO] [1785418114.946189474] [acados_nmpc_node]: [attach-window] t=16.50s pos_err=0.016m T=22.19N z=2.494 m_est=2.261
[INFO] [1785418114.999712656] [acados_nmpc_node]: [attach-window] t=16.55s pos_err=0.016m T=22.19N z=2.494 m_est=2.261
[INFO] [1785418115.045980116] [acados_nmpc_node]: [attach-window] t=16.60s pos_err=0.015m T=22.18N z=2.494 m_est=2.261
[INFO] [1785418115.099664366] [acados_nmpc_node]: [attach-window] t=16.65s pos_err=0.014m T=22.17N z=2.494 m_est=2.261
[INFO] [1785418115.145975554] [acados_nmpc_node]: [attach-window] t=16.70s pos_err=0.013m T=22.16N z=2.495 m_est=2.261
[INFO] [1785418115.199757734] [acados_nmpc_node]: [attach-window] t=16.75s pos_err=0.012m T=22.15N z=2.495 m_est=2.261
[INFO] [1785418115.245896541] [acados_nmpc_node]: [attach-window] t=16.80s pos_err=0.011m T=22.14N z=2.496 m_est=2.261
[INFO] [1785418115.299641776] [acados_nmpc_node]: [attach-window] t=16.85s pos_err=0.010m T=22.13N z=2.496 m_est=2.261
[INFO] [1785418115.345878912] [acados_nmpc_node]: [attach-window] t=16.90s pos_err=0.010m T=22.12N z=2.497 m_est=2.261
[INFO] [1785418115.399515469] [acados_nmpc_node]: [attach-window] t=16.95s pos_err=0.009m T=22.12N z=2.498 m_est=2.261
[INFO] [1785418115.445941155] [acados_nmpc_node]: [attach-window] t=17.00s pos_err=0.009m T=22.12N z=2.498 m_est=2.261
[INFO] [1785418115.499686755] [acados_nmpc_node]: [attach-window] t=17.05s pos_err=0.008m T=22.12N z=2.499 m_est=2.260
[INFO] [1785418115.546213793] [acados_nmpc_node]: [attach-window] t=17.10s pos_err=0.007m T=22.13N z=2.499 m_est=2.260
[INFO] [1785418115.599697990] [acados_nmpc_node]: [attach-window] t=17.15s pos_err=0.007m T=22.14N z=2.499 m_est=2.260
[INFO] [1785418115.646009068] [acados_nmpc_node]: [attach-window] t=17.20s pos_err=0.006m T=22.15N z=2.499 m_est=2.260
[INFO] [1785418115.699741614] [acados_nmpc_node]: [attach-window] t=17.25s pos_err=0.005m T=22.15N z=2.499 m_est=2.260
[INFO] [1785418115.745921342] [acados_nmpc_node]: [attach-window] t=17.30s pos_err=0.005m T=22.16N z=2.499 m_est=2.260
[INFO] [1785418115.799516336] [acados_nmpc_node]: [attach-window] t=17.35s pos_err=0.005m T=22.16N z=2.499 m_est=2.260
[INFO] [1785418115.845884031] [acados_nmpc_node]: [attach-window] t=17.40s pos_err=0.007m T=22.16N z=2.499 m_est=2.260
[INFO] [1785418115.899687497] [acados_nmpc_node]: [attach-window] t=17.45s pos_err=0.007m T=22.15N z=2.499 m_est=2.260
[INFO] [1785418115.945968878] [acados_nmpc_node]: [attach-window] t=17.50s pos_err=0.009m T=22.15N z=2.500 m_est=2.260
[INFO] [1785418116.000008377] [acados_nmpc_node]: [attach-window] t=17.55s pos_err=0.010m T=22.14N z=2.500 m_est=2.260
[INFO] [1785418116.046050682] [acados_nmpc_node]: [attach-window] t=17.60s pos_err=0.012m T=22.14N z=2.501 m_est=2.260
[INFO] [1785418116.099609943] [acados_nmpc_node]: [attach-window] t=17.65s pos_err=0.013m T=22.13N z=2.501 m_est=2.260
[INFO] [1785418116.146012887] [acados_nmpc_node]: [attach-window] t=17.70s pos_err=0.014m T=22.13N z=2.501 m_est=2.260
[INFO] [1785418116.199740337] [acados_nmpc_node]: [attach-window] t=17.75s pos_err=0.014m T=22.13N z=2.501 m_est=2.260
[INFO] [1785418116.245957225] [acados_nmpc_node]: [attach-window] t=17.80s pos_err=0.014m T=22.14N z=2.501 m_est=2.260
[INFO] [1785418116.300436861] [acados_nmpc_node]: [attach-window] t=17.85s pos_err=0.014m T=22.15N z=2.501 m_est=2.260
[INFO] [1785418116.346126660] [acados_nmpc_node]: [attach-window] t=17.90s pos_err=0.013m T=22.17N z=2.501 m_est=2.260
[INFO] [1785418116.399903415] [acados_nmpc_node]: [attach-window] t=17.95s pos_err=0.013m T=22.18N z=2.500 m_est=2.260
[INFO] [1785418116.446054093] [acados_nmpc_node]: [attach-window] t=18.00s pos_err=0.013m T=22.20N z=2.500 m_est=2.260
[INFO] [1785418116.499751160] [acados_nmpc_node]: [attach-window] t=18.05s pos_err=0.012m T=22.20N z=2.499 m_est=2.260
[INFO] [1785418116.545998261] [acados_nmpc_node]: [attach-window] t=18.10s pos_err=0.012m T=22.21N z=2.499 m_est=2.260
[INFO] [1785418116.599687304] [acados_nmpc_node]: [attach-window] t=18.15s pos_err=0.011m T=22.22N z=2.498 m_est=2.260
[INFO] [1785418116.645927242] [acados_nmpc_node]: [attach-window] t=18.20s pos_err=0.011m T=22.22N z=2.497 m_est=2.260
[INFO] [1785418116.699591911] [acados_nmpc_node]: [attach-window] t=18.25s pos_err=0.010m T=22.22N z=2.497 m_est=2.260
[INFO] [1785418116.745849057] [acados_nmpc_node]: [attach-window] t=18.30s pos_err=0.010m T=22.22N z=2.496 m_est=2.260
[INFO] [1785418116.799831526] [acados_nmpc_node]: [attach-window] t=18.35s pos_err=0.010m T=22.23N z=2.496 m_est=2.260
[INFO] [1785418116.845823124] [acados_nmpc_node]: [attach-window] t=18.40s pos_err=0.010m T=22.24N z=2.494 m_est=2.260
[INFO] [1785418116.899735513] [acados_nmpc_node]: [attach-window] t=18.45s pos_err=0.010m T=22.25N z=2.494 m_est=2.261
[INFO] [1785418116.945884099] [acados_nmpc_node]: [attach-window] t=18.50s pos_err=0.010m T=22.25N z=2.492 m_est=2.261
[INFO] [1785418116.999752762] [acados_nmpc_node]: [attach-window] t=18.55s pos_err=0.010m T=22.25N z=2.492 m_est=2.261
[INFO] [1785418117.045654115] [acados_nmpc_node]: [attach-window] t=18.60s pos_err=0.009m T=22.24N z=2.491 m_est=2.261
[INFO] [1785418117.097861626] [acados_nmpc_node]: [attach-window] t=18.65s pos_err=0.009m T=22.24N z=2.491 m_est=2.261
[INFO] [1785418117.145549884] [acados_nmpc_node]: [attach-window] t=18.70s pos_err=0.009m T=22.21N z=2.491 m_est=2.261
[INFO] [1785418117.198182387] [acados_nmpc_node]: [attach-window] t=18.75s pos_err=0.010m T=22.20N z=2.491 m_est=2.262
[INFO] [1785418117.245715228] [acados_nmpc_node]: [attach-window] t=18.80s pos_err=0.010m T=22.18N z=2.492 m_est=2.262
[INFO] [1785418117.297981539] [acados_nmpc_node]: [attach-window] t=18.85s pos_err=0.011m T=22.18N z=2.492 m_est=2.262
[INFO] [1785418117.345653241] [acados_nmpc_node]: [attach-window] t=18.90s pos_err=0.013m T=22.17N z=2.492 m_est=2.262
[INFO] [1785418117.398212684] [acados_nmpc_node]: [attach-window] t=18.95s pos_err=0.014m T=22.16N z=2.493 m_est=2.262
[INFO] [1785418117.445674133] [acados_nmpc_node]: [attach-window] t=19.00s pos_err=0.016m T=22.16N z=2.493 m_est=2.262
[INFO] [1785418117.498247403] [acados_nmpc_node]: [attach-window] t=19.05s pos_err=0.018m T=22.15N z=2.493 m_est=2.262
[INFO] [1785418117.545704146] [acados_nmpc_node]: [attach-window] t=19.10s pos_err=0.020m T=22.14N z=2.494 m_est=2.262
[INFO] [1785418117.598227278] [acados_nmpc_node]: [attach-window] t=19.15s pos_err=0.021m T=22.14N z=2.494 m_est=2.262
[INFO] [1785418117.645563261] [acados_nmpc_node]: [attach-window] t=19.20s pos_err=0.024m T=22.13N z=2.495 m_est=2.262
[INFO] [1785418117.698020592] [acados_nmpc_node]: [attach-window] t=19.25s pos_err=0.026m T=22.12N z=2.496 m_est=2.262
[INFO] [1785418117.745764910] [acados_nmpc_node]: [attach-window] t=19.30s pos_err=0.028m T=22.11N z=2.497 m_est=2.262
[INFO] [1785418117.798152266] [acados_nmpc_node]: [attach-window] t=19.35s pos_err=0.029m T=22.10N z=2.498 m_est=2.261
[INFO] [1785418117.845751188] [acados_nmpc_node]: [attach-window] t=19.40s pos_err=0.031m T=22.08N z=2.499 m_est=2.261
[INFO] [1785418117.898022204] [acados_nmpc_node]: [attach-window] t=19.45s pos_err=0.032m T=22.08N z=2.500 m_est=2.261
[INFO] [1785418117.945695143] [acados_nmpc_node]: [attach-window] t=19.50s pos_err=0.034m T=22.07N z=2.502 m_est=2.261
[INFO] [1785418117.998134894] [acados_nmpc_node]: [attach-window] t=19.55s pos_err=0.035m T=22.07N z=2.502 m_est=2.261
[INFO] [1785418118.045719554] [acados_nmpc_node]: [attach-window] t=19.60s pos_err=0.036m T=22.07N z=2.503 m_est=2.261
[INFO] [1785418118.100089671] [acados_nmpc_node]: [attach-window] t=19.65s pos_err=0.036m T=22.07N z=2.504 m_est=2.260
[INFO] [1785418118.146286369] [acados_nmpc_node]: [attach-window] t=19.70s pos_err=0.036m T=22.09N z=2.505 m_est=2.260
[INFO] [1785418118.200142157] [acados_nmpc_node]: [attach-window] t=19.75s pos_err=0.036m T=22.09N z=2.505 m_est=2.260
[INFO] [1785418118.246230755] [acados_nmpc_node]: [attach-window] t=19.80s pos_err=0.035m T=22.10N z=2.505 m_est=2.260
[INFO] [1785418118.299880418] [acados_nmpc_node]: [attach-window] t=19.85s pos_err=0.034m T=22.10N z=2.506 m_est=2.259
[INFO] [1785418118.346003592] [acados_nmpc_node]: [attach-window] t=19.90s pos_err=0.032m T=22.12N z=2.506 m_est=2.259
[INFO] [1785418118.399877675] [acados_nmpc_node]: [attach-window] t=19.95s pos_err=0.031m T=22.13N z=2.506 m_est=2.259
[INFO] [1785418118.446060473] [acados_nmpc_node]: [attach-window] t=20.00s pos_err=0.028m T=22.14N z=2.506 m_est=2.259
[INFO] [1785418118.500011452] [acados_nmpc_node]: [attach-window] t=20.05s pos_err=0.027m T=22.14N z=2.506 m_est=2.259
[INFO] [1785418118.546176862] [acados_nmpc_node]: [attach-window] t=20.10s pos_err=0.025m T=22.15N z=2.506 m_est=2.259
[INFO] [1785418118.599927464] [acados_nmpc_node]: [attach-window] t=20.15s pos_err=0.024m T=22.15N z=2.506 m_est=2.259
[INFO] [1785418118.646048107] [acados_nmpc_node]: [attach-window] t=20.20s pos_err=0.022m T=22.15N z=2.506 m_est=2.259
[INFO] [1785418118.699906749] [acados_nmpc_node]: [attach-window] t=20.25s pos_err=0.021m T=22.16N z=2.506 m_est=2.259
[INFO] [1785418118.746009165] [acados_nmpc_node]: [attach-window] t=20.30s pos_err=0.019m T=22.15N z=2.506 m_est=2.259
[INFO] [1785418118.799821664] [acados_nmpc_node]: [attach-window] t=20.35s pos_err=0.018m T=22.15N z=2.506 m_est=2.259
[INFO] [1785418118.846060996] [acados_nmpc_node]: [attach-window] t=20.40s pos_err=0.016m T=22.16N z=2.506 m_est=2.259
[INFO] [1785418118.899924804] [acados_nmpc_node]: [attach-window] t=20.45s pos_err=0.016m T=22.17N z=2.506 m_est=2.259
[INFO] [1785418118.945942487] [acados_nmpc_node]: [attach-window] t=20.50s pos_err=0.014m T=22.18N z=2.505 m_est=2.259
[INFO] [1785418119.000057285] [acados_nmpc_node]: [attach-window] t=20.55s pos_err=0.013m T=22.19N z=2.505 m_est=2.259
[INFO] [1785418119.000530300] [acados_nmpc_node]: t=20.6s | pos_err=0.013m | T=22.19N | tau=[r-0.192 p-0.019 y0.003]Nm | res_stat=5.476e-07(peak 9.928e-07) sqp_iter=2 | solve=1.2ms
[INFO] [1785418119.045974620] [acados_nmpc_node]: [attach-window] t=20.60s pos_err=0.012m T=22.21N z=2.504 m_est=2.259
[INFO] [1785418119.099794070] [acados_nmpc_node]: [attach-window] t=20.65s pos_err=0.011m T=22.22N z=2.504 m_est=2.260
[INFO] [1785418119.145989863] [acados_nmpc_node]: [attach-window] t=20.70s pos_err=0.010m T=22.24N z=2.502 m_est=2.260
[INFO] [1785418119.199975370] [acados_nmpc_node]: [attach-window] t=20.75s pos_err=0.009m T=22.25N z=2.502 m_est=2.260
[INFO] [1785418119.245998756] [acados_nmpc_node]: [attach-window] t=20.80s pos_err=0.008m T=22.25N z=2.501 m_est=2.260
[INFO] [1785418119.299976714] [acados_nmpc_node]: [attach-window] t=20.85s pos_err=0.008m T=22.26N z=2.500 m_est=2.261
[INFO] [1785418119.345843029] [acados_nmpc_node]: [attach-window] t=20.90s pos_err=0.007m T=22.25N z=2.499 m_est=2.261
[INFO] [1785418119.399834855] [acados_nmpc_node]: [attach-window] t=20.95s pos_err=0.006m T=22.25N z=2.499 m_est=2.261
[INFO] [1785418119.445822408] [acados_nmpc_node]: [attach-window] t=21.00s pos_err=0.006m T=22.24N z=2.498 m_est=2.261
[INFO] [1785418119.499919726] [acados_nmpc_node]: [attach-window] t=21.05s pos_err=0.005m T=22.24N z=2.498 m_est=2.262
[INFO] [1785418119.546061317] [acados_nmpc_node]: [attach-window] t=21.10s pos_err=0.005m T=22.22N z=2.498 m_est=2.262
[INFO] [1785418119.600095406] [acados_nmpc_node]: [attach-window] t=21.15s pos_err=0.004m T=22.22N z=2.498 m_est=2.262
[INFO] [1785418119.646139484] [acados_nmpc_node]: [attach-window] t=21.20s pos_err=0.004m T=22.21N z=2.498 m_est=2.262
[ros2run]: Killed
