[INFO] [1785744183.951153934] [mhe_node]: MHE node starting, building/loading solver...
Code reuse possible, skipping code generation.
acados was compiled without OpenMP.
[INFO] [1785744183.957441393] [mhe_node]: weight schedule theta = [-4.00, 0.00, 0.00, 0.00], signal mode = external
[INFO] [1785744183.961241518] [mhe_node]: MHE node initialized! Waiting for odometry + control data...
[INFO] [1785744212.161421173] [mhe_node]: [geom] payload_attached=False -> dJ=0.0000 c_xy=[+0.0000,+0.0000]
[INFO] [1785744214.063695016] [mhe_node]: MHE mass estimate: 2.063 kg (T_phys=18.61N) | solve=1.7ms (max3.1)
[INFO] [1785744214.064117887] [mhe_node]: [tau_phys] roll=-0.001 pitch=-0.002 Nm
[INFO] [1785744214.064524442] [mhe_node]: [c_xy_est] cx=-0.0000 cy=+0.0000 m
[INFO] [1785744216.063646161] [mhe_node]: MHE mass estimate: 2.067 kg (T_phys=20.28N) | solve=1.5ms (max1.5)
[INFO] [1785744216.064072008] [mhe_node]: [tau_phys] roll=+0.001 pitch=+0.000 Nm
[INFO] [1785744216.064486032] [mhe_node]: [c_xy_est] cx=-0.0000 cy=+0.0000 m
[INFO] [1785744216.839062156] [mhe_node]: mass event [attach (gripper)] received at frame 67: armed, waiting for T_phys confirmation (baseline=20.32N, thresh=1.5N)
[INFO] [1785744216.861391118] [mhe_node]: [geom] payload_attached=True -> dJ=0.0508 c_xy=[+0.0014,-0.0079]
[INFO] [1785744216.867617950] [mhe_node]: [post-event] m_est=2.029 kg (T_phys=20.33N)
[INFO] [1785744216.966416261] [mhe_node]: [post-event] m_est=2.032 kg (T_phys=19.66N)
[INFO] [1785744217.066437075] [mhe_node]: [post-event] m_est=2.032 kg (T_phys=19.69N)
[INFO] [1785744217.166817119] [mhe_node]: [post-event] m_est=2.032 kg (T_phys=19.66N)
[INFO] [1785744217.266770373] [mhe_node]: [post-event] m_est=2.031 kg (T_phys=19.66N)
[INFO] [1785744217.367105250] [mhe_node]: [post-event] m_est=2.029 kg (T_phys=19.61N)
[INFO] [1785744217.467321323] [mhe_node]: [post-event] m_est=2.027 kg (T_phys=19.58N)
[INFO] [1785744217.567627370] [mhe_node]: [post-event] m_est=2.024 kg (T_phys=19.56N)
[INFO] [1785744217.667874226] [mhe_node]: [post-event] m_est=2.020 kg (T_phys=19.51N)
[INFO] [1785744217.767392798] [mhe_node]: [post-event] m_est=2.016 kg (T_phys=19.50N)
[INFO] [1785744217.868482722] [mhe_node]: [post-event] m_est=2.012 kg (T_phys=19.49N)
[INFO] [1785744217.968579763] [mhe_node]: [post-event] m_est=2.008 kg (T_phys=19.48N)
[INFO] [1785744218.067471776] [mhe_node]: [post-event] m_est=2.004 kg (T_phys=19.49N)
[INFO] [1785744218.067907761] [mhe_node]: MHE mass estimate: 2.004 kg (T_phys=19.49N) | solve=4.1ms (max6.7)
[INFO] [1785744218.068290744] [mhe_node]: [tau_phys] roll=-0.154 pitch=-0.064 Nm | model pred: roll=-0.000 pitch=-0.000 (m_p=0.000 r=[+0.014,-0.081])
[INFO] [1785744218.068698612] [mhe_node]: [c_xy_est] cx=+0.0001 cy=-0.0027 m | truth c=[+0.0000,-0.0000] (m_p=0.000)
[INFO] [1785744218.168247693] [mhe_node]: [post-event] m_est=2.001 kg (T_phys=19.49N)
[INFO] [1785744218.267410446] [mhe_node]: [post-event] m_est=1.998 kg (T_phys=19.49N)
[INFO] [1785744218.366698021] [mhe_node]: [post-event] m_est=1.995 kg (T_phys=19.49N)
[INFO] [1785744218.466831447] [mhe_node]: [post-event] m_est=1.993 kg (T_phys=19.49N)
[INFO] [1785744218.566759124] [mhe_node]: [post-event] m_est=1.991 kg (T_phys=19.53N)
[INFO] [1785744218.666730304] [mhe_node]: [post-event] m_est=1.989 kg (T_phys=19.65N)
[INFO] [1785744218.766667964] [mhe_node]: [post-event] m_est=1.988 kg (T_phys=19.88N)
[INFO] [1785744218.865511749] [mhe_node]: [post-event] m_est=1.986 kg (T_phys=20.29N)
[INFO] [1785744218.966691689] [mhe_node]: [post-event] m_est=1.984 kg (T_phys=20.88N)
[INFO] [1785744219.067201097] [mhe_node]: [post-event] m_est=1.982 kg (T_phys=21.68N)
[INFO] [1785744219.161258186] [mhe_node]: mass event confirmed by T_phys (22.63N vs baseline 20.32N) at frame 90: de-weighting pre-event stages
[INFO] [1785744219.161894200] [mhe_node]: event transition started: pre-event stages de-weighted
[INFO] [1785744219.170147359] [mhe_node]: [transition] m_est=1.981 kg (T_phys=22.63N)
[INFO] [1785744219.265687243] [mhe_node]: [transition] m_est=2.016 kg (T_phys=23.64N)
[INFO] [1785744219.364666791] [mhe_node]: [transition] m_est=2.165 kg (T_phys=24.66N)
[INFO] [1785744219.464667272] [mhe_node]: [transition] m_est=2.238 kg (T_phys=26.35N)
[INFO] [1785744219.564721343] [mhe_node]: [transition] m_est=2.280 kg (T_phys=26.15N)
[INFO] [1785744219.664535477] [mhe_node]: [transition] m_est=2.283 kg (T_phys=25.51N)
[INFO] [1785744219.764667607] [mhe_node]: [transition] m_est=2.278 kg (T_phys=24.25N)
[INFO] [1785744219.864705689] [mhe_node]: [transition] m_est=2.266 kg (T_phys=23.45N)
[INFO] [1785744219.964665378] [mhe_node]: [transition] m_est=2.257 kg (T_phys=22.68N)
[INFO] [1785744220.064169806] [mhe_node]: [transition] m_est=2.248 kg (T_phys=22.39N)
[INFO] [1785744220.064500091] [mhe_node]: MHE mass estimate: 2.248 kg (T_phys=22.39N) | solve=4.0ms (max7.8)
[INFO] [1785744220.064775261] [mhe_node]: [tau_phys] roll=-0.198 pitch=-0.030 Nm | model pred: roll=-0.145 pitch=-0.025 (m_p=0.184 r=[+0.014,-0.081])
[INFO] [1785744220.065068665] [mhe_node]: [c_xy_est] cx=+0.0028 cy=-0.0023 m | truth c=[+0.0011,-0.0066] (m_p=0.184)
[INFO] [1785744220.164863778] [mhe_node]: [transition] m_est=2.242 kg (T_phys=22.07N)
[INFO] [1785744220.265381102] [mhe_node]: [transition] m_est=2.236 kg (T_phys=21.96N)
[INFO] [1785744220.365349588] [mhe_node]: [transition] m_est=2.232 kg (T_phys=21.72N)
[INFO] [1785744220.465463517] [mhe_node]: [transition] m_est=2.228 kg (T_phys=21.60N)
[INFO] [1785744220.566789294] [mhe_node]: [transition] m_est=2.226 kg (T_phys=21.29N)
[INFO] [1785744220.665747224] [mhe_node]: [transition] m_est=2.224 kg (T_phys=21.01N)
[INFO] [1785744220.765759232] [mhe_node]: [transition] m_est=2.222 kg (T_phys=20.88N)
[INFO] [1785744220.865867923] [mhe_node]: [transition] m_est=2.221 kg (T_phys=20.65N)
[INFO] [1785744220.965757988] [mhe_node]: [transition] m_est=2.221 kg (T_phys=20.52N)
[INFO] [1785744221.065844291] [mhe_node]: [transition] m_est=2.221 kg (T_phys=20.36N)
[INFO] [1785744221.162102791] [mhe_node]: event transition ended: nominal weights restored
[INFO] [1785744221.166184181] [mhe_node]: [post-event] m_est=2.222 kg (T_phys=20.30N)
[INFO] [1785744221.265075898] [mhe_node]: [post-event] m_est=2.224 kg (T_phys=20.31N)
[INFO] [1785744221.365036692] [mhe_node]: [post-event] m_est=2.227 kg (T_phys=20.43N)
[INFO] [1785744221.465973479] [mhe_node]: [post-event] m_est=2.231 kg (T_phys=20.65N)
[INFO] [1785744221.565534278] [mhe_node]: [post-event] m_est=2.236 kg (T_phys=20.96N)
[INFO] [1785744221.665543892] [mhe_node]: [post-event] m_est=2.242 kg (T_phys=21.29N)
[INFO] [1785744221.765114169] [mhe_node]: [post-event] m_est=2.249 kg (T_phys=21.55N)
[INFO] [1785744221.865202707] [mhe_node]: [post-event] m_est=2.254 kg (T_phys=21.76N)
[INFO] [1785744221.965209113] [mhe_node]: [post-event] m_est=2.260 kg (T_phys=21.92N)
[INFO] [1785744222.065149495] [mhe_node]: [post-event] m_est=2.264 kg (T_phys=22.04N)
[INFO] [1785744222.065580516] [mhe_node]: MHE mass estimate: 2.264 kg (T_phys=22.04N) | solve=3.4ms (max4.5)
[INFO] [1785744222.065968468] [mhe_node]: [tau_phys] roll=-0.180 pitch=-0.033 Nm | model pred: roll=-0.158 pitch=-0.027 (m_p=0.200 r=[+0.014,-0.081])
[INFO] [1785744222.066377442] [mhe_node]: [c_xy_est] cx=+0.0016 cy=-0.0060 m | truth c=[+0.0012,-0.0071] (m_p=0.200)
[INFO] [1785744222.164988297] [mhe_node]: [post-event] m_est=2.269 kg (T_phys=22.15N)
[INFO] [1785744222.264721788] [mhe_node]: [post-event] m_est=2.272 kg (T_phys=22.22N)
[INFO] [1785744222.364904622] [mhe_node]: [post-event] m_est=2.276 kg (T_phys=22.25N)
[INFO] [1785744222.464567169] [mhe_node]: [post-event] m_est=2.279 kg (T_phys=22.27N)
[INFO] [1785744222.563455198] [mhe_node]: [post-event] m_est=2.282 kg (T_phys=22.27N)
[INFO] [1785744222.665139781] [mhe_node]: [post-event] m_est=2.284 kg (T_phys=22.26N)
[INFO] [1785744222.764626379] [mhe_node]: [post-event] m_est=2.285 kg (T_phys=22.25N)
[INFO] [1785744222.865304050] [mhe_node]: [post-event] m_est=2.286 kg (T_phys=22.24N)
[INFO] [1785744222.964717573] [mhe_node]: [post-event] m_est=2.287 kg (T_phys=22.22N)
[INFO] [1785744223.064241554] [mhe_node]: [post-event] m_est=2.287 kg (T_phys=22.21N)
[INFO] [1785744223.164243108] [mhe_node]: [post-event] m_est=2.286 kg (T_phys=22.23N)
[INFO] [1785744223.264246845] [mhe_node]: [post-event] m_est=2.285 kg (T_phys=22.25N)
[INFO] [1785744223.364389661] [mhe_node]: [post-event] m_est=2.284 kg (T_phys=22.27N)
[INFO] [1785744223.464218368] [mhe_node]: [post-event] m_est=2.284 kg (T_phys=22.29N)
[INFO] [1785744223.564202380] [mhe_node]: [post-event] m_est=2.283 kg (T_phys=22.31N)
[INFO] [1785744223.664235970] [mhe_node]: [post-event] m_est=2.283 kg (T_phys=22.34N)
[INFO] [1785744223.764340739] [mhe_node]: [post-event] m_est=2.282 kg (T_phys=22.37N)
[INFO] [1785744224.064398721] [mhe_node]: MHE mass estimate: 2.283 kg (T_phys=22.42N) | solve=2.5ms (max3.3)
[INFO] [1785744224.064814646] [mhe_node]: [tau_phys] roll=-0.197 pitch=-0.022 Nm | model pred: roll=-0.173 pitch=-0.030 (m_p=0.219 r=[+0.014,-0.081])
[INFO] [1785744224.065236912] [mhe_node]: [c_xy_est] cx=+0.0012 cy=-0.0073 m | truth c=[+0.0013,-0.0077] (m_p=0.219)
[INFO] [1785744226.064038542] [mhe_node]: MHE mass estimate: 2.287 kg (T_phys=22.34N) | solve=1.9ms (max2.3)
[INFO] [1785744226.064456245] [mhe_node]: [tau_phys] roll=-0.173 pitch=-0.023 Nm | model pred: roll=-0.176 pitch=-0.030 (m_p=0.222 r=[+0.014,-0.081])
[INFO] [1785744226.064875959] [mhe_node]: [c_xy_est] cx=+0.0011 cy=-0.0078 m | truth c=[+0.0013,-0.0078] (m_p=0.222)
[INFO] [1785744228.063007856] [mhe_node]: MHE mass estimate: 2.287 kg (T_phys=22.45N) | solve=1.6ms (max1.9)
[INFO] [1785744228.063307865] [mhe_node]: [tau_phys] roll=-0.170 pitch=-0.016 Nm | model pred: roll=-0.176 pitch=-0.030 (m_p=0.223 r=[+0.014,-0.081])
[INFO] [1785744228.063605701] [mhe_node]: [c_xy_est] cx=+0.0009 cy=-0.0079 m | truth c=[+0.0013,-0.0078] (m_p=0.223)
[INFO] [1785744230.064201838] [mhe_node]: MHE mass estimate: 2.286 kg (T_phys=22.49N) | solve=1.7ms (max2.0)
[INFO] [1785744230.064621733] [mhe_node]: [tau_phys] roll=-0.190 pitch=-0.040 Nm | model pred: roll=-0.176 pitch=-0.030 (m_p=0.222 r=[+0.014,-0.081])
[INFO] [1785744230.065039533] [mhe_node]: [c_xy_est] cx=+0.0010 cy=-0.0080 m | truth c=[+0.0013,-0.0078] (m_p=0.222)
[ros2run]: Killed
