[INFO] [1789366278.547449596] [mhe_node]: MHE node starting, building/loading solver... (geom_coupled=True, N=20, m_min=1.961, m_B=2.0643)
Code reuse possible, skipping code generation.
acados was compiled without OpenMP.
[INFO] [1789366278.554478205] [mhe_node]: [prior] geom_coupled=True → 载荷质量信息**完全不生效**(grip_payload_envelope=0.3 是死代码:coupled 档下 _payload_geometry 根本不被调用);模型只吃可测杆臂 r_p + 被估质量,m 的先验仅有 Q0 质量维=0.1 (σ=3.16kg,实质无先验)
[WARN] [1789366278.554963863] [mhe_node]: geom_release_mode='self':估计器不被告知 drop。⚠️ 2026-08-24 实测,**NMPC 侧也设成 'self' 会必然坠机**——drop 后控制器继续按幽灵偏心载荷配平,指令 0.424N·m(tau_max 的 85%)作用在空机 J_xx=0.0142 上 = 29.8 rad/s²,而 MHE 10Hz/2s 窗口要 1~2s 才纠得过来,飞机先翻。**正确组合 = MHE 'self' + NMPC 'event'**(控制器是发释放指令的一方,它知道不构成认知作弊)。
[INFO] [1789366278.556908046] [mhe_node]: [moment-ref] 物理上限由平台包线派生: 0.0390 kg·m = 0.30kg x 0.13m
[INFO] [1789366278.557611123] [mhe_node]: [c_xy_est] 质量域卸载判据已开:先武装(m_p>0.090kg),再判 m_p<0.03kg 持续 20 帧 -> 释放偏心估计
[INFO] [1789366278.558269514] [mhe_node]: [c_xy] 来源 = 一阶质量矩 s/m_T(窗口内估计,**无稳态门控**),替代窗外 EMA —— 机动中也会更新
[INFO] [1789366278.559386456] [mhe_node]: weight schedule theta = [-4.00, 0.00, 0.00, 0.00], signal mode = residual (residual self-trigger: thresh=4.4N persist=2 baseline_tau=3.0s)
[INFO] [1789366278.562909043] [mhe_node]: [release-selfcheck] READY: c_xy_est_enable=1, moment-state ns=2, ratio=0.30; legacy_mass=1, watchdog=3.0s
[INFO] [1789366278.563795286] [mhe_node]: MHE node initialized! tau_source=command (roll/pitch NMPC意图值, yaw NMPC意图值), motor_window_avg=False, geom_release_mode=self. Waiting for odometry + control data...
[INFO] [1789366300.663352110] [mhe_node]: arrival prior seeded: m=2.064 kg (m_nominal prior)
[INFO] [1789366300.663682012] [mhe_node]: [geom] model_geom_on=True (release_mode=self, truth_attached=False) mode=coupled(r_p) -> geom=[ 0.    0.   -0.47] dJ=0.0000 c_xy=[+0.0000,+0.0000] (dJ/c 为按当前 m_est 折算的诊断当量,模型内部随 m 实时生成)
[INFO] [1789366302.570227377] [mhe_node]: MHE mass estimate: 2.056 kg (T_phys=20.14N) | solve=4.6ms (max8.7)
[INFO] [1789366302.570773050] [mhe_node]: [truth] m_hat=2.0557 m_true=2.0643 err=-0.42% | c_hat=[+0.0000,+0.0000] c_true=[+0.0000,+0.0000] | Jxx_hat=0.01420 Jxx_true=0.01420 Jyz_hat=+0.00000 Jyz_true=+0.00000 | s_hat=[+0.0013,+0.0000] s_true=[+0.0000,+0.0000] kg·m
[INFO] [1789366302.571296535] [mhe_node]: [tau_phys] roll=+0.002 pitch=+0.001 Nm
[INFO] [1789366302.571946087] [mhe_node]: [mass-diag] m_est=2.0557 T=20.145N tilt=6.28deg cos=0.99399 | T/g=2.0535 T*cos/g=2.0412 | m_est-T*cos/g=+0.0145kg (+0.71%) vz=+0.052
[INFO] [1789366302.572526059] [mhe_node]: [c_xy_est] cx=+0.0005 cy=+0.0000 m
[INFO] [1789366304.571895164] [mhe_node]: MHE mass estimate: 2.063 kg (T_phys=20.56N) | solve=7.6ms (max12.6)
[INFO] [1789366304.572453920] [mhe_node]: [truth] m_hat=2.0634 m_true=2.0643 err=-0.04% | c_hat=[+0.0000,+0.0000] c_true=[+0.0000,+0.0000] | Jxx_hat=0.01420 Jxx_true=0.01420 Jyz_hat=+0.00000 Jyz_true=+0.00000 | s_hat=[-0.0005,+0.0001] s_true=[+0.0000,+0.0000] kg·m
[INFO] [1789366304.572971818] [mhe_node]: [tau_phys] roll=+0.001 pitch=-0.006 Nm
[INFO] [1789366304.573564707] [mhe_node]: [mass-diag] m_est=2.0634 T=20.558N tilt=1.81deg cos=0.99950 | T/g=2.0956 T*cos/g=2.0946 | m_est-T*cos/g=-0.0312kg (-1.49%) vz=+0.039
[INFO] [1789366304.574143978] [mhe_node]: [c_xy_est] cx=-0.0003 cy=+0.0000 m
[INFO] [1789366306.569041698] [mhe_node]: MHE mass estimate: 2.058 kg (T_phys=20.21N) | solve=6.2ms (max10.8)
[INFO] [1789366306.569585551] [mhe_node]: [truth] m_hat=2.0582 m_true=2.0643 err=-0.30% | c_hat=[+0.0000,+0.0000] c_true=[+0.0000,+0.0000] | Jxx_hat=0.01420 Jxx_true=0.01420 Jyz_hat=+0.00000 Jyz_true=+0.00000 | s_hat=[+0.0002,+0.0001] s_true=[+0.0000,+0.0000] kg·m
[INFO] [1789366306.570108630] [mhe_node]: [tau_phys] roll=+0.001 pitch=+0.002 Nm
[INFO] [1789366306.570691343] [mhe_node]: [mass-diag] m_est=2.0582 T=20.209N tilt=0.22deg cos=0.99999 | T/g=2.0601 T*cos/g=2.0601 | m_est-T*cos/g=-0.0019kg (-0.09%) vz=-0.048
[INFO] [1789366306.571268364] [mhe_node]: [c_xy_est] cx=+0.0001 cy=+0.0000 m
[INFO] [1789366308.569082233] [mhe_node]: MHE mass estimate: 2.035 kg (T_phys=18.87N) | solve=4.6ms (max6.9)
[INFO] [1789366308.569624732] [mhe_node]: [truth] m_hat=2.0352 m_true=2.0643 err=-1.41% | c_hat=[+0.0000,+0.0000] c_true=[+0.0000,+0.0000] | Jxx_hat=0.01420 Jxx_true=0.01420 Jyz_hat=+0.00000 Jyz_true=+0.00000 | s_hat=[+0.0000,-0.0001] s_true=[+0.0000,+0.0000] kg·m
[INFO] [1789366308.570138243] [mhe_node]: [tau_phys] roll=+0.001 pitch=-0.000 Nm
[INFO] [1789366308.570716661] [mhe_node]: [mass-diag] m_est=2.0352 T=18.871N tilt=0.23deg cos=0.99999 | T/g=1.9237 T*cos/g=1.9236 | m_est-T*cos/g=+0.1115kg (+5.80%) vz=-0.695
[INFO] [1789366308.571292637] [mhe_node]: [c_xy_est] cx=+0.0000 cy=-0.0001 m
[INFO] [1789366310.569155470] [mhe_node]: MHE mass estimate: 2.055 kg (T_phys=20.19N) | solve=5.3ms (max11.4)
[INFO] [1789366310.569706172] [mhe_node]: [truth] m_hat=2.0554 m_true=2.0643 err=-0.43% | c_hat=[+0.0000,+0.0000] c_true=[+0.0000,+0.0000] | Jxx_hat=0.01420 Jxx_true=0.01420 Jyz_hat=+0.00000 Jyz_true=+0.00000 | s_hat=[+0.0000,-0.0001] s_true=[+0.0000,+0.0000] kg·m
[INFO] [1789366310.570219646] [mhe_node]: [tau_phys] roll=-0.000 pitch=+0.000 Nm
[INFO] [1789366310.570797555] [mhe_node]: [mass-diag] m_est=2.0554 T=20.195N tilt=0.13deg cos=1.00000 | T/g=2.0586 T*cos/g=2.0586 | m_est-T*cos/g=-0.0032kg (-0.15%) vz=-0.041
[INFO] [1789366310.571370631] [mhe_node]: [c_xy_est] cx=+0.0000 cy=-0.0000 m
[INFO] [1789366312.567903267] [mhe_node]: MHE mass estimate: 2.062 kg (T_phys=20.23N) | solve=4.2ms (max8.3)
[INFO] [1789366312.568453114] [mhe_node]: [truth] m_hat=2.0617 m_true=2.0643 err=-0.13% | c_hat=[+0.0000,+0.0000] c_true=[+0.0000,+0.0000] | Jxx_hat=0.01420 Jxx_true=0.01420 Jyz_hat=+0.00000 Jyz_true=+0.00000 | s_hat=[+0.0000,+0.0001] s_true=[+0.0000,+0.0000] kg·m
[INFO] [1789366312.568965342] [mhe_node]: [tau_phys] roll=+0.003 pitch=-0.000 Nm
[INFO] [1789366312.569553804] [mhe_node]: [mass-diag] m_est=2.0617 T=20.232N tilt=0.26deg cos=0.99999 | T/g=2.0624 T*cos/g=2.0624 | m_est-T*cos/g=-0.0007kg (-0.03%) vz=-0.019
[INFO] [1789366312.570132943] [mhe_node]: [c_xy_est] cx=+0.0000 cy=+0.0000 m
[INFO] [1789366314.573177453] [mhe_node]: MHE mass estimate: 2.051 kg (T_phys=19.77N) | solve=4.9ms (max11.5)
[INFO] [1789366314.573715012] [mhe_node]: [truth] m_hat=2.0511 m_true=2.0643 err=-0.64% | c_hat=[+0.0000,+0.0000] c_true=[+0.0000,+0.0000] | Jxx_hat=0.01420 Jxx_true=0.01420 Jyz_hat=+0.00000 Jyz_true=+0.00000 | s_hat=[+0.0000,-0.0011] s_true=[+0.0000,+0.0000] kg·m
[INFO] [1789366314.574230655] [mhe_node]: [tau_phys] roll=-0.072 pitch=-0.033 Nm
[INFO] [1789366314.574810612] [mhe_node]: [mass-diag] m_est=2.0511 T=19.774N tilt=0.76deg cos=0.99991 | T/g=2.0157 T*cos/g=2.0155 | m_est-T*cos/g=+0.0356kg (+1.77%) vz=-0.014
[INFO] [1789366314.575393329] [mhe_node]: [c_xy_est] cx=-0.0000 cy=-0.0004 m
[INFO] [1789366316.614337409] [mhe_node]: MHE mass estimate: 1.961 kg (T_phys=18.71N) | solve=18.9ms (max50.2)
[INFO] [1789366316.614733038] [mhe_node]: [truth] m_hat=1.9611 m_true=2.0643 err=-5.00% | c_hat=[+0.0000,+0.0000] c_true=[+0.0000,+0.0000] | Jxx_hat=0.01420 Jxx_true=0.01420 Jyz_hat=+0.00000 Jyz_true=+0.00000 | s_hat=[+0.0011,+0.0086] s_true=[+0.0000,+0.0000] kg·m
[INFO] [1789366316.615093977] [mhe_node]: [tau_phys] roll=+0.242 pitch=+0.020 Nm
[INFO] [1789366316.615515966] [mhe_node]: [mass-diag] m_est=1.9611 T=18.708N tilt=0.29deg cos=0.99999 | T/g=1.9071 T*cos/g=1.9070 | m_est-T*cos/g=+0.0540kg (+2.83%) vz=-0.013
[INFO] [1789366316.615913150] [mhe_node]: [c_xy_est] cx=+0.0007 cy=+0.0032 m
[WARN] [1789366318.336644456] [mhe_node]: MHE solve failed [status=2], skipping this window (streak 1)
[WARN] [1789366318.428473381] [mhe_node]: MHE solve failed [status=2], skipping this window (streak 2)
[INFO] [1789366318.799359331] [mhe_node]: MHE mass estimate: 1.961 kg (T_phys=22.97N) | solve=39.7ms (max72.6)
[INFO] [1789366318.799742525] [mhe_node]: [truth] m_hat=1.9611 m_true=2.0643 err=-5.00% | c_hat=[+0.0000,+0.0000] c_true=[+0.0000,+0.0000] | Jxx_hat=0.01420 Jxx_true=0.01420 Jyz_hat=+0.00000 Jyz_true=+0.00000 | s_hat=[-0.0021,-0.0035] s_true=[+0.0000,+0.0000] kg·m
[INFO] [1789366318.800100045] [mhe_node]: [tau_phys] roll=-0.086 pitch=+0.051 Nm
[INFO] [1789366318.800512597] [mhe_node]: [mass-diag] m_est=1.9611 T=22.969N tilt=3.25deg cos=0.99839 | T/g=2.3414 T*cos/g=2.3376 | m_est-T*cos/g=-0.3766kg (-16.11%) vz=+0.165
[INFO] [1789366318.800911154] [mhe_node]: [c_xy_est] cx=-0.0009 cy=-0.0004 m
[INFO] [1789366320.777115928] [mhe_node]: MHE mass estimate: 2.169 kg (T_phys=22.81N) | solve=19.6ms (max49.5)
[INFO] [1789366320.777676579] [mhe_node]: [truth] m_hat=2.1688 m_true=2.0643 err=+5.06% | c_hat=[+0.0000,+0.0000] c_true=[+0.0000,+0.0000] | Jxx_hat=0.01420 Jxx_true=0.01420 Jyz_hat=+0.00000 Jyz_true=+0.00000 | s_hat=[-0.0026,-0.0220] s_true=[+0.0000,+0.0000] kg·m
[INFO] [1789366320.778196526] [mhe_node]: [tau_phys] roll=-0.191 pitch=+0.034 Nm
[INFO] [1789366320.778780902] [mhe_node]: [mass-diag] m_est=2.1688 T=22.807N tilt=0.50deg cos=0.99996 | T/g=2.3249 T*cos/g=2.3248 | m_est-T*cos/g=-0.1560kg (-6.71%) vz=+1.067
[INFO] [1789366320.779362872] [mhe_node]: [c_xy_est] cx=-0.0012 cy=-0.0102 m
[INFO] [1789366321.863504952] [mhe_node]: [payload-state] EMPTY->LOADED (sustained m_p evidence, m_p=+0.114kg)
[INFO] [1789366321.963519670] [mhe_node]: [s-collapse] moment 基准未就绪(窗口 2/20, 越界剔除 0) — 暂不判决
[INFO] [1789366322.768998897] [mhe_node]: MHE mass estimate: 2.187 kg (T_phys=20.81N) | solve=5.6ms (max8.7)
[INFO] [1789366322.769580822] [mhe_node]: [truth] m_hat=2.1872 m_true=2.0643 err=+5.95% | c_hat=[+0.0000,+0.0000] c_true=[+0.0000,+0.0000] | Jxx_hat=0.01420 Jxx_true=0.01420 Jyz_hat=+0.00000 Jyz_true=+0.00000 | s_hat=[-0.0025,-0.0219] s_true=[+0.0000,+0.0000] kg·m
[INFO] [1789366322.770099677] [mhe_node]: [tau_phys] roll=-0.217 pitch=+0.024 Nm
[INFO] [1789366322.770690718] [mhe_node]: [mass-diag] m_est=2.1872 T=20.808N tilt=0.05deg cos=1.00000 | T/g=2.1211 T*cos/g=2.1211 | m_est-T*cos/g=+0.0661kg (+3.12%) vz=+1.051
[INFO] [1789366322.771279776] [mhe_node]: [c_xy_est] cx=-0.0011 cy=-0.0099 m
[INFO] [1789366322.963514943] [mhe_node]: [s-collapse] moment 基准未就绪(窗口 12/20, 越界剔除 0) — 暂不判决
[INFO] [1789366323.763336307] [mhe_node]: [c_xy_est] 质量域判据已武装(m_p=0.110kg 连续20帧高于水位)
[INFO] [1789366323.763807343] [mhe_node]: [moment-ref] 基准已建立并冻结: |s_ref|=0.02196 kg·m (窗口 20 帧, 中位 0.02198, 离散 0.01, 方向一致度 1.00, 越界剔除 0 帧) — 此后不再更新
[INFO] [1789366323.863563843] [mhe_node]: [s-collapse] |s|=0.02187 ref=0.02196 peak=0.02215 ovr=0 ratio=0.996 (thr 0.30) moment=0 quantity=0 resid=0 health=1 age=0.10 solve_ok=1 reanch=0 m_p=+0.1097 slow=0/5
[INFO] [1789366324.767922242] [mhe_node]: MHE mass estimate: 2.195 kg (T_phys=20.88N) | solve=3.4ms (max3.6)
[INFO] [1789366324.768615527] [mhe_node]: [truth] m_hat=2.1954 m_true=2.0643 err=+6.35% | c_hat=[+0.0000,+0.0000] c_true=[+0.0000,+0.0000] | Jxx_hat=0.01420 Jxx_true=0.01420 Jyz_hat=+0.00000 Jyz_true=+0.00000 | s_hat=[-0.0024,-0.0218] s_true=[+0.0000,+0.0000] kg·m
[INFO] [1789366324.769131550] [mhe_node]: [tau_phys] roll=-0.207 pitch=+0.026 Nm
[INFO] [1789366324.769709478] [mhe_node]: [mass-diag] m_est=2.1954 T=20.879N tilt=0.28deg cos=0.99999 | T/g=2.1283 T*cos/g=2.1283 | m_est-T*cos/g=+0.0671kg (+3.15%) vz=+0.309
[INFO] [1789366324.770285926] [mhe_node]: [c_xy_est] cx=-0.0011 cy=-0.0099 m
[INFO] [1789366324.863754859] [mhe_node]: [s-collapse] |s|=0.02193 ref=0.02196 peak=0.02215 ovr=0 ratio=0.998 (thr 0.30) moment=0 quantity=0 resid=0 health=1 age=0.10 solve_ok=1 reanch=0 m_p=+0.1311 slow=0/5
[INFO] [1789366325.863601049] [mhe_node]: [s-collapse] |s|=0.02221 ref=0.02196 peak=0.02221 ovr=0 ratio=1.011 (thr 0.30) moment=0 quantity=0 resid=0 health=1 age=0.10 solve_ok=1 reanch=0 m_p=+0.1496 slow=0/5
[INFO] [1789366326.768005671] [mhe_node]: MHE mass estimate: 2.216 kg (T_phys=21.58N) | solve=3.6ms (max5.4)
[INFO] [1789366326.768568691] [mhe_node]: [truth] m_hat=2.2156 m_true=2.0643 err=+7.33% | c_hat=[+0.0000,+0.0000] c_true=[+0.0000,+0.0000] | Jxx_hat=0.01420 Jxx_true=0.01420 Jyz_hat=+0.00000 Jyz_true=+0.00000 | s_hat=[-0.0025,-0.0218] s_true=[+0.0000,+0.0000] kg·m
[INFO] [1789366326.769082273] [mhe_node]: [tau_phys] roll=-0.216 pitch=+0.023 Nm
[INFO] [1789366326.769661323] [mhe_node]: [mass-diag] m_est=2.2156 T=21.585N tilt=0.25deg cos=0.99999 | T/g=2.2003 T*cos/g=2.2003 | m_est-T*cos/g=+0.0153kg (+0.70%) vz=+0.002
[INFO] [1789366326.770237352] [mhe_node]: [c_xy_est] cx=-0.0011 cy=-0.0098 m
[INFO] [1789366326.863606404] [mhe_node]: [s-collapse] |s|=0.02195 ref=0.02196 peak=0.02221 ovr=0 ratio=1.000 (thr 0.30) moment=0 quantity=0 resid=0 health=1 age=0.10 solve_ok=1 reanch=0 m_p=+0.1513 slow=0/5
[INFO] [1789366327.863757507] [mhe_node]: [s-collapse] |s|=0.02200 ref=0.02196 peak=0.02221 ovr=0 ratio=1.001 (thr 0.30) moment=0 quantity=0 resid=0 health=1 age=0.10 solve_ok=1 reanch=0 m_p=+0.1455 slow=0/5
[INFO] [1789366328.767098707] [mhe_node]: MHE mass estimate: 2.212 kg (T_phys=21.67N) | solve=3.4ms (max3.6)
[INFO] [1789366328.767505995] [mhe_node]: [truth] m_hat=2.2121 m_true=2.0643 err=+7.16% | c_hat=[+0.0000,+0.0000] c_true=[+0.0000,+0.0000] | Jxx_hat=0.01420 Jxx_true=0.01420 Jyz_hat=+0.00000 Jyz_true=+0.00000 | s_hat=[-0.0023,-0.0219] s_true=[+0.0000,+0.0000] kg·m
[INFO] [1789366328.767867006] [mhe_node]: [tau_phys] roll=-0.214 pitch=+0.064 Nm
[INFO] [1789366328.768277039] [mhe_node]: [mass-diag] m_est=2.2121 T=21.670N tilt=0.31deg cos=0.99999 | T/g=2.2090 T*cos/g=2.2089 | m_est-T*cos/g=+0.0031kg (+0.14%) vz=-0.018
[INFO] [1789366328.768674548] [mhe_node]: [c_xy_est] cx=-0.0010 cy=-0.0099 m
[INFO] [1789366328.863423707] [mhe_node]: [s-collapse] |s|=0.02206 ref=0.02196 peak=0.02221 ovr=0 ratio=1.004 (thr 0.30) moment=0 quantity=0 resid=0 health=1 age=0.10 solve_ok=1 reanch=0 m_p=+0.1478 slow=0/5
[INFO] [1789366329.863587830] [mhe_node]: [s-collapse] |s|=0.02217 ref=0.02196 peak=0.02224 ovr=0 ratio=1.010 (thr 0.30) moment=0 quantity=0 resid=0 health=1 age=0.10 solve_ok=1 reanch=0 m_p=+0.1437 slow=0/5
[INFO] [1789366330.463649028] [mhe_node]: [c_xy-clamp] 越界剔除 0/300 (0.0%) 上限 0.0390 kg·m clamp=1
[INFO] [1789366330.768531119] [mhe_node]: MHE mass estimate: 2.209 kg (T_phys=21.79N) | solve=5.1ms (max10.8)
[INFO] [1789366330.768932984] [mhe_node]: [truth] m_hat=2.2093 m_true=2.0643 err=+7.02% | c_hat=[+0.0000,+0.0000] c_true=[+0.0000,+0.0000] | Jxx_hat=0.01420 Jxx_true=0.01420 Jyz_hat=+0.00000 Jyz_true=+0.00000 | s_hat=[-0.0033,-0.0216] s_true=[+0.0000,+0.0000] kg·m
[INFO] [1789366330.769293301] [mhe_node]: [tau_phys] roll=-0.204 pitch=-0.006 Nm
[INFO] [1789366330.769701776] [mhe_node]: [mass-diag] m_est=2.2093 T=21.789N tilt=0.12deg cos=1.00000 | T/g=2.2211 T*cos/g=2.2211 | m_est-T*cos/g=-0.0118kg (-0.53%) vz=-0.007
[INFO] [1789366330.770098423] [mhe_node]: [c_xy_est] cx=-0.0014 cy=-0.0098 m
[INFO] [1789366330.863686052] [mhe_node]: [s-collapse] |s|=0.02185 ref=0.02196 peak=0.02224 ovr=0 ratio=0.995 (thr 0.30) moment=0 quantity=0 resid=0 health=1 age=0.10 solve_ok=1 reanch=0 m_p=+0.1450 slow=0/5
[INFO] [1789366331.863583894] [mhe_node]: [s-collapse] |s|=0.02167 ref=0.02196 peak=0.02224 ovr=0 ratio=0.987 (thr 0.30) moment=0 quantity=0 resid=0 health=1 age=0.09 solve_ok=1 reanch=0 m_p=+0.1346 slow=0/5
[INFO] [1789366332.778922972] [mhe_node]: MHE mass estimate: 2.200 kg (T_phys=21.91N) | solve=11.5ms (max17.1)
[INFO] [1789366332.779487038] [mhe_node]: [truth] m_hat=2.1995 m_true=2.0643 err=+6.55% | c_hat=[+0.0000,+0.0000] c_true=[+0.0000,+0.0000] | Jxx_hat=0.01420 Jxx_true=0.01420 Jyz_hat=+0.00000 Jyz_true=+0.00000 | s_hat=[+0.0020,-0.0215] s_true=[+0.0000,+0.0000] kg·m
[INFO] [1789366332.780002345] [mhe_node]: [tau_phys] roll=-0.229 pitch=-0.023 Nm
[INFO] [1789366332.780584400] [mhe_node]: [mass-diag] m_est=2.1995 T=21.911N tilt=3.94deg cos=0.99764 | T/g=2.2336 T*cos/g=2.2283 | m_est-T*cos/g=-0.0288kg (-1.29%) vz=+0.016
[INFO] [1789366332.781171940] [mhe_node]: [c_xy_est] cx=+0.0007 cy=-0.0097 m
[INFO] [1789366332.863535216] [mhe_node]: [s-collapse] |s|=0.02159 ref=0.02196 peak=0.02224 ovr=0 ratio=0.983 (thr 0.30) moment=0 quantity=0 resid=0 health=1 age=0.08 solve_ok=1 reanch=0 m_p=+0.1352 slow=0/5
[INFO] [1789366333.863687757] [mhe_node]: [s-collapse] |s|=0.02210 ref=0.02196 peak=0.02224 ovr=0 ratio=1.006 (thr 0.30) moment=0 quantity=0 resid=0 health=1 age=0.09 solve_ok=1 reanch=0 m_p=+0.1310 slow=0/5
[INFO] [1789366334.771859715] [mhe_node]: MHE mass estimate: 2.189 kg (T_phys=21.54N) | solve=7.7ms (max12.8)
[INFO] [1789366334.772418967] [mhe_node]: [truth] m_hat=2.1889 m_true=2.0643 err=+6.03% | c_hat=[+0.0000,+0.0000] c_true=[+0.0000,+0.0000] | Jxx_hat=0.01420 Jxx_true=0.01420 Jyz_hat=+0.00000 Jyz_true=+0.00000 | s_hat=[+0.0076,-0.0213] s_true=[+0.0000,+0.0000] kg·m
[INFO] [1789366334.772937494] [mhe_node]: [tau_phys] roll=-0.223 pitch=-0.100 Nm
[INFO] [1789366334.773521382] [mhe_node]: [mass-diag] m_est=2.1889 T=21.543N tilt=4.12deg cos=0.99742 | T/g=2.1960 T*cos/g=2.1903 | m_est-T*cos/g=-0.0015kg (-0.07%) vz=+0.116
[INFO] [1789366334.774095341] [mhe_node]: [c_xy_est] cx=+0.0034 cy=-0.0097 m
[INFO] [1789366334.863605969] [mhe_node]: [s-collapse] |s|=0.02266 ref=0.02196 peak=0.02266 ovr=0 ratio=1.032 (thr 0.30) moment=0 quantity=0 resid=0 health=1 age=0.09 solve_ok=1 reanch=0 m_p=+0.1246 slow=0/5
[INFO] [1789366335.863576118] [mhe_node]: [s-collapse] |s|=0.02327 ref=0.02196 peak=0.02327 ovr=0 ratio=1.059 (thr 0.30) moment=0 quantity=0 resid=0 health=1 age=0.09 solve_ok=1 reanch=0 m_p=+0.1208 slow=0/5
[INFO] [1789366336.768335439] [mhe_node]: MHE mass estimate: 2.182 kg (T_phys=21.55N) | solve=6.1ms (max12.2)
[INFO] [1789366336.768739844] [mhe_node]: [truth] m_hat=2.1822 m_true=2.0643 err=+5.71% | c_hat=[+0.0000,+0.0000] c_true=[+0.0000,+0.0000] | Jxx_hat=0.01420 Jxx_true=0.01420 Jyz_hat=+0.00000 Jyz_true=+0.00000 | s_hat=[+0.0085,-0.0218] s_true=[+0.0000,+0.0000] kg·m
[INFO] [1789366336.769099312] [mhe_node]: [tau_phys] roll=-0.223 pitch=-0.008 Nm
[INFO] [1789366336.769510200] [mhe_node]: [mass-diag] m_est=2.1822 T=21.552N tilt=3.35deg cos=0.99829 | T/g=2.1969 T*cos/g=2.1932 | m_est-T*cos/g=-0.0110kg (-0.50%) vz=+0.104
[INFO] [1789366336.769911461] [mhe_node]: [c_xy_est] cx=+0.0040 cy=-0.0100 m
[INFO] [1789366336.863519912] [mhe_node]: [s-collapse] |s|=0.02341 ref=0.02196 peak=0.02356 ovr=0 ratio=1.066 (thr 0.30) moment=0 quantity=0 resid=0 health=1 age=0.10 solve_ok=1 reanch=0 m_p=+0.1179 slow=0/5
[INFO] [1789366337.863549318] [mhe_node]: [s-collapse] |s|=0.02345 ref=0.02196 peak=0.02356 ovr=0 ratio=1.068 (thr 0.30) moment=0 quantity=0 resid=0 health=1 age=0.09 solve_ok=1 reanch=0 m_p=+0.1283 slow=0/5
[INFO] [1789366338.770660540] [mhe_node]: MHE mass estimate: 2.198 kg (T_phys=21.51N) | solve=8.1ms (max14.9)
[INFO] [1789366338.771227155] [mhe_node]: [truth] m_hat=2.1976 m_true=2.0643 err=+6.46% | c_hat=[+0.0000,+0.0000] c_true=[+0.0000,+0.0000] | Jxx_hat=0.01420 Jxx_true=0.01420 Jyz_hat=+0.00000 Jyz_true=+0.00000 | s_hat=[+0.0042,-0.0237] s_true=[+0.0000,+0.0000] kg·m
[INFO] [1789366338.771743284] [mhe_node]: [tau_phys] roll=-0.211 pitch=-0.012 Nm
[INFO] [1789366338.772324574] [mhe_node]: [mass-diag] m_est=2.1976 T=21.511N tilt=4.33deg cos=0.99714 | T/g=2.1928 T*cos/g=2.1865 | m_est-T*cos/g=+0.0110kg (+0.50%) vz=+0.069
[INFO] [1789366338.772901547] [mhe_node]: [c_xy_est] cx=+0.0019 cy=-0.0107 m
[INFO] [1789366338.863541060] [mhe_node]: [s-collapse] |s|=0.02407 ref=0.02196 peak=0.02407 ovr=0 ratio=1.096 (thr 0.30) moment=0 quantity=0 resid=0 health=1 age=0.09 solve_ok=1 reanch=0 m_p=+0.1333 slow=0/5
[INFO] [1789366339.863531317] [mhe_node]: [s-collapse] |s|=0.02370 ref=0.02196 peak=0.02412 ovr=0 ratio=1.079 (thr 0.30) moment=0 quantity=0 resid=0 health=1 age=0.09 solve_ok=1 reanch=0 m_p=+0.1320 slow=0/5
[INFO] [1789366340.770928822] [mhe_node]: MHE mass estimate: 2.199 kg (T_phys=21.53N) | solve=7.1ms (max12.8)
[INFO] [1789366340.771505653] [mhe_node]: [truth] m_hat=2.1992 m_true=2.0643 err=+6.53% | c_hat=[+0.0000,+0.0000] c_true=[+0.0000,+0.0000] | Jxx_hat=0.01420 Jxx_true=0.01420 Jyz_hat=+0.00000 Jyz_true=+0.00000 | s_hat=[+0.0017,-0.0225] s_true=[+0.0000,+0.0000] kg·m
[INFO] [1789366340.772030101] [mhe_node]: [tau_phys] roll=-0.215 pitch=+0.042 Nm
[INFO] [1789366340.772618324] [mhe_node]: [mass-diag] m_est=2.1992 T=21.534N tilt=1.88deg cos=0.99946 | T/g=2.1952 T*cos/g=2.1940 | m_est-T*cos/g=+0.0052kg (+0.24%) vz=+0.006
[INFO] [1789366340.773197363] [mhe_node]: [c_xy_est] cx=+0.0008 cy=-0.0103 m
[INFO] [1789366340.863569506] [mhe_node]: [s-collapse] |s|=0.02258 ref=0.02196 peak=0.02412 ovr=0 ratio=1.028 (thr 0.30) moment=0 quantity=0 resid=0 health=1 age=0.09 solve_ok=1 reanch=0 m_p=+0.1349 slow=0/5
[INFO] [1789366341.863570003] [mhe_node]: [s-collapse] |s|=0.02227 ref=0.02196 peak=0.02412 ovr=0 ratio=1.014 (thr 0.30) moment=0 quantity=0 resid=0 health=1 age=0.09 solve_ok=1 reanch=0 m_p=+0.1312 slow=0/5
[INFO] [1789366342.768975220] [mhe_node]: MHE mass estimate: 2.200 kg (T_phys=21.50N) | solve=6.3ms (max11.9)
[INFO] [1789366342.769690667] [mhe_node]: [truth] m_hat=2.1997 m_true=2.0643 err=+6.56% | c_hat=[+0.0000,+0.0000] c_true=[+0.0000,+0.0000] | Jxx_hat=0.01420 Jxx_true=0.01420 Jyz_hat=+0.00000 Jyz_true=+0.00000 | s_hat=[+0.0047,-0.0220] s_true=[+0.0000,+0.0000] kg·m
[INFO] [1789366342.770213698] [mhe_node]: [tau_phys] roll=-0.213 pitch=-0.028 Nm
[INFO] [1789366342.770799789] [mhe_node]: [mass-diag] m_est=2.1997 T=21.496N tilt=1.37deg cos=0.99972 | T/g=2.1913 T*cos/g=2.1906 | m_est-T*cos/g=+0.0090kg (+0.41%) vz=-0.024
[INFO] [1789366342.771389912] [mhe_node]: [c_xy_est] cx=+0.0022 cy=-0.0100 m
[INFO] [1789366342.863571865] [mhe_node]: [s-collapse] |s|=0.02250 ref=0.02196 peak=0.02412 ovr=0 ratio=1.024 (thr 0.30) moment=0 quantity=0 resid=0 health=1 age=0.09 solve_ok=1 reanch=0 m_p=+0.1354 slow=0/5
[INFO] [1789366343.863544410] [mhe_node]: [s-collapse] |s|=0.02241 ref=0.02196 peak=0.02412 ovr=0 ratio=1.020 (thr 0.30) moment=0 quantity=0 resid=0 health=1 age=0.09 solve_ok=1 reanch=0 m_p=+0.1337 slow=0/5
[INFO] [1789366344.770757016] [mhe_node]: MHE mass estimate: 2.203 kg (T_phys=21.59N) | solve=6.2ms (max9.5)
[INFO] [1789366344.771321666] [mhe_node]: [truth] m_hat=2.2034 m_true=2.0643 err=+6.74% | c_hat=[+0.0000,+0.0000] c_true=[+0.0000,+0.0000] | Jxx_hat=0.01420 Jxx_true=0.01420 Jyz_hat=+0.00000 Jyz_true=+0.00000 | s_hat=[+0.0033,-0.0220] s_true=[+0.0000,+0.0000] kg·m
[INFO] [1789366344.771833277] [mhe_node]: [tau_phys] roll=-0.233 pitch=-0.065 Nm
[INFO] [1789366344.772416724] [mhe_node]: [mass-diag] m_est=2.2034 T=21.586N tilt=2.07deg cos=0.99935 | T/g=2.2004 T*cos/g=2.1990 | m_est-T*cos/g=+0.0044kg (+0.20%) vz=-0.056
[INFO] [1789366344.772989635] [mhe_node]: [c_xy_est] cx=+0.0016 cy=-0.0100 m
[INFO] [1789366344.863739534] [mhe_node]: [s-collapse] |s|=0.02225 ref=0.02196 peak=0.02412 ovr=0 ratio=1.013 (thr 0.30) moment=0 quantity=0 resid=0 health=1 age=0.09 solve_ok=1 reanch=0 m_p=+0.1391 slow=0/5
[INFO] [1789366345.863571490] [mhe_node]: [s-collapse] |s|=0.02251 ref=0.02196 peak=0.02412 ovr=0 ratio=1.025 (thr 0.30) moment=0 quantity=0 resid=0 health=1 age=0.09 solve_ok=1 reanch=0 m_p=+0.1381 slow=0/5
[INFO] [1789366346.769751386] [mhe_node]: MHE mass estimate: 2.205 kg (T_phys=21.59N) | solve=6.1ms (max8.6)
[INFO] [1789366346.770314611] [mhe_node]: [truth] m_hat=2.2047 m_true=2.0643 err=+6.80% | c_hat=[+0.0000,+0.0000] c_true=[+0.0000,+0.0000] | Jxx_hat=0.01420 Jxx_true=0.01420 Jyz_hat=+0.00000 Jyz_true=+0.00000 | s_hat=[+0.0033,-0.0227] s_true=[+0.0000,+0.0000] kg·m
[INFO] [1789366346.770830699] [mhe_node]: [tau_phys] roll=-0.227 pitch=+0.015 Nm
[INFO] [1789366346.771420221] [mhe_node]: [mass-diag] m_est=2.2047 T=21.591N tilt=2.76deg cos=0.99884 | T/g=2.2010 T*cos/g=2.1984 | m_est-T*cos/g=+0.0063kg (+0.29%) vz=-0.090
[INFO] [1789366346.771996334] [mhe_node]: [c_xy_est] cx=+0.0015 cy=-0.0103 m
[INFO] [1789366346.863642765] [mhe_node]: [s-collapse] |s|=0.02293 ref=0.02196 peak=0.02412 ovr=0 ratio=1.044 (thr 0.30) moment=0 quantity=0 resid=0 health=1 age=0.09 solve_ok=1 reanch=0 m_p=+0.1404 slow=0/5
[INFO] [1789366347.863543371] [mhe_node]: [s-collapse] |s|=0.02329 ref=0.02196 peak=0.02412 ovr=0 ratio=1.060 (thr 0.30) moment=0 quantity=0 resid=0 health=1 age=0.09 solve_ok=1 reanch=0 m_p=+0.1381 slow=0/5
[INFO] [1789366348.768879225] [mhe_node]: MHE mass estimate: 2.201 kg (T_phys=21.52N) | solve=5.5ms (max7.7)
[INFO] [1789366348.769439838] [mhe_node]: [truth] m_hat=2.2012 m_true=2.0643 err=+6.63% | c_hat=[+0.0000,+0.0000] c_true=[+0.0000,+0.0000] | Jxx_hat=0.01420 Jxx_true=0.01420 Jyz_hat=+0.00000 Jyz_true=+0.00000 | s_hat=[+0.0048,-0.0226] s_true=[+0.0000,+0.0000] kg·m
[INFO] [1789366348.769949647] [mhe_node]: [tau_phys] roll=-0.218 pitch=-0.040 Nm
[INFO] [1789366348.770530612] [mhe_node]: [mass-diag] m_est=2.2012 T=21.524N tilt=2.84deg cos=0.99877 | T/g=2.1941 T*cos/g=2.1914 | m_est-T*cos/g=+0.0098kg (+0.45%) vz=-0.108
[INFO] [1789366348.771105548] [mhe_node]: [c_xy_est] cx=+0.0021 cy=-0.0103 m
[INFO] [1789366348.863558514] [mhe_node]: [s-collapse] |s|=0.02306 ref=0.02196 peak=0.02412 ovr=0 ratio=1.050 (thr 0.30) moment=0 quantity=0 resid=0 health=1 age=0.09 solve_ok=1 reanch=0 m_p=+0.1369 slow=0/5
[INFO] [1789366349.863660489] [mhe_node]: [s-collapse] |s|=0.02278 ref=0.02196 peak=0.02412 ovr=0 ratio=1.037 (thr 0.30) moment=0 quantity=0 resid=0 health=1 age=0.09 solve_ok=1 reanch=0 m_p=+0.1311 slow=0/5
[INFO] [1789366350.767390867] [mhe_node]: MHE mass estimate: 2.196 kg (T_phys=21.49N) | solve=5.4ms (max8.7)
[INFO] [1789366350.767801797] [mhe_node]: [truth] m_hat=2.1956 m_true=2.0643 err=+6.36% | c_hat=[+0.0000,+0.0000] c_true=[+0.0000,+0.0000] | Jxx_hat=0.01420 Jxx_true=0.01420 Jyz_hat=+0.00000 Jyz_true=+0.00000 | s_hat=[+0.0072,-0.0217] s_true=[+0.0000,+0.0000] kg·m
[INFO] [1789366350.768166369] [mhe_node]: [tau_phys] roll=-0.210 pitch=-0.007 Nm
[INFO] [1789366350.768577567] [mhe_node]: [mass-diag] m_est=2.1956 T=21.488N tilt=2.20deg cos=0.99926 | T/g=2.1904 T*cos/g=2.1888 | m_est-T*cos/g=+0.0068kg (+0.31%) vz=-0.120
[INFO] [1789366350.768978438] [mhe_node]: [c_xy_est] cx=+0.0032 cy=-0.0099 m
[INFO] [1789366350.863523487] [mhe_node]: [s-collapse] |s|=0.02289 ref=0.02196 peak=0.02412 ovr=0 ratio=1.042 (thr 0.30) moment=0 quantity=0 resid=0 health=1 age=0.10 solve_ok=1 reanch=0 m_p=+0.1313 slow=0/5
[INFO] [1789366351.863647057] [mhe_node]: [s-collapse] |s|=0.02234 ref=0.02196 peak=0.02412 ovr=0 ratio=1.017 (thr 0.30) moment=0 quantity=0 resid=0 health=1 age=0.09 solve_ok=1 reanch=0 m_p=+0.1293 slow=0/5
[INFO] [1789366352.768910507] [mhe_node]: MHE mass estimate: 2.195 kg (T_phys=21.58N) | solve=4.4ms (max5.5)
[INFO] [1789366352.769477486] [mhe_node]: [truth] m_hat=2.1954 m_true=2.0643 err=+6.35% | c_hat=[+0.0000,+0.0000] c_true=[+0.0000,+0.0000] | Jxx_hat=0.01420 Jxx_true=0.01420 Jyz_hat=+0.00000 Jyz_true=+0.00000 | s_hat=[+0.0065,-0.0210] s_true=[+0.0000,+0.0000] kg·m
[INFO] [1789366352.769993746] [mhe_node]: [tau_phys] roll=-0.206 pitch=-0.106 Nm
[INFO] [1789366352.770578691] [mhe_node]: [mass-diag] m_est=2.1954 T=21.576N tilt=1.72deg cos=0.99955 | T/g=2.1994 T*cos/g=2.1984 | m_est-T*cos/g=-0.0030kg (-0.14%) vz=-0.123
[INFO] [1789366352.771157707] [mhe_node]: [c_xy_est] cx=+0.0030 cy=-0.0096 m
[INFO] [1789366352.863571022] [mhe_node]: [s-collapse] |s|=0.02198 ref=0.02196 peak=0.02412 ovr=0 ratio=1.001 (thr 0.30) moment=0 quantity=0 resid=0 health=1 age=0.09 solve_ok=1 reanch=0 m_p=+0.1311 slow=0/5
[INFO] [1789366353.863625414] [mhe_node]: [s-collapse] |s|=0.02172 ref=0.02196 peak=0.02412 ovr=0 ratio=0.989 (thr 0.30) moment=0 quantity=0 resid=0 health=1 age=0.09 solve_ok=1 reanch=0 m_p=+0.1308 slow=0/5
[INFO] [1789366354.770779961] [mhe_node]: MHE mass estimate: 2.195 kg (T_phys=21.66N) | solve=6.1ms (max13.9)
[INFO] [1789366354.771351736] [mhe_node]: [truth] m_hat=2.1951 m_true=2.0643 err=+6.33% | c_hat=[+0.0000,+0.0000] c_true=[+0.0000,+0.0000] | Jxx_hat=0.01420 Jxx_true=0.01420 Jyz_hat=+0.00000 Jyz_true=+0.00000 | s_hat=[+0.0033,-0.0207] s_true=[+0.0000,+0.0000] kg·m
[INFO] [1789366354.771868246] [mhe_node]: [tau_phys] roll=-0.204 pitch=-0.079 Nm
[INFO] [1789366354.772465863] [mhe_node]: [mass-diag] m_est=2.1951 T=21.664N tilt=0.85deg cos=0.99989 | T/g=2.2084 T*cos/g=2.2081 | m_est-T*cos/g=-0.0131kg (-0.59%) vz=-0.117
[INFO] [1789366354.773044855] [mhe_node]: [c_xy_est] cx=+0.0016 cy=-0.0095 m
[INFO] [1789366354.863782652] [mhe_node]: [s-collapse] |s|=0.02101 ref=0.02196 peak=0.02412 ovr=0 ratio=0.956 (thr 0.30) moment=0 quantity=0 resid=0 health=1 age=0.09 solve_ok=1 reanch=0 m_p=+0.1308 slow=0/5
[INFO] [1789366355.863550925] [mhe_node]: [s-collapse] |s|=0.02109 ref=0.02196 peak=0.02412 ovr=0 ratio=0.960 (thr 0.30) moment=0 quantity=0 resid=0 health=1 age=0.09 solve_ok=1 reanch=0 m_p=+0.1340 slow=0/5
[INFO] [1789366356.769810427] [mhe_node]: MHE mass estimate: 2.202 kg (T_phys=21.69N) | solve=5.7ms (max8.7)
[INFO] [1789366356.770378987] [mhe_node]: [truth] m_hat=2.2020 m_true=2.0643 err=+6.67% | c_hat=[+0.0000,+0.0000] c_true=[+0.0000,+0.0000] | Jxx_hat=0.01420 Jxx_true=0.01420 Jyz_hat=+0.00000 Jyz_true=+0.00000 | s_hat=[+0.0023,-0.0206] s_true=[+0.0000,+0.0000] kg·m
[INFO] [1789366356.770890391] [mhe_node]: [tau_phys] roll=-0.199 pitch=-0.024 Nm
[INFO] [1789366356.771472481] [mhe_node]: [mass-diag] m_est=2.2020 T=21.690N tilt=1.98deg cos=0.99940 | T/g=2.2110 T*cos/g=2.2097 | m_est-T*cos/g=-0.0077kg (-0.35%) vz=-0.104
[INFO] [1789366356.772045073] [mhe_node]: [c_xy_est] cx=+0.0011 cy=-0.0094 m
[INFO] [1789366356.863553418] [mhe_node]: [s-collapse] |s|=0.02072 ref=0.02196 peak=0.02412 ovr=0 ratio=0.943 (thr 0.30) moment=0 quantity=0 resid=0 health=1 age=0.09 solve_ok=1 reanch=0 m_p=+0.1377 slow=0/5
[INFO] [1789366357.863626614] [mhe_node]: [s-collapse] |s|=0.02038 ref=0.02196 peak=0.02412 ovr=0 ratio=0.928 (thr 0.30) moment=0 quantity=0 resid=0 health=1 age=0.09 solve_ok=1 reanch=0 m_p=+0.1386 slow=0/5
[INFO] [1789366358.769744586] [mhe_node]: MHE mass estimate: 2.203 kg (T_phys=21.67N) | solve=5.0ms (max6.7)
[INFO] [1789366358.770303718] [mhe_node]: [truth] m_hat=2.2030 m_true=2.0643 err=+6.72% | c_hat=[+0.0000,+0.0000] c_true=[+0.0000,+0.0000] | Jxx_hat=0.01420 Jxx_true=0.01420 Jyz_hat=+0.00000 Jyz_true=+0.00000 | s_hat=[+0.0006,-0.0203] s_true=[+0.0000,+0.0000] kg·m
[INFO] [1789366358.770815747] [mhe_node]: [tau_phys] roll=-0.193 pitch=-0.012 Nm
[INFO] [1789366358.771394222] [mhe_node]: [mass-diag] m_est=2.2030 T=21.673N tilt=2.48deg cos=0.99907 | T/g=2.2093 T*cos/g=2.2072 | m_est-T*cos/g=-0.0042kg (-0.19%) vz=-0.095
[INFO] [1789366358.771964253] [mhe_node]: [c_xy_est] cx=+0.0003 cy=-0.0092 m
[INFO] [1789366358.863550175] [mhe_node]: [s-collapse] |s|=0.02032 ref=0.02196 peak=0.02412 ovr=0 ratio=0.925 (thr 0.30) moment=0 quantity=0 resid=0 health=1 age=0.09 solve_ok=1 reanch=0 m_p=+0.1387 slow=0/5
[INFO] [1789366359.863569173] [mhe_node]: [s-collapse] |s|=0.02013 ref=0.02196 peak=0.02412 ovr=0 ratio=0.917 (thr 0.30) moment=0 quantity=0 resid=0 health=1 age=0.09 solve_ok=1 reanch=0 m_p=+0.1384 slow=0/5
[INFO] [1789366360.463637857] [mhe_node]: [c_xy-clamp] 越界剔除 0/600 (0.0%) 上限 0.0390 kg·m clamp=1
[INFO] [1789366360.776086997] [mhe_node]: MHE mass estimate: 2.194 kg (T_phys=21.60N) | solve=8.6ms (max13.7)
[INFO] [1789366360.776815672] [mhe_node]: [truth] m_hat=2.1945 m_true=2.0643 err=+6.31% | c_hat=[+0.0000,+0.0000] c_true=[+0.0000,+0.0000] | Jxx_hat=0.01420 Jxx_true=0.01420 Jyz_hat=+0.00000 Jyz_true=+0.00000 | s_hat=[-0.0035,-0.0201] s_true=[+0.0000,+0.0000] kg·m
[INFO] [1789366360.777337711] [mhe_node]: [tau_phys] roll=-0.199 pitch=-0.057 Nm
[INFO] [1789366360.777931819] [mhe_node]: [mass-diag] m_est=2.1945 T=21.602N tilt=2.23deg cos=0.99924 | T/g=2.2020 T*cos/g=2.2003 | m_est-T*cos/g=-0.0058kg (-0.27%) vz=-0.051
[INFO] [1789366360.778511333] [mhe_node]: [c_xy_est] cx=-0.0018 cy=-0.0092 m
[INFO] [1789366360.863561287] [mhe_node]: [s-collapse] |s|=0.02045 ref=0.02196 peak=0.02412 ovr=0 ratio=0.931 (thr 0.30) moment=0 quantity=0 resid=0 health=1 age=0.09 solve_ok=1 reanch=0 m_p=+0.1302 slow=0/5
[INFO] [1789366361.863533184] [mhe_node]: [s-collapse] |s|=0.02076 ref=0.02196 peak=0.02412 ovr=0 ratio=0.945 (thr 0.30) moment=0 quantity=0 resid=0 health=1 age=0.09 solve_ok=1 reanch=0 m_p=+0.1371 slow=0/5
[INFO] [1789366362.773842824] [mhe_node]: MHE mass estimate: 2.195 kg (T_phys=21.65N) | solve=8.0ms (max13.6)
[INFO] [1789366362.774406620] [mhe_node]: [truth] m_hat=2.1948 m_true=2.0643 err=+6.32% | c_hat=[+0.0000,+0.0000] c_true=[+0.0000,+0.0000] | Jxx_hat=0.01420 Jxx_true=0.01420 Jyz_hat=+0.00000 Jyz_true=+0.00000 | s_hat=[-0.0025,-0.0204] s_true=[+0.0000,+0.0000] kg·m
[INFO] [1789366362.774922335] [mhe_node]: [tau_phys] roll=-0.201 pitch=-0.061 Nm
[INFO] [1789366362.775509838] [mhe_node]: [mass-diag] m_est=2.1948 T=21.650N tilt=2.05deg cos=0.99936 | T/g=2.2069 T*cos/g=2.2055 | m_est-T*cos/g=-0.0107kg (-0.48%) vz=-0.034
[INFO] [1789366362.776085965] [mhe_node]: [c_xy_est] cx=-0.0010 cy=-0.0093 m
[INFO] [1789366362.863538814] [mhe_node]: [s-collapse] |s|=0.02053 ref=0.02196 peak=0.02412 ovr=0 ratio=0.935 (thr 0.30) moment=0 quantity=0 resid=0 health=1 age=0.09 solve_ok=1 reanch=0 m_p=+0.1305 slow=0/5
[INFO] [1789366363.863574065] [mhe_node]: [s-collapse] |s|=0.02047 ref=0.02196 peak=0.02412 ovr=0 ratio=0.932 (thr 0.30) moment=0 quantity=0 resid=0 health=1 age=0.09 solve_ok=1 reanch=0 m_p=+0.1331 slow=0/5
[INFO] [1789366364.769824351] [mhe_node]: MHE mass estimate: 2.198 kg (T_phys=21.76N) | solve=7.1ms (max14.9)
[INFO] [1789366364.770401356] [mhe_node]: [truth] m_hat=2.1984 m_true=2.0643 err=+6.50% | c_hat=[+0.0000,+0.0000] c_true=[+0.0000,+0.0000] | Jxx_hat=0.01420 Jxx_true=0.01420 Jyz_hat=+0.00000 Jyz_true=+0.00000 | s_hat=[+0.0026,-0.0206] s_true=[+0.0000,+0.0000] kg·m
[INFO] [1789366364.770914895] [mhe_node]: [tau_phys] roll=-0.218 pitch=+0.000 Nm
[INFO] [1789366364.771512478] [mhe_node]: [mass-diag] m_est=2.1984 T=21.755N tilt=1.12deg cos=0.99981 | T/g=2.2177 T*cos/g=2.2173 | m_est-T*cos/g=-0.0189kg (-0.85%) vz=+0.003
[INFO] [1789366364.772086670] [mhe_node]: [c_xy_est] cx=+0.0013 cy=-0.0093 m
[INFO] [1789366364.863592364] [mhe_node]: [s-collapse] |s|=0.02075 ref=0.02196 peak=0.02412 ovr=0 ratio=0.945 (thr 0.30) moment=0 quantity=0 resid=0 health=1 age=0.09 solve_ok=1 reanch=0 m_p=+0.1341 slow=0/5
[INFO] [1789366365.863688921] [mhe_node]: [s-collapse] |s|=0.02076 ref=0.02196 peak=0.02412 ovr=0 ratio=0.945 (thr 0.30) moment=0 quantity=0 resid=0 health=1 age=0.09 solve_ok=1 reanch=0 m_p=+0.1398 slow=0/5
[INFO] [1789366366.769836630] [mhe_node]: MHE mass estimate: 2.206 kg (T_phys=21.66N) | solve=5.3ms (max6.4)
[INFO] [1789366366.770403401] [mhe_node]: [truth] m_hat=2.2057 m_true=2.0643 err=+6.85% | c_hat=[+0.0000,+0.0000] c_true=[+0.0000,+0.0000] | Jxx_hat=0.01420 Jxx_true=0.01420 Jyz_hat=+0.00000 Jyz_true=+0.00000 | s_hat=[-0.0035,-0.0205] s_true=[+0.0000,+0.0000] kg·m
[INFO] [1789366366.770919792] [mhe_node]: [tau_phys] roll=-0.253 pitch=+0.045 Nm
[INFO] [1789366366.771508819] [mhe_node]: [mass-diag] m_est=2.2057 T=21.660N tilt=0.85deg cos=0.99989 | T/g=2.2079 T*cos/g=2.2077 | m_est-T*cos/g=-0.0020kg (-0.09%) vz=+0.043
[INFO] [1789366366.772083551] [mhe_node]: [c_xy_est] cx=-0.0015 cy=-0.0093 m
[INFO] [1789366366.863554387] [mhe_node]: [s-collapse] |s|=0.02083 ref=0.02196 peak=0.02412 ovr=0 ratio=0.949 (thr 0.30) moment=0 quantity=0 resid=0 health=1 age=0.09 solve_ok=1 reanch=0 m_p=+0.1414 slow=0/5
[INFO] [1789366367.863559620] [mhe_node]: [s-collapse] |s|=0.02065 ref=0.02196 peak=0.02412 ovr=0 ratio=0.940 (thr 0.30) moment=0 quantity=0 resid=0 health=1 age=0.09 solve_ok=1 reanch=0 m_p=+0.1390 slow=0/5
[INFO] [1789366368.783679143] [mhe_node]: MHE mass estimate: 2.048 kg (T_phys=19.85N) | solve=10.9ms (max19.9)
[INFO] [1789366368.784216899] [mhe_node]: [truth] m_hat=2.0482 m_true=2.0643 err=-0.78% | c_hat=[+0.0000,+0.0000] c_true=[+0.0000,+0.0000] | Jxx_hat=0.01420 Jxx_true=0.01420 Jyz_hat=+0.00000 Jyz_true=+0.00000 | s_hat=[-0.0009,-0.0068] s_true=[+0.0000,+0.0000] kg·m
[INFO] [1789366368.784729153] [mhe_node]: [tau_phys] roll=+0.006 pitch=+0.014 Nm
[INFO] [1789366368.785311790] [mhe_node]: [mass-diag] m_est=2.0482 T=19.851N tilt=2.07deg cos=0.99935 | T/g=2.0236 T*cos/g=2.0222 | m_est-T*cos/g=+0.0259kg (+1.28%) vz=+0.015
[INFO] [1789366368.785880158] [mhe_node]: [c_xy_est] cx=-0.0006 cy=-0.0041 m
[INFO] [1789366368.863598092] [mhe_node]: [s-collapse] |s|=0.00684 ref=0.02196 peak=0.02412 ovr=0 ratio=0.311 (thr 0.30) moment=0 quantity=1 resid=0 health=1 age=0.08 solve_ok=1 reanch=0 m_p=-0.0161 slow=0/5
[INFO] [1789366369.363394187] [mhe_node]: [payload-state] LOADED->EMPTY (drop, m_p=+0.011kg)
[INFO] [1789366369.363627043] [mhe_node]: [c_xy_est] 载荷释放(slow: quantity empty + moment collapsed (ratio=0.058) x5帧) → 在线偏心估计归零(重新播种)
[INFO] [1789366369.371025972] [mhe_node]: [s-decay] n=1 |s_est|=0.00113 |s_target|=0.00000 |s_out|=0.00218 d_s_out=-0.00107 conf=0.497 present=0 armed=0 latched=1 health=1
[INFO] [1789366369.471914771] [mhe_node]: [s-decay] n=2 |s_est|=0.00118 |s_target|=0.00000 |s_out|=0.00146 d_s_out=-0.00072 conf=0.663 present=0 armed=0 latched=1 health=1
[INFO] [1789366369.569869801] [mhe_node]: [s-decay] n=3 |s_est|=0.00130 |s_target|=0.00000 |s_out|=0.00098 d_s_out=-0.00048 conf=0.774 present=0 armed=0 latched=1 health=1
[INFO] [1789366369.669559600] [mhe_node]: [s-decay] n=4 |s_est|=0.00138 |s_target|=0.00000 |s_out|=0.00066 d_s_out=-0.00032 conf=0.848 present=0 armed=0 latched=1 health=1
[INFO] [1789366369.767383454] [mhe_node]: [s-decay] n=5 |s_est|=0.00144 |s_target|=0.00000 |s_out|=0.00044 d_s_out=-0.00022 conf=0.898 present=0 armed=0 latched=1 health=1
[INFO] [1789366369.868700962] [mhe_node]: [s-decay] n=6 |s_est|=0.00149 |s_target|=0.00000 |s_out|=0.00029 d_s_out=-0.00015 conf=0.932 present=0 armed=0 latched=1 health=1
[INFO] [1789366369.967193229] [mhe_node]: [s-decay] n=7 |s_est|=0.00154 |s_target|=0.00000 |s_out|=0.00020 d_s_out=-0.00010 conf=0.954 present=0 armed=0 latched=1 health=1
[INFO] [1789366370.069600891] [mhe_node]: [s-decay] n=8 |s_est|=0.00159 |s_target|=0.00000 |s_out|=0.00013 d_s_out=-0.00007 conf=0.969 present=0 armed=0 latched=1 health=1
[INFO] [1789366370.172402429] [mhe_node]: [s-decay] n=9 |s_est|=0.00163 |s_target|=0.00000 |s_out|=0.00009 d_s_out=-0.00004 conf=0.979 present=0 armed=0 latched=1 health=1
[INFO] [1789366370.269973771] [mhe_node]: [s-decay] n=10 |s_est|=0.00167 |s_target|=0.00000 |s_out|=0.00006 d_s_out=-0.00003 conf=0.986 present=0 armed=0 latched=1 health=1
[INFO] [1789366370.368926345] [mhe_node]: [s-decay] n=11 |s_est|=0.00170 |s_target|=0.00000 |s_out|=0.00004 d_s_out=-0.00002 conf=0.991 present=0 armed=0 latched=1 health=1
[INFO] [1789366370.467569792] [mhe_node]: [s-decay] n=12 |s_est|=0.00173 |s_target|=0.00000 |s_out|=0.00003 d_s_out=-0.00001 conf=0.994 present=0 armed=0 latched=1 health=1
[INFO] [1789366370.571181107] [mhe_node]: [s-decay] n=13 |s_est|=0.00177 |s_target|=0.00000 |s_out|=0.00002 d_s_out=-0.00001 conf=0.996 present=0 armed=0 latched=1 health=1
[INFO] [1789366370.672441119] [mhe_node]: [s-decay] n=14 |s_est|=0.00181 |s_target|=0.00000 |s_out|=0.00001 d_s_out=-0.00001 conf=0.997 present=0 armed=0 latched=1 health=1
[INFO] [1789366370.768993156] [mhe_node]: MHE mass estimate: 2.053 kg (T_phys=20.16N) | solve=7.9ms (max21.6)
[INFO] [1789366370.769530404] [mhe_node]: [truth] m_hat=2.0526 m_true=2.0643 err=-0.57% | c_hat=[+0.0000,+0.0000] c_true=[+0.0000,+0.0000] | Jxx_hat=0.01420 Jxx_true=0.01420 Jyz_hat=+0.00000 Jyz_true=+0.00000 | s_hat=[-0.0018,+0.0005] s_true=[+0.0000,+0.0000] kg·m
[INFO] [1789366370.770041115] [mhe_node]: [tau_phys] roll=+0.006 pitch=+0.023 Nm
[INFO] [1789366370.770624759] [mhe_node]: [mass-diag] m_est=2.0526 T=20.162N tilt=2.96deg cos=0.99866 | T/g=2.0553 T*cos/g=2.0525 | m_est-T*cos/g=+0.0001kg (+0.00%) vz=+0.073
[INFO] [1789366370.771215480] [mhe_node]: [c_xy_est] cx=-0.0009 cy=+0.0002 m
[INFO] [1789366370.771572645] [mhe_node]: [s-decay] n=15 |s_est|=0.00183 |s_target|=0.00000 |s_out|=0.00001 d_s_out=-0.00000 conf=0.998 present=0 armed=0 latched=1 health=1
[INFO] [1789366370.868907418] [mhe_node]: [s-decay] n=16 |s_est|=0.00186 |s_target|=0.00000 |s_out|=0.00001 d_s_out=-0.00000 conf=0.999 present=0 armed=0 latched=1 health=1
[INFO] [1789366370.968947326] [mhe_node]: [s-decay] n=17 |s_est|=0.00187 |s_target|=0.00000 |s_out|=0.00000 d_s_out=-0.00000 conf=0.999 present=0 armed=0 latched=1 health=1
[INFO] [1789366371.072204345] [mhe_node]: [s-decay] n=18 |s_est|=0.00202 |s_target|=0.00000 |s_out|=0.00000 d_s_out=-0.00000 conf=0.999 present=0 armed=0 latched=1 health=1
[INFO] [1789366371.169978433] [mhe_node]: [s-decay] n=19 |s_est|=0.00217 |s_target|=0.00000 |s_out|=0.00000 d_s_out=-0.00000 conf=1.000 present=0 armed=0 latched=1 health=1
[INFO] [1789366371.269915138] [mhe_node]: [s-decay] n=20 |s_est|=0.00231 |s_target|=0.00000 |s_out|=0.00000 d_s_out=-0.00000 conf=1.000 present=0 armed=0 latched=1 health=1
[INFO] [1789366371.371339145] [mhe_node]: [s-decay] n=21 |s_est|=0.00245 |s_target|=0.00000 |s_out|=0.00000 d_s_out=-0.00000 conf=1.000 present=0 armed=0 latched=1 health=1
[INFO] [1789366371.470102374] [mhe_node]: [s-decay] n=22 |s_est|=0.00257 |s_target|=0.00000 |s_out|=0.00000 d_s_out=-0.00000 conf=1.000 present=0 armed=0 latched=1 health=1
[INFO] [1789366371.572330182] [mhe_node]: [s-decay] n=23 |s_est|=0.00266 |s_target|=0.00000 |s_out|=0.00000 d_s_out=-0.00000 conf=1.000 present=0 armed=0 latched=1 health=1
[INFO] [1789366371.669856359] [mhe_node]: [s-decay] n=24 |s_est|=0.00275 |s_target|=0.00000 |s_out|=0.00000 d_s_out=-0.00000 conf=1.000 present=0 armed=0 latched=1 health=1
[INFO] [1789366371.769046213] [mhe_node]: [s-decay] n=25 |s_est|=0.00283 |s_target|=0.00000 |s_out|=0.00000 d_s_out=-0.00000 conf=1.000 present=0 armed=0 latched=1 health=1
[INFO] [1789366371.868906873] [mhe_node]: [s-decay] n=26 |s_est|=0.00290 |s_target|=0.00000 |s_out|=0.00000 d_s_out=-0.00000 conf=1.000 present=0 armed=0 latched=1 health=1
[INFO] [1789366371.968964481] [mhe_node]: [s-decay] n=27 |s_est|=0.00296 |s_target|=0.00000 |s_out|=0.00000 d_s_out=-0.00000 conf=1.000 present=0 armed=0 latched=1 health=1
[INFO] [1789366372.068924320] [mhe_node]: [s-decay] n=28 |s_est|=0.00300 |s_target|=0.00000 |s_out|=0.00000 d_s_out=-0.00000 conf=1.000 present=0 armed=0 latched=1 health=1
[INFO] [1789366372.173292239] [mhe_node]: [s-decay] n=29 |s_est|=0.00303 |s_target|=0.00000 |s_out|=0.00000 d_s_out=-0.00000 conf=1.000 present=0 armed=0 latched=1 health=1
[INFO] [1789366372.269927165] [mhe_node]: [s-decay] n=30 |s_est|=0.00304 |s_target|=0.00000 |s_out|=0.00000 d_s_out=-0.00000 conf=1.000 present=0 armed=0 latched=1 health=1
[INFO] [1789366372.369910420] [mhe_node]: [s-decay] n=31 |s_est|=0.00304 |s_target|=0.00000 |s_out|=0.00000 d_s_out=-0.00000 conf=1.000 present=0 armed=0 latched=1 health=1
[INFO] [1789366372.471066174] [mhe_node]: [s-decay] n=32 |s_est|=0.00302 |s_target|=0.00000 |s_out|=0.00000 d_s_out=-0.00000 conf=1.000 present=0 armed=0 latched=1 health=1
[INFO] [1789366372.569947151] [mhe_node]: [s-decay] n=33 |s_est|=0.00301 |s_target|=0.00000 |s_out|=0.00000 d_s_out=-0.00000 conf=1.000 present=0 armed=0 latched=1 health=1
[INFO] [1789366372.673274331] [mhe_node]: [s-decay] n=34 |s_est|=0.00297 |s_target|=0.00000 |s_out|=0.00000 d_s_out=-0.00000 conf=1.000 present=0 armed=0 latched=1 health=1
[INFO] [1789366372.769247432] [mhe_node]: MHE mass estimate: 2.051 kg (T_phys=20.16N) | solve=6.1ms (max9.1)
[INFO] [1789366372.769771639] [mhe_node]: [truth] m_hat=2.0515 m_true=2.0643 err=-0.62% | c_hat=[+0.0000,+0.0000] c_true=[+0.0000,+0.0000] | Jxx_hat=0.01420 Jxx_true=0.01420 Jyz_hat=+0.00000 Jyz_true=+0.00000 | s_hat=[-0.0029,+0.0005] s_true=[+0.0000,+0.0000] kg·m
[INFO] [1789366372.770283838] [mhe_node]: [tau_phys] roll=+0.008 pitch=+0.028 Nm
[INFO] [1789366372.770873971] [mhe_node]: [mass-diag] m_est=2.0515 T=20.159N tilt=2.61deg cos=0.99896 | T/g=2.0550 T*cos/g=2.0528 | m_est-T*cos/g=-0.0014kg (-0.07%) vz=+0.108
[INFO] [1789366372.771452067] [mhe_node]: [c_xy_est] cx=-0.0014 cy=+0.0003 m
[INFO] [1789366372.771816920] [mhe_node]: [s-decay] n=35 |s_est|=0.00291 |s_target|=0.00000 |s_out|=0.00000 d_s_out=-0.00000 conf=1.000 present=0 armed=0 latched=1 health=1
[INFO] [1789366372.870103447] [mhe_node]: [s-decay] n=36 |s_est|=0.00283 |s_target|=0.00000 |s_out|=0.00000 d_s_out=-0.00000 conf=1.000 present=0 armed=0 latched=1 health=1
[INFO] [1789366372.967366094] [mhe_node]: [s-decay] n=37 |s_est|=0.00273 |s_target|=0.00000 |s_out|=0.00000 d_s_out=-0.00000 conf=1.000 present=0 armed=0 latched=1 health=1
[INFO] [1789366373.067375312] [mhe_node]: [s-decay] n=38 |s_est|=0.00276 |s_target|=0.00000 |s_out|=0.00000 d_s_out=-0.00000 conf=1.000 present=0 armed=0 latched=1 health=1
[INFO] [1789366373.168965293] [mhe_node]: [s-decay] n=39 |s_est|=0.00279 |s_target|=0.00000 |s_out|=0.00000 d_s_out=-0.00000 conf=1.000 present=0 armed=0 latched=1 health=1
[INFO] [1789366373.271132775] [mhe_node]: [s-decay] n=40 |s_est|=0.00283 |s_target|=0.00000 |s_out|=0.00000 d_s_out=-0.00000 conf=1.000 present=0 armed=0 latched=1 health=1
[INFO] [1789366373.369062142] [mhe_node]: [s-decay] n=41 |s_est|=0.00286 |s_target|=0.00000 |s_out|=0.00000 d_s_out=-0.00000 conf=1.000 present=0 armed=0 latched=1 health=1
[INFO] [1789366373.473344005] [mhe_node]: [s-decay] n=42 |s_est|=0.00289 |s_target|=0.00000 |s_out|=0.00000 d_s_out=-0.00000 conf=1.000 present=0 armed=0 latched=1 health=1
[INFO] [1789366373.572384782] [mhe_node]: [s-decay] n=43 |s_est|=0.00291 |s_target|=0.00000 |s_out|=0.00000 d_s_out=-0.00000 conf=1.000 present=0 armed=0 latched=1 health=1
[INFO] [1789366373.668929326] [mhe_node]: [s-decay] n=44 |s_est|=0.00295 |s_target|=0.00000 |s_out|=0.00000 d_s_out=-0.00000 conf=1.000 present=0 armed=0 latched=1 health=1
[INFO] [1789366373.768132391] [mhe_node]: [s-decay] n=45 |s_est|=0.00298 |s_target|=0.00000 |s_out|=0.00000 d_s_out=-0.00000 conf=1.000 present=0 armed=0 latched=1 health=1
[INFO] [1789366373.868020804] [mhe_node]: [s-decay] n=46 |s_est|=0.00302 |s_target|=0.00000 |s_out|=0.00000 d_s_out=-0.00000 conf=1.000 present=0 armed=0 latched=1 health=1
[INFO] [1789366373.967961242] [mhe_node]: [s-decay] n=47 |s_est|=0.00305 |s_target|=0.00000 |s_out|=0.00000 d_s_out=-0.00000 conf=1.000 present=0 armed=0 latched=1 health=1
[INFO] [1789366374.067917048] [mhe_node]: [s-decay] n=48 |s_est|=0.00308 |s_target|=0.00000 |s_out|=0.00000 d_s_out=-0.00000 conf=1.000 present=0 armed=0 latched=1 health=1
[INFO] [1789366374.169012488] [mhe_node]: [s-decay] n=49 |s_est|=0.00310 |s_target|=0.00000 |s_out|=0.00000 d_s_out=-0.00000 conf=1.000 present=0 armed=0 latched=1 health=1
[INFO] [1789366374.268123125] [mhe_node]: [s-decay] n=50 |s_est|=0.00314 |s_target|=0.00000 |s_out|=0.00000 d_s_out=-0.00000 conf=1.000 present=0 armed=0 latched=1 health=1
[INFO] [1789366374.368918223] [mhe_node]: [s-decay] n=51 |s_est|=0.00316 |s_target|=0.00000 |s_out|=0.00000 d_s_out=-0.00000 conf=1.000 present=0 armed=0 latched=1 health=1
[INFO] [1789366374.468895464] [mhe_node]: [s-decay] n=52 |s_est|=0.00319 |s_target|=0.00000 |s_out|=0.00000 d_s_out=-0.00000 conf=1.000 present=0 armed=0 latched=1 health=1
[INFO] [1789366374.567464831] [mhe_node]: [s-decay] n=53 |s_est|=0.00321 |s_target|=0.00000 |s_out|=0.00000 d_s_out=-0.00000 conf=1.000 present=0 armed=0 latched=1 health=1
[INFO] [1789366374.668861446] [mhe_node]: [s-decay] n=54 |s_est|=0.00323 |s_target|=0.00000 |s_out|=0.00000 d_s_out=-0.00000 conf=1.000 present=0 armed=0 latched=1 health=1
[INFO] [1789366374.771242203] [mhe_node]: MHE mass estimate: 2.049 kg (T_phys=20.04N) | solve=5.0ms (max9.2)
[INFO] [1789366374.771774628] [mhe_node]: [truth] m_hat=2.0488 m_true=2.0643 err=-0.75% | c_hat=[+0.0000,+0.0000] c_true=[+0.0000,+0.0000] | Jxx_hat=0.01420 Jxx_true=0.01420 Jyz_hat=+0.00000 Jyz_true=+0.00000 | s_hat=[-0.0032,+0.0007] s_true=[+0.0000,+0.0000] kg·m
[INFO] [1789366374.772287973] [mhe_node]: [tau_phys] roll=+0.005 pitch=+0.032 Nm
[INFO] [1789366374.772871924] [mhe_node]: [mass-diag] m_est=2.0488 T=20.045N tilt=1.41deg cos=0.99970 | T/g=2.0433 T*cos/g=2.0427 | m_est-T*cos/g=+0.0061kg (+0.30%) vz=+0.112
[INFO] [1789366374.773449907] [mhe_node]: [c_xy_est] cx=-0.0015 cy=+0.0003 m
[INFO] [1789366374.773813651] [mhe_node]: [s-decay] n=55 |s_est|=0.00325 |s_target|=0.00000 |s_out|=0.00000 d_s_out=-0.00000 conf=1.000 present=0 armed=0 latched=1 health=1
[INFO] [1789366374.868975646] [mhe_node]: [s-decay] n=56 |s_est|=0.00326 |s_target|=0.00000 |s_out|=0.00000 d_s_out=-0.00000 conf=1.000 present=0 armed=0 latched=1 health=1
[INFO] [1789366374.969082487] [mhe_node]: [s-decay] n=57 |s_est|=0.00326 |s_target|=0.00000 |s_out|=0.00000 d_s_out=-0.00000 conf=1.000 present=0 armed=0 latched=1 health=1
[INFO] [1789366375.071179046] [mhe_node]: [s-decay] n=58 |s_est|=0.00328 |s_target|=0.00000 |s_out|=0.00000 d_s_out=-0.00000 conf=1.000 present=0 armed=0 latched=1 health=1
[INFO] [1789366375.170282021] [mhe_node]: [s-decay] n=59 |s_est|=0.00329 |s_target|=0.00000 |s_out|=0.00000 d_s_out=-0.00000 conf=1.000 present=0 armed=0 latched=1 health=1
[INFO] [1789366375.270030004] [mhe_node]: [s-decay] n=60 |s_est|=0.00330 |s_target|=0.00000 |s_out|=0.00000 d_s_out=-0.00000 conf=1.000 present=0 armed=0 latched=1 health=1
[INFO] [1789366375.368949008] [mhe_node]: [s-decay] n=61 |s_est|=0.00329 |s_target|=0.00000 |s_out|=0.00000 d_s_out=-0.00000 conf=1.000 present=0 armed=0 latched=1 health=1
[INFO] [1789366375.468914892] [mhe_node]: [s-decay] n=62 |s_est|=0.00329 |s_target|=0.00000 |s_out|=0.00000 d_s_out=-0.00000 conf=1.000 present=0 armed=0 latched=1 health=1
[INFO] [1789366375.568017613] [mhe_node]: [s-decay] n=63 |s_est|=0.00328 |s_target|=0.00000 |s_out|=0.00000 d_s_out=-0.00000 conf=1.000 present=0 armed=0 latched=1 health=1
[INFO] [1789366375.668936660] [mhe_node]: [s-decay] n=64 |s_est|=0.00327 |s_target|=0.00000 |s_out|=0.00000 d_s_out=-0.00000 conf=1.000 present=0 armed=0 latched=1 health=1
[INFO] [1789366375.768972323] [mhe_node]: [s-decay] n=65 |s_est|=0.00325 |s_target|=0.00000 |s_out|=0.00000 d_s_out=-0.00000 conf=1.000 present=0 armed=0 latched=1 health=1
[INFO] [1789366375.869101942] [mhe_node]: [s-decay] n=66 |s_est|=0.00325 |s_target|=0.00000 |s_out|=0.00000 d_s_out=-0.00000 conf=1.000 present=0 armed=0 latched=1 health=1
[INFO] [1789366375.967526700] [mhe_node]: [s-decay] n=67 |s_est|=0.00323 |s_target|=0.00000 |s_out|=0.00000 d_s_out=-0.00000 conf=1.000 present=0 armed=0 latched=1 health=1
[INFO] [1789366376.067568954] [mhe_node]: [s-decay] n=68 |s_est|=0.00322 |s_target|=0.00000 |s_out|=0.00000 d_s_out=-0.00000 conf=1.000 present=0 armed=0 latched=1 health=1
[INFO] [1789366376.167432405] [mhe_node]: [s-decay] n=69 |s_est|=0.00321 |s_target|=0.00000 |s_out|=0.00000 d_s_out=-0.00000 conf=1.000 present=0 armed=0 latched=1 health=1
[INFO] [1789366376.268861325] [mhe_node]: [s-decay] n=70 |s_est|=0.00320 |s_target|=0.00000 |s_out|=0.00000 d_s_out=-0.00000 conf=1.000 present=0 armed=0 latched=1 health=1
[INFO] [1789366376.367970931] [mhe_node]: [s-decay] n=71 |s_est|=0.00319 |s_target|=0.00000 |s_out|=0.00000 d_s_out=-0.00000 conf=1.000 present=0 armed=0 latched=1 health=1
[INFO] [1789366376.468470488] [mhe_node]: [s-decay] n=72 |s_est|=0.00318 |s_target|=0.00000 |s_out|=0.00000 d_s_out=-0.00000 conf=1.000 present=0 armed=0 latched=1 health=1
[ros2run]: Killed
