[INFO] [1784798352.332393407] [acados_nmpc_node]: acados NMPC node starting, building/loading solver...
Code reuse possible, skipping code generation.
acados was compiled without OpenMP.
[INFO] [1784798352.344067831] [acados_nmpc_node]: GRIPPER MODE: hover over box (1.0,0.05) z 0.55->2.5m, lift after 1.5s, empty m_est=2.06kg
[INFO] [1784798352.344592099] [acados_nmpc_node]: Warming up acados solver...
[INFO] [1784798352.349433706] [acados_nmpc_node]: Solver warmup complete, took 4.4 ms
[INFO] [1784798352.366614921] [acados_nmpc_node]: Decoupled publish enabled: solve @10Hz, body_rate/thrust @50Hz (trajectory interpolation)
[INFO] [1784798352.367254141] [acados_nmpc_node]: acados NMPC node initialized! Waiting for EKF2 convergence...
[INFO] [1784798372.367866138] [acados_nmpc_node]: Waiting for EKF2 convergence... 10/10 s
[INFO] [1784798372.471651100] [acados_nmpc_node]: Switching to OFFBOARD mode
[INFO] [1784798373.172665286] [acados_nmpc_node]: Sending arm command
[INFO] [1784798374.168043028] [acados_nmpc_node]: Armed, preparing to move to trajectory start...
[INFO] [1784798379.067406738] [acados_nmpc_node]: Gripper approach (climb): rising at spawn to z=1.50m | z=0.98m v=0.25m/s
[INFO] [1784798381.067873109] [acados_nmpc_node]: Gripper approach: climbed to safe altitude at spawn, now translating over box
[INFO] [1784798383.367754538] [acados_nmpc_node]: Gripper approach: aligned above box, NMPC will take over here (z=1.50m), settle 3.0s then descend to z=0.55m to trigger attach
[INFO] [1784798383.467904293] [acados_nmpc_node]: Reached trajectory start, NMPC tracking begins!
[INFO] [1784798383.974510006] [acados_nmpc_node]: t=0.5s | pos_err=0.091m | T=20.63N | tau=[r-0.006 p0.011 y-0.005]Nm | res_stat=3.789e-07(peak 7.762e-07) sqp_iter=3 | solve=4.7ms
[INFO] [1784798386.471802156] [acados_nmpc_node]: t=3.0s | DESCEND: settle done, lowering 1.5->0.55m, will enable gripper at bottom
[INFO] [1784798388.976997746] [acados_nmpc_node]: t=5.5s | pos_err=0.050m | T=20.55N | tau=[r-0.002 p-0.002 y-0.000]Nm | res_stat=4.348e-08(peak 9.377e-07) sqp_iter=3 | solve=0.8ms
[INFO] [1784798389.873721914] [acados_nmpc_node]: t=6.4s | DESCEND done at z=0.566m (target 0.550m, z_err=0.016m, v=0.03m/s), gripper ENABLED (attach will trigger now)
[INFO] [1784798389.942407779] [acados_nmpc_node]: attach offset received: box-drone = [-0.020, -0.053, -0.532] m
[INFO] [1784798389.942746374] [acados_nmpc_node]: PX4 MC_ROLLRATE_K: 1.000 -> 4.655 (inertia ratio 4.66, cap 5.0)
[INFO] [1784798389.942967312] [acados_nmpc_node]: PX4 MC_PITCHRATE_K: 1.000 -> 4.655 (inertia ratio 4.66, cap 5.0)
[INFO] [1784798389.974329577] [acados_nmpc_node]: t=6.5s | MASS+INERTIA+COM STEP: m_est 2.06->2.26kg, dJ 0->0.0519 kg·m², c_xy=[-0.17,-0.47]cm (payload 0.20kg @ r_p=[-0.020,-0.053,-0.532]m, hover roll tau≈0.104Nm of tau_max 0.5, m from MHE (no truth inject))
[INFO] [1784798389.979794308] [acados_nmpc_node]: [attach-window] t=6.51s pos_err=0.015m T=20.04N z=0.561 m_est=2.064
[INFO] [1784798390.073155750] [acados_nmpc_node]: [attach-window] t=6.60s pos_err=0.014m T=19.98N z=0.558 m_est=2.051
[INFO] [1784798390.177989462] [acados_nmpc_node]: [attach-window] t=6.70s pos_err=0.013m T=20.01N z=0.556 m_est=2.051
[INFO] [1784798390.273800228] [acados_nmpc_node]: [attach-window] t=6.80s pos_err=0.012m T=20.05N z=0.554 m_est=2.050
[INFO] [1784798390.373923070] [acados_nmpc_node]: [attach-window] t=6.90s pos_err=0.013m T=20.09N z=0.552 m_est=2.049
[INFO] [1784798390.475029276] [acados_nmpc_node]: [attach-window] t=7.01s pos_err=0.016m T=20.13N z=0.550 m_est=2.049
[INFO] [1784798390.575842148] [acados_nmpc_node]: [attach-window] t=7.11s pos_err=0.020m T=20.15N z=0.549 m_est=2.049
[INFO] [1784798390.674606452] [acados_nmpc_node]: [attach-window] t=7.20s pos_err=0.022m T=20.17N z=0.548 m_est=2.049
[INFO] [1784798390.775860888] [acados_nmpc_node]: [attach-window] t=7.30s pos_err=0.024m T=20.18N z=0.548 m_est=2.050
[INFO] [1784798390.873611876] [acados_nmpc_node]: [attach-window] t=7.40s pos_err=0.024m T=20.19N z=0.549 m_est=2.051
[INFO] [1784798390.972820778] [acados_nmpc_node]: [attach-window] t=7.50s pos_err=0.024m T=20.18N z=0.550 m_est=2.051
[INFO] [1784798391.072627409] [acados_nmpc_node]: [attach-window] t=7.60s pos_err=0.023m T=20.17N z=0.551 m_est=2.050
[INFO] [1784798391.169134822] [acados_nmpc_node]: [attach-window] t=7.70s pos_err=0.022m T=20.01N z=0.552 m_est=2.050
[INFO] [1784798391.274518981] [acados_nmpc_node]: [attach-window] t=7.80s pos_err=0.021m T=19.90N z=0.553 m_est=2.050
[INFO] [1784798391.377392848] [acados_nmpc_node]: [attach-window] t=7.91s pos_err=0.020m T=19.83N z=0.555 m_est=2.049
[INFO] [1784798391.473966822] [acados_nmpc_node]: [attach-window] t=8.00s pos_err=0.020m T=19.77N z=0.557 m_est=2.048
[INFO] [1784798391.570964262] [acados_nmpc_node]: t=8.1s | LIFT: raising hover 0.55->2.5m to lift payload
[INFO] [1784798391.575038014] [acados_nmpc_node]: [attach-window] t=8.10s pos_err=0.021m T=19.73N z=0.559 m_est=2.047
[INFO] [1784798391.672920459] [acados_nmpc_node]: [attach-window] t=8.20s pos_err=0.019m T=19.76N z=0.561 m_est=2.046
[INFO] [1784798391.774947087] [acados_nmpc_node]: [attach-window] t=8.30s pos_err=0.019m T=19.91N z=0.563 m_est=2.045
[INFO] [1784798391.877985577] [acados_nmpc_node]: [attach-window] t=8.41s pos_err=0.030m T=20.24N z=0.563 m_est=2.044
[INFO] [1784798391.976957753] [acados_nmpc_node]: [attach-window] t=8.51s pos_err=0.057m T=20.75N z=0.564 m_est=2.042
[INFO] [1784798392.075977284] [acados_nmpc_node]: [attach-window] t=8.60s pos_err=0.099m T=21.46N z=0.564 m_est=2.041
[INFO] [1784798392.178061534] [acados_nmpc_node]: [attach-window] t=8.71s pos_err=0.155m T=22.39N z=0.564 m_est=2.039
[INFO] [1784798392.274189602] [acados_nmpc_node]: [attach-window] t=8.81s pos_err=0.223m T=23.47N z=0.564 m_est=2.038
[INFO] [1784798392.373709769] [acados_nmpc_node]: [attach-window] t=8.90s pos_err=0.301m T=24.56N z=0.566 m_est=2.037
[INFO] [1784798392.475927474] [acados_nmpc_node]: [attach-window] t=9.01s pos_err=0.392m T=25.88N z=0.568 m_est=2.039
[INFO] [1784798392.576833744] [acados_nmpc_node]: [attach-window] t=9.10s pos_err=0.476m T=26.41N z=0.582 m_est=2.066
[INFO] [1784798392.676702593] [acados_nmpc_node]: [attach-window] t=9.21s pos_err=0.562m T=27.50N z=0.608 m_est=2.162
[INFO] [1784798392.774521722] [acados_nmpc_node]: [attach-window] t=9.31s pos_err=0.650m T=28.35N z=0.633 m_est=2.200
[INFO] [1784798392.870857127] [acados_nmpc_node]: [attach-window] t=9.40s pos_err=0.690m T=26.31N z=0.707 m_est=2.193
[INFO] [1784798392.969988898] [acados_nmpc_node]: [attach-window] t=9.50s pos_err=0.753m T=26.00N z=0.764 m_est=2.187
[INFO] [1784798393.076995435] [acados_nmpc_node]: [attach-window] t=9.60s pos_err=0.757m T=24.33N z=0.887 m_est=2.187
[INFO] [1784798393.171372638] [acados_nmpc_node]: [attach-window] t=9.70s pos_err=0.804m T=24.40N z=0.957 m_est=2.172
[INFO] [1784798393.275576306] [acados_nmpc_node]: [attach-window] t=9.80s pos_err=0.803m T=23.63N z=1.076 m_est=2.162
[INFO] [1784798393.373705045] [acados_nmpc_node]: [attach-window] t=9.90s pos_err=0.789m T=22.88N z=1.199 m_est=2.153
[INFO] [1784798393.477975833] [acados_nmpc_node]: [attach-window] t=10.01s pos_err=0.775m T=22.44N z=1.315 m_est=2.145
[INFO] [1784798393.584979998] [acados_nmpc_node]: [attach-window] t=10.11s pos_err=0.746m T=22.03N z=1.438 m_est=2.140
[INFO] [1784798393.672651479] [acados_nmpc_node]: [attach-window] t=10.20s pos_err=0.710m T=21.74N z=1.548 m_est=2.137
[INFO] [1784798393.775848006] [acados_nmpc_node]: [attach-window] t=10.30s pos_err=0.668m T=21.50N z=1.661 m_est=2.135
[INFO] [1784798393.873152285] [acados_nmpc_node]: [attach-window] t=10.40s pos_err=0.625m T=21.36N z=1.760 m_est=2.136
[INFO] [1784798393.974123767] [acados_nmpc_node]: [attach-window] t=10.50s pos_err=0.571m T=21.10N z=1.859 m_est=2.137
[INFO] [1784798393.978813780] [acados_nmpc_node]: t=10.5s | pos_err=0.571m | T=21.10N | tau=[r-0.097 p0.039 y-0.003]Nm | res_stat=5.172e-07(peak 9.377e-07) sqp_iter=4 | solve=1.0ms
[INFO] [1784798394.075649368] [acados_nmpc_node]: [attach-window] t=10.61s pos_err=0.512m T=20.85N z=1.951 m_est=2.138
[INFO] [1784798394.174826230] [acados_nmpc_node]: [attach-window] t=10.71s pos_err=0.456m T=20.68N z=2.027 m_est=2.141
[INFO] [1784798394.274886713] [acados_nmpc_node]: [attach-window] t=10.81s pos_err=0.400m T=20.56N z=2.095 m_est=2.143
[INFO] [1784798394.376641366] [acados_nmpc_node]: [attach-window] t=10.91s pos_err=0.346m T=20.49N z=2.154 m_est=2.146
[INFO] [1784798394.474949846] [acados_nmpc_node]: [attach-window] t=11.00s pos_err=0.293m T=20.57N z=2.207 m_est=2.149
[INFO] [1784798394.576980353] [acados_nmpc_node]: [attach-window] t=11.11s pos_err=0.253m T=20.80N z=2.247 m_est=2.154
[INFO] [1784798394.674153758] [acados_nmpc_node]: [attach-window] t=11.20s pos_err=0.219m T=21.11N z=2.282 m_est=2.160
[INFO] [1784798394.773092225] [acados_nmpc_node]: [attach-window] t=11.30s pos_err=0.195m T=21.42N z=2.306 m_est=2.167
[INFO] [1784798394.875742049] [acados_nmpc_node]: [attach-window] t=11.41s pos_err=0.173m T=21.71N z=2.327 m_est=2.176
[INFO] [1784798394.972689190] [acados_nmpc_node]: [attach-window] t=11.50s pos_err=0.154m T=21.93N z=2.347 m_est=2.186
[INFO] [1784798395.074557605] [acados_nmpc_node]: [attach-window] t=11.60s pos_err=0.141m T=22.07N z=2.360 m_est=2.196
[INFO] [1784798395.173907961] [acados_nmpc_node]: [attach-window] t=11.70s pos_err=0.128m T=22.15N z=2.373 m_est=2.206
[INFO] [1784798395.273051429] [acados_nmpc_node]: [attach-window] t=11.80s pos_err=0.116m T=22.16N z=2.384 m_est=2.214
[INFO] [1784798395.376667764] [acados_nmpc_node]: [attach-window] t=11.90s pos_err=0.103m T=22.13N z=2.397 m_est=2.221
[INFO] [1784798395.473548523] [acados_nmpc_node]: [attach-window] t=12.00s pos_err=0.093m T=22.11N z=2.407 m_est=2.227
[INFO] [1784798395.569287546] [acados_nmpc_node]: [attach-window] t=12.10s pos_err=0.082m T=22.07N z=2.418 m_est=2.232
[INFO] [1784798395.673803162] [acados_nmpc_node]: [attach-window] t=12.20s pos_err=0.073m T=22.04N z=2.428 m_est=2.235
[INFO] [1784798395.773422765] [acados_nmpc_node]: [attach-window] t=12.30s pos_err=0.064m T=22.02N z=2.437 m_est=2.239
[INFO] [1784798395.873220052] [acados_nmpc_node]: [attach-window] t=12.40s pos_err=0.056m T=22.00N z=2.446 m_est=2.242
[INFO] [1784798395.972053866] [acados_nmpc_node]: [attach-window] t=12.50s pos_err=0.048m T=21.98N z=2.454 m_est=2.244
[INFO] [1784798396.071195507] [acados_nmpc_node]: [attach-window] t=12.60s pos_err=0.040m T=21.97N z=2.462 m_est=2.245
[INFO] [1784798396.173900502] [acados_nmpc_node]: [attach-window] t=12.71s pos_err=0.034m T=22.00N z=2.468 m_est=2.246
[INFO] [1784798396.274927689] [acados_nmpc_node]: [attach-window] t=12.80s pos_err=0.029m T=22.04N z=2.472 m_est=2.248
[INFO] [1784798396.373645141] [acados_nmpc_node]: [attach-window] t=12.90s pos_err=0.025m T=22.07N z=2.476 m_est=2.249
[INFO] [1784798396.477365987] [acados_nmpc_node]: [attach-window] t=13.01s pos_err=0.021m T=22.08N z=2.480 m_est=2.250
[INFO] [1784798396.573284592] [acados_nmpc_node]: [attach-window] t=13.10s pos_err=0.018m T=22.09N z=2.483 m_est=2.250
[INFO] [1784798396.672205029] [acados_nmpc_node]: [attach-window] t=13.20s pos_err=0.016m T=22.11N z=2.485 m_est=2.251
[INFO] [1784798396.772309006] [acados_nmpc_node]: [attach-window] t=13.30s pos_err=0.014m T=22.12N z=2.488 m_est=2.251
[INFO] [1784798396.869551401] [acados_nmpc_node]: [attach-window] t=13.40s pos_err=0.013m T=22.12N z=2.490 m_est=2.252
[INFO] [1784798396.973480590] [acados_nmpc_node]: [attach-window] t=13.50s pos_err=0.014m T=22.11N z=2.492 m_est=2.252
[INFO] [1784798397.073905896] [acados_nmpc_node]: [attach-window] t=13.60s pos_err=0.015m T=22.12N z=2.494 m_est=2.253
[INFO] [1784798397.170366400] [acados_nmpc_node]: [attach-window] t=13.70s pos_err=0.016m T=22.14N z=2.496 m_est=2.255
[INFO] [1784798397.272096590] [acados_nmpc_node]: [attach-window] t=13.80s pos_err=0.015m T=22.13N z=2.498 m_est=2.256
[INFO] [1784798397.374654660] [acados_nmpc_node]: [attach-window] t=13.91s pos_err=0.014m T=22.11N z=2.501 m_est=2.256
[INFO] [1784798397.473327404] [acados_nmpc_node]: [attach-window] t=14.00s pos_err=0.014m T=22.09N z=2.503 m_est=2.257
[INFO] [1784798397.575247388] [acados_nmpc_node]: [attach-window] t=14.11s pos_err=0.014m T=22.10N z=2.504 m_est=2.258
[INFO] [1784798397.673646244] [acados_nmpc_node]: [attach-window] t=14.20s pos_err=0.015m T=22.12N z=2.505 m_est=2.258
[INFO] [1784798397.774086876] [acados_nmpc_node]: [attach-window] t=14.31s pos_err=0.016m T=22.15N z=2.505 m_est=2.258
[INFO] [1784798397.875827672] [acados_nmpc_node]: [attach-window] t=14.40s pos_err=0.017m T=22.18N z=2.505 m_est=2.258
[INFO] [1784798397.972506537] [acados_nmpc_node]: [attach-window] t=14.50s pos_err=0.018m T=22.18N z=2.505 m_est=2.259
[INFO] [1784798398.073163648] [acados_nmpc_node]: [attach-window] t=14.60s pos_err=0.017m T=22.18N z=2.505 m_est=2.259
[INFO] [1784798398.176850291] [acados_nmpc_node]: [attach-window] t=14.71s pos_err=0.017m T=22.16N z=2.506 m_est=2.259
[INFO] [1784798398.275241650] [acados_nmpc_node]: [attach-window] t=14.81s pos_err=0.016m T=22.14N z=2.507 m_est=2.259
[INFO] [1784798398.377225619] [acados_nmpc_node]: [attach-window] t=14.91s pos_err=0.015m T=22.12N z=2.509 m_est=2.260
[INFO] [1784798398.472288962] [acados_nmpc_node]: [attach-window] t=15.00s pos_err=0.014m T=22.11N z=2.510 m_est=2.260
[INFO] [1784798398.579169713] [acados_nmpc_node]: [attach-window] t=15.11s pos_err=0.014m T=22.11N z=2.511 m_est=2.260
[INFO] [1784798398.674088410] [acados_nmpc_node]: [attach-window] t=15.21s pos_err=0.014m T=22.11N z=2.512 m_est=2.260
[INFO] [1784798398.779986098] [acados_nmpc_node]: [attach-window] t=15.31s pos_err=0.015m T=22.10N z=2.514 m_est=2.260
[INFO] [1784798398.879991933] [acados_nmpc_node]: [attach-window] t=15.41s pos_err=0.019m T=22.05N z=2.516 m_est=2.260
[INFO] [1784798398.977989195] [acados_nmpc_node]: [attach-window] t=15.51s pos_err=0.024m T=21.89N z=2.519 m_est=2.260
[INFO] [1784798398.978586160] [acados_nmpc_node]: t=15.5s | pos_err=0.024m | T=21.89N | tau=[r-0.100 p0.035 y0.000]Nm | res_stat=1.195e-07(peak 9.909e-07) sqp_iter=3 | solve=0.9ms
[INFO] [1784798399.076571676] [acados_nmpc_node]: [attach-window] t=15.61s pos_err=0.030m T=21.79N z=2.523 m_est=2.260
[INFO] [1784798399.171841332] [acados_nmpc_node]: [attach-window] t=15.70s pos_err=0.034m T=21.77N z=2.527 m_est=2.260
[INFO] [1784798399.273338714] [acados_nmpc_node]: [attach-window] t=15.80s pos_err=0.037m T=21.83N z=2.529 m_est=2.259
[INFO] [1784798399.374879588] [acados_nmpc_node]: [attach-window] t=15.90s pos_err=0.038m T=21.94N z=2.529 m_est=2.258
[INFO] [1784798399.469398303] [acados_nmpc_node]: [attach-window] t=16.00s pos_err=0.037m T=22.06N z=2.527 m_est=2.257
[INFO] [1784798399.572302122] [acados_nmpc_node]: [attach-window] t=16.10s pos_err=0.036m T=22.18N z=2.524 m_est=2.256
[INFO] [1784798399.676839023] [acados_nmpc_node]: [attach-window] t=16.21s pos_err=0.032m T=22.30N z=2.518 m_est=2.256
[INFO] [1784798399.776056300] [acados_nmpc_node]: [attach-window] t=16.31s pos_err=0.030m T=22.35N z=2.514 m_est=2.256
[INFO] [1784798399.869582268] [acados_nmpc_node]: [attach-window] t=16.40s pos_err=0.027m T=22.36N z=2.510 m_est=2.256
[INFO] [1784798399.974982594] [acados_nmpc_node]: [attach-window] t=16.50s pos_err=0.025m T=22.36N z=2.507 m_est=2.256
[INFO] [1784798400.073457816] [acados_nmpc_node]: [attach-window] t=16.60s pos_err=0.023m T=22.35N z=2.504 m_est=2.257
[INFO] [1784798400.173740310] [acados_nmpc_node]: [attach-window] t=16.71s pos_err=0.022m T=22.33N z=2.501 m_est=2.258
[INFO] [1784798400.278508441] [acados_nmpc_node]: [attach-window] t=16.80s pos_err=0.022m T=22.32N z=2.499 m_est=2.259
[INFO] [1784798400.372324988] [acados_nmpc_node]: [attach-window] t=16.90s pos_err=0.022m T=22.29N z=2.498 m_est=2.259
[INFO] [1784798400.478096833] [acados_nmpc_node]: [attach-window] t=17.01s pos_err=0.022m T=22.26N z=2.497 m_est=2.260
[INFO] [1784798400.576991495] [acados_nmpc_node]: [attach-window] t=17.10s pos_err=0.021m T=22.24N z=2.496 m_est=2.261
[INFO] [1784798400.678014121] [acados_nmpc_node]: [attach-window] t=17.21s pos_err=0.020m T=22.22N z=2.497 m_est=2.262
[INFO] [1784798400.776801452] [acados_nmpc_node]: [attach-window] t=17.31s pos_err=0.018m T=22.19N z=2.497 m_est=2.262
[INFO] [1784798400.878516158] [acados_nmpc_node]: [attach-window] t=17.41s pos_err=0.016m T=22.18N z=2.498 m_est=2.263
[INFO] [1784798400.979302278] [acados_nmpc_node]: [attach-window] t=17.51s pos_err=0.014m T=22.16N z=2.498 m_est=2.263
[INFO] [1784798401.075568539] [acados_nmpc_node]: [attach-window] t=17.60s pos_err=0.013m T=22.16N z=2.499 m_est=2.263
[INFO] [1784798401.170973819] [acados_nmpc_node]: [attach-window] t=17.70s pos_err=0.010m T=22.17N z=2.498 m_est=2.263
[INFO] [1784798401.277255218] [acados_nmpc_node]: [attach-window] t=17.81s pos_err=0.008m T=22.18N z=2.498 m_est=2.262
[INFO] [1784798401.375111833] [acados_nmpc_node]: [attach-window] t=17.91s pos_err=0.006m T=22.17N z=2.498 m_est=2.262
[INFO] [1784798401.477954621] [acados_nmpc_node]: [attach-window] t=18.01s pos_err=0.004m T=22.17N z=2.499 m_est=2.261
[INFO] [1784798401.571722028] [acados_nmpc_node]: [attach-window] t=18.10s pos_err=0.002m T=22.18N z=2.498 m_est=2.261
[INFO] [1784798401.676629936] [acados_nmpc_node]: [attach-window] t=18.21s pos_err=0.003m T=22.18N z=2.498 m_est=2.261
[INFO] [1784798401.775878715] [acados_nmpc_node]: [attach-window] t=18.31s pos_err=0.004m T=22.20N z=2.498 m_est=2.261
[INFO] [1784798401.871702725] [acados_nmpc_node]: [attach-window] t=18.40s pos_err=0.006m T=22.20N z=2.498 m_est=2.261
[INFO] [1784798401.972838606] [acados_nmpc_node]: [attach-window] t=18.50s pos_err=0.008m T=22.21N z=2.497 m_est=2.261
[INFO] [1784798402.072859107] [acados_nmpc_node]: [attach-window] t=18.60s pos_err=0.011m T=22.20N z=2.497 m_est=2.261
[INFO] [1784798402.178458835] [acados_nmpc_node]: [attach-window] t=18.71s pos_err=0.012m T=22.19N z=2.497 m_est=2.261
[INFO] [1784798402.274132729] [acados_nmpc_node]: [attach-window] t=18.81s pos_err=0.011m T=22.20N z=2.497 m_est=2.261
[INFO] [1784798402.378520767] [acados_nmpc_node]: [attach-window] t=18.91s pos_err=0.010m T=22.20N z=2.497 m_est=2.262
[INFO] [1784798402.471915425] [acados_nmpc_node]: [attach-window] t=19.00s pos_err=0.008m T=22.19N z=2.497 m_est=2.262
[INFO] [1784798402.571342595] [acados_nmpc_node]: [attach-window] t=19.10s pos_err=0.007m T=22.17N z=2.498 m_est=2.262
[INFO] [1784798402.676357018] [acados_nmpc_node]: [attach-window] t=19.21s pos_err=0.007m T=22.15N z=2.499 m_est=2.262
[INFO] [1784798402.771591500] [acados_nmpc_node]: [attach-window] t=19.30s pos_err=0.007m T=22.13N z=2.501 m_est=2.262
[INFO] [1784798402.876911031] [acados_nmpc_node]: [attach-window] t=19.41s pos_err=0.006m T=22.11N z=2.502 m_est=2.262
[INFO] [1784798402.973089606] [acados_nmpc_node]: [attach-window] t=19.50s pos_err=0.006m T=22.11N z=2.504 m_est=2.261
[INFO] [1784798403.074051042] [acados_nmpc_node]: [attach-window] t=19.61s pos_err=0.006m T=22.13N z=2.504 m_est=2.261
[INFO] [1784798403.172918172] [acados_nmpc_node]: [attach-window] t=19.70s pos_err=0.006m T=22.17N z=2.504 m_est=2.261
[INFO] [1784798403.275800028] [acados_nmpc_node]: [attach-window] t=19.81s pos_err=0.005m T=22.21N z=2.502 m_est=2.261
[INFO] [1784798403.373858580] [acados_nmpc_node]: [attach-window] t=19.91s pos_err=0.005m T=22.24N z=2.500 m_est=2.261
[INFO] [1784798403.474289508] [acados_nmpc_node]: [attach-window] t=20.01s pos_err=0.006m T=22.27N z=2.499 m_est=2.261
[INFO] [1784798403.571691782] [acados_nmpc_node]: [attach-window] t=20.10s pos_err=0.006m T=22.26N z=2.498 m_est=2.261
[INFO] [1784798403.673203573] [acados_nmpc_node]: [attach-window] t=20.20s pos_err=0.005m T=22.24N z=2.498 m_est=2.261
[INFO] [1784798403.780487536] [acados_nmpc_node]: [attach-window] t=20.31s pos_err=0.004m T=22.21N z=2.499 m_est=2.262
[INFO] [1784798403.879997349] [acados_nmpc_node]: [attach-window] t=20.41s pos_err=0.003m T=22.17N z=2.500 m_est=2.262
[INFO] [1784798403.976769416] [acados_nmpc_node]: [attach-window] t=20.51s pos_err=0.004m T=22.14N z=2.502 m_est=2.262
[INFO] [1784798403.978916947] [acados_nmpc_node]: t=20.5s | pos_err=0.004m | T=22.14N | tau=[r-0.102 p0.038 y0.000]Nm | res_stat=9.604e-08(peak 9.909e-07) sqp_iter=3 | solve=2.2ms
[INFO] [1784798404.071329195] [acados_nmpc_node]: [attach-window] t=20.60s pos_err=0.007m T=22.10N z=2.504 m_est=2.262
[INFO] [1784798404.175760017] [acados_nmpc_node]: [attach-window] t=20.71s pos_err=0.009m T=22.08N z=2.506 m_est=2.262
[INFO] [1784798404.269982551] [acados_nmpc_node]: [attach-window] t=20.80s pos_err=0.012m T=22.08N z=2.508 m_est=2.262
[INFO] [1784798404.374400926] [acados_nmpc_node]: [attach-window] t=20.91s pos_err=0.014m T=22.08N z=2.510 m_est=2.262
[INFO] [1784798404.473862716] [acados_nmpc_node]: [attach-window] t=21.00s pos_err=0.016m T=22.08N z=2.511 m_est=2.262
[INFO] [1784798404.577116137] [acados_nmpc_node]: [attach-window] t=21.11s pos_err=0.018m T=22.09N z=2.512 m_est=2.262
[INFO] [1784798404.678433122] [acados_nmpc_node]: [attach-window] t=21.21s pos_err=0.019m T=22.09N z=2.513 m_est=2.261
[INFO] [1784798404.772250490] [acados_nmpc_node]: [attach-window] t=21.30s pos_err=0.020m T=22.10N z=2.514 m_est=2.261
[INFO] [1784798404.879939926] [acados_nmpc_node]: [attach-window] t=21.41s pos_err=0.022m T=22.11N z=2.514 m_est=2.261
[INFO] [1784798404.977981530] [acados_nmpc_node]: [attach-window] t=21.51s pos_err=0.022m T=22.13N z=2.514 m_est=2.261
[INFO] [1784798405.079192673] [acados_nmpc_node]: [attach-window] t=21.61s pos_err=0.022m T=22.15N z=2.513 m_est=2.260
[INFO] [1784798405.175327280] [acados_nmpc_node]: [attach-window] t=21.71s pos_err=0.021m T=22.18N z=2.512 m_est=2.260
[INFO] [1784798405.278806418] [acados_nmpc_node]: [attach-window] t=21.81s pos_err=0.019m T=22.21N z=2.510 m_est=2.260
[INFO] [1784798405.377828890] [acados_nmpc_node]: [attach-window] t=21.91s pos_err=0.017m T=22.24N z=2.509 m_est=2.261
[INFO] [1784798405.478349630] [acados_nmpc_node]: [attach-window] t=22.01s pos_err=0.016m T=22.25N z=2.507 m_est=2.261
[INFO] [1784798405.571837943] [acados_nmpc_node]: [attach-window] t=22.10s pos_err=0.016m T=22.25N z=2.506 m_est=2.262
[INFO] [1784798405.677038537] [acados_nmpc_node]: [attach-window] t=22.20s pos_err=0.016m T=22.25N z=2.505 m_est=2.262
[ros2run]: Killed
