[INFO] [1785422597.556097790] [acados_nmpc_node]: acados NMPC node starting, building/loading solver...
Code reuse possible, skipping code generation.
acados was compiled without OpenMP.
[INFO] [1785422597.566652361] [acados_nmpc_node]: GRIPPER MODE: hover over box (1.0,0.1) z 0.55->2.5m, lift after 1.5s, empty m_est=2.06kg
[INFO] [1785422597.567085884] [acados_nmpc_node]: Warming up acados solver...
[INFO] [1785422597.573120089] [acados_nmpc_node]: Solver warmup complete, took 5.6 ms
[INFO] [1785422597.580221217] [acados_nmpc_node]: Decoupled publish enabled: solve @20Hz, body_rate/thrust @50Hz (trajectory interpolation)
[INFO] [1785422597.580725288] [acados_nmpc_node]: acados NMPC node initialized! Waiting for EKF2 convergence...
[INFO] [1785422607.581646090] [acados_nmpc_node]: Waiting for EKF2 convergence... 5/10 s
[INFO] [1785422612.581143459] [acados_nmpc_node]: Waiting for EKF2 convergence... 10/10 s
[INFO] [1785422612.630167232] [acados_nmpc_node]: Switching to OFFBOARD mode
[INFO] [1785422613.481995149] [acados_nmpc_node]: Sending arm command
[INFO] [1785422614.481066063] [acados_nmpc_node]: Armed, preparing to move to trajectory start...
[INFO] [1785422616.930200880] [acados_nmpc_node]: Gripper approach (climb): rising at spawn to z=1.50m | z=0.08m v=0.41m/s
[INFO] [1785422619.430037078] [acados_nmpc_node]: Gripper approach (climb): rising at spawn to z=1.50m | z=1.02m v=0.23m/s
[INFO] [1785422621.330173816] [acados_nmpc_node]: Gripper approach: climbed to safe altitude at spawn, now translating over box
[INFO] [1785422621.930156407] [acados_nmpc_node]: Gripper approach (high): aligning over box at z=1.50m | xy=0.904m z_err=0.132m v=0.46m/s
[INFO] [1785422623.581653930] [acados_nmpc_node]: Gripper approach: aligned above box, NMPC will take over here (z=1.50m), settle 3.0s then descend to z=0.55m to trigger attach
[INFO] [1785422623.630235658] [acados_nmpc_node]: Reached trajectory start, NMPC tracking begins!
[INFO] [1785422624.384516420] [acados_nmpc_node]: t=0.8s | pos_err=0.047m | T=20.07N | tau=[r-0.003 p0.008 y-0.012]Nm | res_stat=7.884e-08(peak 6.392e-07) sqp_iter=3 | solve=1.5ms
[INFO] [1785422626.630148130] [acados_nmpc_node]: t=3.0s | DESCEND: settle done, lowering 1.5->0.55m, will enable gripper at bottom
[INFO] [1785422629.384670922] [acados_nmpc_node]: t=5.8s | pos_err=0.051m | T=20.33N | tau=[r0.002 p0.001 y-0.000]Nm | res_stat=2.752e-07(peak 9.507e-07) sqp_iter=2 | solve=1.2ms
[INFO] [1785422629.883181776] [acados_nmpc_node]: t=6.3s | DESCEND done at z=0.569m (target 0.550m, z_err=0.019m, v=0.05m/s), gripper ENABLED (attach will trigger now)
[INFO] [1785422629.946073790] [acados_nmpc_node]: attach offset received: box-drone = [-0.060, -0.140, -0.464] m
[INFO] [1785422629.983010472] [acados_nmpc_node]: PX4 MC_ROLLRATE_K: 1.000 -> 3.836 (inertia ratio 3.84, cap 5.0)
[INFO] [1785422629.983227574] [acados_nmpc_node]: PX4 MC_PITCHRATE_K: 1.000 -> 3.836 (inertia ratio 3.84, cap 5.0)
[INFO] [1785422629.983425907] [acados_nmpc_node]: t=6.4s | ATTACH (geom_source=online): dJ/gain init from prior m_p=0.20kg arm=0.47m (dJ=0.0403); c_xy+dJ refine online, attach truth eval-only
[INFO] [1785422629.985461863] [acados_nmpc_node]: [attach-window] t=6.35s pos_err=0.020m T=19.93N z=0.565 m_est=2.060
[INFO] [1785422630.032074697] [acados_nmpc_node]: [attach-window] t=6.40s pos_err=0.021m T=18.95N z=0.566 m_est=1.961
[INFO] [1785422630.083384696] [acados_nmpc_node]: [attach-window] t=6.45s pos_err=0.021m T=18.94N z=0.566 m_est=1.961
[INFO] [1785422630.131350303] [acados_nmpc_node]: [attach-window] t=6.50s pos_err=0.022m T=18.90N z=0.567 m_est=1.961
[INFO] [1785422630.183342943] [acados_nmpc_node]: [attach-window] t=6.55s pos_err=0.023m T=18.89N z=0.567 m_est=1.961
[INFO] [1785422630.231497841] [acados_nmpc_node]: [attach-window] t=6.60s pos_err=0.023m T=18.87N z=0.568 m_est=1.961
[INFO] [1785422630.283350211] [acados_nmpc_node]: [attach-window] t=6.65s pos_err=0.023m T=18.86N z=0.568 m_est=1.961
[INFO] [1785422630.331322789] [acados_nmpc_node]: [attach-window] t=6.70s pos_err=0.024m T=18.84N z=0.569 m_est=1.961
[INFO] [1785422630.383317866] [acados_nmpc_node]: [attach-window] t=6.75s pos_err=0.024m T=18.84N z=0.569 m_est=1.961
[INFO] [1785422630.431464219] [acados_nmpc_node]: [attach-window] t=6.80s pos_err=0.024m T=18.85N z=0.570 m_est=1.961
[INFO] [1785422630.484744572] [acados_nmpc_node]: [attach-window] t=6.85s pos_err=0.024m T=18.84N z=0.570 m_est=1.961
[INFO] [1785422630.531989476] [acados_nmpc_node]: [attach-window] t=6.90s pos_err=0.025m T=18.84N z=0.570 m_est=1.961
[INFO] [1785422630.584765219] [acados_nmpc_node]: [attach-window] t=6.95s pos_err=0.025m T=18.84N z=0.570 m_est=1.961
[INFO] [1785422630.632016052] [acados_nmpc_node]: [attach-window] t=7.00s pos_err=0.025m T=18.84N z=0.569 m_est=1.961
[INFO] [1785422630.684807968] [acados_nmpc_node]: [attach-window] t=7.05s pos_err=0.026m T=18.84N z=0.570 m_est=1.961
[INFO] [1785422630.731936821] [acados_nmpc_node]: [attach-window] t=7.10s pos_err=0.026m T=18.84N z=0.570 m_est=1.961
[INFO] [1785422630.784841752] [acados_nmpc_node]: [attach-window] t=7.15s pos_err=0.027m T=18.84N z=0.570 m_est=1.961
[INFO] [1785422630.832013343] [acados_nmpc_node]: [attach-window] t=7.20s pos_err=0.027m T=18.83N z=0.570 m_est=1.961
[INFO] [1785422630.884968903] [acados_nmpc_node]: [attach-window] t=7.25s pos_err=0.028m T=18.83N z=0.570 m_est=1.961
[INFO] [1785422630.931829130] [acados_nmpc_node]: [attach-window] t=7.30s pos_err=0.028m T=18.83N z=0.570 m_est=1.961
[INFO] [1785422630.985049465] [acados_nmpc_node]: [attach-window] t=7.35s pos_err=0.029m T=18.83N z=0.570 m_est=1.961
[INFO] [1785422631.031775967] [acados_nmpc_node]: [attach-window] t=7.40s pos_err=0.029m T=18.83N z=0.570 m_est=1.961
[INFO] [1785422631.083527049] [acados_nmpc_node]: [attach-window] t=7.45s pos_err=0.030m T=18.83N z=0.570 m_est=1.961
[INFO] [1785422631.131384774] [acados_nmpc_node]: [attach-window] t=7.50s pos_err=0.031m T=18.83N z=0.570 m_est=1.961
[INFO] [1785422631.183249500] [acados_nmpc_node]: [attach-window] t=7.55s pos_err=0.031m T=18.83N z=0.570 m_est=1.961
[INFO] [1785422631.231388876] [acados_nmpc_node]: [attach-window] t=7.60s pos_err=0.033m T=18.82N z=0.570 m_est=1.961
[INFO] [1785422631.283479246] [acados_nmpc_node]: [attach-window] t=7.65s pos_err=0.033m T=18.81N z=0.570 m_est=1.961
[INFO] [1785422631.331484614] [acados_nmpc_node]: [attach-window] t=7.70s pos_err=0.035m T=18.80N z=0.571 m_est=1.961
[INFO] [1785422631.383365356] [acados_nmpc_node]: [attach-window] t=7.75s pos_err=0.035m T=18.79N z=0.571 m_est=1.961
[INFO] [1785422631.431327803] [acados_nmpc_node]: [attach-window] t=7.80s pos_err=0.036m T=18.78N z=0.572 m_est=1.961
[INFO] [1785422631.483336205] [acados_nmpc_node]: [attach-window] t=7.85s pos_err=0.037m T=18.79N z=0.572 m_est=1.963
[INFO] [1785422631.529908015] [acados_nmpc_node]: t=7.9s | LIFT: raising hover 0.55->2.5m to lift payload
[INFO] [1785422631.531551357] [acados_nmpc_node]: [attach-window] t=7.90s pos_err=0.038m T=18.79N z=0.572 m_est=1.963
[INFO] [1785422631.583436313] [acados_nmpc_node]: [attach-window] t=7.95s pos_err=0.038m T=18.79N z=0.572 m_est=1.962
[INFO] [1785422631.631359447] [acados_nmpc_node]: [attach-window] t=8.00s pos_err=0.038m T=18.82N z=0.572 m_est=1.962
[INFO] [1785422631.683624241] [acados_nmpc_node]: [attach-window] t=8.05s pos_err=0.037m T=18.87N z=0.572 m_est=1.961
[INFO] [1785422631.731562715] [acados_nmpc_node]: [attach-window] t=8.10s pos_err=0.037m T=18.95N z=0.572 m_est=1.961
[INFO] [1785422631.783397636] [acados_nmpc_node]: [attach-window] t=8.15s pos_err=0.035m T=19.07N z=0.572 m_est=1.961
[INFO] [1785422631.831339635] [acados_nmpc_node]: [attach-window] t=8.20s pos_err=0.036m T=19.23N z=0.573 m_est=1.961
[INFO] [1785422631.883389449] [acados_nmpc_node]: [attach-window] t=8.25s pos_err=0.039m T=19.45N z=0.573 m_est=1.961
[INFO] [1785422631.931371415] [acados_nmpc_node]: [attach-window] t=8.30s pos_err=0.046m T=19.70N z=0.573 m_est=1.961
[INFO] [1785422631.983327688] [acados_nmpc_node]: [attach-window] t=8.35s pos_err=0.059m T=20.05N z=0.573 m_est=1.961
[INFO] [1785422632.031511129] [acados_nmpc_node]: [attach-window] t=8.40s pos_err=0.076m T=20.40N z=0.573 m_est=1.961
[INFO] [1785422632.083612105] [acados_nmpc_node]: [attach-window] t=8.45s pos_err=0.097m T=20.85N z=0.573 m_est=1.961
[INFO] [1785422632.131588681] [acados_nmpc_node]: [attach-window] t=8.50s pos_err=0.121m T=21.29N z=0.573 m_est=1.961
[INFO] [1785422632.183528592] [acados_nmpc_node]: [attach-window] t=8.55s pos_err=0.150m T=21.86N z=0.573 m_est=1.961
[INFO] [1785422632.232274700] [acados_nmpc_node]: [attach-window] t=8.60s pos_err=0.180m T=22.44N z=0.573 m_est=1.961
[INFO] [1785422632.285128126] [acados_nmpc_node]: [attach-window] t=8.65s pos_err=0.217m T=23.13N z=0.573 m_est=1.961
[INFO] [1785422632.331707303] [acados_nmpc_node]: [attach-window] t=8.70s pos_err=0.253m T=23.70N z=0.573 m_est=1.961
[INFO] [1785422632.383618616] [acados_nmpc_node]: [attach-window] t=8.75s pos_err=0.295m T=24.43N z=0.574 m_est=1.961
[INFO] [1785422632.431547975] [acados_nmpc_node]: [attach-window] t=8.80s pos_err=0.335m T=24.79N z=0.576 m_est=1.967
[INFO] [1785422632.485198625] [acados_nmpc_node]: [attach-window] t=8.85s pos_err=0.382m T=25.41N z=0.578 m_est=1.967
[INFO] [1785422632.532471700] [acados_nmpc_node]: [attach-window] t=8.90s pos_err=0.420m T=25.63N z=0.586 m_est=1.985
[INFO] [1785422632.585278191] [acados_nmpc_node]: [attach-window] t=8.95s pos_err=0.469m T=26.35N z=0.592 m_est=2.004
[INFO] [1785422632.632268234] [acados_nmpc_node]: [attach-window] t=9.00s pos_err=0.501m T=25.92N z=0.610 m_est=2.004
[INFO] [1785422632.685239586] [acados_nmpc_node]: [attach-window] t=9.05s pos_err=0.549m T=26.50N z=0.621 m_est=2.022
[INFO] [1785422632.732311661] [acados_nmpc_node]: [attach-window] t=9.10s pos_err=0.576m T=25.98N z=0.647 m_est=2.022
[INFO] [1785422632.785336557] [acados_nmpc_node]: [attach-window] t=9.15s pos_err=0.617m T=26.25N z=0.668 m_est=2.038
[INFO] [1785422632.832215852] [acados_nmpc_node]: [attach-window] t=9.20s pos_err=0.634m T=25.54N z=0.706 m_est=2.038
[INFO] [1785422632.885250058] [acados_nmpc_node]: [attach-window] t=9.25s pos_err=0.676m T=25.96N z=0.728 m_est=2.051
[INFO] [1785422632.932277796] [acados_nmpc_node]: [attach-window] t=9.30s pos_err=0.685m T=25.21N z=0.776 m_est=2.051
[INFO] [1785422632.985332559] [acados_nmpc_node]: [attach-window] t=9.35s pos_err=0.723m T=25.57N z=0.802 m_est=2.063
[INFO] [1785422633.032088229] [acados_nmpc_node]: [attach-window] t=9.40s pos_err=0.716m T=24.51N z=0.867 m_est=2.063
[INFO] [1785422633.083764945] [acados_nmpc_node]: [attach-window] t=9.45s pos_err=0.749m T=24.80N z=0.897 m_est=2.073
[INFO] [1785422633.131744483] [acados_nmpc_node]: [attach-window] t=9.50s pos_err=0.742m T=24.03N z=0.962 m_est=2.073
[INFO] [1785422633.185230438] [acados_nmpc_node]: [attach-window] t=9.55s pos_err=0.771m T=24.34N z=0.995 m_est=2.080
[INFO] [1785422633.232237577] [acados_nmpc_node]: [attach-window] t=9.60s pos_err=0.747m T=23.34N z=1.074 m_est=2.080
[INFO] [1785422633.285418821] [acados_nmpc_node]: [attach-window] t=9.65s pos_err=0.772m T=23.62N z=1.110 m_est=2.086
[INFO] [1785422633.332015360] [acados_nmpc_node]: [attach-window] t=9.70s pos_err=0.741m T=22.70N z=1.193 m_est=2.086
[INFO] [1785422633.384980110] [acados_nmpc_node]: [attach-window] t=9.75s pos_err=0.770m T=23.16N z=1.221 m_est=2.087
[INFO] [1785422633.431994749] [acados_nmpc_node]: [attach-window] t=9.80s pos_err=0.734m T=22.33N z=1.305 m_est=2.087
[INFO] [1785422633.484933571] [acados_nmpc_node]: [attach-window] t=9.85s pos_err=0.748m T=22.67N z=1.343 m_est=2.102
[INFO] [1785422633.532347653] [acados_nmpc_node]: [attach-window] t=9.90s pos_err=0.717m T=22.08N z=1.418 m_est=2.102
[INFO] [1785422633.585276895] [acados_nmpc_node]: [attach-window] t=9.95s pos_err=0.717m T=22.23N z=1.465 m_est=2.118
[INFO] [1785422633.632088665] [acados_nmpc_node]: [attach-window] t=10.00s pos_err=0.682m T=21.67N z=1.539 m_est=2.118
[INFO] [1785422633.685126698] [acados_nmpc_node]: [attach-window] t=10.05s pos_err=0.687m T=21.95N z=1.575 m_est=2.132
[INFO] [1785422633.732019679] [acados_nmpc_node]: [attach-window] t=10.10s pos_err=0.640m T=21.29N z=1.656 m_est=2.132
[INFO] [1785422633.785161612] [acados_nmpc_node]: [attach-window] t=10.15s pos_err=0.649m T=21.63N z=1.682 m_est=2.143
[INFO] [1785422633.832107806] [acados_nmpc_node]: [attach-window] t=10.20s pos_err=0.599m T=21.02N z=1.760 m_est=2.143
[INFO] [1785422633.885103538] [acados_nmpc_node]: [attach-window] t=10.25s pos_err=0.594m T=21.15N z=1.794 m_est=2.153
[INFO] [1785422633.931987843] [acados_nmpc_node]: [attach-window] t=10.30s pos_err=0.550m T=20.72N z=1.859 m_est=2.153
[INFO] [1785422633.985100968] [acados_nmpc_node]: [attach-window] t=10.35s pos_err=0.540m T=20.79N z=1.891 m_est=2.159
[INFO] [1785422634.032260328] [acados_nmpc_node]: [attach-window] t=10.40s pos_err=0.488m T=20.36N z=1.959 m_est=2.159
[INFO] [1785422634.085250805] [acados_nmpc_node]: [attach-window] t=10.45s pos_err=0.475m T=20.40N z=1.988 m_est=2.164
[INFO] [1785422634.131999609] [acados_nmpc_node]: [attach-window] t=10.50s pos_err=0.430m T=20.15N z=2.043 m_est=2.164
[INFO] [1785422634.185373035] [acados_nmpc_node]: [attach-window] t=10.55s pos_err=0.414m T=20.18N z=2.070 m_est=2.168
[INFO] [1785422634.231573811] [acados_nmpc_node]: [attach-window] t=10.60s pos_err=0.365m T=19.99N z=2.125 m_est=2.168
[INFO] [1785422634.283728570] [acados_nmpc_node]: [attach-window] t=10.65s pos_err=0.347m T=20.02N z=2.148 m_est=2.172
[INFO] [1785422634.331391789] [acados_nmpc_node]: [attach-window] t=10.70s pos_err=0.308m T=19.97N z=2.190 m_est=2.172
[INFO] [1785422634.383480385] [acados_nmpc_node]: [attach-window] t=10.75s pos_err=0.290m T=20.03N z=2.210 m_est=2.176
[INFO] [1785422634.383823207] [acados_nmpc_node]: t=10.8s | pos_err=0.290m | T=20.03N | tau=[r-0.188 p0.071 y0.006]Nm | res_stat=4.288e-07(peak 9.829e-07) sqp_iter=3 | solve=1.1ms
[INFO] [1785422634.431619171] [acados_nmpc_node]: [attach-window] t=10.80s pos_err=0.252m T=20.08N z=2.249 m_est=2.176
[INFO] [1785422634.485239947] [acados_nmpc_node]: [attach-window] t=10.85s pos_err=0.236m T=20.18N z=2.265 m_est=2.181
[INFO] [1785422634.531927122] [acados_nmpc_node]: [attach-window] t=10.90s pos_err=0.208m T=20.31N z=2.293 m_est=2.181
[INFO] [1785422634.585017712] [acados_nmpc_node]: [attach-window] t=10.95s pos_err=0.196m T=20.45N z=2.306 m_est=2.187
[INFO] [1785422634.632020728] [acados_nmpc_node]: [attach-window] t=11.00s pos_err=0.171m T=20.65N z=2.331 m_est=2.187
[INFO] [1785422634.685114531] [acados_nmpc_node]: [attach-window] t=11.05s pos_err=0.162m T=20.81N z=2.341 m_est=2.194
[INFO] [1785422634.731611310] [acados_nmpc_node]: [attach-window] t=11.10s pos_err=0.146m T=20.98N z=2.358 m_est=2.194
[INFO] [1785422634.785255626] [acados_nmpc_node]: [attach-window] t=11.15s pos_err=0.139m T=21.13N z=2.365 m_est=2.201
[INFO] [1785422634.832007356] [acados_nmpc_node]: [attach-window] t=11.20s pos_err=0.125m T=21.29N z=2.379 m_est=2.201
[INFO] [1785422634.885095596] [acados_nmpc_node]: [attach-window] t=11.25s pos_err=0.120m T=21.44N z=2.385 m_est=2.209
[INFO] [1785422634.932032089] [acados_nmpc_node]: [attach-window] t=11.30s pos_err=0.111m T=21.55N z=2.394 m_est=2.209
[INFO] [1785422634.985143732] [acados_nmpc_node]: [attach-window] t=11.35s pos_err=0.107m T=21.68N z=2.398 m_est=2.216
[INFO] [1785422635.031950802] [acados_nmpc_node]: [attach-window] t=11.40s pos_err=0.099m T=21.77N z=2.406 m_est=2.216
[INFO] [1785422635.085331871] [acados_nmpc_node]: [attach-window] t=11.45s pos_err=0.096m T=21.87N z=2.409 m_est=2.223
[INFO] [1785422635.131848839] [acados_nmpc_node]: [attach-window] t=11.50s pos_err=0.090m T=21.90N z=2.415 m_est=2.223
[INFO] [1785422635.185146362] [acados_nmpc_node]: [attach-window] t=11.55s pos_err=0.087m T=21.97N z=2.418 m_est=2.230
[INFO] [1785422635.231757053] [acados_nmpc_node]: [attach-window] t=11.60s pos_err=0.080m T=21.96N z=2.424 m_est=2.230
[INFO] [1785422635.285034433] [acados_nmpc_node]: [attach-window] t=11.65s pos_err=0.077m T=22.01N z=2.427 m_est=2.236
[INFO] [1785422635.331767249] [acados_nmpc_node]: [attach-window] t=11.70s pos_err=0.071m T=21.99N z=2.432 m_est=2.236
[INFO] [1785422635.384966335] [acados_nmpc_node]: [attach-window] t=11.75s pos_err=0.068m T=22.03N z=2.434 m_est=2.242
[INFO] [1785422635.431711723] [acados_nmpc_node]: [attach-window] t=11.80s pos_err=0.062m T=22.01N z=2.439 m_est=2.242
[INFO] [1785422635.484977862] [acados_nmpc_node]: [attach-window] t=11.85s pos_err=0.060m T=22.03N z=2.442 m_est=2.246
[INFO] [1785422635.531990410] [acados_nmpc_node]: [attach-window] t=11.90s pos_err=0.054m T=22.00N z=2.446 m_est=2.246
[INFO] [1785422635.584992000] [acados_nmpc_node]: [attach-window] t=11.95s pos_err=0.052m T=22.03N z=2.449 m_est=2.250
[INFO] [1785422635.631792662] [acados_nmpc_node]: [attach-window] t=12.00s pos_err=0.047m T=22.00N z=2.453 m_est=2.250
[INFO] [1785422635.684941569] [acados_nmpc_node]: [attach-window] t=12.05s pos_err=0.045m T=22.03N z=2.455 m_est=2.253
[INFO] [1785422635.731816927] [acados_nmpc_node]: [attach-window] t=12.10s pos_err=0.041m T=22.01N z=2.459 m_est=2.253
[INFO] [1785422635.783457627] [acados_nmpc_node]: [attach-window] t=12.15s pos_err=0.040m T=22.03N z=2.460 m_est=2.256
[INFO] [1785422635.831242887] [acados_nmpc_node]: [attach-window] t=12.20s pos_err=0.036m T=22.01N z=2.464 m_est=2.256
[INFO] [1785422635.883365248] [acados_nmpc_node]: [attach-window] t=12.25s pos_err=0.035m T=22.02N z=2.466 m_est=2.258
[INFO] [1785422635.931842867] [acados_nmpc_node]: [attach-window] t=12.30s pos_err=0.032m T=22.01N z=2.469 m_est=2.258
[INFO] [1785422635.985014736] [acados_nmpc_node]: [attach-window] t=12.35s pos_err=0.030m T=22.01N z=2.471 m_est=2.259
[INFO] [1785422636.031758958] [acados_nmpc_node]: [attach-window] t=12.40s pos_err=0.028m T=22.01N z=2.474 m_est=2.259
[INFO] [1785422636.084908249] [acados_nmpc_node]: [attach-window] t=12.45s pos_err=0.027m T=22.01N z=2.475 m_est=2.260
[INFO] [1785422636.131803439] [acados_nmpc_node]: [attach-window] t=12.50s pos_err=0.024m T=22.00N z=2.478 m_est=2.260
[INFO] [1785422636.184948883] [acados_nmpc_node]: [attach-window] t=12.55s pos_err=0.023m T=22.01N z=2.479 m_est=2.260
[INFO] [1785422636.231729506] [acados_nmpc_node]: [attach-window] t=12.60s pos_err=0.021m T=22.01N z=2.482 m_est=2.260
[INFO] [1785422636.285110819] [acados_nmpc_node]: [attach-window] t=12.65s pos_err=0.021m T=22.01N z=2.483 m_est=2.260
[INFO] [1785422636.331824797] [acados_nmpc_node]: [attach-window] t=12.70s pos_err=0.019m T=22.02N z=2.485 m_est=2.260
[INFO] [1785422636.385152183] [acados_nmpc_node]: [attach-window] t=12.75s pos_err=0.018m T=22.02N z=2.486 m_est=2.259
[INFO] [1785422636.431721939] [acados_nmpc_node]: [attach-window] t=12.80s pos_err=0.016m T=22.02N z=2.488 m_est=2.259
[INFO] [1785422636.483490666] [acados_nmpc_node]: [attach-window] t=12.85s pos_err=0.015m T=22.02N z=2.489 m_est=2.259
[INFO] [1785422636.531380997] [acados_nmpc_node]: [attach-window] t=12.90s pos_err=0.013m T=22.03N z=2.491 m_est=2.259
[INFO] [1785422636.583548176] [acados_nmpc_node]: [attach-window] t=12.95s pos_err=0.013m T=22.02N z=2.492 m_est=2.259
[INFO] [1785422636.631181307] [acados_nmpc_node]: [attach-window] t=13.00s pos_err=0.012m T=22.04N z=2.493 m_est=2.259
[INFO] [1785422636.683588985] [acados_nmpc_node]: [attach-window] t=13.05s pos_err=0.011m T=22.04N z=2.494 m_est=2.258
[INFO] [1785422636.731778584] [acados_nmpc_node]: [attach-window] t=13.10s pos_err=0.011m T=22.06N z=2.494 m_est=2.258
[INFO] [1785422636.785131376] [acados_nmpc_node]: [attach-window] t=13.15s pos_err=0.011m T=22.07N z=2.495 m_est=2.258
[INFO] [1785422636.831775235] [acados_nmpc_node]: [attach-window] t=13.20s pos_err=0.012m T=22.08N z=2.496 m_est=2.258
[INFO] [1785422636.885016103] [acados_nmpc_node]: [attach-window] t=13.25s pos_err=0.012m T=22.09N z=2.496 m_est=2.258
[INFO] [1785422636.931958178] [acados_nmpc_node]: [attach-window] t=13.30s pos_err=0.012m T=22.08N z=2.497 m_est=2.258
[INFO] [1785422636.985609842] [acados_nmpc_node]: [attach-window] t=13.35s pos_err=0.013m T=22.08N z=2.498 m_est=2.258
[INFO] [1785422637.031294353] [acados_nmpc_node]: [attach-window] t=13.40s pos_err=0.014m T=22.08N z=2.499 m_est=2.258
[INFO] [1785422637.083675413] [acados_nmpc_node]: [attach-window] t=13.45s pos_err=0.014m T=22.08N z=2.499 m_est=2.258
[INFO] [1785422637.131331417] [acados_nmpc_node]: [attach-window] t=13.50s pos_err=0.014m T=22.09N z=2.500 m_est=2.258
[INFO] [1785422637.185014592] [acados_nmpc_node]: [attach-window] t=13.55s pos_err=0.015m T=22.10N z=2.500 m_est=2.258
[INFO] [1785422637.231751851] [acados_nmpc_node]: [attach-window] t=13.60s pos_err=0.016m T=22.11N z=2.500 m_est=2.258
[INFO] [1785422637.285221342] [acados_nmpc_node]: [attach-window] t=13.65s pos_err=0.016m T=22.12N z=2.500 m_est=2.259
[INFO] [1785422637.331808218] [acados_nmpc_node]: [attach-window] t=13.70s pos_err=0.016m T=22.13N z=2.500 m_est=2.259
[INFO] [1785422637.385197548] [acados_nmpc_node]: [attach-window] t=13.75s pos_err=0.017m T=22.13N z=2.500 m_est=2.259
[INFO] [1785422637.431787952] [acados_nmpc_node]: [attach-window] t=13.80s pos_err=0.017m T=22.12N z=2.501 m_est=2.259
[INFO] [1785422637.485035938] [acados_nmpc_node]: [attach-window] t=13.85s pos_err=0.017m T=22.12N z=2.501 m_est=2.259
[INFO] [1785422637.531925209] [acados_nmpc_node]: [attach-window] t=13.90s pos_err=0.016m T=22.10N z=2.502 m_est=2.259
[INFO] [1785422637.585062418] [acados_nmpc_node]: [attach-window] t=13.95s pos_err=0.016m T=22.10N z=2.503 m_est=2.259
[INFO] [1785422637.631857548] [acados_nmpc_node]: [attach-window] t=14.00s pos_err=0.015m T=22.08N z=2.504 m_est=2.259
[INFO] [1785422637.685199325] [acados_nmpc_node]: [attach-window] t=14.05s pos_err=0.015m T=22.08N z=2.504 m_est=2.260
[INFO] [1785422637.731866771] [acados_nmpc_node]: [attach-window] t=14.10s pos_err=0.014m T=22.08N z=2.505 m_est=2.260
[INFO] [1785422637.785246439] [acados_nmpc_node]: [attach-window] t=14.15s pos_err=0.013m T=22.08N z=2.505 m_est=2.260
[INFO] [1785422637.831871122] [acados_nmpc_node]: [attach-window] t=14.20s pos_err=0.012m T=22.08N z=2.506 m_est=2.260
[INFO] [1785422637.885105362] [acados_nmpc_node]: [attach-window] t=14.25s pos_err=0.011m T=22.08N z=2.506 m_est=2.260
[INFO] [1785422637.931763890] [acados_nmpc_node]: [attach-window] t=14.30s pos_err=0.010m T=22.09N z=2.507 m_est=2.260
[INFO] [1785422637.985138136] [acados_nmpc_node]: [attach-window] t=14.35s pos_err=0.009m T=22.09N z=2.507 m_est=2.260
[INFO] [1785422638.031912190] [acados_nmpc_node]: [attach-window] t=14.40s pos_err=0.008m T=22.11N z=2.507 m_est=2.260
[INFO] [1785422638.085498119] [acados_nmpc_node]: [attach-window] t=14.45s pos_err=0.007m T=22.12N z=2.507 m_est=2.260
[INFO] [1785422638.131830902] [acados_nmpc_node]: [attach-window] t=14.50s pos_err=0.007m T=22.13N z=2.507 m_est=2.260
[INFO] [1785422638.185147575] [acados_nmpc_node]: [attach-window] t=14.55s pos_err=0.007m T=22.14N z=2.507 m_est=2.260
[INFO] [1785422638.231728462] [acados_nmpc_node]: [attach-window] t=14.60s pos_err=0.007m T=22.15N z=2.506 m_est=2.260
[INFO] [1785422638.285186998] [acados_nmpc_node]: [attach-window] t=14.65s pos_err=0.007m T=22.16N z=2.506 m_est=2.260
[INFO] [1785422638.331777406] [acados_nmpc_node]: [attach-window] t=14.70s pos_err=0.009m T=22.17N z=2.505 m_est=2.260
[INFO] [1785422638.385047317] [acados_nmpc_node]: [attach-window] t=14.75s pos_err=0.010m T=22.17N z=2.505 m_est=2.260
[INFO] [1785422638.431723082] [acados_nmpc_node]: [attach-window] t=14.80s pos_err=0.011m T=22.18N z=2.504 m_est=2.260
[INFO] [1785422638.485381934] [acados_nmpc_node]: [attach-window] t=14.85s pos_err=0.012m T=22.17N z=2.504 m_est=2.260
[INFO] [1785422638.532099505] [acados_nmpc_node]: [attach-window] t=14.90s pos_err=0.014m T=22.17N z=2.504 m_est=2.260
[INFO] [1785422638.585398727] [acados_nmpc_node]: [attach-window] t=14.95s pos_err=0.015m T=22.17N z=2.504 m_est=2.260
[INFO] [1785422638.631782987] [acados_nmpc_node]: [attach-window] t=15.00s pos_err=0.017m T=22.16N z=2.504 m_est=2.260
[INFO] [1785422638.685206028] [acados_nmpc_node]: [attach-window] t=15.05s pos_err=0.017m T=22.16N z=2.504 m_est=2.260
[INFO] [1785422638.731843975] [acados_nmpc_node]: [attach-window] t=15.10s pos_err=0.018m T=22.15N z=2.503 m_est=2.260
[INFO] [1785422638.785264622] [acados_nmpc_node]: [attach-window] t=15.15s pos_err=0.019m T=22.16N z=2.503 m_est=2.260
[INFO] [1785422638.831764923] [acados_nmpc_node]: [attach-window] t=15.20s pos_err=0.019m T=22.16N z=2.503 m_est=2.260
[INFO] [1785422638.885446701] [acados_nmpc_node]: [attach-window] t=15.25s pos_err=0.020m T=22.17N z=2.502 m_est=2.261
[INFO] [1785422638.932089706] [acados_nmpc_node]: [attach-window] t=15.30s pos_err=0.021m T=22.19N z=2.501 m_est=2.261
[INFO] [1785422638.985481176] [acados_nmpc_node]: [attach-window] t=15.35s pos_err=0.021m T=22.20N z=2.501 m_est=2.261
[INFO] [1785422639.031963800] [acados_nmpc_node]: [attach-window] t=15.40s pos_err=0.023m T=22.21N z=2.499 m_est=2.261
[INFO] [1785422639.085910860] [acados_nmpc_node]: [attach-window] t=15.45s pos_err=0.023m T=22.22N z=2.499 m_est=2.261
[INFO] [1785422639.132072188] [acados_nmpc_node]: [attach-window] t=15.50s pos_err=0.025m T=22.22N z=2.498 m_est=2.261
[INFO] [1785422639.185719595] [acados_nmpc_node]: [attach-window] t=15.55s pos_err=0.025m T=22.22N z=2.497 m_est=2.261
[INFO] [1785422639.231828893] [acados_nmpc_node]: [attach-window] t=15.60s pos_err=0.026m T=22.20N z=2.497 m_est=2.261
[INFO] [1785422639.285588203] [acados_nmpc_node]: [attach-window] t=15.65s pos_err=0.026m T=22.20N z=2.496 m_est=2.262
[INFO] [1785422639.331788917] [acados_nmpc_node]: [attach-window] t=15.70s pos_err=0.026m T=22.19N z=2.496 m_est=2.262
[INFO] [1785422639.385376747] [acados_nmpc_node]: [attach-window] t=15.75s pos_err=0.026m T=22.19N z=2.496 m_est=2.262
[INFO] [1785422639.385857398] [acados_nmpc_node]: t=15.8s | pos_err=0.026m | T=22.19N | tau=[r-0.272 p0.137 y-0.002]Nm | res_stat=6.102e-07(peak 9.866e-07) sqp_iter=2 | solve=1.3ms
[INFO] [1785422639.431742177] [acados_nmpc_node]: [attach-window] t=15.80s pos_err=0.025m T=22.18N z=2.496 m_est=2.262
[INFO] [1785422639.485508014] [acados_nmpc_node]: [attach-window] t=15.85s pos_err=0.025m T=22.18N z=2.495 m_est=2.262
[INFO] [1785422639.531833259] [acados_nmpc_node]: [attach-window] t=15.90s pos_err=0.023m T=22.19N z=2.494 m_est=2.262
[INFO] [1785422639.585643879] [acados_nmpc_node]: [attach-window] t=15.95s pos_err=0.022m T=22.20N z=2.494 m_est=2.262
[INFO] [1785422639.631915398] [acados_nmpc_node]: [attach-window] t=16.00s pos_err=0.020m T=22.21N z=2.493 m_est=2.262
[INFO] [1785422639.685412226] [acados_nmpc_node]: [attach-window] t=16.05s pos_err=0.019m T=22.21N z=2.493 m_est=2.262
[INFO] [1785422639.731859500] [acados_nmpc_node]: [attach-window] t=16.10s pos_err=0.016m T=22.21N z=2.492 m_est=2.262
[INFO] [1785422639.785439423] [acados_nmpc_node]: [attach-window] t=16.15s pos_err=0.015m T=22.21N z=2.491 m_est=2.262
[INFO] [1785422639.831925645] [acados_nmpc_node]: [attach-window] t=16.20s pos_err=0.014m T=22.22N z=2.490 m_est=2.262
[INFO] [1785422639.885417244] [acados_nmpc_node]: [attach-window] t=16.25s pos_err=0.013m T=22.22N z=2.490 m_est=2.262
[INFO] [1785422639.931910899] [acados_nmpc_node]: [attach-window] t=16.30s pos_err=0.013m T=22.22N z=2.489 m_est=2.262
[INFO] [1785422639.985610260] [acados_nmpc_node]: [attach-window] t=16.35s pos_err=0.013m T=22.21N z=2.489 m_est=2.262
[INFO] [1785422640.032073726] [acados_nmpc_node]: [attach-window] t=16.40s pos_err=0.013m T=22.18N z=2.490 m_est=2.262
[INFO] [1785422640.085325425] [acados_nmpc_node]: [attach-window] t=16.45s pos_err=0.013m T=22.17N z=2.490 m_est=2.262
[INFO] [1785422640.131856845] [acados_nmpc_node]: [attach-window] t=16.50s pos_err=0.014m T=22.14N z=2.491 m_est=2.262
[INFO] [1785422640.185513739] [acados_nmpc_node]: [attach-window] t=16.55s pos_err=0.014m T=22.12N z=2.492 m_est=2.262
[INFO] [1785422640.232062618] [acados_nmpc_node]: [attach-window] t=16.60s pos_err=0.015m T=22.10N z=2.493 m_est=2.262
[INFO] [1785422640.285596125] [acados_nmpc_node]: [attach-window] t=16.65s pos_err=0.016m T=22.10N z=2.493 m_est=2.262
[INFO] [1785422640.332042460] [acados_nmpc_node]: [attach-window] t=16.70s pos_err=0.017m T=22.09N z=2.495 m_est=2.262
[INFO] [1785422640.385591562] [acados_nmpc_node]: [attach-window] t=16.75s pos_err=0.018m T=22.08N z=2.495 m_est=2.262
[INFO] [1785422640.431777918] [acados_nmpc_node]: [attach-window] t=16.80s pos_err=0.019m T=22.08N z=2.496 m_est=2.262
[INFO] [1785422640.485369305] [acados_nmpc_node]: [attach-window] t=16.85s pos_err=0.019m T=22.07N z=2.497 m_est=2.261
[INFO] [1785422640.531868011] [acados_nmpc_node]: [attach-window] t=16.90s pos_err=0.019m T=22.08N z=2.498 m_est=2.261
[INFO] [1785422640.585239687] [acados_nmpc_node]: [attach-window] t=16.95s pos_err=0.019m T=22.07N z=2.498 m_est=2.261
[INFO] [1785422640.631797644] [acados_nmpc_node]: [attach-window] t=17.00s pos_err=0.019m T=22.08N z=2.499 m_est=2.261
[INFO] [1785422640.685392420] [acados_nmpc_node]: [attach-window] t=17.05s pos_err=0.018m T=22.07N z=2.499 m_est=2.261
[INFO] [1785422640.731740907] [acados_nmpc_node]: [attach-window] t=17.10s pos_err=0.017m T=22.08N z=2.500 m_est=2.261
[INFO] [1785422640.785527008] [acados_nmpc_node]: [attach-window] t=17.15s pos_err=0.016m T=22.09N z=2.500 m_est=2.260
[INFO] [1785422640.831848679] [acados_nmpc_node]: [attach-window] t=17.20s pos_err=0.014m T=22.09N z=2.501 m_est=2.260
[INFO] [1785422640.885200247] [acados_nmpc_node]: [attach-window] t=17.25s pos_err=0.013m T=22.10N z=2.501 m_est=2.260
[INFO] [1785422640.931777296] [acados_nmpc_node]: [attach-window] t=17.30s pos_err=0.010m T=22.10N z=2.501 m_est=2.260
[INFO] [1785422640.985515960] [acados_nmpc_node]: [attach-window] t=17.35s pos_err=0.009m T=22.11N z=2.501 m_est=2.260
[INFO] [1785422641.031809928] [acados_nmpc_node]: [attach-window] t=17.40s pos_err=0.006m T=22.10N z=2.502 m_est=2.260
[INFO] [1785422641.085815652] [acados_nmpc_node]: [attach-window] t=17.45s pos_err=0.005m T=22.10N z=2.502 m_est=2.259
[INFO] [1785422641.131853671] [acados_nmpc_node]: [attach-window] t=17.50s pos_err=0.004m T=22.09N z=2.503 m_est=2.259
[INFO] [1785422641.185632223] [acados_nmpc_node]: [attach-window] t=17.55s pos_err=0.004m T=22.08N z=2.504 m_est=2.259
[INFO] [1785422641.231842018] [acados_nmpc_node]: [attach-window] t=17.60s pos_err=0.006m T=22.07N z=2.505 m_est=2.259
[INFO] [1785422641.285427231] [acados_nmpc_node]: [attach-window] t=17.65s pos_err=0.006m T=22.07N z=2.506 m_est=2.259
[INFO] [1785422641.332028466] [acados_nmpc_node]: [attach-window] t=17.70s pos_err=0.008m T=22.08N z=2.506 m_est=2.259
[INFO] [1785422641.385726984] [acados_nmpc_node]: [attach-window] t=17.75s pos_err=0.009m T=22.08N z=2.506 m_est=2.259
[INFO] [1785422641.432080712] [acados_nmpc_node]: [attach-window] t=17.80s pos_err=0.011m T=22.10N z=2.506 m_est=2.259
[INFO] [1785422641.485662142] [acados_nmpc_node]: [attach-window] t=17.85s pos_err=0.012m T=22.11N z=2.506 m_est=2.259
[INFO] [1785422641.531266970] [acados_nmpc_node]: [attach-window] t=17.90s pos_err=0.013m T=22.14N z=2.506 m_est=2.259
[INFO] [1785422641.583783855] [acados_nmpc_node]: [attach-window] t=17.95s pos_err=0.014m T=22.15N z=2.505 m_est=2.259
[INFO] [1785422641.631451868] [acados_nmpc_node]: [attach-window] t=18.00s pos_err=0.014m T=22.17N z=2.504 m_est=2.259
[INFO] [1785422641.685637135] [acados_nmpc_node]: [attach-window] t=18.05s pos_err=0.015m T=22.17N z=2.504 m_est=2.259
[INFO] [1785422641.731351989] [acados_nmpc_node]: [attach-window] t=18.10s pos_err=0.015m T=22.18N z=2.503 m_est=2.259
[INFO] [1785422641.783736494] [acados_nmpc_node]: [attach-window] t=18.15s pos_err=0.014m T=22.18N z=2.503 m_est=2.259
[INFO] [1785422641.831153800] [acados_nmpc_node]: [attach-window] t=18.20s pos_err=0.014m T=22.18N z=2.502 m_est=2.259
[INFO] [1785422641.883631762] [acados_nmpc_node]: [attach-window] t=18.25s pos_err=0.014m T=22.19N z=2.502 m_est=2.260
[INFO] [1785422641.931721544] [acados_nmpc_node]: [attach-window] t=18.30s pos_err=0.014m T=22.19N z=2.501 m_est=2.260
[INFO] [1785422641.985464923] [acados_nmpc_node]: [attach-window] t=18.35s pos_err=0.014m T=22.20N z=2.501 m_est=2.260
[INFO] [1785422642.031782233] [acados_nmpc_node]: [attach-window] t=18.40s pos_err=0.014m T=22.20N z=2.500 m_est=2.260
[INFO] [1785422642.085483554] [acados_nmpc_node]: [attach-window] t=18.45s pos_err=0.013m T=22.20N z=2.500 m_est=2.260
[INFO] [1785422642.131210571] [acados_nmpc_node]: [attach-window] t=18.50s pos_err=0.013m T=22.19N z=2.499 m_est=2.260
[INFO] [1785422642.183815514] [acados_nmpc_node]: [attach-window] t=18.55s pos_err=0.013m T=22.20N z=2.499 m_est=2.260
[INFO] [1785422642.231194206] [acados_nmpc_node]: [attach-window] t=18.60s pos_err=0.012m T=22.19N z=2.499 m_est=2.260
[INFO] [1785422642.283668316] [acados_nmpc_node]: [attach-window] t=18.65s pos_err=0.011m T=22.19N z=2.498 m_est=2.261
[INFO] [1785422642.331330918] [acados_nmpc_node]: [attach-window] t=18.70s pos_err=0.011m T=22.18N z=2.498 m_est=2.261
[INFO] [1785422642.383666418] [acados_nmpc_node]: [attach-window] t=18.75s pos_err=0.010m T=22.18N z=2.498 m_est=2.261
[INFO] [1785422642.431196012] [acados_nmpc_node]: [attach-window] t=18.80s pos_err=0.010m T=22.17N z=2.498 m_est=2.261
[INFO] [1785422642.483747386] [acados_nmpc_node]: [attach-window] t=18.85s pos_err=0.009m T=22.17N z=2.498 m_est=2.261
[INFO] [1785422642.531173724] [acados_nmpc_node]: [attach-window] t=18.90s pos_err=0.010m T=22.15N z=2.498 m_est=2.261
[INFO] [1785422642.585615051] [acados_nmpc_node]: [attach-window] t=18.95s pos_err=0.010m T=22.15N z=2.498 m_est=2.261
[INFO] [1785422642.631792431] [acados_nmpc_node]: [attach-window] t=19.00s pos_err=0.011m T=22.14N z=2.499 m_est=2.261
[INFO] [1785422642.685701536] [acados_nmpc_node]: [attach-window] t=19.05s pos_err=0.012m T=22.13N z=2.499 m_est=2.261
[INFO] [1785422642.732010234] [acados_nmpc_node]: [attach-window] t=19.10s pos_err=0.013m T=22.12N z=2.500 m_est=2.261
[INFO] [1785422642.785841039] [acados_nmpc_node]: [attach-window] t=19.15s pos_err=0.014m T=22.11N z=2.500 m_est=2.261
[INFO] [1785422642.832048649] [acados_nmpc_node]: [attach-window] t=19.20s pos_err=0.017m T=22.09N z=2.501 m_est=2.261
[INFO] [1785422642.885632514] [acados_nmpc_node]: [attach-window] t=19.25s pos_err=0.018m T=22.08N z=2.502 m_est=2.261
[INFO] [1785422642.931746785] [acados_nmpc_node]: [attach-window] t=19.30s pos_err=0.020m T=22.07N z=2.503 m_est=2.261
[INFO] [1785422642.985681275] [acados_nmpc_node]: [attach-window] t=19.35s pos_err=0.021m T=22.06N z=2.504 m_est=2.261
[INFO] [1785422643.032114429] [acados_nmpc_node]: [attach-window] t=19.40s pos_err=0.023m T=22.06N z=2.505 m_est=2.261
[INFO] [1785422643.085983199] [acados_nmpc_node]: [attach-window] t=19.45s pos_err=0.024m T=22.06N z=2.505 m_est=2.261
[INFO] [1785422643.132162473] [acados_nmpc_node]: [attach-window] t=19.50s pos_err=0.026m T=22.07N z=2.506 m_est=2.261
[INFO] [1785422643.185716507] [acados_nmpc_node]: [attach-window] t=19.55s pos_err=0.026m T=22.07N z=2.507 m_est=2.261
[INFO] [1785422643.231794279] [acados_nmpc_node]: [attach-window] t=19.60s pos_err=0.028m T=22.07N z=2.507 m_est=2.261
[INFO] [1785422643.285623051] [acados_nmpc_node]: [attach-window] t=19.65s pos_err=0.028m T=22.07N z=2.508 m_est=2.260
[INFO] [1785422643.331795640] [acados_nmpc_node]: [attach-window] t=19.70s pos_err=0.028m T=22.09N z=2.508 m_est=2.260
[INFO] [1785422643.385585499] [acados_nmpc_node]: [attach-window] t=19.75s pos_err=0.028m T=22.09N z=2.508 m_est=2.260
[INFO] [1785422643.431689193] [acados_nmpc_node]: [attach-window] t=19.80s pos_err=0.028m T=22.12N z=2.508 m_est=2.260
[INFO] [1785422643.485578322] [acados_nmpc_node]: [attach-window] t=19.85s pos_err=0.028m T=22.13N z=2.507 m_est=2.260
[INFO] [1785422643.531723958] [acados_nmpc_node]: [attach-window] t=19.90s pos_err=0.027m T=22.16N z=2.506 m_est=2.260
[INFO] [1785422643.585680959] [acados_nmpc_node]: [attach-window] t=19.95s pos_err=0.026m T=22.18N z=2.505 m_est=2.259
[INFO] [1785422643.631719808] [acados_nmpc_node]: [attach-window] t=20.00s pos_err=0.025m T=22.21N z=2.503 m_est=2.259
[INFO] [1785422643.685693543] [acados_nmpc_node]: [attach-window] t=20.05s pos_err=0.024m T=22.22N z=2.503 m_est=2.259
[INFO] [1785422643.731746411] [acados_nmpc_node]: [attach-window] t=20.10s pos_err=0.022m T=22.23N z=2.501 m_est=2.259
[INFO] [1785422643.785969547] [acados_nmpc_node]: [attach-window] t=20.15s pos_err=0.021m T=22.24N z=2.501 m_est=2.260
[INFO] [1785422643.832037537] [acados_nmpc_node]: [attach-window] t=20.20s pos_err=0.019m T=22.24N z=2.499 m_est=2.260
[INFO] [1785422643.885808009] [acados_nmpc_node]: [attach-window] t=20.25s pos_err=0.018m T=22.24N z=2.499 m_est=2.260
[INFO] [1785422643.931751517] [acados_nmpc_node]: [attach-window] t=20.30s pos_err=0.016m T=22.23N z=2.498 m_est=2.260
[INFO] [1785422643.985469851] [acados_nmpc_node]: [attach-window] t=20.35s pos_err=0.014m T=22.23N z=2.498 m_est=2.260
[INFO] [1785422644.031730738] [acados_nmpc_node]: [attach-window] t=20.40s pos_err=0.012m T=22.23N z=2.497 m_est=2.260
[INFO] [1785422644.085627353] [acados_nmpc_node]: [attach-window] t=20.45s pos_err=0.011m T=22.23N z=2.497 m_est=2.261
[INFO] [1785422644.131286788] [acados_nmpc_node]: [attach-window] t=20.50s pos_err=0.010m T=22.21N z=2.496 m_est=2.261
[INFO] [1785422644.183968360] [acados_nmpc_node]: [attach-window] t=20.55s pos_err=0.009m T=22.20N z=2.496 m_est=2.261
[INFO] [1785422644.231264380] [acados_nmpc_node]: [attach-window] t=20.60s pos_err=0.007m T=22.17N z=2.497 m_est=2.261
[INFO] [1785422644.283956512] [acados_nmpc_node]: [attach-window] t=20.65s pos_err=0.006m T=22.16N z=2.497 m_est=2.261
[INFO] [1785422644.331349416] [acados_nmpc_node]: [attach-window] t=20.70s pos_err=0.005m T=22.13N z=2.498 m_est=2.261
[INFO] [1785422644.383945266] [acados_nmpc_node]: [attach-window] t=20.75s pos_err=0.004m T=22.13N z=2.498 m_est=2.262
[INFO] [1785422644.384281934] [acados_nmpc_node]: t=20.8s | pos_err=0.004m | T=22.13N | tau=[r-0.276 p0.138 y0.005]Nm | res_stat=8.241e-07(peak 9.874e-07) sqp_iter=2 | solve=0.9ms
[INFO] [1785422644.431307709] [acados_nmpc_node]: [attach-window] t=20.80s pos_err=0.003m T=22.11N z=2.499 m_est=2.262
[INFO] [1785422644.483795907] [acados_nmpc_node]: [attach-window] t=20.85s pos_err=0.003m T=22.11N z=2.500 m_est=2.262
[INFO] [1785422644.531452103] [acados_nmpc_node]: [attach-window] t=20.90s pos_err=0.003m T=22.10N z=2.500 m_est=2.262
[INFO] [1785422644.583796794] [acados_nmpc_node]: [attach-window] t=20.95s pos_err=0.004m T=22.10N z=2.501 m_est=2.262
[INFO] [1785422644.631203447] [acados_nmpc_node]: [attach-window] t=21.00s pos_err=0.005m T=22.09N z=2.502 m_est=2.262
[INFO] [1785422644.683870281] [acados_nmpc_node]: [attach-window] t=21.05s pos_err=0.005m T=22.08N z=2.502 m_est=2.262
[INFO] [1785422644.731225206] [acados_nmpc_node]: [attach-window] t=21.10s pos_err=0.007m T=22.08N z=2.503 m_est=2.262
[INFO] [1785422644.783804657] [acados_nmpc_node]: [attach-window] t=21.15s pos_err=0.008m T=22.08N z=2.503 m_est=2.262
[INFO] [1785422644.831178495] [acados_nmpc_node]: [attach-window] t=21.20s pos_err=0.009m T=22.08N z=2.504 m_est=2.262
[INFO] [1785422644.883728437] [acados_nmpc_node]: [attach-window] t=21.25s pos_err=0.010m T=22.08N z=2.505 m_est=2.261
[INFO] [1785422644.931326582] [acados_nmpc_node]: [attach-window] t=21.30s pos_err=0.011m T=22.08N z=2.505 m_est=2.261
[INFO] [1785422644.984228952] [acados_nmpc_node]: [attach-window] t=21.35s pos_err=0.012m T=22.09N z=2.505 m_est=2.261
[INFO] [1785422645.031502372] [acados_nmpc_node]: [attach-window] t=21.40s pos_err=0.012m T=22.09N z=2.505 m_est=2.261
[ros2run]: Killed
