[INFO] [1789382061.953188721] [mhe_node]: MHE node starting, building/loading solver... (geom_coupled=True, N=20, m_min=1.961, m_B=2.0643)
Code reuse possible, skipping code generation.
acados was compiled without OpenMP.
[INFO] [1789382061.960097123] [mhe_node]: [prior] geom_coupled=True → 载荷质量信息**完全不生效**(grip_payload_envelope=0.3 是死代码:coupled 档下 _payload_geometry 根本不被调用);模型只吃可测杆臂 r_p + 被估质量,m 的先验仅有 Q0 质量维=0.1 (σ=3.16kg,实质无先验)
[WARN] [1789382061.960580332] [mhe_node]: geom_release_mode='self':估计器不被告知 drop。⚠️ 2026-08-24 实测,**NMPC 侧也设成 'self' 会必然坠机**——drop 后控制器继续按幽灵偏心载荷配平,指令 0.424N·m(tau_max 的 85%)作用在空机 J_xx=0.0142 上 = 29.8 rad/s²,而 MHE 10Hz/2s 窗口要 1~2s 才纠得过来,飞机先翻。**正确组合 = MHE 'self' + NMPC 'event'**(控制器是发释放指令的一方,它知道不构成认知作弊)。
[INFO] [1789382061.962511342] [mhe_node]: [moment-ref] 物理上限由平台包线派生: 0.0390 kg·m = 0.30kg x 0.13m
[INFO] [1789382061.963218836] [mhe_node]: [c_xy_est] 质量域卸载判据已开:先武装(m_p>0.090kg),再判 m_p<0.03kg 持续 20 帧 -> 释放偏心估计
[INFO] [1789382061.963891714] [mhe_node]: [c_xy] 来源 = 一阶质量矩 s/m_T(窗口内估计,**无稳态门控**),替代窗外 EMA —— 机动中也会更新
[INFO] [1789382061.965013072] [mhe_node]: weight schedule theta = [-4.00, 0.00, 0.00, 0.00], signal mode = residual (residual self-trigger: thresh=4.4N persist=2 baseline_tau=3.0s)
[INFO] [1789382061.968494425] [mhe_node]: [release-selfcheck] READY: c_xy_est_enable=1, moment-state ns=2, ratio=0.30; legacy_mass=1, watchdog=3.0s
[INFO] [1789382061.969357443] [mhe_node]: MHE node initialized! tau_source=command (roll/pitch NMPC意图值, yaw NMPC意图值), motor_window_avg=False, geom_release_mode=self. Waiting for odometry + control data...
[INFO] [1789382084.369076852] [mhe_node]: arrival prior seeded: m=2.064 kg (m_nominal prior)
[INFO] [1789382084.369567848] [mhe_node]: [geom] model_geom_on=True (release_mode=self, truth_attached=False) mode=coupled(r_p) -> geom=[ 0.    0.   -0.47] dJ=0.0000 c_xy=[+0.0000,+0.0000] (dJ/c 为按当前 m_est 折算的诊断当量,模型内部随 m 实时生成)
[INFO] [1789382086.279755206] [mhe_node]: MHE mass estimate: 2.048 kg (T_phys=20.04N) | solve=4.7ms (max12.2)
[INFO] [1789382086.280293518] [mhe_node]: [truth] m_hat=2.0477 m_true=2.0643 err=-0.80% | c_hat=[+0.0000,+0.0000] c_true=[+0.0000,+0.0000] | Jxx_hat=0.01420 Jxx_true=0.01420 Jyz_hat=+0.00000 Jyz_true=+0.00000 | s_hat=[-0.0019,-0.0001] s_true=[+0.0000,+0.0000] kg·m
[INFO] [1789382086.280794489] [mhe_node]: [tau_phys] roll=+0.005 pitch=-0.038 Nm
[INFO] [1789382086.281375446] [mhe_node]: [mass-diag] m_est=2.0477 T=20.043N tilt=6.35deg cos=0.99386 | T/g=2.0431 T*cos/g=2.0305 | m_est-T*cos/g=+0.0172kg (+0.85%) vz=+0.109
[INFO] [1789382086.281938673] [mhe_node]: [c_xy_est] cx=-0.0007 cy=-0.0000 m
[INFO] [1789382088.275341827] [mhe_node]: MHE mass estimate: 2.062 kg (T_phys=20.19N) | solve=11.6ms (max20.1)
[INFO] [1789382088.275874733] [mhe_node]: [truth] m_hat=2.0615 m_true=2.0643 err=-0.13% | c_hat=[+0.0000,+0.0000] c_true=[+0.0000,+0.0000] | Jxx_hat=0.01420 Jxx_true=0.01420 Jyz_hat=+0.00000 Jyz_true=+0.00000 | s_hat=[-0.0010,+0.0001] s_true=[+0.0000,+0.0000] kg·m
[INFO] [1789382088.276389245] [mhe_node]: [tau_phys] roll=+0.003 pitch=+0.014 Nm
[INFO] [1789382088.276966376] [mhe_node]: [mass-diag] m_est=2.0615 T=20.193N tilt=2.16deg cos=0.99929 | T/g=2.0585 T*cos/g=2.0570 | m_est-T*cos/g=+0.0045kg (+0.22%) vz=+0.046
[INFO] [1789382088.277541887] [mhe_node]: [c_xy_est] cx=-0.0005 cy=+0.0000 m
[INFO] [1789382090.275118068] [mhe_node]: MHE mass estimate: 2.056 kg (T_phys=20.27N) | solve=5.8ms (max13.7)
[INFO] [1789382090.275669071] [mhe_node]: [truth] m_hat=2.0555 m_true=2.0643 err=-0.42% | c_hat=[+0.0000,+0.0000] c_true=[+0.0000,+0.0000] | Jxx_hat=0.01420 Jxx_true=0.01420 Jyz_hat=+0.00000 Jyz_true=+0.00000 | s_hat=[+0.0003,-0.0000] s_true=[+0.0000,+0.0000] kg·m
[INFO] [1789382090.276199778] [mhe_node]: [tau_phys] roll=-0.006 pitch=-0.001 Nm
[INFO] [1789382090.276784466] [mhe_node]: [mass-diag] m_est=2.0555 T=20.269N tilt=0.49deg cos=0.99996 | T/g=2.0661 T*cos/g=2.0661 | m_est-T*cos/g=-0.0105kg (-0.51%) vz=-0.001
[INFO] [1789382090.277358189] [mhe_node]: [c_xy_est] cx=+0.0002 cy=+0.0000 m
[INFO] [1789382092.069133192] [mhe_node]: [release-resid] STRONG 票: ΔT=-1.08N x4帧 (floor 0.9N)
[INFO] [1789382092.274668577] [mhe_node]: MHE mass estimate: 2.044 kg (T_phys=18.22N) | solve=5.3ms (max8.2)
[INFO] [1789382092.275203784] [mhe_node]: [truth] m_hat=2.0436 m_true=2.0643 err=-1.00% | c_hat=[+0.0000,+0.0000] c_true=[+0.0000,+0.0000] | Jxx_hat=0.01420 Jxx_true=0.01420 Jyz_hat=+0.00000 Jyz_true=+0.00000 | s_hat=[+0.0003,-0.0001] s_true=[+0.0000,+0.0000] kg·m
[INFO] [1789382092.275707709] [mhe_node]: [tau_phys] roll=-0.001 pitch=-0.008 Nm
[INFO] [1789382092.276286326] [mhe_node]: [mass-diag] m_est=2.0436 T=18.223N tilt=0.15deg cos=1.00000 | T/g=1.8576 T*cos/g=1.8575 | m_est-T*cos/g=+0.1861kg (+10.02%) vz=-0.475
[INFO] [1789382092.276853231] [mhe_node]: [c_xy_est] cx=+0.0001 cy=-0.0000 m
[INFO] [1789382094.274449317] [mhe_node]: MHE mass estimate: 2.062 kg (T_phys=20.33N) | solve=4.9ms (max8.2)
[INFO] [1789382094.274981717] [mhe_node]: [truth] m_hat=2.0618 m_true=2.0643 err=-0.12% | c_hat=[+0.0000,+0.0000] c_true=[+0.0000,+0.0000] | Jxx_hat=0.01420 Jxx_true=0.01420 Jyz_hat=+0.00000 Jyz_true=+0.00000 | s_hat=[+0.0001,+0.0000] s_true=[+0.0000,+0.0000] kg·m
[INFO] [1789382094.275491381] [mhe_node]: [tau_phys] roll=-0.001 pitch=-0.001 Nm
[INFO] [1789382094.276064046] [mhe_node]: [mass-diag] m_est=2.0618 T=20.331N tilt=0.25deg cos=0.99999 | T/g=2.0724 T*cos/g=2.0724 | m_est-T*cos/g=-0.0107kg (-0.51%) vz=-0.050
[INFO] [1789382094.276635588] [mhe_node]: [c_xy_est] cx=+0.0001 cy=+0.0000 m
[INFO] [1789382096.298169934] [mhe_node]: MHE mass estimate: 1.961 kg (T_phys=19.66N) | solve=16.0ms (max40.4)
[INFO] [1789382096.298697296] [mhe_node]: [truth] m_hat=1.9611 m_true=2.0643 err=-5.00% | c_hat=[+0.0000,+0.0000] c_true=[+0.0000,+0.0000] | Jxx_hat=0.01420 Jxx_true=0.01420 Jyz_hat=+0.00000 Jyz_true=+0.00000 | s_hat=[+0.0065,+0.0108] s_true=[+0.0000,+0.0000] kg·m
[INFO] [1789382096.299215453] [mhe_node]: [tau_phys] roll=+0.128 pitch=-0.264 Nm
[INFO] [1789382096.299791963] [mhe_node]: [mass-diag] m_est=1.9611 T=19.661N tilt=0.09deg cos=1.00000 | T/g=2.0042 T*cos/g=2.0042 | m_est-T*cos/g=-0.0431kg (-2.15%) vz=+0.007
[INFO] [1789382096.300368329] [mhe_node]: [c_xy_est] cx=+0.0027 cy=+0.0052 m
[WARN] [1789382096.944717535] [mhe_node]: MHE solve failed [status=2], skipping this window (streak 1)
[WARN] [1789382097.031303095] [mhe_node]: MHE solve failed [status=2], skipping this window (streak 2)
[WARN] [1789382097.339539405] [mhe_node]: MHE solve failed [status=2], skipping this window (streak 1)
[WARN] [1789382097.438888282] [mhe_node]: MHE solve failed [status=2], skipping this window (streak 2)
[WARN] [1789382098.040096170] [mhe_node]: MHE solve failed [status=2], skipping this window (streak 1)
[WARN] [1789382098.134708855] [mhe_node]: MHE solve failed [status=2], skipping this window (streak 2)
[WARN] [1789382098.233436151] [mhe_node]: MHE solve failed [status=2], skipping this window (streak 3)
[WARN] [1789382098.336695771] [mhe_node]: MHE solve failed [status=2], skipping this window (streak 4)
[WARN] [1789382098.437059253] [mhe_node]: MHE solve failed [status=2], skipping this window (streak 5)
[WARN] [1789382098.437388278] [mhe_node]: re-anchored arrival prior to current window after 5 consecutive failures (m seeded from thrust_phys: 1.961 -> 1.961 kg)
[WARN] [1789382098.541284399] [mhe_node]: MHE solve failed [status=2], skipping this window (streak 1)
[WARN] [1789382098.642304719] [mhe_node]: MHE solve failed [status=2], skipping this window (streak 2)
[WARN] [1789382098.755432830] [mhe_node]: MHE solve failed [status=2], skipping this window (streak 3)
[WARN] [1789382098.843272891] [mhe_node]: MHE solve failed [status=2], skipping this window (streak 4)
[WARN] [1789382099.145399770] [mhe_node]: MHE solve failed [status=2], skipping this window (streak 1)
[WARN] [1789382099.242009624] [mhe_node]: MHE solve failed [status=2], skipping this window (streak 2)
[WARN] [1789382099.342954169] [mhe_node]: MHE solve failed [status=2], skipping this window (streak 3)
[WARN] [1789382099.443726707] [mhe_node]: MHE solve failed [status=2], skipping this window (streak 4)
[WARN] [1789382099.540162194] [mhe_node]: MHE solve failed [status=2], skipping this window (streak 5)
[WARN] [1789382099.540486410] [mhe_node]: re-anchored arrival prior to current window after 5 consecutive failures (m seeded from thrust_phys: 1.961 -> 1.961 kg)
[WARN] [1789382099.740502803] [mhe_node]: MHE solve failed [status=2], skipping this window (streak 1)
[WARN] [1789382099.944030002] [mhe_node]: MHE solve failed [status=2], skipping this window (streak 1)
[WARN] [1789382100.243579234] [mhe_node]: MHE solve failed [status=2], skipping this window (streak 1)
[INFO] [1789382100.390991234] [mhe_node]: MHE mass estimate: 2.249 kg (T_phys=24.42N) | solve=62.9ms (max76.2)
[INFO] [1789382100.391406935] [mhe_node]: [truth] m_hat=2.2493 m_true=2.0643 err=+8.96% | c_hat=[+0.0000,+0.0000] c_true=[+0.0000,+0.0000] | Jxx_hat=0.01420 Jxx_true=0.01420 Jyz_hat=+0.00000 Jyz_true=+0.00000 | s_hat=[-0.0008,-0.0233] s_true=[+0.0000,+0.0000] kg·m
[INFO] [1789382100.391770158] [mhe_node]: [tau_phys] roll=-0.291 pitch=+1.257 Nm
[INFO] [1789382100.392184747] [mhe_node]: [mass-diag] m_est=2.2493 T=24.418N tilt=0.72deg cos=0.99992 | T/g=2.4891 T*cos/g=2.4889 | m_est-T*cos/g=-0.2396kg (-9.63%) vz=+0.754
[INFO] [1789382100.392583938] [mhe_node]: [c_xy_est] cx=-0.0006 cy=-0.0097 m
[INFO] [1789382102.368930928] [mhe_node]: [payload-state] EMPTY->LOADED (sustained m_p evidence, m_p=+0.244kg)
[INFO] [1789382102.387247429] [mhe_node]: MHE mass estimate: 2.312 kg (T_phys=23.14N) | solve=18.0ms (max26.4)
[INFO] [1789382102.387795101] [mhe_node]: [truth] m_hat=2.3117 m_true=2.0643 err=+11.98% | c_hat=[+0.0000,+0.0000] c_true=[+0.0000,+0.0000] | Jxx_hat=0.01420 Jxx_true=0.01420 Jyz_hat=+0.00000 Jyz_true=+0.00000 | s_hat=[+0.0058,-0.0217] s_true=[+0.0000,+0.0000] kg·m
[INFO] [1789382102.388311713] [mhe_node]: [tau_phys] roll=-0.307 pitch=+1.425 Nm
[INFO] [1789382102.388889200] [mhe_node]: [mass-diag] m_est=2.3117 T=23.142N tilt=0.38deg cos=0.99998 | T/g=2.3590 T*cos/g=2.3589 | m_est-T*cos/g=-0.0472kg (-2.00%) vz=+1.246
[INFO] [1789382102.389462981] [mhe_node]: [c_xy_est] cx=-0.0000 cy=-0.0094 m
[INFO] [1789382102.469077351] [mhe_node]: [s-collapse] moment 基准未就绪(窗口 1/20, 越界剔除 0) — 暂不判决
[INFO] [1789382103.469099889] [mhe_node]: [s-collapse] moment 基准未就绪(窗口 1/20, 越界剔除 0) — 暂不判决
[INFO] [1789382104.268987553] [mhe_node]: [c_xy_est] 质量域判据已武装(m_p=0.247kg 连续20帧高于水位)
[INFO] [1789382104.389615139] [mhe_node]: MHE mass estimate: 2.311 kg (T_phys=21.51N) | solve=18.7ms (max28.3)
[INFO] [1789382104.390168953] [mhe_node]: [truth] m_hat=2.3106 m_true=2.0643 err=+11.93% | c_hat=[+0.0000,+0.0000] c_true=[+0.0000,+0.0000] | Jxx_hat=0.01420 Jxx_true=0.01420 Jyz_hat=+0.00000 Jyz_true=+0.00000 | s_hat=[-0.0003,-0.0240] s_true=[+0.0000,+0.0000] kg·m
[INFO] [1789382104.390675661] [mhe_node]: [tau_phys] roll=-0.317 pitch=+0.738 Nm
[INFO] [1789382104.391249828] [mhe_node]: [mass-diag] m_est=2.3106 T=21.512N tilt=0.59deg cos=0.99995 | T/g=2.1929 T*cos/g=2.1928 | m_est-T*cos/g=+0.1178kg (+5.37%) vz=+0.730
[INFO] [1789382104.391823967] [mhe_node]: [c_xy_est] cx=-0.0000 cy=-0.0094 m
[INFO] [1789382104.469073460] [mhe_node]: [s-collapse] moment 基准未就绪(窗口 0/20, 越界剔除 0) — 暂不判决
[INFO] [1789382105.469117634] [mhe_node]: [s-collapse] moment 基准未就绪(窗口 0/20, 越界剔除 0) — 暂不判决
[INFO] [1789382106.391790159] [mhe_node]: MHE mass estimate: 2.309 kg (T_phys=22.66N) | solve=18.5ms (max26.5)
[INFO] [1789382106.392346383] [mhe_node]: [truth] m_hat=2.3090 m_true=2.0643 err=+11.85% | c_hat=[+0.0000,+0.0000] c_true=[+0.0000,+0.0000] | Jxx_hat=0.01420 Jxx_true=0.01420 Jyz_hat=+0.00000 Jyz_true=+0.00000 | s_hat=[+0.0009,-0.0238] s_true=[+0.0000,+0.0000] kg·m
[INFO] [1789382106.392861838] [mhe_node]: [tau_phys] roll=-0.328 pitch=+1.262 Nm
[INFO] [1789382106.393439377] [mhe_node]: [mass-diag] m_est=2.3090 T=22.665N tilt=0.87deg cos=0.99989 | T/g=2.3104 T*cos/g=2.3101 | m_est-T*cos/g=-0.0011kg (-0.05%) vz=+0.058
[INFO] [1789382106.394004336] [mhe_node]: [c_xy_est] cx=-0.0000 cy=-0.0094 m
[INFO] [1789382106.469068654] [mhe_node]: [s-collapse] moment 基准未就绪(窗口 0/20, 越界剔除 0) — 暂不判决
[INFO] [1789382107.469184977] [mhe_node]: [s-collapse] moment 基准未就绪(窗口 0/20, 越界剔除 0) — 暂不判决
[INFO] [1789382108.383210970] [mhe_node]: MHE mass estimate: 2.296 kg (T_phys=22.94N) | solve=17.6ms (max25.1)
[INFO] [1789382108.383899970] [mhe_node]: [truth] m_hat=2.2958 m_true=2.0643 err=+11.22% | c_hat=[+0.0000,+0.0000] c_true=[+0.0000,+0.0000] | Jxx_hat=0.01420 Jxx_true=0.01420 Jyz_hat=+0.00000 Jyz_true=+0.00000 | s_hat=[+0.0016,-0.0232] s_true=[+0.0000,+0.0000] kg·m
[INFO] [1789382108.384420610] [mhe_node]: [tau_phys] roll=-0.337 pitch=+1.273 Nm
[INFO] [1789382108.385000624] [mhe_node]: [mass-diag] m_est=2.2958 T=22.939N tilt=0.83deg cos=0.99989 | T/g=2.3383 T*cos/g=2.3381 | m_est-T*cos/g=-0.0423kg (-1.81%) vz=-0.021
[INFO] [1789382108.385571029] [mhe_node]: [c_xy_est] cx=-0.0000 cy=-0.0094 m
[INFO] [1789382108.469091276] [mhe_node]: [s-collapse] moment 基准未就绪(窗口 0/20, 越界剔除 0) — 暂不判决
[INFO] [1789382109.469111460] [mhe_node]: [s-collapse] moment 基准未就绪(窗口 0/20, 越界剔除 0) — 暂不判决
[INFO] [1789382110.383123177] [mhe_node]: MHE mass estimate: 2.307 kg (T_phys=22.87N) | solve=17.8ms (max26.3)
[INFO] [1789382110.383682394] [mhe_node]: [truth] m_hat=2.3066 m_true=2.0643 err=+11.74% | c_hat=[+0.0000,+0.0000] c_true=[+0.0000,+0.0000] | Jxx_hat=0.01420 Jxx_true=0.01420 Jyz_hat=+0.00000 Jyz_true=+0.00000 | s_hat=[+0.0022,-0.0241] s_true=[+0.0000,+0.0000] kg·m
[INFO] [1789382110.384198884] [mhe_node]: [tau_phys] roll=-0.345 pitch=+0.679 Nm
[INFO] [1789382110.384776140] [mhe_node]: [mass-diag] m_est=2.3066 T=22.870N tilt=0.47deg cos=0.99997 | T/g=2.3313 T*cos/g=2.3312 | m_est-T*cos/g=-0.0246kg (-1.06%) vz=-0.011
[INFO] [1789382110.385347430] [mhe_node]: [c_xy_est] cx=-0.0000 cy=-0.0094 m
[INFO] [1789382110.469129485] [mhe_node]: [s-collapse] moment 基准未就绪(窗口 0/20, 越界剔除 0) — 暂不判决
[INFO] [1789382111.469169063] [mhe_node]: [s-collapse] moment 基准未就绪(窗口 0/20, 越界剔除 0) — 暂不判决
[INFO] [1789382112.379945176] [mhe_node]: MHE mass estimate: 2.287 kg (T_phys=24.27N) | solve=17.8ms (max23.2)
[INFO] [1789382112.380366361] [mhe_node]: [truth] m_hat=2.2867 m_true=2.0643 err=+10.77% | c_hat=[+0.0000,+0.0000] c_true=[+0.0000,+0.0000] | Jxx_hat=0.01420 Jxx_true=0.01420 Jyz_hat=+0.00000 Jyz_true=+0.00000 | s_hat=[+0.0005,-0.0243] s_true=[+0.0000,+0.0000] kg·m
[INFO] [1789382112.380730756] [mhe_node]: [tau_phys] roll=-0.312 pitch=-0.146 Nm
[INFO] [1789382112.381146599] [mhe_node]: [mass-diag] m_est=2.2867 T=24.268N tilt=2.56deg cos=0.99900 | T/g=2.4738 T*cos/g=2.4713 | m_est-T*cos/g=-0.1846kg (-7.47%) vz=-0.067
[INFO] [1789382112.381547319] [mhe_node]: [c_xy_est] cx=-0.0000 cy=-0.0094 m
[INFO] [1789382112.468982824] [mhe_node]: [s-collapse] moment 基准未就绪(窗口 0/20, 越界剔除 0) — 暂不判决
[INFO] [1789382113.469120389] [mhe_node]: [s-collapse] moment 基准未就绪(窗口 0/20, 越界剔除 0) — 暂不判决
[INFO] [1789382114.385025666] [mhe_node]: MHE mass estimate: 2.281 kg (T_phys=22.51N) | solve=20.2ms (max30.6)
[INFO] [1789382114.385586519] [mhe_node]: [truth] m_hat=2.2808 m_true=2.0643 err=+10.49% | c_hat=[+0.0000,+0.0000] c_true=[+0.0000,+0.0000] | Jxx_hat=0.01420 Jxx_true=0.01420 Jyz_hat=+0.00000 Jyz_true=+0.00000 | s_hat=[-0.0015,-0.0238] s_true=[+0.0000,+0.0000] kg·m
[INFO] [1789382114.386101170] [mhe_node]: [tau_phys] roll=-0.324 pitch=+0.349 Nm
[INFO] [1789382114.386678953] [mhe_node]: [mass-diag] m_est=2.2808 T=22.508N tilt=5.04deg cos=0.99613 | T/g=2.2944 T*cos/g=2.2856 | m_est-T*cos/g=-0.0047kg (-0.21%) vz=+0.165
[INFO] [1789382114.387259962] [mhe_node]: [c_xy_est] cx=-0.0000 cy=-0.0094 m
[INFO] [1789382114.468968514] [mhe_node]: [s-collapse] moment 基准未就绪(窗口 0/20, 越界剔除 0) — 暂不判决
[INFO] [1789382115.469090977] [mhe_node]: [s-collapse] moment 基准未就绪(窗口 0/20, 越界剔除 0) — 暂不判决
[INFO] [1789382116.390937722] [mhe_node]: MHE mass estimate: 2.309 kg (T_phys=22.80N) | solve=16.3ms (max28.6)
[INFO] [1789382116.391503786] [mhe_node]: [truth] m_hat=2.3091 m_true=2.0643 err=+11.86% | c_hat=[+0.0000,+0.0000] c_true=[+0.0000,+0.0000] | Jxx_hat=0.01420 Jxx_true=0.01420 Jyz_hat=+0.00000 Jyz_true=+0.00000 | s_hat=[+0.0010,-0.0289] s_true=[+0.0000,+0.0000] kg·m
[INFO] [1789382116.392034159] [mhe_node]: [tau_phys] roll=-0.462 pitch=+1.168 Nm
[INFO] [1789382116.392608380] [mhe_node]: [mass-diag] m_est=2.3091 T=22.804N tilt=7.25deg cos=0.99200 | T/g=2.3245 T*cos/g=2.3059 | m_est-T*cos/g=+0.0032kg (+0.14%) vz=+0.191
[INFO] [1789382116.393179102] [mhe_node]: [c_xy_est] cx=-0.0000 cy=-0.0094 m
[INFO] [1789382116.469176139] [mhe_node]: [s-collapse] moment 基准未就绪(窗口 0/20, 越界剔除 0) — 暂不判决
[INFO] [1789382117.469110865] [mhe_node]: [s-collapse] moment 基准未就绪(窗口 0/20, 越界剔除 0) — 暂不判决
[INFO] [1789382118.384329600] [mhe_node]: MHE mass estimate: 2.292 kg (T_phys=23.86N) | solve=17.8ms (max23.0)
[INFO] [1789382118.384737679] [mhe_node]: [truth] m_hat=2.2924 m_true=2.0643 err=+11.05% | c_hat=[+0.0000,+0.0000] c_true=[+0.0000,+0.0000] | Jxx_hat=0.01420 Jxx_true=0.01420 Jyz_hat=+0.00000 Jyz_true=+0.00000 | s_hat=[-0.0026,-0.0254] s_true=[+0.0000,+0.0000] kg·m
[INFO] [1789382118.385097903] [mhe_node]: [tau_phys] roll=-0.370 pitch=+0.860 Nm
[INFO] [1789382118.385508525] [mhe_node]: [mass-diag] m_est=2.2924 T=23.855N tilt=11.31deg cos=0.98060 | T/g=2.4317 T*cos/g=2.3845 | m_est-T*cos/g=-0.0921kg (-3.86%) vz=-0.095
[INFO] [1789382118.385914135] [mhe_node]: [c_xy_est] cx=-0.0000 cy=-0.0094 m
[INFO] [1789382118.469069270] [mhe_node]: [s-collapse] moment 基准未就绪(窗口 0/20, 越界剔除 0) — 暂不判决
[INFO] [1789382119.469079619] [mhe_node]: [s-collapse] moment 基准未就绪(窗口 0/20, 越界剔除 0) — 暂不判决
[INFO] [1789382120.391848564] [mhe_node]: MHE mass estimate: 2.247 kg (T_phys=22.61N) | solve=19.7ms (max32.1)
[INFO] [1789382120.392402493] [mhe_node]: [truth] m_hat=2.2473 m_true=2.0643 err=+8.87% | c_hat=[+0.0000,+0.0000] c_true=[+0.0000,+0.0000] | Jxx_hat=0.01420 Jxx_true=0.01420 Jyz_hat=+0.00000 Jyz_true=+0.00000 | s_hat=[+0.0008,-0.0238] s_true=[+0.0000,+0.0000] kg·m
[INFO] [1789382120.392912601] [mhe_node]: [tau_phys] roll=-0.495 pitch=+0.858 Nm
[INFO] [1789382120.393490296] [mhe_node]: [mass-diag] m_est=2.2473 T=22.609N tilt=10.94deg cos=0.98182 | T/g=2.3047 T*cos/g=2.2628 | m_est-T*cos/g=-0.0155kg (-0.68%) vz=-0.209
[INFO] [1789382120.394058948] [mhe_node]: [c_xy_est] cx=-0.0000 cy=-0.0094 m
[INFO] [1789382120.469066014] [mhe_node]: [s-collapse] moment 基准未就绪(窗口 0/20, 越界剔除 0) — 暂不判决
[INFO] [1789382121.469080464] [mhe_node]: [s-collapse] moment 基准未就绪(窗口 0/20, 越界剔除 0) — 暂不判决
[INFO] [1789382122.387617655] [mhe_node]: MHE mass estimate: 2.316 kg (T_phys=22.69N) | solve=17.3ms (max23.4)
[INFO] [1789382122.388171556] [mhe_node]: [truth] m_hat=2.3157 m_true=2.0643 err=+12.18% | c_hat=[+0.0000,+0.0000] c_true=[+0.0000,+0.0000] | Jxx_hat=0.01420 Jxx_true=0.01420 Jyz_hat=+0.00000 Jyz_true=+0.00000 | s_hat=[-0.0042,-0.0244] s_true=[+0.0000,+0.0000] kg·m
[INFO] [1789382122.388682536] [mhe_node]: [tau_phys] roll=-0.229 pitch=-0.934 Nm
[INFO] [1789382122.389258230] [mhe_node]: [mass-diag] m_est=2.3157 T=22.692N tilt=2.47deg cos=0.99907 | T/g=2.3131 T*cos/g=2.3110 | m_est-T*cos/g=+0.0047kg (+0.20%) vz=-0.207
[INFO] [1789382122.389826644] [mhe_node]: [c_xy_est] cx=-0.0000 cy=-0.0094 m
[INFO] [1789382122.469083090] [mhe_node]: [s-collapse] moment 基准未就绪(窗口 0/20, 越界剔除 0) — 暂不判决
[INFO] [1789382123.469084911] [mhe_node]: [s-collapse] moment 基准未就绪(窗口 0/20, 越界剔除 0) — 暂不判决
[INFO] [1789382124.383244007] [mhe_node]: MHE mass estimate: 2.328 kg (T_phys=23.39N) | solve=15.5ms (max33.2)
[INFO] [1789382124.383799277] [mhe_node]: [truth] m_hat=2.3280 m_true=2.0643 err=+12.78% | c_hat=[+0.0000,+0.0000] c_true=[+0.0000,+0.0000] | Jxx_hat=0.01420 Jxx_true=0.01420 Jyz_hat=+0.00000 Jyz_true=+0.00000 | s_hat=[-0.0093,-0.0209] s_true=[+0.0000,+0.0000] kg·m
[INFO] [1789382124.384314766] [mhe_node]: [tau_phys] roll=+0.004 pitch=-0.416 Nm
[INFO] [1789382124.384888581] [mhe_node]: [mass-diag] m_est=2.3280 T=23.388N tilt=8.96deg cos=0.98780 | T/g=2.3841 T*cos/g=2.3550 | m_est-T*cos/g=-0.0270kg (-1.15%) vz=-0.213
[INFO] [1789382124.385460344] [mhe_node]: [c_xy_est] cx=-0.0000 cy=-0.0094 m
[INFO] [1789382124.469078348] [mhe_node]: [s-collapse] moment 基准未就绪(窗口 0/20, 越界剔除 0) — 暂不判决
[INFO] [1789382125.469081631] [mhe_node]: [s-collapse] moment 基准未就绪(窗口 0/20, 越界剔除 0) — 暂不判决
[INFO] [1789382126.384903251] [mhe_node]: MHE mass estimate: 2.281 kg (T_phys=22.82N) | solve=16.1ms (max20.9)
[INFO] [1789382126.385581141] [mhe_node]: [truth] m_hat=2.2808 m_true=2.0643 err=+10.49% | c_hat=[+0.0000,+0.0000] c_true=[+0.0000,+0.0000] | Jxx_hat=0.01420 Jxx_true=0.01420 Jyz_hat=+0.00000 Jyz_true=+0.00000 | s_hat=[-0.0116,-0.0191] s_true=[+0.0000,+0.0000] kg·m
[INFO] [1789382126.386092070] [mhe_node]: [tau_phys] roll=-0.229 pitch=-0.196 Nm
[INFO] [1789382126.386673484] [mhe_node]: [mass-diag] m_est=2.2808 T=22.816N tilt=8.71deg cos=0.98848 | T/g=2.3258 T*cos/g=2.2990 | m_est-T*cos/g=-0.0182kg (-0.79%) vz=-0.047
[INFO] [1789382126.387248281] [mhe_node]: [c_xy_est] cx=-0.0000 cy=-0.0094 m
[INFO] [1789382126.468957052] [mhe_node]: [s-collapse] moment 基准未就绪(窗口 0/20, 越界剔除 0) — 暂不判决
[INFO] [1789382127.469141365] [mhe_node]: [s-collapse] moment 基准未就绪(窗口 0/20, 越界剔除 0) — 暂不判决
[INFO] [1789382128.391540036] [mhe_node]: MHE mass estimate: 2.282 kg (T_phys=22.89N) | solve=18.1ms (max24.7)
[INFO] [1789382128.392091976] [mhe_node]: [truth] m_hat=2.2815 m_true=2.0643 err=+10.52% | c_hat=[+0.0000,+0.0000] c_true=[+0.0000,+0.0000] | Jxx_hat=0.01420 Jxx_true=0.01420 Jyz_hat=+0.00000 Jyz_true=+0.00000 | s_hat=[-0.0125,-0.0213] s_true=[+0.0000,+0.0000] kg·m
[INFO] [1789382128.392604919] [mhe_node]: [tau_phys] roll=-0.209 pitch=+0.884 Nm
[INFO] [1789382128.393182729] [mhe_node]: [mass-diag] m_est=2.2815 T=22.888N tilt=5.79deg cos=0.99489 | T/g=2.3332 T*cos/g=2.3212 | m_est-T*cos/g=-0.0397kg (-1.71%) vz=+0.039
[INFO] [1789382128.393750895] [mhe_node]: [c_xy_est] cx=-0.0000 cy=-0.0094 m
[INFO] [1789382128.469159053] [mhe_node]: [s-collapse] moment 基准未就绪(窗口 0/20, 越界剔除 0) — 暂不判决
[INFO] [1789382129.469082550] [mhe_node]: [s-collapse] moment 基准未就绪(窗口 0/20, 越界剔除 0) — 暂不判决
[INFO] [1789382130.383172447] [mhe_node]: MHE mass estimate: 2.329 kg (T_phys=23.49N) | solve=18.0ms (max26.4)
[INFO] [1789382130.383728102] [mhe_node]: [truth] m_hat=2.3295 m_true=2.0643 err=+12.84% | c_hat=[+0.0000,+0.0000] c_true=[+0.0000,+0.0000] | Jxx_hat=0.01420 Jxx_true=0.01420 Jyz_hat=+0.00000 Jyz_true=+0.00000 | s_hat=[-0.0092,-0.0197] s_true=[+0.0000,+0.0000] kg·m
[INFO] [1789382130.384242715] [mhe_node]: [tau_phys] roll=-0.280 pitch=+1.009 Nm
[INFO] [1789382130.384817781] [mhe_node]: [mass-diag] m_est=2.3295 T=23.485N tilt=9.68deg cos=0.98576 | T/g=2.3940 T*cos/g=2.3599 | m_est-T*cos/g=-0.0305kg (-1.29%) vz=+0.181
[INFO] [1789382130.385389909] [mhe_node]: [c_xy_est] cx=-0.0000 cy=-0.0094 m
[INFO] [1789382130.469128370] [mhe_node]: [s-collapse] moment 基准未就绪(窗口 0/20, 越界剔除 0) — 暂不判决
[INFO] [1789382131.469083936] [mhe_node]: [s-collapse] moment 基准未就绪(窗口 0/20, 越界剔除 0) — 暂不判决
[INFO] [1789382132.391723511] [mhe_node]: MHE mass estimate: 2.248 kg (T_phys=22.40N) | solve=16.8ms (max21.8)
[INFO] [1789382132.392292415] [mhe_node]: [truth] m_hat=2.2482 m_true=2.0643 err=+8.91% | c_hat=[+0.0000,+0.0000] c_true=[+0.0000,+0.0000] | Jxx_hat=0.01420 Jxx_true=0.01420 Jyz_hat=+0.00000 Jyz_true=+0.00000 | s_hat=[+0.0068,-0.0195] s_true=[+0.0000,+0.0000] kg·m
[INFO] [1789382132.392804992] [mhe_node]: [tau_phys] roll=-0.265 pitch=+0.510 Nm
[INFO] [1789382132.393382192] [mhe_node]: [mass-diag] m_est=2.2482 T=22.397N tilt=6.91deg cos=0.99273 | T/g=2.2831 T*cos/g=2.2665 | m_est-T*cos/g=-0.0183kg (-0.81%) vz=+0.233
[INFO] [1789382132.393951873] [mhe_node]: [c_xy_est] cx=-0.0000 cy=-0.0094 m
[INFO] [1789382132.469076105] [mhe_node]: [s-collapse] moment 基准未就绪(窗口 0/20, 越界剔除 0) — 暂不判决
[INFO] [1789382133.469102898] [mhe_node]: [s-collapse] moment 基准未就绪(窗口 0/20, 越界剔除 0) — 暂不判决
[INFO] [1789382134.382327232] [mhe_node]: MHE mass estimate: 2.324 kg (T_phys=23.03N) | solve=14.9ms (max21.8)
[INFO] [1789382134.382877562] [mhe_node]: [truth] m_hat=2.3241 m_true=2.0643 err=+12.59% | c_hat=[+0.0000,+0.0000] c_true=[+0.0000,+0.0000] | Jxx_hat=0.01420 Jxx_true=0.01420 Jyz_hat=+0.00000 Jyz_true=+0.00000 | s_hat=[-0.0031,-0.0299] s_true=[+0.0000,+0.0000] kg·m
[INFO] [1789382134.383392874] [mhe_node]: [tau_phys] roll=-0.311 pitch=+0.591 Nm
[INFO] [1789382134.383965048] [mhe_node]: [mass-diag] m_est=2.3241 T=23.028N tilt=3.84deg cos=0.99776 | T/g=2.3474 T*cos/g=2.3421 | m_est-T*cos/g=-0.0180kg (-0.77%) vz=+0.214
[INFO] [1789382134.384535113] [mhe_node]: [c_xy_est] cx=-0.0000 cy=-0.0094 m
[INFO] [1789382134.469126403] [mhe_node]: [s-collapse] moment 基准未就绪(窗口 0/20, 越界剔除 0) — 暂不判决
[INFO] [1789382135.469116835] [mhe_node]: [s-collapse] moment 基准未就绪(窗口 0/20, 越界剔除 0) — 暂不判决
[INFO] [1789382136.383260603] [mhe_node]: MHE mass estimate: 2.326 kg (T_phys=22.87N) | solve=12.7ms (max17.2)
[INFO] [1789382136.383823238] [mhe_node]: [truth] m_hat=2.3260 m_true=2.0643 err=+12.68% | c_hat=[+0.0000,+0.0000] c_true=[+0.0000,+0.0000] | Jxx_hat=0.01420 Jxx_true=0.01420 Jyz_hat=+0.00000 Jyz_true=+0.00000 | s_hat=[-0.0005,-0.0340] s_true=[+0.0000,+0.0000] kg·m
[INFO] [1789382136.384341024] [mhe_node]: [tau_phys] roll=-0.474 pitch=-0.534 Nm
[INFO] [1789382136.384922534] [mhe_node]: [mass-diag] m_est=2.3260 T=22.869N tilt=9.66deg cos=0.98583 | T/g=2.3312 T*cos/g=2.2982 | m_est-T*cos/g=+0.0278kg (+1.21%) vz=+0.154
[INFO] [1789382136.385505607] [mhe_node]: [c_xy_est] cx=-0.0000 cy=-0.0094 m
[INFO] [1789382136.469075858] [mhe_node]: [s-collapse] moment 基准未就绪(窗口 0/20, 越界剔除 0) — 暂不判决
[INFO] [1789382137.469087283] [mhe_node]: [s-collapse] moment 基准未就绪(窗口 0/20, 越界剔除 0) — 暂不判决
[INFO] [1789382138.387983154] [mhe_node]: MHE mass estimate: 2.317 kg (T_phys=22.47N) | solve=15.6ms (max25.3)
[INFO] [1789382138.388543016] [mhe_node]: [truth] m_hat=2.3168 m_true=2.0643 err=+12.23% | c_hat=[+0.0000,+0.0000] c_true=[+0.0000,+0.0000] | Jxx_hat=0.01420 Jxx_true=0.01420 Jyz_hat=+0.00000 Jyz_true=+0.00000 | s_hat=[-0.0020,-0.0284] s_true=[+0.0000,+0.0000] kg·m
[INFO] [1789382138.389051242] [mhe_node]: [tau_phys] roll=-0.272 pitch=-0.138 Nm
[INFO] [1789382138.389627210] [mhe_node]: [mass-diag] m_est=2.3168 T=22.470N tilt=6.21deg cos=0.99414 | T/g=2.2905 T*cos/g=2.2771 | m_est-T*cos/g=+0.0397kg (+1.74%) vz=+0.025
[INFO] [1789382138.390202282] [mhe_node]: [c_xy_est] cx=-0.0000 cy=-0.0094 m
[INFO] [1789382138.469081616] [mhe_node]: [s-collapse] moment 基准未就绪(窗口 0/20, 越界剔除 0) — 暂不判决
[INFO] [1789382139.469090084] [mhe_node]: [s-collapse] moment 基准未就绪(窗口 0/20, 越界剔除 0) — 暂不判决
[INFO] [1789382140.386468706] [mhe_node]: MHE mass estimate: 2.307 kg (T_phys=23.78N) | solve=16.9ms (max22.0)
[INFO] [1789382140.387050821] [mhe_node]: [truth] m_hat=2.3074 m_true=2.0643 err=+11.77% | c_hat=[+0.0000,+0.0000] c_true=[+0.0000,+0.0000] | Jxx_hat=0.01420 Jxx_true=0.01420 Jyz_hat=+0.00000 Jyz_true=+0.00000 | s_hat=[-0.0010,-0.0276] s_true=[+0.0000,+0.0000] kg·m
[INFO] [1789382140.387575096] [mhe_node]: [tau_phys] roll=-0.242 pitch=+1.336 Nm
[INFO] [1789382140.388165954] [mhe_node]: [mass-diag] m_est=2.3074 T=23.777N tilt=7.78deg cos=0.99079 | T/g=2.4238 T*cos/g=2.4015 | m_est-T*cos/g=-0.0941kg (-3.92%) vz=-0.134
[INFO] [1789382140.388738528] [mhe_node]: [c_xy_est] cx=-0.0000 cy=-0.0094 m
[INFO] [1789382140.469107494] [mhe_node]: [s-collapse] moment 基准未就绪(窗口 0/20, 越界剔除 0) — 暂不判决
[INFO] [1789382141.468955433] [mhe_node]: [s-collapse] moment 基准未就绪(窗口 0/20, 越界剔除 0) — 暂不判决
[INFO] [1789382142.384908527] [mhe_node]: MHE mass estimate: 2.287 kg (T_phys=23.31N) | solve=16.7ms (max22.6)
[INFO] [1789382142.385459094] [mhe_node]: [truth] m_hat=2.2869 m_true=2.0643 err=+10.78% | c_hat=[+0.0000,+0.0000] c_true=[+0.0000,+0.0000] | Jxx_hat=0.01420 Jxx_true=0.01420 Jyz_hat=+0.00000 Jyz_true=+0.00000 | s_hat=[+0.0031,-0.0274] s_true=[+0.0000,+0.0000] kg·m
[INFO] [1789382142.385964280] [mhe_node]: [tau_phys] roll=-0.403 pitch=-0.008 Nm
[INFO] [1789382142.386541091] [mhe_node]: [mass-diag] m_est=2.2869 T=23.312N tilt=9.36deg cos=0.98669 | T/g=2.3764 T*cos/g=2.3447 | m_est-T*cos/g=-0.0578kg (-2.47%) vz=-0.229
[INFO] [1789382142.387104567] [mhe_node]: [c_xy_est] cx=-0.0000 cy=-0.0094 m
[INFO] [1789382142.468971432] [mhe_node]: [s-collapse] moment 基准未就绪(窗口 0/20, 越界剔除 0) — 暂不判决
[INFO] [1789382143.469084722] [mhe_node]: [s-collapse] moment 基准未就绪(窗口 0/20, 越界剔除 0) — 暂不判决
[INFO] [1789382144.379524067] [mhe_node]: MHE mass estimate: 2.308 kg (T_phys=22.86N) | solve=17.5ms (max23.9)
[INFO] [1789382144.380012833] [mhe_node]: [truth] m_hat=2.3078 m_true=2.0643 err=+11.79% | c_hat=[+0.0000,+0.0000] c_true=[+0.0000,+0.0000] | Jxx_hat=0.01420 Jxx_true=0.01420 Jyz_hat=+0.00000 Jyz_true=+0.00000 | s_hat=[+0.0011,-0.0257] s_true=[+0.0000,+0.0000] kg·m
[INFO] [1789382144.380379080] [mhe_node]: [tau_phys] roll=-0.259 pitch=-0.968 Nm
[INFO] [1789382144.380789561] [mhe_node]: [mass-diag] m_est=2.3078 T=22.860N tilt=2.56deg cos=0.99900 | T/g=2.3303 T*cos/g=2.3280 | m_est-T*cos/g=-0.0202kg (-0.87%) vz=-0.229
[INFO] [1789382144.381189204] [mhe_node]: [c_xy_est] cx=-0.0000 cy=-0.0094 m
[INFO] [1789382144.468942435] [mhe_node]: [s-collapse] moment 基准未就绪(窗口 0/20, 越界剔除 0) — 暂不判决
[INFO] [1789382145.468966052] [mhe_node]: [s-collapse] moment 基准未就绪(窗口 0/20, 越界剔除 0) — 暂不判决
[INFO] [1789382146.383460855] [mhe_node]: MHE mass estimate: 2.327 kg (T_phys=23.21N) | solve=12.4ms (max21.0)
[INFO] [1789382146.384009736] [mhe_node]: [truth] m_hat=2.3272 m_true=2.0643 err=+12.74% | c_hat=[+0.0000,+0.0000] c_true=[+0.0000,+0.0000] | Jxx_hat=0.01420 Jxx_true=0.01420 Jyz_hat=+0.00000 Jyz_true=+0.00000 | s_hat=[-0.0082,-0.0231] s_true=[+0.0000,+0.0000] kg·m
[INFO] [1789382146.384521876] [mhe_node]: [tau_phys] roll=-0.247 pitch=-0.565 Nm
[INFO] [1789382146.385096727] [mhe_node]: [mass-diag] m_est=2.3272 T=23.212N tilt=7.42deg cos=0.99163 | T/g=2.3662 T*cos/g=2.3464 | m_est-T*cos/g=-0.0192kg (-0.82%) vz=-0.188
[INFO] [1789382146.385666343] [mhe_node]: [c_xy_est] cx=-0.0000 cy=-0.0094 m
[INFO] [1789382146.469076742] [mhe_node]: [s-collapse] moment 基准未就绪(窗口 0/20, 越界剔除 0) — 暂不判决
[INFO] [1789382147.469095430] [mhe_node]: [s-collapse] moment 基准未就绪(窗口 0/20, 越界剔除 0) — 暂不判决
[INFO] [1789382148.380814697] [mhe_node]: MHE mass estimate: 2.310 kg (T_phys=23.02N) | solve=14.2ms (max21.1)
[INFO] [1789382148.381369164] [mhe_node]: [truth] m_hat=2.3095 m_true=2.0643 err=+11.88% | c_hat=[+0.0000,+0.0000] c_true=[+0.0000,+0.0000] | Jxx_hat=0.01420 Jxx_true=0.01420 Jyz_hat=+0.00000 Jyz_true=+0.00000 | s_hat=[-0.0042,-0.0182] s_true=[+0.0000,+0.0000] kg·m
[INFO] [1789382148.381877746] [mhe_node]: [tau_phys] roll=-0.249 pitch=+0.327 Nm
[INFO] [1789382148.382452443] [mhe_node]: [mass-diag] m_est=2.3095 T=23.023N tilt=9.04deg cos=0.98757 | T/g=2.3469 T*cos/g=2.3178 | m_est-T*cos/g=-0.0082kg (-0.36%) vz=-0.110
[INFO] [1789382148.383033419] [mhe_node]: [c_xy_est] cx=-0.0000 cy=-0.0094 m
[INFO] [1789382148.469079510] [mhe_node]: [s-collapse] moment 基准未就绪(窗口 0/20, 越界剔除 0) — 暂不判决
[INFO] [1789382149.469084094] [mhe_node]: [s-collapse] moment 基准未就绪(窗口 0/20, 越界剔除 0) — 暂不判决
[INFO] [1789382150.388673065] [mhe_node]: MHE mass estimate: 2.301 kg (T_phys=22.62N) | solve=18.3ms (max23.9)
[INFO] [1789382150.389231526] [mhe_node]: [truth] m_hat=2.3009 m_true=2.0643 err=+11.46% | c_hat=[+0.0000,+0.0000] c_true=[+0.0000,+0.0000] | Jxx_hat=0.01420 Jxx_true=0.01420 Jyz_hat=+0.00000 Jyz_true=+0.00000 | s_hat=[-0.0003,-0.0221] s_true=[+0.0000,+0.0000] kg·m
[INFO] [1789382150.389743166] [mhe_node]: [tau_phys] roll=-0.314 pitch=+1.485 Nm
[INFO] [1789382150.390319632] [mhe_node]: [mass-diag] m_est=2.3009 T=22.622N tilt=4.68deg cos=0.99667 | T/g=2.3060 T*cos/g=2.2983 | m_est-T*cos/g=+0.0025kg (+0.11%) vz=+0.035
[INFO] [1789382150.390890302] [mhe_node]: [c_xy_est] cx=-0.0000 cy=-0.0094 m
[INFO] [1789382150.469086638] [mhe_node]: [s-collapse] moment 基准未就绪(窗口 0/20, 越界剔除 0) — 暂不判决
[INFO] [1789382151.468963215] [mhe_node]: [s-collapse] moment 基准未就绪(窗口 0/20, 越界剔除 0) — 暂不判决
[INFO] [1789382152.383140279] [mhe_node]: MHE mass estimate: 2.316 kg (T_phys=23.55N) | solve=15.4ms (max22.2)
[INFO] [1789382152.383694074] [mhe_node]: [truth] m_hat=2.3160 m_true=2.0643 err=+12.20% | c_hat=[+0.0000,+0.0000] c_true=[+0.0000,+0.0000] | Jxx_hat=0.01420 Jxx_true=0.01420 Jyz_hat=+0.00000 Jyz_true=+0.00000 | s_hat=[-0.0048,-0.0195] s_true=[+0.0000,+0.0000] kg·m
[INFO] [1789382152.384209880] [mhe_node]: [tau_phys] roll=-0.366 pitch=+0.852 Nm
[INFO] [1789382152.384779613] [mhe_node]: [mass-diag] m_est=2.3160 T=23.549N tilt=9.81deg cos=0.98539 | T/g=2.4005 T*cos/g=2.3654 | m_est-T*cos/g=-0.0494kg (-2.09%) vz=+0.172
[INFO] [1789382152.385351828] [mhe_node]: [c_xy_est] cx=-0.0000 cy=-0.0094 m
[INFO] [1789382152.469074195] [mhe_node]: [s-collapse] moment 基准未就绪(窗口 0/20, 越界剔除 0) — 暂不判决
[INFO] [1789382153.469076015] [mhe_node]: [s-collapse] moment 基准未就绪(窗口 0/20, 越界剔除 0) — 暂不判决
[INFO] [1789382154.381332338] [mhe_node]: MHE mass estimate: 2.305 kg (T_phys=22.74N) | solve=13.9ms (max20.3)
[INFO] [1789382154.381881935] [mhe_node]: [truth] m_hat=2.3054 m_true=2.0643 err=+11.68% | c_hat=[+0.0000,+0.0000] c_true=[+0.0000,+0.0000] | Jxx_hat=0.01420 Jxx_true=0.01420 Jyz_hat=+0.00000 Jyz_true=+0.00000 | s_hat=[+0.0089,-0.0240] s_true=[+0.0000,+0.0000] kg·m
[INFO] [1789382154.382392798] [mhe_node]: [tau_phys] roll=-0.290 pitch=+0.122 Nm
[INFO] [1789382154.382961720] [mhe_node]: [mass-diag] m_est=2.3054 T=22.735N tilt=6.34deg cos=0.99389 | T/g=2.3175 T*cos/g=2.3034 | m_est-T*cos/g=+0.0021kg (+0.09%) vz=+0.208
[INFO] [1789382154.383540055] [mhe_node]: [c_xy_est] cx=-0.0000 cy=-0.0094 m
[INFO] [1789382154.469078288] [mhe_node]: [s-collapse] moment 基准未就绪(窗口 0/20, 越界剔除 0) — 暂不判决
[INFO] [1789382155.469078277] [mhe_node]: [s-collapse] moment 基准未就绪(窗口 0/20, 越界剔除 0) — 暂不判决
[INFO] [1789382156.381738848] [mhe_node]: MHE mass estimate: 2.307 kg (T_phys=22.46N) | solve=14.2ms (max19.8)
[INFO] [1789382156.382148449] [mhe_node]: [truth] m_hat=2.3065 m_true=2.0643 err=+11.74% | c_hat=[+0.0000,+0.0000] c_true=[+0.0000,+0.0000] | Jxx_hat=0.01420 Jxx_true=0.01420 Jyz_hat=+0.00000 Jyz_true=+0.00000 | s_hat=[+0.0009,-0.0278] s_true=[+0.0000,+0.0000] kg·m
[INFO] [1789382156.382510835] [mhe_node]: [tau_phys] roll=-0.371 pitch=-0.434 Nm
[INFO] [1789382156.382923922] [mhe_node]: [mass-diag] m_est=2.3065 T=22.460N tilt=3.50deg cos=0.99813 | T/g=2.2895 T*cos/g=2.2852 | m_est-T*cos/g=+0.0213kg (+0.93%) vz=+0.217
[INFO] [1789382156.383328406] [mhe_node]: [c_xy_est] cx=-0.0000 cy=-0.0094 m
[INFO] [1789382156.469059915] [mhe_node]: [s-collapse] moment 基准未就绪(窗口 0/20, 越界剔除 0) — 暂不判决
[INFO] [1789382157.469082801] [mhe_node]: [s-collapse] moment 基准未就绪(窗口 0/20, 越界剔除 0) — 暂不判决
[INFO] [1789382158.382099068] [mhe_node]: MHE mass estimate: 2.300 kg (T_phys=23.13N) | solve=15.2ms (max21.0)
[INFO] [1789382158.382507698] [mhe_node]: [truth] m_hat=2.3000 m_true=2.0643 err=+11.42% | c_hat=[+0.0000,+0.0000] c_true=[+0.0000,+0.0000] | Jxx_hat=0.01420 Jxx_true=0.01420 Jyz_hat=+0.00000 Jyz_true=+0.00000 | s_hat=[-0.0036,-0.0299] s_true=[+0.0000,+0.0000] kg·m
[INFO] [1789382158.382865054] [mhe_node]: [tau_phys] roll=-0.458 pitch=-0.874 Nm
[INFO] [1789382158.383279566] [mhe_node]: [mass-diag] m_est=2.3000 T=23.129N tilt=9.80deg cos=0.98540 | T/g=2.3577 T*cos/g=2.3233 | m_est-T*cos/g=-0.0233kg (-1.00%) vz=+0.149
[INFO] [1789382158.383690497] [mhe_node]: [c_xy_est] cx=-0.0000 cy=-0.0094 m
[INFO] [1789382158.468946693] [mhe_node]: [s-collapse] moment 基准未就绪(窗口 0/20, 越界剔除 0) — 暂不判决
[INFO] [1789382159.468958697] [mhe_node]: [s-collapse] moment 基准未就绪(窗口 0/20, 越界剔除 0) — 暂不判决
[INFO] [1789382160.391164599] [mhe_node]: MHE mass estimate: 2.319 kg (T_phys=22.80N) | solve=16.9ms (max24.8)
[INFO] [1789382160.391719794] [mhe_node]: [truth] m_hat=2.3193 m_true=2.0643 err=+12.35% | c_hat=[+0.0000,+0.0000] c_true=[+0.0000,+0.0000] | Jxx_hat=0.01420 Jxx_true=0.01420 Jyz_hat=+0.00000 Jyz_true=+0.00000 | s_hat=[+0.0007,-0.0321] s_true=[+0.0000,+0.0000] kg·m
[INFO] [1789382160.392232976] [mhe_node]: [tau_phys] roll=-0.303 pitch=+0.529 Nm
[INFO] [1789382160.392807097] [mhe_node]: [mass-diag] m_est=2.3193 T=22.799N tilt=6.66deg cos=0.99326 | T/g=2.3241 T*cos/g=2.3084 | m_est-T*cos/g=+0.0109kg (+0.47%) vz=+0.046
[INFO] [1789382160.393377487] [mhe_node]: [c_xy_est] cx=-0.0000 cy=-0.0094 m
[INFO] [1789382160.469038121] [mhe_node]: [s-collapse] moment 基准未就绪(窗口 0/20, 越界剔除 0) — 暂不判决
[INFO] [1789382161.469101254] [mhe_node]: [s-collapse] moment 基准未就绪(窗口 0/20, 越界剔除 0) — 暂不判决
[INFO] [1789382162.384635033] [mhe_node]: MHE mass estimate: 2.323 kg (T_phys=22.72N) | solve=12.7ms (max17.9)
[INFO] [1789382162.385309757] [mhe_node]: [truth] m_hat=2.3226 m_true=2.0643 err=+12.51% | c_hat=[+0.0000,+0.0000] c_true=[+0.0000,+0.0000] | Jxx_hat=0.01420 Jxx_true=0.01420 Jyz_hat=+0.00000 Jyz_true=+0.00000 | s_hat=[-0.0021,-0.0301] s_true=[+0.0000,+0.0000] kg·m
[INFO] [1789382162.385825425] [mhe_node]: [tau_phys] roll=-0.355 pitch=+0.446 Nm
[INFO] [1789382162.386416036] [mhe_node]: [mass-diag] m_est=2.3226 T=22.717N tilt=7.47deg cos=0.99152 | T/g=2.3157 T*cos/g=2.2960 | m_est-T*cos/g=+0.0265kg (+1.16%) vz=-0.077
[INFO] [1789382162.386986065] [mhe_node]: [c_xy_est] cx=-0.0000 cy=-0.0094 m
[INFO] [1789382162.469078905] [mhe_node]: [s-collapse] moment 基准未就绪(窗口 0/20, 越界剔除 0) — 暂不判决
[INFO] [1789382163.469089539] [mhe_node]: [s-collapse] moment 基准未就绪(窗口 0/20, 越界剔除 0) — 暂不判决
[INFO] [1789382164.392505411] [mhe_node]: MHE mass estimate: 2.280 kg (T_phys=23.55N) | solve=16.5ms (max22.6)
[INFO] [1789382164.393057072] [mhe_node]: [truth] m_hat=2.2795 m_true=2.0643 err=+10.42% | c_hat=[+0.0000,+0.0000] c_true=[+0.0000,+0.0000] | Jxx_hat=0.01420 Jxx_true=0.01420 Jyz_hat=+0.00000 Jyz_true=+0.00000 | s_hat=[-0.0006,-0.0265] s_true=[+0.0000,+0.0000] kg·m
[INFO] [1789382164.393568718] [mhe_node]: [tau_phys] roll=-0.286 pitch=-1.051 Nm
[INFO] [1789382164.394146038] [mhe_node]: [mass-diag] m_est=2.2795 T=23.554N tilt=10.74deg cos=0.98248 | T/g=2.4010 T*cos/g=2.3590 | m_est-T*cos/g=-0.0795kg (-3.37%) vz=-0.232
[INFO] [1789382164.394720239] [mhe_node]: [c_xy_est] cx=-0.0000 cy=-0.0094 m
[INFO] [1789382164.468971328] [mhe_node]: [s-collapse] moment 基准未就绪(窗口 0/20, 越界剔除 0) — 暂不判决
[INFO] [1789382165.469120407] [mhe_node]: [s-collapse] moment 基准未就绪(窗口 0/20, 越界剔除 0) — 暂不判决
[INFO] [1789382166.383368262] [mhe_node]: MHE mass estimate: 2.314 kg (T_phys=22.87N) | solve=17.0ms (max21.9)
[INFO] [1789382166.383945962] [mhe_node]: [truth] m_hat=2.3141 m_true=2.0643 err=+12.10% | c_hat=[+0.0000,+0.0000] c_true=[+0.0000,+0.0000] | Jxx_hat=0.01420 Jxx_true=0.01420 Jyz_hat=+0.00000 Jyz_true=+0.00000 | s_hat=[+0.0006,-0.0287] s_true=[+0.0000,+0.0000] kg·m
[INFO] [1789382166.384464606] [mhe_node]: [tau_phys] roll=-0.283 pitch=-0.515 Nm
[INFO] [1789382166.385047027] [mhe_node]: [mass-diag] m_est=2.3141 T=22.869N tilt=3.76deg cos=0.99784 | T/g=2.3312 T*cos/g=2.3262 | m_est-T*cos/g=-0.0120kg (-0.52%) vz=-0.217
[INFO] [1789382166.385618374] [mhe_node]: [c_xy_est] cx=-0.0000 cy=-0.0094 m
[INFO] [1789382166.469145150] [mhe_node]: [s-collapse] moment 基准未就绪(窗口 0/20, 越界剔除 0) — 暂不判决
[INFO] [1789382167.469099516] [mhe_node]: [s-collapse] moment 基准未就绪(窗口 0/20, 越界剔除 0) — 暂不判决
[INFO] [1789382168.387825878] [mhe_node]: MHE mass estimate: 2.325 kg (T_phys=22.64N) | solve=10.9ms (max17.9)
[INFO] [1789382168.388385368] [mhe_node]: [truth] m_hat=2.3251 m_true=2.0643 err=+12.64% | c_hat=[+0.0000,+0.0000] c_true=[+0.0000,+0.0000] | Jxx_hat=0.01420 Jxx_true=0.01420 Jyz_hat=+0.00000 Jyz_true=+0.00000 | s_hat=[-0.0047,-0.0251] s_true=[+0.0000,+0.0000] kg·m
[INFO] [1789382168.388896718] [mhe_node]: [tau_phys] roll=-0.361 pitch=+1.304 Nm
[INFO] [1789382168.389479339] [mhe_node]: [mass-diag] m_est=2.3251 T=22.641N tilt=6.82deg cos=0.99291 | T/g=2.3080 T*cos/g=2.2916 | m_est-T*cos/g=+0.0335kg (+1.46%) vz=-0.183
[INFO] [1789382168.390049831] [mhe_node]: [c_xy_est] cx=-0.0000 cy=-0.0094 m
[INFO] [1789382168.469094182] [mhe_node]: [s-collapse] moment 基准未就绪(窗口 0/20, 越界剔除 0) — 暂不判决
[INFO] [1789382169.468968110] [mhe_node]: [s-collapse] moment 基准未就绪(窗口 0/20, 越界剔除 0) — 暂不判决
[INFO] [1789382170.383198212] [mhe_node]: MHE mass estimate: 2.333 kg (T_phys=22.79N) | solve=12.7ms (max17.7)
[INFO] [1789382170.383758002] [mhe_node]: [truth] m_hat=2.3333 m_true=2.0643 err=+13.03% | c_hat=[+0.0000,+0.0000] c_true=[+0.0000,+0.0000] | Jxx_hat=0.01420 Jxx_true=0.01420 Jyz_hat=+0.00000 Jyz_true=+0.00000 | s_hat=[-0.0032,-0.0202] s_true=[+0.0000,+0.0000] kg·m
[INFO] [1789382170.384282339] [mhe_node]: [tau_phys] roll=-0.261 pitch=+0.072 Nm
[INFO] [1789382170.384864727] [mhe_node]: [mass-diag] m_est=2.3333 T=22.791N tilt=8.62deg cos=0.98869 | T/g=2.3232 T*cos/g=2.2970 | m_est-T*cos/g=+0.0363kg (+1.58%) vz=-0.052
[INFO] [1789382170.385450440] [mhe_node]: [c_xy_est] cx=-0.0000 cy=-0.0094 m
[INFO] [1789382170.469083512] [mhe_node]: [s-collapse] moment 基准未就绪(窗口 0/20, 越界剔除 0) — 暂不判决
[INFO] [1789382171.469090272] [mhe_node]: [s-collapse] moment 基准未就绪(窗口 0/20, 越界剔除 0) — 暂不判决
[INFO] [1789382172.369045199] [mhe_node]: [release-resid] STRONG 票: ΔT=-1.00N x4帧 (floor 0.9N)
[INFO] [1789382172.390663284] [mhe_node]: MHE mass estimate: 2.230 kg (T_phys=18.57N) | solve=16.5ms (max30.0)
[INFO] [1789382172.391214680] [mhe_node]: [truth] m_hat=2.2304 m_true=2.0643 err=+8.04% | c_hat=[+0.0000,+0.0000] c_true=[+0.0000,+0.0000] | Jxx_hat=0.01420 Jxx_true=0.01420 Jyz_hat=+0.00000 Jyz_true=+0.00000 | s_hat=[-0.0025,-0.0168] s_true=[+0.0000,+0.0000] kg·m
[INFO] [1789382172.391726051] [mhe_node]: [tau_phys] roll=-0.697 pitch=+0.164 Nm
[INFO] [1789382172.392306690] [mhe_node]: [mass-diag] m_est=2.2304 T=18.565N tilt=6.28deg cos=0.99400 | T/g=1.8925 T*cos/g=1.8811 | m_est-T*cos/g=+0.3493kg (+18.57%) vz=+0.285
[INFO] [1789382172.392880822] [mhe_node]: [c_xy_est] cx=-0.0000 cy=-0.0094 m
[INFO] [1789382172.469077397] [mhe_node]: [s-collapse] moment 基准未就绪(窗口 0/20, 越界剔除 0) — 暂不判决
[INFO] [1789382173.469070035] [mhe_node]: [s-collapse] moment 基准未就绪(窗口 0/20, 越界剔除 0) — 暂不判决
[INFO] [1789382174.405427825] [mhe_node]: MHE mass estimate: 1.961 kg (T_phys=20.17N) | solve=35.0ms (max57.7)
[INFO] [1789382174.405964095] [mhe_node]: [truth] m_hat=1.9611 m_true=2.0643 err=-5.00% | c_hat=[+0.0000,+0.0000] c_true=[+0.0000,+0.0000] | Jxx_hat=0.01420 Jxx_true=0.01420 Jyz_hat=+0.00000 Jyz_true=+0.00000 | s_hat=[-0.0006,+0.0004] s_true=[+0.0000,+0.0000] kg·m
[INFO] [1789382174.406486634] [mhe_node]: [tau_phys] roll=+0.078 pitch=+0.024 Nm
[INFO] [1789382174.407069513] [mhe_node]: [mass-diag] m_est=1.9611 T=20.174N tilt=9.45deg cos=0.98642 | T/g=2.0565 T*cos/g=2.0286 | m_est-T*cos/g=-0.0675kg (-3.33%) vz=+0.170
[INFO] [1789382174.407646624] [mhe_node]: [c_xy_est] cx=-0.0000 cy=-0.0094 m
[INFO] [1789382174.469063116] [mhe_node]: [s-collapse] moment 基准未就绪(窗口 0/20, 越界剔除 0) — 暂不判决
[INFO] [1789382175.468953047] [mhe_node]: [s-collapse] moment 基准未就绪(窗口 0/20, 越界剔除 0) — 暂不判决
[INFO] [1789382176.378920870] [mhe_node]: MHE mass estimate: 2.041 kg (T_phys=20.17N) | solve=23.0ms (max36.6)
[INFO] [1789382176.379461087] [mhe_node]: [truth] m_hat=2.0410 m_true=2.0643 err=-1.13% | c_hat=[+0.0000,+0.0000] c_true=[+0.0000,+0.0000] | Jxx_hat=0.01420 Jxx_true=0.01420 Jyz_hat=+0.00000 Jyz_true=+0.00000 | s_hat=[+0.0073,+0.0023] s_true=[+0.0000,+0.0000] kg·m
[INFO] [1789382176.379971220] [mhe_node]: [tau_phys] roll=+0.002 pitch=+0.002 Nm
[INFO] [1789382176.380548764] [mhe_node]: [mass-diag] m_est=2.0410 T=20.170N tilt=7.32deg cos=0.99185 | T/g=2.0561 T*cos/g=2.0393 | m_est-T*cos/g=+0.0017kg (+0.08%) vz=+0.236
[INFO] [1789382176.381119967] [mhe_node]: [c_xy_est] cx=-0.0000 cy=-0.0094 m
[INFO] [1789382176.469068745] [mhe_node]: [s-collapse] moment 基准未就绪(窗口 0/20, 越界剔除 0) — 暂不判决
[INFO] [1789382177.469078388] [mhe_node]: [s-collapse] moment 基准未就绪(窗口 0/20, 越界剔除 0) — 暂不判决
[INFO] [1789382178.376575768] [mhe_node]: MHE mass estimate: 2.037 kg (T_phys=20.03N) | solve=9.7ms (max18.1)
[INFO] [1789382178.377102128] [mhe_node]: [truth] m_hat=2.0373 m_true=2.0643 err=-1.31% | c_hat=[+0.0000,+0.0000] c_true=[+0.0000,+0.0000] | Jxx_hat=0.01420 Jxx_true=0.01420 Jyz_hat=+0.00000 Jyz_true=+0.00000 | s_hat=[+0.0063,+0.0003] s_true=[+0.0000,+0.0000] kg·m
[INFO] [1789382178.377613206] [mhe_node]: [tau_phys] roll=-0.002 pitch=+0.007 Nm
[INFO] [1789382178.378195397] [mhe_node]: [mass-diag] m_est=2.0373 T=20.025N tilt=2.07deg cos=0.99935 | T/g=2.0413 T*cos/g=2.0400 | m_est-T*cos/g=-0.0026kg (-0.13%) vz=+0.220
[INFO] [1789382178.378761960] [mhe_node]: [c_xy_est] cx=-0.0000 cy=-0.0094 m
[INFO] [1789382178.469067261] [mhe_node]: [s-collapse] moment 基准未就绪(窗口 0/20, 越界剔除 0) — 暂不判决
[INFO] [1789382179.469059711] [mhe_node]: [s-collapse] moment 基准未就绪(窗口 0/20, 越界剔除 0) — 暂不判决
[INFO] [1789382180.379959206] [mhe_node]: MHE mass estimate: 2.049 kg (T_phys=20.35N) | solve=8.1ms (max12.2)
[INFO] [1789382180.380611655] [mhe_node]: [truth] m_hat=2.0490 m_true=2.0643 err=-0.74% | c_hat=[+0.0000,+0.0000] c_true=[+0.0000,+0.0000] | Jxx_hat=0.01420 Jxx_true=0.01420 Jyz_hat=+0.00000 Jyz_true=+0.00000 | s_hat=[+0.0009,-0.0015] s_true=[+0.0000,+0.0000] kg·m
[INFO] [1789382180.381123175] [mhe_node]: [tau_phys] roll=-0.022 pitch=+0.004 Nm
[INFO] [1789382180.381701195] [mhe_node]: [mass-diag] m_est=2.0490 T=20.351N tilt=9.15deg cos=0.98728 | T/g=2.0745 T*cos/g=2.0482 | m_est-T*cos/g=+0.0008kg (+0.04%) vz=+0.149
[INFO] [1789382180.382271679] [mhe_node]: [c_xy_est] cx=-0.0000 cy=-0.0094 m
[INFO] [1789382180.469052692] [mhe_node]: [s-collapse] moment 基准未就绪(窗口 0/20, 越界剔除 0) — 暂不判决
[INFO] [1789382181.469073570] [mhe_node]: [s-collapse] moment 基准未就绪(窗口 0/20, 越界剔除 0) — 暂不判决
[INFO] [1789382182.382226405] [mhe_node]: MHE mass estimate: 2.046 kg (T_phys=20.18N) | solve=8.7ms (max15.7)
[INFO] [1789382182.382754280] [mhe_node]: [truth] m_hat=2.0458 m_true=2.0643 err=-0.90% | c_hat=[+0.0000,+0.0000] c_true=[+0.0000,+0.0000] | Jxx_hat=0.01420 Jxx_true=0.01420 Jyz_hat=+0.00000 Jyz_true=+0.00000 | s_hat=[+0.0038,-0.0014] s_true=[+0.0000,+0.0000] kg·m
[INFO] [1789382182.383267065] [mhe_node]: [tau_phys] roll=-0.003 pitch=-0.008 Nm
[INFO] [1789382182.383843893] [mhe_node]: [mass-diag] m_est=2.0458 T=20.183N tilt=7.29deg cos=0.99192 | T/g=2.0574 T*cos/g=2.0408 | m_est-T*cos/g=+0.0051kg (+0.25%) vz=+0.052
[INFO] [1789382182.384426559] [mhe_node]: [c_xy_est] cx=-0.0000 cy=-0.0094 m
[INFO] [1789382182.469052008] [mhe_node]: [s-collapse] moment 基准未就绪(窗口 0/20, 越界剔除 0) — 暂不判决
[INFO] [1789382183.469075557] [mhe_node]: [s-collapse] moment 基准未就绪(窗口 0/20, 越界剔除 0) — 暂不判决
[INFO] [1789382184.376591750] [mhe_node]: MHE mass estimate: 2.048 kg (T_phys=20.27N) | solve=8.1ms (max13.5)
[INFO] [1789382184.377126239] [mhe_node]: [truth] m_hat=2.0477 m_true=2.0643 err=-0.80% | c_hat=[+0.0000,+0.0000] c_true=[+0.0000,+0.0000] | Jxx_hat=0.01420 Jxx_true=0.01420 Jyz_hat=+0.00000 Jyz_true=+0.00000 | s_hat=[+0.0023,-0.0007] s_true=[+0.0000,+0.0000] kg·m
[INFO] [1789382184.377630612] [mhe_node]: [tau_phys] roll=-0.006 pitch=+0.024 Nm
[INFO] [1789382184.378204701] [mhe_node]: [mass-diag] m_est=2.0477 T=20.268N tilt=6.61deg cos=0.99335 | T/g=2.0661 T*cos/g=2.0524 | m_est-T*cos/g=-0.0047kg (-0.23%) vz=-0.073
[INFO] [1789382184.378771366] [mhe_node]: [c_xy_est] cx=-0.0000 cy=-0.0094 m
[INFO] [1789382184.469019074] [mhe_node]: [s-collapse] moment 基准未就绪(窗口 0/20, 越界剔除 0) — 暂不判决
[INFO] [1789382185.469081817] [mhe_node]: [s-collapse] moment 基准未就绪(窗口 0/20, 越界剔除 0) — 暂不判决
[INFO] [1789382186.378741897] [mhe_node]: MHE mass estimate: 2.054 kg (T_phys=20.37N) | solve=8.4ms (max15.9)
[INFO] [1789382186.379274585] [mhe_node]: [truth] m_hat=2.0544 m_true=2.0643 err=-0.48% | c_hat=[+0.0000,+0.0000] c_true=[+0.0000,+0.0000] | Jxx_hat=0.01420 Jxx_true=0.01420 Jyz_hat=+0.00000 Jyz_true=+0.00000 | s_hat=[+0.0024,-0.0021] s_true=[+0.0000,+0.0000] kg·m
[INFO] [1789382186.379781644] [mhe_node]: [tau_phys] roll=+0.000 pitch=-0.038 Nm
[INFO] [1789382186.380354592] [mhe_node]: [mass-diag] m_est=2.0544 T=20.366N tilt=10.34deg cos=0.98377 | T/g=2.0760 T*cos/g=2.0423 | m_est-T*cos/g=+0.0121kg (+0.59%) vz=-0.148
[INFO] [1789382186.380923850] [mhe_node]: [c_xy_est] cx=-0.0000 cy=-0.0094 m
[INFO] [1789382186.469050292] [mhe_node]: [s-collapse] moment 基准未就绪(窗口 0/20, 越界剔除 0) — 暂不判决
[INFO] [1789382187.469151352] [mhe_node]: [s-collapse] moment 基准未就绪(窗口 0/20, 越界剔除 0) — 暂不判决
[INFO] [1789382188.376696955] [mhe_node]: MHE mass estimate: 2.042 kg (T_phys=20.05N) | solve=9.1ms (max15.6)
[INFO] [1789382188.377231629] [mhe_node]: [truth] m_hat=2.0416 m_true=2.0643 err=-1.10% | c_hat=[+0.0000,+0.0000] c_true=[+0.0000,+0.0000] | Jxx_hat=0.01420 Jxx_true=0.01420 Jyz_hat=+0.00000 Jyz_true=+0.00000 | s_hat=[+0.0069,+0.0004] s_true=[+0.0000,+0.0000] kg·m
[INFO] [1789382188.377740801] [mhe_node]: [tau_phys] roll=+0.019 pitch=-0.002 Nm
[INFO] [1789382188.378319541] [mhe_node]: [mass-diag] m_est=2.0416 T=20.053N tilt=4.70deg cos=0.99664 | T/g=2.0441 T*cos/g=2.0373 | m_est-T*cos/g=+0.0043kg (+0.21%) vz=-0.225
[INFO] [1789382188.378892313] [mhe_node]: [c_xy_est] cx=-0.0000 cy=-0.0094 m
[INFO] [1789382188.469072826] [mhe_node]: [s-collapse] moment 基准未就绪(窗口 0/20, 越界剔除 0) — 暂不判决
[INFO] [1789382189.469068157] [mhe_node]: [s-collapse] moment 基准未就绪(窗口 0/20, 越界剔除 0) — 暂不判决
[INFO] [1789382190.375056017] [mhe_node]: MHE mass estimate: 2.047 kg (T_phys=20.40N) | solve=8.9ms (max15.8)
[INFO] [1789382190.375443154] [mhe_node]: [truth] m_hat=2.0469 m_true=2.0643 err=-0.84% | c_hat=[+0.0000,+0.0000] c_true=[+0.0000,+0.0000] | Jxx_hat=0.01420 Jxx_true=0.01420 Jyz_hat=+0.00000 Jyz_true=+0.00000 | s_hat=[+0.0037,+0.0022] s_true=[+0.0000,+0.0000] kg·m
[INFO] [1789382190.375797728] [mhe_node]: [tau_phys] roll=+0.024 pitch=+0.019 Nm
[INFO] [1789382190.376204999] [mhe_node]: [mass-diag] m_est=2.0469 T=20.395N tilt=6.36deg cos=0.99385 | T/g=2.0790 T*cos/g=2.0662 | m_est-T*cos/g=-0.0193kg (-0.93%) vz=-0.205
[INFO] [1789382190.376600512] [mhe_node]: [c_xy_est] cx=-0.0000 cy=-0.0094 m
[INFO] [1789382190.469161838] [mhe_node]: [s-collapse] moment 基准未就绪(窗口 0/20, 越界剔除 0) — 暂不判决
[INFO] [1789382191.468956759] [mhe_node]: [s-collapse] moment 基准未就绪(窗口 0/20, 越界剔除 0) — 暂不判决
[INFO] [1789382192.375463247] [mhe_node]: MHE mass estimate: 2.051 kg (T_phys=20.55N) | solve=7.9ms (max16.9)
[INFO] [1789382192.375849005] [mhe_node]: [truth] m_hat=2.0510 m_true=2.0643 err=-0.64% | c_hat=[+0.0000,+0.0000] c_true=[+0.0000,+0.0000] | Jxx_hat=0.01420 Jxx_true=0.01420 Jyz_hat=+0.00000 Jyz_true=+0.00000 | s_hat=[+0.0022,+0.0032] s_true=[+0.0000,+0.0000] kg·m
[INFO] [1789382192.376228938] [mhe_node]: [tau_phys] roll=+0.021 pitch=-0.028 Nm
[INFO] [1789382192.376641809] [mhe_node]: [mass-diag] m_est=2.0510 T=20.550N tilt=9.70deg cos=0.98572 | T/g=2.0948 T*cos/g=2.0649 | m_est-T*cos/g=-0.0139kg (-0.67%) vz=-0.109
[INFO] [1789382192.377045281] [mhe_node]: [c_xy_est] cx=-0.0000 cy=-0.0094 m
[INFO] [1789382192.468938346] [mhe_node]: [s-collapse] moment 基准未就绪(窗口 0/20, 越界剔除 0) — 暂不判决
[INFO] [1789382193.469082678] [mhe_node]: [s-collapse] moment 基准未就绪(窗口 0/20, 越界剔除 0) — 暂不判决
[INFO] [1789382194.373433138] [mhe_node]: MHE mass estimate: 2.046 kg (T_phys=20.41N) | solve=9.4ms (max22.2)
[INFO] [1789382194.373822780] [mhe_node]: [truth] m_hat=2.0463 m_true=2.0643 err=-0.87% | c_hat=[+0.0000,+0.0000] c_true=[+0.0000,+0.0000] | Jxx_hat=0.01420 Jxx_true=0.01420 Jyz_hat=+0.00000 Jyz_true=+0.00000 | s_hat=[+0.0043,+0.0018] s_true=[+0.0000,+0.0000] kg·m
[INFO] [1789382194.374187900] [mhe_node]: [tau_phys] roll=+0.024 pitch=+0.001 Nm
[INFO] [1789382194.374600906] [mhe_node]: [mass-diag] m_est=2.0463 T=20.406N tilt=4.91deg cos=0.99633 | T/g=2.0801 T*cos/g=2.0725 | m_est-T*cos/g=-0.0262kg (-1.26%) vz=+0.004
[INFO] [1789382194.375005073] [mhe_node]: [c_xy_est] cx=-0.0000 cy=-0.0094 m
[INFO] [1789382194.469073579] [mhe_node]: [s-collapse] moment 基准未就绪(窗口 0/20, 越界剔除 0) — 暂不判决
[INFO] [1789382195.469070414] [mhe_node]: [s-collapse] moment 基准未就绪(窗口 0/20, 越界剔除 0) — 暂不判决
[INFO] [1789382196.379922474] [mhe_node]: MHE mass estimate: 2.049 kg (T_phys=20.47N) | solve=7.2ms (max10.1)
[INFO] [1789382196.380456733] [mhe_node]: [truth] m_hat=2.0494 m_true=2.0643 err=-0.72% | c_hat=[+0.0000,+0.0000] c_true=[+0.0000,+0.0000] | Jxx_hat=0.01420 Jxx_true=0.01420 Jyz_hat=+0.00000 Jyz_true=+0.00000 | s_hat=[+0.0008,+0.0029] s_true=[+0.0000,+0.0000] kg·m
[INFO] [1789382196.380964222] [mhe_node]: [tau_phys] roll=+0.040 pitch=-0.008 Nm
[INFO] [1789382196.381542163] [mhe_node]: [mass-diag] m_est=2.0494 T=20.473N tilt=8.72deg cos=0.98845 | T/g=2.0869 T*cos/g=2.0628 | m_est-T*cos/g=-0.0134kg (-0.65%) vz=+0.138
[INFO] [1789382196.382112477] [mhe_node]: [c_xy_est] cx=-0.0000 cy=-0.0094 m
[INFO] [1789382196.469064557] [mhe_node]: [s-collapse] moment 基准未就绪(窗口 0/20, 越界剔除 0) — 暂不判决
[INFO] [1789382197.468957675] [mhe_node]: [s-collapse] moment 基准未就绪(窗口 0/20, 越界剔除 0) — 暂不判决
[INFO] [1789382198.383391368] [mhe_node]: MHE mass estimate: 2.038 kg (T_phys=20.28N) | solve=10.6ms (max18.0)
[INFO] [1789382198.384057179] [mhe_node]: [truth] m_hat=2.0375 m_true=2.0643 err=-1.30% | c_hat=[+0.0000,+0.0000] c_true=[+0.0000,+0.0000] | Jxx_hat=0.01420 Jxx_true=0.01420 Jyz_hat=+0.00000 Jyz_true=+0.00000 | s_hat=[+0.0062,+0.0023] s_true=[+0.0000,+0.0000] kg·m
[INFO] [1789382198.384573082] [mhe_node]: [tau_phys] roll=+0.005 pitch=-0.010 Nm
[INFO] [1789382198.385149323] [mhe_node]: [mass-diag] m_est=2.0375 T=20.283N tilt=8.11deg cos=0.99000 | T/g=2.0675 T*cos/g=2.0469 | m_est-T*cos/g=-0.0093kg (-0.46%) vz=+0.215
[INFO] [1789382198.385723423] [mhe_node]: [c_xy_est] cx=-0.0000 cy=-0.0094 m
[INFO] [1789382198.469055808] [mhe_node]: [s-collapse] moment 基准未就绪(窗口 0/20, 越界剔除 0) — 暂不判决
[INFO] [1789382199.469068786] [mhe_node]: [s-collapse] moment 基准未就绪(窗口 0/20, 越界剔除 0) — 暂不判决
[INFO] [1789382200.376757703] [mhe_node]: MHE mass estimate: 2.038 kg (T_phys=20.08N) | solve=8.5ms (max14.4)
[INFO] [1789382200.377314240] [mhe_node]: [truth] m_hat=2.0382 m_true=2.0643 err=-1.27% | c_hat=[+0.0000,+0.0000] c_true=[+0.0000,+0.0000] | Jxx_hat=0.01420 Jxx_true=0.01420 Jyz_hat=+0.00000 Jyz_true=+0.00000 | s_hat=[+0.0051,+0.0005] s_true=[+0.0000,+0.0000] kg·m
[INFO] [1789382200.377836518] [mhe_node]: [tau_phys] roll=-0.001 pitch=+0.017 Nm
[INFO] [1789382200.378424922] [mhe_node]: [mass-diag] m_est=2.0382 T=20.076N tilt=1.54deg cos=0.99964 | T/g=2.0465 T*cos/g=2.0457 | m_est-T*cos/g=-0.0076kg (-0.37%) vz=+0.249
[INFO] [1789382200.378996824] [mhe_node]: [c_xy_est] cx=-0.0000 cy=-0.0094 m
[INFO] [1789382200.469099521] [mhe_node]: [s-collapse] moment 基准未就绪(窗口 0/20, 越界剔除 0) — 暂不判决
[INFO] [1789382201.469106037] [mhe_node]: [s-collapse] moment 基准未就绪(窗口 0/20, 越界剔除 0) — 暂不判决
[INFO] [1789382202.377894381] [mhe_node]: MHE mass estimate: 2.046 kg (T_phys=20.39N) | solve=8.9ms (max15.7)
[INFO] [1789382202.378447017] [mhe_node]: [truth] m_hat=2.0464 m_true=2.0643 err=-0.87% | c_hat=[+0.0000,+0.0000] c_true=[+0.0000,+0.0000] | Jxx_hat=0.01420 Jxx_true=0.01420 Jyz_hat=+0.00000 Jyz_true=+0.00000 | s_hat=[+0.0011,-0.0014] s_true=[+0.0000,+0.0000] kg·m
[INFO] [1789382202.378954193] [mhe_node]: [tau_phys] roll=-0.036 pitch=-0.012 Nm
[INFO] [1789382202.379542453] [mhe_node]: [mass-diag] m_est=2.0464 T=20.391N tilt=8.84deg cos=0.98813 | T/g=2.0786 T*cos/g=2.0539 | m_est-T*cos/g=-0.0075kg (-0.37%) vz=+0.162
[INFO] [1789382202.380115450] [mhe_node]: [c_xy_est] cx=-0.0000 cy=-0.0094 m
[INFO] [1789382202.469116506] [mhe_node]: [s-collapse] moment 基准未就绪(窗口 0/20, 越界剔除 0) — 暂不判决
[INFO] [1789382203.469067770] [mhe_node]: [s-collapse] moment 基准未就绪(窗口 0/20, 越界剔除 0) — 暂不判决
[INFO] [1789382204.378930947] [mhe_node]: MHE mass estimate: 2.044 kg (T_phys=20.05N) | solve=10.3ms (max20.4)
[INFO] [1789382204.379469898] [mhe_node]: [truth] m_hat=2.0444 m_true=2.0643 err=-0.97% | c_hat=[+0.0000,+0.0000] c_true=[+0.0000,+0.0000] | Jxx_hat=0.01420 Jxx_true=0.01420 Jyz_hat=+0.00000 Jyz_true=+0.00000 | s_hat=[+0.0037,-0.0017] s_true=[+0.0000,+0.0000] kg·m
[INFO] [1789382204.379980397] [mhe_node]: [tau_phys] roll=-0.002 pitch=-0.001 Nm
[INFO] [1789382204.380558584] [mhe_node]: [mass-diag] m_est=2.0444 T=20.046N tilt=7.77deg cos=0.99081 | T/g=2.0434 T*cos/g=2.0246 | m_est-T*cos/g=+0.0197kg (+0.97%) vz=+0.060
[INFO] [1789382204.381128817] [mhe_node]: [c_xy_est] cx=-0.0000 cy=-0.0094 m
[INFO] [1789382204.469070656] [mhe_node]: [s-collapse] moment 基准未就绪(窗口 0/20, 越界剔除 0) — 暂不判决
[INFO] [1789382205.469075685] [mhe_node]: [s-collapse] moment 基准未就绪(窗口 0/20, 越界剔除 0) — 暂不判决
[INFO] [1789382206.376863183] [mhe_node]: MHE mass estimate: 2.048 kg (T_phys=20.26N) | solve=8.0ms (max13.6)
[INFO] [1789382206.377434516] [mhe_node]: [truth] m_hat=2.0484 m_true=2.0643 err=-0.77% | c_hat=[+0.0000,+0.0000] c_true=[+0.0000,+0.0000] | Jxx_hat=0.01420 Jxx_true=0.01420 Jyz_hat=+0.00000 Jyz_true=+0.00000 | s_hat=[+0.0019,-0.0006] s_true=[+0.0000,+0.0000] kg·m
[INFO] [1789382206.377951490] [mhe_node]: [tau_phys] roll=-0.006 pitch=+0.030 Nm
[INFO] [1789382206.378553598] [mhe_node]: [mass-diag] m_est=2.0484 T=20.262N tilt=6.00deg cos=0.99452 | T/g=2.0654 T*cos/g=2.0541 | m_est-T*cos/g=-0.0057kg (-0.28%) vz=-0.077
[INFO] [1789382206.379132181] [mhe_node]: [c_xy_est] cx=-0.0000 cy=-0.0094 m
[INFO] [1789382206.469085837] [mhe_node]: [s-collapse] moment 基准未就绪(窗口 0/20, 越界剔除 0) — 暂不判决
[INFO] [1789382207.469067114] [mhe_node]: [s-collapse] moment 基准未就绪(窗口 0/20, 越界剔除 0) — 暂不判决
[INFO] [1789382208.379238285] [mhe_node]: MHE mass estimate: 2.050 kg (T_phys=20.43N) | solve=8.4ms (max15.6)
[INFO] [1789382208.379626392] [mhe_node]: [truth] m_hat=2.0502 m_true=2.0643 err=-0.68% | c_hat=[+0.0000,+0.0000] c_true=[+0.0000,+0.0000] | Jxx_hat=0.01420 Jxx_true=0.01420 Jyz_hat=+0.00000 Jyz_true=+0.00000 | s_hat=[+0.0022,-0.0023] s_true=[+0.0000,+0.0000] kg·m
[INFO] [1789382208.379986655] [mhe_node]: [tau_phys] roll=-0.003 pitch=-0.025 Nm
[INFO] [1789382208.380406079] [mhe_node]: [mass-diag] m_est=2.0502 T=20.425N tilt=10.39deg cos=0.98360 | T/g=2.0821 T*cos/g=2.0479 | m_est-T*cos/g=+0.0023kg (+0.11%) vz=-0.162
[INFO] [1789382208.380809642] [mhe_node]: [c_xy_est] cx=-0.0000 cy=-0.0094 m
[INFO] [1789382208.469049228] [mhe_node]: [s-collapse] moment 基准未就绪(窗口 0/20, 越界剔除 0) — 暂不判决
[INFO] [1789382209.469067285] [mhe_node]: [s-collapse] moment 基准未就绪(窗口 0/20, 越界剔除 0) — 暂不判决
[INFO] [1789382210.377806526] [mhe_node]: MHE mass estimate: 2.042 kg (T_phys=20.06N) | solve=9.9ms (max13.4)
[INFO] [1789382210.378343042] [mhe_node]: [truth] m_hat=2.0425 m_true=2.0643 err=-1.06% | c_hat=[+0.0000,+0.0000] c_true=[+0.0000,+0.0000] | Jxx_hat=0.01420 Jxx_true=0.01420 Jyz_hat=+0.00000 Jyz_true=+0.00000 | s_hat=[+0.0070,+0.0000] s_true=[+0.0000,+0.0000] kg·m
[INFO] [1789382210.378852665] [mhe_node]: [tau_phys] roll=+0.010 pitch=-0.007 Nm
[INFO] [1789382210.379428293] [mhe_node]: [mass-diag] m_est=2.0425 T=20.059N tilt=5.35deg cos=0.99564 | T/g=2.0448 T*cos/g=2.0359 | m_est-T*cos/g=+0.0066kg (+0.33%) vz=-0.213
[INFO] [1789382210.379998710] [mhe_node]: [c_xy_est] cx=-0.0000 cy=-0.0094 m
[INFO] [1789382210.469057442] [mhe_node]: [s-collapse] moment 基准未就绪(窗口 0/20, 越界剔除 0) — 暂不判决
[INFO] [1789382211.469067194] [mhe_node]: [s-collapse] moment 基准未就绪(窗口 0/20, 越界剔除 0) — 暂不判决
[INFO] [1789382212.380918132] [mhe_node]: MHE mass estimate: 2.044 kg (T_phys=20.43N) | solve=9.8ms (max15.0)
[INFO] [1789382212.381449174] [mhe_node]: [truth] m_hat=2.0441 m_true=2.0643 err=-0.98% | c_hat=[+0.0000,+0.0000] c_true=[+0.0000,+0.0000] | Jxx_hat=0.01420 Jxx_true=0.01420 Jyz_hat=+0.00000 Jyz_true=+0.00000 | s_hat=[+0.0028,+0.0019] s_true=[+0.0000,+0.0000] kg·m
[INFO] [1789382212.381953524] [mhe_node]: [tau_phys] roll=+0.022 pitch=+0.010 Nm
[INFO] [1789382212.382534131] [mhe_node]: [mass-diag] m_est=2.0441 T=20.431N tilt=5.07deg cos=0.99609 | T/g=2.0827 T*cos/g=2.0745 | m_est-T*cos/g=-0.0304kg (-1.47%) vz=-0.201
[INFO] [1789382212.383103716] [mhe_node]: [c_xy_est] cx=-0.0000 cy=-0.0094 m
[INFO] [1789382212.469065716] [mhe_node]: [s-collapse] moment 基准未就绪(窗口 0/20, 越界剔除 0) — 暂不判决
[INFO] [1789382213.469070316] [mhe_node]: [s-collapse] moment 基准未就绪(窗口 0/20, 越界剔除 0) — 暂不判决
[INFO] [1789382214.378817619] [mhe_node]: MHE mass estimate: 2.055 kg (T_phys=20.49N) | solve=8.0ms (max11.2)
[INFO] [1789382214.379381812] [mhe_node]: [truth] m_hat=2.0547 m_true=2.0643 err=-0.46% | c_hat=[+0.0000,+0.0000] c_true=[+0.0000,+0.0000] | Jxx_hat=0.01420 Jxx_true=0.01420 Jyz_hat=+0.00000 Jyz_true=+0.00000 | s_hat=[+0.0019,+0.0033] s_true=[+0.0000,+0.0000] kg·m
[INFO] [1789382214.379896859] [mhe_node]: [tau_phys] roll=+0.017 pitch=-0.019 Nm
[INFO] [1789382214.380494958] [mhe_node]: [mass-diag] m_est=2.0547 T=20.489N tilt=9.61deg cos=0.98595 | T/g=2.0885 T*cos/g=2.0592 | m_est-T*cos/g=-0.0045kg (-0.22%) vz=-0.118
[INFO] [1789382214.381074056] [mhe_node]: [c_xy_est] cx=-0.0000 cy=-0.0094 m
[INFO] [1789382214.469081174] [mhe_node]: [s-collapse] moment 基准未就绪(窗口 0/20, 越界剔除 0) — 暂不判决
[INFO] [1789382215.469064428] [mhe_node]: [s-collapse] moment 基准未就绪(窗口 0/20, 越界剔除 0) — 暂不判决
[INFO] [1789382216.376584221] [mhe_node]: MHE mass estimate: 2.045 kg (T_phys=20.31N) | solve=9.1ms (max13.3)
[INFO] [1789382216.377242044] [mhe_node]: [truth] m_hat=2.0450 m_true=2.0643 err=-0.94% | c_hat=[+0.0000,+0.0000] c_true=[+0.0000,+0.0000] | Jxx_hat=0.01420 Jxx_true=0.01420 Jyz_hat=+0.00000 Jyz_true=+0.00000 | s_hat=[+0.0038,+0.0017] s_true=[+0.0000,+0.0000] kg·m
[INFO] [1789382216.377750708] [mhe_node]: [tau_phys] roll=+0.014 pitch=+0.008 Nm
[INFO] [1789382216.378328360] [mhe_node]: [mass-diag] m_est=2.0450 T=20.311N tilt=5.40deg cos=0.99556 | T/g=2.0704 T*cos/g=2.0612 | m_est-T*cos/g=-0.0162kg (-0.79%) vz=-0.008
[INFO] [1789382216.378896212] [mhe_node]: [c_xy_est] cx=-0.0000 cy=-0.0094 m
[INFO] [1789382216.468942781] [mhe_node]: [s-collapse] moment 基准未就绪(窗口 0/20, 越界剔除 0) — 暂不判决
[INFO] [1789382217.468951700] [mhe_node]: [s-collapse] moment 基准未就绪(窗口 0/20, 越界剔除 0) — 暂不判决
[INFO] [1789382218.376606643] [mhe_node]: MHE mass estimate: 2.047 kg (T_phys=20.50N) | solve=7.0ms (max15.9)
[INFO] [1789382218.377136615] [mhe_node]: [truth] m_hat=2.0472 m_true=2.0643 err=-0.83% | c_hat=[+0.0000,+0.0000] c_true=[+0.0000,+0.0000] | Jxx_hat=0.01420 Jxx_true=0.01420 Jyz_hat=+0.00000 Jyz_true=+0.00000 | s_hat=[+0.0016,+0.0027] s_true=[+0.0000,+0.0000] kg·m
[INFO] [1789382218.377644972] [mhe_node]: [tau_phys] roll=+0.055 pitch=-0.046 Nm
[INFO] [1789382218.378224533] [mhe_node]: [mass-diag] m_est=2.0472 T=20.502N tilt=8.34deg cos=0.98941 | T/g=2.0899 T*cos/g=2.0678 | m_est-T*cos/g=-0.0207kg (-1.00%) vz=+0.108
[INFO] [1789382218.378791526] [mhe_node]: [c_xy_est] cx=-0.0000 cy=-0.0094 m
[INFO] [1789382218.469058871] [mhe_node]: [s-collapse] moment 基准未就绪(窗口 0/20, 越界剔除 0) — 暂不判决
[INFO] [1789382219.469071189] [mhe_node]: [s-collapse] moment 基准未就绪(窗口 0/20, 越界剔除 0) — 暂不判决
[INFO] [1789382220.378642547] [mhe_node]: MHE mass estimate: 2.038 kg (T_phys=20.19N) | solve=11.0ms (max16.6)
[INFO] [1789382220.379184705] [mhe_node]: [truth] m_hat=2.0378 m_true=2.0643 err=-1.29% | c_hat=[+0.0000,+0.0000] c_true=[+0.0000,+0.0000] | Jxx_hat=0.01420 Jxx_true=0.01420 Jyz_hat=+0.00000 Jyz_true=+0.00000 | s_hat=[+0.0056,+0.0025] s_true=[+0.0000,+0.0000] kg·m
[INFO] [1789382220.379698839] [mhe_node]: [tau_phys] roll=+0.012 pitch=-0.043 Nm
[INFO] [1789382220.380282800] [mhe_node]: [mass-diag] m_est=2.0378 T=20.185N tilt=9.17deg cos=0.98723 | T/g=2.0576 T*cos/g=2.0313 | m_est-T*cos/g=+0.0064kg (+0.32%) vz=+0.232
[INFO] [1789382220.380854123] [mhe_node]: [c_xy_est] cx=-0.0000 cy=-0.0094 m
[INFO] [1789382220.468948688] [mhe_node]: [s-collapse] moment 基准未就绪(窗口 0/20, 越界剔除 0) — 暂不判决
[INFO] [1789382221.469079087] [mhe_node]: [s-collapse] moment 基准未就绪(窗口 0/20, 越界剔除 0) — 暂不判决
[INFO] [1789382222.376800074] [mhe_node]: MHE mass estimate: 2.035 kg (T_phys=20.16N) | solve=9.1ms (max17.9)
[INFO] [1789382222.377335771] [mhe_node]: [truth] m_hat=2.0346 m_true=2.0643 err=-1.44% | c_hat=[+0.0000,+0.0000] c_true=[+0.0000,+0.0000] | Jxx_hat=0.01420 Jxx_true=0.01420 Jyz_hat=+0.00000 Jyz_true=+0.00000 | s_hat=[+0.0073,+0.0007] s_true=[+0.0000,+0.0000] kg·m
[INFO] [1789382222.377847581] [mhe_node]: [tau_phys] roll=-0.002 pitch=-0.011 Nm
[INFO] [1789382222.378431858] [mhe_node]: [mass-diag] m_est=2.0346 T=20.160N tilt=1.89deg cos=0.99945 | T/g=2.0551 T*cos/g=2.0539 | m_est-T*cos/g=-0.0194kg (-0.94%) vz=+0.218
[INFO] [1789382222.379005790] [mhe_node]: [c_xy_est] cx=-0.0000 cy=-0.0094 m
[INFO] [1789382222.469068443] [mhe_node]: [s-collapse] moment 基准未就绪(窗口 0/20, 越界剔除 0) — 暂不判决
[INFO] [1789382223.469067011] [mhe_node]: [s-collapse] moment 基准未就绪(窗口 0/20, 越界剔除 0) — 暂不判决
[INFO] [1789382224.376955244] [mhe_node]: MHE mass estimate: 2.046 kg (T_phys=20.35N) | solve=8.8ms (max21.4)
[INFO] [1789382224.377505392] [mhe_node]: [truth] m_hat=2.0460 m_true=2.0643 err=-0.88% | c_hat=[+0.0000,+0.0000] c_true=[+0.0000,+0.0000] | Jxx_hat=0.01420 Jxx_true=0.01420 Jyz_hat=+0.00000 Jyz_true=+0.00000 | s_hat=[+0.0010,-0.0011] s_true=[+0.0000,+0.0000] kg·m
[INFO] [1789382224.378018500] [mhe_node]: [tau_phys] roll=-0.025 pitch=-0.021 Nm
[INFO] [1789382224.378608863] [mhe_node]: [mass-diag] m_est=2.0460 T=20.354N tilt=7.65deg cos=0.99110 | T/g=2.0748 T*cos/g=2.0564 | m_est-T*cos/g=-0.0103kg (-0.50%) vz=+0.183
[INFO] [1789382224.379185575] [mhe_node]: [c_xy_est] cx=-0.0000 cy=-0.0094 m
[ros2run]: Killed
