[INFO] [1785422432.294569887] [mhe_node]: MHE node starting, building/loading solver...
Code reuse possible, skipping code generation.
acados was compiled without OpenMP.
[INFO] [1785422432.300940011] [mhe_node]: weight schedule theta = [-4.80, -1.21, 0.49, -0.96, 0.99], signal mode = external
[INFO] [1785422432.304758070] [mhe_node]: MHE node initialized! Waiting for odometry + control data...
[INFO] [1785422460.504907449] [mhe_node]: [geom] payload_attached=False -> dJ=0.0000 c_xy=[+0.0000,+0.0000]
[INFO] [1785422462.407127751] [mhe_node]: MHE mass estimate: 2.061 kg (T_phys=18.67N)
[INFO] [1785422462.407533476] [mhe_node]: [tau_phys] roll=+0.001 pitch=-0.002 Nm
[INFO] [1785422462.407929311] [mhe_node]: [c_xy_est] cx=-0.0001 cy=+0.0000 m
[INFO] [1785422464.407117390] [mhe_node]: MHE mass estimate: 2.067 kg (T_phys=20.31N)
[INFO] [1785422464.407525838] [mhe_node]: [tau_phys] roll=+0.000 pitch=+0.000 Nm
[INFO] [1785422464.407920694] [mhe_node]: [c_xy_est] cx=-0.0001 cy=+0.0000 m
[INFO] [1785422464.974141378] [mhe_node]: mass event [attach (gripper)] received at frame 65: armed, waiting for T_phys confirmation (baseline=20.31N, thresh=2.9N)
[INFO] [1785422465.004843128] [mhe_node]: [geom] payload_attached=True -> dJ=0.0578 c_xy=[+0.0000,-0.0141]
[INFO] [1785422465.013148894] [mhe_node]: [post-event] m_est=1.985 kg (T_phys=20.32N)
[INFO] [1785422465.114190705] [mhe_node]: [post-event] m_est=1.990 kg (T_phys=19.16N)
[INFO] [1785422465.211797788] [mhe_node]: [post-event] m_est=1.989 kg (T_phys=19.19N)
[INFO] [1785422465.314229751] [mhe_node]: [post-event] m_est=1.987 kg (T_phys=19.19N)
[INFO] [1785422465.413396832] [mhe_node]: [post-event] m_est=1.984 kg (T_phys=19.19N)
[INFO] [1785422465.513077800] [mhe_node]: [post-event] m_est=1.980 kg (T_phys=19.19N)
[INFO] [1785422465.613153550] [mhe_node]: [post-event] m_est=1.976 kg (T_phys=19.17N)
[INFO] [1785422465.713122878] [mhe_node]: [post-event] m_est=1.972 kg (T_phys=19.16N)
[INFO] [1785422465.813078923] [mhe_node]: [post-event] m_est=1.968 kg (T_phys=19.12N)
[INFO] [1785422465.910553851] [mhe_node]: [post-event] m_est=1.964 kg (T_phys=19.08N)
[INFO] [1785422466.012997820] [mhe_node]: [post-event] m_est=1.961 kg (T_phys=19.03N)
[INFO] [1785422466.113862818] [mhe_node]: [post-event] m_est=1.961 kg (T_phys=18.99N)
[INFO] [1785422466.212651709] [mhe_node]: [post-event] m_est=1.961 kg (T_phys=18.97N)
[INFO] [1785422466.311977391] [mhe_node]: [post-event] m_est=1.961 kg (T_phys=18.95N)
[INFO] [1785422466.412126061] [mhe_node]: [post-event] m_est=1.961 kg (T_phys=18.93N)
[INFO] [1785422466.412555275] [mhe_node]: MHE mass estimate: 1.961 kg (T_phys=18.93N)
[INFO] [1785422466.412928172] [mhe_node]: [tau_phys] roll=+0.030 pitch=-0.126 Nm | model pred: roll=-0.000 pitch=-0.000 (m_p=0.000 r=[+0.000,-0.111])
[INFO] [1785422466.413327376] [mhe_node]: [c_xy_est] cx=+0.0038 cy=-0.0016 m | truth c=[+0.0000,-0.0000] (m_p=0.000)
[INFO] [1785422466.511105362] [mhe_node]: [post-event] m_est=1.961 kg (T_phys=18.92N)
[INFO] [1785422466.611271353] [mhe_node]: [post-event] m_est=1.961 kg (T_phys=18.91N)
[INFO] [1785422466.710533379] [mhe_node]: [post-event] m_est=1.961 kg (T_phys=18.94N)
[INFO] [1785422466.810013113] [mhe_node]: [post-event] m_est=1.961 kg (T_phys=19.08N)
[INFO] [1785422466.910103546] [mhe_node]: [post-event] m_est=1.961 kg (T_phys=19.36N)
[INFO] [1785422467.011715247] [mhe_node]: [post-event] m_est=1.961 kg (T_phys=19.81N)
[INFO] [1785422467.113001967] [mhe_node]: [post-event] m_est=1.961 kg (T_phys=20.44N)
[INFO] [1785422467.211764129] [mhe_node]: [post-event] m_est=1.961 kg (T_phys=21.26N)
[INFO] [1785422467.314838736] [mhe_node]: [post-event] m_est=1.961 kg (T_phys=22.28N)
[INFO] [1785422467.404837368] [mhe_node]: mass event confirmed by T_phys (23.47N vs baseline 20.31N) at frame 89: de-weighting pre-event stages
[INFO] [1785422467.405539115] [mhe_node]: event transition started: pre-event stages de-weighted
[INFO] [1785422467.412233526] [mhe_node]: [transition] m_est=1.961 kg (T_phys=23.47N)
[INFO] [1785422467.508144411] [mhe_node]: [transition] m_est=2.006 kg (T_phys=24.62N)
[INFO] [1785422467.607802397] [mhe_node]: [transition] m_est=2.134 kg (T_phys=25.76N)
[INFO] [1785422467.707791621] [mhe_node]: [transition] m_est=2.246 kg (T_phys=27.24N)
[INFO] [1785422467.807786631] [mhe_node]: [transition] m_est=2.312 kg (T_phys=27.41N)
[INFO] [1785422467.907757969] [mhe_node]: [transition] m_est=2.327 kg (T_phys=26.79N)
[INFO] [1785422468.008084787] [mhe_node]: [transition] m_est=2.330 kg (T_phys=25.29N)
[INFO] [1785422468.108238577] [mhe_node]: [transition] m_est=2.314 kg (T_phys=24.24N)
[INFO] [1785422468.209086121] [mhe_node]: [transition] m_est=2.305 kg (T_phys=23.18N)
[INFO] [1785422468.307752001] [mhe_node]: [transition] m_est=2.293 kg (T_phys=22.72N)
[INFO] [1785422468.410423932] [mhe_node]: [transition] m_est=2.290 kg (T_phys=22.25N)
[INFO] [1785422468.410845704] [mhe_node]: MHE mass estimate: 2.290 kg (T_phys=22.25N)
[INFO] [1785422468.411230407] [mhe_node]: [tau_phys] roll=-0.289 pitch=+0.023 Nm | model pred: roll=-0.246 pitch=-0.001 (m_p=0.225 r=[+0.000,-0.111])
[INFO] [1785422468.411628357] [mhe_node]: [c_xy_est] cx=+0.0017 cy=-0.0082 m | truth c=[+0.0000,-0.0110] (m_p=0.225)
[INFO] [1785422468.510556494] [mhe_node]: [transition] m_est=2.285 kg (T_phys=22.14N)
[INFO] [1785422468.609264545] [mhe_node]: [transition] m_est=2.282 kg (T_phys=21.92N)
[INFO] [1785422468.710774873] [mhe_node]: [transition] m_est=2.284 kg (T_phys=21.86N)
[INFO] [1785422468.811692715] [mhe_node]: [transition] m_est=2.287 kg (T_phys=21.66N)
[INFO] [1785422468.909260382] [mhe_node]: [transition] m_est=2.290 kg (T_phys=21.55N)
[INFO] [1785422469.009809006] [mhe_node]: [transition] m_est=2.293 kg (T_phys=21.32N)
[INFO] [1785422469.109705884] [mhe_node]: [transition] m_est=2.295 kg (T_phys=21.19N)
[INFO] [1785422469.210648107] [mhe_node]: [transition] m_est=2.299 kg (T_phys=21.03N)
[INFO] [1785422469.310629298] [mhe_node]: [transition] m_est=2.301 kg (T_phys=20.96N)
[INFO] [1785422469.405576445] [mhe_node]: event transition ended: nominal weights restored
[INFO] [1785422469.409518338] [mhe_node]: [post-event] m_est=2.301 kg (T_phys=20.95N)
[INFO] [1785422469.508959938] [mhe_node]: [post-event] m_est=2.302 kg (T_phys=21.03N)
[INFO] [1785422469.608949783] [mhe_node]: [post-event] m_est=2.306 kg (T_phys=21.25N)
[INFO] [1785422469.707725190] [mhe_node]: [post-event] m_est=2.311 kg (T_phys=21.57N)
[INFO] [1785422469.808030738] [mhe_node]: [post-event] m_est=2.317 kg (T_phys=21.91N)
[INFO] [1785422469.908234022] [mhe_node]: [post-event] m_est=2.323 kg (T_phys=22.21N)
[INFO] [1785422470.008128008] [mhe_node]: [post-event] m_est=2.330 kg (T_phys=22.42N)
[INFO] [1785422470.108298457] [mhe_node]: [post-event] m_est=2.335 kg (T_phys=22.58N)
[INFO] [1785422470.208171236] [mhe_node]: [post-event] m_est=2.340 kg (T_phys=22.70N)
[INFO] [1785422470.308307526] [mhe_node]: [post-event] m_est=2.344 kg (T_phys=22.77N)
[INFO] [1785422470.408181796] [mhe_node]: [post-event] m_est=2.347 kg (T_phys=22.82N)
[INFO] [1785422470.408605646] [mhe_node]: MHE mass estimate: 2.347 kg (T_phys=22.82N)
[INFO] [1785422470.409000783] [mhe_node]: [tau_phys] roll=-0.329 pitch=+0.018 Nm | model pred: roll=-0.309 pitch=-0.001 (m_p=0.283 r=[+0.000,-0.111])
[INFO] [1785422470.409402171] [mhe_node]: [c_xy_est] cx=+0.0000 cy=-0.0121 m | truth c=[+0.0000,-0.0134] (m_p=0.283)
[INFO] [1785422470.508099780] [mhe_node]: [post-event] m_est=2.350 kg (T_phys=22.87N)
[INFO] [1785422470.607300528] [mhe_node]: [post-event] m_est=2.353 kg (T_phys=22.92N)
[INFO] [1785422470.707297881] [mhe_node]: [post-event] m_est=2.355 kg (T_phys=22.98N)
[INFO] [1785422470.807420252] [mhe_node]: [post-event] m_est=2.357 kg (T_phys=23.04N)
[INFO] [1785422470.908131244] [mhe_node]: [post-event] m_est=2.358 kg (T_phys=23.07N)
[INFO] [1785422471.008196816] [mhe_node]: [post-event] m_est=2.360 kg (T_phys=23.09N)
[INFO] [1785422471.108112547] [mhe_node]: [post-event] m_est=2.360 kg (T_phys=23.10N)
[INFO] [1785422471.207751043] [mhe_node]: [post-event] m_est=2.361 kg (T_phys=23.11N)
[INFO] [1785422471.307789893] [mhe_node]: [post-event] m_est=2.361 kg (T_phys=23.11N)
[INFO] [1785422471.407833369] [mhe_node]: [post-event] m_est=2.361 kg (T_phys=23.11N)
[INFO] [1785422471.507756489] [mhe_node]: [post-event] m_est=2.361 kg (T_phys=23.12N)
[INFO] [1785422471.607151664] [mhe_node]: [post-event] m_est=2.361 kg (T_phys=23.12N)
[INFO] [1785422471.707042698] [mhe_node]: [post-event] m_est=2.361 kg (T_phys=23.12N)
[INFO] [1785422471.807170850] [mhe_node]: [post-event] m_est=2.360 kg (T_phys=23.11N)
[INFO] [1785422471.907773631] [mhe_node]: [post-event] m_est=2.360 kg (T_phys=23.10N)
[INFO] [1785422472.407856199] [mhe_node]: MHE mass estimate: 2.360 kg (T_phys=23.14N)
[INFO] [1785422472.408262667] [mhe_node]: [tau_phys] roll=-0.333 pitch=+0.020 Nm | model pred: roll=-0.323 pitch=-0.001 (m_p=0.296 r=[+0.000,-0.111])
[INFO] [1785422472.408668330] [mhe_node]: [c_xy_est] cx=-0.0007 cy=-0.0133 m | truth c=[+0.0000,-0.0140] (m_p=0.296)
[INFO] [1785422474.406776428] [mhe_node]: MHE mass estimate: 2.360 kg (T_phys=23.19N)
[INFO] [1785422474.407065359] [mhe_node]: [tau_phys] roll=-0.316 pitch=+0.014 Nm | model pred: roll=-0.323 pitch=-0.001 (m_p=0.296 r=[+0.000,-0.111])
[INFO] [1785422474.407346409] [mhe_node]: [c_xy_est] cx=-0.0009 cy=-0.0138 m | truth c=[+0.0000,-0.0140] (m_p=0.296)
[INFO] [1785422476.407468387] [mhe_node]: MHE mass estimate: 2.359 kg (T_phys=23.16N)
[INFO] [1785422476.407870214] [mhe_node]: [tau_phys] roll=-0.314 pitch=+0.040 Nm | model pred: roll=-0.323 pitch=-0.001 (m_p=0.295 r=[+0.000,-0.111])
[INFO] [1785422476.408280944] [mhe_node]: [c_xy_est] cx=-0.0010 cy=-0.0142 m | truth c=[+0.0000,-0.0139] (m_p=0.295)
[INFO] [1785422478.407425008] [mhe_node]: MHE mass estimate: 2.359 kg (T_phys=23.19N)
[INFO] [1785422478.407825389] [mhe_node]: [tau_phys] roll=-0.338 pitch=+0.034 Nm | model pred: roll=-0.322 pitch=-0.001 (m_p=0.294 r=[+0.000,-0.111])
[INFO] [1785422478.408237122] [mhe_node]: [c_xy_est] cx=-0.0009 cy=-0.0141 m | truth c=[+0.0000,-0.0139] (m_p=0.294)
[ros2run]: Killed
