[INFO] [1784801296.017725620] [mhe_node]: MHE node starting, building/loading solver...
Code reuse possible, skipping code generation.
acados was compiled without OpenMP.
[INFO] [1784801296.027887055] [mhe_node]: weight schedule theta = [-4.00, 0.00, 0.00, 0.00], signal mode = external
[INFO] [1784801296.035681608] [mhe_node]: MHE node initialized! Waiting for odometry + control data...
[INFO] [1784801328.837477528] [mhe_node]: [geom] payload_attached=False -> dJ=0.0000 c_xy=[+0.0000,+0.0000]
[INFO] [1784801330.749303813] [mhe_node]: MHE mass estimate: 2.064 kg (T_phys=18.43N)
[INFO] [1784801330.751623635] [mhe_node]: [tau_phys] roll=+0.000 pitch=-0.002 Nm
[INFO] [1784801330.753978461] [mhe_node]: [c_xy_est] cx=+0.0001 cy=+0.0000 m
[INFO] [1784801332.749808368] [mhe_node]: MHE mass estimate: 2.069 kg (T_phys=20.26N)
[INFO] [1784801332.752152021] [mhe_node]: [tau_phys] roll=-0.002 pitch=-0.001 Nm
[INFO] [1784801332.754574035] [mhe_node]: [c_xy_est] cx=+0.0000 cy=+0.0000 m
[INFO] [1784801333.520618994] [mhe_node]: mass event [attach (gripper)] received at frame 67: armed, waiting for T_phys confirmation (baseline=20.34N, thresh=1.5N)
[INFO] [1784801333.537455128] [mhe_node]: [geom] payload_attached=True -> dJ=0.0613 c_xy=[-0.0005,-0.0107]
[INFO] [1784801333.569473871] [mhe_node]: [post-event] m_est=2.026 kg (T_phys=20.34N)
[INFO] [1784801333.662924810] [mhe_node]: [post-event] m_est=2.029 kg (T_phys=19.98N)
[INFO] [1784801333.766561922] [mhe_node]: [post-event] m_est=2.029 kg (T_phys=19.61N)
[INFO] [1784801333.870379067] [mhe_node]: [post-event] m_est=2.028 kg (T_phys=19.56N)
[INFO] [1784801333.975284261] [mhe_node]: [post-event] m_est=2.026 kg (T_phys=19.50N)
[INFO] [1784801334.068637028] [mhe_node]: [post-event] m_est=2.024 kg (T_phys=19.46N)
[INFO] [1784801334.169154187] [mhe_node]: [post-event] m_est=2.023 kg (T_phys=19.41N)
[INFO] [1784801334.269250020] [mhe_node]: [post-event] m_est=2.022 kg (T_phys=19.38N)
[INFO] [1784801334.366075137] [mhe_node]: [post-event] m_est=2.021 kg (T_phys=19.34N)
[INFO] [1784801334.464659233] [mhe_node]: [post-event] m_est=2.019 kg (T_phys=19.32N)
[INFO] [1784801334.564087704] [mhe_node]: [post-event] m_est=2.018 kg (T_phys=19.27N)
[INFO] [1784801334.666773571] [mhe_node]: [post-event] m_est=2.016 kg (T_phys=19.25N)
[INFO] [1784801334.767187659] [mhe_node]: [post-event] m_est=2.013 kg (T_phys=19.21N)
[INFO] [1784801334.768934552] [mhe_node]: MHE mass estimate: 2.013 kg (T_phys=19.21N)
[INFO] [1784801334.770540811] [mhe_node]: [tau_phys] roll=-0.128 pitch=+0.159 Nm | model pred: roll=-0.000 pitch=+0.000 (m_p=0.000 r=[-0.004,-0.084])
[INFO] [1784801334.772101346] [mhe_node]: [c_xy_est] cx=-0.0022 cy=-0.0031 m | truth c=[-0.0000,-0.0000] (m_p=0.000)
[INFO] [1784801334.864986350] [mhe_node]: [post-event] m_est=2.010 kg (T_phys=19.19N)
[INFO] [1784801334.959529952] [mhe_node]: [post-event] m_est=2.006 kg (T_phys=19.05N)
[INFO] [1784801335.062610649] [mhe_node]: [post-event] m_est=2.002 kg (T_phys=19.13N)
[INFO] [1784801335.156510586] [mhe_node]: [post-event] m_est=1.997 kg (T_phys=19.07N)
[INFO] [1784801335.256506937] [mhe_node]: [post-event] m_est=1.992 kg (T_phys=19.05N)
[INFO] [1784801335.354642420] [mhe_node]: [post-event] m_est=1.987 kg (T_phys=19.09N)
[INFO] [1784801335.455105956] [mhe_node]: [post-event] m_est=1.983 kg (T_phys=19.23N)
[INFO] [1784801335.558323421] [mhe_node]: [post-event] m_est=1.979 kg (T_phys=19.50N)
[INFO] [1784801335.657519952] [mhe_node]: [post-event] m_est=1.975 kg (T_phys=19.92N)
[INFO] [1784801335.755062913] [mhe_node]: [post-event] m_est=1.972 kg (T_phys=20.44N)
[INFO] [1784801335.838954651] [mhe_node]: [post-event] m_est=1.971 kg (T_phys=21.15N)
[INFO] [1784801335.936740408] [mhe_node]: mass event confirmed by T_phys (22.03N vs baseline 20.34N) at frame 91: de-weighting pre-event stages
[INFO] [1784801335.940501940] [mhe_node]: event transition started: pre-event stages de-weighted
[INFO] [1784801335.960242546] [mhe_node]: [transition] m_est=1.970 kg (T_phys=22.03N)
[INFO] [1784801336.053112648] [mhe_node]: [transition] m_est=1.986 kg (T_phys=23.03N)
[INFO] [1784801336.153098225] [mhe_node]: [transition] m_est=2.109 kg (T_phys=24.29N)
[INFO] [1784801336.253923984] [mhe_node]: [transition] m_est=2.203 kg (T_phys=26.78N)
[INFO] [1784801336.351727059] [mhe_node]: [transition] m_est=2.243 kg (T_phys=28.32N)
[INFO] [1784801336.453126512] [mhe_node]: [transition] m_est=2.258 kg (T_phys=28.47N)
[INFO] [1784801336.553236929] [mhe_node]: [transition] m_est=2.268 kg (T_phys=27.38N)
[INFO] [1784801336.653085138] [mhe_node]: [transition] m_est=2.268 kg (T_phys=26.27N)
[INFO] [1784801336.753286613] [mhe_node]: [transition] m_est=2.269 kg (T_phys=24.92N)
[INFO] [1784801336.755721416] [mhe_node]: MHE mass estimate: 2.269 kg (T_phys=24.92N)
[INFO] [1784801336.757958290] [mhe_node]: [tau_phys] roll=-0.275 pitch=+0.012 Nm | model pred: roll=-0.169 pitch=+0.007 (m_p=0.205 r=[-0.004,-0.084])
[INFO] [1784801336.760331369] [mhe_node]: [c_xy_est] cx=-0.0001 cy=-0.0080 m | truth c=[-0.0003,-0.0076] (m_p=0.205)
[INFO] [1784801336.853096561] [mhe_node]: [transition] m_est=2.267 kg (T_phys=24.16N)
[INFO] [1784801336.946302203] [mhe_node]: [transition] m_est=2.266 kg (T_phys=23.27N)
[INFO] [1784801337.055485939] [mhe_node]: [transition] m_est=2.266 kg (T_phys=22.76N)
[INFO] [1784801337.155412851] [mhe_node]: [transition] m_est=2.266 kg (T_phys=22.26N)
[INFO] [1784801337.252969455] [mhe_node]: [transition] m_est=2.267 kg (T_phys=22.09N)
[INFO] [1784801337.353124356] [mhe_node]: [transition] m_est=2.269 kg (T_phys=21.81N)
[INFO] [1784801337.453194462] [mhe_node]: [transition] m_est=2.271 kg (T_phys=21.67N)
[INFO] [1784801337.553997156] [mhe_node]: [transition] m_est=2.273 kg (T_phys=21.49N)
[INFO] [1784801337.653484961] [mhe_node]: [transition] m_est=2.276 kg (T_phys=21.39N)
[INFO] [1784801337.753069866] [mhe_node]: [transition] m_est=2.280 kg (T_phys=21.24N)
[INFO] [1784801337.838801221] [mhe_node]: [transition] m_est=2.283 kg (T_phys=21.16N)
[INFO] [1784801337.941156702] [mhe_node]: event transition ended: nominal weights restored
[INFO] [1784801337.955194609] [mhe_node]: [post-event] m_est=2.286 kg (T_phys=20.98N)
[INFO] [1784801338.049835074] [mhe_node]: [post-event] m_est=2.291 kg (T_phys=21.10N)
[INFO] [1784801338.151846623] [mhe_node]: [post-event] m_est=2.297 kg (T_phys=21.30N)
[INFO] [1784801338.249672077] [mhe_node]: [post-event] m_est=2.304 kg (T_phys=21.57N)
[INFO] [1784801338.351765922] [mhe_node]: [post-event] m_est=2.311 kg (T_phys=21.91N)
[INFO] [1784801338.451354997] [mhe_node]: [post-event] m_est=2.318 kg (T_phys=22.23N)
[INFO] [1784801338.551573471] [mhe_node]: [post-event] m_est=2.326 kg (T_phys=22.52N)
[INFO] [1784801338.647742438] [mhe_node]: [post-event] m_est=2.332 kg (T_phys=22.74N)
[INFO] [1784801338.747626793] [mhe_node]: [post-event] m_est=2.338 kg (T_phys=22.90N)
[INFO] [1784801338.749646006] [mhe_node]: MHE mass estimate: 2.338 kg (T_phys=22.90N)
[INFO] [1784801338.751480932] [mhe_node]: [tau_phys] roll=-0.250 pitch=+0.035 Nm | model pred: roll=-0.226 pitch=+0.010 (m_p=0.274 r=[-0.004,-0.084])
[INFO] [1784801338.753384043] [mhe_node]: [c_xy_est] cx=-0.0009 cy=-0.0097 m | truth c=[-0.0004,-0.0098] (m_p=0.274)
[INFO] [1784801338.849070799] [mhe_node]: [post-event] m_est=2.343 kg (T_phys=22.99N)
[INFO] [1784801338.948475421] [mhe_node]: [post-event] m_est=2.347 kg (T_phys=23.03N)
[INFO] [1784801339.048956892] [mhe_node]: [post-event] m_est=2.351 kg (T_phys=23.01N)
[INFO] [1784801339.149270896] [mhe_node]: [post-event] m_est=2.353 kg (T_phys=22.97N)
[INFO] [1784801339.248814297] [mhe_node]: [post-event] m_est=2.355 kg (T_phys=22.93N)
[INFO] [1784801339.348783669] [mhe_node]: [post-event] m_est=2.356 kg (T_phys=22.88N)
[INFO] [1784801339.448554654] [mhe_node]: [post-event] m_est=2.357 kg (T_phys=22.85N)
[INFO] [1784801339.548309709] [mhe_node]: [post-event] m_est=2.357 kg (T_phys=22.82N)
[INFO] [1784801339.648310683] [mhe_node]: [post-event] m_est=2.357 kg (T_phys=22.81N)
[INFO] [1784801339.740465354] [mhe_node]: [post-event] m_est=2.357 kg (T_phys=22.82N)
[INFO] [1784801339.847155023] [mhe_node]: [post-event] m_est=2.356 kg (T_phys=22.84N)
[INFO] [1784801339.948800810] [mhe_node]: [post-event] m_est=2.356 kg (T_phys=22.88N)
[INFO] [1784801340.038093702] [mhe_node]: [post-event] m_est=2.355 kg (T_phys=22.90N)
[INFO] [1784801340.149116467] [mhe_node]: [post-event] m_est=2.355 kg (T_phys=22.96N)
[INFO] [1784801340.248700754] [mhe_node]: [post-event] m_est=2.355 kg (T_phys=23.02N)
[INFO] [1784801340.347325280] [mhe_node]: [post-event] m_est=2.355 kg (T_phys=23.09N)
[INFO] [1784801340.448722673] [mhe_node]: [post-event] m_est=2.355 kg (T_phys=23.15N)
[INFO] [1784801340.749158800] [mhe_node]: MHE mass estimate: 2.357 kg (T_phys=23.24N)
[INFO] [1784801340.751485443] [mhe_node]: [tau_phys] roll=-0.247 pitch=+0.034 Nm | model pred: roll=-0.242 pitch=+0.010 (m_p=0.293 r=[-0.004,-0.084])
[INFO] [1784801340.753896285] [mhe_node]: [c_xy_est] cx=-0.0012 cy=-0.0104 m | truth c=[-0.0004,-0.0105] (m_p=0.293)
[INFO] [1784801342.747735107] [mhe_node]: MHE mass estimate: 2.360 kg (T_phys=23.18N)
[INFO] [1784801342.749789627] [mhe_node]: [tau_phys] roll=-0.249 pitch=+0.030 Nm | model pred: roll=-0.244 pitch=+0.010 (m_p=0.296 r=[-0.004,-0.084])
[INFO] [1784801342.751899827] [mhe_node]: [c_xy_est] cx=-0.0012 cy=-0.0105 m | truth c=[-0.0004,-0.0105] (m_p=0.296)
[INFO] [1784801344.749110171] [mhe_node]: MHE mass estimate: 2.362 kg (T_phys=23.10N)
[INFO] [1784801344.751411230] [mhe_node]: [tau_phys] roll=-0.243 pitch=+0.025 Nm | model pred: roll=-0.245 pitch=+0.010 (m_p=0.297 r=[-0.004,-0.084])
[INFO] [1784801344.753783389] [mhe_node]: [c_xy_est] cx=-0.0013 cy=-0.0107 m | truth c=[-0.0004,-0.0106] (m_p=0.297)
[INFO] [1784801346.749002881] [mhe_node]: MHE mass estimate: 2.361 kg (T_phys=23.20N)
[INFO] [1784801346.751297615] [mhe_node]: [tau_phys] roll=-0.240 pitch=+0.019 Nm | model pred: roll=-0.245 pitch=+0.010 (m_p=0.297 r=[-0.004,-0.084])
[INFO] [1784801346.753689917] [mhe_node]: [c_xy_est] cx=-0.0013 cy=-0.0107 m | truth c=[-0.0004,-0.0106] (m_p=0.297)
[INFO] [1784801348.737925893] [mhe_node]: MHE mass estimate: 2.360 kg (T_phys=23.05N)
[INFO] [1784801348.738349614] [mhe_node]: [tau_phys] roll=-0.245 pitch=+0.040 Nm | model pred: roll=-0.244 pitch=+0.010 (m_p=0.295 r=[-0.004,-0.084])
[INFO] [1784801348.738772770] [mhe_node]: [c_xy_est] cx=-0.0015 cy=-0.0107 m | truth c=[-0.0004,-0.0105] (m_p=0.295)
[ros2run]: Killed
