[INFO] [1784800046.960247277] [mhe_node]: MHE node starting, building/loading solver...
Code reuse possible, skipping code generation.
acados was compiled without OpenMP.
[INFO] [1784800046.969892976] [mhe_node]: weight schedule theta = [-4.00, 0.00, 0.00, 0.00], signal mode = external
[INFO] [1784800046.977970272] [mhe_node]: MHE node initialized! Waiting for odometry + control data...
[INFO] [1784800080.079816699] [mhe_node]: [geom] payload_attached=False -> dJ=0.0000 c_xy=[+0.0000,+0.0000]
[INFO] [1784800081.991730353] [mhe_node]: MHE mass estimate: 2.065 kg (T_phys=18.55N)
[INFO] [1784800081.994013141] [mhe_node]: [tau_phys] roll=-0.002 pitch=+0.003 Nm
[INFO] [1784800081.996432219] [mhe_node]: [c_xy_est] cx=-0.0002 cy=+0.0000 m
[INFO] [1784800083.991174933] [mhe_node]: MHE mass estimate: 2.067 kg (T_phys=20.27N)
[INFO] [1784800083.993456178] [mhe_node]: [tau_phys] roll=-0.001 pitch=+0.001 Nm
[INFO] [1784800083.995765844] [mhe_node]: [c_xy_est] cx=-0.0001 cy=-0.0000 m
[INFO] [1784800084.852278521] [mhe_node]: mass event [attach (gripper)] received at frame 68: armed, waiting for T_phys confirmation (baseline=20.30N, thresh=1.5N)
[INFO] [1784800084.879667022] [mhe_node]: [geom] payload_attached=True -> dJ=0.0405 c_xy=[-0.0036,-0.0066]
[INFO] [1784800084.911746159] [mhe_node]: [post-event] m_est=2.030 kg (T_phys=20.31N)
[INFO] [1784800085.004648846] [mhe_node]: [post-event] m_est=2.032 kg (T_phys=20.16N)
[INFO] [1784800085.107253049] [mhe_node]: [post-event] m_est=2.032 kg (T_phys=19.69N)
[INFO] [1784800085.204525518] [mhe_node]: [post-event] m_est=2.032 kg (T_phys=19.71N)
[INFO] [1784800085.306414482] [mhe_node]: [post-event] m_est=2.030 kg (T_phys=19.71N)
[INFO] [1784800085.407153607] [mhe_node]: [post-event] m_est=2.028 kg (T_phys=19.70N)
[INFO] [1784800085.507240470] [mhe_node]: [post-event] m_est=2.026 kg (T_phys=19.68N)
[INFO] [1784800085.610240132] [mhe_node]: [post-event] m_est=2.023 kg (T_phys=19.66N)
[INFO] [1784800085.709042980] [mhe_node]: [post-event] m_est=2.019 kg (T_phys=19.62N)
[INFO] [1784800085.808420066] [mhe_node]: [post-event] m_est=2.016 kg (T_phys=19.58N)
[INFO] [1784800085.907157363] [mhe_node]: [post-event] m_est=2.012 kg (T_phys=19.55N)
[INFO] [1784800086.008788674] [mhe_node]: [post-event] m_est=2.008 kg (T_phys=19.51N)
[INFO] [1784800086.010553703] [mhe_node]: MHE mass estimate: 2.008 kg (T_phys=19.51N)
[INFO] [1784800086.012124289] [mhe_node]: [tau_phys] roll=-0.145 pitch=+0.053 Nm | model pred: roll=-0.000 pitch=+0.000 (m_p=0.000 r=[-0.040,-0.074])
[INFO] [1784800086.013709473] [mhe_node]: [c_xy_est] cx=+0.0011 cy=-0.0023 m | truth c=[-0.0000,-0.0000] (m_p=0.000)
[INFO] [1784800086.113065535] [mhe_node]: [post-event] m_est=2.004 kg (T_phys=19.50N)
[INFO] [1784800086.201844408] [mhe_node]: [post-event] m_est=2.000 kg (T_phys=19.43N)
[INFO] [1784800086.305893513] [mhe_node]: [post-event] m_est=1.996 kg (T_phys=19.39N)
[INFO] [1784800086.408697719] [mhe_node]: [post-event] m_est=1.993 kg (T_phys=19.35N)
[INFO] [1784800086.503885871] [mhe_node]: [post-event] m_est=1.989 kg (T_phys=19.32N)
[INFO] [1784800086.603602269] [mhe_node]: [post-event] m_est=1.986 kg (T_phys=19.31N)
[INFO] [1784800086.707508040] [mhe_node]: [post-event] m_est=1.983 kg (T_phys=19.34N)
[INFO] [1784800086.807073983] [mhe_node]: [post-event] m_est=1.979 kg (T_phys=19.48N)
[INFO] [1784800086.910711964] [mhe_node]: [post-event] m_est=1.975 kg (T_phys=19.73N)
[INFO] [1784800087.012502825] [mhe_node]: [post-event] m_est=1.971 kg (T_phys=20.11N)
[INFO] [1784800087.115632157] [mhe_node]: [post-event] m_est=1.967 kg (T_phys=20.62N)
[INFO] [1784800087.223842873] [mhe_node]: [post-event] m_est=1.963 kg (T_phys=20.97N)
[INFO] [1784800087.278805766] [mhe_node]: mass event confirmed by T_phys (21.99N vs baseline 20.30N) at frame 92: de-weighting pre-event stages
[INFO] [1784800087.282230233] [mhe_node]: event transition started: pre-event stages de-weighted
[INFO] [1784800087.316828622] [mhe_node]: [transition] m_est=1.961 kg (T_phys=21.99N)
[INFO] [1784800087.404058193] [mhe_node]: [transition] m_est=1.992 kg (T_phys=22.86N)
[INFO] [1784800087.498158405] [mhe_node]: [transition] m_est=2.109 kg (T_phys=23.76N)
[INFO] [1784800087.582209811] [mhe_node]: [transition] m_est=2.160 kg (T_phys=24.67N)
[INFO] [1784800087.695531730] [mhe_node]: [transition] m_est=2.180 kg (T_phys=26.89N)
[INFO] [1784800087.795678490] [mhe_node]: [transition] m_est=2.175 kg (T_phys=26.52N)
[INFO] [1784800087.897467146] [mhe_node]: [transition] m_est=2.179 kg (T_phys=25.69N)
[INFO] [1784800087.999679927] [mhe_node]: [transition] m_est=2.178 kg (T_phys=24.23N)
[INFO] [1784800088.001938632] [mhe_node]: MHE mass estimate: 2.178 kg (T_phys=24.23N)
[INFO] [1784800088.003974281] [mhe_node]: [tau_phys] roll=-0.139 pitch=+0.075 Nm | model pred: roll=-0.083 pitch=+0.045 (m_p=0.114 r=[-0.040,-0.074])
[INFO] [1784800088.005843315] [mhe_node]: [c_xy_est] cx=+0.0014 cy=-0.0026 m | truth c=[-0.0021,-0.0039] (m_p=0.114)
[INFO] [1784800088.101881844] [mhe_node]: [transition] m_est=2.180 kg (T_phys=23.12N)
[INFO] [1784800088.202406042] [mhe_node]: [transition] m_est=2.179 kg (T_phys=22.01N)
[INFO] [1784800088.303901848] [mhe_node]: [transition] m_est=2.178 kg (T_phys=21.41N)
[INFO] [1784800088.408789262] [mhe_node]: [transition] m_est=2.176 kg (T_phys=20.86N)
[INFO] [1784800088.506464396] [mhe_node]: [transition] m_est=2.174 kg (T_phys=20.62N)
[INFO] [1784800088.609051661] [mhe_node]: [transition] m_est=2.172 kg (T_phys=20.48N)
[INFO] [1784800088.710334877] [mhe_node]: [transition] m_est=2.170 kg (T_phys=20.45N)
[INFO] [1784800088.813908416] [mhe_node]: [transition] m_est=2.169 kg (T_phys=20.34N)
[INFO] [1784800088.912911721] [mhe_node]: [transition] m_est=2.168 kg (T_phys=20.28N)
[INFO] [1784800089.011326788] [mhe_node]: [transition] m_est=2.168 kg (T_phys=20.16N)
[INFO] [1784800089.115370711] [mhe_node]: [transition] m_est=2.168 kg (T_phys=20.07N)
[INFO] [1784800089.206274579] [mhe_node]: [transition] m_est=2.169 kg (T_phys=20.02N)
[INFO] [1784800089.284060775] [mhe_node]: event transition ended: nominal weights restored
[INFO] [1784800089.306980547] [mhe_node]: [post-event] m_est=2.171 kg (T_phys=20.03N)
[INFO] [1784800089.404273187] [mhe_node]: [post-event] m_est=2.176 kg (T_phys=20.12N)
[INFO] [1784800089.503414142] [mhe_node]: [post-event] m_est=2.184 kg (T_phys=20.28N)
[INFO] [1784800089.582711442] [mhe_node]: [post-event] m_est=2.193 kg (T_phys=20.60N)
[INFO] [1784800089.711448194] [mhe_node]: [post-event] m_est=2.201 kg (T_phys=20.99N)
[INFO] [1784800089.803447554] [mhe_node]: [post-event] m_est=2.210 kg (T_phys=21.29N)
[INFO] [1784800089.902647739] [mhe_node]: [post-event] m_est=2.217 kg (T_phys=21.59N)
[INFO] [1784800090.002821552] [mhe_node]: [post-event] m_est=2.224 kg (T_phys=21.84N)
[INFO] [1784800090.005008658] [mhe_node]: MHE mass estimate: 2.224 kg (T_phys=21.84N)
[INFO] [1784800090.006853503] [mhe_node]: [tau_phys] roll=-0.127 pitch=+0.081 Nm | model pred: roll=-0.116 pitch=+0.063 (m_p=0.159 r=[-0.040,-0.074])
[INFO] [1784800090.008727386] [mhe_node]: [c_xy_est] cx=-0.0018 cy=-0.0048 m | truth c=[-0.0029,-0.0053] (m_p=0.159)
[INFO] [1784800090.103200728] [mhe_node]: [post-event] m_est=2.229 kg (T_phys=21.99N)
[INFO] [1784800090.202774824] [mhe_node]: [post-event] m_est=2.234 kg (T_phys=22.06N)
[INFO] [1784800090.300303107] [mhe_node]: [post-event] m_est=2.238 kg (T_phys=22.07N)
[INFO] [1784800090.400584307] [mhe_node]: [post-event] m_est=2.241 kg (T_phys=22.02N)
[INFO] [1784800090.500158880] [mhe_node]: [post-event] m_est=2.243 kg (T_phys=21.95N)
[INFO] [1784800090.599963991] [mhe_node]: [post-event] m_est=2.244 kg (T_phys=21.86N)
[INFO] [1784800090.699173977] [mhe_node]: [post-event] m_est=2.245 kg (T_phys=21.81N)
[INFO] [1784800090.797862426] [mhe_node]: [post-event] m_est=2.246 kg (T_phys=21.79N)
[INFO] [1784800090.896226462] [mhe_node]: [post-event] m_est=2.246 kg (T_phys=21.80N)
[INFO] [1784800090.996664838] [mhe_node]: [post-event] m_est=2.246 kg (T_phys=21.82N)
[INFO] [1784800091.099609865] [mhe_node]: [post-event] m_est=2.245 kg (T_phys=21.86N)
[INFO] [1784800091.197924700] [mhe_node]: [post-event] m_est=2.246 kg (T_phys=21.90N)
[INFO] [1784800091.295944924] [mhe_node]: [post-event] m_est=2.246 kg (T_phys=21.95N)
[INFO] [1784800091.396214539] [mhe_node]: [post-event] m_est=2.246 kg (T_phys=22.01N)
[INFO] [1784800091.494570687] [mhe_node]: [post-event] m_est=2.247 kg (T_phys=22.08N)
[INFO] [1784800091.583598065] [mhe_node]: [post-event] m_est=2.248 kg (T_phys=22.15N)
[INFO] [1784800091.695996214] [mhe_node]: [post-event] m_est=2.250 kg (T_phys=22.20N)
[INFO] [1784800091.795721324] [mhe_node]: [post-event] m_est=2.251 kg (T_phys=22.25N)
[INFO] [1784800091.996121172] [mhe_node]: MHE mass estimate: 2.254 kg (T_phys=22.25N)
[INFO] [1784800091.998170149] [mhe_node]: [tau_phys] roll=-0.137 pitch=+0.124 Nm | model pred: roll=-0.138 pitch=+0.075 (m_p=0.190 r=[-0.040,-0.074])
[INFO] [1784800092.000285137] [mhe_node]: [c_xy_est] cx=-0.0036 cy=-0.0057 m | truth c=[-0.0034,-0.0063] (m_p=0.190)
[INFO] [1784800093.994148301] [mhe_node]: MHE mass estimate: 2.259 kg (T_phys=22.14N)
[INFO] [1784800093.996467065] [mhe_node]: [tau_phys] roll=-0.144 pitch=+0.085 Nm | model pred: roll=-0.142 pitch=+0.077 (m_p=0.195 r=[-0.040,-0.074])
[INFO] [1784800093.998853755] [mhe_node]: [c_xy_est] cx=-0.0041 cy=-0.0059 m | truth c=[-0.0035,-0.0064] (m_p=0.195)
[INFO] [1784800095.993819627] [mhe_node]: MHE mass estimate: 2.260 kg (T_phys=22.11N)
[INFO] [1784800095.996089953] [mhe_node]: [tau_phys] roll=-0.143 pitch=+0.107 Nm | model pred: roll=-0.142 pitch=+0.077 (m_p=0.196 r=[-0.040,-0.074])
[INFO] [1784800095.998478197] [mhe_node]: [c_xy_est] cx=-0.0041 cy=-0.0061 m | truth c=[-0.0035,-0.0064] (m_p=0.196)
[INFO] [1784800097.993949394] [mhe_node]: MHE mass estimate: 2.260 kg (T_phys=22.10N)
[INFO] [1784800097.996275925] [mhe_node]: [tau_phys] roll=-0.144 pitch=+0.096 Nm | model pred: roll=-0.143 pitch=+0.077 (m_p=0.196 r=[-0.040,-0.074])
[INFO] [1784800097.998744385] [mhe_node]: [c_xy_est] cx=-0.0041 cy=-0.0062 m | truth c=[-0.0035,-0.0064] (m_p=0.196)
[INFO] [1784800099.991662432] [mhe_node]: MHE mass estimate: 2.258 kg (T_phys=22.12N)
[INFO] [1784800099.993953788] [mhe_node]: [tau_phys] roll=-0.131 pitch=+0.090 Nm | model pred: roll=-0.141 pitch=+0.076 (m_p=0.194 r=[-0.040,-0.074])
[INFO] [1784800099.996322866] [mhe_node]: [c_xy_est] cx=-0.0042 cy=-0.0061 m | truth c=[-0.0035,-0.0064] (m_p=0.194)
[ros2run]: Killed
