[INFO] [1784800849.911916563] [mhe_node]: MHE node starting, building/loading solver...
Code reuse possible, skipping code generation.
acados was compiled without OpenMP.
[INFO] [1784800849.922031594] [mhe_node]: weight schedule theta = [-4.00, 0.00, 0.00, 0.00], signal mode = external
[INFO] [1784800849.930230421] [mhe_node]: MHE node initialized! Waiting for odometry + control data...
[INFO] [1784800882.731565062] [mhe_node]: [geom] payload_attached=False -> dJ=0.0000 c_xy=[+0.0000,+0.0000]
[INFO] [1784800884.642026607] [mhe_node]: MHE mass estimate: 2.065 kg (T_phys=18.68N)
[INFO] [1784800884.643901696] [mhe_node]: [tau_phys] roll=-0.001 pitch=+0.003 Nm
[INFO] [1784800884.645782847] [mhe_node]: [c_xy_est] cx=-0.0002 cy=+0.0000 m
[INFO] [1784800886.643904052] [mhe_node]: MHE mass estimate: 2.069 kg (T_phys=20.36N)
[INFO] [1784800886.646186507] [mhe_node]: [tau_phys] roll=-0.002 pitch=+0.003 Nm
[INFO] [1784800886.648507373] [mhe_node]: [c_xy_est] cx=-0.0001 cy=-0.0000 m
[INFO] [1784800886.915423245] [mhe_node]: mass event [attach (gripper)] received at frame 62: armed, waiting for T_phys confirmation (baseline=20.24N, thresh=1.5N)
[INFO] [1784800886.931382714] [mhe_node]: [geom] payload_attached=True -> dJ=0.0466 c_xy=[-0.0014,-0.0059]
[INFO] [1784800886.957220316] [mhe_node]: [post-event] m_est=2.043 kg (T_phys=20.25N)
[INFO] [1784800887.053370238] [mhe_node]: [post-event] m_est=2.043 kg (T_phys=19.96N)
[INFO] [1784800887.150778147] [mhe_node]: [post-event] m_est=2.041 kg (T_phys=19.92N)
[INFO] [1784800887.249650980] [mhe_node]: [post-event] m_est=2.040 kg (T_phys=19.88N)
[INFO] [1784800887.351814073] [mhe_node]: [post-event] m_est=2.039 kg (T_phys=19.84N)
[INFO] [1784800887.449774363] [mhe_node]: [post-event] m_est=2.038 kg (T_phys=19.77N)
[INFO] [1784800887.552366869] [mhe_node]: [post-event] m_est=2.036 kg (T_phys=19.75N)
[INFO] [1784800887.652564477] [mhe_node]: [post-event] m_est=2.034 kg (T_phys=19.70N)
[INFO] [1784800887.753249625] [mhe_node]: [post-event] m_est=2.031 kg (T_phys=19.67N)
[INFO] [1784800887.854747138] [mhe_node]: [post-event] m_est=2.029 kg (T_phys=19.64N)
[INFO] [1784800887.951937315] [mhe_node]: [post-event] m_est=2.026 kg (T_phys=19.63N)
[INFO] [1784800888.053412283] [mhe_node]: [post-event] m_est=2.023 kg (T_phys=19.59N)
[INFO] [1784800888.154619645] [mhe_node]: [post-event] m_est=2.020 kg (T_phys=19.55N)
[INFO] [1784800888.253510699] [mhe_node]: [post-event] m_est=2.016 kg (T_phys=19.51N)
[INFO] [1784800888.352834544] [mhe_node]: [post-event] m_est=2.013 kg (T_phys=19.50N)
[INFO] [1784800888.453878266] [mhe_node]: [post-event] m_est=2.009 kg (T_phys=19.50N)
[INFO] [1784800888.555982929] [mhe_node]: [post-event] m_est=2.006 kg (T_phys=19.43N)
[INFO] [1784800888.655992658] [mhe_node]: [post-event] m_est=2.002 kg (T_phys=19.41N)
[INFO] [1784800888.657796997] [mhe_node]: MHE mass estimate: 2.002 kg (T_phys=19.41N)
[INFO] [1784800888.659382379] [mhe_node]: [tau_phys] roll=+0.168 pitch=+0.243 Nm | model pred: roll=-0.000 pitch=+0.000 (m_p=0.000 r=[-0.016,-0.066])
[INFO] [1784800888.660928870] [mhe_node]: [c_xy_est] cx=-0.0048 cy=-0.0012 m | truth c=[-0.0000,-0.0000] (m_p=0.000)
[INFO] [1784800888.755916312] [mhe_node]: [post-event] m_est=1.998 kg (T_phys=19.46N)
[INFO] [1784800888.858859788] [mhe_node]: [post-event] m_est=1.995 kg (T_phys=19.59N)
[INFO] [1784800888.958718392] [mhe_node]: [post-event] m_est=1.991 kg (T_phys=19.84N)
[INFO] [1784800889.058308668] [mhe_node]: [post-event] m_est=1.988 kg (T_phys=20.21N)
[INFO] [1784800889.161933189] [mhe_node]: [post-event] m_est=1.984 kg (T_phys=20.71N)
[INFO] [1784800889.260109335] [mhe_node]: [post-event] m_est=1.982 kg (T_phys=21.34N)
[INFO] [1784800889.331225641] [mhe_node]: mass event confirmed by T_phys (22.14N vs baseline 20.24N) at frame 86: de-weighting pre-event stages
[INFO] [1784800889.334277018] [mhe_node]: event transition started: pre-event stages de-weighted
[INFO] [1784800889.360819357] [mhe_node]: [transition] m_est=1.980 kg (T_phys=22.14N)
[INFO] [1784800889.437636610] [mhe_node]: [transition] m_est=2.008 kg (T_phys=22.75N)
[INFO] [1784800889.543729886] [mhe_node]: [transition] m_est=2.109 kg (T_phys=23.11N)
[INFO] [1784800889.647511535] [mhe_node]: [transition] m_est=2.149 kg (T_phys=24.14N)
[INFO] [1784800889.747625656] [mhe_node]: [transition] m_est=2.159 kg (T_phys=24.52N)
[INFO] [1784800889.849891461] [mhe_node]: [transition] m_est=2.170 kg (T_phys=24.62N)
[INFO] [1784800889.952000288] [mhe_node]: [transition] m_est=2.172 kg (T_phys=24.33N)
[INFO] [1784800890.052413303] [mhe_node]: [transition] m_est=2.174 kg (T_phys=23.96N)
[INFO] [1784800890.154557998] [mhe_node]: [transition] m_est=2.172 kg (T_phys=23.55N)
[INFO] [1784800890.254437300] [mhe_node]: [transition] m_est=2.171 kg (T_phys=23.10N)
[INFO] [1784800890.355892838] [mhe_node]: [transition] m_est=2.169 kg (T_phys=22.45N)
[INFO] [1784800890.453595629] [mhe_node]: [transition] m_est=2.167 kg (T_phys=22.08N)
[INFO] [1784800890.547924558] [mhe_node]: [transition] m_est=2.164 kg (T_phys=21.59N)
[INFO] [1784800890.652939774] [mhe_node]: [transition] m_est=2.163 kg (T_phys=21.11N)
[INFO] [1784800890.654677121] [mhe_node]: MHE mass estimate: 2.163 kg (T_phys=21.11N)
[INFO] [1784800890.656149806] [mhe_node]: [tau_phys] roll=-0.148 pitch=+0.068 Nm | model pred: roll=-0.064 pitch=+0.015 (m_p=0.098 r=[-0.016,-0.066])
[INFO] [1784800890.657713717] [mhe_node]: [c_xy_est] cx=-0.0050 cy=-0.0011 m | truth c=[-0.0007,-0.0030] (m_p=0.098)
[INFO] [1784800890.762270525] [mhe_node]: [transition] m_est=2.161 kg (T_phys=20.81N)
[INFO] [1784800890.863131665] [mhe_node]: [transition] m_est=2.159 kg (T_phys=20.69N)
[INFO] [1784800890.960304963] [mhe_node]: [transition] m_est=2.158 kg (T_phys=20.42N)
[INFO] [1784800891.065461076] [mhe_node]: [transition] m_est=2.158 kg (T_phys=20.23N)
[INFO] [1784800891.170462046] [mhe_node]: [transition] m_est=2.158 kg (T_phys=20.04N)
[INFO] [1784800891.263840134] [mhe_node]: [transition] m_est=2.159 kg (T_phys=19.92N)
[INFO] [1784800891.335816565] [mhe_node]: event transition ended: nominal weights restored
[INFO] [1784800891.358713155] [mhe_node]: [post-event] m_est=2.159 kg (T_phys=19.89N)
[INFO] [1784800891.450510172] [mhe_node]: [post-event] m_est=2.163 kg (T_phys=19.95N)
[INFO] [1784800891.557033073] [mhe_node]: [post-event] m_est=2.169 kg (T_phys=20.10N)
[INFO] [1784800891.656860350] [mhe_node]: [post-event] m_est=2.174 kg (T_phys=20.32N)
[INFO] [1784800891.756082293] [mhe_node]: [post-event] m_est=2.181 kg (T_phys=20.63N)
[INFO] [1784800891.856704042] [mhe_node]: [post-event] m_est=2.188 kg (T_phys=20.91N)
[INFO] [1784800891.957108628] [mhe_node]: [post-event] m_est=2.194 kg (T_phys=21.20N)
[INFO] [1784800892.056460756] [mhe_node]: [post-event] m_est=2.201 kg (T_phys=21.42N)
[INFO] [1784800892.156601851] [mhe_node]: [post-event] m_est=2.207 kg (T_phys=21.60N)
[INFO] [1784800892.257051585] [mhe_node]: [post-event] m_est=2.213 kg (T_phys=21.73N)
[INFO] [1784800892.356511880] [mhe_node]: [post-event] m_est=2.218 kg (T_phys=21.82N)
[INFO] [1784800892.456541273] [mhe_node]: [post-event] m_est=2.222 kg (T_phys=21.88N)
[INFO] [1784800892.556954600] [mhe_node]: [post-event] m_est=2.225 kg (T_phys=21.91N)
[INFO] [1784800892.657035887] [mhe_node]: [post-event] m_est=2.227 kg (T_phys=21.94N)
[INFO] [1784800892.658984500] [mhe_node]: MHE mass estimate: 2.227 kg (T_phys=21.94N)
[INFO] [1784800892.660627297] [mhe_node]: [tau_phys] roll=-0.137 pitch=+0.056 Nm | model pred: roll=-0.106 pitch=+0.025 (m_p=0.163 r=[-0.016,-0.066])
[INFO] [1784800892.662301756] [mhe_node]: [c_xy_est] cx=-0.0032 cy=-0.0042 m | truth c=[-0.0011,-0.0048] (m_p=0.163)
[INFO] [1784800892.756405102] [mhe_node]: [post-event] m_est=2.229 kg (T_phys=21.95N)
[INFO] [1784800892.856952685] [mhe_node]: [post-event] m_est=2.230 kg (T_phys=21.96N)
[INFO] [1784800892.956633238] [mhe_node]: [post-event] m_est=2.230 kg (T_phys=21.97N)
[INFO] [1784800893.057426346] [mhe_node]: [post-event] m_est=2.230 kg (T_phys=21.99N)
[INFO] [1784800893.156967142] [mhe_node]: [post-event] m_est=2.230 kg (T_phys=22.01N)
[INFO] [1784800893.258955695] [mhe_node]: [post-event] m_est=2.230 kg (T_phys=22.02N)
[INFO] [1784800893.359445486] [mhe_node]: [post-event] m_est=2.230 kg (T_phys=22.03N)
[INFO] [1784800893.456768610] [mhe_node]: [post-event] m_est=2.230 kg (T_phys=22.05N)
[INFO] [1784800893.554895317] [mhe_node]: [post-event] m_est=2.230 kg (T_phys=22.06N)
[INFO] [1784800893.654396226] [mhe_node]: [post-event] m_est=2.230 kg (T_phys=22.07N)
[INFO] [1784800893.757700464] [mhe_node]: [post-event] m_est=2.230 kg (T_phys=22.09N)
[INFO] [1784800893.858842921] [mhe_node]: [post-event] m_est=2.231 kg (T_phys=22.11N)
[INFO] [1784800894.645522754] [mhe_node]: MHE mass estimate: 2.234 kg (T_phys=22.06N)
[INFO] [1784800894.647058135] [mhe_node]: [tau_phys] roll=-0.148 pitch=-0.016 Nm | model pred: roll=-0.110 pitch=+0.026 (m_p=0.170 r=[-0.016,-0.066])
[INFO] [1784800894.648623792] [mhe_node]: [c_xy_est] cx=-0.0016 cy=-0.0054 m | truth c=[-0.0012,-0.0050] (m_p=0.170)
[INFO] [1784800896.655421151] [mhe_node]: MHE mass estimate: 2.239 kg (T_phys=22.21N)
[INFO] [1784800896.657791826] [mhe_node]: [tau_phys] roll=-0.134 pitch=+0.057 Nm | model pred: roll=-0.113 pitch=+0.027 (m_p=0.174 r=[-0.016,-0.066])
[INFO] [1784800896.659894121] [mhe_node]: [c_xy_est] cx=-0.0019 cy=-0.0057 m | truth c=[-0.0012,-0.0052] (m_p=0.174)
[INFO] [1784800898.655709414] [mhe_node]: MHE mass estimate: 2.238 kg (T_phys=22.17N)
[INFO] [1784800898.657411016] [mhe_node]: [tau_phys] roll=-0.119 pitch=+0.034 Nm | model pred: roll=-0.113 pitch=+0.027 (m_p=0.174 r=[-0.016,-0.066])
[INFO] [1784800898.659133025] [mhe_node]: [c_xy_est] cx=-0.0018 cy=-0.0059 m | truth c=[-0.0012,-0.0052] (m_p=0.174)
[INFO] [1784800900.653052756] [mhe_node]: MHE mass estimate: 2.240 kg (T_phys=22.19N)
[INFO] [1784800900.655245880] [mhe_node]: [tau_phys] roll=-0.127 pitch=+0.029 Nm | model pred: roll=-0.114 pitch=+0.027 (m_p=0.176 r=[-0.016,-0.066])
[INFO] [1784800900.657304269] [mhe_node]: [c_xy_est] cx=-0.0017 cy=-0.0057 m | truth c=[-0.0012,-0.0052] (m_p=0.176)
[INFO] [1784800902.652999726] [mhe_node]: MHE mass estimate: 2.239 kg (T_phys=22.06N)
[INFO] [1784800902.655210558] [mhe_node]: [tau_phys] roll=-0.116 pitch=+0.028 Nm | model pred: roll=-0.114 pitch=+0.027 (m_p=0.175 r=[-0.016,-0.066])
[INFO] [1784800902.657255940] [mhe_node]: [c_xy_est] cx=-0.0019 cy=-0.0057 m | truth c=[-0.0012,-0.0052] (m_p=0.175)
[ros2run]: Killed
