[INFO] [1789046978.338508424] [mhe_node]: MHE node starting, building/loading solver... (geom_coupled=True, N=20, m_min=1.961, m_B=2.0643)
Code reuse possible, skipping code generation.
acados was compiled without OpenMP.
[INFO] [1789046978.345762380] [mhe_node]: [prior] geom_coupled=True → 载荷质量信息**完全不生效**(grip_payload_envelope=0.3 是死代码:coupled 档下 _payload_geometry 根本不被调用);模型只吃可测杆臂 r_p + 被估质量,m 的先验仅有 Q0 质量维=0.1 (σ=3.16kg,实质无先验)
[WARN] [1789046978.346266281] [mhe_node]: geom_release_mode='self':估计器不被告知 drop。⚠️ 2026-08-24 实测,**NMPC 侧也设成 'self' 会必然坠机**——drop 后控制器继续按幽灵偏心载荷配平,指令 0.424N·m(tau_max 的 85%)作用在空机 J_xx=0.0142 上 = 29.8 rad/s²,而 MHE 10Hz/2s 窗口要 1~2s 才纠得过来,飞机先翻。**正确组合 = MHE 'self' + NMPC 'event'**(控制器是发释放指令的一方,它知道不构成认知作弊)。
[INFO] [1789046978.348189546] [mhe_node]: [moment-ref] 物理上限由平台包线派生: 0.0390 kg·m = 0.30kg x 0.13m
[INFO] [1789046978.348826971] [mhe_node]: [c_xy_est] 质量域卸载判据已开:先武装(m_p>0.090kg),再判 m_p<0.03kg 持续 20 帧 -> 释放偏心估计
[INFO] [1789046978.349477607] [mhe_node]: [c_xy] 来源 = 一阶质量矩 s/m_T(窗口内估计,**无稳态门控**),替代窗外 EMA —— 机动中也会更新
[INFO] [1789046978.350592781] [mhe_node]: weight schedule theta = [-4.00, 0.00, 0.00, 0.00], signal mode = residual (residual self-trigger: thresh=4.4N persist=2 baseline_tau=3.0s)
[INFO] [1789046978.354960420] [mhe_node]: MHE node initialized! tau_source=command (roll/pitch NMPC意图值, yaw NMPC意图值), motor_window_avg=False, geom_release_mode=self. Waiting for odometry + control data...
[INFO] [1789047000.454825310] [mhe_node]: [no-signal] baseline settled at 20.00N (quiet 20 frames); detector armed
[INFO] [1789047000.455053595] [mhe_node]: arrival prior seeded: m=2.064 kg (m_nominal prior)
[INFO] [1789047000.455345231] [mhe_node]: [geom] model_geom_on=True (release_mode=self, truth_attached=False) mode=coupled(r_p) -> geom=[ 0.    0.   -0.47] dJ=0.0000 c_xy=[+0.0000,+0.0000] (dJ/c 为按当前 m_est 折算的诊断当量,模型内部随 m 实时生成)
[INFO] [1789047002.367677509] [mhe_node]: MHE mass estimate: 2.053 kg (T_phys=20.05N) | solve=4.1ms (max12.3)
[INFO] [1789047002.368228296] [mhe_node]: [truth] m_hat=2.0531 m_true=2.0643 err=-0.54% | c_hat=[+0.0000,+0.0000] c_true=[+0.0000,+0.0000] | Jxx_hat=0.01420 Jxx_true=0.01420 Jyz_hat=+0.00000 Jyz_true=+0.00000 | s_hat=[-0.0014,-0.0000] s_true=[+0.0000,+0.0000] kg·m
[INFO] [1789047002.368743039] [mhe_node]: [tau_phys] roll=+0.007 pitch=-0.066 Nm
[INFO] [1789047002.369332922] [mhe_node]: [mass-diag] m_est=2.0531 T=20.047N tilt=5.24deg cos=0.99581 | T/g=2.0435 T*cos/g=2.0350 | m_est-T*cos/g=+0.0181kg (+0.89%) vz=+0.120
[INFO] [1789047002.369911043] [mhe_node]: [c_xy_est] cx=-0.0004 cy=-0.0000 m
[INFO] [1789047004.360789109] [mhe_node]: MHE mass estimate: 2.062 kg (T_phys=20.22N) | solve=11.5ms (max20.6)
[INFO] [1789047004.361337470] [mhe_node]: [truth] m_hat=2.0618 m_true=2.0643 err=-0.12% | c_hat=[+0.0000,+0.0000] c_true=[+0.0000,+0.0000] | Jxx_hat=0.01420 Jxx_true=0.01420 Jyz_hat=+0.00000 Jyz_true=+0.00000 | s_hat=[-0.0010,+0.0001] s_true=[+0.0000,+0.0000] kg·m
[INFO] [1789047004.361852002] [mhe_node]: [tau_phys] roll=+0.000 pitch=+0.004 Nm
[INFO] [1789047004.362440775] [mhe_node]: [mass-diag] m_est=2.0618 T=20.215N tilt=2.26deg cos=0.99922 | T/g=2.0607 T*cos/g=2.0591 | m_est-T*cos/g=+0.0027kg (+0.13%) vz=+0.039
[INFO] [1789047004.363020105] [mhe_node]: [c_xy_est] cx=-0.0005 cy=+0.0000 m
[INFO] [1789047006.361155712] [mhe_node]: MHE mass estimate: 2.061 kg (T_phys=20.13N) | solve=5.4ms (max10.1)
[INFO] [1789047006.361705536] [mhe_node]: [truth] m_hat=2.0612 m_true=2.0643 err=-0.15% | c_hat=[+0.0000,+0.0000] c_true=[+0.0000,+0.0000] | Jxx_hat=0.01420 Jxx_true=0.01420 Jyz_hat=+0.00000 Jyz_true=+0.00000 | s_hat=[+0.0003,-0.0001] s_true=[+0.0000,+0.0000] kg·m
[INFO] [1789047006.362233500] [mhe_node]: [tau_phys] roll=-0.000 pitch=-0.003 Nm
[INFO] [1789047006.362820458] [mhe_node]: [mass-diag] m_est=2.0612 T=20.128N tilt=0.37deg cos=0.99998 | T/g=2.0518 T*cos/g=2.0517 | m_est-T*cos/g=+0.0095kg (+0.46%) vz=+0.021
[INFO] [1789047006.363400522] [mhe_node]: [c_xy_est] cx=+0.0001 cy=-0.0000 m
[INFO] [1789047008.361239695] [mhe_node]: MHE mass estimate: 2.049 kg (T_phys=17.84N) | solve=3.9ms (max5.8)
[INFO] [1789047008.361777620] [mhe_node]: [truth] m_hat=2.0494 m_true=2.0643 err=-0.72% | c_hat=[+0.0000,+0.0000] c_true=[+0.0000,+0.0000] | Jxx_hat=0.01420 Jxx_true=0.01420 Jyz_hat=+0.00000 Jyz_true=+0.00000 | s_hat=[+0.0002,-0.0000] s_true=[+0.0000,+0.0000] kg·m
[INFO] [1789047008.362293581] [mhe_node]: [tau_phys] roll=-0.001 pitch=-0.002 Nm
[INFO] [1789047008.362876455] [mhe_node]: [mass-diag] m_est=2.0494 T=17.842N tilt=0.27deg cos=0.99999 | T/g=1.8187 T*cos/g=1.8187 | m_est-T*cos/g=+0.2307kg (+12.68%) vz=-0.323
[INFO] [1789047008.363455740] [mhe_node]: [c_xy_est] cx=+0.0001 cy=-0.0000 m
[INFO] [1789047010.358974922] [mhe_node]: MHE mass estimate: 2.059 kg (T_phys=20.46N) | solve=5.6ms (max10.4)
[INFO] [1789047010.359518528] [mhe_node]: [truth] m_hat=2.0589 m_true=2.0643 err=-0.26% | c_hat=[+0.0000,+0.0000] c_true=[+0.0000,+0.0000] | Jxx_hat=0.01420 Jxx_true=0.01420 Jyz_hat=+0.00000 Jyz_true=+0.00000 | s_hat=[+0.0001,+0.0000] s_true=[+0.0000,+0.0000] kg·m
[INFO] [1789047010.360035472] [mhe_node]: [tau_phys] roll=+0.001 pitch=+0.004 Nm
[INFO] [1789047010.360623042] [mhe_node]: [mass-diag] m_est=2.0589 T=20.462N tilt=0.05deg cos=1.00000 | T/g=2.0858 T*cos/g=2.0858 | m_est-T*cos/g=-0.0269kg (-1.29%) vz=-0.067
[INFO] [1789047010.361205869] [mhe_node]: [c_xy_est] cx=+0.0000 cy=+0.0000 m
[INFO] [1789047012.372078792] [mhe_node]: MHE mass estimate: 1.979 kg (T_phys=19.62N) | solve=10.8ms (max22.3)
[INFO] [1789047012.372622237] [mhe_node]: [truth] m_hat=1.9786 m_true=2.0643 err=-4.15% | c_hat=[+0.0000,+0.0000] c_true=[+0.0000,+0.0000] | Jxx_hat=0.01420 Jxx_true=0.01420 Jyz_hat=+0.00000 Jyz_true=+0.00000 | s_hat=[+0.0061,-0.0011] s_true=[+0.0000,+0.0000] kg·m
[INFO] [1789047012.373142024] [mhe_node]: [tau_phys] roll=+0.135 pitch=+0.118 Nm
[INFO] [1789047012.373731078] [mhe_node]: [mass-diag] m_est=1.9786 T=19.623N tilt=0.85deg cos=0.99989 | T/g=2.0003 T*cos/g=2.0000 | m_est-T*cos/g=-0.0215kg (-1.07%) vz=+0.008
[INFO] [1789047012.374314220] [mhe_node]: [c_xy_est] cx=+0.0031 cy=-0.0008 m
[INFO] [1789047014.410085534] [mhe_node]: MHE mass estimate: 1.961 kg (T_phys=21.15N) | solve=30.9ms (max54.9)
[INFO] [1789047014.410479366] [mhe_node]: [truth] m_hat=1.9611 m_true=2.0643 err=-5.00% | c_hat=[+0.0000,+0.0000] c_true=[+0.0000,+0.0000] | Jxx_hat=0.01420 Jxx_true=0.01420 Jyz_hat=+0.00000 Jyz_true=+0.00000 | s_hat=[+0.0096,+0.0023] s_true=[+0.0000,+0.0000] kg·m
[INFO] [1789047014.410842378] [mhe_node]: [tau_phys] roll=-0.091 pitch=-0.283 Nm
[INFO] [1789047014.411260284] [mhe_node]: [mass-diag] m_est=1.9611 T=21.148N tilt=1.09deg cos=0.99982 | T/g=2.1558 T*cos/g=2.1554 | m_est-T*cos/g=-0.1943kg (-9.02%) vz=-0.007
[INFO] [1789047014.411662175] [mhe_node]: [c_xy_est] cx=+0.0040 cy=+0.0018 m
[WARN] [1789047015.120987671] [mhe_node]: MHE solve failed [status=2], skipping this window (streak 1)
[WARN] [1789047015.223869116] [mhe_node]: MHE solve failed [status=2], skipping this window (streak 2)
[INFO] [1789047016.576743932] [mhe_node]: MHE mass estimate: 2.197 kg (T_phys=24.10N) | solve=37.1ms (max69.1)
[INFO] [1789047016.577313930] [mhe_node]: [truth] m_hat=2.1972 m_true=2.0643 err=+6.44% | c_hat=[+0.0000,+0.0000] c_true=[+0.0000,+0.0000] | Jxx_hat=0.01420 Jxx_true=0.01420 Jyz_hat=+0.00000 Jyz_true=+0.00000 | s_hat=[-0.0016,-0.0131] s_true=[+0.0000,+0.0000] kg·m
[INFO] [1789047016.577842072] [mhe_node]: [tau_phys] roll=+0.239 pitch=+1.188 Nm
[INFO] [1789047016.578435798] [mhe_node]: [mass-diag] m_est=2.1972 T=24.098N tilt=0.98deg cos=0.99985 | T/g=2.4565 T*cos/g=2.4561 | m_est-T*cos/g=-0.2589kg (-10.54%) vz=+0.785
[INFO] [1789047016.579013598] [mhe_node]: [c_xy_est] cx=-0.0012 cy=-0.0062 m
[INFO] [1789047018.154455495] [mhe_node]: [payload-state] EMPTY->LOADED (sustained m_p evidence, m_p=+0.123kg)
[INFO] [1789047018.254604269] [mhe_node]: [s-collapse] moment 基准未就绪(窗口 1/20, 越界剔除 0) — 暂不判决
[INFO] [1789047018.572630263] [mhe_node]: MHE mass estimate: 2.105 kg (T_phys=21.32N) | solve=17.9ms (max30.8)
[INFO] [1789047018.573194427] [mhe_node]: [truth] m_hat=2.1051 m_true=2.0643 err=+1.97% | c_hat=[+0.0000,+0.0000] c_true=[+0.0000,+0.0000] | Jxx_hat=0.01420 Jxx_true=0.01420 Jyz_hat=+0.00000 Jyz_true=+0.00000 | s_hat=[+0.0106,-0.0099] s_true=[+0.0000,+0.0000] kg·m
[INFO] [1789047018.573714856] [mhe_node]: [tau_phys] roll=-0.002 pitch=+0.940 Nm
[INFO] [1789047018.574298402] [mhe_node]: [mass-diag] m_est=2.1051 T=21.323N tilt=1.59deg cos=0.99961 | T/g=2.1736 T*cos/g=2.1727 | m_est-T*cos/g=-0.0677kg (-3.11%) vz=+1.184
[INFO] [1789047018.574877089] [mhe_node]: [c_xy_est] cx=+0.0029 cy=-0.0046 m
[INFO] [1789047019.254595816] [mhe_node]: [s-collapse] moment 基准未就绪(窗口 0/20, 越界剔除 0) — 暂不判决
[INFO] [1789047020.254612364] [mhe_node]: [s-collapse] moment 基准未就绪(窗口 10/20, 越界剔除 0) — 暂不判决
[INFO] [1789047020.563831489] [mhe_node]: MHE mass estimate: 2.245 kg (T_phys=20.90N) | solve=23.7ms (max41.5)
[INFO] [1789047020.564397453] [mhe_node]: [truth] m_hat=2.2450 m_true=2.0643 err=+8.75% | c_hat=[+0.0000,+0.0000] c_true=[+0.0000,+0.0000] | Jxx_hat=0.01420 Jxx_true=0.01420 Jyz_hat=+0.00000 Jyz_true=+0.00000 | s_hat=[+0.0050,-0.0157] s_true=[+0.0000,+0.0000] kg·m
[INFO] [1789047020.564917383] [mhe_node]: [tau_phys] roll=-0.158 pitch=-0.052 Nm
[INFO] [1789047020.565497964] [mhe_node]: [mass-diag] m_est=2.2450 T=20.896N tilt=0.36deg cos=0.99998 | T/g=2.1301 T*cos/g=2.1301 | m_est-T*cos/g=+0.1149kg (+5.39%) vz=+0.716
[INFO] [1789047020.566075493] [mhe_node]: [c_xy_est] cx=+0.0029 cy=-0.0046 m
[INFO] [1789047021.254707853] [mhe_node]: [moment-ref] 基准已建立并冻结: |s_ref|=0.01523 kg·m (窗口 20 帧, 中位 0.01547, 离散 0.13, 方向一致度 0.99, 越界剔除 0 帧) — 此后不再更新
[INFO] [1789047021.554520969] [mhe_node]: [c_xy_est] 质量域判据已武装(m_p=0.165kg 连续20帧高于水位)
[INFO] [1789047022.154721192] [mhe_node]: [s-collapse] |s|=0.01729 ref=0.01523 peak=0.01735 ovr=0 ratio=1.136 (thr 0.30) moment=0 quantity=0 resid=0 health=1 age=0.10 solve_ok=1 reanch=0 m_p=+0.1547 slow=0/5
[INFO] [1789047022.558895470] [mhe_node]: MHE mass estimate: 2.217 kg (T_phys=21.55N) | solve=5.6ms (max19.2)
[INFO] [1789047022.559457642] [mhe_node]: [truth] m_hat=2.2172 m_true=2.0643 err=+7.41% | c_hat=[+0.0000,+0.0000] c_true=[+0.0000,+0.0000] | Jxx_hat=0.01420 Jxx_true=0.01420 Jyz_hat=+0.00000 Jyz_true=+0.00000 | s_hat=[+0.0059,-0.0163] s_true=[+0.0000,+0.0000] kg·m
[INFO] [1789047022.559973538] [mhe_node]: [tau_phys] roll=-0.161 pitch=-0.051 Nm
[INFO] [1789047022.560556092] [mhe_node]: [mass-diag] m_est=2.2172 T=21.547N tilt=0.13deg cos=1.00000 | T/g=2.1964 T*cos/g=2.1964 | m_est-T*cos/g=+0.0208kg (+0.95%) vz=+0.018
[INFO] [1789047022.561136726] [mhe_node]: [c_xy_est] cx=+0.0027 cy=-0.0074 m
[INFO] [1789047023.154812131] [mhe_node]: [s-collapse] |s|=0.01737 ref=0.01523 peak=0.01738 ovr=0 ratio=1.141 (thr 0.30) moment=0 quantity=0 resid=0 health=1 age=0.10 solve_ok=1 reanch=0 m_p=+0.1522 slow=0/5
[INFO] [1789047024.154712066] [mhe_node]: [s-collapse] |s|=0.01730 ref=0.01523 peak=0.01741 ovr=0 ratio=1.136 (thr 0.30) moment=0 quantity=0 resid=0 health=1 age=0.10 solve_ok=1 reanch=0 m_p=+0.1485 slow=0/5
[INFO] [1789047024.559201529] [mhe_node]: MHE mass estimate: 2.208 kg (T_phys=21.74N) | solve=3.9ms (max5.5)
[INFO] [1789047024.559870661] [mhe_node]: [truth] m_hat=2.2084 m_true=2.0643 err=+6.98% | c_hat=[+0.0000,+0.0000] c_true=[+0.0000,+0.0000] | Jxx_hat=0.01420 Jxx_true=0.01420 Jyz_hat=+0.00000 Jyz_true=+0.00000 | s_hat=[+0.0059,-0.0161] s_true=[+0.0000,+0.0000] kg·m
[INFO] [1789047024.560394358] [mhe_node]: [tau_phys] roll=-0.162 pitch=-0.063 Nm
[INFO] [1789047024.560973196] [mhe_node]: [mass-diag] m_est=2.2084 T=21.736N tilt=0.51deg cos=0.99996 | T/g=2.2157 T*cos/g=2.2157 | m_est-T*cos/g=-0.0073kg (-0.33%) vz=-0.015
[INFO] [1789047024.561561051] [mhe_node]: [c_xy_est] cx=+0.0027 cy=-0.0073 m
[INFO] [1789047025.154714266] [mhe_node]: [s-collapse] |s|=0.01721 ref=0.01523 peak=0.01741 ovr=0 ratio=1.130 (thr 0.30) moment=0 quantity=0 resid=0 health=1 age=0.09 solve_ok=1 reanch=0 m_p=+0.1458 slow=0/5
[INFO] [1789047026.154723535] [mhe_node]: [s-collapse] |s|=0.01733 ref=0.01523 peak=0.01741 ovr=0 ratio=1.138 (thr 0.30) moment=0 quantity=0 resid=0 health=1 age=0.10 solve_ok=1 reanch=0 m_p=+0.1467 slow=0/5
[INFO] [1789047026.559990949] [mhe_node]: MHE mass estimate: 2.208 kg (T_phys=21.62N) | solve=4.5ms (max11.1)
[INFO] [1789047026.560545840] [mhe_node]: [truth] m_hat=2.2082 m_true=2.0643 err=+6.97% | c_hat=[+0.0000,+0.0000] c_true=[+0.0000,+0.0000] | Jxx_hat=0.01420 Jxx_true=0.01420 Jyz_hat=+0.00000 Jyz_true=+0.00000 | s_hat=[+0.0055,-0.0163] s_true=[+0.0000,+0.0000] kg·m
[INFO] [1789047026.561059262] [mhe_node]: [tau_phys] roll=-0.146 pitch=-0.120 Nm
[INFO] [1789047026.561642843] [mhe_node]: [mass-diag] m_est=2.2082 T=21.618N tilt=0.21deg cos=0.99999 | T/g=2.2037 T*cos/g=2.2036 | m_est-T*cos/g=+0.0046kg (+0.21%) vz=+0.010
[INFO] [1789047026.562225576] [mhe_node]: [c_xy_est] cx=+0.0025 cy=-0.0074 m
[INFO] [1789047027.154713366] [mhe_node]: [s-collapse] |s|=0.01706 ref=0.01523 peak=0.01741 ovr=0 ratio=1.120 (thr 0.30) moment=0 quantity=0 resid=0 health=1 age=0.09 solve_ok=1 reanch=0 m_p=+0.1422 slow=0/5
[INFO] [1789047028.154701245] [mhe_node]: [s-collapse] |s|=0.01680 ref=0.01523 peak=0.01741 ovr=0 ratio=1.103 (thr 0.30) moment=0 quantity=0 resid=0 health=1 age=0.08 solve_ok=1 reanch=0 m_p=+0.1342 slow=0/5
[INFO] [1789047028.561830082] [mhe_node]: MHE mass estimate: 2.199 kg (T_phys=21.70N) | solve=8.5ms (max16.7)
[INFO] [1789047028.562395223] [mhe_node]: [truth] m_hat=2.1988 m_true=2.0643 err=+6.52% | c_hat=[+0.0000,+0.0000] c_true=[+0.0000,+0.0000] | Jxx_hat=0.01420 Jxx_true=0.01420 Jyz_hat=+0.00000 Jyz_true=+0.00000 | s_hat=[+0.0029,-0.0163] s_true=[+0.0000,+0.0000] kg·m
[INFO] [1789047028.562911355] [mhe_node]: [tau_phys] roll=-0.127 pitch=+0.071 Nm
[INFO] [1789047028.563493315] [mhe_node]: [mass-diag] m_est=2.1988 T=21.697N tilt=3.99deg cos=0.99758 | T/g=2.2117 T*cos/g=2.2063 | m_est-T*cos/g=-0.0075kg (-0.34%) vz=+0.038
[INFO] [1789047028.564069136] [mhe_node]: [c_xy_est] cx=+0.0013 cy=-0.0075 m
[INFO] [1789047029.154721656] [mhe_node]: [s-collapse] |s|=0.01563 ref=0.01523 peak=0.01741 ovr=0 ratio=1.027 (thr 0.30) moment=0 quantity=0 resid=0 health=1 age=0.09 solve_ok=1 reanch=0 m_p=+0.1327 slow=0/5
[INFO] [1789047030.154723028] [mhe_node]: [s-collapse] |s|=0.01474 ref=0.01523 peak=0.01741 ovr=0 ratio=0.968 (thr 0.30) moment=0 quantity=0 resid=0 health=1 age=0.09 solve_ok=1 reanch=0 m_p=+0.1278 slow=0/5
[INFO] [1789047030.561763279] [mhe_node]: MHE mass estimate: 2.197 kg (T_phys=21.87N) | solve=10.5ms (max16.0)
[INFO] [1789047030.562324646] [mhe_node]: [truth] m_hat=2.1967 m_true=2.0643 err=+6.41% | c_hat=[+0.0000,+0.0000] c_true=[+0.0000,+0.0000] | Jxx_hat=0.01420 Jxx_true=0.01420 Jyz_hat=+0.00000 Jyz_true=+0.00000 | s_hat=[-0.0081,-0.0143] s_true=[+0.0000,+0.0000] kg·m
[INFO] [1789047030.562840228] [mhe_node]: [tau_phys] roll=-0.113 pitch=+0.118 Nm
[INFO] [1789047030.563420265] [mhe_node]: [mass-diag] m_est=2.1967 T=21.872N tilt=6.14deg cos=0.99426 | T/g=2.2295 T*cos/g=2.2167 | m_est-T*cos/g=-0.0201kg (-0.91%) vz=+0.146
[INFO] [1789047030.563999023] [mhe_node]: [c_xy_est] cx=-0.0034 cy=-0.0065 m
[INFO] [1789047031.154718732] [mhe_node]: [s-collapse] |s|=0.01776 ref=0.01523 peak=0.01776 ovr=0 ratio=1.166 (thr 0.30) moment=0 quantity=0 resid=0 health=1 age=0.09 solve_ok=1 reanch=0 m_p=+0.1329 slow=0/5
[INFO] [1789047031.454792094] [mhe_node]: [c_xy-clamp] 越界剔除 0/300 (0.0%) 上限 0.0390 kg·m clamp=1
[INFO] [1789047032.154791988] [mhe_node]: [s-collapse] |s|=0.02021 ref=0.01523 peak=0.02021 ovr=0 ratio=1.327 (thr 0.30) moment=0 quantity=0 resid=0 health=1 age=0.09 solve_ok=1 reanch=0 m_p=+0.1269 slow=0/5
[INFO] [1789047032.568135572] [mhe_node]: MHE mass estimate: 2.193 kg (T_phys=21.56N) | solve=9.9ms (max18.2)
[INFO] [1789047032.568695779] [mhe_node]: [truth] m_hat=2.1925 m_true=2.0643 err=+6.21% | c_hat=[+0.0000,+0.0000] c_true=[+0.0000,+0.0000] | Jxx_hat=0.01420 Jxx_true=0.01420 Jyz_hat=+0.00000 Jyz_true=+0.00000 | s_hat=[-0.0166,-0.0145] s_true=[+0.0000,+0.0000] kg·m
[INFO] [1789047032.569220355] [mhe_node]: [tau_phys] roll=-0.132 pitch=+0.077 Nm
[INFO] [1789047032.569802458] [mhe_node]: [mass-diag] m_est=2.1925 T=21.559N tilt=7.85deg cos=0.99062 | T/g=2.1976 T*cos/g=2.1770 | m_est-T*cos/g=+0.0155kg (+0.71%) vz=+0.133
[INFO] [1789047032.570385184] [mhe_node]: [c_xy_est] cx=-0.0073 cy=-0.0066 m
[INFO] [1789047033.154779503] [mhe_node]: [s-collapse] |s|=0.02326 ref=0.01523 peak=0.02326 ovr=0 ratio=1.527 (thr 0.30) moment=0 quantity=0 resid=0 health=1 age=0.09 solve_ok=1 reanch=0 m_p=+0.1281 slow=0/5
[INFO] [1789047034.154764793] [mhe_node]: [s-collapse] |s|=0.02189 ref=0.01523 peak=0.02343 ovr=0 ratio=1.438 (thr 0.30) moment=0 quantity=0 resid=0 health=1 age=0.08 solve_ok=1 reanch=0 m_p=+0.1350 slow=0/5
[INFO] [1789047034.559977142] [mhe_node]: MHE mass estimate: 2.201 kg (T_phys=21.88N) | solve=8.5ms (max14.9)
[INFO] [1789047034.560386099] [mhe_node]: [truth] m_hat=2.2011 m_true=2.0643 err=+6.63% | c_hat=[+0.0000,+0.0000] c_true=[+0.0000,+0.0000] | Jxx_hat=0.01420 Jxx_true=0.01420 Jyz_hat=+0.00000 Jyz_true=+0.00000 | s_hat=[-0.0132,-0.0142] s_true=[+0.0000,+0.0000] kg·m
[INFO] [1789047034.560749403] [mhe_node]: [tau_phys] roll=-0.097 pitch=+0.017 Nm
[INFO] [1789047034.561163402] [mhe_node]: [mass-diag] m_est=2.2011 T=21.876N tilt=11.77deg cos=0.97899 | T/g=2.2299 T*cos/g=2.1831 | m_est-T*cos/g=+0.0180kg (+0.82%) vz=-0.055
[INFO] [1789047034.561569564] [mhe_node]: [c_xy_est] cx=-0.0062 cy=-0.0065 m
[INFO] [1789047035.154899354] [mhe_node]: [s-collapse] |s|=0.01638 ref=0.01523 peak=0.02343 ovr=0 ratio=1.075 (thr 0.30) moment=0 quantity=0 resid=0 health=1 age=0.09 solve_ok=1 reanch=0 m_p=+0.1323 slow=0/5
[INFO] [1789047036.154567798] [mhe_node]: [s-collapse] |s|=0.01644 ref=0.01523 peak=0.02343 ovr=0 ratio=1.079 (thr 0.30) moment=0 quantity=0 resid=0 health=1 age=0.08 solve_ok=1 reanch=0 m_p=+0.1164 slow=0/5
[INFO] [1789047036.565718150] [mhe_node]: MHE mass estimate: 2.178 kg (T_phys=21.37N) | solve=12.3ms (max18.9)
[INFO] [1789047036.566282117] [mhe_node]: [truth] m_hat=2.1778 m_true=2.0643 err=+5.50% | c_hat=[+0.0000,+0.0000] c_true=[+0.0000,+0.0000] | Jxx_hat=0.01420 Jxx_true=0.01420 Jyz_hat=+0.00000 Jyz_true=+0.00000 | s_hat=[-0.0190,-0.0120] s_true=[+0.0000,+0.0000] kg·m
[INFO] [1789047036.566797936] [mhe_node]: [tau_phys] roll=-0.157 pitch=+0.510 Nm
[INFO] [1789047036.567384697] [mhe_node]: [mass-diag] m_est=2.1778 T=21.374N tilt=9.59deg cos=0.98604 | T/g=2.1788 T*cos/g=2.1484 | m_est-T*cos/g=+0.0294kg (+1.37%) vz=-0.223
[INFO] [1789047036.567962447] [mhe_node]: [c_xy_est] cx=-0.0080 cy=-0.0054 m
[INFO] [1789047037.154723041] [mhe_node]: [s-collapse] |s|=0.02782 ref=0.01523 peak=0.02782 ovr=0 ratio=1.827 (thr 0.30) moment=0 quantity=0 resid=0 health=1 age=0.09 solve_ok=1 reanch=0 m_p=+0.1139 slow=0/5
[INFO] [1789047038.154616903] [mhe_node]: [s-collapse] |s|=0.03223 ref=0.01523 peak=0.03223 ovr=0 ratio=2.116 (thr 0.30) moment=0 quantity=0 resid=0 health=1 age=0.09 solve_ok=1 reanch=0 m_p=+0.1177 slow=0/5
[INFO] [1789047038.561753506] [mhe_node]: MHE mass estimate: 2.181 kg (T_phys=21.46N) | solve=10.6ms (max19.2)
[INFO] [1789047038.562314911] [mhe_node]: [truth] m_hat=2.1815 m_true=2.0643 err=+5.68% | c_hat=[+0.0000,+0.0000] c_true=[+0.0000,+0.0000] | Jxx_hat=0.01420 Jxx_true=0.01420 Jyz_hat=+0.00000 Jyz_true=+0.00000 | s_hat=[-0.0298,-0.0131] s_true=[+0.0000,+0.0000] kg·m
[INFO] [1789047038.562829766] [mhe_node]: [tau_phys] roll=-0.159 pitch=+0.457 Nm
[INFO] [1789047038.563412592] [mhe_node]: [mass-diag] m_est=2.1815 T=21.459N tilt=1.48deg cos=0.99966 | T/g=2.1875 T*cos/g=2.1867 | m_est-T*cos/g=-0.0053kg (-0.24%) vz=-0.251
[INFO] [1789047038.563988031] [mhe_node]: [c_xy_est] cx=-0.0136 cy=-0.0060 m
[INFO] [1789047039.154892529] [mhe_node]: [s-collapse] |s|=0.03355 ref=0.01523 peak=0.03357 ovr=0 ratio=2.203 (thr 0.30) moment=0 quantity=0 resid=0 health=1 age=0.09 solve_ok=1 reanch=0 m_p=+0.1206 slow=0/5
[INFO] [1789047040.154711371] [mhe_node]: [s-collapse] |s|=0.03014 ref=0.01523 peak=0.03357 ovr=0 ratio=1.979 (thr 0.30) moment=0 quantity=0 resid=0 health=1 age=0.09 solve_ok=1 reanch=0 m_p=+0.1231 slow=0/5
[INFO] [1789047040.562720600] [mhe_node]: MHE mass estimate: 2.191 kg (T_phys=22.02N) | solve=10.9ms (max19.1)
[INFO] [1789047040.563283567] [mhe_node]: [truth] m_hat=2.1908 m_true=2.0643 err=+6.13% | c_hat=[+0.0000,+0.0000] c_true=[+0.0000,+0.0000] | Jxx_hat=0.01420 Jxx_true=0.01420 Jyz_hat=+0.00000 Jyz_true=+0.00000 | s_hat=[-0.0222,-0.0151] s_true=[+0.0000,+0.0000] kg·m
[INFO] [1789047040.563801215] [mhe_node]: [tau_phys] roll=-0.210 pitch=+0.213 Nm
[INFO] [1789047040.564389931] [mhe_node]: [mass-diag] m_est=2.1908 T=22.023N tilt=8.53deg cos=0.98893 | T/g=2.2450 T*cos/g=2.2201 | m_est-T*cos/g=-0.0293kg (-1.32%) vz=-0.172
[INFO] [1789047040.564968560] [mhe_node]: [c_xy_est] cx=-0.0105 cy=-0.0068 m
[INFO] [1789047041.154734187] [mhe_node]: [s-collapse] |s|=0.02419 ref=0.01523 peak=0.03357 ovr=0 ratio=1.588 (thr 0.30) moment=0 quantity=0 resid=0 health=1 age=0.09 solve_ok=1 reanch=0 m_p=+0.1278 slow=0/5
[INFO] [1789047042.154708512] [mhe_node]: [s-collapse] |s|=0.02254 ref=0.01523 peak=0.03357 ovr=0 ratio=1.480 (thr 0.30) moment=0 quantity=0 resid=0 health=1 age=0.09 solve_ok=1 reanch=0 m_p=+0.1294 slow=0/5
[INFO] [1789047042.563962299] [mhe_node]: MHE mass estimate: 2.196 kg (T_phys=21.83N) | solve=8.0ms (max11.4)
[INFO] [1789047042.564656696] [mhe_node]: [truth] m_hat=2.1956 m_true=2.0643 err=+6.36% | c_hat=[+0.0000,+0.0000] c_true=[+0.0000,+0.0000] | Jxx_hat=0.01420 Jxx_true=0.01420 Jyz_hat=+0.00000 Jyz_true=+0.00000 | s_hat=[-0.0164,-0.0169] s_true=[+0.0000,+0.0000] kg·m
[INFO] [1789047042.565176951] [mhe_node]: [tau_phys] roll=-0.139 pitch=+0.332 Nm
[INFO] [1789047042.565759487] [mhe_node]: [mass-diag] m_est=2.1956 T=21.834N tilt=8.37deg cos=0.98936 | T/g=2.2257 T*cos/g=2.2020 | m_est-T*cos/g=-0.0064kg (-0.29%) vz=-0.055
[INFO] [1789047042.566343416] [mhe_node]: [c_xy_est] cx=-0.0074 cy=-0.0077 m
[INFO] [1789047043.154716709] [mhe_node]: [s-collapse] |s|=0.02475 ref=0.01523 peak=0.03357 ovr=0 ratio=1.625 (thr 0.30) moment=0 quantity=0 resid=0 health=1 age=0.09 solve_ok=1 reanch=0 m_p=+0.1291 slow=0/5
[INFO] [1789047044.154719663] [mhe_node]: [s-collapse] |s|=0.02713 ref=0.01523 peak=0.03357 ovr=0 ratio=1.781 (thr 0.30) moment=0 quantity=0 resid=0 health=1 age=0.09 solve_ok=1 reanch=0 m_p=+0.1256 slow=0/5
[INFO] [1789047044.561975827] [mhe_node]: MHE mass estimate: 2.192 kg (T_phys=21.77N) | solve=7.8ms (max12.9)
[INFO] [1789047044.562535136] [mhe_node]: [truth] m_hat=2.1917 m_true=2.0643 err=+6.17% | c_hat=[+0.0000,+0.0000] c_true=[+0.0000,+0.0000] | Jxx_hat=0.01420 Jxx_true=0.01420 Jyz_hat=+0.00000 Jyz_true=+0.00000 | s_hat=[-0.0223,-0.0159] s_true=[+0.0000,+0.0000] kg·m
[INFO] [1789047044.563046926] [mhe_node]: [tau_phys] roll=-0.142 pitch=+0.137 Nm
[INFO] [1789047044.563626627] [mhe_node]: [mass-diag] m_est=2.1917 T=21.769N tilt=5.87deg cos=0.99476 | T/g=2.2190 T*cos/g=2.2074 | m_est-T*cos/g=-0.0157kg (-0.71%) vz=+0.032
[INFO] [1789047044.564207956] [mhe_node]: [c_xy_est] cx=-0.0102 cy=-0.0073 m
[INFO] [1789047045.154783399] [mhe_node]: [s-collapse] |s|=0.02639 ref=0.01523 peak=0.03357 ovr=0 ratio=1.733 (thr 0.30) moment=0 quantity=0 resid=0 health=1 age=0.10 solve_ok=1 reanch=0 m_p=+0.1298 slow=0/5
[INFO] [1789047046.154709755] [mhe_node]: [s-collapse] |s|=0.02318 ref=0.01523 peak=0.03357 ovr=0 ratio=1.522 (thr 0.30) moment=0 quantity=0 resid=0 health=1 age=0.09 solve_ok=1 reanch=0 m_p=+0.1345 slow=0/5
[INFO] [1789047046.561782377] [mhe_node]: MHE mass estimate: 2.198 kg (T_phys=22.05N) | solve=7.7ms (max12.8)
[INFO] [1789047046.562349530] [mhe_node]: [truth] m_hat=2.1979 m_true=2.0643 err=+6.47% | c_hat=[+0.0000,+0.0000] c_true=[+0.0000,+0.0000] | Jxx_hat=0.01420 Jxx_true=0.01420 Jyz_hat=+0.00000 Jyz_true=+0.00000 | s_hat=[-0.0157,-0.0164] s_true=[+0.0000,+0.0000] kg·m
[INFO] [1789047046.562872903] [mhe_node]: [tau_phys] roll=-0.160 pitch=+0.488 Nm
[INFO] [1789047046.563463312] [mhe_node]: [mass-diag] m_est=2.1979 T=22.051N tilt=10.12deg cos=0.98444 | T/g=2.2478 T*cos/g=2.2128 | m_est-T*cos/g=-0.0150kg (-0.68%) vz=+0.175
[INFO] [1789047046.564043039] [mhe_node]: [c_xy_est] cx=-0.0072 cy=-0.0074 m
[INFO] [1789047047.154737246] [mhe_node]: [s-collapse] |s|=0.02345 ref=0.01523 peak=0.03357 ovr=0 ratio=1.540 (thr 0.30) moment=0 quantity=0 resid=0 health=1 age=0.09 solve_ok=1 reanch=0 m_p=+0.1320 slow=0/5
[INFO] [1789047048.154707028] [mhe_node]: [s-collapse] |s|=0.02613 ref=0.01523 peak=0.03357 ovr=0 ratio=1.716 (thr 0.30) moment=0 quantity=0 resid=0 health=1 age=0.09 solve_ok=1 reanch=0 m_p=+0.1174 slow=0/5
[INFO] [1789047048.575697635] [mhe_node]: MHE mass estimate: 2.138 kg (T_phys=21.29N) | solve=11.8ms (max22.7)
[INFO] [1789047048.576254967] [mhe_node]: [truth] m_hat=2.1378 m_true=2.0643 err=+3.56% | c_hat=[+0.0000,+0.0000] c_true=[+0.0000,+0.0000] | Jxx_hat=0.01420 Jxx_true=0.01420 Jyz_hat=+0.00000 Jyz_true=+0.00000 | s_hat=[-0.0275,-0.0136] s_true=[+0.0000,+0.0000] kg·m
[INFO] [1789047048.576776885] [mhe_node]: [tau_phys] roll=-0.143 pitch=+0.289 Nm
[INFO] [1789047048.577361233] [mhe_node]: [mass-diag] m_est=2.1378 T=21.294N tilt=6.27deg cos=0.99403 | T/g=2.1706 T*cos/g=2.1577 | m_est-T*cos/g=-0.0199kg (-0.92%) vz=+0.227
[INFO] [1789047048.577941954] [mhe_node]: [c_xy_est] cx=-0.0122 cy=-0.0065 m
[WARN] [1789047049.049925799] [mhe_node]: MHE solve failed [status=2], skipping this window (streak 1)
[INFO] [1789047049.154570049] [mhe_node]: [s-collapse] |s|=0.03245 ref=0.01523 peak=0.03357 ovr=0 ratio=2.131 (thr 0.30) moment=0 quantity=1 resid=0 health=1 age=0.06 solve_ok=1 reanch=0 m_p=-0.0773 slow=0/5
[WARN] [1789047049.427304518] [mhe_node]: MHE solve failed [status=2], skipping this window (streak 1)
[WARN] [1789047049.528520402] [mhe_node]: MHE solve failed [status=2], skipping this window (streak 2)
[WARN] [1789047049.627279068] [mhe_node]: MHE solve failed [status=2], skipping this window (streak 3)
[WARN] [1789047049.728792294] [mhe_node]: MHE solve failed [status=2], skipping this window (streak 4)
[WARN] [1789047049.826563560] [mhe_node]: MHE solve failed [status=2], skipping this window (streak 5)
[WARN] [1789047049.826888597] [mhe_node]: re-anchored arrival prior to current window after 5 consecutive failures (m seeded from thrust_phys: 1.961 -> 1.961 kg)
[WARN] [1789047050.254619264] [mhe_node]: [s-collapse] |s|=0.04109 > 物理上限 0.039 — 动态失真,不参与 moment 投票(本轮累计 4 帧)
[INFO] [1789047051.154740173] [mhe_node]: [s-collapse] |s|=0.03144 ref=0.01523 peak=0.04535 ovr=5 ratio=2.065 (thr 0.30) moment=0 quantity=0 resid=0 health=1 age=0.09 solve_ok=1 reanch=0 m_p=+0.1328 slow=0/5
[INFO] [1789047051.164118348] [mhe_node]: MHE mass estimate: 2.198 kg (T_phys=21.65N) | solve=31.6ms (max74.0)
[INFO] [1789047051.164678038] [mhe_node]: [truth] m_hat=2.1979 m_true=2.0643 err=+6.47% | c_hat=[+0.0000,+0.0000] c_true=[+0.0000,+0.0000] | Jxx_hat=0.01420 Jxx_true=0.01420 Jyz_hat=+0.00000 Jyz_true=+0.00000 | s_hat=[-0.0269,-0.0145] s_true=[+0.0000,+0.0000] kg·m
[INFO] [1789047051.165200150] [mhe_node]: [tau_phys] roll=-0.113 pitch=+0.207 Nm
[INFO] [1789047051.165783855] [mhe_node]: [mass-diag] m_est=2.1979 T=21.648N tilt=7.33deg cos=0.99183 | T/g=2.2067 T*cos/g=2.1887 | m_est-T*cos/g=+0.0092kg (+0.42%) vz=+0.231
[INFO] [1789047051.166365308] [mhe_node]: [c_xy_est] cx=-0.0127 cy=-0.0066 m
[INFO] [1789047052.154671896] [mhe_node]: [s-collapse] |s|=0.02396 ref=0.01523 peak=0.04535 ovr=5 ratio=1.573 (thr 0.30) moment=0 quantity=0 resid=0 health=1 age=0.09 solve_ok=1 reanch=0 m_p=+0.1268 slow=0/5
[INFO] [1789047053.154756542] [mhe_node]: [s-collapse] |s|=0.01953 ref=0.01523 peak=0.04535 ovr=5 ratio=1.283 (thr 0.30) moment=0 quantity=0 resid=0 health=1 age=0.09 solve_ok=1 reanch=0 m_p=+0.1316 slow=0/5
[INFO] [1789047053.170780148] [mhe_node]: MHE mass estimate: 2.195 kg (T_phys=21.61N) | solve=8.0ms (max14.9)
[INFO] [1789047053.171347016] [mhe_node]: [truth] m_hat=2.1954 m_true=2.0643 err=+6.35% | c_hat=[+0.0000,+0.0000] c_true=[+0.0000,+0.0000] | Jxx_hat=0.01420 Jxx_true=0.01420 Jyz_hat=+0.00000 Jyz_true=+0.00000 | s_hat=[-0.0147,-0.0130] s_true=[+0.0000,+0.0000] kg·m
[INFO] [1789047053.171863315] [mhe_node]: [tau_phys] roll=-0.126 pitch=+0.176 Nm
[INFO] [1789047053.172460277] [mhe_node]: [mass-diag] m_est=2.1954 T=21.611N tilt=9.40deg cos=0.98658 | T/g=2.2030 T*cos/g=2.1734 | m_est-T*cos/g=+0.0220kg (+1.01%) vz=+0.130
[INFO] [1789047053.173093849] [mhe_node]: [c_xy_est] cx=-0.0066 cy=-0.0060 m
[INFO] [1789047054.154717286] [mhe_node]: [s-collapse] |s|=0.02536 ref=0.01523 peak=0.04535 ovr=5 ratio=1.665 (thr 0.30) moment=0 quantity=0 resid=0 health=1 age=0.09 solve_ok=1 reanch=0 m_p=+0.1212 slow=0/5
[INFO] [1789047055.154738908] [mhe_node]: [s-collapse] |s|=0.02935 ref=0.01523 peak=0.04535 ovr=5 ratio=1.927 (thr 0.30) moment=0 quantity=0 resid=0 health=1 age=0.10 solve_ok=1 reanch=0 m_p=+0.1231 slow=0/5
[INFO] [1789047055.162545769] [mhe_node]: MHE mass estimate: 2.187 kg (T_phys=21.35N) | solve=8.0ms (max13.6)
[INFO] [1789047055.163241276] [mhe_node]: [truth] m_hat=2.1874 m_true=2.0643 err=+5.96% | c_hat=[+0.0000,+0.0000] c_true=[+0.0000,+0.0000] | Jxx_hat=0.01420 Jxx_true=0.01420 Jyz_hat=+0.00000 Jyz_true=+0.00000 | s_hat=[-0.0263,-0.0133] s_true=[+0.0000,+0.0000] kg·m
[INFO] [1789047055.163756807] [mhe_node]: [tau_phys] roll=-0.122 pitch=+0.251 Nm
[INFO] [1789047055.164342317] [mhe_node]: [mass-diag] m_est=2.1874 T=21.347N tilt=4.70deg cos=0.99663 | T/g=2.1761 T*cos/g=2.1687 | m_est-T*cos/g=+0.0187kg (+0.86%) vz=-0.033
[INFO] [1789047055.164920781] [mhe_node]: [c_xy_est] cx=-0.0120 cy=-0.0061 m
[INFO] [1789047056.154569987] [mhe_node]: [s-collapse] |s|=0.02851 ref=0.01523 peak=0.04535 ovr=5 ratio=1.872 (thr 0.30) moment=0 quantity=0 resid=0 health=1 age=0.09 solve_ok=1 reanch=0 m_p=+0.1207 slow=0/5
[INFO] [1789047057.154734842] [mhe_node]: [s-collapse] |s|=0.02276 ref=0.01523 peak=0.04535 ovr=5 ratio=1.495 (thr 0.30) moment=0 quantity=0 resid=0 health=1 age=0.09 solve_ok=1 reanch=0 m_p=+0.1258 slow=0/5
[INFO] [1789047057.164299143] [mhe_node]: MHE mass estimate: 2.191 kg (T_phys=21.76N) | solve=8.1ms (max12.7)
[INFO] [1789047057.164853067] [mhe_node]: [truth] m_hat=2.1911 m_true=2.0643 err=+6.14% | c_hat=[+0.0000,+0.0000] c_true=[+0.0000,+0.0000] | Jxx_hat=0.01420 Jxx_true=0.01420 Jyz_hat=+0.00000 Jyz_true=+0.00000 | s_hat=[-0.0184,-0.0125] s_true=[+0.0000,+0.0000] kg·m
[INFO] [1789047057.165377697] [mhe_node]: [tau_phys] roll=-0.098 pitch=+0.133 Nm
[INFO] [1789047057.165959740] [mhe_node]: [mass-diag] m_est=2.1911 T=21.762N tilt=9.66deg cos=0.98582 | T/g=2.2183 T*cos/g=2.1869 | m_est-T*cos/g=+0.0042kg (+0.19%) vz=-0.142
[INFO] [1789047057.166538799] [mhe_node]: [c_xy_est] cx=-0.0087 cy=-0.0057 m
[INFO] [1789047058.154718953] [mhe_node]: [s-collapse] |s|=0.02158 ref=0.01523 peak=0.04535 ovr=5 ratio=1.417 (thr 0.30) moment=0 quantity=0 resid=0 health=1 age=0.09 solve_ok=1 reanch=0 m_p=+0.1253 slow=0/5
[INFO] [1789047059.154750558] [mhe_node]: [s-collapse] |s|=0.03181 ref=0.01523 peak=0.04535 ovr=5 ratio=2.089 (thr 0.30) moment=0 quantity=0 resid=0 health=1 age=0.09 solve_ok=1 reanch=0 m_p=+0.1104 slow=0/5
[INFO] [1789047059.164261999] [mhe_node]: MHE mass estimate: 2.174 kg (T_phys=21.34N) | solve=10.1ms (max16.1)
[INFO] [1789047059.164818251] [mhe_node]: [truth] m_hat=2.1742 m_true=2.0643 err=+5.32% | c_hat=[+0.0000,+0.0000] c_true=[+0.0000,+0.0000] | Jxx_hat=0.01420 Jxx_true=0.01420 Jyz_hat=+0.00000 Jyz_true=+0.00000 | s_hat=[-0.0307,-0.0123] s_true=[+0.0000,+0.0000] kg·m
[INFO] [1789047059.165341142] [mhe_node]: [tau_phys] roll=-0.130 pitch=+0.456 Nm
[INFO] [1789047059.165924747] [mhe_node]: [mass-diag] m_est=2.1742 T=21.340N tilt=7.54deg cos=0.99135 | T/g=2.1754 T*cos/g=2.1566 | m_est-T*cos/g=+0.0176kg (+0.82%) vz=-0.175
[INFO] [1789047059.166505906] [mhe_node]: [c_xy_est] cx=-0.0135 cy=-0.0056 m
[WARN] [1789047060.254623490] [mhe_node]: [s-collapse] |s|=0.04199 > 物理上限 0.039 — 动态失真,不参与 moment 投票(本轮累计 10 帧)
[INFO] [1789047061.163595975] [mhe_node]: MHE mass estimate: 2.174 kg (T_phys=21.53N) | solve=10.7ms (max19.4)
[INFO] [1789047061.164162127] [mhe_node]: [truth] m_hat=2.1735 m_true=2.0643 err=+5.29% | c_hat=[+0.0000,+0.0000] c_true=[+0.0000,+0.0000] | Jxx_hat=0.01420 Jxx_true=0.01420 Jyz_hat=+0.00000 Jyz_true=+0.00000 | s_hat=[-0.0407,-0.0142] s_true=[+0.0000,+0.0000] kg·m
[INFO] [1789047061.164677399] [mhe_node]: [tau_phys] roll=-0.145 pitch=+0.276 Nm
[INFO] [1789047061.165267002] [mhe_node]: [mass-diag] m_est=2.1735 T=21.528N tilt=2.61deg cos=0.99896 | T/g=2.1945 T*cos/g=2.1922 | m_est-T*cos/g=-0.0186kg (-0.85%) vz=-0.238
[INFO] [1789047061.165842644] [mhe_node]: [c_xy_est] cx=-0.0166 cy=-0.0060 m
[WARN] [1789047061.254627361] [mhe_node]: [s-collapse] |s|=0.04311 > 物理上限 0.039 — 动态失真,不参与 moment 投票(本轮累计 20 帧)
[INFO] [1789047062.154838815] [mhe_node]: [s-collapse] |s|=0.03613 ref=0.01523 peak=0.04535 ovr=25 ratio=2.373 (thr 0.30) moment=0 quantity=0 resid=0 health=1 age=0.09 solve_ok=1 reanch=0 m_p=+0.1094 slow=0/5
[INFO] [1789047063.154795486] [mhe_node]: [s-collapse] |s|=0.02742 ref=0.01523 peak=0.04535 ovr=25 ratio=1.801 (thr 0.30) moment=0 quantity=0 resid=0 health=1 age=0.08 solve_ok=1 reanch=0 m_p=+0.1223 slow=0/5
[INFO] [1789047063.168643261] [mhe_node]: MHE mass estimate: 2.189 kg (T_phys=22.07N) | solve=11.6ms (max17.8)
[INFO] [1789047063.169207552] [mhe_node]: [truth] m_hat=2.1886 m_true=2.0643 err=+6.02% | c_hat=[+0.0000,+0.0000] c_true=[+0.0000,+0.0000] | Jxx_hat=0.01420 Jxx_true=0.01420 Jyz_hat=+0.00000 Jyz_true=+0.00000 | s_hat=[-0.0215,-0.0164] s_true=[+0.0000,+0.0000] kg·m
[INFO] [1789047063.169721809] [mhe_node]: [tau_phys] roll=-0.173 pitch=+0.097 Nm
[INFO] [1789047063.170311100] [mhe_node]: [mass-diag] m_est=2.1886 T=22.071N tilt=9.57deg cos=0.98609 | T/g=2.2499 T*cos/g=2.2186 | m_est-T*cos/g=-0.0300kg (-1.35%) vz=-0.151
[INFO] [1789047063.170888436] [mhe_node]: [c_xy_est] cx=-0.0101 cy=-0.0074 m
[INFO] [1789047064.154755513] [mhe_node]: [s-collapse] |s|=0.02560 ref=0.01523 peak=0.04535 ovr=25 ratio=1.681 (thr 0.30) moment=0 quantity=0 resid=0 health=1 age=0.09 solve_ok=1 reanch=0 m_p=+0.1286 slow=0/5
[INFO] [1789047064.554805743] [mhe_node]: [c_xy-clamp] 越界剔除 0/600 (0.0%) 上限 0.0390 kg·m clamp=1
[INFO] [1789047065.154724735] [mhe_node]: [s-collapse] |s|=0.02833 ref=0.01523 peak=0.04535 ovr=25 ratio=1.860 (thr 0.30) moment=0 quantity=0 resid=0 health=1 age=0.09 solve_ok=1 reanch=0 m_p=+0.1214 slow=0/5
[INFO] [1789047065.163292503] [mhe_node]: MHE mass estimate: 2.185 kg (T_phys=21.68N) | solve=8.1ms (max10.5)
[INFO] [1789047065.163869098] [mhe_node]: [truth] m_hat=2.1854 m_true=2.0643 err=+5.87% | c_hat=[+0.0000,+0.0000] c_true=[+0.0000,+0.0000] | Jxx_hat=0.01420 Jxx_true=0.01420 Jyz_hat=+0.00000 Jyz_true=+0.00000 | s_hat=[-0.0220,-0.0182] s_true=[+0.0000,+0.0000] kg·m
[INFO] [1789047065.164392878] [mhe_node]: [tau_phys] roll=-0.168 pitch=+0.457 Nm
[INFO] [1789047065.164991300] [mhe_node]: [mass-diag] m_est=2.1854 T=21.681N tilt=6.48deg cos=0.99361 | T/g=2.2101 T*cos/g=2.1960 | m_est-T*cos/g=-0.0105kg (-0.48%) vz=-0.048
[INFO] [1789047065.165581894] [mhe_node]: [c_xy_est] cx=-0.0099 cy=-0.0084 m
[INFO] [1789047066.154709075] [mhe_node]: [s-collapse] |s|=0.03165 ref=0.01523 peak=0.04535 ovr=25 ratio=2.078 (thr 0.30) moment=0 quantity=0 resid=0 health=1 age=0.09 solve_ok=1 reanch=0 m_p=+0.1226 slow=0/5
[INFO] [1789047067.154723098] [mhe_node]: [s-collapse] |s|=0.03240 ref=0.01523 peak=0.04535 ovr=25 ratio=2.128 (thr 0.30) moment=0 quantity=0 resid=0 health=1 age=0.09 solve_ok=1 reanch=0 m_p=+0.1219 slow=0/5
[INFO] [1789047067.166423655] [mhe_node]: MHE mass estimate: 2.186 kg (T_phys=21.89N) | solve=9.3ms (max12.7)
[INFO] [1789047067.166976214] [mhe_node]: [truth] m_hat=2.1862 m_true=2.0643 err=+5.91% | c_hat=[+0.0000,+0.0000] c_true=[+0.0000,+0.0000] | Jxx_hat=0.01420 Jxx_true=0.01420 Jyz_hat=+0.00000 Jyz_true=+0.00000 | s_hat=[-0.0272,-0.0172] s_true=[+0.0000,+0.0000] kg·m
[INFO] [1789047067.167495291] [mhe_node]: [tau_phys] roll=-0.163 pitch=+0.118 Nm
[INFO] [1789047067.168082457] [mhe_node]: [mass-diag] m_est=2.1862 T=21.886N tilt=6.48deg cos=0.99362 | T/g=2.2310 T*cos/g=2.2167 | m_est-T*cos/g=-0.0305kg (-1.38%) vz=+0.054
[INFO] [1789047067.168662758] [mhe_node]: [c_xy_est] cx=-0.0126 cy=-0.0078 m
[INFO] [1789047068.154759584] [mhe_node]: [s-collapse] |s|=0.02843 ref=0.01523 peak=0.04535 ovr=25 ratio=1.867 (thr 0.30) moment=0 quantity=0 resid=0 health=1 age=0.09 solve_ok=1 reanch=0 m_p=+0.1286 slow=0/5
[INFO] [1789047069.154825316] [mhe_node]: [s-collapse] |s|=0.02597 ref=0.01523 peak=0.04535 ovr=25 ratio=1.705 (thr 0.30) moment=0 quantity=0 resid=0 health=1 age=0.09 solve_ok=1 reanch=0 m_p=+0.1313 slow=0/5
[INFO] [1789047069.163187179] [mhe_node]: MHE mass estimate: 2.195 kg (T_phys=21.83N) | solve=9.2ms (max16.2)
[INFO] [1789047069.163737994] [mhe_node]: [truth] m_hat=2.1945 m_true=2.0643 err=+6.31% | c_hat=[+0.0000,+0.0000] c_true=[+0.0000,+0.0000] | Jxx_hat=0.01420 Jxx_true=0.01420 Jyz_hat=+0.00000 Jyz_true=+0.00000 | s_hat=[-0.0195,-0.0177] s_true=[+0.0000,+0.0000] kg·m
[INFO] [1789047069.164254850] [mhe_node]: [tau_phys] roll=-0.150 pitch=+0.224 Nm
[INFO] [1789047069.164831995] [mhe_node]: [mass-diag] m_est=2.1945 T=21.834N tilt=9.97deg cos=0.98491 | T/g=2.2257 T*cos/g=2.1921 | m_est-T*cos/g=+0.0025kg (+0.11%) vz=+0.225
[INFO] [1789047069.165410162] [mhe_node]: [c_xy_est] cx=-0.0087 cy=-0.0080 m
[INFO] [1789047070.154722107] [mhe_node]: [s-collapse] |s|=0.03120 ref=0.01523 peak=0.04535 ovr=25 ratio=2.049 (thr 0.30) moment=0 quantity=0 resid=0 health=1 age=0.09 solve_ok=1 reanch=0 m_p=+0.1152 slow=0/5
[INFO] [1789047071.154721425] [mhe_node]: [s-collapse] |s|=0.03827 ref=0.01523 peak=0.04535 ovr=25 ratio=2.513 (thr 0.30) moment=0 quantity=0 resid=0 health=1 age=0.09 solve_ok=1 reanch=0 m_p=+0.1128 slow=0/5
[INFO] [1789047071.167281896] [mhe_node]: MHE mass estimate: 2.177 kg (T_phys=21.34N) | solve=12.9ms (max18.8)
[INFO] [1789047071.167831089] [mhe_node]: [truth] m_hat=2.1768 m_true=2.0643 err=+5.45% | c_hat=[+0.0000,+0.0000] c_true=[+0.0000,+0.0000] | Jxx_hat=0.01420 Jxx_true=0.01420 Jyz_hat=+0.00000 Jyz_true=+0.00000 | s_hat=[-0.0357,-0.0162] s_true=[+0.0000,+0.0000] kg·m
[INFO] [1789047071.168346580] [mhe_node]: [tau_phys] roll=-0.149 pitch=+0.492 Nm
[INFO] [1789047071.168929920] [mhe_node]: [mass-diag] m_est=2.1768 T=21.339N tilt=3.73deg cos=0.99788 | T/g=2.1752 T*cos/g=2.1706 | m_est-T*cos/g=+0.0062kg (+0.29%) vz=+0.224
[INFO] [1789047071.169509813] [mhe_node]: [c_xy_est] cx=-0.0159 cy=-0.0074 m
[WARN] [1789047071.254643899] [mhe_node]: [s-collapse] |s|=0.03916 > 物理上限 0.039 — 动态失真,不参与 moment 投票(本轮累计 26 帧)
[WARN] [1789047072.254633481] [mhe_node]: [s-collapse] |s|=0.04273 > 物理上限 0.039 — 动态失真,不参与 moment 投票(本轮累计 36 帧)
[INFO] [1789047073.154708776] [mhe_node]: [s-collapse] |s|=0.03240 ref=0.01523 peak=0.04535 ovr=39 ratio=2.128 (thr 0.30) moment=0 quantity=0 resid=0 health=1 age=0.09 solve_ok=1 reanch=0 m_p=+0.1015 slow=0/5
[INFO] [1789047073.169127437] [mhe_node]: MHE mass estimate: 2.169 kg (T_phys=21.62N) | solve=12.7ms (max18.3)
[INFO] [1789047073.169795123] [mhe_node]: [truth] m_hat=2.1692 m_true=2.0643 err=+5.08% | c_hat=[+0.0000,+0.0000] c_true=[+0.0000,+0.0000] | Jxx_hat=0.01420 Jxx_true=0.01420 Jyz_hat=+0.00000 Jyz_true=+0.00000 | s_hat=[-0.0283,-0.0142] s_true=[+0.0000,+0.0000] kg·m
[INFO] [1789047073.170317051] [mhe_node]: [tau_phys] roll=-0.140 pitch=+0.185 Nm
[INFO] [1789047073.170898076] [mhe_node]: [mass-diag] m_est=2.1692 T=21.616N tilt=6.31deg cos=0.99393 | T/g=2.2035 T*cos/g=2.1901 | m_est-T*cos/g=-0.0209kg (-0.96%) vz=+0.199
[INFO] [1789047073.171480807] [mhe_node]: [c_xy_est] cx=-0.0135 cy=-0.0065 m
[INFO] [1789047074.154874470] [mhe_node]: [s-collapse] |s|=0.02611 ref=0.01523 peak=0.04535 ovr=39 ratio=1.715 (thr 0.30) moment=0 quantity=0 resid=0 health=1 age=0.09 solve_ok=1 reanch=0 m_p=+0.1247 slow=0/5
[INFO] [1789047075.154665541] [mhe_node]: [s-collapse] |s|=0.02167 ref=0.01523 peak=0.04535 ovr=39 ratio=1.423 (thr 0.30) moment=0 quantity=0 resid=0 health=1 age=0.08 solve_ok=1 reanch=0 m_p=+0.1296 slow=0/5
[INFO] [1789047075.162580088] [mhe_node]: MHE mass estimate: 2.194 kg (T_phys=21.67N) | solve=10.5ms (max16.1)
[INFO] [1789047075.162981774] [mhe_node]: [truth] m_hat=2.1942 m_true=2.0643 err=+6.29% | c_hat=[+0.0000,+0.0000] c_true=[+0.0000,+0.0000] | Jxx_hat=0.01420 Jxx_true=0.01420 Jyz_hat=+0.00000 Jyz_true=+0.00000 | s_hat=[-0.0172,-0.0130] s_true=[+0.0000,+0.0000] kg·m
[INFO] [1789047075.163349902] [mhe_node]: [tau_phys] roll=-0.141 pitch=+0.151 Nm
[INFO] [1789047075.163759732] [mhe_node]: [mass-diag] m_est=2.1942 T=21.666N tilt=9.57deg cos=0.98609 | T/g=2.2086 T*cos/g=2.1779 | m_est-T*cos/g=+0.0163kg (+0.75%) vz=+0.128
[INFO] [1789047075.164165366] [mhe_node]: [c_xy_est] cx=-0.0078 cy=-0.0060 m
[INFO] [1789047076.154678097] [mhe_node]: [s-collapse] |s|=0.02441 ref=0.01523 peak=0.04535 ovr=39 ratio=1.603 (thr 0.30) moment=0 quantity=0 resid=0 health=1 age=0.09 solve_ok=1 reanch=0 m_p=+0.1238 slow=0/5
[INFO] [1789047077.154576692] [mhe_node]: [s-collapse] |s|=0.03067 ref=0.01523 peak=0.04535 ovr=39 ratio=2.014 (thr 0.30) moment=0 quantity=0 resid=0 health=1 age=0.09 solve_ok=1 reanch=0 m_p=+0.1193 slow=0/5
[INFO] [1789047077.161831213] [mhe_node]: MHE mass estimate: 2.184 kg (T_phys=21.30N) | solve=7.2ms (max10.6)
[INFO] [1789047077.162229784] [mhe_node]: [truth] m_hat=2.1842 m_true=2.0643 err=+5.81% | c_hat=[+0.0000,+0.0000] c_true=[+0.0000,+0.0000] | Jxx_hat=0.01420 Jxx_true=0.01420 Jyz_hat=+0.00000 Jyz_true=+0.00000 | s_hat=[-0.0281,-0.0135] s_true=[+0.0000,+0.0000] kg·m
[INFO] [1789047077.162587633] [mhe_node]: [tau_phys] roll=-0.127 pitch=+0.167 Nm
[INFO] [1789047077.162994554] [mhe_node]: [mass-diag] m_est=2.1842 T=21.296N tilt=4.83deg cos=0.99645 | T/g=2.1708 T*cos/g=2.1631 | m_est-T*cos/g=+0.0211kg (+0.98%) vz=-0.013
[INFO] [1789047077.163401792] [mhe_node]: [c_xy_est] cx=-0.0126 cy=-0.0062 m
[INFO] [1789047078.154712182] [mhe_node]: [s-collapse] |s|=0.03077 ref=0.01523 peak=0.04535 ovr=39 ratio=2.021 (thr 0.30) moment=0 quantity=0 resid=0 health=1 age=0.09 solve_ok=1 reanch=0 m_p=+0.1212 slow=0/5
[INFO] [1789047079.154788715] [mhe_node]: [s-collapse] |s|=0.02430 ref=0.01523 peak=0.04535 ovr=39 ratio=1.596 (thr 0.30) moment=0 quantity=0 resid=0 health=1 age=0.09 solve_ok=1 reanch=0 m_p=+0.1250 slow=0/5
[INFO] [1789047079.165494527] [mhe_node]: MHE mass estimate: 2.190 kg (T_phys=21.73N) | solve=8.2ms (max13.2)
[INFO] [1789047079.166042237] [mhe_node]: [truth] m_hat=2.1897 m_true=2.0643 err=+6.07% | c_hat=[+0.0000,+0.0000] c_true=[+0.0000,+0.0000] | Jxx_hat=0.01420 Jxx_true=0.01420 Jyz_hat=+0.00000 Jyz_true=+0.00000 | s_hat=[-0.0196,-0.0131] s_true=[+0.0000,+0.0000] kg·m
[INFO] [1789047079.166557370] [mhe_node]: [tau_phys] roll=-0.115 pitch=+0.074 Nm
[INFO] [1789047079.167136874] [mhe_node]: [mass-diag] m_est=2.1897 T=21.728N tilt=9.53deg cos=0.98621 | T/g=2.2149 T*cos/g=2.1844 | m_est-T*cos/g=+0.0053kg (+0.24%) vz=-0.123
[INFO] [1789047079.167711333] [mhe_node]: [c_xy_est] cx=-0.0093 cy=-0.0060 m
[INFO] [1789047080.154723092] [mhe_node]: [s-collapse] |s|=0.02095 ref=0.01523 peak=0.04535 ovr=39 ratio=1.376 (thr 0.30) moment=0 quantity=0 resid=0 health=1 age=0.08 solve_ok=1 reanch=0 m_p=+0.1244 slow=0/5
[INFO] [1789047081.154636575] [mhe_node]: [s-collapse] |s|=0.03124 ref=0.01523 peak=0.04535 ovr=39 ratio=2.051 (thr 0.30) moment=0 quantity=0 resid=0 health=1 age=0.09 solve_ok=1 reanch=0 m_p=+0.1090 slow=0/5
[INFO] [1789047081.163856919] [mhe_node]: MHE mass estimate: 2.173 kg (T_phys=21.47N) | solve=11.1ms (max15.7)
[INFO] [1789047081.164260401] [mhe_node]: [truth] m_hat=2.1734 m_true=2.0643 err=+5.29% | c_hat=[+0.0000,+0.0000] c_true=[+0.0000,+0.0000] | Jxx_hat=0.01420 Jxx_true=0.01420 Jyz_hat=+0.00000 Jyz_true=+0.00000 | s_hat=[-0.0302,-0.0122] s_true=[+0.0000,+0.0000] kg·m
[INFO] [1789047081.164635289] [mhe_node]: [tau_phys] roll=-0.158 pitch=+0.141 Nm
[INFO] [1789047081.165045583] [mhe_node]: [mass-diag] m_est=2.1734 T=21.470N tilt=8.78deg cos=0.98827 | T/g=2.1886 T*cos/g=2.1629 | m_est-T*cos/g=+0.0105kg (+0.48%) vz=-0.195
[INFO] [1789047081.165460906] [mhe_node]: [c_xy_est] cx=-0.0133 cy=-0.0056 m
[WARN] [1789047082.254628293] [mhe_node]: [s-collapse] |s|=0.04072 > 物理上限 0.039 — 动态失真,不参与 moment 投票(本轮累计 42 帧)
[INFO] [1789047083.162723816] [mhe_node]: MHE mass estimate: 2.171 kg (T_phys=21.45N) | solve=9.7ms (max13.7)
[INFO] [1789047083.163287072] [mhe_node]: [truth] m_hat=2.1713 m_true=2.0643 err=+5.18% | c_hat=[+0.0000,+0.0000] c_true=[+0.0000,+0.0000] | Jxx_hat=0.01420 Jxx_true=0.01420 Jyz_hat=+0.00000 Jyz_true=+0.00000 | s_hat=[-0.0408,-0.0147] s_true=[+0.0000,+0.0000] kg·m
[INFO] [1789047083.163804041] [mhe_node]: [tau_phys] roll=-0.161 pitch=+0.290 Nm
[INFO] [1789047083.164387362] [mhe_node]: [mass-diag] m_est=2.1713 T=21.448N tilt=1.67deg cos=0.99957 | T/g=2.1864 T*cos/g=2.1854 | m_est-T*cos/g=-0.0141kg (-0.65%) vz=-0.247
[INFO] [1789047083.164962720] [mhe_node]: [c_xy_est] cx=-0.0167 cy=-0.0063 m
[WARN] [1789047083.254630519] [mhe_node]: [s-collapse] |s|=0.04337 > 物理上限 0.039 — 动态失真,不参与 moment 投票(本轮累计 52 帧)
[INFO] [1789047084.154848820] [mhe_node]: [s-collapse] |s|=0.03878 ref=0.01523 peak=0.04535 ovr=60 ratio=2.546 (thr 0.30) moment=0 quantity=0 resid=0 health=1 age=0.09 solve_ok=1 reanch=0 m_p=+0.1096 slow=0/5
[INFO] [1789047085.154609858] [mhe_node]: [s-collapse] |s|=0.03056 ref=0.01523 peak=0.04535 ovr=60 ratio=2.007 (thr 0.30) moment=0 quantity=0 resid=0 health=1 age=0.09 solve_ok=1 reanch=0 m_p=+0.1177 slow=0/5
[INFO] [1789047085.164065628] [mhe_node]: MHE mass estimate: 2.183 kg (T_phys=22.10N) | solve=10.9ms (max16.7)
[INFO] [1789047085.164467698] [mhe_node]: [truth] m_hat=2.1833 m_true=2.0643 err=+5.76% | c_hat=[+0.0000,+0.0000] c_true=[+0.0000,+0.0000] | Jxx_hat=0.01420 Jxx_true=0.01420 Jyz_hat=+0.00000 Jyz_true=+0.00000 | s_hat=[-0.0248,-0.0166] s_true=[+0.0000,+0.0000] kg·m
[INFO] [1789047085.164829485] [mhe_node]: [tau_phys] roll=-0.168 pitch=+0.057 Nm
[INFO] [1789047085.165240444] [mhe_node]: [mass-diag] m_est=2.1833 T=22.100N tilt=9.16deg cos=0.98725 | T/g=2.2528 T*cos/g=2.2241 | m_est-T*cos/g=-0.0408kg (-1.84%) vz=-0.160
[INFO] [1789047085.165645902] [mhe_node]: [c_xy_est] cx=-0.0118 cy=-0.0075 m
[INFO] [1789047086.154746457] [mhe_node]: [s-collapse] |s|=0.02545 ref=0.01523 peak=0.04535 ovr=60 ratio=1.671 (thr 0.30) moment=0 quantity=0 resid=0 health=1 age=0.09 solve_ok=1 reanch=0 m_p=+0.1276 slow=0/5
[INFO] [1789047087.154706610] [mhe_node]: [s-collapse] |s|=0.02701 ref=0.01523 peak=0.04535 ovr=60 ratio=1.774 (thr 0.30) moment=0 quantity=0 resid=0 health=1 age=0.09 solve_ok=1 reanch=0 m_p=+0.1250 slow=0/5
[INFO] [1789047087.163073867] [mhe_node]: MHE mass estimate: 2.188 kg (T_phys=21.62N) | solve=9.5ms (max17.7)
[INFO] [1789047087.163624764] [mhe_node]: [truth] m_hat=2.1885 m_true=2.0643 err=+6.02% | c_hat=[+0.0000,+0.0000] c_true=[+0.0000,+0.0000] | Jxx_hat=0.01420 Jxx_true=0.01420 Jyz_hat=+0.00000 Jyz_true=+0.00000 | s_hat=[-0.0201,-0.0187] s_true=[+0.0000,+0.0000] kg·m
[INFO] [1789047087.164142713] [mhe_node]: [tau_phys] roll=-0.165 pitch=+0.197 Nm
[INFO] [1789047087.164723935] [mhe_node]: [mass-diag] m_est=2.1885 T=21.618N tilt=8.01deg cos=0.99023 | T/g=2.2037 T*cos/g=2.1822 | m_est-T*cos/g=+0.0063kg (+0.29%) vz=-0.041
[INFO] [1789047087.165305573] [mhe_node]: [c_xy_est] cx=-0.0089 cy=-0.0085 m
[INFO] [1789047088.154746270] [mhe_node]: [s-collapse] |s|=0.03135 ref=0.01523 peak=0.04535 ovr=60 ratio=2.059 (thr 0.30) moment=0 quantity=0 resid=0 health=1 age=0.09 solve_ok=1 reanch=0 m_p=+0.1184 slow=0/5
[INFO] [1789047088.654578597] [mhe_node]: [release-resid] STRONG 票: ΔT=-1.06N x4帧 (floor 0.9N)
[WARN] [1789047088.942943039] [mhe_node]: MHE solve failed [status=2], skipping this window (streak 1)
[WARN] [1789047089.021944281] [mhe_node]: MHE solve failed [status=2], skipping this window (streak 2)
[WARN] [1789047089.125627188] [mhe_node]: MHE solve failed [status=2], skipping this window (streak 3)
[WARN] [1789047089.328754175] [mhe_node]: MHE solve failed [status=2], skipping this window (streak 1)
[WARN] [1789047089.425327528] [mhe_node]: MHE solve failed [status=2], skipping this window (streak 2)
[WARN] [1789047089.525072460] [mhe_node]: MHE solve failed [status=2], skipping this window (streak 3)
[WARN] [1789047089.825817150] [mhe_node]: MHE solve failed [status=2], skipping this window (streak 1)
[INFO] [1789047089.908567735] [mhe_node]: MHE mass estimate: 1.971 kg (T_phys=20.30N) | solve=43.2ms (max88.0)
[INFO] [1789047089.908948286] [mhe_node]: [truth] m_hat=1.9710 m_true=2.0643 err=-4.52% | c_hat=[+0.0000,+0.0000] c_true=[+0.0000,+0.0000] | Jxx_hat=0.01420 Jxx_true=0.01420 Jyz_hat=+0.00000 Jyz_true=+0.00000 | s_hat=[-0.0281,-0.0019] s_true=[+0.0000,+0.0000] kg·m
[INFO] [1789047089.909314480] [mhe_node]: [tau_phys] roll=-0.015 pitch=+0.128 Nm
[INFO] [1789047089.909728118] [mhe_node]: [mass-diag] m_est=1.9710 T=20.303N tilt=7.86deg cos=0.99060 | T/g=2.0697 T*cos/g=2.0502 | m_est-T*cos/g=-0.0792kg (-3.86%) vz=+0.090
[INFO] [1789047089.910131758] [mhe_node]: [c_xy_est] cx=-0.0132 cy=-0.0012 m
[INFO] [1789047090.154672453] [mhe_node]: [s-collapse] |s|=0.02746 ref=0.01523 peak=0.04535 ovr=60 ratio=1.803 (thr 0.30) moment=0 quantity=1 resid=1S health=1 age=0.06 solve_ok=1 reanch=0 m_p=-0.1032 slow=0/5
[INFO] [1789047091.154695884] [mhe_node]: [s-collapse] |s|=0.02107 ref=0.01523 peak=0.04535 ovr=60 ratio=1.384 (thr 0.30) moment=0 quantity=1 resid=1S health=1 age=0.09 solve_ok=1 reanch=0 m_p=-0.0275 slow=0/5
[INFO] [1789047091.872748712] [mhe_node]: MHE mass estimate: 2.045 kg (T_phys=20.41N) | solve=21.5ms (max53.8)
[INFO] [1789047091.873285847] [mhe_node]: [truth] m_hat=2.0446 m_true=2.0643 err=-0.95% | c_hat=[+0.0000,+0.0000] c_true=[+0.0000,+0.0000] | Jxx_hat=0.01420 Jxx_true=0.01420 Jyz_hat=+0.00000 Jyz_true=+0.00000 | s_hat=[-0.0211,-0.0017] s_true=[+0.0000,+0.0000] kg·m
[INFO] [1789047091.873802038] [mhe_node]: [tau_phys] roll=+0.012 pitch=+0.279 Nm
[INFO] [1789047091.874387601] [mhe_node]: [mass-diag] m_est=2.0446 T=20.414N tilt=9.56deg cos=0.98612 | T/g=2.0810 T*cos/g=2.0521 | m_est-T*cos/g=-0.0074kg (-0.36%) vz=+0.233
[INFO] [1789047091.874964830] [mhe_node]: [c_xy_est] cx=-0.0102 cy=-0.0009 m
[INFO] [1789047092.154709902] [mhe_node]: [s-collapse] |s|=0.02161 ref=0.01523 peak=0.04535 ovr=60 ratio=1.419 (thr 0.30) moment=0 quantity=1 resid=0 health=1 age=0.08 solve_ok=1 reanch=0 m_p=-0.0235 slow=0/5
[INFO] [1789047093.154857840] [mhe_node]: [s-collapse] |s|=0.02715 ref=0.01523 peak=0.04535 ovr=60 ratio=1.783 (thr 0.30) moment=0 quantity=1 resid=0 health=1 age=0.07 solve_ok=1 reanch=0 m_p=-0.0417 slow=0/5
[INFO] [1789047093.875045673] [mhe_node]: MHE mass estimate: 2.048 kg (T_phys=20.00N) | solve=22.1ms (max31.6)
[INFO] [1789047093.875699615] [mhe_node]: [truth] m_hat=2.0477 m_true=2.0643 err=-0.80% | c_hat=[+0.0000,+0.0000] c_true=[+0.0000,+0.0000] | Jxx_hat=0.01420 Jxx_true=0.01420 Jyz_hat=+0.00000 Jyz_true=+0.00000 | s_hat=[-0.0306,+0.0004] s_true=[+0.0000,+0.0000] kg·m
[INFO] [1789047093.876218698] [mhe_node]: [tau_phys] roll=+0.015 pitch=+0.291 Nm
[INFO] [1789047093.876795973] [mhe_node]: [mass-diag] m_est=2.0477 T=19.999N tilt=2.21deg cos=0.99926 | T/g=2.0386 T*cos/g=2.0371 | m_est-T*cos/g=+0.0106kg (+0.52%) vz=+0.237
[INFO] [1789047093.877376961] [mhe_node]: [c_xy_est] cx=-0.0149 cy=+0.0002 m
[INFO] [1789047094.154603044] [mhe_node]: [s-collapse] |s|=0.03070 ref=0.01523 peak=0.04535 ovr=60 ratio=2.016 (thr 0.30) moment=0 quantity=1 resid=0 health=1 age=0.09 solve_ok=1 reanch=0 m_p=-0.0191 slow=0/5
[INFO] [1789047095.154704584] [mhe_node]: [s-collapse] |s|=0.02976 ref=0.01523 peak=0.04535 ovr=60 ratio=1.954 (thr 0.30) moment=0 quantity=1 resid=0 health=1 age=0.08 solve_ok=1 reanch=0 m_p=-0.0193 slow=0/5
[INFO] [1789047095.873106532] [mhe_node]: MHE mass estimate: 2.032 kg (T_phys=20.38N) | solve=22.5ms (max31.4)
[INFO] [1789047095.873646649] [mhe_node]: [truth] m_hat=2.0324 m_true=2.0643 err=-1.54% | c_hat=[+0.0000,+0.0000] c_true=[+0.0000,+0.0000] | Jxx_hat=0.01420 Jxx_true=0.01420 Jyz_hat=+0.00000 Jyz_true=+0.00000 | s_hat=[-0.0237,+0.0018] s_true=[+0.0000,+0.0000] kg·m
[INFO] [1789047095.874167237] [mhe_node]: [tau_phys] roll=+0.049 pitch=+0.186 Nm
[INFO] [1789047095.874758350] [mhe_node]: [mass-diag] m_est=2.0324 T=20.382N tilt=8.05deg cos=0.99014 | T/g=2.0777 T*cos/g=2.0572 | m_est-T*cos/g=-0.0248kg (-1.20%) vz=+0.177
[INFO] [1789047095.875339607] [mhe_node]: [c_xy_est] cx=-0.0121 cy=+0.0008 m
[INFO] [1789047096.154690344] [mhe_node]: [s-collapse] |s|=0.02223 ref=0.01523 peak=0.04535 ovr=60 ratio=1.460 (thr 0.30) moment=0 quantity=1 resid=0 health=1 age=0.08 solve_ok=1 reanch=0 m_p=-0.0317 slow=0/5
[INFO] [1789047097.154775286] [mhe_node]: [s-collapse] |s|=0.01662 ref=0.01523 peak=0.04535 ovr=60 ratio=1.091 (thr 0.30) moment=0 quantity=1 resid=0 health=1 age=0.09 solve_ok=1 reanch=0 m_p=-0.0128 slow=0/5
[INFO] [1789047097.866216384] [mhe_node]: MHE mass estimate: 2.048 kg (T_phys=20.20N) | solve=13.3ms (max22.5)
[INFO] [1789047097.866754598] [mhe_node]: [truth] m_hat=2.0483 m_true=2.0643 err=-0.78% | c_hat=[+0.0000,+0.0000] c_true=[+0.0000,+0.0000] | Jxx_hat=0.01420 Jxx_true=0.01420 Jyz_hat=+0.00000 Jyz_true=+0.00000 | s_hat=[-0.0166,+0.0026] s_true=[+0.0000,+0.0000] kg·m
[INFO] [1789047097.867271373] [mhe_node]: [tau_phys] roll=+0.003 pitch=+0.209 Nm
[INFO] [1789047097.867850999] [mhe_node]: [mass-diag] m_est=2.0483 T=20.201N tilt=9.00deg cos=0.98769 | T/g=2.0592 T*cos/g=2.0338 | m_est-T*cos/g=+0.0144kg (+0.71%) vz=+0.090
[INFO] [1789047097.868427614] [mhe_node]: [c_xy_est] cx=-0.0080 cy=+0.0013 m
[INFO] [1789047098.154560465] [mhe_node]: [s-collapse] |s|=0.01751 ref=0.01523 peak=0.04535 ovr=60 ratio=1.150 (thr 0.30) moment=0 quantity=1 resid=0 health=1 age=0.09 solve_ok=1 reanch=0 m_p=-0.0178 slow=0/5
[INFO] [1789047098.754777146] [mhe_node]: [c_xy-clamp] 越界剔除 0/900 (0.0%) 上限 0.0390 kg·m clamp=1
[INFO] [1789047099.154691225] [mhe_node]: [s-collapse] |s|=0.02164 ref=0.01523 peak=0.04535 ovr=60 ratio=1.421 (thr 0.30) moment=0 quantity=1 resid=0 health=1 age=0.09 solve_ok=1 reanch=0 m_p=-0.0193 slow=0/5
[INFO] [1789047099.864197613] [mhe_node]: MHE mass estimate: 2.051 kg (T_phys=20.12N) | solve=12.3ms (max17.1)
[INFO] [1789047099.864733366] [mhe_node]: [truth] m_hat=2.0512 m_true=2.0643 err=-0.64% | c_hat=[+0.0000,+0.0000] c_true=[+0.0000,+0.0000] | Jxx_hat=0.01420 Jxx_true=0.01420 Jyz_hat=+0.00000 Jyz_true=+0.00000 | s_hat=[-0.0218,+0.0018] s_true=[+0.0000,+0.0000] kg·m
[INFO] [1789047099.865252252] [mhe_node]: [tau_phys] roll=+0.030 pitch=+0.191 Nm
[INFO] [1789047099.865835050] [mhe_node]: [mass-diag] m_est=2.0512 T=20.125N tilt=5.27deg cos=0.99578 | T/g=2.0515 T*cos/g=2.0428 | m_est-T*cos/g=+0.0084kg (+0.41%) vz=-0.039
[INFO] [1789047099.866417328] [mhe_node]: [c_xy_est] cx=-0.0107 cy=+0.0009 m
[INFO] [1789047100.154548856] [mhe_node]: [s-collapse] |s|=0.02149 ref=0.01523 peak=0.04535 ovr=60 ratio=1.411 (thr 0.30) moment=0 quantity=1 resid=0 health=1 age=0.09 solve_ok=1 reanch=0 m_p=-0.0127 slow=0/5
[INFO] [1789047101.154692650] [mhe_node]: [s-collapse] |s|=0.01715 ref=0.01523 peak=0.04535 ovr=60 ratio=1.126 (thr 0.30) moment=0 quantity=1 resid=0 health=1 age=0.08 solve_ok=1 reanch=0 m_p=-0.0293 slow=0/5
[INFO] [1789047101.872761422] [mhe_node]: MHE mass estimate: 2.035 kg (T_phys=20.50N) | solve=15.4ms (max24.1)
[INFO] [1789047101.873299467] [mhe_node]: [truth] m_hat=2.0350 m_true=2.0643 err=-1.42% | c_hat=[+0.0000,+0.0000] c_true=[+0.0000,+0.0000] | Jxx_hat=0.01420 Jxx_true=0.01420 Jyz_hat=+0.00000 Jyz_true=+0.00000 | s_hat=[-0.0115,+0.0010] s_true=[+0.0000,+0.0000] kg·m
[INFO] [1789047101.873814696] [mhe_node]: [tau_phys] roll=+0.004 pitch=+0.030 Nm
[INFO] [1789047101.874396091] [mhe_node]: [mass-diag] m_est=2.0350 T=20.501N tilt=6.13deg cos=0.99428 | T/g=2.0898 T*cos/g=2.0778 | m_est-T*cos/g=-0.0429kg (-2.06%) vz=-0.011
[INFO] [1789047101.874970575] [mhe_node]: [c_xy_est] cx=-0.0060 cy=+0.0005 m
[INFO] [1789047102.154681504] [mhe_node]: [s-collapse] |s|=0.00999 ref=0.01523 peak=0.04535 ovr=60 ratio=0.656 (thr 0.30) moment=0 quantity=1 resid=0 health=1 age=0.08 solve_ok=1 reanch=0 m_p=-0.0280 slow=0/5
[INFO] [1789047103.154749436] [mhe_node]: [s-collapse] |s|=0.00236 ref=0.01523 peak=0.04535 ovr=60 ratio=0.155 (thr 0.30) moment=1 quantity=1 resid=0 health=1 age=0.08 solve_ok=1 reanch=0 m_p=-0.0157 slow=4/5
[INFO] [1789047103.254678462] [mhe_node]: [payload-state] LOADED->EMPTY (drop, m_p=-0.014kg)
[INFO] [1789047103.254889371] [mhe_node]: [c_xy_est] 载荷释放(slow: quantity empty + moment collapsed (ratio=0.120) x5帧) → 在线偏心估计归零(重新播种)
[INFO] [1789047103.262542810] [mhe_node]: [s-decay] n=1 |s_est|=0.00136 |s_target|=0.00000 |s_out|=0.00209 d_s_out=-0.00103 conf=0.578 present=0 armed=0 latched=1 health=1
[INFO] [1789047103.362000079] [mhe_node]: [s-decay] n=2 |s_est|=0.00095 |s_target|=0.00000 |s_out|=0.00140 d_s_out=-0.00069 conf=0.717 present=0 armed=0 latched=1 health=1
[INFO] [1789047103.462242701] [mhe_node]: [s-decay] n=3 |s_est|=0.00059 |s_target|=0.00000 |s_out|=0.00094 d_s_out=-0.00046 conf=0.810 present=0 armed=0 latched=1 health=1
[INFO] [1789047103.561057047] [mhe_node]: [s-decay] n=4 |s_est|=0.00030 |s_target|=0.00000 |s_out|=0.00063 d_s_out=-0.00031 conf=0.873 present=0 armed=0 latched=1 health=1
[INFO] [1789047103.661046899] [mhe_node]: [s-decay] n=5 |s_est|=0.00010 |s_target|=0.00000 |s_out|=0.00042 d_s_out=-0.00021 conf=0.915 present=0 armed=0 latched=1 health=1
[INFO] [1789047103.763400835] [mhe_node]: [s-decay] n=6 |s_est|=0.00020 |s_target|=0.00000 |s_out|=0.00028 d_s_out=-0.00014 conf=0.943 present=0 armed=0 latched=1 health=1
[INFO] [1789047103.862116612] [mhe_node]: MHE mass estimate: 2.058 kg (T_phys=20.24N) | solve=11.1ms (max19.5)
[INFO] [1789047103.862649233] [mhe_node]: [truth] m_hat=2.0576 m_true=2.0643 err=-0.33% | c_hat=[+0.0000,+0.0000] c_true=[+0.0000,+0.0000] | Jxx_hat=0.01420 Jxx_true=0.01420 Jyz_hat=+0.00000 Jyz_true=+0.00000 | s_hat=[+0.0003,+0.0000] s_true=[+0.0000,+0.0000] kg·m
[INFO] [1789047103.863167627] [mhe_node]: [tau_phys] roll=-0.004 pitch=-0.008 Nm
[INFO] [1789047103.863751424] [mhe_node]: [mass-diag] m_est=2.0576 T=20.243N tilt=0.39deg cos=0.99998 | T/g=2.0635 T*cos/g=2.0635 | m_est-T*cos/g=-0.0059kg (-0.29%) vz=-0.019
[INFO] [1789047103.864330018] [mhe_node]: [c_xy_est] cx=+0.0001 cy=+0.0000 m
[INFO] [1789047103.864697319] [mhe_node]: [s-decay] n=7 |s_est|=0.00034 |s_target|=0.00000 |s_out|=0.00019 d_s_out=-0.00009 conf=0.962 present=0 armed=0 latched=1 health=1
[INFO] [1789047103.960974359] [mhe_node]: [s-decay] n=8 |s_est|=0.00045 |s_target|=0.00000 |s_out|=0.00013 d_s_out=-0.00006 conf=0.974 present=0 armed=0 latched=1 health=1
[INFO] [1789047104.059736636] [mhe_node]: [s-decay] n=9 |s_est|=0.00055 |s_target|=0.00000 |s_out|=0.00009 d_s_out=-0.00004 conf=0.983 present=0 armed=0 latched=1 health=1
[INFO] [1789047104.159841270] [mhe_node]: [s-decay] n=10 |s_est|=0.00064 |s_target|=0.00000 |s_out|=0.00006 d_s_out=-0.00003 conf=0.988 present=0 armed=0 latched=1 health=1
[INFO] [1789047104.258100977] [mhe_node]: [s-decay] n=11 |s_est|=0.00071 |s_target|=0.00000 |s_out|=0.00004 d_s_out=-0.00002 conf=0.992 present=0 armed=0 latched=1 health=1
[INFO] [1789047104.360785837] [mhe_node]: [s-decay] n=12 |s_est|=0.00076 |s_target|=0.00000 |s_out|=0.00003 d_s_out=-0.00001 conf=0.995 present=0 armed=0 latched=1 health=1
[INFO] [1789047104.458239197] [mhe_node]: [s-decay] n=13 |s_est|=0.00078 |s_target|=0.00000 |s_out|=0.00002 d_s_out=-0.00001 conf=0.997 present=0 armed=0 latched=1 health=1
[INFO] [1789047104.557411560] [mhe_node]: [s-decay] n=14 |s_est|=0.00079 |s_target|=0.00000 |s_out|=0.00001 d_s_out=-0.00001 conf=0.998 present=0 armed=0 latched=1 health=1
[INFO] [1789047104.658940490] [mhe_node]: [s-decay] n=15 |s_est|=0.00079 |s_target|=0.00000 |s_out|=0.00001 d_s_out=-0.00000 conf=0.998 present=0 armed=0 latched=1 health=1
[INFO] [1789047104.758874949] [mhe_node]: [s-decay] n=16 |s_est|=0.00080 |s_target|=0.00000 |s_out|=0.00001 d_s_out=-0.00000 conf=0.999 present=0 armed=0 latched=1 health=1
[INFO] [1789047104.858918738] [mhe_node]: [s-decay] n=17 |s_est|=0.00080 |s_target|=0.00000 |s_out|=0.00000 d_s_out=-0.00000 conf=0.999 present=0 armed=0 latched=1 health=1
[INFO] [1789047104.958898487] [mhe_node]: [s-decay] n=18 |s_est|=0.00079 |s_target|=0.00000 |s_out|=0.00000 d_s_out=-0.00000 conf=1.000 present=0 armed=0 latched=1 health=1
[INFO] [1789047105.058819695] [mhe_node]: [s-decay] n=19 |s_est|=0.00079 |s_target|=0.00000 |s_out|=0.00000 d_s_out=-0.00000 conf=1.000 present=0 armed=0 latched=1 health=1
[INFO] [1789047105.159124217] [mhe_node]: [s-decay] n=20 |s_est|=0.00078 |s_target|=0.00000 |s_out|=0.00000 d_s_out=-0.00000 conf=1.000 present=0 armed=0 latched=1 health=1
[INFO] [1789047105.258826396] [mhe_node]: [s-decay] n=21 |s_est|=0.00077 |s_target|=0.00000 |s_out|=0.00000 d_s_out=-0.00000 conf=1.000 present=0 armed=0 latched=1 health=1
[INFO] [1789047105.358874692] [mhe_node]: [s-decay] n=22 |s_est|=0.00075 |s_target|=0.00000 |s_out|=0.00000 d_s_out=-0.00000 conf=1.000 present=0 armed=0 latched=1 health=1
[INFO] [1789047105.458975198] [mhe_node]: [s-decay] n=23 |s_est|=0.00074 |s_target|=0.00000 |s_out|=0.00000 d_s_out=-0.00000 conf=1.000 present=0 armed=0 latched=1 health=1
[INFO] [1789047105.558981944] [mhe_node]: [s-decay] n=24 |s_est|=0.00071 |s_target|=0.00000 |s_out|=0.00000 d_s_out=-0.00000 conf=1.000 present=0 armed=0 latched=1 health=1
[INFO] [1789047105.658903044] [mhe_node]: [s-decay] n=25 |s_est|=0.00069 |s_target|=0.00000 |s_out|=0.00000 d_s_out=-0.00000 conf=1.000 present=0 armed=0 latched=1 health=1
[INFO] [1789047105.759029491] [mhe_node]: [s-decay] n=26 |s_est|=0.00066 |s_target|=0.00000 |s_out|=0.00000 d_s_out=-0.00000 conf=1.000 present=0 armed=0 latched=1 health=1
[INFO] [1789047105.859922133] [mhe_node]: MHE mass estimate: 2.062 kg (T_phys=20.24N) | solve=3.9ms (max5.7)
[INFO] [1789047105.860460831] [mhe_node]: [truth] m_hat=2.0617 m_true=2.0643 err=-0.12% | c_hat=[+0.0000,+0.0000] c_true=[+0.0000,+0.0000] | Jxx_hat=0.01420 Jxx_true=0.01420 Jyz_hat=+0.00000 Jyz_true=+0.00000 | s_hat=[+0.0006,-0.0002] s_true=[+0.0000,+0.0000] kg·m
[INFO] [1789047105.860978633] [mhe_node]: [tau_phys] roll=-0.002 pitch=-0.005 Nm
[INFO] [1789047105.861562056] [mhe_node]: [mass-diag] m_est=2.0617 T=20.240N tilt=0.45deg cos=0.99997 | T/g=2.0632 T*cos/g=2.0631 | m_est-T*cos/g=-0.0014kg (-0.07%) vz=-0.002
[INFO] [1789047105.862141729] [mhe_node]: [c_xy_est] cx=+0.0003 cy=-0.0001 m
[INFO] [1789047105.862507355] [mhe_node]: [s-decay] n=27 |s_est|=0.00063 |s_target|=0.00000 |s_out|=0.00000 d_s_out=-0.00000 conf=1.000 present=0 armed=0 latched=1 health=1
[INFO] [1789047105.958993659] [mhe_node]: [s-decay] n=28 |s_est|=0.00060 |s_target|=0.00000 |s_out|=0.00000 d_s_out=-0.00000 conf=1.000 present=0 armed=0 latched=1 health=1
[INFO] [1789047106.058888378] [mhe_node]: [s-decay] n=29 |s_est|=0.00057 |s_target|=0.00000 |s_out|=0.00000 d_s_out=-0.00000 conf=1.000 present=0 armed=0 latched=1 health=1
[INFO] [1789047106.159822095] [mhe_node]: [s-decay] n=30 |s_est|=0.00054 |s_target|=0.00000 |s_out|=0.00000 d_s_out=-0.00000 conf=1.000 present=0 armed=0 latched=1 health=1
[INFO] [1789047106.259840300] [mhe_node]: [s-decay] n=31 |s_est|=0.00051 |s_target|=0.00000 |s_out|=0.00000 d_s_out=-0.00000 conf=1.000 present=0 armed=0 latched=1 health=1
[INFO] [1789047106.359834656] [mhe_node]: [s-decay] n=32 |s_est|=0.00048 |s_target|=0.00000 |s_out|=0.00000 d_s_out=-0.00000 conf=1.000 present=0 armed=0 latched=1 health=1
[INFO] [1789047106.458942920] [mhe_node]: [s-decay] n=33 |s_est|=0.00044 |s_target|=0.00000 |s_out|=0.00000 d_s_out=-0.00000 conf=1.000 present=0 armed=0 latched=1 health=1
[INFO] [1789047106.559018720] [mhe_node]: [s-decay] n=34 |s_est|=0.00041 |s_target|=0.00000 |s_out|=0.00000 d_s_out=-0.00000 conf=1.000 present=0 armed=0 latched=1 health=1
[INFO] [1789047106.657411527] [mhe_node]: [s-decay] n=35 |s_est|=0.00037 |s_target|=0.00000 |s_out|=0.00000 d_s_out=-0.00000 conf=1.000 present=0 armed=0 latched=1 health=1
[INFO] [1789047106.758833417] [mhe_node]: [s-decay] n=36 |s_est|=0.00034 |s_target|=0.00000 |s_out|=0.00000 d_s_out=-0.00000 conf=1.000 present=0 armed=0 latched=1 health=1
[INFO] [1789047106.857988951] [mhe_node]: [s-decay] n=37 |s_est|=0.00030 |s_target|=0.00000 |s_out|=0.00000 d_s_out=-0.00000 conf=1.000 present=0 armed=0 latched=1 health=1
[INFO] [1789047106.961012889] [mhe_node]: [s-decay] n=38 |s_est|=0.00028 |s_target|=0.00000 |s_out|=0.00000 d_s_out=-0.00000 conf=1.000 present=0 armed=0 latched=1 health=1
[INFO] [1789047107.057484250] [mhe_node]: [s-decay] n=39 |s_est|=0.00026 |s_target|=0.00000 |s_out|=0.00000 d_s_out=-0.00000 conf=1.000 present=0 armed=0 latched=1 health=1
[INFO] [1789047107.158880178] [mhe_node]: [s-decay] n=40 |s_est|=0.00024 |s_target|=0.00000 |s_out|=0.00000 d_s_out=-0.00000 conf=1.000 present=0 armed=0 latched=1 health=1
[INFO] [1789047107.259819794] [mhe_node]: [s-decay] n=41 |s_est|=0.00023 |s_target|=0.00000 |s_out|=0.00000 d_s_out=-0.00000 conf=1.000 present=0 armed=0 latched=1 health=1
[INFO] [1789047107.361500737] [mhe_node]: [s-decay] n=42 |s_est|=0.00023 |s_target|=0.00000 |s_out|=0.00000 d_s_out=-0.00000 conf=1.000 present=0 armed=0 latched=1 health=1
[INFO] [1789047107.460096060] [mhe_node]: [s-decay] n=43 |s_est|=0.00023 |s_target|=0.00000 |s_out|=0.00000 d_s_out=-0.00000 conf=1.000 present=0 armed=0 latched=1 health=1
[INFO] [1789047107.562345610] [mhe_node]: [s-decay] n=44 |s_est|=0.00024 |s_target|=0.00000 |s_out|=0.00000 d_s_out=-0.00000 conf=1.000 present=0 armed=0 latched=1 health=1
[INFO] [1789047107.659908546] [mhe_node]: [s-decay] n=45 |s_est|=0.00026 |s_target|=0.00000 |s_out|=0.00000 d_s_out=-0.00000 conf=1.000 present=0 armed=0 latched=1 health=1
[INFO] [1789047107.760066734] [mhe_node]: [s-decay] n=46 |s_est|=0.00027 |s_target|=0.00000 |s_out|=0.00000 d_s_out=-0.00000 conf=1.000 present=0 armed=0 latched=1 health=1
[INFO] [1789047107.862520231] [mhe_node]: MHE mass estimate: 2.059 kg (T_phys=20.27N) | solve=4.4ms (max7.2)
[INFO] [1789047107.863053405] [mhe_node]: [truth] m_hat=2.0586 m_true=2.0643 err=-0.27% | c_hat=[+0.0000,+0.0000] c_true=[+0.0000,+0.0000] | Jxx_hat=0.01420 Jxx_true=0.01420 Jyz_hat=+0.00000 Jyz_true=+0.00000 | s_hat=[-0.0002,-0.0002] s_true=[+0.0000,+0.0000] kg·m
[INFO] [1789047107.863579565] [mhe_node]: [tau_phys] roll=-0.001 pitch=+0.003 Nm
[INFO] [1789047107.864163431] [mhe_node]: [mass-diag] m_est=2.0586 T=20.268N tilt=0.43deg cos=0.99997 | T/g=2.0661 T*cos/g=2.0660 | m_est-T*cos/g=-0.0074kg (-0.36%) vz=-0.024
[INFO] [1789047107.864740631] [mhe_node]: [c_xy_est] cx=-0.0001 cy=-0.0001 m
[INFO] [1789047107.865102903] [mhe_node]: [s-decay] n=47 |s_est|=0.00028 |s_target|=0.00000 |s_out|=0.00000 d_s_out=-0.00000 conf=1.000 present=0 armed=0 latched=1 health=1
[INFO] [1789047107.959812318] [mhe_node]: [s-decay] n=48 |s_est|=0.00029 |s_target|=0.00000 |s_out|=0.00000 d_s_out=-0.00000 conf=1.000 present=0 armed=0 latched=1 health=1
[INFO] [1789047108.058905624] [mhe_node]: [s-decay] n=49 |s_est|=0.00030 |s_target|=0.00000 |s_out|=0.00000 d_s_out=-0.00000 conf=1.000 present=0 armed=0 latched=1 health=1
[INFO] [1789047108.158877768] [mhe_node]: [s-decay] n=50 |s_est|=0.00031 |s_target|=0.00000 |s_out|=0.00000 d_s_out=-0.00000 conf=1.000 present=0 armed=0 latched=1 health=1
[INFO] [1789047108.260983195] [mhe_node]: [s-decay] n=51 |s_est|=0.00032 |s_target|=0.00000 |s_out|=0.00000 d_s_out=-0.00000 conf=1.000 present=0 armed=0 latched=1 health=1
[INFO] [1789047108.359849824] [mhe_node]: [s-decay] n=52 |s_est|=0.00033 |s_target|=0.00000 |s_out|=0.00000 d_s_out=-0.00000 conf=1.000 present=0 armed=0 latched=1 health=1
[INFO] [1789047108.458845814] [mhe_node]: [s-decay] n=53 |s_est|=0.00033 |s_target|=0.00000 |s_out|=0.00000 d_s_out=-0.00000 conf=1.000 present=0 armed=0 latched=1 health=1
[INFO] [1789047108.557411177] [mhe_node]: [s-decay] n=54 |s_est|=0.00032 |s_target|=0.00000 |s_out|=0.00000 d_s_out=-0.00000 conf=1.000 present=0 armed=0 latched=1 health=1
[INFO] [1789047108.658762754] [mhe_node]: [s-decay] n=55 |s_est|=0.00032 |s_target|=0.00000 |s_out|=0.00000 d_s_out=-0.00000 conf=1.000 present=0 armed=0 latched=1 health=1
[INFO] [1789047108.758744699] [mhe_node]: [s-decay] n=56 |s_est|=0.00032 |s_target|=0.00000 |s_out|=0.00000 d_s_out=-0.00000 conf=1.000 present=0 armed=0 latched=1 health=1
[INFO] [1789047108.858785739] [mhe_node]: [s-decay] n=57 |s_est|=0.00031 |s_target|=0.00000 |s_out|=0.00000 d_s_out=-0.00000 conf=1.000 present=0 armed=0 latched=1 health=1
[INFO] [1789047108.958823677] [mhe_node]: [s-decay] n=58 |s_est|=0.00031 |s_target|=0.00000 |s_out|=0.00000 d_s_out=-0.00000 conf=1.000 present=0 armed=0 latched=1 health=1
[INFO] [1789047109.058845569] [mhe_node]: [s-decay] n=59 |s_est|=0.00031 |s_target|=0.00000 |s_out|=0.00000 d_s_out=-0.00000 conf=1.000 present=0 armed=0 latched=1 health=1
[INFO] [1789047109.158998978] [mhe_node]: [s-decay] n=60 |s_est|=0.00031 |s_target|=0.00000 |s_out|=0.00000 d_s_out=-0.00000 conf=1.000 present=0 armed=0 latched=1 health=1
[INFO] [1789047109.259185067] [mhe_node]: [s-decay] n=61 |s_est|=0.00031 |s_target|=0.00000 |s_out|=0.00000 d_s_out=-0.00000 conf=1.000 present=0 armed=0 latched=1 health=1
[INFO] [1789047109.359009658] [mhe_node]: [s-decay] n=62 |s_est|=0.00031 |s_target|=0.00000 |s_out|=0.00000 d_s_out=-0.00000 conf=1.000 present=0 armed=0 latched=1 health=1
[INFO] [1789047109.457510746] [mhe_node]: [s-decay] n=63 |s_est|=0.00032 |s_target|=0.00000 |s_out|=0.00000 d_s_out=-0.00000 conf=1.000 present=0 armed=0 latched=1 health=1
[INFO] [1789047109.558807304] [mhe_node]: [s-decay] n=64 |s_est|=0.00033 |s_target|=0.00000 |s_out|=0.00000 d_s_out=-0.00000 conf=1.000 present=0 armed=0 latched=1 health=1
[INFO] [1789047109.657506179] [mhe_node]: [s-decay] n=65 |s_est|=0.00035 |s_target|=0.00000 |s_out|=0.00000 d_s_out=-0.00000 conf=1.000 present=0 armed=0 latched=1 health=1
[INFO] [1789047109.758769789] [mhe_node]: [s-decay] n=66 |s_est|=0.00036 |s_target|=0.00000 |s_out|=0.00000 d_s_out=-0.00000 conf=1.000 present=0 armed=0 latched=1 health=1
[INFO] [1789047109.858891811] [mhe_node]: MHE mass estimate: 2.062 kg (T_phys=20.21N) | solve=3.6ms (max5.6)
[INFO] [1789047109.859427383] [mhe_node]: [truth] m_hat=2.0617 m_true=2.0643 err=-0.12% | c_hat=[+0.0000,+0.0000] c_true=[+0.0000,+0.0000] | Jxx_hat=0.01420 Jxx_true=0.01420 Jyz_hat=+0.00000 Jyz_true=+0.00000 | s_hat=[-0.0004,-0.0001] s_true=[+0.0000,+0.0000] kg·m
[INFO] [1789047109.859942571] [mhe_node]: [tau_phys] roll=-0.002 pitch=+0.006 Nm
[INFO] [1789047109.860529483] [mhe_node]: [mass-diag] m_est=2.0617 T=20.210N tilt=0.84deg cos=0.99989 | T/g=2.0601 T*cos/g=2.0599 | m_est-T*cos/g=+0.0018kg (+0.09%) vz=+0.003
[INFO] [1789047109.861108102] [mhe_node]: [c_xy_est] cx=-0.0002 cy=-0.0000 m
[INFO] [1789047109.861485740] [mhe_node]: [s-decay] n=67 |s_est|=0.00037 |s_target|=0.00000 |s_out|=0.00000 d_s_out=-0.00000 conf=1.000 present=0 armed=0 latched=1 health=1
[INFO] [1789047109.958807833] [mhe_node]: [s-decay] n=68 |s_est|=0.00039 |s_target|=0.00000 |s_out|=0.00000 d_s_out=-0.00000 conf=1.000 present=0 armed=0 latched=1 health=1
[INFO] [1789047110.059060004] [mhe_node]: [s-decay] n=69 |s_est|=0.00041 |s_target|=0.00000 |s_out|=0.00000 d_s_out=-0.00000 conf=1.000 present=0 armed=0 latched=1 health=1
[INFO] [1789047110.158936232] [mhe_node]: [s-decay] n=70 |s_est|=0.00043 |s_target|=0.00000 |s_out|=0.00000 d_s_out=-0.00000 conf=1.000 present=0 armed=0 latched=1 health=1
[INFO] [1789047110.259827511] [mhe_node]: [s-decay] n=71 |s_est|=0.00045 |s_target|=0.00000 |s_out|=0.00000 d_s_out=-0.00000 conf=1.000 present=0 armed=0 latched=1 health=1
[INFO] [1789047110.358893433] [mhe_node]: [s-decay] n=72 |s_est|=0.00048 |s_target|=0.00000 |s_out|=0.00000 d_s_out=-0.00000 conf=1.000 present=0 armed=0 latched=1 health=1
[INFO] [1789047110.458808994] [mhe_node]: [s-decay] n=73 |s_est|=0.00049 |s_target|=0.00000 |s_out|=0.00000 d_s_out=-0.00000 conf=1.000 present=0 armed=0 latched=1 health=1
[INFO] [1789047110.560015289] [mhe_node]: [s-decay] n=74 |s_est|=0.00051 |s_target|=0.00000 |s_out|=0.00000 d_s_out=-0.00000 conf=1.000 present=0 armed=0 latched=1 health=1
[INFO] [1789047110.661003774] [mhe_node]: [s-decay] n=75 |s_est|=0.00052 |s_target|=0.00000 |s_out|=0.00000 d_s_out=-0.00000 conf=1.000 present=0 armed=0 latched=1 health=1
[INFO] [1789047110.759869570] [mhe_node]: [s-decay] n=76 |s_est|=0.00053 |s_target|=0.00000 |s_out|=0.00000 d_s_out=-0.00000 conf=1.000 present=0 armed=0 latched=1 health=1
[INFO] [1789047110.859027991] [mhe_node]: [s-decay] n=77 |s_est|=0.00054 |s_target|=0.00000 |s_out|=0.00000 d_s_out=-0.00000 conf=1.000 present=0 armed=0 latched=1 health=1
[INFO] [1789047110.959026900] [mhe_node]: [s-decay] n=78 |s_est|=0.00055 |s_target|=0.00000 |s_out|=0.00000 d_s_out=-0.00000 conf=1.000 present=0 armed=0 latched=1 health=1
[INFO] [1789047111.058977898] [mhe_node]: [s-decay] n=79 |s_est|=0.00057 |s_target|=0.00000 |s_out|=0.00000 d_s_out=-0.00000 conf=1.000 present=0 armed=0 latched=1 health=1
[INFO] [1789047111.158876985] [mhe_node]: [s-decay] n=80 |s_est|=0.00058 |s_target|=0.00000 |s_out|=0.00000 d_s_out=-0.00000 conf=1.000 present=0 armed=0 latched=1 health=1
[INFO] [1789047111.258778392] [mhe_node]: [s-decay] n=81 |s_est|=0.00058 |s_target|=0.00000 |s_out|=0.00000 d_s_out=-0.00000 conf=1.000 present=0 armed=0 latched=1 health=1
[INFO] [1789047111.358813521] [mhe_node]: [s-decay] n=82 |s_est|=0.00058 |s_target|=0.00000 |s_out|=0.00000 d_s_out=-0.00000 conf=1.000 present=0 armed=0 latched=1 health=1
[INFO] [1789047111.458922280] [mhe_node]: [s-decay] n=83 |s_est|=0.00058 |s_target|=0.00000 |s_out|=0.00000 d_s_out=-0.00000 conf=1.000 present=0 armed=0 latched=1 health=1
[INFO] [1789047111.558846873] [mhe_node]: [s-decay] n=84 |s_est|=0.00057 |s_target|=0.00000 |s_out|=0.00000 d_s_out=-0.00000 conf=1.000 present=0 armed=0 latched=1 health=1
[INFO] [1789047111.658798808] [mhe_node]: [s-decay] n=85 |s_est|=0.00056 |s_target|=0.00000 |s_out|=0.00000 d_s_out=-0.00000 conf=1.000 present=0 armed=0 latched=1 health=1
[INFO] [1789047111.759019554] [mhe_node]: [s-decay] n=86 |s_est|=0.00054 |s_target|=0.00000 |s_out|=0.00000 d_s_out=-0.00000 conf=1.000 present=0 armed=0 latched=1 health=1
[INFO] [1789047111.859058942] [mhe_node]: MHE mass estimate: 2.064 kg (T_phys=20.23N) | solve=3.8ms (max5.7)
[INFO] [1789047111.859611194] [mhe_node]: [truth] m_hat=2.0637 m_true=2.0643 err=-0.03% | c_hat=[+0.0000,+0.0000] c_true=[+0.0000,+0.0000] | Jxx_hat=0.01420 Jxx_true=0.01420 Jyz_hat=+0.00000 Jyz_true=+0.00000 | s_hat=[-0.0005,-0.0000] s_true=[+0.0000,+0.0000] kg·m
[INFO] [1789047111.860129996] [mhe_node]: [tau_phys] roll=-0.003 pitch=+0.005 Nm
[INFO] [1789047111.860711294] [mhe_node]: [mass-diag] m_est=2.0637 T=20.232N tilt=0.67deg cos=0.99993 | T/g=2.0624 T*cos/g=2.0623 | m_est-T*cos/g=+0.0014kg (+0.07%) vz=+0.009
[INFO] [1789047111.861292603] [mhe_node]: [c_xy_est] cx=-0.0003 cy=-0.0000 m
[INFO] [1789047111.861776310] [mhe_node]: [s-decay] n=87 |s_est|=0.00052 |s_target|=0.00000 |s_out|=0.00000 d_s_out=-0.00000 conf=1.000 present=0 armed=0 latched=1 health=1
[INFO] [1789047111.958849044] [mhe_node]: [s-decay] n=88 |s_est|=0.00051 |s_target|=0.00000 |s_out|=0.00000 d_s_out=-0.00000 conf=1.000 present=0 armed=0 latched=1 health=1
[INFO] [1789047112.058742844] [mhe_node]: [s-decay] n=89 |s_est|=0.00049 |s_target|=0.00000 |s_out|=0.00000 d_s_out=-0.00000 conf=1.000 present=0 armed=0 latched=1 health=1
[INFO] [1789047112.158802822] [mhe_node]: [s-decay] n=90 |s_est|=0.00048 |s_target|=0.00000 |s_out|=0.00000 d_s_out=-0.00000 conf=1.000 present=0 armed=0 latched=1 health=1
[INFO] [1789047112.258917192] [mhe_node]: [s-decay] n=91 |s_est|=0.00047 |s_target|=0.00000 |s_out|=0.00000 d_s_out=-0.00000 conf=1.000 present=0 armed=0 latched=1 health=1
[INFO] [1789047112.358884795] [mhe_node]: [s-decay] n=92 |s_est|=0.00046 |s_target|=0.00000 |s_out|=0.00000 d_s_out=-0.00000 conf=1.000 present=0 armed=0 latched=1 health=1
[INFO] [1789047112.458821829] [mhe_node]: [s-decay] n=93 |s_est|=0.00045 |s_target|=0.00000 |s_out|=0.00000 d_s_out=-0.00000 conf=1.000 present=0 armed=0 latched=1 health=1
[INFO] [1789047112.558964042] [mhe_node]: [s-decay] n=94 |s_est|=0.00043 |s_target|=0.00000 |s_out|=0.00000 d_s_out=-0.00000 conf=1.000 present=0 armed=0 latched=1 health=1
[INFO] [1789047112.658962674] [mhe_node]: [s-decay] n=95 |s_est|=0.00041 |s_target|=0.00000 |s_out|=0.00000 d_s_out=-0.00000 conf=1.000 present=0 armed=0 latched=1 health=1
[INFO] [1789047112.758942723] [mhe_node]: [s-decay] n=96 |s_est|=0.00039 |s_target|=0.00000 |s_out|=0.00000 d_s_out=-0.00000 conf=1.000 present=0 armed=0 latched=1 health=1
[INFO] [1789047112.858830406] [mhe_node]: [s-decay] n=97 |s_est|=0.00037 |s_target|=0.00000 |s_out|=0.00000 d_s_out=-0.00000 conf=1.000 present=0 armed=0 latched=1 health=1
[INFO] [1789047112.958869709] [mhe_node]: [s-decay] n=98 |s_est|=0.00035 |s_target|=0.00000 |s_out|=0.00000 d_s_out=-0.00000 conf=1.000 present=0 armed=0 latched=1 health=1
[INFO] [1789047113.058773205] [mhe_node]: [s-decay] n=99 |s_est|=0.00033 |s_target|=0.00000 |s_out|=0.00000 d_s_out=-0.00000 conf=1.000 present=0 armed=0 latched=1 health=1
[INFO] [1789047113.158811017] [mhe_node]: [s-decay] n=100 |s_est|=0.00032 |s_target|=0.00000 |s_out|=0.00000 d_s_out=-0.00000 conf=1.000 present=0 armed=0 latched=1 health=1
[INFO] [1789047113.858980762] [mhe_node]: MHE mass estimate: 2.060 kg (T_phys=20.17N) | solve=3.6ms (max3.7)
[INFO] [1789047113.859521974] [mhe_node]: [truth] m_hat=2.0602 m_true=2.0643 err=-0.20% | c_hat=[+0.0000,+0.0000] c_true=[+0.0000,+0.0000] | Jxx_hat=0.01420 Jxx_true=0.01420 Jyz_hat=+0.00000 Jyz_true=+0.00000 | s_hat=[-0.0003,-0.0001] s_true=[+0.0000,+0.0000] kg·m
[INFO] [1789047113.860037789] [mhe_node]: [tau_phys] roll=-0.000 pitch=+0.006 Nm
[INFO] [1789047113.860622662] [mhe_node]: [mass-diag] m_est=2.0602 T=20.172N tilt=0.72deg cos=0.99992 | T/g=2.0563 T*cos/g=2.0562 | m_est-T*cos/g=+0.0041kg (+0.20%) vz=-0.014
[INFO] [1789047113.861205079] [mhe_node]: [c_xy_est] cx=-0.0001 cy=-0.0000 m
[INFO] [1789047115.858974061] [mhe_node]: MHE mass estimate: 2.061 kg (T_phys=20.22N) | solve=4.1ms (max7.9)
[INFO] [1789047115.859514784] [mhe_node]: [truth] m_hat=2.0612 m_true=2.0643 err=-0.15% | c_hat=[+0.0000,+0.0000] c_true=[+0.0000,+0.0000] | Jxx_hat=0.01420 Jxx_true=0.01420 Jyz_hat=+0.00000 Jyz_true=+0.00000 | s_hat=[-0.0005,+0.0001] s_true=[+0.0000,+0.0000] kg·m
[INFO] [1789047115.860032880] [mhe_node]: [tau_phys] roll=+0.003 pitch=+0.008 Nm
[INFO] [1789047115.860621809] [mhe_node]: [mass-diag] m_est=2.0612 T=20.218N tilt=0.48deg cos=0.99997 | T/g=2.0610 T*cos/g=2.0609 | m_est-T*cos/g=+0.0003kg (+0.01%) vz=-0.013
[INFO] [1789047115.861203384] [mhe_node]: [c_xy_est] cx=-0.0002 cy=+0.0000 m
[INFO] [1789047117.858901864] [mhe_node]: MHE mass estimate: 2.063 kg (T_phys=20.21N) | solve=3.6ms (max3.9)
[INFO] [1789047117.859447219] [mhe_node]: [truth] m_hat=2.0627 m_true=2.0643 err=-0.08% | c_hat=[+0.0000,+0.0000] c_true=[+0.0000,+0.0000] | Jxx_hat=0.01420 Jxx_true=0.01420 Jyz_hat=+0.00000 Jyz_true=+0.00000 | s_hat=[-0.0004,+0.0001] s_true=[+0.0000,+0.0000] kg·m
[INFO] [1789047117.859962174] [mhe_node]: [tau_phys] roll=-0.002 pitch=+0.004 Nm
[INFO] [1789047117.860545752] [mhe_node]: [mass-diag] m_est=2.0627 T=20.213N tilt=0.52deg cos=0.99996 | T/g=2.0605 T*cos/g=2.0604 | m_est-T*cos/g=+0.0023kg (+0.11%) vz=+0.000
[INFO] [1789047117.861126434] [mhe_node]: [c_xy_est] cx=-0.0002 cy=+0.0000 m
[INFO] [1789047119.859022869] [mhe_node]: MHE mass estimate: 2.060 kg (T_phys=20.30N) | solve=3.5ms (max3.6)
[INFO] [1789047119.859573149] [mhe_node]: [truth] m_hat=2.0605 m_true=2.0643 err=-0.19% | c_hat=[+0.0000,+0.0000] c_true=[+0.0000,+0.0000] | Jxx_hat=0.01420 Jxx_true=0.01420 Jyz_hat=+0.00000 Jyz_true=+0.00000 | s_hat=[-0.0004,+0.0000] s_true=[+0.0000,+0.0000] kg·m
[INFO] [1789047119.860094057] [mhe_node]: [tau_phys] roll=-0.000 pitch=+0.005 Nm
[INFO] [1789047119.860684756] [mhe_node]: [mass-diag] m_est=2.0605 T=20.295N tilt=0.21deg cos=0.99999 | T/g=2.0688 T*cos/g=2.0688 | m_est-T*cos/g=-0.0084kg (-0.40%) vz=-0.008
[INFO] [1789047119.861271510] [mhe_node]: [c_xy_est] cx=-0.0002 cy=+0.0000 m
[INFO] [1789047121.859096825] [mhe_node]: MHE mass estimate: 2.060 kg (T_phys=20.23N) | solve=3.6ms (max3.7)
[INFO] [1789047121.859644151] [mhe_node]: [truth] m_hat=2.0603 m_true=2.0643 err=-0.19% | c_hat=[+0.0000,+0.0000] c_true=[+0.0000,+0.0000] | Jxx_hat=0.01420 Jxx_true=0.01420 Jyz_hat=+0.00000 Jyz_true=+0.00000 | s_hat=[-0.0004,+0.0000] s_true=[+0.0000,+0.0000] kg·m
[INFO] [1789047121.860162385] [mhe_node]: [tau_phys] roll=-0.002 pitch=+0.004 Nm
[INFO] [1789047121.860746317] [mhe_node]: [mass-diag] m_est=2.0603 T=20.229N tilt=0.49deg cos=0.99996 | T/g=2.0621 T*cos/g=2.0620 | m_est-T*cos/g=-0.0017kg (-0.08%) vz=-0.010
[INFO] [1789047121.861333893] [mhe_node]: [c_xy_est] cx=-0.0002 cy=+0.0000 m
[INFO] [1789047123.858920568] [mhe_node]: MHE mass estimate: 2.062 kg (T_phys=20.27N) | solve=3.5ms (max3.7)
[INFO] [1789047123.859465251] [mhe_node]: [truth] m_hat=2.0618 m_true=2.0643 err=-0.12% | c_hat=[+0.0000,+0.0000] c_true=[+0.0000,+0.0000] | Jxx_hat=0.01420 Jxx_true=0.01420 Jyz_hat=+0.00000 Jyz_true=+0.00000 | s_hat=[-0.0003,-0.0001] s_true=[+0.0000,+0.0000] kg·m
[INFO] [1789047123.859981348] [mhe_node]: [tau_phys] roll=+0.001 pitch=+0.001 Nm
[INFO] [1789047123.860569655] [mhe_node]: [mass-diag] m_est=2.0618 T=20.270N tilt=0.61deg cos=0.99994 | T/g=2.0662 T*cos/g=2.0661 | m_est-T*cos/g=-0.0043kg (-0.21%) vz=+0.004
[INFO] [1789047123.861149924] [mhe_node]: [c_xy_est] cx=-0.0001 cy=-0.0000 m
[INFO] [1789047125.859076425] [mhe_node]: MHE mass estimate: 2.061 kg (T_phys=20.25N) | solve=3.9ms (max9.5)
[INFO] [1789047125.859611594] [mhe_node]: [truth] m_hat=2.0606 m_true=2.0643 err=-0.18% | c_hat=[+0.0000,+0.0000] c_true=[+0.0000,+0.0000] | Jxx_hat=0.01420 Jxx_true=0.01420 Jyz_hat=+0.00000 Jyz_true=+0.00000 | s_hat=[-0.0002,-0.0000] s_true=[+0.0000,+0.0000] kg·m
[INFO] [1789047125.860117630] [mhe_node]: [tau_phys] roll=+0.001 pitch=+0.003 Nm
[INFO] [1789047125.860701411] [mhe_node]: [mass-diag] m_est=2.0606 T=20.246N tilt=0.63deg cos=0.99994 | T/g=2.0638 T*cos/g=2.0637 | m_est-T*cos/g=-0.0031kg (-0.15%) vz=-0.002
[INFO] [1789047125.861291702] [mhe_node]: [c_xy_est] cx=-0.0001 cy=-0.0000 m
[INFO] [1789047127.858984183] [mhe_node]: MHE mass estimate: 2.062 kg (T_phys=20.27N) | solve=3.4ms (max3.7)
[INFO] [1789047127.859528540] [mhe_node]: [truth] m_hat=2.0619 m_true=2.0643 err=-0.12% | c_hat=[+0.0000,+0.0000] c_true=[+0.0000,+0.0000] | Jxx_hat=0.01420 Jxx_true=0.01420 Jyz_hat=+0.00000 Jyz_true=+0.00000 | s_hat=[-0.0003,+0.0001] s_true=[+0.0000,+0.0000] kg·m
[INFO] [1789047127.860045174] [mhe_node]: [tau_phys] roll=+0.000 pitch=+0.002 Nm
[INFO] [1789047127.860633777] [mhe_node]: [mass-diag] m_est=2.0619 T=20.266N tilt=0.50deg cos=0.99996 | T/g=2.0659 T*cos/g=2.0658 | m_est-T*cos/g=-0.0039kg (-0.19%) vz=+0.001
[INFO] [1789047127.861215597] [mhe_node]: [c_xy_est] cx=-0.0002 cy=+0.0000 m
[INFO] [1789047128.854768276] [mhe_node]: [c_xy-clamp] 越界剔除 0/1200 (0.0%) 上限 0.0390 kg·m clamp=1
[INFO] [1789047129.859242001] [mhe_node]: MHE mass estimate: 2.061 kg (T_phys=20.35N) | solve=3.5ms (max3.8)
[INFO] [1789047129.859912067] [mhe_node]: [truth] m_hat=2.0613 m_true=2.0643 err=-0.14% | c_hat=[+0.0000,+0.0000] c_true=[+0.0000,+0.0000] | Jxx_hat=0.01420 Jxx_true=0.01420 Jyz_hat=+0.00000 Jyz_true=+0.00000 | s_hat=[-0.0003,+0.0000] s_true=[+0.0000,+0.0000] kg·m
[INFO] [1789047129.860437595] [mhe_node]: [tau_phys] roll=-0.000 pitch=+0.002 Nm
[INFO] [1789047129.861026390] [mhe_node]: [mass-diag] m_est=2.0613 T=20.347N tilt=0.50deg cos=0.99996 | T/g=2.0741 T*cos/g=2.0741 | m_est-T*cos/g=-0.0127kg (-0.61%) vz=+0.001
[INFO] [1789047129.861604958] [mhe_node]: [c_xy_est] cx=-0.0001 cy=+0.0000 m
[INFO] [1789047131.859172061] [mhe_node]: MHE mass estimate: 2.061 kg (T_phys=20.22N) | solve=3.7ms (max9.2)
[INFO] [1789047131.859712236] [mhe_node]: [truth] m_hat=2.0609 m_true=2.0643 err=-0.16% | c_hat=[+0.0000,+0.0000] c_true=[+0.0000,+0.0000] | Jxx_hat=0.01420 Jxx_true=0.01420 Jyz_hat=+0.00000 Jyz_true=+0.00000 | s_hat=[-0.0003,-0.0000] s_true=[+0.0000,+0.0000] kg·m
[INFO] [1789047131.860228334] [mhe_node]: [tau_phys] roll=+0.002 pitch=+0.003 Nm
[INFO] [1789047131.860815897] [mhe_node]: [mass-diag] m_est=2.0609 T=20.222N tilt=0.45deg cos=0.99997 | T/g=2.0613 T*cos/g=2.0613 | m_est-T*cos/g=-0.0003kg (-0.02%) vz=-0.008
[INFO] [1789047131.861398104] [mhe_node]: [c_xy_est] cx=-0.0001 cy=-0.0000 m
[INFO] [1789047133.859236578] [mhe_node]: MHE mass estimate: 2.058 kg (T_phys=20.21N) | solve=3.6ms (max3.9)
[INFO] [1789047133.859778652] [mhe_node]: [truth] m_hat=2.0581 m_true=2.0643 err=-0.30% | c_hat=[+0.0000,+0.0000] c_true=[+0.0000,+0.0000] | Jxx_hat=0.01420 Jxx_true=0.01420 Jyz_hat=+0.00000 Jyz_true=+0.00000 | s_hat=[-0.0003,+0.0000] s_true=[+0.0000,+0.0000] kg·m
[INFO] [1789047133.860304881] [mhe_node]: [tau_phys] roll=+0.002 pitch=-0.001 Nm
[INFO] [1789047133.860897763] [mhe_node]: [mass-diag] m_est=2.0581 T=20.208N tilt=0.49deg cos=0.99996 | T/g=2.0599 T*cos/g=2.0598 | m_est-T*cos/g=-0.0017kg (-0.08%) vz=-0.024
[INFO] [1789047133.861483038] [mhe_node]: [c_xy_est] cx=-0.0002 cy=+0.0000 m
[INFO] [1789047135.857537359] [mhe_node]: MHE mass estimate: 2.063 kg (T_phys=20.16N) | solve=3.5ms (max4.5)
[INFO] [1789047135.857922303] [mhe_node]: [truth] m_hat=2.0625 m_true=2.0643 err=-0.09% | c_hat=[+0.0000,+0.0000] c_true=[+0.0000,+0.0000] | Jxx_hat=0.01420 Jxx_true=0.01420 Jyz_hat=+0.00000 Jyz_true=+0.00000 | s_hat=[-0.0003,+0.0000] s_true=[+0.0000,+0.0000] kg·m
[INFO] [1789047135.858287999] [mhe_node]: [tau_phys] roll=+0.001 pitch=+0.003 Nm
[INFO] [1789047135.858699305] [mhe_node]: [mass-diag] m_est=2.0625 T=20.160N tilt=0.51deg cos=0.99996 | T/g=2.0550 T*cos/g=2.0550 | m_est-T*cos/g=+0.0075kg (+0.37%) vz=+0.003
[INFO] [1789047135.859096190] [mhe_node]: [c_xy_est] cx=-0.0002 cy=+0.0000 m
[INFO] [1789047137.859165300] [mhe_node]: MHE mass estimate: 2.064 kg (T_phys=20.19N) | solve=3.6ms (max3.7)
[INFO] [1789047137.859710418] [mhe_node]: [truth] m_hat=2.0642 m_true=2.0643 err=-0.00% | c_hat=[+0.0000,+0.0000] c_true=[+0.0000,+0.0000] | Jxx_hat=0.01420 Jxx_true=0.01420 Jyz_hat=+0.00000 Jyz_true=+0.00000 | s_hat=[-0.0002,+0.0000] s_true=[+0.0000,+0.0000] kg·m
[INFO] [1789047137.860232194] [mhe_node]: [tau_phys] roll=-0.003 pitch=+0.002 Nm
[INFO] [1789047137.860820806] [mhe_node]: [mass-diag] m_est=2.0642 T=20.190N tilt=0.54deg cos=0.99996 | T/g=2.0581 T*cos/g=2.0580 | m_est-T*cos/g=+0.0062kg (+0.30%) vz=+0.012
[INFO] [1789047137.861403068] [mhe_node]: [c_xy_est] cx=-0.0001 cy=+0.0000 m
[INFO] [1789047139.859102663] [mhe_node]: MHE mass estimate: 2.062 kg (T_phys=20.21N) | solve=3.5ms (max3.7)
[INFO] [1789047139.859646920] [mhe_node]: [truth] m_hat=2.0620 m_true=2.0643 err=-0.11% | c_hat=[+0.0000,+0.0000] c_true=[+0.0000,+0.0000] | Jxx_hat=0.01420 Jxx_true=0.01420 Jyz_hat=+0.00000 Jyz_true=+0.00000 | s_hat=[-0.0003,-0.0000] s_true=[+0.0000,+0.0000] kg·m
[INFO] [1789047139.860163316] [mhe_node]: [tau_phys] roll=-0.001 pitch=+0.002 Nm
[INFO] [1789047139.860756591] [mhe_node]: [mass-diag] m_est=2.0620 T=20.211N tilt=0.56deg cos=0.99995 | T/g=2.0602 T*cos/g=2.0601 | m_est-T*cos/g=+0.0019kg (+0.09%) vz=-0.000
[INFO] [1789047139.861339293] [mhe_node]: [c_xy_est] cx=-0.0001 cy=-0.0000 m
[INFO] [1789047141.859184044] [mhe_node]: MHE mass estimate: 2.059 kg (T_phys=20.28N) | solve=3.7ms (max4.6)
[INFO] [1789047141.859735113] [mhe_node]: [truth] m_hat=2.0592 m_true=2.0643 err=-0.25% | c_hat=[+0.0000,+0.0000] c_true=[+0.0000,+0.0000] | Jxx_hat=0.01420 Jxx_true=0.01420 Jyz_hat=+0.00000 Jyz_true=+0.00000 | s_hat=[-0.0003,-0.0001] s_true=[+0.0000,+0.0000] kg·m
[INFO] [1789047141.860264749] [mhe_node]: [tau_phys] roll=+0.003 pitch=+0.004 Nm
[INFO] [1789047141.860855926] [mhe_node]: [mass-diag] m_est=2.0592 T=20.281N tilt=0.34deg cos=0.99998 | T/g=2.0674 T*cos/g=2.0673 | m_est-T*cos/g=-0.0082kg (-0.39%) vz=-0.017
[INFO] [1789047141.861443704] [mhe_node]: [c_xy_est] cx=-0.0002 cy=-0.0000 m
[INFO] [1789047143.859142030] [mhe_node]: MHE mass estimate: 2.061 kg (T_phys=20.26N) | solve=3.6ms (max3.7)
[INFO] [1789047143.859693754] [mhe_node]: [truth] m_hat=2.0610 m_true=2.0643 err=-0.16% | c_hat=[+0.0000,+0.0000] c_true=[+0.0000,+0.0000] | Jxx_hat=0.01420 Jxx_true=0.01420 Jyz_hat=+0.00000 Jyz_true=+0.00000 | s_hat=[-0.0002,-0.0000] s_true=[+0.0000,+0.0000] kg·m
[INFO] [1789047143.860222752] [mhe_node]: [tau_phys] roll=-0.002 pitch=+0.004 Nm
[INFO] [1789047143.860813648] [mhe_node]: [mass-diag] m_est=2.0610 T=20.258N tilt=0.24deg cos=0.99999 | T/g=2.0650 T*cos/g=2.0650 | m_est-T*cos/g=-0.0040kg (-0.20%) vz=-0.003
[INFO] [1789047143.861420174] [mhe_node]: [c_xy_est] cx=-0.0001 cy=-0.0000 m
[ros2run]: Killed
