[INFO] [1788474114.171518778] [mhe_node]: MHE node starting, building/loading solver... (geom_coupled=True, N=20, m_min=1.961, m_B=2.0643)
Code reuse possible, skipping code generation.
acados was compiled without OpenMP.
[INFO] [1788474114.178587099] [mhe_node]: [prior] geom_coupled=True → 载荷质量信息**完全不生效**(grip_payload_envelope=0.3 是死代码:coupled 档下 _payload_geometry 根本不被调用);模型只吃可测杆臂 r_p + 被估质量,m 的先验仅有 Q0 质量维=0.1 (σ=3.16kg,实质无先验)
[WARN] [1788474114.179078879] [mhe_node]: geom_release_mode='self':估计器不被告知 drop。⚠️ 2026-08-24 实测,**NMPC 侧也设成 'self' 会必然坠机**——drop 后控制器继续按幽灵偏心载荷配平,指令 0.424N·m(tau_max 的 85%)作用在空机 J_xx=0.0142 上 = 29.8 rad/s²,而 MHE 10Hz/2s 窗口要 1~2s 才纠得过来,飞机先翻。**正确组合 = MHE 'self' + NMPC 'event'**(控制器是发释放指令的一方,它知道不构成认知作弊)。
[INFO] [1788474114.180494862] [mhe_node]: [c_xy_est] 质量域卸载判据已开:先武装(m_p>0.090kg),再判 m_p<0.03kg 持续 20 帧 -> 释放偏心估计
[INFO] [1788474114.181025000] [mhe_node]: [c_xy] 来源 = 一阶质量矩 s/m_T(窗口内估计,**无稳态门控**),替代窗外 EMA —— 机动中也会更新
[INFO] [1788474114.182027611] [mhe_node]: weight schedule theta = [-4.00, 0.00, 0.00, 0.00], signal mode = residual (residual self-trigger: thresh=1.5N persist=2 baseline_tau=3.0s)
[INFO] [1788474114.186153715] [mhe_node]: MHE node initialized! tau_source=command (roll/pitch NMPC意图值, yaw NMPC意图值), motor_window_avg=False, geom_release_mode=self. Waiting for odometry + control data...
[INFO] [1788474136.285901576] [mhe_node]: [no-signal] baseline settled at 19.94N (quiet 20 frames); detector armed
[INFO] [1788474136.286192560] [mhe_node]: arrival prior seeded: m=2.064 kg (m_nominal prior)
[INFO] [1788474136.286573862] [mhe_node]: [geom] model_geom_on=True (release_mode=self, truth_attached=False) mode=coupled(r_p) -> geom=[ 0.    0.   -0.47] dJ=0.0000 c_xy=[+0.0000,+0.0000] (dJ/c 为按当前 m_est 折算的诊断当量,模型内部随 m 实时生成)
[INFO] [1788474138.209672594] [mhe_node]: MHE mass estimate: 2.051 kg (T_phys=20.08N) | solve=5.1ms (max22.8)
[INFO] [1788474138.210221757] [mhe_node]: [truth] m_hat=2.0513 m_true=2.0643 err=-0.63% | c_hat=[+0.0000,+0.0000] c_true=[+0.0000,+0.0000] | Jxx_hat=0.01420 Jxx_true=0.01420 Jyz_hat=+0.00000 Jyz_true=+0.00000 | s_hat=[-0.0014,-0.0001] s_true=[+0.0000,+0.0000] kg·m
[INFO] [1788474138.210740186] [mhe_node]: [tau_phys] roll=+0.007 pitch=-0.066 Nm
[INFO] [1788474138.211333971] [mhe_node]: [mass-diag] m_est=2.0513 T=20.081N tilt=5.07deg cos=0.99608 | T/g=2.0470 T*cos/g=2.0390 | m_est-T*cos/g=+0.0123kg (+0.61%) vz=+0.116
[INFO] [1788474138.211915337] [mhe_node]: [c_xy_est] cx=-0.0004 cy=-0.0000 m
[INFO] [1788474140.192259903] [mhe_node]: MHE mass estimate: 2.059 kg (T_phys=20.22N) | solve=10.8ms (max14.7)
[INFO] [1788474140.192807254] [mhe_node]: [truth] m_hat=2.0594 m_true=2.0643 err=-0.24% | c_hat=[+0.0000,+0.0000] c_true=[+0.0000,+0.0000] | Jxx_hat=0.01420 Jxx_true=0.01420 Jyz_hat=+0.00000 Jyz_true=+0.00000 | s_hat=[-0.0010,+0.0000] s_true=[+0.0000,+0.0000] kg·m
[INFO] [1788474140.193324284] [mhe_node]: [tau_phys] roll=+0.003 pitch=+0.005 Nm
[INFO] [1788474140.193921271] [mhe_node]: [mass-diag] m_est=2.0594 T=20.221N tilt=2.45deg cos=0.99908 | T/g=2.0612 T*cos/g=2.0593 | m_est-T*cos/g=+0.0000kg (+0.00%) vz=+0.021
[INFO] [1788474140.194500691] [mhe_node]: [c_xy_est] cx=-0.0005 cy=+0.0000 m
[INFO] [1788474142.191273611] [mhe_node]: MHE mass estimate: 2.061 kg (T_phys=20.20N) | solve=6.3ms (max10.9)
[INFO] [1788474142.191817766] [mhe_node]: [truth] m_hat=2.0611 m_true=2.0643 err=-0.15% | c_hat=[+0.0000,+0.0000] c_true=[+0.0000,+0.0000] | Jxx_hat=0.01420 Jxx_true=0.01420 Jyz_hat=+0.00000 Jyz_true=+0.00000 | s_hat=[+0.0000,-0.0001] s_true=[+0.0000,+0.0000] kg·m
[INFO] [1788474142.192339040] [mhe_node]: [tau_phys] roll=-0.001 pitch=-0.001 Nm
[INFO] [1788474142.192926647] [mhe_node]: [mass-diag] m_est=2.0611 T=20.205N tilt=0.29deg cos=0.99999 | T/g=2.0596 T*cos/g=2.0596 | m_est-T*cos/g=+0.0016kg (+0.08%) vz=+0.010
[INFO] [1788474142.193506443] [mhe_node]: [c_xy_est] cx=+0.0000 cy=-0.0000 m
[INFO] [1788474143.985971551] [mhe_node]: [no-signal] mass mutation self-detected at frame 96: T_phys=18.23N vs baseline 20.10N (dev 1.86N > 1.5N over 2 frames, direction=DROP); de-weighting pre-event stages
[INFO] [1788474143.987146308] [mhe_node]: event transition started: pre-event stages de-weighted
[INFO] [1788474144.191068234] [mhe_node]: MHE mass estimate: 2.005 kg (T_phys=17.60N) | solve=3.9ms (max5.7)
[INFO] [1788474144.191613341] [mhe_node]: [truth] m_hat=2.0049 m_true=2.0643 err=-2.88% | c_hat=[+0.0000,+0.0000] c_true=[+0.0000,+0.0000] | Jxx_hat=0.01420 Jxx_true=0.01420 Jyz_hat=+0.00000 Jyz_true=+0.00000 | s_hat=[-0.0000,+0.0001] s_true=[+0.0000,+0.0000] kg·m
[INFO] [1788474144.192131790] [mhe_node]: [tau_phys] roll=+0.001 pitch=-0.000 Nm
[INFO] [1788474144.192721914] [mhe_node]: [mass-diag] m_est=2.0049 T=17.602N tilt=0.22deg cos=0.99999 | T/g=1.7943 T*cos/g=1.7942 | m_est-T*cos/g=+0.2107kg (+11.74%) vz=-0.360
[INFO] [1788474144.193300729] [mhe_node]: [c_xy_est] cx=-0.0000 cy=+0.0000 m
[INFO] [1788474145.886771101] [mhe_node]: event transition ended: nominal weights restored
[INFO] [1788474146.191582762] [mhe_node]: MHE mass estimate: 2.056 kg (T_phys=20.33N) | solve=3.8ms (max5.0)
[INFO] [1788474146.192123681] [mhe_node]: [truth] m_hat=2.0564 m_true=2.0643 err=-0.38% | c_hat=[+0.0000,+0.0000] c_true=[+0.0000,+0.0000] | Jxx_hat=0.01420 Jxx_true=0.01420 Jyz_hat=+0.00000 Jyz_true=+0.00000 | s_hat=[+0.0001,-0.0000] s_true=[+0.0000,+0.0000] kg·m
[INFO] [1788474146.192634629] [mhe_node]: [tau_phys] roll=-0.000 pitch=-0.002 Nm
[INFO] [1788474146.193222297] [mhe_node]: [mass-diag] m_est=2.0564 T=20.333N tilt=0.27deg cos=0.99999 | T/g=2.0726 T*cos/g=2.0726 | m_est-T*cos/g=-0.0162kg (-0.78%) vz=-0.071
[INFO] [1788474146.193800447] [mhe_node]: [c_xy_est] cx=+0.0001 cy=-0.0000 m
[INFO] [1788474147.985887517] [mhe_node]: [no-signal] baseline settled at 20.16N (quiet 20 frames); detector armed
[INFO] [1788474148.199984481] [mhe_node]: MHE mass estimate: 2.015 kg (T_phys=19.94N) | solve=5.8ms (max13.2)
[INFO] [1788474148.200519960] [mhe_node]: [truth] m_hat=2.0145 m_true=2.0643 err=-2.41% | c_hat=[+0.0000,+0.0000] c_true=[+0.0000,+0.0000] | Jxx_hat=0.01420 Jxx_true=0.01420 Jyz_hat=+0.00000 Jyz_true=+0.00000 | s_hat=[-0.0023,-0.0000] s_true=[+0.0000,+0.0000] kg·m
[INFO] [1788474148.201037707] [mhe_node]: [tau_phys] roll=+0.037 pitch=+0.023 Nm
[INFO] [1788474148.201623742] [mhe_node]: [mass-diag] m_est=2.0145 T=19.944N tilt=0.24deg cos=0.99999 | T/g=2.0331 T*cos/g=2.0330 | m_est-T*cos/g=-0.0185kg (-0.91%) vz=-0.001
[INFO] [1788474148.202221096] [mhe_node]: [c_xy_est] cx=-0.0010 cy=-0.0001 m
[INFO] [1788474149.385807935] [mhe_node]: [no-signal] mass mutation self-detected at frame 150: T_phys=22.40N vs baseline 20.28N (dev 2.11N > 1.5N over 2 frames, direction=ATTACH); de-weighting pre-event stages
[INFO] [1788474149.385967073] [mhe_node]: [payload-state] EMPTY->LOADED (attach, m_p=-0.047kg)
[INFO] [1788474149.386684733] [mhe_node]: event transition started: pre-event stages de-weighted
[INFO] [1788474150.190205884] [mhe_node]: MHE mass estimate: 2.221 kg (T_phys=21.78N) | solve=9.5ms (max17.4)
[INFO] [1788474150.190619101] [mhe_node]: [truth] m_hat=2.2208 m_true=2.0643 err=+7.58% | c_hat=[+0.0000,+0.0000] c_true=[+0.0000,+0.0000] | Jxx_hat=0.01420 Jxx_true=0.01420 Jyz_hat=+0.00000 Jyz_true=+0.00000 | s_hat=[-0.0040,-0.0125] s_true=[+0.0000,+0.0000] kg·m
[INFO] [1788474150.190991756] [mhe_node]: [tau_phys] roll=-0.110 pitch=+0.040 Nm
[INFO] [1788474150.191407929] [mhe_node]: [mass-diag] m_est=2.2208 T=21.778N tilt=0.47deg cos=0.99997 | T/g=2.2199 T*cos/g=2.2199 | m_est-T*cos/g=+0.0009kg (+0.04%) vz=+0.481
[INFO] [1788474150.191811796] [mhe_node]: [c_xy_est] cx=-0.0018 cy=-0.0057 m
[INFO] [1788474151.286850024] [mhe_node]: event transition ended: nominal weights restored
[INFO] [1788474151.485811019] [mhe_node]: [c_xy_est] 质量域判据已武装(m_p=0.167kg 连续20帧高于水位)
[INFO] [1788474152.190431812] [mhe_node]: MHE mass estimate: 2.250 kg (T_phys=22.54N) | solve=4.7ms (max9.9)
[INFO] [1788474152.190994313] [mhe_node]: [truth] m_hat=2.2500 m_true=2.0643 err=+8.99% | c_hat=[+0.0000,+0.0000] c_true=[+0.0000,+0.0000] | Jxx_hat=0.01420 Jxx_true=0.01420 Jyz_hat=+0.00000 Jyz_true=+0.00000 | s_hat=[-0.0048,-0.0120] s_true=[+0.0000,+0.0000] kg·m
[INFO] [1788474152.191510385] [mhe_node]: [tau_phys] roll=-0.122 pitch=+0.021 Nm
[INFO] [1788474152.192097896] [mhe_node]: [mass-diag] m_est=2.2500 T=22.541N tilt=0.19deg cos=0.99999 | T/g=2.2978 T*cos/g=2.2978 | m_est-T*cos/g=-0.0478kg (-2.08%) vz=+1.109
[INFO] [1788474152.192674397] [mhe_node]: [c_xy_est] cx=-0.0021 cy=-0.0053 m
[INFO] [1788474154.191337251] [mhe_node]: MHE mass estimate: 2.250 kg (T_phys=21.36N) | solve=3.9ms (max6.7)
[INFO] [1788474154.192029403] [mhe_node]: [truth] m_hat=2.2499 m_true=2.0643 err=+8.99% | c_hat=[+0.0000,+0.0000] c_true=[+0.0000,+0.0000] | Jxx_hat=0.01420 Jxx_true=0.01420 Jyz_hat=+0.00000 Jyz_true=+0.00000 | s_hat=[-0.0044,-0.0119] s_true=[+0.0000,+0.0000] kg·m
[INFO] [1788474154.192544967] [mhe_node]: [tau_phys] roll=-0.117 pitch=+0.397 Nm
[INFO] [1788474154.193128761] [mhe_node]: [mass-diag] m_est=2.2499 T=21.362N tilt=0.69deg cos=0.99993 | T/g=2.1775 T*cos/g=2.1774 | m_est-T*cos/g=+0.0726kg (+3.33%) vz=+1.041
[INFO] [1788474154.193710483] [mhe_node]: [c_xy_est] cx=-0.0020 cy=-0.0053 m
[INFO] [1788474156.202610566] [mhe_node]: MHE mass estimate: 2.174 kg (T_phys=20.72N) | solve=11.0ms (max20.3)
[INFO] [1788474156.203170559] [mhe_node]: [truth] m_hat=2.1737 m_true=2.0643 err=+5.30% | c_hat=[+0.0000,+0.0000] c_true=[+0.0000,+0.0000] | Jxx_hat=0.01420 Jxx_true=0.01420 Jyz_hat=+0.00000 Jyz_true=+0.00000 | s_hat=[-0.0045,-0.0102] s_true=[+0.0000,+0.0000] kg·m
[INFO] [1788474156.203688092] [mhe_node]: [tau_phys] roll=-0.119 pitch=-0.833 Nm
[INFO] [1788474156.204281724] [mhe_node]: [mass-diag] m_est=2.1737 T=20.716N tilt=1.30deg cos=0.99974 | T/g=2.1117 T*cos/g=2.1111 | m_est-T*cos/g=+0.0626kg (+2.97%) vz=+0.205
[INFO] [1788474156.204863485] [mhe_node]: [c_xy_est] cx=-0.0020 cy=-0.0047 m
[INFO] [1788474158.196605200] [mhe_node]: MHE mass estimate: 2.205 kg (T_phys=21.69N) | solve=10.6ms (max23.8)
[INFO] [1788474158.197180501] [mhe_node]: [truth] m_hat=2.2052 m_true=2.0643 err=+6.83% | c_hat=[+0.0000,+0.0000] c_true=[+0.0000,+0.0000] | Jxx_hat=0.01420 Jxx_true=0.01420 Jyz_hat=+0.00000 Jyz_true=+0.00000 | s_hat=[-0.0053,-0.0115] s_true=[+0.0000,+0.0000] kg·m
[INFO] [1788474158.197698997] [mhe_node]: [tau_phys] roll=-0.116 pitch=+0.042 Nm
[INFO] [1788474158.198290926] [mhe_node]: [mass-diag] m_est=2.2052 T=21.694N tilt=0.09deg cos=1.00000 | T/g=2.2115 T*cos/g=2.2115 | m_est-T*cos/g=-0.0062kg (-0.28%) vz=+0.007
[INFO] [1788474158.198872672] [mhe_node]: [c_xy_est] cx=-0.0022 cy=-0.0052 m
[INFO] [1788474158.385961253] [mhe_node]: [no-signal] baseline settled at 21.49N (quiet 20 frames); detector armed
[INFO] [1788474160.191302179] [mhe_node]: MHE mass estimate: 2.209 kg (T_phys=21.67N) | solve=4.5ms (max7.5)
[INFO] [1788474160.191862089] [mhe_node]: [truth] m_hat=2.2088 m_true=2.0643 err=+7.00% | c_hat=[+0.0000,+0.0000] c_true=[+0.0000,+0.0000] | Jxx_hat=0.01420 Jxx_true=0.01420 Jyz_hat=+0.00000 Jyz_true=+0.00000 | s_hat=[-0.0041,-0.0117] s_true=[+0.0000,+0.0000] kg·m
[INFO] [1788474160.192380517] [mhe_node]: [tau_phys] roll=-0.108 pitch=+0.136 Nm
[INFO] [1788474160.192967233] [mhe_node]: [mass-diag] m_est=2.2088 T=21.666N tilt=0.07deg cos=1.00000 | T/g=2.2085 T*cos/g=2.2085 | m_est-T*cos/g=+0.0003kg (+0.02%) vz=-0.005
[INFO] [1788474160.193543239] [mhe_node]: [c_xy_est] cx=-0.0019 cy=-0.0053 m
[INFO] [1788474162.193199319] [mhe_node]: MHE mass estimate: 2.207 kg (T_phys=21.46N) | solve=5.3ms (max13.9)
[INFO] [1788474162.193764379] [mhe_node]: [truth] m_hat=2.2072 m_true=2.0643 err=+6.92% | c_hat=[+0.0000,+0.0000] c_true=[+0.0000,+0.0000] | Jxx_hat=0.01420 Jxx_true=0.01420 Jyz_hat=+0.00000 Jyz_true=+0.00000 | s_hat=[-0.0057,-0.0117] s_true=[+0.0000,+0.0000] kg·m
[INFO] [1788474162.194288482] [mhe_node]: [tau_phys] roll=-0.113 pitch=+0.069 Nm
[INFO] [1788474162.194871931] [mhe_node]: [mass-diag] m_est=2.2072 T=21.459N tilt=0.52deg cos=0.99996 | T/g=2.1875 T*cos/g=2.1874 | m_est-T*cos/g=+0.0198kg (+0.91%) vz=+0.022
[INFO] [1788474162.195449761] [mhe_node]: [c_xy_est] cx=-0.0025 cy=-0.0053 m
[INFO] [1788474164.206923916] [mhe_node]: MHE mass estimate: 2.200 kg (T_phys=21.81N) | solve=9.0ms (max20.1)
[INFO] [1788474164.207480630] [mhe_node]: [truth] m_hat=2.2004 m_true=2.0643 err=+6.59% | c_hat=[+0.0000,+0.0000] c_true=[+0.0000,+0.0000] | Jxx_hat=0.01420 Jxx_true=0.01420 Jyz_hat=+0.00000 Jyz_true=+0.00000 | s_hat=[-0.0105,-0.0119] s_true=[+0.0000,+0.0000] kg·m
[INFO] [1788474164.208000456] [mhe_node]: [tau_phys] roll=-0.115 pitch=+0.180 Nm
[INFO] [1788474164.208597964] [mhe_node]: [mass-diag] m_est=2.2004 T=21.809N tilt=4.11deg cos=0.99743 | T/g=2.2231 T*cos/g=2.2174 | m_est-T*cos/g=-0.0170kg (-0.77%) vz=+0.051
[INFO] [1788474164.209188942] [mhe_node]: [c_xy_est] cx=-0.0045 cy=-0.0055 m
[INFO] [1788474166.192455652] [mhe_node]: MHE mass estimate: 2.197 kg (T_phys=21.62N) | solve=7.8ms (max11.6)
[INFO] [1788474166.192861843] [mhe_node]: [truth] m_hat=2.1969 m_true=2.0643 err=+6.42% | c_hat=[+0.0000,+0.0000] c_true=[+0.0000,+0.0000] | Jxx_hat=0.01420 Jxx_true=0.01420 Jyz_hat=+0.00000 Jyz_true=+0.00000 | s_hat=[-0.0267,-0.0106] s_true=[+0.0000,+0.0000] kg·m
[INFO] [1788474166.193224554] [mhe_node]: [tau_phys] roll=-0.095 pitch=+0.364 Nm
[INFO] [1788474166.193634895] [mhe_node]: [mass-diag] m_est=2.1969 T=21.622N tilt=3.54deg cos=0.99809 | T/g=2.2041 T*cos/g=2.1999 | m_est-T*cos/g=-0.0030kg (-0.14%) vz=+0.144
[INFO] [1788474166.194036641] [mhe_node]: [c_xy_est] cx=-0.0119 cy=-0.0048 m
[INFO] [1788474168.194220778] [mhe_node]: MHE mass estimate: 2.194 kg (T_phys=21.61N) | solve=6.5ms (max9.5)
[INFO] [1788474168.194787073] [mhe_node]: [truth] m_hat=2.1942 m_true=2.0643 err=+6.29% | c_hat=[+0.0000,+0.0000] c_true=[+0.0000,+0.0000] | Jxx_hat=0.01420 Jxx_true=0.01420 Jyz_hat=+0.00000 Jyz_true=+0.00000 | s_hat=[-0.0293,-0.0104] s_true=[+0.0000,+0.0000] kg·m
[INFO] [1788474168.195306216] [mhe_node]: [tau_phys] roll=-0.098 pitch=+0.229 Nm
[INFO] [1788474168.195896150] [mhe_node]: [mass-diag] m_est=2.1942 T=21.609N tilt=3.64deg cos=0.99798 | T/g=2.2027 T*cos/g=2.1983 | m_est-T*cos/g=-0.0040kg (-0.18%) vz=+0.117
[INFO] [1788474168.196462150] [mhe_node]: [c_xy_est] cx=-0.0136 cy=-0.0047 m
[INFO] [1788474170.193156019] [mhe_node]: MHE mass estimate: 2.201 kg (T_phys=21.58N) | solve=7.8ms (max11.7)
[INFO] [1788474170.193710073] [mhe_node]: [truth] m_hat=2.2008 m_true=2.0643 err=+6.61% | c_hat=[+0.0000,+0.0000] c_true=[+0.0000,+0.0000] | Jxx_hat=0.01420 Jxx_true=0.01420 Jyz_hat=+0.00000 Jyz_true=+0.00000 | s_hat=[-0.0185,-0.0110] s_true=[+0.0000,+0.0000] kg·m
[INFO] [1788474170.194226947] [mhe_node]: [tau_phys] roll=-0.086 pitch=+0.268 Nm
[INFO] [1788474170.194815760] [mhe_node]: [mass-diag] m_est=2.2008 T=21.578N tilt=4.33deg cos=0.99715 | T/g=2.1996 T*cos/g=2.1934 | m_est-T*cos/g=+0.0074kg (+0.34%) vz=+0.060
[INFO] [1788474170.195394164] [mhe_node]: [c_xy_est] cx=-0.0086 cy=-0.0050 m
[INFO] [1788474172.192188647] [mhe_node]: MHE mass estimate: 2.199 kg (T_phys=21.49N) | solve=5.8ms (max8.4)
[INFO] [1788474172.192879058] [mhe_node]: [truth] m_hat=2.1992 m_true=2.0643 err=+6.54% | c_hat=[+0.0000,+0.0000] c_true=[+0.0000,+0.0000] | Jxx_hat=0.01420 Jxx_true=0.01420 Jyz_hat=+0.00000 Jyz_true=+0.00000 | s_hat=[-0.0211,-0.0098] s_true=[+0.0000,+0.0000] kg·m
[INFO] [1788474172.193400000] [mhe_node]: [tau_phys] roll=-0.093 pitch=+0.207 Nm
[INFO] [1788474172.193992761] [mhe_node]: [mass-diag] m_est=2.1992 T=21.492N tilt=2.24deg cos=0.99924 | T/g=2.1908 T*cos/g=2.1891 | m_est-T*cos/g=+0.0101kg (+0.46%) vz=+0.001
[INFO] [1788474172.194575329] [mhe_node]: [c_xy_est] cx=-0.0095 cy=-0.0045 m
[INFO] [1788474174.192373611] [mhe_node]: MHE mass estimate: 2.201 kg (T_phys=21.53N) | solve=4.9ms (max6.5)
[INFO] [1788474174.192935093] [mhe_node]: [truth] m_hat=2.2006 m_true=2.0643 err=+6.60% | c_hat=[+0.0000,+0.0000] c_true=[+0.0000,+0.0000] | Jxx_hat=0.01420 Jxx_true=0.01420 Jyz_hat=+0.00000 Jyz_true=+0.00000 | s_hat=[-0.0219,-0.0104] s_true=[+0.0000,+0.0000] kg·m
[INFO] [1788474174.193456384] [mhe_node]: [tau_phys] roll=-0.097 pitch=+0.204 Nm
[INFO] [1788474174.194038383] [mhe_node]: [mass-diag] m_est=2.2006 T=21.533N tilt=1.29deg cos=0.99975 | T/g=2.1950 T*cos/g=2.1945 | m_est-T*cos/g=+0.0061kg (+0.28%) vz=-0.024
[INFO] [1788474174.194612982] [mhe_node]: [c_xy_est] cx=-0.0100 cy=-0.0047 m
[INFO] [1788474176.198445179] [mhe_node]: MHE mass estimate: 2.203 kg (T_phys=21.54N) | solve=5.9ms (max11.7)
[INFO] [1788474176.199011044] [mhe_node]: [truth] m_hat=2.2030 m_true=2.0643 err=+6.72% | c_hat=[+0.0000,+0.0000] c_true=[+0.0000,+0.0000] | Jxx_hat=0.01420 Jxx_true=0.01420 Jyz_hat=+0.00000 Jyz_true=+0.00000 | s_hat=[-0.0180,-0.0111] s_true=[+0.0000,+0.0000] kg·m
[INFO] [1788474176.199535922] [mhe_node]: [tau_phys] roll=-0.105 pitch=+0.191 Nm
[INFO] [1788474176.200122488] [mhe_node]: [mass-diag] m_est=2.2030 T=21.539N tilt=2.08deg cos=0.99934 | T/g=2.1956 T*cos/g=2.1942 | m_est-T*cos/g=+0.0089kg (+0.40%) vz=-0.036
[INFO] [1788474176.200698230] [mhe_node]: [c_xy_est] cx=-0.0083 cy=-0.0050 m
[INFO] [1788474178.190319604] [mhe_node]: MHE mass estimate: 2.204 kg (T_phys=21.61N) | solve=5.8ms (max9.6)
[INFO] [1788474178.190738652] [mhe_node]: [truth] m_hat=2.2038 m_true=2.0643 err=+6.76% | c_hat=[+0.0000,+0.0000] c_true=[+0.0000,+0.0000] | Jxx_hat=0.01420 Jxx_true=0.01420 Jyz_hat=+0.00000 Jyz_true=+0.00000 | s_hat=[-0.0162,-0.0107] s_true=[+0.0000,+0.0000] kg·m
[INFO] [1788474178.191110629] [mhe_node]: [tau_phys] roll=-0.100 pitch=+0.198 Nm
[INFO] [1788474178.191522136] [mhe_node]: [mass-diag] m_est=2.2038 T=21.607N tilt=2.78deg cos=0.99882 | T/g=2.2026 T*cos/g=2.2000 | m_est-T*cos/g=+0.0038kg (+0.17%) vz=-0.074
[INFO] [1788474178.191926236] [mhe_node]: [c_xy_est] cx=-0.0074 cy=-0.0049 m
[INFO] [1788474180.191315021] [mhe_node]: MHE mass estimate: 2.196 kg (T_phys=21.57N) | solve=5.8ms (max13.2)
[INFO] [1788474180.191881345] [mhe_node]: [truth] m_hat=2.1964 m_true=2.0643 err=+6.40% | c_hat=[+0.0000,+0.0000] c_true=[+0.0000,+0.0000] | Jxx_hat=0.01420 Jxx_true=0.01420 Jyz_hat=+0.00000 Jyz_true=+0.00000 | s_hat=[-0.0204,-0.0108] s_true=[+0.0000,+0.0000] kg·m
[INFO] [1788474180.192400430] [mhe_node]: [tau_phys] roll=-0.097 pitch=+0.301 Nm
[INFO] [1788474180.192983030] [mhe_node]: [mass-diag] m_est=2.1964 T=21.567N tilt=2.73deg cos=0.99887 | T/g=2.1985 T*cos/g=2.1960 | m_est-T*cos/g=+0.0004kg (+0.02%) vz=-0.116
[INFO] [1788474180.193557604] [mhe_node]: [c_xy_est] cx=-0.0092 cy=-0.0049 m
[INFO] [1788474182.191259360] [mhe_node]: MHE mass estimate: 2.198 kg (T_phys=21.49N) | solve=5.8ms (max9.7)
[INFO] [1788474182.191822272] [mhe_node]: [truth] m_hat=2.1978 m_true=2.0643 err=+6.47% | c_hat=[+0.0000,+0.0000] c_true=[+0.0000,+0.0000] | Jxx_hat=0.01420 Jxx_true=0.01420 Jyz_hat=+0.00000 Jyz_true=+0.00000 | s_hat=[-0.0263,-0.0110] s_true=[+0.0000,+0.0000] kg·m
[INFO] [1788474182.192341472] [mhe_node]: [tau_phys] roll=-0.101 pitch=+0.326 Nm
[INFO] [1788474182.192929554] [mhe_node]: [mass-diag] m_est=2.1978 T=21.493N tilt=2.31deg cos=0.99919 | T/g=2.1909 T*cos/g=2.1891 | m_est-T*cos/g=+0.0087kg (+0.40%) vz=-0.091
[INFO] [1788474182.193510200] [mhe_node]: [c_xy_est] cx=-0.0120 cy=-0.0050 m
[INFO] [1788474184.191162995] [mhe_node]: MHE mass estimate: 2.195 kg (T_phys=21.60N) | solve=5.3ms (max7.8)
[INFO] [1788474184.191572795] [mhe_node]: [truth] m_hat=2.1955 m_true=2.0643 err=+6.36% | c_hat=[+0.0000,+0.0000] c_true=[+0.0000,+0.0000] | Jxx_hat=0.01420 Jxx_true=0.01420 Jyz_hat=+0.00000 Jyz_true=+0.00000 | s_hat=[-0.0295,-0.0111] s_true=[+0.0000,+0.0000] kg·m
[INFO] [1788474184.191937917] [mhe_node]: [tau_phys] roll=-0.107 pitch=+0.357 Nm
[INFO] [1788474184.192357035] [mhe_node]: [mass-diag] m_est=2.1955 T=21.599N tilt=1.20deg cos=0.99978 | T/g=2.2018 T*cos/g=2.2013 | m_est-T*cos/g=-0.0058kg (-0.26%) vz=-0.105
[INFO] [1788474184.192762143] [mhe_node]: [c_xy_est] cx=-0.0135 cy=-0.0051 m
[INFO] [1788474186.191280905] [mhe_node]: MHE mass estimate: 2.195 kg (T_phys=21.54N) | solve=5.4ms (max9.7)
[INFO] [1788474186.191853519] [mhe_node]: [truth] m_hat=2.1946 m_true=2.0643 err=+6.31% | c_hat=[+0.0000,+0.0000] c_true=[+0.0000,+0.0000] | Jxx_hat=0.01420 Jxx_true=0.01420 Jyz_hat=+0.00000 Jyz_true=+0.00000 | s_hat=[-0.0278,-0.0115] s_true=[+0.0000,+0.0000] kg·m
[INFO] [1788474186.192372605] [mhe_node]: [tau_phys] roll=-0.115 pitch=+0.330 Nm
[INFO] [1788474186.192953819] [mhe_node]: [mass-diag] m_est=2.1946 T=21.535N tilt=0.76deg cos=0.99991 | T/g=2.1953 T*cos/g=2.1951 | m_est-T*cos/g=-0.0004kg (-0.02%) vz=-0.108
[INFO] [1788474186.193536308] [mhe_node]: [c_xy_est] cx=-0.0128 cy=-0.0053 m
[INFO] [1788474188.192224693] [mhe_node]: MHE mass estimate: 2.198 kg (T_phys=21.55N) | solve=8.1ms (max16.3)
[INFO] [1788474188.192787160] [mhe_node]: [truth] m_hat=2.1983 m_true=2.0643 err=+6.49% | c_hat=[+0.0000,+0.0000] c_true=[+0.0000,+0.0000] | Jxx_hat=0.01420 Jxx_true=0.01420 Jyz_hat=+0.00000 Jyz_true=+0.00000 | s_hat=[-0.0218,-0.0118] s_true=[+0.0000,+0.0000] kg·m
[INFO] [1788474188.193304669] [mhe_node]: [tau_phys] roll=-0.129 pitch=+0.290 Nm
[INFO] [1788474188.193892347] [mhe_node]: [mass-diag] m_est=2.1983 T=21.546N tilt=1.66deg cos=0.99958 | T/g=2.1963 T*cos/g=2.1954 | m_est-T*cos/g=+0.0029kg (+0.13%) vz=-0.098
[INFO] [1788474188.194471031] [mhe_node]: [c_xy_est] cx=-0.0101 cy=-0.0054 m
[INFO] [1788474190.196597395] [mhe_node]: MHE mass estimate: 2.201 kg (T_phys=21.67N) | solve=6.0ms (max9.8)
[INFO] [1788474190.197305203] [mhe_node]: [truth] m_hat=2.2009 m_true=2.0643 err=+6.62% | c_hat=[+0.0000,+0.0000] c_true=[+0.0000,+0.0000] | Jxx_hat=0.01420 Jxx_true=0.01420 Jyz_hat=+0.00000 Jyz_true=+0.00000 | s_hat=[-0.0174,-0.0119] s_true=[+0.0000,+0.0000] kg·m
[INFO] [1788474190.197829364] [mhe_node]: [tau_phys] roll=-0.127 pitch=+0.180 Nm
[INFO] [1788474190.198416638] [mhe_node]: [mass-diag] m_est=2.2009 T=21.669N tilt=2.53deg cos=0.99902 | T/g=2.2089 T*cos/g=2.2067 | m_est-T*cos/g=-0.0059kg (-0.27%) vz=-0.083
[INFO] [1788474190.198996804] [mhe_node]: [c_xy_est] cx=-0.0080 cy=-0.0054 m
[INFO] [1788474192.191376045] [mhe_node]: MHE mass estimate: 2.202 kg (T_phys=21.63N) | solve=5.7ms (max9.7)
[INFO] [1788474192.191956323] [mhe_node]: [truth] m_hat=2.2022 m_true=2.0643 err=+6.68% | c_hat=[+0.0000,+0.0000] c_true=[+0.0000,+0.0000] | Jxx_hat=0.01420 Jxx_true=0.01420 Jyz_hat=+0.00000 Jyz_true=+0.00000 | s_hat=[-0.0189,-0.0122] s_true=[+0.0000,+0.0000] kg·m
[INFO] [1788474192.192471188] [mhe_node]: [tau_phys] roll=-0.115 pitch=+0.190 Nm
[INFO] [1788474192.193061797] [mhe_node]: [mass-diag] m_est=2.2022 T=21.627N tilt=2.53deg cos=0.99903 | T/g=2.2046 T*cos/g=2.2024 | m_est-T*cos/g=-0.0002kg (-0.01%) vz=-0.029
[INFO] [1788474192.193639490] [mhe_node]: [c_xy_est] cx=-0.0085 cy=-0.0056 m
[INFO] [1788474194.191370051] [mhe_node]: MHE mass estimate: 2.200 kg (T_phys=21.65N) | solve=4.6ms (max5.6)
[INFO] [1788474194.191939150] [mhe_node]: [truth] m_hat=2.2004 m_true=2.0643 err=+6.59% | c_hat=[+0.0000,+0.0000] c_true=[+0.0000,+0.0000] | Jxx_hat=0.01420 Jxx_true=0.01420 Jyz_hat=+0.00000 Jyz_true=+0.00000 | s_hat=[-0.0219,-0.0116] s_true=[+0.0000,+0.0000] kg·m
[INFO] [1788474194.192458331] [mhe_node]: [tau_phys] roll=-0.117 pitch=+0.349 Nm
[INFO] [1788474194.193040690] [mhe_node]: [mass-diag] m_est=2.2004 T=21.645N tilt=1.83deg cos=0.99949 | T/g=2.2064 T*cos/g=2.2053 | m_est-T*cos/g=-0.0049kg (-0.22%) vz=-0.011
[INFO] [1788474194.193621580] [mhe_node]: [c_xy_est] cx=-0.0099 cy=-0.0053 m
[INFO] [1788474195.286076003] [mhe_node]: [no-signal] mass mutation self-detected at frame 609: T_phys=19.46N vs baseline 21.60N (dev 2.14N > 1.5N over 2 frames, direction=DROP); de-weighting pre-event stages
[INFO] [1788474195.286297497] [mhe_node]: [payload-state] LOADED->EMPTY (drop, m_p=+0.132kg)
[INFO] [1788474195.286495390] [mhe_node]: [c_xy_est] 载荷释放(no-signal residual) → 在线偏心估计归零(重新播种)
[INFO] [1788474195.286769502] [mhe_node]: [no-signal] → 自主释放载荷几何(无外部 drop 信号)
[INFO] [1788474195.287842418] [mhe_node]: event transition started: pre-event stages de-weighted
[INFO] [1788474195.293026354] [mhe_node]: [s-decay] n=1 |s_est|=0.02397 |s_target|=0.00000 |s_out|=0.01683 d_s_out=-0.00828 conf=0.000 present=0 armed=0 latched=1 health=1
[INFO] [1788474195.418264800] [mhe_node]: [s-decay] n=2 |s_est|=0.03330 |s_target|=0.00000 |s_out|=0.01128 d_s_out=-0.00555 conf=0.000 present=0 armed=0 latched=1 health=1
[INFO] [1788474195.532024321] [mhe_node]: [s-decay] n=3 |s_est|=0.01146 |s_target|=0.00000 |s_out|=0.00756 d_s_out=-0.00372 conf=0.000 present=0 armed=0 latched=1 health=1
[INFO] [1788474195.626208548] [mhe_node]: [s-decay] n=4 |s_est|=0.01500 |s_target|=0.00000 |s_out|=0.00507 d_s_out=-0.00249 conf=0.003 present=0 armed=0 latched=1 health=1
[INFO] [1788474195.712711612] [mhe_node]: [s-decay] n=5 |s_est|=0.01478 |s_target|=0.00000 |s_out|=0.00340 d_s_out=-0.00167 conf=0.109 present=0 armed=0 latched=1 health=1
[INFO] [1788474195.812484197] [mhe_node]: [s-decay] n=6 |s_est|=0.01561 |s_target|=0.00000 |s_out|=0.00228 d_s_out=-0.00112 conf=0.341 present=0 armed=0 latched=1 health=1
[INFO] [1788474195.909086656] [mhe_node]: [s-decay] n=7 |s_est|=0.01592 |s_target|=0.00000 |s_out|=0.00153 d_s_out=-0.00075 conf=0.555 present=0 armed=0 latched=1 health=1
[INFO] [1788474196.017324882] [mhe_node]: [s-decay] n=8 |s_est|=0.01575 |s_target|=0.00000 |s_out|=0.00102 d_s_out=-0.00050 conf=0.702 present=0 armed=0 latched=1 health=1
[INFO] [1788474196.103822041] [mhe_node]: [s-decay] n=9 |s_est|=0.01564 |s_target|=0.00000 |s_out|=0.00069 d_s_out=-0.00034 conf=0.800 present=0 armed=0 latched=1 health=1
[INFO] [1788474196.208002128] [mhe_node]: MHE mass estimate: 2.024 kg (T_phys=21.14N) | solve=15.4ms (max45.0)
[INFO] [1788474196.208538773] [mhe_node]: [truth] m_hat=2.0244 m_true=2.0643 err=-1.93% | c_hat=[+0.0000,+0.0000] c_true=[+0.0000,+0.0000] | Jxx_hat=0.01420 Jxx_true=0.01420 Jyz_hat=+0.00000 Jyz_true=+0.00000 | s_hat=[-0.0153,+0.0005] s_true=[+0.0000,+0.0000] kg·m
[INFO] [1788474196.209055916] [mhe_node]: [tau_phys] roll=+0.003 pitch=+0.124 Nm
[INFO] [1788474196.209642990] [mhe_node]: [mass-diag] m_est=2.0244 T=21.140N tilt=1.20deg cos=0.99978 | T/g=2.1549 T*cos/g=2.1544 | m_est-T*cos/g=-0.1300kg (-6.03%) vz=-0.092
[INFO] [1788474196.210218380] [mhe_node]: [c_xy_est] cx=-0.0078 cy=+0.0003 m
[INFO] [1788474196.210576932] [mhe_node]: [s-decay] n=10 |s_est|=0.01535 |s_target|=0.00000 |s_out|=0.00046 d_s_out=-0.00023 conf=0.866 present=0 armed=0 latched=1 health=1
[INFO] [1788474196.298827968] [mhe_node]: [s-decay] n=11 |s_est|=0.01506 |s_target|=0.00000 |s_out|=0.00031 d_s_out=-0.00015 conf=0.910 present=0 armed=0 latched=1 health=1
[INFO] [1788474196.401110786] [mhe_node]: [s-decay] n=12 |s_est|=0.01472 |s_target|=0.00000 |s_out|=0.00021 d_s_out=-0.00010 conf=0.940 present=0 armed=0 latched=1 health=1
[INFO] [1788474196.496669891] [mhe_node]: [s-decay] n=13 |s_est|=0.01439 |s_target|=0.00000 |s_out|=0.00014 d_s_out=-0.00007 conf=0.960 present=0 armed=0 latched=1 health=1
[INFO] [1788474196.597014710] [mhe_node]: [s-decay] n=14 |s_est|=0.01405 |s_target|=0.00000 |s_out|=0.00009 d_s_out=-0.00005 conf=0.973 present=0 armed=0 latched=1 health=1
[INFO] [1788474196.696788570] [mhe_node]: [s-decay] n=15 |s_est|=0.01374 |s_target|=0.00000 |s_out|=0.00006 d_s_out=-0.00003 conf=0.982 present=0 armed=0 latched=1 health=1
[INFO] [1788474196.800235362] [mhe_node]: [s-decay] n=16 |s_est|=0.01343 |s_target|=0.00000 |s_out|=0.00004 d_s_out=-0.00002 conf=0.988 present=0 armed=0 latched=1 health=1
[INFO] [1788474196.896722356] [mhe_node]: [s-decay] n=17 |s_est|=0.01322 |s_target|=0.00000 |s_out|=0.00003 d_s_out=-0.00001 conf=0.992 present=0 armed=0 latched=1 health=1
[INFO] [1788474196.996642553] [mhe_node]: [s-decay] n=18 |s_est|=0.01301 |s_target|=0.00000 |s_out|=0.00002 d_s_out=-0.00001 conf=0.995 present=0 armed=0 latched=1 health=1
[INFO] [1788474197.101214739] [mhe_node]: [s-decay] n=19 |s_est|=0.01281 |s_target|=0.00000 |s_out|=0.00001 d_s_out=-0.00001 conf=0.996 present=0 armed=0 latched=1 health=1
[INFO] [1788474197.186761184] [mhe_node]: event transition ended: nominal weights restored
[INFO] [1788474197.202732465] [mhe_node]: [s-decay] n=20 |s_est|=0.01262 |s_target|=0.00000 |s_out|=0.00001 d_s_out=-0.00000 conf=0.998 present=0 armed=0 latched=1 health=1
[INFO] [1788474197.296319158] [mhe_node]: [s-decay] n=21 |s_est|=0.01212 |s_target|=0.00000 |s_out|=0.00001 d_s_out=-0.00000 conf=0.998 present=0 armed=0 latched=1 health=1
[INFO] [1788474197.398858135] [mhe_node]: [s-decay] n=22 |s_est|=0.01185 |s_target|=0.00000 |s_out|=0.00000 d_s_out=-0.00000 conf=0.999 present=0 armed=0 latched=1 health=1
[INFO] [1788474197.492311647] [mhe_node]: [s-decay] n=23 |s_est|=0.01136 |s_target|=0.00000 |s_out|=0.00000 d_s_out=-0.00000 conf=0.999 present=0 armed=0 latched=1 health=1
[INFO] [1788474197.592502604] [mhe_node]: [s-decay] n=24 |s_est|=0.01109 |s_target|=0.00000 |s_out|=0.00000 d_s_out=-0.00000 conf=1.000 present=0 armed=0 latched=1 health=1
[INFO] [1788474197.692685629] [mhe_node]: [s-decay] n=25 |s_est|=0.01072 |s_target|=0.00000 |s_out|=0.00000 d_s_out=-0.00000 conf=1.000 present=0 armed=0 latched=1 health=1
[INFO] [1788474197.794401095] [mhe_node]: [s-decay] n=26 |s_est|=0.01045 |s_target|=0.00000 |s_out|=0.00000 d_s_out=-0.00000 conf=1.000 present=0 armed=0 latched=1 health=1
[INFO] [1788474197.894419937] [mhe_node]: [s-decay] n=27 |s_est|=0.01020 |s_target|=0.00000 |s_out|=0.00000 d_s_out=-0.00000 conf=1.000 present=0 armed=0 latched=1 health=1
[INFO] [1788474197.996634652] [mhe_node]: [s-decay] n=28 |s_est|=0.00993 |s_target|=0.00000 |s_out|=0.00000 d_s_out=-0.00000 conf=1.000 present=0 armed=0 latched=1 health=1
[INFO] [1788474198.093445819] [mhe_node]: [s-decay] n=29 |s_est|=0.00974 |s_target|=0.00000 |s_out|=0.00000 d_s_out=-0.00000 conf=1.000 present=0 armed=0 latched=1 health=1
[INFO] [1788474198.191279186] [mhe_node]: MHE mass estimate: 2.054 kg (T_phys=20.19N) | solve=9.7ms (max15.3)
[INFO] [1788474198.191668904] [mhe_node]: [truth] m_hat=2.0538 m_true=2.0643 err=-0.51% | c_hat=[+0.0000,+0.0000] c_true=[+0.0000,+0.0000] | Jxx_hat=0.01420 Jxx_true=0.01420 Jyz_hat=+0.00000 Jyz_true=+0.00000 | s_hat=[-0.0095,+0.0001] s_true=[+0.0000,+0.0000] kg·m
[INFO] [1788474198.192036981] [mhe_node]: [tau_phys] roll=-0.006 pitch=+0.101 Nm
[INFO] [1788474198.192452447] [mhe_node]: [mass-diag] m_est=2.0538 T=20.192N tilt=2.15deg cos=0.99930 | T/g=2.0583 T*cos/g=2.0568 | m_est-T*cos/g=-0.0030kg (-0.15%) vz=+0.053
[INFO] [1788474198.192855325] [mhe_node]: [c_xy_est] cx=-0.0047 cy=+0.0001 m
[INFO] [1788474198.193119841] [mhe_node]: [s-decay] n=30 |s_est|=0.00955 |s_target|=0.00000 |s_out|=0.00000 d_s_out=-0.00000 conf=1.000 present=0 armed=0 latched=1 health=1
[INFO] [1788474198.293522413] [mhe_node]: [s-decay] n=31 |s_est|=0.00941 |s_target|=0.00000 |s_out|=0.00000 d_s_out=-0.00000 conf=1.000 present=0 armed=0 latched=1 health=1
[INFO] [1788474198.396823596] [mhe_node]: [s-decay] n=32 |s_est|=0.00927 |s_target|=0.00000 |s_out|=0.00000 d_s_out=-0.00000 conf=1.000 present=0 armed=0 latched=1 health=1
[INFO] [1788474198.496916323] [mhe_node]: [s-decay] n=33 |s_est|=0.00914 |s_target|=0.00000 |s_out|=0.00000 d_s_out=-0.00000 conf=1.000 present=0 armed=0 latched=1 health=1
[INFO] [1788474198.593367635] [mhe_node]: [s-decay] n=34 |s_est|=0.00899 |s_target|=0.00000 |s_out|=0.00000 d_s_out=-0.00000 conf=1.000 present=0 armed=0 latched=1 health=1
[INFO] [1788474198.692429204] [mhe_node]: [s-decay] n=35 |s_est|=0.00884 |s_target|=0.00000 |s_out|=0.00000 d_s_out=-0.00000 conf=1.000 present=0 armed=0 latched=1 health=1
[INFO] [1788474198.794599537] [mhe_node]: [s-decay] n=36 |s_est|=0.00868 |s_target|=0.00000 |s_out|=0.00000 d_s_out=-0.00000 conf=1.000 present=0 armed=0 latched=1 health=1
[INFO] [1788474198.892351970] [mhe_node]: [s-decay] n=37 |s_est|=0.00857 |s_target|=0.00000 |s_out|=0.00000 d_s_out=-0.00000 conf=1.000 present=0 armed=0 latched=1 health=1
[INFO] [1788474198.992602032] [mhe_node]: [s-decay] n=38 |s_est|=0.00846 |s_target|=0.00000 |s_out|=0.00000 d_s_out=-0.00000 conf=1.000 present=0 armed=0 latched=1 health=1
[INFO] [1788474199.099470412] [mhe_node]: [s-decay] n=39 |s_est|=0.00836 |s_target|=0.00000 |s_out|=0.00000 d_s_out=-0.00000 conf=1.000 present=0 armed=0 latched=1 health=1
[INFO] [1788474199.198377898] [mhe_node]: [s-decay] n=40 |s_est|=0.00826 |s_target|=0.00000 |s_out|=0.00000 d_s_out=-0.00000 conf=1.000 present=0 armed=0 latched=1 health=1
[INFO] [1788474199.285889740] [mhe_node]: [no-signal] baseline settled at 20.23N (quiet 20 frames); detector armed
[INFO] [1788474199.292712274] [mhe_node]: [s-decay] n=41 |s_est|=0.00818 |s_target|=0.00000 |s_out|=0.00000 d_s_out=-0.00000 conf=1.000 present=0 armed=0 latched=1 health=1
[INFO] [1788474199.398114978] [mhe_node]: [s-decay] n=42 |s_est|=0.00809 |s_target|=0.00000 |s_out|=0.00000 d_s_out=-0.00000 conf=1.000 present=0 armed=0 latched=1 health=1
[INFO] [1788474199.494533759] [mhe_node]: [s-decay] n=43 |s_est|=0.00802 |s_target|=0.00000 |s_out|=0.00000 d_s_out=-0.00000 conf=1.000 present=0 armed=0 latched=1 health=1
[INFO] [1788474199.592372926] [mhe_node]: [s-decay] n=44 |s_est|=0.00795 |s_target|=0.00000 |s_out|=0.00000 d_s_out=-0.00000 conf=1.000 present=0 armed=0 latched=1 health=1
[INFO] [1788474199.692416200] [mhe_node]: [s-decay] n=45 |s_est|=0.00789 |s_target|=0.00000 |s_out|=0.00000 d_s_out=-0.00000 conf=1.000 present=0 armed=0 latched=1 health=1
[INFO] [1788474199.795335179] [mhe_node]: [s-decay] n=46 |s_est|=0.00783 |s_target|=0.00000 |s_out|=0.00000 d_s_out=-0.00000 conf=1.000 present=0 armed=0 latched=1 health=1
[INFO] [1788474199.893277828] [mhe_node]: [s-decay] n=47 |s_est|=0.00777 |s_target|=0.00000 |s_out|=0.00000 d_s_out=-0.00000 conf=1.000 present=0 armed=0 latched=1 health=1
[INFO] [1788474199.993031961] [mhe_node]: [s-decay] n=48 |s_est|=0.00771 |s_target|=0.00000 |s_out|=0.00000 d_s_out=-0.00000 conf=1.000 present=0 armed=0 latched=1 health=1
[INFO] [1788474200.090377139] [mhe_node]: [s-decay] n=49 |s_est|=0.00769 |s_target|=0.00000 |s_out|=0.00000 d_s_out=-0.00000 conf=1.000 present=0 armed=0 latched=1 health=1
[INFO] [1788474200.194450640] [mhe_node]: MHE mass estimate: 2.059 kg (T_phys=20.21N) | solve=7.7ms (max12.8)
[INFO] [1788474200.195177977] [mhe_node]: [truth] m_hat=2.0591 m_true=2.0643 err=-0.25% | c_hat=[+0.0000,+0.0000] c_true=[+0.0000,+0.0000] | Jxx_hat=0.01420 Jxx_true=0.01420 Jyz_hat=+0.00000 Jyz_true=+0.00000 | s_hat=[-0.0077,-0.0002] s_true=[+0.0000,+0.0000] kg·m
[INFO] [1788474200.195694081] [mhe_node]: [tau_phys] roll=-0.002 pitch=+0.086 Nm
[INFO] [1788474200.196289682] [mhe_node]: [mass-diag] m_est=2.0591 T=20.208N tilt=2.65deg cos=0.99893 | T/g=2.0600 T*cos/g=2.0578 | m_est-T*cos/g=+0.0014kg (+0.07%) vz=+0.086
[INFO] [1788474200.196871189] [mhe_node]: [c_xy_est] cx=-0.0037 cy=-0.0001 m
[INFO] [1788474200.197235435] [mhe_node]: [s-decay] n=50 |s_est|=0.00768 |s_target|=0.00000 |s_out|=0.00000 d_s_out=-0.00000 conf=1.000 present=0 armed=0 latched=1 health=1
[INFO] [1788474200.290356488] [mhe_node]: [s-decay] n=51 |s_est|=0.00772 |s_target|=0.00000 |s_out|=0.00000 d_s_out=-0.00000 conf=1.000 present=0 armed=0 latched=1 health=1
[INFO] [1788474200.392359824] [mhe_node]: [s-decay] n=52 |s_est|=0.00776 |s_target|=0.00000 |s_out|=0.00000 d_s_out=-0.00000 conf=1.000 present=0 armed=0 latched=1 health=1
[INFO] [1788474200.492444014] [mhe_node]: [s-decay] n=53 |s_est|=0.00782 |s_target|=0.00000 |s_out|=0.00000 d_s_out=-0.00000 conf=1.000 present=0 armed=0 latched=1 health=1
[INFO] [1788474200.592411224] [mhe_node]: [s-decay] n=54 |s_est|=0.00789 |s_target|=0.00000 |s_out|=0.00000 d_s_out=-0.00000 conf=1.000 present=0 armed=0 latched=1 health=1
[INFO] [1788474200.692399735] [mhe_node]: [s-decay] n=55 |s_est|=0.00797 |s_target|=0.00000 |s_out|=0.00000 d_s_out=-0.00000 conf=1.000 present=0 armed=0 latched=1 health=1
[INFO] [1788474200.795663996] [mhe_node]: [s-decay] n=56 |s_est|=0.00807 |s_target|=0.00000 |s_out|=0.00000 d_s_out=-0.00000 conf=1.000 present=0 armed=0 latched=1 health=1
[INFO] [1788474200.895776249] [mhe_node]: [s-decay] n=57 |s_est|=0.00814 |s_target|=0.00000 |s_out|=0.00000 d_s_out=-0.00000 conf=1.000 present=0 armed=0 latched=1 health=1
[INFO] [1788474200.990521280] [mhe_node]: [s-decay] n=58 |s_est|=0.00823 |s_target|=0.00000 |s_out|=0.00000 d_s_out=-0.00000 conf=1.000 present=0 armed=0 latched=1 health=1
[INFO] [1788474201.095650812] [mhe_node]: [s-decay] n=59 |s_est|=0.00833 |s_target|=0.00000 |s_out|=0.00000 d_s_out=-0.00000 conf=1.000 present=0 armed=0 latched=1 health=1
[INFO] [1788474201.192670872] [mhe_node]: [s-decay] n=60 |s_est|=0.00844 |s_target|=0.00000 |s_out|=0.00000 d_s_out=-0.00000 conf=1.000 present=0 armed=0 latched=1 health=1
[INFO] [1788474201.296785571] [mhe_node]: [s-decay] n=61 |s_est|=0.00856 |s_target|=0.00000 |s_out|=0.00000 d_s_out=-0.00000 conf=1.000 present=0 armed=0 latched=1 health=1
[INFO] [1788474201.392325525] [mhe_node]: [s-decay] n=62 |s_est|=0.00868 |s_target|=0.00000 |s_out|=0.00000 d_s_out=-0.00000 conf=1.000 present=0 armed=0 latched=1 health=1
[INFO] [1788474201.498055224] [mhe_node]: [s-decay] n=63 |s_est|=0.00882 |s_target|=0.00000 |s_out|=0.00000 d_s_out=-0.00000 conf=1.000 present=0 armed=0 latched=1 health=1
[INFO] [1788474201.593554676] [mhe_node]: [s-decay] n=64 |s_est|=0.00897 |s_target|=0.00000 |s_out|=0.00000 d_s_out=-0.00000 conf=1.000 present=0 armed=0 latched=1 health=1
[INFO] [1788474201.694641788] [mhe_node]: [s-decay] n=65 |s_est|=0.00912 |s_target|=0.00000 |s_out|=0.00000 d_s_out=-0.00000 conf=1.000 present=0 armed=0 latched=1 health=1
[INFO] [1788474201.795714120] [mhe_node]: [s-decay] n=66 |s_est|=0.00928 |s_target|=0.00000 |s_out|=0.00000 d_s_out=-0.00000 conf=1.000 present=0 armed=0 latched=1 health=1
[INFO] [1788474201.892489550] [mhe_node]: [s-decay] n=67 |s_est|=0.00941 |s_target|=0.00000 |s_out|=0.00000 d_s_out=-0.00000 conf=1.000 present=0 armed=0 latched=1 health=1
[INFO] [1788474201.995723925] [mhe_node]: [s-decay] n=68 |s_est|=0.00955 |s_target|=0.00000 |s_out|=0.00000 d_s_out=-0.00000 conf=1.000 present=0 armed=0 latched=1 health=1
[INFO] [1788474202.092293275] [mhe_node]: [s-decay] n=69 |s_est|=0.00970 |s_target|=0.00000 |s_out|=0.00000 d_s_out=-0.00000 conf=1.000 present=0 armed=0 latched=1 health=1
[INFO] [1788474202.198011850] [mhe_node]: MHE mass estimate: 2.056 kg (T_phys=20.23N) | solve=7.3ms (max11.4)
[INFO] [1788474202.198548192] [mhe_node]: [truth] m_hat=2.0559 m_true=2.0643 err=-0.41% | c_hat=[+0.0000,+0.0000] c_true=[+0.0000,+0.0000] | Jxx_hat=0.01420 Jxx_true=0.01420 Jyz_hat=+0.00000 Jyz_true=+0.00000 | s_hat=[-0.0099,-0.0000] s_true=[+0.0000,+0.0000] kg·m
[INFO] [1788474202.199070148] [mhe_node]: [tau_phys] roll=-0.001 pitch=+0.126 Nm
[INFO] [1788474202.199664319] [mhe_node]: [mass-diag] m_est=2.0559 T=20.232N tilt=2.56deg cos=0.99900 | T/g=2.0624 T*cos/g=2.0603 | m_est-T*cos/g=-0.0044kg (-0.22%) vz=+0.091
[INFO] [1788474202.200247767] [mhe_node]: [c_xy_est] cx=-0.0047 cy=-0.0000 m
[INFO] [1788474202.200615449] [mhe_node]: [s-decay] n=70 |s_est|=0.00986 |s_target|=0.00000 |s_out|=0.00000 d_s_out=-0.00000 conf=1.000 present=0 armed=0 latched=1 health=1
[INFO] [1788474202.299376561] [mhe_node]: [s-decay] n=71 |s_est|=0.01003 |s_target|=0.00000 |s_out|=0.00000 d_s_out=-0.00000 conf=1.000 present=0 armed=0 latched=1 health=1
[INFO] [1788474202.397864338] [mhe_node]: [s-decay] n=72 |s_est|=0.01022 |s_target|=0.00000 |s_out|=0.00000 d_s_out=-0.00000 conf=1.000 present=0 armed=0 latched=1 health=1
[INFO] [1788474202.493306423] [mhe_node]: [s-decay] n=73 |s_est|=0.01047 |s_target|=0.00000 |s_out|=0.00000 d_s_out=-0.00000 conf=1.000 present=0 armed=0 latched=1 health=1
[INFO] [1788474202.594490358] [mhe_node]: [s-decay] n=74 |s_est|=0.01073 |s_target|=0.00000 |s_out|=0.00000 d_s_out=-0.00000 conf=1.000 present=0 armed=0 latched=1 health=1
[INFO] [1788474202.693376903] [mhe_node]: [s-decay] n=75 |s_est|=0.01105 |s_target|=0.00000 |s_out|=0.00000 d_s_out=-0.00000 conf=1.000 present=0 armed=0 latched=1 health=1
[INFO] [1788474202.794722589] [mhe_node]: [s-decay] n=76 |s_est|=0.01138 |s_target|=0.00000 |s_out|=0.00000 d_s_out=-0.00000 conf=1.000 present=0 armed=0 latched=1 health=1
[INFO] [1788474202.893529336] [mhe_node]: [s-decay] n=77 |s_est|=0.01166 |s_target|=0.00000 |s_out|=0.00000 d_s_out=-0.00000 conf=1.000 present=0 armed=0 latched=1 health=1
[INFO] [1788474202.991867172] [mhe_node]: [s-decay] n=78 |s_est|=0.01193 |s_target|=0.00000 |s_out|=0.00000 d_s_out=-0.00000 conf=1.000 present=0 armed=0 latched=1 health=1
[INFO] [1788474203.094670358] [mhe_node]: [s-decay] n=79 |s_est|=0.01219 |s_target|=0.00000 |s_out|=0.00000 d_s_out=-0.00000 conf=1.000 present=0 armed=0 latched=1 health=1
[INFO] [1788474203.191795293] [mhe_node]: [s-decay] n=80 |s_est|=0.01243 |s_target|=0.00000 |s_out|=0.00000 d_s_out=-0.00000 conf=1.000 present=0 armed=0 latched=1 health=1
[INFO] [1788474203.294064574] [mhe_node]: [s-decay] n=81 |s_est|=0.01266 |s_target|=0.00000 |s_out|=0.00000 d_s_out=-0.00000 conf=1.000 present=0 armed=0 latched=1 health=1
[INFO] [1788474203.394321044] [mhe_node]: [s-decay] n=82 |s_est|=0.01288 |s_target|=0.00000 |s_out|=0.00000 d_s_out=-0.00000 conf=1.000 present=0 armed=0 latched=1 health=1
[INFO] [1788474203.494446928] [mhe_node]: [s-decay] n=83 |s_est|=0.01311 |s_target|=0.00000 |s_out|=0.00000 d_s_out=-0.00000 conf=1.000 present=0 armed=0 latched=1 health=1
[INFO] [1788474203.607046604] [mhe_node]: [s-decay] n=84 |s_est|=0.01333 |s_target|=0.00000 |s_out|=0.00000 d_s_out=-0.00000 conf=1.000 present=0 armed=0 latched=1 health=1
[INFO] [1788474203.694549149] [mhe_node]: [s-decay] n=85 |s_est|=0.01356 |s_target|=0.00000 |s_out|=0.00000 d_s_out=-0.00000 conf=1.000 present=0 armed=0 latched=1 health=1
[INFO] [1788474203.797963119] [mhe_node]: [s-decay] n=86 |s_est|=0.01375 |s_target|=0.00000 |s_out|=0.00000 d_s_out=-0.00000 conf=1.000 present=0 armed=0 latched=1 health=1
[INFO] [1788474203.892416747] [mhe_node]: [s-decay] n=87 |s_est|=0.01389 |s_target|=0.00000 |s_out|=0.00000 d_s_out=-0.00000 conf=1.000 present=0 armed=0 latched=1 health=1
[INFO] [1788474203.992364131] [mhe_node]: [s-decay] n=88 |s_est|=0.01401 |s_target|=0.00000 |s_out|=0.00000 d_s_out=-0.00000 conf=1.000 present=0 armed=0 latched=1 health=1
[INFO] [1788474204.092384524] [mhe_node]: [s-decay] n=89 |s_est|=0.01412 |s_target|=0.00000 |s_out|=0.00000 d_s_out=-0.00000 conf=1.000 present=0 armed=0 latched=1 health=1
[INFO] [1788474204.192588041] [mhe_node]: MHE mass estimate: 2.056 kg (T_phys=20.16N) | solve=8.2ms (max20.4)
[INFO] [1788474204.193130332] [mhe_node]: [truth] m_hat=2.0559 m_true=2.0643 err=-0.41% | c_hat=[+0.0000,+0.0000] c_true=[+0.0000,+0.0000] | Jxx_hat=0.01420 Jxx_true=0.01420 Jyz_hat=+0.00000 Jyz_true=+0.00000 | s_hat=[-0.0142,+0.0003] s_true=[+0.0000,+0.0000] kg·m
[INFO] [1788474204.193648733] [mhe_node]: [tau_phys] roll=+0.007 pitch=+0.154 Nm
[INFO] [1788474204.194244756] [mhe_node]: [mass-diag] m_est=2.0559 T=20.156N tilt=2.00deg cos=0.99939 | T/g=2.0547 T*cos/g=2.0534 | m_est-T*cos/g=+0.0024kg (+0.12%) vz=+0.119
[INFO] [1788474204.194828583] [mhe_node]: [c_xy_est] cx=-0.0069 cy=+0.0002 m
[INFO] [1788474204.195186767] [mhe_node]: [s-decay] n=90 |s_est|=0.01418 |s_target|=0.00000 |s_out|=0.00000 d_s_out=-0.00000 conf=1.000 present=0 armed=0 latched=1 health=1
[INFO] [1788474204.290427621] [mhe_node]: [s-decay] n=91 |s_est|=0.01425 |s_target|=0.00000 |s_out|=0.00000 d_s_out=-0.00000 conf=1.000 present=0 armed=0 latched=1 health=1
[INFO] [1788474204.391879436] [mhe_node]: [s-decay] n=92 |s_est|=0.01429 |s_target|=0.00000 |s_out|=0.00000 d_s_out=-0.00000 conf=1.000 present=0 armed=0 latched=1 health=1
[INFO] [1788474204.496754129] [mhe_node]: [s-decay] n=93 |s_est|=0.01439 |s_target|=0.00000 |s_out|=0.00000 d_s_out=-0.00000 conf=1.000 present=0 armed=0 latched=1 health=1
[INFO] [1788474204.598490426] [mhe_node]: [s-decay] n=94 |s_est|=0.01445 |s_target|=0.00000 |s_out|=0.00000 d_s_out=-0.00000 conf=1.000 present=0 armed=0 latched=1 health=1
[INFO] [1788474204.694739487] [mhe_node]: [s-decay] n=95 |s_est|=0.01451 |s_target|=0.00000 |s_out|=0.00000 d_s_out=-0.00000 conf=1.000 present=0 armed=0 latched=1 health=1
[INFO] [1788474204.792319338] [mhe_node]: [s-decay] n=96 |s_est|=0.01459 |s_target|=0.00000 |s_out|=0.00000 d_s_out=-0.00000 conf=1.000 present=0 armed=0 latched=1 health=1
[INFO] [1788474204.891452595] [mhe_node]: [s-decay] n=97 |s_est|=0.01469 |s_target|=0.00000 |s_out|=0.00000 d_s_out=-0.00000 conf=1.000 present=0 armed=0 latched=1 health=1
[INFO] [1788474204.989704878] [mhe_node]: [s-decay] n=98 |s_est|=0.01477 |s_target|=0.00000 |s_out|=0.00000 d_s_out=-0.00000 conf=1.000 present=0 armed=0 latched=1 health=1
[INFO] [1788474205.089678496] [mhe_node]: [s-decay] n=99 |s_est|=0.01486 |s_target|=0.00000 |s_out|=0.00000 d_s_out=-0.00000 conf=1.000 present=0 armed=0 latched=1 health=1
[INFO] [1788474205.192404507] [mhe_node]: [s-decay] n=100 |s_est|=0.01494 |s_target|=0.00000 |s_out|=0.00000 d_s_out=-0.00000 conf=1.000 present=0 armed=0 latched=1 health=1
[INFO] [1788474206.194864478] [mhe_node]: MHE mass estimate: 2.055 kg (T_phys=20.20N) | solve=6.1ms (max11.6)
[INFO] [1788474206.195410440] [mhe_node]: [truth] m_hat=2.0546 m_true=2.0643 err=-0.47% | c_hat=[+0.0000,+0.0000] c_true=[+0.0000,+0.0000] | Jxx_hat=0.01420 Jxx_true=0.01420 Jyz_hat=+0.00000 Jyz_true=+0.00000 | s_hat=[-0.0156,+0.0006] s_true=[+0.0000,+0.0000] kg·m
[INFO] [1788474206.195933142] [mhe_node]: [tau_phys] roll=+0.006 pitch=+0.201 Nm
[INFO] [1788474206.196526992] [mhe_node]: [mass-diag] m_est=2.0546 T=20.200N tilt=1.35deg cos=0.99972 | T/g=2.0591 T*cos/g=2.0586 | m_est-T*cos/g=-0.0039kg (-0.19%) vz=+0.118
[INFO] [1788474206.197112972] [mhe_node]: [c_xy_est] cx=-0.0076 cy=+0.0003 m
[INFO] [1788474208.192541056] [mhe_node]: MHE mass estimate: 2.053 kg (T_phys=20.10N) | solve=7.9ms (max20.0)
[INFO] [1788474208.193199224] [mhe_node]: [truth] m_hat=2.0532 m_true=2.0643 err=-0.54% | c_hat=[+0.0000,+0.0000] c_true=[+0.0000,+0.0000] | Jxx_hat=0.01420 Jxx_true=0.01420 Jyz_hat=+0.00000 Jyz_true=+0.00000 | s_hat=[-0.0139,+0.0008] s_true=[+0.0000,+0.0000] kg·m
[INFO] [1788474208.193719097] [mhe_node]: [tau_phys] roll=+0.009 pitch=+0.128 Nm
[INFO] [1788474208.194304558] [mhe_node]: [mass-diag] m_est=2.0532 T=20.096N tilt=1.06deg cos=0.99983 | T/g=2.0485 T*cos/g=2.0481 | m_est-T*cos/g=+0.0051kg (+0.25%) vz=+0.094
[INFO] [1788474208.194890583] [mhe_node]: [c_xy_est] cx=-0.0069 cy=+0.0004 m
[INFO] [1788474210.193443604] [mhe_node]: MHE mass estimate: 2.056 kg (T_phys=20.14N) | solve=7.5ms (max16.8)
[INFO] [1788474210.193834996] [mhe_node]: [truth] m_hat=2.0560 m_true=2.0643 err=-0.40% | c_hat=[+0.0000,+0.0000] c_true=[+0.0000,+0.0000] | Jxx_hat=0.01420 Jxx_true=0.01420 Jyz_hat=+0.00000 Jyz_true=+0.00000 | s_hat=[-0.0113,+0.0009] s_true=[+0.0000,+0.0000] kg·m
[INFO] [1788474210.194200965] [mhe_node]: [tau_phys] roll=+0.014 pitch=+0.116 Nm
[INFO] [1788474210.194619006] [mhe_node]: [mass-diag] m_est=2.0560 T=20.137N tilt=1.85deg cos=0.99948 | T/g=2.0527 T*cos/g=2.0517 | m_est-T*cos/g=+0.0044kg (+0.21%) vz=+0.093
[INFO] [1788474210.195027053] [mhe_node]: [c_xy_est] cx=-0.0056 cy=+0.0004 m
[INFO] [1788474212.192249503] [mhe_node]: MHE mass estimate: 2.059 kg (T_phys=20.28N) | solve=8.1ms (max12.3)
[INFO] [1788474212.192793173] [mhe_node]: [truth] m_hat=2.0592 m_true=2.0643 err=-0.25% | c_hat=[+0.0000,+0.0000] c_true=[+0.0000,+0.0000] | Jxx_hat=0.01420 Jxx_true=0.01420 Jyz_hat=+0.00000 Jyz_true=+0.00000 | s_hat=[-0.0079,+0.0009] s_true=[+0.0000,+0.0000] kg·m
[INFO] [1788474212.193314545] [mhe_node]: [tau_phys] roll=+0.011 pitch=+0.073 Nm
[INFO] [1788474212.193907695] [mhe_node]: [mass-diag] m_est=2.0592 T=20.279N tilt=2.27deg cos=0.99921 | T/g=2.0672 T*cos/g=2.0655 | m_est-T*cos/g=-0.0064kg (-0.31%) vz=+0.084
[INFO] [1788474212.194490930] [mhe_node]: [c_xy_est] cx=-0.0039 cy=+0.0004 m
[INFO] [1788474214.200798611] [mhe_node]: MHE mass estimate: 2.057 kg (T_phys=20.18N) | solve=6.7ms (max14.0)
[INFO] [1788474214.201333391] [mhe_node]: [truth] m_hat=2.0570 m_true=2.0643 err=-0.36% | c_hat=[+0.0000,+0.0000] c_true=[+0.0000,+0.0000] | Jxx_hat=0.01420 Jxx_true=0.01420 Jyz_hat=+0.00000 Jyz_true=+0.00000 | s_hat=[-0.0082,+0.0007] s_true=[+0.0000,+0.0000] kg·m
[INFO] [1788474214.201853257] [mhe_node]: [tau_phys] roll=+0.007 pitch=+0.092 Nm
[INFO] [1788474214.202441486] [mhe_node]: [mass-diag] m_est=2.0570 T=20.177N tilt=2.44deg cos=0.99909 | T/g=2.0568 T*cos/g=2.0549 | m_est-T*cos/g=+0.0020kg (+0.10%) vz=+0.051
[INFO] [1788474214.203024379] [mhe_node]: [c_xy_est] cx=-0.0039 cy=+0.0004 m
[INFO] [1788474216.191514490] [mhe_node]: MHE mass estimate: 2.058 kg (T_phys=20.12N) | solve=6.4ms (max13.5)
[INFO] [1788474216.192054502] [mhe_node]: [truth] m_hat=2.0582 m_true=2.0643 err=-0.29% | c_hat=[+0.0000,+0.0000] c_true=[+0.0000,+0.0000] | Jxx_hat=0.01420 Jxx_true=0.01420 Jyz_hat=+0.00000 Jyz_true=+0.00000 | s_hat=[-0.0106,+0.0007] s_true=[+0.0000,+0.0000] kg·m
[INFO] [1788474216.192565489] [mhe_node]: [tau_phys] roll=+0.010 pitch=+0.109 Nm
[INFO] [1788474216.193155895] [mhe_node]: [mass-diag] m_est=2.0582 T=20.124N tilt=1.81deg cos=0.99950 | T/g=2.0514 T*cos/g=2.0504 | m_est-T*cos/g=+0.0079kg (+0.38%) vz=+0.032
[INFO] [1788474216.193737589] [mhe_node]: [c_xy_est] cx=-0.0051 cy=+0.0003 m
[INFO] [1788474218.192508526] [mhe_node]: MHE mass estimate: 2.052 kg (T_phys=20.18N) | solve=5.9ms (max12.5)
[INFO] [1788474218.193047389] [mhe_node]: [truth] m_hat=2.0523 m_true=2.0643 err=-0.58% | c_hat=[+0.0000,+0.0000] c_true=[+0.0000,+0.0000] | Jxx_hat=0.01420 Jxx_true=0.01420 Jyz_hat=+0.00000 Jyz_true=+0.00000 | s_hat=[-0.0108,+0.0007] s_true=[+0.0000,+0.0000] kg·m
[INFO] [1788474218.193562480] [mhe_node]: [tau_phys] roll=+0.010 pitch=+0.103 Nm
[INFO] [1788474218.194153059] [mhe_node]: [mass-diag] m_est=2.0523 T=20.181N tilt=1.34deg cos=0.99973 | T/g=2.0571 T*cos/g=2.0566 | m_est-T*cos/g=-0.0043kg (-0.21%) vz=-0.035
[INFO] [1788474218.194732818] [mhe_node]: [c_xy_est] cx=-0.0052 cy=+0.0003 m
[INFO] [1788474220.193556417] [mhe_node]: MHE mass estimate: 2.055 kg (T_phys=20.20N) | solve=6.1ms (max9.1)
[INFO] [1788474220.194090688] [mhe_node]: [truth] m_hat=2.0554 m_true=2.0643 err=-0.43% | c_hat=[+0.0000,+0.0000] c_true=[+0.0000,+0.0000] | Jxx_hat=0.01420 Jxx_true=0.01420 Jyz_hat=+0.00000 Jyz_true=+0.00000 | s_hat=[-0.0094,+0.0008] s_true=[+0.0000,+0.0000] kg·m
[INFO] [1788474220.194607662] [mhe_node]: [tau_phys] roll=+0.009 pitch=+0.081 Nm
[INFO] [1788474220.195197281] [mhe_node]: [mass-diag] m_est=2.0554 T=20.201N tilt=1.85deg cos=0.99948 | T/g=2.0592 T*cos/g=2.0582 | m_est-T*cos/g=-0.0027kg (-0.13%) vz=-0.050
[INFO] [1788474220.195779428] [mhe_node]: [c_xy_est] cx=-0.0046 cy=+0.0004 m
[INFO] [1788474222.193744131] [mhe_node]: MHE mass estimate: 2.056 kg (T_phys=20.18N) | solve=7.4ms (max16.1)
[INFO] [1788474222.194308819] [mhe_node]: [truth] m_hat=2.0563 m_true=2.0643 err=-0.39% | c_hat=[+0.0000,+0.0000] c_true=[+0.0000,+0.0000] | Jxx_hat=0.01420 Jxx_true=0.01420 Jyz_hat=+0.00000 Jyz_true=+0.00000 | s_hat=[-0.0076,+0.0009] s_true=[+0.0000,+0.0000] kg·m
[INFO] [1788474222.194840247] [mhe_node]: [tau_phys] roll=+0.011 pitch=+0.082 Nm
[INFO] [1788474222.195438916] [mhe_node]: [mass-diag] m_est=2.0563 T=20.179N tilt=2.69deg cos=0.99890 | T/g=2.0570 T*cos/g=2.0548 | m_est-T*cos/g=+0.0015kg (+0.07%) vz=-0.073
[INFO] [1788474222.196022666] [mhe_node]: [c_xy_est] cx=-0.0037 cy=+0.0005 m
[INFO] [1788474224.193406273] [mhe_node]: MHE mass estimate: 2.053 kg (T_phys=20.12N) | solve=6.4ms (max9.2)
[INFO] [1788474224.193950697] [mhe_node]: [truth] m_hat=2.0533 m_true=2.0643 err=-0.53% | c_hat=[+0.0000,+0.0000] c_true=[+0.0000,+0.0000] | Jxx_hat=0.01420 Jxx_true=0.01420 Jyz_hat=+0.00000 Jyz_true=+0.00000 | s_hat=[-0.0097,+0.0008] s_true=[+0.0000,+0.0000] kg·m
[INFO] [1788474224.194474010] [mhe_node]: [tau_phys] roll=+0.008 pitch=+0.149 Nm
[INFO] [1788474224.195071329] [mhe_node]: [mass-diag] m_est=2.0533 T=20.115N tilt=2.93deg cos=0.99869 | T/g=2.0505 T*cos/g=2.0478 | m_est-T*cos/g=+0.0055kg (+0.27%) vz=-0.098
[INFO] [1788474224.195649402] [mhe_node]: [c_xy_est] cx=-0.0047 cy=+0.0004 m
[INFO] [1788474226.195794352] [mhe_node]: MHE mass estimate: 2.051 kg (T_phys=20.15N) | solve=7.9ms (max14.7)
[INFO] [1788474226.196274118] [mhe_node]: [truth] m_hat=2.0513 m_true=2.0643 err=-0.63% | c_hat=[+0.0000,+0.0000] c_true=[+0.0000,+0.0000] | Jxx_hat=0.01420 Jxx_true=0.01420 Jyz_hat=+0.00000 Jyz_true=+0.00000 | s_hat=[-0.0134,+0.0007] s_true=[+0.0000,+0.0000] kg·m
[INFO] [1788474226.196641208] [mhe_node]: [tau_phys] roll=+0.007 pitch=+0.109 Nm
[INFO] [1788474226.197064133] [mhe_node]: [mass-diag] m_est=2.0513 T=20.153N tilt=2.27deg cos=0.99922 | T/g=2.0543 T*cos/g=2.0527 | m_est-T*cos/g=-0.0014kg (-0.07%) vz=-0.115
[INFO] [1788474226.197477860] [mhe_node]: [c_xy_est] cx=-0.0064 cy=+0.0003 m
[INFO] [1788474228.191523677] [mhe_node]: MHE mass estimate: 2.049 kg (T_phys=20.16N) | solve=7.4ms (max13.5)
[INFO] [1788474228.192071066] [mhe_node]: [truth] m_hat=2.0492 m_true=2.0643 err=-0.73% | c_hat=[+0.0000,+0.0000] c_true=[+0.0000,+0.0000] | Jxx_hat=0.01420 Jxx_true=0.01420 Jyz_hat=+0.00000 Jyz_true=+0.00000 | s_hat=[-0.0161,+0.0006] s_true=[+0.0000,+0.0000] kg·m
[INFO] [1788474228.192590066] [mhe_node]: [tau_phys] roll=+0.006 pitch=+0.166 Nm
[INFO] [1788474228.193177360] [mhe_node]: [mass-diag] m_est=2.0492 T=20.158N tilt=1.51deg cos=0.99965 | T/g=2.0548 T*cos/g=2.0541 | m_est-T*cos/g=-0.0050kg (-0.24%) vz=-0.124
[INFO] [1788474228.193755878] [mhe_node]: [c_xy_est] cx=-0.0078 cy=+0.0003 m
[INFO] [1788474230.195844278] [mhe_node]: MHE mass estimate: 2.051 kg (T_phys=20.21N) | solve=6.2ms (max12.6)
[INFO] [1788474230.196382028] [mhe_node]: [truth] m_hat=2.0515 m_true=2.0643 err=-0.62% | c_hat=[+0.0000,+0.0000] c_true=[+0.0000,+0.0000] | Jxx_hat=0.01420 Jxx_true=0.01420 Jyz_hat=+0.00000 Jyz_true=+0.00000 | s_hat=[-0.0155,+0.0003] s_true=[+0.0000,+0.0000] kg·m
[INFO] [1788474230.196913113] [mhe_node]: [tau_phys] roll=+0.001 pitch=+0.103 Nm
[INFO] [1788474230.197504336] [mhe_node]: [mass-diag] m_est=2.0515 T=20.207N tilt=0.83deg cos=0.99989 | T/g=2.0598 T*cos/g=2.0596 | m_est-T*cos/g=-0.0081kg (-0.39%) vz=-0.102
[INFO] [1788474230.198083795] [mhe_node]: [c_xy_est] cx=-0.0076 cy=+0.0001 m
[INFO] [1788474232.194476065] [mhe_node]: MHE mass estimate: 2.052 kg (T_phys=20.24N) | solve=9.5ms (max20.6)
[INFO] [1788474232.195026112] [mhe_node]: [truth] m_hat=2.0524 m_true=2.0643 err=-0.58% | c_hat=[+0.0000,+0.0000] c_true=[+0.0000,+0.0000] | Jxx_hat=0.01420 Jxx_true=0.01420 Jyz_hat=+0.00000 Jyz_true=+0.00000 | s_hat=[-0.0117,+0.0001] s_true=[+0.0000,+0.0000] kg·m
[INFO] [1788474232.195545774] [mhe_node]: [tau_phys] roll=-0.002 pitch=+0.098 Nm
[INFO] [1788474232.196146175] [mhe_node]: [mass-diag] m_est=2.0524 T=20.237N tilt=1.64deg cos=0.99959 | T/g=2.0629 T*cos/g=2.0620 | m_est-T*cos/g=-0.0097kg (-0.47%) vz=-0.099
[INFO] [1788474232.196737215] [mhe_node]: [c_xy_est] cx=-0.0058 cy=+0.0001 m
[INFO] [1788474234.192493359] [mhe_node]: MHE mass estimate: 2.055 kg (T_phys=20.19N) | solve=7.9ms (max15.8)
[INFO] [1788474234.193038460] [mhe_node]: [truth] m_hat=2.0551 m_true=2.0643 err=-0.44% | c_hat=[+0.0000,+0.0000] c_true=[+0.0000,+0.0000] | Jxx_hat=0.01420 Jxx_true=0.01420 Jyz_hat=+0.00000 Jyz_true=+0.00000 | s_hat=[-0.0083,-0.0003] s_true=[+0.0000,+0.0000] kg·m
[INFO] [1788474234.193559643] [mhe_node]: [tau_phys] roll=-0.008 pitch=+0.072 Nm
[INFO] [1788474234.194154559] [mhe_node]: [mass-diag] m_est=2.0551 T=20.186N tilt=2.56deg cos=0.99900 | T/g=2.0577 T*cos/g=2.0556 | m_est-T*cos/g=-0.0005kg (-0.02%) vz=-0.078
[INFO] [1788474234.194739158] [mhe_node]: [c_xy_est] cx=-0.0041 cy=-0.0001 m
[ros2run]: Killed
