[INFO] [1785491787.009426296] [acados_nmpc_node]: acados NMPC node starting, building/loading solver...
Code reuse possible, skipping code generation.
acados was compiled without OpenMP.
[INFO] [1785491787.019928543] [acados_nmpc_node]: GRIPPER MODE: hover over box (1.0,0.1) z 0.55->2.5m, lift after 1.5s, empty m_est=2.06kg
[INFO] [1785491787.020359395] [acados_nmpc_node]: Warming up acados solver...
[INFO] [1785491787.026359127] [acados_nmpc_node]: Solver warmup complete, took 5.6 ms
[INFO] [1785491787.033592168] [acados_nmpc_node]: Decoupled publish enabled: solve @20Hz, body_rate/thrust @50Hz (trajectory interpolation)
[INFO] [1785491787.034094991] [acados_nmpc_node]: acados NMPC node initialized! Waiting for EKF2 convergence...
[INFO] [1785491797.034802815] [acados_nmpc_node]: Waiting for EKF2 convergence... 5/10 s
[INFO] [1785491802.035094196] [acados_nmpc_node]: Waiting for EKF2 convergence... 10/10 s
[INFO] [1785491802.135155066] [acados_nmpc_node]: Switching to OFFBOARD mode
[INFO] [1785491802.935211045] [acados_nmpc_node]: Sending arm command
[INFO] [1785491803.935280329] [acados_nmpc_node]: Armed, preparing to move to trajectory start...
[INFO] [1785491806.335460256] [acados_nmpc_node]: Gripper approach (climb): rising at spawn to z=1.50m | z=0.07m v=0.44m/s
[INFO] [1785491808.835610604] [acados_nmpc_node]: Gripper approach (climb): rising at spawn to z=1.50m | z=1.03m v=0.22m/s
[INFO] [1785491810.835871395] [acados_nmpc_node]: Gripper approach: climbed to safe altitude at spawn, now translating over box
[INFO] [1785491811.335764036] [acados_nmpc_node]: Gripper approach (high): aligning over box at z=1.50m | xy=0.942m z_err=0.143m v=0.35m/s
[INFO] [1785491813.035969740] [acados_nmpc_node]: Gripper approach: aligned above box, NMPC will take over here (z=1.50m), settle 3.0s then descend to z=0.55m to trigger attach
[INFO] [1785491813.083890770] [acados_nmpc_node]: Reached trajectory start, NMPC tracking begins!
[INFO] [1785491813.785477128] [acados_nmpc_node]: t=0.7s | pos_err=0.074m | T=20.20N | tau=[r-0.013 p0.032 y-0.021]Nm | res_stat=4.604e-07(peak 8.934e-07) sqp_iter=3 | solve=1.5ms
[INFO] [1785491816.135069086] [acados_nmpc_node]: t=3.1s | DESCEND: settle done, lowering 1.5->0.55m, will enable gripper at bottom
[INFO] [1785491818.784797652] [acados_nmpc_node]: t=5.7s | pos_err=0.060m | T=20.39N | tau=[r-0.001 p0.000 y-0.000]Nm | res_stat=6.089e-07(peak 9.081e-07) sqp_iter=2 | solve=0.9ms
[INFO] [1785491819.636290820] [acados_nmpc_node]: t=6.6s | DESCEND done at z=0.568m (target 0.550m, z_err=0.018m, v=0.06m/s), gripper ENABLED (attach will trigger now)
[INFO] [1785491819.705906255] [acados_nmpc_node]: attach offset received: box-drone = [+0.003, -0.117, -0.493] m
[INFO] [1785491819.736232471] [acados_nmpc_node]: PX4 MC_ROLLRATE_K: 1.000 -> 3.836 (inertia ratio 3.84, cap 5.0)
[INFO] [1785491819.736444000] [acados_nmpc_node]: PX4 MC_PITCHRATE_K: 1.000 -> 3.836 (inertia ratio 3.84, cap 5.0)
[INFO] [1785491819.736638104] [acados_nmpc_node]: t=6.7s | ATTACH (geom_source=online): dJ/gain init from prior m_p=0.20kg arm=0.47m (dJ=0.0403); c_xy+dJ refine online, attach truth eval-only
[INFO] [1785491819.738984369] [acados_nmpc_node]: [attach-window] t=6.65s pos_err=0.017m T=19.89N z=0.564 m_est=2.054
[INFO] [1785491819.785464356] [acados_nmpc_node]: [attach-window] t=6.70s pos_err=0.017m T=19.35N z=0.564 m_est=1.999
[INFO] [1785491819.838032084] [acados_nmpc_node]: [attach-window] t=6.75s pos_err=0.017m T=19.35N z=0.564 m_est=1.999
[INFO] [1785491819.885494718] [acados_nmpc_node]: [attach-window] t=6.80s pos_err=0.017m T=19.39N z=0.564 m_est=2.003
[INFO] [1785491819.938253146] [acados_nmpc_node]: [attach-window] t=6.85s pos_err=0.018m T=19.41N z=0.565 m_est=2.003
[INFO] [1785491819.985486303] [acados_nmpc_node]: [attach-window] t=6.90s pos_err=0.019m T=19.38N z=0.565 m_est=2.003
[INFO] [1785491820.038278453] [acados_nmpc_node]: [attach-window] t=6.95s pos_err=0.020m T=19.37N z=0.565 m_est=2.003
[INFO] [1785491820.085306674] [acados_nmpc_node]: [attach-window] t=7.00s pos_err=0.021m T=19.35N z=0.565 m_est=2.002
[INFO] [1785491820.138202282] [acados_nmpc_node]: [attach-window] t=7.05s pos_err=0.021m T=19.34N z=0.566 m_est=2.002
[INFO] [1785491820.185461514] [acados_nmpc_node]: [attach-window] t=7.10s pos_err=0.022m T=19.32N z=0.566 m_est=2.000
[INFO] [1785491820.238327771] [acados_nmpc_node]: [attach-window] t=7.15s pos_err=0.022m T=19.31N z=0.566 m_est=2.000
[INFO] [1785491820.285512998] [acados_nmpc_node]: [attach-window] t=7.20s pos_err=0.023m T=19.30N z=0.566 m_est=1.997
[INFO] [1785491820.338286056] [acados_nmpc_node]: [attach-window] t=7.25s pos_err=0.024m T=19.29N z=0.567 m_est=1.997
[INFO] [1785491820.385368924] [acados_nmpc_node]: [attach-window] t=7.30s pos_err=0.024m T=19.24N z=0.567 m_est=1.993
[INFO] [1785491820.438411243] [acados_nmpc_node]: [attach-window] t=7.35s pos_err=0.025m T=19.24N z=0.567 m_est=1.993
[INFO] [1785491820.485545217] [acados_nmpc_node]: [attach-window] t=7.40s pos_err=0.025m T=19.18N z=0.567 m_est=1.987
[INFO] [1785491820.538385707] [acados_nmpc_node]: [attach-window] t=7.45s pos_err=0.025m T=19.18N z=0.567 m_est=1.987
[INFO] [1785491820.585343821] [acados_nmpc_node]: [attach-window] t=7.50s pos_err=0.025m T=19.14N z=0.567 m_est=1.981
[INFO] [1785491820.638257509] [acados_nmpc_node]: [attach-window] t=7.55s pos_err=0.025m T=19.14N z=0.566 m_est=1.981
[INFO] [1785491820.685460268] [acados_nmpc_node]: [attach-window] t=7.60s pos_err=0.026m T=19.07N z=0.566 m_est=1.974
[INFO] [1785491820.738242054] [acados_nmpc_node]: [attach-window] t=7.65s pos_err=0.026m T=19.07N z=0.566 m_est=1.974
[INFO] [1785491820.785363765] [acados_nmpc_node]: [attach-window] t=7.70s pos_err=0.026m T=19.00N z=0.566 m_est=1.966
[INFO] [1785491820.838420026] [acados_nmpc_node]: [attach-window] t=7.75s pos_err=0.026m T=19.01N z=0.566 m_est=1.966
[INFO] [1785491820.885440919] [acados_nmpc_node]: [attach-window] t=7.80s pos_err=0.026m T=18.94N z=0.566 m_est=1.961
[INFO] [1785491820.938421334] [acados_nmpc_node]: [attach-window] t=7.85s pos_err=0.026m T=18.92N z=0.567 m_est=1.961
[INFO] [1785491820.985525429] [acados_nmpc_node]: [attach-window] t=7.90s pos_err=0.026m T=18.92N z=0.567 m_est=1.961
[INFO] [1785491821.038400355] [acados_nmpc_node]: [attach-window] t=7.95s pos_err=0.026m T=18.92N z=0.568 m_est=1.961
[INFO] [1785491821.085465742] [acados_nmpc_node]: [attach-window] t=8.00s pos_err=0.026m T=18.91N z=0.568 m_est=1.961
[INFO] [1785491821.136839607] [acados_nmpc_node]: [attach-window] t=8.05s pos_err=0.026m T=18.91N z=0.568 m_est=1.961
[INFO] [1785491821.184874618] [acados_nmpc_node]: [attach-window] t=8.10s pos_err=0.027m T=18.91N z=0.568 m_est=1.961
[INFO] [1785491821.236871166] [acados_nmpc_node]: [attach-window] t=8.15s pos_err=0.028m T=18.89N z=0.569 m_est=1.961
[INFO] [1785491821.283431529] [acados_nmpc_node]: t=8.2s | LIFT: raising hover 0.55->2.5m to lift payload
[INFO] [1785491821.285037884] [acados_nmpc_node]: [attach-window] t=8.20s pos_err=0.028m T=18.89N z=0.569 m_est=1.961
[INFO] [1785491821.336699461] [acados_nmpc_node]: [attach-window] t=8.25s pos_err=0.029m T=18.90N z=0.569 m_est=1.961
[INFO] [1785491821.385004496] [acados_nmpc_node]: [attach-window] t=8.30s pos_err=0.028m T=18.92N z=0.570 m_est=1.961
[INFO] [1785491821.438545975] [acados_nmpc_node]: [attach-window] t=8.35s pos_err=0.028m T=18.97N z=0.570 m_est=1.961
[INFO] [1785491821.485352057] [acados_nmpc_node]: [attach-window] t=8.40s pos_err=0.027m T=19.05N z=0.570 m_est=1.961
[INFO] [1785491821.538386617] [acados_nmpc_node]: [attach-window] t=8.45s pos_err=0.027m T=19.18N z=0.570 m_est=1.961
[INFO] [1785491821.585339919] [acados_nmpc_node]: [attach-window] t=8.50s pos_err=0.027m T=19.33N z=0.570 m_est=1.961
[INFO] [1785491821.638262145] [acados_nmpc_node]: [attach-window] t=8.55s pos_err=0.032m T=19.56N z=0.571 m_est=1.961
[INFO] [1785491821.685508386] [acados_nmpc_node]: [attach-window] t=8.60s pos_err=0.041m T=19.81N z=0.571 m_est=1.961
[INFO] [1785491821.738673177] [acados_nmpc_node]: [attach-window] t=8.65s pos_err=0.056m T=20.15N z=0.571 m_est=1.961
[INFO] [1785491821.785673270] [acados_nmpc_node]: [attach-window] t=8.70s pos_err=0.073m T=20.50N z=0.571 m_est=1.961
[INFO] [1785491821.838904399] [acados_nmpc_node]: [attach-window] t=8.75s pos_err=0.096m T=20.95N z=0.571 m_est=1.961
[INFO] [1785491821.885603818] [acados_nmpc_node]: [attach-window] t=8.80s pos_err=0.120m T=21.41N z=0.571 m_est=1.961
[INFO] [1785491821.938486185] [acados_nmpc_node]: [attach-window] t=8.85s pos_err=0.150m T=21.98N z=0.571 m_est=1.961
[INFO] [1785491821.985528639] [acados_nmpc_node]: [attach-window] t=8.90s pos_err=0.180m T=22.53N z=0.572 m_est=1.961
[INFO] [1785491822.037095543] [acados_nmpc_node]: [attach-window] t=8.95s pos_err=0.217m T=23.19N z=0.572 m_est=1.961
[INFO] [1785491822.085546962] [acados_nmpc_node]: [attach-window] t=9.00s pos_err=0.253m T=24.04N z=0.572 m_est=1.982
[INFO] [1785491822.138641071] [acados_nmpc_node]: [attach-window] t=9.05s pos_err=0.295m T=24.53N z=0.574 m_est=1.982
[INFO] [1785491822.185746275] [acados_nmpc_node]: [attach-window] t=9.10s pos_err=0.335m T=26.45N z=0.575 m_est=2.117
[INFO] [1785491822.238764552] [acados_nmpc_node]: [attach-window] t=9.15s pos_err=0.378m T=26.54N z=0.581 m_est=2.117
[INFO] [1785491822.285902282] [acados_nmpc_node]: [attach-window] t=9.20s pos_err=0.418m T=27.56N z=0.588 m_est=2.215
[INFO] [1785491822.338738383] [acados_nmpc_node]: [attach-window] t=9.25s pos_err=0.455m T=27.00N z=0.605 m_est=2.215
[INFO] [1785491822.385771937] [acados_nmpc_node]: [attach-window] t=9.30s pos_err=0.490m T=27.43N z=0.621 m_est=2.286
[INFO] [1785491822.438704021] [acados_nmpc_node]: [attach-window] t=9.35s pos_err=0.517m T=26.54N z=0.653 m_est=2.286
[INFO] [1785491822.485615727] [acados_nmpc_node]: [attach-window] t=9.40s pos_err=0.550m T=26.65N z=0.672 m_est=2.305
[INFO] [1785491822.538698243] [acados_nmpc_node]: [attach-window] t=9.45s pos_err=0.567m T=25.68N z=0.718 m_est=2.305
[INFO] [1785491822.585573760] [acados_nmpc_node]: [attach-window] t=9.50s pos_err=0.597m T=25.57N z=0.743 m_est=2.297
[INFO] [1785491822.638693372] [acados_nmpc_node]: [attach-window] t=9.55s pos_err=0.605m T=24.67N z=0.800 m_est=2.297
[INFO] [1785491822.685705742] [acados_nmpc_node]: [attach-window] t=9.60s pos_err=0.623m T=24.34N z=0.839 m_est=2.285
[INFO] [1785491822.738960378] [acados_nmpc_node]: [attach-window] t=9.65s pos_err=0.622m T=23.61N z=0.904 m_est=2.285
[INFO] [1785491822.785709513] [acados_nmpc_node]: [attach-window] t=9.70s pos_err=0.645m T=23.64N z=0.939 m_est=2.271
[INFO] [1785491822.838969504] [acados_nmpc_node]: [attach-window] t=9.75s pos_err=0.639m T=23.10N z=1.009 m_est=2.271
[INFO] [1785491822.885560105] [acados_nmpc_node]: [attach-window] t=9.80s pos_err=0.650m T=22.95N z=1.055 m_est=2.253
[INFO] [1785491822.938977800] [acados_nmpc_node]: [attach-window] t=9.85s pos_err=0.641m T=22.54N z=1.127 m_est=2.253
[INFO] [1785491822.985537102] [acados_nmpc_node]: [attach-window] t=9.90s pos_err=0.659m T=22.70N z=1.164 m_est=2.238
[INFO] [1785491823.037128389] [acados_nmpc_node]: [attach-window] t=9.95s pos_err=0.645m T=22.38N z=1.237 m_est=2.238
[INFO] [1785491823.084911292] [acados_nmpc_node]: [attach-window] t=10.00s pos_err=0.652m T=22.37N z=1.282 m_est=2.224
[INFO] [1785491823.137136215] [acados_nmpc_node]: [attach-window] t=10.05s pos_err=0.635m T=22.06N z=1.355 m_est=2.224
[INFO] [1785491823.184964101] [acados_nmpc_node]: [attach-window] t=10.10s pos_err=0.649m T=22.25N z=1.391 m_est=2.212
[INFO] [1785491823.237145074] [acados_nmpc_node]: [attach-window] t=10.15s pos_err=0.629m T=21.97N z=1.462 m_est=2.212
[INFO] [1785491823.284817225] [acados_nmpc_node]: [attach-window] t=10.20s pos_err=0.630m T=21.96N z=1.506 m_est=2.202
[INFO] [1785491823.336759341] [acados_nmpc_node]: [attach-window] t=10.25s pos_err=0.606m T=21.66N z=1.576 m_est=2.202
[INFO] [1785491823.384723634] [acados_nmpc_node]: [attach-window] t=10.30s pos_err=0.612m T=21.79N z=1.610 m_est=2.194
[INFO] [1785491823.436788314] [acados_nmpc_node]: [attach-window] t=10.35s pos_err=0.585m T=21.49N z=1.678 m_est=2.194
[INFO] [1785491823.485418724] [acados_nmpc_node]: [attach-window] t=10.40s pos_err=0.578m T=21.44N z=1.719 m_est=2.187
[INFO] [1785491823.538681256] [acados_nmpc_node]: [attach-window] t=10.45s pos_err=0.549m T=21.17N z=1.783 m_est=2.187
[INFO] [1785491823.584919746] [acados_nmpc_node]: [attach-window] t=10.50s pos_err=0.545m T=21.23N z=1.814 m_est=2.181
[INFO] [1785491823.636785594] [acados_nmpc_node]: [attach-window] t=10.55s pos_err=0.513m T=20.98N z=1.875 m_est=2.181
[INFO] [1785491823.684894131] [acados_nmpc_node]: [attach-window] t=10.60s pos_err=0.499m T=20.93N z=1.911 m_est=2.177
[INFO] [1785491823.736606754] [acados_nmpc_node]: [attach-window] t=10.65s pos_err=0.465m T=20.73N z=1.966 m_est=2.177
[INFO] [1785491823.784906592] [acados_nmpc_node]: [attach-window] t=10.70s pos_err=0.455m T=20.76N z=1.992 m_est=2.174
[INFO] [1785491823.785257853] [acados_nmpc_node]: t=10.7s | pos_err=0.455m | T=20.76N | tau=[r-0.090 p0.033 y-0.002]Nm | res_stat=3.683e-07(peak 9.734e-07) sqp_iter=3 | solve=1.1ms
[INFO] [1785491823.836828535] [acados_nmpc_node]: [attach-window] t=10.75s pos_err=0.421m T=20.61N z=2.042 m_est=2.174
[INFO] [1785491823.884940545] [acados_nmpc_node]: [attach-window] t=10.80s pos_err=0.403m T=20.58N z=2.071 m_est=2.172
[INFO] [1785491823.936715510] [acados_nmpc_node]: [attach-window] t=10.85s pos_err=0.368m T=20.47N z=2.115 m_est=2.172
[INFO] [1785491823.984720818] [acados_nmpc_node]: [attach-window] t=10.90s pos_err=0.354m T=20.48N z=2.136 m_est=2.171
[INFO] [1785491824.036707889] [acados_nmpc_node]: [attach-window] t=10.95s pos_err=0.321m T=20.42N z=2.174 m_est=2.171
[INFO] [1785491824.084913853] [acados_nmpc_node]: [attach-window] t=11.00s pos_err=0.301m T=20.43N z=2.197 m_est=2.173
[INFO] [1785491824.136658302] [acados_nmpc_node]: [attach-window] t=11.05s pos_err=0.271m T=20.44N z=2.229 m_est=2.173
[INFO] [1785491824.184968790] [acados_nmpc_node]: [attach-window] t=11.10s pos_err=0.256m T=20.51N z=2.244 m_est=2.177
[INFO] [1785491824.237056914] [acados_nmpc_node]: [attach-window] t=11.15s pos_err=0.230m T=20.58N z=2.271 m_est=2.177
[INFO] [1785491824.284914293] [acados_nmpc_node]: [attach-window] t=11.20s pos_err=0.215m T=20.70N z=2.286 m_est=2.183
[INFO] [1785491824.336855535] [acados_nmpc_node]: [attach-window] t=11.25s pos_err=0.194m T=20.83N z=2.307 m_est=2.183
[INFO] [1785491824.384944792] [acados_nmpc_node]: [attach-window] t=11.30s pos_err=0.185m T=20.97N z=2.316 m_est=2.191
[INFO] [1785491824.436901755] [acados_nmpc_node]: [attach-window] t=11.35s pos_err=0.168m T=21.11N z=2.333 m_est=2.191
[INFO] [1785491824.484905899] [acados_nmpc_node]: [attach-window] t=11.40s pos_err=0.159m T=21.27N z=2.342 m_est=2.200
[INFO] [1785491824.536745005] [acados_nmpc_node]: [attach-window] t=11.45s pos_err=0.146m T=21.39N z=2.355 m_est=2.200
[INFO] [1785491824.584952477] [acados_nmpc_node]: [attach-window] t=11.50s pos_err=0.139m T=21.52N z=2.363 m_est=2.208
[INFO] [1785491824.636698699] [acados_nmpc_node]: [attach-window] t=11.55s pos_err=0.128m T=21.59N z=2.373 m_est=2.208
[INFO] [1785491824.684879700] [acados_nmpc_node]: [attach-window] t=11.60s pos_err=0.124m T=21.70N z=2.378 m_est=2.216
[INFO] [1785491824.736749585] [acados_nmpc_node]: [attach-window] t=11.65s pos_err=0.115m T=21.74N z=2.387 m_est=2.216
[INFO] [1785491824.784913538] [acados_nmpc_node]: [attach-window] t=11.70s pos_err=0.111m T=21.81N z=2.391 m_est=2.224
[INFO] [1785491824.837176539] [acados_nmpc_node]: [attach-window] t=11.75s pos_err=0.102m T=21.82N z=2.400 m_est=2.224
[INFO] [1785491824.885220339] [acados_nmpc_node]: [attach-window] t=11.80s pos_err=0.098m T=21.87N z=2.404 m_est=2.230
[INFO] [1785491824.936851504] [acados_nmpc_node]: [attach-window] t=11.85s pos_err=0.090m T=21.86N z=2.412 m_est=2.230
[INFO] [1785491824.984937867] [acados_nmpc_node]: [attach-window] t=11.90s pos_err=0.086m T=21.90N z=2.416 m_est=2.235
[INFO] [1785491825.036848134] [acados_nmpc_node]: [attach-window] t=11.95s pos_err=0.078m T=21.86N z=2.423 m_est=2.235
[INFO] [1785491825.085085979] [acados_nmpc_node]: [attach-window] t=12.00s pos_err=0.073m T=21.88N z=2.428 m_est=2.240
[INFO] [1785491825.138316141] [acados_nmpc_node]: [attach-window] t=12.05s pos_err=0.066m T=21.85N z=2.435 m_est=2.240
[INFO] [1785491825.185294223] [acados_nmpc_node]: [attach-window] t=12.10s pos_err=0.062m T=21.88N z=2.439 m_est=2.244
[INFO] [1785491825.238577456] [acados_nmpc_node]: [attach-window] t=12.15s pos_err=0.055m T=21.86N z=2.445 m_est=2.244
[INFO] [1785491825.285256325] [acados_nmpc_node]: [attach-window] t=12.20s pos_err=0.051m T=21.88N z=2.449 m_est=2.248
[INFO] [1785491825.338416008] [acados_nmpc_node]: [attach-window] t=12.25s pos_err=0.046m T=21.88N z=2.455 m_est=2.248
[INFO] [1785491825.385230893] [acados_nmpc_node]: [attach-window] t=12.30s pos_err=0.042m T=21.90N z=2.458 m_est=2.251
[INFO] [1785491825.438477817] [acados_nmpc_node]: [attach-window] t=12.35s pos_err=0.038m T=21.91N z=2.462 m_est=2.251
[INFO] [1785491825.485079424] [acados_nmpc_node]: [attach-window] t=12.40s pos_err=0.036m T=21.94N z=2.464 m_est=2.253
[INFO] [1785491825.538660522] [acados_nmpc_node]: [attach-window] t=12.45s pos_err=0.032m T=21.96N z=2.468 m_est=2.253
[INFO] [1785491825.585166847] [acados_nmpc_node]: [attach-window] t=12.50s pos_err=0.031m T=21.99N z=2.469 m_est=2.254
[INFO] [1785491825.638352654] [acados_nmpc_node]: [attach-window] t=12.55s pos_err=0.029m T=22.01N z=2.472 m_est=2.254
[INFO] [1785491825.685251539] [acados_nmpc_node]: [attach-window] t=12.60s pos_err=0.027m T=22.04N z=2.473 m_est=2.255
[INFO] [1785491825.738397028] [acados_nmpc_node]: [attach-window] t=12.65s pos_err=0.026m T=22.06N z=2.474 m_est=2.255
[INFO] [1785491825.785170324] [acados_nmpc_node]: [attach-window] t=12.70s pos_err=0.025m T=22.08N z=2.475 m_est=2.256
[INFO] [1785491825.838301112] [acados_nmpc_node]: [attach-window] t=12.75s pos_err=0.024m T=22.11N z=2.476 m_est=2.256
[INFO] [1785491825.885170503] [acados_nmpc_node]: [attach-window] t=12.80s pos_err=0.024m T=22.13N z=2.476 m_est=2.256
[INFO] [1785491825.938426247] [acados_nmpc_node]: [attach-window] t=12.85s pos_err=0.023m T=22.14N z=2.477 m_est=2.256
[INFO] [1785491825.985222757] [acados_nmpc_node]: [attach-window] t=12.90s pos_err=0.023m T=22.14N z=2.477 m_est=2.257
[INFO] [1785491826.038457535] [acados_nmpc_node]: [attach-window] t=12.95s pos_err=0.022m T=22.14N z=2.479 m_est=2.257
[INFO] [1785491826.085232416] [acados_nmpc_node]: [attach-window] t=13.00s pos_err=0.021m T=22.13N z=2.480 m_est=2.257
[INFO] [1785491826.138406134] [acados_nmpc_node]: [attach-window] t=13.05s pos_err=0.020m T=22.12N z=2.481 m_est=2.257
[INFO] [1785491826.185111115] [acados_nmpc_node]: [attach-window] t=13.10s pos_err=0.019m T=22.11N z=2.482 m_est=2.257
[INFO] [1785491826.238488533] [acados_nmpc_node]: [attach-window] t=13.15s pos_err=0.017m T=22.09N z=2.484 m_est=2.257
[INFO] [1785491826.285258258] [acados_nmpc_node]: [attach-window] t=13.20s pos_err=0.017m T=22.09N z=2.485 m_est=2.257
[INFO] [1785491826.338401474] [acados_nmpc_node]: [attach-window] t=13.25s pos_err=0.015m T=22.07N z=2.487 m_est=2.257
[INFO] [1785491826.385153928] [acados_nmpc_node]: [attach-window] t=13.30s pos_err=0.015m T=22.07N z=2.488 m_est=2.258
[INFO] [1785491826.436774282] [acados_nmpc_node]: [attach-window] t=13.35s pos_err=0.014m T=22.05N z=2.490 m_est=2.258
[INFO] [1785491826.485023410] [acados_nmpc_node]: [attach-window] t=13.40s pos_err=0.013m T=22.04N z=2.492 m_est=2.258
[INFO] [1785491826.536693898] [acados_nmpc_node]: [attach-window] t=13.45s pos_err=0.013m T=22.03N z=2.494 m_est=2.258
[INFO] [1785491826.584970435] [acados_nmpc_node]: [attach-window] t=13.50s pos_err=0.013m T=22.02N z=2.496 m_est=2.258
[INFO] [1785491826.638426858] [acados_nmpc_node]: [attach-window] t=13.55s pos_err=0.014m T=22.02N z=2.498 m_est=2.258
[INFO] [1785491826.685283981] [acados_nmpc_node]: [attach-window] t=13.60s pos_err=0.014m T=22.02N z=2.499 m_est=2.258
[INFO] [1785491826.738563246] [acados_nmpc_node]: [attach-window] t=13.65s pos_err=0.015m T=22.03N z=2.501 m_est=2.258
[INFO] [1785491826.785101326] [acados_nmpc_node]: [attach-window] t=13.70s pos_err=0.015m T=22.03N z=2.502 m_est=2.258
[INFO] [1785491826.838513086] [acados_nmpc_node]: [attach-window] t=13.75s pos_err=0.016m T=22.04N z=2.503 m_est=2.258
[INFO] [1785491826.885107447] [acados_nmpc_node]: [attach-window] t=13.80s pos_err=0.016m T=22.05N z=2.504 m_est=2.258
[INFO] [1785491826.938705648] [acados_nmpc_node]: [attach-window] t=13.85s pos_err=0.016m T=22.06N z=2.505 m_est=2.258
[INFO] [1785491826.985134583] [acados_nmpc_node]: [attach-window] t=13.90s pos_err=0.015m T=22.07N z=2.505 m_est=2.258
[INFO] [1785491827.038427882] [acados_nmpc_node]: [attach-window] t=13.95s pos_err=0.014m T=22.08N z=2.506 m_est=2.258
[INFO] [1785491827.085161290] [acados_nmpc_node]: [attach-window] t=14.00s pos_err=0.014m T=22.09N z=2.506 m_est=2.257
[INFO] [1785491827.138455026] [acados_nmpc_node]: [attach-window] t=14.05s pos_err=0.013m T=22.10N z=2.507 m_est=2.257
[INFO] [1785491827.185243754] [acados_nmpc_node]: [attach-window] t=14.10s pos_err=0.012m T=22.11N z=2.507 m_est=2.257
[INFO] [1785491827.238737298] [acados_nmpc_node]: [attach-window] t=14.15s pos_err=0.011m T=22.12N z=2.507 m_est=2.257
[INFO] [1785491827.285353505] [acados_nmpc_node]: [attach-window] t=14.20s pos_err=0.011m T=22.13N z=2.507 m_est=2.257
[INFO] [1785491827.338531598] [acados_nmpc_node]: [attach-window] t=14.25s pos_err=0.010m T=22.14N z=2.507 m_est=2.257
[INFO] [1785491827.384722247] [acados_nmpc_node]: [attach-window] t=14.30s pos_err=0.010m T=22.14N z=2.507 m_est=2.257
[INFO] [1785491827.438528109] [acados_nmpc_node]: [attach-window] t=14.35s pos_err=0.009m T=22.15N z=2.507 m_est=2.257
[INFO] [1785491827.485236271] [acados_nmpc_node]: [attach-window] t=14.40s pos_err=0.009m T=22.16N z=2.507 m_est=2.257
[INFO] [1785491827.538899798] [acados_nmpc_node]: [attach-window] t=14.45s pos_err=0.009m T=22.18N z=2.506 m_est=2.257
[INFO] [1785491827.585192006] [acados_nmpc_node]: [attach-window] t=14.50s pos_err=0.009m T=22.19N z=2.506 m_est=2.257
[INFO] [1785491827.638566405] [acados_nmpc_node]: [attach-window] t=14.55s pos_err=0.009m T=22.20N z=2.505 m_est=2.257
[INFO] [1785491827.685092728] [acados_nmpc_node]: [attach-window] t=14.60s pos_err=0.009m T=22.21N z=2.505 m_est=2.258
[INFO] [1785491827.738458557] [acados_nmpc_node]: [attach-window] t=14.65s pos_err=0.009m T=22.22N z=2.504 m_est=2.258
[INFO] [1785491827.785070858] [acados_nmpc_node]: [attach-window] t=14.70s pos_err=0.009m T=22.22N z=2.504 m_est=2.258
[INFO] [1785491827.838581681] [acados_nmpc_node]: [attach-window] t=14.75s pos_err=0.009m T=22.22N z=2.503 m_est=2.258
[INFO] [1785491827.885225590] [acados_nmpc_node]: [attach-window] t=14.80s pos_err=0.009m T=22.23N z=2.502 m_est=2.259
[INFO] [1785491827.938709661] [acados_nmpc_node]: [attach-window] t=14.85s pos_err=0.009m T=22.22N z=2.502 m_est=2.259
[INFO] [1785491827.985335922] [acados_nmpc_node]: [attach-window] t=14.90s pos_err=0.009m T=22.22N z=2.502 m_est=2.260
[INFO] [1785491828.038522601] [acados_nmpc_node]: [attach-window] t=14.95s pos_err=0.010m T=22.21N z=2.502 m_est=2.260
[INFO] [1785491828.085331089] [acados_nmpc_node]: [attach-window] t=15.00s pos_err=0.010m T=22.20N z=2.502 m_est=2.260
[INFO] [1785491828.138581412] [acados_nmpc_node]: [attach-window] t=15.05s pos_err=0.012m T=22.19N z=2.502 m_est=2.260
[INFO] [1785491828.184708055] [acados_nmpc_node]: [attach-window] t=15.10s pos_err=0.012m T=22.18N z=2.502 m_est=2.261
[INFO] [1785491828.236950715] [acados_nmpc_node]: [attach-window] t=15.15s pos_err=0.014m T=22.16N z=2.503 m_est=2.261
[INFO] [1785491828.284937377] [acados_nmpc_node]: [attach-window] t=15.20s pos_err=0.015m T=22.16N z=2.503 m_est=2.261
[INFO] [1785491828.336924062] [acados_nmpc_node]: [attach-window] t=15.25s pos_err=0.016m T=22.16N z=2.503 m_est=2.261
[INFO] [1785491828.384965918] [acados_nmpc_node]: [attach-window] t=15.30s pos_err=0.016m T=22.16N z=2.504 m_est=2.262
[INFO] [1785491828.438667475] [acados_nmpc_node]: [attach-window] t=15.35s pos_err=0.017m T=22.16N z=2.504 m_est=2.262
[INFO] [1785491828.485358523] [acados_nmpc_node]: [attach-window] t=15.40s pos_err=0.018m T=22.16N z=2.504 m_est=2.262
[INFO] [1785491828.538679416] [acados_nmpc_node]: [attach-window] t=15.45s pos_err=0.019m T=22.15N z=2.504 m_est=2.262
[INFO] [1785491828.585425363] [acados_nmpc_node]: [attach-window] t=15.50s pos_err=0.019m T=22.14N z=2.505 m_est=2.262
[INFO] [1785491828.638503909] [acados_nmpc_node]: [attach-window] t=15.55s pos_err=0.019m T=22.13N z=2.505 m_est=2.262
[INFO] [1785491828.685086828] [acados_nmpc_node]: [attach-window] t=15.60s pos_err=0.019m T=22.13N z=2.506 m_est=2.262
[INFO] [1785491828.738826103] [acados_nmpc_node]: [attach-window] t=15.65s pos_err=0.019m T=22.12N z=2.506 m_est=2.262
[INFO] [1785491828.785090118] [acados_nmpc_node]: [attach-window] t=15.70s pos_err=0.019m T=22.12N z=2.507 m_est=2.262
[INFO] [1785491828.785563362] [acados_nmpc_node]: t=15.7s | pos_err=0.019m | T=22.12N | tau=[r-0.217 p0.015 y-0.002]Nm | res_stat=7.936e-07(peak 9.905e-07) sqp_iter=2 | solve=1.3ms
[INFO] [1785491828.838684662] [acados_nmpc_node]: [attach-window] t=15.75s pos_err=0.019m T=22.11N z=2.507 m_est=2.262
[INFO] [1785491828.885152998] [acados_nmpc_node]: [attach-window] t=15.80s pos_err=0.019m T=22.11N z=2.508 m_est=2.262
[INFO] [1785491828.938837808] [acados_nmpc_node]: [attach-window] t=15.85s pos_err=0.019m T=22.11N z=2.508 m_est=2.262
[INFO] [1785491828.985220210] [acados_nmpc_node]: [attach-window] t=15.90s pos_err=0.019m T=22.11N z=2.509 m_est=2.261
[INFO] [1785491829.038517506] [acados_nmpc_node]: [attach-window] t=15.95s pos_err=0.019m T=22.11N z=2.510 m_est=2.261
[INFO] [1785491829.085092840] [acados_nmpc_node]: [attach-window] t=16.00s pos_err=0.019m T=22.10N z=2.510 m_est=2.261
[INFO] [1785491829.136929520] [acados_nmpc_node]: [attach-window] t=16.05s pos_err=0.019m T=22.11N z=2.510 m_est=2.261
[INFO] [1785491829.185189362] [acados_nmpc_node]: [attach-window] t=16.10s pos_err=0.019m T=22.11N z=2.510 m_est=2.261
[INFO] [1785491829.238776366] [acados_nmpc_node]: [attach-window] t=16.15s pos_err=0.018m T=22.11N z=2.511 m_est=2.261
[INFO] [1785491829.285112172] [acados_nmpc_node]: [attach-window] t=16.20s pos_err=0.018m T=22.11N z=2.511 m_est=2.261
[INFO] [1785491829.338763464] [acados_nmpc_node]: [attach-window] t=16.25s pos_err=0.016m T=22.12N z=2.511 m_est=2.261
[INFO] [1785491829.385264399] [acados_nmpc_node]: [attach-window] t=16.30s pos_err=0.016m T=22.12N z=2.511 m_est=2.260
[INFO] [1785491829.438701860] [acados_nmpc_node]: [attach-window] t=16.35s pos_err=0.014m T=22.13N z=2.511 m_est=2.260
[INFO] [1785491829.485607843] [acados_nmpc_node]: [attach-window] t=16.40s pos_err=0.014m T=22.14N z=2.511 m_est=2.260
[INFO] [1785491829.538709233] [acados_nmpc_node]: [attach-window] t=16.45s pos_err=0.013m T=22.14N z=2.512 m_est=2.260
[INFO] [1785491829.585414467] [acados_nmpc_node]: [attach-window] t=16.50s pos_err=0.012m T=22.14N z=2.512 m_est=2.260
[INFO] [1785491829.638755950] [acados_nmpc_node]: [attach-window] t=16.55s pos_err=0.012m T=22.14N z=2.512 m_est=2.260
[INFO] [1785491829.685398787] [acados_nmpc_node]: [attach-window] t=16.60s pos_err=0.013m T=22.13N z=2.512 m_est=2.260
[INFO] [1785491829.738804732] [acados_nmpc_node]: [attach-window] t=16.65s pos_err=0.013m T=22.14N z=2.512 m_est=2.260
[INFO] [1785491829.785110137] [acados_nmpc_node]: [attach-window] t=16.70s pos_err=0.014m T=22.13N z=2.513 m_est=2.260
[INFO] [1785491829.838693704] [acados_nmpc_node]: [attach-window] t=16.75s pos_err=0.015m T=22.12N z=2.513 m_est=2.260
[INFO] [1785491829.885287474] [acados_nmpc_node]: [attach-window] t=16.80s pos_err=0.015m T=22.12N z=2.514 m_est=2.260
[INFO] [1785491829.938765044] [acados_nmpc_node]: [attach-window] t=16.85s pos_err=0.016m T=22.11N z=2.514 m_est=2.260
[INFO] [1785491829.985457015] [acados_nmpc_node]: [attach-window] t=16.90s pos_err=0.016m T=22.11N z=2.514 m_est=2.260
[INFO] [1785491830.038858835] [acados_nmpc_node]: [attach-window] t=16.95s pos_err=0.017m T=22.10N z=2.515 m_est=2.260
[INFO] [1785491830.085294919] [acados_nmpc_node]: [attach-window] t=17.00s pos_err=0.017m T=22.10N z=2.515 m_est=2.260
[INFO] [1785491830.138626229] [acados_nmpc_node]: [attach-window] t=17.05s pos_err=0.018m T=22.11N z=2.515 m_est=2.260
[INFO] [1785491830.185283931] [acados_nmpc_node]: [attach-window] t=17.10s pos_err=0.018m T=22.11N z=2.515 m_est=2.260
[INFO] [1785491830.239046421] [acados_nmpc_node]: [attach-window] t=17.15s pos_err=0.018m T=22.12N z=2.515 m_est=2.260
[INFO] [1785491830.285408971] [acados_nmpc_node]: [attach-window] t=17.20s pos_err=0.018m T=22.12N z=2.515 m_est=2.260
[INFO] [1785491830.339013054] [acados_nmpc_node]: [attach-window] t=17.25s pos_err=0.019m T=22.13N z=2.515 m_est=2.260
[INFO] [1785491830.385324233] [acados_nmpc_node]: [attach-window] t=17.30s pos_err=0.019m T=22.13N z=2.515 m_est=2.260
[INFO] [1785491830.438785988] [acados_nmpc_node]: [attach-window] t=17.35s pos_err=0.020m T=22.13N z=2.516 m_est=2.260
[INFO] [1785491830.485253571] [acados_nmpc_node]: [attach-window] t=17.40s pos_err=0.020m T=22.12N z=2.516 m_est=2.260
[INFO] [1785491830.538765089] [acados_nmpc_node]: [attach-window] t=17.45s pos_err=0.021m T=22.11N z=2.516 m_est=2.260
[INFO] [1785491830.585179850] [acados_nmpc_node]: [attach-window] t=17.50s pos_err=0.021m T=22.11N z=2.517 m_est=2.260
[INFO] [1785491830.637133135] [acados_nmpc_node]: [attach-window] t=17.55s pos_err=0.022m T=22.10N z=2.517 m_est=2.260
[INFO] [1785491830.684523474] [acados_nmpc_node]: [attach-window] t=17.60s pos_err=0.022m T=22.09N z=2.518 m_est=2.260
[INFO] [1785491830.737075073] [acados_nmpc_node]: [attach-window] t=17.65s pos_err=0.023m T=22.08N z=2.519 m_est=2.260
[INFO] [1785491830.784565749] [acados_nmpc_node]: [attach-window] t=17.70s pos_err=0.023m T=22.08N z=2.519 m_est=2.260
[INFO] [1785491830.836860831] [acados_nmpc_node]: [attach-window] t=17.75s pos_err=0.023m T=22.08N z=2.520 m_est=2.260
[INFO] [1785491830.885171867] [acados_nmpc_node]: [attach-window] t=17.80s pos_err=0.024m T=22.08N z=2.520 m_est=2.260
[INFO] [1785491830.938922142] [acados_nmpc_node]: [attach-window] t=17.85s pos_err=0.023m T=22.09N z=2.521 m_est=2.260
[INFO] [1785491830.985250737] [acados_nmpc_node]: [attach-window] t=17.90s pos_err=0.023m T=22.11N z=2.520 m_est=2.260
[INFO] [1785491831.038781736] [acados_nmpc_node]: [attach-window] t=17.95s pos_err=0.022m T=22.13N z=2.520 m_est=2.260
[INFO] [1785491831.085073256] [acados_nmpc_node]: [attach-window] t=18.00s pos_err=0.022m T=22.13N z=2.520 m_est=2.259
[INFO] [1785491831.138786848] [acados_nmpc_node]: [attach-window] t=18.05s pos_err=0.021m T=22.15N z=2.519 m_est=2.259
[INFO] [1785491831.185223162] [acados_nmpc_node]: [attach-window] t=18.10s pos_err=0.021m T=22.15N z=2.519 m_est=2.259
[INFO] [1785491831.238871187] [acados_nmpc_node]: [attach-window] t=18.15s pos_err=0.020m T=22.16N z=2.518 m_est=2.259
[INFO] [1785491831.285231289] [acados_nmpc_node]: [attach-window] t=18.20s pos_err=0.020m T=22.17N z=2.518 m_est=2.259
[INFO] [1785491831.338835517] [acados_nmpc_node]: [attach-window] t=18.25s pos_err=0.019m T=22.18N z=2.517 m_est=2.259
[INFO] [1785491831.385254465] [acados_nmpc_node]: [attach-window] t=18.30s pos_err=0.019m T=22.18N z=2.517 m_est=2.259
[INFO] [1785491831.438761640] [acados_nmpc_node]: [attach-window] t=18.35s pos_err=0.018m T=22.18N z=2.516 m_est=2.259
[INFO] [1785491831.485039959] [acados_nmpc_node]: [attach-window] t=18.40s pos_err=0.018m T=22.18N z=2.516 m_est=2.259
[INFO] [1785491831.538822652] [acados_nmpc_node]: [attach-window] t=18.45s pos_err=0.017m T=22.18N z=2.515 m_est=2.259
[INFO] [1785491831.585119400] [acados_nmpc_node]: [attach-window] t=18.50s pos_err=0.017m T=22.18N z=2.515 m_est=2.260
[INFO] [1785491831.637081846] [acados_nmpc_node]: [attach-window] t=18.55s pos_err=0.016m T=22.19N z=2.514 m_est=2.260
[INFO] [1785491831.684781457] [acados_nmpc_node]: [attach-window] t=18.60s pos_err=0.015m T=22.19N z=2.514 m_est=2.260
[INFO] [1785491831.737060323] [acados_nmpc_node]: [attach-window] t=18.65s pos_err=0.015m T=22.19N z=2.513 m_est=2.260
[INFO] [1785491831.784785798] [acados_nmpc_node]: [attach-window] t=18.70s pos_err=0.014m T=22.20N z=2.513 m_est=2.260
[INFO] [1785491831.836936092] [acados_nmpc_node]: [attach-window] t=18.75s pos_err=0.014m T=22.20N z=2.512 m_est=2.260
[INFO] [1785491831.884750010] [acados_nmpc_node]: [attach-window] t=18.80s pos_err=0.014m T=22.20N z=2.512 m_est=2.261
[INFO] [1785491831.938733202] [acados_nmpc_node]: [attach-window] t=18.85s pos_err=0.014m T=22.19N z=2.512 m_est=2.261
[INFO] [1785491831.985060323] [acados_nmpc_node]: [attach-window] t=18.90s pos_err=0.014m T=22.19N z=2.512 m_est=2.261
[INFO] [1785491832.039045991] [acados_nmpc_node]: [attach-window] t=18.95s pos_err=0.013m T=22.18N z=2.511 m_est=2.261
[INFO] [1785491832.085152644] [acados_nmpc_node]: [attach-window] t=19.00s pos_err=0.013m T=22.18N z=2.511 m_est=2.261
[INFO] [1785491832.138726221] [acados_nmpc_node]: [attach-window] t=19.05s pos_err=0.013m T=22.18N z=2.511 m_est=2.261
[INFO] [1785491832.185056296] [acados_nmpc_node]: [attach-window] t=19.10s pos_err=0.012m T=22.18N z=2.511 m_est=2.261
[INFO] [1785491832.238920782] [acados_nmpc_node]: [attach-window] t=19.15s pos_err=0.012m T=22.17N z=2.511 m_est=2.261
[INFO] [1785491832.285055615] [acados_nmpc_node]: [attach-window] t=19.20s pos_err=0.012m T=22.16N z=2.511 m_est=2.262
[INFO] [1785491832.338687058] [acados_nmpc_node]: [attach-window] t=19.25s pos_err=0.013m T=22.15N z=2.511 m_est=2.262
[INFO] [1785491832.385035083] [acados_nmpc_node]: [attach-window] t=19.30s pos_err=0.013m T=22.15N z=2.511 m_est=2.262
[INFO] [1785491832.438794506] [acados_nmpc_node]: [attach-window] t=19.35s pos_err=0.013m T=22.14N z=2.511 m_est=2.262
[INFO] [1785491832.485229461] [acados_nmpc_node]: [attach-window] t=19.40s pos_err=0.013m T=22.14N z=2.511 m_est=2.262
[INFO] [1785491832.538751297] [acados_nmpc_node]: [attach-window] t=19.45s pos_err=0.014m T=22.15N z=2.511 m_est=2.262
[INFO] [1785491832.585118566] [acados_nmpc_node]: [attach-window] t=19.50s pos_err=0.014m T=22.15N z=2.510 m_est=2.262
[INFO] [1785491832.638734784] [acados_nmpc_node]: [attach-window] t=19.55s pos_err=0.014m T=22.17N z=2.510 m_est=2.262
[INFO] [1785491832.685072290] [acados_nmpc_node]: [attach-window] t=19.60s pos_err=0.014m T=22.18N z=2.509 m_est=2.262
[INFO] [1785491832.739114001] [acados_nmpc_node]: [attach-window] t=19.65s pos_err=0.014m T=22.19N z=2.508 m_est=2.262
[INFO] [1785491832.785079939] [acados_nmpc_node]: [attach-window] t=19.70s pos_err=0.014m T=22.20N z=2.508 m_est=2.262
[INFO] [1785491832.839460580] [acados_nmpc_node]: [attach-window] t=19.75s pos_err=0.015m T=22.19N z=2.507 m_est=2.262
[INFO] [1785491832.885357013] [acados_nmpc_node]: [attach-window] t=19.80s pos_err=0.015m T=22.19N z=2.507 m_est=2.261
[INFO] [1785491832.939770519] [acados_nmpc_node]: [attach-window] t=19.85s pos_err=0.016m T=22.18N z=2.507 m_est=2.261
[INFO] [1785491832.984977432] [acados_nmpc_node]: [attach-window] t=19.90s pos_err=0.017m T=22.17N z=2.507 m_est=2.261
[INFO] [1785491833.039359705] [acados_nmpc_node]: [attach-window] t=19.95s pos_err=0.018m T=22.16N z=2.507 m_est=2.261
[INFO] [1785491833.085435490] [acados_nmpc_node]: [attach-window] t=20.00s pos_err=0.019m T=22.15N z=2.507 m_est=2.261
[INFO] [1785491833.139051397] [acados_nmpc_node]: [attach-window] t=20.05s pos_err=0.020m T=22.13N z=2.508 m_est=2.261
[INFO] [1785491833.185303071] [acados_nmpc_node]: [attach-window] t=20.10s pos_err=0.020m T=22.12N z=2.508 m_est=2.261
[INFO] [1785491833.239452881] [acados_nmpc_node]: [attach-window] t=20.15s pos_err=0.021m T=22.11N z=2.509 m_est=2.261
[INFO] [1785491833.285468557] [acados_nmpc_node]: [attach-window] t=20.20s pos_err=0.021m T=22.10N z=2.510 m_est=2.261
[INFO] [1785491833.339056480] [acados_nmpc_node]: [attach-window] t=20.25s pos_err=0.022m T=22.09N z=2.510 m_est=2.261
[INFO] [1785491833.385495854] [acados_nmpc_node]: [attach-window] t=20.30s pos_err=0.022m T=22.09N z=2.511 m_est=2.261
[INFO] [1785491833.439272077] [acados_nmpc_node]: [attach-window] t=20.35s pos_err=0.022m T=22.08N z=2.512 m_est=2.261
[INFO] [1785491833.485375359] [acados_nmpc_node]: [attach-window] t=20.40s pos_err=0.022m T=22.07N z=2.513 m_est=2.261
[INFO] [1785491833.538908591] [acados_nmpc_node]: [attach-window] t=20.45s pos_err=0.022m T=22.06N z=2.514 m_est=2.261
[INFO] [1785491833.585140163] [acados_nmpc_node]: [attach-window] t=20.50s pos_err=0.023m T=22.06N z=2.514 m_est=2.261
[INFO] [1785491833.638950217] [acados_nmpc_node]: [attach-window] t=20.55s pos_err=0.022m T=22.07N z=2.515 m_est=2.261
[INFO] [1785491833.685153710] [acados_nmpc_node]: [attach-window] t=20.60s pos_err=0.022m T=22.07N z=2.515 m_est=2.260
[INFO] [1785491833.739022643] [acados_nmpc_node]: [attach-window] t=20.65s pos_err=0.022m T=22.08N z=2.516 m_est=2.260
[INFO] [1785491833.785223646] [acados_nmpc_node]: [attach-window] t=20.70s pos_err=0.021m T=22.08N z=2.516 m_est=2.260
[INFO] [1785491833.785702885] [acados_nmpc_node]: t=20.7s | pos_err=0.021m | T=22.08N | tau=[r-0.217 p0.009 y-0.003]Nm | res_stat=7.184e-08(peak 9.905e-07) sqp_iter=2 | solve=1.3ms
[INFO] [1785491833.839072229] [acados_nmpc_node]: [attach-window] t=20.75s pos_err=0.021m T=22.09N z=2.516 m_est=2.260
[INFO] [1785491833.885139172] [acados_nmpc_node]: [attach-window] t=20.80s pos_err=0.020m T=22.10N z=2.517 m_est=2.260
[INFO] [1785491833.939008016] [acados_nmpc_node]: [attach-window] t=20.85s pos_err=0.019m T=22.10N z=2.517 m_est=2.260
[INFO] [1785491833.985409652] [acados_nmpc_node]: [attach-window] t=20.90s pos_err=0.019m T=22.11N z=2.517 m_est=2.259
[INFO] [1785491834.039899669] [acados_nmpc_node]: [attach-window] t=20.95s pos_err=0.018m T=22.13N z=2.516 m_est=2.259
[INFO] [1785491834.085307398] [acados_nmpc_node]: [attach-window] t=21.00s pos_err=0.017m T=22.14N z=2.516 m_est=2.259
[INFO] [1785491834.138924422] [acados_nmpc_node]: [attach-window] t=21.05s pos_err=0.016m T=22.16N z=2.515 m_est=2.259
[INFO] [1785491834.185425938] [acados_nmpc_node]: [attach-window] t=21.10s pos_err=0.015m T=22.16N z=2.515 m_est=2.259
[INFO] [1785491834.238924083] [acados_nmpc_node]: [attach-window] t=21.15s pos_err=0.015m T=22.17N z=2.514 m_est=2.259
[INFO] [1785491834.285309888] [acados_nmpc_node]: [attach-window] t=21.20s pos_err=0.014m T=22.17N z=2.514 m_est=2.259
[INFO] [1785491834.339403193] [acados_nmpc_node]: [attach-window] t=21.25s pos_err=0.014m T=22.18N z=2.513 m_est=2.259
[INFO] [1785491834.385390921] [acados_nmpc_node]: [attach-window] t=21.30s pos_err=0.013m T=22.19N z=2.513 m_est=2.259
[INFO] [1785491834.437335335] [acados_nmpc_node]: [attach-window] t=21.35s pos_err=0.012m T=22.20N z=2.512 m_est=2.259
[INFO] [1785491834.484966653] [acados_nmpc_node]: [attach-window] t=21.40s pos_err=0.012m T=22.20N z=2.512 m_est=2.259
[INFO] [1785491834.537876128] [acados_nmpc_node]: [attach-window] t=21.45s pos_err=0.012m T=22.20N z=2.512 m_est=2.259
[ros2run]: Killed
