[INFO] [1788477915.477059206] [mhe_node]: MHE node starting, building/loading solver... (geom_coupled=True, N=20, m_min=1.961, m_B=2.0643)
Code reuse possible, skipping code generation.
acados was compiled without OpenMP.
[INFO] [1788477915.484635021] [mhe_node]: [prior] geom_coupled=True → 载荷质量信息**完全不生效**(grip_payload_envelope=0.3 是死代码:coupled 档下 _payload_geometry 根本不被调用);模型只吃可测杆臂 r_p + 被估质量,m 的先验仅有 Q0 质量维=0.1 (σ=3.16kg,实质无先验)
[WARN] [1788477915.485134493] [mhe_node]: geom_release_mode='self':估计器不被告知 drop。⚠️ 2026-08-24 实测,**NMPC 侧也设成 'self' 会必然坠机**——drop 后控制器继续按幽灵偏心载荷配平,指令 0.424N·m(tau_max 的 85%)作用在空机 J_xx=0.0142 上 = 29.8 rad/s²,而 MHE 10Hz/2s 窗口要 1~2s 才纠得过来,飞机先翻。**正确组合 = MHE 'self' + NMPC 'event'**(控制器是发释放指令的一方,它知道不构成认知作弊)。
[INFO] [1788477915.486553590] [mhe_node]: [c_xy_est] 质量域卸载判据已开:先武装(m_p>0.090kg),再判 m_p<0.03kg 持续 20 帧 -> 释放偏心估计
[INFO] [1788477915.487089015] [mhe_node]: [c_xy] 来源 = 一阶质量矩 s/m_T(窗口内估计,**无稳态门控**),替代窗外 EMA —— 机动中也会更新
[INFO] [1788477915.488082608] [mhe_node]: weight schedule theta = [-4.00, 0.00, 0.00, 0.00], signal mode = residual (residual self-trigger: thresh=1.5N persist=2 baseline_tau=3.0s)
[INFO] [1788477915.492295969] [mhe_node]: MHE node initialized! tau_source=command (roll/pitch NMPC意图值, yaw NMPC意图值), motor_window_avg=False, geom_release_mode=self. Waiting for odometry + control data...
[INFO] [1788477937.692005884] [mhe_node]: [no-signal] baseline settled at 19.96N (quiet 20 frames); detector armed
[INFO] [1788477937.692296112] [mhe_node]: arrival prior seeded: m=2.064 kg (m_nominal prior)
[INFO] [1788477937.692678681] [mhe_node]: [geom] model_geom_on=True (release_mode=self, truth_attached=False) mode=coupled(r_p) -> geom=[ 0.    0.   -0.47] dJ=0.0000 c_xy=[+0.0000,+0.0000] (dJ/c 为按当前 m_est 折算的诊断当量,模型内部随 m 实时生成)
[INFO] [1788477939.600447237] [mhe_node]: MHE mass estimate: 2.060 kg (T_phys=19.98N) | solve=4.1ms (max10.8)
[INFO] [1788477939.600997128] [mhe_node]: [truth] m_hat=2.0603 m_true=2.0643 err=-0.19% | c_hat=[+0.0000,+0.0000] c_true=[+0.0000,+0.0000] | Jxx_hat=0.01420 Jxx_true=0.01420 Jyz_hat=+0.00000 Jyz_true=+0.00000 | s_hat=[+0.0006,+0.0000] s_true=[+0.0000,+0.0000] kg·m
[INFO] [1788477939.601509453] [mhe_node]: [tau_phys] roll=+0.007 pitch=-0.048 Nm
[INFO] [1788477939.602102269] [mhe_node]: [mass-diag] m_est=2.0603 T=19.981N tilt=6.37deg cos=0.99382 | T/g=2.0368 T*cos/g=2.0242 | m_est-T*cos/g=+0.0361kg (+1.78%) vz=+0.113
[INFO] [1788477939.602672110] [mhe_node]: [c_xy_est] cx=+0.0001 cy=+0.0000 m
[INFO] [1788477941.598356883] [mhe_node]: MHE mass estimate: 2.059 kg (T_phys=20.22N) | solve=8.3ms (max15.8)
[INFO] [1788477941.598907228] [mhe_node]: [truth] m_hat=2.0591 m_true=2.0643 err=-0.25% | c_hat=[+0.0000,+0.0000] c_true=[+0.0000,+0.0000] | Jxx_hat=0.01420 Jxx_true=0.01420 Jyz_hat=+0.00000 Jyz_true=+0.00000 | s_hat=[-0.0010,+0.0001] s_true=[+0.0000,+0.0000] kg·m
[INFO] [1788477941.599424436] [mhe_node]: [tau_phys] roll=+0.001 pitch=+0.006 Nm
[INFO] [1788477941.600058435] [mhe_node]: [mass-diag] m_est=2.0591 T=20.219N tilt=2.36deg cos=0.99915 | T/g=2.0610 T*cos/g=2.0593 | m_est-T*cos/g=-0.0002kg (-0.01%) vz=+0.022
[INFO] [1788477941.600639974] [mhe_node]: [c_xy_est] cx=-0.0005 cy=+0.0000 m
[INFO] [1788477943.597416278] [mhe_node]: MHE mass estimate: 2.060 kg (T_phys=20.20N) | solve=6.9ms (max14.0)
[INFO] [1788477943.597962858] [mhe_node]: [truth] m_hat=2.0603 m_true=2.0643 err=-0.19% | c_hat=[+0.0000,+0.0000] c_true=[+0.0000,+0.0000] | Jxx_hat=0.01420 Jxx_true=0.01420 Jyz_hat=+0.00000 Jyz_true=+0.00000 | s_hat=[+0.0004,-0.0001] s_true=[+0.0000,+0.0000] kg·m
[INFO] [1788477943.598473530] [mhe_node]: [tau_phys] roll=+0.001 pitch=-0.002 Nm
[INFO] [1788477943.599064883] [mhe_node]: [mass-diag] m_est=2.0603 T=20.203N tilt=0.21deg cos=0.99999 | T/g=2.0594 T*cos/g=2.0594 | m_est-T*cos/g=+0.0009kg (+0.05%) vz=+0.009
[INFO] [1788477943.599651720] [mhe_node]: [c_xy_est] cx=+0.0002 cy=-0.0000 m
[INFO] [1788477945.292046883] [mhe_node]: [no-signal] mass mutation self-detected at frame 95: T_phys=18.09N vs baseline 20.08N (dev 1.99N > 1.5N over 2 frames, direction=DROP); de-weighting pre-event stages
[INFO] [1788477945.293197012] [mhe_node]: event transition started: pre-event stages de-weighted
[INFO] [1788477945.597444366] [mhe_node]: MHE mass estimate: 1.984 kg (T_phys=17.53N) | solve=4.6ms (max8.7)
[INFO] [1788477945.597993417] [mhe_node]: [truth] m_hat=1.9844 m_true=2.0643 err=-3.87% | c_hat=[+0.0000,+0.0000] c_true=[+0.0000,+0.0000] | Jxx_hat=0.01420 Jxx_true=0.01420 Jyz_hat=+0.00000 Jyz_true=+0.00000 | s_hat=[-0.0002,-0.0003] s_true=[+0.0000,+0.0000] kg·m
[INFO] [1788477945.598512858] [mhe_node]: [tau_phys] roll=-0.002 pitch=+0.000 Nm
[INFO] [1788477945.599101115] [mhe_node]: [mass-diag] m_est=1.9844 T=17.525N tilt=0.29deg cos=0.99999 | T/g=1.7865 T*cos/g=1.7864 | m_est-T*cos/g=+0.1980kg (+11.08%) vz=-0.481
[INFO] [1788477945.599679614] [mhe_node]: [c_xy_est] cx=-0.0001 cy=-0.0002 m
[INFO] [1788477947.192860268] [mhe_node]: event transition ended: nominal weights restored
[INFO] [1788477947.597582433] [mhe_node]: MHE mass estimate: 2.058 kg (T_phys=20.26N) | solve=4.5ms (max7.4)
[INFO] [1788477947.598131901] [mhe_node]: [truth] m_hat=2.0579 m_true=2.0643 err=-0.31% | c_hat=[+0.0000,+0.0000] c_true=[+0.0000,+0.0000] | Jxx_hat=0.01420 Jxx_true=0.01420 Jyz_hat=+0.00000 Jyz_true=+0.00000 | s_hat=[-0.0000,+0.0000] s_true=[+0.0000,+0.0000] kg·m
[INFO] [1788477947.598649980] [mhe_node]: [tau_phys] roll=+0.004 pitch=+0.002 Nm
[INFO] [1788477947.599236922] [mhe_node]: [mass-diag] m_est=2.0579 T=20.260N tilt=0.12deg cos=1.00000 | T/g=2.0652 T*cos/g=2.0652 | m_est-T*cos/g=-0.0073kg (-0.36%) vz=-0.043
[INFO] [1788477947.599822606] [mhe_node]: [c_xy_est] cx=-0.0000 cy=+0.0000 m
[INFO] [1788477949.291957071] [mhe_node]: [no-signal] baseline settled at 20.34N (quiet 20 frames); detector armed
[INFO] [1788477949.596508120] [mhe_node]: MHE mass estimate: 2.065 kg (T_phys=20.28N) | solve=5.0ms (max8.1)
[INFO] [1788477949.597066763] [mhe_node]: [truth] m_hat=2.0645 m_true=2.0643 err=+0.01% | c_hat=[+0.0000,+0.0000] c_true=[+0.0000,+0.0000] | Jxx_hat=0.01420 Jxx_true=0.01420 Jyz_hat=+0.00000 Jyz_true=+0.00000 | s_hat=[+0.0001,+0.0001] s_true=[+0.0000,+0.0000] kg·m
[INFO] [1788477949.597576988] [mhe_node]: [tau_phys] roll=-0.017 pitch=+0.021 Nm
[INFO] [1788477949.598156599] [mhe_node]: [mass-diag] m_est=2.0645 T=20.282N tilt=0.29deg cos=0.99999 | T/g=2.0675 T*cos/g=2.0675 | m_est-T*cos/g=-0.0029kg (-0.14%) vz=+0.011
[INFO] [1788477949.598726236] [mhe_node]: [c_xy_est] cx=+0.0001 cy=+0.0001 m
[INFO] [1788477951.636644101] [mhe_node]: MHE mass estimate: 1.961 kg (T_phys=19.67N) | solve=19.5ms (max43.8)
[INFO] [1788477951.637186850] [mhe_node]: [truth] m_hat=1.9611 m_true=2.0643 err=-5.00% | c_hat=[+0.0000,+0.0000] c_true=[+0.0000,+0.0000] | Jxx_hat=0.01420 Jxx_true=0.01420 Jyz_hat=+0.00000 Jyz_true=+0.00000 | s_hat=[-0.0068,+0.0124] s_true=[+0.0000,+0.0000] kg·m
[INFO] [1788477951.637703043] [mhe_node]: [tau_phys] roll=+0.207 pitch=-0.059 Nm
[INFO] [1788477951.638291798] [mhe_node]: [mass-diag] m_est=1.9611 T=19.670N tilt=0.57deg cos=0.99995 | T/g=2.0051 T*cos/g=2.0050 | m_est-T*cos/g=-0.0440kg (-2.19%) vz=+0.001
[INFO] [1788477951.638873862] [mhe_node]: [c_xy_est] cx=-0.0039 cy=+0.0060 m
[INFO] [1788477952.392040703] [mhe_node]: [no-signal] mass mutation self-detected at frame 166: T_phys=22.49N vs baseline 20.17N (dev 2.32N > 1.5N over 2 frames, direction=ATTACH); de-weighting pre-event stages
[INFO] [1788477952.392201149] [mhe_node]: [payload-state] EMPTY->LOADED (attach, m_p=-0.103kg)
[INFO] [1788477952.392915462] [mhe_node]: event transition started: pre-event stages de-weighted
[INFO] [1788477953.599616183] [mhe_node]: MHE mass estimate: 2.202 kg (T_phys=22.69N) | solve=18.5ms (max46.1)
[INFO] [1788477953.600187803] [mhe_node]: [truth] m_hat=2.2019 m_true=2.0643 err=+6.66% | c_hat=[+0.0000,+0.0000] c_true=[+0.0000,+0.0000] | Jxx_hat=0.01420 Jxx_true=0.01420 Jyz_hat=+0.00000 Jyz_true=+0.00000 | s_hat=[-0.0042,-0.0179] s_true=[+0.0000,+0.0000] kg·m
[INFO] [1788477953.600707524] [mhe_node]: [tau_phys] roll=-0.276 pitch=+0.053 Nm
[INFO] [1788477953.601292588] [mhe_node]: [mass-diag] m_est=2.2019 T=22.690N tilt=0.57deg cos=0.99995 | T/g=2.3130 T*cos/g=2.3128 | m_est-T*cos/g=-0.1110kg (-4.80%) vz=+0.573
[INFO] [1788477953.601870682] [mhe_node]: [c_xy_est] cx=-0.0019 cy=-0.0082 m
[INFO] [1788477954.292951485] [mhe_node]: event transition ended: nominal weights restored
[INFO] [1788477954.491989849] [mhe_node]: [c_xy_est] 质量域判据已武装(m_p=0.160kg 连续20帧高于水位)
[INFO] [1788477955.597475522] [mhe_node]: MHE mass estimate: 2.248 kg (T_phys=22.42N) | solve=6.1ms (max12.7)
[INFO] [1788477955.598048792] [mhe_node]: [truth] m_hat=2.2480 m_true=2.0643 err=+8.90% | c_hat=[+0.0000,+0.0000] c_true=[+0.0000,+0.0000] | Jxx_hat=0.01420 Jxx_true=0.01420 Jyz_hat=+0.00000 Jyz_true=+0.00000 | s_hat=[-0.0047,-0.0184] s_true=[+0.0000,+0.0000] kg·m
[INFO] [1788477955.598564171] [mhe_node]: [tau_phys] roll=-0.185 pitch=+0.049 Nm
[INFO] [1788477955.599150932] [mhe_node]: [mass-diag] m_est=2.2480 T=22.425N tilt=0.09deg cos=1.00000 | T/g=2.2859 T*cos/g=2.2859 | m_est-T*cos/g=-0.0379kg (-1.66%) vz=+1.180
[INFO] [1788477955.599734788] [mhe_node]: [c_xy_est] cx=-0.0021 cy=-0.0082 m
[INFO] [1788477957.596429530] [mhe_node]: MHE mass estimate: 2.240 kg (T_phys=21.09N) | solve=3.6ms (max4.5)
[INFO] [1788477957.596989485] [mhe_node]: [truth] m_hat=2.2403 m_true=2.0643 err=+8.53% | c_hat=[+0.0000,+0.0000] c_true=[+0.0000,+0.0000] | Jxx_hat=0.01420 Jxx_true=0.01420 Jyz_hat=+0.00000 Jyz_true=+0.00000 | s_hat=[-0.0045,-0.0184] s_true=[+0.0000,+0.0000] kg·m
[INFO] [1788477957.597507474] [mhe_node]: [tau_phys] roll=-0.168 pitch=+0.050 Nm
[INFO] [1788477957.598094429] [mhe_node]: [mass-diag] m_est=2.2403 T=21.087N tilt=0.37deg cos=0.99998 | T/g=2.1495 T*cos/g=2.1495 | m_est-T*cos/g=+0.0909kg (+4.23%) vz=+0.837
[INFO] [1788477957.598673669] [mhe_node]: [c_xy_est] cx=-0.0020 cy=-0.0082 m
[INFO] [1788477959.596460597] [mhe_node]: MHE mass estimate: 2.223 kg (T_phys=21.27N) | solve=3.9ms (max5.3)
[INFO] [1788477959.597023077] [mhe_node]: [truth] m_hat=2.2231 m_true=2.0643 err=+7.69% | c_hat=[+0.0000,+0.0000] c_true=[+0.0000,+0.0000] | Jxx_hat=0.01420 Jxx_true=0.01420 Jyz_hat=+0.00000 Jyz_true=+0.00000 | s_hat=[-0.0046,-0.0180] s_true=[+0.0000,+0.0000] kg·m
[INFO] [1788477959.597541342] [mhe_node]: [tau_phys] roll=-0.179 pitch=+0.045 Nm
[INFO] [1788477959.598128558] [mhe_node]: [mass-diag] m_est=2.2231 T=21.274N tilt=0.19deg cos=0.99999 | T/g=2.1686 T*cos/g=2.1686 | m_est-T*cos/g=+0.0545kg (+2.51%) vz=+0.105
[INFO] [1788477959.598705574] [mhe_node]: [c_xy_est] cx=-0.0020 cy=-0.0081 m
[INFO] [1788477960.992149344] [mhe_node]: [no-signal] baseline settled at 21.60N (quiet 20 frames); detector armed
[INFO] [1788477961.596457082] [mhe_node]: MHE mass estimate: 2.212 kg (T_phys=21.68N) | solve=3.6ms (max7.4)
[INFO] [1788477961.597024929] [mhe_node]: [truth] m_hat=2.2123 m_true=2.0643 err=+7.17% | c_hat=[+0.0000,+0.0000] c_true=[+0.0000,+0.0000] | Jxx_hat=0.01420 Jxx_true=0.01420 Jyz_hat=+0.00000 Jyz_true=+0.00000 | s_hat=[-0.0045,-0.0181] s_true=[+0.0000,+0.0000] kg·m
[INFO] [1788477961.597542268] [mhe_node]: [tau_phys] roll=-0.180 pitch=+0.050 Nm
[INFO] [1788477961.598128650] [mhe_node]: [mass-diag] m_est=2.2123 T=21.683N tilt=0.05deg cos=1.00000 | T/g=2.2103 T*cos/g=2.2103 | m_est-T*cos/g=+0.0020kg (+0.09%) vz=+0.007
[INFO] [1788477961.598710400] [mhe_node]: [c_xy_est] cx=-0.0020 cy=-0.0082 m
[INFO] [1788477963.596647212] [mhe_node]: MHE mass estimate: 2.210 kg (T_phys=21.65N) | solve=3.6ms (max5.4)
[INFO] [1788477963.597209559] [mhe_node]: [truth] m_hat=2.2098 m_true=2.0643 err=+7.05% | c_hat=[+0.0000,+0.0000] c_true=[+0.0000,+0.0000] | Jxx_hat=0.01420 Jxx_true=0.01420 Jyz_hat=+0.00000 Jyz_true=+0.00000 | s_hat=[-0.0044,-0.0181] s_true=[+0.0000,+0.0000] kg·m
[INFO] [1788477963.597738097] [mhe_node]: [tau_phys] roll=-0.172 pitch=+0.046 Nm
[INFO] [1788477963.598321569] [mhe_node]: [mass-diag] m_est=2.2098 T=21.647N tilt=0.26deg cos=0.99999 | T/g=2.2066 T*cos/g=2.2066 | m_est-T*cos/g=+0.0032kg (+0.14%) vz=-0.010
[INFO] [1788477963.598899426] [mhe_node]: [c_xy_est] cx=-0.0020 cy=-0.0082 m
[INFO] [1788477965.602430698] [mhe_node]: MHE mass estimate: 2.201 kg (T_phys=21.76N) | solve=6.6ms (max14.6)
[INFO] [1788477965.603118913] [mhe_node]: [truth] m_hat=2.2010 m_true=2.0643 err=+6.62% | c_hat=[+0.0000,+0.0000] c_true=[+0.0000,+0.0000] | Jxx_hat=0.01420 Jxx_true=0.01420 Jyz_hat=+0.00000 Jyz_true=+0.00000 | s_hat=[-0.0069,-0.0176] s_true=[+0.0000,+0.0000] kg·m
[INFO] [1788477965.603642976] [mhe_node]: [tau_phys] roll=-0.180 pitch=+0.088 Nm
[INFO] [1788477965.604228356] [mhe_node]: [mass-diag] m_est=2.2010 T=21.759N tilt=1.08deg cos=0.99982 | T/g=2.2181 T*cos/g=2.2177 | m_est-T*cos/g=-0.0166kg (-0.75%) vz=-0.012
[INFO] [1788477965.604809085] [mhe_node]: [c_xy_est] cx=-0.0031 cy=-0.0080 m
[INFO] [1788477967.611945056] [mhe_node]: MHE mass estimate: 2.192 kg (T_phys=21.65N) | solve=9.7ms (max19.1)
[INFO] [1788477967.612506899] [mhe_node]: [truth] m_hat=2.1924 m_true=2.0643 err=+6.21% | c_hat=[+0.0000,+0.0000] c_true=[+0.0000,+0.0000] | Jxx_hat=0.01420 Jxx_true=0.01420 Jyz_hat=+0.00000 Jyz_true=+0.00000 | s_hat=[-0.0135,-0.0170] s_true=[+0.0000,+0.0000] kg·m
[INFO] [1788477967.613029219] [mhe_node]: [tau_phys] roll=-0.180 pitch=+0.173 Nm
[INFO] [1788477967.613611838] [mhe_node]: [mass-diag] m_est=2.1924 T=21.646N tilt=4.81deg cos=0.99648 | T/g=2.2066 T*cos/g=2.1988 | m_est-T*cos/g=-0.0064kg (-0.29%) vz=+0.071
[INFO] [1788477967.614193055] [mhe_node]: [c_xy_est] cx=-0.0056 cy=-0.0078 m
[INFO] [1788477969.599597799] [mhe_node]: MHE mass estimate: 2.191 kg (T_phys=21.71N) | solve=7.8ms (max12.6)
[INFO] [1788477969.600161173] [mhe_node]: [truth] m_hat=2.1908 m_true=2.0643 err=+6.13% | c_hat=[+0.0000,+0.0000] c_true=[+0.0000,+0.0000] | Jxx_hat=0.01420 Jxx_true=0.01420 Jyz_hat=+0.00000 Jyz_true=+0.00000 | s_hat=[-0.0282,-0.0168] s_true=[+0.0000,+0.0000] kg·m
[INFO] [1788477969.600677710] [mhe_node]: [tau_phys] roll=-0.163 pitch=+0.213 Nm
[INFO] [1788477969.601263916] [mhe_node]: [mass-diag] m_est=2.1908 T=21.710N tilt=2.94deg cos=0.99869 | T/g=2.2130 T*cos/g=2.2101 | m_est-T*cos/g=-0.0193kg (-0.87%) vz=+0.150
[INFO] [1788477969.601892323] [mhe_node]: [c_xy_est] cx=-0.0126 cy=-0.0077 m
[INFO] [1788477971.599269069] [mhe_node]: MHE mass estimate: 2.196 kg (T_phys=21.58N) | solve=6.9ms (max11.7)
[INFO] [1788477971.599844521] [mhe_node]: [truth] m_hat=2.1957 m_true=2.0643 err=+6.37% | c_hat=[+0.0000,+0.0000] c_true=[+0.0000,+0.0000] | Jxx_hat=0.01420 Jxx_true=0.01420 Jyz_hat=+0.00000 Jyz_true=+0.00000 | s_hat=[-0.0261,-0.0171] s_true=[+0.0000,+0.0000] kg·m
[INFO] [1788477971.600365531] [mhe_node]: [tau_phys] roll=-0.168 pitch=+0.159 Nm
[INFO] [1788477971.600955754] [mhe_node]: [mass-diag] m_est=2.1957 T=21.579N tilt=4.45deg cos=0.99699 | T/g=2.1997 T*cos/g=2.1930 | m_est-T*cos/g=+0.0027kg (+0.12%) vz=+0.128
[INFO] [1788477971.601535057] [mhe_node]: [c_xy_est] cx=-0.0120 cy=-0.0078 m
[INFO] [1788477973.599476506] [mhe_node]: MHE mass estimate: 2.199 kg (T_phys=21.52N) | solve=9.5ms (max15.7)
[INFO] [1788477973.600039011] [mhe_node]: [truth] m_hat=2.1986 m_true=2.0643 err=+6.51% | c_hat=[+0.0000,+0.0000] c_true=[+0.0000,+0.0000] | Jxx_hat=0.01420 Jxx_true=0.01420 Jyz_hat=+0.00000 Jyz_true=+0.00000 | s_hat=[-0.0178,-0.0168] s_true=[+0.0000,+0.0000] kg·m
[INFO] [1788477973.600552694] [mhe_node]: [tau_phys] roll=-0.180 pitch=+0.237 Nm
[INFO] [1788477973.601139375] [mhe_node]: [mass-diag] m_est=2.1986 T=21.522N tilt=3.25deg cos=0.99839 | T/g=2.1939 T*cos/g=2.1904 | m_est-T*cos/g=+0.0082kg (+0.38%) vz=+0.034
[INFO] [1788477973.601725247] [mhe_node]: [c_xy_est] cx=-0.0081 cy=-0.0077 m
[INFO] [1788477975.598345092] [mhe_node]: MHE mass estimate: 2.198 kg (T_phys=21.51N) | solve=5.9ms (max8.5)
[INFO] [1788477975.598907265] [mhe_node]: [truth] m_hat=2.1984 m_true=2.0643 err=+6.49% | c_hat=[+0.0000,+0.0000] c_true=[+0.0000,+0.0000] | Jxx_hat=0.01420 Jxx_true=0.01420 Jyz_hat=+0.00000 Jyz_true=+0.00000 | s_hat=[-0.0201,-0.0165] s_true=[+0.0000,+0.0000] kg·m
[INFO] [1788477975.599429409] [mhe_node]: [tau_phys] roll=-0.163 pitch=+0.314 Nm
[INFO] [1788477975.600016705] [mhe_node]: [mass-diag] m_est=2.1984 T=21.506N tilt=1.77deg cos=0.99952 | T/g=2.1923 T*cos/g=2.1912 | m_est-T*cos/g=+0.0071kg (+0.33%) vz=-0.000
[INFO] [1788477975.600595337] [mhe_node]: [c_xy_est] cx=-0.0092 cy=-0.0075 m
[INFO] [1788477977.598529955] [mhe_node]: MHE mass estimate: 2.197 kg (T_phys=21.57N) | solve=5.7ms (max9.8)
[INFO] [1788477977.599092830] [mhe_node]: [truth] m_hat=2.1966 m_true=2.0643 err=+6.41% | c_hat=[+0.0000,+0.0000] c_true=[+0.0000,+0.0000] | Jxx_hat=0.01420 Jxx_true=0.01420 Jyz_hat=+0.00000 Jyz_true=+0.00000 | s_hat=[-0.0202,-0.0170] s_true=[+0.0000,+0.0000] kg·m
[INFO] [1788477977.599610204] [mhe_node]: [tau_phys] roll=-0.171 pitch=+0.084 Nm
[INFO] [1788477977.600190568] [mhe_node]: [mass-diag] m_est=2.1966 T=21.567N tilt=1.24deg cos=0.99976 | T/g=2.1985 T*cos/g=2.1980 | m_est-T*cos/g=-0.0013kg (-0.06%) vz=-0.041
[INFO] [1788477977.600768524] [mhe_node]: [c_xy_est] cx=-0.0093 cy=-0.0077 m
[INFO] [1788477979.598484813] [mhe_node]: MHE mass estimate: 2.200 kg (T_phys=21.63N) | solve=6.4ms (max9.5)
[INFO] [1788477979.599046243] [mhe_node]: [truth] m_hat=2.2002 m_true=2.0643 err=+6.59% | c_hat=[+0.0000,+0.0000] c_true=[+0.0000,+0.0000] | Jxx_hat=0.01420 Jxx_true=0.01420 Jyz_hat=+0.00000 Jyz_true=+0.00000 | s_hat=[-0.0162,-0.0173] s_true=[+0.0000,+0.0000] kg·m
[INFO] [1788477979.599565483] [mhe_node]: [tau_phys] roll=-0.167 pitch=+0.122 Nm
[INFO] [1788477979.600155785] [mhe_node]: [mass-diag] m_est=2.2002 T=21.629N tilt=2.34deg cos=0.99917 | T/g=2.2048 T*cos/g=2.2030 | m_est-T*cos/g=-0.0028kg (-0.12%) vz=-0.064
[INFO] [1788477979.600738430] [mhe_node]: [c_xy_est] cx=-0.0074 cy=-0.0079 m
[INFO] [1788477981.596555037] [mhe_node]: MHE mass estimate: 2.200 kg (T_phys=21.57N) | solve=5.4ms (max12.8)
[INFO] [1788477981.596965824] [mhe_node]: [truth] m_hat=2.2001 m_true=2.0643 err=+6.58% | c_hat=[+0.0000,+0.0000] c_true=[+0.0000,+0.0000] | Jxx_hat=0.01420 Jxx_true=0.01420 Jyz_hat=+0.00000 Jyz_true=+0.00000 | s_hat=[-0.0159,-0.0170] s_true=[+0.0000,+0.0000] kg·m
[INFO] [1788477981.597331239] [mhe_node]: [tau_phys] roll=-0.163 pitch=+0.139 Nm
[INFO] [1788477981.597745666] [mhe_node]: [mass-diag] m_est=2.2001 T=21.573N tilt=2.67deg cos=0.99892 | T/g=2.1991 T*cos/g=2.1967 | m_est-T*cos/g=+0.0034kg (+0.16%) vz=-0.086
[INFO] [1788477981.598148447] [mhe_node]: [c_xy_est] cx=-0.0071 cy=-0.0077 m
[INFO] [1788477983.598324001] [mhe_node]: MHE mass estimate: 2.195 kg (T_phys=21.60N) | solve=5.8ms (max9.8)
[INFO] [1788477983.599024723] [mhe_node]: [truth] m_hat=2.1945 m_true=2.0643 err=+6.31% | c_hat=[+0.0000,+0.0000] c_true=[+0.0000,+0.0000] | Jxx_hat=0.01420 Jxx_true=0.01420 Jyz_hat=+0.00000 Jyz_true=+0.00000 | s_hat=[-0.0212,-0.0171] s_true=[+0.0000,+0.0000] kg·m
[INFO] [1788477983.599546992] [mhe_node]: [tau_phys] roll=-0.159 pitch=+0.262 Nm
[INFO] [1788477983.600158222] [mhe_node]: [mass-diag] m_est=2.1945 T=21.599N tilt=2.76deg cos=0.99884 | T/g=2.2017 T*cos/g=2.1992 | m_est-T*cos/g=-0.0046kg (-0.21%) vz=-0.093
[INFO] [1788477983.600742101] [mhe_node]: [c_xy_est] cx=-0.0095 cy=-0.0078 m
[INFO] [1788477985.596489375] [mhe_node]: MHE mass estimate: 2.188 kg (T_phys=21.41N) | solve=6.1ms (max10.7)
[INFO] [1788477985.596901599] [mhe_node]: [truth] m_hat=2.1883 m_true=2.0643 err=+6.01% | c_hat=[+0.0000,+0.0000] c_true=[+0.0000,+0.0000] | Jxx_hat=0.01420 Jxx_true=0.01420 Jyz_hat=+0.00000 Jyz_true=+0.00000 | s_hat=[-0.0281,-0.0170] s_true=[+0.0000,+0.0000] kg·m
[INFO] [1788477985.597270997] [mhe_node]: [tau_phys] roll=-0.171 pitch=+0.200 Nm
[INFO] [1788477985.597689338] [mhe_node]: [mass-diag] m_est=2.1883 T=21.414N tilt=2.52deg cos=0.99904 | T/g=2.1829 T*cos/g=2.1808 | m_est-T*cos/g=+0.0075kg (+0.34%) vz=-0.117
[INFO] [1788477985.598105905] [mhe_node]: [c_xy_est] cx=-0.0127 cy=-0.0078 m
[INFO] [1788477987.598379636] [mhe_node]: MHE mass estimate: 2.190 kg (T_phys=21.53N) | solve=5.2ms (max7.6)
[INFO] [1788477987.598949479] [mhe_node]: [truth] m_hat=2.1898 m_true=2.0643 err=+6.08% | c_hat=[+0.0000,+0.0000] c_true=[+0.0000,+0.0000] | Jxx_hat=0.01420 Jxx_true=0.01420 Jyz_hat=+0.00000 Jyz_true=+0.00000 | s_hat=[-0.0296,-0.0173] s_true=[+0.0000,+0.0000] kg·m
[INFO] [1788477987.599465534] [mhe_node]: [tau_phys] roll=-0.180 pitch=+0.216 Nm
[INFO] [1788477987.600048106] [mhe_node]: [mass-diag] m_est=2.1898 T=21.525N tilt=0.97deg cos=0.99986 | T/g=2.1942 T*cos/g=2.1939 | m_est-T*cos/g=-0.0041kg (-0.19%) vz=-0.123
[INFO] [1788477987.600620457] [mhe_node]: [c_xy_est] cx=-0.0135 cy=-0.0079 m
[INFO] [1788477989.608997243] [mhe_node]: MHE mass estimate: 2.192 kg (T_phys=21.55N) | solve=7.5ms (max16.1)
[INFO] [1788477989.609563653] [mhe_node]: [truth] m_hat=2.1917 m_true=2.0643 err=+6.17% | c_hat=[+0.0000,+0.0000] c_true=[+0.0000,+0.0000] | Jxx_hat=0.01420 Jxx_true=0.01420 Jyz_hat=+0.00000 Jyz_true=+0.00000 | s_hat=[-0.0263,-0.0176] s_true=[+0.0000,+0.0000] kg·m
[INFO] [1788477989.610088314] [mhe_node]: [tau_phys] roll=-0.175 pitch=+0.208 Nm
[INFO] [1788477989.610673377] [mhe_node]: [mass-diag] m_est=2.1917 T=21.546N tilt=0.82deg cos=0.99990 | T/g=2.1963 T*cos/g=2.1961 | m_est-T*cos/g=-0.0044kg (-0.20%) vz=-0.113
[INFO] [1788477989.611257154] [mhe_node]: [c_xy_est] cx=-0.0121 cy=-0.0080 m
[INFO] [1788477991.598028879] [mhe_node]: MHE mass estimate: 2.199 kg (T_phys=21.67N) | solve=7.6ms (max14.9)
[INFO] [1788477991.598436300] [mhe_node]: [truth] m_hat=2.1992 m_true=2.0643 err=+6.53% | c_hat=[+0.0000,+0.0000] c_true=[+0.0000,+0.0000] | Jxx_hat=0.01420 Jxx_true=0.01420 Jyz_hat=+0.00000 Jyz_true=+0.00000 | s_hat=[-0.0211,-0.0182] s_true=[+0.0000,+0.0000] kg·m
[INFO] [1788477991.598806831] [mhe_node]: [tau_phys] roll=-0.193 pitch=+0.117 Nm
[INFO] [1788477991.599227760] [mhe_node]: [mass-diag] m_est=2.1992 T=21.665N tilt=1.90deg cos=0.99945 | T/g=2.2085 T*cos/g=2.2073 | m_est-T*cos/g=-0.0081kg (-0.37%) vz=-0.078
[INFO] [1788477991.599636650] [mhe_node]: [c_xy_est] cx=-0.0097 cy=-0.0083 m
[INFO] [1788477993.600700128] [mhe_node]: MHE mass estimate: 2.200 kg (T_phys=21.66N) | solve=6.6ms (max13.8)
[INFO] [1788477993.601268133] [mhe_node]: [truth] m_hat=2.2001 m_true=2.0643 err=+6.58% | c_hat=[+0.0000,+0.0000] c_true=[+0.0000,+0.0000] | Jxx_hat=0.01420 Jxx_true=0.01420 Jyz_hat=+0.00000 Jyz_true=+0.00000 | s_hat=[-0.0173,-0.0183] s_true=[+0.0000,+0.0000] kg·m
[INFO] [1788477993.601787437] [mhe_node]: [tau_phys] roll=-0.169 pitch=+0.082 Nm
[INFO] [1788477993.602373076] [mhe_node]: [mass-diag] m_est=2.2001 T=21.656N tilt=2.68deg cos=0.99890 | T/g=2.2076 T*cos/g=2.2052 | m_est-T*cos/g=-0.0051kg (-0.23%) vz=-0.067
[INFO] [1788477993.602952093] [mhe_node]: [c_xy_est] cx=-0.0079 cy=-0.0083 m
[INFO] [1788477995.596479087] [mhe_node]: MHE mass estimate: 2.199 kg (T_phys=21.65N) | solve=4.8ms (max6.2)
[INFO] [1788477995.596899481] [mhe_node]: [truth] m_hat=2.1989 m_true=2.0643 err=+6.52% | c_hat=[+0.0000,+0.0000] c_true=[+0.0000,+0.0000] | Jxx_hat=0.01420 Jxx_true=0.01420 Jyz_hat=+0.00000 Jyz_true=+0.00000 | s_hat=[-0.0191,-0.0182] s_true=[+0.0000,+0.0000] kg·m
[INFO] [1788477995.597261009] [mhe_node]: [tau_phys] roll=-0.177 pitch=+0.171 Nm
[INFO] [1788477995.597677784] [mhe_node]: [mass-diag] m_est=2.1989 T=21.653N tilt=2.14deg cos=0.99930 | T/g=2.2072 T*cos/g=2.2057 | m_est-T*cos/g=-0.0067kg (-0.31%) vz=-0.031
[INFO] [1788477995.598084402] [mhe_node]: [c_xy_est] cx=-0.0086 cy=-0.0083 m
[INFO] [1788477997.597576176] [mhe_node]: MHE mass estimate: 2.197 kg (T_phys=21.51N) | solve=4.7ms (max5.5)
[INFO] [1788477997.598138793] [mhe_node]: [truth] m_hat=2.1972 m_true=2.0643 err=+6.44% | c_hat=[+0.0000,+0.0000] c_true=[+0.0000,+0.0000] | Jxx_hat=0.01420 Jxx_true=0.01420 Jyz_hat=+0.00000 Jyz_true=+0.00000 | s_hat=[-0.0221,-0.0179] s_true=[+0.0000,+0.0000] kg·m
[INFO] [1788477997.598657772] [mhe_node]: [tau_phys] roll=-0.169 pitch=+0.117 Nm
[INFO] [1788477997.599243690] [mhe_node]: [mass-diag] m_est=2.1972 T=21.515N tilt=1.47deg cos=0.99967 | T/g=2.1931 T*cos/g=2.1924 | m_est-T*cos/g=+0.0047kg (+0.22%) vz=-0.011
[INFO] [1788477997.599834643] [mhe_node]: [c_xy_est] cx=-0.0100 cy=-0.0082 m
[INFO] [1788477998.192299665] [mhe_node]: [no-signal] mass mutation self-detected at frame 624: T_phys=19.46N vs baseline 21.56N (dev 2.10N > 1.5N over 2 frames, direction=DROP); de-weighting pre-event stages
[INFO] [1788477998.192508331] [mhe_node]: [payload-state] LOADED->EMPTY (drop, m_p=+0.127kg)
[INFO] [1788477998.192700888] [mhe_node]: [c_xy_est] 载荷释放(no-signal residual) → 在线偏心估计归零(重新播种)
[INFO] [1788477998.192972838] [mhe_node]: [no-signal] → 自主释放载荷几何(无外部 drop 信号)
[INFO] [1788477998.194018977] [mhe_node]: event transition started: pre-event stages de-weighted
[INFO] [1788477998.199953442] [mhe_node]: [s-decay] n=1 |s_est|=0.02669 |s_target|=0.00000 |s_out|=0.01879 d_s_out=-0.00924 conf=0.000 present=0 armed=0 latched=1 health=1
[INFO] [1788477998.351035072] [mhe_node]: [s-decay] n=2 |s_est|=0.03155 |s_target|=0.00000 |s_out|=0.01260 d_s_out=-0.00620 conf=0.000 present=0 armed=0 latched=1 health=1
[INFO] [1788477998.462463109] [mhe_node]: [s-decay] n=3 |s_est|=0.01067 |s_target|=0.00000 |s_out|=0.00844 d_s_out=-0.00415 conf=0.000 present=0 armed=0 latched=1 health=1
[INFO] [1788477998.514270507] [mhe_node]: [s-decay] n=4 |s_est|=0.01066 |s_target|=0.00000 |s_out|=0.00566 d_s_out=-0.00278 conf=0.001 present=0 armed=0 latched=1 health=1
[INFO] [1788477998.670597424] [mhe_node]: [s-decay] n=5 |s_est|=0.01443 |s_target|=0.00000 |s_out|=0.00379 d_s_out=-0.00187 conf=0.091 present=0 armed=0 latched=1 health=1
[INFO] [1788477998.724535719] [mhe_node]: [s-decay] n=6 |s_est|=0.01427 |s_target|=0.00000 |s_out|=0.00254 d_s_out=-0.00125 conf=0.318 present=0 armed=0 latched=1 health=1
[INFO] [1788477998.825018269] [mhe_node]: [s-decay] n=7 |s_est|=0.01560 |s_target|=0.00000 |s_out|=0.00170 d_s_out=-0.00084 conf=0.539 present=0 armed=0 latched=1 health=1
[INFO] [1788477998.912235245] [mhe_node]: [s-decay] n=8 |s_est|=0.01579 |s_target|=0.00000 |s_out|=0.00114 d_s_out=-0.00056 conf=0.691 present=0 armed=0 latched=1 health=1
[INFO] [1788477999.015633432] [mhe_node]: [s-decay] n=9 |s_est|=0.01596 |s_target|=0.00000 |s_out|=0.00077 d_s_out=-0.00038 conf=0.793 present=0 armed=0 latched=1 health=1
[INFO] [1788477999.115226877] [mhe_node]: [s-decay] n=10 |s_est|=0.01582 |s_target|=0.00000 |s_out|=0.00051 d_s_out=-0.00025 conf=0.861 present=0 armed=0 latched=1 health=1
[INFO] [1788477999.207698766] [mhe_node]: [s-decay] n=11 |s_est|=0.01542 |s_target|=0.00000 |s_out|=0.00034 d_s_out=-0.00017 conf=0.907 present=0 armed=0 latched=1 health=1
[INFO] [1788477999.309610024] [mhe_node]: [s-decay] n=12 |s_est|=0.01504 |s_target|=0.00000 |s_out|=0.00023 d_s_out=-0.00011 conf=0.938 present=0 armed=0 latched=1 health=1
[INFO] [1788477999.403354620] [mhe_node]: [s-decay] n=13 |s_est|=0.01464 |s_target|=0.00000 |s_out|=0.00015 d_s_out=-0.00008 conf=0.958 present=0 armed=0 latched=1 health=1
[INFO] [1788477999.503901412] [mhe_node]: [s-decay] n=14 |s_est|=0.01426 |s_target|=0.00000 |s_out|=0.00010 d_s_out=-0.00005 conf=0.972 present=0 armed=0 latched=1 health=1
[INFO] [1788477999.606325409] [mhe_node]: MHE mass estimate: 2.056 kg (T_phys=20.08N) | solve=22.5ms (max77.6)
[INFO] [1788477999.606864044] [mhe_node]: [truth] m_hat=2.0558 m_true=2.0643 err=-0.41% | c_hat=[+0.0000,+0.0000] c_true=[+0.0000,+0.0000] | Jxx_hat=0.01420 Jxx_true=0.01420 Jyz_hat=+0.00000 Jyz_true=+0.00000 | s_hat=[-0.0139,+0.0009] s_true=[+0.0000,+0.0000] kg·m
[INFO] [1788477999.607380868] [mhe_node]: [tau_phys] roll=+0.004 pitch=+0.085 Nm
[INFO] [1788477999.607971616] [mhe_node]: [mass-diag] m_est=2.0558 T=20.084N tilt=1.20deg cos=0.99978 | T/g=2.0473 T*cos/g=2.0469 | m_est-T*cos/g=+0.0089kg (+0.44%) vz=+0.075
[INFO] [1788477999.608546141] [mhe_node]: [c_xy_est] cx=-0.0069 cy=+0.0004 m
[INFO] [1788477999.608908187] [mhe_node]: [s-decay] n=15 |s_est|=0.01389 |s_target|=0.00000 |s_out|=0.00007 d_s_out=-0.00003 conf=0.981 present=0 armed=0 latched=1 health=1
[INFO] [1788477999.706167749] [mhe_node]: [s-decay] n=16 |s_est|=0.01352 |s_target|=0.00000 |s_out|=0.00005 d_s_out=-0.00002 conf=0.987 present=0 armed=0 latched=1 health=1
[INFO] [1788477999.805095988] [mhe_node]: [s-decay] n=17 |s_est|=0.01320 |s_target|=0.00000 |s_out|=0.00003 d_s_out=-0.00002 conf=0.992 present=0 armed=0 latched=1 health=1
[INFO] [1788477999.907162612] [mhe_node]: [s-decay] n=18 |s_est|=0.01291 |s_target|=0.00000 |s_out|=0.00002 d_s_out=-0.00001 conf=0.994 present=0 armed=0 latched=1 health=1
[INFO] [1788478000.017637203] [mhe_node]: [s-decay] n=19 |s_est|=0.01267 |s_target|=0.00000 |s_out|=0.00001 d_s_out=-0.00001 conf=0.996 present=0 armed=0 latched=1 health=1
[INFO] [1788478000.092759092] [mhe_node]: event transition ended: nominal weights restored
[INFO] [1788478000.105033454] [mhe_node]: [s-decay] n=20 |s_est|=0.01245 |s_target|=0.00000 |s_out|=0.00001 d_s_out=-0.00000 conf=0.997 present=0 armed=0 latched=1 health=1
[INFO] [1788478000.202398624] [mhe_node]: [s-decay] n=21 |s_est|=0.01206 |s_target|=0.00000 |s_out|=0.00001 d_s_out=-0.00000 conf=0.998 present=0 armed=0 latched=1 health=1
[INFO] [1788478000.304730647] [mhe_node]: [s-decay] n=22 |s_est|=0.01152 |s_target|=0.00000 |s_out|=0.00000 d_s_out=-0.00000 conf=0.999 present=0 armed=0 latched=1 health=1
[INFO] [1788478000.405950735] [mhe_node]: [s-decay] n=23 |s_est|=0.01122 |s_target|=0.00000 |s_out|=0.00000 d_s_out=-0.00000 conf=0.999 present=0 armed=0 latched=1 health=1
[INFO] [1788478000.500495382] [mhe_node]: [s-decay] n=24 |s_est|=0.01070 |s_target|=0.00000 |s_out|=0.00000 d_s_out=-0.00000 conf=0.999 present=0 armed=0 latched=1 health=1
[INFO] [1788478000.600569856] [mhe_node]: [s-decay] n=25 |s_est|=0.01050 |s_target|=0.00000 |s_out|=0.00000 d_s_out=-0.00000 conf=1.000 present=0 armed=0 latched=1 health=1
[INFO] [1788478000.702758396] [mhe_node]: [s-decay] n=26 |s_est|=0.01008 |s_target|=0.00000 |s_out|=0.00000 d_s_out=-0.00000 conf=1.000 present=0 armed=0 latched=1 health=1
[INFO] [1788478000.800519660] [mhe_node]: [s-decay] n=27 |s_est|=0.00989 |s_target|=0.00000 |s_out|=0.00000 d_s_out=-0.00000 conf=1.000 present=0 armed=0 latched=1 health=1
[INFO] [1788478000.899574673] [mhe_node]: [s-decay] n=28 |s_est|=0.00965 |s_target|=0.00000 |s_out|=0.00000 d_s_out=-0.00000 conf=1.000 present=0 armed=0 latched=1 health=1
[INFO] [1788478000.999547072] [mhe_node]: [s-decay] n=29 |s_est|=0.00949 |s_target|=0.00000 |s_out|=0.00000 d_s_out=-0.00000 conf=1.000 present=0 armed=0 latched=1 health=1
[INFO] [1788478001.100610626] [mhe_node]: [s-decay] n=30 |s_est|=0.00936 |s_target|=0.00000 |s_out|=0.00000 d_s_out=-0.00000 conf=1.000 present=0 armed=0 latched=1 health=1
[INFO] [1788478001.198650362] [mhe_node]: [s-decay] n=31 |s_est|=0.00921 |s_target|=0.00000 |s_out|=0.00000 d_s_out=-0.00000 conf=1.000 present=0 armed=0 latched=1 health=1
[INFO] [1788478001.306535412] [mhe_node]: [s-decay] n=32 |s_est|=0.00909 |s_target|=0.00000 |s_out|=0.00000 d_s_out=-0.00000 conf=1.000 present=0 armed=0 latched=1 health=1
[INFO] [1788478001.402008599] [mhe_node]: [s-decay] n=33 |s_est|=0.00897 |s_target|=0.00000 |s_out|=0.00000 d_s_out=-0.00000 conf=1.000 present=0 armed=0 latched=1 health=1
[INFO] [1788478001.500870957] [mhe_node]: [s-decay] n=34 |s_est|=0.00884 |s_target|=0.00000 |s_out|=0.00000 d_s_out=-0.00000 conf=1.000 present=0 armed=0 latched=1 health=1
[INFO] [1788478001.599679150] [mhe_node]: MHE mass estimate: 2.057 kg (T_phys=20.20N) | solve=10.4ms (max24.4)
[INFO] [1788478001.600342328] [mhe_node]: [truth] m_hat=2.0566 m_true=2.0643 err=-0.37% | c_hat=[+0.0000,+0.0000] c_true=[+0.0000,+0.0000] | Jxx_hat=0.01420 Jxx_true=0.01420 Jyz_hat=+0.00000 Jyz_true=+0.00000 | s_hat=[-0.0087,+0.0001] s_true=[+0.0000,+0.0000] kg·m
[INFO] [1788478001.600862907] [mhe_node]: [tau_phys] roll=-0.006 pitch=+0.074 Nm
[INFO] [1788478001.601440648] [mhe_node]: [mass-diag] m_est=2.0566 T=20.198N tilt=2.27deg cos=0.99922 | T/g=2.0589 T*cos/g=2.0573 | m_est-T*cos/g=-0.0007kg (-0.03%) vz=+0.049
[INFO] [1788478001.602014126] [mhe_node]: [c_xy_est] cx=-0.0043 cy=+0.0001 m
[INFO] [1788478001.602384274] [mhe_node]: [s-decay] n=35 |s_est|=0.00872 |s_target|=0.00000 |s_out|=0.00000 d_s_out=-0.00000 conf=1.000 present=0 armed=0 latched=1 health=1
[INFO] [1788478001.705004021] [mhe_node]: [s-decay] n=36 |s_est|=0.00858 |s_target|=0.00000 |s_out|=0.00000 d_s_out=-0.00000 conf=1.000 present=0 armed=0 latched=1 health=1
[INFO] [1788478001.800785538] [mhe_node]: [s-decay] n=37 |s_est|=0.00846 |s_target|=0.00000 |s_out|=0.00000 d_s_out=-0.00000 conf=1.000 present=0 armed=0 latched=1 health=1
[INFO] [1788478001.901721209] [mhe_node]: [s-decay] n=38 |s_est|=0.00834 |s_target|=0.00000 |s_out|=0.00000 d_s_out=-0.00000 conf=1.000 present=0 armed=0 latched=1 health=1
[INFO] [1788478001.998483957] [mhe_node]: [s-decay] n=39 |s_est|=0.00825 |s_target|=0.00000 |s_out|=0.00000 d_s_out=-0.00000 conf=1.000 present=0 armed=0 latched=1 health=1
[INFO] [1788478002.099725789] [mhe_node]: [s-decay] n=40 |s_est|=0.00816 |s_target|=0.00000 |s_out|=0.00000 d_s_out=-0.00000 conf=1.000 present=0 armed=0 latched=1 health=1
[INFO] [1788478002.192039564] [mhe_node]: [no-signal] baseline settled at 20.21N (quiet 20 frames); detector armed
[INFO] [1788478002.201384756] [mhe_node]: [s-decay] n=41 |s_est|=0.00809 |s_target|=0.00000 |s_out|=0.00000 d_s_out=-0.00000 conf=1.000 present=0 armed=0 latched=1 health=1
[INFO] [1788478002.298640605] [mhe_node]: [s-decay] n=42 |s_est|=0.00803 |s_target|=0.00000 |s_out|=0.00000 d_s_out=-0.00000 conf=1.000 present=0 armed=0 latched=1 health=1
[INFO] [1788478002.398812242] [mhe_node]: [s-decay] n=43 |s_est|=0.00799 |s_target|=0.00000 |s_out|=0.00000 d_s_out=-0.00000 conf=1.000 present=0 armed=0 latched=1 health=1
[INFO] [1788478002.498774431] [mhe_node]: [s-decay] n=44 |s_est|=0.00796 |s_target|=0.00000 |s_out|=0.00000 d_s_out=-0.00000 conf=1.000 present=0 armed=0 latched=1 health=1
[INFO] [1788478002.599900134] [mhe_node]: [s-decay] n=45 |s_est|=0.00794 |s_target|=0.00000 |s_out|=0.00000 d_s_out=-0.00000 conf=1.000 present=0 armed=0 latched=1 health=1
[INFO] [1788478002.698471065] [mhe_node]: [s-decay] n=46 |s_est|=0.00793 |s_target|=0.00000 |s_out|=0.00000 d_s_out=-0.00000 conf=1.000 present=0 armed=0 latched=1 health=1
[INFO] [1788478002.803868792] [mhe_node]: [s-decay] n=47 |s_est|=0.00792 |s_target|=0.00000 |s_out|=0.00000 d_s_out=-0.00000 conf=1.000 present=0 armed=0 latched=1 health=1
[INFO] [1788478002.900477342] [mhe_node]: [s-decay] n=48 |s_est|=0.00791 |s_target|=0.00000 |s_out|=0.00000 d_s_out=-0.00000 conf=1.000 present=0 armed=0 latched=1 health=1
[INFO] [1788478002.999387787] [mhe_node]: [s-decay] n=49 |s_est|=0.00792 |s_target|=0.00000 |s_out|=0.00000 d_s_out=-0.00000 conf=1.000 present=0 armed=0 latched=1 health=1
[INFO] [1788478003.098315135] [mhe_node]: [s-decay] n=50 |s_est|=0.00794 |s_target|=0.00000 |s_out|=0.00000 d_s_out=-0.00000 conf=1.000 present=0 armed=0 latched=1 health=1
[INFO] [1788478003.199265847] [mhe_node]: [s-decay] n=51 |s_est|=0.00799 |s_target|=0.00000 |s_out|=0.00000 d_s_out=-0.00000 conf=1.000 present=0 armed=0 latched=1 health=1
[INFO] [1788478003.298363108] [mhe_node]: [s-decay] n=52 |s_est|=0.00804 |s_target|=0.00000 |s_out|=0.00000 d_s_out=-0.00000 conf=1.000 present=0 armed=0 latched=1 health=1
[INFO] [1788478003.399397274] [mhe_node]: [s-decay] n=53 |s_est|=0.00809 |s_target|=0.00000 |s_out|=0.00000 d_s_out=-0.00000 conf=1.000 present=0 armed=0 latched=1 health=1
[INFO] [1788478003.498153663] [mhe_node]: [s-decay] n=54 |s_est|=0.00816 |s_target|=0.00000 |s_out|=0.00000 d_s_out=-0.00000 conf=1.000 present=0 armed=0 latched=1 health=1
[INFO] [1788478003.598373852] [mhe_node]: MHE mass estimate: 2.061 kg (T_phys=20.23N) | solve=7.0ms (max12.2)
[INFO] [1788478003.598911586] [mhe_node]: [truth] m_hat=2.0611 m_true=2.0643 err=-0.15% | c_hat=[+0.0000,+0.0000] c_true=[+0.0000,+0.0000] | Jxx_hat=0.01420 Jxx_true=0.01420 Jyz_hat=+0.00000 Jyz_true=+0.00000 | s_hat=[-0.0082,-0.0003] s_true=[+0.0000,+0.0000] kg·m
[INFO] [1788478003.599427476] [mhe_node]: [tau_phys] roll=-0.000 pitch=+0.091 Nm
[INFO] [1788478003.600014351] [mhe_node]: [mass-diag] m_est=2.0611 T=20.226N tilt=2.75deg cos=0.99885 | T/g=2.0618 T*cos/g=2.0594 | m_est-T*cos/g=+0.0017kg (+0.08%) vz=+0.103
[INFO] [1788478003.600606905] [mhe_node]: [c_xy_est] cx=-0.0040 cy=-0.0001 m
[INFO] [1788478003.600962655] [mhe_node]: [s-decay] n=55 |s_est|=0.00823 |s_target|=0.00000 |s_out|=0.00000 d_s_out=-0.00000 conf=1.000 present=0 armed=0 latched=1 health=1
[INFO] [1788478003.696263691] [mhe_node]: [s-decay] n=56 |s_est|=0.00830 |s_target|=0.00000 |s_out|=0.00000 d_s_out=-0.00000 conf=1.000 present=0 armed=0 latched=1 health=1
[INFO] [1788478003.798141122] [mhe_node]: [s-decay] n=57 |s_est|=0.00839 |s_target|=0.00000 |s_out|=0.00000 d_s_out=-0.00000 conf=1.000 present=0 armed=0 latched=1 health=1
[INFO] [1788478003.898635510] [mhe_node]: [s-decay] n=58 |s_est|=0.00848 |s_target|=0.00000 |s_out|=0.00000 d_s_out=-0.00000 conf=1.000 present=0 armed=0 latched=1 health=1
[INFO] [1788478003.998262028] [mhe_node]: [s-decay] n=59 |s_est|=0.00860 |s_target|=0.00000 |s_out|=0.00000 d_s_out=-0.00000 conf=1.000 present=0 armed=0 latched=1 health=1
[INFO] [1788478004.100640847] [mhe_node]: [s-decay] n=60 |s_est|=0.00871 |s_target|=0.00000 |s_out|=0.00000 d_s_out=-0.00000 conf=1.000 present=0 armed=0 latched=1 health=1
[INFO] [1788478004.198547572] [mhe_node]: [s-decay] n=61 |s_est|=0.00885 |s_target|=0.00000 |s_out|=0.00000 d_s_out=-0.00000 conf=1.000 present=0 armed=0 latched=1 health=1
[INFO] [1788478004.299689506] [mhe_node]: [s-decay] n=62 |s_est|=0.00898 |s_target|=0.00000 |s_out|=0.00000 d_s_out=-0.00000 conf=1.000 present=0 armed=0 latched=1 health=1
[INFO] [1788478004.396743269] [mhe_node]: [s-decay] n=63 |s_est|=0.00914 |s_target|=0.00000 |s_out|=0.00000 d_s_out=-0.00000 conf=1.000 present=0 armed=0 latched=1 health=1
[INFO] [1788478004.499551448] [mhe_node]: [s-decay] n=64 |s_est|=0.00928 |s_target|=0.00000 |s_out|=0.00000 d_s_out=-0.00000 conf=1.000 present=0 armed=0 latched=1 health=1
[INFO] [1788478004.598428246] [mhe_node]: [s-decay] n=65 |s_est|=0.00945 |s_target|=0.00000 |s_out|=0.00000 d_s_out=-0.00000 conf=1.000 present=0 armed=0 latched=1 health=1
[INFO] [1788478004.701840375] [mhe_node]: [s-decay] n=66 |s_est|=0.00959 |s_target|=0.00000 |s_out|=0.00000 d_s_out=-0.00000 conf=1.000 present=0 armed=0 latched=1 health=1
[INFO] [1788478004.799625603] [mhe_node]: [s-decay] n=67 |s_est|=0.00974 |s_target|=0.00000 |s_out|=0.00000 d_s_out=-0.00000 conf=1.000 present=0 armed=0 latched=1 health=1
[INFO] [1788478004.899586657] [mhe_node]: [s-decay] n=68 |s_est|=0.00990 |s_target|=0.00000 |s_out|=0.00000 d_s_out=-0.00000 conf=1.000 present=0 armed=0 latched=1 health=1
[INFO] [1788478004.998662147] [mhe_node]: [s-decay] n=69 |s_est|=0.01008 |s_target|=0.00000 |s_out|=0.00000 d_s_out=-0.00000 conf=1.000 present=0 armed=0 latched=1 health=1
[INFO] [1788478005.104152523] [mhe_node]: [s-decay] n=70 |s_est|=0.01025 |s_target|=0.00000 |s_out|=0.00000 d_s_out=-0.00000 conf=1.000 present=0 armed=0 latched=1 health=1
[INFO] [1788478005.201010513] [mhe_node]: [s-decay] n=71 |s_est|=0.01045 |s_target|=0.00000 |s_out|=0.00000 d_s_out=-0.00000 conf=1.000 present=0 armed=0 latched=1 health=1
[INFO] [1788478005.298468630] [mhe_node]: [s-decay] n=72 |s_est|=0.01065 |s_target|=0.00000 |s_out|=0.00000 d_s_out=-0.00000 conf=1.000 present=0 armed=0 latched=1 health=1
[INFO] [1788478005.398689467] [mhe_node]: [s-decay] n=73 |s_est|=0.01078 |s_target|=0.00000 |s_out|=0.00000 d_s_out=-0.00000 conf=1.000 present=0 armed=0 latched=1 health=1
[INFO] [1788478005.500787774] [mhe_node]: [s-decay] n=74 |s_est|=0.01095 |s_target|=0.00000 |s_out|=0.00000 d_s_out=-0.00000 conf=1.000 present=0 armed=0 latched=1 health=1
[INFO] [1788478005.599685528] [mhe_node]: MHE mass estimate: 2.057 kg (T_phys=20.19N) | solve=6.6ms (max11.4)
[INFO] [1788478005.600222590] [mhe_node]: [truth] m_hat=2.0570 m_true=2.0643 err=-0.35% | c_hat=[+0.0000,+0.0000] c_true=[+0.0000,+0.0000] | Jxx_hat=0.01420 Jxx_true=0.01420 Jyz_hat=+0.00000 Jyz_true=+0.00000 | s_hat=[-0.0111,+0.0002] s_true=[+0.0000,+0.0000] kg·m
[INFO] [1788478005.600740584] [mhe_node]: [tau_phys] roll=+0.004 pitch=+0.125 Nm
[INFO] [1788478005.601326138] [mhe_node]: [mass-diag] m_est=2.0570 T=20.191N tilt=2.91deg cos=0.99871 | T/g=2.0582 T*cos/g=2.0556 | m_est-T*cos/g=+0.0015kg (+0.07%) vz=+0.106
[INFO] [1788478005.601913515] [mhe_node]: [c_xy_est] cx=-0.0053 cy=+0.0001 m
[INFO] [1788478005.602271401] [mhe_node]: [s-decay] n=75 |s_est|=0.01112 |s_target|=0.00000 |s_out|=0.00000 d_s_out=-0.00000 conf=1.000 present=0 armed=0 latched=1 health=1
[INFO] [1788478005.698474403] [mhe_node]: [s-decay] n=76 |s_est|=0.01128 |s_target|=0.00000 |s_out|=0.00000 d_s_out=-0.00000 conf=1.000 present=0 armed=0 latched=1 health=1
[INFO] [1788478005.803135733] [mhe_node]: [s-decay] n=77 |s_est|=0.01146 |s_target|=0.00000 |s_out|=0.00000 d_s_out=-0.00000 conf=1.000 present=0 armed=0 latched=1 health=1
[INFO] [1788478005.898611153] [mhe_node]: [s-decay] n=78 |s_est|=0.01164 |s_target|=0.00000 |s_out|=0.00000 d_s_out=-0.00000 conf=1.000 present=0 armed=0 latched=1 health=1
[INFO] [1788478005.998584242] [mhe_node]: [s-decay] n=79 |s_est|=0.01185 |s_target|=0.00000 |s_out|=0.00000 d_s_out=-0.00000 conf=1.000 present=0 armed=0 latched=1 health=1
[INFO] [1788478006.098690510] [mhe_node]: [s-decay] n=80 |s_est|=0.01204 |s_target|=0.00000 |s_out|=0.00000 d_s_out=-0.00000 conf=1.000 present=0 armed=0 latched=1 health=1
[INFO] [1788478006.198620457] [mhe_node]: [s-decay] n=81 |s_est|=0.01227 |s_target|=0.00000 |s_out|=0.00000 d_s_out=-0.00000 conf=1.000 present=0 armed=0 latched=1 health=1
[INFO] [1788478006.298484856] [mhe_node]: [s-decay] n=82 |s_est|=0.01249 |s_target|=0.00000 |s_out|=0.00000 d_s_out=-0.00000 conf=1.000 present=0 armed=0 latched=1 health=1
[INFO] [1788478006.399518234] [mhe_node]: [s-decay] n=83 |s_est|=0.01272 |s_target|=0.00000 |s_out|=0.00000 d_s_out=-0.00000 conf=1.000 present=0 armed=0 latched=1 health=1
[INFO] [1788478006.499567125] [mhe_node]: [s-decay] n=84 |s_est|=0.01293 |s_target|=0.00000 |s_out|=0.00000 d_s_out=-0.00000 conf=1.000 present=0 armed=0 latched=1 health=1
[INFO] [1788478006.599428129] [mhe_node]: [s-decay] n=85 |s_est|=0.01316 |s_target|=0.00000 |s_out|=0.00000 d_s_out=-0.00000 conf=1.000 present=0 armed=0 latched=1 health=1
[INFO] [1788478006.699633796] [mhe_node]: [s-decay] n=86 |s_est|=0.01337 |s_target|=0.00000 |s_out|=0.00000 d_s_out=-0.00000 conf=1.000 present=0 armed=0 latched=1 health=1
[INFO] [1788478006.798615188] [mhe_node]: [s-decay] n=87 |s_est|=0.01359 |s_target|=0.00000 |s_out|=0.00000 d_s_out=-0.00000 conf=1.000 present=0 armed=0 latched=1 health=1
[INFO] [1788478006.901869860] [mhe_node]: [s-decay] n=88 |s_est|=0.01380 |s_target|=0.00000 |s_out|=0.00000 d_s_out=-0.00000 conf=1.000 present=0 armed=0 latched=1 health=1
[INFO] [1788478006.999727767] [mhe_node]: [s-decay] n=89 |s_est|=0.01402 |s_target|=0.00000 |s_out|=0.00000 d_s_out=-0.00000 conf=1.000 present=0 armed=0 latched=1 health=1
[INFO] [1788478007.099508698] [mhe_node]: [s-decay] n=90 |s_est|=0.01426 |s_target|=0.00000 |s_out|=0.00000 d_s_out=-0.00000 conf=1.000 present=0 armed=0 latched=1 health=1
[INFO] [1788478007.198487676] [mhe_node]: [s-decay] n=91 |s_est|=0.01449 |s_target|=0.00000 |s_out|=0.00000 d_s_out=-0.00000 conf=1.000 present=0 armed=0 latched=1 health=1
[INFO] [1788478007.298454656] [mhe_node]: [s-decay] n=92 |s_est|=0.01470 |s_target|=0.00000 |s_out|=0.00000 d_s_out=-0.00000 conf=1.000 present=0 armed=0 latched=1 health=1
[INFO] [1788478007.399684206] [mhe_node]: [s-decay] n=93 |s_est|=0.01485 |s_target|=0.00000 |s_out|=0.00000 d_s_out=-0.00000 conf=1.000 present=0 armed=0 latched=1 health=1
[INFO] [1788478007.499702379] [mhe_node]: [s-decay] n=94 |s_est|=0.01501 |s_target|=0.00000 |s_out|=0.00000 d_s_out=-0.00000 conf=1.000 present=0 armed=0 latched=1 health=1
[INFO] [1788478007.601815588] [mhe_node]: MHE mass estimate: 2.055 kg (T_phys=20.15N) | solve=6.7ms (max10.3)
[INFO] [1788478007.602349108] [mhe_node]: [truth] m_hat=2.0552 m_true=2.0643 err=-0.44% | c_hat=[+0.0000,+0.0000] c_true=[+0.0000,+0.0000] | Jxx_hat=0.01420 Jxx_true=0.01420 Jyz_hat=+0.00000 Jyz_true=+0.00000 | s_hat=[-0.0152,+0.0005] s_true=[+0.0000,+0.0000] kg·m
[INFO] [1788478007.602865366] [mhe_node]: [tau_phys] roll=+0.009 pitch=+0.157 Nm
[INFO] [1788478007.603452955] [mhe_node]: [mass-diag] m_est=2.0552 T=20.150N tilt=2.21deg cos=0.99926 | T/g=2.0540 T*cos/g=2.0525 | m_est-T*cos/g=+0.0028kg (+0.13%) vz=+0.112
[INFO] [1788478007.604033869] [mhe_node]: [c_xy_est] cx=-0.0073 cy=+0.0002 m
[INFO] [1788478007.604390823] [mhe_node]: [s-decay] n=95 |s_est|=0.01517 |s_target|=0.00000 |s_out|=0.00000 d_s_out=-0.00000 conf=1.000 present=0 armed=0 latched=1 health=1
[INFO] [1788478007.700713315] [mhe_node]: [s-decay] n=96 |s_est|=0.01529 |s_target|=0.00000 |s_out|=0.00000 d_s_out=-0.00000 conf=1.000 present=0 armed=0 latched=1 health=1
[INFO] [1788478007.799752295] [mhe_node]: [s-decay] n=97 |s_est|=0.01542 |s_target|=0.00000 |s_out|=0.00000 d_s_out=-0.00000 conf=1.000 present=0 armed=0 latched=1 health=1
[INFO] [1788478007.898600913] [mhe_node]: [s-decay] n=98 |s_est|=0.01552 |s_target|=0.00000 |s_out|=0.00000 d_s_out=-0.00000 conf=1.000 present=0 armed=0 latched=1 health=1
[INFO] [1788478007.998471008] [mhe_node]: [s-decay] n=99 |s_est|=0.01570 |s_target|=0.00000 |s_out|=0.00000 d_s_out=-0.00000 conf=1.000 present=0 armed=0 latched=1 health=1
[INFO] [1788478008.098698605] [mhe_node]: [s-decay] n=100 |s_est|=0.01585 |s_target|=0.00000 |s_out|=0.00000 d_s_out=-0.00000 conf=1.000 present=0 armed=0 latched=1 health=1
[INFO] [1788478009.602110339] [mhe_node]: MHE mass estimate: 2.051 kg (T_phys=20.21N) | solve=6.8ms (max14.9)
[INFO] [1788478009.602644231] [mhe_node]: [truth] m_hat=2.0513 m_true=2.0643 err=-0.63% | c_hat=[+0.0000,+0.0000] c_true=[+0.0000,+0.0000] | Jxx_hat=0.01420 Jxx_true=0.01420 Jyz_hat=+0.00000 Jyz_true=+0.00000 | s_hat=[-0.0156,+0.0007] s_true=[+0.0000,+0.0000] kg·m
[INFO] [1788478009.603163891] [mhe_node]: [tau_phys] roll=+0.008 pitch=+0.151 Nm
[INFO] [1788478009.603750193] [mhe_node]: [mass-diag] m_est=2.0513 T=20.210N tilt=1.00deg cos=0.99985 | T/g=2.0601 T*cos/g=2.0598 | m_est-T*cos/g=-0.0085kg (-0.41%) vz=+0.092
[INFO] [1788478009.604329532] [mhe_node]: [c_xy_est] cx=-0.0076 cy=+0.0003 m
[INFO] [1788478011.600788074] [mhe_node]: MHE mass estimate: 2.054 kg (T_phys=20.19N) | solve=8.0ms (max13.8)
[INFO] [1788478011.601323167] [mhe_node]: [truth] m_hat=2.0538 m_true=2.0643 err=-0.51% | c_hat=[+0.0000,+0.0000] c_true=[+0.0000,+0.0000] | Jxx_hat=0.01420 Jxx_true=0.01420 Jyz_hat=+0.00000 Jyz_true=+0.00000 | s_hat=[-0.0139,+0.0008] s_true=[+0.0000,+0.0000] kg·m
[INFO] [1788478011.601841177] [mhe_node]: [tau_phys] roll=+0.008 pitch=+0.120 Nm
[INFO] [1788478011.602429220] [mhe_node]: [mass-diag] m_est=2.0538 T=20.186N tilt=1.03deg cos=0.99984 | T/g=2.0576 T*cos/g=2.0573 | m_est-T*cos/g=-0.0035kg (-0.17%) vz=+0.097
[INFO] [1788478011.603007703] [mhe_node]: [c_xy_est] cx=-0.0069 cy=+0.0004 m
[INFO] [1788478013.599553460] [mhe_node]: MHE mass estimate: 2.055 kg (T_phys=20.28N) | solve=8.9ms (max15.9)
[INFO] [1788478013.600090541] [mhe_node]: [truth] m_hat=2.0548 m_true=2.0643 err=-0.46% | c_hat=[+0.0000,+0.0000] c_true=[+0.0000,+0.0000] | Jxx_hat=0.01420 Jxx_true=0.01420 Jyz_hat=+0.00000 Jyz_true=+0.00000 | s_hat=[-0.0098,+0.0007] s_true=[+0.0000,+0.0000] kg·m
[INFO] [1788478013.600612473] [mhe_node]: [tau_phys] roll=+0.011 pitch=+0.082 Nm
[INFO] [1788478013.601203477] [mhe_node]: [mass-diag] m_est=2.0548 T=20.279N tilt=1.88deg cos=0.99946 | T/g=2.0672 T*cos/g=2.0661 | m_est-T*cos/g=-0.0113kg (-0.55%) vz=+0.080
[INFO] [1788478013.601788487] [mhe_node]: [c_xy_est] cx=-0.0049 cy=+0.0004 m
[INFO] [1788478015.599570556] [mhe_node]: MHE mass estimate: 2.057 kg (T_phys=20.12N) | solve=7.2ms (max12.2)
[INFO] [1788478015.600112298] [mhe_node]: [truth] m_hat=2.0571 m_true=2.0643 err=-0.35% | c_hat=[+0.0000,+0.0000] c_true=[+0.0000,+0.0000] | Jxx_hat=0.01420 Jxx_true=0.01420 Jyz_hat=+0.00000 Jyz_true=+0.00000 | s_hat=[-0.0077,+0.0009] s_true=[+0.0000,+0.0000] kg·m
[INFO] [1788478015.600631892] [mhe_node]: [tau_phys] roll=+0.011 pitch=+0.077 Nm
[INFO] [1788478015.601222932] [mhe_node]: [mass-diag] m_est=2.0571 T=20.124N tilt=2.55deg cos=0.99901 | T/g=2.0514 T*cos/g=2.0493 | m_est-T*cos/g=+0.0077kg (+0.38%) vz=+0.068
[INFO] [1788478015.601803390] [mhe_node]: [c_xy_est] cx=-0.0038 cy=+0.0004 m
[INFO] [1788478017.599244275] [mhe_node]: MHE mass estimate: 2.059 kg (T_phys=20.22N) | solve=6.1ms (max9.3)
[INFO] [1788478017.599785991] [mhe_node]: [truth] m_hat=2.0594 m_true=2.0643 err=-0.24% | c_hat=[+0.0000,+0.0000] c_true=[+0.0000,+0.0000] | Jxx_hat=0.01420 Jxx_true=0.01420 Jyz_hat=+0.00000 Jyz_true=+0.00000 | s_hat=[-0.0091,+0.0007] s_true=[+0.0000,+0.0000] kg·m
[INFO] [1788478017.600308245] [mhe_node]: [tau_phys] roll=+0.008 pitch=+0.097 Nm
[INFO] [1788478017.600900388] [mhe_node]: [mass-diag] m_est=2.0594 T=20.223N tilt=2.32deg cos=0.99918 | T/g=2.0614 T*cos/g=2.0597 | m_est-T*cos/g=-0.0004kg (-0.02%) vz=+0.049
[INFO] [1788478017.601475451] [mhe_node]: [c_xy_est] cx=-0.0044 cy=+0.0004 m
[INFO] [1788478019.598569385] [mhe_node]: MHE mass estimate: 2.054 kg (T_phys=20.04N) | solve=5.7ms (max10.8)
[INFO] [1788478019.599234739] [mhe_node]: [truth] m_hat=2.0545 m_true=2.0643 err=-0.48% | c_hat=[+0.0000,+0.0000] c_true=[+0.0000,+0.0000] | Jxx_hat=0.01420 Jxx_true=0.01420 Jyz_hat=+0.00000 Jyz_true=+0.00000 | s_hat=[-0.0112,+0.0007] s_true=[+0.0000,+0.0000] kg·m
[INFO] [1788478019.599757788] [mhe_node]: [tau_phys] roll=+0.008 pitch=+0.110 Nm
[INFO] [1788478019.600346489] [mhe_node]: [mass-diag] m_est=2.0545 T=20.038N tilt=1.93deg cos=0.99943 | T/g=2.0426 T*cos/g=2.0414 | m_est-T*cos/g=+0.0130kg (+0.64%) vz=+0.013
[INFO] [1788478019.600928118] [mhe_node]: [c_xy_est] cx=-0.0054 cy=+0.0003 m
[INFO] [1788478021.598664870] [mhe_node]: MHE mass estimate: 2.056 kg (T_phys=20.11N) | solve=6.4ms (max11.3)
[INFO] [1788478021.599206756] [mhe_node]: [truth] m_hat=2.0561 m_true=2.0643 err=-0.40% | c_hat=[+0.0000,+0.0000] c_true=[+0.0000,+0.0000] | Jxx_hat=0.01420 Jxx_true=0.01420 Jyz_hat=+0.00000 Jyz_true=+0.00000 | s_hat=[-0.0110,+0.0008] s_true=[+0.0000,+0.0000] kg·m
[INFO] [1788478021.599726008] [mhe_node]: [tau_phys] roll=+0.005 pitch=+0.098 Nm
[INFO] [1788478021.600308967] [mhe_node]: [mass-diag] m_est=2.0561 T=20.114N tilt=1.17deg cos=0.99979 | T/g=2.0504 T*cos/g=2.0500 | m_est-T*cos/g=+0.0061kg (+0.30%) vz=-0.020
[INFO] [1788478021.600890012] [mhe_node]: [c_xy_est] cx=-0.0054 cy=+0.0004 m
[INFO] [1788478023.600768799] [mhe_node]: MHE mass estimate: 2.056 kg (T_phys=20.29N) | solve=8.2ms (max14.7)
[INFO] [1788478023.601306087] [mhe_node]: [truth] m_hat=2.0564 m_true=2.0643 err=-0.38% | c_hat=[+0.0000,+0.0000] c_true=[+0.0000,+0.0000] | Jxx_hat=0.01420 Jxx_true=0.01420 Jyz_hat=+0.00000 Jyz_true=+0.00000 | s_hat=[-0.0089,+0.0007] s_true=[+0.0000,+0.0000] kg·m
[INFO] [1788478023.601823884] [mhe_node]: [tau_phys] roll=+0.012 pitch=+0.076 Nm
[INFO] [1788478023.602402940] [mhe_node]: [mass-diag] m_est=2.0564 T=20.293N tilt=2.14deg cos=0.99931 | T/g=2.0686 T*cos/g=2.0671 | m_est-T*cos/g=-0.0107kg (-0.52%) vz=-0.050
[INFO] [1788478023.602984698] [mhe_node]: [c_xy_est] cx=-0.0043 cy=+0.0004 m
[INFO] [1788478025.598531410] [mhe_node]: MHE mass estimate: 2.055 kg (T_phys=20.07N) | solve=5.8ms (max7.0)
[INFO] [1788478025.599071569] [mhe_node]: [truth] m_hat=2.0546 m_true=2.0643 err=-0.47% | c_hat=[+0.0000,+0.0000] c_true=[+0.0000,+0.0000] | Jxx_hat=0.01420 Jxx_true=0.01420 Jyz_hat=+0.00000 Jyz_true=+0.00000 | s_hat=[-0.0080,+0.0010] s_true=[+0.0000,+0.0000] kg·m
[INFO] [1788478025.599588120] [mhe_node]: [tau_phys] roll=+0.008 pitch=+0.084 Nm
[INFO] [1788478025.600175635] [mhe_node]: [mass-diag] m_est=2.0546 T=20.071N tilt=2.70deg cos=0.99889 | T/g=2.0460 T*cos/g=2.0437 | m_est-T*cos/g=+0.0108kg (+0.53%) vz=-0.084
[INFO] [1788478025.600757154] [mhe_node]: [c_xy_est] cx=-0.0039 cy=+0.0005 m
[INFO] [1788478027.598598164] [mhe_node]: MHE mass estimate: 2.054 kg (T_phys=20.19N) | solve=6.8ms (max11.1)
[INFO] [1788478027.599134156] [mhe_node]: [truth] m_hat=2.0538 m_true=2.0643 err=-0.51% | c_hat=[+0.0000,+0.0000] c_true=[+0.0000,+0.0000] | Jxx_hat=0.01420 Jxx_true=0.01420 Jyz_hat=+0.00000 Jyz_true=+0.00000 | s_hat=[-0.0111,+0.0008] s_true=[+0.0000,+0.0000] kg·m
[INFO] [1788478027.599649941] [mhe_node]: [tau_phys] roll=+0.005 pitch=+0.131 Nm
[INFO] [1788478027.600241237] [mhe_node]: [mass-diag] m_est=2.0538 T=20.191N tilt=3.03deg cos=0.99861 | T/g=2.0583 T*cos/g=2.0554 | m_est-T*cos/g=-0.0015kg (-0.08%) vz=-0.104
[INFO] [1788478027.600828910] [mhe_node]: [c_xy_est] cx=-0.0053 cy=+0.0004 m
[INFO] [1788478029.602909904] [mhe_node]: MHE mass estimate: 2.048 kg (T_phys=20.07N) | solve=7.6ms (max12.2)
[INFO] [1788478029.603457388] [mhe_node]: [truth] m_hat=2.0478 m_true=2.0643 err=-0.80% | c_hat=[+0.0000,+0.0000] c_true=[+0.0000,+0.0000] | Jxx_hat=0.01420 Jxx_true=0.01420 Jyz_hat=+0.00000 Jyz_true=+0.00000 | s_hat=[-0.0154,+0.0007] s_true=[+0.0000,+0.0000] kg·m
[INFO] [1788478029.603977832] [mhe_node]: [tau_phys] roll=+0.006 pitch=+0.161 Nm
[INFO] [1788478029.604558246] [mhe_node]: [mass-diag] m_est=2.0478 T=20.074N tilt=2.25deg cos=0.99923 | T/g=2.0463 T*cos/g=2.0447 | m_est-T*cos/g=+0.0031kg (+0.15%) vz=-0.132
[INFO] [1788478029.605157089] [mhe_node]: [c_xy_est] cx=-0.0074 cy=+0.0004 m
[INFO] [1788478031.597676210] [mhe_node]: MHE mass estimate: 2.051 kg (T_phys=20.14N) | solve=9.3ms (max15.8)
[INFO] [1788478031.598215399] [mhe_node]: [truth] m_hat=2.0507 m_true=2.0643 err=-0.66% | c_hat=[+0.0000,+0.0000] c_true=[+0.0000,+0.0000] | Jxx_hat=0.01420 Jxx_true=0.01420 Jyz_hat=+0.00000 Jyz_true=+0.00000 | s_hat=[-0.0164,+0.0005] s_true=[+0.0000,+0.0000] kg·m
[INFO] [1788478031.598732913] [mhe_node]: [tau_phys] roll=+0.005 pitch=+0.156 Nm
[INFO] [1788478031.599317425] [mhe_node]: [mass-diag] m_est=2.0507 T=20.139N tilt=1.48deg cos=0.99967 | T/g=2.0529 T*cos/g=2.0522 | m_est-T*cos/g=-0.0016kg (-0.08%) vz=-0.112
[INFO] [1788478031.599896525] [mhe_node]: [c_xy_est] cx=-0.0080 cy=+0.0003 m
[INFO] [1788478033.601816507] [mhe_node]: MHE mass estimate: 2.049 kg (T_phys=20.16N) | solve=8.5ms (max18.0)
[INFO] [1788478033.602350717] [mhe_node]: [truth] m_hat=2.0494 m_true=2.0643 err=-0.72% | c_hat=[+0.0000,+0.0000] c_true=[+0.0000,+0.0000] | Jxx_hat=0.01420 Jxx_true=0.01420 Jyz_hat=+0.00000 Jyz_true=+0.00000 | s_hat=[-0.0151,+0.0004] s_true=[+0.0000,+0.0000] kg·m
[INFO] [1788478033.602869867] [mhe_node]: [tau_phys] roll=+0.001 pitch=+0.128 Nm
[INFO] [1788478033.603455037] [mhe_node]: [mass-diag] m_est=2.0494 T=20.158N tilt=0.90deg cos=0.99988 | T/g=2.0548 T*cos/g=2.0546 | m_est-T*cos/g=-0.0052kg (-0.25%) vz=-0.115
[INFO] [1788478033.604035968] [mhe_node]: [c_xy_est] cx=-0.0074 cy=+0.0002 m
[INFO] [1788478035.603015873] [mhe_node]: MHE mass estimate: 2.052 kg (T_phys=20.17N) | solve=7.7ms (max11.6)
[INFO] [1788478035.603606279] [mhe_node]: [truth] m_hat=2.0523 m_true=2.0643 err=-0.58% | c_hat=[+0.0000,+0.0000] c_true=[+0.0000,+0.0000] | Jxx_hat=0.01420 Jxx_true=0.01420 Jyz_hat=+0.00000 Jyz_true=+0.00000 | s_hat=[-0.0113,-0.0000] s_true=[+0.0000,+0.0000] kg·m
[INFO] [1788478035.604186586] [mhe_node]: [tau_phys] roll=-0.004 pitch=+0.083 Nm
[INFO] [1788478035.604842628] [mhe_node]: [mass-diag] m_est=2.0523 T=20.173N tilt=1.76deg cos=0.99953 | T/g=2.0564 T*cos/g=2.0554 | m_est-T*cos/g=-0.0030kg (-0.15%) vz=-0.087
[INFO] [1788478035.605494376] [mhe_node]: [c_xy_est] cx=-0.0056 cy=+0.0000 m
[INFO] [1788478037.599637755] [mhe_node]: MHE mass estimate: 2.057 kg (T_phys=20.22N) | solve=7.4ms (max11.1)
[INFO] [1788478037.600306471] [mhe_node]: [truth] m_hat=2.0573 m_true=2.0643 err=-0.34% | c_hat=[+0.0000,+0.0000] c_true=[+0.0000,+0.0000] | Jxx_hat=0.01420 Jxx_true=0.01420 Jyz_hat=+0.00000 Jyz_true=+0.00000 | s_hat=[-0.0080,-0.0003] s_true=[+0.0000,+0.0000] kg·m
[INFO] [1788478037.600828665] [mhe_node]: [tau_phys] roll=-0.011 pitch=+0.086 Nm
[INFO] [1788478037.601414197] [mhe_node]: [mass-diag] m_est=2.0573 T=20.220N tilt=2.23deg cos=0.99924 | T/g=2.0612 T*cos/g=2.0596 | m_est-T*cos/g=-0.0023kg (-0.11%) vz=-0.057
[INFO] [1788478037.601996810] [mhe_node]: [c_xy_est] cx=-0.0039 cy=-0.0002 m
[INFO] [1788478039.599745704] [mhe_node]: MHE mass estimate: 2.055 kg (T_phys=20.19N) | solve=6.2ms (max10.3)
[INFO] [1788478039.600292080] [mhe_node]: [truth] m_hat=2.0554 m_true=2.0643 err=-0.43% | c_hat=[+0.0000,+0.0000] c_true=[+0.0000,+0.0000] | Jxx_hat=0.01420 Jxx_true=0.01420 Jyz_hat=+0.00000 Jyz_true=+0.00000 | s_hat=[-0.0091,-0.0002] s_true=[+0.0000,+0.0000] kg·m
[INFO] [1788478039.600813278] [mhe_node]: [tau_phys] roll=-0.001 pitch=+0.098 Nm
[INFO] [1788478039.601395736] [mhe_node]: [mass-diag] m_est=2.0554 T=20.186N tilt=2.36deg cos=0.99915 | T/g=2.0577 T*cos/g=2.0560 | m_est-T*cos/g=-0.0005kg (-0.03%) vz=-0.042
[INFO] [1788478039.601974183] [mhe_node]: [c_xy_est] cx=-0.0044 cy=-0.0001 m
[ros2run]: Killed
