[INFO] [1789416295.288131277] [mhe_node]: MHE node starting, building/loading solver... (geom_coupled=True, N=20, m_min=1.961, m_B=2.0643)
Code reuse possible, skipping code generation.
acados was compiled without OpenMP.
[INFO] [1789416295.295070722] [mhe_node]: [prior] geom_coupled=True → 载荷质量信息**完全不生效**(grip_payload_envelope=0.3 是死代码:coupled 档下 _payload_geometry 根本不被调用);模型只吃可测杆臂 r_p + 被估质量,m 的先验仅有 Q0 质量维=0.1 (σ=3.16kg,实质无先验)
[WARN] [1789416295.295554781] [mhe_node]: geom_release_mode='self':估计器不被告知 drop。⚠️ 2026-08-24 实测,**NMPC 侧也设成 'self' 会必然坠机**——drop 后控制器继续按幽灵偏心载荷配平,指令 0.424N·m(tau_max 的 85%)作用在空机 J_xx=0.0142 上 = 29.8 rad/s²,而 MHE 10Hz/2s 窗口要 1~2s 才纠得过来,飞机先翻。**正确组合 = MHE 'self' + NMPC 'event'**(控制器是发释放指令的一方,它知道不构成认知作弊)。
[INFO] [1789416295.297462539] [mhe_node]: [moment-ref] 物理上限由平台包线派生: 0.0390 kg·m = 0.30kg x 0.13m
[INFO] [1789416295.298165890] [mhe_node]: [c_xy_est] 质量域卸载判据已开:先武装(m_p>0.090kg),再判 m_p<0.03kg 持续 20 帧 -> 释放偏心估计
[INFO] [1789416295.298820000] [mhe_node]: [c_xy] 来源 = 一阶质量矩 s/m_T(窗口内估计,**无稳态门控**),替代窗外 EMA —— 机动中也会更新
[INFO] [1789416295.300088814] [mhe_node]: weight schedule theta = [-4.00, 0.00, 0.00, 0.00], signal mode = residual (residual self-trigger: thresh=4.4N persist=2 baseline_tau=3.0s)
[INFO] [1789416295.303579130] [mhe_node]: [release-selfcheck] READY: c_xy_est_enable=1, moment-state ns=2, ratio=0.30; legacy_mass=1, watchdog=3.0s
[INFO] [1789416295.304480978] [mhe_node]: MHE node initialized! tau_source=command (roll/pitch NMPC意图值, yaw NMPC意图值), motor_window_avg=False, geom_release_mode=self. Waiting for odometry + control data...
[INFO] [1789416317.504161262] [mhe_node]: arrival prior seeded: m=2.064 kg (m_nominal prior)
[INFO] [1789416317.504589245] [mhe_node]: [geom] model_geom_on=True (release_mode=self, truth_attached=False) mode=coupled(r_p) -> geom=[ 0.    0.   -0.47] dJ=0.0000 c_xy=[+0.0000,+0.0000] (dJ/c 为按当前 m_est 折算的诊断当量,模型内部随 m 实时生成)
[INFO] [1789416319.410583613] [mhe_node]: MHE mass estimate: 2.065 kg (T_phys=20.16N) | solve=3.8ms (max6.1)
[INFO] [1789416319.411160406] [mhe_node]: [truth] m_hat=2.0645 m_true=2.0643 err=+0.01% | c_hat=[+0.0000,+0.0000] c_true=[+0.0000,+0.0000] | Jxx_hat=0.01420 Jxx_true=0.01420 Jyz_hat=+0.00000 Jyz_true=+0.00000 | s_hat=[-0.0004,-0.0000] s_true=[+0.0000,+0.0000] kg·m
[INFO] [1789416319.411681438] [mhe_node]: [tau_phys] roll=+0.004 pitch=-0.063 Nm
[INFO] [1789416319.412282498] [mhe_node]: [mass-diag] m_est=2.0645 T=20.162N tilt=1.78deg cos=0.99952 | T/g=2.0553 T*cos/g=2.0543 | m_est-T*cos/g=+0.0102kg (+0.50%) vz=+0.121
[INFO] [1789416319.412864297] [mhe_node]: [c_xy_est] cx=-0.0000 cy=-0.0000 m
[INFO] [1789416321.410327990] [mhe_node]: MHE mass estimate: 2.061 kg (T_phys=20.18N) | solve=6.8ms (max12.1)
[INFO] [1789416321.410870748] [mhe_node]: [truth] m_hat=2.0607 m_true=2.0643 err=-0.17% | c_hat=[+0.0000,+0.0000] c_true=[+0.0000,+0.0000] | Jxx_hat=0.01420 Jxx_true=0.01420 Jyz_hat=+0.00000 Jyz_true=+0.00000 | s_hat=[-0.0010,+0.0000] s_true=[+0.0000,+0.0000] kg·m
[INFO] [1789416321.411391130] [mhe_node]: [tau_phys] roll=+0.000 pitch=+0.005 Nm
[INFO] [1789416321.411976763] [mhe_node]: [mass-diag] m_est=2.0607 T=20.176N tilt=2.55deg cos=0.99901 | T/g=2.0567 T*cos/g=2.0547 | m_est-T*cos/g=+0.0061kg (+0.30%) vz=+0.037
[INFO] [1789416321.412558279] [mhe_node]: [c_xy_est] cx=-0.0003 cy=+0.0000 m
[INFO] [1789416323.409517580] [mhe_node]: MHE mass estimate: 2.060 kg (T_phys=20.25N) | solve=5.5ms (max10.1)
[INFO] [1789416323.410062611] [mhe_node]: [truth] m_hat=2.0598 m_true=2.0643 err=-0.22% | c_hat=[+0.0000,+0.0000] c_true=[+0.0000,+0.0000] | Jxx_hat=0.01420 Jxx_true=0.01420 Jyz_hat=+0.00000 Jyz_true=+0.00000 | s_hat=[+0.0000,-0.0000] s_true=[+0.0000,+0.0000] kg·m
[INFO] [1789416323.410593459] [mhe_node]: [tau_phys] roll=+0.002 pitch=-0.002 Nm
[INFO] [1789416323.411181372] [mhe_node]: [mass-diag] m_est=2.0598 T=20.251N tilt=0.13deg cos=1.00000 | T/g=2.0643 T*cos/g=2.0643 | m_est-T*cos/g=-0.0045kg (-0.22%) vz=+0.007
[INFO] [1789416323.411760963] [mhe_node]: [c_xy_est] cx=+0.0000 cy=-0.0000 m
[INFO] [1789416325.408740290] [mhe_node]: MHE mass estimate: 2.055 kg (T_phys=18.21N) | solve=4.2ms (max9.2)
[INFO] [1789416325.409390676] [mhe_node]: [truth] m_hat=2.0553 m_true=2.0643 err=-0.44% | c_hat=[+0.0000,+0.0000] c_true=[+0.0000,+0.0000] | Jxx_hat=0.01420 Jxx_true=0.01420 Jyz_hat=+0.00000 Jyz_true=+0.00000 | s_hat=[-0.0000,+0.0000] s_true=[+0.0000,+0.0000] kg·m
[INFO] [1789416325.409910272] [mhe_node]: [tau_phys] roll=+0.001 pitch=-0.002 Nm
[INFO] [1789416325.410510414] [mhe_node]: [mass-diag] m_est=2.0553 T=18.211N tilt=0.18deg cos=1.00000 | T/g=1.8563 T*cos/g=1.8563 | m_est-T*cos/g=+0.1990kg (+10.72%) vz=-0.260
[INFO] [1789416325.411092405] [mhe_node]: [c_xy_est] cx=-0.0000 cy=+0.0000 m
[INFO] [1789416327.409558126] [mhe_node]: MHE mass estimate: 2.072 kg (T_phys=20.41N) | solve=4.8ms (max9.8)
[INFO] [1789416327.410129791] [mhe_node]: [truth] m_hat=2.0718 m_true=2.0643 err=+0.36% | c_hat=[+0.0000,+0.0000] c_true=[+0.0000,+0.0000] | Jxx_hat=0.01420 Jxx_true=0.01420 Jyz_hat=+0.00000 Jyz_true=+0.00000 | s_hat=[+0.0000,+0.0001] s_true=[+0.0000,+0.0000] kg·m
[INFO] [1789416327.410652205] [mhe_node]: [tau_phys] roll=+0.000 pitch=+0.001 Nm
[INFO] [1789416327.411240769] [mhe_node]: [mass-diag] m_est=2.0718 T=20.409N tilt=0.15deg cos=1.00000 | T/g=2.0804 T*cos/g=2.0804 | m_est-T*cos/g=-0.0086kg (-0.41%) vz=-0.066
[INFO] [1789416327.411823530] [mhe_node]: [c_xy_est] cx=+0.0000 cy=+0.0000 m
[INFO] [1789416329.432716465] [mhe_node]: MHE mass estimate: 1.966 kg (T_phys=19.69N) | solve=8.5ms (max27.8)
[INFO] [1789416329.433257719] [mhe_node]: [truth] m_hat=1.9655 m_true=2.0643 err=-4.78% | c_hat=[+0.0000,+0.0000] c_true=[+0.0000,+0.0000] | Jxx_hat=0.01420 Jxx_true=0.01420 Jyz_hat=+0.00000 Jyz_true=+0.00000 | s_hat=[-0.0027,-0.0044] s_true=[+0.0000,+0.0000] kg·m
[INFO] [1789416329.433775648] [mhe_node]: [tau_phys] roll=+0.015 pitch=+0.131 Nm
[INFO] [1789416329.434361952] [mhe_node]: [mass-diag] m_est=1.9655 T=19.690N tilt=0.45deg cos=0.99997 | T/g=2.0071 T*cos/g=2.0070 | m_est-T*cos/g=-0.0415kg (-2.07%) vz=+0.009
[INFO] [1789416329.434937063] [mhe_node]: [c_xy_est] cx=-0.0010 cy=-0.0018 m
[WARN] [1789416330.474968946] [mhe_node]: MHE solve failed [status=2], skipping this window (streak 1)
[WARN] [1789416331.075458173] [mhe_node]: MHE solve failed [status=2], skipping this window (streak 1)
[INFO] [1789416331.657770539] [mhe_node]: MHE mass estimate: 1.961 kg (T_phys=19.80N) | solve=51.7ms (max71.1)
[INFO] [1789416331.658166368] [mhe_node]: [truth] m_hat=1.9611 m_true=2.0643 err=-5.00% | c_hat=[+0.0000,+0.0000] c_true=[+0.0000,+0.0000] | Jxx_hat=0.01420 Jxx_true=0.01420 Jyz_hat=+0.00000 Jyz_true=+0.00000 | s_hat=[+0.0040,+0.0118] s_true=[+0.0000,+0.0000] kg·m
[INFO] [1789416331.658532236] [mhe_node]: [tau_phys] roll=-0.018 pitch=+0.056 Nm
[INFO] [1789416331.658954669] [mhe_node]: [mass-diag] m_est=1.9611 T=19.800N tilt=0.63deg cos=0.99994 | T/g=2.0183 T*cos/g=2.0182 | m_est-T*cos/g=-0.0571kg (-2.83%) vz=+0.008
[INFO] [1789416331.659366386] [mhe_node]: [c_xy_est] cx=+0.0015 cy=+0.0070 m
[WARN] [1789416331.799175015] [mhe_node]: MHE solve failed [status=2], skipping this window (streak 1)
[WARN] [1789416332.496625171] [mhe_node]: MHE solve failed [status=2], skipping this window (streak 1)
[INFO] [1789416333.843019736] [mhe_node]: MHE mass estimate: 1.961 kg (T_phys=22.21N) | solve=35.9ms (max92.0)
[INFO] [1789416333.843562353] [mhe_node]: [truth] m_hat=1.9611 m_true=2.0643 err=-5.00% | c_hat=[+0.0000,+0.0000] c_true=[+0.0000,+0.0000] | Jxx_hat=0.01420 Jxx_true=0.01420 Jyz_hat=+0.00000 Jyz_true=+0.00000 | s_hat=[+0.0024,-0.0057] s_true=[+0.0000,+0.0000] kg·m
[INFO] [1789416333.844082096] [mhe_node]: [tau_phys] roll=+0.087 pitch=-0.901 Nm
[INFO] [1789416333.844673596] [mhe_node]: [mass-diag] m_est=1.9611 T=22.209N tilt=1.54deg cos=0.99964 | T/g=2.2639 T*cos/g=2.2631 | m_est-T*cos/g=-0.3020kg (-13.35%) vz=+0.678
[INFO] [1789416333.845260007] [mhe_node]: [c_xy_est] cx=+0.0003 cy=-0.0028 m
[WARN] [1789416334.170182756] [mhe_node]: MHE solve failed [status=2], skipping this window (streak 1)
[WARN] [1789416334.279441232] [mhe_node]: MHE solve failed [status=2], skipping this window (streak 2)
[WARN] [1789416334.788120883] [mhe_node]: MHE solve failed [status=2], skipping this window (streak 1)
[WARN] [1789416334.875570642] [mhe_node]: MHE solve failed [status=2], skipping this window (streak 2)
[WARN] [1789416335.180656087] [mhe_node]: MHE solve failed [status=2], skipping this window (streak 1)
[WARN] [1789416335.474938354] [mhe_node]: MHE solve failed [status=2], skipping this window (streak 1)
[INFO] [1789416336.424515998] [mhe_node]: MHE mass estimate: 2.136 kg (T_phys=20.58N) | solve=45.9ms (max83.7)
[INFO] [1789416336.425074761] [mhe_node]: [truth] m_hat=2.1359 m_true=2.0643 err=+3.47% | c_hat=[+0.0000,+0.0000] c_true=[+0.0000,+0.0000] | Jxx_hat=0.01420 Jxx_true=0.01420 Jyz_hat=+0.00000 Jyz_true=+0.00000 | s_hat=[-0.0096,-0.0088] s_true=[+0.0000,+0.0000] kg·m
[INFO] [1789416336.425595208] [mhe_node]: [tau_phys] roll=+0.253 pitch=+0.062 Nm
[INFO] [1789416336.426180449] [mhe_node]: [mass-diag] m_est=2.1359 T=20.583N tilt=1.19deg cos=0.99979 | T/g=2.0982 T*cos/g=2.0977 | m_est-T*cos/g=+0.0382kg (+1.82%) vz=+1.205
[INFO] [1789416336.426756207] [mhe_node]: [c_xy_est] cx=-0.0049 cy=-0.0038 m
[INFO] [1789416338.427886236] [mhe_node]: MHE mass estimate: 2.115 kg (T_phys=19.92N) | solve=29.8ms (max46.0)
[INFO] [1789416338.428455937] [mhe_node]: [truth] m_hat=2.1147 m_true=2.0643 err=+2.44% | c_hat=[+0.0000,+0.0000] c_true=[+0.0000,+0.0000] | Jxx_hat=0.01420 Jxx_true=0.01420 Jyz_hat=+0.00000 Jyz_true=+0.00000 | s_hat=[-0.0034,-0.0078] s_true=[+0.0000,+0.0000] kg·m
[INFO] [1789416338.428978146] [mhe_node]: [tau_phys] roll=-0.045 pitch=+1.069 Nm
[INFO] [1789416338.429566500] [mhe_node]: [mass-diag] m_est=2.1147 T=19.920N tilt=2.69deg cos=0.99890 | T/g=2.0306 T*cos/g=2.0283 | m_est-T*cos/g=+0.0864kg (+4.26%) vz=+0.516
[INFO] [1789416338.430149352] [mhe_node]: [c_xy_est] cx=-0.0010 cy=-0.0033 m
[INFO] [1789416340.426761185] [mhe_node]: MHE mass estimate: 1.961 kg (T_phys=20.84N) | solve=35.6ms (max54.4)
[INFO] [1789416340.427307388] [mhe_node]: [truth] m_hat=1.9611 m_true=2.0643 err=-5.00% | c_hat=[+0.0000,+0.0000] c_true=[+0.0000,+0.0000] | Jxx_hat=0.01420 Jxx_true=0.01420 Jyz_hat=+0.00000 Jyz_true=+0.00000 | s_hat=[+0.0039,-0.0052] s_true=[+0.0000,+0.0000] kg·m
[INFO] [1789416340.427826110] [mhe_node]: [tau_phys] roll=-0.415 pitch=-1.111 Nm
[INFO] [1789416340.428418982] [mhe_node]: [mass-diag] m_est=1.9611 T=20.844N tilt=1.38deg cos=0.99971 | T/g=2.1247 T*cos/g=2.1241 | m_est-T*cos/g=-0.1630kg (-7.68%) vz=+0.048
[INFO] [1789416340.428994859] [mhe_node]: [c_xy_est] cx=+0.0014 cy=-0.0025 m
[INFO] [1789416342.440172075] [mhe_node]: MHE mass estimate: 1.961 kg (T_phys=20.73N) | solve=33.5ms (max51.8)
[INFO] [1789416342.440758139] [mhe_node]: [truth] m_hat=1.9611 m_true=2.0643 err=-5.00% | c_hat=[+0.0000,+0.0000] c_true=[+0.0000,+0.0000] | Jxx_hat=0.01420 Jxx_true=0.01420 Jyz_hat=+0.00000 Jyz_true=+0.00000 | s_hat=[-0.0030,-0.0034] s_true=[+0.0000,+0.0000] kg·m
[INFO] [1789416342.441290193] [mhe_node]: [tau_phys] roll=-0.416 pitch=-0.584 Nm
[INFO] [1789416342.441903072] [mhe_node]: [mass-diag] m_est=1.9611 T=20.732N tilt=2.24deg cos=0.99924 | T/g=2.1134 T*cos/g=2.1118 | m_est-T*cos/g=-0.1507kg (-7.14%) vz=+0.010
[INFO] [1789416342.442497262] [mhe_node]: [c_xy_est] cx=-0.0014 cy=-0.0015 m
[INFO] [1789416344.430303121] [mhe_node]: MHE mass estimate: 1.961 kg (T_phys=18.85N) | solve=25.5ms (max35.1)
[INFO] [1789416344.430697130] [mhe_node]: [truth] m_hat=1.9611 m_true=2.0643 err=-5.00% | c_hat=[+0.0000,+0.0000] c_true=[+0.0000,+0.0000] | Jxx_hat=0.01420 Jxx_true=0.01420 Jyz_hat=+0.00000 Jyz_true=+0.00000 | s_hat=[-0.0071,-0.0078] s_true=[+0.0000,+0.0000] kg·m
[INFO] [1789416344.431065172] [mhe_node]: [tau_phys] roll=-0.364 pitch=+1.814 Nm
[INFO] [1789416344.431496229] [mhe_node]: [mass-diag] m_est=1.9611 T=18.849N tilt=1.24deg cos=0.99976 | T/g=1.9214 T*cos/g=1.9210 | m_est-T*cos/g=+0.0401kg (+2.09%) vz=+0.014
[INFO] [1789416344.431902230] [mhe_node]: [c_xy_est] cx=-0.0038 cy=-0.0039 m
[INFO] [1789416345.404260905] [mhe_node]: [c_xy-clamp] 越界剔除 0/300 (0.0%) 上限 0.0390 kg·m clamp=1
[INFO] [1789416346.423633643] [mhe_node]: MHE mass estimate: 1.988 kg (T_phys=21.51N) | solve=37.5ms (max53.2)
[INFO] [1789416346.424027197] [mhe_node]: [truth] m_hat=1.9876 m_true=2.0643 err=-3.71% | c_hat=[+0.0000,+0.0000] c_true=[+0.0000,+0.0000] | Jxx_hat=0.01420 Jxx_true=0.01420 Jyz_hat=+0.00000 Jyz_true=+0.00000 | s_hat=[-0.0080,-0.0077] s_true=[+0.0000,+0.0000] kg·m
[INFO] [1789416346.424397551] [mhe_node]: [tau_phys] roll=-0.090 pitch=+0.058 Nm
[INFO] [1789416346.424814751] [mhe_node]: [mass-diag] m_est=1.9876 T=21.511N tilt=3.12deg cos=0.99852 | T/g=2.1927 T*cos/g=2.1895 | m_est-T*cos/g=-0.2019kg (-9.22%) vz=+0.014
[INFO] [1789416346.425219461] [mhe_node]: [c_xy_est] cx=-0.0048 cy=-0.0033 m
[INFO] [1789416348.408925498] [mhe_node]: MHE mass estimate: 2.198 kg (T_phys=21.68N) | solve=14.6ms (max30.5)
[INFO] [1789416348.409348514] [mhe_node]: [truth] m_hat=2.1984 m_true=2.0643 err=+6.49% | c_hat=[+0.0000,+0.0000] c_true=[+0.0000,+0.0000] | Jxx_hat=0.01420 Jxx_true=0.01420 Jyz_hat=+0.00000 Jyz_true=+0.00000 | s_hat=[-0.0123,-0.0108] s_true=[+0.0000,+0.0000] kg·m
[INFO] [1789416348.409718726] [mhe_node]: [tau_phys] roll=-0.083 pitch=+0.276 Nm
[INFO] [1789416348.410162648] [mhe_node]: [mass-diag] m_est=2.1984 T=21.679N tilt=4.64deg cos=0.99672 | T/g=2.2099 T*cos/g=2.2026 | m_est-T*cos/g=-0.0043kg (-0.19%) vz=+0.148
[INFO] [1789416348.410578280] [mhe_node]: [c_xy_est] cx=-0.0053 cy=-0.0049 m
[INFO] [1789416348.904036641] [mhe_node]: [payload-state] EMPTY->LOADED (sustained m_p evidence, m_p=+0.132kg)
[INFO] [1789416349.004185153] [mhe_node]: [s-collapse] moment 基准未就绪(窗口 0/20, 越界剔除 0) — 暂不判决
[INFO] [1789416350.004122133] [mhe_node]: [s-collapse] moment 基准未就绪(窗口 0/20, 越界剔除 0) — 暂不判决
[INFO] [1789416350.411560055] [mhe_node]: MHE mass estimate: 2.198 kg (T_phys=21.49N) | solve=6.7ms (max9.3)
[INFO] [1789416350.412264402] [mhe_node]: [truth] m_hat=2.1980 m_true=2.0643 err=+6.48% | c_hat=[+0.0000,+0.0000] c_true=[+0.0000,+0.0000] | Jxx_hat=0.01420 Jxx_true=0.01420 Jyz_hat=+0.00000 Jyz_true=+0.00000 | s_hat=[-0.0209,-0.0101] s_true=[+0.0000,+0.0000] kg·m
[INFO] [1789416350.412791318] [mhe_node]: [tau_phys] roll=-0.082 pitch=+0.263 Nm
[INFO] [1789416350.413380729] [mhe_node]: [mass-diag] m_est=2.1980 T=21.495N tilt=2.66deg cos=0.99892 | T/g=2.1911 T*cos/g=2.1887 | m_est-T*cos/g=+0.0093kg (+0.43%) vz=+0.162
[INFO] [1789416350.413958008] [mhe_node]: [c_xy_est] cx=-0.0065 cy=-0.0049 m
[INFO] [1789416350.804083037] [mhe_node]: [c_xy_est] 质量域判据已武装(m_p=0.132kg 连续20帧高于水位)
[INFO] [1789416351.004124634] [mhe_node]: [s-collapse] moment 基准未就绪(窗口 0/20, 越界剔除 0) — 暂不判决
[INFO] [1789416352.004261661] [mhe_node]: [s-collapse] moment 基准未就绪(窗口 0/20, 越界剔除 0) — 暂不判决
[INFO] [1789416352.411501761] [mhe_node]: MHE mass estimate: 2.202 kg (T_phys=21.63N) | solve=6.9ms (max12.8)
[INFO] [1789416352.412070741] [mhe_node]: [truth] m_hat=2.2019 m_true=2.0643 err=+6.66% | c_hat=[+0.0000,+0.0000] c_true=[+0.0000,+0.0000] | Jxx_hat=0.01420 Jxx_true=0.01420 Jyz_hat=+0.00000 Jyz_true=+0.00000 | s_hat=[-0.0139,-0.0099] s_true=[+0.0000,+0.0000] kg·m
[INFO] [1789416352.412594638] [mhe_node]: [tau_phys] roll=-0.076 pitch=+0.081 Nm
[INFO] [1789416352.413185652] [mhe_node]: [mass-diag] m_est=2.2019 T=21.632N tilt=4.97deg cos=0.99623 | T/g=2.2051 T*cos/g=2.1968 | m_est-T*cos/g=+0.0051kg (+0.23%) vz=+0.104
[INFO] [1789416352.413765510] [mhe_node]: [c_xy_est] cx=-0.0065 cy=-0.0049 m
[INFO] [1789416353.004147815] [mhe_node]: [s-collapse] moment 基准未就绪(窗口 0/20, 越界剔除 0) — 暂不判决
[INFO] [1789416354.004156048] [mhe_node]: [s-collapse] moment 基准未就绪(窗口 0/20, 越界剔除 0) — 暂不判决
[INFO] [1789416354.409430890] [mhe_node]: MHE mass estimate: 2.200 kg (T_phys=21.55N) | solve=6.3ms (max10.7)
[INFO] [1789416354.409997022] [mhe_node]: [truth] m_hat=2.2003 m_true=2.0643 err=+6.59% | c_hat=[+0.0000,+0.0000] c_true=[+0.0000,+0.0000] | Jxx_hat=0.01420 Jxx_true=0.01420 Jyz_hat=+0.00000 Jyz_true=+0.00000 | s_hat=[-0.0144,-0.0106] s_true=[+0.0000,+0.0000] kg·m
[INFO] [1789416354.410546838] [mhe_node]: [tau_phys] roll=-0.111 pitch=+0.242 Nm
[INFO] [1789416354.411154414] [mhe_node]: [mass-diag] m_est=2.2003 T=21.546N tilt=2.72deg cos=0.99888 | T/g=2.1963 T*cos/g=2.1938 | m_est-T*cos/g=+0.0064kg (+0.29%) vz=+0.015
[INFO] [1789416354.411755593] [mhe_node]: [c_xy_est] cx=-0.0065 cy=-0.0049 m
[INFO] [1789416355.004145947] [mhe_node]: [s-collapse] moment 基准未就绪(窗口 0/20, 越界剔除 0) — 暂不判决
[INFO] [1789416356.004135996] [mhe_node]: [s-collapse] moment 基准未就绪(窗口 0/20, 越界剔除 0) — 暂不判决
[INFO] [1789416356.409630370] [mhe_node]: MHE mass estimate: 2.199 kg (T_phys=21.56N) | solve=4.9ms (max6.4)
[INFO] [1789416356.410201663] [mhe_node]: [truth] m_hat=2.1987 m_true=2.0643 err=+6.51% | c_hat=[+0.0000,+0.0000] c_true=[+0.0000,+0.0000] | Jxx_hat=0.01420 Jxx_true=0.01420 Jyz_hat=+0.00000 Jyz_true=+0.00000 | s_hat=[-0.0154,-0.0106] s_true=[+0.0000,+0.0000] kg·m
[INFO] [1789416356.410719788] [mhe_node]: [tau_phys] roll=-0.092 pitch=+0.126 Nm
[INFO] [1789416356.411307664] [mhe_node]: [mass-diag] m_est=2.1987 T=21.565N tilt=1.46deg cos=0.99968 | T/g=2.1982 T*cos/g=2.1975 | m_est-T*cos/g=+0.0012kg (+0.06%) vz=-0.015
[INFO] [1789416356.411888876] [mhe_node]: [c_xy_est] cx=-0.0065 cy=-0.0049 m
[INFO] [1789416357.004162345] [mhe_node]: [s-collapse] moment 基准未就绪(窗口 0/20, 越界剔除 0) — 暂不判决
[INFO] [1789416358.004188526] [mhe_node]: [s-collapse] moment 基准未就绪(窗口 0/20, 越界剔除 0) — 暂不判决
[INFO] [1789416358.408356259] [mhe_node]: MHE mass estimate: 2.201 kg (T_phys=21.67N) | solve=4.9ms (max7.6)
[INFO] [1789416358.408763535] [mhe_node]: [truth] m_hat=2.2010 m_true=2.0643 err=+6.62% | c_hat=[+0.0000,+0.0000] c_true=[+0.0000,+0.0000] | Jxx_hat=0.01420 Jxx_true=0.01420 Jyz_hat=+0.00000 Jyz_true=+0.00000 | s_hat=[-0.0131,-0.0106] s_true=[+0.0000,+0.0000] kg·m
[INFO] [1789416358.409132091] [mhe_node]: [tau_phys] roll=-0.095 pitch=+0.171 Nm
[INFO] [1789416358.409547452] [mhe_node]: [mass-diag] m_est=2.2010 T=21.670N tilt=1.54deg cos=0.99964 | T/g=2.2090 T*cos/g=2.2082 | m_est-T*cos/g=-0.0072kg (-0.33%) vz=-0.044
[INFO] [1789416358.409951082] [mhe_node]: [c_xy_est] cx=-0.0065 cy=-0.0049 m
[INFO] [1789416359.004118621] [mhe_node]: [s-collapse] moment 基准未就绪(窗口 0/20, 越界剔除 0) — 暂不判决
[INFO] [1789416360.004238974] [mhe_node]: [s-collapse] moment 基准未就绪(窗口 0/20, 越界剔除 0) — 暂不判决
[INFO] [1789416360.410414659] [mhe_node]: MHE mass estimate: 2.202 kg (T_phys=21.55N) | solve=5.9ms (max9.6)
[INFO] [1789416360.410983812] [mhe_node]: [truth] m_hat=2.2023 m_true=2.0643 err=+6.69% | c_hat=[+0.0000,+0.0000] c_true=[+0.0000,+0.0000] | Jxx_hat=0.01420 Jxx_true=0.01420 Jyz_hat=+0.00000 Jyz_true=+0.00000 | s_hat=[-0.0112,-0.0104] s_true=[+0.0000,+0.0000] kg·m
[INFO] [1789416360.411514084] [mhe_node]: [tau_phys] roll=-0.103 pitch=+0.101 Nm
[INFO] [1789416360.412128561] [mhe_node]: [mass-diag] m_est=2.2023 T=21.545N tilt=2.93deg cos=0.99869 | T/g=2.1963 T*cos/g=2.1934 | m_est-T*cos/g=+0.0089kg (+0.41%) vz=-0.061
[INFO] [1789416360.412713893] [mhe_node]: [c_xy_est] cx=-0.0065 cy=-0.0049 m
[INFO] [1789416361.004188395] [mhe_node]: [s-collapse] moment 基准未就绪(窗口 0/20, 越界剔除 0) — 暂不判决
[INFO] [1789416362.004207895] [mhe_node]: [s-collapse] moment 基准未就绪(窗口 0/20, 越界剔除 0) — 暂不判决
[INFO] [1789416362.409540866] [mhe_node]: MHE mass estimate: 2.201 kg (T_phys=21.55N) | solve=6.0ms (max9.8)
[INFO] [1789416362.410110736] [mhe_node]: [truth] m_hat=2.2014 m_true=2.0643 err=+6.64% | c_hat=[+0.0000,+0.0000] c_true=[+0.0000,+0.0000] | Jxx_hat=0.01420 Jxx_true=0.01420 Jyz_hat=+0.00000 Jyz_true=+0.00000 | s_hat=[-0.0133,-0.0103] s_true=[+0.0000,+0.0000] kg·m
[INFO] [1789416362.410638546] [mhe_node]: [tau_phys] roll=-0.100 pitch=+0.236 Nm
[INFO] [1789416362.411229014] [mhe_node]: [mass-diag] m_est=2.2014 T=21.551N tilt=2.77deg cos=0.99883 | T/g=2.1968 T*cos/g=2.1943 | m_est-T*cos/g=+0.0071kg (+0.32%) vz=-0.092
[INFO] [1789416362.411806420] [mhe_node]: [c_xy_est] cx=-0.0065 cy=-0.0049 m
[INFO] [1789416363.004200579] [mhe_node]: [s-collapse] moment 基准未就绪(窗口 0/20, 越界剔除 0) — 暂不判决
[INFO] [1789416364.004046015] [mhe_node]: [s-collapse] moment 基准未就绪(窗口 0/20, 越界剔除 0) — 暂不判决
[INFO] [1789416364.410534701] [mhe_node]: MHE mass estimate: 2.197 kg (T_phys=21.51N) | solve=5.4ms (max7.7)
[INFO] [1789416364.411103505] [mhe_node]: [truth] m_hat=2.1972 m_true=2.0643 err=+6.44% | c_hat=[+0.0000,+0.0000] c_true=[+0.0000,+0.0000] | Jxx_hat=0.01420 Jxx_true=0.01420 Jyz_hat=+0.00000 Jyz_true=+0.00000 | s_hat=[-0.0187,-0.0106] s_true=[+0.0000,+0.0000] kg·m
[INFO] [1789416364.411625900] [mhe_node]: [tau_phys] roll=-0.098 pitch=+0.162 Nm
[INFO] [1789416364.412220870] [mhe_node]: [mass-diag] m_est=2.1972 T=21.512N tilt=2.58deg cos=0.99898 | T/g=2.1929 T*cos/g=2.1906 | m_est-T*cos/g=+0.0066kg (+0.30%) vz=-0.105
[INFO] [1789416364.412803205] [mhe_node]: [c_xy_est] cx=-0.0065 cy=-0.0049 m
[INFO] [1789416365.004211462] [mhe_node]: [s-collapse] moment 基准未就绪(窗口 0/20, 越界剔除 0) — 暂不判决
[INFO] [1789416366.004137799] [mhe_node]: [s-collapse] moment 基准未就绪(窗口 0/20, 越界剔除 0) — 暂不判决
[INFO] [1789416366.412805510] [mhe_node]: MHE mass estimate: 2.194 kg (T_phys=21.54N) | solve=5.3ms (max11.8)
[INFO] [1789416366.413378738] [mhe_node]: [truth] m_hat=2.1938 m_true=2.0643 err=+6.27% | c_hat=[+0.0000,+0.0000] c_true=[+0.0000,+0.0000] | Jxx_hat=0.01420 Jxx_true=0.01420 Jyz_hat=+0.00000 Jyz_true=+0.00000 | s_hat=[-0.0196,-0.0108] s_true=[+0.0000,+0.0000] kg·m
[INFO] [1789416366.413909573] [mhe_node]: [tau_phys] roll=-0.103 pitch=+0.244 Nm
[INFO] [1789416366.414505819] [mhe_node]: [mass-diag] m_est=2.1938 T=21.536N tilt=1.88deg cos=0.99946 | T/g=2.1953 T*cos/g=2.1941 | m_est-T*cos/g=-0.0003kg (-0.01%) vz=-0.116
[INFO] [1789416366.415091362] [mhe_node]: [c_xy_est] cx=-0.0065 cy=-0.0049 m
[INFO] [1789416367.004208803] [mhe_node]: [s-collapse] moment 基准未就绪(窗口 0/20, 越界剔除 0) — 暂不判决
[INFO] [1789416368.004129663] [mhe_node]: [s-collapse] moment 基准未就绪(窗口 0/20, 越界剔除 0) — 暂不判决
[INFO] [1789416368.409580013] [mhe_node]: MHE mass estimate: 2.195 kg (T_phys=21.58N) | solve=5.1ms (max8.7)
[INFO] [1789416368.410298913] [mhe_node]: [truth] m_hat=2.1953 m_true=2.0643 err=+6.35% | c_hat=[+0.0000,+0.0000] c_true=[+0.0000,+0.0000] | Jxx_hat=0.01420 Jxx_true=0.01420 Jyz_hat=+0.00000 Jyz_true=+0.00000 | s_hat=[-0.0175,-0.0109] s_true=[+0.0000,+0.0000] kg·m
[INFO] [1789416368.410827510] [mhe_node]: [tau_phys] roll=-0.118 pitch=+0.171 Nm
[INFO] [1789416368.411419730] [mhe_node]: [mass-diag] m_est=2.1953 T=21.578N tilt=0.74deg cos=0.99992 | T/g=2.1996 T*cos/g=2.1994 | m_est-T*cos/g=-0.0041kg (-0.18%) vz=-0.124
[INFO] [1789416368.412002871] [mhe_node]: [c_xy_est] cx=-0.0065 cy=-0.0049 m
[INFO] [1789416369.004153817] [mhe_node]: [s-collapse] moment 基准未就绪(窗口 0/20, 越界剔除 0) — 暂不判决
[INFO] [1789416370.004203965] [mhe_node]: [s-collapse] moment 基准未就绪(窗口 0/20, 越界剔除 0) — 暂不判决
[INFO] [1789416370.409513774] [mhe_node]: MHE mass estimate: 2.199 kg (T_phys=21.71N) | solve=5.3ms (max10.7)
[INFO] [1789416370.410086130] [mhe_node]: [truth] m_hat=2.1995 m_true=2.0643 err=+6.55% | c_hat=[+0.0000,+0.0000] c_true=[+0.0000,+0.0000] | Jxx_hat=0.01420 Jxx_true=0.01420 Jyz_hat=+0.00000 Jyz_true=+0.00000 | s_hat=[-0.0152,-0.0113] s_true=[+0.0000,+0.0000] kg·m
[INFO] [1789416370.410611954] [mhe_node]: [tau_phys] roll=-0.109 pitch=+0.145 Nm
[INFO] [1789416370.411210512] [mhe_node]: [mass-diag] m_est=2.1995 T=21.707N tilt=1.62deg cos=0.99960 | T/g=2.2128 T*cos/g=2.2119 | m_est-T*cos/g=-0.0124kg (-0.56%) vz=-0.115
[INFO] [1789416370.411794975] [mhe_node]: [c_xy_est] cx=-0.0065 cy=-0.0049 m
[INFO] [1789416371.004058152] [mhe_node]: [s-collapse] moment 基准未就绪(窗口 0/20, 越界剔除 0) — 暂不判决
[INFO] [1789416372.004225060] [mhe_node]: [s-collapse] moment 基准未就绪(窗口 0/20, 越界剔除 0) — 暂不判决
[INFO] [1789416372.410198455] [mhe_node]: MHE mass estimate: 2.203 kg (T_phys=21.72N) | solve=5.5ms (max7.5)
[INFO] [1789416372.410613723] [mhe_node]: [truth] m_hat=2.2026 m_true=2.0643 err=+6.70% | c_hat=[+0.0000,+0.0000] c_true=[+0.0000,+0.0000] | Jxx_hat=0.01420 Jxx_true=0.01420 Jyz_hat=+0.00000 Jyz_true=+0.00000 | s_hat=[-0.0114,-0.0115] s_true=[+0.0000,+0.0000] kg·m
[INFO] [1789416372.410979487] [mhe_node]: [tau_phys] roll=-0.107 pitch=+0.097 Nm
[INFO] [1789416372.411395326] [mhe_node]: [mass-diag] m_est=2.2026 T=21.716N tilt=2.54deg cos=0.99902 | T/g=2.2136 T*cos/g=2.2115 | m_est-T*cos/g=-0.0089kg (-0.40%) vz=-0.084
[INFO] [1789416372.411800298] [mhe_node]: [c_xy_est] cx=-0.0065 cy=-0.0049 m
[INFO] [1789416373.004049022] [mhe_node]: [s-collapse] moment 基准未就绪(窗口 0/20, 越界剔除 0) — 暂不判决
[INFO] [1789416374.004147175] [mhe_node]: [s-collapse] moment 基准未就绪(窗口 0/20, 越界剔除 0) — 暂不判决
[INFO] [1789416374.411484163] [mhe_node]: MHE mass estimate: 2.202 kg (T_phys=21.60N) | solve=5.6ms (max10.7)
[INFO] [1789416374.412056818] [mhe_node]: [truth] m_hat=2.2019 m_true=2.0643 err=+6.66% | c_hat=[+0.0000,+0.0000] c_true=[+0.0000,+0.0000] | Jxx_hat=0.01420 Jxx_true=0.01420 Jyz_hat=+0.00000 Jyz_true=+0.00000 | s_hat=[-0.0111,-0.0120] s_true=[+0.0000,+0.0000] kg·m
[INFO] [1789416374.412586085] [mhe_node]: [tau_phys] roll=-0.111 pitch=+0.100 Nm
[INFO] [1789416374.413186222] [mhe_node]: [mass-diag] m_est=2.2019 T=21.604N tilt=2.59deg cos=0.99898 | T/g=2.2023 T*cos/g=2.2000 | m_est-T*cos/g=+0.0018kg (+0.08%) vz=-0.055
[INFO] [1789416374.413771311] [mhe_node]: [c_xy_est] cx=-0.0065 cy=-0.0049 m
[INFO] [1789416375.004136893] [mhe_node]: [s-collapse] moment 基准未就绪(窗口 0/20, 越界剔除 0) — 暂不判决
[INFO] [1789416376.004218039] [mhe_node]: [s-collapse] moment 基准未就绪(窗口 0/20, 越界剔除 0) — 暂不判决
[INFO] [1789416376.410515035] [mhe_node]: MHE mass estimate: 2.203 kg (T_phys=21.64N) | solve=4.8ms (max5.6)
[INFO] [1789416376.411098525] [mhe_node]: [truth] m_hat=2.2035 m_true=2.0643 err=+6.74% | c_hat=[+0.0000,+0.0000] c_true=[+0.0000,+0.0000] | Jxx_hat=0.01420 Jxx_true=0.01420 Jyz_hat=+0.00000 Jyz_true=+0.00000 | s_hat=[-0.0137,-0.0115] s_true=[+0.0000,+0.0000] kg·m
[INFO] [1789416376.411630734] [mhe_node]: [tau_phys] roll=-0.113 pitch=+0.208 Nm
[INFO] [1789416376.412234019] [mhe_node]: [mass-diag] m_est=2.2035 T=21.636N tilt=2.19deg cos=0.99927 | T/g=2.2055 T*cos/g=2.2039 | m_est-T*cos/g=-0.0004kg (-0.02%) vz=-0.003
[INFO] [1789416376.412820929] [mhe_node]: [c_xy_est] cx=-0.0065 cy=-0.0049 m
[INFO] [1789416377.004237953] [mhe_node]: [s-collapse] moment 基准未就绪(窗口 0/20, 越界剔除 0) — 暂不判决
[INFO] [1789416378.004210627] [mhe_node]: [s-collapse] moment 基准未就绪(窗口 0/20, 越界剔除 0) — 暂不判决
[INFO] [1789416378.421684559] [mhe_node]: MHE mass estimate: 2.161 kg (T_phys=18.70N) | solve=6.8ms (max16.8)
[INFO] [1789416378.422252812] [mhe_node]: [truth] m_hat=2.1612 m_true=2.0643 err=+4.70% | c_hat=[+0.0000,+0.0000] c_true=[+0.0000,+0.0000] | Jxx_hat=0.01420 Jxx_true=0.01420 Jyz_hat=+0.00000 Jyz_true=+0.00000 | s_hat=[-0.0138,-0.0080] s_true=[+0.0000,+0.0000] kg·m
[INFO] [1789416378.422770636] [mhe_node]: [tau_phys] roll=+0.030 pitch=-0.703 Nm
[INFO] [1789416378.423357304] [mhe_node]: [mass-diag] m_est=2.1612 T=18.695N tilt=1.33deg cos=0.99973 | T/g=1.9057 T*cos/g=1.9052 | m_est-T*cos/g=+0.2560kg (+13.44%) vz=+0.146
[INFO] [1789416378.423932149] [mhe_node]: [c_xy_est] cx=-0.0065 cy=-0.0049 m
[INFO] [1789416379.004034722] [mhe_node]: [s-collapse] moment 基准未就绪(窗口 0/20, 越界剔除 0) — 暂不判决
[INFO] [1789416380.004130883] [mhe_node]: [s-collapse] moment 基准未就绪(窗口 0/20, 越界剔除 0) — 暂不判决
[INFO] [1789416380.439538652] [mhe_node]: MHE mass estimate: 1.961 kg (T_phys=20.39N) | solve=31.5ms (max55.0)
[INFO] [1789416380.440091199] [mhe_node]: [truth] m_hat=1.9611 m_true=2.0643 err=-5.00% | c_hat=[+0.0000,+0.0000] c_true=[+0.0000,+0.0000] | Jxx_hat=0.01420 Jxx_true=0.01420 Jyz_hat=+0.00000 Jyz_true=+0.00000 | s_hat=[+0.0045,+0.0001] s_true=[+0.0000,+0.0000] kg·m
[INFO] [1789416380.440611071] [mhe_node]: [tau_phys] roll=-0.001 pitch=+0.043 Nm
[INFO] [1789416380.441207810] [mhe_node]: [mass-diag] m_est=1.9611 T=20.387N tilt=1.54deg cos=0.99964 | T/g=2.0782 T*cos/g=2.0774 | m_est-T*cos/g=-0.1164kg (-5.60%) vz=+0.012
[INFO] [1789416380.441783894] [mhe_node]: [c_xy_est] cx=-0.0065 cy=-0.0049 m
[INFO] [1789416381.004203471] [mhe_node]: [s-collapse] moment 基准未就绪(窗口 0/20, 越界剔除 0) — 暂不判决
[INFO] [1789416382.004157284] [mhe_node]: [s-collapse] moment 基准未就绪(窗口 0/20, 越界剔除 0) — 暂不判决
[INFO] [1789416382.410045572] [mhe_node]: MHE mass estimate: 2.059 kg (T_phys=20.28N) | solve=11.8ms (max34.1)
[INFO] [1789416382.410438871] [mhe_node]: [truth] m_hat=2.0586 m_true=2.0643 err=-0.28% | c_hat=[+0.0000,+0.0000] c_true=[+0.0000,+0.0000] | Jxx_hat=0.01420 Jxx_true=0.01420 Jyz_hat=+0.00000 Jyz_true=+0.00000 | s_hat=[-0.0029,+0.0000] s_true=[+0.0000,+0.0000] kg·m
[INFO] [1789416382.410803084] [mhe_node]: [tau_phys] roll=-0.001 pitch=+0.013 Nm
[INFO] [1789416382.411220181] [mhe_node]: [mass-diag] m_est=2.0586 T=20.277N tilt=2.79deg cos=0.99882 | T/g=2.0670 T*cos/g=2.0646 | m_est-T*cos/g=-0.0060kg (-0.29%) vz=+0.074
[INFO] [1789416382.411624581] [mhe_node]: [c_xy_est] cx=-0.0065 cy=-0.0049 m
[INFO] [1789416383.004106066] [mhe_node]: [s-collapse] moment 基准未就绪(窗口 0/20, 越界剔除 0) — 暂不判决
[INFO] [1789416384.004195344] [mhe_node]: [s-collapse] moment 基准未就绪(窗口 0/20, 越界剔除 0) — 暂不判决
[INFO] [1789416384.411936370] [mhe_node]: MHE mass estimate: 2.058 kg (T_phys=20.15N) | solve=5.7ms (max8.5)
[INFO] [1789416384.412480985] [mhe_node]: [truth] m_hat=2.0579 m_true=2.0643 err=-0.31% | c_hat=[+0.0000,+0.0000] c_true=[+0.0000,+0.0000] | Jxx_hat=0.01420 Jxx_true=0.01420 Jyz_hat=+0.00000 Jyz_true=+0.00000 | s_hat=[-0.0028,-0.0000] s_true=[+0.0000,+0.0000] kg·m
[INFO] [1789416384.413002597] [mhe_node]: [tau_phys] roll=+0.000 pitch=+0.047 Nm
[INFO] [1789416384.413593975] [mhe_node]: [mass-diag] m_est=2.0579 T=20.146N tilt=3.06deg cos=0.99857 | T/g=2.0536 T*cos/g=2.0507 | m_est-T*cos/g=+0.0072kg (+0.35%) vz=+0.094
[INFO] [1789416384.414178683] [mhe_node]: [c_xy_est] cx=-0.0065 cy=-0.0049 m
[INFO] [1789416385.004129081] [mhe_node]: [s-collapse] moment 基准未就绪(窗口 0/20, 越界剔除 0) — 暂不判决
[INFO] [1789416386.004167624] [mhe_node]: [s-collapse] moment 基准未就绪(窗口 0/20, 越界剔除 0) — 暂不判决
[INFO] [1789416386.416329387] [mhe_node]: MHE mass estimate: 2.055 kg (T_phys=20.24N) | solve=6.0ms (max11.4)
[INFO] [1789416386.417006209] [mhe_node]: [truth] m_hat=2.0547 m_true=2.0643 err=-0.46% | c_hat=[+0.0000,+0.0000] c_true=[+0.0000,+0.0000] | Jxx_hat=0.01420 Jxx_true=0.01420 Jyz_hat=+0.00000 Jyz_true=+0.00000 | s_hat=[-0.0045,+0.0003] s_true=[+0.0000,+0.0000] kg·m
[INFO] [1789416386.417527772] [mhe_node]: [tau_phys] roll=+0.006 pitch=+0.065 Nm
[INFO] [1789416386.418122191] [mhe_node]: [mass-diag] m_est=2.0547 T=20.241N tilt=2.98deg cos=0.99865 | T/g=2.0633 T*cos/g=2.0605 | m_est-T*cos/g=-0.0058kg (-0.28%) vz=+0.100
[INFO] [1789416386.418701141] [mhe_node]: [c_xy_est] cx=-0.0065 cy=-0.0049 m
[INFO] [1789416387.004154816] [mhe_node]: [s-collapse] moment 基准未就绪(窗口 0/20, 越界剔除 0) — 暂不判决
[INFO] [1789416388.004131813] [mhe_node]: [s-collapse] moment 基准未就绪(窗口 0/20, 越界剔除 0) — 暂不判决
[INFO] [1789416388.411934283] [mhe_node]: MHE mass estimate: 2.055 kg (T_phys=20.19N) | solve=5.4ms (max11.7)
[INFO] [1789416388.412477809] [mhe_node]: [truth] m_hat=2.0546 m_true=2.0643 err=-0.47% | c_hat=[+0.0000,+0.0000] c_true=[+0.0000,+0.0000] | Jxx_hat=0.01420 Jxx_true=0.01420 Jyz_hat=+0.00000 Jyz_true=+0.00000 | s_hat=[-0.0057,+0.0006] s_true=[+0.0000,+0.0000] kg·m
[INFO] [1789416388.412993817] [mhe_node]: [tau_phys] roll=+0.009 pitch=+0.057 Nm
[INFO] [1789416388.413580590] [mhe_node]: [mass-diag] m_est=2.0546 T=20.191N tilt=1.48deg cos=0.99967 | T/g=2.0582 T*cos/g=2.0575 | m_est-T*cos/g=-0.0029kg (-0.14%) vz=+0.108
[INFO] [1789416388.414160847] [mhe_node]: [c_xy_est] cx=-0.0065 cy=-0.0049 m
[INFO] [1789416389.004050023] [mhe_node]: [s-collapse] moment 基准未就绪(窗口 0/20, 越界剔除 0) — 暂不判决
[INFO] [1789416390.004121965] [mhe_node]: [s-collapse] moment 基准未就绪(窗口 0/20, 越界剔除 0) — 暂不判决
[INFO] [1789416390.412935489] [mhe_node]: MHE mass estimate: 2.055 kg (T_phys=20.19N) | solve=4.9ms (max8.0)
[INFO] [1789416390.413479601] [mhe_node]: [truth] m_hat=2.0552 m_true=2.0643 err=-0.44% | c_hat=[+0.0000,+0.0000] c_true=[+0.0000,+0.0000] | Jxx_hat=0.01420 Jxx_true=0.01420 Jyz_hat=+0.00000 Jyz_true=+0.00000 | s_hat=[-0.0049,+0.0006] s_true=[+0.0000,+0.0000] kg·m
[INFO] [1789416390.414001404] [mhe_node]: [tau_phys] roll=+0.003 pitch=+0.014 Nm
[INFO] [1789416390.414593205] [mhe_node]: [mass-diag] m_est=2.0552 T=20.194N tilt=1.74deg cos=0.99954 | T/g=2.0585 T*cos/g=2.0576 | m_est-T*cos/g=-0.0024kg (-0.11%) vz=+0.116
[INFO] [1789416390.415179893] [mhe_node]: [c_xy_est] cx=-0.0065 cy=-0.0049 m
[INFO] [1789416391.004121090] [mhe_node]: [s-collapse] moment 基准未就绪(窗口 0/20, 越界剔除 0) — 暂不判决
[INFO] [1789416392.004127819] [mhe_node]: [s-collapse] moment 基准未就绪(窗口 0/20, 越界剔除 0) — 暂不判决
[INFO] [1789416392.410405572] [mhe_node]: MHE mass estimate: 2.061 kg (T_phys=20.16N) | solve=6.5ms (max10.1)
[INFO] [1789416392.410954257] [mhe_node]: [truth] m_hat=2.0613 m_true=2.0643 err=-0.15% | c_hat=[+0.0000,+0.0000] c_true=[+0.0000,+0.0000] | Jxx_hat=0.01420 Jxx_true=0.01420 Jyz_hat=+0.00000 Jyz_true=+0.00000 | s_hat=[-0.0015,+0.0003] s_true=[+0.0000,+0.0000] kg·m
[INFO] [1789416392.411477692] [mhe_node]: [tau_phys] roll=+0.002 pitch=+0.007 Nm
[INFO] [1789416392.412070778] [mhe_node]: [mass-diag] m_est=2.0613 T=20.165N tilt=2.58deg cos=0.99899 | T/g=2.0555 T*cos/g=2.0534 | m_est-T*cos/g=+0.0078kg (+0.38%) vz=+0.023
[INFO] [1789416392.412659194] [mhe_node]: [c_xy_est] cx=-0.0065 cy=-0.0049 m
[INFO] [1789416393.004324251] [mhe_node]: [s-collapse] moment 基准未就绪(窗口 7/20, 越界剔除 0) — 暂不判决
[INFO] [1789416394.004191949] [mhe_node]: [s-collapse] moment 基准未就绪(窗口 17/20, 越界剔除 0) — 暂不判决
[INFO] [1789416394.304005379] [mhe_node]: [payload-state] LOADED->EMPTY (drop, m_p=-0.002kg)
[INFO] [1789416394.304229225] [mhe_node]: [c_xy_est] 载荷释放(mass-based m_p<0.030kg x20帧) → 在线偏心估计归零(重新播种)
[INFO] [1789416394.309867948] [mhe_node]: [s-decay] n=1 |s_est|=0.00024 |s_target|=0.00000 |s_out|=0.00024 d_s_out=-0.00012 conf=1.000 present=0 armed=0 latched=1 health=1
[INFO] [1789416394.409704760] [mhe_node]: MHE mass estimate: 2.061 kg (T_phys=20.21N) | solve=4.7ms (max7.9)
[INFO] [1789416394.410247374] [mhe_node]: [truth] m_hat=2.0611 m_true=2.0643 err=-0.15% | c_hat=[+0.0000,+0.0000] c_true=[+0.0000,+0.0000] | Jxx_hat=0.01420 Jxx_true=0.01420 Jyz_hat=+0.00000 Jyz_true=+0.00000 | s_hat=[-0.0002,+0.0000] s_true=[+0.0000,+0.0000] kg·m
[INFO] [1789416394.410769563] [mhe_node]: [tau_phys] roll=+0.000 pitch=-0.002 Nm
[INFO] [1789416394.411364199] [mhe_node]: [mass-diag] m_est=2.0611 T=20.206N tilt=0.35deg cos=0.99998 | T/g=2.0597 T*cos/g=2.0597 | m_est-T*cos/g=+0.0014kg (+0.07%) vz=-0.004
[INFO] [1789416394.411953804] [mhe_node]: [c_xy_est] cx=-0.0001 cy=+0.0000 m
[INFO] [1789416394.412328212] [mhe_node]: [s-decay] n=2 |s_est|=0.00020 |s_target|=0.00000 |s_out|=0.00016 d_s_out=-0.00008 conf=1.000 present=0 armed=0 latched=1 health=1
[INFO] [1789416394.508726219] [mhe_node]: [s-decay] n=3 |s_est|=0.00017 |s_target|=0.00000 |s_out|=0.00011 d_s_out=-0.00005 conf=1.000 present=0 armed=0 latched=1 health=1
[INFO] [1789416394.608421340] [mhe_node]: [s-decay] n=4 |s_est|=0.00014 |s_target|=0.00000 |s_out|=0.00007 d_s_out=-0.00003 conf=1.000 present=0 armed=0 latched=1 health=1
[INFO] [1789416394.708436727] [mhe_node]: [s-decay] n=5 |s_est|=0.00012 |s_target|=0.00000 |s_out|=0.00005 d_s_out=-0.00002 conf=1.000 present=0 armed=0 latched=1 health=1
[INFO] [1789416394.808531857] [mhe_node]: [s-decay] n=6 |s_est|=0.00010 |s_target|=0.00000 |s_out|=0.00003 d_s_out=-0.00002 conf=1.000 present=0 armed=0 latched=1 health=1
[INFO] [1789416394.908469056] [mhe_node]: [s-decay] n=7 |s_est|=0.00008 |s_target|=0.00000 |s_out|=0.00002 d_s_out=-0.00001 conf=1.000 present=0 armed=0 latched=1 health=1
[INFO] [1789416395.008428168] [mhe_node]: [s-decay] n=8 |s_est|=0.00007 |s_target|=0.00000 |s_out|=0.00001 d_s_out=-0.00001 conf=1.000 present=0 armed=0 latched=1 health=1
[INFO] [1789416395.108598088] [mhe_node]: [s-decay] n=9 |s_est|=0.00006 |s_target|=0.00000 |s_out|=0.00001 d_s_out=-0.00000 conf=1.000 present=0 armed=0 latched=1 health=1
[INFO] [1789416395.208554720] [mhe_node]: [s-decay] n=10 |s_est|=0.00005 |s_target|=0.00000 |s_out|=0.00001 d_s_out=-0.00000 conf=1.000 present=0 armed=0 latched=1 health=1
[INFO] [1789416395.308340714] [mhe_node]: [s-decay] n=11 |s_est|=0.00005 |s_target|=0.00000 |s_out|=0.00000 d_s_out=-0.00000 conf=1.000 present=0 armed=0 latched=1 health=1
[INFO] [1789416395.408697865] [mhe_node]: [s-decay] n=12 |s_est|=0.00005 |s_target|=0.00000 |s_out|=0.00000 d_s_out=-0.00000 conf=1.000 present=0 armed=0 latched=1 health=1
[INFO] [1789416395.508393097] [mhe_node]: [s-decay] n=13 |s_est|=0.00004 |s_target|=0.00000 |s_out|=0.00000 d_s_out=-0.00000 conf=1.000 present=0 armed=0 latched=1 health=1
[INFO] [1789416395.608492849] [mhe_node]: [s-decay] n=14 |s_est|=0.00004 |s_target|=0.00000 |s_out|=0.00000 d_s_out=-0.00000 conf=1.000 present=0 armed=0 latched=1 health=1
[INFO] [1789416395.708314870] [mhe_node]: [s-decay] n=15 |s_est|=0.00004 |s_target|=0.00000 |s_out|=0.00000 d_s_out=-0.00000 conf=1.000 present=0 armed=0 latched=1 health=1
[INFO] [1789416395.808369565] [mhe_node]: [s-decay] n=16 |s_est|=0.00004 |s_target|=0.00000 |s_out|=0.00000 d_s_out=-0.00000 conf=1.000 present=0 armed=0 latched=1 health=1
[INFO] [1789416395.908354019] [mhe_node]: [s-decay] n=17 |s_est|=0.00004 |s_target|=0.00000 |s_out|=0.00000 d_s_out=-0.00000 conf=1.000 present=0 armed=0 latched=1 health=1
[INFO] [1789416396.008460148] [mhe_node]: [s-decay] n=18 |s_est|=0.00003 |s_target|=0.00000 |s_out|=0.00000 d_s_out=-0.00000 conf=1.000 present=0 armed=0 latched=1 health=1
[INFO] [1789416396.108363292] [mhe_node]: [s-decay] n=19 |s_est|=0.00003 |s_target|=0.00000 |s_out|=0.00000 d_s_out=-0.00000 conf=1.000 present=0 armed=0 latched=1 health=1
[INFO] [1789416396.208319459] [mhe_node]: [s-decay] n=20 |s_est|=0.00003 |s_target|=0.00000 |s_out|=0.00000 d_s_out=-0.00000 conf=1.000 present=0 armed=0 latched=1 health=1
[INFO] [1789416396.308508879] [mhe_node]: [s-decay] n=21 |s_est|=0.00002 |s_target|=0.00000 |s_out|=0.00000 d_s_out=-0.00000 conf=1.000 present=0 armed=0 latched=1 health=1
[INFO] [1789416396.408475090] [mhe_node]: MHE mass estimate: 2.061 kg (T_phys=20.22N) | solve=3.6ms (max3.8)
[INFO] [1789416396.409014973] [mhe_node]: [truth] m_hat=2.0610 m_true=2.0643 err=-0.16% | c_hat=[+0.0000,+0.0000] c_true=[+0.0000,+0.0000] | Jxx_hat=0.01420 Jxx_true=0.01420 Jyz_hat=+0.00000 Jyz_true=+0.00000 | s_hat=[-0.0000,+0.0000] s_true=[+0.0000,+0.0000] kg·m
[INFO] [1789416396.409539006] [mhe_node]: [tau_phys] roll=-0.002 pitch=-0.003 Nm
[INFO] [1789416396.410124745] [mhe_node]: [mass-diag] m_est=2.0610 T=20.225N tilt=0.30deg cos=0.99999 | T/g=2.0617 T*cos/g=2.0616 | m_est-T*cos/g=-0.0006kg (-0.03%) vz=-0.001
[INFO] [1789416396.410705088] [mhe_node]: [c_xy_est] cx=-0.0000 cy=+0.0000 m
[INFO] [1789416396.411082049] [mhe_node]: [s-decay] n=22 |s_est|=0.00001 |s_target|=0.00000 |s_out|=0.00000 d_s_out=-0.00000 conf=1.000 present=0 armed=0 latched=1 health=1
[INFO] [1789416396.508390466] [mhe_node]: [s-decay] n=23 |s_est|=0.00000 |s_target|=0.00000 |s_out|=0.00000 d_s_out=-0.00000 conf=1.000 present=0 armed=0 latched=1 health=1
[INFO] [1789416396.608512617] [mhe_node]: [s-decay] n=24 |s_est|=0.00002 |s_target|=0.00000 |s_out|=0.00000 d_s_out=-0.00000 conf=1.000 present=0 armed=0 latched=1 health=1
[INFO] [1789416396.708406303] [mhe_node]: [s-decay] n=25 |s_est|=0.00004 |s_target|=0.00000 |s_out|=0.00000 d_s_out=-0.00000 conf=1.000 present=0 armed=0 latched=1 health=1
[INFO] [1789416396.808397238] [mhe_node]: [s-decay] n=26 |s_est|=0.00006 |s_target|=0.00000 |s_out|=0.00000 d_s_out=-0.00000 conf=1.000 present=0 armed=0 latched=1 health=1
[INFO] [1789416396.908424481] [mhe_node]: [s-decay] n=27 |s_est|=0.00007 |s_target|=0.00000 |s_out|=0.00000 d_s_out=-0.00000 conf=1.000 present=0 armed=0 latched=1 health=1
[INFO] [1789416397.007001895] [mhe_node]: [s-decay] n=28 |s_est|=0.00008 |s_target|=0.00000 |s_out|=0.00000 d_s_out=-0.00000 conf=1.000 present=0 armed=0 latched=1 health=1
[INFO] [1789416397.106952681] [mhe_node]: [s-decay] n=29 |s_est|=0.00008 |s_target|=0.00000 |s_out|=0.00000 d_s_out=-0.00000 conf=1.000 present=0 armed=0 latched=1 health=1
[INFO] [1789416397.207298329] [mhe_node]: [s-decay] n=30 |s_est|=0.00009 |s_target|=0.00000 |s_out|=0.00000 d_s_out=-0.00000 conf=1.000 present=0 armed=0 latched=1 health=1
[INFO] [1789416397.308331354] [mhe_node]: [s-decay] n=31 |s_est|=0.00009 |s_target|=0.00000 |s_out|=0.00000 d_s_out=-0.00000 conf=1.000 present=0 armed=0 latched=1 health=1
[INFO] [1789416397.408283835] [mhe_node]: [s-decay] n=32 |s_est|=0.00010 |s_target|=0.00000 |s_out|=0.00000 d_s_out=-0.00000 conf=1.000 present=0 armed=0 latched=1 health=1
[INFO] [1789416397.508705793] [mhe_node]: [s-decay] n=33 |s_est|=0.00010 |s_target|=0.00000 |s_out|=0.00000 d_s_out=-0.00000 conf=1.000 present=0 armed=0 latched=1 health=1
[INFO] [1789416397.606941366] [mhe_node]: [s-decay] n=34 |s_est|=0.00010 |s_target|=0.00000 |s_out|=0.00000 d_s_out=-0.00000 conf=1.000 present=0 armed=0 latched=1 health=1
[INFO] [1789416397.708482346] [mhe_node]: [s-decay] n=35 |s_est|=0.00010 |s_target|=0.00000 |s_out|=0.00000 d_s_out=-0.00000 conf=1.000 present=0 armed=0 latched=1 health=1
[INFO] [1789416397.808476999] [mhe_node]: [s-decay] n=36 |s_est|=0.00009 |s_target|=0.00000 |s_out|=0.00000 d_s_out=-0.00000 conf=1.000 present=0 armed=0 latched=1 health=1
[INFO] [1789416397.908372045] [mhe_node]: [s-decay] n=37 |s_est|=0.00008 |s_target|=0.00000 |s_out|=0.00000 d_s_out=-0.00000 conf=1.000 present=0 armed=0 latched=1 health=1
[INFO] [1789416398.008325300] [mhe_node]: [s-decay] n=38 |s_est|=0.00007 |s_target|=0.00000 |s_out|=0.00000 d_s_out=-0.00000 conf=1.000 present=0 armed=0 latched=1 health=1
[INFO] [1789416398.108506564] [mhe_node]: [s-decay] n=39 |s_est|=0.00006 |s_target|=0.00000 |s_out|=0.00000 d_s_out=-0.00000 conf=1.000 present=0 armed=0 latched=1 health=1
[INFO] [1789416398.208430755] [mhe_node]: [s-decay] n=40 |s_est|=0.00005 |s_target|=0.00000 |s_out|=0.00000 d_s_out=-0.00000 conf=1.000 present=0 armed=0 latched=1 health=1
[INFO] [1789416398.308365425] [mhe_node]: [s-decay] n=41 |s_est|=0.00005 |s_target|=0.00000 |s_out|=0.00000 d_s_out=-0.00000 conf=1.000 present=0 armed=0 latched=1 health=1
[INFO] [1789416398.408463636] [mhe_node]: MHE mass estimate: 2.063 kg (T_phys=20.28N) | solve=3.4ms (max3.8)
[INFO] [1789416398.409020625] [mhe_node]: [truth] m_hat=2.0626 m_true=2.0643 err=-0.08% | c_hat=[+0.0000,+0.0000] c_true=[+0.0000,+0.0000] | Jxx_hat=0.01420 Jxx_true=0.01420 Jyz_hat=+0.00000 Jyz_true=+0.00000 | s_hat=[+0.0000,+0.0000] s_true=[+0.0000,+0.0000] kg·m
[INFO] [1789416398.409547140] [mhe_node]: [tau_phys] roll=+0.000 pitch=+0.001 Nm
[INFO] [1789416398.410141713] [mhe_node]: [mass-diag] m_est=2.0626 T=20.276N tilt=0.35deg cos=0.99998 | T/g=2.0669 T*cos/g=2.0668 | m_est-T*cos/g=-0.0042kg (-0.21%) vz=+0.010
[INFO] [1789416398.410728576] [mhe_node]: [c_xy_est] cx=+0.0000 cy=+0.0000 m
[INFO] [1789416398.411120214] [mhe_node]: [s-decay] n=42 |s_est|=0.00006 |s_target|=0.00000 |s_out|=0.00000 d_s_out=-0.00000 conf=1.000 present=0 armed=0 latched=1 health=1
[INFO] [1789416398.508423736] [mhe_node]: [s-decay] n=43 |s_est|=0.00006 |s_target|=0.00000 |s_out|=0.00000 d_s_out=-0.00000 conf=1.000 present=0 armed=0 latched=1 health=1
[INFO] [1789416398.607093996] [mhe_node]: [s-decay] n=44 |s_est|=0.00007 |s_target|=0.00000 |s_out|=0.00000 d_s_out=-0.00000 conf=1.000 present=0 armed=0 latched=1 health=1
[INFO] [1789416398.708420172] [mhe_node]: [s-decay] n=45 |s_est|=0.00009 |s_target|=0.00000 |s_out|=0.00000 d_s_out=-0.00000 conf=1.000 present=0 armed=0 latched=1 health=1
[INFO] [1789416398.808495786] [mhe_node]: [s-decay] n=46 |s_est|=0.00010 |s_target|=0.00000 |s_out|=0.00000 d_s_out=-0.00000 conf=1.000 present=0 armed=0 latched=1 health=1
[INFO] [1789416398.908399595] [mhe_node]: [s-decay] n=47 |s_est|=0.00012 |s_target|=0.00000 |s_out|=0.00000 d_s_out=-0.00000 conf=1.000 present=0 armed=0 latched=1 health=1
[INFO] [1789416399.008502514] [mhe_node]: [s-decay] n=48 |s_est|=0.00013 |s_target|=0.00000 |s_out|=0.00000 d_s_out=-0.00000 conf=1.000 present=0 armed=0 latched=1 health=1
[INFO] [1789416399.108375084] [mhe_node]: [s-decay] n=49 |s_est|=0.00015 |s_target|=0.00000 |s_out|=0.00000 d_s_out=-0.00000 conf=1.000 present=0 armed=0 latched=1 health=1
[INFO] [1789416399.208471001] [mhe_node]: [s-decay] n=50 |s_est|=0.00016 |s_target|=0.00000 |s_out|=0.00000 d_s_out=-0.00000 conf=1.000 present=0 armed=0 latched=1 health=1
[INFO] [1789416399.307184046] [mhe_node]: [s-decay] n=51 |s_est|=0.00016 |s_target|=0.00000 |s_out|=0.00000 d_s_out=-0.00000 conf=1.000 present=0 armed=0 latched=1 health=1
[INFO] [1789416399.408586560] [mhe_node]: [s-decay] n=52 |s_est|=0.00017 |s_target|=0.00000 |s_out|=0.00000 d_s_out=-0.00000 conf=1.000 present=0 armed=0 latched=1 health=1
[INFO] [1789416399.507172206] [mhe_node]: [s-decay] n=53 |s_est|=0.00017 |s_target|=0.00000 |s_out|=0.00000 d_s_out=-0.00000 conf=1.000 present=0 armed=0 latched=1 health=1
[INFO] [1789416399.608595702] [mhe_node]: [s-decay] n=54 |s_est|=0.00017 |s_target|=0.00000 |s_out|=0.00000 d_s_out=-0.00000 conf=1.000 present=0 armed=0 latched=1 health=1
[INFO] [1789416399.708358382] [mhe_node]: [s-decay] n=55 |s_est|=0.00017 |s_target|=0.00000 |s_out|=0.00000 d_s_out=-0.00000 conf=1.000 present=0 armed=0 latched=1 health=1
[INFO] [1789416399.808339202] [mhe_node]: [s-decay] n=56 |s_est|=0.00016 |s_target|=0.00000 |s_out|=0.00000 d_s_out=-0.00000 conf=1.000 present=0 armed=0 latched=1 health=1
[INFO] [1789416399.908741909] [mhe_node]: [s-decay] n=57 |s_est|=0.00015 |s_target|=0.00000 |s_out|=0.00000 d_s_out=-0.00000 conf=1.000 present=0 armed=0 latched=1 health=1
[INFO] [1789416400.008598733] [mhe_node]: [s-decay] n=58 |s_est|=0.00013 |s_target|=0.00000 |s_out|=0.00000 d_s_out=-0.00000 conf=1.000 present=0 armed=0 latched=1 health=1
[INFO] [1789416400.108377099] [mhe_node]: [s-decay] n=59 |s_est|=0.00011 |s_target|=0.00000 |s_out|=0.00000 d_s_out=-0.00000 conf=1.000 present=0 armed=0 latched=1 health=1
[INFO] [1789416400.208823390] [mhe_node]: [s-decay] n=60 |s_est|=0.00008 |s_target|=0.00000 |s_out|=0.00000 d_s_out=-0.00000 conf=1.000 present=0 armed=0 latched=1 health=1
[INFO] [1789416400.308617885] [mhe_node]: [s-decay] n=61 |s_est|=0.00007 |s_target|=0.00000 |s_out|=0.00000 d_s_out=-0.00000 conf=1.000 present=0 armed=0 latched=1 health=1
[INFO] [1789416400.408746869] [mhe_node]: MHE mass estimate: 2.062 kg (T_phys=20.27N) | solve=3.5ms (max4.0)
[INFO] [1789416400.409289486] [mhe_node]: [truth] m_hat=2.0623 m_true=2.0643 err=-0.10% | c_hat=[+0.0000,+0.0000] c_true=[+0.0000,+0.0000] | Jxx_hat=0.01420 Jxx_true=0.01420 Jyz_hat=+0.00000 Jyz_true=+0.00000 | s_hat=[+0.0001,-0.0000] s_true=[+0.0000,+0.0000] kg·m
[INFO] [1789416400.409808479] [mhe_node]: [tau_phys] roll=-0.000 pitch=-0.002 Nm
[INFO] [1789416400.410399960] [mhe_node]: [mass-diag] m_est=2.0623 T=20.267N tilt=0.08deg cos=1.00000 | T/g=2.0659 T*cos/g=2.0659 | m_est-T*cos/g=-0.0036kg (-0.18%) vz=+0.006
[INFO] [1789416400.410988949] [mhe_node]: [c_xy_est] cx=+0.0000 cy=-0.0000 m
[INFO] [1789416400.411357539] [mhe_node]: [s-decay] n=62 |s_est|=0.00007 |s_target|=0.00000 |s_out|=0.00000 d_s_out=-0.00000 conf=1.000 present=0 armed=0 latched=1 health=1
[INFO] [1789416400.508401250] [mhe_node]: [s-decay] n=63 |s_est|=0.00006 |s_target|=0.00000 |s_out|=0.00000 d_s_out=-0.00000 conf=1.000 present=0 armed=0 latched=1 health=1
[INFO] [1789416400.608441025] [mhe_node]: [s-decay] n=64 |s_est|=0.00006 |s_target|=0.00000 |s_out|=0.00000 d_s_out=-0.00000 conf=1.000 present=0 armed=0 latched=1 health=1
[INFO] [1789416400.708436478] [mhe_node]: [s-decay] n=65 |s_est|=0.00006 |s_target|=0.00000 |s_out|=0.00000 d_s_out=-0.00000 conf=1.000 present=0 armed=0 latched=1 health=1
[INFO] [1789416400.808476829] [mhe_node]: [s-decay] n=66 |s_est|=0.00006 |s_target|=0.00000 |s_out|=0.00000 d_s_out=-0.00000 conf=1.000 present=0 armed=0 latched=1 health=1
[INFO] [1789416400.907221083] [mhe_node]: [s-decay] n=67 |s_est|=0.00007 |s_target|=0.00000 |s_out|=0.00000 d_s_out=-0.00000 conf=1.000 present=0 armed=0 latched=1 health=1
[INFO] [1789416401.006927360] [mhe_node]: [s-decay] n=68 |s_est|=0.00008 |s_target|=0.00000 |s_out|=0.00000 d_s_out=-0.00000 conf=1.000 present=0 armed=0 latched=1 health=1
[INFO] [1789416401.108296903] [mhe_node]: [s-decay] n=69 |s_est|=0.00009 |s_target|=0.00000 |s_out|=0.00000 d_s_out=-0.00000 conf=1.000 present=0 armed=0 latched=1 health=1
[INFO] [1789416401.208397360] [mhe_node]: [s-decay] n=70 |s_est|=0.00009 |s_target|=0.00000 |s_out|=0.00000 d_s_out=-0.00000 conf=1.000 present=0 armed=0 latched=1 health=1
[INFO] [1789416401.308609898] [mhe_node]: [s-decay] n=71 |s_est|=0.00009 |s_target|=0.00000 |s_out|=0.00000 d_s_out=-0.00000 conf=1.000 present=0 armed=0 latched=1 health=1
[INFO] [1789416401.411185995] [mhe_node]: [s-decay] n=72 |s_est|=0.00009 |s_target|=0.00000 |s_out|=0.00000 d_s_out=-0.00000 conf=1.000 present=0 armed=0 latched=1 health=1
[INFO] [1789416401.507004265] [mhe_node]: [s-decay] n=73 |s_est|=0.00010 |s_target|=0.00000 |s_out|=0.00000 d_s_out=-0.00000 conf=1.000 present=0 armed=0 latched=1 health=1
[INFO] [1789416401.608295253] [mhe_node]: [s-decay] n=74 |s_est|=0.00010 |s_target|=0.00000 |s_out|=0.00000 d_s_out=-0.00000 conf=1.000 present=0 armed=0 latched=1 health=1
[INFO] [1789416401.708395069] [mhe_node]: [s-decay] n=75 |s_est|=0.00010 |s_target|=0.00000 |s_out|=0.00000 d_s_out=-0.00000 conf=1.000 present=0 armed=0 latched=1 health=1
[INFO] [1789416401.808354047] [mhe_node]: [s-decay] n=76 |s_est|=0.00010 |s_target|=0.00000 |s_out|=0.00000 d_s_out=-0.00000 conf=1.000 present=0 armed=0 latched=1 health=1
[INFO] [1789416401.908293974] [mhe_node]: [s-decay] n=77 |s_est|=0.00011 |s_target|=0.00000 |s_out|=0.00000 d_s_out=-0.00000 conf=1.000 present=0 armed=0 latched=1 health=1
[INFO] [1789416402.008343689] [mhe_node]: [s-decay] n=78 |s_est|=0.00011 |s_target|=0.00000 |s_out|=0.00000 d_s_out=-0.00000 conf=1.000 present=0 armed=0 latched=1 health=1
[INFO] [1789416402.108292335] [mhe_node]: [s-decay] n=79 |s_est|=0.00011 |s_target|=0.00000 |s_out|=0.00000 d_s_out=-0.00000 conf=1.000 present=0 armed=0 latched=1 health=1
[INFO] [1789416402.208317771] [mhe_node]: [s-decay] n=80 |s_est|=0.00011 |s_target|=0.00000 |s_out|=0.00000 d_s_out=-0.00000 conf=1.000 present=0 armed=0 latched=1 health=1
[INFO] [1789416402.308298382] [mhe_node]: [s-decay] n=81 |s_est|=0.00010 |s_target|=0.00000 |s_out|=0.00000 d_s_out=-0.00000 conf=1.000 present=0 armed=0 latched=1 health=1
[INFO] [1789416402.408415372] [mhe_node]: MHE mass estimate: 2.062 kg (T_phys=20.17N) | solve=3.5ms (max6.2)
[INFO] [1789416402.408951209] [mhe_node]: [truth] m_hat=2.0623 m_true=2.0643 err=-0.10% | c_hat=[+0.0000,+0.0000] c_true=[+0.0000,+0.0000] | Jxx_hat=0.01420 Jxx_true=0.01420 Jyz_hat=+0.00000 Jyz_true=+0.00000 | s_hat=[+0.0001,-0.0000] s_true=[+0.0000,+0.0000] kg·m
[INFO] [1789416402.409471512] [mhe_node]: [tau_phys] roll=-0.001 pitch=+0.000 Nm
[INFO] [1789416402.410055610] [mhe_node]: [mass-diag] m_est=2.0623 T=20.170N tilt=0.23deg cos=0.99999 | T/g=2.0560 T*cos/g=2.0560 | m_est-T*cos/g=+0.0063kg (+0.31%) vz=+0.002
[INFO] [1789416402.410642581] [mhe_node]: [c_xy_est] cx=+0.0000 cy=-0.0000 m
[INFO] [1789416402.411006646] [mhe_node]: [s-decay] n=82 |s_est|=0.00009 |s_target|=0.00000 |s_out|=0.00000 d_s_out=-0.00000 conf=1.000 present=0 armed=0 latched=1 health=1
[INFO] [1789416402.508328938] [mhe_node]: [s-decay] n=83 |s_est|=0.00009 |s_target|=0.00000 |s_out|=0.00000 d_s_out=-0.00000 conf=1.000 present=0 armed=0 latched=1 health=1
[INFO] [1789416402.608626681] [mhe_node]: [s-decay] n=84 |s_est|=0.00009 |s_target|=0.00000 |s_out|=0.00000 d_s_out=-0.00000 conf=1.000 present=0 armed=0 latched=1 health=1
[INFO] [1789416402.708384923] [mhe_node]: [s-decay] n=85 |s_est|=0.00008 |s_target|=0.00000 |s_out|=0.00000 d_s_out=-0.00000 conf=1.000 present=0 armed=0 latched=1 health=1
[INFO] [1789416402.808343857] [mhe_node]: [s-decay] n=86 |s_est|=0.00008 |s_target|=0.00000 |s_out|=0.00000 d_s_out=-0.00000 conf=1.000 present=0 armed=0 latched=1 health=1
[INFO] [1789416402.908641982] [mhe_node]: [s-decay] n=87 |s_est|=0.00008 |s_target|=0.00000 |s_out|=0.00000 d_s_out=-0.00000 conf=1.000 present=0 armed=0 latched=1 health=1
[INFO] [1789416403.008397468] [mhe_node]: [s-decay] n=88 |s_est|=0.00008 |s_target|=0.00000 |s_out|=0.00000 d_s_out=-0.00000 conf=1.000 present=0 armed=0 latched=1 health=1
[INFO] [1789416403.108590560] [mhe_node]: [s-decay] n=89 |s_est|=0.00009 |s_target|=0.00000 |s_out|=0.00000 d_s_out=-0.00000 conf=1.000 present=0 armed=0 latched=1 health=1
[INFO] [1789416403.208609058] [mhe_node]: [s-decay] n=90 |s_est|=0.00009 |s_target|=0.00000 |s_out|=0.00000 d_s_out=-0.00000 conf=1.000 present=0 armed=0 latched=1 health=1
[INFO] [1789416403.308458182] [mhe_node]: [s-decay] n=91 |s_est|=0.00009 |s_target|=0.00000 |s_out|=0.00000 d_s_out=-0.00000 conf=1.000 present=0 armed=0 latched=1 health=1
[INFO] [1789416403.408723112] [mhe_node]: [s-decay] n=92 |s_est|=0.00009 |s_target|=0.00000 |s_out|=0.00000 d_s_out=-0.00000 conf=1.000 present=0 armed=0 latched=1 health=1
[INFO] [1789416403.508617764] [mhe_node]: [s-decay] n=93 |s_est|=0.00009 |s_target|=0.00000 |s_out|=0.00000 d_s_out=-0.00000 conf=1.000 present=0 armed=0 latched=1 health=1
[INFO] [1789416403.608338167] [mhe_node]: [s-decay] n=94 |s_est|=0.00009 |s_target|=0.00000 |s_out|=0.00000 d_s_out=-0.00000 conf=1.000 present=0 armed=0 latched=1 health=1
[INFO] [1789416403.708422233] [mhe_node]: [s-decay] n=95 |s_est|=0.00008 |s_target|=0.00000 |s_out|=0.00000 d_s_out=-0.00000 conf=1.000 present=0 armed=0 latched=1 health=1
[INFO] [1789416403.808453695] [mhe_node]: [s-decay] n=96 |s_est|=0.00008 |s_target|=0.00000 |s_out|=0.00000 d_s_out=-0.00000 conf=1.000 present=0 armed=0 latched=1 health=1
[INFO] [1789416403.908489397] [mhe_node]: [s-decay] n=97 |s_est|=0.00008 |s_target|=0.00000 |s_out|=0.00000 d_s_out=-0.00000 conf=1.000 present=0 armed=0 latched=1 health=1
[INFO] [1789416404.008362422] [mhe_node]: [s-decay] n=98 |s_est|=0.00008 |s_target|=0.00000 |s_out|=0.00000 d_s_out=-0.00000 conf=1.000 present=0 armed=0 latched=1 health=1
[INFO] [1789416404.108314783] [mhe_node]: [s-decay] n=99 |s_est|=0.00008 |s_target|=0.00000 |s_out|=0.00000 d_s_out=-0.00000 conf=1.000 present=0 armed=0 latched=1 health=1
[INFO] [1789416404.208478202] [mhe_node]: [s-decay] n=100 |s_est|=0.00008 |s_target|=0.00000 |s_out|=0.00000 d_s_out=-0.00000 conf=1.000 present=0 armed=0 latched=1 health=1
[INFO] [1789416404.407358258] [mhe_node]: MHE mass estimate: 2.065 kg (T_phys=20.22N) | solve=3.6ms (max5.2)
[INFO] [1789416404.407861413] [mhe_node]: [truth] m_hat=2.0648 m_true=2.0643 err=+0.02% | c_hat=[+0.0000,+0.0000] c_true=[+0.0000,+0.0000] | Jxx_hat=0.01420 Jxx_true=0.01420 Jyz_hat=+0.00000 Jyz_true=+0.00000 | s_hat=[+0.0001,+0.0000] s_true=[+0.0000,+0.0000] kg·m
[INFO] [1789416404.408234173] [mhe_node]: [tau_phys] roll=+0.002 pitch=-0.004 Nm
[INFO] [1789416404.408656185] [mhe_node]: [mass-diag] m_est=2.0648 T=20.218N tilt=0.06deg cos=1.00000 | T/g=2.0610 T*cos/g=2.0610 | m_est-T*cos/g=+0.0038kg (+0.18%) vz=+0.024
[INFO] [1789416404.409073200] [mhe_node]: [c_xy_est] cx=+0.0000 cy=+0.0000 m
[INFO] [1789416406.408442048] [mhe_node]: MHE mass estimate: 2.062 kg (T_phys=20.25N) | solve=3.3ms (max3.7)
[INFO] [1789416406.408980213] [mhe_node]: [truth] m_hat=2.0618 m_true=2.0643 err=-0.12% | c_hat=[+0.0000,+0.0000] c_true=[+0.0000,+0.0000] | Jxx_hat=0.01420 Jxx_true=0.01420 Jyz_hat=+0.00000 Jyz_true=+0.00000 | s_hat=[+0.0000,+0.0000] s_true=[+0.0000,+0.0000] kg·m
[INFO] [1789416406.409504896] [mhe_node]: [tau_phys] roll=+0.000 pitch=+0.002 Nm
[INFO] [1789416406.410089118] [mhe_node]: [mass-diag] m_est=2.0618 T=20.249N tilt=0.16deg cos=1.00000 | T/g=2.0642 T*cos/g=2.0641 | m_est-T*cos/g=-0.0023kg (-0.11%) vz=-0.002
[INFO] [1789416406.410672887] [mhe_node]: [c_xy_est] cx=+0.0000 cy=+0.0000 m
[INFO] [1789416408.408602298] [mhe_node]: MHE mass estimate: 2.062 kg (T_phys=20.23N) | solve=3.7ms (max6.2)
[INFO] [1789416408.409151602] [mhe_node]: [truth] m_hat=2.0620 m_true=2.0643 err=-0.11% | c_hat=[+0.0000,+0.0000] c_true=[+0.0000,+0.0000] | Jxx_hat=0.01420 Jxx_true=0.01420 Jyz_hat=+0.00000 Jyz_true=+0.00000 | s_hat=[+0.0001,+0.0001] s_true=[+0.0000,+0.0000] kg·m
[INFO] [1789416408.409672004] [mhe_node]: [tau_phys] roll=+0.002 pitch=-0.001 Nm
[INFO] [1789416408.410265179] [mhe_node]: [mass-diag] m_est=2.0620 T=20.235N tilt=0.30deg cos=0.99999 | T/g=2.0626 T*cos/g=2.0626 | m_est-T*cos/g=-0.0006kg (-0.03%) vz=+0.001
[INFO] [1789416408.410847278] [mhe_node]: [c_xy_est] cx=+0.0000 cy=+0.0000 m
[INFO] [1789416410.408664719] [mhe_node]: MHE mass estimate: 2.063 kg (T_phys=20.15N) | solve=3.3ms (max3.8)
[INFO] [1789416410.409218787] [mhe_node]: [truth] m_hat=2.0627 m_true=2.0643 err=-0.08% | c_hat=[+0.0000,+0.0000] c_true=[+0.0000,+0.0000] | Jxx_hat=0.01420 Jxx_true=0.01420 Jyz_hat=+0.00000 Jyz_true=+0.00000 | s_hat=[+0.0001,+0.0000] s_true=[+0.0000,+0.0000] kg·m
[INFO] [1789416410.409738821] [mhe_node]: [tau_phys] roll=+0.000 pitch=+0.001 Nm
[INFO] [1789416410.410329573] [mhe_node]: [mass-diag] m_est=2.0627 T=20.153N tilt=0.40deg cos=0.99998 | T/g=2.0543 T*cos/g=2.0542 | m_est-T*cos/g=+0.0085kg (+0.41%) vz=+0.004
[INFO] [1789416410.410908814] [mhe_node]: [c_xy_est] cx=+0.0000 cy=+0.0000 m
[INFO] [1789416412.408605400] [mhe_node]: MHE mass estimate: 2.061 kg (T_phys=20.24N) | solve=3.5ms (max3.7)
[INFO] [1789416412.409170841] [mhe_node]: [truth] m_hat=2.0609 m_true=2.0643 err=-0.16% | c_hat=[+0.0000,+0.0000] c_true=[+0.0000,+0.0000] | Jxx_hat=0.01420 Jxx_true=0.01420 Jyz_hat=+0.00000 Jyz_true=+0.00000 | s_hat=[-0.0000,-0.0001] s_true=[+0.0000,+0.0000] kg·m
[INFO] [1789416412.409704314] [mhe_node]: [tau_phys] roll=-0.001 pitch=-0.002 Nm
[INFO] [1789416412.410311432] [mhe_node]: [mass-diag] m_est=2.0609 T=20.238N tilt=0.43deg cos=0.99997 | T/g=2.0630 T*cos/g=2.0629 | m_est-T*cos/g=-0.0020kg (-0.10%) vz=+0.006
[INFO] [1789416412.410901133] [mhe_node]: [c_xy_est] cx=-0.0000 cy=-0.0000 m
[ros2run]: Killed
