[INFO] [1789401514.975581694] [mhe_node]: MHE node starting, building/loading solver... (geom_coupled=True, N=20, m_min=1.961, m_B=2.0643)
Code reuse possible, skipping code generation.
acados was compiled without OpenMP.
[INFO] [1789401514.982540487] [mhe_node]: [prior] geom_coupled=True → 载荷质量信息**完全不生效**(grip_payload_envelope=0.3 是死代码:coupled 档下 _payload_geometry 根本不被调用);模型只吃可测杆臂 r_p + 被估质量,m 的先验仅有 Q0 质量维=0.1 (σ=3.16kg,实质无先验)
[WARN] [1789401514.983026478] [mhe_node]: geom_release_mode='self':估计器不被告知 drop。⚠️ 2026-08-24 实测,**NMPC 侧也设成 'self' 会必然坠机**——drop 后控制器继续按幽灵偏心载荷配平,指令 0.424N·m(tau_max 的 85%)作用在空机 J_xx=0.0142 上 = 29.8 rad/s²,而 MHE 10Hz/2s 窗口要 1~2s 才纠得过来,飞机先翻。**正确组合 = MHE 'self' + NMPC 'event'**(控制器是发释放指令的一方,它知道不构成认知作弊)。
[INFO] [1789401514.984975803] [mhe_node]: [moment-ref] 物理上限由平台包线派生: 0.0390 kg·m = 0.30kg x 0.13m
[INFO] [1789401514.985686054] [mhe_node]: [c_xy_est] 质量域卸载判据已开:先武装(m_p>0.090kg),再判 m_p<0.03kg 持续 20 帧 -> 释放偏心估计
[INFO] [1789401514.986351654] [mhe_node]: [c_xy] 来源 = 一阶质量矩 s/m_T(窗口内估计,**无稳态门控**),替代窗外 EMA —— 机动中也会更新
[INFO] [1789401514.987627980] [mhe_node]: weight schedule theta = [-4.00, 0.00, 0.00, 0.00], signal mode = residual (residual self-trigger: thresh=4.4N persist=2 baseline_tau=3.0s)
[INFO] [1789401514.991173573] [mhe_node]: [release-selfcheck] READY: c_xy_est_enable=1, moment-state ns=2, ratio=0.30; legacy_mass=1, watchdog=3.0s
[INFO] [1789401514.992075516] [mhe_node]: MHE node initialized! tau_source=command (roll/pitch NMPC意图值, yaw NMPC意图值), motor_window_avg=False, geom_release_mode=self. Waiting for odometry + control data...
[INFO] [1789401537.091779632] [mhe_node]: arrival prior seeded: m=2.064 kg (m_nominal prior)
[INFO] [1789401537.092092072] [mhe_node]: [geom] model_geom_on=True (release_mode=self, truth_attached=False) mode=coupled(r_p) -> geom=[ 0.    0.   -0.47] dJ=0.0000 c_xy=[+0.0000,+0.0000] (dJ/c 为按当前 m_est 折算的诊断当量,模型内部随 m 实时生成)
[INFO] [1789401538.997062516] [mhe_node]: MHE mass estimate: 2.061 kg (T_phys=19.99N) | solve=4.1ms (max11.9)
[INFO] [1789401538.997615386] [mhe_node]: [truth] m_hat=2.0607 m_true=2.0643 err=-0.17% | c_hat=[+0.0000,+0.0000] c_true=[+0.0000,+0.0000] | Jxx_hat=0.01420 Jxx_true=0.01420 Jyz_hat=+0.00000 Jyz_true=+0.00000 | s_hat=[-0.0002,-0.0001] s_true=[+0.0000,+0.0000] kg·m
[INFO] [1789401538.998135109] [mhe_node]: [tau_phys] roll=+0.008 pitch=-0.048 Nm
[INFO] [1789401538.998721483] [mhe_node]: [mass-diag] m_est=2.0607 T=19.994N tilt=5.23deg cos=0.99584 | T/g=2.0381 T*cos/g=2.0297 | m_est-T*cos/g=+0.0310kg (+1.53%) vz=+0.113
[INFO] [1789401538.999300920] [mhe_node]: [c_xy_est] cx=-0.0001 cy=-0.0000 m
[INFO] [1789401540.997935349] [mhe_node]: MHE mass estimate: 2.060 kg (T_phys=20.24N) | solve=7.9ms (max15.8)
[INFO] [1789401540.998481765] [mhe_node]: [truth] m_hat=2.0598 m_true=2.0643 err=-0.22% | c_hat=[+0.0000,+0.0000] c_true=[+0.0000,+0.0000] | Jxx_hat=0.01420 Jxx_true=0.01420 Jyz_hat=+0.00000 Jyz_true=+0.00000 | s_hat=[-0.0010,+0.0001] s_true=[+0.0000,+0.0000] kg·m
[INFO] [1789401540.998996414] [mhe_node]: [tau_phys] roll=-0.000 pitch=+0.004 Nm
[INFO] [1789401540.999584529] [mhe_node]: [mass-diag] m_est=2.0598 T=20.239N tilt=2.42deg cos=0.99911 | T/g=2.0631 T*cos/g=2.0612 | m_est-T*cos/g=-0.0014kg (-0.07%) vz=+0.022
[INFO] [1789401541.000164576] [mhe_node]: [c_xy_est] cx=-0.0005 cy=+0.0001 m
[INFO] [1789401542.997060504] [mhe_node]: MHE mass estimate: 2.063 kg (T_phys=20.17N) | solve=5.8ms (max11.1)
[INFO] [1789401542.997601710] [mhe_node]: [truth] m_hat=2.0635 m_true=2.0643 err=-0.04% | c_hat=[+0.0000,+0.0000] c_true=[+0.0000,+0.0000] | Jxx_hat=0.01420 Jxx_true=0.01420 Jyz_hat=+0.00000 Jyz_true=+0.00000 | s_hat=[+0.0002,+0.0001] s_true=[+0.0000,+0.0000] kg·m
[INFO] [1789401542.998131485] [mhe_node]: [tau_phys] roll=-0.001 pitch=+0.003 Nm
[INFO] [1789401542.998720707] [mhe_node]: [mass-diag] m_est=2.0635 T=20.171N tilt=0.32deg cos=0.99998 | T/g=2.0562 T*cos/g=2.0562 | m_est-T*cos/g=+0.0073kg (+0.36%) vz=-0.017
[INFO] [1789401542.999299453] [mhe_node]: [c_xy_est] cx=+0.0002 cy=+0.0001 m
[INFO] [1789401544.997238884] [mhe_node]: MHE mass estimate: 2.056 kg (T_phys=18.54N) | solve=4.1ms (max5.2)
[INFO] [1789401544.997874916] [mhe_node]: [truth] m_hat=2.0561 m_true=2.0643 err=-0.40% | c_hat=[+0.0000,+0.0000] c_true=[+0.0000,+0.0000] | Jxx_hat=0.01420 Jxx_true=0.01420 Jyz_hat=+0.00000 Jyz_true=+0.00000 | s_hat=[-0.0001,-0.0000] s_true=[+0.0000,+0.0000] kg·m
[INFO] [1789401544.998393177] [mhe_node]: [tau_phys] roll=+0.000 pitch=-0.004 Nm
[INFO] [1789401544.998977146] [mhe_node]: [mass-diag] m_est=2.0561 T=18.540N tilt=0.31deg cos=0.99999 | T/g=1.8899 T*cos/g=1.8899 | m_est-T*cos/g=+0.1662kg (+8.79%) vz=-0.404
[INFO] [1789401544.999554869] [mhe_node]: [c_xy_est] cx=-0.0001 cy=-0.0000 m
[INFO] [1789401546.995941227] [mhe_node]: MHE mass estimate: 2.071 kg (T_phys=20.40N) | solve=5.2ms (max10.1)
[INFO] [1789401546.996349114] [mhe_node]: [truth] m_hat=2.0712 m_true=2.0643 err=+0.33% | c_hat=[+0.0000,+0.0000] c_true=[+0.0000,+0.0000] | Jxx_hat=0.01420 Jxx_true=0.01420 Jyz_hat=+0.00000 Jyz_true=+0.00000 | s_hat=[+0.0000,-0.0001] s_true=[+0.0000,+0.0000] kg·m
[INFO] [1789401546.996712266] [mhe_node]: [tau_phys] roll=-0.001 pitch=+0.005 Nm
[INFO] [1789401546.997128218] [mhe_node]: [mass-diag] m_est=2.0712 T=20.402N tilt=0.29deg cos=0.99999 | T/g=2.0797 T*cos/g=2.0797 | m_est-T*cos/g=-0.0085kg (-0.41%) vz=-0.046
[INFO] [1789401546.997534574] [mhe_node]: [c_xy_est] cx=+0.0000 cy=-0.0000 m
[INFO] [1789401549.008729524] [mhe_node]: MHE mass estimate: 2.010 kg (T_phys=19.85N) | solve=6.9ms (max16.2)
[INFO] [1789401549.009272205] [mhe_node]: [truth] m_hat=2.0095 m_true=2.0643 err=-2.65% | c_hat=[+0.0000,+0.0000] c_true=[+0.0000,+0.0000] | Jxx_hat=0.01420 Jxx_true=0.01420 Jyz_hat=+0.00000 Jyz_true=+0.00000 | s_hat=[+0.0013,+0.0026] s_true=[+0.0000,+0.0000] kg·m
[INFO] [1789401549.009787390] [mhe_node]: [tau_phys] roll=-0.098 pitch=-0.001 Nm
[INFO] [1789401549.010374575] [mhe_node]: [mass-diag] m_est=2.0095 T=19.847N tilt=0.92deg cos=0.99987 | T/g=2.0232 T*cos/g=2.0229 | m_est-T*cos/g=-0.0134kg (-0.66%) vz=+0.000
[INFO] [1789401549.010949212] [mhe_node]: [c_xy_est] cx=+0.0004 cy=+0.0013 m
[INFO] [1789401551.001711672] [mhe_node]: MHE mass estimate: 2.017 kg (T_phys=20.17N) | solve=17.8ms (max32.0)
[INFO] [1789401551.002253682] [mhe_node]: [truth] m_hat=2.0170 m_true=2.0643 err=-2.29% | c_hat=[+0.0000,+0.0000] c_true=[+0.0000,+0.0000] | Jxx_hat=0.01420 Jxx_true=0.01420 Jyz_hat=+0.00000 Jyz_true=+0.00000 | s_hat=[-0.0019,-0.0118] s_true=[+0.0000,+0.0000] kg·m
[INFO] [1789401551.002770650] [mhe_node]: [tau_phys] roll=-0.106 pitch=+0.027 Nm
[INFO] [1789401551.003356279] [mhe_node]: [mass-diag] m_est=2.0170 T=20.174N tilt=1.06deg cos=0.99983 | T/g=2.0564 T*cos/g=2.0561 | m_est-T*cos/g=-0.0391kg (-1.90%) vz=-0.002
[INFO] [1789401551.003930970] [mhe_node]: [c_xy_est] cx=-0.0009 cy=-0.0057 m
[INFO] [1789401553.015542290] [mhe_node]: MHE mass estimate: 2.082 kg (T_phys=22.10N) | solve=17.1ms (max28.1)
[INFO] [1789401553.016103479] [mhe_node]: [truth] m_hat=2.0823 m_true=2.0643 err=+0.87% | c_hat=[+0.0000,+0.0000] c_true=[+0.0000,+0.0000] | Jxx_hat=0.01420 Jxx_true=0.01420 Jyz_hat=+0.00000 Jyz_true=+0.00000 | s_hat=[-0.0031,-0.0150] s_true=[+0.0000,+0.0000] kg·m
[INFO] [1789401553.016624588] [mhe_node]: [tau_phys] roll=-0.273 pitch=-0.507 Nm
[INFO] [1789401553.017214852] [mhe_node]: [mass-diag] m_est=2.0823 T=22.100N tilt=1.01deg cos=0.99984 | T/g=2.2528 T*cos/g=2.2525 | m_est-T*cos/g=-0.1702kg (-7.56%) vz=+0.655
[INFO] [1789401553.017790283] [mhe_node]: [c_xy_est] cx=-0.0013 cy=-0.0073 m
[INFO] [1789401555.029834447] [mhe_node]: MHE mass estimate: 2.024 kg (T_phys=21.70N) | solve=30.2ms (max42.8)
[INFO] [1789401555.030378163] [mhe_node]: [truth] m_hat=2.0235 m_true=2.0643 err=-1.98% | c_hat=[+0.0000,+0.0000] c_true=[+0.0000,+0.0000] | Jxx_hat=0.01420 Jxx_true=0.01420 Jyz_hat=+0.00000 Jyz_true=+0.00000 | s_hat=[-0.0002,-0.0116] s_true=[+0.0000,+0.0000] kg·m
[INFO] [1789401555.030903017] [mhe_node]: [tau_phys] roll=+0.202 pitch=+1.612 Nm
[INFO] [1789401555.031502210] [mhe_node]: [mass-diag] m_est=2.0235 T=21.699N tilt=0.13deg cos=1.00000 | T/g=2.2119 T*cos/g=2.2119 | m_est-T*cos/g=-0.1884kg (-8.52%) vz=+1.169
[INFO] [1789401555.032094021] [mhe_node]: [c_xy_est] cx=-0.0006 cy=-0.0057 m
[INFO] [1789401557.017332753] [mhe_node]: MHE mass estimate: 1.993 kg (T_phys=19.79N) | solve=34.6ms (max56.7)
[INFO] [1789401557.017718627] [mhe_node]: [truth] m_hat=1.9927 m_true=2.0643 err=-3.47% | c_hat=[+0.0000,+0.0000] c_true=[+0.0000,+0.0000] | Jxx_hat=0.01420 Jxx_true=0.01420 Jyz_hat=+0.00000 Jyz_true=+0.00000 | s_hat=[-0.0020,-0.0114] s_true=[+0.0000,+0.0000] kg·m
[INFO] [1789401557.018082829] [mhe_node]: [tau_phys] roll=+0.379 pitch=+0.314 Nm
[INFO] [1789401557.018502433] [mhe_node]: [mass-diag] m_est=1.9927 T=19.793N tilt=0.64deg cos=0.99994 | T/g=2.0176 T*cos/g=2.0175 | m_est-T*cos/g=-0.0248kg (-1.23%) vz=+0.761
[INFO] [1789401557.018916943] [mhe_node]: [c_xy_est] cx=-0.0016 cy=-0.0051 m
[INFO] [1789401559.021563256] [mhe_node]: MHE mass estimate: 1.961 kg (T_phys=20.82N) | solve=30.7ms (max45.9)
[INFO] [1789401559.022105775] [mhe_node]: [truth] m_hat=1.9611 m_true=2.0643 err=-5.00% | c_hat=[+0.0000,+0.0000] c_true=[+0.0000,+0.0000] | Jxx_hat=0.01420 Jxx_true=0.01420 Jyz_hat=+0.00000 Jyz_true=+0.00000 | s_hat=[-0.0008,-0.0117] s_true=[+0.0000,+0.0000] kg·m
[INFO] [1789401559.022629911] [mhe_node]: [tau_phys] roll=-0.148 pitch=+1.015 Nm
[INFO] [1789401559.023222407] [mhe_node]: [mass-diag] m_est=1.9611 T=20.820N tilt=0.39deg cos=0.99998 | T/g=2.1223 T*cos/g=2.1222 | m_est-T*cos/g=-0.1612kg (-7.59%) vz=+0.040
[INFO] [1789401559.023810347] [mhe_node]: [c_xy_est] cx=-0.0008 cy=-0.0060 m
[INFO] [1789401561.024705202] [mhe_node]: MHE mass estimate: 1.961 kg (T_phys=21.00N) | solve=30.3ms (max41.7)
[INFO] [1789401561.025241636] [mhe_node]: [truth] m_hat=1.9611 m_true=2.0643 err=-5.00% | c_hat=[+0.0000,+0.0000] c_true=[+0.0000,+0.0000] | Jxx_hat=0.01420 Jxx_true=0.01420 Jyz_hat=+0.00000 Jyz_true=+0.00000 | s_hat=[-0.0006,-0.0111] s_true=[+0.0000,+0.0000] kg·m
[INFO] [1789401561.025757328] [mhe_node]: [tau_phys] roll=-0.498 pitch=-0.068 Nm
[INFO] [1789401561.026349852] [mhe_node]: [mass-diag] m_est=1.9611 T=21.000N tilt=0.27deg cos=0.99999 | T/g=2.1407 T*cos/g=2.1407 | m_est-T*cos/g=-0.1796kg (-8.39%) vz=-0.036
[INFO] [1789401561.026926810] [mhe_node]: [c_xy_est] cx=-0.0004 cy=-0.0058 m
[INFO] [1789401563.018989320] [mhe_node]: MHE mass estimate: 1.961 kg (T_phys=21.20N) | solve=25.0ms (max52.0)
[INFO] [1789401563.019547663] [mhe_node]: [truth] m_hat=1.9611 m_true=2.0643 err=-5.00% | c_hat=[+0.0000,+0.0000] c_true=[+0.0000,+0.0000] | Jxx_hat=0.01420 Jxx_true=0.01420 Jyz_hat=+0.00000 Jyz_true=+0.00000 | s_hat=[-0.0054,-0.0109] s_true=[+0.0000,+0.0000] kg·m
[INFO] [1789401563.020070440] [mhe_node]: [tau_phys] roll=-0.413 pitch=+1.019 Nm
[INFO] [1789401563.020681372] [mhe_node]: [mass-diag] m_est=1.9611 T=21.197N tilt=0.42deg cos=0.99997 | T/g=2.1608 T*cos/g=2.1607 | m_est-T*cos/g=-0.1997kg (-9.24%) vz=-0.028
[INFO] [1789401563.021270075] [mhe_node]: [c_xy_est] cx=-0.0028 cy=-0.0064 m
[INFO] [1789401564.991896216] [mhe_node]: [c_xy-clamp] 越界剔除 0/300 (0.0%) 上限 0.0390 kg·m clamp=1
[INFO] [1789401565.031665541] [mhe_node]: MHE mass estimate: 1.961 kg (T_phys=21.85N) | solve=34.1ms (max51.3)
[INFO] [1789401565.032206572] [mhe_node]: [truth] m_hat=1.9611 m_true=2.0643 err=-5.00% | c_hat=[+0.0000,+0.0000] c_true=[+0.0000,+0.0000] | Jxx_hat=0.01420 Jxx_true=0.01420 Jyz_hat=+0.00000 Jyz_true=+0.00000 | s_hat=[+0.0006,-0.0112] s_true=[+0.0000,+0.0000] kg·m
[INFO] [1789401565.032720968] [mhe_node]: [tau_phys] roll=-0.177 pitch=+0.078 Nm
[INFO] [1789401565.033311580] [mhe_node]: [mass-diag] m_est=1.9611 T=21.846N tilt=2.00deg cos=0.99939 | T/g=2.2269 T*cos/g=2.2255 | m_est-T*cos/g=-0.2644kg (-11.88%) vz=-0.056
[INFO] [1789401565.033896881] [mhe_node]: [c_xy_est] cx=+0.0004 cy=-0.0057 m
[INFO] [1789401567.001874621] [mhe_node]: MHE mass estimate: 2.195 kg (T_phys=21.64N) | solve=18.0ms (max51.6)
[INFO] [1789401567.002443004] [mhe_node]: [truth] m_hat=2.1951 m_true=2.0643 err=+6.34% | c_hat=[+0.0000,+0.0000] c_true=[+0.0000,+0.0000] | Jxx_hat=0.01420 Jxx_true=0.01420 Jyz_hat=+0.00000 Jyz_true=+0.00000 | s_hat=[-0.0084,-0.0201] s_true=[+0.0000,+0.0000] kg·m
[INFO] [1789401567.002965494] [mhe_node]: [tau_phys] roll=-0.177 pitch=+0.138 Nm
[INFO] [1789401567.003556827] [mhe_node]: [mass-diag] m_est=2.1951 T=21.640N tilt=4.77deg cos=0.99654 | T/g=2.2059 T*cos/g=2.1983 | m_est-T*cos/g=-0.0032kg (-0.14%) vz=+0.108
[INFO] [1789401567.004144887] [mhe_node]: [c_xy_est] cx=-0.0035 cy=-0.0092 m
[INFO] [1789401567.491623328] [mhe_node]: [payload-state] EMPTY->LOADED (sustained m_p evidence, m_p=+0.133kg)
[INFO] [1789401567.591783606] [mhe_node]: [s-collapse] moment 基准未就绪(窗口 0/20, 越界剔除 0) — 暂不判决
[INFO] [1789401568.591772272] [mhe_node]: [s-collapse] moment 基准未就绪(窗口 0/20, 越界剔除 0) — 暂不判决
[INFO] [1789401568.998002340] [mhe_node]: MHE mass estimate: 2.201 kg (T_phys=21.63N) | solve=7.8ms (max13.8)
[INFO] [1789401568.998565054] [mhe_node]: [truth] m_hat=2.2007 m_true=2.0643 err=+6.61% | c_hat=[+0.0000,+0.0000] c_true=[+0.0000,+0.0000] | Jxx_hat=0.01420 Jxx_true=0.01420 Jyz_hat=+0.00000 Jyz_true=+0.00000 | s_hat=[-0.0165,-0.0193] s_true=[+0.0000,+0.0000] kg·m
[INFO] [1789401568.999082150] [mhe_node]: [tau_phys] roll=-0.176 pitch=+0.136 Nm
[INFO] [1789401568.999667151] [mhe_node]: [mass-diag] m_est=2.2007 T=21.628N tilt=2.53deg cos=0.99902 | T/g=2.2047 T*cos/g=2.2026 | m_est-T*cos/g=-0.0019kg (-0.08%) vz=+0.143
[INFO] [1789401569.000250695] [mhe_node]: [c_xy_est] cx=-0.0048 cy=-0.0091 m
[INFO] [1789401569.391648554] [mhe_node]: [c_xy_est] 质量域判据已武装(m_p=0.137kg 连续20帧高于水位)
[INFO] [1789401569.591816661] [mhe_node]: [s-collapse] moment 基准未就绪(窗口 0/20, 越界剔除 0) — 暂不判决
[INFO] [1789401570.591777467] [mhe_node]: [s-collapse] moment 基准未就绪(窗口 0/20, 越界剔除 0) — 暂不判决
[INFO] [1789401570.998974532] [mhe_node]: MHE mass estimate: 2.200 kg (T_phys=21.60N) | solve=6.1ms (max10.7)
[INFO] [1789401570.999668042] [mhe_node]: [truth] m_hat=2.1998 m_true=2.0643 err=+6.57% | c_hat=[+0.0000,+0.0000] c_true=[+0.0000,+0.0000] | Jxx_hat=0.01420 Jxx_true=0.01420 Jyz_hat=+0.00000 Jyz_true=+0.00000 | s_hat=[-0.0132,-0.0187] s_true=[+0.0000,+0.0000] kg·m
[INFO] [1789401571.000199312] [mhe_node]: [tau_phys] roll=-0.167 pitch=+0.152 Nm
[INFO] [1789401571.000796062] [mhe_node]: [mass-diag] m_est=2.1998 T=21.600N tilt=4.47deg cos=0.99696 | T/g=2.2018 T*cos/g=2.1951 | m_est-T*cos/g=+0.0047kg (+0.21%) vz=+0.121
[INFO] [1789401571.001378150] [mhe_node]: [c_xy_est] cx=-0.0048 cy=-0.0091 m
[INFO] [1789401571.591703327] [mhe_node]: [s-collapse] moment 基准未就绪(窗口 0/20, 越界剔除 0) — 暂不判决
[INFO] [1789401572.591737800] [mhe_node]: [s-collapse] moment 基准未就绪(窗口 0/20, 越界剔除 0) — 暂不判决
[INFO] [1789401572.998975900] [mhe_node]: MHE mass estimate: 2.202 kg (T_phys=21.54N) | solve=8.2ms (max13.9)
[INFO] [1789401572.999540833] [mhe_node]: [truth] m_hat=2.2021 m_true=2.0643 err=+6.67% | c_hat=[+0.0000,+0.0000] c_true=[+0.0000,+0.0000] | Jxx_hat=0.01420 Jxx_true=0.01420 Jyz_hat=+0.00000 Jyz_true=+0.00000 | s_hat=[-0.0122,-0.0194] s_true=[+0.0000,+0.0000] kg·m
[INFO] [1789401573.000061702] [mhe_node]: [tau_phys] roll=-0.211 pitch=+0.039 Nm
[INFO] [1789401573.000648674] [mhe_node]: [mass-diag] m_est=2.2021 T=21.545N tilt=3.34deg cos=0.99830 | T/g=2.1962 T*cos/g=2.1925 | m_est-T*cos/g=+0.0096kg (+0.44%) vz=+0.037
[INFO] [1789401573.001230975] [mhe_node]: [c_xy_est] cx=-0.0048 cy=-0.0091 m
[INFO] [1789401573.591696925] [mhe_node]: [s-collapse] moment 基准未就绪(窗口 0/20, 越界剔除 0) — 暂不判决
[INFO] [1789401574.591706472] [mhe_node]: [s-collapse] moment 基准未就绪(窗口 0/20, 越界剔除 0) — 暂不判决
[INFO] [1789401574.998006358] [mhe_node]: MHE mass estimate: 2.201 kg (T_phys=21.51N) | solve=5.7ms (max8.6)
[INFO] [1789401574.998568819] [mhe_node]: [truth] m_hat=2.2015 m_true=2.0643 err=+6.65% | c_hat=[+0.0000,+0.0000] c_true=[+0.0000,+0.0000] | Jxx_hat=0.01420 Jxx_true=0.01420 Jyz_hat=+0.00000 Jyz_true=+0.00000 | s_hat=[-0.0137,-0.0202] s_true=[+0.0000,+0.0000] kg·m
[INFO] [1789401574.999085347] [mhe_node]: [tau_phys] roll=-0.183 pitch=+0.184 Nm
[INFO] [1789401574.999673474] [mhe_node]: [mass-diag] m_est=2.2015 T=21.511N tilt=1.61deg cos=0.99961 | T/g=2.1927 T*cos/g=2.1919 | m_est-T*cos/g=+0.0096kg (+0.44%) vz=-0.007
[INFO] [1789401575.000254755] [mhe_node]: [c_xy_est] cx=-0.0048 cy=-0.0091 m
[INFO] [1789401575.591727737] [mhe_node]: [s-collapse] moment 基准未就绪(窗口 0/20, 越界剔除 0) — 暂不判决
[INFO] [1789401576.591774503] [mhe_node]: [s-collapse] moment 基准未就绪(窗口 0/20, 越界剔除 0) — 暂不判决
[INFO] [1789401576.999195424] [mhe_node]: MHE mass estimate: 2.202 kg (T_phys=21.63N) | solve=5.3ms (max7.8)
[INFO] [1789401576.999756216] [mhe_node]: [truth] m_hat=2.2020 m_true=2.0643 err=+6.67% | c_hat=[+0.0000,+0.0000] c_true=[+0.0000,+0.0000] | Jxx_hat=0.01420 Jxx_true=0.01420 Jyz_hat=+0.00000 Jyz_true=+0.00000 | s_hat=[-0.0121,-0.0194] s_true=[+0.0000,+0.0000] kg·m
[INFO] [1789401577.000277817] [mhe_node]: [tau_phys] roll=-0.194 pitch=+0.067 Nm
[INFO] [1789401577.000858524] [mhe_node]: [mass-diag] m_est=2.2020 T=21.630N tilt=1.49deg cos=0.99966 | T/g=2.2049 T*cos/g=2.2041 | m_est-T*cos/g=-0.0022kg (-0.10%) vz=-0.036
[INFO] [1789401577.001439407] [mhe_node]: [c_xy_est] cx=-0.0048 cy=-0.0091 m
[INFO] [1789401577.591633786] [mhe_node]: [s-collapse] moment 基准未就绪(窗口 0/20, 越界剔除 0) — 暂不判决
[INFO] [1789401578.591777904] [mhe_node]: [s-collapse] moment 基准未就绪(窗口 0/20, 越界剔除 0) — 暂不判决
[INFO] [1789401578.997990604] [mhe_node]: MHE mass estimate: 2.202 kg (T_phys=21.55N) | solve=6.2ms (max10.7)
[INFO] [1789401578.998556853] [mhe_node]: [truth] m_hat=2.2020 m_true=2.0643 err=+6.67% | c_hat=[+0.0000,+0.0000] c_true=[+0.0000,+0.0000] | Jxx_hat=0.01420 Jxx_true=0.01420 Jyz_hat=+0.00000 Jyz_true=+0.00000 | s_hat=[-0.0105,-0.0192] s_true=[+0.0000,+0.0000] kg·m
[INFO] [1789401578.999080176] [mhe_node]: [tau_phys] roll=-0.180 pitch=+0.067 Nm
[INFO] [1789401578.999669548] [mhe_node]: [mass-diag] m_est=2.2020 T=21.549N tilt=1.95deg cos=0.99942 | T/g=2.1966 T*cos/g=2.1954 | m_est-T*cos/g=+0.0067kg (+0.30%) vz=-0.073
[INFO] [1789401579.000257396] [mhe_node]: [c_xy_est] cx=-0.0048 cy=-0.0091 m
[INFO] [1789401579.591768510] [mhe_node]: [s-collapse] moment 基准未就绪(窗口 0/20, 越界剔除 0) — 暂不判决
[INFO] [1789401580.591835436] [mhe_node]: [s-collapse] moment 基准未就绪(窗口 0/20, 越界剔除 0) — 暂不判决
[INFO] [1789401581.003503993] [mhe_node]: MHE mass estimate: 2.205 kg (T_phys=21.63N) | solve=5.9ms (max10.9)
[INFO] [1789401581.004068435] [mhe_node]: [truth] m_hat=2.2054 m_true=2.0643 err=+6.84% | c_hat=[+0.0000,+0.0000] c_true=[+0.0000,+0.0000] | Jxx_hat=0.01420 Jxx_true=0.01420 Jyz_hat=+0.00000 Jyz_true=+0.00000 | s_hat=[-0.0107,-0.0194] s_true=[+0.0000,+0.0000] kg·m
[INFO] [1789401581.004592244] [mhe_node]: [tau_phys] roll=-0.189 pitch=+0.104 Nm
[INFO] [1789401581.005186488] [mhe_node]: [mass-diag] m_est=2.2054 T=21.627N tilt=2.85deg cos=0.99876 | T/g=2.2045 T*cos/g=2.2018 | m_est-T*cos/g=+0.0036kg (+0.16%) vz=-0.085
[INFO] [1789401581.005774934] [mhe_node]: [c_xy_est] cx=-0.0048 cy=-0.0091 m
[INFO] [1789401581.591801348] [mhe_node]: [s-collapse] moment 基准未就绪(窗口 0/20, 越界剔除 0) — 暂不判决
[INFO] [1789401582.591770652] [mhe_node]: [s-collapse] moment 基准未就绪(窗口 0/20, 越界剔除 0) — 暂不判决
[INFO] [1789401582.999121097] [mhe_node]: MHE mass estimate: 2.199 kg (T_phys=21.56N) | solve=6.3ms (max9.0)
[INFO] [1789401582.999697255] [mhe_node]: [truth] m_hat=2.1988 m_true=2.0643 err=+6.52% | c_hat=[+0.0000,+0.0000] c_true=[+0.0000,+0.0000] | Jxx_hat=0.01420 Jxx_true=0.01420 Jyz_hat=+0.00000 Jyz_true=+0.00000 | s_hat=[-0.0147,-0.0195] s_true=[+0.0000,+0.0000] kg·m
[INFO] [1789401583.000225357] [mhe_node]: [tau_phys] roll=-0.190 pitch=+0.138 Nm
[INFO] [1789401583.000812629] [mhe_node]: [mass-diag] m_est=2.1988 T=21.558N tilt=2.82deg cos=0.99879 | T/g=2.1975 T*cos/g=2.1949 | m_est-T*cos/g=+0.0040kg (+0.18%) vz=-0.109
[INFO] [1789401583.001393957] [mhe_node]: [c_xy_est] cx=-0.0048 cy=-0.0091 m
[INFO] [1789401583.591706584] [mhe_node]: [s-collapse] moment 基准未就绪(窗口 0/20, 越界剔除 0) — 暂不判决
[INFO] [1789401584.591776731] [mhe_node]: [s-collapse] moment 基准未就绪(窗口 0/20, 越界剔除 0) — 暂不判决
[INFO] [1789401584.997927269] [mhe_node]: MHE mass estimate: 2.195 kg (T_phys=21.55N) | solve=5.2ms (max7.7)
[INFO] [1789401584.998490138] [mhe_node]: [truth] m_hat=2.1953 m_true=2.0643 err=+6.34% | c_hat=[+0.0000,+0.0000] c_true=[+0.0000,+0.0000] | Jxx_hat=0.01420 Jxx_true=0.01420 Jyz_hat=+0.00000 Jyz_true=+0.00000 | s_hat=[-0.0184,-0.0197] s_true=[+0.0000,+0.0000] kg·m
[INFO] [1789401584.999007847] [mhe_node]: [tau_phys] roll=-0.187 pitch=+0.288 Nm
[INFO] [1789401584.999593605] [mhe_node]: [mass-diag] m_est=2.1953 T=21.550N tilt=1.96deg cos=0.99941 | T/g=2.1967 T*cos/g=2.1954 | m_est-T*cos/g=-0.0002kg (-0.01%) vz=-0.133
[INFO] [1789401585.000182952] [mhe_node]: [c_xy_est] cx=-0.0048 cy=-0.0091 m
[INFO] [1789401585.591705805] [mhe_node]: [s-collapse] moment 基准未就绪(窗口 0/20, 越界剔除 0) — 暂不判决
[INFO] [1789401586.591770944] [mhe_node]: [s-collapse] moment 基准未就绪(窗口 0/20, 越界剔除 0) — 暂不判决
[INFO] [1789401586.998073949] [mhe_node]: MHE mass estimate: 2.193 kg (T_phys=21.48N) | solve=7.1ms (max10.8)
[INFO] [1789401586.998644165] [mhe_node]: [truth] m_hat=2.1927 m_true=2.0643 err=+6.22% | c_hat=[+0.0000,+0.0000] c_true=[+0.0000,+0.0000] | Jxx_hat=0.01420 Jxx_true=0.01420 Jyz_hat=+0.00000 Jyz_true=+0.00000 | s_hat=[-0.0211,-0.0199] s_true=[+0.0000,+0.0000] kg·m
[INFO] [1789401586.999171114] [mhe_node]: [tau_phys] roll=-0.203 pitch=+0.065 Nm
[INFO] [1789401586.999756933] [mhe_node]: [mass-diag] m_est=2.1927 T=21.483N tilt=1.01deg cos=0.99985 | T/g=2.1899 T*cos/g=2.1896 | m_est-T*cos/g=+0.0031kg (+0.14%) vz=-0.101
[INFO] [1789401587.000343752] [mhe_node]: [c_xy_est] cx=-0.0048 cy=-0.0091 m
[INFO] [1789401587.591802979] [mhe_node]: [s-collapse] moment 基准未就绪(窗口 0/20, 越界剔除 0) — 暂不判决
[INFO] [1789401588.591777446] [mhe_node]: [s-collapse] moment 基准未就绪(窗口 0/20, 越界剔除 0) — 暂不判决
[INFO] [1789401588.996106443] [mhe_node]: MHE mass estimate: 2.194 kg (T_phys=21.55N) | solve=4.9ms (max6.7)
[INFO] [1789401588.996607398] [mhe_node]: [truth] m_hat=2.1936 m_true=2.0643 err=+6.26% | c_hat=[+0.0000,+0.0000] c_true=[+0.0000,+0.0000] | Jxx_hat=0.01420 Jxx_true=0.01420 Jyz_hat=+0.00000 Jyz_true=+0.00000 | s_hat=[-0.0181,-0.0200] s_true=[+0.0000,+0.0000] kg·m
[INFO] [1789401588.996975164] [mhe_node]: [tau_phys] roll=-0.211 pitch=+0.143 Nm
[INFO] [1789401588.997392339] [mhe_node]: [mass-diag] m_est=2.1936 T=21.549N tilt=1.12deg cos=0.99981 | T/g=2.1966 T*cos/g=2.1962 | m_est-T*cos/g=-0.0026kg (-0.12%) vz=-0.123
[INFO] [1789401588.997800986] [mhe_node]: [c_xy_est] cx=-0.0048 cy=-0.0091 m
[INFO] [1789401589.591788405] [mhe_node]: [s-collapse] moment 基准未就绪(窗口 0/20, 越界剔除 0) — 暂不判决
[INFO] [1789401590.591755542] [mhe_node]: [s-collapse] moment 基准未就绪(窗口 0/20, 越界剔除 0) — 暂不判决
[INFO] [1789401590.998029368] [mhe_node]: MHE mass estimate: 2.201 kg (T_phys=21.61N) | solve=6.1ms (max16.2)
[INFO] [1789401590.998600218] [mhe_node]: [truth] m_hat=2.2014 m_true=2.0643 err=+6.64% | c_hat=[+0.0000,+0.0000] c_true=[+0.0000,+0.0000] | Jxx_hat=0.01420 Jxx_true=0.01420 Jyz_hat=+0.00000 Jyz_true=+0.00000 | s_hat=[-0.0139,-0.0206] s_true=[+0.0000,+0.0000] kg·m
[INFO] [1789401590.999124377] [mhe_node]: [tau_phys] roll=-0.221 pitch=+0.145 Nm
[INFO] [1789401590.999712478] [mhe_node]: [mass-diag] m_est=2.2014 T=21.614N tilt=1.75deg cos=0.99954 | T/g=2.2033 T*cos/g=2.2023 | m_est-T*cos/g=-0.0008kg (-0.04%) vz=-0.065
[INFO] [1789401591.000301641] [mhe_node]: [c_xy_est] cx=-0.0048 cy=-0.0091 m
[INFO] [1789401591.591715076] [mhe_node]: [s-collapse] moment 基准未就绪(窗口 0/20, 越界剔除 0) — 暂不判决
[INFO] [1789401592.591756836] [mhe_node]: [s-collapse] moment 基准未就绪(窗口 0/20, 越界剔除 0) — 暂不判决
[INFO] [1789401592.998084403] [mhe_node]: MHE mass estimate: 2.200 kg (T_phys=21.65N) | solve=6.7ms (max11.8)
[INFO] [1789401592.998656984] [mhe_node]: [truth] m_hat=2.1998 m_true=2.0643 err=+6.56% | c_hat=[+0.0000,+0.0000] c_true=[+0.0000,+0.0000] | Jxx_hat=0.01420 Jxx_true=0.01420 Jyz_hat=+0.00000 Jyz_true=+0.00000 | s_hat=[-0.0123,-0.0209] s_true=[+0.0000,+0.0000] kg·m
[INFO] [1789401592.999181258] [mhe_node]: [tau_phys] roll=-0.203 pitch=+0.146 Nm
[INFO] [1789401592.999767596] [mhe_node]: [mass-diag] m_est=2.1998 T=21.646N tilt=2.75deg cos=0.99885 | T/g=2.2066 T*cos/g=2.2040 | m_est-T*cos/g=-0.0042kg (-0.19%) vz=-0.086
[INFO] [1789401593.000357519] [mhe_node]: [c_xy_est] cx=-0.0048 cy=-0.0091 m
[INFO] [1789401593.591798022] [mhe_node]: [s-collapse] moment 基准未就绪(窗口 0/20, 越界剔除 0) — 暂不判决
[INFO] [1789401594.591704063] [mhe_node]: [s-collapse] moment 基准未就绪(窗口 0/20, 越界剔除 0) — 暂不判决
[INFO] [1789401594.997048418] [mhe_node]: MHE mass estimate: 2.201 kg (T_phys=21.67N) | solve=5.2ms (max9.6)
[INFO] [1789401594.997742999] [mhe_node]: [truth] m_hat=2.2014 m_true=2.0643 err=+6.64% | c_hat=[+0.0000,+0.0000] c_true=[+0.0000,+0.0000] | Jxx_hat=0.01420 Jxx_true=0.01420 Jyz_hat=+0.00000 Jyz_true=+0.00000 | s_hat=[-0.0143,-0.0212] s_true=[+0.0000,+0.0000] kg·m
[INFO] [1789401594.998442930] [mhe_node]: [tau_phys] roll=-0.204 pitch=+0.169 Nm
[INFO] [1789401594.999128686] [mhe_node]: [mass-diag] m_est=2.2014 T=21.672N tilt=2.44deg cos=0.99909 | T/g=2.2092 T*cos/g=2.2072 | m_est-T*cos/g=-0.0057kg (-0.26%) vz=-0.030
[INFO] [1789401594.999728175] [mhe_node]: [c_xy_est] cx=-0.0048 cy=-0.0091 m
[INFO] [1789401595.591802122] [mhe_node]: [s-collapse] moment 基准未就绪(窗口 0/20, 越界剔除 0) — 暂不判决
[INFO] [1789401596.591712361] [mhe_node]: [s-collapse] moment 基准未就绪(窗口 0/20, 越界剔除 0) — 暂不判决
[INFO] [1789401596.997171626] [mhe_node]: MHE mass estimate: 2.199 kg (T_phys=21.65N) | solve=4.9ms (max6.6)
[INFO] [1789401596.997732859] [mhe_node]: [truth] m_hat=2.1989 m_true=2.0643 err=+6.52% | c_hat=[+0.0000,+0.0000] c_true=[+0.0000,+0.0000] | Jxx_hat=0.01420 Jxx_true=0.01420 Jyz_hat=+0.00000 Jyz_true=+0.00000 | s_hat=[-0.0163,-0.0204] s_true=[+0.0000,+0.0000] kg·m
[INFO] [1789401596.998255566] [mhe_node]: [tau_phys] roll=-0.203 pitch=+0.199 Nm
[INFO] [1789401596.998838424] [mhe_node]: [mass-diag] m_est=2.1989 T=21.653N tilt=1.47deg cos=0.99967 | T/g=2.2073 T*cos/g=2.2066 | m_est-T*cos/g=-0.0077kg (-0.35%) vz=-0.022
[INFO] [1789401596.999418762] [mhe_node]: [c_xy_est] cx=-0.0048 cy=-0.0091 m
[INFO] [1789401597.591724146] [mhe_node]: [s-collapse] moment 基准未就绪(窗口 0/20, 越界剔除 0) — 暂不判决
[INFO] [1789401598.591643637] [mhe_node]: [s-collapse] moment 基准未就绪(窗口 0/20, 越界剔除 0) — 暂不判决
[INFO] [1789401598.997049850] [mhe_node]: MHE mass estimate: 2.202 kg (T_phys=21.66N) | solve=4.7ms (max7.8)
[INFO] [1789401598.997618701] [mhe_node]: [truth] m_hat=2.2018 m_true=2.0643 err=+6.66% | c_hat=[+0.0000,+0.0000] c_true=[+0.0000,+0.0000] | Jxx_hat=0.01420 Jxx_true=0.01420 Jyz_hat=+0.00000 Jyz_true=+0.00000 | s_hat=[-0.0161,-0.0206] s_true=[+0.0000,+0.0000] kg·m
[INFO] [1789401598.998146373] [mhe_node]: [tau_phys] roll=-0.214 pitch=+0.203 Nm
[INFO] [1789401598.998734426] [mhe_node]: [mass-diag] m_est=2.2018 T=21.659N tilt=0.97deg cos=0.99986 | T/g=2.2079 T*cos/g=2.2076 | m_est-T*cos/g=-0.0058kg (-0.26%) vz=+0.046
[INFO] [1789401598.999318577] [mhe_node]: [c_xy_est] cx=-0.0048 cy=-0.0091 m
[INFO] [1789401599.591760009] [mhe_node]: [s-collapse] moment 基准未就绪(窗口 0/20, 越界剔除 0) — 暂不判决
[INFO] [1789401600.591819864] [mhe_node]: [s-collapse] moment 基准未就绪(窗口 0/20, 越界剔除 0) — 暂不判决
[INFO] [1789401600.998384631] [mhe_node]: MHE mass estimate: 2.203 kg (T_phys=21.67N) | solve=6.5ms (max10.8)
[INFO] [1789401600.998967336] [mhe_node]: [truth] m_hat=2.2029 m_true=2.0643 err=+6.72% | c_hat=[+0.0000,+0.0000] c_true=[+0.0000,+0.0000] | Jxx_hat=0.01420 Jxx_true=0.01420 Jyz_hat=+0.00000 Jyz_true=+0.00000 | s_hat=[-0.0129,-0.0207] s_true=[+0.0000,+0.0000] kg·m
[INFO] [1789401600.999502078] [mhe_node]: [tau_phys] roll=-0.206 pitch=+0.114 Nm
[INFO] [1789401601.000095339] [mhe_node]: [mass-diag] m_est=2.2029 T=21.668N tilt=2.55deg cos=0.99901 | T/g=2.2088 T*cos/g=2.2066 | m_est-T*cos/g=-0.0037kg (-0.17%) vz=+0.066
[INFO] [1789401601.000676166] [mhe_node]: [c_xy_est] cx=-0.0048 cy=-0.0091 m
[INFO] [1789401601.591722187] [mhe_node]: [s-collapse] moment 基准未就绪(窗口 0/20, 越界剔除 0) — 暂不判决
[INFO] [1789401602.591779697] [mhe_node]: [s-collapse] moment 基准未就绪(窗口 0/20, 越界剔除 0) — 暂不判决
[INFO] [1789401603.005081298] [mhe_node]: MHE mass estimate: 2.012 kg (T_phys=20.05N) | solve=15.3ms (max28.0)
[INFO] [1789401603.005622268] [mhe_node]: [truth] m_hat=2.0120 m_true=2.0643 err=-2.53% | c_hat=[+0.0000,+0.0000] c_true=[+0.0000,+0.0000] | Jxx_hat=0.01420 Jxx_true=0.01420 Jyz_hat=+0.00000 Jyz_true=+0.00000 | s_hat=[-0.0079,-0.0052] s_true=[+0.0000,+0.0000] kg·m
[INFO] [1789401603.006148958] [mhe_node]: [tau_phys] roll=-0.006 pitch=+0.126 Nm
[INFO] [1789401603.006729172] [mhe_node]: [mass-diag] m_est=2.0120 T=20.054N tilt=3.76deg cos=0.99785 | T/g=2.0443 T*cos/g=2.0399 | m_est-T*cos/g=-0.0279kg (-1.37%) vz=-0.011
[INFO] [1789401603.007314729] [mhe_node]: [c_xy_est] cx=-0.0048 cy=-0.0091 m
[INFO] [1789401603.591785925] [mhe_node]: [s-collapse] moment 基准未就绪(窗口 0/20, 越界剔除 0) — 暂不判决
[INFO] [1789401604.591699514] [mhe_node]: [s-collapse] moment 基准未就绪(窗口 0/20, 越界剔除 0) — 暂不判决
[INFO] [1789401604.998379931] [mhe_node]: MHE mass estimate: 2.055 kg (T_phys=20.23N) | solve=15.3ms (max28.3)
[INFO] [1789401604.998919792] [mhe_node]: [truth] m_hat=2.0547 m_true=2.0643 err=-0.46% | c_hat=[+0.0000,+0.0000] c_true=[+0.0000,+0.0000] | Jxx_hat=0.01420 Jxx_true=0.01420 Jyz_hat=+0.00000 Jyz_true=+0.00000 | s_hat=[-0.0033,-0.0001] s_true=[+0.0000,+0.0000] kg·m
[INFO] [1789401604.999444929] [mhe_node]: [tau_phys] roll=+0.002 pitch=+0.032 Nm
[INFO] [1789401605.000033469] [mhe_node]: [mass-diag] m_est=2.0547 T=20.227N tilt=2.79deg cos=0.99882 | T/g=2.0619 T*cos/g=2.0595 | m_est-T*cos/g=-0.0047kg (-0.23%) vz=+0.097
[INFO] [1789401605.000619529] [mhe_node]: [c_xy_est] cx=-0.0048 cy=-0.0091 m
[INFO] [1789401605.591785990] [mhe_node]: [s-collapse] moment 基准未就绪(窗口 0/20, 越界剔除 0) — 暂不判决
[INFO] [1789401606.591709053] [mhe_node]: [s-collapse] moment 基准未就绪(窗口 0/20, 越界剔除 0) — 暂不判决
[INFO] [1789401606.997392158] [mhe_node]: MHE mass estimate: 2.056 kg (T_phys=20.20N) | solve=5.0ms (max8.2)
[INFO] [1789401606.998138721] [mhe_node]: [truth] m_hat=2.0562 m_true=2.0643 err=-0.39% | c_hat=[+0.0000,+0.0000] c_true=[+0.0000,+0.0000] | Jxx_hat=0.01420 Jxx_true=0.01420 Jyz_hat=+0.00000 Jyz_true=+0.00000 | s_hat=[-0.0037,+0.0004] s_true=[+0.0000,+0.0000] kg·m
[INFO] [1789401606.998660205] [mhe_node]: [tau_phys] roll=+0.006 pitch=+0.036 Nm
[INFO] [1789401606.999259669] [mhe_node]: [mass-diag] m_est=2.0562 T=20.200N tilt=2.38deg cos=0.99914 | T/g=2.0591 T*cos/g=2.0573 | m_est-T*cos/g=-0.0011kg (-0.05%) vz=+0.114
[INFO] [1789401606.999842550] [mhe_node]: [c_xy_est] cx=-0.0048 cy=-0.0091 m
[INFO] [1789401607.591732905] [mhe_node]: [s-collapse] moment 基准未就绪(窗口 0/20, 越界剔除 0) — 暂不判决
[INFO] [1789401608.591755152] [mhe_node]: [s-collapse] moment 基准未就绪(窗口 0/20, 越界剔除 0) — 暂不判决
[INFO] [1789401608.998333522] [mhe_node]: MHE mass estimate: 2.053 kg (T_phys=20.19N) | solve=5.5ms (max9.1)
[INFO] [1789401608.998885348] [mhe_node]: [truth] m_hat=2.0531 m_true=2.0643 err=-0.54% | c_hat=[+0.0000,+0.0000] c_true=[+0.0000,+0.0000] | Jxx_hat=0.01420 Jxx_true=0.01420 Jyz_hat=+0.00000 Jyz_true=+0.00000 | s_hat=[-0.0045,+0.0005] s_true=[+0.0000,+0.0000] kg·m
[INFO] [1789401608.999410523] [mhe_node]: [tau_phys] roll=+0.006 pitch=+0.037 Nm
[INFO] [1789401609.000000144] [mhe_node]: [mass-diag] m_est=2.0531 T=20.192N tilt=1.43deg cos=0.99969 | T/g=2.0583 T*cos/g=2.0576 | m_est-T*cos/g=-0.0046kg (-0.22%) vz=+0.104
[INFO] [1789401609.000588304] [mhe_node]: [c_xy_est] cx=-0.0048 cy=-0.0091 m
[INFO] [1789401609.591705497] [mhe_node]: [s-collapse] moment 基准未就绪(窗口 0/20, 越界剔除 0) — 暂不判决
[INFO] [1789401610.591776199] [mhe_node]: [s-collapse] moment 基准未就绪(窗口 0/20, 越界剔除 0) — 暂不判决
[INFO] [1789401610.996172431] [mhe_node]: MHE mass estimate: 2.058 kg (T_phys=20.18N) | solve=6.4ms (max17.3)
[INFO] [1789401610.996569213] [mhe_node]: [truth] m_hat=2.0580 m_true=2.0643 err=-0.30% | c_hat=[+0.0000,+0.0000] c_true=[+0.0000,+0.0000] | Jxx_hat=0.01420 Jxx_true=0.01420 Jyz_hat=+0.00000 Jyz_true=+0.00000 | s_hat=[-0.0028,+0.0005] s_true=[+0.0000,+0.0000] kg·m
[INFO] [1789401610.996936112] [mhe_node]: [tau_phys] roll=+0.004 pitch=+0.010 Nm
[INFO] [1789401610.997355128] [mhe_node]: [mass-diag] m_est=2.0580 T=20.179N tilt=4.25deg cos=0.99725 | T/g=2.0569 T*cos/g=2.0513 | m_est-T*cos/g=+0.0067kg (+0.33%) vz=+0.052
[INFO] [1789401610.997758753] [mhe_node]: [c_xy_est] cx=-0.0048 cy=-0.0091 m
[INFO] [1789401611.591761830] [mhe_node]: [s-collapse] moment 基准未就绪(窗口 0/20, 越界剔除 0) — 暂不判决
[INFO] [1789401612.591755236] [mhe_node]: [s-collapse] moment 基准未就绪(窗口 9/20, 越界剔除 0) — 暂不判决
[INFO] [1789401612.996006813] [mhe_node]: MHE mass estimate: 2.062 kg (T_phys=20.17N) | solve=5.9ms (max14.7)
[INFO] [1789401612.996553124] [mhe_node]: [truth] m_hat=2.0619 m_true=2.0643 err=-0.12% | c_hat=[+0.0000,+0.0000] c_true=[+0.0000,+0.0000] | Jxx_hat=0.01420 Jxx_true=0.01420 Jyz_hat=+0.00000 Jyz_true=+0.00000 | s_hat=[-0.0004,+0.0001] s_true=[+0.0000,+0.0000] kg·m
[INFO] [1789401612.997073670] [mhe_node]: [tau_phys] roll=+0.001 pitch=+0.008 Nm
[INFO] [1789401612.997678234] [mhe_node]: [mass-diag] m_est=2.0619 T=20.172N tilt=0.77deg cos=0.99991 | T/g=2.0562 T*cos/g=2.0560 | m_est-T*cos/g=+0.0059kg (+0.29%) vz=-0.001
[INFO] [1789401612.998260770] [mhe_node]: [c_xy_est] cx=-0.0048 cy=-0.0091 m
[INFO] [1789401613.591781516] [mhe_node]: [s-collapse] moment 基准未就绪(窗口 19/20, 越界剔除 0) — 暂不判决
[INFO] [1789401613.691735366] [mhe_node]: [payload-state] LOADED->EMPTY (drop, m_p=-0.004kg)
[INFO] [1789401613.691984819] [mhe_node]: [c_xy_est] 载荷释放(mass-based m_p<0.030kg x20帧) → 在线偏心估计归零(重新播种)
[INFO] [1789401613.696788702] [mhe_node]: [s-decay] n=1 |s_est|=0.00051 |s_target|=0.00000 |s_out|=0.00031 d_s_out=-0.00015 conf=1.000 present=0 armed=0 latched=1 health=1
[INFO] [1789401613.796165559] [mhe_node]: [s-decay] n=2 |s_est|=0.00052 |s_target|=0.00000 |s_out|=0.00021 d_s_out=-0.00010 conf=1.000 present=0 armed=0 latched=1 health=1
[INFO] [1789401613.896169317] [mhe_node]: [s-decay] n=3 |s_est|=0.00052 |s_target|=0.00000 |s_out|=0.00014 d_s_out=-0.00007 conf=1.000 present=0 armed=0 latched=1 health=1
[INFO] [1789401613.996168526] [mhe_node]: [s-decay] n=4 |s_est|=0.00051 |s_target|=0.00000 |s_out|=0.00009 d_s_out=-0.00005 conf=1.000 present=0 armed=0 latched=1 health=1
[INFO] [1789401614.098040062] [mhe_node]: [s-decay] n=5 |s_est|=0.00050 |s_target|=0.00000 |s_out|=0.00006 d_s_out=-0.00003 conf=1.000 present=0 armed=0 latched=1 health=1
[INFO] [1789401614.197054386] [mhe_node]: [s-decay] n=6 |s_est|=0.00047 |s_target|=0.00000 |s_out|=0.00004 d_s_out=-0.00002 conf=1.000 present=0 armed=0 latched=1 health=1
[INFO] [1789401614.295179294] [mhe_node]: [s-decay] n=7 |s_est|=0.00044 |s_target|=0.00000 |s_out|=0.00003 d_s_out=-0.00001 conf=1.000 present=0 armed=0 latched=1 health=1
[INFO] [1789401614.398136219] [mhe_node]: [s-decay] n=8 |s_est|=0.00040 |s_target|=0.00000 |s_out|=0.00002 d_s_out=-0.00001 conf=1.000 present=0 armed=0 latched=1 health=1
[INFO] [1789401614.496048527] [mhe_node]: [s-decay] n=9 |s_est|=0.00037 |s_target|=0.00000 |s_out|=0.00001 d_s_out=-0.00001 conf=1.000 present=0 armed=0 latched=1 health=1
[INFO] [1789401614.599098631] [mhe_node]: [s-decay] n=10 |s_est|=0.00033 |s_target|=0.00000 |s_out|=0.00001 d_s_out=-0.00000 conf=1.000 present=0 armed=0 latched=1 health=1
[INFO] [1789401614.699001203] [mhe_node]: [s-decay] n=11 |s_est|=0.00029 |s_target|=0.00000 |s_out|=0.00001 d_s_out=-0.00000 conf=1.000 present=0 armed=0 latched=1 health=1
[INFO] [1789401614.796913736] [mhe_node]: [s-decay] n=12 |s_est|=0.00025 |s_target|=0.00000 |s_out|=0.00000 d_s_out=-0.00000 conf=1.000 present=0 armed=0 latched=1 health=1
[INFO] [1789401614.899023187] [mhe_node]: [s-decay] n=13 |s_est|=0.00020 |s_target|=0.00000 |s_out|=0.00000 d_s_out=-0.00000 conf=1.000 present=0 armed=0 latched=1 health=1
[INFO] [1789401614.997033724] [mhe_node]: MHE mass estimate: 2.063 kg (T_phys=20.30N) | solve=4.4ms (max6.7)
[INFO] [1789401614.997570794] [mhe_node]: [truth] m_hat=2.0633 m_true=2.0643 err=-0.05% | c_hat=[+0.0000,+0.0000] c_true=[+0.0000,+0.0000] | Jxx_hat=0.01420 Jxx_true=0.01420 Jyz_hat=+0.00000 Jyz_true=+0.00000 | s_hat=[-0.0002,-0.0000] s_true=[+0.0000,+0.0000] kg·m
[INFO] [1789401614.998123652] [mhe_node]: [tau_phys] roll=-0.001 pitch=+0.001 Nm
[INFO] [1789401614.998714356] [mhe_node]: [mass-diag] m_est=2.0633 T=20.298N tilt=0.37deg cos=0.99998 | T/g=2.0691 T*cos/g=2.0691 | m_est-T*cos/g=-0.0059kg (-0.28%) vz=-0.005
[INFO] [1789401614.999299267] [mhe_node]: [c_xy_est] cx=-0.0001 cy=-0.0000 m
[INFO] [1789401614.999661799] [mhe_node]: [s-decay] n=14 |s_est|=0.00017 |s_target|=0.00000 |s_out|=0.00000 d_s_out=-0.00000 conf=1.000 present=0 armed=0 latched=1 health=1
[INFO] [1789401615.099383939] [mhe_node]: [s-decay] n=15 |s_est|=0.00013 |s_target|=0.00000 |s_out|=0.00000 d_s_out=-0.00000 conf=1.000 present=0 armed=0 latched=1 health=1
[INFO] [1789401615.196054686] [mhe_node]: [s-decay] n=16 |s_est|=0.00011 |s_target|=0.00000 |s_out|=0.00000 d_s_out=-0.00000 conf=1.000 present=0 armed=0 latched=1 health=1
[INFO] [1789401615.295951034] [mhe_node]: [s-decay] n=17 |s_est|=0.00009 |s_target|=0.00000 |s_out|=0.00000 d_s_out=-0.00000 conf=1.000 present=0 armed=0 latched=1 health=1
[INFO] [1789401615.396177812] [mhe_node]: [s-decay] n=18 |s_est|=0.00007 |s_target|=0.00000 |s_out|=0.00000 d_s_out=-0.00000 conf=1.000 present=0 armed=0 latched=1 health=1
[INFO] [1789401615.496027034] [mhe_node]: [s-decay] n=19 |s_est|=0.00006 |s_target|=0.00000 |s_out|=0.00000 d_s_out=-0.00000 conf=1.000 present=0 armed=0 latched=1 health=1
[INFO] [1789401615.595895053] [mhe_node]: [s-decay] n=20 |s_est|=0.00005 |s_target|=0.00000 |s_out|=0.00000 d_s_out=-0.00000 conf=1.000 present=0 armed=0 latched=1 health=1
[INFO] [1789401615.696029433] [mhe_node]: [s-decay] n=21 |s_est|=0.00004 |s_target|=0.00000 |s_out|=0.00000 d_s_out=-0.00000 conf=1.000 present=0 armed=0 latched=1 health=1
[INFO] [1789401615.795961049] [mhe_node]: [s-decay] n=22 |s_est|=0.00003 |s_target|=0.00000 |s_out|=0.00000 d_s_out=-0.00000 conf=1.000 present=0 armed=0 latched=1 health=1
[INFO] [1789401615.894625606] [mhe_node]: [s-decay] n=23 |s_est|=0.00003 |s_target|=0.00000 |s_out|=0.00000 d_s_out=-0.00000 conf=1.000 present=0 armed=0 latched=1 health=1
[INFO] [1789401615.996005975] [mhe_node]: [s-decay] n=24 |s_est|=0.00003 |s_target|=0.00000 |s_out|=0.00000 d_s_out=-0.00000 conf=1.000 present=0 armed=0 latched=1 health=1
[INFO] [1789401616.095854910] [mhe_node]: [s-decay] n=25 |s_est|=0.00003 |s_target|=0.00000 |s_out|=0.00000 d_s_out=-0.00000 conf=1.000 present=0 armed=0 latched=1 health=1
[INFO] [1789401616.195951794] [mhe_node]: [s-decay] n=26 |s_est|=0.00002 |s_target|=0.00000 |s_out|=0.00000 d_s_out=-0.00000 conf=1.000 present=0 armed=0 latched=1 health=1
[INFO] [1789401616.295910761] [mhe_node]: [s-decay] n=27 |s_est|=0.00002 |s_target|=0.00000 |s_out|=0.00000 d_s_out=-0.00000 conf=1.000 present=0 armed=0 latched=1 health=1
[INFO] [1789401616.394737607] [mhe_node]: [s-decay] n=28 |s_est|=0.00002 |s_target|=0.00000 |s_out|=0.00000 d_s_out=-0.00000 conf=1.000 present=0 armed=0 latched=1 health=1
[INFO] [1789401616.494713477] [mhe_node]: [s-decay] n=29 |s_est|=0.00002 |s_target|=0.00000 |s_out|=0.00000 d_s_out=-0.00000 conf=1.000 present=0 armed=0 latched=1 health=1
[INFO] [1789401616.594707608] [mhe_node]: [s-decay] n=30 |s_est|=0.00003 |s_target|=0.00000 |s_out|=0.00000 d_s_out=-0.00000 conf=1.000 present=0 armed=0 latched=1 health=1
[INFO] [1789401616.694519253] [mhe_node]: [s-decay] n=31 |s_est|=0.00004 |s_target|=0.00000 |s_out|=0.00000 d_s_out=-0.00000 conf=1.000 present=0 armed=0 latched=1 health=1
[INFO] [1789401616.795958826] [mhe_node]: [s-decay] n=32 |s_est|=0.00005 |s_target|=0.00000 |s_out|=0.00000 d_s_out=-0.00000 conf=1.000 present=0 armed=0 latched=1 health=1
[INFO] [1789401616.896035837] [mhe_node]: [s-decay] n=33 |s_est|=0.00006 |s_target|=0.00000 |s_out|=0.00000 d_s_out=-0.00000 conf=1.000 present=0 armed=0 latched=1 health=1
[INFO] [1789401616.994594657] [mhe_node]: MHE mass estimate: 2.062 kg (T_phys=20.22N) | solve=3.4ms (max6.8)
[INFO] [1789401616.994984932] [mhe_node]: [truth] m_hat=2.0621 m_true=2.0643 err=-0.11% | c_hat=[+0.0000,+0.0000] c_true=[+0.0000,+0.0000] | Jxx_hat=0.01420 Jxx_true=0.01420 Jyz_hat=+0.00000 Jyz_true=+0.00000 | s_hat=[+0.0001,+0.0000] s_true=[+0.0000,+0.0000] kg·m
[INFO] [1789401616.995353808] [mhe_node]: [tau_phys] roll=+0.002 pitch=-0.002 Nm
[INFO] [1789401616.995771712] [mhe_node]: [mass-diag] m_est=2.0621 T=20.220N tilt=0.09deg cos=1.00000 | T/g=2.0612 T*cos/g=2.0612 | m_est-T*cos/g=+0.0009kg (+0.05%) vz=-0.000
[INFO] [1789401616.996178778] [mhe_node]: [c_xy_est] cx=+0.0000 cy=+0.0000 m
[INFO] [1789401616.996451361] [mhe_node]: [s-decay] n=34 |s_est|=0.00007 |s_target|=0.00000 |s_out|=0.00000 d_s_out=-0.00000 conf=1.000 present=0 armed=0 latched=1 health=1
[INFO] [1789401617.094586023] [mhe_node]: [s-decay] n=35 |s_est|=0.00008 |s_target|=0.00000 |s_out|=0.00000 d_s_out=-0.00000 conf=1.000 present=0 armed=0 latched=1 health=1
[INFO] [1789401617.195915792] [mhe_node]: [s-decay] n=36 |s_est|=0.00009 |s_target|=0.00000 |s_out|=0.00000 d_s_out=-0.00000 conf=1.000 present=0 armed=0 latched=1 health=1
[INFO] [1789401617.294676357] [mhe_node]: [s-decay] n=37 |s_est|=0.00010 |s_target|=0.00000 |s_out|=0.00000 d_s_out=-0.00000 conf=1.000 present=0 armed=0 latched=1 health=1
[INFO] [1789401617.396132851] [mhe_node]: [s-decay] n=38 |s_est|=0.00012 |s_target|=0.00000 |s_out|=0.00000 d_s_out=-0.00000 conf=1.000 present=0 armed=0 latched=1 health=1
[INFO] [1789401617.495967947] [mhe_node]: [s-decay] n=39 |s_est|=0.00014 |s_target|=0.00000 |s_out|=0.00000 d_s_out=-0.00000 conf=1.000 present=0 armed=0 latched=1 health=1
[INFO] [1789401617.596149522] [mhe_node]: [s-decay] n=40 |s_est|=0.00016 |s_target|=0.00000 |s_out|=0.00000 d_s_out=-0.00000 conf=1.000 present=0 armed=0 latched=1 health=1
[INFO] [1789401617.694696337] [mhe_node]: [s-decay] n=41 |s_est|=0.00018 |s_target|=0.00000 |s_out|=0.00000 d_s_out=-0.00000 conf=1.000 present=0 armed=0 latched=1 health=1
[INFO] [1789401617.796094868] [mhe_node]: [s-decay] n=42 |s_est|=0.00021 |s_target|=0.00000 |s_out|=0.00000 d_s_out=-0.00000 conf=1.000 present=0 armed=0 latched=1 health=1
[INFO] [1789401617.896093141] [mhe_node]: [s-decay] n=43 |s_est|=0.00023 |s_target|=0.00000 |s_out|=0.00000 d_s_out=-0.00000 conf=1.000 present=0 armed=0 latched=1 health=1
[INFO] [1789401617.995983989] [mhe_node]: [s-decay] n=44 |s_est|=0.00025 |s_target|=0.00000 |s_out|=0.00000 d_s_out=-0.00000 conf=1.000 present=0 armed=0 latched=1 health=1
[INFO] [1789401618.095944694] [mhe_node]: [s-decay] n=45 |s_est|=0.00027 |s_target|=0.00000 |s_out|=0.00000 d_s_out=-0.00000 conf=1.000 present=0 armed=0 latched=1 health=1
[INFO] [1789401618.196052139] [mhe_node]: [s-decay] n=46 |s_est|=0.00030 |s_target|=0.00000 |s_out|=0.00000 d_s_out=-0.00000 conf=1.000 present=0 armed=0 latched=1 health=1
[INFO] [1789401618.295952160] [mhe_node]: [s-decay] n=47 |s_est|=0.00032 |s_target|=0.00000 |s_out|=0.00000 d_s_out=-0.00000 conf=1.000 present=0 armed=0 latched=1 health=1
[INFO] [1789401618.396059997] [mhe_node]: [s-decay] n=48 |s_est|=0.00033 |s_target|=0.00000 |s_out|=0.00000 d_s_out=-0.00000 conf=1.000 present=0 armed=0 latched=1 health=1
[INFO] [1789401618.496085939] [mhe_node]: [s-decay] n=49 |s_est|=0.00034 |s_target|=0.00000 |s_out|=0.00000 d_s_out=-0.00000 conf=1.000 present=0 armed=0 latched=1 health=1
[INFO] [1789401618.596001438] [mhe_node]: [s-decay] n=50 |s_est|=0.00036 |s_target|=0.00000 |s_out|=0.00000 d_s_out=-0.00000 conf=1.000 present=0 armed=0 latched=1 health=1
[INFO] [1789401618.696079084] [mhe_node]: [s-decay] n=51 |s_est|=0.00036 |s_target|=0.00000 |s_out|=0.00000 d_s_out=-0.00000 conf=1.000 present=0 armed=0 latched=1 health=1
[INFO] [1789401618.795857421] [mhe_node]: [s-decay] n=52 |s_est|=0.00036 |s_target|=0.00000 |s_out|=0.00000 d_s_out=-0.00000 conf=1.000 present=0 armed=0 latched=1 health=1
[INFO] [1789401618.895975100] [mhe_node]: [s-decay] n=53 |s_est|=0.00035 |s_target|=0.00000 |s_out|=0.00000 d_s_out=-0.00000 conf=1.000 present=0 armed=0 latched=1 health=1
[INFO] [1789401618.996196809] [mhe_node]: MHE mass estimate: 2.063 kg (T_phys=20.28N) | solve=3.4ms (max3.7)
[INFO] [1789401618.996740238] [mhe_node]: [truth] m_hat=2.0630 m_true=2.0643 err=-0.06% | c_hat=[+0.0000,+0.0000] c_true=[+0.0000,+0.0000] | Jxx_hat=0.01420 Jxx_true=0.01420 Jyz_hat=+0.00000 Jyz_true=+0.00000 | s_hat=[+0.0003,+0.0000] s_true=[+0.0000,+0.0000] kg·m
[INFO] [1789401618.997264860] [mhe_node]: [tau_phys] roll=+0.003 pitch=-0.003 Nm
[INFO] [1789401618.997845380] [mhe_node]: [mass-diag] m_est=2.0630 T=20.278N tilt=0.18deg cos=0.99999 | T/g=2.0671 T*cos/g=2.0671 | m_est-T*cos/g=-0.0041kg (-0.20%) vz=+0.002
[INFO] [1789401618.998428259] [mhe_node]: [c_xy_est] cx=+0.0002 cy=+0.0000 m
[INFO] [1789401618.998797718] [mhe_node]: [s-decay] n=54 |s_est|=0.00033 |s_target|=0.00000 |s_out|=0.00000 d_s_out=-0.00000 conf=1.000 present=0 armed=0 latched=1 health=1
[INFO] [1789401619.096060047] [mhe_node]: [s-decay] n=55 |s_est|=0.00031 |s_target|=0.00000 |s_out|=0.00000 d_s_out=-0.00000 conf=1.000 present=0 armed=0 latched=1 health=1
[INFO] [1789401619.196031712] [mhe_node]: [s-decay] n=56 |s_est|=0.00029 |s_target|=0.00000 |s_out|=0.00000 d_s_out=-0.00000 conf=1.000 present=0 armed=0 latched=1 health=1
[INFO] [1789401619.294622993] [mhe_node]: [s-decay] n=57 |s_est|=0.00026 |s_target|=0.00000 |s_out|=0.00000 d_s_out=-0.00000 conf=1.000 present=0 armed=0 latched=1 health=1
[INFO] [1789401619.396155187] [mhe_node]: [s-decay] n=58 |s_est|=0.00024 |s_target|=0.00000 |s_out|=0.00000 d_s_out=-0.00000 conf=1.000 present=0 armed=0 latched=1 health=1
[INFO] [1789401619.495968341] [mhe_node]: [s-decay] n=59 |s_est|=0.00023 |s_target|=0.00000 |s_out|=0.00000 d_s_out=-0.00000 conf=1.000 present=0 armed=0 latched=1 health=1
[INFO] [1789401619.596085415] [mhe_node]: [s-decay] n=60 |s_est|=0.00022 |s_target|=0.00000 |s_out|=0.00000 d_s_out=-0.00000 conf=1.000 present=0 armed=0 latched=1 health=1
[INFO] [1789401619.696027844] [mhe_node]: [s-decay] n=61 |s_est|=0.00021 |s_target|=0.00000 |s_out|=0.00000 d_s_out=-0.00000 conf=1.000 present=0 armed=0 latched=1 health=1
[INFO] [1789401619.796000051] [mhe_node]: [s-decay] n=62 |s_est|=0.00019 |s_target|=0.00000 |s_out|=0.00000 d_s_out=-0.00000 conf=1.000 present=0 armed=0 latched=1 health=1
[INFO] [1789401619.896032145] [mhe_node]: [s-decay] n=63 |s_est|=0.00017 |s_target|=0.00000 |s_out|=0.00000 d_s_out=-0.00000 conf=1.000 present=0 armed=0 latched=1 health=1
[INFO] [1789401619.996075707] [mhe_node]: [s-decay] n=64 |s_est|=0.00016 |s_target|=0.00000 |s_out|=0.00000 d_s_out=-0.00000 conf=1.000 present=0 armed=0 latched=1 health=1
[INFO] [1789401620.096070617] [mhe_node]: [s-decay] n=65 |s_est|=0.00014 |s_target|=0.00000 |s_out|=0.00000 d_s_out=-0.00000 conf=1.000 present=0 armed=0 latched=1 health=1
[INFO] [1789401620.195912735] [mhe_node]: [s-decay] n=66 |s_est|=0.00013 |s_target|=0.00000 |s_out|=0.00000 d_s_out=-0.00000 conf=1.000 present=0 armed=0 latched=1 health=1
[INFO] [1789401620.296502351] [mhe_node]: [s-decay] n=67 |s_est|=0.00013 |s_target|=0.00000 |s_out|=0.00000 d_s_out=-0.00000 conf=1.000 present=0 armed=0 latched=1 health=1
[INFO] [1789401620.396249177] [mhe_node]: [s-decay] n=68 |s_est|=0.00013 |s_target|=0.00000 |s_out|=0.00000 d_s_out=-0.00000 conf=1.000 present=0 armed=0 latched=1 health=1
[INFO] [1789401620.496292181] [mhe_node]: [s-decay] n=69 |s_est|=0.00012 |s_target|=0.00000 |s_out|=0.00000 d_s_out=-0.00000 conf=1.000 present=0 armed=0 latched=1 health=1
[INFO] [1789401620.596352978] [mhe_node]: [s-decay] n=70 |s_est|=0.00012 |s_target|=0.00000 |s_out|=0.00000 d_s_out=-0.00000 conf=1.000 present=0 armed=0 latched=1 health=1
[INFO] [1789401620.696098905] [mhe_node]: [s-decay] n=71 |s_est|=0.00012 |s_target|=0.00000 |s_out|=0.00000 d_s_out=-0.00000 conf=1.000 present=0 armed=0 latched=1 health=1
[INFO] [1789401620.796057371] [mhe_node]: [s-decay] n=72 |s_est|=0.00012 |s_target|=0.00000 |s_out|=0.00000 d_s_out=-0.00000 conf=1.000 present=0 armed=0 latched=1 health=1
[INFO] [1789401620.895947640] [mhe_node]: [s-decay] n=73 |s_est|=0.00013 |s_target|=0.00000 |s_out|=0.00000 d_s_out=-0.00000 conf=1.000 present=0 armed=0 latched=1 health=1
[INFO] [1789401620.996055465] [mhe_node]: MHE mass estimate: 2.063 kg (T_phys=20.19N) | solve=3.6ms (max3.9)
[INFO] [1789401620.996593493] [mhe_node]: [truth] m_hat=2.0626 m_true=2.0643 err=-0.08% | c_hat=[+0.0000,+0.0000] c_true=[+0.0000,+0.0000] | Jxx_hat=0.01420 Jxx_true=0.01420 Jyz_hat=+0.00000 Jyz_true=+0.00000 | s_hat=[+0.0001,+0.0001] s_true=[+0.0000,+0.0000] kg·m
[INFO] [1789401620.997110566] [mhe_node]: [tau_phys] roll=-0.000 pitch=-0.005 Nm
[INFO] [1789401620.997700125] [mhe_node]: [mass-diag] m_est=2.0626 T=20.193N tilt=0.30deg cos=0.99999 | T/g=2.0584 T*cos/g=2.0584 | m_est-T*cos/g=+0.0042kg (+0.20%) vz=-0.002
[INFO] [1789401620.998284306] [mhe_node]: [c_xy_est] cx=+0.0001 cy=+0.0000 m
[INFO] [1789401620.998649997] [mhe_node]: [s-decay] n=74 |s_est|=0.00013 |s_target|=0.00000 |s_out|=0.00000 d_s_out=-0.00000 conf=1.000 present=0 armed=0 latched=1 health=1
[INFO] [1789401621.096048625] [mhe_node]: [s-decay] n=75 |s_est|=0.00014 |s_target|=0.00000 |s_out|=0.00000 d_s_out=-0.00000 conf=1.000 present=0 armed=0 latched=1 health=1
[INFO] [1789401621.196046822] [mhe_node]: [s-decay] n=76 |s_est|=0.00015 |s_target|=0.00000 |s_out|=0.00000 d_s_out=-0.00000 conf=1.000 present=0 armed=0 latched=1 health=1
[INFO] [1789401621.296009299] [mhe_node]: [s-decay] n=77 |s_est|=0.00016 |s_target|=0.00000 |s_out|=0.00000 d_s_out=-0.00000 conf=1.000 present=0 armed=0 latched=1 health=1
[INFO] [1789401621.396144829] [mhe_node]: [s-decay] n=78 |s_est|=0.00016 |s_target|=0.00000 |s_out|=0.00000 d_s_out=-0.00000 conf=1.000 present=0 armed=0 latched=1 health=1
[INFO] [1789401621.496035024] [mhe_node]: [s-decay] n=79 |s_est|=0.00017 |s_target|=0.00000 |s_out|=0.00000 d_s_out=-0.00000 conf=1.000 present=0 armed=0 latched=1 health=1
[INFO] [1789401621.595985743] [mhe_node]: [s-decay] n=80 |s_est|=0.00018 |s_target|=0.00000 |s_out|=0.00000 d_s_out=-0.00000 conf=1.000 present=0 armed=0 latched=1 health=1
[INFO] [1789401621.696070807] [mhe_node]: [s-decay] n=81 |s_est|=0.00018 |s_target|=0.00000 |s_out|=0.00000 d_s_out=-0.00000 conf=1.000 present=0 armed=0 latched=1 health=1
[INFO] [1789401621.795998277] [mhe_node]: [s-decay] n=82 |s_est|=0.00019 |s_target|=0.00000 |s_out|=0.00000 d_s_out=-0.00000 conf=1.000 present=0 armed=0 latched=1 health=1
[INFO] [1789401621.895946411] [mhe_node]: [s-decay] n=83 |s_est|=0.00019 |s_target|=0.00000 |s_out|=0.00000 d_s_out=-0.00000 conf=1.000 present=0 armed=0 latched=1 health=1
[INFO] [1789401621.995967212] [mhe_node]: [s-decay] n=84 |s_est|=0.00019 |s_target|=0.00000 |s_out|=0.00000 d_s_out=-0.00000 conf=1.000 present=0 armed=0 latched=1 health=1
[INFO] [1789401622.095905711] [mhe_node]: [s-decay] n=85 |s_est|=0.00018 |s_target|=0.00000 |s_out|=0.00000 d_s_out=-0.00000 conf=1.000 present=0 armed=0 latched=1 health=1
[INFO] [1789401622.195967487] [mhe_node]: [s-decay] n=86 |s_est|=0.00017 |s_target|=0.00000 |s_out|=0.00000 d_s_out=-0.00000 conf=1.000 present=0 armed=0 latched=1 health=1
[INFO] [1789401622.296036440] [mhe_node]: [s-decay] n=87 |s_est|=0.00016 |s_target|=0.00000 |s_out|=0.00000 d_s_out=-0.00000 conf=1.000 present=0 armed=0 latched=1 health=1
[INFO] [1789401622.396080048] [mhe_node]: [s-decay] n=88 |s_est|=0.00014 |s_target|=0.00000 |s_out|=0.00000 d_s_out=-0.00000 conf=1.000 present=0 armed=0 latched=1 health=1
[INFO] [1789401622.496021158] [mhe_node]: [s-decay] n=89 |s_est|=0.00012 |s_target|=0.00000 |s_out|=0.00000 d_s_out=-0.00000 conf=1.000 present=0 armed=0 latched=1 health=1
[INFO] [1789401622.596041691] [mhe_node]: [s-decay] n=90 |s_est|=0.00010 |s_target|=0.00000 |s_out|=0.00000 d_s_out=-0.00000 conf=1.000 present=0 armed=0 latched=1 health=1
[INFO] [1789401622.695984884] [mhe_node]: [s-decay] n=91 |s_est|=0.00008 |s_target|=0.00000 |s_out|=0.00000 d_s_out=-0.00000 conf=1.000 present=0 armed=0 latched=1 health=1
[INFO] [1789401622.796012107] [mhe_node]: [s-decay] n=92 |s_est|=0.00006 |s_target|=0.00000 |s_out|=0.00000 d_s_out=-0.00000 conf=1.000 present=0 armed=0 latched=1 health=1
[INFO] [1789401622.895992100] [mhe_node]: [s-decay] n=93 |s_est|=0.00004 |s_target|=0.00000 |s_out|=0.00000 d_s_out=-0.00000 conf=1.000 present=0 armed=0 latched=1 health=1
[INFO] [1789401622.996044835] [mhe_node]: MHE mass estimate: 2.062 kg (T_phys=20.24N) | solve=3.6ms (max3.6)
[INFO] [1789401622.996589448] [mhe_node]: [truth] m_hat=2.0620 m_true=2.0643 err=-0.11% | c_hat=[+0.0000,+0.0000] c_true=[+0.0000,+0.0000] | Jxx_hat=0.01420 Jxx_true=0.01420 Jyz_hat=+0.00000 Jyz_true=+0.00000 | s_hat=[-0.0000,+0.0000] s_true=[+0.0000,+0.0000] kg·m
[INFO] [1789401622.997110523] [mhe_node]: [tau_phys] roll=-0.002 pitch=-0.001 Nm
[INFO] [1789401622.997695861] [mhe_node]: [mass-diag] m_est=2.0620 T=20.242N tilt=0.34deg cos=0.99998 | T/g=2.0634 T*cos/g=2.0634 | m_est-T*cos/g=-0.0013kg (-0.06%) vz=-0.001
[INFO] [1789401622.998278504] [mhe_node]: [c_xy_est] cx=+0.0000 cy=+0.0000 m
[INFO] [1789401622.998654809] [mhe_node]: [s-decay] n=94 |s_est|=0.00002 |s_target|=0.00000 |s_out|=0.00000 d_s_out=-0.00000 conf=1.000 present=0 armed=0 latched=1 health=1
[INFO] [1789401623.094657852] [mhe_node]: [s-decay] n=95 |s_est|=0.00003 |s_target|=0.00000 |s_out|=0.00000 d_s_out=-0.00000 conf=1.000 present=0 armed=0 latched=1 health=1
[INFO] [1789401623.196051032] [mhe_node]: [s-decay] n=96 |s_est|=0.00003 |s_target|=0.00000 |s_out|=0.00000 d_s_out=-0.00000 conf=1.000 present=0 armed=0 latched=1 health=1
[INFO] [1789401623.295909945] [mhe_node]: [s-decay] n=97 |s_est|=0.00005 |s_target|=0.00000 |s_out|=0.00000 d_s_out=-0.00000 conf=1.000 present=0 armed=0 latched=1 health=1
[INFO] [1789401623.395896520] [mhe_node]: [s-decay] n=98 |s_est|=0.00006 |s_target|=0.00000 |s_out|=0.00000 d_s_out=-0.00000 conf=1.000 present=0 armed=0 latched=1 health=1
[INFO] [1789401623.495953341] [mhe_node]: [s-decay] n=99 |s_est|=0.00006 |s_target|=0.00000 |s_out|=0.00000 d_s_out=-0.00000 conf=1.000 present=0 armed=0 latched=1 health=1
[INFO] [1789401623.596005379] [mhe_node]: [s-decay] n=100 |s_est|=0.00007 |s_target|=0.00000 |s_out|=0.00000 d_s_out=-0.00000 conf=1.000 present=0 armed=0 latched=1 health=1
[INFO] [1789401624.996191950] [mhe_node]: MHE mass estimate: 2.060 kg (T_phys=20.27N) | solve=3.6ms (max4.5)
[INFO] [1789401624.996873927] [mhe_node]: [truth] m_hat=2.0605 m_true=2.0643 err=-0.19% | c_hat=[+0.0000,+0.0000] c_true=[+0.0000,+0.0000] | Jxx_hat=0.01420 Jxx_true=0.01420 Jyz_hat=+0.00000 Jyz_true=+0.00000 | s_hat=[+0.0001,-0.0000] s_true=[+0.0000,+0.0000] kg·m
[INFO] [1789401624.997396308] [mhe_node]: [tau_phys] roll=-0.000 pitch=-0.000 Nm
[INFO] [1789401624.997985886] [mhe_node]: [mass-diag] m_est=2.0605 T=20.272N tilt=0.44deg cos=0.99997 | T/g=2.0664 T*cos/g=2.0664 | m_est-T*cos/g=-0.0059kg (-0.28%) vz=-0.015
[INFO] [1789401624.998567461] [mhe_node]: [c_xy_est] cx=+0.0000 cy=-0.0000 m
[INFO] [1789401626.996305286] [mhe_node]: MHE mass estimate: 2.063 kg (T_phys=20.27N) | solve=3.6ms (max4.6)
[INFO] [1789401626.996875547] [mhe_node]: [truth] m_hat=2.0631 m_true=2.0643 err=-0.06% | c_hat=[+0.0000,+0.0000] c_true=[+0.0000,+0.0000] | Jxx_hat=0.01420 Jxx_true=0.01420 Jyz_hat=+0.00000 Jyz_true=+0.00000 | s_hat=[-0.0000,-0.0000] s_true=[+0.0000,+0.0000] kg·m
[INFO] [1789401626.997394863] [mhe_node]: [tau_phys] roll=-0.000 pitch=-0.002 Nm
[INFO] [1789401626.997983804] [mhe_node]: [mass-diag] m_est=2.0631 T=20.273N tilt=0.28deg cos=0.99999 | T/g=2.0666 T*cos/g=2.0666 | m_est-T*cos/g=-0.0034kg (-0.17%) vz=+0.007
[INFO] [1789401626.998567492] [mhe_node]: [c_xy_est] cx=-0.0000 cy=+0.0000 m
[INFO] [1789401628.996163799] [mhe_node]: MHE mass estimate: 2.063 kg (T_phys=20.30N) | solve=3.6ms (max4.0)
[INFO] [1789401628.996706880] [mhe_node]: [truth] m_hat=2.0626 m_true=2.0643 err=-0.08% | c_hat=[+0.0000,+0.0000] c_true=[+0.0000,+0.0000] | Jxx_hat=0.01420 Jxx_true=0.01420 Jyz_hat=+0.00000 Jyz_true=+0.00000 | s_hat=[+0.0002,+0.0001] s_true=[+0.0000,+0.0000] kg·m
[INFO] [1789401628.997237164] [mhe_node]: [tau_phys] roll=-0.001 pitch=+0.001 Nm
[INFO] [1789401628.997824561] [mhe_node]: [mass-diag] m_est=2.0626 T=20.298N tilt=0.20deg cos=0.99999 | T/g=2.0691 T*cos/g=2.0691 | m_est-T*cos/g=-0.0065kg (-0.31%) vz=+0.009
[INFO] [1789401628.998407726] [mhe_node]: [c_xy_est] cx=+0.0001 cy=+0.0001 m
[INFO] [1789401630.996019746] [mhe_node]: MHE mass estimate: 2.064 kg (T_phys=20.27N) | solve=3.8ms (max7.2)
[INFO] [1789401630.996572428] [mhe_node]: [truth] m_hat=2.0641 m_true=2.0643 err=-0.01% | c_hat=[+0.0000,+0.0000] c_true=[+0.0000,+0.0000] | Jxx_hat=0.01420 Jxx_true=0.01420 Jyz_hat=+0.00000 Jyz_true=+0.00000 | s_hat=[-0.0000,-0.0000] s_true=[+0.0000,+0.0000] kg·m
[INFO] [1789401630.997098703] [mhe_node]: [tau_phys] roll=+0.001 pitch=+0.001 Nm
[INFO] [1789401630.997697421] [mhe_node]: [mass-diag] m_est=2.0641 T=20.274N tilt=0.07deg cos=1.00000 | T/g=2.0666 T*cos/g=2.0666 | m_est-T*cos/g=-0.0025kg (-0.12%) vz=+0.009
[INFO] [1789401630.998283466] [mhe_node]: [c_xy_est] cx=-0.0000 cy=-0.0000 m
[INFO] [1789401632.996139560] [mhe_node]: MHE mass estimate: 2.064 kg (T_phys=20.21N) | solve=3.5ms (max3.8)
[INFO] [1789401632.996682878] [mhe_node]: [truth] m_hat=2.0637 m_true=2.0643 err=-0.03% | c_hat=[+0.0000,+0.0000] c_true=[+0.0000,+0.0000] | Jxx_hat=0.01420 Jxx_true=0.01420 Jyz_hat=+0.00000 Jyz_true=+0.00000 | s_hat=[+0.0001,-0.0000] s_true=[+0.0000,+0.0000] kg·m
[INFO] [1789401632.997204162] [mhe_node]: [tau_phys] roll=-0.001 pitch=-0.000 Nm
[INFO] [1789401632.997788794] [mhe_node]: [mass-diag] m_est=2.0637 T=20.215N tilt=0.12deg cos=1.00000 | T/g=2.0606 T*cos/g=2.0606 | m_est-T*cos/g=+0.0030kg (+0.15%) vz=+0.001
[INFO] [1789401632.998369918] [mhe_node]: [c_xy_est] cx=+0.0001 cy=-0.0000 m
[INFO] [1789401634.996024072] [mhe_node]: MHE mass estimate: 2.064 kg (T_phys=20.17N) | solve=3.6ms (max5.2)
[INFO] [1789401634.996562293] [mhe_node]: [truth] m_hat=2.0639 m_true=2.0643 err=-0.02% | c_hat=[+0.0000,+0.0000] c_true=[+0.0000,+0.0000] | Jxx_hat=0.01420 Jxx_true=0.01420 Jyz_hat=+0.00000 Jyz_true=+0.00000 | s_hat=[+0.0001,-0.0000] s_true=[+0.0000,+0.0000] kg·m
[INFO] [1789401634.997077204] [mhe_node]: [tau_phys] roll=+0.002 pitch=+0.002 Nm
[INFO] [1789401634.997663306] [mhe_node]: [mass-diag] m_est=2.0639 T=20.171N tilt=0.19deg cos=0.99999 | T/g=2.0562 T*cos/g=2.0562 | m_est-T*cos/g=+0.0077kg (+0.37%) vz=+0.013
[INFO] [1789401634.998248828] [mhe_node]: [c_xy_est] cx=+0.0000 cy=-0.0000 m
[INFO] [1789401636.996001420] [mhe_node]: MHE mass estimate: 2.063 kg (T_phys=20.25N) | solve=3.4ms (max3.8)
[INFO] [1789401636.996539430] [mhe_node]: [truth] m_hat=2.0630 m_true=2.0643 err=-0.06% | c_hat=[+0.0000,+0.0000] c_true=[+0.0000,+0.0000] | Jxx_hat=0.01420 Jxx_true=0.01420 Jyz_hat=+0.00000 Jyz_true=+0.00000 | s_hat=[-0.0000,+0.0001] s_true=[+0.0000,+0.0000] kg·m
[INFO] [1789401636.997051044] [mhe_node]: [tau_phys] roll=+0.002 pitch=-0.001 Nm
[INFO] [1789401636.997636412] [mhe_node]: [mass-diag] m_est=2.0630 T=20.253N tilt=0.33deg cos=0.99998 | T/g=2.0645 T*cos/g=2.0645 | m_est-T*cos/g=-0.0015kg (-0.07%) vz=-0.000
[INFO] [1789401636.998217033] [mhe_node]: [c_xy_est] cx=-0.0000 cy=+0.0000 m
[INFO] [1789401638.996179215] [mhe_node]: MHE mass estimate: 2.061 kg (T_phys=20.25N) | solve=3.5ms (max7.2)
[INFO] [1789401638.996715213] [mhe_node]: [truth] m_hat=2.0609 m_true=2.0643 err=-0.16% | c_hat=[+0.0000,+0.0000] c_true=[+0.0000,+0.0000] | Jxx_hat=0.01420 Jxx_true=0.01420 Jyz_hat=+0.00000 Jyz_true=+0.00000 | s_hat=[-0.0000,-0.0000] s_true=[+0.0000,+0.0000] kg·m
[INFO] [1789401638.997258339] [mhe_node]: [tau_phys] roll=+0.002 pitch=-0.002 Nm
[INFO] [1789401638.997841507] [mhe_node]: [mass-diag] m_est=2.0609 T=20.248N tilt=0.09deg cos=1.00000 | T/g=2.0640 T*cos/g=2.0640 | m_est-T*cos/g=-0.0031kg (-0.15%) vz=-0.014
[INFO] [1789401638.998424608] [mhe_node]: [c_xy_est] cx=-0.0000 cy=-0.0000 m
[INFO] [1789401640.996031580] [mhe_node]: MHE mass estimate: 2.061 kg (T_phys=20.19N) | solve=3.6ms (max3.8)
[INFO] [1789401640.996577546] [mhe_node]: [truth] m_hat=2.0615 m_true=2.0643 err=-0.14% | c_hat=[+0.0000,+0.0000] c_true=[+0.0000,+0.0000] | Jxx_hat=0.01420 Jxx_true=0.01420 Jyz_hat=+0.00000 Jyz_true=+0.00000 | s_hat=[+0.0002,+0.0001] s_true=[+0.0000,+0.0000] kg·m
[INFO] [1789401640.997095352] [mhe_node]: [tau_phys] roll=+0.001 pitch=-0.000 Nm
[INFO] [1789401640.997687163] [mhe_node]: [mass-diag] m_est=2.0615 T=20.187N tilt=0.21deg cos=0.99999 | T/g=2.0578 T*cos/g=2.0578 | m_est-T*cos/g=+0.0036kg (+0.18%) vz=-0.006
[INFO] [1789401640.998266460] [mhe_node]: [c_xy_est] cx=+0.0001 cy=+0.0000 m
[INFO] [1789401641.291899502] [mhe_node]: [c_xy-clamp] 越界剔除 0/600 (0.0%) 上限 0.0390 kg·m clamp=1
[INFO] [1789401642.996135576] [mhe_node]: MHE mass estimate: 2.061 kg (T_phys=20.25N) | solve=3.5ms (max3.6)
[INFO] [1789401642.996808184] [mhe_node]: [truth] m_hat=2.0614 m_true=2.0643 err=-0.14% | c_hat=[+0.0000,+0.0000] c_true=[+0.0000,+0.0000] | Jxx_hat=0.01420 Jxx_true=0.01420 Jyz_hat=+0.00000 Jyz_true=+0.00000 | s_hat=[+0.0000,-0.0000] s_true=[+0.0000,+0.0000] kg·m
[INFO] [1789401642.997339527] [mhe_node]: [tau_phys] roll=+0.001 pitch=-0.003 Nm
[INFO] [1789401642.997929838] [mhe_node]: [mass-diag] m_est=2.0614 T=20.249N tilt=0.07deg cos=1.00000 | T/g=2.0641 T*cos/g=2.0641 | m_est-T*cos/g=-0.0027kg (-0.13%) vz=-0.009
[INFO] [1789401642.998509997] [mhe_node]: [c_xy_est] cx=+0.0000 cy=-0.0000 m
[ros2run]: Killed
