[INFO] [1788473354.114685262] [mhe_node]: MHE node starting, building/loading solver... (geom_coupled=True, N=20, m_min=1.961, m_B=2.0643)
Code reuse possible, skipping code generation.
acados was compiled without OpenMP.
[INFO] [1788473354.121634951] [mhe_node]: [prior] geom_coupled=True → 载荷质量信息**完全不生效**(grip_payload_envelope=0.3 是死代码:coupled 档下 _payload_geometry 根本不被调用);模型只吃可测杆臂 r_p + 被估质量,m 的先验仅有 Q0 质量维=0.1 (σ=3.16kg,实质无先验)
[WARN] [1788473354.122127806] [mhe_node]: geom_release_mode='self':估计器不被告知 drop。⚠️ 2026-08-24 实测,**NMPC 侧也设成 'self' 会必然坠机**——drop 后控制器继续按幽灵偏心载荷配平,指令 0.424N·m(tau_max 的 85%)作用在空机 J_xx=0.0142 上 = 29.8 rad/s²,而 MHE 10Hz/2s 窗口要 1~2s 才纠得过来,飞机先翻。**正确组合 = MHE 'self' + NMPC 'event'**(控制器是发释放指令的一方,它知道不构成认知作弊)。
[INFO] [1788473354.123534969] [mhe_node]: [c_xy_est] 质量域卸载判据已开:先武装(m_p>0.090kg),再判 m_p<0.03kg 持续 20 帧 -> 释放偏心估计
[INFO] [1788473354.124068405] [mhe_node]: [c_xy] 来源 = 一阶质量矩 s/m_T(窗口内估计,**无稳态门控**),替代窗外 EMA —— 机动中也会更新
[INFO] [1788473354.125056827] [mhe_node]: weight schedule theta = [-4.00, 0.00, 0.00, 0.00], signal mode = residual (residual self-trigger: thresh=1.5N persist=2 baseline_tau=3.0s)
[INFO] [1788473354.129170402] [mhe_node]: MHE node initialized! tau_source=command (roll/pitch NMPC意图值, yaw NMPC意图值), motor_window_avg=False, geom_release_mode=self. Waiting for odometry + control data...
[INFO] [1788473376.329292258] [mhe_node]: [no-signal] baseline settled at 19.96N (quiet 20 frames); detector armed
[INFO] [1788473376.329525006] [mhe_node]: arrival prior seeded: m=2.064 kg (m_nominal prior)
[INFO] [1788473376.329819410] [mhe_node]: [geom] model_geom_on=True (release_mode=self, truth_attached=False) mode=coupled(r_p) -> geom=[ 0.    0.   -0.47] dJ=0.0000 c_xy=[+0.0000,+0.0000] (dJ/c 为按当前 m_est 折算的诊断当量,模型内部随 m 实时生成)
[INFO] [1788473378.235332091] [mhe_node]: MHE mass estimate: 2.061 kg (T_phys=20.04N) | solve=3.7ms (max5.5)
[INFO] [1788473378.235887012] [mhe_node]: [truth] m_hat=2.0612 m_true=2.0643 err=-0.15% | c_hat=[+0.0000,+0.0000] c_true=[+0.0000,+0.0000] | Jxx_hat=0.01420 Jxx_true=0.01420 Jyz_hat=+0.00000 Jyz_true=+0.00000 | s_hat=[+0.0005,-0.0000] s_true=[+0.0000,+0.0000] kg·m
[INFO] [1788473378.236401689] [mhe_node]: [tau_phys] roll=+0.007 pitch=-0.053 Nm
[INFO] [1788473378.236996097] [mhe_node]: [mass-diag] m_est=2.0612 T=20.041N tilt=5.47deg cos=0.99544 | T/g=2.0429 T*cos/g=2.0336 | m_est-T*cos/g=+0.0276kg (+1.36%) vz=+0.117
[INFO] [1788473378.237575367] [mhe_node]: [c_xy_est] cx=+0.0001 cy=-0.0000 m
[INFO] [1788473380.235200536] [mhe_node]: MHE mass estimate: 2.060 kg (T_phys=20.21N) | solve=8.4ms (max16.0)
[INFO] [1788473380.235742153] [mhe_node]: [truth] m_hat=2.0599 m_true=2.0643 err=-0.22% | c_hat=[+0.0000,+0.0000] c_true=[+0.0000,+0.0000] | Jxx_hat=0.01420 Jxx_true=0.01420 Jyz_hat=+0.00000 Jyz_true=+0.00000 | s_hat=[-0.0010,+0.0000] s_true=[+0.0000,+0.0000] kg·m
[INFO] [1788473380.236252456] [mhe_node]: [tau_phys] roll=+0.001 pitch=+0.002 Nm
[INFO] [1788473380.236840045] [mhe_node]: [mass-diag] m_est=2.0599 T=20.208N tilt=2.33deg cos=0.99917 | T/g=2.0599 T*cos/g=2.0582 | m_est-T*cos/g=+0.0017kg (+0.08%) vz=+0.020
[INFO] [1788473380.237415075] [mhe_node]: [c_xy_est] cx=-0.0005 cy=+0.0000 m
[INFO] [1788473382.233346471] [mhe_node]: MHE mass estimate: 2.061 kg (T_phys=20.26N) | solve=5.9ms (max10.9)
[INFO] [1788473382.233893633] [mhe_node]: [truth] m_hat=2.0606 m_true=2.0643 err=-0.18% | c_hat=[+0.0000,+0.0000] c_true=[+0.0000,+0.0000] | Jxx_hat=0.01420 Jxx_true=0.01420 Jyz_hat=+0.00000 Jyz_true=+0.00000 | s_hat=[+0.0002,+0.0000] s_true=[+0.0000,+0.0000] kg·m
[INFO] [1788473382.234409905] [mhe_node]: [tau_phys] roll=-0.003 pitch=-0.004 Nm
[INFO] [1788473382.234998366] [mhe_node]: [mass-diag] m_est=2.0606 T=20.255N tilt=0.11deg cos=1.00000 | T/g=2.0647 T*cos/g=2.0647 | m_est-T*cos/g=-0.0042kg (-0.20%) vz=+0.001
[INFO] [1788473382.235583509] [mhe_node]: [c_xy_est] cx=+0.0001 cy=+0.0000 m
[INFO] [1788473384.028934329] [mhe_node]: [no-signal] mass mutation self-detected at frame 96: T_phys=18.26N vs baseline 20.07N (dev 1.81N > 1.5N over 2 frames, direction=DROP); de-weighting pre-event stages
[INFO] [1788473384.030086590] [mhe_node]: event transition started: pre-event stages de-weighted
[INFO] [1788473384.233162079] [mhe_node]: MHE mass estimate: 2.012 kg (T_phys=17.97N) | solve=4.7ms (max10.8)
[INFO] [1788473384.233564211] [mhe_node]: [truth] m_hat=2.0121 m_true=2.0643 err=-2.53% | c_hat=[+0.0000,+0.0000] c_true=[+0.0000,+0.0000] | Jxx_hat=0.01420 Jxx_true=0.01420 Jyz_hat=+0.00000 Jyz_true=+0.00000 | s_hat=[+0.0002,-0.0001] s_true=[+0.0000,+0.0000] kg·m
[INFO] [1788473384.233930871] [mhe_node]: [tau_phys] roll=+0.001 pitch=-0.003 Nm
[INFO] [1788473384.234346759] [mhe_node]: [mass-diag] m_est=2.0121 T=17.970N tilt=0.15deg cos=1.00000 | T/g=1.8318 T*cos/g=1.8318 | m_est-T*cos/g=+0.1804kg (+9.85%) vz=-0.379
[INFO] [1788473384.234748491] [mhe_node]: [c_xy_est] cx=+0.0001 cy=-0.0001 m
[INFO] [1788473385.929394845] [mhe_node]: event transition ended: nominal weights restored
[INFO] [1788473386.234395697] [mhe_node]: MHE mass estimate: 2.062 kg (T_phys=20.34N) | solve=4.2ms (max8.2)
[INFO] [1788473386.234948849] [mhe_node]: [truth] m_hat=2.0615 m_true=2.0643 err=-0.13% | c_hat=[+0.0000,+0.0000] c_true=[+0.0000,+0.0000] | Jxx_hat=0.01420 Jxx_true=0.01420 Jyz_hat=+0.00000 Jyz_true=+0.00000 | s_hat=[+0.0001,-0.0001] s_true=[+0.0000,+0.0000] kg·m
[INFO] [1788473386.235468211] [mhe_node]: [tau_phys] roll=-0.002 pitch=-0.003 Nm
[INFO] [1788473386.236059440] [mhe_node]: [mass-diag] m_est=2.0615 T=20.338N tilt=0.14deg cos=1.00000 | T/g=2.0732 T*cos/g=2.0732 | m_est-T*cos/g=-0.0117kg (-0.56%) vz=-0.077
[INFO] [1788473386.236640693] [mhe_node]: [c_xy_est] cx=+0.0001 cy=-0.0000 m
[INFO] [1788473388.244209575] [mhe_node]: MHE mass estimate: 1.973 kg (T_phys=18.85N) | solve=8.4ms (max16.7)
[INFO] [1788473388.244754172] [mhe_node]: [truth] m_hat=1.9726 m_true=2.0643 err=-4.44% | c_hat=[+0.0000,+0.0000] c_true=[+0.0000,+0.0000] | Jxx_hat=0.01420 Jxx_true=0.01420 Jyz_hat=+0.00000 Jyz_true=+0.00000 | s_hat=[+0.0037,-0.0011] s_true=[+0.0000,+0.0000] kg·m
[INFO] [1788473388.245270224] [mhe_node]: [tau_phys] roll=-0.022 pitch=-0.018 Nm
[INFO] [1788473388.245856088] [mhe_node]: [mass-diag] m_est=1.9726 T=18.848N tilt=0.19deg cos=0.99999 | T/g=1.9213 T*cos/g=1.9213 | m_est-T*cos/g=+0.0513kg (+2.67%) vz=+0.006
[INFO] [1788473388.246434235] [mhe_node]: [c_xy_est] cx=+0.0018 cy=-0.0004 m
[INFO] [1788473390.249916899] [mhe_node]: MHE mass estimate: 1.979 kg (T_phys=23.68N) | solve=16.5ms (max24.6)
[INFO] [1788473390.250458745] [mhe_node]: [truth] m_hat=1.9787 m_true=2.0643 err=-4.15% | c_hat=[+0.0000,+0.0000] c_true=[+0.0000,+0.0000] | Jxx_hat=0.01420 Jxx_true=0.01420 Jyz_hat=+0.00000 Jyz_true=+0.00000 | s_hat=[-0.0037,-0.0085] s_true=[+0.0000,+0.0000] kg·m
[INFO] [1788473390.250980084] [mhe_node]: [tau_phys] roll=-0.101 pitch=-0.012 Nm
[INFO] [1788473390.251564369] [mhe_node]: [mass-diag] m_est=1.9787 T=23.683N tilt=0.49deg cos=0.99996 | T/g=2.4142 T*cos/g=2.4141 | m_est-T*cos/g=-0.4354kg (-18.03%) vz=+0.238
[INFO] [1788473390.252144632] [mhe_node]: [c_xy_est] cx=-0.0021 cy=-0.0041 m
[INFO] [1788473392.233399376] [mhe_node]: MHE mass estimate: 2.215 kg (T_phys=22.28N) | solve=8.6ms (max20.5)
[INFO] [1788473392.233964791] [mhe_node]: [truth] m_hat=2.2147 m_true=2.0643 err=+7.28% | c_hat=[+0.0000,+0.0000] c_true=[+0.0000,+0.0000] | Jxx_hat=0.01420 Jxx_true=0.01420 Jyz_hat=+0.00000 Jyz_true=+0.00000 | s_hat=[+0.0041,-0.0113] s_true=[+0.0000,+0.0000] kg·m
[INFO] [1788473392.234487070] [mhe_node]: [tau_phys] roll=-0.108 pitch=-0.046 Nm
[INFO] [1788473392.235091342] [mhe_node]: [mass-diag] m_est=2.2147 T=22.276N tilt=0.26deg cos=0.99999 | T/g=2.2708 T*cos/g=2.2707 | m_est-T*cos/g=-0.0561kg (-2.47%) vz=+1.108
[INFO] [1788473392.235673879] [mhe_node]: [c_xy_est] cx=+0.0019 cy=-0.0051 m
[INFO] [1788473392.828850568] [mhe_node]: [payload-state] EMPTY->LOADED (sustained m_p evidence, m_p=+0.156kg)
[INFO] [1788473394.234221410] [mhe_node]: MHE mass estimate: 2.222 kg (T_phys=21.22N) | solve=3.7ms (max4.4)
[INFO] [1788473394.234915071] [mhe_node]: [truth] m_hat=2.2219 m_true=2.0643 err=+7.64% | c_hat=[+0.0000,+0.0000] c_true=[+0.0000,+0.0000] | Jxx_hat=0.01420 Jxx_true=0.01420 Jyz_hat=+0.00000 Jyz_true=+0.00000 | s_hat=[+0.0041,-0.0112] s_true=[+0.0000,+0.0000] kg·m
[INFO] [1788473394.235434912] [mhe_node]: [tau_phys] roll=-0.121 pitch=-0.043 Nm
[INFO] [1788473394.236018785] [mhe_node]: [mass-diag] m_est=2.2219 T=21.220N tilt=0.10deg cos=1.00000 | T/g=2.1631 T*cos/g=2.1631 | m_est-T*cos/g=+0.0588kg (+2.72%) vz=+1.049
[INFO] [1788473394.236595060] [mhe_node]: [c_xy_est] cx=+0.0018 cy=-0.0050 m
[INFO] [1788473394.328914351] [mhe_node]: [no-signal] baseline settled at 21.61N (quiet 20 frames); detector armed
[INFO] [1788473394.728860058] [mhe_node]: [c_xy_est] 质量域判据已武装(m_p=0.157kg 连续20帧高于水位)
[INFO] [1788473396.233266487] [mhe_node]: MHE mass estimate: 2.218 kg (T_phys=20.93N) | solve=3.1ms (max3.7)
[INFO] [1788473396.233830976] [mhe_node]: [truth] m_hat=2.2178 m_true=2.0643 err=+7.44% | c_hat=[+0.0000,+0.0000] c_true=[+0.0000,+0.0000] | Jxx_hat=0.01420 Jxx_true=0.01420 Jyz_hat=+0.00000 Jyz_true=+0.00000 | s_hat=[+0.0042,-0.0113] s_true=[+0.0000,+0.0000] kg·m
[INFO] [1788473396.234346318] [mhe_node]: [tau_phys] roll=-0.109 pitch=-0.033 Nm
[INFO] [1788473396.234934087] [mhe_node]: [mass-diag] m_est=2.2178 T=20.928N tilt=0.08deg cos=1.00000 | T/g=2.1333 T*cos/g=2.1333 | m_est-T*cos/g=+0.0845kg (+3.96%) vz=+0.271
[INFO] [1788473396.235512877] [mhe_node]: [c_xy_est] cx=+0.0019 cy=-0.0051 m
[INFO] [1788473398.233488394] [mhe_node]: MHE mass estimate: 2.218 kg (T_phys=21.67N) | solve=3.4ms (max4.4)
[INFO] [1788473398.234047480] [mhe_node]: [truth] m_hat=2.2177 m_true=2.0643 err=+7.43% | c_hat=[+0.0000,+0.0000] c_true=[+0.0000,+0.0000] | Jxx_hat=0.01420 Jxx_true=0.01420 Jyz_hat=+0.00000 Jyz_true=+0.00000 | s_hat=[+0.0041,-0.0114] s_true=[+0.0000,+0.0000] kg·m
[INFO] [1788473398.234569319] [mhe_node]: [tau_phys] roll=-0.116 pitch=-0.055 Nm
[INFO] [1788473398.235155008] [mhe_node]: [mass-diag] m_est=2.2177 T=21.674N tilt=0.20deg cos=0.99999 | T/g=2.2094 T*cos/g=2.2093 | m_est-T*cos/g=+0.0083kg (+0.38%) vz=+0.008
[INFO] [1788473398.235737419] [mhe_node]: [c_xy_est] cx=+0.0019 cy=-0.0051 m
[INFO] [1788473400.234468745] [mhe_node]: MHE mass estimate: 2.211 kg (T_phys=21.62N) | solve=3.8ms (max4.7)
[INFO] [1788473400.235029039] [mhe_node]: [truth] m_hat=2.2108 m_true=2.0643 err=+7.10% | c_hat=[+0.0000,+0.0000] c_true=[+0.0000,+0.0000] | Jxx_hat=0.01420 Jxx_true=0.01420 Jyz_hat=+0.00000 Jyz_true=+0.00000 | s_hat=[+0.0045,-0.0112] s_true=[+0.0000,+0.0000] kg·m
[INFO] [1788473400.235541130] [mhe_node]: [tau_phys] roll=-0.117 pitch=-0.070 Nm
[INFO] [1788473400.236127905] [mhe_node]: [mass-diag] m_est=2.2108 T=21.619N tilt=0.12deg cos=1.00000 | T/g=2.2038 T*cos/g=2.2038 | m_est-T*cos/g=+0.0070kg (+0.32%) vz=+0.005
[INFO] [1788473400.236705709] [mhe_node]: [c_xy_est] cx=+0.0020 cy=-0.0051 m
[INFO] [1788473402.237203266] [mhe_node]: MHE mass estimate: 2.209 kg (T_phys=21.63N) | solve=4.8ms (max8.7)
[INFO] [1788473402.237764836] [mhe_node]: [truth] m_hat=2.2087 m_true=2.0643 err=+7.00% | c_hat=[+0.0000,+0.0000] c_true=[+0.0000,+0.0000] | Jxx_hat=0.01420 Jxx_true=0.01420 Jyz_hat=+0.00000 Jyz_true=+0.00000 | s_hat=[+0.0032,-0.0114] s_true=[+0.0000,+0.0000] kg·m
[INFO] [1788473402.238283775] [mhe_node]: [tau_phys] roll=-0.103 pitch=-0.032 Nm
[INFO] [1788473402.238867659] [mhe_node]: [mass-diag] m_est=2.2087 T=21.629N tilt=0.46deg cos=0.99997 | T/g=2.2048 T*cos/g=2.2047 | m_est-T*cos/g=+0.0040kg (+0.18%) vz=+0.026
[INFO] [1788473402.239446616] [mhe_node]: [c_xy_est] cx=+0.0015 cy=-0.0052 m
[INFO] [1788473404.243890228] [mhe_node]: MHE mass estimate: 2.199 kg (T_phys=21.93N) | solve=9.3ms (max14.8)
[INFO] [1788473404.244446714] [mhe_node]: [truth] m_hat=2.1991 m_true=2.0643 err=+6.53% | c_hat=[+0.0000,+0.0000] c_true=[+0.0000,+0.0000] | Jxx_hat=0.01420 Jxx_true=0.01420 Jyz_hat=+0.00000 Jyz_true=+0.00000 | s_hat=[+0.0075,-0.0103] s_true=[+0.0000,+0.0000] kg·m
[INFO] [1788473404.244970125] [mhe_node]: [tau_phys] roll=-0.098 pitch=-0.104 Nm
[INFO] [1788473404.245553275] [mhe_node]: [mass-diag] m_est=2.1991 T=21.930N tilt=3.97deg cos=0.99760 | T/g=2.2355 T*cos/g=2.2301 | m_est-T*cos/g=-0.0310kg (-1.39%) vz=+0.027
[INFO] [1788473404.246126999] [mhe_node]: [c_xy_est] cx=+0.0033 cy=-0.0047 m
[INFO] [1788473406.234382831] [mhe_node]: MHE mass estimate: 2.196 kg (T_phys=21.60N) | solve=7.3ms (max16.2)
[INFO] [1788473406.234953675] [mhe_node]: [truth] m_hat=2.1960 m_true=2.0643 err=+6.38% | c_hat=[+0.0000,+0.0000] c_true=[+0.0000,+0.0000] | Jxx_hat=0.01420 Jxx_true=0.01420 Jyz_hat=+0.00000 Jyz_true=+0.00000 | s_hat=[+0.0065,-0.0108] s_true=[+0.0000,+0.0000] kg·m
[INFO] [1788473406.235474316] [mhe_node]: [tau_phys] roll=-0.105 pitch=-0.123 Nm
[INFO] [1788473406.236061531] [mhe_node]: [mass-diag] m_est=2.1960 T=21.596N tilt=3.97deg cos=0.99760 | T/g=2.2014 T*cos/g=2.1961 | m_est-T*cos/g=-0.0001kg (-0.01%) vz=+0.124
[INFO] [1788473406.236640977] [mhe_node]: [c_xy_est] cx=+0.0030 cy=-0.0049 m
[INFO] [1788473408.235288452] [mhe_node]: MHE mass estimate: 2.196 kg (T_phys=21.60N) | solve=5.8ms (max9.6)
[INFO] [1788473408.235861395] [mhe_node]: [truth] m_hat=2.1962 m_true=2.0643 err=+6.39% | c_hat=[+0.0000,+0.0000] c_true=[+0.0000,+0.0000] | Jxx_hat=0.01420 Jxx_true=0.01420 Jyz_hat=+0.00000 Jyz_true=+0.00000 | s_hat=[+0.0039,-0.0117] s_true=[+0.0000,+0.0000] kg·m
[INFO] [1788473408.236379119] [mhe_node]: [tau_phys] roll=-0.134 pitch=-0.010 Nm
[INFO] [1788473408.236967515] [mhe_node]: [mass-diag] m_est=2.1962 T=21.601N tilt=3.39deg cos=0.99825 | T/g=2.2020 T*cos/g=2.1981 | m_est-T*cos/g=-0.0019kg (-0.09%) vz=+0.138
[INFO] [1788473408.237547274] [mhe_node]: [c_xy_est] cx=+0.0019 cy=-0.0053 m
[INFO] [1788473410.236225936] [mhe_node]: MHE mass estimate: 2.207 kg (T_phys=21.68N) | solve=6.8ms (max16.1)
[INFO] [1788473410.236796889] [mhe_node]: [truth] m_hat=2.2066 m_true=2.0643 err=+6.89% | c_hat=[+0.0000,+0.0000] c_true=[+0.0000,+0.0000] | Jxx_hat=0.01420 Jxx_true=0.01420 Jyz_hat=+0.00000 Jyz_true=+0.00000 | s_hat=[+0.0038,-0.0128] s_true=[+0.0000,+0.0000] kg·m
[INFO] [1788473410.237318080] [mhe_node]: [tau_phys] roll=-0.136 pitch=-0.018 Nm
[INFO] [1788473410.237908162] [mhe_node]: [mass-diag] m_est=2.2066 T=21.681N tilt=4.69deg cos=0.99665 | T/g=2.2101 T*cos/g=2.2027 | m_est-T*cos/g=+0.0039kg (+0.18%) vz=+0.072
[INFO] [1788473410.238486619] [mhe_node]: [c_xy_est] cx=+0.0016 cy=-0.0058 m
[INFO] [1788473412.234377803] [mhe_node]: MHE mass estimate: 2.201 kg (T_phys=21.67N) | solve=5.1ms (max9.7)
[INFO] [1788473412.235078672] [mhe_node]: [truth] m_hat=2.2006 m_true=2.0643 err=+6.60% | c_hat=[+0.0000,+0.0000] c_true=[+0.0000,+0.0000] | Jxx_hat=0.01420 Jxx_true=0.01420 Jyz_hat=+0.00000 Jyz_true=+0.00000 | s_hat=[+0.0045,-0.0105] s_true=[+0.0000,+0.0000] kg·m
[INFO] [1788473412.235600929] [mhe_node]: [tau_phys] roll=-0.108 pitch=-0.159 Nm
[INFO] [1788473412.236183507] [mhe_node]: [mass-diag] m_est=2.2006 T=21.671N tilt=2.16deg cos=0.99929 | T/g=2.2090 T*cos/g=2.2075 | m_est-T*cos/g=-0.0069kg (-0.31%) vz=-0.013
[INFO] [1788473412.236765530] [mhe_node]: [c_xy_est] cx=+0.0020 cy=-0.0048 m
[INFO] [1788473414.234311902] [mhe_node]: MHE mass estimate: 2.204 kg (T_phys=21.60N) | solve=5.0ms (max9.8)
[INFO] [1788473414.234881684] [mhe_node]: [truth] m_hat=2.2041 m_true=2.0643 err=+6.77% | c_hat=[+0.0000,+0.0000] c_true=[+0.0000,+0.0000] | Jxx_hat=0.01420 Jxx_true=0.01420 Jyz_hat=+0.00000 Jyz_true=+0.00000 | s_hat=[+0.0033,-0.0106] s_true=[+0.0000,+0.0000] kg·m
[INFO] [1788473414.235399906] [mhe_node]: [tau_phys] roll=-0.107 pitch=+0.006 Nm
[INFO] [1788473414.235985128] [mhe_node]: [mass-diag] m_est=2.2041 T=21.601N tilt=1.22deg cos=0.99977 | T/g=2.2019 T*cos/g=2.2014 | m_est-T*cos/g=+0.0027kg (+0.12%) vz=-0.029
[INFO] [1788473414.236565532] [mhe_node]: [c_xy_est] cx=+0.0015 cy=-0.0048 m
[INFO] [1788473416.238614254] [mhe_node]: MHE mass estimate: 2.207 kg (T_phys=21.63N) | solve=4.9ms (max8.8)
[INFO] [1788473416.239182775] [mhe_node]: [truth] m_hat=2.2074 m_true=2.0643 err=+6.93% | c_hat=[+0.0000,+0.0000] c_true=[+0.0000,+0.0000] | Jxx_hat=0.01420 Jxx_true=0.01420 Jyz_hat=+0.00000 Jyz_true=+0.00000 | s_hat=[+0.0034,-0.0111] s_true=[+0.0000,+0.0000] kg·m
[INFO] [1788473416.239701026] [mhe_node]: [tau_phys] roll=-0.119 pitch=-0.009 Nm
[INFO] [1788473416.240287123] [mhe_node]: [mass-diag] m_est=2.2074 T=21.627N tilt=1.99deg cos=0.99939 | T/g=2.2046 T*cos/g=2.2033 | m_est-T*cos/g=+0.0041kg (+0.19%) vz=-0.049
[INFO] [1788473416.240869386] [mhe_node]: [c_xy_est] cx=+0.0015 cy=-0.0050 m
[INFO] [1788473418.236255865] [mhe_node]: MHE mass estimate: 2.209 kg (T_phys=21.52N) | solve=6.1ms (max9.8)
[INFO] [1788473418.236831503] [mhe_node]: [truth] m_hat=2.2087 m_true=2.0643 err=+7.00% | c_hat=[+0.0000,+0.0000] c_true=[+0.0000,+0.0000] | Jxx_hat=0.01420 Jxx_true=0.01420 Jyz_hat=+0.00000 Jyz_true=+0.00000 | s_hat=[+0.0046,-0.0116] s_true=[+0.0000,+0.0000] kg·m
[INFO] [1788473418.237356196] [mhe_node]: [tau_phys] roll=-0.113 pitch=-0.049 Nm
[INFO] [1788473418.238132858] [mhe_node]: [mass-diag] m_est=2.2087 T=21.519N tilt=2.75deg cos=0.99884 | T/g=2.1935 T*cos/g=2.1910 | m_est-T*cos/g=+0.0177kg (+0.81%) vz=-0.065
[INFO] [1788473418.238716740] [mhe_node]: [c_xy_est] cx=+0.0021 cy=-0.0053 m
[INFO] [1788473420.234374154] [mhe_node]: MHE mass estimate: 2.206 kg (T_phys=21.50N) | solve=4.5ms (max5.6)
[INFO] [1788473420.234940217] [mhe_node]: [truth] m_hat=2.2060 m_true=2.0643 err=+6.86% | c_hat=[+0.0000,+0.0000] c_true=[+0.0000,+0.0000] | Jxx_hat=0.01420 Jxx_true=0.01420 Jyz_hat=+0.00000 Jyz_true=+0.00000 | s_hat=[+0.0045,-0.0113] s_true=[+0.0000,+0.0000] kg·m
[INFO] [1788473420.235457885] [mhe_node]: [tau_phys] roll=-0.092 pitch=-0.067 Nm
[INFO] [1788473420.236042251] [mhe_node]: [mass-diag] m_est=2.2060 T=21.495N tilt=2.57deg cos=0.99899 | T/g=2.1912 T*cos/g=2.1890 | m_est-T*cos/g=+0.0171kg (+0.78%) vz=-0.107
[INFO] [1788473420.236617358] [mhe_node]: [c_xy_est] cx=+0.0021 cy=-0.0051 m
[INFO] [1788473422.237239703] [mhe_node]: MHE mass estimate: 2.206 kg (T_phys=21.58N) | solve=4.8ms (max7.5)
[INFO] [1788473422.237808606] [mhe_node]: [truth] m_hat=2.2058 m_true=2.0643 err=+6.85% | c_hat=[+0.0000,+0.0000] c_true=[+0.0000,+0.0000] | Jxx_hat=0.01420 Jxx_true=0.01420 Jyz_hat=+0.00000 Jyz_true=+0.00000 | s_hat=[+0.0041,-0.0108] s_true=[+0.0000,+0.0000] kg·m
[INFO] [1788473422.238326922] [mhe_node]: [tau_phys] roll=-0.106 pitch=-0.093 Nm
[INFO] [1788473422.238915553] [mhe_node]: [mass-diag] m_est=2.2058 T=21.583N tilt=2.29deg cos=0.99920 | T/g=2.2001 T*cos/g=2.1984 | m_est-T*cos/g=+0.0074kg (+0.34%) vz=-0.101
[INFO] [1788473422.239492447] [mhe_node]: [c_xy_est] cx=+0.0020 cy=-0.0049 m
[INFO] [1788473424.234376056] [mhe_node]: MHE mass estimate: 2.201 kg (T_phys=21.52N) | solve=4.9ms (max6.4)
[INFO] [1788473424.234944323] [mhe_node]: [truth] m_hat=2.2013 m_true=2.0643 err=+6.64% | c_hat=[+0.0000,+0.0000] c_true=[+0.0000,+0.0000] | Jxx_hat=0.01420 Jxx_true=0.01420 Jyz_hat=+0.00000 Jyz_true=+0.00000 | s_hat=[+0.0044,-0.0105] s_true=[+0.0000,+0.0000] kg·m
[INFO] [1788473424.235467704] [mhe_node]: [tau_phys] roll=-0.104 pitch=-0.042 Nm
[INFO] [1788473424.236058075] [mhe_node]: [mass-diag] m_est=2.2013 T=21.519N tilt=1.46deg cos=0.99967 | T/g=2.1936 T*cos/g=2.1929 | m_est-T*cos/g=+0.0084kg (+0.38%) vz=-0.126
[INFO] [1788473424.236638910] [mhe_node]: [c_xy_est] cx=+0.0019 cy=-0.0048 m
[INFO] [1788473426.234340626] [mhe_node]: MHE mass estimate: 2.205 kg (T_phys=21.58N) | solve=5.1ms (max8.7)
[INFO] [1788473426.234906997] [mhe_node]: [truth] m_hat=2.2052 m_true=2.0643 err=+6.83% | c_hat=[+0.0000,+0.0000] c_true=[+0.0000,+0.0000] | Jxx_hat=0.01420 Jxx_true=0.01420 Jyz_hat=+0.00000 Jyz_true=+0.00000 | s_hat=[+0.0046,-0.0102] s_true=[+0.0000,+0.0000] kg·m
[INFO] [1788473426.235422140] [mhe_node]: [tau_phys] roll=-0.088 pitch=-0.005 Nm
[INFO] [1788473426.236012377] [mhe_node]: [mass-diag] m_est=2.2052 T=21.585N tilt=0.93deg cos=0.99987 | T/g=2.2003 T*cos/g=2.2000 | m_est-T*cos/g=+0.0053kg (+0.24%) vz=-0.103
[INFO] [1788473426.236596926] [mhe_node]: [c_xy_est] cx=+0.0021 cy=-0.0046 m
[INFO] [1788473428.234332633] [mhe_node]: MHE mass estimate: 2.207 kg (T_phys=21.67N) | solve=4.7ms (max8.6)
[INFO] [1788473428.234904871] [mhe_node]: [truth] m_hat=2.2067 m_true=2.0643 err=+6.90% | c_hat=[+0.0000,+0.0000] c_true=[+0.0000,+0.0000] | Jxx_hat=0.01420 Jxx_true=0.01420 Jyz_hat=+0.00000 Jyz_true=+0.00000 | s_hat=[+0.0037,-0.0102] s_true=[+0.0000,+0.0000] kg·m
[INFO] [1788473428.235422830] [mhe_node]: [tau_phys] roll=-0.091 pitch=-0.041 Nm
[INFO] [1788473428.236010361] [mhe_node]: [mass-diag] m_est=2.2067 T=21.668N tilt=1.84deg cos=0.99949 | T/g=2.2087 T*cos/g=2.2076 | m_est-T*cos/g=-0.0009kg (-0.04%) vz=-0.091
[INFO] [1788473428.236589203] [mhe_node]: [c_xy_est] cx=+0.0017 cy=-0.0046 m
[INFO] [1788473430.235423561] [mhe_node]: MHE mass estimate: 2.209 kg (T_phys=21.62N) | solve=5.2ms (max8.8)
[INFO] [1788473430.236133398] [mhe_node]: [truth] m_hat=2.2086 m_true=2.0643 err=+6.99% | c_hat=[+0.0000,+0.0000] c_true=[+0.0000,+0.0000] | Jxx_hat=0.01420 Jxx_true=0.01420 Jyz_hat=+0.00000 Jyz_true=+0.00000 | s_hat=[+0.0035,-0.0098] s_true=[+0.0000,+0.0000] kg·m
[INFO] [1788473430.236651181] [mhe_node]: [tau_phys] roll=-0.098 pitch=+0.009 Nm
[INFO] [1788473430.237239611] [mhe_node]: [mass-diag] m_est=2.2086 T=21.623N tilt=2.52deg cos=0.99904 | T/g=2.2042 T*cos/g=2.2021 | m_est-T*cos/g=+0.0065kg (+0.30%) vz=-0.056
[INFO] [1788473430.237818515] [mhe_node]: [c_xy_est] cx=+0.0016 cy=-0.0045 m
[INFO] [1788473432.234372027] [mhe_node]: MHE mass estimate: 2.209 kg (T_phys=21.66N) | solve=5.9ms (max9.8)
[INFO] [1788473432.234942051] [mhe_node]: [truth] m_hat=2.2086 m_true=2.0643 err=+6.99% | c_hat=[+0.0000,+0.0000] c_true=[+0.0000,+0.0000] | Jxx_hat=0.01420 Jxx_true=0.01420 Jyz_hat=+0.00000 Jyz_true=+0.00000 | s_hat=[+0.0052,-0.0095] s_true=[+0.0000,+0.0000] kg·m
[INFO] [1788473432.235459445] [mhe_node]: [tau_phys] roll=-0.084 pitch=-0.120 Nm
[INFO] [1788473432.236046531] [mhe_node]: [mass-diag] m_est=2.2086 T=21.662N tilt=2.48deg cos=0.99907 | T/g=2.2082 T*cos/g=2.2061 | m_est-T*cos/g=+0.0025kg (+0.11%) vz=-0.021
[INFO] [1788473432.236621981] [mhe_node]: [c_xy_est] cx=+0.0023 cy=-0.0043 m
[INFO] [1788473434.234554932] [mhe_node]: MHE mass estimate: 2.203 kg (T_phys=21.61N) | solve=4.0ms (max5.5)
[INFO] [1788473434.235133663] [mhe_node]: [truth] m_hat=2.2025 m_true=2.0643 err=+6.70% | c_hat=[+0.0000,+0.0000] c_true=[+0.0000,+0.0000] | Jxx_hat=0.01420 Jxx_true=0.01420 Jyz_hat=+0.00000 Jyz_true=+0.00000 | s_hat=[+0.0056,-0.0098] s_true=[+0.0000,+0.0000] kg·m
[INFO] [1788473434.235653579] [mhe_node]: [tau_phys] roll=-0.101 pitch=+0.021 Nm
[INFO] [1788473434.236247426] [mhe_node]: [mass-diag] m_est=2.2025 T=21.608N tilt=1.84deg cos=0.99948 | T/g=2.2027 T*cos/g=2.2016 | m_est-T*cos/g=+0.0010kg (+0.04%) vz=-0.017
[INFO] [1788473434.236830759] [mhe_node]: [c_xy_est] cx=+0.0025 cy=-0.0044 m
[INFO] [1788473435.428969818] [mhe_node]: [no-signal] mass mutation self-detected at frame 610: T_phys=19.52N vs baseline 21.59N (dev 2.07N > 1.5N over 2 frames, direction=DROP); de-weighting pre-event stages
[INFO] [1788473435.429179276] [mhe_node]: [payload-state] LOADED->EMPTY (drop, m_p=+0.130kg)
[INFO] [1788473435.429376335] [mhe_node]: [c_xy_est] 载荷释放(no-signal residual) → 在线偏心估计归零(重新播种)
[INFO] [1788473435.429644442] [mhe_node]: [no-signal] → 自主释放载荷几何(无外部 drop 信号)
[INFO] [1788473435.430709454] [mhe_node]: event transition started: pre-event stages de-weighted
[INFO] [1788473435.435830223] [mhe_node]: [s-decay] n=1 |s_est|=0.00859 |s_target|=0.00000 |s_out|=0.00743 d_s_out=-0.00365 conf=0.000 present=0 armed=0 latched=1 health=1
[INFO] [1788473435.535541501] [mhe_node]: [s-decay] n=2 |s_est|=0.01221 |s_target|=0.00000 |s_out|=0.00498 d_s_out=-0.00245 conf=0.000 present=0 armed=0 latched=1 health=1
[INFO] [1788473435.635885191] [mhe_node]: [s-decay] n=3 |s_est|=0.00249 |s_target|=0.00000 |s_out|=0.00334 d_s_out=-0.00164 conf=0.000 present=0 armed=0 latched=1 health=1
[INFO] [1788473435.739145231] [mhe_node]: [s-decay] n=4 |s_est|=0.00447 |s_target|=0.00000 |s_out|=0.00224 d_s_out=-0.00110 conf=0.028 present=0 armed=0 latched=1 health=1
[INFO] [1788473435.835667128] [mhe_node]: [s-decay] n=5 |s_est|=0.00351 |s_target|=0.00000 |s_out|=0.00150 d_s_out=-0.00074 conf=0.201 present=0 armed=0 latched=1 health=1
[INFO] [1788473435.938073127] [mhe_node]: [s-decay] n=6 |s_est|=0.00391 |s_target|=0.00000 |s_out|=0.00101 d_s_out=-0.00049 conf=0.430 present=0 armed=0 latched=1 health=1
[INFO] [1788473436.037740207] [mhe_node]: [s-decay] n=7 |s_est|=0.00378 |s_target|=0.00000 |s_out|=0.00067 d_s_out=-0.00033 conf=0.615 present=0 armed=0 latched=1 health=1
[INFO] [1788473436.136456276] [mhe_node]: [s-decay] n=8 |s_est|=0.00360 |s_target|=0.00000 |s_out|=0.00045 d_s_out=-0.00022 conf=0.742 present=0 armed=0 latched=1 health=1
[INFO] [1788473436.233434728] [mhe_node]: MHE mass estimate: 2.080 kg (T_phys=21.09N) | solve=5.6ms (max9.2)
[INFO] [1788473436.233863029] [mhe_node]: [truth] m_hat=2.0797 m_true=2.0643 err=+0.75% | c_hat=[+0.0000,+0.0000] c_true=[+0.0000,+0.0000] | Jxx_hat=0.01420 Jxx_true=0.01420 Jyz_hat=+0.00000 Jyz_true=+0.00000 | s_hat=[+0.0030,+0.0013] s_true=[+0.0000,+0.0000] kg·m
[INFO] [1788473436.234231187] [mhe_node]: [tau_phys] roll=+0.015 pitch=-0.063 Nm
[INFO] [1788473436.234651118] [mhe_node]: [mass-diag] m_est=2.0797 T=21.088N tilt=1.05deg cos=0.99983 | T/g=2.1497 T*cos/g=2.1493 | m_est-T*cos/g=-0.0696kg (-3.24%) vz=-0.051
[INFO] [1788473436.235062099] [mhe_node]: [c_xy_est] cx=+0.0016 cy=+0.0006 m
[INFO] [1788473436.235329953] [mhe_node]: [s-decay] n=9 |s_est|=0.00329 |s_target|=0.00000 |s_out|=0.00030 d_s_out=-0.00015 conf=0.825 present=0 armed=0 latched=1 health=1
[INFO] [1788473436.333282461] [mhe_node]: [s-decay] n=10 |s_est|=0.00337 |s_target|=0.00000 |s_out|=0.00020 d_s_out=-0.00010 conf=0.867 present=0 armed=0 latched=1 health=1
[INFO] [1788473436.435488872] [mhe_node]: [s-decay] n=11 |s_est|=0.00329 |s_target|=0.00000 |s_out|=0.00014 d_s_out=-0.00007 conf=0.881 present=0 armed=0 latched=1 health=1
[INFO] [1788473436.535433271] [mhe_node]: [s-decay] n=12 |s_est|=0.00330 |s_target|=0.00000 |s_out|=0.00009 d_s_out=-0.00004 conf=0.890 present=0 armed=0 latched=1 health=1
[INFO] [1788473436.638744180] [mhe_node]: [s-decay] n=13 |s_est|=0.00319 |s_target|=0.00000 |s_out|=0.00006 d_s_out=-0.00003 conf=0.907 present=0 armed=0 latched=1 health=1
[INFO] [1788473436.736596558] [mhe_node]: [s-decay] n=14 |s_est|=0.00314 |s_target|=0.00000 |s_out|=0.00004 d_s_out=-0.00002 conf=0.930 present=0 armed=0 latched=1 health=1
[INFO] [1788473436.835631325] [mhe_node]: [s-decay] n=15 |s_est|=0.00305 |s_target|=0.00000 |s_out|=0.00003 d_s_out=-0.00001 conf=0.953 present=0 armed=0 latched=1 health=1
[INFO] [1788473436.935692909] [mhe_node]: [s-decay] n=16 |s_est|=0.00301 |s_target|=0.00000 |s_out|=0.00002 d_s_out=-0.00001 conf=0.968 present=0 armed=0 latched=1 health=1
[INFO] [1788473437.035377451] [mhe_node]: [s-decay] n=17 |s_est|=0.00294 |s_target|=0.00000 |s_out|=0.00001 d_s_out=-0.00001 conf=0.979 present=0 armed=0 latched=1 health=1
[INFO] [1788473437.135500125] [mhe_node]: [s-decay] n=18 |s_est|=0.00290 |s_target|=0.00000 |s_out|=0.00001 d_s_out=-0.00000 conf=0.986 present=0 armed=0 latched=1 health=1
[INFO] [1788473437.237746445] [mhe_node]: [s-decay] n=19 |s_est|=0.00284 |s_target|=0.00000 |s_out|=0.00001 d_s_out=-0.00000 conf=0.990 present=0 armed=0 latched=1 health=1
[INFO] [1788473437.329718663] [mhe_node]: event transition ended: nominal weights restored
[INFO] [1788473437.335843282] [mhe_node]: [s-decay] n=20 |s_est|=0.00281 |s_target|=0.00000 |s_out|=0.00000 d_s_out=-0.00000 conf=0.994 present=0 armed=0 latched=1 health=1
[INFO] [1788473437.436062687] [mhe_node]: [s-decay] n=21 |s_est|=0.00269 |s_target|=0.00000 |s_out|=0.00000 d_s_out=-0.00000 conf=0.996 present=0 armed=0 latched=1 health=1
[INFO] [1788473437.536176014] [mhe_node]: [s-decay] n=22 |s_est|=0.00267 |s_target|=0.00000 |s_out|=0.00000 d_s_out=-0.00000 conf=0.997 present=0 armed=0 latched=1 health=1
[INFO] [1788473437.635313826] [mhe_node]: [s-decay] n=23 |s_est|=0.00249 |s_target|=0.00000 |s_out|=0.00000 d_s_out=-0.00000 conf=0.998 present=0 armed=0 latched=1 health=1
[INFO] [1788473437.735381115] [mhe_node]: [s-decay] n=24 |s_est|=0.00245 |s_target|=0.00000 |s_out|=0.00000 d_s_out=-0.00000 conf=0.999 present=0 armed=0 latched=1 health=1
[INFO] [1788473437.835494841] [mhe_node]: [s-decay] n=25 |s_est|=0.00233 |s_target|=0.00000 |s_out|=0.00000 d_s_out=-0.00000 conf=0.999 present=0 armed=0 latched=1 health=1
[INFO] [1788473437.932640231] [mhe_node]: [s-decay] n=26 |s_est|=0.00229 |s_target|=0.00000 |s_out|=0.00000 d_s_out=-0.00000 conf=0.999 present=0 armed=0 latched=1 health=1
[INFO] [1788473438.035376435] [mhe_node]: [s-decay] n=27 |s_est|=0.00223 |s_target|=0.00000 |s_out|=0.00000 d_s_out=-0.00000 conf=1.000 present=0 armed=0 latched=1 health=1
[INFO] [1788473438.134596966] [mhe_node]: [s-decay] n=28 |s_est|=0.00217 |s_target|=0.00000 |s_out|=0.00000 d_s_out=-0.00000 conf=1.000 present=0 armed=0 latched=1 health=1
[INFO] [1788473438.234602687] [mhe_node]: MHE mass estimate: 2.054 kg (T_phys=20.26N) | solve=5.7ms (max8.7)
[INFO] [1788473438.235273588] [mhe_node]: [truth] m_hat=2.0545 m_true=2.0643 err=-0.48% | c_hat=[+0.0000,+0.0000] c_true=[+0.0000,+0.0000] | Jxx_hat=0.01420 Jxx_true=0.01420 Jyz_hat=+0.00000 Jyz_true=+0.00000 | s_hat=[+0.0018,+0.0010] s_true=[+0.0000,+0.0000] kg·m
[INFO] [1788473438.235791938] [mhe_node]: [tau_phys] roll=+0.014 pitch=-0.021 Nm
[INFO] [1788473438.236374768] [mhe_node]: [mass-diag] m_est=2.0545 T=20.264N tilt=1.92deg cos=0.99944 | T/g=2.0656 T*cos/g=2.0645 | m_est-T*cos/g=-0.0100kg (-0.48%) vz=+0.045
[INFO] [1788473438.236956832] [mhe_node]: [c_xy_est] cx=+0.0009 cy=+0.0005 m
[INFO] [1788473438.237320201] [mhe_node]: [s-decay] n=29 |s_est|=0.00206 |s_target|=0.00000 |s_out|=0.00000 d_s_out=-0.00000 conf=1.000 present=0 armed=0 latched=1 health=1
[INFO] [1788473438.334479806] [mhe_node]: [s-decay] n=30 |s_est|=0.00202 |s_target|=0.00000 |s_out|=0.00000 d_s_out=-0.00000 conf=1.000 present=0 armed=0 latched=1 health=1
[INFO] [1788473438.434368911] [mhe_node]: [s-decay] n=31 |s_est|=0.00199 |s_target|=0.00000 |s_out|=0.00000 d_s_out=-0.00000 conf=1.000 present=0 armed=0 latched=1 health=1
[INFO] [1788473438.534381820] [mhe_node]: [s-decay] n=32 |s_est|=0.00200 |s_target|=0.00000 |s_out|=0.00000 d_s_out=-0.00000 conf=1.000 present=0 armed=0 latched=1 health=1
[INFO] [1788473438.636174806] [mhe_node]: [s-decay] n=33 |s_est|=0.00199 |s_target|=0.00000 |s_out|=0.00000 d_s_out=-0.00000 conf=1.000 present=0 armed=0 latched=1 health=1
[INFO] [1788473438.734143439] [mhe_node]: [s-decay] n=34 |s_est|=0.00201 |s_target|=0.00000 |s_out|=0.00000 d_s_out=-0.00000 conf=1.000 present=0 armed=0 latched=1 health=1
[INFO] [1788473438.834233617] [mhe_node]: [s-decay] n=35 |s_est|=0.00200 |s_target|=0.00000 |s_out|=0.00000 d_s_out=-0.00000 conf=1.000 present=0 armed=0 latched=1 health=1
[INFO] [1788473438.934480155] [mhe_node]: [s-decay] n=36 |s_est|=0.00200 |s_target|=0.00000 |s_out|=0.00000 d_s_out=-0.00000 conf=1.000 present=0 armed=0 latched=1 health=1
[INFO] [1788473439.035341485] [mhe_node]: [s-decay] n=37 |s_est|=0.00196 |s_target|=0.00000 |s_out|=0.00000 d_s_out=-0.00000 conf=1.000 present=0 armed=0 latched=1 health=1
[INFO] [1788473439.134615679] [mhe_node]: [s-decay] n=38 |s_est|=0.00197 |s_target|=0.00000 |s_out|=0.00000 d_s_out=-0.00000 conf=1.000 present=0 armed=0 latched=1 health=1
[INFO] [1788473439.235591009] [mhe_node]: [s-decay] n=39 |s_est|=0.00195 |s_target|=0.00000 |s_out|=0.00000 d_s_out=-0.00000 conf=1.000 present=0 armed=0 latched=1 health=1
[INFO] [1788473439.339843162] [mhe_node]: [s-decay] n=40 |s_est|=0.00196 |s_target|=0.00000 |s_out|=0.00000 d_s_out=-0.00000 conf=1.000 present=0 armed=0 latched=1 health=1
[INFO] [1788473439.429228428] [mhe_node]: [no-signal] baseline settled at 20.28N (quiet 20 frames); detector armed
[INFO] [1788473439.433894396] [mhe_node]: [s-decay] n=41 |s_est|=0.00194 |s_target|=0.00000 |s_out|=0.00000 d_s_out=-0.00000 conf=1.000 present=0 armed=0 latched=1 health=1
[INFO] [1788473439.535111493] [mhe_node]: [s-decay] n=42 |s_est|=0.00195 |s_target|=0.00000 |s_out|=0.00000 d_s_out=-0.00000 conf=1.000 present=0 armed=0 latched=1 health=1
[INFO] [1788473439.635093046] [mhe_node]: [s-decay] n=43 |s_est|=0.00191 |s_target|=0.00000 |s_out|=0.00000 d_s_out=-0.00000 conf=1.000 present=0 armed=0 latched=1 health=1
[INFO] [1788473439.735348936] [mhe_node]: [s-decay] n=44 |s_est|=0.00189 |s_target|=0.00000 |s_out|=0.00000 d_s_out=-0.00000 conf=1.000 present=0 armed=0 latched=1 health=1
[INFO] [1788473439.835112456] [mhe_node]: [s-decay] n=45 |s_est|=0.00183 |s_target|=0.00000 |s_out|=0.00000 d_s_out=-0.00000 conf=1.000 present=0 armed=0 latched=1 health=1
[INFO] [1788473439.936519354] [mhe_node]: [s-decay] n=46 |s_est|=0.00183 |s_target|=0.00000 |s_out|=0.00000 d_s_out=-0.00000 conf=1.000 present=0 armed=0 latched=1 health=1
[INFO] [1788473440.035292244] [mhe_node]: [s-decay] n=47 |s_est|=0.00178 |s_target|=0.00000 |s_out|=0.00000 d_s_out=-0.00000 conf=1.000 present=0 armed=0 latched=1 health=1
[INFO] [1788473440.135586277] [mhe_node]: [s-decay] n=48 |s_est|=0.00178 |s_target|=0.00000 |s_out|=0.00000 d_s_out=-0.00000 conf=1.000 present=0 armed=0 latched=1 health=1
[INFO] [1788473440.235663369] [mhe_node]: MHE mass estimate: 2.058 kg (T_phys=20.18N) | solve=5.6ms (max10.2)
[INFO] [1788473440.236208606] [mhe_node]: [truth] m_hat=2.0584 m_true=2.0643 err=-0.29% | c_hat=[+0.0000,+0.0000] c_true=[+0.0000,+0.0000] | Jxx_hat=0.01420 Jxx_true=0.01420 Jyz_hat=+0.00000 Jyz_true=+0.00000 | s_hat=[+0.0014,+0.0009] s_true=[+0.0000,+0.0000] kg·m
[INFO] [1788473440.236732880] [mhe_node]: [tau_phys] roll=+0.012 pitch=-0.028 Nm
[INFO] [1788473440.237325223] [mhe_node]: [mass-diag] m_est=2.0584 T=20.180N tilt=2.46deg cos=0.99908 | T/g=2.0570 T*cos/g=2.0551 | m_est-T*cos/g=+0.0032kg (+0.16%) vz=+0.085
[INFO] [1788473440.237904814] [mhe_node]: [c_xy_est] cx=+0.0007 cy=+0.0005 m
[INFO] [1788473440.238259174] [mhe_node]: [s-decay] n=49 |s_est|=0.00173 |s_target|=0.00000 |s_out|=0.00000 d_s_out=-0.00000 conf=1.000 present=0 armed=0 latched=1 health=1
[INFO] [1788473440.341131076] [mhe_node]: [s-decay] n=50 |s_est|=0.00172 |s_target|=0.00000 |s_out|=0.00000 d_s_out=-0.00000 conf=1.000 present=0 armed=0 latched=1 health=1
[INFO] [1788473440.434441695] [mhe_node]: [s-decay] n=51 |s_est|=0.00171 |s_target|=0.00000 |s_out|=0.00000 d_s_out=-0.00000 conf=1.000 present=0 armed=0 latched=1 health=1
[INFO] [1788473440.534355226] [mhe_node]: [s-decay] n=52 |s_est|=0.00175 |s_target|=0.00000 |s_out|=0.00000 d_s_out=-0.00000 conf=1.000 present=0 armed=0 latched=1 health=1
[INFO] [1788473440.632915226] [mhe_node]: [s-decay] n=53 |s_est|=0.00179 |s_target|=0.00000 |s_out|=0.00000 d_s_out=-0.00000 conf=1.000 present=0 armed=0 latched=1 health=1
[INFO] [1788473440.734368516] [mhe_node]: [s-decay] n=54 |s_est|=0.00188 |s_target|=0.00000 |s_out|=0.00000 d_s_out=-0.00000 conf=1.000 present=0 armed=0 latched=1 health=1
[INFO] [1788473440.834369005] [mhe_node]: [s-decay] n=55 |s_est|=0.00195 |s_target|=0.00000 |s_out|=0.00000 d_s_out=-0.00000 conf=1.000 present=0 armed=0 latched=1 health=1
[INFO] [1788473440.933374491] [mhe_node]: [s-decay] n=56 |s_est|=0.00204 |s_target|=0.00000 |s_out|=0.00000 d_s_out=-0.00000 conf=1.000 present=0 armed=0 latched=1 health=1
[INFO] [1788473441.035295364] [mhe_node]: [s-decay] n=57 |s_est|=0.00209 |s_target|=0.00000 |s_out|=0.00000 d_s_out=-0.00000 conf=1.000 present=0 armed=0 latched=1 health=1
[INFO] [1788473441.135417397] [mhe_node]: [s-decay] n=58 |s_est|=0.00219 |s_target|=0.00000 |s_out|=0.00000 d_s_out=-0.00000 conf=1.000 present=0 armed=0 latched=1 health=1
[INFO] [1788473441.235384316] [mhe_node]: [s-decay] n=59 |s_est|=0.00227 |s_target|=0.00000 |s_out|=0.00000 d_s_out=-0.00000 conf=1.000 present=0 armed=0 latched=1 health=1
[INFO] [1788473441.333957174] [mhe_node]: [s-decay] n=60 |s_est|=0.00238 |s_target|=0.00000 |s_out|=0.00000 d_s_out=-0.00000 conf=1.000 present=0 armed=0 latched=1 health=1
[INFO] [1788473441.434351618] [mhe_node]: [s-decay] n=61 |s_est|=0.00245 |s_target|=0.00000 |s_out|=0.00000 d_s_out=-0.00000 conf=1.000 present=0 armed=0 latched=1 health=1
[INFO] [1788473441.534336621] [mhe_node]: [s-decay] n=62 |s_est|=0.00256 |s_target|=0.00000 |s_out|=0.00000 d_s_out=-0.00000 conf=1.000 present=0 armed=0 latched=1 health=1
[INFO] [1788473441.632718508] [mhe_node]: [s-decay] n=63 |s_est|=0.00263 |s_target|=0.00000 |s_out|=0.00000 d_s_out=-0.00000 conf=1.000 present=0 armed=0 latched=1 health=1
[INFO] [1788473441.734384092] [mhe_node]: [s-decay] n=64 |s_est|=0.00272 |s_target|=0.00000 |s_out|=0.00000 d_s_out=-0.00000 conf=1.000 present=0 armed=0 latched=1 health=1
[INFO] [1788473441.834522376] [mhe_node]: [s-decay] n=65 |s_est|=0.00276 |s_target|=0.00000 |s_out|=0.00000 d_s_out=-0.00000 conf=1.000 present=0 armed=0 latched=1 health=1
[INFO] [1788473441.934440628] [mhe_node]: [s-decay] n=66 |s_est|=0.00284 |s_target|=0.00000 |s_out|=0.00000 d_s_out=-0.00000 conf=1.000 present=0 armed=0 latched=1 health=1
[INFO] [1788473442.034363925] [mhe_node]: [s-decay] n=67 |s_est|=0.00288 |s_target|=0.00000 |s_out|=0.00000 d_s_out=-0.00000 conf=1.000 present=0 armed=0 latched=1 health=1
[INFO] [1788473442.134431353] [mhe_node]: [s-decay] n=68 |s_est|=0.00295 |s_target|=0.00000 |s_out|=0.00000 d_s_out=-0.00000 conf=1.000 present=0 armed=0 latched=1 health=1
[INFO] [1788473442.234475423] [mhe_node]: MHE mass estimate: 2.055 kg (T_phys=20.17N) | solve=5.0ms (max11.4)
[INFO] [1788473442.235012146] [mhe_node]: [truth] m_hat=2.0554 m_true=2.0643 err=-0.43% | c_hat=[+0.0000,+0.0000] c_true=[+0.0000,+0.0000] | Jxx_hat=0.01420 Jxx_true=0.01420 Jyz_hat=+0.00000 Jyz_true=+0.00000 | s_hat=[+0.0028,+0.0009] s_true=[+0.0000,+0.0000] kg·m
[INFO] [1788473442.235528086] [mhe_node]: [tau_phys] roll=+0.011 pitch=-0.050 Nm
[INFO] [1788473442.236139440] [mhe_node]: [mass-diag] m_est=2.0554 T=20.171N tilt=2.97deg cos=0.99866 | T/g=2.0562 T*cos/g=2.0534 | m_est-T*cos/g=+0.0020kg (+0.10%) vz=+0.094
[INFO] [1788473442.236720111] [mhe_node]: [c_xy_est] cx=+0.0014 cy=+0.0005 m
[INFO] [1788473442.237074243] [mhe_node]: [s-decay] n=69 |s_est|=0.00298 |s_target|=0.00000 |s_out|=0.00000 d_s_out=-0.00000 conf=1.000 present=0 armed=0 latched=1 health=1
[INFO] [1788473442.334488133] [mhe_node]: [s-decay] n=70 |s_est|=0.00304 |s_target|=0.00000 |s_out|=0.00000 d_s_out=-0.00000 conf=1.000 present=0 armed=0 latched=1 health=1
[INFO] [1788473442.434430015] [mhe_node]: [s-decay] n=71 |s_est|=0.00311 |s_target|=0.00000 |s_out|=0.00000 d_s_out=-0.00000 conf=1.000 present=0 armed=0 latched=1 health=1
[INFO] [1788473442.534376541] [mhe_node]: [s-decay] n=72 |s_est|=0.00315 |s_target|=0.00000 |s_out|=0.00000 d_s_out=-0.00000 conf=1.000 present=0 armed=0 latched=1 health=1
[INFO] [1788473442.634438381] [mhe_node]: [s-decay] n=73 |s_est|=0.00313 |s_target|=0.00000 |s_out|=0.00000 d_s_out=-0.00000 conf=1.000 present=0 armed=0 latched=1 health=1
[INFO] [1788473442.734664320] [mhe_node]: [s-decay] n=74 |s_est|=0.00318 |s_target|=0.00000 |s_out|=0.00000 d_s_out=-0.00000 conf=1.000 present=0 armed=0 latched=1 health=1
[INFO] [1788473442.837684904] [mhe_node]: [s-decay] n=75 |s_est|=0.00319 |s_target|=0.00000 |s_out|=0.00000 d_s_out=-0.00000 conf=1.000 present=0 armed=0 latched=1 health=1
[INFO] [1788473442.934430485] [mhe_node]: [s-decay] n=76 |s_est|=0.00326 |s_target|=0.00000 |s_out|=0.00000 d_s_out=-0.00000 conf=1.000 present=0 armed=0 latched=1 health=1
[INFO] [1788473443.034406425] [mhe_node]: [s-decay] n=77 |s_est|=0.00330 |s_target|=0.00000 |s_out|=0.00000 d_s_out=-0.00000 conf=1.000 present=0 armed=0 latched=1 health=1
[INFO] [1788473443.138689074] [mhe_node]: [s-decay] n=78 |s_est|=0.00338 |s_target|=0.00000 |s_out|=0.00000 d_s_out=-0.00000 conf=1.000 present=0 armed=0 latched=1 health=1
[INFO] [1788473443.236390982] [mhe_node]: [s-decay] n=79 |s_est|=0.00339 |s_target|=0.00000 |s_out|=0.00000 d_s_out=-0.00000 conf=1.000 present=0 armed=0 latched=1 health=1
[INFO] [1788473443.340124198] [mhe_node]: [s-decay] n=80 |s_est|=0.00344 |s_target|=0.00000 |s_out|=0.00000 d_s_out=-0.00000 conf=1.000 present=0 armed=0 latched=1 health=1
[INFO] [1788473443.435733633] [mhe_node]: [s-decay] n=81 |s_est|=0.00345 |s_target|=0.00000 |s_out|=0.00000 d_s_out=-0.00000 conf=1.000 present=0 armed=0 latched=1 health=1
[INFO] [1788473443.534592181] [mhe_node]: [s-decay] n=82 |s_est|=0.00353 |s_target|=0.00000 |s_out|=0.00000 d_s_out=-0.00000 conf=1.000 present=0 armed=0 latched=1 health=1
[INFO] [1788473443.636833072] [mhe_node]: [s-decay] n=83 |s_est|=0.00356 |s_target|=0.00000 |s_out|=0.00000 d_s_out=-0.00000 conf=1.000 present=0 armed=0 latched=1 health=1
[INFO] [1788473443.743424952] [mhe_node]: [s-decay] n=84 |s_est|=0.00364 |s_target|=0.00000 |s_out|=0.00000 d_s_out=-0.00000 conf=1.000 present=0 armed=0 latched=1 health=1
[INFO] [1788473443.839875859] [mhe_node]: [s-decay] n=85 |s_est|=0.00367 |s_target|=0.00000 |s_out|=0.00000 d_s_out=-0.00000 conf=1.000 present=0 armed=0 latched=1 health=1
[INFO] [1788473443.934477895] [mhe_node]: [s-decay] n=86 |s_est|=0.00375 |s_target|=0.00000 |s_out|=0.00000 d_s_out=-0.00000 conf=1.000 present=0 armed=0 latched=1 health=1
[INFO] [1788473444.033476802] [mhe_node]: [s-decay] n=87 |s_est|=0.00383 |s_target|=0.00000 |s_out|=0.00000 d_s_out=-0.00000 conf=1.000 present=0 armed=0 latched=1 health=1
[INFO] [1788473444.135364206] [mhe_node]: [s-decay] n=88 |s_est|=0.00395 |s_target|=0.00000 |s_out|=0.00000 d_s_out=-0.00000 conf=1.000 present=0 armed=0 latched=1 health=1
[INFO] [1788473444.234431232] [mhe_node]: MHE mass estimate: 2.053 kg (T_phys=20.07N) | solve=6.4ms (max13.7)
[INFO] [1788473444.234961197] [mhe_node]: [truth] m_hat=2.0529 m_true=2.0643 err=-0.55% | c_hat=[+0.0000,+0.0000] c_true=[+0.0000,+0.0000] | Jxx_hat=0.01420 Jxx_true=0.01420 Jyz_hat=+0.00000 Jyz_true=+0.00000 | s_hat=[+0.0039,+0.0009] s_true=[+0.0000,+0.0000] kg·m
[INFO] [1788473444.235476452] [mhe_node]: [tau_phys] roll=+0.003 pitch=-0.060 Nm
[INFO] [1788473444.236064100] [mhe_node]: [mass-diag] m_est=2.0529 T=20.072N tilt=2.20deg cos=0.99927 | T/g=2.0461 T*cos/g=2.0446 | m_est-T*cos/g=+0.0083kg (+0.41%) vz=+0.109
[INFO] [1788473444.236642472] [mhe_node]: [c_xy_est] cx=+0.0019 cy=+0.0004 m
[INFO] [1788473444.237005481] [mhe_node]: [s-decay] n=89 |s_est|=0.00399 |s_target|=0.00000 |s_out|=0.00000 d_s_out=-0.00000 conf=1.000 present=0 armed=0 latched=1 health=1
[INFO] [1788473444.335410686] [mhe_node]: [s-decay] n=90 |s_est|=0.00408 |s_target|=0.00000 |s_out|=0.00000 d_s_out=-0.00000 conf=1.000 present=0 armed=0 latched=1 health=1
[INFO] [1788473444.434447928] [mhe_node]: [s-decay] n=91 |s_est|=0.00422 |s_target|=0.00000 |s_out|=0.00000 d_s_out=-0.00000 conf=1.000 present=0 armed=0 latched=1 health=1
[INFO] [1788473444.534506313] [mhe_node]: [s-decay] n=92 |s_est|=0.00431 |s_target|=0.00000 |s_out|=0.00000 d_s_out=-0.00000 conf=1.000 present=0 armed=0 latched=1 health=1
[INFO] [1788473444.634521143] [mhe_node]: [s-decay] n=93 |s_est|=0.00432 |s_target|=0.00000 |s_out|=0.00000 d_s_out=-0.00000 conf=1.000 present=0 armed=0 latched=1 health=1
[INFO] [1788473444.735411641] [mhe_node]: [s-decay] n=94 |s_est|=0.00439 |s_target|=0.00000 |s_out|=0.00000 d_s_out=-0.00000 conf=1.000 present=0 armed=0 latched=1 health=1
[INFO] [1788473444.834368602] [mhe_node]: [s-decay] n=95 |s_est|=0.00440 |s_target|=0.00000 |s_out|=0.00000 d_s_out=-0.00000 conf=1.000 present=0 armed=0 latched=1 health=1
[INFO] [1788473444.935542757] [mhe_node]: [s-decay] n=96 |s_est|=0.00447 |s_target|=0.00000 |s_out|=0.00000 d_s_out=-0.00000 conf=1.000 present=0 armed=0 latched=1 health=1
[INFO] [1788473445.034431131] [mhe_node]: [s-decay] n=97 |s_est|=0.00448 |s_target|=0.00000 |s_out|=0.00000 d_s_out=-0.00000 conf=1.000 present=0 armed=0 latched=1 health=1
[INFO] [1788473445.135415000] [mhe_node]: [s-decay] n=98 |s_est|=0.00453 |s_target|=0.00000 |s_out|=0.00000 d_s_out=-0.00000 conf=1.000 present=0 armed=0 latched=1 health=1
[INFO] [1788473445.238907990] [mhe_node]: [s-decay] n=99 |s_est|=0.00448 |s_target|=0.00000 |s_out|=0.00000 d_s_out=-0.00000 conf=1.000 present=0 armed=0 latched=1 health=1
[INFO] [1788473445.336649233] [mhe_node]: [s-decay] n=100 |s_est|=0.00449 |s_target|=0.00000 |s_out|=0.00000 d_s_out=-0.00000 conf=1.000 present=0 armed=0 latched=1 health=1
[INFO] [1788473446.235640092] [mhe_node]: MHE mass estimate: 2.052 kg (T_phys=20.03N) | solve=5.8ms (max9.2)
[INFO] [1788473446.236179032] [mhe_node]: [truth] m_hat=2.0523 m_true=2.0643 err=-0.58% | c_hat=[+0.0000,+0.0000] c_true=[+0.0000,+0.0000] | Jxx_hat=0.01420 Jxx_true=0.01420 Jyz_hat=+0.00000 Jyz_true=+0.00000 | s_hat=[+0.0041,+0.0008] s_true=[+0.0000,+0.0000] kg·m
[INFO] [1788473446.236693188] [mhe_node]: [tau_phys] roll=+0.010 pitch=-0.057 Nm
[INFO] [1788473446.237278902] [mhe_node]: [mass-diag] m_est=2.0523 T=20.034N tilt=1.37deg cos=0.99971 | T/g=2.0422 T*cos/g=2.0416 | m_est-T*cos/g=+0.0107kg (+0.52%) vz=+0.104
[INFO] [1788473446.237853637] [mhe_node]: [c_xy_est] cx=+0.0020 cy=+0.0004 m
[INFO] [1788473448.235496002] [mhe_node]: MHE mass estimate: 2.055 kg (T_phys=20.13N) | solve=6.8ms (max13.2)
[INFO] [1788473448.236044704] [mhe_node]: [truth] m_hat=2.0552 m_true=2.0643 err=-0.44% | c_hat=[+0.0000,+0.0000] c_true=[+0.0000,+0.0000] | Jxx_hat=0.01420 Jxx_true=0.01420 Jyz_hat=+0.00000 Jyz_true=+0.00000 | s_hat=[+0.0037,+0.0006] s_true=[+0.0000,+0.0000] kg·m
[INFO] [1788473448.236622212] [mhe_node]: [tau_phys] roll=-0.005 pitch=-0.038 Nm
[INFO] [1788473448.237230161] [mhe_node]: [mass-diag] m_est=2.0552 T=20.127N tilt=0.99deg cos=0.99985 | T/g=2.0517 T*cos/g=2.0514 | m_est-T*cos/g=+0.0038kg (+0.19%) vz=+0.118
[INFO] [1788473448.237811960] [mhe_node]: [c_xy_est] cx=+0.0018 cy=+0.0003 m
[INFO] [1788473450.232652969] [mhe_node]: MHE mass estimate: 2.057 kg (T_phys=20.29N) | solve=6.7ms (max13.6)
[INFO] [1788473450.233045868] [mhe_node]: [truth] m_hat=2.0568 m_true=2.0643 err=-0.36% | c_hat=[+0.0000,+0.0000] c_true=[+0.0000,+0.0000] | Jxx_hat=0.01420 Jxx_true=0.01420 Jyz_hat=+0.00000 Jyz_true=+0.00000 | s_hat=[+0.0015,+0.0002] s_true=[+0.0000,+0.0000] kg·m
[INFO] [1788473450.233411245] [mhe_node]: [tau_phys] roll=-0.001 pitch=-0.032 Nm
[INFO] [1788473450.233835643] [mhe_node]: [mass-diag] m_est=2.0568 T=20.293N tilt=1.56deg cos=0.99963 | T/g=2.0686 T*cos/g=2.0679 | m_est-T*cos/g=-0.0110kg (-0.53%) vz=+0.097
[INFO] [1788473450.234238527] [mhe_node]: [c_xy_est] cx=+0.0008 cy=+0.0001 m
[INFO] [1788473452.234483203] [mhe_node]: MHE mass estimate: 2.057 kg (T_phys=20.17N) | solve=4.8ms (max6.6)
[INFO] [1788473452.235029531] [mhe_node]: [truth] m_hat=2.0567 m_true=2.0643 err=-0.37% | c_hat=[+0.0000,+0.0000] c_true=[+0.0000,+0.0000] | Jxx_hat=0.01420 Jxx_true=0.01420 Jyz_hat=+0.00000 Jyz_true=+0.00000 | s_hat=[+0.0014,-0.0003] s_true=[+0.0000,+0.0000] kg·m
[INFO] [1788473452.235545592] [mhe_node]: [tau_phys] roll=-0.003 pitch=-0.025 Nm
[INFO] [1788473452.236137313] [mhe_node]: [mass-diag] m_est=2.0567 T=20.170N tilt=2.28deg cos=0.99921 | T/g=2.0560 T*cos/g=2.0544 | m_est-T*cos/g=+0.0023kg (+0.11%) vz=+0.079
[INFO] [1788473452.236720235] [mhe_node]: [c_xy_est] cx=+0.0007 cy=-0.0002 m
[INFO] [1788473454.234693281] [mhe_node]: MHE mass estimate: 2.058 kg (T_phys=20.15N) | solve=4.9ms (max7.6)
[INFO] [1788473454.235232420] [mhe_node]: [truth] m_hat=2.0583 m_true=2.0643 err=-0.29% | c_hat=[+0.0000,+0.0000] c_true=[+0.0000,+0.0000] | Jxx_hat=0.01420 Jxx_true=0.01420 Jyz_hat=+0.00000 Jyz_true=+0.00000 | s_hat=[+0.0022,-0.0003] s_true=[+0.0000,+0.0000] kg·m
[INFO] [1788473454.235757359] [mhe_node]: [tau_phys] roll=-0.003 pitch=-0.036 Nm
[INFO] [1788473454.236341845] [mhe_node]: [mass-diag] m_est=2.0583 T=20.148N tilt=2.80deg cos=0.99880 | T/g=2.0538 T*cos/g=2.0514 | m_est-T*cos/g=+0.0069kg (+0.34%) vz=+0.059
[INFO] [1788473454.236918800] [mhe_node]: [c_xy_est] cx=+0.0011 cy=-0.0001 m
[INFO] [1788473456.234562817] [mhe_node]: MHE mass estimate: 2.058 kg (T_phys=20.06N) | solve=6.1ms (max14.9)
[INFO] [1788473456.235228650] [mhe_node]: [truth] m_hat=2.0577 m_true=2.0643 err=-0.32% | c_hat=[+0.0000,+0.0000] c_true=[+0.0000,+0.0000] | Jxx_hat=0.01420 Jxx_true=0.01420 Jyz_hat=+0.00000 Jyz_true=+0.00000 | s_hat=[+0.0024,-0.0000] s_true=[+0.0000,+0.0000] kg·m
[INFO] [1788473456.235746623] [mhe_node]: [tau_phys] roll=+0.006 pitch=-0.013 Nm
[INFO] [1788473456.236333826] [mhe_node]: [mass-diag] m_est=2.0577 T=20.059N tilt=1.88deg cos=0.99946 | T/g=2.0447 T*cos/g=2.0436 | m_est-T*cos/g=+0.0141kg (+0.69%) vz=+0.022
[INFO] [1788473456.236910655] [mhe_node]: [c_xy_est] cx=+0.0012 cy=-0.0000 m
[INFO] [1788473458.234210679] [mhe_node]: MHE mass estimate: 2.060 kg (T_phys=20.17N) | solve=5.4ms (max10.5)
[INFO] [1788473458.234747974] [mhe_node]: [truth] m_hat=2.0599 m_true=2.0643 err=-0.21% | c_hat=[+0.0000,+0.0000] c_true=[+0.0000,+0.0000] | Jxx_hat=0.01420 Jxx_true=0.01420 Jyz_hat=+0.00000 Jyz_true=+0.00000 | s_hat=[+0.0025,+0.0001] s_true=[+0.0000,+0.0000] kg·m
[INFO] [1788473458.235267053] [mhe_node]: [tau_phys] roll=-0.000 pitch=-0.042 Nm
[INFO] [1788473458.235864180] [mhe_node]: [mass-diag] m_est=2.0599 T=20.167N tilt=1.37deg cos=0.99971 | T/g=2.0557 T*cos/g=2.0552 | m_est-T*cos/g=+0.0048kg (+0.23%) vz=-0.005
[INFO] [1788473458.236446513] [mhe_node]: [c_xy_est] cx=+0.0012 cy=+0.0000 m
[INFO] [1788473460.234681890] [mhe_node]: MHE mass estimate: 2.059 kg (T_phys=20.19N) | solve=5.2ms (max7.6)
[INFO] [1788473460.235070192] [mhe_node]: [truth] m_hat=2.0594 m_true=2.0643 err=-0.24% | c_hat=[+0.0000,+0.0000] c_true=[+0.0000,+0.0000] | Jxx_hat=0.01420 Jxx_true=0.01420 Jyz_hat=+0.00000 Jyz_true=+0.00000 | s_hat=[+0.0017,-0.0000] s_true=[+0.0000,+0.0000] kg·m
[INFO] [1788473460.235445637] [mhe_node]: [tau_phys] roll=-0.009 pitch=-0.021 Nm
[INFO] [1788473460.235865752] [mhe_node]: [mass-diag] m_est=2.0594 T=20.193N tilt=1.82deg cos=0.99950 | T/g=2.0585 T*cos/g=2.0574 | m_est-T*cos/g=+0.0019kg (+0.09%) vz=-0.050
[INFO] [1788473460.236270858] [mhe_node]: [c_xy_est] cx=+0.0009 cy=-0.0000 m
[INFO] [1788473462.235198884] [mhe_node]: MHE mass estimate: 2.059 kg (T_phys=20.20N) | solve=5.1ms (max8.7)
[INFO] [1788473462.235729602] [mhe_node]: [truth] m_hat=2.0590 m_true=2.0643 err=-0.26% | c_hat=[+0.0000,+0.0000] c_true=[+0.0000,+0.0000] | Jxx_hat=0.01420 Jxx_true=0.01420 Jyz_hat=+0.00000 Jyz_true=+0.00000 | s_hat=[+0.0014,-0.0003] s_true=[+0.0000,+0.0000] kg·m
[INFO] [1788473462.236239303] [mhe_node]: [tau_phys] roll=-0.006 pitch=-0.033 Nm
[INFO] [1788473462.236821669] [mhe_node]: [mass-diag] m_est=2.0590 T=20.205N tilt=2.80deg cos=0.99881 | T/g=2.0596 T*cos/g=2.0572 | m_est-T*cos/g=+0.0018kg (+0.09%) vz=-0.074
[INFO] [1788473462.237399308] [mhe_node]: [c_xy_est] cx=+0.0007 cy=-0.0001 m
[INFO] [1788473464.232832235] [mhe_node]: MHE mass estimate: 2.059 kg (T_phys=20.14N) | solve=5.4ms (max8.7)
[INFO] [1788473464.233216163] [mhe_node]: [truth] m_hat=2.0593 m_true=2.0643 err=-0.24% | c_hat=[+0.0000,+0.0000] c_true=[+0.0000,+0.0000] | Jxx_hat=0.01420 Jxx_true=0.01420 Jyz_hat=+0.00000 Jyz_true=+0.00000 | s_hat=[+0.0025,-0.0001] s_true=[+0.0000,+0.0000] kg·m
[INFO] [1788473464.233578015] [mhe_node]: [tau_phys] roll=-0.004 pitch=-0.052 Nm
[INFO] [1788473464.233993209] [mhe_node]: [mass-diag] m_est=2.0593 T=20.138N tilt=2.68deg cos=0.99891 | T/g=2.0529 T*cos/g=2.0506 | m_est-T*cos/g=+0.0087kg (+0.42%) vz=-0.092
[INFO] [1788473464.234401222] [mhe_node]: [c_xy_est] cx=+0.0012 cy=-0.0001 m
[INFO] [1788473466.233631696] [mhe_node]: MHE mass estimate: 2.055 kg (T_phys=20.14N) | solve=5.4ms (max8.9)
[INFO] [1788473466.234018172] [mhe_node]: [truth] m_hat=2.0551 m_true=2.0643 err=-0.45% | c_hat=[+0.0000,+0.0000] c_true=[+0.0000,+0.0000] | Jxx_hat=0.01420 Jxx_true=0.01420 Jyz_hat=+0.00000 Jyz_true=+0.00000 | s_hat=[+0.0030,+0.0000] s_true=[+0.0000,+0.0000] kg·m
[INFO] [1788473466.234379713] [mhe_node]: [tau_phys] roll=+0.006 pitch=-0.066 Nm
[INFO] [1788473466.234802096] [mhe_node]: [mass-diag] m_est=2.0551 T=20.139N tilt=2.46deg cos=0.99908 | T/g=2.0529 T*cos/g=2.0510 | m_est-T*cos/g=+0.0041kg (+0.20%) vz=-0.127
[INFO] [1788473466.235206494] [mhe_node]: [c_xy_est] cx=+0.0015 cy=+0.0000 m
[INFO] [1788473468.234533220] [mhe_node]: MHE mass estimate: 2.055 kg (T_phys=20.15N) | solve=5.5ms (max11.5)
[INFO] [1788473468.235073535] [mhe_node]: [truth] m_hat=2.0545 m_true=2.0643 err=-0.47% | c_hat=[+0.0000,+0.0000] c_true=[+0.0000,+0.0000] | Jxx_hat=0.01420 Jxx_true=0.01420 Jyz_hat=+0.00000 Jyz_true=+0.00000 | s_hat=[+0.0036,+0.0004] s_true=[+0.0000,+0.0000] kg·m
[INFO] [1788473468.235594869] [mhe_node]: [tau_phys] roll=+0.004 pitch=-0.055 Nm
[INFO] [1788473468.236184402] [mhe_node]: [mass-diag] m_est=2.0545 T=20.149N tilt=1.72deg cos=0.99955 | T/g=2.0540 T*cos/g=2.0530 | m_est-T*cos/g=+0.0015kg (+0.07%) vz=-0.122
[INFO] [1788473468.236768070] [mhe_node]: [c_xy_est] cx=+0.0018 cy=+0.0002 m
[INFO] [1788473470.238894013] [mhe_node]: MHE mass estimate: 2.056 kg (T_phys=20.20N) | solve=7.2ms (max12.3)
[INFO] [1788473470.239433015] [mhe_node]: [truth] m_hat=2.0564 m_true=2.0643 err=-0.38% | c_hat=[+0.0000,+0.0000] c_true=[+0.0000,+0.0000] | Jxx_hat=0.01420 Jxx_true=0.01420 Jyz_hat=+0.00000 Jyz_true=+0.00000 | s_hat=[+0.0034,+0.0007] s_true=[+0.0000,+0.0000] kg·m
[INFO] [1788473470.239954723] [mhe_node]: [tau_phys] roll=+0.009 pitch=-0.043 Nm
[INFO] [1788473470.240535572] [mhe_node]: [mass-diag] m_est=2.0564 T=20.204N tilt=0.90deg cos=0.99988 | T/g=2.0595 T*cos/g=2.0593 | m_est-T*cos/g=-0.0029kg (-0.14%) vz=-0.113
[INFO] [1788473470.241115810] [mhe_node]: [c_xy_est] cx=+0.0018 cy=+0.0003 m
[INFO] [1788473472.234252711] [mhe_node]: MHE mass estimate: 2.060 kg (T_phys=20.27N) | solve=6.2ms (max13.3)
[INFO] [1788473472.234794582] [mhe_node]: [truth] m_hat=2.0603 m_true=2.0643 err=-0.19% | c_hat=[+0.0000,+0.0000] c_true=[+0.0000,+0.0000] | Jxx_hat=0.01420 Jxx_true=0.01420 Jyz_hat=+0.00000 Jyz_true=+0.00000 | s_hat=[+0.0025,+0.0008] s_true=[+0.0000,+0.0000] kg·m
[INFO] [1788473472.235310222] [mhe_node]: [tau_phys] roll=+0.014 pitch=-0.034 Nm
[INFO] [1788473472.235903063] [mhe_node]: [mass-diag] m_est=2.0603 T=20.271N tilt=1.63deg cos=0.99960 | T/g=2.0664 T*cos/g=2.0655 | m_est-T*cos/g=-0.0053kg (-0.25%) vz=-0.082
[INFO] [1788473472.236481303] [mhe_node]: [c_xy_est] cx=+0.0012 cy=+0.0004 m
[INFO] [1788473474.234406574] [mhe_node]: MHE mass estimate: 2.061 kg (T_phys=20.23N) | solve=5.2ms (max6.6)
[INFO] [1788473474.235082572] [mhe_node]: [truth] m_hat=2.0611 m_true=2.0643 err=-0.16% | c_hat=[+0.0000,+0.0000] c_true=[+0.0000,+0.0000] | Jxx_hat=0.01420 Jxx_true=0.01420 Jyz_hat=+0.00000 Jyz_true=+0.00000 | s_hat=[+0.0018,+0.0009] s_true=[+0.0000,+0.0000] kg·m
[INFO] [1788473474.235608241] [mhe_node]: [tau_phys] roll=+0.010 pitch=-0.007 Nm
[INFO] [1788473474.236207223] [mhe_node]: [mass-diag] m_est=2.0611 T=20.235N tilt=2.48deg cos=0.99906 | T/g=2.0627 T*cos/g=2.0607 | m_est-T*cos/g=+0.0004kg (+0.02%) vz=-0.067
[INFO] [1788473474.236790259] [mhe_node]: [c_xy_est] cx=+0.0009 cy=+0.0004 m
[INFO] [1788473476.238925762] [mhe_node]: MHE mass estimate: 2.058 kg (T_phys=20.17N) | solve=6.4ms (max9.9)
[INFO] [1788473476.239467800] [mhe_node]: [truth] m_hat=2.0579 m_true=2.0643 err=-0.31% | c_hat=[+0.0000,+0.0000] c_true=[+0.0000,+0.0000] | Jxx_hat=0.01420 Jxx_true=0.01420 Jyz_hat=+0.00000 Jyz_true=+0.00000 | s_hat=[+0.0019,+0.0008] s_true=[+0.0000,+0.0000] kg·m
[INFO] [1788473476.239992815] [mhe_node]: [tau_phys] roll=+0.004 pitch=-0.029 Nm
[INFO] [1788473476.240584252] [mhe_node]: [mass-diag] m_est=2.0579 T=20.174N tilt=2.27deg cos=0.99921 | T/g=2.0565 T*cos/g=2.0549 | m_est-T*cos/g=+0.0030kg (+0.15%) vz=-0.060
[INFO] [1788473476.241168121] [mhe_node]: [c_xy_est] cx=+0.0009 cy=+0.0004 m
[INFO] [1788473478.233582704] [mhe_node]: MHE mass estimate: 2.056 kg (T_phys=20.25N) | solve=5.9ms (max12.8)
[INFO] [1788473478.233979437] [mhe_node]: [truth] m_hat=2.0559 m_true=2.0643 err=-0.41% | c_hat=[+0.0000,+0.0000] c_true=[+0.0000,+0.0000] | Jxx_hat=0.01420 Jxx_true=0.01420 Jyz_hat=+0.00000 Jyz_true=+0.00000 | s_hat=[+0.0024,+0.0009] s_true=[+0.0000,+0.0000] kg·m
[INFO] [1788473478.234346222] [mhe_node]: [tau_phys] roll=+0.008 pitch=-0.011 Nm
[INFO] [1788473478.234769916] [mhe_node]: [mass-diag] m_est=2.0559 T=20.249N tilt=2.11deg cos=0.99933 | T/g=2.0641 T*cos/g=2.0627 | m_est-T*cos/g=-0.0068kg (-0.33%) vz=-0.032
[INFO] [1788473478.235187531] [mhe_node]: [c_xy_est] cx=+0.0012 cy=+0.0004 m
[ros2run]: Killed
