[INFO] [1785744349.287867201] [acados_nmpc_node]: acados NMPC node starting, building/loading solver...
Code reuse possible, skipping code generation.
acados was compiled without OpenMP.
[INFO] [1785744349.299747905] [acados_nmpc_node]: GRIPPER MODE: hover over box (1.0,0.05) z 0.55->2.5m, lift after 1.5s, empty m_est=2.06kg
[INFO] [1785744349.300172511] [acados_nmpc_node]: Warming up acados solver...
[INFO] [1785744349.306233686] [acados_nmpc_node]: Solver warmup complete, took 5.6 ms
[INFO] [1785744349.315017727] [acados_nmpc_node]: Decoupled publish enabled: solve @20Hz, body_rate/thrust @50Hz (trajectory interpolation)
[INFO] [1785744349.315521234] [acados_nmpc_node]: acados NMPC node initialized! Waiting for EKF2 convergence...
[INFO] [1785744359.315907061] [acados_nmpc_node]: Waiting for EKF2 convergence... 5/10 s
[INFO] [1785744364.316077382] [acados_nmpc_node]: Waiting for EKF2 convergence... 10/10 s
[INFO] [1785744364.365062515] [acados_nmpc_node]: Switching to OFFBOARD mode
[INFO] [1785744365.116209066] [acados_nmpc_node]: Sending arm command
[INFO] [1785744366.116118123] [acados_nmpc_node]: Armed, preparing to move to trajectory start...
[INFO] [1785744368.564749548] [acados_nmpc_node]: Gripper approach (climb): rising at spawn to z=1.50m | z=0.09m v=0.38m/s
[INFO] [1785744371.064899214] [acados_nmpc_node]: Gripper approach (climb): rising at spawn to z=1.50m | z=1.01m v=0.23m/s
[INFO] [1785744373.164813333] [acados_nmpc_node]: Gripper approach: climbed to safe altitude at spawn, now translating over box
[INFO] [1785744373.564766225] [acados_nmpc_node]: Gripper approach (high): aligning over box at z=1.50m | xy=0.976m z_err=0.158m v=0.23m/s
[INFO] [1785744375.416941685] [acados_nmpc_node]: Gripper approach: aligned above box, NMPC will take over here (z=1.50m), settle 3.0s then descend to z=0.55m to trigger attach
[INFO] [1785744375.465189388] [acados_nmpc_node]: Reached trajectory start, NMPC tracking begins!
[INFO] [1785744376.019038202] [acados_nmpc_node]: t=0.6s | pos_err=0.057m | T=20.04N | tau=[r-0.013 p0.028 y-0.014]Nm | res_stat=3.326e-07(peak 9.787e-07) sqp_iter=3 | solve=1.5ms
[INFO] [1785744378.517109592] [acados_nmpc_node]: t=3.1s | DESCEND: settle done, lowering 1.5->0.55m, will enable gripper at bottom
[INFO] [1785744381.019093918] [acados_nmpc_node]: t=5.6s | pos_err=0.061m | T=20.54N | tau=[r-0.001 p-0.000 y-0.000]Nm | res_stat=4.479e-08(peak 9.787e-07) sqp_iter=3 | solve=1.4ms
[INFO] [1785744382.116320210] [acados_nmpc_node]: t=6.7s | DESCEND done at z=0.569m (target 0.550m, z_err=0.019m, v=0.05m/s), gripper ENABLED (attach will trigger now)
[INFO] [1785744382.173507198] [acados_nmpc_node]: attach offset received: box-drone = [+0.009, -0.002, -0.492] m
[INFO] [1785744382.216414746] [acados_nmpc_node]: PX4 MC_ROLLRATE_K: 1.000 -> 4.156 (inertia ratio 4.16, cap 5.0)
[INFO] [1785744382.216575053] [acados_nmpc_node]: PX4 MC_PITCHRATE_K: 1.000 -> 4.156 (inertia ratio 4.16, cap 5.0)
[INFO] [1785744382.216717507] [acados_nmpc_node]: t=6.8s | ATTACH (geom_source=online): dJ/gain init from prior m_p=0.23kg arm=0.47m (dJ=0.0448); c_xy+dJ refine online, attach truth eval-only
[INFO] [1785744382.218344146] [acados_nmpc_node]: [attach-window] t=6.75s pos_err=0.026m T=19.79N z=0.567 m_est=2.057
[INFO] [1785744382.266373924] [acados_nmpc_node]: [attach-window] t=6.80s pos_err=0.026m T=19.79N z=0.567 m_est=2.057
[INFO] [1785744382.317996610] [acados_nmpc_node]: [attach-window] t=6.85s pos_err=0.026m T=19.79N z=0.568 m_est=2.057
[INFO] [1785744382.366054848] [acados_nmpc_node]: [attach-window] t=6.90s pos_err=0.026m T=19.79N z=0.568 m_est=2.057
[INFO] [1785744382.419280501] [acados_nmpc_node]: [attach-window] t=6.95s pos_err=0.027m T=19.78N z=0.569 m_est=2.056
[INFO] [1785744382.466787043] [acados_nmpc_node]: [attach-window] t=7.00s pos_err=0.028m T=19.80N z=0.568 m_est=2.056
[INFO] [1785744382.519285610] [acados_nmpc_node]: [attach-window] t=7.05s pos_err=0.029m T=19.80N z=0.568 m_est=2.055
[INFO] [1785744382.566643170] [acados_nmpc_node]: [attach-window] t=7.10s pos_err=0.029m T=19.80N z=0.568 m_est=2.055
[INFO] [1785744382.619209291] [acados_nmpc_node]: [attach-window] t=7.15s pos_err=0.031m T=19.79N z=0.568 m_est=2.054
[INFO] [1785744382.666631280] [acados_nmpc_node]: [attach-window] t=7.20s pos_err=0.031m T=19.77N z=0.568 m_est=2.054
[INFO] [1785744382.717744180] [acados_nmpc_node]: [attach-window] t=7.25s pos_err=0.032m T=19.74N z=0.568 m_est=2.052
[INFO] [1785744382.766738430] [acados_nmpc_node]: [attach-window] t=7.30s pos_err=0.033m T=19.74N z=0.569 m_est=2.052
[INFO] [1785744382.819258000] [acados_nmpc_node]: [attach-window] t=7.35s pos_err=0.033m T=19.70N z=0.570 m_est=2.050
[INFO] [1785744382.866614563] [acados_nmpc_node]: [attach-window] t=7.40s pos_err=0.033m T=19.70N z=0.570 m_est=2.050
[INFO] [1785744382.917680875] [acados_nmpc_node]: [attach-window] t=7.45s pos_err=0.034m T=19.66N z=0.571 m_est=2.048
[INFO] [1785744382.966409124] [acados_nmpc_node]: [attach-window] t=7.50s pos_err=0.035m T=19.65N z=0.571 m_est=2.048
[INFO] [1785744383.017732718] [acados_nmpc_node]: [attach-window] t=7.55s pos_err=0.036m T=19.59N z=0.572 m_est=2.045
[INFO] [1785744383.066747624] [acados_nmpc_node]: [attach-window] t=7.60s pos_err=0.036m T=19.58N z=0.573 m_est=2.045
[INFO] [1785744383.119319188] [acados_nmpc_node]: [attach-window] t=7.65s pos_err=0.037m T=19.52N z=0.574 m_est=2.041
[INFO] [1785744383.166641562] [acados_nmpc_node]: [attach-window] t=7.70s pos_err=0.038m T=19.50N z=0.575 m_est=2.041
[INFO] [1785744383.219399216] [acados_nmpc_node]: [attach-window] t=7.75s pos_err=0.039m T=19.43N z=0.576 m_est=2.037
[INFO] [1785744383.266680998] [acados_nmpc_node]: [attach-window] t=7.80s pos_err=0.040m T=19.42N z=0.577 m_est=2.037
[INFO] [1785744383.319346228] [acados_nmpc_node]: [attach-window] t=7.85s pos_err=0.041m T=19.35N z=0.578 m_est=2.033
[INFO] [1785744383.366633587] [acados_nmpc_node]: [attach-window] t=7.90s pos_err=0.042m T=19.34N z=0.579 m_est=2.033
[INFO] [1785744383.419269965] [acados_nmpc_node]: [attach-window] t=7.95s pos_err=0.043m T=19.28N z=0.579 m_est=2.028
[INFO] [1785744383.466612488] [acados_nmpc_node]: [attach-window] t=8.00s pos_err=0.043m T=19.27N z=0.580 m_est=2.028
[INFO] [1785744383.519332652] [acados_nmpc_node]: [attach-window] t=8.05s pos_err=0.044m T=19.21N z=0.580 m_est=2.023
[INFO] [1785744383.566680789] [acados_nmpc_node]: [attach-window] t=8.10s pos_err=0.044m T=19.20N z=0.581 m_est=2.023
[INFO] [1785744383.619210713] [acados_nmpc_node]: [attach-window] t=8.15s pos_err=0.044m T=19.13N z=0.581 m_est=2.016
[INFO] [1785744383.666640497] [acados_nmpc_node]: [attach-window] t=8.20s pos_err=0.044m T=19.13N z=0.581 m_est=2.016
[INFO] [1785744383.717302830] [acados_nmpc_node]: t=8.3s | LIFT: raising hover 0.55->2.5m to lift payload
[INFO] [1785744383.719478697] [acados_nmpc_node]: [attach-window] t=8.25s pos_err=0.044m T=18.89N z=0.581 m_est=1.992
[INFO] [1785744383.766718318] [acados_nmpc_node]: [attach-window] t=8.30s pos_err=0.043m T=18.89N z=0.581 m_est=1.992
[INFO] [1785744383.819415337] [acados_nmpc_node]: [attach-window] t=8.35s pos_err=0.042m T=18.77N z=0.581 m_est=1.977
[INFO] [1785744383.866620965] [acados_nmpc_node]: [attach-window] t=8.40s pos_err=0.041m T=18.80N z=0.581 m_est=1.977
[INFO] [1785744383.919403844] [acados_nmpc_node]: [attach-window] t=8.45s pos_err=0.038m T=18.74N z=0.581 m_est=1.964
[INFO] [1785744383.966916259] [acados_nmpc_node]: [attach-window] t=8.50s pos_err=0.035m T=18.83N z=0.581 m_est=1.964
[INFO] [1785744384.019492185] [acados_nmpc_node]: [attach-window] t=8.55s pos_err=0.032m T=18.94N z=0.581 m_est=1.961
[INFO] [1785744384.066823269] [acados_nmpc_node]: [attach-window] t=8.60s pos_err=0.029m T=19.11N z=0.581 m_est=1.961
[INFO] [1785744384.119574568] [acados_nmpc_node]: [attach-window] t=8.65s pos_err=0.030m T=19.35N z=0.580 m_est=1.961
[INFO] [1785744384.166714829] [acados_nmpc_node]: [attach-window] t=8.70s pos_err=0.036m T=19.64N z=0.580 m_est=1.961
[INFO] [1785744384.219575750] [acados_nmpc_node]: [attach-window] t=8.75s pos_err=0.050m T=19.97N z=0.579 m_est=1.961
[INFO] [1785744384.266648822] [acados_nmpc_node]: [attach-window] t=8.80s pos_err=0.067m T=20.34N z=0.578 m_est=1.961
[INFO] [1785744384.319430717] [acados_nmpc_node]: [attach-window] t=8.85s pos_err=0.090m T=20.81N z=0.578 m_est=1.961
[INFO] [1785744384.366721106] [acados_nmpc_node]: [attach-window] t=8.90s pos_err=0.115m T=21.29N z=0.577 m_est=1.961
[INFO] [1785744384.418262971] [acados_nmpc_node]: [attach-window] t=8.95s pos_err=0.145m T=21.87N z=0.576 m_est=1.961
[INFO] [1785744384.466268355] [acados_nmpc_node]: [attach-window] t=9.00s pos_err=0.177m T=22.47N z=0.576 m_est=1.961
[INFO] [1785744384.519698069] [acados_nmpc_node]: [attach-window] t=9.05s pos_err=0.214m T=23.17N z=0.575 m_est=1.961
[INFO] [1785744384.566901147] [acados_nmpc_node]: [attach-window] t=9.10s pos_err=0.251m T=23.87N z=0.575 m_est=1.961
[INFO] [1785744384.619714431] [acados_nmpc_node]: [attach-window] t=9.15s pos_err=0.295m T=24.68N z=0.575 m_est=1.971
[INFO] [1785744384.666989268] [acados_nmpc_node]: [attach-window] t=9.20s pos_err=0.336m T=25.28N z=0.575 m_est=1.971
[INFO] [1785744384.719635756] [acados_nmpc_node]: [attach-window] t=9.25s pos_err=0.382m T=25.82N z=0.578 m_est=1.989
[INFO] [1785744384.766883059] [acados_nmpc_node]: [attach-window] t=9.30s pos_err=0.425m T=26.21N z=0.582 m_est=1.989
[INFO] [1785744384.819616748] [acados_nmpc_node]: [attach-window] t=9.35s pos_err=0.469m T=26.19N z=0.592 m_est=1.989
[INFO] [1785744384.866912774] [acados_nmpc_node]: [attach-window] t=9.40s pos_err=0.512m T=26.75N z=0.600 m_est=2.009
[INFO] [1785744384.919834084] [acados_nmpc_node]: [attach-window] t=9.45s pos_err=0.551m T=26.53N z=0.619 m_est=2.009
[INFO] [1785744384.967057414] [acados_nmpc_node]: [attach-window] t=9.50s pos_err=0.593m T=26.97N z=0.632 m_est=2.028
[INFO] [1785744385.019570322] [acados_nmpc_node]: [attach-window] t=9.55s pos_err=0.624m T=26.67N z=0.662 m_est=2.045
[INFO] [1785744385.066939179] [acados_nmpc_node]: [attach-window] t=9.60s pos_err=0.657m T=26.60N z=0.684 m_est=2.045
[INFO] [1785744385.119765115] [acados_nmpc_node]: [attach-window] t=9.65s pos_err=0.678m T=26.06N z=0.726 m_est=2.061
[INFO] [1785744385.166905728] [acados_nmpc_node]: [attach-window] t=9.70s pos_err=0.712m T=26.17N z=0.750 m_est=2.061
[INFO] [1785744385.219535431] [acados_nmpc_node]: [attach-window] t=9.75s pos_err=0.724m T=25.57N z=0.802 m_est=2.073
[INFO] [1785744385.266719672] [acados_nmpc_node]: [attach-window] t=9.80s pos_err=0.746m T=25.41N z=0.838 m_est=2.073
[INFO] [1785744385.319587104] [acados_nmpc_node]: [attach-window] t=9.85s pos_err=0.748m T=24.75N z=0.900 m_est=2.083
[INFO] [1785744385.366719977] [acados_nmpc_node]: [attach-window] t=9.90s pos_err=0.773m T=24.86N z=0.932 m_est=2.083
[INFO] [1785744385.419458970] [acados_nmpc_node]: [attach-window] t=9.95s pos_err=0.768m T=24.26N z=0.999 m_est=2.091
[INFO] [1785744385.466789585] [acados_nmpc_node]: [attach-window] t=10.00s pos_err=0.779m T=24.14N z=1.043 m_est=2.091
[INFO] [1785744385.519594185] [acados_nmpc_node]: [attach-window] t=10.05s pos_err=0.768m T=23.55N z=1.115 m_est=2.097
[INFO] [1785744385.566780252] [acados_nmpc_node]: [attach-window] t=10.10s pos_err=0.784m T=23.68N z=1.151 m_est=2.097
[INFO] [1785744385.619464212] [acados_nmpc_node]: [attach-window] t=10.15s pos_err=0.766m T=23.24N z=1.225 m_est=2.112
[INFO] [1785744385.666670453] [acados_nmpc_node]: [attach-window] t=10.20s pos_err=0.768m T=23.15N z=1.272 m_est=2.112
[INFO] [1785744385.719578417] [acados_nmpc_node]: [attach-window] t=10.25s pos_err=0.745m T=22.73N z=1.347 m_est=2.127
[INFO] [1785744385.766648450] [acados_nmpc_node]: [attach-window] t=10.30s pos_err=0.752m T=22.82N z=1.385 m_est=2.127
[INFO] [1785744385.819801952] [acados_nmpc_node]: [attach-window] t=10.35s pos_err=0.724m T=22.43N z=1.459 m_est=2.142
[INFO] [1785744385.866747405] [acados_nmpc_node]: [attach-window] t=10.40s pos_err=0.717m T=22.32N z=1.506 m_est=2.142
[INFO] [1785744385.917973251] [acados_nmpc_node]: [attach-window] t=10.45s pos_err=0.683m T=21.90N z=1.579 m_est=2.154
[INFO] [1785744385.966238227] [acados_nmpc_node]: [attach-window] t=10.50s pos_err=0.682m T=21.96N z=1.615 m_est=2.154
[INFO] [1785744386.018058849] [acados_nmpc_node]: [attach-window] t=10.55s pos_err=0.645m T=21.59N z=1.686 m_est=2.164
[INFO] [1785744386.018407103] [acados_nmpc_node]: t=10.6s | pos_err=0.645m | T=21.59N | tau=[r-0.040 p0.032 y-0.005]Nm | res_stat=9.112e-07(peak 9.945e-07) sqp_iter=3 | solve=1.1ms
[INFO] [1785744386.066724362] [acados_nmpc_node]: [attach-window] t=10.60s pos_err=0.630m T=21.49N z=1.729 m_est=2.164
[INFO] [1785744386.119377133] [acados_nmpc_node]: [attach-window] t=10.65s pos_err=0.591m T=21.16N z=1.797 m_est=2.172
[INFO] [1785744386.166639355] [acados_nmpc_node]: [attach-window] t=10.70s pos_err=0.580m T=21.16N z=1.829 m_est=2.172
[INFO] [1785744386.219549636] [acados_nmpc_node]: [attach-window] t=10.75s pos_err=0.539m T=20.88N z=1.892 m_est=2.178
[INFO] [1785744386.266625205] [acados_nmpc_node]: [attach-window] t=10.80s pos_err=0.517m T=20.78N z=1.930 m_est=2.178
[INFO] [1785744386.319656973] [acados_nmpc_node]: [attach-window] t=10.85s pos_err=0.475m T=20.56N z=1.988 m_est=2.183
[INFO] [1785744386.366644139] [acados_nmpc_node]: [attach-window] t=10.90s pos_err=0.458m T=20.54N z=2.016 m_est=2.183
[INFO] [1785744386.419712067] [acados_nmpc_node]: [attach-window] t=10.95s pos_err=0.416m T=20.38N z=2.068 m_est=2.186
[INFO] [1785744386.466652639] [acados_nmpc_node]: [attach-window] t=11.00s pos_err=0.391m T=20.33N z=2.099 m_est=2.186
[INFO] [1785744386.519727543] [acados_nmpc_node]: [attach-window] t=11.05s pos_err=0.350m T=20.25N z=2.144 m_est=2.189
[INFO] [1785744386.566617188] [acados_nmpc_node]: [attach-window] t=11.10s pos_err=0.332m T=20.25N z=2.166 m_est=2.189
[INFO] [1785744386.619596876] [acados_nmpc_node]: [attach-window] t=11.15s pos_err=0.294m T=20.27N z=2.205 m_est=2.193
[INFO] [1785744386.666612793] [acados_nmpc_node]: [attach-window] t=11.20s pos_err=0.272m T=20.30N z=2.228 m_est=2.193
[INFO] [1785744386.719508128] [acados_nmpc_node]: [attach-window] t=11.25s pos_err=0.240m T=20.43N z=2.260 m_est=2.197
[INFO] [1785744386.766733925] [acados_nmpc_node]: [attach-window] t=11.30s pos_err=0.225m T=20.50N z=2.275 m_est=2.197
[INFO] [1785744386.819639259] [acados_nmpc_node]: [attach-window] t=11.35s pos_err=0.199m T=20.71N z=2.301 m_est=2.203
[INFO] [1785744386.866653016] [acados_nmpc_node]: [attach-window] t=11.40s pos_err=0.185m T=20.83N z=2.315 m_est=2.203
[INFO] [1785744386.919474685] [acados_nmpc_node]: [attach-window] t=11.45s pos_err=0.165m T=21.09N z=2.335 m_est=2.210
[INFO] [1785744386.966841947] [acados_nmpc_node]: [attach-window] t=11.50s pos_err=0.157m T=21.19N z=2.344 m_est=2.210
[INFO] [1785744387.019606435] [acados_nmpc_node]: [attach-window] t=11.55s pos_err=0.140m T=21.46N z=2.360 m_est=2.218
[INFO] [1785744387.066719601] [acados_nmpc_node]: [attach-window] t=11.60s pos_err=0.133m T=21.55N z=2.367 m_est=2.218
[INFO] [1785744387.119644639] [acados_nmpc_node]: [attach-window] t=11.65s pos_err=0.122m T=21.75N z=2.378 m_est=2.226
[INFO] [1785744387.166708721] [acados_nmpc_node]: [attach-window] t=11.70s pos_err=0.117m T=21.81N z=2.383 m_est=2.226
[INFO] [1785744387.219529178] [acados_nmpc_node]: [attach-window] t=11.75s pos_err=0.108m T=21.97N z=2.392 m_est=2.235
[INFO] [1785744387.266617277] [acados_nmpc_node]: [attach-window] t=11.80s pos_err=0.103m T=22.00N z=2.398 m_est=2.235
[INFO] [1785744387.319499787] [acados_nmpc_node]: [attach-window] t=11.85s pos_err=0.095m T=22.11N z=2.406 m_est=2.243
[INFO] [1785744387.366757696] [acados_nmpc_node]: [attach-window] t=11.90s pos_err=0.091m T=22.12N z=2.410 m_est=2.243
[INFO] [1785744387.419710310] [acados_nmpc_node]: [attach-window] t=11.95s pos_err=0.085m T=22.18N z=2.416 m_est=2.251
[INFO] [1785744387.466543710] [acados_nmpc_node]: [attach-window] t=12.00s pos_err=0.081m T=22.18N z=2.421 m_est=2.251
[INFO] [1785744387.519683470] [acados_nmpc_node]: [attach-window] t=12.05s pos_err=0.074m T=22.22N z=2.427 m_est=2.257
[INFO] [1785744387.566582587] [acados_nmpc_node]: [attach-window] t=12.10s pos_err=0.071m T=22.21N z=2.430 m_est=2.257
[INFO] [1785744387.619660287] [acados_nmpc_node]: [attach-window] t=12.15s pos_err=0.065m T=22.23N z=2.437 m_est=2.264
[INFO] [1785744387.666461272] [acados_nmpc_node]: [attach-window] t=12.20s pos_err=0.062m T=22.22N z=2.440 m_est=2.264
[INFO] [1785744387.719797784] [acados_nmpc_node]: [attach-window] t=12.25s pos_err=0.056m T=22.24N z=2.445 m_est=2.269
[INFO] [1785744387.766420851] [acados_nmpc_node]: [attach-window] t=12.30s pos_err=0.054m T=22.23N z=2.448 m_est=2.269
[INFO] [1785744387.819571331] [acados_nmpc_node]: [attach-window] t=12.35s pos_err=0.048m T=22.24N z=2.454 m_est=2.273
[INFO] [1785744387.866446875] [acados_nmpc_node]: [attach-window] t=12.40s pos_err=0.045m T=22.23N z=2.456 m_est=2.273
[INFO] [1785744387.919703608] [acados_nmpc_node]: [attach-window] t=12.45s pos_err=0.041m T=22.25N z=2.461 m_est=2.277
[INFO] [1785744387.966602857] [acados_nmpc_node]: [attach-window] t=12.50s pos_err=0.038m T=22.24N z=2.464 m_est=2.277
[INFO] [1785744388.019974653] [acados_nmpc_node]: [attach-window] t=12.55s pos_err=0.034m T=22.26N z=2.467 m_est=2.279
[INFO] [1785744388.066529920] [acados_nmpc_node]: [attach-window] t=12.60s pos_err=0.032m T=22.26N z=2.470 m_est=2.279
[INFO] [1785744388.119534761] [acados_nmpc_node]: [attach-window] t=12.65s pos_err=0.028m T=22.27N z=2.473 m_est=2.281
[INFO] [1785744388.166406461] [acados_nmpc_node]: [attach-window] t=12.70s pos_err=0.026m T=22.27N z=2.475 m_est=2.281
[INFO] [1785744388.219676706] [acados_nmpc_node]: [attach-window] t=12.75s pos_err=0.023m T=22.27N z=2.478 m_est=2.283
[INFO] [1785744388.266438441] [acados_nmpc_node]: [attach-window] t=12.80s pos_err=0.021m T=22.27N z=2.479 m_est=2.283
[INFO] [1785744388.319595840] [acados_nmpc_node]: [attach-window] t=12.85s pos_err=0.019m T=22.28N z=2.482 m_est=2.284
[INFO] [1785744388.366460803] [acados_nmpc_node]: [attach-window] t=12.90s pos_err=0.018m T=22.28N z=2.483 m_est=2.284
[INFO] [1785744388.419698437] [acados_nmpc_node]: [attach-window] t=12.95s pos_err=0.016m T=22.30N z=2.485 m_est=2.284
[INFO] [1785744388.466483274] [acados_nmpc_node]: [attach-window] t=13.00s pos_err=0.015m T=22.31N z=2.486 m_est=2.284
[INFO] [1785744388.519515824] [acados_nmpc_node]: [attach-window] t=13.05s pos_err=0.014m T=22.33N z=2.488 m_est=2.284
[INFO] [1785744388.566420465] [acados_nmpc_node]: [attach-window] t=13.10s pos_err=0.014m T=22.34N z=2.488 m_est=2.284
[INFO] [1785744388.617830654] [acados_nmpc_node]: [attach-window] t=13.15s pos_err=0.014m T=22.35N z=2.489 m_est=2.284
[INFO] [1785744388.665851552] [acados_nmpc_node]: [attach-window] t=13.20s pos_err=0.014m T=22.37N z=2.490 m_est=2.284
[INFO] [1785744388.717956870] [acados_nmpc_node]: [attach-window] t=13.25s pos_err=0.014m T=22.39N z=2.490 m_est=2.284
[INFO] [1785744388.766512717] [acados_nmpc_node]: [attach-window] t=13.30s pos_err=0.014m T=22.40N z=2.490 m_est=2.284
[INFO] [1785744388.819453944] [acados_nmpc_node]: [attach-window] t=13.35s pos_err=0.015m T=22.42N z=2.490 m_est=2.284
[INFO] [1785744388.866391804] [acados_nmpc_node]: [attach-window] t=13.40s pos_err=0.015m T=22.44N z=2.490 m_est=2.284
[INFO] [1785744388.919422467] [acados_nmpc_node]: [attach-window] t=13.45s pos_err=0.014m T=22.45N z=2.490 m_est=2.284
[INFO] [1785744388.966421887] [acados_nmpc_node]: [attach-window] t=13.50s pos_err=0.014m T=22.45N z=2.490 m_est=2.284
[INFO] [1785744389.019480359] [acados_nmpc_node]: [attach-window] t=13.55s pos_err=0.013m T=22.44N z=2.490 m_est=2.284
[INFO] [1785744389.066449759] [acados_nmpc_node]: [attach-window] t=13.60s pos_err=0.012m T=22.44N z=2.490 m_est=2.284
[INFO] [1785744389.119399994] [acados_nmpc_node]: [attach-window] t=13.65s pos_err=0.011m T=22.42N z=2.491 m_est=2.285
[INFO] [1785744389.166497794] [acados_nmpc_node]: [attach-window] t=13.70s pos_err=0.010m T=22.41N z=2.492 m_est=2.285
[INFO] [1785744389.219392814] [acados_nmpc_node]: [attach-window] t=13.75s pos_err=0.008m T=22.39N z=2.493 m_est=2.285
[INFO] [1785744389.266402340] [acados_nmpc_node]: [attach-window] t=13.80s pos_err=0.007m T=22.38N z=2.494 m_est=2.285
[INFO] [1785744389.319367627] [acados_nmpc_node]: [attach-window] t=13.85s pos_err=0.006m T=22.37N z=2.495 m_est=2.286
[INFO] [1785744389.366403364] [acados_nmpc_node]: [attach-window] t=13.90s pos_err=0.005m T=22.36N z=2.496 m_est=2.286
[INFO] [1785744389.419416263] [acados_nmpc_node]: [attach-window] t=13.95s pos_err=0.006m T=22.34N z=2.497 m_est=2.286
[INFO] [1785744389.466346970] [acados_nmpc_node]: [attach-window] t=14.00s pos_err=0.006m T=22.33N z=2.498 m_est=2.286
[INFO] [1785744389.519397511] [acados_nmpc_node]: [attach-window] t=14.05s pos_err=0.007m T=22.32N z=2.500 m_est=2.286
[INFO] [1785744389.566448131] [acados_nmpc_node]: [attach-window] t=14.10s pos_err=0.008m T=22.32N z=2.501 m_est=2.286
[INFO] [1785744389.619512574] [acados_nmpc_node]: [attach-window] t=14.15s pos_err=0.010m T=22.31N z=2.502 m_est=2.286
[INFO] [1785744389.666392474] [acados_nmpc_node]: [attach-window] t=14.20s pos_err=0.011m T=22.31N z=2.503 m_est=2.286
[INFO] [1785744389.719637083] [acados_nmpc_node]: [attach-window] t=14.25s pos_err=0.012m T=22.32N z=2.504 m_est=2.286
[INFO] [1785744389.766402484] [acados_nmpc_node]: [attach-window] t=14.30s pos_err=0.013m T=22.33N z=2.504 m_est=2.286
[INFO] [1785744389.819684410] [acados_nmpc_node]: [attach-window] t=14.35s pos_err=0.013m T=22.34N z=2.505 m_est=2.286
[INFO] [1785744389.866562052] [acados_nmpc_node]: [attach-window] t=14.40s pos_err=0.013m T=22.35N z=2.505 m_est=2.286
[INFO] [1785744389.919672173] [acados_nmpc_node]: [attach-window] t=14.45s pos_err=0.013m T=22.36N z=2.505 m_est=2.285
[INFO] [1785744389.966560402] [acados_nmpc_node]: [attach-window] t=14.50s pos_err=0.012m T=22.37N z=2.505 m_est=2.285
[INFO] [1785744390.019728124] [acados_nmpc_node]: [attach-window] t=14.55s pos_err=0.011m T=22.39N z=2.505 m_est=2.285
[INFO] [1785744390.066492248] [acados_nmpc_node]: [attach-window] t=14.60s pos_err=0.010m T=22.41N z=2.505 m_est=2.285
[INFO] [1785744390.119624404] [acados_nmpc_node]: [attach-window] t=14.65s pos_err=0.009m T=22.42N z=2.504 m_est=2.285
[INFO] [1785744390.166410813] [acados_nmpc_node]: [attach-window] t=14.70s pos_err=0.009m T=22.43N z=2.504 m_est=2.285
[INFO] [1785744390.219521914] [acados_nmpc_node]: [attach-window] t=14.75s pos_err=0.008m T=22.44N z=2.503 m_est=2.284
[INFO] [1785744390.265874462] [acados_nmpc_node]: [attach-window] t=14.80s pos_err=0.007m T=22.44N z=2.503 m_est=2.284
[INFO] [1785744390.317952030] [acados_nmpc_node]: [attach-window] t=14.85s pos_err=0.006m T=22.45N z=2.502 m_est=2.284
[INFO] [1785744390.365868687] [acados_nmpc_node]: [attach-window] t=14.90s pos_err=0.006m T=22.46N z=2.502 m_est=2.284
[INFO] [1785744390.417949199] [acados_nmpc_node]: [attach-window] t=14.95s pos_err=0.006m T=22.47N z=2.501 m_est=2.284
[INFO] [1785744390.466039734] [acados_nmpc_node]: [attach-window] t=15.00s pos_err=0.006m T=22.48N z=2.500 m_est=2.284
[INFO] [1785744390.517747543] [acados_nmpc_node]: [attach-window] t=15.05s pos_err=0.006m T=22.48N z=2.500 m_est=2.284
[INFO] [1785744390.566081234] [acados_nmpc_node]: [attach-window] t=15.10s pos_err=0.006m T=22.47N z=2.499 m_est=2.284
[INFO] [1785744390.617900398] [acados_nmpc_node]: [attach-window] t=15.15s pos_err=0.006m T=22.47N z=2.499 m_est=2.285
[INFO] [1785744390.666532753] [acados_nmpc_node]: [attach-window] t=15.20s pos_err=0.006m T=22.46N z=2.499 m_est=2.285
[INFO] [1785744390.719447639] [acados_nmpc_node]: [attach-window] t=15.25s pos_err=0.006m T=22.45N z=2.499 m_est=2.285
[INFO] [1785744390.766425461] [acados_nmpc_node]: [attach-window] t=15.30s pos_err=0.006m T=22.45N z=2.499 m_est=2.285
[INFO] [1785744390.817948223] [acados_nmpc_node]: [attach-window] t=15.35s pos_err=0.007m T=22.44N z=2.499 m_est=2.285
[INFO] [1785744390.865842299] [acados_nmpc_node]: [attach-window] t=15.40s pos_err=0.007m T=22.43N z=2.500 m_est=2.285
[INFO] [1785744390.917770333] [acados_nmpc_node]: [attach-window] t=15.45s pos_err=0.007m T=22.42N z=2.500 m_est=2.286
[INFO] [1785744390.965853651] [acados_nmpc_node]: [attach-window] t=15.50s pos_err=0.007m T=22.41N z=2.501 m_est=2.286
[INFO] [1785744391.017887208] [acados_nmpc_node]: [attach-window] t=15.55s pos_err=0.007m T=22.40N z=2.501 m_est=2.286
[INFO] [1785744391.018240046] [acados_nmpc_node]: t=15.6s | pos_err=0.007m | T=22.40N | tau=[r-0.013 p-0.006 y-0.000]Nm | res_stat=5.735e-08(peak 9.945e-07) sqp_iter=2 | solve=0.9ms
[INFO] [1785744391.065870070] [acados_nmpc_node]: [attach-window] t=15.60s pos_err=0.007m T=22.40N z=2.501 m_est=2.286
[INFO] [1785744391.117823794] [acados_nmpc_node]: [attach-window] t=15.65s pos_err=0.007m T=22.41N z=2.501 m_est=2.286
[INFO] [1785744391.165825106] [acados_nmpc_node]: [attach-window] t=15.70s pos_err=0.007m T=22.41N z=2.501 m_est=2.286
[INFO] [1785744391.217672001] [acados_nmpc_node]: [attach-window] t=15.75s pos_err=0.007m T=22.41N z=2.501 m_est=2.286
[INFO] [1785744391.265860393] [acados_nmpc_node]: [attach-window] t=15.80s pos_err=0.007m T=22.42N z=2.501 m_est=2.286
[INFO] [1785744391.319710531] [acados_nmpc_node]: [attach-window] t=15.85s pos_err=0.006m T=22.43N z=2.501 m_est=2.286
[INFO] [1785744391.366410755] [acados_nmpc_node]: [attach-window] t=15.90s pos_err=0.006m T=22.43N z=2.501 m_est=2.286
[INFO] [1785744391.418018444] [acados_nmpc_node]: [attach-window] t=15.95s pos_err=0.006m T=22.45N z=2.500 m_est=2.286
[INFO] [1785744391.466069950] [acados_nmpc_node]: [attach-window] t=16.00s pos_err=0.005m T=22.45N z=2.500 m_est=2.286
[INFO] [1785744391.518098381] [acados_nmpc_node]: [attach-window] t=16.05s pos_err=0.005m T=22.46N z=2.499 m_est=2.286
[INFO] [1785744391.565862728] [acados_nmpc_node]: [attach-window] t=16.10s pos_err=0.004m T=22.47N z=2.499 m_est=2.286
[INFO] [1785744391.618125087] [acados_nmpc_node]: [attach-window] t=16.15s pos_err=0.004m T=22.48N z=2.498 m_est=2.286
[INFO] [1785744391.665856510] [acados_nmpc_node]: [attach-window] t=16.20s pos_err=0.005m T=22.49N z=2.497 m_est=2.286
[INFO] [1785744391.717788475] [acados_nmpc_node]: [attach-window] t=16.25s pos_err=0.006m T=22.49N z=2.497 m_est=2.286
[INFO] [1785744391.765876899] [acados_nmpc_node]: [attach-window] t=16.30s pos_err=0.007m T=22.49N z=2.496 m_est=2.286
[INFO] [1785744391.817788909] [acados_nmpc_node]: [attach-window] t=16.35s pos_err=0.008m T=22.48N z=2.496 m_est=2.286
[INFO] [1785744391.865826654] [acados_nmpc_node]: [attach-window] t=16.40s pos_err=0.009m T=22.48N z=2.495 m_est=2.286
[INFO] [1785744391.919492023] [acados_nmpc_node]: [attach-window] t=16.45s pos_err=0.009m T=22.47N z=2.495 m_est=2.286
[INFO] [1785744391.966345977] [acados_nmpc_node]: [attach-window] t=16.50s pos_err=0.009m T=22.46N z=2.495 m_est=2.286
[INFO] [1785744392.019794433] [acados_nmpc_node]: [attach-window] t=16.55s pos_err=0.010m T=22.45N z=2.495 m_est=2.286
[INFO] [1785744392.066455658] [acados_nmpc_node]: [attach-window] t=16.60s pos_err=0.009m T=22.45N z=2.495 m_est=2.286
[INFO] [1785744392.119756707] [acados_nmpc_node]: [attach-window] t=16.65s pos_err=0.009m T=22.44N z=2.495 m_est=2.287
[INFO] [1785744392.166426403] [acados_nmpc_node]: [attach-window] t=16.70s pos_err=0.009m T=22.44N z=2.495 m_est=2.287
[INFO] [1785744392.219806352] [acados_nmpc_node]: [attach-window] t=16.75s pos_err=0.009m T=22.45N z=2.494 m_est=2.287
[INFO] [1785744392.266434147] [acados_nmpc_node]: [attach-window] t=16.80s pos_err=0.009m T=22.45N z=2.494 m_est=2.287
[INFO] [1785744392.319948874] [acados_nmpc_node]: [attach-window] t=16.85s pos_err=0.009m T=22.46N z=2.494 m_est=2.287
[INFO] [1785744392.366406201] [acados_nmpc_node]: [attach-window] t=16.90s pos_err=0.009m T=22.46N z=2.494 m_est=2.287
[INFO] [1785744392.419748876] [acados_nmpc_node]: [attach-window] t=16.95s pos_err=0.010m T=22.47N z=2.493 m_est=2.287
[INFO] [1785744392.466595516] [acados_nmpc_node]: [attach-window] t=17.00s pos_err=0.011m T=22.47N z=2.493 m_est=2.287
[INFO] [1785744392.519918386] [acados_nmpc_node]: [attach-window] t=17.05s pos_err=0.013m T=22.46N z=2.493 m_est=2.287
[INFO] [1785744392.566603938] [acados_nmpc_node]: [attach-window] t=17.10s pos_err=0.014m T=22.45N z=2.493 m_est=2.287
[INFO] [1785744392.619719628] [acados_nmpc_node]: [attach-window] t=17.15s pos_err=0.016m T=22.45N z=2.493 m_est=2.287
[INFO] [1785744392.666758112] [acados_nmpc_node]: [attach-window] t=17.20s pos_err=0.017m T=22.44N z=2.493 m_est=2.287
[INFO] [1785744392.718281345] [acados_nmpc_node]: [attach-window] t=17.25s pos_err=0.020m T=22.43N z=2.493 m_est=2.287
[INFO] [1785744392.766616962] [acados_nmpc_node]: [attach-window] t=17.30s pos_err=0.021m T=22.43N z=2.493 m_est=2.287
[INFO] [1785744392.819721417] [acados_nmpc_node]: [attach-window] t=17.35s pos_err=0.023m T=22.42N z=2.494 m_est=2.287
[INFO] [1785744392.866416335] [acados_nmpc_node]: [attach-window] t=17.40s pos_err=0.024m T=22.42N z=2.494 m_est=2.287
[INFO] [1785744392.919860369] [acados_nmpc_node]: [attach-window] t=17.45s pos_err=0.025m T=22.41N z=2.494 m_est=2.287
[INFO] [1785744392.966563428] [acados_nmpc_node]: [attach-window] t=17.50s pos_err=0.026m T=22.41N z=2.495 m_est=2.287
[INFO] [1785744393.018039902] [acados_nmpc_node]: [attach-window] t=17.55s pos_err=0.027m T=22.41N z=2.495 m_est=2.287
[INFO] [1785744393.066140411] [acados_nmpc_node]: [attach-window] t=17.60s pos_err=0.027m T=22.41N z=2.496 m_est=2.287
[INFO] [1785744393.117987399] [acados_nmpc_node]: [attach-window] t=17.65s pos_err=0.027m T=22.40N z=2.496 m_est=2.286
[INFO] [1785744393.166190769] [acados_nmpc_node]: [attach-window] t=17.70s pos_err=0.026m T=22.40N z=2.496 m_est=2.286
[INFO] [1785744393.219756321] [acados_nmpc_node]: [attach-window] t=17.75s pos_err=0.025m T=22.40N z=2.497 m_est=2.286
[INFO] [1785744393.266431535] [acados_nmpc_node]: [attach-window] t=17.80s pos_err=0.025m T=22.40N z=2.497 m_est=2.286
[INFO] [1785744393.319819142] [acados_nmpc_node]: [attach-window] t=17.85s pos_err=0.024m T=22.40N z=2.497 m_est=2.286
[INFO] [1785744393.366420535] [acados_nmpc_node]: [attach-window] t=17.90s pos_err=0.023m T=22.41N z=2.498 m_est=2.286
[INFO] [1785744393.419877815] [acados_nmpc_node]: [attach-window] t=17.95s pos_err=0.022m T=22.41N z=2.498 m_est=2.286
[INFO] [1785744393.466482826] [acados_nmpc_node]: [attach-window] t=18.00s pos_err=0.021m T=22.40N z=2.498 m_est=2.286
[INFO] [1785744393.519779337] [acados_nmpc_node]: [attach-window] t=18.05s pos_err=0.019m T=22.40N z=2.499 m_est=2.286
[INFO] [1785744393.566457236] [acados_nmpc_node]: [attach-window] t=18.10s pos_err=0.018m T=22.39N z=2.499 m_est=2.286
[INFO] [1785744393.619939974] [acados_nmpc_node]: [attach-window] t=18.15s pos_err=0.017m T=22.39N z=2.500 m_est=2.286
[INFO] [1785744393.666394592] [acados_nmpc_node]: [attach-window] t=18.20s pos_err=0.016m T=22.38N z=2.501 m_est=2.286
[INFO] [1785744393.719932433] [acados_nmpc_node]: [attach-window] t=18.25s pos_err=0.015m T=22.37N z=2.502 m_est=2.286
[INFO] [1785744393.766387607] [acados_nmpc_node]: [attach-window] t=18.30s pos_err=0.015m T=22.36N z=2.502 m_est=2.286
[INFO] [1785744393.819840976] [acados_nmpc_node]: [attach-window] t=18.35s pos_err=0.014m T=22.35N z=2.503 m_est=2.285
[INFO] [1785744393.866368245] [acados_nmpc_node]: [attach-window] t=18.40s pos_err=0.014m T=22.35N z=2.504 m_est=2.285
[INFO] [1785744393.919852011] [acados_nmpc_node]: [attach-window] t=18.45s pos_err=0.015m T=22.34N z=2.505 m_est=2.285
[INFO] [1785744393.966385841] [acados_nmpc_node]: [attach-window] t=18.50s pos_err=0.015m T=22.35N z=2.505 m_est=2.285
[INFO] [1785744394.019980031] [acados_nmpc_node]: [attach-window] t=18.55s pos_err=0.015m T=22.36N z=2.506 m_est=2.285
[INFO] [1785744394.066210478] [acados_nmpc_node]: [attach-window] t=18.60s pos_err=0.016m T=22.37N z=2.506 m_est=2.285
[INFO] [1785744394.118205156] [acados_nmpc_node]: [attach-window] t=18.65s pos_err=0.016m T=22.38N z=2.507 m_est=2.285
[INFO] [1785744394.166422675] [acados_nmpc_node]: [attach-window] t=18.70s pos_err=0.017m T=22.38N z=2.507 m_est=2.285
[INFO] [1785744394.219688895] [acados_nmpc_node]: [attach-window] t=18.75s pos_err=0.018m T=22.39N z=2.507 m_est=2.285
[INFO] [1785744394.266451257] [acados_nmpc_node]: [attach-window] t=18.80s pos_err=0.018m T=22.40N z=2.507 m_est=2.285
[INFO] [1785744394.319889647] [acados_nmpc_node]: [attach-window] t=18.85s pos_err=0.018m T=22.42N z=2.506 m_est=2.285
[INFO] [1785744394.366635138] [acados_nmpc_node]: [attach-window] t=18.90s pos_err=0.019m T=22.42N z=2.506 m_est=2.285
[INFO] [1785744394.420019692] [acados_nmpc_node]: [attach-window] t=18.95s pos_err=0.019m T=22.44N z=2.506 m_est=2.285
[INFO] [1785744394.466526844] [acados_nmpc_node]: [attach-window] t=19.00s pos_err=0.019m T=22.45N z=2.505 m_est=2.285
[INFO] [1785744394.519815860] [acados_nmpc_node]: [attach-window] t=19.05s pos_err=0.019m T=22.46N z=2.505 m_est=2.285
[INFO] [1785744394.566506785] [acados_nmpc_node]: [attach-window] t=19.10s pos_err=0.019m T=22.46N z=2.504 m_est=2.285
[INFO] [1785744394.620122588] [acados_nmpc_node]: [attach-window] t=19.15s pos_err=0.018m T=22.46N z=2.504 m_est=2.285
[INFO] [1785744394.666434904] [acados_nmpc_node]: [attach-window] t=19.20s pos_err=0.018m T=22.45N z=2.504 m_est=2.285
[INFO] [1785744394.719698568] [acados_nmpc_node]: [attach-window] t=19.25s pos_err=0.018m T=22.44N z=2.504 m_est=2.285
[INFO] [1785744394.766531104] [acados_nmpc_node]: [attach-window] t=19.30s pos_err=0.018m T=22.43N z=2.504 m_est=2.285
[INFO] [1785744394.819992899] [acados_nmpc_node]: [attach-window] t=19.35s pos_err=0.018m T=22.43N z=2.504 m_est=2.286
[INFO] [1785744394.866708141] [acados_nmpc_node]: [attach-window] t=19.40s pos_err=0.017m T=22.42N z=2.504 m_est=2.286
[INFO] [1785744394.920167099] [acados_nmpc_node]: [attach-window] t=19.45s pos_err=0.017m T=22.42N z=2.504 m_est=2.286
[INFO] [1785744394.966734435] [acados_nmpc_node]: [attach-window] t=19.50s pos_err=0.017m T=22.41N z=2.504 m_est=2.286
[INFO] [1785744395.019996227] [acados_nmpc_node]: [attach-window] t=19.55s pos_err=0.017m T=22.41N z=2.504 m_est=2.286
[INFO] [1785744395.066478095] [acados_nmpc_node]: [attach-window] t=19.60s pos_err=0.017m T=22.42N z=2.504 m_est=2.286
[INFO] [1785744395.120015195] [acados_nmpc_node]: [attach-window] t=19.65s pos_err=0.016m T=22.42N z=2.504 m_est=2.286
[INFO] [1785744395.166422905] [acados_nmpc_node]: [attach-window] t=19.70s pos_err=0.016m T=22.42N z=2.504 m_est=2.286
[INFO] [1785744395.220256718] [acados_nmpc_node]: [attach-window] t=19.75s pos_err=0.016m T=22.43N z=2.504 m_est=2.286
[INFO] [1785744395.266409958] [acados_nmpc_node]: [attach-window] t=19.80s pos_err=0.015m T=22.43N z=2.504 m_est=2.286
[INFO] [1785744395.319937755] [acados_nmpc_node]: [attach-window] t=19.85s pos_err=0.015m T=22.43N z=2.504 m_est=2.286
[INFO] [1785744395.366351668] [acados_nmpc_node]: [attach-window] t=19.90s pos_err=0.014m T=22.43N z=2.504 m_est=2.286
[INFO] [1785744395.419730685] [acados_nmpc_node]: [attach-window] t=19.95s pos_err=0.014m T=22.42N z=2.504 m_est=2.286
[INFO] [1785744395.466414199] [acados_nmpc_node]: [attach-window] t=20.00s pos_err=0.014m T=22.42N z=2.504 m_est=2.286
[INFO] [1785744395.519990889] [acados_nmpc_node]: [attach-window] t=20.05s pos_err=0.013m T=22.41N z=2.504 m_est=2.286
[INFO] [1785744395.566481073] [acados_nmpc_node]: [attach-window] t=20.10s pos_err=0.014m T=22.40N z=2.505 m_est=2.286
[INFO] [1785744395.620169446] [acados_nmpc_node]: [attach-window] t=20.15s pos_err=0.014m T=22.39N z=2.505 m_est=2.286
[INFO] [1785744395.666821625] [acados_nmpc_node]: [attach-window] t=20.20s pos_err=0.015m T=22.38N z=2.506 m_est=2.286
[INFO] [1785744395.720097368] [acados_nmpc_node]: [attach-window] t=20.25s pos_err=0.016m T=22.37N z=2.507 m_est=2.286
[INFO] [1785744395.766645383] [acados_nmpc_node]: [attach-window] t=20.30s pos_err=0.017m T=22.36N z=2.507 m_est=2.286
[INFO] [1785744395.820071409] [acados_nmpc_node]: [attach-window] t=20.35s pos_err=0.019m T=22.33N z=2.509 m_est=2.286
[INFO] [1785744395.866713941] [acados_nmpc_node]: [attach-window] t=20.40s pos_err=0.020m T=22.31N z=2.510 m_est=2.286
[INFO] [1785744395.919804200] [acados_nmpc_node]: [attach-window] t=20.45s pos_err=0.023m T=22.29N z=2.512 m_est=2.286
[INFO] [1785744395.966958725] [acados_nmpc_node]: [attach-window] t=20.50s pos_err=0.024m T=22.28N z=2.513 m_est=2.286
[INFO] [1785744396.020337091] [acados_nmpc_node]: [attach-window] t=20.55s pos_err=0.027m T=22.26N z=2.515 m_est=2.285
[INFO] [1785744396.020837842] [acados_nmpc_node]: t=20.6s | pos_err=0.027m | T=22.26N | tau=[r-0.005 p-0.027 y-0.001]Nm | res_stat=9.776e-07(peak 9.978e-07) sqp_iter=2 | solve=1.3ms
[INFO] [1785744396.066762385] [acados_nmpc_node]: [attach-window] t=20.60s pos_err=0.029m T=22.26N z=2.516 m_est=2.285
[INFO] [1785744396.120423783] [acados_nmpc_node]: [attach-window] t=20.65s pos_err=0.031m T=22.26N z=2.518 m_est=2.285
[INFO] [1785744396.166742985] [acados_nmpc_node]: [attach-window] t=20.70s pos_err=0.032m T=22.26N z=2.518 m_est=2.285
[INFO] [1785744396.220255398] [acados_nmpc_node]: [attach-window] t=20.75s pos_err=0.034m T=22.27N z=2.519 m_est=2.284
[INFO] [1785744396.266885320] [acados_nmpc_node]: [attach-window] t=20.80s pos_err=0.035m T=22.29N z=2.520 m_est=2.284
[INFO] [1785744396.320418221] [acados_nmpc_node]: [attach-window] t=20.85s pos_err=0.036m T=22.32N z=2.520 m_est=2.284
[INFO] [1785744396.366808870] [acados_nmpc_node]: [attach-window] t=20.90s pos_err=0.035m T=22.34N z=2.519 m_est=2.284
[INFO] [1785744396.420318381] [acados_nmpc_node]: [attach-window] t=20.95s pos_err=0.035m T=22.38N z=2.519 m_est=2.283
[INFO] [1785744396.466614077] [acados_nmpc_node]: [attach-window] t=21.00s pos_err=0.034m T=22.41N z=2.518 m_est=2.283
[INFO] [1785744396.520079495] [acados_nmpc_node]: [attach-window] t=21.05s pos_err=0.032m T=22.45N z=2.516 m_est=2.283
[INFO] [1785744396.566471930] [acados_nmpc_node]: [attach-window] t=21.10s pos_err=0.031m T=22.46N z=2.515 m_est=2.283
[INFO] [1785744396.620295382] [acados_nmpc_node]: [attach-window] t=21.15s pos_err=0.029m T=22.48N z=2.514 m_est=2.283
[INFO] [1785744396.666691143] [acados_nmpc_node]: [attach-window] t=21.20s pos_err=0.029m T=22.48N z=2.514 m_est=2.283
[ros2run]: Killed
