[INFO] [1789058724.352234496] [mhe_node]: MHE node starting, building/loading solver... (geom_coupled=True, N=20, m_min=1.961, m_B=2.0643)
Code reuse possible, skipping code generation.
acados was compiled without OpenMP.
[INFO] [1789058724.359078857] [mhe_node]: [prior] geom_coupled=True → 载荷质量信息**完全不生效**(grip_payload_envelope=0.3 是死代码:coupled 档下 _payload_geometry 根本不被调用);模型只吃可测杆臂 r_p + 被估质量,m 的先验仅有 Q0 质量维=0.1 (σ=3.16kg,实质无先验)
[WARN] [1789058724.359555364] [mhe_node]: geom_release_mode='self':估计器不被告知 drop。⚠️ 2026-08-24 实测,**NMPC 侧也设成 'self' 会必然坠机**——drop 后控制器继续按幽灵偏心载荷配平,指令 0.424N·m(tau_max 的 85%)作用在空机 J_xx=0.0142 上 = 29.8 rad/s²,而 MHE 10Hz/2s 窗口要 1~2s 才纠得过来,飞机先翻。**正确组合 = MHE 'self' + NMPC 'event'**(控制器是发释放指令的一方,它知道不构成认知作弊)。
[INFO] [1789058724.361500033] [mhe_node]: [moment-ref] 物理上限由平台包线派生: 0.0390 kg·m = 0.30kg x 0.13m
[INFO] [1789058724.362141619] [mhe_node]: [c_xy_est] 质量域卸载判据已开:先武装(m_p>0.090kg),再判 m_p<0.03kg 持续 20 帧 -> 释放偏心估计
[INFO] [1789058724.362785068] [mhe_node]: [c_xy] 来源 = 一阶质量矩 s/m_T(窗口内估计,**无稳态门控**),替代窗外 EMA —— 机动中也会更新
[INFO] [1789058724.363874510] [mhe_node]: weight schedule theta = [-4.00, 0.00, 0.00, 0.00], signal mode = residual (residual self-trigger: thresh=4.4N persist=2 baseline_tau=3.0s)
[INFO] [1789058724.368022364] [mhe_node]: MHE node initialized! tau_source=command (roll/pitch NMPC意图值, yaw NMPC意图值), motor_window_avg=False, geom_release_mode=self. Waiting for odometry + control data...
[INFO] [1789058746.467730686] [mhe_node]: [no-signal] baseline settled at 19.91N (quiet 20 frames); detector armed
[INFO] [1789058746.468011428] [mhe_node]: arrival prior seeded: m=2.064 kg (m_nominal prior)
[INFO] [1789058746.468391941] [mhe_node]: [geom] model_geom_on=True (release_mode=self, truth_attached=False) mode=coupled(r_p) -> geom=[ 0.    0.   -0.47] dJ=0.0000 c_xy=[+0.0000,+0.0000] (dJ/c 为按当前 m_est 折算的诊断当量,模型内部随 m 实时生成)
[INFO] [1789058748.384095336] [mhe_node]: MHE mass estimate: 2.053 kg (T_phys=20.02N) | solve=4.7ms (max15.6)
[INFO] [1789058748.384640703] [mhe_node]: [truth] m_hat=2.0530 m_true=2.0643 err=-0.54% | c_hat=[+0.0000,+0.0000] c_true=[+0.0000,+0.0000] | Jxx_hat=0.01420 Jxx_true=0.01420 Jyz_hat=+0.00000 Jyz_true=+0.00000 | s_hat=[-0.0015,-0.0000] s_true=[+0.0000,+0.0000] kg·m
[INFO] [1789058748.385164203] [mhe_node]: [tau_phys] roll=+0.007 pitch=-0.064 Nm
[INFO] [1789058748.385755117] [mhe_node]: [mass-diag] m_est=2.0530 T=20.022N tilt=4.80deg cos=0.99650 | T/g=2.0410 T*cos/g=2.0338 | m_est-T*cos/g=+0.0192kg (+0.95%) vz=+0.118
[INFO] [1789058748.386339607] [mhe_node]: [c_xy_est] cx=-0.0005 cy=-0.0000 m
[INFO] [1789058750.374923522] [mhe_node]: MHE mass estimate: 2.061 kg (T_phys=20.15N) | solve=9.7ms (max19.0)
[INFO] [1789058750.375475382] [mhe_node]: [truth] m_hat=2.0607 m_true=2.0643 err=-0.17% | c_hat=[+0.0000,+0.0000] c_true=[+0.0000,+0.0000] | Jxx_hat=0.01420 Jxx_true=0.01420 Jyz_hat=+0.00000 Jyz_true=+0.00000 | s_hat=[-0.0010,+0.0001] s_true=[+0.0000,+0.0000] kg·m
[INFO] [1789058750.375988809] [mhe_node]: [tau_phys] roll=+0.001 pitch=+0.004 Nm
[INFO] [1789058750.376586335] [mhe_node]: [mass-diag] m_est=2.0607 T=20.146N tilt=2.40deg cos=0.99912 | T/g=2.0536 T*cos/g=2.0518 | m_est-T*cos/g=+0.0089kg (+0.44%) vz=+0.033
[INFO] [1789058750.377175675] [mhe_node]: [c_xy_est] cx=-0.0005 cy=+0.0000 m
[INFO] [1789058752.377234715] [mhe_node]: MHE mass estimate: 2.060 kg (T_phys=20.18N) | solve=5.6ms (max8.8)
[INFO] [1789058752.377776812] [mhe_node]: [truth] m_hat=2.0596 m_true=2.0643 err=-0.23% | c_hat=[+0.0000,+0.0000] c_true=[+0.0000,+0.0000] | Jxx_hat=0.01420 Jxx_true=0.01420 Jyz_hat=+0.00000 Jyz_true=+0.00000 | s_hat=[+0.0002,-0.0001] s_true=[+0.0000,+0.0000] kg·m
[INFO] [1789058752.378303206] [mhe_node]: [tau_phys] roll=+0.003 pitch=-0.001 Nm
[INFO] [1789058752.378888941] [mhe_node]: [mass-diag] m_est=2.0596 T=20.178N tilt=0.36deg cos=0.99998 | T/g=2.0569 T*cos/g=2.0569 | m_est-T*cos/g=+0.0027kg (+0.13%) vz=+0.001
[INFO] [1789058752.379470747] [mhe_node]: [c_xy_est] cx=+0.0001 cy=-0.0001 m
[INFO] [1789058754.267709692] [mhe_node]: [release-resid] STRONG 票: ΔT=-1.22N x4帧 (floor 0.9N)
[INFO] [1789058754.374501924] [mhe_node]: MHE mass estimate: 2.047 kg (T_phys=17.78N) | solve=4.6ms (max6.6)
[INFO] [1789058754.375048878] [mhe_node]: [truth] m_hat=2.0467 m_true=2.0643 err=-0.85% | c_hat=[+0.0000,+0.0000] c_true=[+0.0000,+0.0000] | Jxx_hat=0.01420 Jxx_true=0.01420 Jyz_hat=+0.00000 Jyz_true=+0.00000 | s_hat=[+0.0000,-0.0000] s_true=[+0.0000,+0.0000] kg·m
[INFO] [1789058754.375570101] [mhe_node]: [tau_phys] roll=+0.005 pitch=+0.002 Nm
[INFO] [1789058754.376163498] [mhe_node]: [mass-diag] m_est=2.0467 T=17.781N tilt=0.10deg cos=1.00000 | T/g=1.8126 T*cos/g=1.8126 | m_est-T*cos/g=+0.2342kg (+12.92%) vz=-0.404
[INFO] [1789058754.376748677] [mhe_node]: [c_xy_est] cx=+0.0000 cy=-0.0000 m
[INFO] [1789058756.374418961] [mhe_node]: MHE mass estimate: 2.057 kg (T_phys=20.31N) | solve=6.2ms (max13.9)
[INFO] [1789058756.374962687] [mhe_node]: [truth] m_hat=2.0575 m_true=2.0643 err=-0.33% | c_hat=[+0.0000,+0.0000] c_true=[+0.0000,+0.0000] | Jxx_hat=0.01420 Jxx_true=0.01420 Jyz_hat=+0.00000 Jyz_true=+0.00000 | s_hat=[+0.0001,-0.0000] s_true=[+0.0000,+0.0000] kg·m
[INFO] [1789058756.375482762] [mhe_node]: [tau_phys] roll=+0.000 pitch=+0.000 Nm
[INFO] [1789058756.376062865] [mhe_node]: [mass-diag] m_est=2.0575 T=20.314N tilt=0.29deg cos=0.99999 | T/g=2.0707 T*cos/g=2.0707 | m_est-T*cos/g=-0.0132kg (-0.64%) vz=-0.056
[INFO] [1789058756.376642800] [mhe_node]: [c_xy_est] cx=+0.0001 cy=-0.0000 m
[INFO] [1789058758.416487931] [mhe_node]: MHE mass estimate: 1.961 kg (T_phys=19.55N) | solve=17.7ms (max48.2)
[INFO] [1789058758.416871396] [mhe_node]: [truth] m_hat=1.9611 m_true=2.0643 err=-5.00% | c_hat=[+0.0000,+0.0000] c_true=[+0.0000,+0.0000] | Jxx_hat=0.01420 Jxx_true=0.01420 Jyz_hat=+0.00000 Jyz_true=+0.00000 | s_hat=[+0.0085,-0.0108] s_true=[+0.0000,+0.0000] kg·m
[INFO] [1789058758.417235652] [mhe_node]: [tau_phys] roll=-0.224 pitch=+0.069 Nm
[INFO] [1789058758.417644330] [mhe_node]: [mass-diag] m_est=1.9611 T=19.545N tilt=0.85deg cos=0.99989 | T/g=1.9924 T*cos/g=1.9922 | m_est-T*cos/g=-0.0311kg (-1.56%) vz=+0.003
[INFO] [1789058758.418044300] [mhe_node]: [c_xy_est] cx=+0.0044 cy=-0.0047 m
[WARN] [1789058759.338339770] [mhe_node]: MHE solve failed [status=2], skipping this window (streak 1)
[WARN] [1789058759.438932094] [mhe_node]: MHE solve failed [status=2], skipping this window (streak 2)
[WARN] [1789058759.838553554] [mhe_node]: MHE solve failed [status=2], skipping this window (streak 1)
[WARN] [1789058760.039853592] [mhe_node]: MHE solve failed [status=2], skipping this window (streak 1)
[WARN] [1789058760.338479054] [mhe_node]: MHE solve failed [status=2], skipping this window (streak 1)
[WARN] [1789058760.438820636] [mhe_node]: MHE solve failed [status=2], skipping this window (streak 2)
[WARN] [1789058760.538360363] [mhe_node]: MHE solve failed [status=2], skipping this window (streak 3)
[WARN] [1789058761.033601364] [mhe_node]: MHE solve failed [status=2], skipping this window (streak 1)
[INFO] [1789058761.203984718] [mhe_node]: MHE mass estimate: 1.961 kg (T_phys=22.94N) | solve=57.1ms (max71.9)
[INFO] [1789058761.204369977] [mhe_node]: [truth] m_hat=1.9611 m_true=2.0643 err=-5.00% | c_hat=[+0.0000,+0.0000] c_true=[+0.0000,+0.0000] | Jxx_hat=0.01420 Jxx_true=0.01420 Jyz_hat=+0.00000 Jyz_true=+0.00000 | s_hat=[+0.0082,-0.0140] s_true=[+0.0000,+0.0000] kg·m
[INFO] [1789058761.204728599] [mhe_node]: [tau_phys] roll=-0.168 pitch=+0.306 Nm
[INFO] [1789058761.205142201] [mhe_node]: [mass-diag] m_est=1.9611 T=22.935N tilt=0.17deg cos=1.00000 | T/g=2.3379 T*cos/g=2.3379 | m_est-T*cos/g=-0.3768kg (-16.12%) vz=+0.000
[INFO] [1789058761.205544993] [mhe_node]: [c_xy_est] cx=+0.0040 cy=-0.0060 m
[INFO] [1789058761.567737793] [mhe_node]: [no-signal] mass mutation self-detected at frame 170: T_phys=25.21N vs baseline 20.43N (dev 4.78N > 4.4N over 2 frames, direction=ATTACH); de-weighting pre-event stages
[INFO] [1789058761.567888708] [mhe_node]: [payload-state] EMPTY->LOADED (attach, m_p=-0.103kg)
[INFO] [1789058761.568658924] [mhe_node]: event transition started: pre-event stages de-weighted
[INFO] [1789058761.667684899] [mhe_node]: [s-collapse] moment 基准未就绪(窗口 2/20, 越界剔除 0) — 暂不判决
[WARN] [1789058761.766565986] [mhe_node]: MHE solve failed [status=2], skipping this window (streak 1)
[WARN] [1789058761.829491523] [mhe_node]: MHE solve failed [status=2], skipping this window (streak 2)
[INFO] [1789058762.667728998] [mhe_node]: [s-collapse] moment 基准未就绪(窗口 0/20, 越界剔除 0) — 暂不判决
[INFO] [1789058763.388022518] [mhe_node]: MHE mass estimate: 2.371 kg (T_phys=23.66N) | solve=22.8ms (max97.8)
[INFO] [1789058763.388582898] [mhe_node]: [truth] m_hat=2.3709 m_true=2.0643 err=+14.85% | c_hat=[+0.0000,+0.0000] c_true=[+0.0000,+0.0000] | Jxx_hat=0.01420 Jxx_true=0.01420 Jyz_hat=+0.00000 Jyz_true=+0.00000 | s_hat=[-0.0008,-0.0334] s_true=[+0.0000,+0.0000] kg·m
[INFO] [1789058763.389096576] [mhe_node]: [tau_phys] roll=-0.369 pitch=-0.671 Nm
[INFO] [1789058763.389678212] [mhe_node]: [mass-diag] m_est=2.3709 T=23.665N tilt=1.01deg cos=0.99985 | T/g=2.4123 T*cos/g=2.4119 | m_est-T*cos/g=-0.0410kg (-1.70%) vz=+1.057
[INFO] [1789058763.390260793] [mhe_node]: [c_xy_est] cx=+0.0034 cy=-0.0075 m
[INFO] [1789058763.468522698] [mhe_node]: event transition ended: nominal weights restored
[INFO] [1789058763.667634737] [mhe_node]: [s-collapse] moment 基准未就绪(窗口 1/20, 越界剔除 0) — 暂不判决
[INFO] [1789058763.867658431] [mhe_node]: [c_xy_est] 质量域判据已武装(m_p=0.303kg 连续20帧高于水位)
[INFO] [1789058764.667641810] [mhe_node]: [s-collapse] moment 基准未就绪(窗口 1/20, 越界剔除 0) — 暂不判决
[INFO] [1789058765.385025663] [mhe_node]: MHE mass estimate: 2.355 kg (T_phys=22.45N) | solve=14.1ms (max25.6)
[INFO] [1789058765.385587230] [mhe_node]: [truth] m_hat=2.3545 m_true=2.0643 err=+14.06% | c_hat=[+0.0000,+0.0000] c_true=[+0.0000,+0.0000] | Jxx_hat=0.01420 Jxx_true=0.01420 Jyz_hat=+0.00000 Jyz_true=+0.00000 | s_hat=[-0.0007,-0.0292] s_true=[+0.0000,+0.0000] kg·m
[INFO] [1789058765.386105200] [mhe_node]: [tau_phys] roll=-0.334 pitch=+0.880 Nm
[INFO] [1789058765.386688763] [mhe_node]: [mass-diag] m_est=2.3545 T=22.448N tilt=0.09deg cos=1.00000 | T/g=2.2883 T*cos/g=2.2883 | m_est-T*cos/g=+0.0662kg (+2.89%) vz=+1.126
[INFO] [1789058765.387272570] [mhe_node]: [c_xy_est] cx=+0.0034 cy=-0.0075 m
[INFO] [1789058765.667621996] [mhe_node]: [s-collapse] moment 基准未就绪(窗口 0/20, 越界剔除 0) — 暂不判决
[INFO] [1789058766.667629901] [mhe_node]: [s-collapse] moment 基准未就绪(窗口 0/20, 越界剔除 0) — 暂不判决
[INFO] [1789058767.385085875] [mhe_node]: MHE mass estimate: 2.327 kg (T_phys=22.11N) | solve=13.7ms (max24.4)
[INFO] [1789058767.385660858] [mhe_node]: [truth] m_hat=2.3267 m_true=2.0643 err=+12.71% | c_hat=[+0.0000,+0.0000] c_true=[+0.0000,+0.0000] | Jxx_hat=0.01420 Jxx_true=0.01420 Jyz_hat=+0.00000 Jyz_true=+0.00000 | s_hat=[+0.0015,-0.0287] s_true=[+0.0000,+0.0000] kg·m
[INFO] [1789058767.386188284] [mhe_node]: [tau_phys] roll=-0.369 pitch=+1.247 Nm
[INFO] [1789058767.386771604] [mhe_node]: [mass-diag] m_est=2.3267 T=22.115N tilt=0.83deg cos=0.99990 | T/g=2.2543 T*cos/g=2.2541 | m_est-T*cos/g=+0.0727kg (+3.22%) vz=+0.413
[INFO] [1789058767.387358412] [mhe_node]: [c_xy_est] cx=+0.0034 cy=-0.0075 m
[INFO] [1789058767.667753760] [mhe_node]: [s-collapse] moment 基准未就绪(窗口 0/20, 越界剔除 0) — 暂不判决
[INFO] [1789058768.667828204] [mhe_node]: [s-collapse] moment 基准未就绪(窗口 0/20, 越界剔除 0) — 暂不判决
[INFO] [1789058769.383136736] [mhe_node]: MHE mass estimate: 2.326 kg (T_phys=22.94N) | solve=15.0ms (max20.9)
[INFO] [1789058769.383535652] [mhe_node]: [truth] m_hat=2.3258 m_true=2.0643 err=+12.67% | c_hat=[+0.0000,+0.0000] c_true=[+0.0000,+0.0000] | Jxx_hat=0.01420 Jxx_true=0.01420 Jyz_hat=+0.00000 Jyz_true=+0.00000 | s_hat=[+0.0010,-0.0304] s_true=[+0.0000,+0.0000] kg·m
[INFO] [1789058769.383900778] [mhe_node]: [tau_phys] roll=-0.350 pitch=+0.883 Nm
[INFO] [1789058769.384313506] [mhe_node]: [mass-diag] m_est=2.3258 T=22.937N tilt=0.80deg cos=0.99990 | T/g=2.3381 T*cos/g=2.3379 | m_est-T*cos/g=-0.0121kg (-0.52%) vz=+0.005
[INFO] [1789058769.384710255] [mhe_node]: [c_xy_est] cx=+0.0034 cy=-0.0075 m
[INFO] [1789058769.667719407] [mhe_node]: [s-collapse] moment 基准未就绪(窗口 0/20, 越界剔除 0) — 暂不判决
[INFO] [1789058769.767681114] [mhe_node]: [no-signal] baseline settled at 22.62N (quiet 20 frames); detector armed
[INFO] [1789058770.667728497] [mhe_node]: [s-collapse] moment 基准未就绪(窗口 0/20, 越界剔除 0) — 暂不判决
[INFO] [1789058771.386523295] [mhe_node]: MHE mass estimate: 2.335 kg (T_phys=23.05N) | solve=14.7ms (max23.2)
[INFO] [1789058771.387082905] [mhe_node]: [truth] m_hat=2.3351 m_true=2.0643 err=+13.12% | c_hat=[+0.0000,+0.0000] c_true=[+0.0000,+0.0000] | Jxx_hat=0.01420 Jxx_true=0.01420 Jyz_hat=+0.00000 Jyz_true=+0.00000 | s_hat=[+0.0009,-0.0337] s_true=[+0.0000,+0.0000] kg·m
[INFO] [1789058771.387605664] [mhe_node]: [tau_phys] roll=-0.403 pitch=+0.529 Nm
[INFO] [1789058771.388193118] [mhe_node]: [mass-diag] m_est=2.3351 T=23.050N tilt=0.50deg cos=0.99996 | T/g=2.3497 T*cos/g=2.3496 | m_est-T*cos/g=-0.0145kg (-0.62%) vz=-0.010
[INFO] [1789058771.388771164] [mhe_node]: [c_xy_est] cx=+0.0034 cy=-0.0075 m
[INFO] [1789058771.667730036] [mhe_node]: [s-collapse] moment 基准未就绪(窗口 2/20, 越界剔除 0) — 暂不判决
[INFO] [1789058772.667707489] [mhe_node]: [s-collapse] moment 基准未就绪(窗口 12/20, 越界剔除 0) — 暂不判决
[INFO] [1789058773.379001509] [mhe_node]: MHE mass estimate: 2.345 kg (T_phys=23.11N) | solve=11.6ms (max22.3)
[INFO] [1789058773.379566700] [mhe_node]: [truth] m_hat=2.3450 m_true=2.0643 err=+13.60% | c_hat=[+0.0000,+0.0000] c_true=[+0.0000,+0.0000] | Jxx_hat=0.01420 Jxx_true=0.01420 Jyz_hat=+0.00000 Jyz_true=+0.00000 | s_hat=[-0.0004,-0.0351] s_true=[+0.0000,+0.0000] kg·m
[INFO] [1789058773.380086965] [mhe_node]: [tau_phys] roll=-0.367 pitch=+0.229 Nm
[INFO] [1789058773.380670130] [mhe_node]: [mass-diag] m_est=2.3450 T=23.114N tilt=0.17deg cos=1.00000 | T/g=2.3562 T*cos/g=2.3562 | m_est-T*cos/g=-0.0112kg (-0.47%) vz=+0.001
[INFO] [1789058773.381257946] [mhe_node]: [c_xy_est] cx=+0.0034 cy=-0.0075 m
[INFO] [1789058773.667649152] [mhe_node]: [s-collapse] moment 基准未就绪(窗口 0/20, 越界剔除 0) — 暂不判决
[INFO] [1789058774.667708664] [mhe_node]: [s-collapse] moment 基准未就绪(窗口 0/20, 越界剔除 0) — 暂不判决
[INFO] [1789058775.387594019] [mhe_node]: MHE mass estimate: 2.337 kg (T_phys=23.12N) | solve=12.7ms (max19.0)
[INFO] [1789058775.388187649] [mhe_node]: [truth] m_hat=2.3373 m_true=2.0643 err=+13.22% | c_hat=[+0.0000,+0.0000] c_true=[+0.0000,+0.0000] | Jxx_hat=0.01420 Jxx_true=0.01420 Jyz_hat=+0.00000 Jyz_true=+0.00000 | s_hat=[-0.0037,-0.0345] s_true=[+0.0000,+0.0000] kg·m
[INFO] [1789058775.388721994] [mhe_node]: [tau_phys] roll=-0.284 pitch=+0.431 Nm
[INFO] [1789058775.389309489] [mhe_node]: [mass-diag] m_est=2.3373 T=23.122N tilt=4.57deg cos=0.99682 | T/g=2.3570 T*cos/g=2.3495 | m_est-T*cos/g=-0.0122kg (-0.52%) vz=+0.056
[INFO] [1789058775.389890876] [mhe_node]: [c_xy_est] cx=+0.0034 cy=-0.0075 m
[INFO] [1789058775.667824545] [mhe_node]: [s-collapse] moment 基准未就绪(窗口 0/20, 越界剔除 0) — 暂不判决
[INFO] [1789058776.667783673] [mhe_node]: [s-collapse] moment 基准未就绪(窗口 0/20, 越界剔除 0) — 暂不判决
[INFO] [1789058777.381024614] [mhe_node]: MHE mass estimate: 2.333 kg (T_phys=23.06N) | solve=13.6ms (max21.0)
[INFO] [1789058777.381593312] [mhe_node]: [truth] m_hat=2.3325 m_true=2.0643 err=+12.99% | c_hat=[+0.0000,+0.0000] c_true=[+0.0000,+0.0000] | Jxx_hat=0.01420 Jxx_true=0.01420 Jyz_hat=+0.00000 Jyz_true=+0.00000 | s_hat=[-0.0314,-0.0333] s_true=[+0.0000,+0.0000] kg·m
[INFO] [1789058777.382126872] [mhe_node]: [tau_phys] roll=-0.291 pitch=+0.191 Nm
[INFO] [1789058777.382709281] [mhe_node]: [mass-diag] m_est=2.3325 T=23.063N tilt=6.45deg cos=0.99367 | T/g=2.3510 T*cos/g=2.3361 | m_est-T*cos/g=-0.0036kg (-0.15%) vz=+0.176
[INFO] [1789058777.383289104] [mhe_node]: [c_xy_est] cx=+0.0034 cy=-0.0075 m
[WARN] [1789058777.667816180] [mhe_node]: [s-collapse] |s|=0.04650 > 物理上限 0.039 — 动态失真,不参与 moment 投票(本轮累计 9 帧)
[WARN] [1789058778.667702703] [mhe_node]: [s-collapse] |s|=0.05074 > 物理上限 0.039 — 动态失真,不参与 moment 投票(本轮累计 19 帧)
[INFO] [1789058779.379168847] [mhe_node]: MHE mass estimate: 2.327 kg (T_phys=22.67N) | solve=9.8ms (max18.8)
[INFO] [1789058779.379726008] [mhe_node]: [truth] m_hat=2.3267 m_true=2.0643 err=+12.71% | c_hat=[+0.0000,+0.0000] c_true=[+0.0000,+0.0000] | Jxx_hat=0.01420 Jxx_true=0.01420 Jyz_hat=+0.00000 Jyz_true=+0.00000 | s_hat=[-0.0422,-0.0336] s_true=[+0.0000,+0.0000] kg·m
[INFO] [1789058779.380239987] [mhe_node]: [tau_phys] roll=-0.301 pitch=+0.402 Nm
[INFO] [1789058779.380814677] [mhe_node]: [mass-diag] m_est=2.3267 T=22.665N tilt=6.64deg cos=0.99329 | T/g=2.3104 T*cos/g=2.2949 | m_est-T*cos/g=+0.0318kg (+1.39%) vz=+0.094
[INFO] [1789058779.381396315] [mhe_node]: [c_xy_est] cx=+0.0034 cy=-0.0075 m
[WARN] [1789058779.667721516] [mhe_node]: [s-collapse] |s|=0.05388 > 物理上限 0.039 — 动态失真,不参与 moment 投票(本轮累计 29 帧)
[WARN] [1789058780.667756739] [mhe_node]: [s-collapse] |s|=0.04742 > 物理上限 0.039 — 动态失真,不参与 moment 投票(本轮累计 39 帧)
[INFO] [1789058781.390149729] [mhe_node]: MHE mass estimate: 2.334 kg (T_phys=23.26N) | solve=12.7ms (max21.6)
[INFO] [1789058781.390839633] [mhe_node]: [truth] m_hat=2.3336 m_true=2.0643 err=+13.04% | c_hat=[+0.0000,+0.0000] c_true=[+0.0000,+0.0000] | Jxx_hat=0.01420 Jxx_true=0.01420 Jyz_hat=+0.00000 Jyz_true=+0.00000 | s_hat=[-0.0229,-0.0325] s_true=[+0.0000,+0.0000] kg·m
[INFO] [1789058781.391366438] [mhe_node]: [tau_phys] roll=-0.086 pitch=+0.493 Nm
[INFO] [1789058781.391951697] [mhe_node]: [mass-diag] m_est=2.3336 T=23.257N tilt=11.68deg cos=0.97930 | T/g=2.3707 T*cos/g=2.3217 | m_est-T*cos/g=+0.0119kg (+0.51%) vz=-0.111
[INFO] [1789058781.392536582] [mhe_node]: [c_xy_est] cx=+0.0034 cy=-0.0075 m
[INFO] [1789058781.667707867] [mhe_node]: [s-collapse] moment 基准未就绪(窗口 0/20, 越界剔除 48) — 暂不判决
[WARN] [1789058782.667736461] [mhe_node]: [s-collapse] |s|=0.04066 > 物理上限 0.039 — 动态失真,不参与 moment 投票(本轮累计 49 帧)
[INFO] [1789058783.388772322] [mhe_node]: MHE mass estimate: 2.285 kg (T_phys=22.82N) | solve=18.0ms (max24.1)
[INFO] [1789058783.389332762] [mhe_node]: [truth] m_hat=2.2846 m_true=2.0643 err=+10.67% | c_hat=[+0.0000,+0.0000] c_true=[+0.0000,+0.0000] | Jxx_hat=0.01420 Jxx_true=0.01420 Jyz_hat=+0.00000 Jyz_true=+0.00000 | s_hat=[-0.0456,-0.0314] s_true=[+0.0000,+0.0000] kg·m
[INFO] [1789058783.389847947] [mhe_node]: [tau_phys] roll=-0.268 pitch=+0.508 Nm
[INFO] [1789058783.390436497] [mhe_node]: [mass-diag] m_est=2.2846 T=22.821N tilt=8.28deg cos=0.98959 | T/g=2.3263 T*cos/g=2.3021 | m_est-T*cos/g=-0.0175kg (-0.76%) vz=-0.255
[INFO] [1789058783.391015741] [mhe_node]: [c_xy_est] cx=+0.0034 cy=-0.0075 m
[WARN] [1789058783.667724446] [mhe_node]: [s-collapse] |s|=0.05631 > 物理上限 0.039 — 动态失真,不参与 moment 投票(本轮累计 59 帧)
[WARN] [1789058784.667877905] [mhe_node]: [s-collapse] |s|=0.05066 > 物理上限 0.039 — 动态失真,不参与 moment 投票(本轮累计 69 帧)
[INFO] [1789058785.375838398] [mhe_node]: MHE mass estimate: 2.309 kg (T_phys=22.85N) | solve=14.6ms (max25.9)
[INFO] [1789058785.376396491] [mhe_node]: [truth] m_hat=2.3091 m_true=2.0643 err=+11.86% | c_hat=[+0.0000,+0.0000] c_true=[+0.0000,+0.0000] | Jxx_hat=0.01420 Jxx_true=0.01420 Jyz_hat=+0.00000 Jyz_true=+0.00000 | s_hat=[-0.0370,-0.0320] s_true=[+0.0000,+0.0000] kg·m
[INFO] [1789058785.376919379] [mhe_node]: [tau_phys] roll=-0.320 pitch=+0.553 Nm
[INFO] [1789058785.377503808] [mhe_node]: [mass-diag] m_est=2.3091 T=22.848N tilt=2.90deg cos=0.99872 | T/g=2.3291 T*cos/g=2.3261 | m_est-T*cos/g=-0.0169kg (-0.73%) vz=-0.228
[INFO] [1789058785.378071150] [mhe_node]: [c_xy_est] cx=+0.0034 cy=-0.0075 m
[WARN] [1789058785.667731580] [mhe_node]: [s-collapse] |s|=0.05008 > 物理上限 0.039 — 动态失真,不参与 moment 投票(本轮累计 79 帧)
[WARN] [1789058786.667770474] [mhe_node]: [s-collapse] |s|=0.05871 > 物理上限 0.039 — 动态失真,不参与 moment 投票(本轮累计 89 帧)
[INFO] [1789058787.382899464] [mhe_node]: MHE mass estimate: 2.306 kg (T_phys=23.37N) | solve=12.6ms (max17.4)
[INFO] [1789058787.383459973] [mhe_node]: [truth] m_hat=2.3060 m_true=2.0643 err=+11.71% | c_hat=[+0.0000,+0.0000] c_true=[+0.0000,+0.0000] | Jxx_hat=0.01420 Jxx_true=0.01420 Jyz_hat=+0.00000 Jyz_true=+0.00000 | s_hat=[-0.0325,-0.0324] s_true=[+0.0000,+0.0000] kg·m
[INFO] [1789058787.383977640] [mhe_node]: [tau_phys] roll=-0.378 pitch=+0.347 Nm
[INFO] [1789058787.384571043] [mhe_node]: [mass-diag] m_est=2.3060 T=23.373N tilt=9.98deg cos=0.98486 | T/g=2.3826 T*cos/g=2.3465 | m_est-T*cos/g=-0.0405kg (-1.73%) vz=-0.140
[INFO] [1789058787.385152894] [mhe_node]: [c_xy_est] cx=+0.0034 cy=-0.0075 m
[WARN] [1789058787.667715928] [mhe_node]: [s-collapse] |s|=0.04564 > 物理上限 0.039 — 动态失真,不参与 moment 投票(本轮累计 99 帧)
[WARN] [1789058788.667733799] [mhe_node]: [s-collapse] |s|=0.05270 > 物理上限 0.039 — 动态失真,不参与 moment 投票(本轮累计 109 帧)
[INFO] [1789058789.382197377] [mhe_node]: MHE mass estimate: 2.320 kg (T_phys=23.20N) | solve=13.7ms (max22.1)
[INFO] [1789058789.382779780] [mhe_node]: [truth] m_hat=2.3201 m_true=2.0643 err=+12.39% | c_hat=[+0.0000,+0.0000] c_true=[+0.0000,+0.0000] | Jxx_hat=0.01420 Jxx_true=0.01420 Jyz_hat=+0.00000 Jyz_true=+0.00000 | s_hat=[-0.0359,-0.0362] s_true=[+0.0000,+0.0000] kg·m
[INFO] [1789058789.383304095] [mhe_node]: [tau_phys] roll=-0.391 pitch=+0.085 Nm
[INFO] [1789058789.383885785] [mhe_node]: [mass-diag] m_est=2.3201 T=23.204N tilt=7.04deg cos=0.99246 | T/g=2.3653 T*cos/g=2.3475 | m_est-T*cos/g=-0.0274kg (-1.17%) vz=-0.072
[INFO] [1789058789.384470765] [mhe_node]: [c_xy_est] cx=+0.0034 cy=-0.0075 m
[WARN] [1789058789.667778947] [mhe_node]: [s-collapse] |s|=0.05005 > 物理上限 0.039 — 动态失真,不参与 moment 投票(本轮累计 119 帧)
[WARN] [1789058790.667715860] [mhe_node]: [s-collapse] |s|=0.05128 > 物理上限 0.039 — 动态失真,不参与 moment 投票(本轮累计 129 帧)
[INFO] [1789058791.375075289] [mhe_node]: MHE mass estimate: 2.333 kg (T_phys=23.37N) | solve=13.4ms (max23.5)
[INFO] [1789058791.375642565] [mhe_node]: [truth] m_hat=2.3326 m_true=2.0643 err=+12.99% | c_hat=[+0.0000,+0.0000] c_true=[+0.0000,+0.0000] | Jxx_hat=0.01420 Jxx_true=0.01420 Jyz_hat=+0.00000 Jyz_true=+0.00000 | s_hat=[-0.0367,-0.0361] s_true=[+0.0000,+0.0000] kg·m
[INFO] [1789058791.376162926] [mhe_node]: [tau_phys] roll=-0.376 pitch=+0.292 Nm
[INFO] [1789058791.376744582] [mhe_node]: [mass-diag] m_est=2.3326 T=23.370N tilt=6.99deg cos=0.99258 | T/g=2.3823 T*cos/g=2.3646 | m_est-T*cos/g=-0.0320kg (-1.36%) vz=+0.089
[INFO] [1789058791.377329638] [mhe_node]: [c_xy_est] cx=+0.0034 cy=-0.0075 m
[WARN] [1789058791.667753916] [mhe_node]: [s-collapse] |s|=0.05139 > 物理上限 0.039 — 动态失真,不参与 moment 投票(本轮累计 139 帧)
[WARN] [1789058792.667936946] [mhe_node]: [s-collapse] |s|=0.05324 > 物理上限 0.039 — 动态失真,不参与 moment 投票(本轮累计 149 帧)
[INFO] [1789058793.381344061] [mhe_node]: MHE mass estimate: 2.332 kg (T_phys=23.25N) | solve=9.4ms (max12.9)
[INFO] [1789058793.381908830] [mhe_node]: [truth] m_hat=2.3324 m_true=2.0643 err=+12.99% | c_hat=[+0.0000,+0.0000] c_true=[+0.0000,+0.0000] | Jxx_hat=0.01420 Jxx_true=0.01420 Jyz_hat=+0.00000 Jyz_true=+0.00000 | s_hat=[-0.0389,-0.0384] s_true=[+0.0000,+0.0000] kg·m
[INFO] [1789058793.382429217] [mhe_node]: [tau_phys] roll=-0.314 pitch=+0.487 Nm
[INFO] [1789058793.383016381] [mhe_node]: [mass-diag] m_est=2.3324 T=23.248N tilt=9.98deg cos=0.98487 | T/g=2.3698 T*cos/g=2.3340 | m_est-T*cos/g=-0.0016kg (-0.07%) vz=+0.210
[INFO] [1789058793.383600778] [mhe_node]: [c_xy_est] cx=+0.0034 cy=-0.0075 m
[WARN] [1789058793.667819430] [mhe_node]: [s-collapse] |s|=0.05545 > 物理上限 0.039 — 动态失真,不参与 moment 投票(本轮累计 159 帧)
[INFO] [1789058794.667779865] [mhe_node]: [s-collapse] moment 基准未就绪(窗口 0/20, 越界剔除 166) — 暂不判决
[INFO] [1789058795.375456775] [mhe_node]: MHE mass estimate: 2.326 kg (T_phys=22.99N) | solve=18.1ms (max30.0)
[INFO] [1789058795.375864002] [mhe_node]: [truth] m_hat=2.3258 m_true=2.0643 err=+12.67% | c_hat=[+0.0000,+0.0000] c_true=[+0.0000,+0.0000] | Jxx_hat=0.01420 Jxx_true=0.01420 Jyz_hat=+0.00000 Jyz_true=+0.00000 | s_hat=[-0.0048,-0.0311] s_true=[+0.0000,+0.0000] kg·m
[INFO] [1789058795.376228515] [mhe_node]: [tau_phys] roll=-0.368 pitch=+0.216 Nm
[INFO] [1789058795.376638141] [mhe_node]: [mass-diag] m_est=2.3258 T=22.989N tilt=3.85deg cos=0.99774 | T/g=2.3434 T*cos/g=2.3381 | m_est-T*cos/g=-0.0124kg (-0.53%) vz=+0.226
[INFO] [1789058795.377041734] [mhe_node]: [c_xy_est] cx=+0.0034 cy=-0.0075 m
[INFO] [1789058795.667700526] [mhe_node]: [s-collapse] moment 基准未就绪(窗口 0/20, 越界剔除 166) — 暂不判决
[INFO] [1789058796.667773602] [mhe_node]: [s-collapse] moment 基准未就绪(窗口 0/20, 越界剔除 166) — 暂不判决
[INFO] [1789058797.377559156] [mhe_node]: MHE mass estimate: 2.328 kg (T_phys=23.26N) | solve=11.4ms (max16.7)
[INFO] [1789058797.378123430] [mhe_node]: [truth] m_hat=2.3280 m_true=2.0643 err=+12.77% | c_hat=[+0.0000,+0.0000] c_true=[+0.0000,+0.0000] | Jxx_hat=0.01420 Jxx_true=0.01420 Jyz_hat=+0.00000 Jyz_true=+0.00000 | s_hat=[-0.0071,-0.0353] s_true=[+0.0000,+0.0000] kg·m
[INFO] [1789058797.378637251] [mhe_node]: [tau_phys] roll=-0.370 pitch=+0.463 Nm
[INFO] [1789058797.379217951] [mhe_node]: [mass-diag] m_est=2.3280 T=23.259N tilt=6.56deg cos=0.99346 | T/g=2.3709 T*cos/g=2.3554 | m_est-T*cos/g=-0.0275kg (-1.17%) vz=+0.201
[INFO] [1789058797.379792600] [mhe_node]: [c_xy_est] cx=+0.0034 cy=-0.0075 m
[INFO] [1789058797.667775534] [mhe_node]: [s-collapse] moment 基准未就绪(窗口 0/20, 越界剔除 166) — 暂不判决
[INFO] [1789058798.667783283] [mhe_node]: [s-collapse] moment 基准未就绪(窗口 0/20, 越界剔除 166) — 暂不判决
[INFO] [1789058799.389181618] [mhe_node]: MHE mass estimate: 2.313 kg (T_phys=22.64N) | solve=15.3ms (max21.0)
[INFO] [1789058799.389867797] [mhe_node]: [truth] m_hat=2.3134 m_true=2.0643 err=+12.07% | c_hat=[+0.0000,+0.0000] c_true=[+0.0000,+0.0000] | Jxx_hat=0.01420 Jxx_true=0.01420 Jyz_hat=+0.00000 Jyz_true=+0.00000 | s_hat=[-0.0006,-0.0338] s_true=[+0.0000,+0.0000] kg·m
[INFO] [1789058799.390391579] [mhe_node]: [tau_phys] roll=-0.423 pitch=+0.800 Nm
[INFO] [1789058799.390975950] [mhe_node]: [mass-diag] m_est=2.3134 T=22.637N tilt=8.75deg cos=0.98835 | T/g=2.3076 T*cos/g=2.2807 | m_est-T*cos/g=+0.0327kg (+1.43%) vz=+0.122
[INFO] [1789058799.391553816] [mhe_node]: [c_xy_est] cx=+0.0034 cy=-0.0075 m
[INFO] [1789058799.667765574] [mhe_node]: [s-collapse] moment 基准未就绪(窗口 0/20, 越界剔除 166) — 暂不判决
[INFO] [1789058800.667763026] [mhe_node]: [s-collapse] moment 基准未就绪(窗口 0/20, 越界剔除 166) — 暂不判决
[INFO] [1789058801.385827328] [mhe_node]: MHE mass estimate: 2.274 kg (T_phys=22.17N) | solve=19.4ms (max26.2)
[INFO] [1789058801.386392819] [mhe_node]: [truth] m_hat=2.2737 m_true=2.0643 err=+10.14% | c_hat=[+0.0000,+0.0000] c_true=[+0.0000,+0.0000] | Jxx_hat=0.01420 Jxx_true=0.01420 Jyz_hat=+0.00000 Jyz_true=+0.00000 | s_hat=[-0.0025,-0.0270] s_true=[+0.0000,+0.0000] kg·m
[INFO] [1789058801.386911880] [mhe_node]: [tau_phys] roll=-0.397 pitch=-0.067 Nm
[INFO] [1789058801.387499006] [mhe_node]: [mass-diag] m_est=2.2737 T=22.172N tilt=4.53deg cos=0.99687 | T/g=2.2601 T*cos/g=2.2531 | m_est-T*cos/g=+0.0206kg (+0.92%) vz=-0.020
[INFO] [1789058801.388088327] [mhe_node]: [c_xy_est] cx=+0.0034 cy=-0.0075 m
[INFO] [1789058801.667741776] [mhe_node]: [s-collapse] moment 基准未就绪(窗口 0/20, 越界剔除 166) — 暂不判决
[INFO] [1789058802.667808766] [mhe_node]: [s-collapse] moment 基准未就绪(窗口 0/20, 越界剔除 166) — 暂不判决
[INFO] [1789058803.384744127] [mhe_node]: MHE mass estimate: 2.321 kg (T_phys=23.06N) | solve=16.5ms (max23.0)
[INFO] [1789058803.385310138] [mhe_node]: [truth] m_hat=2.3210 m_true=2.0643 err=+12.44% | c_hat=[+0.0000,+0.0000] c_true=[+0.0000,+0.0000] | Jxx_hat=0.01420 Jxx_true=0.01420 Jyz_hat=+0.00000 Jyz_true=+0.00000 | s_hat=[-0.0021,-0.0323] s_true=[+0.0000,+0.0000] kg·m
[INFO] [1789058803.385829709] [mhe_node]: [tau_phys] roll=-0.448 pitch=+0.207 Nm
[INFO] [1789058803.386416877] [mhe_node]: [mass-diag] m_est=2.3210 T=23.063N tilt=9.50deg cos=0.98630 | T/g=2.3510 T*cos/g=2.3187 | m_est-T*cos/g=+0.0023kg (+0.10%) vz=-0.123
[INFO] [1789058803.386995149] [mhe_node]: [c_xy_est] cx=+0.0034 cy=-0.0075 m
[INFO] [1789058803.667802396] [mhe_node]: [s-collapse] moment 基准未就绪(窗口 0/20, 越界剔除 166) — 暂不判决
[INFO] [1789058804.667718807] [mhe_node]: [s-collapse] moment 基准未就绪(窗口 0/20, 越界剔除 166) — 暂不判决
[INFO] [1789058805.387991623] [mhe_node]: MHE mass estimate: 2.318 kg (T_phys=22.64N) | solve=15.0ms (max20.5)
[INFO] [1789058805.388561164] [mhe_node]: [truth] m_hat=2.3176 m_true=2.0643 err=+12.27% | c_hat=[+0.0000,+0.0000] c_true=[+0.0000,+0.0000] | Jxx_hat=0.01420 Jxx_true=0.01420 Jyz_hat=+0.00000 Jyz_true=+0.00000 | s_hat=[+0.0002,-0.0328] s_true=[+0.0000,+0.0000] kg·m
[INFO] [1789058805.389076617] [mhe_node]: [tau_phys] roll=-0.391 pitch=-0.931 Nm
[INFO] [1789058805.389659759] [mhe_node]: [mass-diag] m_est=2.3176 T=22.638N tilt=8.06deg cos=0.99011 | T/g=2.3077 T*cos/g=2.2848 | m_est-T*cos/g=+0.0328kg (+1.44%) vz=-0.181
[INFO] [1789058805.390239089] [mhe_node]: [c_xy_est] cx=+0.0034 cy=-0.0075 m
[INFO] [1789058805.667737704] [mhe_node]: [s-collapse] moment 基准未就绪(窗口 0/20, 越界剔除 166) — 暂不判决
[INFO] [1789058806.667761002] [mhe_node]: [s-collapse] moment 基准未就绪(窗口 0/20, 越界剔除 166) — 暂不判决
[INFO] [1789058807.387056117] [mhe_node]: MHE mass estimate: 2.300 kg (T_phys=22.96N) | solve=16.2ms (max24.1)
[INFO] [1789058807.387625378] [mhe_node]: [truth] m_hat=2.3003 m_true=2.0643 err=+11.43% | c_hat=[+0.0000,+0.0000] c_true=[+0.0000,+0.0000] | Jxx_hat=0.01420 Jxx_true=0.01420 Jyz_hat=+0.00000 Jyz_true=+0.00000 | s_hat=[-0.0069,-0.0271] s_true=[+0.0000,+0.0000] kg·m
[INFO] [1789058807.388142331] [mhe_node]: [tau_phys] roll=-0.313 pitch=-0.965 Nm
[INFO] [1789058807.388722898] [mhe_node]: [mass-diag] m_est=2.3003 T=22.955N tilt=2.04deg cos=0.99937 | T/g=2.3400 T*cos/g=2.3385 | m_est-T*cos/g=-0.0382kg (-1.63%) vz=-0.235
[INFO] [1789058807.389305088] [mhe_node]: [c_xy_est] cx=+0.0034 cy=-0.0075 m
[INFO] [1789058807.667795678] [mhe_node]: [s-collapse] moment 基准未就绪(窗口 0/20, 越界剔除 166) — 暂不判决
[INFO] [1789058808.667731149] [mhe_node]: [s-collapse] moment 基准未就绪(窗口 0/20, 越界剔除 166) — 暂不判决
[INFO] [1789058809.375712236] [mhe_node]: MHE mass estimate: 2.322 kg (T_phys=23.65N) | solve=15.4ms (max24.5)
[INFO] [1789058809.376126041] [mhe_node]: [truth] m_hat=2.3220 m_true=2.0643 err=+12.48% | c_hat=[+0.0000,+0.0000] c_true=[+0.0000,+0.0000] | Jxx_hat=0.01420 Jxx_true=0.01420 Jyz_hat=+0.00000 Jyz_true=+0.00000 | s_hat=[-0.0129,-0.0266] s_true=[+0.0000,+0.0000] kg·m
[INFO] [1789058809.376491525] [mhe_node]: [tau_phys] roll=-0.140 pitch=-0.752 Nm
[INFO] [1789058809.376920273] [mhe_node]: [mass-diag] m_est=2.3220 T=23.647N tilt=9.48deg cos=0.98634 | T/g=2.4105 T*cos/g=2.3776 | m_est-T*cos/g=-0.0557kg (-2.34%) vz=-0.176
[INFO] [1789058809.377340567] [mhe_node]: [c_xy_est] cx=+0.0034 cy=-0.0075 m
[INFO] [1789058809.667817270] [mhe_node]: [s-collapse] moment 基准未就绪(窗口 0/20, 越界剔除 166) — 暂不判决
[INFO] [1789058810.667790507] [mhe_node]: [s-collapse] moment 基准未就绪(窗口 0/20, 越界剔除 166) — 暂不判决
[INFO] [1789058811.387594360] [mhe_node]: MHE mass estimate: 2.321 kg (T_phys=23.04N) | solve=14.2ms (max20.0)
[INFO] [1789058811.388157244] [mhe_node]: [truth] m_hat=2.3214 m_true=2.0643 err=+12.46% | c_hat=[+0.0000,+0.0000] c_true=[+0.0000,+0.0000] | Jxx_hat=0.01420 Jxx_true=0.01420 Jyz_hat=+0.00000 Jyz_true=+0.00000 | s_hat=[-0.0012,-0.0279] s_true=[+0.0000,+0.0000] kg·m
[INFO] [1789058811.388677060] [mhe_node]: [tau_phys] roll=-0.309 pitch=+0.658 Nm
[INFO] [1789058811.389257923] [mhe_node]: [mass-diag] m_est=2.3214 T=23.036N tilt=7.31deg cos=0.99188 | T/g=2.3482 T*cos/g=2.3292 | m_est-T*cos/g=-0.0078kg (-0.33%) vz=-0.027
[INFO] [1789058811.389837306] [mhe_node]: [c_xy_est] cx=+0.0034 cy=-0.0075 m
[INFO] [1789058811.667706807] [mhe_node]: [s-collapse] moment 基准未就绪(窗口 0/20, 越界剔除 166) — 暂不判决
[INFO] [1789058812.667729867] [mhe_node]: [s-collapse] moment 基准未就绪(窗口 0/20, 越界剔除 166) — 暂不判决
[INFO] [1789058813.394992293] [mhe_node]: MHE mass estimate: 2.303 kg (T_phys=23.02N) | solve=15.7ms (max26.3)
[INFO] [1789058813.395552422] [mhe_node]: [truth] m_hat=2.3029 m_true=2.0643 err=+11.56% | c_hat=[+0.0000,+0.0000] c_true=[+0.0000,+0.0000] | Jxx_hat=0.01420 Jxx_true=0.01420 Jyz_hat=+0.00000 Jyz_true=+0.00000 | s_hat=[-0.0161,-0.0259] s_true=[+0.0000,+0.0000] kg·m
[INFO] [1789058813.396067283] [mhe_node]: [tau_phys] roll=-0.439 pitch=+1.151 Nm
[INFO] [1789058813.396647988] [mhe_node]: [mass-diag] m_est=2.3029 T=23.017N tilt=6.03deg cos=0.99447 | T/g=2.3463 T*cos/g=2.3333 | m_est-T*cos/g=-0.0304kg (-1.30%) vz=+0.059
[INFO] [1789058813.397231198] [mhe_node]: [c_xy_est] cx=+0.0034 cy=-0.0075 m
[INFO] [1789058813.667748024] [mhe_node]: [s-collapse] moment 基准未就绪(窗口 0/20, 越界剔除 166) — 暂不判决
[INFO] [1789058814.667798126] [mhe_node]: [s-collapse] moment 基准未就绪(窗口 0/20, 越界剔除 166) — 暂不判决
[INFO] [1789058815.382561235] [mhe_node]: MHE mass estimate: 2.317 kg (T_phys=23.10N) | solve=14.8ms (max20.8)
[INFO] [1789058815.383121349] [mhe_node]: [truth] m_hat=2.3171 m_true=2.0643 err=+12.24% | c_hat=[+0.0000,+0.0000] c_true=[+0.0000,+0.0000] | Jxx_hat=0.01420 Jxx_true=0.01420 Jyz_hat=+0.00000 Jyz_true=+0.00000 | s_hat=[-0.0050,-0.0233] s_true=[+0.0000,+0.0000] kg·m
[INFO] [1789058815.383637723] [mhe_node]: [tau_phys] roll=-0.188 pitch=+0.715 Nm
[INFO] [1789058815.384222367] [mhe_node]: [mass-diag] m_est=2.3171 T=23.099N tilt=9.72deg cos=0.98564 | T/g=2.3547 T*cos/g=2.3209 | m_est-T*cos/g=-0.0038kg (-0.16%) vz=+0.197
[INFO] [1789058815.384792541] [mhe_node]: [c_xy_est] cx=+0.0034 cy=-0.0075 m
[INFO] [1789058815.667775908] [mhe_node]: [s-collapse] moment 基准未就绪(窗口 0/20, 越界剔除 166) — 暂不判决
[INFO] [1789058816.667781223] [mhe_node]: [s-collapse] moment 基准未就绪(窗口 0/20, 越界剔除 166) — 暂不判决
[INFO] [1789058817.382687377] [mhe_node]: MHE mass estimate: 2.303 kg (T_phys=22.49N) | solve=14.0ms (max23.1)
[INFO] [1789058817.383371853] [mhe_node]: [truth] m_hat=2.3032 m_true=2.0643 err=+11.57% | c_hat=[+0.0000,+0.0000] c_true=[+0.0000,+0.0000] | Jxx_hat=0.01420 Jxx_true=0.01420 Jyz_hat=+0.00000 Jyz_true=+0.00000 | s_hat=[+0.0004,-0.0286] s_true=[+0.0000,+0.0000] kg·m
[INFO] [1789058817.383893345] [mhe_node]: [tau_phys] roll=-0.320 pitch=+0.213 Nm
[INFO] [1789058817.384479233] [mhe_node]: [mass-diag] m_est=2.3032 T=22.486N tilt=3.76deg cos=0.99785 | T/g=2.2922 T*cos/g=2.2872 | m_est-T*cos/g=+0.0159kg (+0.70%) vz=+0.245
[INFO] [1789058817.385059390] [mhe_node]: [c_xy_est] cx=+0.0034 cy=-0.0075 m
[INFO] [1789058817.667714048] [mhe_node]: [s-collapse] moment 基准未就绪(窗口 0/20, 越界剔除 166) — 暂不判决
[INFO] [1789058818.667778785] [mhe_node]: [s-collapse] moment 基准未就绪(窗口 0/20, 越界剔除 166) — 暂不判决
[INFO] [1789058819.383796603] [mhe_node]: MHE mass estimate: 2.322 kg (T_phys=23.19N) | solve=14.1ms (max18.8)
[INFO] [1789058819.384359110] [mhe_node]: [truth] m_hat=2.3224 m_true=2.0643 err=+12.50% | c_hat=[+0.0000,+0.0000] c_true=[+0.0000,+0.0000] | Jxx_hat=0.01420 Jxx_true=0.01420 Jyz_hat=+0.00000 Jyz_true=+0.00000 | s_hat=[-0.0057,-0.0347] s_true=[+0.0000,+0.0000] kg·m
[INFO] [1789058819.384881626] [mhe_node]: [tau_phys] roll=-0.441 pitch=-0.268 Nm
[INFO] [1789058819.385467703] [mhe_node]: [mass-diag] m_est=2.3224 T=23.192N tilt=5.93deg cos=0.99465 | T/g=2.3642 T*cos/g=2.3515 | m_est-T*cos/g=-0.0291kg (-1.24%) vz=+0.195
[INFO] [1789058819.386046434] [mhe_node]: [c_xy_est] cx=+0.0034 cy=-0.0075 m
[INFO] [1789058819.667706856] [mhe_node]: [s-collapse] moment 基准未就绪(窗口 0/20, 越界剔除 166) — 暂不判决
[INFO] [1789058820.667799738] [mhe_node]: [s-collapse] moment 基准未就绪(窗口 0/20, 越界剔除 166) — 暂不判决
[INFO] [1789058821.385995101] [mhe_node]: MHE mass estimate: 2.326 kg (T_phys=22.90N) | solve=13.0ms (max17.7)
[INFO] [1789058821.386561091] [mhe_node]: [truth] m_hat=2.3257 m_true=2.0643 err=+12.66% | c_hat=[+0.0000,+0.0000] c_true=[+0.0000,+0.0000] | Jxx_hat=0.01420 Jxx_true=0.01420 Jyz_hat=+0.00000 Jyz_true=+0.00000 | s_hat=[-0.0019,-0.0370] s_true=[+0.0000,+0.0000] kg·m
[INFO] [1789058821.387079508] [mhe_node]: [tau_phys] roll=-0.320 pitch=-0.581 Nm
[INFO] [1789058821.387662942] [mhe_node]: [mass-diag] m_est=2.3257 T=22.901N tilt=9.71deg cos=0.98566 | T/g=2.3344 T*cos/g=2.3010 | m_est-T*cos/g=+0.0247kg (+1.07%) vz=+0.136
[INFO] [1789058821.388258262] [mhe_node]: [c_xy_est] cx=+0.0034 cy=-0.0075 m
[INFO] [1789058821.667748730] [mhe_node]: [s-collapse] moment 基准未就绪(窗口 0/20, 越界剔除 166) — 暂不判决
[INFO] [1789058822.667713798] [mhe_node]: [s-collapse] moment 基准未就绪(窗口 0/20, 越界剔除 166) — 暂不判决
[INFO] [1789058823.374539094] [mhe_node]: MHE mass estimate: 2.318 kg (T_phys=22.94N) | solve=14.4ms (max18.8)
[INFO] [1789058823.374940116] [mhe_node]: [truth] m_hat=2.3185 m_true=2.0643 err=+12.31% | c_hat=[+0.0000,+0.0000] c_true=[+0.0000,+0.0000] | Jxx_hat=0.01420 Jxx_true=0.01420 Jyz_hat=+0.00000 Jyz_true=+0.00000 | s_hat=[-0.0030,-0.0349] s_true=[+0.0000,+0.0000] kg·m
[INFO] [1789058823.375304238] [mhe_node]: [tau_phys] roll=-0.349 pitch=+0.494 Nm
[INFO] [1789058823.375715055] [mhe_node]: [mass-diag] m_est=2.3185 T=22.942N tilt=5.13deg cos=0.99600 | T/g=2.3387 T*cos/g=2.3293 | m_est-T*cos/g=-0.0109kg (-0.47%) vz=-0.020
[INFO] [1789058823.376115077] [mhe_node]: [c_xy_est] cx=+0.0034 cy=-0.0075 m
[INFO] [1789058823.667703241] [mhe_node]: [s-collapse] moment 基准未就绪(窗口 0/20, 越界剔除 166) — 暂不判决
[INFO] [1789058824.667782275] [mhe_node]: [s-collapse] moment 基准未就绪(窗口 0/20, 越界剔除 166) — 暂不判决
[INFO] [1789058825.383241242] [mhe_node]: MHE mass estimate: 2.328 kg (T_phys=22.81N) | solve=13.5ms (max17.5)
[INFO] [1789058825.383798272] [mhe_node]: [truth] m_hat=2.3283 m_true=2.0643 err=+12.79% | c_hat=[+0.0000,+0.0000] c_true=[+0.0000,+0.0000] | Jxx_hat=0.01420 Jxx_true=0.01420 Jyz_hat=+0.00000 Jyz_true=+0.00000 | s_hat=[-0.0028,-0.0351] s_true=[+0.0000,+0.0000] kg·m
[INFO] [1789058825.384328099] [mhe_node]: [tau_phys] roll=-0.423 pitch=+0.318 Nm
[INFO] [1789058825.384914855] [mhe_node]: [mass-diag] m_est=2.3283 T=22.812N tilt=9.06deg cos=0.98752 | T/g=2.3254 T*cos/g=2.2964 | m_est-T*cos/g=+0.0319kg (+1.39%) vz=-0.089
[INFO] [1789058825.385499283] [mhe_node]: [c_xy_est] cx=+0.0034 cy=-0.0075 m
[INFO] [1789058825.667703723] [mhe_node]: [s-collapse] moment 基准未就绪(窗口 0/20, 越界剔除 166) — 暂不判决
[INFO] [1789058826.667773702] [mhe_node]: [s-collapse] moment 基准未就绪(窗口 0/20, 越界剔除 166) — 暂不判决
[INFO] [1789058827.390095860] [mhe_node]: MHE mass estimate: 2.302 kg (T_phys=23.28N) | solve=16.6ms (max21.9)
[INFO] [1789058827.390656082] [mhe_node]: [truth] m_hat=2.3016 m_true=2.0643 err=+11.49% | c_hat=[+0.0000,+0.0000] c_true=[+0.0000,+0.0000] | Jxx_hat=0.01420 Jxx_true=0.01420 Jyz_hat=+0.00000 Jyz_true=+0.00000 | s_hat=[-0.0017,-0.0302] s_true=[+0.0000,+0.0000] kg·m
[INFO] [1789058827.391177348] [mhe_node]: [tau_phys] roll=-0.392 pitch=-1.319 Nm
[INFO] [1789058827.391761821] [mhe_node]: [mass-diag] m_est=2.3016 T=23.278N tilt=8.78deg cos=0.98828 | T/g=2.3729 T*cos/g=2.3451 | m_est-T*cos/g=-0.0435kg (-1.85%) vz=-0.210
[INFO] [1789058827.392340616] [mhe_node]: [c_xy_est] cx=+0.0034 cy=-0.0075 m
[INFO] [1789058827.667723137] [mhe_node]: [s-collapse] moment 基准未就绪(窗口 0/20, 越界剔除 166) — 暂不判决
[INFO] [1789058828.667824061] [mhe_node]: [s-collapse] moment 基准未就绪(窗口 0/20, 越界剔除 166) — 暂不判决
[INFO] [1789058829.381561445] [mhe_node]: MHE mass estimate: 2.306 kg (T_phys=22.58N) | solve=18.1ms (max22.6)
[INFO] [1789058829.382123468] [mhe_node]: [truth] m_hat=2.3057 m_true=2.0643 err=+11.69% | c_hat=[+0.0000,+0.0000] c_true=[+0.0000,+0.0000] | Jxx_hat=0.01420 Jxx_true=0.01420 Jyz_hat=+0.00000 Jyz_true=+0.00000 | s_hat=[-0.0063,-0.0295] s_true=[+0.0000,+0.0000] kg·m
[INFO] [1789058829.382637721] [mhe_node]: [tau_phys] roll=-0.315 pitch=-0.681 Nm
[INFO] [1789058829.383217100] [mhe_node]: [mass-diag] m_est=2.3057 T=22.583N tilt=1.91deg cos=0.99945 | T/g=2.3020 T*cos/g=2.3007 | m_est-T*cos/g=+0.0050kg (+0.22%) vz=-0.222
[INFO] [1789058829.383792624] [mhe_node]: [c_xy_est] cx=+0.0034 cy=-0.0075 m
[INFO] [1789058829.667776046] [mhe_node]: [s-collapse] moment 基准未就绪(窗口 0/20, 越界剔除 166) — 暂不判决
[INFO] [1789058830.667795875] [mhe_node]: [s-collapse] moment 基准未就绪(窗口 0/20, 越界剔除 166) — 暂不判决
[INFO] [1789058831.382429782] [mhe_node]: MHE mass estimate: 2.316 kg (T_phys=23.35N) | solve=16.6ms (max33.5)
[INFO] [1789058831.382835265] [mhe_node]: [truth] m_hat=2.3160 m_true=2.0643 err=+12.19% | c_hat=[+0.0000,+0.0000] c_true=[+0.0000,+0.0000] | Jxx_hat=0.01420 Jxx_true=0.01420 Jyz_hat=+0.00000 Jyz_true=+0.00000 | s_hat=[-0.0113,-0.0255] s_true=[+0.0000,+0.0000] kg·m
[INFO] [1789058831.383199613] [mhe_node]: [tau_phys] roll=-0.343 pitch=+0.140 Nm
[INFO] [1789058831.383611089] [mhe_node]: [mass-diag] m_est=2.3160 T=23.346N tilt=8.81deg cos=0.98821 | T/g=2.3798 T*cos/g=2.3517 | m_est-T*cos/g=-0.0358kg (-1.52%) vz=-0.176
[INFO] [1789058831.384013802] [mhe_node]: [c_xy_est] cx=+0.0034 cy=-0.0075 m
[INFO] [1789058831.667731206] [mhe_node]: [s-collapse] moment 基准未就绪(窗口 0/20, 越界剔除 166) — 暂不判决
[INFO] [1789058832.667744314] [mhe_node]: [s-collapse] moment 基准未就绪(窗口 0/20, 越界剔除 166) — 暂不判决
[INFO] [1789058833.387025181] [mhe_node]: MHE mass estimate: 2.304 kg (T_phys=23.12N) | solve=15.0ms (max18.8)
[INFO] [1789058833.387591323] [mhe_node]: [truth] m_hat=2.3044 m_true=2.0643 err=+11.63% | c_hat=[+0.0000,+0.0000] c_true=[+0.0000,+0.0000] | Jxx_hat=0.01420 Jxx_true=0.01420 Jyz_hat=+0.00000 Jyz_true=+0.00000 | s_hat=[-0.0009,-0.0244] s_true=[+0.0000,+0.0000] kg·m
[INFO] [1789058833.388116305] [mhe_node]: [tau_phys] roll=-0.303 pitch=+1.030 Nm
[INFO] [1789058833.388700139] [mhe_node]: [mass-diag] m_est=2.3044 T=23.116N tilt=8.40deg cos=0.98926 | T/g=2.3563 T*cos/g=2.3310 | m_est-T*cos/g=-0.0267kg (-1.14%) vz=-0.045
[INFO] [1789058833.389283458] [mhe_node]: [c_xy_est] cx=+0.0034 cy=-0.0075 m
[INFO] [1789058833.667719127] [mhe_node]: [s-collapse] moment 基准未就绪(窗口 0/20, 越界剔除 166) — 暂不判决
[INFO] [1789058834.667791042] [mhe_node]: [s-collapse] moment 基准未就绪(窗口 0/20, 越界剔除 166) — 暂不判决
[INFO] [1789058835.411884419] [mhe_node]: MHE mass estimate: 1.961 kg (T_phys=18.51N) | solve=17.5ms (max43.2)
[INFO] [1789058835.412539127] [mhe_node]: [truth] m_hat=1.9611 m_true=2.0643 err=-5.00% | c_hat=[+0.0000,+0.0000] c_true=[+0.0000,+0.0000] | Jxx_hat=0.01420 Jxx_true=0.01420 Jyz_hat=+0.00000 Jyz_true=+0.00000 | s_hat=[-0.0009,-0.0107] s_true=[+0.0000,+0.0000] kg·m
[INFO] [1789058835.413054858] [mhe_node]: [tau_phys] roll=-0.087 pitch=-0.087 Nm
[INFO] [1789058835.413629676] [mhe_node]: [mass-diag] m_est=1.9611 T=18.507N tilt=4.48deg cos=0.99695 | T/g=1.8866 T*cos/g=1.8808 | m_est-T*cos/g=+0.0803kg (+4.27%) vz=+0.074
[INFO] [1789058835.414199574] [mhe_node]: [c_xy_est] cx=+0.0034 cy=-0.0075 m
[INFO] [1789058835.667704810] [mhe_node]: [s-collapse] moment 基准未就绪(窗口 0/20, 越界剔除 166) — 暂不判决
[INFO] [1789058836.667745513] [mhe_node]: [s-collapse] moment 基准未就绪(窗口 0/20, 越界剔除 166) — 暂不判决
[INFO] [1789058837.396123381] [mhe_node]: MHE mass estimate: 1.961 kg (T_phys=20.59N) | solve=31.3ms (max48.7)
[INFO] [1789058837.396654788] [mhe_node]: [truth] m_hat=1.9611 m_true=2.0643 err=-5.00% | c_hat=[+0.0000,+0.0000] c_true=[+0.0000,+0.0000] | Jxx_hat=0.01420 Jxx_true=0.01420 Jyz_hat=+0.00000 Jyz_true=+0.00000 | s_hat=[-0.0041,+0.0038] s_true=[+0.0000,+0.0000] kg·m
[INFO] [1789058837.397172388] [mhe_node]: [tau_phys] roll=+0.021 pitch=-0.062 Nm
[INFO] [1789058837.397752436] [mhe_node]: [mass-diag] m_est=1.9611 T=20.593N tilt=9.75deg cos=0.98554 | T/g=2.0992 T*cos/g=2.0688 | m_est-T*cos/g=-0.1077kg (-5.21%) vz=+0.133
[INFO] [1789058837.398332304] [mhe_node]: [c_xy_est] cx=+0.0034 cy=-0.0075 m
[INFO] [1789058837.667720491] [mhe_node]: [s-collapse] moment 基准未就绪(窗口 0/20, 越界剔除 166) — 暂不判决
[INFO] [1789058838.667723442] [mhe_node]: [s-collapse] moment 基准未就绪(窗口 0/20, 越界剔除 166) — 暂不判决
[INFO] [1789058839.374204590] [mhe_node]: MHE mass estimate: 2.038 kg (T_phys=20.18N) | solve=15.6ms (max38.6)
[INFO] [1789058839.374733423] [mhe_node]: [truth] m_hat=2.0385 m_true=2.0643 err=-1.25% | c_hat=[+0.0000,+0.0000] c_true=[+0.0000,+0.0000] | Jxx_hat=0.01420 Jxx_true=0.01420 Jyz_hat=+0.00000 Jyz_true=+0.00000 | s_hat=[+0.0046,+0.0015] s_true=[+0.0000,+0.0000] kg·m
[INFO] [1789058839.375249032] [mhe_node]: [tau_phys] roll=+0.008 pitch=+0.005 Nm
[INFO] [1789058839.375830541] [mhe_node]: [mass-diag] m_est=2.0385 T=20.181N tilt=5.43deg cos=0.99552 | T/g=2.0572 T*cos/g=2.0479 | m_est-T*cos/g=-0.0095kg (-0.46%) vz=+0.231
[INFO] [1789058839.376411880] [mhe_node]: [c_xy_est] cx=+0.0034 cy=-0.0075 m
[INFO] [1789058839.667706060] [mhe_node]: [s-collapse] moment 基准未就绪(窗口 0/20, 越界剔除 166) — 暂不判决
[INFO] [1789058840.667795802] [mhe_node]: [s-collapse] moment 基准未就绪(窗口 0/20, 越界剔除 166) — 暂不判决
[INFO] [1789058841.375269823] [mhe_node]: MHE mass estimate: 2.046 kg (T_phys=20.28N) | solve=8.5ms (max15.7)
[INFO] [1789058841.375804232] [mhe_node]: [truth] m_hat=2.0460 m_true=2.0643 err=-0.89% | c_hat=[+0.0000,+0.0000] c_true=[+0.0000,+0.0000] | Jxx_hat=0.01420 Jxx_true=0.01420 Jyz_hat=+0.00000 Jyz_true=+0.00000 | s_hat=[+0.0006,+0.0003] s_true=[+0.0000,+0.0000] kg·m
[INFO] [1789058841.376326027] [mhe_node]: [tau_phys] roll=-0.012 pitch=-0.008 Nm
[INFO] [1789058841.376931631] [mhe_node]: [mass-diag] m_est=2.0460 T=20.280N tilt=4.79deg cos=0.99651 | T/g=2.0673 T*cos/g=2.0601 | m_est-T*cos/g=-0.0141kg (-0.68%) vz=+0.206
[INFO] [1789058841.377516477] [mhe_node]: [c_xy_est] cx=+0.0034 cy=-0.0075 m
[INFO] [1789058841.667744393] [mhe_node]: [s-collapse] moment 基准未就绪(窗口 0/20, 越界剔除 166) — 暂不判决
[INFO] [1789058842.667743900] [mhe_node]: [s-collapse] moment 基准未就绪(窗口 0/20, 越界剔除 166) — 暂不判决
[INFO] [1789058843.384128154] [mhe_node]: MHE mass estimate: 2.052 kg (T_phys=20.36N) | solve=9.1ms (max15.8)
[INFO] [1789058843.384660363] [mhe_node]: [truth] m_hat=2.0523 m_true=2.0643 err=-0.58% | c_hat=[+0.0000,+0.0000] c_true=[+0.0000,+0.0000] | Jxx_hat=0.01420 Jxx_true=0.01420 Jyz_hat=+0.00000 Jyz_true=+0.00000 | s_hat=[-0.0002,-0.0015] s_true=[+0.0000,+0.0000] kg·m
[INFO] [1789058843.385179666] [mhe_node]: [tau_phys] roll=-0.011 pitch=-0.015 Nm
[INFO] [1789058843.385768353] [mhe_node]: [mass-diag] m_est=2.0523 T=20.359N tilt=9.49deg cos=0.98630 | T/g=2.0753 T*cos/g=2.0469 | m_est-T*cos/g=+0.0055kg (+0.27%) vz=+0.149
[INFO] [1789058843.386349951] [mhe_node]: [c_xy_est] cx=+0.0034 cy=-0.0075 m
[INFO] [1789058843.667684240] [mhe_node]: [s-collapse] moment 基准未就绪(窗口 0/20, 越界剔除 166) — 暂不判决
[INFO] [1789058844.667759042] [mhe_node]: [s-collapse] moment 基准未就绪(窗口 0/20, 越界剔除 166) — 暂不判决
[INFO] [1789058845.375752020] [mhe_node]: MHE mass estimate: 2.043 kg (T_phys=19.97N) | solve=9.5ms (max15.6)
[INFO] [1789058845.376137391] [mhe_node]: [truth] m_hat=2.0427 m_true=2.0643 err=-1.05% | c_hat=[+0.0000,+0.0000] c_true=[+0.0000,+0.0000] | Jxx_hat=0.01420 Jxx_true=0.01420 Jyz_hat=+0.00000 Jyz_true=+0.00000 | s_hat=[+0.0021,-0.0006] s_true=[+0.0000,+0.0000] kg·m
[INFO] [1789058845.376495054] [mhe_node]: [tau_phys] roll=-0.004 pitch=-0.011 Nm
[INFO] [1789058845.376916887] [mhe_node]: [mass-diag] m_est=2.0427 T=19.974N tilt=5.50deg cos=0.99539 | T/g=2.0361 T*cos/g=2.0267 | m_est-T*cos/g=+0.0160kg (+0.79%) vz=-0.006
[INFO] [1789058845.377319347] [mhe_node]: [c_xy_est] cx=+0.0034 cy=-0.0075 m
[INFO] [1789058845.667796111] [mhe_node]: [s-collapse] moment 基准未就绪(窗口 0/20, 越界剔除 166) — 暂不判决
[INFO] [1789058846.667764581] [mhe_node]: [s-collapse] moment 基准未就绪(窗口 0/20, 越界剔除 166) — 暂不判决
[INFO] [1789058847.373906747] [mhe_node]: MHE mass estimate: 2.059 kg (T_phys=20.37N) | solve=6.4ms (max10.1)
[INFO] [1789058847.374446895] [mhe_node]: [truth] m_hat=2.0591 m_true=2.0643 err=-0.25% | c_hat=[+0.0000,+0.0000] c_true=[+0.0000,+0.0000] | Jxx_hat=0.01420 Jxx_true=0.01420 Jyz_hat=+0.00000 Jyz_true=+0.00000 | s_hat=[-0.0003,-0.0006] s_true=[+0.0000,+0.0000] kg·m
[INFO] [1789058847.374957585] [mhe_node]: [tau_phys] roll=-0.025 pitch=-0.002 Nm
[INFO] [1789058847.375532659] [mhe_node]: [mass-diag] m_est=2.0591 T=20.372N tilt=8.39deg cos=0.98930 | T/g=2.0767 T*cos/g=2.0544 | m_est-T*cos/g=+0.0046kg (+0.23%) vz=-0.105
[INFO] [1789058847.376115873] [mhe_node]: [c_xy_est] cx=+0.0034 cy=-0.0075 m
[INFO] [1789058847.667695372] [mhe_node]: [s-collapse] moment 基准未就绪(窗口 0/20, 越界剔除 166) — 暂不判决
[INFO] [1789058848.667759260] [mhe_node]: [s-collapse] moment 基准未就绪(窗口 0/20, 越界剔除 166) — 暂不判决
[INFO] [1789058849.378462609] [mhe_node]: MHE mass estimate: 2.051 kg (T_phys=20.22N) | solve=9.8ms (max16.8)
[INFO] [1789058849.378994206] [mhe_node]: [truth] m_hat=2.0508 m_true=2.0643 err=-0.65% | c_hat=[+0.0000,+0.0000] c_true=[+0.0000,+0.0000] | Jxx_hat=0.01420 Jxx_true=0.01420 Jyz_hat=+0.00000 Jyz_true=+0.00000 | s_hat=[+0.0023,-0.0010] s_true=[+0.0000,+0.0000] kg·m
[INFO] [1789058849.379513312] [mhe_node]: [tau_phys] roll=-0.002 pitch=-0.041 Nm
[INFO] [1789058849.380096744] [mhe_node]: [mass-diag] m_est=2.0508 T=20.222N tilt=9.76deg cos=0.98554 | T/g=2.0614 T*cos/g=2.0316 | m_est-T*cos/g=+0.0192kg (+0.95%) vz=-0.190
[INFO] [1789058849.380673001] [mhe_node]: [c_xy_est] cx=+0.0034 cy=-0.0075 m
[INFO] [1789058849.667752158] [mhe_node]: [s-collapse] moment 基准未就绪(窗口 0/20, 越界剔除 166) — 暂不判决
[INFO] [1789058850.667718388] [mhe_node]: [s-collapse] moment 基准未就绪(窗口 0/20, 越界剔除 166) — 暂不判决
[INFO] [1789058851.377401824] [mhe_node]: MHE mass estimate: 2.040 kg (T_phys=20.11N) | solve=9.2ms (max15.7)
[INFO] [1789058851.377934852] [mhe_node]: [truth] m_hat=2.0405 m_true=2.0643 err=-1.15% | c_hat=[+0.0000,+0.0000] c_true=[+0.0000,+0.0000] | Jxx_hat=0.01420 Jxx_true=0.01420 Jyz_hat=+0.00000 Jyz_true=+0.00000 | s_hat=[+0.0028,+0.0008] s_true=[+0.0000,+0.0000] kg·m
[INFO] [1789058851.378450109] [mhe_node]: [tau_phys] roll=+0.013 pitch=-0.013 Nm
[INFO] [1789058851.379031650] [mhe_node]: [mass-diag] m_est=2.0405 T=20.110N tilt=2.05deg cos=0.99936 | T/g=2.0499 T*cos/g=2.0486 | m_est-T*cos/g=-0.0081kg (-0.40%) vz=-0.224
[INFO] [1789058851.379609351] [mhe_node]: [c_xy_est] cx=+0.0034 cy=-0.0075 m
[INFO] [1789058851.667713793] [mhe_node]: [s-collapse] moment 基准未就绪(窗口 0/20, 越界剔除 166) — 暂不判决
[INFO] [1789058852.667694761] [mhe_node]: [s-collapse] moment 基准未就绪(窗口 0/20, 越界剔除 166) — 暂不判决
[INFO] [1789058853.379618073] [mhe_node]: MHE mass estimate: 2.057 kg (T_phys=20.59N) | solve=9.2ms (max14.8)
[INFO] [1789058853.380277597] [mhe_node]: [truth] m_hat=2.0574 m_true=2.0643 err=-0.33% | c_hat=[+0.0000,+0.0000] c_true=[+0.0000,+0.0000] | Jxx_hat=0.01420 Jxx_true=0.01420 Jyz_hat=+0.00000 Jyz_true=+0.00000 | s_hat=[-0.0004,+0.0022] s_true=[+0.0000,+0.0000] kg·m
[INFO] [1789058853.380802268] [mhe_node]: [tau_phys] roll=+0.021 pitch=+0.021 Nm
[INFO] [1789058853.381389232] [mhe_node]: [mass-diag] m_est=2.0574 T=20.593N tilt=8.27deg cos=0.98960 | T/g=2.0992 T*cos/g=2.0774 | m_est-T*cos/g=-0.0199kg (-0.96%) vz=-0.177
[INFO] [1789058853.381965365] [mhe_node]: [c_xy_est] cx=+0.0034 cy=-0.0075 m
[INFO] [1789058853.667767430] [mhe_node]: [s-collapse] moment 基准未就绪(窗口 0/20, 越界剔除 166) — 暂不判决
[INFO] [1789058854.667783704] [mhe_node]: [s-collapse] moment 基准未就绪(窗口 0/20, 越界剔除 166) — 暂不判决
[INFO] [1789058855.376415432] [mhe_node]: MHE mass estimate: 2.054 kg (T_phys=20.38N) | solve=8.3ms (max13.4)
[INFO] [1789058855.376956030] [mhe_node]: [truth] m_hat=2.0537 m_true=2.0643 err=-0.52% | c_hat=[+0.0000,+0.0000] c_true=[+0.0000,+0.0000] | Jxx_hat=0.01420 Jxx_true=0.01420 Jyz_hat=+0.00000 Jyz_true=+0.00000 | s_hat=[+0.0017,+0.0020] s_true=[+0.0000,+0.0000] kg·m
[INFO] [1789058855.377476286] [mhe_node]: [tau_phys] roll=+0.019 pitch=-0.033 Nm
[INFO] [1789058855.378060765] [mhe_node]: [mass-diag] m_est=2.0537 T=20.376N tilt=8.98deg cos=0.98775 | T/g=2.0770 T*cos/g=2.0516 | m_est-T*cos/g=+0.0021kg (+0.10%) vz=-0.060
[INFO] [1789058855.378645389] [mhe_node]: [c_xy_est] cx=+0.0034 cy=-0.0075 m
[INFO] [1789058855.667749625] [mhe_node]: [s-collapse] moment 基准未就绪(窗口 0/20, 越界剔除 166) — 暂不判决
[INFO] [1789058856.667789150] [mhe_node]: [s-collapse] moment 基准未就绪(窗口 0/20, 越界剔除 166) — 暂不判决
[INFO] [1789058857.374280367] [mhe_node]: MHE mass estimate: 2.051 kg (T_phys=20.38N) | solve=6.5ms (max9.2)
[INFO] [1789058857.374823114] [mhe_node]: [truth] m_hat=2.0514 m_true=2.0643 err=-0.62% | c_hat=[+0.0000,+0.0000] c_true=[+0.0000,+0.0000] | Jxx_hat=0.01420 Jxx_true=0.01420 Jyz_hat=+0.00000 Jyz_true=+0.00000 | s_hat=[+0.0009,+0.0016] s_true=[+0.0000,+0.0000] kg·m
[INFO] [1789058857.375346285] [mhe_node]: [tau_phys] roll=+0.017 pitch=+0.007 Nm
[INFO] [1789058857.375932509] [mhe_node]: [mass-diag] m_est=2.0514 T=20.379N tilt=4.93deg cos=0.99630 | T/g=2.0774 T*cos/g=2.0697 | m_est-T*cos/g=-0.0182kg (-0.88%) vz=+0.044
[INFO] [1789058857.376515888] [mhe_node]: [c_xy_est] cx=+0.0034 cy=-0.0075 m
[INFO] [1789058857.667814376] [mhe_node]: [s-collapse] moment 基准未就绪(窗口 0/20, 越界剔除 166) — 暂不判决
[INFO] [1789058858.667739113] [mhe_node]: [s-collapse] moment 基准未就绪(窗口 0/20, 越界剔除 166) — 暂不判决
[INFO] [1789058859.377526979] [mhe_node]: MHE mass estimate: 2.051 kg (T_phys=20.46N) | solve=7.3ms (max11.3)
[INFO] [1789058859.378064765] [mhe_node]: [truth] m_hat=2.0506 m_true=2.0643 err=-0.67% | c_hat=[+0.0000,+0.0000] c_true=[+0.0000,+0.0000] | Jxx_hat=0.01420 Jxx_true=0.01420 Jyz_hat=+0.00000 Jyz_true=+0.00000 | s_hat=[+0.0002,+0.0027] s_true=[+0.0000,+0.0000] kg·m
[INFO] [1789058859.378583735] [mhe_node]: [tau_phys] roll=+0.017 pitch=-0.018 Nm
[INFO] [1789058859.379171081] [mhe_node]: [mass-diag] m_est=2.0506 T=20.459N tilt=9.83deg cos=0.98532 | T/g=2.0855 T*cos/g=2.0549 | m_est-T*cos/g=-0.0043kg (-0.21%) vz=+0.170
[INFO] [1789058859.379753641] [mhe_node]: [c_xy_est] cx=+0.0034 cy=-0.0075 m
[INFO] [1789058859.667773971] [mhe_node]: [s-collapse] moment 基准未就绪(窗口 0/20, 越界剔除 166) — 暂不判决
[INFO] [1789058860.667762953] [mhe_node]: [s-collapse] moment 基准未就绪(窗口 0/20, 越界剔除 166) — 暂不判决
[INFO] [1789058861.376257040] [mhe_node]: MHE mass estimate: 2.044 kg (T_phys=20.16N) | solve=8.8ms (max16.8)
[INFO] [1789058861.376801014] [mhe_node]: [truth] m_hat=2.0437 m_true=2.0643 err=-1.00% | c_hat=[+0.0000,+0.0000] c_true=[+0.0000,+0.0000] | Jxx_hat=0.01420 Jxx_true=0.01420 Jyz_hat=+0.00000 Jyz_true=+0.00000 | s_hat=[+0.0027,+0.0014] s_true=[+0.0000,+0.0000] kg·m
[INFO] [1789058861.377326439] [mhe_node]: [tau_phys] roll=+0.010 pitch=-0.020 Nm
[INFO] [1789058861.377920386] [mhe_node]: [mass-diag] m_est=2.0437 T=20.163N tilt=6.01deg cos=0.99451 | T/g=2.0553 T*cos/g=2.0440 | m_est-T*cos/g=-0.0003kg (-0.02%) vz=+0.251
[INFO] [1789058861.378507810] [mhe_node]: [c_xy_est] cx=+0.0034 cy=-0.0075 m
[INFO] [1789058861.667705408] [mhe_node]: [s-collapse] moment 基准未就绪(窗口 0/20, 越界剔除 166) — 暂不判决
[INFO] [1789058862.667732141] [mhe_node]: [s-collapse] moment 基准未就绪(窗口 0/20, 越界剔除 166) — 暂不判决
[INFO] [1789058863.375239265] [mhe_node]: MHE mass estimate: 2.044 kg (T_phys=20.26N) | solve=9.4ms (max18.2)
[INFO] [1789058863.375777536] [mhe_node]: [truth] m_hat=2.0443 m_true=2.0643 err=-0.97% | c_hat=[+0.0000,+0.0000] c_true=[+0.0000,+0.0000] | Jxx_hat=0.01420 Jxx_true=0.01420 Jyz_hat=+0.00000 Jyz_true=+0.00000 | s_hat=[+0.0007,+0.0003] s_true=[+0.0000,+0.0000] kg·m
[INFO] [1789058863.376297538] [mhe_node]: [tau_phys] roll=-0.006 pitch=-0.012 Nm
[INFO] [1789058863.376882193] [mhe_node]: [mass-diag] m_est=2.0443 T=20.262N tilt=3.85deg cos=0.99774 | T/g=2.0655 T*cos/g=2.0608 | m_est-T*cos/g=-0.0165kg (-0.80%) vz=+0.216
[INFO] [1789058863.377465683] [mhe_node]: [c_xy_est] cx=+0.0034 cy=-0.0075 m
[INFO] [1789058863.667700202] [mhe_node]: [s-collapse] moment 基准未就绪(窗口 0/20, 越界剔除 166) — 暂不判决
[INFO] [1789058864.667696352] [mhe_node]: [s-collapse] moment 基准未就绪(窗口 0/20, 越界剔除 166) — 暂不判决
[INFO] [1789058865.373432721] [mhe_node]: MHE mass estimate: 2.051 kg (T_phys=20.34N) | solve=8.8ms (max18.1)
[INFO] [1789058865.373814260] [mhe_node]: [truth] m_hat=2.0513 m_true=2.0643 err=-0.63% | c_hat=[+0.0000,+0.0000] c_true=[+0.0000,+0.0000] | Jxx_hat=0.01420 Jxx_true=0.01420 Jyz_hat=+0.00000 Jyz_true=+0.00000 | s_hat=[-0.0012,-0.0013] s_true=[+0.0000,+0.0000] kg·m
[INFO] [1789058865.374177633] [mhe_node]: [tau_phys] roll=-0.009 pitch=-0.001 Nm
[INFO] [1789058865.374587873] [mhe_node]: [mass-diag] m_est=2.0513 T=20.343N tilt=9.18deg cos=0.98719 | T/g=2.0737 T*cos/g=2.0471 | m_est-T*cos/g=+0.0042kg (+0.20%) vz=+0.147
[INFO] [1789058865.374992326] [mhe_node]: [c_xy_est] cx=+0.0034 cy=-0.0075 m
[INFO] [1789058865.667718757] [mhe_node]: [s-collapse] moment 基准未就绪(窗口 0/20, 越界剔除 166) — 暂不判决
[INFO] [1789058866.667699756] [mhe_node]: [s-collapse] moment 基准未就绪(窗口 0/20, 越界剔除 166) — 暂不判决
[INFO] [1789058867.374302453] [mhe_node]: MHE mass estimate: 2.049 kg (T_phys=20.13N) | solve=10.8ms (max22.6)
[INFO] [1789058867.374841265] [mhe_node]: [truth] m_hat=2.0492 m_true=2.0643 err=-0.73% | c_hat=[+0.0000,+0.0000] c_true=[+0.0000,+0.0000] | Jxx_hat=0.01420 Jxx_true=0.01420 Jyz_hat=+0.00000 Jyz_true=+0.00000 | s_hat=[+0.0016,-0.0007] s_true=[+0.0000,+0.0000] kg·m
[INFO] [1789058867.375365657] [mhe_node]: [tau_phys] roll=+0.000 pitch=+0.011 Nm
[INFO] [1789058867.375957537] [mhe_node]: [mass-diag] m_est=2.0492 T=20.129N tilt=5.54deg cos=0.99533 | T/g=2.0519 T*cos/g=2.0423 | m_est-T*cos/g=+0.0068kg (+0.33%) vz=+0.025
[INFO] [1789058867.376544655] [mhe_node]: [c_xy_est] cx=+0.0034 cy=-0.0075 m
[INFO] [1789058867.667766629] [mhe_node]: [s-collapse] moment 基准未就绪(窗口 0/20, 越界剔除 166) — 暂不判决
[INFO] [1789058868.667750812] [mhe_node]: [s-collapse] moment 基准未就绪(窗口 0/20, 越界剔除 166) — 暂不判决
[INFO] [1789058869.374481093] [mhe_node]: MHE mass estimate: 2.054 kg (T_phys=20.38N) | solve=6.6ms (max11.2)
[INFO] [1789058869.374862177] [mhe_node]: [truth] m_hat=2.0539 m_true=2.0643 err=-0.50% | c_hat=[+0.0000,+0.0000] c_true=[+0.0000,+0.0000] | Jxx_hat=0.01420 Jxx_true=0.01420 Jyz_hat=+0.00000 Jyz_true=+0.00000 | s_hat=[-0.0003,-0.0006] s_true=[+0.0000,+0.0000] kg·m
[INFO] [1789058869.375234483] [mhe_node]: [tau_phys] roll=-0.023 pitch=-0.010 Nm
[INFO] [1789058869.375644179] [mhe_node]: [mass-diag] m_est=2.0539 T=20.382N tilt=7.99deg cos=0.99030 | T/g=2.0777 T*cos/g=2.0576 | m_est-T*cos/g=-0.0037kg (-0.18%) vz=-0.122
[INFO] [1789058869.376046177] [mhe_node]: [c_xy_est] cx=+0.0034 cy=-0.0075 m
[INFO] [1789058869.667770880] [mhe_node]: [s-collapse] moment 基准未就绪(窗口 0/20, 越界剔除 166) — 暂不判决
[INFO] [1789058870.667750544] [mhe_node]: [s-collapse] moment 基准未就绪(窗口 0/20, 越界剔除 166) — 暂不判决
[INFO] [1789058871.381853232] [mhe_node]: MHE mass estimate: 2.051 kg (T_phys=20.19N) | solve=10.7ms (max20.6)
[INFO] [1789058871.382505239] [mhe_node]: [truth] m_hat=2.0513 m_true=2.0643 err=-0.63% | c_hat=[+0.0000,+0.0000] c_true=[+0.0000,+0.0000] | Jxx_hat=0.01420 Jxx_true=0.01420 Jyz_hat=+0.00000 Jyz_true=+0.00000 | s_hat=[+0.0016,-0.0010] s_true=[+0.0000,+0.0000] kg·m
[INFO] [1789058871.383022702] [mhe_node]: [tau_phys] roll=-0.003 pitch=-0.029 Nm
[INFO] [1789058871.383608112] [mhe_node]: [mass-diag] m_est=2.0513 T=20.187N tilt=10.05deg cos=0.98466 | T/g=2.0578 T*cos/g=2.0262 | m_est-T*cos/g=+0.0251kg (+1.24%) vz=-0.174
[INFO] [1789058871.384189445] [mhe_node]: [c_xy_est] cx=+0.0034 cy=-0.0075 m
[INFO] [1789058871.667704837] [mhe_node]: [s-collapse] moment 基准未就绪(窗口 0/20, 越界剔除 166) — 暂不判决
[INFO] [1789058872.667789974] [mhe_node]: [s-collapse] moment 基准未就绪(窗口 0/20, 越界剔除 166) — 暂不判决
[INFO] [1789058873.377039241] [mhe_node]: MHE mass estimate: 2.045 kg (T_phys=20.09N) | solve=8.7ms (max15.8)
[INFO] [1789058873.377601838] [mhe_node]: [truth] m_hat=2.0450 m_true=2.0643 err=-0.94% | c_hat=[+0.0000,+0.0000] c_true=[+0.0000,+0.0000] | Jxx_hat=0.01420 Jxx_true=0.01420 Jyz_hat=+0.00000 Jyz_true=+0.00000 | s_hat=[+0.0023,+0.0006] s_true=[+0.0000,+0.0000] kg·m
[INFO] [1789058873.378126209] [mhe_node]: [tau_phys] roll=+0.015 pitch=-0.024 Nm
[INFO] [1789058873.378711548] [mhe_node]: [mass-diag] m_est=2.0450 T=20.086N tilt=2.84deg cos=0.99877 | T/g=2.0475 T*cos/g=2.0449 | m_est-T*cos/g=+0.0001kg (+0.00%) vz=-0.252
[INFO] [1789058873.379294150] [mhe_node]: [c_xy_est] cx=+0.0034 cy=-0.0075 m
[INFO] [1789058873.667727230] [mhe_node]: [s-collapse] moment 基准未就绪(窗口 0/20, 越界剔除 166) — 暂不判决
[INFO] [1789058874.667706865] [mhe_node]: [s-collapse] moment 基准未就绪(窗口 0/20, 越界剔除 166) — 暂不判决
[INFO] [1789058875.375264290] [mhe_node]: MHE mass estimate: 2.055 kg (T_phys=20.61N) | solve=7.6ms (max12.3)
[INFO] [1789058875.375797888] [mhe_node]: [truth] m_hat=2.0555 m_true=2.0643 err=-0.43% | c_hat=[+0.0000,+0.0000] c_true=[+0.0000,+0.0000] | Jxx_hat=0.01420 Jxx_true=0.01420 Jyz_hat=+0.00000 Jyz_true=+0.00000 | s_hat=[-0.0006,+0.0018] s_true=[+0.0000,+0.0000] kg·m
[INFO] [1789058875.376312918] [mhe_node]: [tau_phys] roll=+0.029 pitch=+0.007 Nm
[INFO] [1789058875.376897745] [mhe_node]: [mass-diag] m_est=2.0555 T=20.610N tilt=7.47deg cos=0.99152 | T/g=2.1009 T*cos/g=2.0830 | m_est-T*cos/g=-0.0276kg (-1.32%) vz=-0.183
[INFO] [1789058875.377480826] [mhe_node]: [c_xy_est] cx=+0.0034 cy=-0.0075 m
[INFO] [1789058875.667732757] [mhe_node]: [s-collapse] moment 基准未就绪(窗口 0/20, 越界剔除 166) — 暂不判决
[INFO] [1789058876.667757060] [mhe_node]: [s-collapse] moment 基准未就绪(窗口 0/20, 越界剔除 166) — 暂不判决
[INFO] [1789058877.375863608] [mhe_node]: MHE mass estimate: 2.052 kg (T_phys=20.37N) | solve=9.6ms (max20.2)
[INFO] [1789058877.376247104] [mhe_node]: [truth] m_hat=2.0519 m_true=2.0643 err=-0.60% | c_hat=[+0.0000,+0.0000] c_true=[+0.0000,+0.0000] | Jxx_hat=0.01420 Jxx_true=0.01420 Jyz_hat=+0.00000 Jyz_true=+0.00000 | s_hat=[+0.0015,+0.0023] s_true=[+0.0000,+0.0000] kg·m
[INFO] [1789058877.376603475] [mhe_node]: [tau_phys] roll=+0.014 pitch=-0.027 Nm
[INFO] [1789058877.377012230] [mhe_node]: [mass-diag] m_est=2.0519 T=20.369N tilt=9.55deg cos=0.98613 | T/g=2.0763 T*cos/g=2.0475 | m_est-T*cos/g=+0.0043kg (+0.21%) vz=-0.075
[INFO] [1789058877.377414581] [mhe_node]: [c_xy_est] cx=+0.0034 cy=-0.0075 m
[INFO] [1789058877.667749004] [mhe_node]: [s-collapse] moment 基准未就绪(窗口 0/20, 越界剔除 166) — 暂不判决
[INFO] [1789058878.667770710] [mhe_node]: [s-collapse] moment 基准未就绪(窗口 0/20, 越界剔除 166) — 暂不判决
[INFO] [1789058879.384975708] [mhe_node]: MHE mass estimate: 2.049 kg (T_phys=20.29N) | solve=7.7ms (max16.4)
[INFO] [1789058879.385519901] [mhe_node]: [truth] m_hat=2.0492 m_true=2.0643 err=-0.73% | c_hat=[+0.0000,+0.0000] c_true=[+0.0000,+0.0000] | Jxx_hat=0.01420 Jxx_true=0.01420 Jyz_hat=+0.00000 Jyz_true=+0.00000 | s_hat=[+0.0006,+0.0016] s_true=[+0.0000,+0.0000] kg·m
[INFO] [1789058879.386036870] [mhe_node]: [tau_phys] roll=+0.013 pitch=+0.014 Nm
[INFO] [1789058879.386630057] [mhe_node]: [mass-diag] m_est=2.0492 T=20.292N tilt=4.69deg cos=0.99665 | T/g=2.0685 T*cos/g=2.0616 | m_est-T*cos/g=-0.0124kg (-0.60%) vz=+0.019
[INFO] [1789058879.387214893] [mhe_node]: [c_xy_est] cx=+0.0034 cy=-0.0075 m
[INFO] [1789058879.667770365] [mhe_node]: [s-collapse] moment 基准未就绪(窗口 0/20, 越界剔除 166) — 暂不判决
[INFO] [1789058880.667760466] [mhe_node]: [s-collapse] moment 基准未就绪(窗口 0/20, 越界剔除 166) — 暂不判决
[INFO] [1789058881.375341258] [mhe_node]: MHE mass estimate: 2.051 kg (T_phys=20.55N) | solve=6.4ms (max11.1)
[INFO] [1789058881.375878309] [mhe_node]: [truth] m_hat=2.0506 m_true=2.0643 err=-0.67% | c_hat=[+0.0000,+0.0000] c_true=[+0.0000,+0.0000] | Jxx_hat=0.01420 Jxx_true=0.01420 Jyz_hat=+0.00000 Jyz_true=+0.00000 | s_hat=[-0.0004,+0.0025] s_true=[+0.0000,+0.0000] kg·m
[INFO] [1789058881.376396087] [mhe_node]: [tau_phys] roll=+0.028 pitch=-0.024 Nm
[INFO] [1789058881.376982600] [mhe_node]: [mass-diag] m_est=2.0506 T=20.550N tilt=9.42deg cos=0.98650 | T/g=2.0948 T*cos/g=2.0665 | m_est-T*cos/g=-0.0160kg (-0.77%) vz=+0.141
[INFO] [1789058881.377570716] [mhe_node]: [c_xy_est] cx=+0.0034 cy=-0.0075 m
[INFO] [1789058881.667722844] [mhe_node]: [s-collapse] moment 基准未就绪(窗口 0/20, 越界剔除 166) — 暂不判决
[INFO] [1789058882.667779696] [mhe_node]: [s-collapse] moment 基准未就绪(窗口 0/20, 越界剔除 166) — 暂不判决
[INFO] [1789058883.376463046] [mhe_node]: MHE mass estimate: 2.042 kg (T_phys=20.17N) | solve=9.9ms (max18.8)
[INFO] [1789058883.376999085] [mhe_node]: [truth] m_hat=2.0419 m_true=2.0643 err=-1.08% | c_hat=[+0.0000,+0.0000] c_true=[+0.0000,+0.0000] | Jxx_hat=0.01420 Jxx_true=0.01420 Jyz_hat=+0.00000 Jyz_true=+0.00000 | s_hat=[+0.0040,+0.0017] s_true=[+0.0000,+0.0000] kg·m
[INFO] [1789058883.377518661] [mhe_node]: [tau_phys] roll=+0.011 pitch=-0.021 Nm
[INFO] [1789058883.378102319] [mhe_node]: [mass-diag] m_est=2.0419 T=20.171N tilt=7.14deg cos=0.99225 | T/g=2.0562 T*cos/g=2.0403 | m_est-T*cos/g=+0.0017kg (+0.08%) vz=+0.235
[INFO] [1789058883.378685082] [mhe_node]: [c_xy_est] cx=+0.0034 cy=-0.0075 m
[INFO] [1789058883.667757957] [mhe_node]: [s-collapse] moment 基准未就绪(窗口 0/20, 越界剔除 166) — 暂不判决
[INFO] [1789058884.667748038] [mhe_node]: [s-collapse] moment 基准未就绪(窗口 0/20, 越界剔除 166) — 暂不判决
[INFO] [1789058885.375222698] [mhe_node]: MHE mass estimate: 2.044 kg (T_phys=20.14N) | solve=9.4ms (max14.6)
[INFO] [1789058885.375755958] [mhe_node]: [truth] m_hat=2.0437 m_true=2.0643 err=-1.00% | c_hat=[+0.0000,+0.0000] c_true=[+0.0000,+0.0000] | Jxx_hat=0.01420 Jxx_true=0.01420 Jyz_hat=+0.00000 Jyz_true=+0.00000 | s_hat=[+0.0012,+0.0004] s_true=[+0.0000,+0.0000] kg·m
[INFO] [1789058885.376274227] [mhe_node]: [tau_phys] roll=+0.003 pitch=+0.017 Nm
[INFO] [1789058885.376858400] [mhe_node]: [mass-diag] m_est=2.0437 T=20.138N tilt=2.92deg cos=0.99870 | T/g=2.0528 T*cos/g=2.0502 | m_est-T*cos/g=-0.0065kg (-0.32%) vz=+0.215
[INFO] [1789058885.377445112] [mhe_node]: [c_xy_est] cx=+0.0034 cy=-0.0075 m
[INFO] [1789058885.667692944] [mhe_node]: [s-collapse] moment 基准未就绪(窗口 0/20, 越界剔除 166) — 暂不判决
[ros2run]: Killed
