[INFO] [1784802098.882476797] [mhe_node]: MHE node starting, building/loading solver...
Code reuse possible, skipping code generation.
acados was compiled without OpenMP.
[INFO] [1784802098.892642283] [mhe_node]: weight schedule theta = [-4.00, 0.00, 0.00, 0.00], signal mode = external
[INFO] [1784802098.900540750] [mhe_node]: MHE node initialized! Waiting for odometry + control data...
[INFO] [1784802132.102269324] [mhe_node]: [geom] payload_attached=False -> dJ=0.0000 c_xy=[+0.0000,+0.0000]
[INFO] [1784802134.013108513] [mhe_node]: MHE mass estimate: 2.065 kg (T_phys=18.24N)
[INFO] [1784802134.015380640] [mhe_node]: [tau_phys] roll=-0.000 pitch=+0.006 Nm
[INFO] [1784802134.017684885] [mhe_node]: [c_xy_est] cx=-0.0003 cy=+0.0000 m
[INFO] [1784802136.014625680] [mhe_node]: MHE mass estimate: 2.070 kg (T_phys=20.32N)
[INFO] [1784802136.016894926] [mhe_node]: [tau_phys] roll=+0.001 pitch=-0.000 Nm
[INFO] [1784802136.019199341] [mhe_node]: [c_xy_est] cx=-0.0001 cy=+0.0000 m
[INFO] [1784802136.511964679] [mhe_node]: mass event [attach (gripper)] received at frame 65: armed, waiting for T_phys confirmation (baseline=20.40N, thresh=1.5N)
[INFO] [1784802136.602166244] [mhe_node]: [geom] payload_attached=True -> dJ=0.0592 c_xy=[+0.0008,-0.0090]
[INFO] [1784802136.628461566] [mhe_node]: [post-event] m_est=2.032 kg (T_phys=20.02N)
[INFO] [1784802136.733778742] [mhe_node]: [post-event] m_est=2.034 kg (T_phys=20.05N)
[INFO] [1784802136.828684594] [mhe_node]: [post-event] m_est=2.034 kg (T_phys=20.07N)
[INFO] [1784802136.930028475] [mhe_node]: [post-event] m_est=2.034 kg (T_phys=20.13N)
[INFO] [1784802137.018670125] [mhe_node]: [post-event] m_est=2.034 kg (T_phys=20.12N)
[INFO] [1784802137.131864020] [mhe_node]: [post-event] m_est=2.033 kg (T_phys=20.09N)
[INFO] [1784802137.231803490] [mhe_node]: [post-event] m_est=2.033 kg (T_phys=20.07N)
[INFO] [1784802137.331458863] [mhe_node]: [post-event] m_est=2.032 kg (T_phys=20.05N)
[INFO] [1784802137.431761202] [mhe_node]: [post-event] m_est=2.031 kg (T_phys=20.02N)
[INFO] [1784802137.528901736] [mhe_node]: [post-event] m_est=2.029 kg (T_phys=20.00N)
[INFO] [1784802137.627170896] [mhe_node]: [post-event] m_est=2.028 kg (T_phys=19.97N)
[INFO] [1784802137.725294136] [mhe_node]: [post-event] m_est=2.026 kg (T_phys=19.97N)
[INFO] [1784802137.817075341] [mhe_node]: [post-event] m_est=2.025 kg (T_phys=19.94N)
[INFO] [1784802137.927945028] [mhe_node]: [post-event] m_est=2.024 kg (T_phys=19.93N)
[INFO] [1784802138.031937050] [mhe_node]: [post-event] m_est=2.023 kg (T_phys=19.91N)
[INFO] [1784802138.033678708] [mhe_node]: MHE mass estimate: 2.023 kg (T_phys=19.91N)
[INFO] [1784802138.035285670] [mhe_node]: [tau_phys] roll=-0.264 pitch=-0.199 Nm | model pred: roll=-0.000 pitch=-0.000 (m_p=0.000 r=[+0.006,-0.071])
[INFO] [1784802138.036996617] [mhe_node]: [c_xy_est] cx=+0.0045 cy=-0.0041 m | truth c=[+0.0000,-0.0000] (m_p=0.000)
[INFO] [1784802138.137171982] [mhe_node]: [post-event] m_est=2.022 kg (T_phys=19.89N)
[INFO] [1784802138.231887957] [mhe_node]: [post-event] m_est=2.021 kg (T_phys=19.87N)
[INFO] [1784802138.331169634] [mhe_node]: [post-event] m_est=2.020 kg (T_phys=19.92N)
[INFO] [1784802138.431951901] [mhe_node]: [post-event] m_est=2.019 kg (T_phys=20.05N)
[INFO] [1784802138.534846078] [mhe_node]: [post-event] m_est=2.019 kg (T_phys=20.32N)
[INFO] [1784802138.629349187] [mhe_node]: [post-event] m_est=2.019 kg (T_phys=20.72N)
[INFO] [1784802138.738964582] [mhe_node]: [post-event] m_est=2.019 kg (T_phys=21.28N)
[INFO] [1784802138.801635016] [mhe_node]: mass event confirmed by T_phys (22.05N vs baseline 20.40N) at frame 87: de-weighting pre-event stages
[INFO] [1784802138.805406682] [mhe_node]: event transition started: pre-event stages de-weighted
[INFO] [1784802138.835078763] [mhe_node]: [transition] m_est=2.019 kg (T_phys=22.05N)
[INFO] [1784802138.922401414] [mhe_node]: [transition] m_est=2.042 kg (T_phys=22.98N)
[INFO] [1784802139.016191517] [mhe_node]: [transition] m_est=2.142 kg (T_phys=24.02N)
[INFO] [1784802139.119145772] [mhe_node]: [transition] m_est=2.218 kg (T_phys=25.11N)
[INFO] [1784802139.220680724] [mhe_node]: [transition] m_est=2.252 kg (T_phys=25.67N)
[INFO] [1784802139.320486074] [mhe_node]: [transition] m_est=2.261 kg (T_phys=26.29N)
[INFO] [1784802139.415361687] [mhe_node]: [transition] m_est=2.266 kg (T_phys=26.49N)
[INFO] [1784802139.523213541] [mhe_node]: [transition] m_est=2.265 kg (T_phys=26.08N)
[INFO] [1784802139.624685092] [mhe_node]: [transition] m_est=2.264 kg (T_phys=25.86N)
[INFO] [1784802139.724584502] [mhe_node]: [transition] m_est=2.260 kg (T_phys=25.33N)
[INFO] [1784802139.826871739] [mhe_node]: [transition] m_est=2.256 kg (T_phys=24.98N)
[INFO] [1784802139.924515410] [mhe_node]: [transition] m_est=2.251 kg (T_phys=24.29N)
[INFO] [1784802140.029312443] [mhe_node]: [transition] m_est=2.247 kg (T_phys=23.76N)
[INFO] [1784802140.031571675] [mhe_node]: MHE mass estimate: 2.247 kg (T_phys=23.76N)
[INFO] [1784802140.033462752] [mhe_node]: [tau_phys] roll=-0.208 pitch=-0.010 Nm | model pred: roll=-0.127 pitch=-0.011 (m_p=0.183 r=[+0.006,-0.071])
[INFO] [1784802140.035340555] [mhe_node]: [c_xy_est] cx=+0.0037 cy=-0.0079 m | truth c=[+0.0005,-0.0057] (m_p=0.183)
[INFO] [1784802140.131278741] [mhe_node]: [transition] m_est=2.243 kg (T_phys=23.10N)
[INFO] [1784802140.231396238] [mhe_node]: [transition] m_est=2.239 kg (T_phys=22.83N)
[INFO] [1784802140.331087972] [mhe_node]: [transition] m_est=2.235 kg (T_phys=22.20N)
[INFO] [1784802140.438767322] [mhe_node]: [transition] m_est=2.232 kg (T_phys=21.85N)
[INFO] [1784802140.535016155] [mhe_node]: [transition] m_est=2.230 kg (T_phys=21.46N)
[INFO] [1784802140.631377898] [mhe_node]: [transition] m_est=2.228 kg (T_phys=21.25N)
[INFO] [1784802140.736321940] [mhe_node]: [transition] m_est=2.227 kg (T_phys=21.00N)
[INFO] [1784802140.806306612] [mhe_node]: event transition ended: nominal weights restored
[INFO] [1784802140.831346873] [mhe_node]: [post-event] m_est=2.226 kg (T_phys=20.88N)
[INFO] [1784802140.932922200] [mhe_node]: [post-event] m_est=2.229 kg (T_phys=20.82N)
[INFO] [1784802141.028725695] [mhe_node]: [post-event] m_est=2.233 kg (T_phys=20.86N)
[INFO] [1784802141.134253839] [mhe_node]: [post-event] m_est=2.239 kg (T_phys=21.01N)
[INFO] [1784802141.229044935] [mhe_node]: [post-event] m_est=2.245 kg (T_phys=21.25N)
[INFO] [1784802141.329458534] [mhe_node]: [post-event] m_est=2.253 kg (T_phys=21.56N)
[INFO] [1784802141.426194257] [mhe_node]: [post-event] m_est=2.260 kg (T_phys=21.87N)
[INFO] [1784802141.529616503] [mhe_node]: [post-event] m_est=2.268 kg (T_phys=22.18N)
[INFO] [1784802141.627556536] [mhe_node]: [post-event] m_est=2.276 kg (T_phys=22.42N)
[INFO] [1784802141.707654185] [mhe_node]: [post-event] m_est=2.283 kg (T_phys=22.63N)
[INFO] [1784802141.824573395] [mhe_node]: [post-event] m_est=2.290 kg (T_phys=22.77N)
[INFO] [1784802141.927990911] [mhe_node]: [post-event] m_est=2.296 kg (T_phys=22.88N)
[INFO] [1784802142.024990895] [mhe_node]: [post-event] m_est=2.301 kg (T_phys=22.97N)
[INFO] [1784802142.027112993] [mhe_node]: MHE mass estimate: 2.301 kg (T_phys=22.97N)
[INFO] [1784802142.029008685] [mhe_node]: [tau_phys] roll=-0.207 pitch=+0.008 Nm | model pred: roll=-0.164 pitch=-0.014 (m_p=0.236 r=[+0.006,-0.071])
[INFO] [1784802142.030880137] [mhe_node]: [c_xy_est] cx=+0.0017 cy=-0.0087 m | truth c=[+0.0006,-0.0072] (m_p=0.236)
[INFO] [1784802142.133144521] [mhe_node]: [post-event] m_est=2.305 kg (T_phys=23.02N)
[INFO] [1784802142.220836806] [mhe_node]: [post-event] m_est=2.308 kg (T_phys=23.04N)
[INFO] [1784802142.327967736] [mhe_node]: [post-event] m_est=2.310 kg (T_phys=23.05N)
[INFO] [1784802142.429462985] [mhe_node]: [post-event] m_est=2.311 kg (T_phys=23.07N)
[INFO] [1784802142.524474504] [mhe_node]: [post-event] m_est=2.312 kg (T_phys=23.08N)
[INFO] [1784802142.627229712] [mhe_node]: [post-event] m_est=2.312 kg (T_phys=23.09N)
[INFO] [1784802142.726947387] [mhe_node]: [post-event] m_est=2.312 kg (T_phys=23.07N)
[INFO] [1784802142.826115750] [mhe_node]: [post-event] m_est=2.311 kg (T_phys=23.04N)
[INFO] [1784802142.927067113] [mhe_node]: [post-event] m_est=2.311 kg (T_phys=23.04N)
[INFO] [1784802143.027648685] [mhe_node]: [post-event] m_est=2.310 kg (T_phys=23.04N)
[INFO] [1784802143.127213530] [mhe_node]: [post-event] m_est=2.310 kg (T_phys=23.05N)
[INFO] [1784802143.227431878] [mhe_node]: [post-event] m_est=2.310 kg (T_phys=23.06N)
[INFO] [1784802143.328369613] [mhe_node]: [post-event] m_est=2.310 kg (T_phys=23.09N)
[INFO] [1784802143.425632448] [mhe_node]: [post-event] m_est=2.310 kg (T_phys=23.11N)
[INFO] [1784802143.525551640] [mhe_node]: [post-event] m_est=2.311 kg (T_phys=23.12N)
[INFO] [1784802144.029908972] [mhe_node]: MHE mass estimate: 2.314 kg (T_phys=23.20N)
[INFO] [1784802144.031771879] [mhe_node]: [tau_phys] roll=-0.213 pitch=+0.010 Nm | model pred: roll=-0.173 pitch=-0.015 (m_p=0.250 r=[+0.006,-0.071])
[INFO] [1784802144.033671863] [mhe_node]: [c_xy_est] cx=+0.0006 cy=-0.0089 m | truth c=[+0.0007,-0.0076] (m_p=0.250)
[INFO] [1784802146.027985181] [mhe_node]: MHE mass estimate: 2.320 kg (T_phys=23.15N)
[INFO] [1784802146.029643106] [mhe_node]: [tau_phys] roll=-0.220 pitch=+0.000 Nm | model pred: roll=-0.177 pitch=-0.015 (m_p=0.256 r=[+0.006,-0.071])
[INFO] [1784802146.031218341] [mhe_node]: [c_xy_est] cx=+0.0003 cy=-0.0090 m | truth c=[+0.0007,-0.0078] (m_p=0.256)
[INFO] [1784802148.027413551] [mhe_node]: MHE mass estimate: 2.322 kg (T_phys=23.08N)
[INFO] [1784802148.029424555] [mhe_node]: [tau_phys] roll=-0.214 pitch=+0.004 Nm | model pred: roll=-0.178 pitch=-0.015 (m_p=0.258 r=[+0.006,-0.071])
[INFO] [1784802148.031473007] [mhe_node]: [c_xy_est] cx=-0.0000 cy=-0.0090 m | truth c=[+0.0007,-0.0078] (m_p=0.258)
[INFO] [1784802150.028433251] [mhe_node]: MHE mass estimate: 2.325 kg (T_phys=23.23N)
[INFO] [1784802150.030381968] [mhe_node]: [tau_phys] roll=-0.205 pitch=-0.021 Nm | model pred: roll=-0.180 pitch=-0.016 (m_p=0.260 r=[+0.006,-0.071])
[INFO] [1784802150.032377537] [mhe_node]: [c_xy_est] cx=+0.0002 cy=-0.0091 m | truth c=[+0.0007,-0.0079] (m_p=0.260)
[INFO] [1784802152.032775214] [mhe_node]: MHE mass estimate: 2.322 kg (T_phys=23.20N)
[INFO] [1784802152.034712480] [mhe_node]: [tau_phys] roll=-0.212 pitch=-0.008 Nm | model pred: roll=-0.179 pitch=-0.015 (m_p=0.258 r=[+0.006,-0.071])
[INFO] [1784802152.036513027] [mhe_node]: [c_xy_est] cx=-0.0000 cy=-0.0091 m | truth c=[+0.0007,-0.0078] (m_p=0.258)
[ros2run]: Killed
