[INFO] [1785492200.186139845] [acados_nmpc_node]: acados NMPC node starting, building/loading solver...
Code reuse possible, skipping code generation.
acados was compiled without OpenMP.
[INFO] [1785492200.196581499] [acados_nmpc_node]: GRIPPER MODE: hover over box (1.0,0.05) z 0.55->2.5m, lift after 1.5s, empty m_est=2.06kg
[INFO] [1785492200.197014469] [acados_nmpc_node]: Warming up acados solver...
[INFO] [1785492200.202926154] [acados_nmpc_node]: Solver warmup complete, took 5.5 ms
[INFO] [1785492200.210107612] [acados_nmpc_node]: Decoupled publish enabled: solve @20Hz, body_rate/thrust @50Hz (trajectory interpolation)
[INFO] [1785492200.210616862] [acados_nmpc_node]: acados NMPC node initialized! Waiting for EKF2 convergence...
[INFO] [1785492210.211423625] [acados_nmpc_node]: Waiting for EKF2 convergence... 5/10 s
[INFO] [1785492215.211278735] [acados_nmpc_node]: Waiting for EKF2 convergence... 10/10 s
[INFO] [1785492215.311704570] [acados_nmpc_node]: Switching to OFFBOARD mode
[INFO] [1785492216.111687140] [acados_nmpc_node]: Sending arm command
[INFO] [1785492217.111635697] [acados_nmpc_node]: Armed, preparing to move to trajectory start...
[INFO] [1785492219.511301346] [acados_nmpc_node]: Gripper approach (climb): rising at spawn to z=1.50m | z=0.09m v=0.39m/s
[INFO] [1785492222.012146118] [acados_nmpc_node]: Gripper approach (climb): rising at spawn to z=1.50m | z=1.00m v=0.24m/s
[INFO] [1785492223.960074990] [acados_nmpc_node]: Gripper approach: climbed to safe altitude at spawn, now translating over box
[INFO] [1785492224.511433157] [acados_nmpc_node]: Gripper approach (high): aligning over box at z=1.50m | xy=0.919m z_err=0.137m v=0.38m/s
[INFO] [1785492226.260090776] [acados_nmpc_node]: Gripper approach: aligned above box, NMPC will take over here (z=1.50m), settle 3.0s then descend to z=0.55m to trigger attach
[INFO] [1785492226.312611672] [acados_nmpc_node]: Reached trajectory start, NMPC tracking begins!
[INFO] [1785492226.961903012] [acados_nmpc_node]: t=0.6s | pos_err=0.070m | T=20.13N | tau=[r-0.009 p0.030 y-0.020]Nm | res_stat=3.056e-07(peak 9.480e-07) sqp_iter=3 | solve=1.5ms
[INFO] [1785492229.312592227] [acados_nmpc_node]: t=3.0s | DESCEND: settle done, lowering 1.5->0.55m, will enable gripper at bottom
[INFO] [1785492231.961287874] [acados_nmpc_node]: t=5.6s | pos_err=0.059m | T=20.40N | tau=[r0.004 p-0.002 y0.000]Nm | res_stat=6.017e-08(peak 9.480e-07) sqp_iter=3 | solve=1.1ms
[INFO] [1785492232.712844858] [acados_nmpc_node]: t=6.4s | DESCEND done at z=0.568m (target 0.550m, z_err=0.018m, v=0.06m/s), gripper ENABLED (attach will trigger now)
[INFO] [1785492232.779957309] [acados_nmpc_node]: attach offset received: box-drone = [-0.004, -0.045, -0.481] m
[INFO] [1785492232.812810986] [acados_nmpc_node]: PX4 MC_ROLLRATE_K: 1.000 -> 5.000 (inertia ratio 5.07, cap 5.0)
[INFO] [1785492232.813032171] [acados_nmpc_node]: PX4 MC_PITCHRATE_K: 1.000 -> 5.000 (inertia ratio 5.07, cap 5.0)
[INFO] [1785492232.813228825] [acados_nmpc_node]: t=6.5s | ATTACH (geom_source=online): dJ/gain init from prior m_p=0.30kg arm=0.47m (dJ=0.0579); c_xy+dJ refine online, attach truth eval-only
[INFO] [1785492232.815229817] [acados_nmpc_node]: [attach-window] t=6.50s pos_err=0.019m T=19.89N z=0.564 m_est=2.055
[INFO] [1785492232.861686592] [acados_nmpc_node]: [attach-window] t=6.55s pos_err=0.019m T=19.78N z=0.564 m_est=2.043
[INFO] [1785492232.914631520] [acados_nmpc_node]: [attach-window] t=6.60s pos_err=0.019m T=19.79N z=0.564 m_est=2.043
[INFO] [1785492232.961933381] [acados_nmpc_node]: [attach-window] t=6.65s pos_err=0.019m T=19.79N z=0.564 m_est=2.042
[INFO] [1785492233.014651339] [acados_nmpc_node]: [attach-window] t=6.70s pos_err=0.020m T=19.80N z=0.564 m_est=2.042
[INFO] [1785492233.061852768] [acados_nmpc_node]: [attach-window] t=6.75s pos_err=0.020m T=19.78N z=0.564 m_est=2.041
[INFO] [1785492233.114669564] [acados_nmpc_node]: [attach-window] t=6.80s pos_err=0.021m T=19.77N z=0.564 m_est=2.041
[INFO] [1785492233.161836179] [acados_nmpc_node]: [attach-window] t=6.85s pos_err=0.022m T=19.77N z=0.564 m_est=2.040
[INFO] [1785492233.214679465] [acados_nmpc_node]: [attach-window] t=6.90s pos_err=0.023m T=19.75N z=0.565 m_est=2.040
[INFO] [1785492233.261880735] [acados_nmpc_node]: [attach-window] t=6.95s pos_err=0.023m T=19.74N z=0.565 m_est=2.039
[INFO] [1785492233.314780570] [acados_nmpc_node]: [attach-window] t=7.00s pos_err=0.024m T=19.73N z=0.565 m_est=2.039
[INFO] [1785492233.361818994] [acados_nmpc_node]: [attach-window] t=7.05s pos_err=0.025m T=19.71N z=0.566 m_est=2.038
[INFO] [1785492233.414956514] [acados_nmpc_node]: [attach-window] t=7.10s pos_err=0.026m T=19.70N z=0.566 m_est=2.038
[INFO] [1785492233.461992511] [acados_nmpc_node]: [attach-window] t=7.15s pos_err=0.027m T=19.69N z=0.566 m_est=2.037
[INFO] [1785492233.514749221] [acados_nmpc_node]: [attach-window] t=7.20s pos_err=0.028m T=19.68N z=0.567 m_est=2.037
[INFO] [1785492233.561900832] [acados_nmpc_node]: [attach-window] t=7.25s pos_err=0.029m T=19.65N z=0.567 m_est=2.035
[INFO] [1785492233.613339949] [acados_nmpc_node]: [attach-window] t=7.30s pos_err=0.030m T=19.64N z=0.568 m_est=2.035
[INFO] [1785492233.661281834] [acados_nmpc_node]: [attach-window] t=7.35s pos_err=0.031m T=19.61N z=0.568 m_est=2.033
[INFO] [1785492233.713499704] [acados_nmpc_node]: [attach-window] t=7.40s pos_err=0.032m T=19.59N z=0.569 m_est=2.033
[INFO] [1785492233.761245615] [acados_nmpc_node]: [attach-window] t=7.45s pos_err=0.032m T=19.55N z=0.569 m_est=2.030
[INFO] [1785492233.814977327] [acados_nmpc_node]: [attach-window] t=7.50s pos_err=0.033m T=19.54N z=0.570 m_est=2.030
[INFO] [1785492233.861893069] [acados_nmpc_node]: [attach-window] t=7.55s pos_err=0.033m T=19.50N z=0.570 m_est=2.026
[INFO] [1785492233.914774575] [acados_nmpc_node]: [attach-window] t=7.60s pos_err=0.034m T=19.49N z=0.571 m_est=2.026
[INFO] [1785492233.961871512] [acados_nmpc_node]: [attach-window] t=7.65s pos_err=0.034m T=19.44N z=0.571 m_est=2.022
[INFO] [1785492234.014775457] [acados_nmpc_node]: [attach-window] t=7.70s pos_err=0.035m T=19.43N z=0.572 m_est=2.022
[INFO] [1785492234.061888815] [acados_nmpc_node]: [attach-window] t=7.75s pos_err=0.035m T=19.37N z=0.573 m_est=2.017
[INFO] [1785492234.114802383] [acados_nmpc_node]: [attach-window] t=7.80s pos_err=0.035m T=19.36N z=0.573 m_est=2.017
[INFO] [1785492234.161892473] [acados_nmpc_node]: [attach-window] t=7.85s pos_err=0.036m T=19.30N z=0.574 m_est=2.012
[INFO] [1785492234.214902334] [acados_nmpc_node]: [attach-window] t=7.90s pos_err=0.036m T=19.30N z=0.574 m_est=2.012
[INFO] [1785492234.261928722] [acados_nmpc_node]: [attach-window] t=7.95s pos_err=0.036m T=19.24N z=0.574 m_est=2.006
[INFO] [1785492234.312829574] [acados_nmpc_node]: t=8.0s | LIFT: raising hover 0.55->2.5m to lift payload
[INFO] [1785492234.315048625] [acados_nmpc_node]: [attach-window] t=8.00s pos_err=0.036m T=19.23N z=0.575 m_est=2.006
[INFO] [1785492234.361834586] [acados_nmpc_node]: [attach-window] t=8.05s pos_err=0.037m T=19.18N z=0.575 m_est=2.001
[INFO] [1785492234.414738381] [acados_nmpc_node]: [attach-window] t=8.10s pos_err=0.036m T=19.19N z=0.575 m_est=2.001
[INFO] [1785492234.461968841] [acados_nmpc_node]: [attach-window] t=8.15s pos_err=0.035m T=19.16N z=0.575 m_est=1.996
[INFO] [1785492234.514812494] [acados_nmpc_node]: [attach-window] t=8.20s pos_err=0.034m T=19.22N z=0.575 m_est=1.996
[INFO] [1785492234.561824055] [acados_nmpc_node]: [attach-window] t=8.25s pos_err=0.031m T=19.25N z=0.575 m_est=1.990
[INFO] [1785492234.614723168] [acados_nmpc_node]: [attach-window] t=8.30s pos_err=0.029m T=19.38N z=0.575 m_est=1.990
[INFO] [1785492234.661800451] [acados_nmpc_node]: [attach-window] t=8.35s pos_err=0.027m T=19.49N z=0.576 m_est=1.985
[INFO] [1785492234.714709989] [acados_nmpc_node]: [attach-window] t=8.40s pos_err=0.029m T=19.70N z=0.577 m_est=1.985
[INFO] [1785492234.762112535] [acados_nmpc_node]: [attach-window] t=8.45s pos_err=0.036m T=19.90N z=0.577 m_est=1.981
[INFO] [1785492234.814782253] [acados_nmpc_node]: [attach-window] t=8.50s pos_err=0.049m T=20.21N z=0.578 m_est=1.981
[INFO] [1785492234.861838462] [acados_nmpc_node]: [attach-window] t=8.55s pos_err=0.065m T=20.51N z=0.579 m_est=1.977
[INFO] [1785492234.914991288] [acados_nmpc_node]: [attach-window] t=8.60s pos_err=0.086m T=20.93N z=0.581 m_est=1.977
[INFO] [1785492234.961824459] [acados_nmpc_node]: [attach-window] t=8.65s pos_err=0.109m T=21.33N z=0.582 m_est=1.973
[INFO] [1785492235.014828988] [acados_nmpc_node]: [attach-window] t=8.70s pos_err=0.137m T=21.87N z=0.584 m_est=1.973
[INFO] [1785492235.061874594] [acados_nmpc_node]: [attach-window] t=8.75s pos_err=0.166m T=22.38N z=0.585 m_est=1.970
[INFO] [1785492235.115033972] [acados_nmpc_node]: [attach-window] t=8.80s pos_err=0.202m T=23.04N z=0.587 m_est=1.970
[INFO] [1785492235.162156568] [acados_nmpc_node]: [attach-window] t=8.85s pos_err=0.238m T=23.69N z=0.587 m_est=1.969
[INFO] [1785492235.215241935] [acados_nmpc_node]: [attach-window] t=8.90s pos_err=0.280m T=24.47N z=0.589 m_est=1.969
[INFO] [1785492235.262275919] [acados_nmpc_node]: [attach-window] t=8.95s pos_err=0.321m T=25.62N z=0.589 m_est=2.007
[INFO] [1785492235.315159494] [acados_nmpc_node]: [attach-window] t=9.00s pos_err=0.368m T=26.26N z=0.591 m_est=2.007
[INFO] [1785492235.362143375] [acados_nmpc_node]: [attach-window] t=9.05s pos_err=0.413m T=28.77N z=0.593 m_est=2.191
[INFO] [1785492235.415220247] [acados_nmpc_node]: [attach-window] t=9.10s pos_err=0.461m T=28.94N z=0.599 m_est=2.191
[INFO] [1785492235.462305681] [acados_nmpc_node]: [attach-window] t=9.15s pos_err=0.506m T=30.56N z=0.605 m_est=2.329
[INFO] [1785492235.515115614] [acados_nmpc_node]: [attach-window] t=9.20s pos_err=0.544m T=29.50N z=0.625 m_est=2.329
[INFO] [1785492235.562125658] [acados_nmpc_node]: [attach-window] t=9.25s pos_err=0.584m T=30.25N z=0.639 m_est=2.427
[INFO] [1785492235.615006203] [acados_nmpc_node]: [attach-window] t=9.30s pos_err=0.609m T=28.85N z=0.675 m_est=2.427
[INFO] [1785492235.662147677] [acados_nmpc_node]: [attach-window] t=9.35s pos_err=0.643m T=28.75N z=0.697 m_est=2.455
[INFO] [1785492235.715174593] [acados_nmpc_node]: [attach-window] t=9.40s pos_err=0.645m T=26.79N z=0.759 m_est=2.455
[INFO] [1785492235.761853261] [acados_nmpc_node]: [attach-window] t=9.45s pos_err=0.670m T=26.42N z=0.790 m_est=2.448
[INFO] [1785492235.814874323] [acados_nmpc_node]: [attach-window] t=9.50s pos_err=0.656m T=24.78N z=0.869 m_est=2.448
[INFO] [1785492235.862177693] [acados_nmpc_node]: [attach-window] t=9.55s pos_err=0.686m T=24.77N z=0.897 m_est=2.421
[INFO] [1785492235.915085713] [acados_nmpc_node]: [attach-window] t=9.60s pos_err=0.664m T=23.65N z=0.984 m_est=2.421
[INFO] [1785492235.962227361] [acados_nmpc_node]: [attach-window] t=9.65s pos_err=0.680m T=23.51N z=1.023 m_est=2.389
[INFO] [1785492236.014950038] [acados_nmpc_node]: [attach-window] t=9.70s pos_err=0.654m T=22.78N z=1.113 m_est=2.389
[INFO] [1785492236.062154365] [acados_nmpc_node]: [attach-window] t=9.75s pos_err=0.678m T=23.05N z=1.143 m_est=2.365
[INFO] [1785492236.114904350] [acados_nmpc_node]: [attach-window] t=9.80s pos_err=0.650m T=22.63N z=1.231 m_est=2.365
[INFO] [1785492236.161869171] [acados_nmpc_node]: [attach-window] t=9.85s pos_err=0.664m T=22.80N z=1.270 m_est=2.346
[INFO] [1785492236.214929647] [acados_nmpc_node]: [attach-window] t=9.90s pos_err=0.645m T=22.64N z=1.346 m_est=2.346
[INFO] [1785492236.261880567] [acados_nmpc_node]: [attach-window] t=9.95s pos_err=0.647m T=22.71N z=1.392 m_est=2.333
[INFO] [1785492236.314901248] [acados_nmpc_node]: [attach-window] t=10.00s pos_err=0.628m T=22.57N z=1.464 m_est=2.333
[INFO] [1785492236.361776155] [acados_nmpc_node]: [attach-window] t=10.05s pos_err=0.637m T=22.79N z=1.499 m_est=2.324
[INFO] [1785492236.415038296] [acados_nmpc_node]: [attach-window] t=10.10s pos_err=0.615m T=22.63N z=1.568 m_est=2.324
[INFO] [1785492236.461836359] [acados_nmpc_node]: [attach-window] t=10.15s pos_err=0.620m T=22.79N z=1.601 m_est=2.318
[INFO] [1785492236.514840710] [acados_nmpc_node]: [attach-window] t=10.20s pos_err=0.587m T=22.43N z=1.676 m_est=2.318
[INFO] [1785492236.561850432] [acados_nmpc_node]: [attach-window] t=10.25s pos_err=0.589m T=22.54N z=1.708 m_est=2.314
[INFO] [1785492236.614840464] [acados_nmpc_node]: [attach-window] t=10.30s pos_err=0.561m T=22.28N z=1.771 m_est=2.314
[INFO] [1785492236.661839503] [acados_nmpc_node]: [attach-window] t=10.35s pos_err=0.558m T=22.35N z=1.802 m_est=2.312
[INFO] [1785492236.715058267] [acados_nmpc_node]: [attach-window] t=10.40s pos_err=0.518m T=21.95N z=1.870 m_est=2.312
[INFO] [1785492236.761868732] [acados_nmpc_node]: [attach-window] t=10.45s pos_err=0.511m T=21.97N z=1.899 m_est=2.310
[INFO] [1785492236.815217710] [acados_nmpc_node]: [attach-window] t=10.50s pos_err=0.475m T=21.70N z=1.956 m_est=2.310
[INFO] [1785492236.861922112] [acados_nmpc_node]: [attach-window] t=10.55s pos_err=0.464m T=21.70N z=1.984 m_est=2.310
[INFO] [1785492236.914903915] [acados_nmpc_node]: [attach-window] t=10.60s pos_err=0.420m T=21.40N z=2.043 m_est=2.310
[INFO] [1785492236.961851028] [acados_nmpc_node]: [attach-window] t=10.65s pos_err=0.406m T=21.39N z=2.068 m_est=2.309
[INFO] [1785492236.962327386] [acados_nmpc_node]: t=10.6s | pos_err=0.406m | T=21.39N | tau=[r-0.055 p0.041 y0.003]Nm | res_stat=3.436e-07(peak 9.866e-07) sqp_iter=3 | solve=1.5ms
[INFO] [1785492237.014909589] [acados_nmpc_node]: [attach-window] t=10.70s pos_err=0.368m T=21.22N z=2.116 m_est=2.309
[INFO] [1785492237.061806056] [acados_nmpc_node]: [attach-window] t=10.75s pos_err=0.352m T=21.21N z=2.138 m_est=2.309
[INFO] [1785492237.115106668] [acados_nmpc_node]: [attach-window] t=10.80s pos_err=0.310m T=21.11N z=2.185 m_est=2.309
[INFO] [1785492237.161265760] [acados_nmpc_node]: [attach-window] t=10.85s pos_err=0.293m T=21.11N z=2.204 m_est=2.309
[INFO] [1785492237.213373405] [acados_nmpc_node]: [attach-window] t=10.90s pos_err=0.260m T=21.12N z=2.240 m_est=2.309
[INFO] [1785492237.261290552] [acados_nmpc_node]: [attach-window] t=10.95s pos_err=0.240m T=21.16N z=2.260 m_est=2.309
[INFO] [1785492237.313409746] [acados_nmpc_node]: [attach-window] t=11.00s pos_err=0.212m T=21.27N z=2.288 m_est=2.309
[INFO] [1785492237.361226301] [acados_nmpc_node]: [attach-window] t=11.05s pos_err=0.199m T=21.34N z=2.301 m_est=2.309
[INFO] [1785492237.413458553] [acados_nmpc_node]: [attach-window] t=11.10s pos_err=0.176m T=21.51N z=2.325 m_est=2.309
[INFO] [1785492237.461302530] [acados_nmpc_node]: [attach-window] t=11.15s pos_err=0.165m T=21.62N z=2.335 m_est=2.310
[INFO] [1785492237.513486308] [acados_nmpc_node]: [attach-window] t=11.20s pos_err=0.145m T=21.84N z=2.355 m_est=2.310
[INFO] [1785492237.561247984] [acados_nmpc_node]: [attach-window] t=11.25s pos_err=0.137m T=21.98N z=2.363 m_est=2.314
[INFO] [1785492237.613430111] [acados_nmpc_node]: [attach-window] t=11.30s pos_err=0.123m T=22.16N z=2.377 m_est=2.314
[INFO] [1785492237.661284629] [acados_nmpc_node]: [attach-window] t=11.35s pos_err=0.117m T=22.30N z=2.383 m_est=2.321
[INFO] [1785492237.713292038] [acados_nmpc_node]: [attach-window] t=11.40s pos_err=0.105m T=22.46N z=2.395 m_est=2.321
[INFO] [1785492237.761224885] [acados_nmpc_node]: [attach-window] t=11.45s pos_err=0.100m T=22.59N z=2.400 m_est=2.329
[INFO] [1785492237.813264624] [acados_nmpc_node]: [attach-window] t=11.50s pos_err=0.091m T=22.69N z=2.410 m_est=2.329
[INFO] [1785492237.861354722] [acados_nmpc_node]: [attach-window] t=11.55s pos_err=0.087m T=22.80N z=2.413 m_est=2.337
[INFO] [1785492237.913504088] [acados_nmpc_node]: [attach-window] t=11.60s pos_err=0.081m T=22.84N z=2.420 m_est=2.337
[INFO] [1785492237.961039818] [acados_nmpc_node]: [attach-window] t=11.65s pos_err=0.077m T=22.91N z=2.423 m_est=2.344
[INFO] [1785492238.014755237] [acados_nmpc_node]: [attach-window] t=11.70s pos_err=0.071m T=22.92N z=2.429 m_est=2.344
[INFO] [1785492238.061805009] [acados_nmpc_node]: [attach-window] t=11.75s pos_err=0.068m T=22.96N z=2.432 m_est=2.349
[INFO] [1785492238.114940832] [acados_nmpc_node]: [attach-window] t=11.80s pos_err=0.062m T=22.93N z=2.439 m_est=2.349
[INFO] [1785492238.161728483] [acados_nmpc_node]: [attach-window] t=11.85s pos_err=0.059m T=22.95N z=2.442 m_est=2.353
[INFO] [1785492238.214931697] [acados_nmpc_node]: [attach-window] t=11.90s pos_err=0.053m T=22.91N z=2.448 m_est=2.353
[INFO] [1785492238.261720004] [acados_nmpc_node]: [attach-window] t=11.95s pos_err=0.050m T=22.93N z=2.451 m_est=2.357
[INFO] [1785492238.314782181] [acados_nmpc_node]: [attach-window] t=12.00s pos_err=0.044m T=22.90N z=2.457 m_est=2.357
[INFO] [1785492238.361696172] [acados_nmpc_node]: [attach-window] t=12.05s pos_err=0.041m T=22.92N z=2.460 m_est=2.360
[INFO] [1785492238.414835083] [acados_nmpc_node]: [attach-window] t=12.10s pos_err=0.036m T=22.91N z=2.465 m_est=2.360
[INFO] [1785492238.461685398] [acados_nmpc_node]: [attach-window] t=12.15s pos_err=0.034m T=22.93N z=2.467 m_est=2.362
[INFO] [1785492238.514777291] [acados_nmpc_node]: [attach-window] t=12.20s pos_err=0.030m T=22.93N z=2.472 m_est=2.362
[INFO] [1785492238.561709863] [acados_nmpc_node]: [attach-window] t=12.25s pos_err=0.028m T=22.95N z=2.474 m_est=2.364
[INFO] [1785492238.614906429] [acados_nmpc_node]: [attach-window] t=12.30s pos_err=0.024m T=22.95N z=2.477 m_est=2.364
[INFO] [1785492238.661731323] [acados_nmpc_node]: [attach-window] t=12.35s pos_err=0.022m T=22.96N z=2.479 m_est=2.366
[INFO] [1785492238.714874361] [acados_nmpc_node]: [attach-window] t=12.40s pos_err=0.018m T=22.96N z=2.483 m_est=2.366
[INFO] [1785492238.761601833] [acados_nmpc_node]: [attach-window] t=12.45s pos_err=0.017m T=22.97N z=2.484 m_est=2.367
[INFO] [1785492238.814764837] [acados_nmpc_node]: [attach-window] t=12.50s pos_err=0.014m T=22.98N z=2.487 m_est=2.367
[INFO] [1785492238.861598106] [acados_nmpc_node]: [attach-window] t=12.55s pos_err=0.013m T=22.99N z=2.488 m_est=2.367
[INFO] [1785492238.915028358] [acados_nmpc_node]: [attach-window] t=12.60s pos_err=0.010m T=23.01N z=2.490 m_est=2.367
[INFO] [1785492238.961763585] [acados_nmpc_node]: [attach-window] t=12.65s pos_err=0.009m T=23.02N z=2.491 m_est=2.367
[INFO] [1785492239.015001543] [acados_nmpc_node]: [attach-window] t=12.70s pos_err=0.008m T=23.04N z=2.493 m_est=2.367
[INFO] [1785492239.061616053] [acados_nmpc_node]: [attach-window] t=12.75s pos_err=0.007m T=23.05N z=2.493 m_est=2.367
[INFO] [1785492239.114974150] [acados_nmpc_node]: [attach-window] t=12.80s pos_err=0.006m T=23.07N z=2.494 m_est=2.367
[INFO] [1785492239.161640748] [acados_nmpc_node]: [attach-window] t=12.85s pos_err=0.005m T=23.07N z=2.495 m_est=2.366
[INFO] [1785492239.214888788] [acados_nmpc_node]: [attach-window] t=12.90s pos_err=0.004m T=23.06N z=2.497 m_est=2.366
[INFO] [1785492239.261806313] [acados_nmpc_node]: [attach-window] t=12.95s pos_err=0.004m T=23.06N z=2.497 m_est=2.365
[INFO] [1785492239.314992389] [acados_nmpc_node]: [attach-window] t=13.00s pos_err=0.005m T=23.05N z=2.499 m_est=2.365
[INFO] [1785492239.361818860] [acados_nmpc_node]: [attach-window] t=13.05s pos_err=0.007m T=23.04N z=2.500 m_est=2.364
[INFO] [1785492239.415015615] [acados_nmpc_node]: [attach-window] t=13.10s pos_err=0.009m T=23.03N z=2.501 m_est=2.364
[INFO] [1785492239.461811618] [acados_nmpc_node]: [attach-window] t=13.15s pos_err=0.011m T=23.02N z=2.502 m_est=2.363
[INFO] [1785492239.515216348] [acados_nmpc_node]: [attach-window] t=13.20s pos_err=0.014m T=23.03N z=2.504 m_est=2.363
[INFO] [1785492239.562001351] [acados_nmpc_node]: [attach-window] t=13.25s pos_err=0.015m T=23.03N z=2.504 m_est=2.362
[INFO] [1785492239.613408737] [acados_nmpc_node]: [attach-window] t=13.30s pos_err=0.017m T=23.05N z=2.505 m_est=2.362
[INFO] [1785492239.661090141] [acados_nmpc_node]: [attach-window] t=13.35s pos_err=0.017m T=23.05N z=2.505 m_est=2.362
[INFO] [1785492239.713259287] [acados_nmpc_node]: [attach-window] t=13.40s pos_err=0.019m T=23.07N z=2.506 m_est=2.362
[INFO] [1785492239.761088273] [acados_nmpc_node]: [attach-window] t=13.45s pos_err=0.019m T=23.08N z=2.506 m_est=2.361
[INFO] [1785492239.813134384] [acados_nmpc_node]: [attach-window] t=13.50s pos_err=0.020m T=23.11N z=2.506 m_est=2.361
[INFO] [1785492239.861168115] [acados_nmpc_node]: [attach-window] t=13.55s pos_err=0.020m T=23.12N z=2.506 m_est=2.361
[INFO] [1785492239.913505774] [acados_nmpc_node]: [attach-window] t=13.60s pos_err=0.020m T=23.14N z=2.505 m_est=2.361
[INFO] [1785492239.961131316] [acados_nmpc_node]: [attach-window] t=13.65s pos_err=0.020m T=23.16N z=2.505 m_est=2.361
[INFO] [1785492240.014996882] [acados_nmpc_node]: [attach-window] t=13.70s pos_err=0.019m T=23.17N z=2.504 m_est=2.361
[INFO] [1785492240.061620396] [acados_nmpc_node]: [attach-window] t=13.75s pos_err=0.018m T=23.17N z=2.504 m_est=2.361
[INFO] [1785492240.115076901] [acados_nmpc_node]: [attach-window] t=13.80s pos_err=0.017m T=23.17N z=2.504 m_est=2.361
[INFO] [1785492240.161594733] [acados_nmpc_node]: [attach-window] t=13.85s pos_err=0.017m T=23.17N z=2.504 m_est=2.361
[INFO] [1785492240.214876544] [acados_nmpc_node]: [attach-window] t=13.90s pos_err=0.015m T=23.16N z=2.504 m_est=2.361
[INFO] [1785492240.261587936] [acados_nmpc_node]: [attach-window] t=13.95s pos_err=0.015m T=23.15N z=2.504 m_est=2.361
[INFO] [1785492240.317890032] [acados_nmpc_node]: t=14.0s | DYNAMIC: switch to figure8 (r=0.8 w=0.25) centered at [1.00,0.04] z=2.5, tracking with payload
[INFO] [1785492240.320160092] [acados_nmpc_node]: [attach-window] t=14.00s pos_err=0.004m T=23.14N z=2.504 m_est=2.361
[INFO] [1785492240.361939986] [acados_nmpc_node]: [attach-window] t=14.05s pos_err=0.004m T=23.14N z=2.504 m_est=2.361
[INFO] [1785492240.415213432] [acados_nmpc_node]: [attach-window] t=14.10s pos_err=0.005m T=23.12N z=2.504 m_est=2.361
[INFO] [1785492240.461672881] [acados_nmpc_node]: [attach-window] t=14.15s pos_err=0.005m T=23.12N z=2.505 m_est=2.361
[INFO] [1785492240.515166111] [acados_nmpc_node]: [attach-window] t=14.20s pos_err=0.006m T=23.11N z=2.505 m_est=2.361
[INFO] [1785492240.561637354] [acados_nmpc_node]: [attach-window] t=14.25s pos_err=0.007m T=23.11N z=2.505 m_est=2.361
[INFO] [1785492240.615192226] [acados_nmpc_node]: [attach-window] t=14.30s pos_err=0.007m T=23.11N z=2.505 m_est=2.361
[INFO] [1785492240.661635304] [acados_nmpc_node]: [attach-window] t=14.35s pos_err=0.007m T=23.10N z=2.506 m_est=2.360
[INFO] [1785492240.715109254] [acados_nmpc_node]: [attach-window] t=14.40s pos_err=0.008m T=23.10N z=2.506 m_est=2.360
[INFO] [1785492240.761693217] [acados_nmpc_node]: [attach-window] t=14.45s pos_err=0.008m T=23.10N z=2.506 m_est=2.360
[INFO] [1785492240.815003411] [acados_nmpc_node]: [attach-window] t=14.50s pos_err=0.009m T=23.09N z=2.507 m_est=2.360
[INFO] [1785492240.861655778] [acados_nmpc_node]: [attach-window] t=14.55s pos_err=0.009m T=23.09N z=2.507 m_est=2.360
[INFO] [1785492240.915115142] [acados_nmpc_node]: [attach-window] t=14.60s pos_err=0.009m T=23.10N z=2.508 m_est=2.360
[INFO] [1785492240.961610512] [acados_nmpc_node]: [attach-window] t=14.65s pos_err=0.009m T=23.10N z=2.508 m_est=2.360
[INFO] [1785492241.015051197] [acados_nmpc_node]: [attach-window] t=14.70s pos_err=0.008m T=23.11N z=2.508 m_est=2.360
[INFO] [1785492241.061351024] [acados_nmpc_node]: [attach-window] t=14.75s pos_err=0.008m T=23.12N z=2.508 m_est=2.360
[INFO] [1785492241.115164287] [acados_nmpc_node]: [attach-window] t=14.80s pos_err=0.008m T=23.12N z=2.508 m_est=2.360
[INFO] [1785492241.161626918] [acados_nmpc_node]: [attach-window] t=14.85s pos_err=0.009m T=23.13N z=2.508 m_est=2.360
[INFO] [1785492241.215026429] [acados_nmpc_node]: [attach-window] t=14.90s pos_err=0.009m T=23.13N z=2.508 m_est=2.360
[INFO] [1785492241.261604448] [acados_nmpc_node]: [attach-window] t=14.95s pos_err=0.010m T=23.13N z=2.509 m_est=2.359
[INFO] [1785492241.315044323] [acados_nmpc_node]: [attach-window] t=15.00s pos_err=0.011m T=23.12N z=2.509 m_est=2.359
[INFO] [1785492241.361686369] [acados_nmpc_node]: [attach-window] t=15.05s pos_err=0.012m T=23.12N z=2.509 m_est=2.359
[INFO] [1785492241.414851608] [acados_nmpc_node]: [attach-window] t=15.10s pos_err=0.014m T=23.12N z=2.509 m_est=2.359
[INFO] [1785492241.461687587] [acados_nmpc_node]: [attach-window] t=15.15s pos_err=0.014m T=23.11N z=2.510 m_est=2.359
[INFO] [1785492241.515307932] [acados_nmpc_node]: [attach-window] t=15.20s pos_err=0.015m T=23.11N z=2.510 m_est=2.359
[INFO] [1785492241.561748951] [acados_nmpc_node]: [attach-window] t=15.25s pos_err=0.016m T=23.10N z=2.511 m_est=2.359
[INFO] [1785492241.615237404] [acados_nmpc_node]: [attach-window] t=15.30s pos_err=0.016m T=23.10N z=2.511 m_est=2.359
[INFO] [1785492241.661677334] [acados_nmpc_node]: [attach-window] t=15.35s pos_err=0.016m T=23.09N z=2.511 m_est=2.359
[INFO] [1785492241.715103092] [acados_nmpc_node]: [attach-window] t=15.40s pos_err=0.016m T=23.10N z=2.512 m_est=2.359
[INFO] [1785492241.763202545] [acados_nmpc_node]: [attach-window] t=15.45s pos_err=0.016m T=23.10N z=2.512 m_est=2.359
[INFO] [1785492241.816381883] [acados_nmpc_node]: [attach-window] t=15.50s pos_err=0.016m T=23.11N z=2.512 m_est=2.359
[INFO] [1785492241.862734523] [acados_nmpc_node]: [attach-window] t=15.55s pos_err=0.015m T=23.11N z=2.512 m_est=2.359
[INFO] [1785492241.917660142] [acados_nmpc_node]: [attach-window] t=15.60s pos_err=0.015m T=23.09N z=2.512 m_est=2.359
[INFO] [1785492241.962664251] [acados_nmpc_node]: [attach-window] t=15.65s pos_err=0.014m T=23.09N z=2.512 m_est=2.359
[INFO] [1785492241.963148249] [acados_nmpc_node]: t=15.6s | pos_err=0.014m | T=23.09N | tau=[r-0.131 p0.021 y0.083]Nm | res_stat=9.069e-07(peak 9.866e-07) sqp_iter=4 | solve=2.1ms
[INFO] [1785492242.014494650] [acados_nmpc_node]: [attach-window] t=15.70s pos_err=0.013m T=23.10N z=2.511 m_est=2.359
[INFO] [1785492242.061826129] [acados_nmpc_node]: [attach-window] t=15.75s pos_err=0.013m T=23.10N z=2.511 m_est=2.358
[INFO] [1785492242.116309263] [acados_nmpc_node]: [attach-window] t=15.80s pos_err=0.011m T=23.12N z=2.510 m_est=2.358
[INFO] [1785492242.162656640] [acados_nmpc_node]: [attach-window] t=15.85s pos_err=0.011m T=23.13N z=2.510 m_est=2.358
[INFO] [1785492242.215926767] [acados_nmpc_node]: [attach-window] t=15.90s pos_err=0.009m T=23.15N z=2.509 m_est=2.358
[INFO] [1785492242.262562136] [acados_nmpc_node]: [attach-window] t=15.95s pos_err=0.009m T=23.15N z=2.508 m_est=2.357
[INFO] [1785492242.315970044] [acados_nmpc_node]: [attach-window] t=16.00s pos_err=0.007m T=23.17N z=2.506 m_est=2.357
[INFO] [1785492242.361665403] [acados_nmpc_node]: [attach-window] t=16.05s pos_err=0.007m T=23.17N z=2.506 m_est=2.356
[INFO] [1785492242.414272212] [acados_nmpc_node]: [attach-window] t=16.10s pos_err=0.007m T=23.17N z=2.504 m_est=2.356
[INFO] [1785492242.461834912] [acados_nmpc_node]: [attach-window] t=16.15s pos_err=0.008m T=23.15N z=2.504 m_est=2.355
[INFO] [1785492242.514269382] [acados_nmpc_node]: [attach-window] t=16.20s pos_err=0.009m T=23.12N z=2.503 m_est=2.355
[INFO] [1785492242.561911748] [acados_nmpc_node]: [attach-window] t=16.25s pos_err=0.010m T=23.07N z=2.503 m_est=2.353
[INFO] [1785492242.614096401] [acados_nmpc_node]: [attach-window] t=16.30s pos_err=0.012m T=23.01N z=2.503 m_est=2.353
[INFO] [1785492242.661878597] [acados_nmpc_node]: [attach-window] t=16.35s pos_err=0.013m T=22.93N z=2.504 m_est=2.349
[INFO] [1785492242.716089067] [acados_nmpc_node]: [attach-window] t=16.40s pos_err=0.015m T=22.87N z=2.504 m_est=2.349
[INFO] [1785492242.762909817] [acados_nmpc_node]: [attach-window] t=16.45s pos_err=0.015m T=22.79N z=2.505 m_est=2.344
[INFO] [1785492242.816030579] [acados_nmpc_node]: [attach-window] t=16.50s pos_err=0.017m T=22.75N z=2.506 m_est=2.344
[INFO] [1785492242.862294579] [acados_nmpc_node]: [attach-window] t=16.55s pos_err=0.018m T=22.66N z=2.507 m_est=2.336
[INFO] [1785492242.915693484] [acados_nmpc_node]: [attach-window] t=16.60s pos_err=0.020m T=22.67N z=2.508 m_est=2.336
[INFO] [1785492242.962021433] [acados_nmpc_node]: [attach-window] t=16.65s pos_err=0.021m T=22.59N z=2.509 m_est=2.326
[INFO] [1785492243.015975923] [acados_nmpc_node]: [attach-window] t=16.70s pos_err=0.022m T=22.66N z=2.509 m_est=2.326
[INFO] [1785492243.062337496] [acados_nmpc_node]: [attach-window] t=16.75s pos_err=0.022m T=22.61N z=2.510 m_est=2.317
[INFO] [1785492243.116535352] [acados_nmpc_node]: [attach-window] t=16.80s pos_err=0.022m T=22.74N z=2.509 m_est=2.317
[INFO] [1785492243.162403874] [acados_nmpc_node]: [attach-window] t=16.85s pos_err=0.021m T=22.72N z=2.509 m_est=2.308
[INFO] [1785492243.216071178] [acados_nmpc_node]: [attach-window] t=16.90s pos_err=0.020m T=22.83N z=2.508 m_est=2.308
[INFO] [1785492243.261625028] [acados_nmpc_node]: [attach-window] t=16.95s pos_err=0.019m T=22.82N z=2.508 m_est=2.302
[INFO] [1785492243.316310106] [acados_nmpc_node]: [attach-window] t=17.00s pos_err=0.016m T=22.92N z=2.506 m_est=2.302
[INFO] [1785492243.361919228] [acados_nmpc_node]: [attach-window] t=17.05s pos_err=0.014m T=22.91N z=2.505 m_est=2.296
[INFO] [1785492243.414291389] [acados_nmpc_node]: [attach-window] t=17.10s pos_err=0.012m T=22.99N z=2.502 m_est=2.296
[INFO] [1785492243.461894949] [acados_nmpc_node]: [attach-window] t=17.15s pos_err=0.010m T=22.97N z=2.501 m_est=2.291
[INFO] [1785492243.514180705] [acados_nmpc_node]: [attach-window] t=17.20s pos_err=0.011m T=23.02N z=2.498 m_est=2.291
[INFO] [1785492243.562685281] [acados_nmpc_node]: [attach-window] t=17.25s pos_err=0.009m T=22.98N z=2.497 m_est=2.285
[INFO] [1785492243.616224599] [acados_nmpc_node]: [attach-window] t=17.30s pos_err=0.011m T=23.02N z=2.494 m_est=2.285
[INFO] [1785492243.662532151] [acados_nmpc_node]: [attach-window] t=17.35s pos_err=0.010m T=22.97N z=2.493 m_est=2.277
[INFO] [1785492243.716307273] [acados_nmpc_node]: [attach-window] t=17.40s pos_err=0.014m T=23.00N z=2.490 m_est=2.277
[INFO] [1785492243.762644111] [acados_nmpc_node]: [attach-window] t=17.45s pos_err=0.014m T=22.93N z=2.488 m_est=2.269
[INFO] [1785492243.816141412] [acados_nmpc_node]: [attach-window] t=17.50s pos_err=0.017m T=22.96N z=2.486 m_est=2.269
[INFO] [1785492243.877132425] [acados_nmpc_node]: [attach-window] t=17.55s pos_err=0.017m T=22.89N z=2.484 m_est=2.259
[INFO] [1785492243.916638178] [acados_nmpc_node]: [attach-window] t=17.60s pos_err=0.022m T=22.95N z=2.481 m_est=2.259
[INFO] [1785492243.962694867] [acados_nmpc_node]: [attach-window] t=17.65s pos_err=0.022m T=22.87N z=2.480 m_est=2.248
[INFO] [1785492244.016104440] [acados_nmpc_node]: [attach-window] t=17.70s pos_err=0.025m T=22.93N z=2.477 m_est=2.248
[INFO] [1785492244.062560523] [acados_nmpc_node]: [attach-window] t=17.75s pos_err=0.025m T=22.85N z=2.475 m_est=2.236
[INFO] [1785492244.115763289] [acados_nmpc_node]: [attach-window] t=17.80s pos_err=0.030m T=22.94N z=2.472 m_est=2.236
[INFO] [1785492244.162006885] [acados_nmpc_node]: [attach-window] t=17.85s pos_err=0.031m T=22.88N z=2.471 m_est=2.224
[INFO] [1785492244.215825996] [acados_nmpc_node]: [attach-window] t=17.90s pos_err=0.036m T=23.00N z=2.467 m_est=2.224
[INFO] [1785492244.262120408] [acados_nmpc_node]: [attach-window] t=17.95s pos_err=0.036m T=22.97N z=2.466 m_est=2.214
[INFO] [1785492244.315676057] [acados_nmpc_node]: [attach-window] t=18.00s pos_err=0.043m T=23.12N z=2.461 m_est=2.214
[INFO] [1785492244.362038514] [acados_nmpc_node]: [attach-window] t=18.05s pos_err=0.044m T=23.14N z=2.459 m_est=2.209
[INFO] [1785492244.415664874] [acados_nmpc_node]: [attach-window] t=18.10s pos_err=0.050m T=23.26N z=2.454 m_est=2.209
[INFO] [1785492244.462075013] [acados_nmpc_node]: [attach-window] t=18.15s pos_err=0.052m T=23.31N z=2.452 m_est=2.208
[INFO] [1785492244.515693508] [acados_nmpc_node]: [attach-window] t=18.20s pos_err=0.059m T=23.42N z=2.446 m_est=2.208
[INFO] [1785492244.562027212] [acados_nmpc_node]: [attach-window] t=18.25s pos_err=0.061m T=23.48N z=2.443 m_est=2.209
[INFO] [1785492244.616035617] [acados_nmpc_node]: [attach-window] t=18.30s pos_err=0.067m T=23.53N z=2.437 m_est=2.209
[INFO] [1785492244.662289741] [acados_nmpc_node]: [attach-window] t=18.35s pos_err=0.068m T=23.58N z=2.436 m_est=2.212
[INFO] [1785492244.715978647] [acados_nmpc_node]: [attach-window] t=18.40s pos_err=0.074m T=23.58N z=2.431 m_est=2.212
[INFO] [1785492244.762274829] [acados_nmpc_node]: [attach-window] t=18.45s pos_err=0.076m T=23.63N z=2.429 m_est=2.218
[INFO] [1785492244.816119217] [acados_nmpc_node]: [attach-window] t=18.50s pos_err=0.079m T=23.59N z=2.425 m_est=2.218
[INFO] [1785492244.862370452] [acados_nmpc_node]: [attach-window] t=18.55s pos_err=0.080m T=23.65N z=2.424 m_est=2.227
[INFO] [1785492244.915927630] [acados_nmpc_node]: [attach-window] t=18.60s pos_err=0.082m T=23.58N z=2.422 m_est=2.227
[INFO] [1785492244.961663994] [acados_nmpc_node]: [attach-window] t=18.65s pos_err=0.083m T=23.67N z=2.421 m_est=2.240
[INFO] [1785492245.014310871] [acados_nmpc_node]: [attach-window] t=18.70s pos_err=0.084m T=23.59N z=2.420 m_est=2.240
[INFO] [1785492245.061806198] [acados_nmpc_node]: [attach-window] t=18.75s pos_err=0.084m T=23.70N z=2.420 m_est=2.256
[INFO] [1785492245.114520508] [acados_nmpc_node]: [attach-window] t=18.80s pos_err=0.083m T=23.58N z=2.420 m_est=2.256
[INFO] [1785492245.161728829] [acados_nmpc_node]: [attach-window] t=18.85s pos_err=0.083m T=23.68N z=2.420 m_est=2.273
[INFO] [1785492245.214131541] [acados_nmpc_node]: [attach-window] t=18.90s pos_err=0.081m T=23.53N z=2.422 m_est=2.273
[INFO] [1785492245.261722476] [acados_nmpc_node]: [attach-window] t=18.95s pos_err=0.080m T=23.61N z=2.423 m_est=2.290
[INFO] [1785492245.316203631] [acados_nmpc_node]: [attach-window] t=19.00s pos_err=0.077m T=23.46N z=2.425 m_est=2.290
[INFO] [1785492245.362441052] [acados_nmpc_node]: [attach-window] t=19.05s pos_err=0.077m T=23.52N z=2.427 m_est=2.306
[INFO] [1785492245.416142014] [acados_nmpc_node]: [attach-window] t=19.10s pos_err=0.071m T=23.33N z=2.431 m_est=2.306
[INFO] [1785492245.462522612] [acados_nmpc_node]: [attach-window] t=19.15s pos_err=0.070m T=23.37N z=2.433 m_est=2.319
[INFO] [1785492245.516034857] [acados_nmpc_node]: [attach-window] t=19.20s pos_err=0.065m T=23.19N z=2.438 m_est=2.319
[INFO] [1785492245.562909626] [acados_nmpc_node]: [attach-window] t=19.25s pos_err=0.064m T=23.19N z=2.440 m_est=2.329
[INFO] [1785492245.616592876] [acados_nmpc_node]: [attach-window] t=19.30s pos_err=0.058m T=23.02N z=2.446 m_est=2.329
[INFO] [1785492245.681395226] [acados_nmpc_node]: [attach-window] t=19.35s pos_err=0.057m T=22.99N z=2.449 m_est=2.334
[INFO] [1785492245.728132537] [acados_nmpc_node]: [attach-window] t=19.40s pos_err=0.049m T=22.81N z=2.456 m_est=2.334
[INFO] [1785492245.762829779] [acados_nmpc_node]: [attach-window] t=19.45s pos_err=0.047m T=22.73N z=2.459 m_est=2.334
[INFO] [1785492245.816412202] [acados_nmpc_node]: [attach-window] t=19.50s pos_err=0.040m T=22.59N z=2.466 m_est=2.334
[INFO] [1785492245.862835378] [acados_nmpc_node]: [attach-window] t=19.55s pos_err=0.039m T=22.48N z=2.470 m_est=2.328
[INFO] [1785492245.926353756] [acados_nmpc_node]: [attach-window] t=19.60s pos_err=0.032m T=22.41N z=2.477 m_est=2.328
[INFO] [1785492245.962995692] [acados_nmpc_node]: [attach-window] t=19.65s pos_err=0.032m T=22.30N z=2.480 m_est=2.317
[INFO] [1785492246.016537123] [acados_nmpc_node]: [attach-window] t=19.70s pos_err=0.028m T=22.30N z=2.486 m_est=2.317
[INFO] [1785492246.062609687] [acados_nmpc_node]: [attach-window] t=19.75s pos_err=0.027m T=22.20N z=2.488 m_est=2.304
[INFO] [1785492246.116077725] [acados_nmpc_node]: [attach-window] t=19.80s pos_err=0.025m T=22.29N z=2.493 m_est=2.304
[INFO] [1785492246.162265763] [acados_nmpc_node]: [attach-window] t=19.85s pos_err=0.025m T=22.22N z=2.495 m_est=2.290
[INFO] [1785492246.215726266] [acados_nmpc_node]: [attach-window] t=19.90s pos_err=0.025m T=22.35N z=2.497 m_est=2.290
[INFO] [1785492246.262079733] [acados_nmpc_node]: [attach-window] t=19.95s pos_err=0.025m T=22.32N z=2.498 m_est=2.278
[INFO] [1785492246.316233375] [acados_nmpc_node]: [attach-window] t=20.00s pos_err=0.026m T=22.53N z=2.499 m_est=2.278
[INFO] [1785492246.362216421] [acados_nmpc_node]: [attach-window] t=20.05s pos_err=0.025m T=22.56N z=2.498 m_est=2.269
[INFO] [1785492246.416126901] [acados_nmpc_node]: [attach-window] t=20.10s pos_err=0.026m T=22.78N z=2.496 m_est=2.269
[INFO] [1785492246.462403904] [acados_nmpc_node]: [attach-window] t=20.15s pos_err=0.025m T=22.83N z=2.495 m_est=2.263
[INFO] [1785492246.516395057] [acados_nmpc_node]: [attach-window] t=20.20s pos_err=0.028m T=23.05N z=2.490 m_est=2.263
[INFO] [1785492246.562342247] [acados_nmpc_node]: [attach-window] t=20.25s pos_err=0.027m T=23.11N z=2.488 m_est=2.259
[INFO] [1785492246.616294503] [acados_nmpc_node]: [attach-window] t=20.30s pos_err=0.031m T=23.25N z=2.483 m_est=2.259
[INFO] [1785492246.662309830] [acados_nmpc_node]: [attach-window] t=20.35s pos_err=0.031m T=23.28N z=2.480 m_est=2.256
[INFO] [1785492246.716404510] [acados_nmpc_node]: [attach-window] t=20.40s pos_err=0.036m T=23.38N z=2.474 m_est=2.256
[INFO] [1785492246.762677370] [acados_nmpc_node]: [attach-window] t=20.45s pos_err=0.037m T=23.38N z=2.471 m_est=2.253
[INFO] [1785492246.816431197] [acados_nmpc_node]: [attach-window] t=20.50s pos_err=0.042m T=23.41N z=2.466 m_est=2.253
[INFO] [1785492246.862680459] [acados_nmpc_node]: [attach-window] t=20.55s pos_err=0.042m T=23.38N z=2.464 m_est=2.249
[INFO] [1785492246.916431400] [acados_nmpc_node]: [attach-window] t=20.60s pos_err=0.047m T=23.37N z=2.460 m_est=2.249
[INFO] [1785492246.962646561] [acados_nmpc_node]: [attach-window] t=20.65s pos_err=0.047m T=23.33N z=2.458 m_est=2.245
[INFO] [1785492246.963124241] [acados_nmpc_node]: t=20.6s | pos_err=0.047m | T=23.33N | tau=[r-0.139 p0.011 y0.200]Nm | res_stat=1.507e-09(peak 9.866e-07) sqp_iter=4 | solve=2.1ms
[INFO] [1785492247.016454649] [acados_nmpc_node]: [attach-window] t=20.70s pos_err=0.050m T=23.29N z=2.455 m_est=2.245
[INFO] [1785492247.062730229] [acados_nmpc_node]: [attach-window] t=20.75s pos_err=0.049m T=23.23N z=2.454 m_est=2.240
[INFO] [1785492247.129023348] [acados_nmpc_node]: [attach-window] t=20.80s pos_err=0.051m T=23.18N z=2.453 m_est=2.240
[INFO] [1785492247.162695586] [acados_nmpc_node]: [attach-window] t=20.85s pos_err=0.050m T=23.12N z=2.452 m_est=2.235
[INFO] [1785492247.216409349] [acados_nmpc_node]: [attach-window] t=20.90s pos_err=0.050m T=23.09N z=2.452 m_est=2.235
[INFO] [1785492247.262669833] [acados_nmpc_node]: [attach-window] t=20.95s pos_err=0.050m T=23.03N z=2.452 m_est=2.229
[INFO] [1785492247.316345324] [acados_nmpc_node]: [attach-window] t=21.00s pos_err=0.050m T=23.03N z=2.452 m_est=2.229
[INFO] [1785492247.362161635] [acados_nmpc_node]: [attach-window] t=21.05s pos_err=0.050m T=22.99N z=2.452 m_est=2.223
[INFO] [1785492247.415687677] [acados_nmpc_node]: [attach-window] t=21.10s pos_err=0.050m T=23.02N z=2.451 m_est=2.223
[INFO] [1785492247.462115001] [acados_nmpc_node]: [attach-window] t=21.15s pos_err=0.050m T=22.99N z=2.451 m_est=2.218
[INFO] [1785492247.515920747] [acados_nmpc_node]: [attach-window] t=21.20s pos_err=0.052m T=23.06N z=2.450 m_est=2.218
[INFO] [1785492247.562035323] [acados_nmpc_node]: [attach-window] t=21.25s pos_err=0.052m T=23.07N z=2.449 m_est=2.215
[INFO] [1785492247.616232831] [acados_nmpc_node]: [attach-window] t=21.30s pos_err=0.055m T=23.16N z=2.447 m_est=2.215
[INFO] [1785492247.662201581] [acados_nmpc_node]: [attach-window] t=21.35s pos_err=0.055m T=23.14N z=2.447 m_est=2.212
[ros2run]: Killed
