[INFO] [1785422184.388162169] [mhe_node]: MHE node starting, building/loading solver...
Code reuse possible, skipping code generation.
acados was compiled without OpenMP.
[INFO] [1785422184.394449003] [mhe_node]: weight schedule theta = [-4.00, 0.00, 0.00, 0.00], signal mode = external
[INFO] [1785422184.398284325] [mhe_node]: MHE node initialized! Waiting for odometry + control data...
[INFO] [1785422212.698499384] [mhe_node]: [geom] payload_attached=False -> dJ=0.0000 c_xy=[+0.0000,+0.0000]
[INFO] [1785422214.600688680] [mhe_node]: MHE mass estimate: 2.060 kg (T_phys=18.72N)
[INFO] [1785422214.601100580] [mhe_node]: [tau_phys] roll=-0.002 pitch=-0.001 Nm
[INFO] [1785422214.601499434] [mhe_node]: [c_xy_est] cx=+0.0000 cy=+0.0000 m
[INFO] [1785422216.600648702] [mhe_node]: MHE mass estimate: 2.064 kg (T_phys=20.29N)
[INFO] [1785422216.601051647] [mhe_node]: [tau_phys] roll=-0.004 pitch=-0.002 Nm
[INFO] [1785422216.601442982] [mhe_node]: [c_xy_est] cx=+0.0000 cy=-0.0000 m
[INFO] [1785422217.172075346] [mhe_node]: mass event [attach (gripper)] received at frame 65: armed, waiting for T_phys confirmation (baseline=20.36N, thresh=1.5N)
[INFO] [1785422217.198466846] [mhe_node]: [geom] payload_attached=True -> dJ=0.0723 c_xy=[-0.0063,-0.0110]
[INFO] [1785422217.205043458] [mhe_node]: [post-event] m_est=2.017 kg (T_phys=20.35N)
[INFO] [1785422217.303884487] [mhe_node]: [post-event] m_est=2.019 kg (T_phys=19.44N)
[INFO] [1785422217.403313388] [mhe_node]: [post-event] m_est=2.019 kg (T_phys=19.40N)
[INFO] [1785422217.504361062] [mhe_node]: [post-event] m_est=2.017 kg (T_phys=19.35N)
[INFO] [1785422217.604459145] [mhe_node]: [post-event] m_est=2.015 kg (T_phys=19.29N)
[INFO] [1785422217.703800325] [mhe_node]: [post-event] m_est=2.011 kg (T_phys=19.22N)
[INFO] [1785422217.803991020] [mhe_node]: [post-event] m_est=2.006 kg (T_phys=19.17N)
[INFO] [1785422217.903744799] [mhe_node]: [post-event] m_est=1.999 kg (T_phys=19.11N)
[INFO] [1785422218.005086116] [mhe_node]: [post-event] m_est=1.991 kg (T_phys=19.05N)
[INFO] [1785422218.104831010] [mhe_node]: [post-event] m_est=1.981 kg (T_phys=18.97N)
[INFO] [1785422218.206081453] [mhe_node]: [post-event] m_est=1.970 kg (T_phys=18.89N)
[INFO] [1785422218.298353664] [mhe_node]: mass event confirmed by T_phys (18.79N vs baseline 20.36N) at frame 76: de-weighting pre-event stages
[INFO] [1785422218.299017584] [mhe_node]: event transition started: pre-event stages de-weighted
[INFO] [1785422218.307748820] [mhe_node]: [transition] m_est=1.961 kg (T_phys=18.79N)
[INFO] [1785422218.402463849] [mhe_node]: [transition] m_est=1.965 kg (T_phys=18.73N)
[INFO] [1785422218.501903020] [mhe_node]: [transition] m_est=1.961 kg (T_phys=18.79N)
[INFO] [1785422218.601423390] [mhe_node]: [transition] m_est=1.961 kg (T_phys=18.76N)
[INFO] [1785422218.601738565] [mhe_node]: MHE mass estimate: 1.961 kg (T_phys=18.76N)
[INFO] [1785422218.602010030] [mhe_node]: [tau_phys] roll=+0.487 pitch=-0.510 Nm | model pred: roll=-0.000 pitch=+0.000 (m_p=0.000 r=[-0.050,-0.086])
[INFO] [1785422218.602294142] [mhe_node]: [c_xy_est] cx=+0.0085 cy=+0.0092 m | truth c=[-0.0000,-0.0000] (m_p=0.000)
[INFO] [1785422218.701806827] [mhe_node]: [transition] m_est=1.961 kg (T_phys=18.74N)
[INFO] [1785422218.803628419] [mhe_node]: [transition] m_est=1.961 kg (T_phys=18.67N)
[INFO] [1785422218.905309240] [mhe_node]: [transition] m_est=1.961 kg (T_phys=18.62N)
[INFO] [1785422219.003627064] [mhe_node]: [transition] m_est=1.961 kg (T_phys=18.65N)
[INFO] [1785422219.104224409] [mhe_node]: [transition] m_est=1.961 kg (T_phys=18.81N)
[INFO] [1785422219.204662448] [mhe_node]: [transition] m_est=1.961 kg (T_phys=19.13N)
[INFO] [1785422219.305679003] [mhe_node]: [transition] m_est=1.961 kg (T_phys=19.65N)
[INFO] [1785422219.408467533] [mhe_node]: [transition] m_est=1.961 kg (T_phys=20.38N)
[INFO] [1785422219.508851746] [mhe_node]: [transition] m_est=1.961 kg (T_phys=21.36N)
[INFO] [1785422219.607584515] [mhe_node]: [transition] m_est=1.961 kg (T_phys=22.55N)
[INFO] [1785422219.706306074] [mhe_node]: [transition] m_est=1.961 kg (T_phys=23.86N)
[INFO] [1785422219.812828963] [mhe_node]: [transition] m_est=1.961 kg (T_phys=24.94N)
[INFO] [1785422219.910203702] [mhe_node]: [transition] m_est=1.961 kg (T_phys=25.63N)
[INFO] [1785422220.009195737] [mhe_node]: [transition] m_est=1.961 kg (T_phys=25.82N)
[INFO] [1785422220.113143722] [mhe_node]: [transition] m_est=1.961 kg (T_phys=25.63N)
[INFO] [1785422220.214849576] [mhe_node]: [transition] m_est=1.961 kg (T_phys=25.43N)
[INFO] [1785422220.299168438] [mhe_node]: event transition ended: nominal weights restored
[INFO] [1785422220.311815506] [mhe_node]: [post-event] m_est=1.974 kg (T_phys=25.08N)
[INFO] [1785422220.409738379] [mhe_node]: [post-event] m_est=2.004 kg (T_phys=24.54N)
[INFO] [1785422220.508364353] [mhe_node]: [post-event] m_est=2.035 kg (T_phys=24.33N)
[INFO] [1785422220.605218498] [mhe_node]: [post-event] m_est=2.061 kg (T_phys=23.77N)
[INFO] [1785422220.605539874] [mhe_node]: MHE mass estimate: 2.061 kg (T_phys=23.77N)
[INFO] [1785422220.605810520] [mhe_node]: [tau_phys] roll=-0.268 pitch=+0.180 Nm | model pred: roll=-0.000 pitch=+0.000 (m_p=0.000 r=[-0.050,-0.086])
[INFO] [1785422220.606095057] [mhe_node]: [c_xy_est] cx=+0.0042 cy=+0.0043 m | truth c=[-0.0000,-0.0000] (m_p=0.000)
[INFO] [1785422220.705630408] [mhe_node]: [post-event] m_est=2.082 kg (T_phys=23.35N)
[INFO] [1785422220.804309461] [mhe_node]: [post-event] m_est=2.096 kg (T_phys=22.64N)
[INFO] [1785422220.905205969] [mhe_node]: [post-event] m_est=2.106 kg (T_phys=22.13N)
[INFO] [1785422221.007911239] [mhe_node]: [post-event] m_est=2.114 kg (T_phys=21.55N)
[INFO] [1785422221.105213081] [mhe_node]: [post-event] m_est=2.120 kg (T_phys=21.10N)
[INFO] [1785422221.205564874] [mhe_node]: [post-event] m_est=2.126 kg (T_phys=20.91N)
[INFO] [1785422221.307028805] [mhe_node]: [post-event] m_est=2.134 kg (T_phys=20.80N)
[INFO] [1785422221.407054856] [mhe_node]: [post-event] m_est=2.144 kg (T_phys=20.71N)
[INFO] [1785422221.506955052] [mhe_node]: [post-event] m_est=2.157 kg (T_phys=20.74N)
[INFO] [1785422221.606701146] [mhe_node]: [post-event] m_est=2.171 kg (T_phys=20.85N)
[INFO] [1785422221.706923129] [mhe_node]: [post-event] m_est=2.186 kg (T_phys=21.05N)
[INFO] [1785422221.808205742] [mhe_node]: [post-event] m_est=2.202 kg (T_phys=21.32N)
[INFO] [1785422221.907263236] [mhe_node]: [post-event] m_est=2.219 kg (T_phys=21.63N)
[INFO] [1785422222.005295330] [mhe_node]: [post-event] m_est=2.235 kg (T_phys=21.95N)
[INFO] [1785422222.104834203] [mhe_node]: [post-event] m_est=2.250 kg (T_phys=22.23N)
[INFO] [1785422222.204851980] [mhe_node]: [post-event] m_est=2.265 kg (T_phys=22.44N)
[INFO] [1785422222.303888730] [mhe_node]: [post-event] m_est=2.278 kg (T_phys=22.60N)
[INFO] [1785422222.405437531] [mhe_node]: [post-event] m_est=2.290 kg (T_phys=22.70N)
[INFO] [1785422222.504041386] [mhe_node]: [post-event] m_est=2.300 kg (T_phys=22.77N)
[INFO] [1785422222.603701965] [mhe_node]: [post-event] m_est=2.308 kg (T_phys=22.78N)
[INFO] [1785422222.604151718] [mhe_node]: MHE mass estimate: 2.308 kg (T_phys=22.78N)
[INFO] [1785422222.604528760] [mhe_node]: [tau_phys] roll=-0.244 pitch=+0.159 Nm | model pred: roll=-0.207 pitch=+0.120 (m_p=0.244 r=[-0.050,-0.086])
[INFO] [1785422222.604929131] [mhe_node]: [c_xy_est] cx=-0.0031 cy=-0.0054 m | truth c=[-0.0053,-0.0091] (m_p=0.244)
[INFO] [1785422222.704616195] [mhe_node]: [post-event] m_est=2.316 kg (T_phys=22.79N)
[INFO] [1785422222.803708335] [mhe_node]: [post-event] m_est=2.322 kg (T_phys=22.81N)
[INFO] [1785422222.902124207] [mhe_node]: [post-event] m_est=2.327 kg (T_phys=22.83N)
[INFO] [1785422223.002875112] [mhe_node]: [post-event] m_est=2.330 kg (T_phys=22.84N)
[INFO] [1785422223.101813012] [mhe_node]: [post-event] m_est=2.334 kg (T_phys=22.86N)
[INFO] [1785422223.204291323] [mhe_node]: [post-event] m_est=2.337 kg (T_phys=22.90N)
[INFO] [1785422223.302849501] [mhe_node]: [post-event] m_est=2.339 kg (T_phys=22.94N)
[INFO] [1785422223.402452612] [mhe_node]: [post-event] m_est=2.340 kg (T_phys=22.98N)
[INFO] [1785422223.503047616] [mhe_node]: [post-event] m_est=2.342 kg (T_phys=23.00N)
[INFO] [1785422223.602539658] [mhe_node]: [post-event] m_est=2.343 kg (T_phys=23.01N)
[INFO] [1785422223.702093847] [mhe_node]: [post-event] m_est=2.344 kg (T_phys=23.00N)
[INFO] [1785422223.802159762] [mhe_node]: [post-event] m_est=2.345 kg (T_phys=23.01N)
[INFO] [1785422223.901711881] [mhe_node]: [post-event] m_est=2.346 kg (T_phys=23.02N)
[INFO] [1785422224.001606610] [mhe_node]: [post-event] m_est=2.347 kg (T_phys=23.04N)
[INFO] [1785422224.101148864] [mhe_node]: [post-event] m_est=2.348 kg (T_phys=23.08N)
[INFO] [1785422224.602319927] [mhe_node]: MHE mass estimate: 2.353 kg (T_phys=23.10N)
[INFO] [1785422224.602727765] [mhe_node]: [tau_phys] roll=-0.234 pitch=+0.188 Nm | model pred: roll=-0.245 pitch=+0.142 (m_p=0.289 r=[-0.050,-0.086])
[INFO] [1785422224.603132105] [mhe_node]: [c_xy_est] cx=-0.0058 cy=-0.0086 m | truth c=[-0.0061,-0.0106] (m_p=0.289)
[INFO] [1785422226.601065375] [mhe_node]: MHE mass estimate: 2.360 kg (T_phys=23.12N)
[INFO] [1785422226.601465041] [mhe_node]: [tau_phys] roll=-0.274 pitch=+0.170 Nm | model pred: roll=-0.250 pitch=+0.145 (m_p=0.296 r=[-0.050,-0.086])
[INFO] [1785422226.601871732] [mhe_node]: [c_xy_est] cx=-0.0066 cy=-0.0099 m | truth c=[-0.0063,-0.0108] (m_p=0.296)
[INFO] [1785422228.601029651] [mhe_node]: MHE mass estimate: 2.360 kg (T_phys=23.13N)
[INFO] [1785422228.601427037] [mhe_node]: [tau_phys] roll=-0.253 pitch=+0.143 Nm | model pred: roll=-0.250 pitch=+0.145 (m_p=0.296 r=[-0.050,-0.086])
[INFO] [1785422228.601827788] [mhe_node]: [c_xy_est] cx=-0.0069 cy=-0.0103 m | truth c=[-0.0063,-0.0108] (m_p=0.296)
[INFO] [1785422230.601004020] [mhe_node]: MHE mass estimate: 2.360 kg (T_phys=23.26N)
[INFO] [1785422230.601404572] [mhe_node]: [tau_phys] roll=-0.248 pitch=+0.155 Nm | model pred: roll=-0.251 pitch=+0.145 (m_p=0.296 r=[-0.050,-0.086])
[INFO] [1785422230.601806757] [mhe_node]: [c_xy_est] cx=-0.0069 cy=-0.0104 m | truth c=[-0.0063,-0.0108] (m_p=0.296)
[ros2run]: Killed
