[INFO] [1785491150.662975381] [acados_nmpc_node]: acados NMPC node starting, building/loading solver...
Code reuse possible, skipping code generation.
acados was compiled without OpenMP.
[INFO] [1785491150.673482606] [acados_nmpc_node]: GRIPPER MODE: hover over box (1.0,0.05) z 0.55->2.5m, lift after 1.5s, empty m_est=2.06kg
[INFO] [1785491150.673901255] [acados_nmpc_node]: Warming up acados solver...
[INFO] [1785491150.679996389] [acados_nmpc_node]: Solver warmup complete, took 5.6 ms
[INFO] [1785491150.687053334] [acados_nmpc_node]: Decoupled publish enabled: solve @20Hz, body_rate/thrust @50Hz (trajectory interpolation)
[INFO] [1785491150.687555028] [acados_nmpc_node]: acados NMPC node initialized! Waiting for EKF2 convergence...
[INFO] [1785491160.688414218] [acados_nmpc_node]: Waiting for EKF2 convergence... 5/10 s
[INFO] [1785491165.688697941] [acados_nmpc_node]: Waiting for EKF2 convergence... 10/10 s
[INFO] [1785491165.737101360] [acados_nmpc_node]: Switching to OFFBOARD mode
[INFO] [1785491166.636935890] [acados_nmpc_node]: Sending arm command
[INFO] [1785491167.636941340] [acados_nmpc_node]: Armed, preparing to move to trajectory start...
[INFO] [1785491170.089396897] [acados_nmpc_node]: Gripper approach (climb): rising at spawn to z=1.50m | z=0.04m v=0.43m/s
[INFO] [1785491172.589319951] [acados_nmpc_node]: Gripper approach (climb): rising at spawn to z=1.50m | z=1.02m v=0.22m/s
[INFO] [1785491174.489354364] [acados_nmpc_node]: Gripper approach: climbed to safe altitude at spawn, now translating over box
[INFO] [1785491175.089582366] [acados_nmpc_node]: Gripper approach (high): aligning over box at z=1.50m | xy=0.906m z_err=0.146m v=0.43m/s
[INFO] [1785491176.737049714] [acados_nmpc_node]: Gripper approach: aligned above box, NMPC will take over here (z=1.50m), settle 3.0s then descend to z=0.55m to trigger attach
[INFO] [1785491176.789779616] [acados_nmpc_node]: Reached trajectory start, NMPC tracking begins!
[INFO] [1785491177.538810834] [acados_nmpc_node]: t=0.7s | pos_err=0.054m | T=20.08N | tau=[r0.008 p0.013 y-0.017]Nm | res_stat=1.150e-07(peak 8.965e-07) sqp_iter=3 | solve=1.5ms
[INFO] [1785491179.789756377] [acados_nmpc_node]: t=3.0s | DESCEND: settle done, lowering 1.5->0.55m, will enable gripper at bottom
[INFO] [1785491182.538068522] [acados_nmpc_node]: t=5.7s | pos_err=0.042m | T=20.28N | tau=[r0.001 p-0.002 y-0.001]Nm | res_stat=3.350e-07(peak 9.667e-07) sqp_iter=2 | solve=0.9ms
[INFO] [1785491183.036884322] [acados_nmpc_node]: t=6.2s | DESCEND done at z=0.569m (target 0.550m, z_err=0.019m, v=0.05m/s), gripper ENABLED (attach will trigger now)
[INFO] [1785491183.043453822] [acados_nmpc_node]: attach offset received: box-drone = [-0.013, -0.035, -0.492] m
[INFO] [1785491183.089882193] [acados_nmpc_node]: PX4 MC_ROLLRATE_K: 1.000 -> 3.836 (inertia ratio 3.84, cap 5.0)
[INFO] [1785491183.090094034] [acados_nmpc_node]: PX4 MC_PITCHRATE_K: 1.000 -> 3.836 (inertia ratio 3.84, cap 5.0)
[INFO] [1785491183.090287379] [acados_nmpc_node]: t=6.3s | ATTACH (geom_source=online): dJ/gain init from prior m_p=0.20kg arm=0.47m (dJ=0.0403); c_xy+dJ refine online, attach truth eval-only
[INFO] [1785491183.092496389] [acados_nmpc_node]: [attach-window] t=6.30s pos_err=0.023m T=19.84N z=0.567 m_est=2.053
[INFO] [1785491183.138768707] [acados_nmpc_node]: [attach-window] t=6.35s pos_err=0.022m T=19.88N z=0.566 m_est=2.053
[INFO] [1785491183.191691659] [acados_nmpc_node]: [attach-window] t=6.40s pos_err=0.022m T=19.88N z=0.566 m_est=2.052
[INFO] [1785491183.238812099] [acados_nmpc_node]: [attach-window] t=6.45s pos_err=0.022m T=19.89N z=0.565 m_est=2.052
[INFO] [1785491183.291737685] [acados_nmpc_node]: [attach-window] t=6.50s pos_err=0.022m T=19.88N z=0.565 m_est=2.050
[INFO] [1785491183.338810764] [acados_nmpc_node]: [attach-window] t=6.55s pos_err=0.021m T=19.89N z=0.564 m_est=2.050
[INFO] [1785491183.391726568] [acados_nmpc_node]: [attach-window] t=6.60s pos_err=0.021m T=19.88N z=0.564 m_est=2.049
[INFO] [1785491183.438914926] [acados_nmpc_node]: [attach-window] t=6.65s pos_err=0.021m T=19.88N z=0.564 m_est=2.049
[INFO] [1785491183.491761195] [acados_nmpc_node]: [attach-window] t=6.70s pos_err=0.021m T=19.87N z=0.564 m_est=2.047
[INFO] [1785491183.538807384] [acados_nmpc_node]: [attach-window] t=6.75s pos_err=0.020m T=19.86N z=0.564 m_est=2.047
[INFO] [1785491183.591855845] [acados_nmpc_node]: [attach-window] t=6.80s pos_err=0.020m T=19.84N z=0.564 m_est=2.045
[INFO] [1785491183.638773267] [acados_nmpc_node]: [attach-window] t=6.85s pos_err=0.020m T=19.84N z=0.564 m_est=2.045
[INFO] [1785491183.691782592] [acados_nmpc_node]: [attach-window] t=6.90s pos_err=0.020m T=19.82N z=0.564 m_est=2.043
[INFO] [1785491183.738818887] [acados_nmpc_node]: [attach-window] t=6.95s pos_err=0.020m T=19.81N z=0.564 m_est=2.043
[INFO] [1785491183.791682459] [acados_nmpc_node]: [attach-window] t=7.00s pos_err=0.020m T=19.78N z=0.564 m_est=2.041
[INFO] [1785491183.838891490] [acados_nmpc_node]: [attach-window] t=7.05s pos_err=0.021m T=19.78N z=0.565 m_est=2.041
[INFO] [1785491183.891896934] [acados_nmpc_node]: [attach-window] t=7.10s pos_err=0.022m T=19.75N z=0.565 m_est=2.038
[INFO] [1785491183.938837077] [acados_nmpc_node]: [attach-window] t=7.15s pos_err=0.024m T=19.74N z=0.565 m_est=2.038
[INFO] [1785491183.991697822] [acados_nmpc_node]: [attach-window] t=7.20s pos_err=0.024m T=19.71N z=0.565 m_est=2.036
[INFO] [1785491184.038776747] [acados_nmpc_node]: [attach-window] t=7.25s pos_err=0.026m T=19.70N z=0.565 m_est=2.036
[INFO] [1785491184.091828944] [acados_nmpc_node]: [attach-window] t=7.30s pos_err=0.027m T=19.67N z=0.565 m_est=2.033
[INFO] [1785491184.138780861] [acados_nmpc_node]: [attach-window] t=7.35s pos_err=0.028m T=19.67N z=0.565 m_est=2.033
[INFO] [1785491184.191945103] [acados_nmpc_node]: [attach-window] t=7.40s pos_err=0.028m T=19.63N z=0.565 m_est=2.030
[INFO] [1785491184.238770706] [acados_nmpc_node]: [attach-window] t=7.45s pos_err=0.029m T=19.63N z=0.565 m_est=2.030
[INFO] [1785491184.291890493] [acados_nmpc_node]: [attach-window] t=7.50s pos_err=0.030m T=19.60N z=0.565 m_est=2.026
[INFO] [1785491184.338759409] [acados_nmpc_node]: [attach-window] t=7.55s pos_err=0.030m T=19.61N z=0.565 m_est=2.026
[INFO] [1785491184.391935003] [acados_nmpc_node]: [attach-window] t=7.60s pos_err=0.030m T=19.58N z=0.565 m_est=2.023
[INFO] [1785491184.438823946] [acados_nmpc_node]: [attach-window] t=7.65s pos_err=0.030m T=19.58N z=0.564 m_est=2.023
[INFO] [1785491184.491850360] [acados_nmpc_node]: [attach-window] t=7.70s pos_err=0.029m T=19.56N z=0.564 m_est=2.020
[INFO] [1785491184.538806118] [acados_nmpc_node]: [attach-window] t=7.75s pos_err=0.029m T=19.55N z=0.564 m_est=2.020
[INFO] [1785491184.589898529] [acados_nmpc_node]: t=7.8s | LIFT: raising hover 0.55->2.5m to lift payload
[INFO] [1785491184.592126854] [acados_nmpc_node]: [attach-window] t=7.80s pos_err=0.028m T=19.53N z=0.564 m_est=2.018
[INFO] [1785491184.638764292] [acados_nmpc_node]: [attach-window] t=7.85s pos_err=0.027m T=19.52N z=0.564 m_est=2.018
[INFO] [1785491184.691980726] [acados_nmpc_node]: [attach-window] t=7.90s pos_err=0.026m T=19.51N z=0.564 m_est=2.016
[INFO] [1785491184.738852766] [acados_nmpc_node]: [attach-window] t=7.95s pos_err=0.024m T=19.54N z=0.565 m_est=2.016
[INFO] [1785491184.791901358] [acados_nmpc_node]: [attach-window] t=8.00s pos_err=0.021m T=19.58N z=0.565 m_est=2.014
[INFO] [1785491184.838764962] [acados_nmpc_node]: [attach-window] t=8.05s pos_err=0.018m T=19.66N z=0.565 m_est=2.014
[INFO] [1785491184.891838808] [acados_nmpc_node]: [attach-window] t=8.10s pos_err=0.016m T=19.78N z=0.565 m_est=2.013
[INFO] [1785491184.938885617] [acados_nmpc_node]: [attach-window] t=8.15s pos_err=0.017m T=19.93N z=0.565 m_est=2.013
[INFO] [1785491184.991932195] [acados_nmpc_node]: [attach-window] t=8.20s pos_err=0.026m T=20.15N z=0.565 m_est=2.012
[INFO] [1785491185.039057594] [acados_nmpc_node]: [attach-window] t=8.25s pos_err=0.038m T=20.39N z=0.565 m_est=2.012
[INFO] [1785491185.092232207] [acados_nmpc_node]: [attach-window] t=8.30s pos_err=0.055m T=20.73N z=0.565 m_est=2.011
[INFO] [1785491185.139073721] [acados_nmpc_node]: [attach-window] t=8.35s pos_err=0.074m T=21.08N z=0.565 m_est=2.011
[INFO] [1785491185.192183245] [acados_nmpc_node]: [attach-window] t=8.40s pos_err=0.098m T=21.53N z=0.565 m_est=2.011
[INFO] [1785491185.239090753] [acados_nmpc_node]: [attach-window] t=8.45s pos_err=0.123m T=21.99N z=0.565 m_est=2.011
[INFO] [1785491185.292201325] [acados_nmpc_node]: [attach-window] t=8.50s pos_err=0.154m T=22.57N z=0.566 m_est=2.010
[INFO] [1785491185.339030543] [acados_nmpc_node]: [attach-window] t=8.55s pos_err=0.184m T=23.12N z=0.566 m_est=2.010
[INFO] [1785491185.392220653] [acados_nmpc_node]: [attach-window] t=8.60s pos_err=0.222m T=23.80N z=0.566 m_est=2.011
[INFO] [1785491185.439112995] [acados_nmpc_node]: [attach-window] t=8.65s pos_err=0.256m T=24.23N z=0.568 m_est=2.011
[INFO] [1785491185.492230109] [acados_nmpc_node]: [attach-window] t=8.70s pos_err=0.299m T=25.09N z=0.569 m_est=2.034
[INFO] [1785491185.539113668] [acados_nmpc_node]: [attach-window] t=8.75s pos_err=0.334m T=25.10N z=0.576 m_est=2.034
[INFO] [1785491185.592182794] [acados_nmpc_node]: [attach-window] t=8.80s pos_err=0.379m T=26.92N z=0.580 m_est=2.164
[INFO] [1785491185.639067018] [acados_nmpc_node]: [attach-window] t=8.85s pos_err=0.413m T=26.62N z=0.593 m_est=2.164
[INFO] [1785491185.692370306] [acados_nmpc_node]: [attach-window] t=8.90s pos_err=0.458m T=27.39N z=0.602 m_est=2.219
[INFO] [1785491185.739017715] [acados_nmpc_node]: [attach-window] t=8.95s pos_err=0.480m T=26.30N z=0.630 m_est=2.219
[INFO] [1785491185.792219517] [acados_nmpc_node]: [attach-window] t=9.00s pos_err=0.523m T=26.72N z=0.647 m_est=2.251
[INFO] [1785491185.838892977] [acados_nmpc_node]: [attach-window] t=9.05s pos_err=0.537m T=25.71N z=0.686 m_est=2.251
[INFO] [1785491185.892120266] [acados_nmpc_node]: [attach-window] t=9.10s pos_err=0.570m T=25.58N z=0.714 m_est=2.252
[INFO] [1785491185.938447642] [acados_nmpc_node]: [attach-window] t=9.15s pos_err=0.574m T=24.62N z=0.766 m_est=2.252
[INFO] [1785491185.990641249] [acados_nmpc_node]: [attach-window] t=9.20s pos_err=0.609m T=24.75N z=0.794 m_est=2.243
[INFO] [1785491186.038406715] [acados_nmpc_node]: [attach-window] t=9.25s pos_err=0.607m T=23.98N z=0.854 m_est=2.243
[INFO] [1785491186.090666927] [acados_nmpc_node]: [attach-window] t=9.30s pos_err=0.639m T=24.19N z=0.885 m_est=2.235
[INFO] [1785491186.138885636] [acados_nmpc_node]: [attach-window] t=9.35s pos_err=0.624m T=23.29N z=0.958 m_est=2.235
[INFO] [1785491186.192280105] [acados_nmpc_node]: [attach-window] t=9.40s pos_err=0.655m T=23.60N z=0.992 m_est=2.229
[INFO] [1785491186.239019756] [acados_nmpc_node]: [attach-window] t=9.45s pos_err=0.644m T=23.03N z=1.060 m_est=2.229
[INFO] [1785491186.292032216] [acados_nmpc_node]: [attach-window] t=9.50s pos_err=0.672m T=23.37N z=1.094 m_est=2.223
[INFO] [1785491186.338851905] [acados_nmpc_node]: [attach-window] t=9.55s pos_err=0.648m T=22.65N z=1.173 m_est=2.223
[INFO] [1785491186.392038966] [acados_nmpc_node]: [attach-window] t=9.60s pos_err=0.674m T=22.99N z=1.208 m_est=2.219
[INFO] [1785491186.438925454] [acados_nmpc_node]: [attach-window] t=9.65s pos_err=0.655m T=22.51N z=1.278 m_est=2.219
[INFO] [1785491186.491862744] [acados_nmpc_node]: [attach-window] t=9.70s pos_err=0.668m T=22.66N z=1.322 m_est=2.216
[INFO] [1785491186.538848194] [acados_nmpc_node]: [attach-window] t=9.75s pos_err=0.646m T=22.19N z=1.393 m_est=2.216
[INFO] [1785491186.592017509] [acados_nmpc_node]: [attach-window] t=9.80s pos_err=0.663m T=22.50N z=1.428 m_est=2.213
[INFO] [1785491186.638787379] [acados_nmpc_node]: [attach-window] t=9.85s pos_err=0.637m T=22.04N z=1.498 m_est=2.213
[INFO] [1785491186.691876681] [acados_nmpc_node]: [attach-window] t=9.90s pos_err=0.650m T=22.28N z=1.533 m_est=2.211
[INFO] [1785491186.738855192] [acados_nmpc_node]: [attach-window] t=9.95s pos_err=0.611m T=21.66N z=1.610 m_est=2.211
[INFO] [1785491186.792068880] [acados_nmpc_node]: [attach-window] t=10.00s pos_err=0.619m T=21.85N z=1.644 m_est=2.210
[INFO] [1785491186.838914463] [acados_nmpc_node]: [attach-window] t=10.05s pos_err=0.585m T=21.41N z=1.711 m_est=2.210
[INFO] [1785491186.892044046] [acados_nmpc_node]: [attach-window] t=10.10s pos_err=0.587m T=21.54N z=1.744 m_est=2.209
[INFO] [1785491186.938783989] [acados_nmpc_node]: [attach-window] t=10.15s pos_err=0.542m T=21.01N z=1.817 m_est=2.209
[INFO] [1785491186.992096697] [acados_nmpc_node]: [attach-window] t=10.20s pos_err=0.539m T=21.10N z=1.848 m_est=2.209
[INFO] [1785491187.038776657] [acados_nmpc_node]: [attach-window] t=10.25s pos_err=0.500m T=20.76N z=1.909 m_est=2.209
[INFO] [1785491187.092119446] [acados_nmpc_node]: [attach-window] t=10.30s pos_err=0.493m T=20.83N z=1.939 m_est=2.209
[INFO] [1785491187.138793075] [acados_nmpc_node]: [attach-window] t=10.35s pos_err=0.446m T=20.48N z=2.002 m_est=2.209
[INFO] [1785491187.192053034] [acados_nmpc_node]: [attach-window] t=10.40s pos_err=0.434m T=20.52N z=2.028 m_est=2.209
[INFO] [1785491187.238735913] [acados_nmpc_node]: [attach-window] t=10.45s pos_err=0.389m T=20.28N z=2.085 m_est=2.209
[INFO] [1785491187.291940652] [acados_nmpc_node]: [attach-window] t=10.50s pos_err=0.375m T=20.32N z=2.109 m_est=2.209
[INFO] [1785491187.338717434] [acados_nmpc_node]: [attach-window] t=10.55s pos_err=0.337m T=20.22N z=2.154 m_est=2.209
[INFO] [1785491187.391818103] [acados_nmpc_node]: [attach-window] t=10.60s pos_err=0.321m T=20.24N z=2.174 m_est=2.210
[INFO] [1785491187.438854932] [acados_nmpc_node]: [attach-window] t=10.65s pos_err=0.286m T=20.21N z=2.213 m_est=2.210
[INFO] [1785491187.492030072] [acados_nmpc_node]: [attach-window] t=10.70s pos_err=0.270m T=20.25N z=2.230 m_est=2.211
[INFO] [1785491187.538786426] [acados_nmpc_node]: [attach-window] t=10.75s pos_err=0.234m T=20.30N z=2.267 m_est=2.211
[INFO] [1785491187.539273172] [acados_nmpc_node]: t=10.7s | pos_err=0.234m | T=20.30N | tau=[r-0.046 p0.039 y0.011]Nm | res_stat=1.826e-07(peak 9.667e-07) sqp_iter=3 | solve=1.5ms
[INFO] [1785491187.592136040] [acados_nmpc_node]: [attach-window] t=10.80s pos_err=0.220m T=20.36N z=2.281 m_est=2.214
[INFO] [1785491187.638816165] [acados_nmpc_node]: [attach-window] t=10.85s pos_err=0.194m T=20.48N z=2.307 m_est=2.214
[INFO] [1785491187.692165441] [acados_nmpc_node]: [attach-window] t=10.90s pos_err=0.179m T=20.60N z=2.322 m_est=2.217
[INFO] [1785491187.738769453] [acados_nmpc_node]: [attach-window] t=10.95s pos_err=0.159m T=20.75N z=2.343 m_est=2.217
[INFO] [1785491187.792532555] [acados_nmpc_node]: [attach-window] t=11.00s pos_err=0.149m T=20.88N z=2.352 m_est=2.221
[INFO] [1785491187.838744203] [acados_nmpc_node]: [attach-window] t=11.05s pos_err=0.133m T=21.04N z=2.368 m_est=2.221
[INFO] [1785491187.892046075] [acados_nmpc_node]: [attach-window] t=11.10s pos_err=0.126m T=21.18N z=2.375 m_est=2.226
[INFO] [1785491187.938976934] [acados_nmpc_node]: [attach-window] t=11.15s pos_err=0.113m T=21.35N z=2.388 m_est=2.226
[INFO] [1785491187.992024133] [acados_nmpc_node]: [attach-window] t=11.20s pos_err=0.108m T=21.48N z=2.394 m_est=2.231
[INFO] [1785491188.038852500] [acados_nmpc_node]: [attach-window] t=11.25s pos_err=0.100m T=21.59N z=2.402 m_est=2.231
[INFO] [1785491188.091958959] [acados_nmpc_node]: [attach-window] t=11.30s pos_err=0.096m T=21.70N z=2.406 m_est=2.237
[INFO] [1785491188.138757613] [acados_nmpc_node]: [attach-window] t=11.35s pos_err=0.089m T=21.79N z=2.414 m_est=2.237
[INFO] [1785491188.191905537] [acados_nmpc_node]: [attach-window] t=11.40s pos_err=0.086m T=21.87N z=2.417 m_est=2.241
[INFO] [1785491188.238774886] [acados_nmpc_node]: [attach-window] t=11.45s pos_err=0.081m T=21.91N z=2.422 m_est=2.241
[INFO] [1785491188.292110283] [acados_nmpc_node]: [attach-window] t=11.50s pos_err=0.078m T=21.97N z=2.425 m_est=2.246
[INFO] [1785491188.338200108] [acados_nmpc_node]: [attach-window] t=11.55s pos_err=0.073m T=21.98N z=2.431 m_est=2.246
[INFO] [1785491188.390539579] [acados_nmpc_node]: [attach-window] t=11.60s pos_err=0.071m T=22.03N z=2.433 m_est=2.250
[INFO] [1785491188.438598460] [acados_nmpc_node]: [attach-window] t=11.65s pos_err=0.067m T=22.03N z=2.437 m_est=2.250
[INFO] [1785491188.491992094] [acados_nmpc_node]: [attach-window] t=11.70s pos_err=0.065m T=22.06N z=2.439 m_est=2.253
[INFO] [1785491188.538593666] [acados_nmpc_node]: [attach-window] t=11.75s pos_err=0.061m T=22.06N z=2.443 m_est=2.253
[INFO] [1785491188.591907974] [acados_nmpc_node]: [attach-window] t=11.80s pos_err=0.059m T=22.09N z=2.445 m_est=2.257
[INFO] [1785491188.638605377] [acados_nmpc_node]: [attach-window] t=11.85s pos_err=0.056m T=22.07N z=2.448 m_est=2.257
[INFO] [1785491188.692067045] [acados_nmpc_node]: [attach-window] t=11.90s pos_err=0.054m T=22.09N z=2.450 m_est=2.259
[INFO] [1785491188.738682371] [acados_nmpc_node]: [attach-window] t=11.95s pos_err=0.051m T=22.06N z=2.454 m_est=2.259
[INFO] [1785491188.792178498] [acados_nmpc_node]: [attach-window] t=12.00s pos_err=0.049m T=22.07N z=2.456 m_est=2.261
[INFO] [1785491188.838613677] [acados_nmpc_node]: [attach-window] t=12.05s pos_err=0.046m T=22.04N z=2.460 m_est=2.261
[INFO] [1785491188.891943031] [acados_nmpc_node]: [attach-window] t=12.10s pos_err=0.044m T=22.04N z=2.462 m_est=2.262
[INFO] [1785491188.938713531] [acados_nmpc_node]: [attach-window] t=12.15s pos_err=0.040m T=22.02N z=2.466 m_est=2.262
[INFO] [1785491188.991941756] [acados_nmpc_node]: [attach-window] t=12.20s pos_err=0.039m T=22.01N z=2.468 m_est=2.263
[INFO] [1785491189.038623454] [acados_nmpc_node]: [attach-window] t=12.25s pos_err=0.035m T=21.99N z=2.472 m_est=2.263
[INFO] [1785491189.092084522] [acados_nmpc_node]: [attach-window] t=12.30s pos_err=0.034m T=21.99N z=2.473 m_est=2.264
[INFO] [1785491189.138587515] [acados_nmpc_node]: [attach-window] t=12.35s pos_err=0.030m T=21.99N z=2.477 m_est=2.264
[INFO] [1785491189.191913390] [acados_nmpc_node]: [attach-window] t=12.40s pos_err=0.028m T=21.99N z=2.478 m_est=2.263
[INFO] [1785491189.238622612] [acados_nmpc_node]: [attach-window] t=12.45s pos_err=0.025m T=22.01N z=2.481 m_est=2.263
[INFO] [1785491189.291925876] [acados_nmpc_node]: [attach-window] t=12.50s pos_err=0.024m T=22.01N z=2.482 m_est=2.263
[INFO] [1785491189.338494585] [acados_nmpc_node]: [attach-window] t=12.55s pos_err=0.020m T=22.02N z=2.485 m_est=2.263
[INFO] [1785491189.391871678] [acados_nmpc_node]: [attach-window] t=12.60s pos_err=0.019m T=22.03N z=2.485 m_est=2.262
[INFO] [1785491189.438604516] [acados_nmpc_node]: [attach-window] t=12.65s pos_err=0.017m T=22.05N z=2.487 m_est=2.262
[INFO] [1785491189.490350375] [acados_nmpc_node]: [attach-window] t=12.70s pos_err=0.015m T=22.05N z=2.488 m_est=2.262
[INFO] [1785491189.537975582] [acados_nmpc_node]: [attach-window] t=12.75s pos_err=0.013m T=22.06N z=2.490 m_est=2.262
[INFO] [1785491189.590317494] [acados_nmpc_node]: [attach-window] t=12.80s pos_err=0.012m T=22.06N z=2.491 m_est=2.261
[INFO] [1785491189.638466485] [acados_nmpc_node]: [attach-window] t=12.85s pos_err=0.010m T=22.08N z=2.492 m_est=2.261
[INFO] [1785491189.691932272] [acados_nmpc_node]: [attach-window] t=12.90s pos_err=0.010m T=22.08N z=2.492 m_est=2.260
[INFO] [1785491189.738555739] [acados_nmpc_node]: [attach-window] t=12.95s pos_err=0.009m T=22.12N z=2.493 m_est=2.260
[INFO] [1785491189.791825775] [acados_nmpc_node]: [attach-window] t=13.00s pos_err=0.009m T=22.12N z=2.493 m_est=2.260
[INFO] [1785491189.838521983] [acados_nmpc_node]: [attach-window] t=13.05s pos_err=0.010m T=22.15N z=2.493 m_est=2.260
[INFO] [1785491189.892097404] [acados_nmpc_node]: [attach-window] t=13.10s pos_err=0.010m T=22.16N z=2.493 m_est=2.260
[INFO] [1785491189.938579356] [acados_nmpc_node]: [attach-window] t=13.15s pos_err=0.011m T=22.18N z=2.492 m_est=2.260
[INFO] [1785491189.991889639] [acados_nmpc_node]: [attach-window] t=13.20s pos_err=0.011m T=22.18N z=2.492 m_est=2.259
[INFO] [1785491190.038805876] [acados_nmpc_node]: [attach-window] t=13.25s pos_err=0.012m T=22.19N z=2.493 m_est=2.259
[INFO] [1785491190.092205139] [acados_nmpc_node]: [attach-window] t=13.30s pos_err=0.012m T=22.19N z=2.493 m_est=2.259
[INFO] [1785491190.138612137] [acados_nmpc_node]: [attach-window] t=13.35s pos_err=0.013m T=22.18N z=2.493 m_est=2.259
[INFO] [1785491190.192804764] [acados_nmpc_node]: [attach-window] t=13.40s pos_err=0.014m T=22.18N z=2.493 m_est=2.260
[INFO] [1785491190.238629748] [acados_nmpc_node]: [attach-window] t=13.45s pos_err=0.015m T=22.17N z=2.494 m_est=2.260
[INFO] [1785491190.291942219] [acados_nmpc_node]: [attach-window] t=13.50s pos_err=0.015m T=22.16N z=2.495 m_est=2.260
[INFO] [1785491190.338615334] [acados_nmpc_node]: [attach-window] t=13.55s pos_err=0.015m T=22.15N z=2.496 m_est=2.260
[INFO] [1785491190.390272702] [acados_nmpc_node]: [attach-window] t=13.60s pos_err=0.015m T=22.14N z=2.496 m_est=2.260
[INFO] [1785491190.438072995] [acados_nmpc_node]: [attach-window] t=13.65s pos_err=0.015m T=22.12N z=2.498 m_est=2.260
[INFO] [1785491190.490669773] [acados_nmpc_node]: [attach-window] t=13.70s pos_err=0.015m T=22.12N z=2.499 m_est=2.260
[INFO] [1785491190.538029866] [acados_nmpc_node]: [attach-window] t=13.75s pos_err=0.015m T=22.11N z=2.500 m_est=2.260
[INFO] [1785491190.590354265] [acados_nmpc_node]: [attach-window] t=13.80s pos_err=0.014m T=22.11N z=2.501 m_est=2.260
[INFO] [1785491190.637989312] [acados_nmpc_node]: [attach-window] t=13.85s pos_err=0.014m T=22.10N z=2.502 m_est=2.260
[INFO] [1785491190.690304477] [acados_nmpc_node]: [attach-window] t=13.90s pos_err=0.014m T=22.10N z=2.502 m_est=2.260
[INFO] [1785491190.738110004] [acados_nmpc_node]: [attach-window] t=13.95s pos_err=0.013m T=22.09N z=2.504 m_est=2.260
[INFO] [1785491190.790342424] [acados_nmpc_node]: [attach-window] t=14.00s pos_err=0.013m T=22.09N z=2.505 m_est=2.260
[INFO] [1785491190.838708932] [acados_nmpc_node]: [attach-window] t=14.05s pos_err=0.012m T=22.08N z=2.506 m_est=2.260
[INFO] [1785491190.890596109] [acados_nmpc_node]: [attach-window] t=14.10s pos_err=0.012m T=22.08N z=2.507 m_est=2.260
[INFO] [1785491190.938872509] [acados_nmpc_node]: [attach-window] t=14.15s pos_err=0.013m T=22.08N z=2.508 m_est=2.260
[INFO] [1785491190.992492688] [acados_nmpc_node]: [attach-window] t=14.20s pos_err=0.013m T=22.08N z=2.509 m_est=2.260
[INFO] [1785491191.038614026] [acados_nmpc_node]: [attach-window] t=14.25s pos_err=0.013m T=22.08N z=2.510 m_est=2.260
[INFO] [1785491191.092351323] [acados_nmpc_node]: [attach-window] t=14.30s pos_err=0.013m T=22.09N z=2.510 m_est=2.260
[INFO] [1785491191.138553886] [acados_nmpc_node]: [attach-window] t=14.35s pos_err=0.014m T=22.11N z=2.510 m_est=2.260
[INFO] [1785491191.192066587] [acados_nmpc_node]: [attach-window] t=14.40s pos_err=0.014m T=22.12N z=2.510 m_est=2.260
[INFO] [1785491191.238569419] [acados_nmpc_node]: [attach-window] t=14.45s pos_err=0.014m T=22.14N z=2.510 m_est=2.260
[INFO] [1785491191.290452907] [acados_nmpc_node]: [attach-window] t=14.50s pos_err=0.014m T=22.15N z=2.510 m_est=2.259
[INFO] [1785491191.338106472] [acados_nmpc_node]: [attach-window] t=14.55s pos_err=0.014m T=22.16N z=2.510 m_est=2.259
[INFO] [1785491191.390520274] [acados_nmpc_node]: [attach-window] t=14.60s pos_err=0.014m T=22.17N z=2.510 m_est=2.259
[INFO] [1785491191.438058245] [acados_nmpc_node]: [attach-window] t=14.65s pos_err=0.013m T=22.18N z=2.509 m_est=2.259
[INFO] [1785491191.490531522] [acados_nmpc_node]: [attach-window] t=14.70s pos_err=0.013m T=22.19N z=2.509 m_est=2.259
[INFO] [1785491191.537999885] [acados_nmpc_node]: [attach-window] t=14.75s pos_err=0.012m T=22.21N z=2.507 m_est=2.259
[INFO] [1785491191.590577324] [acados_nmpc_node]: [attach-window] t=14.80s pos_err=0.012m T=22.22N z=2.507 m_est=2.259
[INFO] [1785491191.638551586] [acados_nmpc_node]: [attach-window] t=14.85s pos_err=0.012m T=22.23N z=2.506 m_est=2.259
[INFO] [1785491191.692463762] [acados_nmpc_node]: [attach-window] t=14.90s pos_err=0.012m T=22.24N z=2.505 m_est=2.260
[INFO] [1785491191.738536270] [acados_nmpc_node]: [attach-window] t=14.95s pos_err=0.012m T=22.24N z=2.504 m_est=2.260
[INFO] [1785491191.792203894] [acados_nmpc_node]: [attach-window] t=15.00s pos_err=0.013m T=22.24N z=2.504 m_est=2.260
[INFO] [1785491191.838571502] [acados_nmpc_node]: [attach-window] t=15.05s pos_err=0.013m T=22.24N z=2.503 m_est=2.260
[INFO] [1785491191.891968455] [acados_nmpc_node]: [attach-window] t=15.10s pos_err=0.014m T=22.24N z=2.502 m_est=2.260
[INFO] [1785491191.938596585] [acados_nmpc_node]: [attach-window] t=15.15s pos_err=0.014m T=22.24N z=2.501 m_est=2.260
[INFO] [1785491191.992162621] [acados_nmpc_node]: [attach-window] t=15.20s pos_err=0.015m T=22.25N z=2.501 m_est=2.261
[INFO] [1785491192.038587521] [acados_nmpc_node]: [attach-window] t=15.25s pos_err=0.016m T=22.25N z=2.500 m_est=2.261
[INFO] [1785491192.092272230] [acados_nmpc_node]: [attach-window] t=15.30s pos_err=0.016m T=22.25N z=2.500 m_est=2.261
[INFO] [1785491192.138568227] [acados_nmpc_node]: [attach-window] t=15.35s pos_err=0.016m T=22.25N z=2.499 m_est=2.261
[INFO] [1785491192.192136380] [acados_nmpc_node]: [attach-window] t=15.40s pos_err=0.016m T=22.25N z=2.498 m_est=2.262
[INFO] [1785491192.238602200] [acados_nmpc_node]: [attach-window] t=15.45s pos_err=0.016m T=22.24N z=2.498 m_est=2.262
[INFO] [1785491192.292261378] [acados_nmpc_node]: [attach-window] t=15.50s pos_err=0.016m T=22.24N z=2.497 m_est=2.262
[INFO] [1785491192.338546852] [acados_nmpc_node]: [attach-window] t=15.55s pos_err=0.016m T=22.24N z=2.497 m_est=2.262
[INFO] [1785491192.392224647] [acados_nmpc_node]: [attach-window] t=15.60s pos_err=0.016m T=22.24N z=2.497 m_est=2.262
[INFO] [1785491192.438680635] [acados_nmpc_node]: [attach-window] t=15.65s pos_err=0.017m T=22.22N z=2.496 m_est=2.262
[INFO] [1785491192.492185629] [acados_nmpc_node]: [attach-window] t=15.70s pos_err=0.017m T=22.21N z=2.497 m_est=2.263
[INFO] [1785491192.538585753] [acados_nmpc_node]: [attach-window] t=15.75s pos_err=0.017m T=22.18N z=2.497 m_est=2.263
[INFO] [1785491192.539068731] [acados_nmpc_node]: t=15.7s | pos_err=0.017m | T=22.18N | tau=[r-0.075 p0.029 y-0.000]Nm | res_stat=7.696e-07(peak 9.667e-07) sqp_iter=2 | solve=1.3ms
[INFO] [1785491192.592167270] [acados_nmpc_node]: [attach-window] t=15.80s pos_err=0.017m T=22.16N z=2.498 m_est=2.263
[INFO] [1785491192.638561958] [acados_nmpc_node]: [attach-window] t=15.85s pos_err=0.018m T=22.14N z=2.499 m_est=2.263
[INFO] [1785491192.692731180] [acados_nmpc_node]: [attach-window] t=15.90s pos_err=0.018m T=22.13N z=2.500 m_est=2.263
[INFO] [1785491192.738709597] [acados_nmpc_node]: [attach-window] t=15.95s pos_err=0.019m T=22.10N z=2.501 m_est=2.263
[INFO] [1785491192.792342083] [acados_nmpc_node]: [attach-window] t=16.00s pos_err=0.019m T=22.08N z=2.502 m_est=2.262
[INFO] [1785491192.838738323] [acados_nmpc_node]: [attach-window] t=16.05s pos_err=0.020m T=22.06N z=2.504 m_est=2.262
[INFO] [1785491192.892244763] [acados_nmpc_node]: [attach-window] t=16.10s pos_err=0.020m T=22.04N z=2.505 m_est=2.262
[INFO] [1785491192.938625768] [acados_nmpc_node]: [attach-window] t=16.15s pos_err=0.021m T=22.03N z=2.508 m_est=2.262
[INFO] [1785491192.992248099] [acados_nmpc_node]: [attach-window] t=16.20s pos_err=0.021m T=22.02N z=2.509 m_est=2.261
[INFO] [1785491193.038746597] [acados_nmpc_node]: [attach-window] t=16.25s pos_err=0.022m T=22.01N z=2.511 m_est=2.261
[INFO] [1785491193.092270891] [acados_nmpc_node]: [attach-window] t=16.30s pos_err=0.023m T=22.01N z=2.512 m_est=2.261
[INFO] [1785491193.138620066] [acados_nmpc_node]: [attach-window] t=16.35s pos_err=0.023m T=22.02N z=2.514 m_est=2.261
[INFO] [1785491193.192587057] [acados_nmpc_node]: [attach-window] t=16.40s pos_err=0.024m T=22.01N z=2.514 m_est=2.260
[INFO] [1785491193.238588761] [acados_nmpc_node]: [attach-window] t=16.45s pos_err=0.024m T=22.04N z=2.515 m_est=2.260
[INFO] [1785491193.292256017] [acados_nmpc_node]: [attach-window] t=16.50s pos_err=0.024m T=22.04N z=2.516 m_est=2.259
[INFO] [1785491193.338578424] [acados_nmpc_node]: [attach-window] t=16.55s pos_err=0.024m T=22.07N z=2.516 m_est=2.259
[INFO] [1785491193.392484241] [acados_nmpc_node]: [attach-window] t=16.60s pos_err=0.024m T=22.07N z=2.517 m_est=2.259
[INFO] [1785491193.438623185] [acados_nmpc_node]: [attach-window] t=16.65s pos_err=0.023m T=22.10N z=2.517 m_est=2.259
[INFO] [1785491193.492329247] [acados_nmpc_node]: [attach-window] t=16.70s pos_err=0.023m T=22.10N z=2.517 m_est=2.258
[INFO] [1785491193.538610246] [acados_nmpc_node]: [attach-window] t=16.75s pos_err=0.022m T=22.13N z=2.516 m_est=2.258
[INFO] [1785491193.592201519] [acados_nmpc_node]: [attach-window] t=16.80s pos_err=0.021m T=22.14N z=2.516 m_est=2.258
[INFO] [1785491193.638562293] [acados_nmpc_node]: [attach-window] t=16.85s pos_err=0.020m T=22.17N z=2.515 m_est=2.258
[INFO] [1785491193.692768901] [acados_nmpc_node]: [attach-window] t=16.90s pos_err=0.019m T=22.19N z=2.514 m_est=2.258
[INFO] [1785491193.738568308] [acados_nmpc_node]: [attach-window] t=16.95s pos_err=0.018m T=22.22N z=2.512 m_est=2.258
[INFO] [1785491193.792195990] [acados_nmpc_node]: [attach-window] t=17.00s pos_err=0.017m T=22.23N z=2.512 m_est=2.258
[INFO] [1785491193.838462561] [acados_nmpc_node]: [attach-window] t=17.05s pos_err=0.016m T=22.24N z=2.510 m_est=2.258
[INFO] [1785491193.892322346] [acados_nmpc_node]: [attach-window] t=17.10s pos_err=0.015m T=22.25N z=2.510 m_est=2.258
[INFO] [1785491193.938675239] [acados_nmpc_node]: [attach-window] t=17.15s pos_err=0.014m T=22.26N z=2.508 m_est=2.258
[INFO] [1785491193.992166566] [acados_nmpc_node]: [attach-window] t=17.20s pos_err=0.013m T=22.27N z=2.507 m_est=2.258
[INFO] [1785491194.038703322] [acados_nmpc_node]: [attach-window] t=17.25s pos_err=0.013m T=22.27N z=2.506 m_est=2.258
[INFO] [1785491194.092412242] [acados_nmpc_node]: [attach-window] t=17.30s pos_err=0.012m T=22.27N z=2.505 m_est=2.259
[INFO] [1785491194.138788719] [acados_nmpc_node]: [attach-window] t=17.35s pos_err=0.012m T=22.26N z=2.504 m_est=2.259
[INFO] [1785491194.192433130] [acados_nmpc_node]: [attach-window] t=17.40s pos_err=0.012m T=22.27N z=2.503 m_est=2.260
[INFO] [1785491194.238602646] [acados_nmpc_node]: [attach-window] t=17.45s pos_err=0.012m T=22.26N z=2.503 m_est=2.260
[INFO] [1785491194.292409812] [acados_nmpc_node]: [attach-window] t=17.50s pos_err=0.012m T=22.26N z=2.502 m_est=2.260
[INFO] [1785491194.338607091] [acados_nmpc_node]: [attach-window] t=17.55s pos_err=0.012m T=22.24N z=2.502 m_est=2.260
[INFO] [1785491194.392168138] [acados_nmpc_node]: [attach-window] t=17.60s pos_err=0.012m T=22.24N z=2.501 m_est=2.261
[INFO] [1785491194.438566670] [acados_nmpc_node]: [attach-window] t=17.65s pos_err=0.012m T=22.23N z=2.501 m_est=2.261
[INFO] [1785491194.492205251] [acados_nmpc_node]: [attach-window] t=17.70s pos_err=0.011m T=22.23N z=2.501 m_est=2.262
[INFO] [1785491194.538578971] [acados_nmpc_node]: [attach-window] t=17.75s pos_err=0.010m T=22.21N z=2.500 m_est=2.262
[INFO] [1785491194.592240569] [acados_nmpc_node]: [attach-window] t=17.80s pos_err=0.010m T=22.21N z=2.500 m_est=2.262
[INFO] [1785491194.638807016] [acados_nmpc_node]: [attach-window] t=17.85s pos_err=0.009m T=22.21N z=2.500 m_est=2.262
[INFO] [1785491194.690588374] [acados_nmpc_node]: [attach-window] t=17.90s pos_err=0.008m T=22.21N z=2.500 m_est=2.262
[INFO] [1785491194.738263492] [acados_nmpc_node]: [attach-window] t=17.95s pos_err=0.008m T=22.21N z=2.499 m_est=2.262
[INFO] [1785491194.791001005] [acados_nmpc_node]: [attach-window] t=18.00s pos_err=0.008m T=22.21N z=2.499 m_est=2.262
[INFO] [1785491194.838132077] [acados_nmpc_node]: [attach-window] t=18.05s pos_err=0.009m T=22.21N z=2.499 m_est=2.262
[INFO] [1785491194.890869939] [acados_nmpc_node]: [attach-window] t=18.10s pos_err=0.009m T=22.21N z=2.498 m_est=2.262
[INFO] [1785491194.938151127] [acados_nmpc_node]: [attach-window] t=18.15s pos_err=0.011m T=22.20N z=2.498 m_est=2.262
[INFO] [1785491194.990724948] [acados_nmpc_node]: [attach-window] t=18.20s pos_err=0.012m T=22.19N z=2.498 m_est=2.262
[INFO] [1785491195.038169690] [acados_nmpc_node]: [attach-window] t=18.25s pos_err=0.014m T=22.18N z=2.499 m_est=2.262
[INFO] [1785491195.092520699] [acados_nmpc_node]: [attach-window] t=18.30s pos_err=0.015m T=22.18N z=2.499 m_est=2.262
[INFO] [1785491195.138536617] [acados_nmpc_node]: [attach-window] t=18.35s pos_err=0.017m T=22.18N z=2.499 m_est=2.262
[INFO] [1785491195.192458347] [acados_nmpc_node]: [attach-window] t=18.40s pos_err=0.018m T=22.18N z=2.499 m_est=2.262
[INFO] [1785491195.238711420] [acados_nmpc_node]: [attach-window] t=18.45s pos_err=0.020m T=22.18N z=2.499 m_est=2.262
[INFO] [1785491195.292345287] [acados_nmpc_node]: [attach-window] t=18.50s pos_err=0.020m T=22.17N z=2.499 m_est=2.262
[INFO] [1785491195.338559083] [acados_nmpc_node]: [attach-window] t=18.55s pos_err=0.021m T=22.17N z=2.499 m_est=2.262
[INFO] [1785491195.392332829] [acados_nmpc_node]: [attach-window] t=18.60s pos_err=0.021m T=22.16N z=2.500 m_est=2.261
[INFO] [1785491195.438689693] [acados_nmpc_node]: [attach-window] t=18.65s pos_err=0.021m T=22.16N z=2.500 m_est=2.261
[INFO] [1785491195.492332923] [acados_nmpc_node]: [attach-window] t=18.70s pos_err=0.021m T=22.15N z=2.500 m_est=2.261
[INFO] [1785491195.538572335] [acados_nmpc_node]: [attach-window] t=18.75s pos_err=0.019m T=22.15N z=2.501 m_est=2.261
[INFO] [1785491195.592239389] [acados_nmpc_node]: [attach-window] t=18.80s pos_err=0.019m T=22.14N z=2.501 m_est=2.261
[INFO] [1785491195.638571954] [acados_nmpc_node]: [attach-window] t=18.85s pos_err=0.018m T=22.13N z=2.502 m_est=2.261
[INFO] [1785491195.692345144] [acados_nmpc_node]: [attach-window] t=18.90s pos_err=0.017m T=22.13N z=2.502 m_est=2.261
[INFO] [1785491195.738651279] [acados_nmpc_node]: [attach-window] t=18.95s pos_err=0.016m T=22.12N z=2.503 m_est=2.261
[INFO] [1785491195.792385020] [acados_nmpc_node]: [attach-window] t=19.00s pos_err=0.016m T=22.12N z=2.503 m_est=2.261
[INFO] [1785491195.838563456] [acados_nmpc_node]: [attach-window] t=19.05s pos_err=0.014m T=22.11N z=2.504 m_est=2.261
[INFO] [1785491195.892351059] [acados_nmpc_node]: [attach-window] t=19.10s pos_err=0.013m T=22.11N z=2.505 m_est=2.260
[INFO] [1785491195.938544725] [acados_nmpc_node]: [attach-window] t=19.15s pos_err=0.012m T=22.11N z=2.505 m_est=2.260
[INFO] [1785491195.992221957] [acados_nmpc_node]: [attach-window] t=19.20s pos_err=0.011m T=22.11N z=2.506 m_est=2.260
[INFO] [1785491196.038497504] [acados_nmpc_node]: [attach-window] t=19.25s pos_err=0.010m T=22.12N z=2.506 m_est=2.260
[INFO] [1785491196.092366040] [acados_nmpc_node]: [attach-window] t=19.30s pos_err=0.009m T=22.13N z=2.506 m_est=2.260
[INFO] [1785491196.138535597] [acados_nmpc_node]: [attach-window] t=19.35s pos_err=0.008m T=22.15N z=2.506 m_est=2.260
[INFO] [1785491196.192573723] [acados_nmpc_node]: [attach-window] t=19.40s pos_err=0.008m T=22.16N z=2.505 m_est=2.260
[INFO] [1785491196.238496101] [acados_nmpc_node]: [attach-window] t=19.45s pos_err=0.007m T=22.17N z=2.505 m_est=2.260
[INFO] [1785491196.292357523] [acados_nmpc_node]: [attach-window] t=19.50s pos_err=0.007m T=22.18N z=2.505 m_est=2.260
[INFO] [1785491196.338580998] [acados_nmpc_node]: [attach-window] t=19.55s pos_err=0.006m T=22.19N z=2.504 m_est=2.260
[INFO] [1785491196.392306496] [acados_nmpc_node]: [attach-window] t=19.60s pos_err=0.006m T=22.19N z=2.504 m_est=2.260
[INFO] [1785491196.438496701] [acados_nmpc_node]: [attach-window] t=19.65s pos_err=0.006m T=22.20N z=2.503 m_est=2.260
[INFO] [1785491196.492630914] [acados_nmpc_node]: [attach-window] t=19.70s pos_err=0.006m T=22.21N z=2.503 m_est=2.260
[INFO] [1785491196.538514163] [acados_nmpc_node]: [attach-window] t=19.75s pos_err=0.006m T=22.22N z=2.502 m_est=2.260
[INFO] [1785491196.590657667] [acados_nmpc_node]: [attach-window] t=19.80s pos_err=0.007m T=22.22N z=2.502 m_est=2.260
[INFO] [1785491196.637978565] [acados_nmpc_node]: [attach-window] t=19.85s pos_err=0.007m T=22.21N z=2.501 m_est=2.260
[INFO] [1785491196.691263825] [acados_nmpc_node]: [attach-window] t=19.90s pos_err=0.008m T=22.21N z=2.501 m_est=2.260
[INFO] [1785491196.738083870] [acados_nmpc_node]: [attach-window] t=19.95s pos_err=0.009m T=22.21N z=2.501 m_est=2.260
[INFO] [1785491196.792483430] [acados_nmpc_node]: [attach-window] t=20.00s pos_err=0.009m T=22.22N z=2.500 m_est=2.260
[INFO] [1785491196.838692743] [acados_nmpc_node]: [attach-window] t=20.05s pos_err=0.009m T=22.23N z=2.499 m_est=2.260
[INFO] [1785491196.892462294] [acados_nmpc_node]: [attach-window] t=20.10s pos_err=0.009m T=22.24N z=2.499 m_est=2.260
[INFO] [1785491196.938701304] [acados_nmpc_node]: [attach-window] t=20.15s pos_err=0.010m T=22.25N z=2.497 m_est=2.260
[INFO] [1785491196.992604898] [acados_nmpc_node]: [attach-window] t=20.20s pos_err=0.010m T=22.26N z=2.496 m_est=2.261
[INFO] [1785491197.038639774] [acados_nmpc_node]: [attach-window] t=20.25s pos_err=0.011m T=22.28N z=2.495 m_est=2.261
[INFO] [1785491197.092492578] [acados_nmpc_node]: [attach-window] t=20.30s pos_err=0.012m T=22.30N z=2.494 m_est=2.261
[INFO] [1785491197.138562370] [acados_nmpc_node]: [attach-window] t=20.35s pos_err=0.013m T=22.32N z=2.491 m_est=2.261
[INFO] [1785491197.192408746] [acados_nmpc_node]: [attach-window] t=20.40s pos_err=0.013m T=22.33N z=2.490 m_est=2.261
[INFO] [1785491197.238597470] [acados_nmpc_node]: [attach-window] t=20.45s pos_err=0.014m T=22.33N z=2.488 m_est=2.261
[INFO] [1785491197.292439360] [acados_nmpc_node]: [attach-window] t=20.50s pos_err=0.015m T=22.34N z=2.487 m_est=2.262
[INFO] [1785491197.338530775] [acados_nmpc_node]: [attach-window] t=20.55s pos_err=0.016m T=22.32N z=2.486 m_est=2.262
[INFO] [1785491197.392488219] [acados_nmpc_node]: [attach-window] t=20.60s pos_err=0.016m T=22.32N z=2.486 m_est=2.262
[INFO] [1785491197.438563387] [acados_nmpc_node]: [attach-window] t=20.65s pos_err=0.016m T=22.29N z=2.485 m_est=2.262
[INFO] [1785491197.492353929] [acados_nmpc_node]: [attach-window] t=20.70s pos_err=0.016m T=22.28N z=2.485 m_est=2.263
[INFO] [1785491197.538584296] [acados_nmpc_node]: [attach-window] t=20.75s pos_err=0.015m T=22.25N z=2.485 m_est=2.263
[INFO] [1785491197.539064887] [acados_nmpc_node]: t=20.7s | pos_err=0.015m | T=22.25N | tau=[r-0.077 p0.031 y0.000]Nm | res_stat=1.784e-07(peak 9.667e-07) sqp_iter=2 | solve=1.3ms
[INFO] [1785491197.592498191] [acados_nmpc_node]: [attach-window] t=20.80s pos_err=0.015m T=22.23N z=2.485 m_est=2.263
[INFO] [1785491197.638545136] [acados_nmpc_node]: [attach-window] t=20.85s pos_err=0.014m T=22.20N z=2.486 m_est=2.263
[INFO] [1785491197.692524326] [acados_nmpc_node]: [attach-window] t=20.90s pos_err=0.013m T=22.19N z=2.487 m_est=2.263
[INFO] [1785491197.738763123] [acados_nmpc_node]: [attach-window] t=20.95s pos_err=0.012m T=22.16N z=2.488 m_est=2.263
[INFO] [1785491197.792465251] [acados_nmpc_node]: [attach-window] t=21.00s pos_err=0.012m T=22.15N z=2.488 m_est=2.263
[INFO] [1785491197.838492872] [acados_nmpc_node]: [attach-window] t=21.05s pos_err=0.011m T=22.13N z=2.490 m_est=2.263
[INFO] [1785491197.892466085] [acados_nmpc_node]: [attach-window] t=21.10s pos_err=0.011m T=22.13N z=2.490 m_est=2.263
[INFO] [1785491197.938455292] [acados_nmpc_node]: [attach-window] t=21.15s pos_err=0.011m T=22.13N z=2.491 m_est=2.263
[INFO] [1785491197.992628419] [acados_nmpc_node]: [attach-window] t=21.20s pos_err=0.011m T=22.14N z=2.491 m_est=2.263
[INFO] [1785491198.038542503] [acados_nmpc_node]: [attach-window] t=21.25s pos_err=0.011m T=22.15N z=2.492 m_est=2.263
[INFO] [1785491198.092649337] [acados_nmpc_node]: [attach-window] t=21.30s pos_err=0.011m T=22.16N z=2.492 m_est=2.263
[INFO] [1785491198.138789736] [acados_nmpc_node]: [attach-window] t=21.35s pos_err=0.011m T=22.17N z=2.492 m_est=2.263
[ros2run]: Killed
