[INFO] [1788510829.073989330] [mhe_node]: MHE node starting, building/loading solver... (geom_coupled=True, N=20, m_min=1.961, m_B=2.0643)
Code reuse possible, skipping code generation.
acados was compiled without OpenMP.
[INFO] [1788510829.080817529] [mhe_node]: [prior] geom_coupled=True → 载荷质量信息**完全不生效**(grip_payload_envelope=0.3 是死代码:coupled 档下 _payload_geometry 根本不被调用);模型只吃可测杆臂 r_p + 被估质量,m 的先验仅有 Q0 质量维=0.1 (σ=3.16kg,实质无先验)
[WARN] [1788510829.081307719] [mhe_node]: geom_release_mode='self':估计器不被告知 drop。⚠️ 2026-08-24 实测,**NMPC 侧也设成 'self' 会必然坠机**——drop 后控制器继续按幽灵偏心载荷配平,指令 0.424N·m(tau_max 的 85%)作用在空机 J_xx=0.0142 上 = 29.8 rad/s²,而 MHE 10Hz/2s 窗口要 1~2s 才纠得过来,飞机先翻。**正确组合 = MHE 'self' + NMPC 'event'**(控制器是发释放指令的一方,它知道不构成认知作弊)。
[INFO] [1788510829.082713974] [mhe_node]: [c_xy_est] 质量域卸载判据已开:先武装(m_p>0.090kg),再判 m_p<0.03kg 持续 20 帧 -> 释放偏心估计
[INFO] [1788510829.083241793] [mhe_node]: [c_xy] 来源 = 一阶质量矩 s/m_T(窗口内估计,**无稳态门控**),替代窗外 EMA —— 机动中也会更新
[INFO] [1788510829.084269365] [mhe_node]: weight schedule theta = [-4.00, 0.00, 0.00, 0.00], signal mode = residual (residual self-trigger: thresh=1.5N persist=2 baseline_tau=3.0s)
[INFO] [1788510829.088376850] [mhe_node]: MHE node initialized! tau_source=phys_full (roll/pitch 电机转速反算, yaw 电机转速反算(完全解耦)), motor_window_avg=True, geom_release_mode=self. Waiting for odometry + control data...
[INFO] [1788510850.788130394] [mhe_node]: [no-signal] baseline settled at 19.93N (quiet 20 frames); detector armed
[INFO] [1788510850.788424065] [mhe_node]: arrival prior seeded: m=2.064 kg (m_nominal prior)
[INFO] [1788510850.788808292] [mhe_node]: [geom] model_geom_on=True (release_mode=self, truth_attached=False) mode=coupled(r_p) -> geom=[ 0.    0.   -0.47] dJ=0.0000 c_xy=[+0.0000,+0.0000] (dJ/c 为按当前 m_est 折算的诊断当量,模型内部随 m 实时生成)
[INFO] [1788510852.694744410] [mhe_node]: MHE mass estimate: 2.062 kg (T_phys=20.06N) | solve=3.7ms (max5.6)
[INFO] [1788510852.695307142] [mhe_node]: [truth] m_hat=2.0621 m_true=2.0643 err=-0.11% | c_hat=[+0.0000,+0.0000] c_true=[+0.0000,+0.0000] | Jxx_hat=0.01420 Jxx_true=0.01420 Jyz_hat=+0.00000 Jyz_true=+0.00000 | s_hat=[-0.0000,-0.0000] s_true=[+0.0000,+0.0000] kg·m
[INFO] [1788510852.695828084] [mhe_node]: [tau_phys] roll=+0.006 pitch=-0.044 Nm
[INFO] [1788510852.696433013] [mhe_node]: [mass-diag] m_est=2.0621 T=20.057N tilt=6.29deg cos=0.99399 | T/g=2.0445 T*cos/g=2.0322 | m_est-T*cos/g=+0.0299kg (+1.47%) vz=+0.105
[INFO] [1788510852.697015913] [mhe_node]: [c_xy_est] cx=-0.0000 cy=-0.0000 m
[INFO] [1788510854.695675140] [mhe_node]: MHE mass estimate: 2.059 kg (T_phys=20.17N) | solve=7.0ms (max14.2)
[INFO] [1788510854.696241449] [mhe_node]: [truth] m_hat=2.0590 m_true=2.0643 err=-0.26% | c_hat=[+0.0000,+0.0000] c_true=[+0.0000,+0.0000] | Jxx_hat=0.01420 Jxx_true=0.01420 Jyz_hat=+0.00000 Jyz_true=+0.00000 | s_hat=[-0.0010,+0.0001] s_true=[+0.0000,+0.0000] kg·m
[INFO] [1788510854.696757310] [mhe_node]: [tau_phys] roll=+0.002 pitch=+0.003 Nm
[INFO] [1788510854.697356798] [mhe_node]: [mass-diag] m_est=2.0590 T=20.169N tilt=2.24deg cos=0.99924 | T/g=2.0559 T*cos/g=2.0543 | m_est-T*cos/g=+0.0046kg (+0.23%) vz=+0.025
[INFO] [1788510854.697938794] [mhe_node]: [c_xy_est] cx=-0.0004 cy=+0.0000 m
[INFO] [1788510856.694050831] [mhe_node]: MHE mass estimate: 2.059 kg (T_phys=20.25N) | solve=5.2ms (max5.9)
[INFO] [1788510856.694447433] [mhe_node]: [truth] m_hat=2.0589 m_true=2.0643 err=-0.26% | c_hat=[+0.0000,+0.0000] c_true=[+0.0000,+0.0000] | Jxx_hat=0.01420 Jxx_true=0.01420 Jyz_hat=+0.00000 Jyz_true=+0.00000 | s_hat=[-0.0001,+0.0001] s_true=[+0.0000,+0.0000] kg·m
[INFO] [1788510856.694859628] [mhe_node]: [tau_phys] roll=+0.001 pitch=+0.002 Nm
[INFO] [1788510856.695295268] [mhe_node]: [mass-diag] m_est=2.0589 T=20.249N tilt=0.32deg cos=0.99998 | T/g=2.0641 T*cos/g=2.0640 | m_est-T*cos/g=-0.0051kg (-0.25%) vz=-0.006
[INFO] [1788510856.695795809] [mhe_node]: [c_xy_est] cx=-0.0000 cy=+0.0000 m
[INFO] [1788510858.692612023] [mhe_node]: MHE mass estimate: 2.059 kg (T_phys=18.62N) | solve=3.6ms (max4.6)
[INFO] [1788510858.693167201] [mhe_node]: [truth] m_hat=2.0589 m_true=2.0643 err=-0.26% | c_hat=[+0.0000,+0.0000] c_true=[+0.0000,+0.0000] | Jxx_hat=0.01420 Jxx_true=0.01420 Jyz_hat=+0.00000 Jyz_true=+0.00000 | s_hat=[+0.0000,-0.0000] s_true=[+0.0000,+0.0000] kg·m
[INFO] [1788510858.693690479] [mhe_node]: [tau_phys] roll=-0.001 pitch=-0.002 Nm
[INFO] [1788510858.694287736] [mhe_node]: [mass-diag] m_est=2.0589 T=18.620N tilt=0.28deg cos=0.99999 | T/g=1.8981 T*cos/g=1.8981 | m_est-T*cos/g=+0.1608kg (+8.47%) vz=-0.406
[INFO] [1788510858.694867200] [mhe_node]: [c_xy_est] cx=-0.0000 cy=-0.0000 m
[INFO] [1788510859.588165947] [mhe_node]: [no-signal] mass mutation self-detected at frame 107: T_phys=21.85N vs baseline 19.95N (dev 1.90N > 1.5N over 2 frames, direction=ATTACH); de-weighting pre-event stages
[INFO] [1788510859.588382676] [mhe_node]: [payload-state] EMPTY->LOADED (attach, m_p=-0.002kg)
[INFO] [1788510859.589553670] [mhe_node]: event transition started: pre-event stages de-weighted
[INFO] [1788510860.693182406] [mhe_node]: MHE mass estimate: 2.051 kg (T_phys=20.39N) | solve=3.2ms (max3.8)
[INFO] [1788510860.693730298] [mhe_node]: [truth] m_hat=2.0510 m_true=2.0643 err=-0.64% | c_hat=[+0.0000,+0.0000] c_true=[+0.0000,+0.0000] | Jxx_hat=0.01420 Jxx_true=0.01420 Jyz_hat=+0.00000 Jyz_true=+0.00000 | s_hat=[+0.0000,+0.0000] s_true=[+0.0000,+0.0000] kg·m
[INFO] [1788510860.694246460] [mhe_node]: [tau_phys] roll=-0.001 pitch=-0.004 Nm
[INFO] [1788510860.694835321] [mhe_node]: [mass-diag] m_est=2.0510 T=20.392N tilt=0.26deg cos=0.99999 | T/g=2.0787 T*cos/g=2.0787 | m_est-T*cos/g=-0.0276kg (-1.33%) vz=-0.071
[INFO] [1788510860.695469889] [mhe_node]: [c_xy_est] cx=-0.0000 cy=+0.0000 m
[INFO] [1788510861.489016309] [mhe_node]: event transition ended: nominal weights restored
[INFO] [1788510862.719082866] [mhe_node]: MHE mass estimate: 1.961 kg (T_phys=19.71N) | solve=15.2ms (max35.7)
[INFO] [1788510862.719655870] [mhe_node]: [truth] m_hat=1.9611 m_true=2.0643 err=-5.00% | c_hat=[+0.0000,+0.0000] c_true=[+0.0000,+0.0000] | Jxx_hat=0.01420 Jxx_true=0.01420 Jyz_hat=+0.00000 Jyz_true=+0.00000 | s_hat=[+0.0090,+0.0115] s_true=[+0.0000,+0.0000] kg·m
[INFO] [1788510862.720199748] [mhe_node]: [tau_phys] roll=+0.219 pitch=-0.033 Nm
[INFO] [1788510862.720802526] [mhe_node]: [mass-diag] m_est=1.9611 T=19.706N tilt=0.47deg cos=0.99997 | T/g=2.0088 T*cos/g=2.0087 | m_est-T*cos/g=-0.0476kg (-2.37%) vz=+0.005
[INFO] [1788510862.721386348] [mhe_node]: [c_xy_est] cx=+0.0040 cy=+0.0051 m
[INFO] [1788510863.588082072] [mhe_node]: [no-signal] baseline settled at 19.83N (quiet 20 frames); detector armed
[INFO] [1788510864.729284911] [mhe_node]: MHE mass estimate: 1.961 kg (T_phys=19.99N) | solve=35.7ms (max52.5)
[INFO] [1788510864.729842270] [mhe_node]: [truth] m_hat=1.9611 m_true=2.0643 err=-5.00% | c_hat=[+0.0000,+0.0000] c_true=[+0.0000,+0.0000] | Jxx_hat=0.01420 Jxx_true=0.01420 Jyz_hat=+0.00000 Jyz_true=+0.00000 | s_hat=[-0.0029,+0.0090] s_true=[+0.0000,+0.0000] kg·m
[INFO] [1788510864.730361346] [mhe_node]: [tau_phys] roll=-0.054 pitch=+0.056 Nm
[INFO] [1788510864.730955143] [mhe_node]: [mass-diag] m_est=1.9611 T=19.994N tilt=0.87deg cos=0.99988 | T/g=2.0382 T*cos/g=2.0379 | m_est-T*cos/g=-0.0768kg (-3.77%) vz=-0.002
[INFO] [1788510864.731541001] [mhe_node]: [c_xy_est] cx=-0.0011 cy=+0.0055 m
[INFO] [1788510865.388057008] [mhe_node]: [no-signal] mass mutation self-detected at frame 165: T_phys=21.87N vs baseline 19.94N (dev 1.92N > 1.5N over 2 frames, direction=ATTACH); de-weighting pre-event stages
[INFO] [1788510865.388820595] [mhe_node]: event transition started: pre-event stages de-weighted
[INFO] [1788510866.693211408] [mhe_node]: MHE mass estimate: 2.188 kg (T_phys=22.37N) | solve=11.6ms (max31.8)
[INFO] [1788510866.693628965] [mhe_node]: [truth] m_hat=2.1879 m_true=2.0643 err=+5.99% | c_hat=[+0.0000,+0.0000] c_true=[+0.0000,+0.0000] | Jxx_hat=0.01420 Jxx_true=0.01420 Jyz_hat=+0.00000 Jyz_true=+0.00000 | s_hat=[-0.0029,-0.0131] s_true=[+0.0000,+0.0000] kg·m
[INFO] [1788510866.693988200] [mhe_node]: [tau_phys] roll=-0.180 pitch=-1.607 Nm
[INFO] [1788510866.694412312] [mhe_node]: [mass-diag] m_est=2.1879 T=22.370N tilt=1.05deg cos=0.99983 | T/g=2.2804 T*cos/g=2.2800 | m_est-T*cos/g=-0.0921kg (-4.04%) vz=+0.672
[INFO] [1788510866.694810456] [mhe_node]: [c_xy_est] cx=-0.0006 cy=-0.0061 m
[INFO] [1788510867.289067763] [mhe_node]: event transition ended: nominal weights restored
[INFO] [1788510867.588146534] [mhe_node]: [c_xy_est] 质量域判据已武装(m_p=0.098kg 连续20帧高于水位)
[INFO] [1788510868.697338517] [mhe_node]: MHE mass estimate: 2.170 kg (T_phys=21.52N) | solve=11.8ms (max19.5)
[INFO] [1788510868.697905597] [mhe_node]: [truth] m_hat=2.1705 m_true=2.0643 err=+5.14% | c_hat=[+0.0000,+0.0000] c_true=[+0.0000,+0.0000] | Jxx_hat=0.01420 Jxx_true=0.01420 Jyz_hat=+0.00000 Jyz_true=+0.00000 | s_hat=[-0.0026,-0.0129] s_true=[+0.0000,+0.0000] kg·m
[INFO] [1788510868.698426196] [mhe_node]: [tau_phys] roll=-0.136 pitch=+0.047 Nm
[INFO] [1788510868.699016554] [mhe_node]: [mass-diag] m_est=2.1705 T=21.522N tilt=0.18deg cos=0.99999 | T/g=2.1939 T*cos/g=2.1939 | m_est-T*cos/g=-0.0234kg (-1.07%) vz=+1.168
[INFO] [1788510868.699601352] [mhe_node]: [c_xy_est] cx=-0.0009 cy=-0.0059 m
[INFO] [1788510869.388152007] [mhe_node]: [no-signal] baseline settled at 21.39N (quiet 20 frames); detector armed
[INFO] [1788510870.693705147] [mhe_node]: MHE mass estimate: 2.198 kg (T_phys=20.57N) | solve=6.6ms (max13.9)
[INFO] [1788510870.694282639] [mhe_node]: [truth] m_hat=2.1982 m_true=2.0643 err=+6.48% | c_hat=[+0.0000,+0.0000] c_true=[+0.0000,+0.0000] | Jxx_hat=0.01420 Jxx_true=0.01420 Jyz_hat=+0.00000 Jyz_true=+0.00000 | s_hat=[-0.0022,-0.0138] s_true=[+0.0000,+0.0000] kg·m
[INFO] [1788510870.694799004] [mhe_node]: [tau_phys] roll=-0.131 pitch=+0.037 Nm
[INFO] [1788510870.695387734] [mhe_node]: [mass-diag] m_est=2.1982 T=20.568N tilt=0.18deg cos=1.00000 | T/g=2.0966 T*cos/g=2.0966 | m_est-T*cos/g=+0.1016kg (+4.84%) vz=+0.852
[INFO] [1788510870.695965497] [mhe_node]: [c_xy_est] cx=-0.0010 cy=-0.0063 m
[INFO] [1788510872.691189369] [mhe_node]: MHE mass estimate: 2.213 kg (T_phys=21.29N) | solve=3.7ms (max5.7)
[INFO] [1788510872.691595036] [mhe_node]: [truth] m_hat=2.2125 m_true=2.0643 err=+7.18% | c_hat=[+0.0000,+0.0000] c_true=[+0.0000,+0.0000] | Jxx_hat=0.01420 Jxx_true=0.01420 Jyz_hat=+0.00000 Jyz_true=+0.00000 | s_hat=[-0.0023,-0.0138] s_true=[+0.0000,+0.0000] kg·m
[INFO] [1788510872.691954732] [mhe_node]: [tau_phys] roll=-0.140 pitch=+0.014 Nm
[INFO] [1788510872.692365605] [mhe_node]: [mass-diag] m_est=2.2125 T=21.286N tilt=0.17deg cos=1.00000 | T/g=2.1698 T*cos/g=2.1698 | m_est-T*cos/g=+0.0427kg (+1.97%) vz=+0.110
[INFO] [1788510872.692760360] [mhe_node]: [c_xy_est] cx=-0.0011 cy=-0.0062 m
[INFO] [1788510874.692723043] [mhe_node]: MHE mass estimate: 2.209 kg (T_phys=21.63N) | solve=3.8ms (max6.2)
[INFO] [1788510874.693300738] [mhe_node]: [truth] m_hat=2.2089 m_true=2.0643 err=+7.01% | c_hat=[+0.0000,+0.0000] c_true=[+0.0000,+0.0000] | Jxx_hat=0.01420 Jxx_true=0.01420 Jyz_hat=+0.00000 Jyz_true=+0.00000 | s_hat=[-0.0024,-0.0139] s_true=[+0.0000,+0.0000] kg·m
[INFO] [1788510874.693826780] [mhe_node]: [tau_phys] roll=-0.151 pitch=+0.013 Nm
[INFO] [1788510874.694420869] [mhe_node]: [mass-diag] m_est=2.2089 T=21.630N tilt=0.39deg cos=0.99998 | T/g=2.2049 T*cos/g=2.2048 | m_est-T*cos/g=+0.0041kg (+0.19%) vz=-0.019
[INFO] [1788510874.695001224] [mhe_node]: [c_xy_est] cx=-0.0011 cy=-0.0063 m
[INFO] [1788510876.693627612] [mhe_node]: MHE mass estimate: 2.209 kg (T_phys=21.63N) | solve=4.2ms (max6.9)
[INFO] [1788510876.694208477] [mhe_node]: [truth] m_hat=2.2086 m_true=2.0643 err=+6.99% | c_hat=[+0.0000,+0.0000] c_true=[+0.0000,+0.0000] | Jxx_hat=0.01420 Jxx_true=0.01420 Jyz_hat=+0.00000 Jyz_true=+0.00000 | s_hat=[-0.0022,-0.0139] s_true=[+0.0000,+0.0000] kg·m
[INFO] [1788510876.694738445] [mhe_node]: [tau_phys] roll=-0.115 pitch=+0.002 Nm
[INFO] [1788510876.695328067] [mhe_node]: [mass-diag] m_est=2.2086 T=21.626N tilt=0.23deg cos=0.99999 | T/g=2.2045 T*cos/g=2.2045 | m_est-T*cos/g=+0.0041kg (+0.19%) vz=-0.009
[INFO] [1788510876.695906690] [mhe_node]: [c_xy_est] cx=-0.0010 cy=-0.0063 m
[INFO] [1788510878.694493189] [mhe_node]: MHE mass estimate: 2.203 kg (T_phys=21.77N) | solve=7.3ms (max18.1)
[INFO] [1788510878.694988202] [mhe_node]: [truth] m_hat=2.2033 m_true=2.0643 err=+6.73% | c_hat=[+0.0000,+0.0000] c_true=[+0.0000,+0.0000] | Jxx_hat=0.01420 Jxx_true=0.01420 Jyz_hat=+0.00000 Jyz_true=+0.00000 | s_hat=[-0.0040,-0.0136] s_true=[+0.0000,+0.0000] kg·m
[INFO] [1788510878.695350306] [mhe_node]: [tau_phys] roll=-0.124 pitch=-0.043 Nm
[INFO] [1788510878.695753075] [mhe_node]: [mass-diag] m_est=2.2033 T=21.771N tilt=2.84deg cos=0.99877 | T/g=2.2193 T*cos/g=2.2165 | m_est-T*cos/g=-0.0133kg (-0.60%) vz=+0.006
[INFO] [1788510878.696145479] [mhe_node]: [c_xy_est] cx=-0.0018 cy=-0.0061 m
[INFO] [1788510880.700852931] [mhe_node]: MHE mass estimate: 2.194 kg (T_phys=21.67N) | solve=10.6ms (max21.8)
[INFO] [1788510880.701435684] [mhe_node]: [truth] m_hat=2.1943 m_true=2.0643 err=+6.30% | c_hat=[+0.0000,+0.0000] c_true=[+0.0000,+0.0000] | Jxx_hat=0.01420 Jxx_true=0.01420 Jyz_hat=+0.00000 Jyz_true=+0.00000 | s_hat=[-0.0035,-0.0133] s_true=[+0.0000,+0.0000] kg·m
[INFO] [1788510880.701960698] [mhe_node]: [tau_phys] roll=-0.162 pitch=-0.082 Nm
[INFO] [1788510880.702561415] [mhe_node]: [mass-diag] m_est=2.1943 T=21.671N tilt=5.84deg cos=0.99481 | T/g=2.2090 T*cos/g=2.1976 | m_est-T*cos/g=-0.0032kg (-0.15%) vz=+0.132
[INFO] [1788510880.703143830] [mhe_node]: [c_xy_est] cx=-0.0014 cy=-0.0061 m
[INFO] [1788510882.692382545] [mhe_node]: MHE mass estimate: 2.186 kg (T_phys=21.47N) | solve=5.7ms (max9.8)
[INFO] [1788510882.692791090] [mhe_node]: [truth] m_hat=2.1859 m_true=2.0643 err=+5.89% | c_hat=[+0.0000,+0.0000] c_true=[+0.0000,+0.0000] | Jxx_hat=0.01420 Jxx_true=0.01420 Jyz_hat=+0.00000 Jyz_true=+0.00000 | s_hat=[-0.0069,-0.0138] s_true=[+0.0000,+0.0000] kg·m
[INFO] [1788510882.693155161] [mhe_node]: [tau_phys] roll=-0.193 pitch=-0.163 Nm
[INFO] [1788510882.693568882] [mhe_node]: [mass-diag] m_est=2.1859 T=21.475N tilt=8.00deg cos=0.99026 | T/g=2.1891 T*cos/g=2.1677 | m_est-T*cos/g=+0.0182kg (+0.84%) vz=+0.157
[INFO] [1788510882.693971050] [mhe_node]: [c_xy_est] cx=-0.0031 cy=-0.0063 m
[INFO] [1788510884.694548347] [mhe_node]: MHE mass estimate: 2.191 kg (T_phys=21.72N) | solve=5.9ms (max12.2)
[INFO] [1788510884.695124181] [mhe_node]: [truth] m_hat=2.1908 m_true=2.0643 err=+6.13% | c_hat=[+0.0000,+0.0000] c_true=[+0.0000,+0.0000] | Jxx_hat=0.01420 Jxx_true=0.01420 Jyz_hat=+0.00000 Jyz_true=+0.00000 | s_hat=[-0.0083,-0.0142] s_true=[+0.0000,+0.0000] kg·m
[INFO] [1788510884.695645375] [mhe_node]: [tau_phys] roll=-0.186 pitch=-0.036 Nm
[INFO] [1788510884.696236012] [mhe_node]: [mass-diag] m_est=2.1908 T=21.725N tilt=9.65deg cos=0.98585 | T/g=2.2146 T*cos/g=2.1832 | m_est-T*cos/g=+0.0076kg (+0.35%) vz=-0.033
[INFO] [1788510884.696816417] [mhe_node]: [c_xy_est] cx=-0.0038 cy=-0.0065 m
[INFO] [1788510886.697493776] [mhe_node]: MHE mass estimate: 2.189 kg (T_phys=21.52N) | solve=10.3ms (max17.1)
[INFO] [1788510886.698066312] [mhe_node]: [truth] m_hat=2.1889 m_true=2.0643 err=+6.03% | c_hat=[+0.0000,+0.0000] c_true=[+0.0000,+0.0000] | Jxx_hat=0.01420 Jxx_true=0.01420 Jyz_hat=+0.00000 Jyz_true=+0.00000 | s_hat=[-0.0060,-0.0143] s_true=[+0.0000,+0.0000] kg·m
[INFO] [1788510886.698591575] [mhe_node]: [tau_phys] roll=-0.144 pitch=-0.129 Nm
[INFO] [1788510886.699190649] [mhe_node]: [mass-diag] m_est=2.1889 T=21.516N tilt=11.23deg cos=0.98087 | T/g=2.1932 T*cos/g=2.1513 | m_est-T*cos/g=+0.0376kg (+1.75%) vz=-0.154
[INFO] [1788510886.699772366] [mhe_node]: [c_xy_est] cx=-0.0026 cy=-0.0066 m
[INFO] [1788510888.697506062] [mhe_node]: MHE mass estimate: 2.174 kg (T_phys=21.31N) | solve=7.8ms (max17.1)
[INFO] [1788510888.698080285] [mhe_node]: [truth] m_hat=2.1744 m_true=2.0643 err=+5.33% | c_hat=[+0.0000,+0.0000] c_true=[+0.0000,+0.0000] | Jxx_hat=0.01420 Jxx_true=0.01420 Jyz_hat=+0.00000 Jyz_true=+0.00000 | s_hat=[-0.0113,-0.0130] s_true=[+0.0000,+0.0000] kg·m
[INFO] [1788510888.698616976] [mhe_node]: [tau_phys] roll=-0.127 pitch=-0.123 Nm
[INFO] [1788510888.699228218] [mhe_node]: [mass-diag] m_est=2.1744 T=21.310N tilt=3.12deg cos=0.99851 | T/g=2.1723 T*cos/g=2.1691 | m_est-T*cos/g=+0.0053kg (+0.24%) vz=-0.246
[INFO] [1788510888.699831572] [mhe_node]: [c_xy_est] cx=-0.0051 cy=-0.0060 m
[INFO] [1788510890.694514891] [mhe_node]: MHE mass estimate: 2.185 kg (T_phys=21.96N) | solve=5.7ms (max14.2)
[INFO] [1788510890.695086577] [mhe_node]: [truth] m_hat=2.1852 m_true=2.0643 err=+5.86% | c_hat=[+0.0000,+0.0000] c_true=[+0.0000,+0.0000] | Jxx_hat=0.01420 Jxx_true=0.01420 Jyz_hat=+0.00000 Jyz_true=+0.00000 | s_hat=[-0.0126,-0.0115] s_true=[+0.0000,+0.0000] kg·m
[INFO] [1788510890.695609934] [mhe_node]: [tau_phys] roll=-0.082 pitch=-0.005 Nm
[INFO] [1788510890.696202123] [mhe_node]: [mass-diag] m_est=2.1852 T=21.961N tilt=7.40deg cos=0.99167 | T/g=2.2386 T*cos/g=2.2200 | m_est-T*cos/g=-0.0348kg (-1.57%) vz=-0.201
[INFO] [1788510890.696779986] [mhe_node]: [c_xy_est] cx=-0.0058 cy=-0.0053 m
[INFO] [1788510892.697701521] [mhe_node]: MHE mass estimate: 2.192 kg (T_phys=21.83N) | solve=7.3ms (max12.7)
[INFO] [1788510892.698278948] [mhe_node]: [truth] m_hat=2.1920 m_true=2.0643 err=+6.19% | c_hat=[+0.0000,+0.0000] c_true=[+0.0000,+0.0000] | Jxx_hat=0.01420 Jxx_true=0.01420 Jyz_hat=+0.00000 Jyz_true=+0.00000 | s_hat=[-0.0089,-0.0109] s_true=[+0.0000,+0.0000] kg·m
[INFO] [1788510892.698810102] [mhe_node]: [tau_phys] roll=-0.088 pitch=-0.079 Nm
[INFO] [1788510892.699414050] [mhe_node]: [mass-diag] m_est=2.1920 T=21.831N tilt=9.50deg cos=0.98630 | T/g=2.2254 T*cos/g=2.1949 | m_est-T*cos/g=-0.0029kg (-0.13%) vz=-0.075
[INFO] [1788510892.699992203] [mhe_node]: [c_xy_est] cx=-0.0041 cy=-0.0049 m
[INFO] [1788510894.692481583] [mhe_node]: MHE mass estimate: 2.184 kg (T_phys=21.58N) | solve=6.0ms (max10.9)
[INFO] [1788510894.692892259] [mhe_node]: [truth] m_hat=2.1841 m_true=2.0643 err=+5.80% | c_hat=[+0.0000,+0.0000] c_true=[+0.0000,+0.0000] | Jxx_hat=0.01420 Jxx_true=0.01420 Jyz_hat=+0.00000 Jyz_true=+0.00000 | s_hat=[-0.0088,-0.0122] s_true=[+0.0000,+0.0000] kg·m
[INFO] [1788510894.693253202] [mhe_node]: [tau_phys] roll=-0.089 pitch=-0.062 Nm
[INFO] [1788510894.693666118] [mhe_node]: [mass-diag] m_est=2.1841 T=21.585N tilt=4.94deg cos=0.99629 | T/g=2.2003 T*cos/g=2.1921 | m_est-T*cos/g=-0.0080kg (-0.37%) vz=+0.017
[INFO] [1788510894.694068675] [mhe_node]: [c_xy_est] cx=-0.0039 cy=-0.0056 m
[INFO] [1788510896.695184753] [mhe_node]: MHE mass estimate: 2.193 kg (T_phys=21.89N) | solve=5.9ms (max8.6)
[INFO] [1788510896.695691050] [mhe_node]: [truth] m_hat=2.1928 m_true=2.0643 err=+6.23% | c_hat=[+0.0000,+0.0000] c_true=[+0.0000,+0.0000] | Jxx_hat=0.01420 Jxx_true=0.01420 Jyz_hat=+0.00000 Jyz_true=+0.00000 | s_hat=[-0.0096,-0.0114] s_true=[+0.0000,+0.0000] kg·m
[INFO] [1788510896.696053173] [mhe_node]: [tau_phys] roll=-0.059 pitch=-0.039 Nm
[INFO] [1788510896.696464340] [mhe_node]: [mass-diag] m_est=2.1928 T=21.890N tilt=9.39deg cos=0.98660 | T/g=2.2314 T*cos/g=2.2015 | m_est-T*cos/g=-0.0087kg (-0.39%) vz=+0.159
[INFO] [1788510896.696859649] [mhe_node]: [c_xy_est] cx=-0.0044 cy=-0.0052 m
[INFO] [1788510898.692445439] [mhe_node]: MHE mass estimate: 2.184 kg (T_phys=21.39N) | solve=7.4ms (max15.0)
[INFO] [1788510898.692860510] [mhe_node]: [truth] m_hat=2.1837 m_true=2.0643 err=+5.78% | c_hat=[+0.0000,+0.0000] c_true=[+0.0000,+0.0000] | Jxx_hat=0.01420 Jxx_true=0.01420 Jyz_hat=+0.00000 Jyz_true=+0.00000 | s_hat=[-0.0081,-0.0118] s_true=[+0.0000,+0.0000] kg·m
[INFO] [1788510898.693225424] [mhe_node]: [tau_phys] roll=-0.110 pitch=-0.263 Nm
[INFO] [1788510898.693638358] [mhe_node]: [mass-diag] m_est=2.1837 T=21.390N tilt=7.92deg cos=0.99047 | T/g=2.1805 T*cos/g=2.1597 | m_est-T*cos/g=+0.0240kg (+1.11%) vz=+0.237
[INFO] [1788510898.694044704] [mhe_node]: [c_xy_est] cx=-0.0036 cy=-0.0054 m
[INFO] [1788510900.692447260] [mhe_node]: MHE mass estimate: 2.178 kg (T_phys=21.34N) | solve=6.6ms (max10.9)
[INFO] [1788510900.692857292] [mhe_node]: [truth] m_hat=2.1775 m_true=2.0643 err=+5.49% | c_hat=[+0.0000,+0.0000] c_true=[+0.0000,+0.0000] | Jxx_hat=0.01420 Jxx_true=0.01420 Jyz_hat=+0.00000 Jyz_true=+0.00000 | s_hat=[-0.0123,-0.0124] s_true=[+0.0000,+0.0000] kg·m
[INFO] [1788510900.693220317] [mhe_node]: [tau_phys] roll=-0.143 pitch=-0.006 Nm
[INFO] [1788510900.693627765] [mhe_node]: [mass-diag] m_est=2.1775 T=21.341N tilt=2.46deg cos=0.99908 | T/g=2.1755 T*cos/g=2.1735 | m_est-T*cos/g=+0.0041kg (+0.19%) vz=+0.215
[INFO] [1788510900.694028587] [mhe_node]: [c_xy_est] cx=-0.0056 cy=-0.0057 m
[INFO] [1788510902.700994071] [mhe_node]: MHE mass estimate: 2.190 kg (T_phys=21.75N) | solve=6.6ms (max11.9)
[INFO] [1788510902.701584894] [mhe_node]: [truth] m_hat=2.1904 m_true=2.0643 err=+6.11% | c_hat=[+0.0000,+0.0000] c_true=[+0.0000,+0.0000] | Jxx_hat=0.01420 Jxx_true=0.01420 Jyz_hat=+0.00000 Jyz_true=+0.00000 | s_hat=[-0.0093,-0.0141] s_true=[+0.0000,+0.0000] kg·m
[INFO] [1788510902.702107727] [mhe_node]: [tau_phys] roll=-0.207 pitch=-0.027 Nm
[INFO] [1788510902.702720263] [mhe_node]: [mass-diag] m_est=2.1904 T=21.752N tilt=9.66deg cos=0.98582 | T/g=2.2173 T*cos/g=2.1859 | m_est-T*cos/g=+0.0045kg (+0.21%) vz=+0.151
[INFO] [1788510902.703307064] [mhe_node]: [c_xy_est] cx=-0.0044 cy=-0.0064 m
[INFO] [1788510904.694527332] [mhe_node]: MHE mass estimate: 2.190 kg (T_phys=21.35N) | solve=8.3ms (max17.3)
[INFO] [1788510904.695102237] [mhe_node]: [truth] m_hat=2.1901 m_true=2.0643 err=+6.09% | c_hat=[+0.0000,+0.0000] c_true=[+0.0000,+0.0000] | Jxx_hat=0.01420 Jxx_true=0.01420 Jyz_hat=+0.00000 Jyz_true=+0.00000 | s_hat=[-0.0078,-0.0141] s_true=[+0.0000,+0.0000] kg·m
[INFO] [1788510904.695624788] [mhe_node]: [tau_phys] roll=-0.159 pitch=-0.192 Nm
[INFO] [1788510904.696216114] [mhe_node]: [mass-diag] m_est=2.1901 T=21.351N tilt=7.20deg cos=0.99212 | T/g=2.1764 T*cos/g=2.1593 | m_est-T*cos/g=+0.0308kg (+1.43%) vz=+0.043
[INFO] [1788510904.696797632] [mhe_node]: [c_xy_est] cx=-0.0035 cy=-0.0065 m
[INFO] [1788510906.692430604] [mhe_node]: MHE mass estimate: 2.191 kg (T_phys=21.61N) | solve=5.8ms (max10.1)
[INFO] [1788510906.692841909] [mhe_node]: [truth] m_hat=2.1911 m_true=2.0643 err=+6.14% | c_hat=[+0.0000,+0.0000] c_true=[+0.0000,+0.0000] | Jxx_hat=0.01420 Jxx_true=0.01420 Jyz_hat=+0.00000 Jyz_true=+0.00000 | s_hat=[-0.0093,-0.0135] s_true=[+0.0000,+0.0000] kg·m
[INFO] [1788510906.693206865] [mhe_node]: [tau_phys] roll=-0.176 pitch=-0.096 Nm
[INFO] [1788510906.693616685] [mhe_node]: [mass-diag] m_est=2.1911 T=21.609N tilt=6.63deg cos=0.99332 | T/g=2.2027 T*cos/g=2.1880 | m_est-T*cos/g=+0.0031kg (+0.14%) vz=-0.081
[INFO] [1788510906.694015178] [mhe_node]: [c_xy_est] cx=-0.0042 cy=-0.0062 m
[INFO] [1788510908.695544131] [mhe_node]: MHE mass estimate: 2.194 kg (T_phys=21.67N) | solve=6.9ms (max10.7)
[INFO] [1788510908.696115972] [mhe_node]: [truth] m_hat=2.1936 m_true=2.0643 err=+6.26% | c_hat=[+0.0000,+0.0000] c_true=[+0.0000,+0.0000] | Jxx_hat=0.01420 Jxx_true=0.01420 Jyz_hat=+0.00000 Jyz_true=+0.00000 | s_hat=[-0.0071,-0.0144] s_true=[+0.0000,+0.0000] kg·m
[INFO] [1788510908.696629951] [mhe_node]: [tau_phys] roll=-0.169 pitch=-0.263 Nm
[INFO] [1788510908.697221202] [mhe_node]: [mass-diag] m_est=2.1936 T=21.672N tilt=10.45deg cos=0.98342 | T/g=2.2092 T*cos/g=2.1726 | m_est-T*cos/g=+0.0210kg (+0.97%) vz=-0.148
[INFO] [1788510908.697801910] [mhe_node]: [c_xy_est] cx=-0.0032 cy=-0.0066 m
[INFO] [1788510910.696094023] [mhe_node]: MHE mass estimate: 2.180 kg (T_phys=21.24N) | solve=7.0ms (max11.2)
[INFO] [1788510910.696508341] [mhe_node]: [truth] m_hat=2.1803 m_true=2.0643 err=+5.62% | c_hat=[+0.0000,+0.0000] c_true=[+0.0000,+0.0000] | Jxx_hat=0.01420 Jxx_true=0.01420 Jyz_hat=+0.00000 Jyz_true=+0.00000 | s_hat=[-0.0112,-0.0136] s_true=[+0.0000,+0.0000] kg·m
[INFO] [1788510910.696866493] [mhe_node]: [tau_phys] roll=-0.117 pitch=-0.210 Nm
[INFO] [1788510910.697281333] [mhe_node]: [mass-diag] m_est=2.1803 T=21.240N tilt=3.97deg cos=0.99760 | T/g=2.1652 T*cos/g=2.1600 | m_est-T*cos/g=+0.0203kg (+0.94%) vz=-0.222
[INFO] [1788510910.697685614] [mhe_node]: [c_xy_est] cx=-0.0050 cy=-0.0063 m
[INFO] [1788510912.691789856] [mhe_node]: MHE mass estimate: 2.184 kg (T_phys=21.79N) | solve=6.1ms (max12.0)
[INFO] [1788510912.692202150] [mhe_node]: [truth] m_hat=2.1844 m_true=2.0643 err=+5.82% | c_hat=[+0.0000,+0.0000] c_true=[+0.0000,+0.0000] | Jxx_hat=0.01420 Jxx_true=0.01420 Jyz_hat=+0.00000 Jyz_true=+0.00000 | s_hat=[-0.0130,-0.0127] s_true=[+0.0000,+0.0000] kg·m
[INFO] [1788510912.692560624] [mhe_node]: [tau_phys] roll=-0.091 pitch=-0.143 Nm
[INFO] [1788510912.692979697] [mhe_node]: [mass-diag] m_est=2.1844 T=21.789N tilt=6.09deg cos=0.99436 | T/g=2.2211 T*cos/g=2.2086 | m_est-T*cos/g=-0.0242kg (-1.09%) vz=-0.225
[INFO] [1788510912.693382397] [mhe_node]: [c_xy_est] cx=-0.0060 cy=-0.0058 m
[INFO] [1788510914.695202190] [mhe_node]: MHE mass estimate: 2.196 kg (T_phys=21.87N) | solve=8.0ms (max12.8)
[INFO] [1788510914.695709603] [mhe_node]: [truth] m_hat=2.1961 m_true=2.0643 err=+6.39% | c_hat=[+0.0000,+0.0000] c_true=[+0.0000,+0.0000] | Jxx_hat=0.01420 Jxx_true=0.01420 Jyz_hat=+0.00000 Jyz_true=+0.00000 | s_hat=[-0.0096,-0.0110] s_true=[+0.0000,+0.0000] kg·m
[INFO] [1788510914.696071327] [mhe_node]: [tau_phys] roll=-0.096 pitch=-0.170 Nm
[INFO] [1788510914.696485425] [mhe_node]: [mass-diag] m_est=2.1961 T=21.867N tilt=9.42deg cos=0.98651 | T/g=2.2291 T*cos/g=2.1990 | m_est-T*cos/g=-0.0029kg (-0.13%) vz=-0.093
[INFO] [1788510914.696885847] [mhe_node]: [c_xy_est] cx=-0.0044 cy=-0.0050 m
[INFO] [1788510916.694575949] [mhe_node]: MHE mass estimate: 2.187 kg (T_phys=21.63N) | solve=6.7ms (max9.7)
[INFO] [1788510916.695153087] [mhe_node]: [truth] m_hat=2.1866 m_true=2.0643 err=+5.93% | c_hat=[+0.0000,+0.0000] c_true=[+0.0000,+0.0000] | Jxx_hat=0.01420 Jxx_true=0.01420 Jyz_hat=+0.00000 Jyz_true=+0.00000 | s_hat=[-0.0087,-0.0125] s_true=[+0.0000,+0.0000] kg·m
[INFO] [1788510916.695671416] [mhe_node]: [tau_phys] roll=-0.084 pitch=-0.196 Nm
[INFO] [1788510916.696262258] [mhe_node]: [mass-diag] m_est=2.1866 T=21.628N tilt=4.75deg cos=0.99657 | T/g=2.2047 T*cos/g=2.1971 | m_est-T*cos/g=-0.0105kg (-0.48%) vz=+0.006
[INFO] [1788510916.696840211] [mhe_node]: [c_xy_est] cx=-0.0038 cy=-0.0057 m
[INFO] [1788510918.695039766] [mhe_node]: MHE mass estimate: 2.194 kg (T_phys=21.97N) | solve=5.1ms (max8.6)
[INFO] [1788510918.695455685] [mhe_node]: [truth] m_hat=2.1942 m_true=2.0643 err=+6.29% | c_hat=[+0.0000,+0.0000] c_true=[+0.0000,+0.0000] | Jxx_hat=0.01420 Jxx_true=0.01420 Jyz_hat=+0.00000 Jyz_true=+0.00000 | s_hat=[-0.0099,-0.0120] s_true=[+0.0000,+0.0000] kg·m
[INFO] [1788510918.695816398] [mhe_node]: [tau_phys] roll=-0.048 pitch=-0.112 Nm
[INFO] [1788510918.696229458] [mhe_node]: [mass-diag] m_est=2.1942 T=21.969N tilt=9.32deg cos=0.98681 | T/g=2.2395 T*cos/g=2.2100 | m_est-T*cos/g=-0.0158kg (-0.71%) vz=+0.145
[INFO] [1788510918.696628176] [mhe_node]: [c_xy_est] cx=-0.0045 cy=-0.0055 m
[INFO] [1788510920.694583927] [mhe_node]: MHE mass estimate: 2.185 kg (T_phys=21.39N) | solve=7.2ms (max12.6)
[INFO] [1788510920.695165387] [mhe_node]: [truth] m_hat=2.1849 m_true=2.0643 err=+5.84% | c_hat=[+0.0000,+0.0000] c_true=[+0.0000,+0.0000] | Jxx_hat=0.01420 Jxx_true=0.01420 Jyz_hat=+0.00000 Jyz_true=+0.00000 | s_hat=[-0.0082,-0.0120] s_true=[+0.0000,+0.0000] kg·m
[INFO] [1788510920.695681279] [mhe_node]: [tau_phys] roll=-0.103 pitch=-0.247 Nm
[INFO] [1788510920.696274607] [mhe_node]: [mass-diag] m_est=2.1849 T=21.389N tilt=8.81deg cos=0.98821 | T/g=2.1803 T*cos/g=2.1546 | m_est-T*cos/g=+0.0303kg (+1.40%) vz=+0.226
[INFO] [1788510920.696855761] [mhe_node]: [c_xy_est] cx=-0.0037 cy=-0.0055 m
[INFO] [1788510922.694575662] [mhe_node]: MHE mass estimate: 2.176 kg (T_phys=21.37N) | solve=6.9ms (max12.6)
[INFO] [1788510922.695152741] [mhe_node]: [truth] m_hat=2.1755 m_true=2.0643 err=+5.39% | c_hat=[+0.0000,+0.0000] c_true=[+0.0000,+0.0000] | Jxx_hat=0.01420 Jxx_true=0.01420 Jyz_hat=+0.00000 Jyz_true=+0.00000 | s_hat=[-0.0124,-0.0128] s_true=[+0.0000,+0.0000] kg·m
[INFO] [1788510922.695668970] [mhe_node]: [tau_phys] roll=-0.140 pitch=-0.194 Nm
[INFO] [1788510922.696267245] [mhe_node]: [mass-diag] m_est=2.1755 T=21.369N tilt=1.56deg cos=0.99963 | T/g=2.1783 T*cos/g=2.1775 | m_est-T*cos/g=-0.0020kg (-0.09%) vz=+0.198
[INFO] [1788510922.696848922] [mhe_node]: [c_xy_est] cx=-0.0056 cy=-0.0059 m
[INFO] [1788510924.693014734] [mhe_node]: MHE mass estimate: 2.191 kg (T_phys=21.74N) | solve=6.2ms (max10.2)
[INFO] [1788510924.693424743] [mhe_node]: [truth] m_hat=2.1909 m_true=2.0643 err=+6.13% | c_hat=[+0.0000,+0.0000] c_true=[+0.0000,+0.0000] | Jxx_hat=0.01420 Jxx_true=0.01420 Jyz_hat=+0.00000 Jyz_true=+0.00000 | s_hat=[-0.0099,-0.0143] s_true=[+0.0000,+0.0000] kg·m
[INFO] [1788510924.693782529] [mhe_node]: [tau_phys] roll=-0.201 pitch=-0.068 Nm
[INFO] [1788510924.694191155] [mhe_node]: [mass-diag] m_est=2.1909 T=21.737N tilt=9.13deg cos=0.98734 | T/g=2.2158 T*cos/g=2.1877 | m_est-T*cos/g=+0.0032kg (+0.15%) vz=+0.181
[INFO] [1788510924.694587233] [mhe_node]: [c_xy_est] cx=-0.0046 cy=-0.0065 m
[INFO] [1788510926.694696036] [mhe_node]: MHE mass estimate: 2.190 kg (T_phys=21.36N) | solve=8.6ms (max14.9)
[INFO] [1788510926.695273070] [mhe_node]: [truth] m_hat=2.1904 m_true=2.0643 err=+6.11% | c_hat=[+0.0000,+0.0000] c_true=[+0.0000,+0.0000] | Jxx_hat=0.01420 Jxx_true=0.01420 Jyz_hat=+0.00000 Jyz_true=+0.00000 | s_hat=[-0.0073,-0.0143] s_true=[+0.0000,+0.0000] kg·m
[INFO] [1788510926.695791384] [mhe_node]: [tau_phys] roll=-0.149 pitch=-0.205 Nm
[INFO] [1788510926.696381307] [mhe_node]: [mass-diag] m_est=2.1904 T=21.359N tilt=7.84deg cos=0.99066 | T/g=2.1772 T*cos/g=2.1569 | m_est-T*cos/g=+0.0335kg (+1.55%) vz=+0.060
[INFO] [1788510926.696963386] [mhe_node]: [c_xy_est] cx=-0.0032 cy=-0.0066 m
[INFO] [1788510928.694548977] [mhe_node]: MHE mass estimate: 2.186 kg (T_phys=21.49N) | solve=5.9ms (max8.6)
[INFO] [1788510928.695128036] [mhe_node]: [truth] m_hat=2.1864 m_true=2.0643 err=+5.91% | c_hat=[+0.0000,+0.0000] c_true=[+0.0000,+0.0000] | Jxx_hat=0.01420 Jxx_true=0.01420 Jyz_hat=+0.00000 Jyz_true=+0.00000 | s_hat=[-0.0093,-0.0137] s_true=[+0.0000,+0.0000] kg·m
[INFO] [1788510928.695650828] [mhe_node]: [tau_phys] roll=-0.132 pitch=-0.004 Nm
[INFO] [1788510928.696240618] [mhe_node]: [mass-diag] m_est=2.1864 T=21.488N tilt=5.79deg cos=0.99489 | T/g=2.1904 T*cos/g=2.1793 | m_est-T*cos/g=+0.0071kg (+0.33%) vz=-0.100
[INFO] [1788510928.696819168] [mhe_node]: [c_xy_est] cx=-0.0042 cy=-0.0062 m
[INFO] [1788510930.693654578] [mhe_node]: MHE mass estimate: 2.196 kg (T_phys=21.75N) | solve=8.4ms (max19.5)
[INFO] [1788510930.694068467] [mhe_node]: [truth] m_hat=2.1958 m_true=2.0643 err=+6.37% | c_hat=[+0.0000,+0.0000] c_true=[+0.0000,+0.0000] | Jxx_hat=0.01420 Jxx_true=0.01420 Jyz_hat=+0.00000 Jyz_true=+0.00000 | s_hat=[-0.0068,-0.0147] s_true=[+0.0000,+0.0000] kg·m
[INFO] [1788510930.694438210] [mhe_node]: [tau_phys] roll=-0.160 pitch=-0.244 Nm
[INFO] [1788510930.694845821] [mhe_node]: [mass-diag] m_est=2.1958 T=21.745N tilt=10.52deg cos=0.98320 | T/g=2.2166 T*cos/g=2.1794 | m_est-T*cos/g=+0.0164kg (+0.75%) vz=-0.143
[INFO] [1788510930.695249558] [mhe_node]: [c_xy_est] cx=-0.0031 cy=-0.0067 m
[INFO] [1788510932.694628242] [mhe_node]: MHE mass estimate: 2.180 kg (T_phys=21.32N) | solve=6.6ms (max11.0)
[INFO] [1788510932.695343174] [mhe_node]: [truth] m_hat=2.1796 m_true=2.0643 err=+5.59% | c_hat=[+0.0000,+0.0000] c_true=[+0.0000,+0.0000] | Jxx_hat=0.01420 Jxx_true=0.01420 Jyz_hat=+0.00000 Jyz_true=+0.00000 | s_hat=[-0.0108,-0.0138] s_true=[+0.0000,+0.0000] kg·m
[INFO] [1788510932.695863485] [mhe_node]: [tau_phys] roll=-0.135 pitch=-0.289 Nm
[INFO] [1788510932.696458245] [mhe_node]: [mass-diag] m_est=2.1796 T=21.325N tilt=5.40deg cos=0.99556 | T/g=2.1738 T*cos/g=2.1641 | m_est-T*cos/g=+0.0155kg (+0.72%) vz=-0.227
[INFO] [1788510932.697043236] [mhe_node]: [c_xy_est] cx=-0.0048 cy=-0.0064 m
[INFO] [1788510934.694671629] [mhe_node]: MHE mass estimate: 2.184 kg (T_phys=21.91N) | solve=5.7ms (max9.7)
[INFO] [1788510934.695246238] [mhe_node]: [truth] m_hat=2.1842 m_true=2.0643 err=+5.81% | c_hat=[+0.0000,+0.0000] c_true=[+0.0000,+0.0000] | Jxx_hat=0.01420 Jxx_true=0.01420 Jyz_hat=+0.00000 Jyz_true=+0.00000 | s_hat=[-0.0133,-0.0129] s_true=[+0.0000,+0.0000] kg·m
[INFO] [1788510934.695774330] [mhe_node]: [tau_phys] roll=-0.079 pitch=-0.114 Nm
[INFO] [1788510934.696364770] [mhe_node]: [mass-diag] m_est=2.1842 T=21.907N tilt=5.83deg cos=0.99482 | T/g=2.2331 T*cos/g=2.2215 | m_est-T*cos/g=-0.0374kg (-1.68%) vz=-0.214
[INFO] [1788510934.696944213] [mhe_node]: [c_xy_est] cx=-0.0061 cy=-0.0059 m
[INFO] [1788510936.695105410] [mhe_node]: MHE mass estimate: 2.195 kg (T_phys=21.85N) | solve=7.6ms (max13.4)
[INFO] [1788510936.695517649] [mhe_node]: [truth] m_hat=2.1952 m_true=2.0643 err=+6.34% | c_hat=[+0.0000,+0.0000] c_true=[+0.0000,+0.0000] | Jxx_hat=0.01420 Jxx_true=0.01420 Jyz_hat=+0.00000 Jyz_true=+0.00000 | s_hat=[-0.0101,-0.0113] s_true=[+0.0000,+0.0000] kg·m
[INFO] [1788510936.695874658] [mhe_node]: [tau_phys] roll=-0.061 pitch=-0.145 Nm
[INFO] [1788510936.696284523] [mhe_node]: [mass-diag] m_est=2.1952 T=21.848N tilt=9.76deg cos=0.98553 | T/g=2.2271 T*cos/g=2.1949 | m_est-T*cos/g=+0.0003kg (+0.01%) vz=-0.105
[INFO] [1788510936.696681236] [mhe_node]: [c_xy_est] cx=-0.0047 cy=-0.0052 m
[INFO] [1788510938.694610374] [mhe_node]: MHE mass estimate: 2.187 kg (T_phys=21.46N) | solve=7.3ms (max14.2)
[INFO] [1788510938.695183443] [mhe_node]: [truth] m_hat=2.1866 m_true=2.0643 err=+5.93% | c_hat=[+0.0000,+0.0000] c_true=[+0.0000,+0.0000] | Jxx_hat=0.01420 Jxx_true=0.01420 Jyz_hat=+0.00000 Jyz_true=+0.00000 | s_hat=[-0.0083,-0.0126] s_true=[+0.0000,+0.0000] kg·m
[INFO] [1788510938.695702640] [mhe_node]: [tau_phys] roll=+0.236 pitch=-0.388 Nm
[INFO] [1788510938.696288049] [mhe_node]: [mass-diag] m_est=2.1866 T=21.460N tilt=5.47deg cos=0.99545 | T/g=2.1876 T*cos/g=2.1776 | m_est-T*cos/g=+0.0090kg (+0.41%) vz=+0.030
[INFO] [1788510938.696867693] [mhe_node]: [c_xy_est] cx=-0.0037 cy=-0.0057 m
[INFO] [1788510938.988128778] [mhe_node]: [no-signal] mass mutation self-detected at frame 901: T_phys=19.91N vs baseline 21.66N (dev 1.75N > 1.5N over 2 frames, direction=DROP); de-weighting pre-event stages
[INFO] [1788510938.988294615] [mhe_node]: [payload-state] LOADED->EMPTY (drop, m_p=+0.119kg)
[INFO] [1788510938.988444112] [mhe_node]: [c_xy_est] 载荷释放(no-signal residual) → 在线偏心估计归零(重新播种)
[INFO] [1788510938.988641888] [mhe_node]: [no-signal] → 自主释放载荷几何(无外部 drop 信号)
[INFO] [1788510938.989436771] [mhe_node]: event transition started: pre-event stages de-weighted
[INFO] [1788510938.993014271] [mhe_node]: [s-decay] n=1 |s_est|=0.01293 |s_target|=0.00000 |s_out|=0.00988 d_s_out=-0.00486 conf=0.000 present=0 armed=0 latched=1 health=1
[INFO] [1788510939.097653676] [mhe_node]: [s-decay] n=2 |s_est|=0.01347 |s_target|=0.00000 |s_out|=0.00663 d_s_out=-0.00326 conf=0.000 present=0 armed=0 latched=1 health=1
[INFO] [1788510939.206279717] [mhe_node]: [s-decay] n=3 |s_est|=0.00541 |s_target|=0.00000 |s_out|=0.00444 d_s_out=-0.00218 conf=0.000 present=0 armed=0 latched=1 health=1
[INFO] [1788510939.301682106] [mhe_node]: [s-decay] n=4 |s_est|=0.00639 |s_target|=0.00000 |s_out|=0.00298 d_s_out=-0.00146 conf=0.030 present=0 armed=0 latched=1 health=1
[INFO] [1788510939.395697548] [mhe_node]: [s-decay] n=5 |s_est|=0.00526 |s_target|=0.00000 |s_out|=0.00200 d_s_out=-0.00098 conf=0.210 present=0 armed=0 latched=1 health=1
[INFO] [1788510939.495128358] [mhe_node]: [s-decay] n=6 |s_est|=0.00539 |s_target|=0.00000 |s_out|=0.00134 d_s_out=-0.00066 conf=0.441 present=0 armed=0 latched=1 health=1
[INFO] [1788510939.594456191] [mhe_node]: [s-decay] n=7 |s_est|=0.00455 |s_target|=0.00000 |s_out|=0.00090 d_s_out=-0.00044 conf=0.624 present=0 armed=0 latched=1 health=1
[INFO] [1788510939.697474160] [mhe_node]: [s-decay] n=8 |s_est|=0.00502 |s_target|=0.00000 |s_out|=0.00060 d_s_out=-0.00030 conf=0.748 present=0 armed=0 latched=1 health=1
[INFO] [1788510939.797510495] [mhe_node]: [s-decay] n=9 |s_est|=0.00416 |s_target|=0.00000 |s_out|=0.00040 d_s_out=-0.00020 conf=0.831 present=0 armed=0 latched=1 health=1
[INFO] [1788510939.896119881] [mhe_node]: [s-decay] n=10 |s_est|=0.00490 |s_target|=0.00000 |s_out|=0.00027 d_s_out=-0.00013 conf=0.887 present=0 armed=0 latched=1 health=1
[INFO] [1788510939.996450230] [mhe_node]: [s-decay] n=11 |s_est|=0.00400 |s_target|=0.00000 |s_out|=0.00018 d_s_out=-0.00009 conf=0.924 present=0 armed=0 latched=1 health=1
[INFO] [1788510940.099993438] [mhe_node]: [s-decay] n=12 |s_est|=0.00452 |s_target|=0.00000 |s_out|=0.00012 d_s_out=-0.00006 conf=0.949 present=0 armed=0 latched=1 health=1
[INFO] [1788510940.196468673] [mhe_node]: [s-decay] n=13 |s_est|=0.00412 |s_target|=0.00000 |s_out|=0.00008 d_s_out=-0.00004 conf=0.966 present=0 armed=0 latched=1 health=1
[INFO] [1788510940.296462819] [mhe_node]: [s-decay] n=14 |s_est|=0.00418 |s_target|=0.00000 |s_out|=0.00005 d_s_out=-0.00003 conf=0.977 present=0 armed=0 latched=1 health=1
[INFO] [1788510940.409041226] [mhe_node]: [s-decay] n=15 |s_est|=0.00409 |s_target|=0.00000 |s_out|=0.00004 d_s_out=-0.00002 conf=0.985 present=0 armed=0 latched=1 health=1
[INFO] [1788510940.508478661] [mhe_node]: [s-decay] n=16 |s_est|=0.00405 |s_target|=0.00000 |s_out|=0.00002 d_s_out=-0.00001 conf=0.990 present=0 armed=0 latched=1 health=1
[INFO] [1788510940.602499485] [mhe_node]: [s-decay] n=17 |s_est|=0.00397 |s_target|=0.00000 |s_out|=0.00002 d_s_out=-0.00001 conf=0.993 present=0 armed=0 latched=1 health=1
[INFO] [1788510940.702336976] [mhe_node]: MHE mass estimate: 2.021 kg (T_phys=20.70N) | solve=9.8ms (max19.7)
[INFO] [1788510940.702897374] [mhe_node]: [truth] m_hat=2.0215 m_true=2.0643 err=-2.07% | c_hat=[+0.0000,+0.0000] c_true=[+0.0000,+0.0000] | Jxx_hat=0.01420 Jxx_true=0.01420 Jyz_hat=+0.00000 Jyz_true=+0.00000 | s_hat=[-0.0038,+0.0009] s_true=[+0.0000,+0.0000] kg·m
[INFO] [1788510940.703424416] [mhe_node]: [tau_phys] roll=+0.031 pitch=-0.018 Nm
[INFO] [1788510940.704015719] [mhe_node]: [mass-diag] m_est=2.0215 T=20.701N tilt=8.67deg cos=0.98857 | T/g=2.1102 T*cos/g=2.0861 | m_est-T*cos/g=-0.0646kg (-3.10%) vz=+0.092
[INFO] [1788510940.704601500] [mhe_node]: [c_xy_est] cx=-0.0019 cy=+0.0004 m
[INFO] [1788510940.704995996] [mhe_node]: [s-decay] n=18 |s_est|=0.00392 |s_target|=0.00000 |s_out|=0.00001 d_s_out=-0.00001 conf=0.995 present=0 armed=0 latched=1 health=1
[INFO] [1788510940.796079500] [mhe_node]: [s-decay] n=19 |s_est|=0.00386 |s_target|=0.00000 |s_out|=0.00001 d_s_out=-0.00000 conf=0.997 present=0 armed=0 latched=1 health=1
[INFO] [1788510940.888555308] [mhe_node]: event transition ended: nominal weights restored
[INFO] [1788510940.896079639] [mhe_node]: [s-decay] n=20 |s_est|=0.00381 |s_target|=0.00000 |s_out|=0.00000 d_s_out=-0.00000 conf=0.998 present=0 armed=0 latched=1 health=1
[INFO] [1788510941.000396808] [mhe_node]: [s-decay] n=21 |s_est|=0.00361 |s_target|=0.00000 |s_out|=0.00000 d_s_out=-0.00000 conf=0.999 present=0 armed=0 latched=1 health=1
[INFO] [1788510941.098035776] [mhe_node]: [s-decay] n=22 |s_est|=0.00361 |s_target|=0.00000 |s_out|=0.00000 d_s_out=-0.00000 conf=0.999 present=0 armed=0 latched=1 health=1
[INFO] [1788510941.201544512] [mhe_node]: [s-decay] n=23 |s_est|=0.00343 |s_target|=0.00000 |s_out|=0.00000 d_s_out=-0.00000 conf=0.999 present=0 armed=0 latched=1 health=1
[INFO] [1788510941.295700072] [mhe_node]: [s-decay] n=24 |s_est|=0.00340 |s_target|=0.00000 |s_out|=0.00000 d_s_out=-0.00000 conf=1.000 present=0 armed=0 latched=1 health=1
[INFO] [1788510941.402633468] [mhe_node]: [s-decay] n=25 |s_est|=0.00329 |s_target|=0.00000 |s_out|=0.00000 d_s_out=-0.00000 conf=1.000 present=0 armed=0 latched=1 health=1
[INFO] [1788510941.495736820] [mhe_node]: [s-decay] n=26 |s_est|=0.00327 |s_target|=0.00000 |s_out|=0.00000 d_s_out=-0.00000 conf=1.000 present=0 armed=0 latched=1 health=1
[INFO] [1788510941.595474107] [mhe_node]: [s-decay] n=27 |s_est|=0.00314 |s_target|=0.00000 |s_out|=0.00000 d_s_out=-0.00000 conf=1.000 present=0 armed=0 latched=1 health=1
[INFO] [1788510941.703516711] [mhe_node]: [s-decay] n=28 |s_est|=0.00316 |s_target|=0.00000 |s_out|=0.00000 d_s_out=-0.00000 conf=1.000 present=0 armed=0 latched=1 health=1
[INFO] [1788510941.808305635] [mhe_node]: [s-decay] n=29 |s_est|=0.00299 |s_target|=0.00000 |s_out|=0.00000 d_s_out=-0.00000 conf=1.000 present=0 armed=0 latched=1 health=1
[INFO] [1788510941.895802387] [mhe_node]: [s-decay] n=30 |s_est|=0.00312 |s_target|=0.00000 |s_out|=0.00000 d_s_out=-0.00000 conf=1.000 present=0 armed=0 latched=1 health=1
[INFO] [1788510942.000823913] [mhe_node]: [s-decay] n=31 |s_est|=0.00289 |s_target|=0.00000 |s_out|=0.00000 d_s_out=-0.00000 conf=1.000 present=0 armed=0 latched=1 health=1
[INFO] [1788510942.093191880] [mhe_node]: [s-decay] n=32 |s_est|=0.00304 |s_target|=0.00000 |s_out|=0.00000 d_s_out=-0.00000 conf=1.000 present=0 armed=0 latched=1 health=1
[INFO] [1788510942.192632640] [mhe_node]: [s-decay] n=33 |s_est|=0.00292 |s_target|=0.00000 |s_out|=0.00000 d_s_out=-0.00000 conf=1.000 present=0 armed=0 latched=1 health=1
[INFO] [1788510942.298216171] [mhe_node]: [s-decay] n=34 |s_est|=0.00298 |s_target|=0.00000 |s_out|=0.00000 d_s_out=-0.00000 conf=1.000 present=0 armed=0 latched=1 health=1
[INFO] [1788510942.397977792] [mhe_node]: [s-decay] n=35 |s_est|=0.00299 |s_target|=0.00000 |s_out|=0.00000 d_s_out=-0.00000 conf=1.000 present=0 armed=0 latched=1 health=1
[INFO] [1788510942.495775553] [mhe_node]: [s-decay] n=36 |s_est|=0.00304 |s_target|=0.00000 |s_out|=0.00000 d_s_out=-0.00000 conf=1.000 present=0 armed=0 latched=1 health=1
[INFO] [1788510942.596008805] [mhe_node]: [s-decay] n=37 |s_est|=0.00307 |s_target|=0.00000 |s_out|=0.00000 d_s_out=-0.00000 conf=1.000 present=0 armed=0 latched=1 health=1
[INFO] [1788510942.694851460] [mhe_node]: MHE mass estimate: 2.046 kg (T_phys=20.13N) | solve=9.0ms (max19.4)
[INFO] [1788510942.695404183] [mhe_node]: [truth] m_hat=2.0459 m_true=2.0643 err=-0.89% | c_hat=[+0.0000,+0.0000] c_true=[+0.0000,+0.0000] | Jxx_hat=0.01420 Jxx_true=0.01420 Jyz_hat=+0.00000 Jyz_true=+0.00000 | s_hat=[-0.0030,+0.0011] s_true=[+0.0000,+0.0000] kg·m
[INFO] [1788510942.695938377] [mhe_node]: [tau_phys] roll=+0.019 pitch=-0.056 Nm
[INFO] [1788510942.696535373] [mhe_node]: [mass-diag] m_est=2.0459 T=20.127N tilt=9.37deg cos=0.98664 | T/g=2.0517 T*cos/g=2.0243 | m_est-T*cos/g=+0.0216kg (+1.07%) vz=+0.235
[INFO] [1788510942.697118882] [mhe_node]: [c_xy_est] cx=-0.0014 cy=+0.0005 m
[INFO] [1788510942.697494158] [mhe_node]: [s-decay] n=38 |s_est|=0.00314 |s_target|=0.00000 |s_out|=0.00000 d_s_out=-0.00000 conf=1.000 present=0 armed=0 latched=1 health=1
[INFO] [1788510942.794823715] [mhe_node]: [s-decay] n=39 |s_est|=0.00320 |s_target|=0.00000 |s_out|=0.00000 d_s_out=-0.00000 conf=1.000 present=0 armed=0 latched=1 health=1
[INFO] [1788510942.894763921] [mhe_node]: [s-decay] n=40 |s_est|=0.00329 |s_target|=0.00000 |s_out|=0.00000 d_s_out=-0.00000 conf=1.000 present=0 armed=0 latched=1 health=1
[INFO] [1788510942.988020596] [mhe_node]: [no-signal] baseline settled at 20.46N (quiet 20 frames); detector armed
[INFO] [1788510942.994277079] [mhe_node]: [s-decay] n=41 |s_est|=0.00337 |s_target|=0.00000 |s_out|=0.00000 d_s_out=-0.00000 conf=1.000 present=0 armed=0 latched=1 health=1
[INFO] [1788510943.096984457] [mhe_node]: [s-decay] n=42 |s_est|=0.00347 |s_target|=0.00000 |s_out|=0.00000 d_s_out=-0.00000 conf=1.000 present=0 armed=0 latched=1 health=1
[INFO] [1788510943.198341681] [mhe_node]: [s-decay] n=43 |s_est|=0.00356 |s_target|=0.00000 |s_out|=0.00000 d_s_out=-0.00000 conf=1.000 present=0 armed=0 latched=1 health=1
[INFO] [1788510943.297073941] [mhe_node]: [s-decay] n=44 |s_est|=0.00367 |s_target|=0.00000 |s_out|=0.00000 d_s_out=-0.00000 conf=1.000 present=0 armed=0 latched=1 health=1
[INFO] [1788510943.394865922] [mhe_node]: [s-decay] n=45 |s_est|=0.00377 |s_target|=0.00000 |s_out|=0.00000 d_s_out=-0.00000 conf=1.000 present=0 armed=0 latched=1 health=1
[INFO] [1788510943.506467742] [mhe_node]: [s-decay] n=46 |s_est|=0.00390 |s_target|=0.00000 |s_out|=0.00000 d_s_out=-0.00000 conf=1.000 present=0 armed=0 latched=1 health=1
[INFO] [1788510943.592581463] [mhe_node]: [s-decay] n=47 |s_est|=0.00401 |s_target|=0.00000 |s_out|=0.00000 d_s_out=-0.00000 conf=1.000 present=0 armed=0 latched=1 health=1
[INFO] [1788510943.694747597] [mhe_node]: [s-decay] n=48 |s_est|=0.00415 |s_target|=0.00000 |s_out|=0.00000 d_s_out=-0.00000 conf=1.000 present=0 armed=0 latched=1 health=1
[INFO] [1788510943.802642761] [mhe_node]: [s-decay] n=49 |s_est|=0.00426 |s_target|=0.00000 |s_out|=0.00000 d_s_out=-0.00000 conf=1.000 present=0 armed=0 latched=1 health=1
[INFO] [1788510943.898005653] [mhe_node]: [s-decay] n=50 |s_est|=0.00440 |s_target|=0.00000 |s_out|=0.00000 d_s_out=-0.00000 conf=1.000 present=0 armed=0 latched=1 health=1
[INFO] [1788510943.994706186] [mhe_node]: [s-decay] n=51 |s_est|=0.00449 |s_target|=0.00000 |s_out|=0.00000 d_s_out=-0.00000 conf=1.000 present=0 armed=0 latched=1 health=1
[INFO] [1788510944.094789969] [mhe_node]: [s-decay] n=52 |s_est|=0.00461 |s_target|=0.00000 |s_out|=0.00000 d_s_out=-0.00000 conf=1.000 present=0 armed=0 latched=1 health=1
[INFO] [1788510944.192555711] [mhe_node]: [s-decay] n=53 |s_est|=0.00471 |s_target|=0.00000 |s_out|=0.00000 d_s_out=-0.00000 conf=1.000 present=0 armed=0 latched=1 health=1
[INFO] [1788510944.292538110] [mhe_node]: [s-decay] n=54 |s_est|=0.00484 |s_target|=0.00000 |s_out|=0.00000 d_s_out=-0.00000 conf=1.000 present=0 armed=0 latched=1 health=1
[INFO] [1788510944.394888639] [mhe_node]: [s-decay] n=55 |s_est|=0.00493 |s_target|=0.00000 |s_out|=0.00000 d_s_out=-0.00000 conf=1.000 present=0 armed=0 latched=1 health=1
[INFO] [1788510944.492459757] [mhe_node]: [s-decay] n=56 |s_est|=0.00504 |s_target|=0.00000 |s_out|=0.00000 d_s_out=-0.00000 conf=1.000 present=0 armed=0 latched=1 health=1
[INFO] [1788510944.594829569] [mhe_node]: [s-decay] n=57 |s_est|=0.00512 |s_target|=0.00000 |s_out|=0.00000 d_s_out=-0.00000 conf=1.000 present=0 armed=0 latched=1 health=1
[INFO] [1788510944.699153759] [mhe_node]: MHE mass estimate: 2.041 kg (T_phys=20.00N) | solve=7.2ms (max17.3)
[INFO] [1788510944.699695753] [mhe_node]: [truth] m_hat=2.0410 m_true=2.0643 err=-1.13% | c_hat=[+0.0000,+0.0000] c_true=[+0.0000,+0.0000] | Jxx_hat=0.01420 Jxx_true=0.01420 Jyz_hat=+0.00000 Jyz_true=+0.00000 | s_hat=[-0.0051,+0.0010] s_true=[+0.0000,+0.0000] kg·m
[INFO] [1788510944.700215242] [mhe_node]: [tau_phys] roll=+0.010 pitch=-0.032 Nm
[INFO] [1788510944.700807881] [mhe_node]: [mass-diag] m_est=2.0410 T=19.996N tilt=1.28deg cos=0.99975 | T/g=2.0383 T*cos/g=2.0378 | m_est-T*cos/g=+0.0031kg (+0.15%) vz=+0.232
[INFO] [1788510944.701391033] [mhe_node]: [c_xy_est] cx=-0.0025 cy=+0.0005 m
[INFO] [1788510944.701771396] [mhe_node]: [s-decay] n=58 |s_est|=0.00521 |s_target|=0.00000 |s_out|=0.00000 d_s_out=-0.00000 conf=1.000 present=0 armed=0 latched=1 health=1
[INFO] [1788510944.794684945] [mhe_node]: [s-decay] n=59 |s_est|=0.00528 |s_target|=0.00000 |s_out|=0.00000 d_s_out=-0.00000 conf=1.000 present=0 armed=0 latched=1 health=1
[INFO] [1788510944.894849506] [mhe_node]: [s-decay] n=60 |s_est|=0.00536 |s_target|=0.00000 |s_out|=0.00000 d_s_out=-0.00000 conf=1.000 present=0 armed=0 latched=1 health=1
[INFO] [1788510944.995802833] [mhe_node]: [s-decay] n=61 |s_est|=0.00540 |s_target|=0.00000 |s_out|=0.00000 d_s_out=-0.00000 conf=1.000 present=0 armed=0 latched=1 health=1
[INFO] [1788510945.094834040] [mhe_node]: [s-decay] n=62 |s_est|=0.00545 |s_target|=0.00000 |s_out|=0.00000 d_s_out=-0.00000 conf=1.000 present=0 armed=0 latched=1 health=1
[INFO] [1788510945.192652313] [mhe_node]: [s-decay] n=63 |s_est|=0.00547 |s_target|=0.00000 |s_out|=0.00000 d_s_out=-0.00000 conf=1.000 present=0 armed=0 latched=1 health=1
[INFO] [1788510945.294107835] [mhe_node]: [s-decay] n=64 |s_est|=0.00549 |s_target|=0.00000 |s_out|=0.00000 d_s_out=-0.00000 conf=1.000 present=0 armed=0 latched=1 health=1
[INFO] [1788510945.397966622] [mhe_node]: [s-decay] n=65 |s_est|=0.00549 |s_target|=0.00000 |s_out|=0.00000 d_s_out=-0.00000 conf=1.000 present=0 armed=0 latched=1 health=1
[INFO] [1788510945.496957168] [mhe_node]: [s-decay] n=66 |s_est|=0.00551 |s_target|=0.00000 |s_out|=0.00000 d_s_out=-0.00000 conf=1.000 present=0 armed=0 latched=1 health=1
[INFO] [1788510945.592722327] [mhe_node]: [s-decay] n=67 |s_est|=0.00550 |s_target|=0.00000 |s_out|=0.00000 d_s_out=-0.00000 conf=1.000 present=0 armed=0 latched=1 health=1
[INFO] [1788510945.692544443] [mhe_node]: [s-decay] n=68 |s_est|=0.00550 |s_target|=0.00000 |s_out|=0.00000 d_s_out=-0.00000 conf=1.000 present=0 armed=0 latched=1 health=1
[INFO] [1788510945.794788369] [mhe_node]: [s-decay] n=69 |s_est|=0.00546 |s_target|=0.00000 |s_out|=0.00000 d_s_out=-0.00000 conf=1.000 present=0 armed=0 latched=1 health=1
[INFO] [1788510945.894680318] [mhe_node]: [s-decay] n=70 |s_est|=0.00543 |s_target|=0.00000 |s_out|=0.00000 d_s_out=-0.00000 conf=1.000 present=0 armed=0 latched=1 health=1
[INFO] [1788510945.997261892] [mhe_node]: [s-decay] n=71 |s_est|=0.00537 |s_target|=0.00000 |s_out|=0.00000 d_s_out=-0.00000 conf=1.000 present=0 armed=0 latched=1 health=1
[INFO] [1788510946.094726439] [mhe_node]: [s-decay] n=72 |s_est|=0.00531 |s_target|=0.00000 |s_out|=0.00000 d_s_out=-0.00000 conf=1.000 present=0 armed=0 latched=1 health=1
[INFO] [1788510946.200719959] [mhe_node]: [s-decay] n=73 |s_est|=0.00524 |s_target|=0.00000 |s_out|=0.00000 d_s_out=-0.00000 conf=1.000 present=0 armed=0 latched=1 health=1
[INFO] [1788510946.300136603] [mhe_node]: [s-decay] n=74 |s_est|=0.00517 |s_target|=0.00000 |s_out|=0.00000 d_s_out=-0.00000 conf=1.000 present=0 armed=0 latched=1 health=1
[INFO] [1788510946.400227107] [mhe_node]: [s-decay] n=75 |s_est|=0.00507 |s_target|=0.00000 |s_out|=0.00000 d_s_out=-0.00000 conf=1.000 present=0 armed=0 latched=1 health=1
[INFO] [1788510946.494807963] [mhe_node]: [s-decay] n=76 |s_est|=0.00499 |s_target|=0.00000 |s_out|=0.00000 d_s_out=-0.00000 conf=1.000 present=0 armed=0 latched=1 health=1
[INFO] [1788510946.598098453] [mhe_node]: [s-decay] n=77 |s_est|=0.00488 |s_target|=0.00000 |s_out|=0.00000 d_s_out=-0.00000 conf=1.000 present=0 armed=0 latched=1 health=1
[INFO] [1788510946.697023753] [mhe_node]: MHE mass estimate: 2.048 kg (T_phys=20.37N) | solve=7.1ms (max11.6)
[INFO] [1788510946.697579315] [mhe_node]: [truth] m_hat=2.0479 m_true=2.0643 err=-0.79% | c_hat=[+0.0000,+0.0000] c_true=[+0.0000,+0.0000] | Jxx_hat=0.01420 Jxx_true=0.01420 Jyz_hat=+0.00000 Jyz_true=+0.00000 | s_hat=[-0.0048,+0.0005] s_true=[+0.0000,+0.0000] kg·m
[INFO] [1788510946.698095345] [mhe_node]: [tau_phys] roll=-0.014 pitch=-0.004 Nm
[INFO] [1788510946.698689267] [mhe_node]: [mass-diag] m_est=2.0479 T=20.372N tilt=8.70deg cos=0.98850 | T/g=2.0766 T*cos/g=2.0528 | m_est-T*cos/g=-0.0048kg (-0.24%) vz=+0.178
[INFO] [1788510946.699268680] [mhe_node]: [c_xy_est] cx=-0.0024 cy=+0.0002 m
[INFO] [1788510946.699653468] [mhe_node]: [s-decay] n=78 |s_est|=0.00478 |s_target|=0.00000 |s_out|=0.00000 d_s_out=-0.00000 conf=1.000 present=0 armed=0 latched=1 health=1
[INFO] [1788510946.793264295] [mhe_node]: [s-decay] n=79 |s_est|=0.00466 |s_target|=0.00000 |s_out|=0.00000 d_s_out=-0.00000 conf=1.000 present=0 armed=0 latched=1 health=1
[INFO] [1788510946.896961270] [mhe_node]: [s-decay] n=80 |s_est|=0.00453 |s_target|=0.00000 |s_out|=0.00000 d_s_out=-0.00000 conf=1.000 present=0 armed=0 latched=1 health=1
[INFO] [1788510947.000538699] [mhe_node]: [s-decay] n=81 |s_est|=0.00439 |s_target|=0.00000 |s_out|=0.00000 d_s_out=-0.00000 conf=1.000 present=0 armed=0 latched=1 health=1
[INFO] [1788510947.096921932] [mhe_node]: [s-decay] n=82 |s_est|=0.00427 |s_target|=0.00000 |s_out|=0.00000 d_s_out=-0.00000 conf=1.000 present=0 armed=0 latched=1 health=1
[INFO] [1788510947.195845119] [mhe_node]: [s-decay] n=83 |s_est|=0.00412 |s_target|=0.00000 |s_out|=0.00000 d_s_out=-0.00000 conf=1.000 present=0 armed=0 latched=1 health=1
[INFO] [1788510947.295761009] [mhe_node]: [s-decay] n=84 |s_est|=0.00399 |s_target|=0.00000 |s_out|=0.00000 d_s_out=-0.00000 conf=1.000 present=0 armed=0 latched=1 health=1
[INFO] [1788510947.398034077] [mhe_node]: [s-decay] n=85 |s_est|=0.00385 |s_target|=0.00000 |s_out|=0.00000 d_s_out=-0.00000 conf=1.000 present=0 armed=0 latched=1 health=1
[INFO] [1788510947.500215546] [mhe_node]: [s-decay] n=86 |s_est|=0.00373 |s_target|=0.00000 |s_out|=0.00000 d_s_out=-0.00000 conf=1.000 present=0 armed=0 latched=1 health=1
[INFO] [1788510947.597058860] [mhe_node]: [s-decay] n=87 |s_est|=0.00360 |s_target|=0.00000 |s_out|=0.00000 d_s_out=-0.00000 conf=1.000 present=0 armed=0 latched=1 health=1
[INFO] [1788510947.695686969] [mhe_node]: [s-decay] n=88 |s_est|=0.00350 |s_target|=0.00000 |s_out|=0.00000 d_s_out=-0.00000 conf=1.000 present=0 armed=0 latched=1 health=1
[INFO] [1788510947.795661024] [mhe_node]: [s-decay] n=89 |s_est|=0.00338 |s_target|=0.00000 |s_out|=0.00000 d_s_out=-0.00000 conf=1.000 present=0 armed=0 latched=1 health=1
[INFO] [1788510947.904799228] [mhe_node]: [s-decay] n=90 |s_est|=0.00328 |s_target|=0.00000 |s_out|=0.00000 d_s_out=-0.00000 conf=1.000 present=0 armed=0 latched=1 health=1
[INFO] [1788510948.000588393] [mhe_node]: [s-decay] n=91 |s_est|=0.00318 |s_target|=0.00000 |s_out|=0.00000 d_s_out=-0.00000 conf=1.000 present=0 armed=0 latched=1 health=1
[INFO] [1788510948.104772722] [mhe_node]: [s-decay] n=92 |s_est|=0.00311 |s_target|=0.00000 |s_out|=0.00000 d_s_out=-0.00000 conf=1.000 present=0 armed=0 latched=1 health=1
[INFO] [1788510948.196913458] [mhe_node]: [s-decay] n=93 |s_est|=0.00302 |s_target|=0.00000 |s_out|=0.00000 d_s_out=-0.00000 conf=1.000 present=0 armed=0 latched=1 health=1
[INFO] [1788510948.295885842] [mhe_node]: [s-decay] n=94 |s_est|=0.00298 |s_target|=0.00000 |s_out|=0.00000 d_s_out=-0.00000 conf=1.000 present=0 armed=0 latched=1 health=1
[INFO] [1788510948.398660775] [mhe_node]: [s-decay] n=95 |s_est|=0.00292 |s_target|=0.00000 |s_out|=0.00000 d_s_out=-0.00000 conf=1.000 present=0 armed=0 latched=1 health=1
[INFO] [1788510948.494207898] [mhe_node]: [s-decay] n=96 |s_est|=0.00291 |s_target|=0.00000 |s_out|=0.00000 d_s_out=-0.00000 conf=1.000 present=0 armed=0 latched=1 health=1
[INFO] [1788510948.592637833] [mhe_node]: [s-decay] n=97 |s_est|=0.00289 |s_target|=0.00000 |s_out|=0.00000 d_s_out=-0.00000 conf=1.000 present=0 armed=0 latched=1 health=1
[INFO] [1788510948.692642673] [mhe_node]: MHE mass estimate: 2.049 kg (T_phys=19.98N) | solve=8.5ms (max16.2)
[INFO] [1788510948.693041585] [mhe_node]: [truth] m_hat=2.0492 m_true=2.0643 err=-0.73% | c_hat=[+0.0000,+0.0000] c_true=[+0.0000,+0.0000] | Jxx_hat=0.01420 Jxx_true=0.01420 Jyz_hat=+0.00000 Jyz_true=+0.00000 | s_hat=[-0.0029,+0.0001] s_true=[+0.0000,+0.0000] kg·m
[INFO] [1788510948.693399022] [mhe_node]: [tau_phys] roll=-0.004 pitch=-0.046 Nm
[INFO] [1788510948.693811871] [mhe_node]: [mass-diag] m_est=2.0492 T=19.979N tilt=8.43deg cos=0.98920 | T/g=2.0366 T*cos/g=2.0146 | m_est-T*cos/g=+0.0346kg (+1.72%) vz=+0.078
[INFO] [1788510948.694211653] [mhe_node]: [c_xy_est] cx=-0.0014 cy=+0.0000 m
[INFO] [1788510948.694494534] [mhe_node]: [s-decay] n=98 |s_est|=0.00290 |s_target|=0.00000 |s_out|=0.00000 d_s_out=-0.00000 conf=1.000 present=0 armed=0 latched=1 health=1
[INFO] [1788510948.795654070] [mhe_node]: [s-decay] n=99 |s_est|=0.00290 |s_target|=0.00000 |s_out|=0.00000 d_s_out=-0.00000 conf=1.000 present=0 armed=0 latched=1 health=1
[INFO] [1788510948.894847507] [mhe_node]: [s-decay] n=100 |s_est|=0.00292 |s_target|=0.00000 |s_out|=0.00000 d_s_out=-0.00000 conf=1.000 present=0 armed=0 latched=1 health=1
[INFO] [1788510950.695882972] [mhe_node]: MHE mass estimate: 2.050 kg (T_phys=20.17N) | solve=6.9ms (max13.7)
[INFO] [1788510950.696573550] [mhe_node]: [truth] m_hat=2.0497 m_true=2.0643 err=-0.70% | c_hat=[+0.0000,+0.0000] c_true=[+0.0000,+0.0000] | Jxx_hat=0.01420 Jxx_true=0.01420 Jyz_hat=+0.00000 Jyz_true=+0.00000 | s_hat=[-0.0040,+0.0006] s_true=[+0.0000,+0.0000] kg·m
[INFO] [1788510950.697094181] [mhe_node]: [tau_phys] roll=-0.006 pitch=-0.016 Nm
[INFO] [1788510950.697687619] [mhe_node]: [mass-diag] m_est=2.0497 T=20.172N tilt=5.74deg cos=0.99499 | T/g=2.0562 T*cos/g=2.0459 | m_est-T*cos/g=+0.0038kg (+0.19%) vz=-0.057
[INFO] [1788510950.698273036] [mhe_node]: [c_xy_est] cx=-0.0019 cy=+0.0003 m
[INFO] [1788510952.702649343] [mhe_node]: MHE mass estimate: 2.051 kg (T_phys=20.34N) | solve=7.8ms (max13.6)
[INFO] [1788510952.703199862] [mhe_node]: [truth] m_hat=2.0512 m_true=2.0643 err=-0.63% | c_hat=[+0.0000,+0.0000] c_true=[+0.0000,+0.0000] | Jxx_hat=0.01420 Jxx_true=0.01420 Jyz_hat=+0.00000 Jyz_true=+0.00000 | s_hat=[-0.0032,+0.0003] s_true=[+0.0000,+0.0000] kg·m
[INFO] [1788510952.703729889] [mhe_node]: [tau_phys] roll=-0.019 pitch=-0.042 Nm
[INFO] [1788510952.704330340] [mhe_node]: [mass-diag] m_est=2.0512 T=20.341N tilt=10.36deg cos=0.98371 | T/g=2.0735 T*cos/g=2.0397 | m_est-T*cos/g=+0.0115kg (+0.57%) vz=-0.151
[INFO] [1788510952.704914868] [mhe_node]: [c_xy_est] cx=-0.0016 cy=+0.0001 m
[INFO] [1788510954.694926888] [mhe_node]: MHE mass estimate: 2.043 kg (T_phys=19.91N) | solve=6.2ms (max9.0)
[INFO] [1788510954.695474377] [mhe_node]: [truth] m_hat=2.0435 m_true=2.0643 err=-1.01% | c_hat=[+0.0000,+0.0000] c_true=[+0.0000,+0.0000] | Jxx_hat=0.01420 Jxx_true=0.01420 Jyz_hat=+0.00000 Jyz_true=+0.00000 | s_hat=[-0.0041,+0.0005] s_true=[+0.0000,+0.0000] kg·m
[INFO] [1788510954.695990356] [mhe_node]: [tau_phys] roll=+0.007 pitch=-0.055 Nm
[INFO] [1788510954.696582737] [mhe_node]: [mass-diag] m_est=2.0435 T=19.910N tilt=6.13deg cos=0.99427 | T/g=2.0296 T*cos/g=2.0180 | m_est-T*cos/g=+0.0255kg (+1.26%) vz=-0.213
[INFO] [1788510954.697163981] [mhe_node]: [c_xy_est] cx=-0.0020 cy=+0.0002 m
[INFO] [1788510956.692601667] [mhe_node]: MHE mass estimate: 2.046 kg (T_phys=20.39N) | solve=6.8ms (max12.6)
[INFO] [1788510956.692990204] [mhe_node]: [truth] m_hat=2.0463 m_true=2.0643 err=-0.87% | c_hat=[+0.0000,+0.0000] c_true=[+0.0000,+0.0000] | Jxx_hat=0.01420 Jxx_true=0.01420 Jyz_hat=+0.00000 Jyz_true=+0.00000 | s_hat=[-0.0057,+0.0009] s_true=[+0.0000,+0.0000] kg·m
[INFO] [1788510956.693352251] [mhe_node]: [tau_phys] roll=+0.021 pitch=-0.016 Nm
[INFO] [1788510956.693765711] [mhe_node]: [mass-diag] m_est=2.0463 T=20.393N tilt=4.57deg cos=0.99681 | T/g=2.0788 T*cos/g=2.0722 | m_est-T*cos/g=-0.0259kg (-1.25%) vz=-0.226
[INFO] [1788510956.694167483] [mhe_node]: [c_xy_est] cx=-0.0028 cy=+0.0005 m
[INFO] [1788510958.705913294] [mhe_node]: MHE mass estimate: 2.050 kg (T_phys=20.52N) | solve=8.0ms (max16.9)
[INFO] [1788510958.706459443] [mhe_node]: [truth] m_hat=2.0502 m_true=2.0643 err=-0.68% | c_hat=[+0.0000,+0.0000] c_true=[+0.0000,+0.0000] | Jxx_hat=0.01420 Jxx_true=0.01420 Jyz_hat=+0.00000 Jyz_true=+0.00000 | s_hat=[-0.0037,+0.0010] s_true=[+0.0000,+0.0000] kg·m
[INFO] [1788510958.706976595] [mhe_node]: [tau_phys] roll=+0.036 pitch=-0.027 Nm
[INFO] [1788510958.707565094] [mhe_node]: [mass-diag] m_est=2.0502 T=20.515N tilt=9.74deg cos=0.98558 | T/g=2.0913 T*cos/g=2.0611 | m_est-T*cos/g=-0.0109kg (-0.53%) vz=-0.138
[INFO] [1788510958.708146612] [mhe_node]: [c_xy_est] cx=-0.0018 cy=+0.0005 m
[INFO] [1788510960.694772847] [mhe_node]: MHE mass estimate: 2.047 kg (T_phys=20.23N) | solve=7.0ms (max11.4)
[INFO] [1788510960.695329596] [mhe_node]: [truth] m_hat=2.0474 m_true=2.0643 err=-0.82% | c_hat=[+0.0000,+0.0000] c_true=[+0.0000,+0.0000] | Jxx_hat=0.01420 Jxx_true=0.01420 Jyz_hat=+0.00000 Jyz_true=+0.00000 | s_hat=[-0.0031,+0.0010] s_true=[+0.0000,+0.0000] kg·m
[INFO] [1788510960.695844553] [mhe_node]: [tau_phys] roll=+0.017 pitch=-0.037 Nm
[INFO] [1788510960.696442117] [mhe_node]: [mass-diag] m_est=2.0474 T=20.226N tilt=5.78deg cos=0.99491 | T/g=2.0617 T*cos/g=2.0512 | m_est-T*cos/g=-0.0038kg (-0.19%) vz=-0.023
[INFO] [1788510960.697023833] [mhe_node]: [c_xy_est] cx=-0.0015 cy=+0.0005 m
[INFO] [1788510962.694878241] [mhe_node]: MHE mass estimate: 2.049 kg (T_phys=20.53N) | solve=6.4ms (max11.6)
[INFO] [1788510962.695425968] [mhe_node]: [truth] m_hat=2.0491 m_true=2.0643 err=-0.73% | c_hat=[+0.0000,+0.0000] c_true=[+0.0000,+0.0000] | Jxx_hat=0.01420 Jxx_true=0.01420 Jyz_hat=+0.00000 Jyz_true=+0.00000 | s_hat=[-0.0038,+0.0008] s_true=[+0.0000,+0.0000] kg·m
[INFO] [1788510962.695942145] [mhe_node]: [tau_phys] roll=+0.018 pitch=-0.001 Nm
[INFO] [1788510962.696535092] [mhe_node]: [mass-diag] m_est=2.0491 T=20.529N tilt=7.65deg cos=0.99110 | T/g=2.0926 T*cos/g=2.0740 | m_est-T*cos/g=-0.0249kg (-1.20%) vz=+0.106
[INFO] [1788510962.697117859] [mhe_node]: [c_xy_est] cx=-0.0018 cy=+0.0004 m
[INFO] [1788510964.698183098] [mhe_node]: MHE mass estimate: 2.048 kg (T_phys=20.16N) | solve=8.7ms (max14.6)
[INFO] [1788510964.698733434] [mhe_node]: [truth] m_hat=2.0481 m_true=2.0643 err=-0.78% | c_hat=[+0.0000,+0.0000] c_true=[+0.0000,+0.0000] | Jxx_hat=0.01420 Jxx_true=0.01420 Jyz_hat=+0.00000 Jyz_true=+0.00000 | s_hat=[-0.0029,+0.0010] s_true=[+0.0000,+0.0000] kg·m
[INFO] [1788510964.699263236] [mhe_node]: [tau_phys] roll=+0.016 pitch=-0.047 Nm
[INFO] [1788510964.699916908] [mhe_node]: [mass-diag] m_est=2.0481 T=20.163N tilt=9.70deg cos=0.98571 | T/g=2.0554 T*cos/g=2.0260 | m_est-T*cos/g=+0.0221kg (+1.09%) vz=+0.235
[INFO] [1788510964.700527734] [mhe_node]: [c_xy_est] cx=-0.0014 cy=+0.0005 m
[INFO] [1788510966.694761366] [mhe_node]: MHE mass estimate: 2.040 kg (T_phys=19.92N) | solve=7.1ms (max11.6)
[INFO] [1788510966.695315167] [mhe_node]: [truth] m_hat=2.0396 m_true=2.0643 err=-1.19% | c_hat=[+0.0000,+0.0000] c_true=[+0.0000,+0.0000] | Jxx_hat=0.01420 Jxx_true=0.01420 Jyz_hat=+0.00000 Jyz_true=+0.00000 | s_hat=[-0.0049,+0.0011] s_true=[+0.0000,+0.0000] kg·m
[INFO] [1788510966.695833324] [mhe_node]: [tau_phys] roll=+0.010 pitch=-0.044 Nm
[INFO] [1788510966.696426969] [mhe_node]: [mass-diag] m_est=2.0396 T=19.923N tilt=2.13deg cos=0.99931 | T/g=2.0309 T*cos/g=2.0294 | m_est-T*cos/g=+0.0102kg (+0.50%) vz=+0.229
[INFO] [1788510966.697007833] [mhe_node]: [c_xy_est] cx=-0.0024 cy=+0.0005 m
[INFO] [1788510968.707031986] [mhe_node]: MHE mass estimate: 2.046 kg (T_phys=20.27N) | solve=7.9ms (max18.0)
[INFO] [1788510968.707725091] [mhe_node]: [truth] m_hat=2.0462 m_true=2.0643 err=-0.88% | c_hat=[+0.0000,+0.0000] c_true=[+0.0000,+0.0000] | Jxx_hat=0.01420 Jxx_true=0.01420 Jyz_hat=+0.00000 Jyz_true=+0.00000 | s_hat=[-0.0050,+0.0006] s_true=[+0.0000,+0.0000] kg·m
[INFO] [1788510968.708255621] [mhe_node]: [tau_phys] roll=-0.012 pitch=-0.009 Nm
[INFO] [1788510968.708846555] [mhe_node]: [mass-diag] m_est=2.0462 T=20.273N tilt=7.80deg cos=0.99074 | T/g=2.0665 T*cos/g=2.0474 | m_est-T*cos/g=-0.0012kg (-0.06%) vz=+0.175
[INFO] [1788510968.709428932] [mhe_node]: [c_xy_est] cx=-0.0025 cy=+0.0003 m
[INFO] [1788510970.694837724] [mhe_node]: MHE mass estimate: 2.050 kg (T_phys=20.03N) | solve=8.4ms (max14.9)
[INFO] [1788510970.695392991] [mhe_node]: [truth] m_hat=2.0502 m_true=2.0643 err=-0.68% | c_hat=[+0.0000,+0.0000] c_true=[+0.0000,+0.0000] | Jxx_hat=0.01420 Jxx_true=0.01420 Jyz_hat=+0.00000 Jyz_true=+0.00000 | s_hat=[-0.0029,+0.0001] s_true=[+0.0000,+0.0000] kg·m
[INFO] [1788510970.695910134] [mhe_node]: [tau_phys] roll=-0.009 pitch=-0.032 Nm
[INFO] [1788510970.696507039] [mhe_node]: [mass-diag] m_est=2.0502 T=20.026N tilt=8.89deg cos=0.98799 | T/g=2.0414 T*cos/g=2.0169 | m_est-T*cos/g=+0.0333kg (+1.65%) vz=+0.099
[INFO] [1788510970.697088461] [mhe_node]: [c_xy_est] cx=-0.0014 cy=+0.0000 m
[INFO] [1788510972.695884847] [mhe_node]: MHE mass estimate: 2.051 kg (T_phys=20.13N) | solve=6.4ms (max10.4)
[INFO] [1788510972.696430133] [mhe_node]: [truth] m_hat=2.0508 m_true=2.0643 err=-0.66% | c_hat=[+0.0000,+0.0000] c_true=[+0.0000,+0.0000] | Jxx_hat=0.01420 Jxx_true=0.01420 Jyz_hat=+0.00000 Jyz_true=+0.00000 | s_hat=[-0.0039,+0.0006] s_true=[+0.0000,+0.0000] kg·m
[INFO] [1788510972.696951065] [mhe_node]: [tau_phys] roll=+0.002 pitch=-0.012 Nm
[INFO] [1788510972.697551513] [mhe_node]: [mass-diag] m_est=2.0508 T=20.129N tilt=4.78deg cos=0.99652 | T/g=2.0519 T*cos/g=2.0447 | m_est-T*cos/g=+0.0060kg (+0.30%) vz=-0.037
[INFO] [1788510972.698133182] [mhe_node]: [c_xy_est] cx=-0.0019 cy=+0.0003 m
[INFO] [1788510974.697034790] [mhe_node]: MHE mass estimate: 2.053 kg (T_phys=20.37N) | solve=7.0ms (max11.1)
[INFO] [1788510974.697587071] [mhe_node]: [truth] m_hat=2.0532 m_true=2.0643 err=-0.54% | c_hat=[+0.0000,+0.0000] c_true=[+0.0000,+0.0000] | Jxx_hat=0.01420 Jxx_true=0.01420 Jyz_hat=+0.00000 Jyz_true=+0.00000 | s_hat=[-0.0033,+0.0003] s_true=[+0.0000,+0.0000] kg·m
[INFO] [1788510974.698104673] [mhe_node]: [tau_phys] roll=-0.028 pitch=-0.021 Nm
[INFO] [1788510974.698695623] [mhe_node]: [mass-diag] m_est=2.0532 T=20.369N tilt=10.19deg cos=0.98423 | T/g=2.0764 T*cos/g=2.0436 | m_est-T*cos/g=+0.0096kg (+0.47%) vz=-0.142
[INFO] [1788510974.699275402] [mhe_node]: [c_xy_est] cx=-0.0017 cy=+0.0002 m
[INFO] [1788510976.694844983] [mhe_node]: MHE mass estimate: 2.042 kg (T_phys=20.02N) | solve=6.8ms (max16.4)
[INFO] [1788510976.695397715] [mhe_node]: [truth] m_hat=2.0424 m_true=2.0643 err=-1.06% | c_hat=[+0.0000,+0.0000] c_true=[+0.0000,+0.0000] | Jxx_hat=0.01420 Jxx_true=0.01420 Jyz_hat=+0.00000 Jyz_true=+0.00000 | s_hat=[-0.0039,+0.0004] s_true=[+0.0000,+0.0000] kg·m
[INFO] [1788510976.695913471] [mhe_node]: [tau_phys] roll=+0.006 pitch=-0.045 Nm
[INFO] [1788510976.696505177] [mhe_node]: [mass-diag] m_est=2.0424 T=20.016N tilt=6.70deg cos=0.99318 | T/g=2.0403 T*cos/g=2.0264 | m_est-T*cos/g=+0.0160kg (+0.79%) vz=-0.227
[INFO] [1788510976.697084655] [mhe_node]: [c_xy_est] cx=-0.0018 cy=+0.0002 m
[INFO] [1788510978.695928843] [mhe_node]: MHE mass estimate: 2.044 kg (T_phys=20.34N) | solve=6.9ms (max11.4)
[INFO] [1788510978.696491079] [mhe_node]: [truth] m_hat=2.0441 m_true=2.0643 err=-0.98% | c_hat=[+0.0000,+0.0000] c_true=[+0.0000,+0.0000] | Jxx_hat=0.01420 Jxx_true=0.01420 Jyz_hat=+0.00000 Jyz_true=+0.00000 | s_hat=[-0.0057,+0.0009] s_true=[+0.0000,+0.0000] kg·m
[INFO] [1788510978.697005573] [mhe_node]: [tau_phys] roll=+0.015 pitch=-0.019 Nm
[INFO] [1788510978.697601208] [mhe_node]: [mass-diag] m_est=2.0441 T=20.339N tilt=3.93deg cos=0.99765 | T/g=2.0733 T*cos/g=2.0684 | m_est-T*cos/g=-0.0243kg (-1.18%) vz=-0.225
[INFO] [1788510978.698182216] [mhe_node]: [c_xy_est] cx=-0.0028 cy=+0.0005 m
[INFO] [1788510980.694047124] [mhe_node]: MHE mass estimate: 2.052 kg (T_phys=20.49N) | solve=8.2ms (max13.8)
[INFO] [1788510980.694445334] [mhe_node]: [truth] m_hat=2.0523 m_true=2.0643 err=-0.58% | c_hat=[+0.0000,+0.0000] c_true=[+0.0000,+0.0000] | Jxx_hat=0.01420 Jxx_true=0.01420 Jyz_hat=+0.00000 Jyz_true=+0.00000 | s_hat=[-0.0039,+0.0010] s_true=[+0.0000,+0.0000] kg·m
[INFO] [1788510980.694804812] [mhe_node]: [tau_phys] roll=+0.037 pitch=-0.017 Nm
[INFO] [1788510980.695225551] [mhe_node]: [mass-diag] m_est=2.0523 T=20.494N tilt=10.05deg cos=0.98465 | T/g=2.0891 T*cos/g=2.0570 | m_est-T*cos/g=-0.0047kg (-0.23%) vz=-0.138
[INFO] [1788510980.695624373] [mhe_node]: [c_xy_est] cx=-0.0020 cy=+0.0005 m
[INFO] [1788510982.694831726] [mhe_node]: MHE mass estimate: 2.050 kg (T_phys=20.25N) | solve=7.5ms (max11.6)
[INFO] [1788510982.695389282] [mhe_node]: [truth] m_hat=2.0504 m_true=2.0643 err=-0.67% | c_hat=[+0.0000,+0.0000] c_true=[+0.0000,+0.0000] | Jxx_hat=0.01420 Jxx_true=0.01420 Jyz_hat=+0.00000 Jyz_true=+0.00000 | s_hat=[-0.0030,+0.0009] s_true=[+0.0000,+0.0000] kg·m
[INFO] [1788510982.695908169] [mhe_node]: [tau_phys] roll=+0.019 pitch=-0.032 Nm
[INFO] [1788510982.696507701] [mhe_node]: [mass-diag] m_est=2.0504 T=20.254N tilt=6.39deg cos=0.99379 | T/g=2.0646 T*cos/g=2.0518 | m_est-T*cos/g=-0.0014kg (-0.07%) vz=-0.018
[INFO] [1788510982.697091301] [mhe_node]: [c_xy_est] cx=-0.0014 cy=+0.0004 m
[INFO] [1788510984.700500137] [mhe_node]: MHE mass estimate: 2.050 kg (T_phys=20.49N) | solve=6.5ms (max11.4)
[INFO] [1788510984.701083690] [mhe_node]: [truth] m_hat=2.0499 m_true=2.0643 err=-0.70% | c_hat=[+0.0000,+0.0000] c_true=[+0.0000,+0.0000] | Jxx_hat=0.01420 Jxx_true=0.01420 Jyz_hat=+0.00000 Jyz_true=+0.00000 | s_hat=[-0.0038,+0.0008] s_true=[+0.0000,+0.0000] kg·m
[INFO] [1788510984.701643504] [mhe_node]: [tau_phys] roll=+0.025 pitch=-0.012 Nm
[INFO] [1788510984.702275633] [mhe_node]: [mass-diag] m_est=2.0499 T=20.494N tilt=7.33deg cos=0.99182 | T/g=2.0891 T*cos/g=2.0720 | m_est-T*cos/g=-0.0221kg (-1.07%) vz=+0.098
[INFO] [1788510984.702857742] [mhe_node]: [c_xy_est] cx=-0.0019 cy=+0.0004 m
[INFO] [1788510986.695896783] [mhe_node]: MHE mass estimate: 2.049 kg (T_phys=20.26N) | solve=8.3ms (max13.9)
[INFO] [1788510986.696598339] [mhe_node]: [truth] m_hat=2.0490 m_true=2.0643 err=-0.74% | c_hat=[+0.0000,+0.0000] c_true=[+0.0000,+0.0000] | Jxx_hat=0.01420 Jxx_true=0.01420 Jyz_hat=+0.00000 Jyz_true=+0.00000 | s_hat=[-0.0028,+0.0010] s_true=[+0.0000,+0.0000] kg·m
[INFO] [1788510986.697123392] [mhe_node]: [tau_phys] roll=+0.020 pitch=-0.043 Nm
[INFO] [1788510986.697723475] [mhe_node]: [mass-diag] m_est=2.0490 T=20.260N tilt=9.92deg cos=0.98505 | T/g=2.0652 T*cos/g=2.0344 | m_est-T*cos/g=+0.0146kg (+0.72%) vz=+0.223
[INFO] [1788510986.698313823] [mhe_node]: [c_xy_est] cx=-0.0014 cy=+0.0005 m
[INFO] [1788510988.701661032] [mhe_node]: MHE mass estimate: 2.040 kg (T_phys=19.97N) | solve=7.5ms (max12.6)
[INFO] [1788510988.702220652] [mhe_node]: [truth] m_hat=2.0405 m_true=2.0643 err=-1.16% | c_hat=[+0.0000,+0.0000] c_true=[+0.0000,+0.0000] | Jxx_hat=0.01420 Jxx_true=0.01420 Jyz_hat=+0.00000 Jyz_true=+0.00000 | s_hat=[-0.0047,+0.0011] s_true=[+0.0000,+0.0000] kg·m
[INFO] [1788510988.702735475] [mhe_node]: [tau_phys] roll=+0.007 pitch=-0.047 Nm
[INFO] [1788510988.703338991] [mhe_node]: [mass-diag] m_est=2.0405 T=19.971N tilt=2.84deg cos=0.99878 | T/g=2.0358 T*cos/g=2.0333 | m_est-T*cos/g=+0.0072kg (+0.35%) vz=+0.243
[INFO] [1788510988.703918956] [mhe_node]: [c_xy_est] cx=-0.0023 cy=+0.0005 m
[INFO] [1788510990.694865678] [mhe_node]: MHE mass estimate: 2.044 kg (T_phys=20.32N) | solve=7.4ms (max13.8)
[INFO] [1788510990.695420156] [mhe_node]: [truth] m_hat=2.0445 m_true=2.0643 err=-0.96% | c_hat=[+0.0000,+0.0000] c_true=[+0.0000,+0.0000] | Jxx_hat=0.01420 Jxx_true=0.01420 Jyz_hat=+0.00000 Jyz_true=+0.00000 | s_hat=[-0.0051,+0.0007] s_true=[+0.0000,+0.0000] kg·m
[INFO] [1788510990.695943210] [mhe_node]: [tau_phys] roll=-0.006 pitch=-0.003 Nm
[INFO] [1788510990.696535927] [mhe_node]: [mass-diag] m_est=2.0445 T=20.319N tilt=7.21deg cos=0.99210 | T/g=2.0712 T*cos/g=2.0549 | m_est-T*cos/g=-0.0104kg (-0.50%) vz=+0.170
[INFO] [1788510990.697118307] [mhe_node]: [c_xy_est] cx=-0.0025 cy=+0.0003 m
[INFO] [1788510992.696990534] [mhe_node]: MHE mass estimate: 2.049 kg (T_phys=20.19N) | solve=8.0ms (max13.4)
[INFO] [1788510992.697541907] [mhe_node]: [truth] m_hat=2.0493 m_true=2.0643 err=-0.73% | c_hat=[+0.0000,+0.0000] c_true=[+0.0000,+0.0000] | Jxx_hat=0.01420 Jxx_true=0.01420 Jyz_hat=+0.00000 Jyz_true=+0.00000 | s_hat=[-0.0029,+0.0001] s_true=[+0.0000,+0.0000] kg·m
[INFO] [1788510992.698060687] [mhe_node]: [tau_phys] roll=-0.009 pitch=-0.038 Nm
[INFO] [1788510992.698655657] [mhe_node]: [mass-diag] m_est=2.0493 T=20.195N tilt=8.70deg cos=0.98849 | T/g=2.0586 T*cos/g=2.0349 | m_est-T*cos/g=+0.0144kg (+0.71%) vz=+0.124
[INFO] [1788510992.699237689] [mhe_node]: [c_xy_est] cx=-0.0015 cy=+0.0000 m
[INFO] [1788510994.695069860] [mhe_node]: MHE mass estimate: 2.049 kg (T_phys=20.10N) | solve=7.1ms (max12.4)
[INFO] [1788510994.695622164] [mhe_node]: [truth] m_hat=2.0486 m_true=2.0643 err=-0.76% | c_hat=[+0.0000,+0.0000] c_true=[+0.0000,+0.0000] | Jxx_hat=0.01420 Jxx_true=0.01420 Jyz_hat=+0.00000 Jyz_true=+0.00000 | s_hat=[-0.0038,+0.0004] s_true=[+0.0000,+0.0000] kg·m
[INFO] [1788510994.696137725] [mhe_node]: [tau_phys] roll=-0.001 pitch=-0.021 Nm
[INFO] [1788510994.696726365] [mhe_node]: [mass-diag] m_est=2.0486 T=20.101N tilt=4.61deg cos=0.99677 | T/g=2.0490 T*cos/g=2.0424 | m_est-T*cos/g=+0.0062kg (+0.30%) vz=-0.032
[INFO] [1788510994.697308865] [mhe_node]: [c_xy_est] cx=-0.0018 cy=+0.0002 m
[INFO] [1788510996.705915255] [mhe_node]: MHE mass estimate: 2.052 kg (T_phys=20.34N) | solve=7.9ms (max16.8)
[INFO] [1788510996.706461610] [mhe_node]: [truth] m_hat=2.0525 m_true=2.0643 err=-0.57% | c_hat=[+0.0000,+0.0000] c_true=[+0.0000,+0.0000] | Jxx_hat=0.01420 Jxx_true=0.01420 Jyz_hat=+0.00000 Jyz_true=+0.00000 | s_hat=[-0.0035,+0.0004] s_true=[+0.0000,+0.0000] kg·m
[INFO] [1788510996.706979230] [mhe_node]: [tau_phys] roll=-0.025 pitch=-0.025 Nm
[INFO] [1788510996.707576156] [mhe_node]: [mass-diag] m_est=2.0525 T=20.339N tilt=9.70deg cos=0.98571 | T/g=2.0733 T*cos/g=2.0437 | m_est-T*cos/g=+0.0088kg (+0.43%) vz=-0.146
[INFO] [1788510996.708160482] [mhe_node]: [c_xy_est] cx=-0.0017 cy=+0.0002 m
[INFO] [1788510998.694844730] [mhe_node]: MHE mass estimate: 2.046 kg (T_phys=20.03N) | solve=7.3ms (max12.4)
[INFO] [1788510998.695404719] [mhe_node]: [truth] m_hat=2.0457 m_true=2.0643 err=-0.90% | c_hat=[+0.0000,+0.0000] c_true=[+0.0000,+0.0000] | Jxx_hat=0.01420 Jxx_true=0.01420 Jyz_hat=+0.00000 Jyz_true=+0.00000 | s_hat=[-0.0036,+0.0004] s_true=[+0.0000,+0.0000] kg·m
[INFO] [1788510998.695930606] [mhe_node]: [tau_phys] roll=+0.002 pitch=-0.057 Nm
[INFO] [1788510998.696524559] [mhe_node]: [mass-diag] m_est=2.0457 T=20.031N tilt=7.67deg cos=0.99105 | T/g=2.0419 T*cos/g=2.0236 | m_est-T*cos/g=+0.0221kg (+1.09%) vz=-0.207
[INFO] [1788510998.697105838] [mhe_node]: [c_xy_est] cx=-0.0017 cy=+0.0002 m
[INFO] [1788511000.694906025] [mhe_node]: MHE mass estimate: 2.045 kg (T_phys=20.13N) | solve=7.3ms (max12.6)
[INFO] [1788511000.695465002] [mhe_node]: [truth] m_hat=2.0454 m_true=2.0643 err=-0.92% | c_hat=[+0.0000,+0.0000] c_true=[+0.0000,+0.0000] | Jxx_hat=0.01420 Jxx_true=0.01420 Jyz_hat=+0.00000 Jyz_true=+0.00000 | s_hat=[-0.0057,+0.0009] s_true=[+0.0000,+0.0000] kg·m
[INFO] [1788511000.695985012] [mhe_node]: [tau_phys] roll=+0.017 pitch=-0.024 Nm
[INFO] [1788511000.696581439] [mhe_node]: [mass-diag] m_est=2.0454 T=20.125N tilt=2.82deg cos=0.99879 | T/g=2.0515 T*cos/g=2.0490 | m_est-T*cos/g=-0.0036kg (-0.18%) vz=-0.221
[INFO] [1788511000.697166420] [mhe_node]: [c_xy_est] cx=-0.0027 cy=+0.0004 m
[INFO] [1788511002.706339537] [mhe_node]: MHE mass estimate: 2.053 kg (T_phys=20.54N) | solve=8.5ms (max17.4)
[INFO] [1788511002.706909737] [mhe_node]: [truth] m_hat=2.0530 m_true=2.0643 err=-0.55% | c_hat=[+0.0000,+0.0000] c_true=[+0.0000,+0.0000] | Jxx_hat=0.01420 Jxx_true=0.01420 Jyz_hat=+0.00000 Jyz_true=+0.00000 | s_hat=[-0.0042,+0.0010] s_true=[+0.0000,+0.0000] kg·m
[INFO] [1788511002.707455277] [mhe_node]: [tau_phys] roll=+0.031 pitch=-0.014 Nm
[INFO] [1788511002.708046120] [mhe_node]: [mass-diag] m_est=2.0530 T=20.540N tilt=9.59deg cos=0.98601 | T/g=2.0938 T*cos/g=2.0645 | m_est-T*cos/g=-0.0115kg (-0.56%) vz=-0.154
[INFO] [1788511002.708627945] [mhe_node]: [c_xy_est] cx=-0.0021 cy=+0.0005 m
[INFO] [1788511004.694870835] [mhe_node]: MHE mass estimate: 2.050 kg (T_phys=20.18N) | solve=7.8ms (max14.7)
[INFO] [1788511004.695566798] [mhe_node]: [truth] m_hat=2.0502 m_true=2.0643 err=-0.68% | c_hat=[+0.0000,+0.0000] c_true=[+0.0000,+0.0000] | Jxx_hat=0.01420 Jxx_true=0.01420 Jyz_hat=+0.00000 Jyz_true=+0.00000 | s_hat=[-0.0029,+0.0009] s_true=[+0.0000,+0.0000] kg·m
[INFO] [1788511004.696089102] [mhe_node]: [tau_phys] roll=+0.017 pitch=-0.028 Nm
[INFO] [1788511004.696692162] [mhe_node]: [mass-diag] m_est=2.0502 T=20.185N tilt=6.93deg cos=0.99269 | T/g=2.0576 T*cos/g=2.0426 | m_est-T*cos/g=+0.0076kg (+0.37%) vz=-0.041
[INFO] [1788511004.697284875] [mhe_node]: [c_xy_est] cx=-0.0014 cy=+0.0004 m
[INFO] [1788511006.694840043] [mhe_node]: MHE mass estimate: 2.051 kg (T_phys=20.45N) | solve=6.1ms (max11.4)
[INFO] [1788511006.695395356] [mhe_node]: [truth] m_hat=2.0506 m_true=2.0643 err=-0.66% | c_hat=[+0.0000,+0.0000] c_true=[+0.0000,+0.0000] | Jxx_hat=0.01420 Jxx_true=0.01420 Jyz_hat=+0.00000 Jyz_true=+0.00000 | s_hat=[-0.0038,+0.0008] s_true=[+0.0000,+0.0000] kg·m
[INFO] [1788511006.695913601] [mhe_node]: [tau_phys] roll=+0.019 pitch=-0.008 Nm
[INFO] [1788511006.696506268] [mhe_node]: [mass-diag] m_est=2.0506 T=20.445N tilt=6.54deg cos=0.99349 | T/g=2.0841 T*cos/g=2.0706 | m_est-T*cos/g=-0.0199kg (-0.96%) vz=+0.080
[INFO] [1788511006.697087136] [mhe_node]: [c_xy_est] cx=-0.0019 cy=+0.0004 m
[INFO] [1788511008.696051032] [mhe_node]: MHE mass estimate: 2.047 kg (T_phys=20.31N) | solve=9.6ms (max19.4)
[INFO] [1788511008.696605978] [mhe_node]: [truth] m_hat=2.0473 m_true=2.0643 err=-0.82% | c_hat=[+0.0000,+0.0000] c_true=[+0.0000,+0.0000] | Jxx_hat=0.01420 Jxx_true=0.01420 Jyz_hat=+0.00000 Jyz_true=+0.00000 | s_hat=[-0.0028,+0.0010] s_true=[+0.0000,+0.0000] kg·m
[INFO] [1788511008.697131698] [mhe_node]: [tau_phys] roll=+0.022 pitch=-0.048 Nm
[INFO] [1788511008.697723826] [mhe_node]: [mass-diag] m_est=2.0473 T=20.309N tilt=10.10deg cos=0.98452 | T/g=2.0702 T*cos/g=2.0382 | m_est-T*cos/g=+0.0092kg (+0.45%) vz=+0.200
[INFO] [1788511008.698305732] [mhe_node]: [c_xy_est] cx=-0.0014 cy=+0.0005 m
[INFO] [1788511010.695777581] [mhe_node]: MHE mass estimate: 2.041 kg (T_phys=19.88N) | solve=6.1ms (max9.2)
[INFO] [1788511010.696330483] [mhe_node]: [truth] m_hat=2.0415 m_true=2.0643 err=-1.10% | c_hat=[+0.0000,+0.0000] c_true=[+0.0000,+0.0000] | Jxx_hat=0.01420 Jxx_true=0.01420 Jyz_hat=+0.00000 Jyz_true=+0.00000 | s_hat=[-0.0045,+0.0011] s_true=[+0.0000,+0.0000] kg·m
[INFO] [1788511010.696859479] [mhe_node]: [tau_phys] roll=+0.013 pitch=-0.045 Nm
[INFO] [1788511010.697452870] [mhe_node]: [mass-diag] m_est=2.0415 T=19.884N tilt=3.79deg cos=0.99781 | T/g=2.0269 T*cos/g=2.0225 | m_est-T*cos/g=+0.0190kg (+0.94%) vz=+0.239
[INFO] [1788511010.698033621] [mhe_node]: [c_xy_est] cx=-0.0021 cy=+0.0005 m
[INFO] [1788511012.701507293] [mhe_node]: MHE mass estimate: 2.046 kg (T_phys=20.26N) | solve=8.1ms (max12.5)
[INFO] [1788511012.702059746] [mhe_node]: [truth] m_hat=2.0455 m_true=2.0643 err=-0.91% | c_hat=[+0.0000,+0.0000] c_true=[+0.0000,+0.0000] | Jxx_hat=0.01420 Jxx_true=0.01420 Jyz_hat=+0.00000 Jyz_true=+0.00000 | s_hat=[-0.0052,+0.0007] s_true=[+0.0000,+0.0000] kg·m
[INFO] [1788511012.702590674] [mhe_node]: [tau_phys] roll=-0.009 pitch=-0.001 Nm
[INFO] [1788511012.703200013] [mhe_node]: [mass-diag] m_est=2.0455 T=20.257N tilt=6.82deg cos=0.99293 | T/g=2.0649 T*cos/g=2.0503 | m_est-T*cos/g=-0.0048kg (-0.24%) vz=+0.183
[INFO] [1788511012.703789060] [mhe_node]: [c_xy_est] cx=-0.0026 cy=+0.0004 m
[INFO] [1788511014.702788840] [mhe_node]: MHE mass estimate: 2.051 kg (T_phys=20.22N) | solve=9.1ms (max15.1)
[INFO] [1788511014.703342548] [mhe_node]: [truth] m_hat=2.0510 m_true=2.0643 err=-0.64% | c_hat=[+0.0000,+0.0000] c_true=[+0.0000,+0.0000] | Jxx_hat=0.01420 Jxx_true=0.01420 Jyz_hat=+0.00000 Jyz_true=+0.00000 | s_hat=[-0.0031,+0.0001] s_true=[+0.0000,+0.0000] kg·m
[INFO] [1788511014.703859936] [mhe_node]: [tau_phys] roll=-0.016 pitch=-0.040 Nm
[INFO] [1788511014.704457298] [mhe_node]: [mass-diag] m_est=2.0510 T=20.217N tilt=9.44deg cos=0.98645 | T/g=2.0608 T*cos/g=2.0329 | m_est-T*cos/g=+0.0181kg (+0.89%) vz=+0.127
[INFO] [1788511014.705054389] [mhe_node]: [c_xy_est] cx=-0.0016 cy=+0.0000 m
[INFO] [1788511016.700573829] [mhe_node]: MHE mass estimate: 2.045 kg (T_phys=20.05N) | solve=7.7ms (max17.0)
[INFO] [1788511016.701130455] [mhe_node]: [truth] m_hat=2.0451 m_true=2.0643 err=-0.93% | c_hat=[+0.0000,+0.0000] c_true=[+0.0000,+0.0000] | Jxx_hat=0.01420 Jxx_true=0.01420 Jyz_hat=+0.00000 Jyz_true=+0.00000 | s_hat=[-0.0036,+0.0004] s_true=[+0.0000,+0.0000] kg·m
[INFO] [1788511016.701650440] [mhe_node]: [tau_phys] roll=-0.005 pitch=-0.012 Nm
[INFO] [1788511016.702247391] [mhe_node]: [mass-diag] m_est=2.0451 T=20.054N tilt=5.01deg cos=0.99618 | T/g=2.0442 T*cos/g=2.0364 | m_est-T*cos/g=+0.0086kg (+0.42%) vz=-0.038
[INFO] [1788511016.702826114] [mhe_node]: [c_xy_est] cx=-0.0017 cy=+0.0002 m
[INFO] [1788511018.694921985] [mhe_node]: MHE mass estimate: 2.053 kg (T_phys=20.36N) | solve=7.0ms (max12.3)
[INFO] [1788511018.695314433] [mhe_node]: [truth] m_hat=2.0532 m_true=2.0643 err=-0.54% | c_hat=[+0.0000,+0.0000] c_true=[+0.0000,+0.0000] | Jxx_hat=0.01420 Jxx_true=0.01420 Jyz_hat=+0.00000 Jyz_true=+0.00000 | s_hat=[-0.0036,+0.0004] s_true=[+0.0000,+0.0000] kg·m
[INFO] [1788511018.695672134] [mhe_node]: [tau_phys] roll=-0.020 pitch=-0.016 Nm
[INFO] [1788511018.696065869] [mhe_node]: [mass-diag] m_est=2.0532 T=20.361N tilt=9.27deg cos=0.98694 | T/g=2.0756 T*cos/g=2.0485 | m_est-T*cos/g=+0.0048kg (+0.23%) vz=-0.135
[INFO] [1788511018.696461926] [mhe_node]: [c_xy_est] cx=-0.0018 cy=+0.0002 m
[INFO] [1788511020.699337192] [mhe_node]: MHE mass estimate: 2.045 kg (T_phys=20.01N) | solve=7.7ms (max12.5)
[INFO] [1788511020.699893622] [mhe_node]: [truth] m_hat=2.0451 m_true=2.0643 err=-0.93% | c_hat=[+0.0000,+0.0000] c_true=[+0.0000,+0.0000] | Jxx_hat=0.01420 Jxx_true=0.01420 Jyz_hat=+0.00000 Jyz_true=+0.00000 | s_hat=[-0.0035,+0.0003] s_true=[+0.0000,+0.0000] kg·m
[INFO] [1788511020.700417045] [mhe_node]: [tau_phys] roll=+0.007 pitch=-0.042 Nm
[INFO] [1788511020.701016244] [mhe_node]: [mass-diag] m_est=2.0451 T=20.007N tilt=8.33deg cos=0.98946 | T/g=2.0394 T*cos/g=2.0179 | m_est-T*cos/g=+0.0271kg (+1.34%) vz=-0.211
[INFO] [1788511020.701605800] [mhe_node]: [c_xy_est] cx=-0.0016 cy=+0.0001 m
[INFO] [1788511022.694894709] [mhe_node]: MHE mass estimate: 2.042 kg (T_phys=20.14N) | solve=7.2ms (max12.5)
[INFO] [1788511022.695596729] [mhe_node]: [truth] m_hat=2.0422 m_true=2.0643 err=-1.07% | c_hat=[+0.0000,+0.0000] c_true=[+0.0000,+0.0000] | Jxx_hat=0.01420 Jxx_true=0.01420 Jyz_hat=+0.00000 Jyz_true=+0.00000 | s_hat=[-0.0056,+0.0009] s_true=[+0.0000,+0.0000] kg·m
[INFO] [1788511022.696118286] [mhe_node]: [tau_phys] roll=+0.017 pitch=-0.031 Nm
[INFO] [1788511022.696708739] [mhe_node]: [mass-diag] m_est=2.0422 T=20.138N tilt=2.25deg cos=0.99923 | T/g=2.0528 T*cos/g=2.0512 | m_est-T*cos/g=-0.0090kg (-0.44%) vz=-0.238
[INFO] [1788511022.697289227] [mhe_node]: [c_xy_est] cx=-0.0027 cy=+0.0004 m
[INFO] [1788511024.699351963] [mhe_node]: MHE mass estimate: 2.051 kg (T_phys=20.55N) | solve=8.1ms (max18.4)
[INFO] [1788511024.699901581] [mhe_node]: [truth] m_hat=2.0510 m_true=2.0643 err=-0.64% | c_hat=[+0.0000,+0.0000] c_true=[+0.0000,+0.0000] | Jxx_hat=0.01420 Jxx_true=0.01420 Jyz_hat=+0.00000 Jyz_true=+0.00000 | s_hat=[-0.0045,+0.0010] s_true=[+0.0000,+0.0000] kg·m
[INFO] [1788511024.700427773] [mhe_node]: [tau_phys] roll=+0.029 pitch=-0.002 Nm
[INFO] [1788511024.701046087] [mhe_node]: [mass-diag] m_est=2.0510 T=20.555N tilt=9.37deg cos=0.98666 | T/g=2.0953 T*cos/g=2.0673 | m_est-T*cos/g=-0.0163kg (-0.79%) vz=-0.164
[INFO] [1788511024.701647168] [mhe_node]: [c_xy_est] cx=-0.0023 cy=+0.0005 m
[INFO] [1788511026.694762282] [mhe_node]: MHE mass estimate: 2.049 kg (T_phys=20.23N) | solve=7.1ms (max11.4)
[INFO] [1788511026.695318620] [mhe_node]: [truth] m_hat=2.0494 m_true=2.0643 err=-0.72% | c_hat=[+0.0000,+0.0000] c_true=[+0.0000,+0.0000] | Jxx_hat=0.01420 Jxx_true=0.01420 Jyz_hat=+0.00000 Jyz_true=+0.00000 | s_hat=[-0.0028,+0.0009] s_true=[+0.0000,+0.0000] kg·m
[INFO] [1788511026.695834151] [mhe_node]: [tau_phys] roll=+0.016 pitch=-0.034 Nm
[INFO] [1788511026.696426284] [mhe_node]: [mass-diag] m_est=2.0494 T=20.232N tilt=7.39deg cos=0.99170 | T/g=2.0624 T*cos/g=2.0453 | m_est-T*cos/g=+0.0041kg (+0.20%) vz=-0.063
[INFO] [1788511026.697002257] [mhe_node]: [c_xy_est] cx=-0.0013 cy=+0.0005 m
[INFO] [1788511028.694761667] [mhe_node]: MHE mass estimate: 2.048 kg (T_phys=20.43N) | solve=6.9ms (max10.5)
[INFO] [1788511028.695312934] [mhe_node]: [truth] m_hat=2.0481 m_true=2.0643 err=-0.78% | c_hat=[+0.0000,+0.0000] c_true=[+0.0000,+0.0000] | Jxx_hat=0.01420 Jxx_true=0.01420 Jyz_hat=+0.00000 Jyz_true=+0.00000 | s_hat=[-0.0038,+0.0008] s_true=[+0.0000,+0.0000] kg·m
[INFO] [1788511028.695831683] [mhe_node]: [tau_phys] roll=+0.019 pitch=-0.005 Nm
[INFO] [1788511028.696424123] [mhe_node]: [mass-diag] m_est=2.0481 T=20.433N tilt=5.95deg cos=0.99462 | T/g=2.0829 T*cos/g=2.0717 | m_est-T*cos/g=-0.0236kg (-1.14%) vz=+0.056
[INFO] [1788511028.697006145] [mhe_node]: [c_xy_est] cx=-0.0019 cy=+0.0004 m
[INFO] [1788511030.697008321] [mhe_node]: MHE mass estimate: 2.049 kg (T_phys=20.41N) | solve=7.8ms (max14.9)
[INFO] [1788511030.697562114] [mhe_node]: [truth] m_hat=2.0493 m_true=2.0643 err=-0.72% | c_hat=[+0.0000,+0.0000] c_true=[+0.0000,+0.0000] | Jxx_hat=0.01420 Jxx_true=0.01420 Jyz_hat=+0.00000 Jyz_true=+0.00000 | s_hat=[-0.0029,+0.0009] s_true=[+0.0000,+0.0000] kg·m
[INFO] [1788511030.698080397] [mhe_node]: [tau_phys] roll=+0.028 pitch=-0.081 Nm
[INFO] [1788511030.698676051] [mhe_node]: [mass-diag] m_est=2.0493 T=20.406N tilt=10.17deg cos=0.98430 | T/g=2.0801 T*cos/g=2.0474 | m_est-T*cos/g=+0.0019kg (+0.09%) vz=+0.213
[INFO] [1788511030.699256651] [mhe_node]: [c_xy_est] cx=-0.0014 cy=+0.0005 m
[INFO] [1788511032.692837160] [mhe_node]: MHE mass estimate: 2.038 kg (T_phys=19.81N) | solve=6.8ms (max11.5)
[INFO] [1788511032.693231702] [mhe_node]: [truth] m_hat=2.0378 m_true=2.0643 err=-1.28% | c_hat=[+0.0000,+0.0000] c_true=[+0.0000,+0.0000] | Jxx_hat=0.01420 Jxx_true=0.01420 Jyz_hat=+0.00000 Jyz_true=+0.00000 | s_hat=[-0.0041,+0.0012] s_true=[+0.0000,+0.0000] kg·m
[INFO] [1788511032.693588909] [mhe_node]: [tau_phys] roll=+0.014 pitch=-0.069 Nm
[INFO] [1788511032.694005747] [mhe_node]: [mass-diag] m_est=2.0378 T=19.810N tilt=4.86deg cos=0.99641 | T/g=2.0193 T*cos/g=2.0121 | m_est-T*cos/g=+0.0257kg (+1.28%) vz=+0.246
[INFO] [1788511032.694416841] [mhe_node]: [c_xy_est] cx=-0.0020 cy=+0.0006 m
[INFO] [1788511034.693440913] [mhe_node]: MHE mass estimate: 2.042 kg (T_phys=20.21N) | solve=7.6ms (max14.9)
[INFO] [1788511034.693832632] [mhe_node]: [truth] m_hat=2.0421 m_true=2.0643 err=-1.08% | c_hat=[+0.0000,+0.0000] c_true=[+0.0000,+0.0000] | Jxx_hat=0.01420 Jxx_true=0.01420 Jyz_hat=+0.00000 Jyz_true=+0.00000 | s_hat=[-0.0053,+0.0008] s_true=[+0.0000,+0.0000] kg·m
[INFO] [1788511034.694198399] [mhe_node]: [tau_phys] roll=-0.005 pitch=-0.026 Nm
[INFO] [1788511034.694612787] [mhe_node]: [mass-diag] m_est=2.0421 T=20.214N tilt=5.52deg cos=0.99536 | T/g=2.0606 T*cos/g=2.0510 | m_est-T*cos/g=-0.0089kg (-0.43%) vz=+0.193
[INFO] [1788511034.695011146] [mhe_node]: [c_xy_est] cx=-0.0026 cy=+0.0004 m
[INFO] [1788511036.694073941] [mhe_node]: MHE mass estimate: 2.048 kg (T_phys=20.22N) | solve=8.9ms (max14.7)
[INFO] [1788511036.694484517] [mhe_node]: [truth] m_hat=2.0479 m_true=2.0643 err=-0.79% | c_hat=[+0.0000,+0.0000] c_true=[+0.0000,+0.0000] | Jxx_hat=0.01420 Jxx_true=0.01420 Jyz_hat=+0.00000 Jyz_true=+0.00000 | s_hat=[-0.0033,+0.0001] s_true=[+0.0000,+0.0000] kg·m
[INFO] [1788511036.694846236] [mhe_node]: [tau_phys] roll=-0.023 pitch=-0.056 Nm
[INFO] [1788511036.695270805] [mhe_node]: [mass-diag] m_est=2.0479 T=20.221N tilt=9.51deg cos=0.98625 | T/g=2.0612 T*cos/g=2.0329 | m_est-T*cos/g=+0.0151kg (+0.74%) vz=+0.127
[INFO] [1788511036.695667133] [mhe_node]: [c_xy_est] cx=-0.0017 cy=+0.0000 m
[INFO] [1788511038.695871308] [mhe_node]: MHE mass estimate: 2.044 kg (T_phys=19.98N) | solve=8.8ms (max19.3)
[INFO] [1788511038.696423924] [mhe_node]: [truth] m_hat=2.0440 m_true=2.0643 err=-0.98% | c_hat=[+0.0000,+0.0000] c_true=[+0.0000,+0.0000] | Jxx_hat=0.01420 Jxx_true=0.01420 Jyz_hat=+0.00000 Jyz_true=+0.00000 | s_hat=[-0.0035,+0.0004] s_true=[+0.0000,+0.0000] kg·m
[INFO] [1788511038.696943111] [mhe_node]: [tau_phys] roll=-0.008 pitch=-0.052 Nm
[INFO] [1788511038.697542245] [mhe_node]: [mass-diag] m_est=2.0440 T=19.981N tilt=4.88deg cos=0.99637 | T/g=2.0368 T*cos/g=2.0294 | m_est-T*cos/g=+0.0146kg (+0.72%) vz=-0.018
[INFO] [1788511038.698121105] [mhe_node]: [c_xy_est] cx=-0.0017 cy=+0.0002 m
[INFO] [1788511040.696903104] [mhe_node]: MHE mass estimate: 2.052 kg (T_phys=20.39N) | solve=7.0ms (max10.2)
[INFO] [1788511040.697602844] [mhe_node]: [truth] m_hat=2.0521 m_true=2.0643 err=-0.59% | c_hat=[+0.0000,+0.0000] c_true=[+0.0000,+0.0000] | Jxx_hat=0.01420 Jxx_true=0.01420 Jyz_hat=+0.00000 Jyz_true=+0.00000 | s_hat=[-0.0038,+0.0005] s_true=[+0.0000,+0.0000] kg·m
[INFO] [1788511040.698132197] [mhe_node]: [tau_phys] roll=-0.033 pitch=-0.027 Nm
[INFO] [1788511040.698727257] [mhe_node]: [mass-diag] m_est=2.0521 T=20.386N tilt=9.29deg cos=0.98689 | T/g=2.0780 T*cos/g=2.0508 | m_est-T*cos/g=+0.0013kg (+0.06%) vz=-0.122
[INFO] [1788511040.699308424] [mhe_node]: [c_xy_est] cx=-0.0018 cy=+0.0003 m
[INFO] [1788511042.695970249] [mhe_node]: MHE mass estimate: 2.045 kg (T_phys=20.02N) | solve=8.1ms (max12.7)
[INFO] [1788511042.696520925] [mhe_node]: [truth] m_hat=2.0452 m_true=2.0643 err=-0.93% | c_hat=[+0.0000,+0.0000] c_true=[+0.0000,+0.0000] | Jxx_hat=0.01420 Jxx_true=0.01420 Jyz_hat=+0.00000 Jyz_true=+0.00000 | s_hat=[-0.0033,+0.0003] s_true=[+0.0000,+0.0000] kg·m
[INFO] [1788511042.697037267] [mhe_node]: [tau_phys] roll=-0.000 pitch=-0.088 Nm
[INFO] [1788511042.697630158] [mhe_node]: [mass-diag] m_est=2.0452 T=20.017N tilt=9.04deg cos=0.98757 | T/g=2.0405 T*cos/g=2.0152 | m_est-T*cos/g=+0.0300kg (+1.49%) vz=-0.205
[INFO] [1788511042.698212770] [mhe_node]: [c_xy_est] cx=-0.0016 cy=+0.0001 m
[INFO] [1788511044.701419967] [mhe_node]: MHE mass estimate: 2.039 kg (T_phys=20.11N) | solve=7.3ms (max12.8)
[INFO] [1788511044.701969275] [mhe_node]: [truth] m_hat=2.0388 m_true=2.0643 err=-1.23% | c_hat=[+0.0000,+0.0000] c_true=[+0.0000,+0.0000] | Jxx_hat=0.01420 Jxx_true=0.01420 Jyz_hat=+0.00000 Jyz_true=+0.00000 | s_hat=[-0.0054,+0.0009] s_true=[+0.0000,+0.0000] kg·m
[INFO] [1788511044.702492607] [mhe_node]: [tau_phys] roll=+0.014 pitch=-0.054 Nm
[INFO] [1788511044.703098930] [mhe_node]: [mass-diag] m_est=2.0388 T=20.106N tilt=1.37deg cos=0.99971 | T/g=2.0496 T*cos/g=2.0490 | m_est-T*cos/g=-0.0102kg (-0.50%) vz=-0.230
[INFO] [1788511044.703682964] [mhe_node]: [c_xy_est] cx=-0.0026 cy=+0.0004 m
[INFO] [1788511046.694378406] [mhe_node]: MHE mass estimate: 2.050 kg (T_phys=20.59N) | solve=7.6ms (max14.9)
[INFO] [1788511046.694774367] [mhe_node]: [truth] m_hat=2.0500 m_true=2.0643 err=-0.69% | c_hat=[+0.0000,+0.0000] c_true=[+0.0000,+0.0000] | Jxx_hat=0.01420 Jxx_true=0.01420 Jyz_hat=+0.00000 Jyz_true=+0.00000 | s_hat=[-0.0048,+0.0010] s_true=[+0.0000,+0.0000] kg·m
[INFO] [1788511046.695136132] [mhe_node]: [tau_phys] roll=+0.035 pitch=-0.018 Nm
[INFO] [1788511046.695552305] [mhe_node]: [mass-diag] m_est=2.0500 T=20.585N tilt=8.71deg cos=0.98846 | T/g=2.0984 T*cos/g=2.0742 | m_est-T*cos/g=-0.0242kg (-1.17%) vz=-0.164
[INFO] [1788511046.695953099] [mhe_node]: [c_xy_est] cx=-0.0024 cy=+0.0005 m
[INFO] [1788511048.697183951] [mhe_node]: MHE mass estimate: 2.049 kg (T_phys=20.19N) | solve=8.4ms (max14.8)
[INFO] [1788511048.697736517] [mhe_node]: [truth] m_hat=2.0488 m_true=2.0643 err=-0.75% | c_hat=[+0.0000,+0.0000] c_true=[+0.0000,+0.0000] | Jxx_hat=0.01420 Jxx_true=0.01420 Jyz_hat=+0.00000 Jyz_true=+0.00000 | s_hat=[-0.0028,+0.0009] s_true=[+0.0000,+0.0000] kg·m
[INFO] [1788511048.698257127] [mhe_node]: [tau_phys] roll=+0.019 pitch=-0.063 Nm
[INFO] [1788511048.698847851] [mhe_node]: [mass-diag] m_est=2.0488 T=20.192N tilt=8.03deg cos=0.99020 | T/g=2.0583 T*cos/g=2.0381 | m_est-T*cos/g=+0.0107kg (+0.52%) vz=-0.065
[INFO] [1788511048.699429075] [mhe_node]: [c_xy_est] cx=-0.0013 cy=+0.0005 m
[INFO] [1788511050.693499375] [mhe_node]: MHE mass estimate: 2.049 kg (T_phys=20.38N) | solve=6.0ms (max8.0)
[INFO] [1788511050.693894291] [mhe_node]: [truth] m_hat=2.0492 m_true=2.0643 err=-0.73% | c_hat=[+0.0000,+0.0000] c_true=[+0.0000,+0.0000] | Jxx_hat=0.01420 Jxx_true=0.01420 Jyz_hat=+0.00000 Jyz_true=+0.00000 | s_hat=[-0.0038,+0.0009] s_true=[+0.0000,+0.0000] kg·m
[INFO] [1788511050.694255112] [mhe_node]: [tau_phys] roll=+0.021 pitch=-0.033 Nm
[INFO] [1788511050.694668005] [mhe_node]: [mass-diag] m_est=2.0492 T=20.382N tilt=5.25deg cos=0.99581 | T/g=2.0777 T*cos/g=2.0690 | m_est-T*cos/g=-0.0198kg (-0.96%) vz=+0.080
[INFO] [1788511050.695068020] [mhe_node]: [c_xy_est] cx=-0.0018 cy=+0.0004 m
[INFO] [1788511052.701520928] [mhe_node]: MHE mass estimate: 2.048 kg (T_phys=20.38N) | solve=8.7ms (max16.9)
[INFO] [1788511052.702075172] [mhe_node]: [truth] m_hat=2.0481 m_true=2.0643 err=-0.78% | c_hat=[+0.0000,+0.0000] c_true=[+0.0000,+0.0000] | Jxx_hat=0.01420 Jxx_true=0.01420 Jyz_hat=+0.00000 Jyz_true=+0.00000 | s_hat=[-0.0029,+0.0010] s_true=[+0.0000,+0.0000] kg·m
[INFO] [1788511052.702594041] [mhe_node]: [tau_phys] roll=+0.033 pitch=-0.065 Nm
[INFO] [1788511052.703190247] [mhe_node]: [mass-diag] m_est=2.0481 T=20.376N tilt=10.55deg cos=0.98311 | T/g=2.0770 T*cos/g=2.0419 | m_est-T*cos/g=+0.0062kg (+0.30%) vz=+0.187
[INFO] [1788511052.703773423] [mhe_node]: [c_xy_est] cx=-0.0015 cy=+0.0005 m
[INFO] [1788511054.698275440] [mhe_node]: MHE mass estimate: 2.037 kg (T_phys=19.97N) | solve=7.7ms (max16.0)
[INFO] [1788511054.698825041] [mhe_node]: [truth] m_hat=2.0368 m_true=2.0643 err=-1.33% | c_hat=[+0.0000,+0.0000] c_true=[+0.0000,+0.0000] | Jxx_hat=0.01420 Jxx_true=0.01420 Jyz_hat=+0.00000 Jyz_true=+0.00000 | s_hat=[-0.0040,+0.0011] s_true=[+0.0000,+0.0000] kg·m
[INFO] [1788511054.699344813] [mhe_node]: [tau_phys] roll=+0.012 pitch=-0.081 Nm
[INFO] [1788511054.699939985] [mhe_node]: [mass-diag] m_est=2.0368 T=19.970N tilt=5.41deg cos=0.99554 | T/g=2.0356 T*cos/g=2.0266 | m_est-T*cos/g=+0.0102kg (+0.51%) vz=+0.212
[INFO] [1788511054.700521006] [mhe_node]: [c_xy_est] cx=-0.0019 cy=+0.0006 m
[INFO] [1788511056.692695115] [mhe_node]: MHE mass estimate: 2.042 kg (T_phys=20.13N) | solve=7.5ms (max13.7)
[INFO] [1788511056.693091907] [mhe_node]: [truth] m_hat=2.0420 m_true=2.0643 err=-1.08% | c_hat=[+0.0000,+0.0000] c_true=[+0.0000,+0.0000] | Jxx_hat=0.01420 Jxx_true=0.01420 Jyz_hat=+0.00000 Jyz_true=+0.00000 | s_hat=[-0.0054,+0.0008] s_true=[+0.0000,+0.0000] kg·m
[INFO] [1788511056.693460276] [mhe_node]: [tau_phys] roll=-0.007 pitch=-0.038 Nm
[INFO] [1788511056.693874314] [mhe_node]: [mass-diag] m_est=2.0420 T=20.129N tilt=4.89deg cos=0.99635 | T/g=2.0519 T*cos/g=2.0444 | m_est-T*cos/g=-0.0024kg (-0.12%) vz=+0.208
[INFO] [1788511056.694275774] [mhe_node]: [c_xy_est] cx=-0.0026 cy=+0.0004 m
