[INFO] [1783940497.450575255] [mhe_node]: MHE node starting, building/loading solver...
Code reuse possible, skipping code generation.
acados was compiled without OpenMP.
[INFO] [1783940497.458592256] [mhe_node]: weight schedule theta = [-4.00, 0.00, 0.00, 0.00], signal mode = external
[INFO] [1783940497.463416174] [mhe_node]: MHE node initialized! Waiting for odometry + control data...
[INFO] [1783940530.581927264] [mhe_node]: MHE mass estimate: 1.999 kg (T_phys=20.34N)
[INFO] [1783940532.569347784] [mhe_node]: MHE mass estimate: 2.034 kg (T_phys=20.02N)
[INFO] [1783940534.584545724] [mhe_node]: MHE mass estimate: 2.028 kg (T_phys=20.18N)
[INFO] [1783940536.566097544] [mhe_node]: MHE mass estimate: 2.054 kg (T_phys=20.15N)
[INFO] [1783940538.569196660] [mhe_node]: MHE mass estimate: 2.053 kg (T_phys=20.28N)
[INFO] [1783940540.579523031] [mhe_node]: MHE mass estimate: 2.060 kg (T_phys=20.25N)
[INFO] [1783940542.577481154] [mhe_node]: MHE mass estimate: 2.055 kg (T_phys=20.32N)
[INFO] [1783940544.568621792] [mhe_node]: MHE mass estimate: 2.054 kg (T_phys=20.38N)
[INFO] [1783940546.581619483] [mhe_node]: MHE mass estimate: 2.057 kg (T_phys=20.27N)
[INFO] [1783940548.569014514] [mhe_node]: MHE mass estimate: 2.042 kg (T_phys=20.28N)
[INFO] [1783940550.575503185] [mhe_node]: MHE mass estimate: 2.059 kg (T_phys=20.19N)
[INFO] [1783940552.568723320] [mhe_node]: MHE mass estimate: 2.056 kg (T_phys=20.10N)
[INFO] [1783940554.579534524] [mhe_node]: MHE mass estimate: 2.044 kg (T_phys=20.07N)
[INFO] [1783940556.567898067] [mhe_node]: MHE mass estimate: 2.059 kg (T_phys=20.11N)
[INFO] [1783940556.575785501] [mhe_node]: mass event [drop (wrench)] received (trigger disabled, logging only)
[INFO] [1783940556.665979725] [mhe_node]: [post-event] m_est=2.059 kg (T_phys=20.11N)
[INFO] [1783940556.767102894] [mhe_node]: [post-event] m_est=2.058 kg (T_phys=20.11N)
[INFO] [1783940556.878572190] [mhe_node]: [post-event] m_est=2.057 kg (T_phys=20.08N)
[INFO] [1783940556.971764016] [mhe_node]: [post-event] m_est=2.056 kg (T_phys=20.06N)
[INFO] [1783940557.068450708] [mhe_node]: [post-event] m_est=2.056 kg (T_phys=20.05N)
[INFO] [1783940557.169435466] [mhe_node]: [post-event] m_est=2.055 kg (T_phys=20.06N)
[INFO] [1783940557.270265150] [mhe_node]: [post-event] m_est=2.054 kg (T_phys=20.08N)
[INFO] [1783940557.371295172] [mhe_node]: [post-event] m_est=2.054 kg (T_phys=20.12N)
[INFO] [1783940557.469180477] [mhe_node]: [post-event] m_est=2.054 kg (T_phys=20.13N)
[INFO] [1783940557.568088647] [mhe_node]: [post-event] m_est=2.054 kg (T_phys=20.18N)
[INFO] [1783940557.667789819] [mhe_node]: [post-event] m_est=2.049 kg (T_phys=18.06N)
[INFO] [1783940557.771266540] [mhe_node]: [post-event] m_est=2.035 kg (T_phys=14.75N)
[INFO] [1783940557.867413549] [mhe_node]: [post-event] m_est=2.014 kg (T_phys=12.23N)
[INFO] [1783940557.979381354] [mhe_node]: [post-event] m_est=1.985 kg (T_phys=10.47N)
[INFO] [1783940558.084110587] [mhe_node]: [post-event] m_est=1.950 kg (T_phys=9.76N)
[INFO] [1783940558.186102429] [mhe_node]: [post-event] m_est=1.910 kg (T_phys=10.03N)
[INFO] [1783940558.270664664] [mhe_node]: [post-event] m_est=1.865 kg (T_phys=10.41N)
[INFO] [1783940558.385634851] [mhe_node]: [post-event] m_est=1.818 kg (T_phys=11.05N)
[INFO] [1783940558.476146937] [mhe_node]: [post-event] m_est=1.768 kg (T_phys=11.59N)
[INFO] [1783940558.581176585] [mhe_node]: [post-event] m_est=1.716 kg (T_phys=11.97N)
[INFO] [1783940558.582532233] [mhe_node]: MHE mass estimate: 1.716 kg (T_phys=11.97N)
[INFO] [1783940558.688190583] [mhe_node]: [post-event] m_est=1.663 kg (T_phys=11.51N)
[INFO] [1783940558.773235560] [mhe_node]: [post-event] m_est=1.610 kg (T_phys=12.35N)
[INFO] [1783940558.876477552] [mhe_node]: [post-event] m_est=1.557 kg (T_phys=11.99N)
[INFO] [1783940558.973823042] [mhe_node]: [post-event] m_est=1.505 kg (T_phys=12.04N)
[INFO] [1783940559.071624460] [mhe_node]: [post-event] m_est=1.457 kg (T_phys=12.63N)
[INFO] [1783940559.169512444] [mhe_node]: [post-event] m_est=1.412 kg (T_phys=12.67N)
[INFO] [1783940559.283357367] [mhe_node]: [post-event] m_est=1.373 kg (T_phys=12.61N)
[INFO] [1783940559.369306452] [mhe_node]: [post-event] m_est=1.340 kg (T_phys=12.18N)
[INFO] [1783940559.474091547] [mhe_node]: [post-event] m_est=1.316 kg (T_phys=12.22N)
[INFO] [1783940559.583441377] [mhe_node]: [post-event] m_est=1.300 kg (T_phys=12.35N)
[INFO] [1783940559.668733878] [mhe_node]: [post-event] m_est=1.290 kg (T_phys=12.55N)
[INFO] [1783940559.779094606] [mhe_node]: [post-event] m_est=1.285 kg (T_phys=13.00N)
[INFO] [1783940559.868481133] [mhe_node]: [post-event] m_est=1.283 kg (T_phys=13.16N)
[INFO] [1783940559.971885397] [mhe_node]: [post-event] m_est=1.283 kg (T_phys=13.27N)
[INFO] [1783940560.073513332] [mhe_node]: [post-event] m_est=1.284 kg (T_phys=13.29N)
[INFO] [1783940560.176740725] [mhe_node]: [post-event] m_est=1.285 kg (T_phys=13.31N)
[INFO] [1783940560.278894280] [mhe_node]: [post-event] m_est=1.286 kg (T_phys=13.28N)
[INFO] [1783940560.368355555] [mhe_node]: [post-event] m_est=1.286 kg (T_phys=13.19N)
[INFO] [1783940560.468012367] [mhe_node]: [post-event] m_est=1.286 kg (T_phys=13.05N)
[INFO] [1783940560.565936854] [mhe_node]: [post-event] m_est=1.286 kg (T_phys=12.90N)
[INFO] [1783940560.566351435] [mhe_node]: MHE mass estimate: 1.286 kg (T_phys=12.90N)
[INFO] [1783940560.667999020] [mhe_node]: [post-event] m_est=1.286 kg (T_phys=12.76N)
[INFO] [1783940560.778945654] [mhe_node]: [post-event] m_est=1.286 kg (T_phys=12.64N)
[INFO] [1783940560.877526134] [mhe_node]: [post-event] m_est=1.286 kg (T_phys=12.56N)
[INFO] [1783940560.978637828] [mhe_node]: [post-event] m_est=1.286 kg (T_phys=12.47N)
[INFO] [1783940561.078690490] [mhe_node]: [post-event] m_est=1.286 kg (T_phys=12.40N)
[INFO] [1783940561.167620211] [mhe_node]: [post-event] m_est=1.285 kg (T_phys=12.42N)
[INFO] [1783940561.268162978] [mhe_node]: [post-event] m_est=1.285 kg (T_phys=12.44N)
[INFO] [1783940561.367477073] [mhe_node]: [post-event] m_est=1.284 kg (T_phys=12.46N)
[INFO] [1783940561.468001723] [mhe_node]: [post-event] m_est=1.284 kg (T_phys=12.44N)
[INFO] [1783940561.567981798] [mhe_node]: [post-event] m_est=1.283 kg (T_phys=12.46N)
[INFO] [1783940561.678606109] [mhe_node]: [post-event] m_est=1.282 kg (T_phys=12.46N)
[INFO] [1783940561.778499469] [mhe_node]: [post-event] m_est=1.280 kg (T_phys=12.38N)
[INFO] [1783940561.866006792] [mhe_node]: [post-event] m_est=1.278 kg (T_phys=12.38N)
[INFO] [1783940561.967088956] [mhe_node]: [post-event] m_est=1.276 kg (T_phys=12.45N)
[INFO] [1783940562.073240700] [mhe_node]: [post-event] m_est=1.274 kg (T_phys=12.46N)
[INFO] [1783940562.168036939] [mhe_node]: [post-event] m_est=1.272 kg (T_phys=12.47N)
[INFO] [1783940562.278602758] [mhe_node]: [post-event] m_est=1.271 kg (T_phys=12.44N)
[INFO] [1783940562.367970576] [mhe_node]: [post-event] m_est=1.269 kg (T_phys=12.49N)
[INFO] [1783940562.468012657] [mhe_node]: [post-event] m_est=1.268 kg (T_phys=12.51N)
[INFO] [1783940562.576808619] [mhe_node]: [post-event] m_est=1.267 kg (T_phys=12.53N)
[INFO] [1783940562.578651520] [mhe_node]: MHE mass estimate: 1.267 kg (T_phys=12.53N)
[INFO] [1783940562.677279147] [mhe_node]: [post-event] m_est=1.266 kg (T_phys=12.52N)
[INFO] [1783940562.768374070] [mhe_node]: [post-event] m_est=1.266 kg (T_phys=12.50N)
[INFO] [1783940562.878488419] [mhe_node]: [post-event] m_est=1.265 kg (T_phys=12.49N)
[INFO] [1783940562.978682741] [mhe_node]: [post-event] m_est=1.265 kg (T_phys=12.46N)
[INFO] [1783940563.076850731] [mhe_node]: [post-event] m_est=1.264 kg (T_phys=12.44N)
[INFO] [1783940563.167940233] [mhe_node]: [post-event] m_est=1.264 kg (T_phys=12.42N)
[INFO] [1783940563.267662131] [mhe_node]: [post-event] m_est=1.264 kg (T_phys=12.41N)
[INFO] [1783940563.379109647] [mhe_node]: [post-event] m_est=1.263 kg (T_phys=12.42N)
[INFO] [1783940563.478671442] [mhe_node]: [post-event] m_est=1.263 kg (T_phys=12.43N)
[INFO] [1783940563.568178940] [mhe_node]: [post-event] m_est=1.263 kg (T_phys=12.51N)
[INFO] [1783940564.569347775] [mhe_node]: MHE mass estimate: 1.247 kg (T_phys=12.29N)
[INFO] [1783940566.569172721] [mhe_node]: MHE mass estimate: 1.261 kg (T_phys=12.49N)
[INFO] [1783940568.570099350] [mhe_node]: MHE mass estimate: 1.257 kg (T_phys=12.51N)
[INFO] [1783940570.568775897] [mhe_node]: MHE mass estimate: 1.257 kg (T_phys=12.43N)
[ros2run]: Killed
