[INFO] [1785138108.470817074] [mhe_node]: MHE node starting, building/loading solver...
Code reuse possible, skipping code generation.
acados was compiled without OpenMP.
[INFO] [1785138108.479935687] [mhe_node]: weight schedule theta = [-4.00, 0.00, 0.00, 0.00], signal mode = residual (residual self-trigger: thresh=1.5N persist=2 baseline_tau=3.0s)
[INFO] [1785138108.485502418] [mhe_node]: MHE node initialized! Waiting for odometry + control data...
[INFO] [1785138140.785758293] [mhe_node]: [geom] payload_attached=False -> dJ=0.0000 c_xy=[+0.0000,+0.0000]
[INFO] [1785138141.285626225] [mhe_node]: [no-signal] baseline settled at 20.14N (quiet 20 frames); detector armed
[INFO] [1785138142.692269892] [mhe_node]: MHE mass estimate: 2.015 kg (T_phys=20.39N)
[INFO] [1785138142.692993785] [mhe_node]: [tau_phys] roll=-0.005 pitch=-0.000 Nm
[INFO] [1785138144.691485162] [mhe_node]: MHE mass estimate: 2.039 kg (T_phys=19.96N)
[INFO] [1785138144.692196607] [mhe_node]: [tau_phys] roll=-0.001 pitch=-0.001 Nm
[INFO] [1785138146.691961332] [mhe_node]: MHE mass estimate: 2.038 kg (T_phys=20.25N)
[INFO] [1785138146.692643738] [mhe_node]: [tau_phys] roll=-0.001 pitch=+0.002 Nm
[INFO] [1785138148.085501854] [mhe_node]: [no-signal] mass mutation self-detected at frame 92: T_phys=22.09N vs baseline 20.20N (dev 1.89N > 1.5N over 2 frames); de-weighting pre-event stages
[INFO] [1785138148.086557601] [mhe_node]: event transition started: pre-event stages de-weighted
[INFO] [1785138148.689901132] [mhe_node]: MHE mass estimate: 2.177 kg (T_phys=21.55N)
[INFO] [1785138148.690576899] [mhe_node]: [tau_phys] roll=-0.003 pitch=+0.004 Nm
[INFO] [1785138149.987003845] [mhe_node]: event transition ended: nominal weights restored
[INFO] [1785138150.692161963] [mhe_node]: MHE mass estimate: 2.204 kg (T_phys=21.67N)
[INFO] [1785138150.692810195] [mhe_node]: [tau_phys] roll=-0.001 pitch=+0.005 Nm
[INFO] [1785138152.085571145] [mhe_node]: [no-signal] baseline settled at 21.64N (quiet 20 frames); detector armed
[INFO] [1785138152.690175656] [mhe_node]: MHE mass estimate: 2.213 kg (T_phys=21.73N)
[INFO] [1785138152.690793261] [mhe_node]: [tau_phys] roll=-0.000 pitch=-0.001 Nm
[INFO] [1785138154.688241511] [mhe_node]: MHE mass estimate: 2.209 kg (T_phys=21.87N)
[INFO] [1785138154.688660409] [mhe_node]: [tau_phys] roll=+0.001 pitch=-0.005 Nm
[INFO] [1785138156.691067436] [mhe_node]: MHE mass estimate: 2.209 kg (T_phys=21.86N)
[INFO] [1785138156.691858739] [mhe_node]: [tau_phys] roll=-0.002 pitch=-0.004 Nm
[INFO] [1785138158.690554287] [mhe_node]: MHE mass estimate: 2.209 kg (T_phys=21.76N)
[INFO] [1785138158.691310782] [mhe_node]: [tau_phys] roll=-0.002 pitch=-0.003 Nm
[INFO] [1785138160.690980919] [mhe_node]: MHE mass estimate: 2.199 kg (T_phys=21.78N)
[INFO] [1785138160.691705619] [mhe_node]: [tau_phys] roll=+0.001 pitch=+0.008 Nm
[INFO] [1785138162.689414193] [mhe_node]: MHE mass estimate: 2.211 kg (T_phys=21.69N)
[INFO] [1785138162.690091142] [mhe_node]: [tau_phys] roll=+0.001 pitch=+0.007 Nm
[INFO] [1785138164.690262990] [mhe_node]: MHE mass estimate: 2.209 kg (T_phys=21.60N)
[INFO] [1785138164.690985759] [mhe_node]: [tau_phys] roll=+0.002 pitch=+0.007 Nm
[INFO] [1785138166.691037443] [mhe_node]: MHE mass estimate: 2.203 kg (T_phys=21.62N)
[INFO] [1785138166.691712543] [mhe_node]: [tau_phys] roll=+0.003 pitch=+0.002 Nm
[INFO] [1785138168.690211831] [mhe_node]: MHE mass estimate: 2.213 kg (T_phys=21.65N)
[INFO] [1785138168.690903608] [mhe_node]: [tau_phys] roll=+0.001 pitch=+0.005 Nm
[INFO] [1785138168.737616815] [mhe_node]: mass event [drop] received (no-signal ablation: external signal ignored for triggering, logging only; detection deferred to T_phys residual)
[INFO] [1785138168.788788670] [mhe_node]: [post-event] m_est=2.213 kg (T_phys=21.64N)
[INFO] [1785138168.889262061] [mhe_node]: [post-event] m_est=2.213 kg (T_phys=21.61N)
[INFO] [1785138168.989859365] [mhe_node]: [post-event] m_est=2.212 kg (T_phys=21.61N)
[INFO] [1785138169.088087886] [mhe_node]: [post-event] m_est=2.212 kg (T_phys=21.55N)
[INFO] [1785138169.189968545] [mhe_node]: [post-event] m_est=2.211 kg (T_phys=21.57N)
[INFO] [1785138169.290546638] [mhe_node]: [post-event] m_est=2.210 kg (T_phys=21.58N)
[INFO] [1785138169.388130039] [mhe_node]: [post-event] m_est=2.210 kg (T_phys=21.55N)
[INFO] [1785138169.490169784] [mhe_node]: [post-event] m_est=2.210 kg (T_phys=21.58N)
[INFO] [1785138169.590050667] [mhe_node]: [post-event] m_est=2.209 kg (T_phys=21.65N)
[INFO] [1785138169.690310935] [mhe_node]: [post-event] m_est=2.209 kg (T_phys=21.66N)
[INFO] [1785138169.790202214] [mhe_node]: [post-event] m_est=2.209 kg (T_phys=21.64N)
[INFO] [1785138169.889718145] [mhe_node]: [post-event] m_est=2.208 kg (T_phys=21.64N)
[INFO] [1785138169.991439100] [mhe_node]: [post-event] m_est=2.208 kg (T_phys=21.72N)
[INFO] [1785138170.090881951] [mhe_node]: [post-event] m_est=2.207 kg (T_phys=21.71N)
[INFO] [1785138170.190631243] [mhe_node]: [post-event] m_est=2.206 kg (T_phys=21.72N)
[INFO] [1785138170.290812766] [mhe_node]: [post-event] m_est=2.205 kg (T_phys=21.67N)
[INFO] [1785138170.390708687] [mhe_node]: [post-event] m_est=2.204 kg (T_phys=21.71N)
[INFO] [1785138170.491700664] [mhe_node]: [post-event] m_est=2.204 kg (T_phys=21.71N)
[INFO] [1785138170.590756720] [mhe_node]: [post-event] m_est=2.203 kg (T_phys=21.68N)
[INFO] [1785138170.690811143] [mhe_node]: [post-event] m_est=2.202 kg (T_phys=21.68N)
[INFO] [1785138170.691573465] [mhe_node]: MHE mass estimate: 2.202 kg (T_phys=21.68N)
[INFO] [1785138170.692194826] [mhe_node]: [tau_phys] roll=+0.001 pitch=+0.008 Nm
[INFO] [1785138170.790542062] [mhe_node]: [post-event] m_est=2.201 kg (T_phys=21.66N)
[INFO] [1785138170.890779582] [mhe_node]: [post-event] m_est=2.201 kg (T_phys=21.67N)
[INFO] [1785138170.990253194] [mhe_node]: [post-event] m_est=2.201 kg (T_phys=21.66N)
[INFO] [1785138171.088544794] [mhe_node]: [post-event] m_est=2.201 kg (T_phys=21.69N)
[INFO] [1785138171.189001842] [mhe_node]: [post-event] m_est=2.202 kg (T_phys=21.70N)
[INFO] [1785138171.290791159] [mhe_node]: [post-event] m_est=2.203 kg (T_phys=21.69N)
[INFO] [1785138171.390712860] [mhe_node]: [post-event] m_est=2.204 kg (T_phys=21.70N)
[INFO] [1785138171.490526802] [mhe_node]: [post-event] m_est=2.205 kg (T_phys=21.67N)
[INFO] [1785138171.590850146] [mhe_node]: [post-event] m_est=2.207 kg (T_phys=21.72N)
[INFO] [1785138171.687392407] [mhe_node]: [post-event] m_est=2.208 kg (T_phys=21.70N)
[INFO] [1785138171.789478544] [mhe_node]: [post-event] m_est=2.209 kg (T_phys=21.70N)
[INFO] [1785138171.890205162] [mhe_node]: [post-event] m_est=2.210 kg (T_phys=21.70N)
[INFO] [1785138171.990396442] [mhe_node]: [post-event] m_est=2.210 kg (T_phys=21.65N)
[INFO] [1785138172.089892799] [mhe_node]: [post-event] m_est=2.211 kg (T_phys=21.64N)
[INFO] [1785138172.190307812] [mhe_node]: [post-event] m_est=2.211 kg (T_phys=21.68N)
[INFO] [1785138172.289117114] [mhe_node]: [post-event] m_est=2.211 kg (T_phys=21.72N)
[INFO] [1785138172.389307225] [mhe_node]: [post-event] m_est=2.212 kg (T_phys=21.74N)
[INFO] [1785138172.489297980] [mhe_node]: [post-event] m_est=2.212 kg (T_phys=21.74N)
[INFO] [1785138172.589037704] [mhe_node]: [post-event] m_est=2.212 kg (T_phys=21.73N)
[INFO] [1785138172.689453744] [mhe_node]: [post-event] m_est=2.213 kg (T_phys=21.75N)
[INFO] [1785138172.690188745] [mhe_node]: MHE mass estimate: 2.213 kg (T_phys=21.75N)
[INFO] [1785138172.690822207] [mhe_node]: [tau_phys] roll=+0.001 pitch=-0.001 Nm
[INFO] [1785138172.789285296] [mhe_node]: [post-event] m_est=2.213 kg (T_phys=21.80N)
[INFO] [1785138172.889219013] [mhe_node]: [post-event] m_est=2.213 kg (T_phys=21.81N)
[INFO] [1785138172.989219165] [mhe_node]: [post-event] m_est=2.214 kg (T_phys=21.82N)
[INFO] [1785138173.087764243] [mhe_node]: [post-event] m_est=2.214 kg (T_phys=21.83N)
[INFO] [1785138173.189651936] [mhe_node]: [post-event] m_est=2.215 kg (T_phys=21.80N)
[INFO] [1785138173.289415113] [mhe_node]: [post-event] m_est=2.215 kg (T_phys=21.70N)
[INFO] [1785138173.388996001] [mhe_node]: [post-event] m_est=2.215 kg (T_phys=21.72N)
[INFO] [1785138173.489114630] [mhe_node]: [post-event] m_est=2.215 kg (T_phys=21.65N)
[INFO] [1785138173.590561971] [mhe_node]: [post-event] m_est=2.214 kg (T_phys=21.68N)
[INFO] [1785138173.690001844] [mhe_node]: [post-event] m_est=2.214 kg (T_phys=21.69N)
[INFO] [1785138173.788083972] [mhe_node]: [post-event] m_est=2.214 kg (T_phys=21.68N)
[INFO] [1785138173.890407573] [mhe_node]: [post-event] m_est=2.213 kg (T_phys=21.70N)
[INFO] [1785138173.990475271] [mhe_node]: [post-event] m_est=2.213 kg (T_phys=21.76N)
[INFO] [1785138174.089543508] [mhe_node]: [post-event] m_est=2.213 kg (T_phys=21.77N)
[INFO] [1785138174.190087297] [mhe_node]: [post-event] m_est=2.213 kg (T_phys=21.74N)
[INFO] [1785138174.289814133] [mhe_node]: [post-event] m_est=2.212 kg (T_phys=21.78N)
[INFO] [1785138174.389960122] [mhe_node]: [post-event] m_est=2.212 kg (T_phys=21.75N)
[INFO] [1785138174.490035437] [mhe_node]: [post-event] m_est=2.212 kg (T_phys=21.77N)
[INFO] [1785138174.590252406] [mhe_node]: [post-event] m_est=2.212 kg (T_phys=21.79N)
[INFO] [1785138174.689939964] [mhe_node]: [post-event] m_est=2.211 kg (T_phys=21.75N)
[INFO] [1785138174.690647757] [mhe_node]: MHE mass estimate: 2.211 kg (T_phys=21.75N)
[INFO] [1785138174.691217963] [mhe_node]: [tau_phys] roll=+0.001 pitch=+0.001 Nm
[INFO] [1785138174.788883847] [mhe_node]: [post-event] m_est=2.211 kg (T_phys=21.74N)
[INFO] [1785138174.890085521] [mhe_node]: [post-event] m_est=2.211 kg (T_phys=21.76N)
[INFO] [1785138174.988676660] [mhe_node]: [post-event] m_est=2.210 kg (T_phys=21.73N)
[INFO] [1785138175.090138618] [mhe_node]: [post-event] m_est=2.210 kg (T_phys=21.67N)
[INFO] [1785138175.189882979] [mhe_node]: [post-event] m_est=2.209 kg (T_phys=21.69N)
[INFO] [1785138175.289666500] [mhe_node]: [post-event] m_est=2.208 kg (T_phys=21.65N)
[INFO] [1785138175.390023427] [mhe_node]: [post-event] m_est=2.208 kg (T_phys=21.71N)
[INFO] [1785138175.490283177] [mhe_node]: [post-event] m_est=2.208 kg (T_phys=21.74N)
[INFO] [1785138175.590269478] [mhe_node]: [post-event] m_est=2.208 kg (T_phys=21.75N)
[INFO] [1785138175.690229253] [mhe_node]: [post-event] m_est=2.207 kg (T_phys=21.79N)
[INFO] [1785138176.691287325] [mhe_node]: MHE mass estimate: 2.201 kg (T_phys=21.88N)
[INFO] [1785138176.692058267] [mhe_node]: [tau_phys] roll=+0.002 pitch=+0.003 Nm
[INFO] [1785138178.690204189] [mhe_node]: MHE mass estimate: 2.211 kg (T_phys=21.80N)
[INFO] [1785138178.690903224] [mhe_node]: [tau_phys] roll=-0.003 pitch=+0.004 Nm
[INFO] [1785138180.690197740] [mhe_node]: MHE mass estimate: 2.205 kg (T_phys=21.70N)
[INFO] [1785138180.690803429] [mhe_node]: [tau_phys] roll=+0.007 pitch=+0.005 Nm
[INFO] [1785138182.688268357] [mhe_node]: MHE mass estimate: 2.212 kg (T_phys=21.75N)
[INFO] [1785138182.688675000] [mhe_node]: [tau_phys] roll=-0.000 pitch=+0.003 Nm
[ros2run]: Killed
