[INFO] [1783066804.967848897] [mhe_node]: MHE node starting, building/loading solver...
Code reuse possible, skipping code generation.
acados was compiled without OpenMP.
[INFO] [1783066804.984975739] [mhe_node]: MHE node initialized! Waiting for odometry + control data...
[INFO] [1783066838.005295657] [mhe_node]: MHE mass estimate: 1.986 kg (T_phys=20.55N)
[INFO] [1783066839.999432157] [mhe_node]: MHE mass estimate: 2.025 kg (T_phys=20.11N)
[INFO] [1783066842.004645203] [mhe_node]: MHE mass estimate: 2.022 kg (T_phys=20.28N)
[INFO] [1783066843.988530460] [mhe_node]: MHE mass estimate: 2.055 kg (T_phys=20.24N)
[INFO] [1783066846.000414262] [mhe_node]: MHE mass estimate: 2.051 kg (T_phys=20.28N)
[INFO] [1783066847.996421841] [mhe_node]: MHE mass estimate: 2.060 kg (T_phys=20.28N)
[INFO] [1783066850.000000488] [mhe_node]: MHE mass estimate: 2.053 kg (T_phys=20.35N)
[INFO] [1783066852.000557321] [mhe_node]: MHE mass estimate: 2.053 kg (T_phys=20.44N)
[INFO] [1783066854.000076812] [mhe_node]: MHE mass estimate: 2.055 kg (T_phys=20.27N)
[INFO] [1783066856.000341629] [mhe_node]: MHE mass estimate: 2.037 kg (T_phys=20.32N)
[INFO] [1783066857.997703459] [mhe_node]: MHE mass estimate: 2.059 kg (T_phys=20.16N)
[INFO] [1783066859.998312976] [mhe_node]: MHE mass estimate: 2.054 kg (T_phys=20.08N)
[INFO] [1783066862.002475836] [mhe_node]: MHE mass estimate: 2.043 kg (T_phys=20.16N)
[INFO] [1783066863.999779120] [mhe_node]: MHE mass estimate: 2.059 kg (T_phys=20.04N)
[INFO] [1783066864.079098697] [mhe_node]: mass event [drop (wrench)] received (trigger disabled, logging only)
[INFO] [1783066864.090500218] [mhe_node]: [post-event] m_est=2.058 kg (T_phys=20.08N)
[INFO] [1783066864.190068394] [mhe_node]: [post-event] m_est=2.057 kg (T_phys=20.18N)
[INFO] [1783066864.296676271] [mhe_node]: [post-event] m_est=2.056 kg (T_phys=20.17N)
[INFO] [1783066864.392067686] [mhe_node]: [post-event] m_est=2.055 kg (T_phys=20.13N)
[INFO] [1783066864.493354204] [mhe_node]: [post-event] m_est=2.054 kg (T_phys=20.11N)
[INFO] [1783066864.595682319] [mhe_node]: [post-event] m_est=2.054 kg (T_phys=20.09N)
[INFO] [1783066864.698891525] [mhe_node]: [post-event] m_est=2.053 kg (T_phys=20.07N)
[INFO] [1783066864.789741978] [mhe_node]: [post-event] m_est=2.053 kg (T_phys=20.07N)
[INFO] [1783066864.898119225] [mhe_node]: [post-event] m_est=2.052 kg (T_phys=20.09N)
[INFO] [1783066864.989985198] [mhe_node]: [post-event] m_est=2.052 kg (T_phys=20.09N)
[INFO] [1783066865.098020104] [mhe_node]: [post-event] m_est=2.052 kg (T_phys=18.94N)
[INFO] [1783066865.200540335] [mhe_node]: [post-event] m_est=2.047 kg (T_phys=16.35N)
[INFO] [1783066865.299947854] [mhe_node]: [post-event] m_est=2.037 kg (T_phys=14.24N)
[INFO] [1783066865.399924473] [mhe_node]: [post-event] m_est=2.019 kg (T_phys=12.82N)
[INFO] [1783066865.494588055] [mhe_node]: [post-event] m_est=1.995 kg (T_phys=12.82N)
[INFO] [1783066865.602082379] [mhe_node]: [post-event] m_est=1.965 kg (T_phys=12.33N)
[INFO] [1783066865.691596707] [mhe_node]: [post-event] m_est=1.931 kg (T_phys=12.60N)
[INFO] [1783066865.791503502] [mhe_node]: [post-event] m_est=1.895 kg (T_phys=13.21N)
[INFO] [1783066865.903066545] [mhe_node]: [post-event] m_est=1.855 kg (T_phys=13.98N)
[INFO] [1783066866.013437531] [mhe_node]: [post-event] m_est=1.814 kg (T_phys=14.98N)
[INFO] [1783066866.014550029] [mhe_node]: MHE mass estimate: 1.814 kg (T_phys=14.98N)
[INFO] [1783066866.116788362] [mhe_node]: [post-event] m_est=1.772 kg (T_phys=15.10N)
[INFO] [1783066866.214206131] [mhe_node]: [post-event] m_est=1.730 kg (T_phys=15.14N)
[INFO] [1783066866.302178706] [mhe_node]: [post-event] m_est=1.690 kg (T_phys=15.08N)
[INFO] [1783066866.404857356] [mhe_node]: [post-event] m_est=1.652 kg (T_phys=15.10N)
[INFO] [1783066866.502292262] [mhe_node]: [post-event] m_est=1.617 kg (T_phys=15.08N)
[INFO] [1783066866.604412891] [mhe_node]: [post-event] m_est=1.587 kg (T_phys=15.14N)
[INFO] [1783066866.702046057] [mhe_node]: [post-event] m_est=1.562 kg (T_phys=15.19N)
[INFO] [1783066866.788133374] [mhe_node]: [post-event] m_est=1.543 kg (T_phys=15.34N)
[INFO] [1783066866.893193358] [mhe_node]: [post-event] m_est=1.530 kg (T_phys=15.51N)
[INFO] [1783066867.001996149] [mhe_node]: [post-event] m_est=1.524 kg (T_phys=15.64N)
[INFO] [1783066867.101908498] [mhe_node]: [post-event] m_est=1.526 kg (T_phys=15.79N)
[INFO] [1783066867.192112185] [mhe_node]: [post-event] m_est=1.531 kg (T_phys=15.79N)
[INFO] [1783066867.301771643] [mhe_node]: [post-event] m_est=1.538 kg (T_phys=15.92N)
[INFO] [1783066867.400455863] [mhe_node]: [post-event] m_est=1.545 kg (T_phys=16.09N)
[INFO] [1783066867.496995316] [mhe_node]: [post-event] m_est=1.551 kg (T_phys=15.98N)
[INFO] [1783066867.600243474] [mhe_node]: [post-event] m_est=1.556 kg (T_phys=15.81N)
[INFO] [1783066867.699890916] [mhe_node]: [post-event] m_est=1.560 kg (T_phys=15.61N)
[INFO] [1783066867.788918112] [mhe_node]: [post-event] m_est=1.563 kg (T_phys=15.44N)
[INFO] [1783066867.889189055] [mhe_node]: [post-event] m_est=1.565 kg (T_phys=15.31N)
[INFO] [1783066867.990372398] [mhe_node]: [post-event] m_est=1.566 kg (T_phys=15.24N)
[INFO] [1783066867.991119033] [mhe_node]: MHE mass estimate: 1.566 kg (T_phys=15.24N)
[INFO] [1783066868.097971837] [mhe_node]: [post-event] m_est=1.567 kg (T_phys=15.21N)
[INFO] [1783066868.189508639] [mhe_node]: [post-event] m_est=1.567 kg (T_phys=15.22N)
[INFO] [1783066868.290342485] [mhe_node]: [post-event] m_est=1.568 kg (T_phys=15.23N)
[INFO] [1783066868.395937385] [mhe_node]: [post-event] m_est=1.568 kg (T_phys=15.25N)
[INFO] [1783066868.496995786] [mhe_node]: [post-event] m_est=1.567 kg (T_phys=15.27N)
[INFO] [1783066868.597943011] [mhe_node]: [post-event] m_est=1.567 kg (T_phys=15.28N)
[INFO] [1783066868.697526461] [mhe_node]: [post-event] m_est=1.566 kg (T_phys=15.27N)
[INFO] [1783066868.791455700] [mhe_node]: [post-event] m_est=1.565 kg (T_phys=15.27N)
[INFO] [1783066868.897765220] [mhe_node]: [post-event] m_est=1.564 kg (T_phys=15.29N)
[INFO] [1783066868.989742436] [mhe_node]: [post-event] m_est=1.563 kg (T_phys=15.29N)
[INFO] [1783066869.097637736] [mhe_node]: [post-event] m_est=1.562 kg (T_phys=15.32N)
[INFO] [1783066869.199744945] [mhe_node]: [post-event] m_est=1.561 kg (T_phys=15.33N)
[INFO] [1783066869.299483362] [mhe_node]: [post-event] m_est=1.560 kg (T_phys=15.36N)
[INFO] [1783066869.397253232] [mhe_node]: [post-event] m_est=1.560 kg (T_phys=15.40N)
[INFO] [1783066869.489719429] [mhe_node]: [post-event] m_est=1.559 kg (T_phys=15.51N)
[INFO] [1783066869.590396031] [mhe_node]: [post-event] m_est=1.559 kg (T_phys=15.50N)
[INFO] [1783066869.687366427] [mhe_node]: [post-event] m_est=1.559 kg (T_phys=15.47N)
[INFO] [1783066869.799863307] [mhe_node]: [post-event] m_est=1.560 kg (T_phys=15.44N)
[INFO] [1783066869.897882955] [mhe_node]: [post-event] m_est=1.560 kg (T_phys=15.46N)
[INFO] [1783066869.997829155] [mhe_node]: [post-event] m_est=1.560 kg (T_phys=15.41N)
[INFO] [1783066869.999408678] [mhe_node]: MHE mass estimate: 1.560 kg (T_phys=15.41N)
[INFO] [1783066870.098616594] [mhe_node]: [post-event] m_est=1.560 kg (T_phys=15.38N)
[INFO] [1783066870.199778537] [mhe_node]: [post-event] m_est=1.560 kg (T_phys=15.35N)
[INFO] [1783066870.298719738] [mhe_node]: [post-event] m_est=1.559 kg (T_phys=15.33N)
[INFO] [1783066870.391906348] [mhe_node]: [post-event] m_est=1.559 kg (T_phys=15.30N)
[INFO] [1783066870.499851593] [mhe_node]: [post-event] m_est=1.558 kg (T_phys=15.26N)
[INFO] [1783066870.600306228] [mhe_node]: [post-event] m_est=1.558 kg (T_phys=15.26N)
[INFO] [1783066870.697929080] [mhe_node]: [post-event] m_est=1.557 kg (T_phys=15.25N)
[INFO] [1783066870.798005413] [mhe_node]: [post-event] m_est=1.556 kg (T_phys=15.26N)
[INFO] [1783066870.897965487] [mhe_node]: [post-event] m_est=1.556 kg (T_phys=15.30N)
[INFO] [1783066870.998261380] [mhe_node]: [post-event] m_est=1.555 kg (T_phys=15.31N)
[INFO] [1783066872.007596021] [mhe_node]: MHE mass estimate: 1.541 kg (T_phys=15.38N)
[INFO] [1783066873.998192325] [mhe_node]: MHE mass estimate: 1.561 kg (T_phys=15.39N)
[INFO] [1783066875.995105395] [mhe_node]: MHE mass estimate: 1.553 kg (T_phys=15.39N)
[INFO] [1783066877.990057142] [mhe_node]: MHE mass estimate: 1.560 kg (T_phys=15.41N)
[INFO] [1783066879.998157342] [mhe_node]: MHE mass estimate: 1.559 kg (T_phys=15.33N)
[INFO] [1783066881.991122619] [mhe_node]: MHE mass estimate: 1.548 kg (T_phys=15.21N)
[INFO] [1783066883.994179011] [mhe_node]: MHE mass estimate: 1.555 kg (T_phys=15.29N)
[INFO] [1783066886.000058490] [mhe_node]: MHE mass estimate: 1.555 kg (T_phys=15.27N)
[INFO] [1783066887.994802821] [mhe_node]: MHE mass estimate: 1.549 kg (T_phys=15.44N)
[INFO] [1783066889.995871484] [mhe_node]: MHE mass estimate: 1.563 kg (T_phys=15.36N)
[INFO] [1783066891.999921279] [mhe_node]: MHE mass estimate: 1.555 kg (T_phys=15.41N)
[INFO] [1783066894.002492898] [mhe_node]: MHE mass estimate: 1.553 kg (T_phys=15.53N)
[INFO] [1783066895.989839772] [mhe_node]: MHE mass estimate: 1.558 kg (T_phys=15.24N)
[INFO] [1783066898.002777819] [mhe_node]: MHE mass estimate: 1.537 kg (T_phys=15.43N)
[INFO] [1783066899.994437483] [mhe_node]: MHE mass estimate: 1.561 kg (T_phys=15.41N)
[INFO] [1783066902.000093024] [mhe_node]: MHE mass estimate: 1.553 kg (T_phys=15.08N)
[INFO] [1783066903.991421087] [mhe_node]: MHE mass estimate: 1.536 kg (T_phys=15.35N)
[INFO] [1783066905.989619260] [mhe_node]: MHE mass estimate: 1.559 kg (T_phys=15.32N)
[INFO] [1783066907.992403784] [mhe_node]: MHE mass estimate: 1.538 kg (T_phys=15.17N)
[INFO] [1783066909.998410834] [mhe_node]: MHE mass estimate: 1.562 kg (T_phys=15.33N)
[INFO] [1783066912.000183726] [mhe_node]: MHE mass estimate: 1.559 kg (T_phys=15.42N)
[INFO] [1783066913.989702754] [mhe_node]: MHE mass estimate: 1.542 kg (T_phys=15.34N)
[INFO] [1783066915.998192578] [mhe_node]: MHE mass estimate: 1.563 kg (T_phys=15.43N)
[INFO] [1783066918.004694318] [mhe_node]: MHE mass estimate: 1.546 kg (T_phys=15.30N)
[INFO] [1783066920.000186489] [mhe_node]: MHE mass estimate: 1.559 kg (T_phys=15.34N)
[INFO] [1783066922.000047478] [mhe_node]: MHE mass estimate: 1.559 kg (T_phys=15.27N)
[INFO] [1783066924.005020626] [mhe_node]: MHE mass estimate: 1.544 kg (T_phys=15.13N)
[INFO] [1783066926.000321658] [mhe_node]: MHE mass estimate: 1.557 kg (T_phys=15.11N)
[INFO] [1783066928.002426322] [mhe_node]: MHE mass estimate: 1.552 kg (T_phys=15.31N)
[INFO] [1783066930.000642827] [mhe_node]: MHE mass estimate: 1.550 kg (T_phys=15.39N)
[INFO] [1783066932.000082827] [mhe_node]: MHE mass estimate: 1.561 kg (T_phys=15.38N)
[INFO] [1783066934.004527531] [mhe_node]: MHE mass estimate: 1.555 kg (T_phys=15.50N)
[INFO] [1783066935.991366169] [mhe_node]: MHE mass estimate: 1.555 kg (T_phys=15.40N)
[INFO] [1783066938.000112804] [mhe_node]: MHE mass estimate: 1.560 kg (T_phys=15.28N)
[INFO] [1783066940.001076696] [mhe_node]: MHE mass estimate: 1.538 kg (T_phys=15.43N)
[INFO] [1783066942.000433601] [mhe_node]: MHE mass estimate: 1.560 kg (T_phys=15.25N)
[INFO] [1783066944.000028554] [mhe_node]: MHE mass estimate: 1.554 kg (T_phys=15.14N)
[INFO] [1783066946.002453185] [mhe_node]: MHE mass estimate: 1.540 kg (T_phys=15.39N)
[INFO] [1783066947.999623549] [mhe_node]: MHE mass estimate: 1.558 kg (T_phys=15.21N)
[INFO] [1783066949.987740093] [mhe_node]: MHE mass estimate: 1.533 kg (T_phys=15.24N)
[INFO] [1783066952.000451469] [mhe_node]: MHE mass estimate: 1.561 kg (T_phys=15.15N)
[INFO] [1783066954.000404226] [mhe_node]: MHE mass estimate: 1.561 kg (T_phys=15.31N)
[INFO] [1783066955.990579781] [mhe_node]: MHE mass estimate: 1.537 kg (T_phys=15.45N)
[INFO] [1783066958.000018638] [mhe_node]: MHE mass estimate: 1.561 kg (T_phys=15.46N)
[INFO] [1783066960.007215982] [mhe_node]: MHE mass estimate: 1.545 kg (T_phys=15.28N)
[INFO] [1783066961.990365855] [mhe_node]: MHE mass estimate: 1.562 kg (T_phys=15.38N)
[INFO] [1783066964.000137708] [mhe_node]: MHE mass estimate: 1.559 kg (T_phys=15.42N)
[INFO] [1783066966.004656075] [mhe_node]: MHE mass estimate: 1.541 kg (T_phys=15.00N)
[INFO] [1783066968.000470548] [mhe_node]: MHE mass estimate: 1.557 kg (T_phys=15.26N)
[INFO] [1783066970.002760210] [mhe_node]: MHE mass estimate: 1.550 kg (T_phys=15.38N)
[INFO] [1783066972.000290764] [mhe_node]: MHE mass estimate: 1.555 kg (T_phys=15.39N)
[INFO] [1783066973.999007287] [mhe_node]: MHE mass estimate: 1.561 kg (T_phys=15.39N)
[INFO] [1783066976.002295608] [mhe_node]: MHE mass estimate: 1.553 kg (T_phys=15.54N)
[INFO] [1783066978.001782005] [mhe_node]: MHE mass estimate: 1.556 kg (T_phys=15.47N)
[INFO] [1783066980.003103226] [mhe_node]: MHE mass estimate: 1.557 kg (T_phys=15.26N)
[INFO] [1783066981.991584360] [mhe_node]: MHE mass estimate: 1.541 kg (T_phys=15.46N)
[INFO] [1783066983.988668207] [mhe_node]: MHE mass estimate: 1.560 kg (T_phys=15.40N)
[INFO] [1783066985.998742570] [mhe_node]: MHE mass estimate: 1.553 kg (T_phys=15.11N)
[INFO] [1783066987.990116880] [mhe_node]: MHE mass estimate: 1.542 kg (T_phys=15.33N)
[INFO] [1783066989.987341153] [mhe_node]: MHE mass estimate: 1.558 kg (T_phys=15.23N)
[INFO] [1783066991.995910071] [mhe_node]: MHE mass estimate: 1.537 kg (T_phys=15.25N)
[INFO] [1783066993.990307865] [mhe_node]: MHE mass estimate: 1.561 kg (T_phys=15.24N)
[INFO] [1783066996.000358700] [mhe_node]: MHE mass estimate: 1.558 kg (T_phys=15.35N)
[INFO] [1783066998.002471405] [mhe_node]: MHE mass estimate: 1.541 kg (T_phys=15.42N)
[INFO] [1783067000.000117829] [mhe_node]: MHE mass estimate: 1.564 kg (T_phys=15.48N)
[INFO] [1783067002.004520434] [mhe_node]: MHE mass estimate: 1.544 kg (T_phys=15.24N)
[INFO] [1783067003.990282349] [mhe_node]: MHE mass estimate: 1.560 kg (T_phys=15.27N)
[INFO] [1783067005.998491092] [mhe_node]: MHE mass estimate: 1.558 kg (T_phys=15.32N)
[INFO] [1783067008.002328377] [mhe_node]: MHE mass estimate: 1.539 kg (T_phys=15.14N)
[INFO] [1783067010.000002966] [mhe_node]: MHE mass estimate: 1.557 kg (T_phys=15.27N)
[INFO] [1783067012.000319223] [mhe_node]: MHE mass estimate: 1.552 kg (T_phys=15.38N)
[INFO] [1783067014.002305657] [mhe_node]: MHE mass estimate: 1.554 kg (T_phys=15.36N)
[INFO] [1783067015.989762927] [mhe_node]: MHE mass estimate: 1.564 kg (T_phys=15.27N)
[INFO] [1783067018.002357664] [mhe_node]: MHE mass estimate: 1.554 kg (T_phys=15.55N)
[INFO] [1783067020.002454294] [mhe_node]: MHE mass estimate: 1.557 kg (T_phys=15.40N)
[INFO] [1783067022.000047647] [mhe_node]: MHE mass estimate: 1.556 kg (T_phys=15.30N)
[INFO] [1783067024.002686969] [mhe_node]: MHE mass estimate: 1.544 kg (T_phys=15.41N)
[INFO] [1783067025.998075534] [mhe_node]: MHE mass estimate: 1.561 kg (T_phys=15.35N)
[INFO] [1783067027.998611468] [mhe_node]: MHE mass estimate: 1.550 kg (T_phys=15.26N)
[INFO] [1783067029.987854378] [mhe_node]: MHE mass estimate: 1.547 kg (T_phys=15.25N)
[INFO] [1783067031.998393803] [mhe_node]: MHE mass estimate: 1.558 kg (T_phys=15.25N)
[INFO] [1783067034.002369925] [mhe_node]: MHE mass estimate: 1.534 kg (T_phys=15.30N)
[INFO] [1783067035.989038587] [mhe_node]: MHE mass estimate: 1.562 kg (T_phys=15.37N)
[INFO] [1783067037.999966728] [mhe_node]: MHE mass estimate: 1.558 kg (T_phys=15.37N)
[INFO] [1783067040.002478807] [mhe_node]: MHE mass estimate: 1.539 kg (T_phys=15.52N)
[INFO] [1783067041.990319868] [mhe_node]: MHE mass estimate: 1.562 kg (T_phys=15.44N)
[INFO] [1783067044.002527434] [mhe_node]: MHE mass estimate: 1.543 kg (T_phys=15.28N)
[INFO] [1783067045.998173287] [mhe_node]: MHE mass estimate: 1.563 kg (T_phys=15.25N)
[INFO] [1783067048.000486299] [mhe_node]: MHE mass estimate: 1.557 kg (T_phys=15.23N)
[INFO] [1783067050.008241513] [mhe_node]: MHE mass estimate: 1.535 kg (T_phys=15.21N)
[INFO] [1783067052.000300684] [mhe_node]: MHE mass estimate: 1.558 kg (T_phys=15.20N)
[INFO] [1783067054.004837655] [mhe_node]: MHE mass estimate: 1.549 kg (T_phys=15.31N)
[INFO] [1783067055.998387716] [mhe_node]: MHE mass estimate: 1.556 kg (T_phys=15.26N)
[INFO] [1783067057.998517370] [mhe_node]: MHE mass estimate: 1.562 kg (T_phys=15.39N)
[INFO] [1783067060.005055317] [mhe_node]: MHE mass estimate: 1.553 kg (T_phys=15.42N)
[INFO] [1783067061.999937664] [mhe_node]: MHE mass estimate: 1.557 kg (T_phys=15.36N)
[INFO] [1783067063.999980700] [mhe_node]: MHE mass estimate: 1.561 kg (T_phys=15.35N)
[INFO] [1783067066.002456678] [mhe_node]: MHE mass estimate: 1.549 kg (T_phys=15.42N)
[INFO] [1783067067.998424368] [mhe_node]: MHE mass estimate: 1.560 kg (T_phys=15.33N)
[INFO] [1783067070.000322611] [mhe_node]: MHE mass estimate: 1.552 kg (T_phys=15.23N)
[INFO] [1783067071.996927214] [mhe_node]: MHE mass estimate: 1.549 kg (T_phys=15.27N)
[INFO] [1783067073.998120661] [mhe_node]: MHE mass estimate: 1.554 kg (T_phys=15.24N)
[INFO] [1783067076.000125427] [mhe_node]: MHE mass estimate: 1.535 kg (T_phys=15.51N)
[INFO] [1783067077.998523009] [mhe_node]: MHE mass estimate: 1.563 kg (T_phys=15.20N)
[INFO] [1783067080.000008925] [mhe_node]: MHE mass estimate: 1.560 kg (T_phys=15.26N)
[INFO] [1783067081.990595787] [mhe_node]: MHE mass estimate: 1.538 kg (T_phys=15.44N)
[INFO] [1783067084.000134617] [mhe_node]: MHE mass estimate: 1.562 kg (T_phys=15.47N)
[INFO] [1783067086.003043462] [mhe_node]: MHE mass estimate: 1.539 kg (T_phys=15.22N)
[INFO] [1783067088.000212011] [mhe_node]: MHE mass estimate: 1.561 kg (T_phys=15.21N)
[INFO] [1783067089.999218405] [mhe_node]: MHE mass estimate: 1.560 kg (T_phys=15.24N)
[INFO] [1783067092.004557960] [mhe_node]: MHE mass estimate: 1.531 kg (T_phys=15.11N)
[INFO] [1783067094.000065595] [mhe_node]: MHE mass estimate: 1.558 kg (T_phys=15.22N)
[INFO] [1783067096.008013409] [mhe_node]: MHE mass estimate: 1.549 kg (T_phys=15.16N)
[INFO] [1783067098.000105884] [mhe_node]: MHE mass estimate: 1.558 kg (T_phys=15.30N)
[INFO] [1783067099.999930789] [mhe_node]: MHE mass estimate: 1.561 kg (T_phys=15.40N)
[INFO] [1783067102.002898147] [mhe_node]: MHE mass estimate: 1.549 kg (T_phys=15.36N)
[INFO] [1783067103.999827341] [mhe_node]: MHE mass estimate: 1.561 kg (T_phys=15.28N)
[INFO] [1783067106.000016849] [mhe_node]: MHE mass estimate: 1.556 kg (T_phys=15.46N)
[INFO] [1783067107.989578097] [mhe_node]: MHE mass estimate: 1.554 kg (T_phys=15.37N)
[INFO] [1783067109.987680747] [mhe_node]: MHE mass estimate: 1.558 kg (T_phys=15.32N)
[INFO] [1783067112.003212010] [mhe_node]: MHE mass estimate: 1.550 kg (T_phys=15.34N)
[INFO] [1783067114.000333824] [mhe_node]: MHE mass estimate: 1.551 kg (T_phys=15.28N)
[INFO] [1783067116.000139029] [mhe_node]: MHE mass estimate: 1.554 kg (T_phys=15.17N)
[INFO] [1783067117.990861973] [mhe_node]: MHE mass estimate: 1.539 kg (T_phys=15.40N)
[INFO] [1783067119.987331297] [mhe_node]: MHE mass estimate: 1.562 kg (T_phys=15.37N)
[INFO] [1783067121.998381808] [mhe_node]: MHE mass estimate: 1.556 kg (T_phys=15.26N)
[INFO] [1783067123.990413679] [mhe_node]: MHE mass estimate: 1.543 kg (T_phys=15.54N)
[INFO] [1783067126.000165931] [mhe_node]: MHE mass estimate: 1.562 kg (T_phys=15.40N)
[INFO] [1783067128.004902352] [mhe_node]: MHE mass estimate: 1.537 kg (T_phys=15.22N)
[INFO] [1783067129.987348962] [mhe_node]: MHE mass estimate: 1.561 kg (T_phys=15.32N)
[INFO] [1783067132.000189581] [mhe_node]: MHE mass estimate: 1.555 kg (T_phys=15.38N)
[INFO] [1783067133.991104364] [mhe_node]: MHE mass estimate: 1.534 kg (T_phys=15.09N)
[INFO] [1783067136.000346058] [mhe_node]: MHE mass estimate: 1.560 kg (T_phys=15.27N)
[INFO] [1783067138.000424017] [mhe_node]: MHE mass estimate: 1.544 kg (T_phys=15.18N)
[INFO] [1783067139.998350044] [mhe_node]: MHE mass estimate: 1.560 kg (T_phys=15.23N)
[INFO] [1783067142.000177210] [mhe_node]: MHE mass estimate: 1.563 kg (T_phys=15.45N)
[INFO] [1783067144.010334335] [mhe_node]: MHE mass estimate: 1.545 kg (T_phys=15.36N)
[INFO] [1783067146.000310506] [mhe_node]: MHE mass estimate: 1.561 kg (T_phys=15.38N)
[INFO] [1783067148.000511633] [mhe_node]: MHE mass estimate: 1.556 kg (T_phys=15.50N)
[INFO] [1783067150.002375545] [mhe_node]: MHE mass estimate: 1.554 kg (T_phys=15.54N)
[INFO] [1783067151.998364792] [mhe_node]: MHE mass estimate: 1.558 kg (T_phys=15.28N)
[INFO] [1783067153.989328418] [mhe_node]: MHE mass estimate: 1.551 kg (T_phys=15.35N)
[INFO] [1783067156.002470412] [mhe_node]: MHE mass estimate: 1.555 kg (T_phys=15.21N)
[INFO] [1783067158.000248027] [mhe_node]: MHE mass estimate: 1.554 kg (T_phys=15.01N)
[INFO] [1783067160.002612771] [mhe_node]: MHE mass estimate: 1.542 kg (T_phys=15.35N)
[INFO] [1783067161.990387436] [mhe_node]: MHE mass estimate: 1.562 kg (T_phys=15.30N)
[INFO] [1783067163.998290579] [mhe_node]: MHE mass estimate: 1.556 kg (T_phys=15.27N)
[INFO] [1783067166.002802365] [mhe_node]: MHE mass estimate: 1.545 kg (T_phys=15.53N)
[INFO] [1783067168.000051546] [mhe_node]: MHE mass estimate: 1.560 kg (T_phys=15.39N)
[INFO] [1783067169.999136349] [mhe_node]: MHE mass estimate: 1.535 kg (T_phys=15.37N)
[INFO] [1783067172.000039794] [mhe_node]: MHE mass estimate: 1.562 kg (T_phys=15.27N)
[INFO] [1783067173.995840448] [mhe_node]: MHE mass estimate: 1.557 kg (T_phys=15.15N)
[INFO] [1783067175.991271876] [mhe_node]: MHE mass estimate: 1.530 kg (T_phys=15.18N)
[INFO] [1783067177.990407211] [mhe_node]: MHE mass estimate: 1.559 kg (T_phys=15.25N)
[INFO] [1783067180.009984773] [mhe_node]: MHE mass estimate: 1.544 kg (T_phys=15.14N)
[INFO] [1783067182.000214386] [mhe_node]: MHE mass estimate: 1.560 kg (T_phys=15.39N)
[INFO] [1783067184.000004599] [mhe_node]: MHE mass estimate: 1.563 kg (T_phys=15.33N)
[INFO] [1783067186.004486585] [mhe_node]: MHE mass estimate: 1.544 kg (T_phys=15.24N)
[INFO] [1783067187.998277934] [mhe_node]: MHE mass estimate: 1.563 kg (T_phys=15.49N)
[INFO] [1783067189.987725068] [mhe_node]: MHE mass estimate: 1.552 kg (T_phys=15.43N)
[INFO] [1783067191.991012704] [mhe_node]: MHE mass estimate: 1.558 kg (T_phys=15.19N)
[INFO] [1783067193.988413825] [mhe_node]: MHE mass estimate: 1.563 kg (T_phys=15.24N)
[INFO] [1783067195.990790691] [mhe_node]: MHE mass estimate: 1.545 kg (T_phys=15.27N)
[INFO] [1783067197.999769386] [mhe_node]: MHE mass estimate: 1.557 kg (T_phys=15.30N)
[INFO] [1783067199.998477697] [mhe_node]: MHE mass estimate: 1.553 kg (T_phys=15.14N)
[INFO] [1783067202.002505733] [mhe_node]: MHE mass estimate: 1.543 kg (T_phys=15.48N)
[INFO] [1783067204.000512355] [mhe_node]: MHE mass estimate: 1.562 kg (T_phys=15.34N)
[INFO] [1783067205.995253717] [mhe_node]: MHE mass estimate: 1.558 kg (T_phys=15.43N)
[INFO] [1783067208.001631806] [mhe_node]: MHE mass estimate: 1.547 kg (T_phys=15.54N)
[INFO] [1783067209.998115897] [mhe_node]: MHE mass estimate: 1.560 kg (T_phys=15.32N)
[INFO] [1783067212.000453211] [mhe_node]: MHE mass estimate: 1.535 kg (T_phys=15.23N)
[INFO] [1783067214.000296729] [mhe_node]: MHE mass estimate: 1.559 kg (T_phys=15.27N)
[INFO] [1783067215.989737853] [mhe_node]: MHE mass estimate: 1.557 kg (T_phys=15.07N)
[INFO] [1783067218.002478676] [mhe_node]: MHE mass estimate: 1.535 kg (T_phys=15.36N)
[INFO] [1783067219.995439701] [mhe_node]: MHE mass estimate: 1.559 kg (T_phys=15.17N)
[INFO] [1783067222.004945036] [mhe_node]: MHE mass estimate: 1.539 kg (T_phys=15.10N)
[INFO] [1783067224.000225257] [mhe_node]: MHE mass estimate: 1.560 kg (T_phys=15.21N)
[INFO] [1783067225.998670938] [mhe_node]: MHE mass estimate: 1.560 kg (T_phys=15.45N)
[INFO] [1783067228.005057726] [mhe_node]: MHE mass estimate: 1.545 kg (T_phys=15.29N)
[INFO] [1783067230.000074157] [mhe_node]: MHE mass estimate: 1.561 kg (T_phys=15.41N)
[INFO] [1783067231.989565712] [mhe_node]: MHE mass estimate: 1.552 kg (T_phys=15.46N)
[INFO] [1783067234.000088715] [mhe_node]: MHE mass estimate: 1.557 kg (T_phys=15.34N)
[INFO] [1783067236.000316617] [mhe_node]: MHE mass estimate: 1.560 kg (T_phys=15.17N)
[INFO] [1783067237.991619077] [mhe_node]: MHE mass estimate: 1.549 kg (T_phys=15.19N)
[INFO] [1783067239.999040391] [mhe_node]: MHE mass estimate: 1.554 kg (T_phys=15.17N)
[INFO] [1783067241.998329226] [mhe_node]: MHE mass estimate: 1.554 kg (T_phys=15.25N)
[INFO] [1783067243.990133594] [mhe_node]: MHE mass estimate: 1.544 kg (T_phys=15.43N)
[INFO] [1783067246.000109870] [mhe_node]: MHE mass estimate: 1.564 kg (T_phys=15.33N)
[INFO] [1783067247.991632172] [mhe_node]: MHE mass estimate: 1.554 kg (T_phys=15.48N)
[INFO] [1783067250.002417551] [mhe_node]: MHE mass estimate: 1.553 kg (T_phys=15.45N)
[INFO] [1783067251.998236870] [mhe_node]: MHE mass estimate: 1.560 kg (T_phys=15.36N)
[INFO] [1783067253.990540216] [mhe_node]: MHE mass estimate: 1.536 kg (T_phys=15.37N)
[INFO] [1783067255.988647099] [mhe_node]: MHE mass estimate: 1.559 kg (T_phys=15.29N)
[INFO] [1783067258.000534601] [mhe_node]: MHE mass estimate: 1.553 kg (T_phys=15.17N)
[INFO] [1783067259.987870980] [mhe_node]: MHE mass estimate: 1.537 kg (T_phys=15.31N)
[INFO] [1783067262.000848961] [mhe_node]: MHE mass estimate: 1.561 kg (T_phys=15.19N)
[INFO] [1783067264.004754815] [mhe_node]: MHE mass estimate: 1.539 kg (T_phys=15.11N)
[INFO] [1783067266.000164380] [mhe_node]: MHE mass estimate: 1.561 kg (T_phys=15.33N)
[INFO] [1783067267.998320889] [mhe_node]: MHE mass estimate: 1.561 kg (T_phys=15.40N)
[INFO] [1783067270.002557454] [mhe_node]: MHE mass estimate: 1.541 kg (T_phys=15.34N)
[INFO] [1783067272.000229622] [mhe_node]: MHE mass estimate: 1.562 kg (T_phys=15.44N)
Traceback (most recent call last):
  File "/home/clear/ros2_ws_HJH/install/offboard_test_acados/lib/offboard_test_acados/mhe_node", line 33, in <module>
    sys.exit(load_entry_point('offboard-test-acados==0.0.0', 'console_scripts', 'mhe_node')())
             ^^^^^^^^^^^^^^^^^^^^^^^^^^^^^^^^^^^^^^^^^^^^^^^^^^^^^^^^^^^^^^^^^^^^^^^^^^^^^^^^
  File "/home/clear/ros2_ws_HJH/install/offboard_test_acados/lib/python3.12/site-packages/offboard_test_acados/mhe_node.py", line 331, in main
    rclpy.spin(node)
  File "/opt/ros/jazzy/lib/python3.12/site-packages/rclpy/__init__.py", line 247, in spin
    executor.spin_once()
  File "/opt/ros/jazzy/lib/python3.12/site-packages/rclpy/executors.py", line 926, in spin_once
    self._spin_once_impl(timeout_sec)
  File "/opt/ros/jazzy/lib/python3.12/site-packages/rclpy/executors.py", line 907, in _spin_once_impl
    handler, entity, node = self.wait_for_ready_callbacks(
                            ^^^^^^^^^^^^^^^^^^^^^^^^^^^^^^
  File "/opt/ros/jazzy/lib/python3.12/site-packages/rclpy/executors.py", line 877, in wait_for_ready_callbacks
    return next(self._cb_iter)
           ^^^^^^^^^^^^^^^^^^^
  File "/opt/ros/jazzy/lib/python3.12/site-packages/rclpy/executors.py", line 785, in _wait_for_ready_callbacks
    raise ExternalShutdownException()
rclpy.executors.ExternalShutdownException
[ros2run]: Process exited with failure 1
