[INFO] [1783941336.748641631] [mhe_node]: MHE node starting, building/loading solver...
Code reuse possible, skipping code generation.
acados was compiled without OpenMP.
[INFO] [1783941336.756860917] [mhe_node]: weight schedule theta = [-4.00, 0.00, 0.00, 0.00], signal mode = external
[INFO] [1783941336.762039445] [mhe_node]: MHE node initialized! Waiting for odometry + control data...
[INFO] [1783941369.568846128] [mhe_node]: MHE mass estimate: 2.009 kg (T_phys=20.42N)
[INFO] [1783941371.567855905] [mhe_node]: MHE mass estimate: 2.036 kg (T_phys=20.07N)
[INFO] [1783941373.582799154] [mhe_node]: MHE mass estimate: 2.032 kg (T_phys=20.08N)
[INFO] [1783941375.566637730] [mhe_node]: MHE mass estimate: 2.054 kg (T_phys=20.16N)
[INFO] [1783941377.567810597] [mhe_node]: MHE mass estimate: 2.053 kg (T_phys=20.25N)
[INFO] [1783941379.569511906] [mhe_node]: MHE mass estimate: 2.061 kg (T_phys=20.19N)
[INFO] [1783941381.566504819] [mhe_node]: MHE mass estimate: 2.057 kg (T_phys=20.33N)
[INFO] [1783941383.566818520] [mhe_node]: MHE mass estimate: 2.056 kg (T_phys=20.33N)
[INFO] [1783941385.567903891] [mhe_node]: MHE mass estimate: 2.057 kg (T_phys=20.25N)
[INFO] [1783941387.567410748] [mhe_node]: MHE mass estimate: 2.046 kg (T_phys=20.27N)
[INFO] [1783941389.565927097] [mhe_node]: MHE mass estimate: 2.060 kg (T_phys=20.18N)
[INFO] [1783941391.567491391] [mhe_node]: MHE mass estimate: 2.057 kg (T_phys=20.08N)
[INFO] [1783941393.580032425] [mhe_node]: MHE mass estimate: 2.047 kg (T_phys=20.14N)
[INFO] [1783941395.577658070] [mhe_node]: MHE mass estimate: 2.060 kg (T_phys=20.06N)
[INFO] [1783941395.586526831] [mhe_node]: mass event [drop (wrench)] received at frame 300: armed, waiting for T_phys confirmation (baseline=20.05N, thresh=1.5N)
[INFO] [1783941395.664863194] [mhe_node]: [post-event] m_est=2.060 kg (T_phys=20.04N)
[INFO] [1783941395.771758067] [mhe_node]: [post-event] m_est=2.059 kg (T_phys=20.04N)
[INFO] [1783941395.865440041] [mhe_node]: [post-event] m_est=2.057 kg (T_phys=19.99N)
[INFO] [1783941395.966717447] [mhe_node]: [post-event] m_est=2.056 kg (T_phys=20.01N)
[INFO] [1783941396.069375912] [mhe_node]: [post-event] m_est=2.055 kg (T_phys=20.05N)
[INFO] [1783941396.168409560] [mhe_node]: [post-event] m_est=2.054 kg (T_phys=20.06N)
[INFO] [1783941396.266897272] [mhe_node]: [post-event] m_est=2.054 kg (T_phys=20.11N)
[INFO] [1783941396.377345098] [mhe_node]: [post-event] m_est=2.054 kg (T_phys=20.14N)
[INFO] [1783941396.477321551] [mhe_node]: [post-event] m_est=2.054 kg (T_phys=20.15N)
[INFO] [1783941396.567499615] [mhe_node]: [post-event] m_est=2.054 kg (T_phys=20.17N)
[INFO] [1783941396.662255327] [mhe_node]: mass event confirmed by T_phys (17.43N vs baseline 20.05N) at frame 310: de-weighting pre-event stages
[INFO] [1783941396.663342137] [mhe_node]: event transition started: pre-event stages de-weighted
[INFO] [1783941396.667553579] [mhe_node]: [transition] m_est=2.050 kg (T_phys=17.43N)
[INFO] [1783941396.779675295] [mhe_node]: [transition] m_est=1.984 kg (T_phys=13.75N)
[INFO] [1783941396.882433605] [mhe_node]: [transition] m_est=1.631 kg (T_phys=11.40N)
[INFO] [1783941396.973583752] [mhe_node]: [transition] m_est=1.462 kg (T_phys=9.49N)
[INFO] [1783941397.073604172] [mhe_node]: [transition] m_est=1.378 kg (T_phys=4.77N)
[INFO] [1783941397.170414628] [mhe_node]: [transition] m_est=1.326 kg (T_phys=7.08N)
[INFO] [1783941397.288405484] [mhe_node]: [transition] m_est=1.276 kg (T_phys=7.08N)
[INFO] [1783941397.369963647] [mhe_node]: [transition] m_est=1.242 kg (T_phys=9.72N)
[INFO] [1783941397.489014677] [mhe_node]: [transition] m_est=1.208 kg (T_phys=9.96N)
[INFO] [1783941397.569573439] [mhe_node]: [transition] m_est=1.189 kg (T_phys=11.21N)
[INFO] [1783941397.570287651] [mhe_node]: MHE mass estimate: 1.189 kg (T_phys=11.21N)
[INFO] [1783941397.679941424] [mhe_node]: [transition] m_est=1.177 kg (T_phys=12.05N)
[INFO] [1783941397.769214314] [mhe_node]: [transition] m_est=1.173 kg (T_phys=12.88N)
[INFO] [1783941397.884205049] [mhe_node]: [transition] m_est=1.174 kg (T_phys=13.25N)
[INFO] [1783941397.983883385] [mhe_node]: [transition] m_est=1.179 kg (T_phys=13.64N)
[INFO] [1783941398.079142727] [mhe_node]: [transition] m_est=1.185 kg (T_phys=13.81N)
[INFO] [1783941398.168673128] [mhe_node]: [transition] m_est=1.192 kg (T_phys=13.91N)
[INFO] [1783941398.281641676] [mhe_node]: [transition] m_est=1.199 kg (T_phys=13.85N)
[INFO] [1783941398.381686747] [mhe_node]: [transition] m_est=1.205 kg (T_phys=13.86N)
[INFO] [1783941398.481711546] [mhe_node]: [transition] m_est=1.211 kg (T_phys=13.64N)
[INFO] [1783941398.568772248] [mhe_node]: [transition] m_est=1.216 kg (T_phys=13.32N)
[INFO] [1783941398.663807702] [mhe_node]: event transition ended: nominal weights restored
[INFO] [1783941398.668040121] [mhe_node]: [post-event] m_est=1.221 kg (T_phys=13.06N)
[INFO] [1783941398.766859724] [mhe_node]: [post-event] m_est=1.227 kg (T_phys=12.60N)
[INFO] [1783941398.878637546] [mhe_node]: [post-event] m_est=1.235 kg (T_phys=12.39N)
[INFO] [1783941398.967502134] [mhe_node]: [post-event] m_est=1.245 kg (T_phys=12.20N)
[INFO] [1783941399.067667275] [mhe_node]: [post-event] m_est=1.253 kg (T_phys=12.25N)
[INFO] [1783941399.169436965] [mhe_node]: [post-event] m_est=1.261 kg (T_phys=12.25N)
[INFO] [1783941399.277884437] [mhe_node]: [post-event] m_est=1.266 kg (T_phys=12.24N)
[INFO] [1783941399.375846304] [mhe_node]: [post-event] m_est=1.270 kg (T_phys=12.14N)
[INFO] [1783941399.466734261] [mhe_node]: [post-event] m_est=1.271 kg (T_phys=12.13N)
[INFO] [1783941399.567140859] [mhe_node]: [post-event] m_est=1.272 kg (T_phys=12.18N)
[INFO] [1783941399.567869898] [mhe_node]: MHE mass estimate: 1.272 kg (T_phys=12.18N)
[INFO] [1783941399.669878375] [mhe_node]: [post-event] m_est=1.271 kg (T_phys=12.20N)
[INFO] [1783941399.764734663] [mhe_node]: [post-event] m_est=1.269 kg (T_phys=12.21N)
[INFO] [1783941399.875714644] [mhe_node]: [post-event] m_est=1.268 kg (T_phys=12.15N)
[INFO] [1783941399.967207259] [mhe_node]: [post-event] m_est=1.266 kg (T_phys=12.23N)
[INFO] [1783941400.077297389] [mhe_node]: [post-event] m_est=1.264 kg (T_phys=12.24N)
[INFO] [1783941400.166925138] [mhe_node]: [post-event] m_est=1.262 kg (T_phys=12.29N)
[INFO] [1783941400.266745697] [mhe_node]: [post-event] m_est=1.260 kg (T_phys=12.31N)
[INFO] [1783941400.367139701] [mhe_node]: [post-event] m_est=1.258 kg (T_phys=12.38N)
[INFO] [1783941400.476181245] [mhe_node]: [post-event] m_est=1.257 kg (T_phys=12.39N)
[INFO] [1783941400.566879194] [mhe_node]: [post-event] m_est=1.256 kg (T_phys=12.40N)
[INFO] [1783941400.677722366] [mhe_node]: [post-event] m_est=1.256 kg (T_phys=12.44N)
[INFO] [1783941400.765578899] [mhe_node]: [post-event] m_est=1.256 kg (T_phys=12.46N)
[INFO] [1783941400.866887998] [mhe_node]: [post-event] m_est=1.257 kg (T_phys=12.49N)
[INFO] [1783941400.977390162] [mhe_node]: [post-event] m_est=1.258 kg (T_phys=12.53N)
[INFO] [1783941401.066693173] [mhe_node]: [post-event] m_est=1.259 kg (T_phys=12.54N)
[INFO] [1783941401.166391344] [mhe_node]: [post-event] m_est=1.259 kg (T_phys=12.57N)
[INFO] [1783941401.266318367] [mhe_node]: [post-event] m_est=1.260 kg (T_phys=12.57N)
[INFO] [1783941401.366729829] [mhe_node]: [post-event] m_est=1.261 kg (T_phys=12.58N)
[INFO] [1783941401.466705690] [mhe_node]: [post-event] m_est=1.262 kg (T_phys=12.57N)
[INFO] [1783941401.577379914] [mhe_node]: [post-event] m_est=1.262 kg (T_phys=12.56N)
[INFO] [1783941401.579558951] [mhe_node]: MHE mass estimate: 1.262 kg (T_phys=12.56N)
[INFO] [1783941401.674555157] [mhe_node]: [post-event] m_est=1.263 kg (T_phys=12.51N)
[INFO] [1783941401.776294074] [mhe_node]: [post-event] m_est=1.263 kg (T_phys=12.46N)
[INFO] [1783941401.872126199] [mhe_node]: [post-event] m_est=1.263 kg (T_phys=12.41N)
[INFO] [1783941401.966533119] [mhe_node]: [post-event] m_est=1.264 kg (T_phys=12.36N)
[INFO] [1783941402.066982594] [mhe_node]: [post-event] m_est=1.263 kg (T_phys=12.33N)
[INFO] [1783941402.166436948] [mhe_node]: [post-event] m_est=1.263 kg (T_phys=12.31N)
[INFO] [1783941402.266941722] [mhe_node]: [post-event] m_est=1.263 kg (T_phys=12.32N)
[INFO] [1783941402.367185261] [mhe_node]: [post-event] m_est=1.262 kg (T_phys=12.29N)
[INFO] [1783941402.469216921] [mhe_node]: [post-event] m_est=1.262 kg (T_phys=12.32N)
[INFO] [1783941402.575918850] [mhe_node]: [post-event] m_est=1.261 kg (T_phys=12.40N)
[INFO] [1783941403.587754437] [mhe_node]: MHE mass estimate: 1.245 kg (T_phys=12.40N)
[INFO] [1783941405.577923079] [mhe_node]: MHE mass estimate: 1.263 kg (T_phys=12.48N)
[INFO] [1783941407.568897634] [mhe_node]: MHE mass estimate: 1.257 kg (T_phys=12.44N)
[INFO] [1783941409.567982990] [mhe_node]: MHE mass estimate: 1.258 kg (T_phys=12.39N)
[ros2run]: Killed
