[INFO] [1785136770.074809237] [mhe_node]: MHE node starting, building/loading solver...
Code reuse possible, skipping code generation.
acados was compiled without OpenMP.
[INFO] [1785136770.083250164] [mhe_node]: weight schedule theta = [-4.00, 0.00, 0.00, 0.00], signal mode = residual (residual self-trigger: thresh=1.5N persist=2 baseline_tau=3.0s)
[INFO] [1785136770.088839404] [mhe_node]: MHE node initialized! Waiting for odometry + control data...
[INFO] [1785136801.189373432] [mhe_node]: [geom] payload_attached=False -> dJ=0.0000 c_xy=[+0.0000,+0.0000]
[INFO] [1785136801.489214039] [mhe_node]: [no-signal] baseline settled at 20.09N (quiet 20 frames); detector armed
[INFO] [1785136803.100329465] [mhe_node]: MHE mass estimate: 2.005 kg (T_phys=20.38N)
[INFO] [1785136803.101215450] [mhe_node]: [tau_phys] roll=-0.009 pitch=-0.004 Nm
[INFO] [1785136805.096902114] [mhe_node]: MHE mass estimate: 2.036 kg (T_phys=20.01N)
[INFO] [1785136805.097785155] [mhe_node]: [tau_phys] roll=-0.003 pitch=-0.001 Nm
[INFO] [1785136807.102509149] [mhe_node]: MHE mass estimate: 2.033 kg (T_phys=20.15N)
[INFO] [1785136807.103435409] [mhe_node]: [tau_phys] roll=+0.004 pitch=+0.006 Nm
[INFO] [1785136809.095897411] [mhe_node]: MHE mass estimate: 2.055 kg (T_phys=20.10N)
[INFO] [1785136809.096869878] [mhe_node]: [tau_phys] roll=-0.001 pitch=+0.003 Nm
[INFO] [1785136811.098767331] [mhe_node]: MHE mass estimate: 2.054 kg (T_phys=20.25N)
[INFO] [1785136811.099681980] [mhe_node]: [tau_phys] roll=+0.001 pitch=+0.001 Nm
[INFO] [1785136813.094093980] [mhe_node]: MHE mass estimate: 2.062 kg (T_phys=20.32N)
[INFO] [1785136813.095012703] [mhe_node]: [tau_phys] roll=+0.001 pitch=+0.004 Nm
[INFO] [1785136815.095924313] [mhe_node]: MHE mass estimate: 2.056 kg (T_phys=20.31N)
[INFO] [1785136815.096853736] [mhe_node]: [tau_phys] roll=+0.006 pitch=-0.002 Nm
[INFO] [1785136817.096406741] [mhe_node]: MHE mass estimate: 2.054 kg (T_phys=20.34N)
[INFO] [1785136817.097269405] [mhe_node]: [tau_phys] roll=-0.003 pitch=-0.003 Nm
[INFO] [1785136819.095989637] [mhe_node]: MHE mass estimate: 2.058 kg (T_phys=20.31N)
[INFO] [1785136819.096943380] [mhe_node]: [tau_phys] roll=-0.000 pitch=+0.003 Nm
[INFO] [1785136821.097373702] [mhe_node]: MHE mass estimate: 2.044 kg (T_phys=20.20N)
[INFO] [1785136821.098294199] [mhe_node]: [tau_phys] roll=-0.005 pitch=+0.003 Nm
[INFO] [1785136823.095072263] [mhe_node]: MHE mass estimate: 2.059 kg (T_phys=20.22N)
[INFO] [1785136823.096051180] [mhe_node]: [tau_phys] roll=+0.004 pitch=-0.003 Nm
[INFO] [1785136825.096983726] [mhe_node]: MHE mass estimate: 2.056 kg (T_phys=20.03N)
[INFO] [1785136825.097908302] [mhe_node]: [tau_phys] roll=+0.004 pitch=+0.006 Nm
[INFO] [1785136827.096830435] [mhe_node]: MHE mass estimate: 2.046 kg (T_phys=20.06N)
[INFO] [1785136827.097756420] [mhe_node]: [tau_phys] roll=+0.001 pitch=+0.001 Nm
[INFO] [1785136829.095318726] [mhe_node]: MHE mass estimate: 2.059 kg (T_phys=20.16N)
[INFO] [1785136829.096227029] [mhe_node]: [tau_phys] roll=+0.007 pitch=+0.002 Nm
[INFO] [1785136829.121130790] [mhe_node]: mass event [drop] received (no-signal ablation: external signal ignored for triggering, logging only; detection deferred to T_phys residual)
[INFO] [1785136829.194836821] [mhe_node]: [post-event] m_est=2.059 kg (T_phys=20.14N)
[INFO] [1785136829.295136978] [mhe_node]: [post-event] m_est=2.059 kg (T_phys=20.12N)
[INFO] [1785136829.395628356] [mhe_node]: [post-event] m_est=2.058 kg (T_phys=20.11N)
[INFO] [1785136829.496532721] [mhe_node]: [post-event] m_est=2.058 kg (T_phys=20.12N)
[INFO] [1785136829.595720519] [mhe_node]: [post-event] m_est=2.057 kg (T_phys=20.10N)
[INFO] [1785136829.695764368] [mhe_node]: [post-event] m_est=2.057 kg (T_phys=20.06N)
[INFO] [1785136829.795490211] [mhe_node]: [post-event] m_est=2.056 kg (T_phys=20.06N)
[INFO] [1785136829.895264130] [mhe_node]: [post-event] m_est=2.056 kg (T_phys=20.08N)
[INFO] [1785136829.995899936] [mhe_node]: [post-event] m_est=2.056 kg (T_phys=20.10N)
[INFO] [1785136830.096093240] [mhe_node]: [post-event] m_est=2.055 kg (T_phys=20.15N)
[INFO] [1785136830.195347684] [mhe_node]: [post-event] m_est=2.055 kg (T_phys=20.18N)
[INFO] [1785136830.295694034] [mhe_node]: [post-event] m_est=2.054 kg (T_phys=20.22N)
[INFO] [1785136830.397134712] [mhe_node]: [post-event] m_est=2.054 kg (T_phys=20.21N)
[INFO] [1785136830.496975616] [mhe_node]: [post-event] m_est=2.053 kg (T_phys=20.20N)
[INFO] [1785136830.597118181] [mhe_node]: [post-event] m_est=2.052 kg (T_phys=20.21N)
[INFO] [1785136830.696496258] [mhe_node]: [post-event] m_est=2.050 kg (T_phys=20.20N)
[INFO] [1785136830.796314946] [mhe_node]: [post-event] m_est=2.049 kg (T_phys=20.20N)
[INFO] [1785136830.896838452] [mhe_node]: [post-event] m_est=2.048 kg (T_phys=20.18N)
[INFO] [1785136830.996365792] [mhe_node]: [post-event] m_est=2.047 kg (T_phys=20.15N)
[INFO] [1785136831.096699706] [mhe_node]: [post-event] m_est=2.045 kg (T_phys=20.14N)
[INFO] [1785136831.097724299] [mhe_node]: MHE mass estimate: 2.045 kg (T_phys=20.14N)
[INFO] [1785136831.098598950] [mhe_node]: [tau_phys] roll=+0.001 pitch=+0.008 Nm
[INFO] [1785136831.196830563] [mhe_node]: [post-event] m_est=2.045 kg (T_phys=20.16N)
[INFO] [1785136831.296761164] [mhe_node]: [post-event] m_est=2.044 kg (T_phys=20.16N)
[INFO] [1785136831.392195405] [mhe_node]: [post-event] m_est=2.044 kg (T_phys=20.19N)
[INFO] [1785136831.496053226] [mhe_node]: [post-event] m_est=2.044 kg (T_phys=20.17N)
[INFO] [1785136831.596292484] [mhe_node]: [post-event] m_est=2.045 kg (T_phys=20.16N)
[INFO] [1785136831.697135559] [mhe_node]: [post-event] m_est=2.046 kg (T_phys=20.14N)
[INFO] [1785136831.797215857] [mhe_node]: [post-event] m_est=2.048 kg (T_phys=20.17N)
[INFO] [1785136831.896883757] [mhe_node]: [post-event] m_est=2.050 kg (T_phys=20.20N)
[INFO] [1785136831.997157075] [mhe_node]: [post-event] m_est=2.052 kg (T_phys=20.23N)
[INFO] [1785136832.096682144] [mhe_node]: [post-event] m_est=2.054 kg (T_phys=20.24N)
[INFO] [1785136832.196001489] [mhe_node]: [post-event] m_est=2.055 kg (T_phys=20.26N)
[INFO] [1785136832.295307256] [mhe_node]: [post-event] m_est=2.057 kg (T_phys=20.25N)
[INFO] [1785136832.395529502] [mhe_node]: [post-event] m_est=2.058 kg (T_phys=20.26N)
[INFO] [1785136832.495973564] [mhe_node]: [post-event] m_est=2.059 kg (T_phys=20.26N)
[INFO] [1785136832.595487305] [mhe_node]: [post-event] m_est=2.059 kg (T_phys=20.27N)
[INFO] [1785136832.693617085] [mhe_node]: [post-event] m_est=2.060 kg (T_phys=20.27N)
[INFO] [1785136832.794579329] [mhe_node]: [post-event] m_est=2.060 kg (T_phys=20.27N)
[INFO] [1785136832.894510414] [mhe_node]: [post-event] m_est=2.060 kg (T_phys=20.25N)
[INFO] [1785136832.994148253] [mhe_node]: [post-event] m_est=2.061 kg (T_phys=20.26N)
[INFO] [1785136833.094253713] [mhe_node]: [post-event] m_est=2.061 kg (T_phys=20.21N)
[INFO] [1785136833.095244752] [mhe_node]: MHE mass estimate: 2.061 kg (T_phys=20.21N)
[INFO] [1785136833.096107789] [mhe_node]: [tau_phys] roll=+0.002 pitch=+0.001 Nm
[INFO] [1785136833.194636553] [mhe_node]: [post-event] m_est=2.061 kg (T_phys=20.19N)
[INFO] [1785136833.293959114] [mhe_node]: [post-event] m_est=2.061 kg (T_phys=20.16N)
[INFO] [1785136833.394089982] [mhe_node]: [post-event] m_est=2.061 kg (T_phys=20.16N)
[INFO] [1785136833.494102514] [mhe_node]: [post-event] m_est=2.061 kg (T_phys=20.19N)
[INFO] [1785136833.594466491] [mhe_node]: [post-event] m_est=2.061 kg (T_phys=20.16N)
[INFO] [1785136833.694544847] [mhe_node]: [post-event] m_est=2.060 kg (T_phys=20.16N)
[INFO] [1785136833.794398931] [mhe_node]: [post-event] m_est=2.060 kg (T_phys=20.20N)
[INFO] [1785136833.894104570] [mhe_node]: [post-event] m_est=2.060 kg (T_phys=20.22N)
[INFO] [1785136833.995104735] [mhe_node]: [post-event] m_est=2.060 kg (T_phys=20.26N)
[INFO] [1785136834.094771440] [mhe_node]: [post-event] m_est=2.060 kg (T_phys=20.31N)
[INFO] [1785136834.194989938] [mhe_node]: [post-event] m_est=2.060 kg (T_phys=20.35N)
[INFO] [1785136834.295880605] [mhe_node]: [post-event] m_est=2.060 kg (T_phys=20.36N)
[INFO] [1785136834.395364806] [mhe_node]: [post-event] m_est=2.060 kg (T_phys=20.38N)
[INFO] [1785136834.495206669] [mhe_node]: [post-event] m_est=2.061 kg (T_phys=20.37N)
[INFO] [1785136834.594905920] [mhe_node]: [post-event] m_est=2.061 kg (T_phys=20.36N)
[INFO] [1785136834.695203858] [mhe_node]: [post-event] m_est=2.061 kg (T_phys=20.33N)
[INFO] [1785136834.795413137] [mhe_node]: [post-event] m_est=2.061 kg (T_phys=20.33N)
[INFO] [1785136834.895558396] [mhe_node]: [post-event] m_est=2.061 kg (T_phys=20.29N)
[INFO] [1785136834.995425663] [mhe_node]: [post-event] m_est=2.061 kg (T_phys=20.27N)
[INFO] [1785136835.095187794] [mhe_node]: [post-event] m_est=2.060 kg (T_phys=20.24N)
[INFO] [1785136835.096202904] [mhe_node]: MHE mass estimate: 2.060 kg (T_phys=20.24N)
[INFO] [1785136835.097082415] [mhe_node]: [tau_phys] roll=-0.001 pitch=-0.002 Nm
[INFO] [1785136835.195394066] [mhe_node]: [post-event] m_est=2.060 kg (T_phys=20.23N)
[INFO] [1785136835.296164232] [mhe_node]: [post-event] m_est=2.059 kg (T_phys=20.20N)
[INFO] [1785136835.396141644] [mhe_node]: [post-event] m_est=2.058 kg (T_phys=20.15N)
[INFO] [1785136835.496073901] [mhe_node]: [post-event] m_est=2.056 kg (T_phys=20.12N)
[INFO] [1785136835.595809667] [mhe_node]: [post-event] m_est=2.055 kg (T_phys=20.12N)
[INFO] [1785136835.695294831] [mhe_node]: [post-event] m_est=2.055 kg (T_phys=20.14N)
[INFO] [1785136835.796161101] [mhe_node]: [post-event] m_est=2.054 kg (T_phys=20.17N)
[INFO] [1785136835.895423930] [mhe_node]: [post-event] m_est=2.054 kg (T_phys=20.21N)
[INFO] [1785136835.995394521] [mhe_node]: [post-event] m_est=2.053 kg (T_phys=20.26N)
[INFO] [1785136836.096160779] [mhe_node]: [post-event] m_est=2.053 kg (T_phys=20.31N)
[INFO] [1785136837.097192950] [mhe_node]: MHE mass estimate: 2.045 kg (T_phys=20.29N)
[INFO] [1785136837.098107146] [mhe_node]: [tau_phys] roll=-0.004 pitch=-0.001 Nm
[INFO] [1785136839.096676950] [mhe_node]: MHE mass estimate: 2.059 kg (T_phys=20.37N)
[INFO] [1785136839.097656293] [mhe_node]: [tau_phys] roll=-0.001 pitch=+0.002 Nm
[INFO] [1785136841.097340790] [mhe_node]: MHE mass estimate: 2.051 kg (T_phys=20.36N)
[INFO] [1785136841.098316599] [mhe_node]: [tau_phys] roll=+0.004 pitch=-0.003 Nm
[INFO] [1785136843.096299535] [mhe_node]: MHE mass estimate: 2.058 kg (T_phys=20.19N)
[INFO] [1785136843.097311806] [mhe_node]: [tau_phys] roll=+0.003 pitch=-0.000 Nm
[ros2run]: Killed
