[INFO] [1783939132.603732001] [mhe_node]: MHE node starting, building/loading solver...
Code reuse possible, skipping code generation.
acados was compiled without OpenMP.
[INFO] [1783939132.611618759] [mhe_node]: weight schedule theta = [-4.00, 0.00, 0.00, 0.00], signal mode = external
[INFO] [1783939132.616556374] [mhe_node]: MHE node initialized! Waiting for odometry + control data...
[INFO] [1783939166.522555600] [mhe_node]: MHE mass estimate: 2.013 kg (T_phys=20.39N)
[INFO] [1783939168.520636804] [mhe_node]: MHE mass estimate: 2.040 kg (T_phys=20.06N)
[INFO] [1783939170.519646716] [mhe_node]: MHE mass estimate: 2.039 kg (T_phys=20.17N)
[INFO] [1783939172.521202429] [mhe_node]: MHE mass estimate: 2.057 kg (T_phys=20.15N)
[INFO] [1783939174.532820957] [mhe_node]: MHE mass estimate: 2.055 kg (T_phys=20.23N)
[INFO] [1783939176.530174234] [mhe_node]: MHE mass estimate: 2.061 kg (T_phys=20.20N)
[INFO] [1783939178.521493024] [mhe_node]: MHE mass estimate: 2.058 kg (T_phys=20.24N)
[INFO] [1783939180.521343808] [mhe_node]: MHE mass estimate: 2.056 kg (T_phys=20.35N)
[INFO] [1783939182.521509333] [mhe_node]: MHE mass estimate: 2.057 kg (T_phys=20.20N)
[INFO] [1783939184.525008250] [mhe_node]: MHE mass estimate: 2.048 kg (T_phys=20.23N)
[INFO] [1783939186.520971866] [mhe_node]: MHE mass estimate: 2.058 kg (T_phys=20.25N)
[INFO] [1783939188.521177762] [mhe_node]: MHE mass estimate: 2.056 kg (T_phys=20.05N)
[INFO] [1783939190.521930716] [mhe_node]: MHE mass estimate: 2.050 kg (T_phys=20.11N)
[INFO] [1783939192.531827304] [mhe_node]: MHE mass estimate: 2.060 kg (T_phys=20.17N)
[INFO] [1783939192.536969141] [mhe_node]: mass event [drop (wrench)] received at frame 300: armed, waiting for T_phys confirmation (baseline=20.17N, thresh=1.5N)
[INFO] [1783939192.619843789] [mhe_node]: [post-event] m_est=2.060 kg (T_phys=20.16N)
[INFO] [1783939192.719818465] [mhe_node]: [post-event] m_est=2.059 kg (T_phys=20.15N)
[INFO] [1783939192.821198864] [mhe_node]: [post-event] m_est=2.059 kg (T_phys=20.13N)
[INFO] [1783939192.919385318] [mhe_node]: [post-event] m_est=2.059 kg (T_phys=20.11N)
[INFO] [1783939193.021231287] [mhe_node]: [post-event] m_est=2.058 kg (T_phys=20.09N)
[INFO] [1783939193.121470965] [mhe_node]: [post-event] m_est=2.058 kg (T_phys=20.07N)
[INFO] [1783939193.230329143] [mhe_node]: [post-event] m_est=2.057 kg (T_phys=20.07N)
[INFO] [1783939193.320836886] [mhe_node]: [post-event] m_est=2.057 kg (T_phys=20.07N)
[INFO] [1783939193.420420561] [mhe_node]: [post-event] m_est=2.057 kg (T_phys=20.07N)
[INFO] [1783939193.531757280] [mhe_node]: [post-event] m_est=2.056 kg (T_phys=20.10N)
[INFO] [1783939193.621502582] [mhe_node]: [post-event] m_est=2.054 kg (T_phys=19.06N)
[INFO] [1783939193.716801378] [mhe_node]: mass event confirmed by T_phys (18.00N vs baseline 20.17N) at frame 311: de-weighting pre-event stages
[INFO] [1783939193.719821590] [mhe_node]: event transition started: pre-event stages de-weighted
[INFO] [1783939193.733259056] [mhe_node]: [transition] m_est=2.049 kg (T_phys=18.00N)
[INFO] [1783939193.832762306] [mhe_node]: [transition] m_est=2.013 kg (T_phys=16.87N)
[INFO] [1783939193.936499567] [mhe_node]: [transition] m_est=1.877 kg (T_phys=16.24N)
[INFO] [1783939194.034058989] [mhe_node]: [transition] m_est=1.804 kg (T_phys=16.28N)
[INFO] [1783939194.131598512] [mhe_node]: [transition] m_est=1.782 kg (T_phys=14.79N)
[INFO] [1783939194.222571896] [mhe_node]: [transition] m_est=1.777 kg (T_phys=14.90N)
[INFO] [1783939194.321466895] [mhe_node]: [transition] m_est=1.769 kg (T_phys=15.41N)
[INFO] [1783939194.422269262] [mhe_node]: [transition] m_est=1.766 kg (T_phys=16.33N)
[INFO] [1783939194.531991225] [mhe_node]: [transition] m_est=1.763 kg (T_phys=16.83N)
[INFO] [1783939194.533950485] [mhe_node]: MHE mass estimate: 1.763 kg (T_phys=16.83N)
[INFO] [1783939194.621468418] [mhe_node]: [transition] m_est=1.763 kg (T_phys=17.49N)
[INFO] [1783939194.720477329] [mhe_node]: [transition] m_est=1.762 kg (T_phys=17.91N)
[INFO] [1783939194.832100805] [mhe_node]: [transition] m_est=1.763 kg (T_phys=18.06N)
[INFO] [1783939194.921679236] [mhe_node]: [transition] m_est=1.763 kg (T_phys=18.05N)
[INFO] [1783939195.033871026] [mhe_node]: [transition] m_est=1.763 kg (T_phys=17.96N)
[INFO] [1783939195.122380674] [mhe_node]: [transition] m_est=1.763 kg (T_phys=17.82N)
[INFO] [1783939195.226326077] [mhe_node]: [transition] m_est=1.763 kg (T_phys=17.66N)
[INFO] [1783939195.326337630] [mhe_node]: [transition] m_est=1.763 kg (T_phys=17.53N)
[INFO] [1783939195.422310745] [mhe_node]: [transition] m_est=1.762 kg (T_phys=17.41N)
[INFO] [1783939195.525268506] [mhe_node]: [transition] m_est=1.762 kg (T_phys=17.36N)
[INFO] [1783939195.621973400] [mhe_node]: [transition] m_est=1.762 kg (T_phys=17.32N)
[INFO] [1783939195.722434346] [mhe_node]: event transition ended: nominal weights restored
[INFO] [1783939195.736039249] [mhe_node]: [post-event] m_est=1.762 kg (T_phys=17.29N)
[INFO] [1783939195.821337816] [mhe_node]: [post-event] m_est=1.762 kg (T_phys=17.28N)
[INFO] [1783939195.931807175] [mhe_node]: [post-event] m_est=1.763 kg (T_phys=17.31N)
[INFO] [1783939196.021626631] [mhe_node]: [post-event] m_est=1.763 kg (T_phys=17.31N)
[INFO] [1783939196.131656336] [mhe_node]: [post-event] m_est=1.763 kg (T_phys=17.32N)
[INFO] [1783939196.232115337] [mhe_node]: [post-event] m_est=1.764 kg (T_phys=17.37N)
[INFO] [1783939196.320863245] [mhe_node]: [post-event] m_est=1.764 kg (T_phys=17.37N)
[INFO] [1783939196.429815522] [mhe_node]: [post-event] m_est=1.764 kg (T_phys=17.40N)
[INFO] [1783939196.520726286] [mhe_node]: [post-event] m_est=1.764 kg (T_phys=17.39N)
[INFO] [1783939196.521463267] [mhe_node]: MHE mass estimate: 1.764 kg (T_phys=17.39N)
[INFO] [1783939196.630376064] [mhe_node]: [post-event] m_est=1.765 kg (T_phys=17.40N)
[INFO] [1783939196.720136415] [mhe_node]: [post-event] m_est=1.765 kg (T_phys=17.38N)
[INFO] [1783939196.820266012] [mhe_node]: [post-event] m_est=1.765 kg (T_phys=17.39N)
[INFO] [1783939196.920881461] [mhe_node]: [post-event] m_est=1.765 kg (T_phys=17.37N)
[INFO] [1783939197.028127362] [mhe_node]: [post-event] m_est=1.765 kg (T_phys=17.35N)
[INFO] [1783939197.120399597] [mhe_node]: [post-event] m_est=1.765 kg (T_phys=17.33N)
[INFO] [1783939197.229530039] [mhe_node]: [post-event] m_est=1.765 kg (T_phys=17.33N)
[INFO] [1783939197.320618240] [mhe_node]: [post-event] m_est=1.765 kg (T_phys=17.27N)
[INFO] [1783939197.429741218] [mhe_node]: [post-event] m_est=1.764 kg (T_phys=17.29N)
[INFO] [1783939197.530461936] [mhe_node]: [post-event] m_est=1.764 kg (T_phys=17.26N)
[INFO] [1783939197.621208593] [mhe_node]: [post-event] m_est=1.764 kg (T_phys=17.29N)
[INFO] [1783939197.731943637] [mhe_node]: [post-event] m_est=1.763 kg (T_phys=17.28N)
[INFO] [1783939197.831991486] [mhe_node]: [post-event] m_est=1.763 kg (T_phys=17.31N)
[INFO] [1783939197.921031973] [mhe_node]: [post-event] m_est=1.762 kg (T_phys=17.29N)
[INFO] [1783939198.021485225] [mhe_node]: [post-event] m_est=1.762 kg (T_phys=17.31N)
[INFO] [1783939198.121174746] [mhe_node]: [post-event] m_est=1.762 kg (T_phys=17.35N)
[INFO] [1783939198.229503451] [mhe_node]: [post-event] m_est=1.761 kg (T_phys=17.37N)
[INFO] [1783939198.321790560] [mhe_node]: [post-event] m_est=1.761 kg (T_phys=17.38N)
[INFO] [1783939198.431663600] [mhe_node]: [post-event] m_est=1.761 kg (T_phys=17.39N)
[INFO] [1783939198.521672309] [mhe_node]: [post-event] m_est=1.761 kg (T_phys=17.40N)
[INFO] [1783939198.522439499] [mhe_node]: MHE mass estimate: 1.761 kg (T_phys=17.40N)
[INFO] [1783939198.626601648] [mhe_node]: [post-event] m_est=1.760 kg (T_phys=17.39N)
[INFO] [1783939198.721580796] [mhe_node]: [post-event] m_est=1.760 kg (T_phys=17.38N)
[INFO] [1783939198.819339588] [mhe_node]: [post-event] m_est=1.760 kg (T_phys=17.37N)
[INFO] [1783939198.921167022] [mhe_node]: [post-event] m_est=1.760 kg (T_phys=17.35N)
[INFO] [1783939199.021388508] [mhe_node]: [post-event] m_est=1.760 kg (T_phys=17.33N)
[INFO] [1783939199.121426410] [mhe_node]: [post-event] m_est=1.760 kg (T_phys=17.31N)
[INFO] [1783939199.232323748] [mhe_node]: [post-event] m_est=1.760 kg (T_phys=17.30N)
[INFO] [1783939199.321467719] [mhe_node]: [post-event] m_est=1.760 kg (T_phys=17.29N)
[INFO] [1783939199.430259534] [mhe_node]: [post-event] m_est=1.760 kg (T_phys=17.33N)
[INFO] [1783939199.521044891] [mhe_node]: [post-event] m_est=1.760 kg (T_phys=17.34N)
[INFO] [1783939200.522219569] [mhe_node]: MHE mass estimate: 1.749 kg (T_phys=17.30N)
[INFO] [1783939202.521676407] [mhe_node]: MHE mass estimate: 1.761 kg (T_phys=17.36N)
[INFO] [1783939204.522339544] [mhe_node]: MHE mass estimate: 1.754 kg (T_phys=17.39N)
[INFO] [1783939206.532534954] [mhe_node]: MHE mass estimate: 1.760 kg (T_phys=17.31N)
[ros2run]: Killed
