[INFO] [1783941650.403649492] [mhe_node]: MHE node starting, building/loading solver...
Code reuse possible, skipping code generation.
acados was compiled without OpenMP.
[INFO] [1783941650.412353904] [mhe_node]: weight schedule theta = [-4.00, 0.00, 0.00, 0.00], signal mode = residual (residual self-trigger: thresh=1.5N persist=2 baseline_tau=3.0s)
[INFO] [1783941650.417369134] [mhe_node]: MHE node initialized! Waiting for odometry + control data...
[INFO] [1783941682.817818179] [mhe_node]: [no-signal] baseline settled at 20.07N (quiet 20 frames); detector armed
[INFO] [1783941684.523364051] [mhe_node]: MHE mass estimate: 2.007 kg (T_phys=20.26N)
[INFO] [1783941686.535361610] [mhe_node]: MHE mass estimate: 2.036 kg (T_phys=20.01N)
[INFO] [1783941688.524347749] [mhe_node]: MHE mass estimate: 2.033 kg (T_phys=20.19N)
[INFO] [1783941690.522382975] [mhe_node]: MHE mass estimate: 2.054 kg (T_phys=20.09N)
[INFO] [1783941692.535376169] [mhe_node]: MHE mass estimate: 2.053 kg (T_phys=20.20N)
[INFO] [1783941694.532964087] [mhe_node]: MHE mass estimate: 2.059 kg (T_phys=20.18N)
[INFO] [1783941696.533007597] [mhe_node]: MHE mass estimate: 2.056 kg (T_phys=20.29N)
[INFO] [1783941698.522934010] [mhe_node]: MHE mass estimate: 2.053 kg (T_phys=20.30N)
[INFO] [1783941700.524626860] [mhe_node]: MHE mass estimate: 2.055 kg (T_phys=20.15N)
[INFO] [1783941702.522970694] [mhe_node]: MHE mass estimate: 2.043 kg (T_phys=20.27N)
[INFO] [1783941704.527237917] [mhe_node]: MHE mass estimate: 2.058 kg (T_phys=20.19N)
[INFO] [1783941706.533149703] [mhe_node]: MHE mass estimate: 2.056 kg (T_phys=20.04N)
[INFO] [1783941708.533373258] [mhe_node]: MHE mass estimate: 2.047 kg (T_phys=20.14N)
[INFO] [1783941710.521871741] [mhe_node]: MHE mass estimate: 2.059 kg (T_phys=20.14N)
[INFO] [1783941710.522544975] [mhe_node]: mass event [drop (wrench)] received (no-signal ablation: external signal ignored for triggering, logging only; detection deferred to T_phys residual)
[INFO] [1783941710.620085548] [mhe_node]: [post-event] m_est=2.059 kg (T_phys=20.13N)
[INFO] [1783941710.721755120] [mhe_node]: [post-event] m_est=2.059 kg (T_phys=20.10N)
[INFO] [1783941710.821869961] [mhe_node]: [post-event] m_est=2.058 kg (T_phys=20.07N)
[INFO] [1783941710.922287214] [mhe_node]: [post-event] m_est=2.057 kg (T_phys=20.05N)
[INFO] [1783941711.032716110] [mhe_node]: [post-event] m_est=2.057 kg (T_phys=20.02N)
[INFO] [1783941711.121825220] [mhe_node]: [post-event] m_est=2.056 kg (T_phys=20.07N)
[INFO] [1783941711.225223787] [mhe_node]: [post-event] m_est=2.056 kg (T_phys=20.11N)
[INFO] [1783941711.319950512] [mhe_node]: [post-event] m_est=2.056 kg (T_phys=20.14N)
[INFO] [1783941711.422268070] [mhe_node]: [post-event] m_est=2.056 kg (T_phys=20.20N)
[INFO] [1783941711.522258296] [mhe_node]: [post-event] m_est=2.056 kg (T_phys=20.24N)
[INFO] [1783941711.622432363] [mhe_node]: [post-event] m_est=2.050 kg (T_phys=17.34N)
[INFO] [1783941711.717642395] [mhe_node]: [no-signal] mass mutation self-detected at frame 310: T_phys=14.47N vs baseline 20.14N (dev 5.67N > 1.5N over 2 frames); de-weighting pre-event stages
[INFO] [1783941711.719598955] [mhe_node]: event transition started: pre-event stages de-weighted
[INFO] [1783941711.724194424] [mhe_node]: [transition] m_est=1.974 kg (T_phys=14.47N)
[INFO] [1783941711.838769887] [mhe_node]: [transition] m_est=1.669 kg (T_phys=11.39N)
[INFO] [1783941711.932317578] [mhe_node]: [transition] m_est=1.508 kg (T_phys=9.30N)
[INFO] [1783941712.024814627] [mhe_node]: [transition] m_est=1.428 kg (T_phys=6.74N)
[INFO] [1783941712.125549130] [mhe_node]: [transition] m_est=1.370 kg (T_phys=7.29N)
[INFO] [1783941712.239941076] [mhe_node]: [transition] m_est=1.323 kg (T_phys=7.39N)
[INFO] [1783941712.324950504] [mhe_node]: [transition] m_est=1.279 kg (T_phys=9.30N)
[INFO] [1783941712.425715330] [mhe_node]: [transition] m_est=1.244 kg (T_phys=10.55N)
[INFO] [1783941712.525114334] [mhe_node]: [transition] m_est=1.218 kg (T_phys=11.31N)
[INFO] [1783941712.525848346] [mhe_node]: MHE mass estimate: 1.218 kg (T_phys=11.31N)
[INFO] [1783941712.625222900] [mhe_node]: [transition] m_est=1.202 kg (T_phys=11.69N)
[INFO] [1783941712.736838176] [mhe_node]: [transition] m_est=1.194 kg (T_phys=12.53N)
[INFO] [1783941712.837303761] [mhe_node]: [transition] m_est=1.190 kg (T_phys=13.06N)
[INFO] [1783941712.926392414] [mhe_node]: [transition] m_est=1.191 kg (T_phys=13.49N)
[INFO] [1783941713.024348901] [mhe_node]: [transition] m_est=1.194 kg (T_phys=13.66N)
[INFO] [1783941713.123649252] [mhe_node]: [transition] m_est=1.198 kg (T_phys=13.82N)
[INFO] [1783941713.234891279] [mhe_node]: [transition] m_est=1.203 kg (T_phys=13.76N)
[INFO] [1783941713.334754923] [mhe_node]: [transition] m_est=1.208 kg (T_phys=13.86N)
[INFO] [1783941713.435008543] [mhe_node]: [transition] m_est=1.212 kg (T_phys=13.44N)
[INFO] [1783941713.522458483] [mhe_node]: [transition] m_est=1.217 kg (T_phys=13.38N)
[INFO] [1783941713.619099933] [mhe_node]: event transition ended: nominal weights restored
[INFO] [1783941713.624473376] [mhe_node]: [post-event] m_est=1.221 kg (T_phys=13.12N)
[INFO] [1783941713.722937436] [mhe_node]: [post-event] m_est=1.225 kg (T_phys=12.68N)
[INFO] [1783941713.834867594] [mhe_node]: [post-event] m_est=1.232 kg (T_phys=12.45N)
[INFO] [1783941713.922798197] [mhe_node]: [post-event] m_est=1.240 kg (T_phys=12.29N)
[INFO] [1783941714.020423604] [mhe_node]: [post-event] m_est=1.249 kg (T_phys=12.24N)
[INFO] [1783941714.122373884] [mhe_node]: [post-event] m_est=1.257 kg (T_phys=12.21N)
[INFO] [1783941714.222792816] [mhe_node]: [post-event] m_est=1.264 kg (T_phys=12.23N)
[INFO] [1783941714.322896852] [mhe_node]: [post-event] m_est=1.268 kg (T_phys=12.27N)
[INFO] [1783941714.422453919] [mhe_node]: [post-event] m_est=1.270 kg (T_phys=12.31N)
[INFO] [1783941714.523161555] [mhe_node]: [post-event] m_est=1.271 kg (T_phys=12.34N)
[INFO] [1783941714.524032197] [mhe_node]: MHE mass estimate: 1.271 kg (T_phys=12.34N)
[INFO] [1783941714.622158471] [mhe_node]: [post-event] m_est=1.272 kg (T_phys=12.36N)
[INFO] [1783941714.719415940] [mhe_node]: [post-event] m_est=1.271 kg (T_phys=12.36N)
[INFO] [1783941714.821910434] [mhe_node]: [post-event] m_est=1.270 kg (T_phys=12.36N)
[INFO] [1783941714.922267743] [mhe_node]: [post-event] m_est=1.269 kg (T_phys=12.35N)
[INFO] [1783941715.022232736] [mhe_node]: [post-event] m_est=1.267 kg (T_phys=12.35N)
[INFO] [1783941715.121853756] [mhe_node]: [post-event] m_est=1.266 kg (T_phys=12.34N)
[INFO] [1783941715.222046590] [mhe_node]: [post-event] m_est=1.264 kg (T_phys=12.34N)
[INFO] [1783941715.322659215] [mhe_node]: [post-event] m_est=1.263 kg (T_phys=12.30N)
[INFO] [1783941715.421520969] [mhe_node]: [post-event] m_est=1.262 kg (T_phys=12.31N)
[INFO] [1783941715.533041043] [mhe_node]: [post-event] m_est=1.261 kg (T_phys=12.31N)
[INFO] [1783941715.632745688] [mhe_node]: [post-event] m_est=1.260 kg (T_phys=12.34N)
[INFO] [1783941715.718431012] [mhe_node]: [no-signal] baseline settled at 12.51N (quiet 20 frames); detector armed
[INFO] [1783941715.734005501] [mhe_node]: [post-event] m_est=1.260 kg (T_phys=12.36N)
[INFO] [1783941715.832656664] [mhe_node]: [post-event] m_est=1.260 kg (T_phys=12.38N)
[INFO] [1783941715.921859851] [mhe_node]: [post-event] m_est=1.260 kg (T_phys=12.43N)
[INFO] [1783941716.032499195] [mhe_node]: [post-event] m_est=1.260 kg (T_phys=12.45N)
[INFO] [1783941716.131102544] [mhe_node]: [post-event] m_est=1.260 kg (T_phys=12.45N)
[INFO] [1783941716.232895187] [mhe_node]: [post-event] m_est=1.260 kg (T_phys=12.49N)
[INFO] [1783941716.322035395] [mhe_node]: [post-event] m_est=1.260 kg (T_phys=12.50N)
[INFO] [1783941716.432779715] [mhe_node]: [post-event] m_est=1.261 kg (T_phys=12.52N)
[INFO] [1783941716.531622731] [mhe_node]: [post-event] m_est=1.261 kg (T_phys=12.52N)
[INFO] [1783941716.533807488] [mhe_node]: MHE mass estimate: 1.261 kg (T_phys=12.52N)
[INFO] [1783941716.631739874] [mhe_node]: [post-event] m_est=1.261 kg (T_phys=12.51N)
[INFO] [1783941716.722288812] [mhe_node]: [post-event] m_est=1.261 kg (T_phys=12.49N)
[INFO] [1783941716.821586085] [mhe_node]: [post-event] m_est=1.261 kg (T_phys=12.48N)
[INFO] [1783941716.931042257] [mhe_node]: [post-event] m_est=1.261 kg (T_phys=12.45N)
[INFO] [1783941717.019999020] [mhe_node]: [post-event] m_est=1.261 kg (T_phys=12.42N)
[INFO] [1783941717.122747131] [mhe_node]: [post-event] m_est=1.261 kg (T_phys=12.39N)
[INFO] [1783941717.222211450] [mhe_node]: [post-event] m_est=1.261 kg (T_phys=12.39N)
[INFO] [1783941717.332713084] [mhe_node]: [post-event] m_est=1.261 kg (T_phys=12.40N)
[INFO] [1783941717.422235122] [mhe_node]: [post-event] m_est=1.261 kg (T_phys=12.43N)
[INFO] [1783941717.522233477] [mhe_node]: [post-event] m_est=1.261 kg (T_phys=12.47N)
[INFO] [1783941718.525274545] [mhe_node]: MHE mass estimate: 1.249 kg (T_phys=12.31N)
[INFO] [1783941720.522152142] [mhe_node]: MHE mass estimate: 1.261 kg (T_phys=12.43N)
[INFO] [1783941722.523597205] [mhe_node]: MHE mass estimate: 1.259 kg (T_phys=12.52N)
[INFO] [1783941724.532780176] [mhe_node]: MHE mass estimate: 1.255 kg (T_phys=12.39N)
[ros2run]: Killed
