[INFO] [1785137285.149003123] [mhe_node]: MHE node starting, building/loading solver...
Code reuse possible, skipping code generation.
acados was compiled without OpenMP.
[INFO] [1785137285.157293607] [mhe_node]: weight schedule theta = [-4.00, 0.00, 0.00, 0.00], signal mode = residual (residual self-trigger: thresh=1.5N persist=2 baseline_tau=3.0s)
[INFO] [1785137285.162418496] [mhe_node]: MHE node initialized! Waiting for odometry + control data...
[INFO] [1785137317.262614316] [mhe_node]: [geom] payload_attached=False -> dJ=0.0000 c_xy=[+0.0000,+0.0000]
[INFO] [1785137317.562608359] [mhe_node]: [no-signal] baseline settled at 20.11N (quiet 20 frames); detector armed
[INFO] [1785137319.171642478] [mhe_node]: MHE mass estimate: 1.997 kg (T_phys=20.31N)
[INFO] [1785137319.172292877] [mhe_node]: [tau_phys] roll=-0.006 pitch=-0.002 Nm
[INFO] [1785137321.169297217] [mhe_node]: MHE mass estimate: 2.031 kg (T_phys=20.06N)
[INFO] [1785137321.170084292] [mhe_node]: [tau_phys] roll=-0.005 pitch=+0.001 Nm
[INFO] [1785137323.170688362] [mhe_node]: MHE mass estimate: 2.030 kg (T_phys=20.15N)
[INFO] [1785137323.171420500] [mhe_node]: [tau_phys] roll=-0.000 pitch=-0.003 Nm
[INFO] [1785137324.762552415] [mhe_node]: [no-signal] mass mutation self-detected at frame 94: T_phys=22.44N vs baseline 20.16N (dev 2.28N > 1.5N over 2 frames); de-weighting pre-event stages
[INFO] [1785137324.763965182] [mhe_node]: event transition started: pre-event stages de-weighted
[INFO] [1785137325.167751730] [mhe_node]: MHE mass estimate: 2.207 kg (T_phys=23.07N)
[INFO] [1785137325.168552690] [mhe_node]: [tau_phys] roll=+0.001 pitch=-0.002 Nm
[INFO] [1785137326.663984295] [mhe_node]: event transition ended: nominal weights restored
[INFO] [1785137327.167837735] [mhe_node]: MHE mass estimate: 2.254 kg (T_phys=22.28N)
[INFO] [1785137327.168466004] [mhe_node]: [tau_phys] roll=+0.003 pitch=-0.010 Nm
[INFO] [1785137328.762525877] [mhe_node]: [no-signal] baseline settled at 22.15N (quiet 20 frames); detector armed
[INFO] [1785137329.167384864] [mhe_node]: MHE mass estimate: 2.265 kg (T_phys=22.28N)
[INFO] [1785137329.168105771] [mhe_node]: [tau_phys] roll=-0.001 pitch=-0.001 Nm
[INFO] [1785137331.167468810] [mhe_node]: MHE mass estimate: 2.260 kg (T_phys=22.34N)
[INFO] [1785137331.168206966] [mhe_node]: [tau_phys] roll=+0.003 pitch=+0.002 Nm
[INFO] [1785137333.167617747] [mhe_node]: MHE mass estimate: 2.257 kg (T_phys=22.21N)
[INFO] [1785137333.168357090] [mhe_node]: [tau_phys] roll=-0.004 pitch=-0.003 Nm
[INFO] [1785137335.168158475] [mhe_node]: MHE mass estimate: 2.260 kg (T_phys=22.21N)
[INFO] [1785137335.168947978] [mhe_node]: [tau_phys] roll=-0.003 pitch=+0.002 Nm
[INFO] [1785137337.168456709] [mhe_node]: MHE mass estimate: 2.248 kg (T_phys=22.30N)
[INFO] [1785137337.169191443] [mhe_node]: [tau_phys] roll=-0.005 pitch=-0.003 Nm
[INFO] [1785137339.167059291] [mhe_node]: MHE mass estimate: 2.264 kg (T_phys=22.17N)
[INFO] [1785137339.167834553] [mhe_node]: [tau_phys] roll=-0.000 pitch=+0.001 Nm
[INFO] [1785137341.168010588] [mhe_node]: MHE mass estimate: 2.260 kg (T_phys=22.09N)
[INFO] [1785137341.168677537] [mhe_node]: [tau_phys] roll=+0.004 pitch=+0.008 Nm
[INFO] [1785137343.168502027] [mhe_node]: MHE mass estimate: 2.251 kg (T_phys=22.20N)
[INFO] [1785137343.169258111] [mhe_node]: [tau_phys] roll=+0.004 pitch=+0.001 Nm
[INFO] [1785137345.167576268] [mhe_node]: MHE mass estimate: 2.263 kg (T_phys=22.12N)
[INFO] [1785137345.168343629] [mhe_node]: [tau_phys] roll=+0.009 pitch=-0.003 Nm
[INFO] [1785137345.200462163] [mhe_node]: mass event [drop] received (no-signal ablation: external signal ignored for triggering, logging only; detection deferred to T_phys residual)
[INFO] [1785137345.267228767] [mhe_node]: [post-event] m_est=2.263 kg (T_phys=22.10N)
[INFO] [1785137345.367796048] [mhe_node]: [post-event] m_est=2.262 kg (T_phys=22.10N)
[INFO] [1785137345.466454523] [mhe_node]: [post-event] m_est=2.262 kg (T_phys=22.10N)
[INFO] [1785137345.566792256] [mhe_node]: [post-event] m_est=2.261 kg (T_phys=22.12N)
[INFO] [1785137345.667797322] [mhe_node]: [post-event] m_est=2.261 kg (T_phys=22.15N)
[INFO] [1785137345.768290265] [mhe_node]: [post-event] m_est=2.260 kg (T_phys=22.19N)
[INFO] [1785137345.867337060] [mhe_node]: [post-event] m_est=2.260 kg (T_phys=22.24N)
[INFO] [1785137345.967533227] [mhe_node]: [post-event] m_est=2.261 kg (T_phys=22.23N)
[INFO] [1785137346.064996109] [mhe_node]: [post-event] m_est=2.261 kg (T_phys=22.24N)
[INFO] [1785137346.167419176] [mhe_node]: [post-event] m_est=2.261 kg (T_phys=22.23N)
[INFO] [1785137346.267079298] [mhe_node]: [post-event] m_est=2.261 kg (T_phys=22.23N)
[INFO] [1785137346.367521249] [mhe_node]: [post-event] m_est=2.261 kg (T_phys=22.23N)
[INFO] [1785137346.468246414] [mhe_node]: [post-event] m_est=2.260 kg (T_phys=22.21N)
[INFO] [1785137346.568366404] [mhe_node]: [post-event] m_est=2.259 kg (T_phys=22.11N)
[INFO] [1785137346.667921682] [mhe_node]: [post-event] m_est=2.257 kg (T_phys=22.09N)
[INFO] [1785137346.767554039] [mhe_node]: [post-event] m_est=2.255 kg (T_phys=22.01N)
[INFO] [1785137346.867904856] [mhe_node]: [post-event] m_est=2.253 kg (T_phys=22.00N)
[INFO] [1785137346.968121401] [mhe_node]: [post-event] m_est=2.251 kg (T_phys=22.00N)
[INFO] [1785137347.068024321] [mhe_node]: [post-event] m_est=2.249 kg (T_phys=22.05N)
[INFO] [1785137347.165330169] [mhe_node]: [post-event] m_est=2.247 kg (T_phys=22.07N)
[INFO] [1785137347.165797050] [mhe_node]: MHE mass estimate: 2.247 kg (T_phys=22.07N)
[INFO] [1785137347.166179166] [mhe_node]: [tau_phys] roll=+0.001 pitch=+0.006 Nm
[INFO] [1785137347.267495343] [mhe_node]: [post-event] m_est=2.246 kg (T_phys=22.14N)
[INFO] [1785137347.367969961] [mhe_node]: [post-event] m_est=2.245 kg (T_phys=22.15N)
[INFO] [1785137347.467354688] [mhe_node]: [post-event] m_est=2.245 kg (T_phys=22.16N)
[INFO] [1785137347.568258586] [mhe_node]: [post-event] m_est=2.245 kg (T_phys=22.17N)
[INFO] [1785137347.668059979] [mhe_node]: [post-event] m_est=2.246 kg (T_phys=22.19N)
[INFO] [1785137347.767580600] [mhe_node]: [post-event] m_est=2.248 kg (T_phys=22.19N)
[INFO] [1785137347.868134886] [mhe_node]: [post-event] m_est=2.250 kg (T_phys=22.21N)
[INFO] [1785137347.968117786] [mhe_node]: [post-event] m_est=2.252 kg (T_phys=22.19N)
[INFO] [1785137348.065332792] [mhe_node]: [post-event] m_est=2.255 kg (T_phys=22.21N)
[INFO] [1785137348.168351503] [mhe_node]: [post-event] m_est=2.257 kg (T_phys=22.21N)
[INFO] [1785137348.267420677] [mhe_node]: [post-event] m_est=2.259 kg (T_phys=22.22N)
[INFO] [1785137348.368188838] [mhe_node]: [post-event] m_est=2.260 kg (T_phys=22.20N)
[INFO] [1785137348.467456655] [mhe_node]: [post-event] m_est=2.261 kg (T_phys=22.18N)
[INFO] [1785137348.567473238] [mhe_node]: [post-event] m_est=2.261 kg (T_phys=22.16N)
[INFO] [1785137348.666918324] [mhe_node]: [post-event] m_est=2.262 kg (T_phys=22.17N)
[INFO] [1785137348.766791506] [mhe_node]: [post-event] m_est=2.262 kg (T_phys=22.16N)
[INFO] [1785137348.866547247] [mhe_node]: [post-event] m_est=2.262 kg (T_phys=22.18N)
[INFO] [1785137348.966431636] [mhe_node]: [post-event] m_est=2.262 kg (T_phys=22.18N)
[INFO] [1785137349.066530201] [mhe_node]: [post-event] m_est=2.262 kg (T_phys=22.20N)
[INFO] [1785137349.166255954] [mhe_node]: [post-event] m_est=2.262 kg (T_phys=22.22N)
[INFO] [1785137349.167006567] [mhe_node]: MHE mass estimate: 2.262 kg (T_phys=22.22N)
[INFO] [1785137349.167650587] [mhe_node]: [tau_phys] roll=-0.003 pitch=+0.004 Nm
[INFO] [1785137349.266661849] [mhe_node]: [post-event] m_est=2.263 kg (T_phys=22.24N)
[INFO] [1785137349.366681689] [mhe_node]: [post-event] m_est=2.263 kg (T_phys=22.22N)
[INFO] [1785137349.467086294] [mhe_node]: [post-event] m_est=2.263 kg (T_phys=22.23N)
[INFO] [1785137349.566630980] [mhe_node]: [post-event] m_est=2.263 kg (T_phys=22.24N)
[INFO] [1785137349.666513627] [mhe_node]: [post-event] m_est=2.264 kg (T_phys=22.27N)
[INFO] [1785137349.766315498] [mhe_node]: [post-event] m_est=2.264 kg (T_phys=22.27N)
[INFO] [1785137349.866171387] [mhe_node]: [post-event] m_est=2.264 kg (T_phys=22.30N)
[INFO] [1785137349.966469248] [mhe_node]: [post-event] m_est=2.264 kg (T_phys=22.31N)
[INFO] [1785137350.065453138] [mhe_node]: [post-event] m_est=2.265 kg (T_phys=22.34N)
[INFO] [1785137350.167000213] [mhe_node]: [post-event] m_est=2.265 kg (T_phys=22.36N)
[INFO] [1785137350.267319594] [mhe_node]: [post-event] m_est=2.265 kg (T_phys=22.32N)
[INFO] [1785137350.366276257] [mhe_node]: [post-event] m_est=2.265 kg (T_phys=22.30N)
[INFO] [1785137350.467624946] [mhe_node]: [post-event] m_est=2.265 kg (T_phys=22.29N)
[INFO] [1785137350.567323798] [mhe_node]: [post-event] m_est=2.265 kg (T_phys=22.28N)
[INFO] [1785137350.667639641] [mhe_node]: [post-event] m_est=2.265 kg (T_phys=22.28N)
[INFO] [1785137350.767404683] [mhe_node]: [post-event] m_est=2.265 kg (T_phys=22.29N)
[INFO] [1785137350.867333406] [mhe_node]: [post-event] m_est=2.264 kg (T_phys=22.31N)
[INFO] [1785137350.967459915] [mhe_node]: [post-event] m_est=2.264 kg (T_phys=22.32N)
[INFO] [1785137351.067463909] [mhe_node]: [post-event] m_est=2.264 kg (T_phys=22.33N)
[INFO] [1785137351.167003062] [mhe_node]: [post-event] m_est=2.263 kg (T_phys=22.28N)
[INFO] [1785137351.167764793] [mhe_node]: MHE mass estimate: 2.263 kg (T_phys=22.28N)
[INFO] [1785137351.168434867] [mhe_node]: [tau_phys] roll=+0.000 pitch=+0.001 Nm
[INFO] [1785137351.267515392] [mhe_node]: [post-event] m_est=2.262 kg (T_phys=22.26N)
[INFO] [1785137351.367478637] [mhe_node]: [post-event] m_est=2.261 kg (T_phys=22.22N)
[INFO] [1785137351.467903211] [mhe_node]: [post-event] m_est=2.260 kg (T_phys=22.19N)
[INFO] [1785137351.568156864] [mhe_node]: [post-event] m_est=2.260 kg (T_phys=22.17N)
[INFO] [1785137351.667126853] [mhe_node]: [post-event] m_est=2.259 kg (T_phys=22.19N)
[INFO] [1785137351.769099162] [mhe_node]: [post-event] m_est=2.258 kg (T_phys=22.25N)
[INFO] [1785137351.868772532] [mhe_node]: [post-event] m_est=2.258 kg (T_phys=22.29N)
[INFO] [1785137351.967645516] [mhe_node]: [post-event] m_est=2.258 kg (T_phys=22.34N)
[INFO] [1785137352.064953960] [mhe_node]: [post-event] m_est=2.258 kg (T_phys=22.39N)
[INFO] [1785137352.167437560] [mhe_node]: [post-event] m_est=2.257 kg (T_phys=22.41N)
[INFO] [1785137353.165447192] [mhe_node]: MHE mass estimate: 2.247 kg (T_phys=22.23N)
[INFO] [1785137353.165856924] [mhe_node]: [tau_phys] roll=-0.001 pitch=+0.002 Nm
[INFO] [1785137355.167138242] [mhe_node]: MHE mass estimate: 2.262 kg (T_phys=22.41N)
[INFO] [1785137355.167830952] [mhe_node]: [tau_phys] roll=-0.005 pitch=-0.002 Nm
[INFO] [1785137357.168102559] [mhe_node]: MHE mass estimate: 2.254 kg (T_phys=22.35N)
[INFO] [1785137357.168843224] [mhe_node]: [tau_phys] roll=+0.009 pitch=-0.000 Nm
[INFO] [1785137359.166686134] [mhe_node]: MHE mass estimate: 2.261 kg (T_phys=22.21N)
[INFO] [1785137359.167332272] [mhe_node]: [tau_phys] roll=+0.001 pitch=+0.000 Nm
[ros2run]: Killed
